[GIN-debug] [WARNING] Creating an Engine instance with the Logger and Recovery middleware already attached.

[GIN-debug] [WARNING] Running in "debug" mode. Switch to "release" mode in production.
 - using env:	export GIN_MODE=release
 - using code:	gin.SetMode(gin.ReleaseMode)

[GIN-debug] POST   /getResult                --> main.main.func1 (3 handlers)
[GIN-debug] POST   /getBlockChainResult      --> main.main.func2 (3 handlers)
[GIN-debug] Listening and serving HTTP on :9205
[2019-12-27 12:26:51] 自開彩開獎  {988071 4 6 true} 
SqlString  SELECT RTP,Amount,Bonus  FROM M_RtpSetting  WHERE Sid = 1   AND State = 1   AND LTG_Code = 4 AND Gid = 6


[31m2019/12/27 12:26:51 [Recovery] 2019/12/27 - 12:26:51 panic recovered:
POST /getResult HTTP/1.1
Host: 192.168.66.19:9205
Accept: */*
Accept-Encoding: gzip, deflate
Accept-Language: zh-TW,zh;q=0.9,en-US;q=0.8,en;q=0.7
Cache-Control: no-cache
Connection: keep-alive
Content-Length: 55
Content-Type: text/plain;charset=UTF-8
Origin: chrome-extension://fhbjgbiflinjbdggehcddcbncdddomop
Postman-Token: 27902a97-0dd0-cb82-5a3f-30bf77bd5dce
User-Agent: Mozilla/5.0 (Windows NT 10.0; Win64; x64) AppleWebKit/537.36 (KHTML, like Gecko) Chrome/78.0.3904.108 Safari/537.36


Error 1146: Table 'TYLT_MEM.M_RtpSetting' doesn't exist
C:/Go/src/runtime/panic.go:513 (0x42a558)
C:/Users/kyle/goPath/src/getReslut/public/dbConnect/dbConnect.go:276 (0x694993)
C:/Users/kyle/goPath/src/getReslut/public/dbConnect/dbConnect.go:152 (0x694993)
C:/Users/kyle/goPath/src/getReslut/server.go:51 (0xa17db7)
C:/Users/kyle/goPath/src/github.com/gin-gonic/gin/context.go:124 (0xa02a29)
C:/Users/kyle/goPath/src/github.com/gin-gonic/gin/recovery.go:83 (0xa15c69)
C:/Users/kyle/goPath/src/github.com/gin-gonic/gin/context.go:124 (0xa02a29)
C:/Users/kyle/goPath/src/github.com/gin-gonic/gin/logger.go:240 (0xa14dd0)
C:/Users/kyle/goPath/src/github.com/gin-gonic/gin/context.go:124 (0xa02a29)
C:/Users/kyle/goPath/src/github.com/gin-gonic/gin/gin.go:389 (0xa0c114)
C:/Users/kyle/goPath/src/github.com/gin-gonic/gin/gin.go:351 (0xa0b941)
C:/Go/src/net/http/server.go:2741 (0x80a24a)
C:/Go/src/net/http/server.go:1847 (0x806495)
C:/Go/src/runtime/asm_amd64.s:1333 (0x4572e0)
[0m
[GIN] 2019/12/27 - 12:26:51 | 500 |    2.278569ms |  192.168.66.251 | POST     /getResult
[2019-12-27 13:13:42] 自開彩開獎  {988071 4 6 true} 
SqlString  SELECT RTP,Amount,Bonus  FROM M_RtpSetting  WHERE Sid = 1   AND State = 1   AND LTG_Code = 4 AND Gid = 6


[31m2019/12/27 13:13:42 [Recovery] 2019/12/27 - 13:13:42 panic recovered:
POST /getResult HTTP/1.1
Host: 192.168.66.19:9205
Accept: */*
Accept-Encoding: gzip, deflate
Accept-Language: zh-TW,zh;q=0.9,en-US;q=0.8,en;q=0.7
Cache-Control: no-cache
Connection: keep-alive
Content-Length: 55
Content-Type: text/plain;charset=UTF-8
Origin: chrome-extension://fhbjgbiflinjbdggehcddcbncdddomop
Postman-Token: c0870c64-3d4f-5e24-7aea-cd31416a758b
User-Agent: Mozilla/5.0 (Windows NT 10.0; Win64; x64) AppleWebKit/537.36 (KHTML, like Gecko) Chrome/78.0.3904.108 Safari/537.36


Error 1146: Table 'TYLT_MEM.M_RtpSetting' doesn't exist
C:/Go/src/runtime/panic.go:513 (0x42a558)
C:/Users/kyle/goPath/src/getReslut/public/dbConnect/dbConnect.go:276 (0x694993)
C:/Users/kyle/goPath/src/getReslut/public/dbConnect/dbConnect.go:152 (0x694993)
C:/Users/kyle/goPath/src/getReslut/server.go:51 (0xa17db7)
C:/Users/kyle/goPath/src/github.com/gin-gonic/gin/context.go:124 (0xa02a29)
C:/Users/kyle/goPath/src/github.com/gin-gonic/gin/recovery.go:83 (0xa15c69)
C:/Users/kyle/goPath/src/github.com/gin-gonic/gin/context.go:124 (0xa02a29)
C:/Users/kyle/goPath/src/github.com/gin-gonic/gin/logger.go:240 (0xa14dd0)
C:/Users/kyle/goPath/src/github.com/gin-gonic/gin/context.go:124 (0xa02a29)
C:/Users/kyle/goPath/src/github.com/gin-gonic/gin/gin.go:389 (0xa0c114)
C:/Users/kyle/goPath/src/github.com/gin-gonic/gin/gin.go:351 (0xa0b941)
C:/Go/src/net/http/server.go:2741 (0x80a24a)
C:/Go/src/net/http/server.go:1847 (0x806495)
C:/Go/src/runtime/asm_amd64.s:1333 (0x4572e0)
[0m
[GIN] 2019/12/27 - 13:13:42 | 500 |    1.794386ms |  192.168.66.251 | POST     /getResult
[2019-12-27 14:43:35] 自開彩開獎  {201912251025 2 26 true} 
SqlString  SELECT RTP,Amount,Bonus  FROM M_RtpSetting  WHERE Sid = 1   AND State = 1   AND LTG_Code = 2 AND Gid = 26
sqlResult   map[count:0 state:0 result:]
[2019-12-27 14:43:35] rtpData ------->   map[state:0 result: count:0] 
[GIN] 2019/12/27 - 14:43:35 | 200 |     2.69361ms |  192.168.66.248 | POST     /getResult
[2019-12-27 14:43:38] 自開彩開獎  {201912251025 2 26 true} 
SqlString  SELECT RTP,Amount,Bonus  FROM M_RtpSetting  WHERE Sid = 1   AND State = 1   AND LTG_Code = 2 AND Gid = 26
sqlResult   map[state:0 result: count:0]
[2019-12-27 14:43:38] rtpData ------->   map[count:0 state:0 result:] 
[GIN] 2019/12/27 - 14:43:38 | 200 |    1.561549ms |  192.168.66.248 | POST     /getResult
[2019-12-27 14:43:47] 自開彩開獎  {201912251025 2 26 true} 
SqlString  SELECT RTP,Amount,Bonus  FROM M_RtpSetting  WHERE Sid = 1   AND State = 1   AND LTG_Code = 2 AND Gid = 26
sqlResult   map[result: count:0 state:0]
[2019-12-27 14:43:47] rtpData ------->   map[result: count:0 state:0] 
[GIN] 2019/12/27 - 14:43:47 | 200 |    1.348098ms |  192.168.66.248 | POST     /getResult
[2019-12-27 14:44:00] 自開彩開獎  {201912251025 2 26 true} 
SqlString  SELECT RTP,Amount,Bonus  FROM M_RtpSetting  WHERE Sid = 1   AND State = 1   AND LTG_Code = 2 AND Gid = 26
sqlResult   map[result: count:0 state:0]
[2019-12-27 14:44:00] rtpData ------->   map[result: count:0 state:0] 
[GIN] 2019/12/27 - 14:44:00 | 200 |    1.457959ms |  192.168.66.248 | POST     /getResult
[2019-12-27 14:44:35] 自開彩開獎  {201912270886 2 26 true} 
SqlString  SELECT RTP,Amount,Bonus  FROM M_RtpSetting  WHERE Sid = 1   AND State = 1   AND LTG_Code = 2 AND Gid = 26
sqlResult   map[state:0 result: count:0]
[2019-12-27 14:44:35] rtpData ------->   map[result: count:0 state:0] 
[GIN] 2019/12/27 - 14:44:35 | 200 |    1.936463ms |  192.168.66.248 | POST     /getResult
[2019-12-27 14:45:27] 自開彩開獎  {201912270886 2 26 true} 
SqlString  SELECT RTP,Amount,Bonus  FROM M_RtpSetting  WHERE Sid = 1   AND State = 1   AND LTG_Code = 2 AND Gid = 26
sqlResult   map[result: count:0 state:0]
[2019-12-27 14:45:27] rtpData ------->   map[result: count:0 state:0] 
[GIN] 2019/12/27 - 14:45:27 | 200 |    1.611802ms |  192.168.66.248 | POST     /getResult
[2019-12-27 14:45:28] 自開彩開獎  {201912270886 2 26 true} 
SqlString  SELECT RTP,Amount,Bonus  FROM M_RtpSetting  WHERE Sid = 1   AND State = 1   AND LTG_Code = 2 AND Gid = 26
sqlResult   map[result: count:0 state:0]
[2019-12-27 14:45:28] rtpData ------->   map[result: count:0 state:0] 
[GIN] 2019/12/27 - 14:45:28 | 200 |    1.535513ms |  192.168.66.248 | POST     /getResult
[2019-12-27 14:46:01] 自開彩開獎  {201912270887 2 26 true} 
SqlString  SELECT RTP,Amount,Bonus  FROM M_RtpSetting  WHERE Sid = 1   AND State = 1   AND LTG_Code = 2 AND Gid = 26
sqlResult   map[result: count:0 state:0]
[2019-12-27 14:46:01] rtpData ------->   map[result: count:0 state:0] 
[GIN] 2019/12/27 - 14:46:01 | 200 |    1.617426ms |   192.168.66.17 | POST     /getResult
[2019-12-27 14:46:28] 自開彩開獎  {201912270886 2 26 true} 
SqlString  SELECT RTP,Amount,Bonus  FROM M_RtpSetting  WHERE Sid = 1   AND State = 1   AND LTG_Code = 2 AND Gid = 26
sqlResult   map[state:0 result: count:0]
[2019-12-27 14:46:28] rtpData ------->   map[result: count:0 state:0] 
[GIN] 2019/12/27 - 14:46:28 | 200 |    1.689556ms |  192.168.66.248 | POST     /getResult
[2019-12-27 14:46:29] 自開彩開獎  {201912270886 2 26 true} 
SqlString  SELECT RTP,Amount,Bonus  FROM M_RtpSetting  WHERE Sid = 1   AND State = 1   AND LTG_Code = 2 AND Gid = 26
sqlResult   map[count:0 state:0 result:]
[2019-12-27 14:46:29] rtpData ------->   map[result: count:0 state:0] 
[GIN] 2019/12/27 - 14:46:29 | 200 |    1.499085ms |  192.168.66.248 | POST     /getResult
[2019-12-27 16:54:15] 自開彩開獎  {201912270886 2 26 true} 
SqlString  SELECT RTP,Amount,Bonus  FROM M_RtpSetting  WHERE Sid = 1   AND State = 1   AND LTG_Code = 2 AND Gid = 26
sqlResult   map[state:0 result: count:0]
[2019-12-27 16:54:15] rtpData ------->   map[result: count:0 state:0] 
[GIN] 2019/12/27 - 16:54:15 | 200 |    1.438495ms |  192.168.66.248 | POST     /getResult
[2019-12-27 16:54:16] 自開彩開獎  {201912270886 2 26 true} 
SqlString  SELECT RTP,Amount,Bonus  FROM M_RtpSetting  WHERE Sid = 1   AND State = 1   AND LTG_Code = 2 AND Gid = 26
sqlResult   map[state:0 result: count:0]
[2019-12-27 16:54:16] rtpData ------->   map[state:0 result: count:0] 
[GIN] 2019/12/27 - 16:54:16 | 200 |    1.465445ms |  192.168.66.248 | POST     /getResult
[2019-12-27 16:54:17] 自開彩開獎  {201912270886 2 26 true} 
SqlString  SELECT RTP,Amount,Bonus  FROM M_RtpSetting  WHERE Sid = 1   AND State = 1   AND LTG_Code = 2 AND Gid = 26
sqlResult   map[result: count:0 state:0]
[2019-12-27 16:54:17] rtpData ------->   map[result: count:0 state:0] 
[GIN] 2019/12/27 - 16:54:17 | 200 |    1.402629ms |  192.168.66.248 | POST     /getResult
[2019-12-27 17:15:29] 自開彩開獎  {201912270886 2 26 true} 
SqlString  SELECT RTP,Amount,Bonus  FROM M_RtpSetting  WHERE Sid = 1   AND State = 1   AND LTG_Code = 2 AND Gid = 26
sqlResult   map[state:0 result: count:0]
[2019-12-27 17:15:29] rtpData ------->   map[result: count:0 state:0] 
[GIN] 2019/12/27 - 17:15:29 | 200 |    1.699756ms |  192.168.66.248 | POST     /getResult
[2019-12-27 17:18:00] 自開彩開獎  {201912271039 2 26 true} 
SqlString  SELECT RTP,Amount,Bonus  FROM M_RtpSetting  WHERE Sid = 1   AND State = 1   AND LTG_Code = 2 AND Gid = 26
sqlResult   map[result: count:0 state:0]
[2019-12-27 17:18:00] rtpData ------->   map[state:0 result: count:0] 
[GIN] 2019/12/27 - 17:18:00 | 200 |    1.771892ms |   192.168.66.17 | POST     /getResult
[2019-12-27 17:18:00] 自開彩開獎  {20191227347 2 27 true} 
SqlString  SELECT RTP,Amount,Bonus  FROM M_RtpSetting  WHERE Sid = 1   AND State = 1   AND LTG_Code = 2 AND Gid = 27
[2019-12-27 17:18:00] 自開彩開獎  {201912270347 2 35 true} 
SqlString  SELECT RTP,Amount,Bonus  FROM M_RtpSetting  WHERE Sid = 1   AND State = 1   AND LTG_Code = 2 AND Gid = 35
[2019-12-27 17:18:00] 自開彩開獎  {201912270347 6 37 true} 
[2019-12-27 17:18:00] 自開彩開獎  {201912271039 1 34 true} 
SqlString  SELECT RTP,Amount,Bonus  FROM M_RtpSetting  WHERE Sid = 1   AND State = 1   AND LTG_Code = 1 AND Gid = 34
SqlString  SELECT RTP,Amount,Bonus  FROM M_RtpSetting  WHERE Sid = 1   AND State = 1   AND LTG_Code = 6 AND Gid = 37
[2019-12-27 17:18:00] 自開彩開獎  {201912271039 4 40 true} 
SqlString  SELECT RTP,Amount,Bonus  FROM M_RtpSetting  WHERE Sid = 1   AND State = 1   AND LTG_Code = 4 AND Gid = 40
[2019-12-27 17:18:00] 自開彩開獎  {201912271039 6 36 true} 
sqlResult   map[result: count:0 state:0]
[2019-12-27 17:18:00] rtpData ------->   map[result: count:0 state:0] 
sqlResult   map[state:0 result: count:0]
[GIN] 2019/12/27 - 17:18:00 | 200 |    1.278355ms |   192.168.66.17 | POST     /getResult
[2019-12-27 17:18:00] rtpData ------->   map[result: count:0 state:0] 
[2019-12-27 17:18:00] 自開彩開獎  {201912270347 4 41 true} 
[2019-12-27 17:18:00] 自開彩開獎  {201912271039 5 38 true} 
sqlResult   map[state:0 result: count:0]
[2019-12-27 17:18:00] rtpData ------->   map[result: count:0 state:0] 
[GIN] 2019/12/27 - 17:18:00 | 200 |    1.632321ms |   192.168.66.17 | POST     /getResult
SqlString  SELECT RTP,Amount,Bonus  FROM M_RtpSetting  WHERE Sid = 1   AND State = 1   AND LTG_Code = 4 AND Gid = 41
[GIN] 2019/12/27 - 17:18:00 | 200 |    1.577557ms |   192.168.66.17 | POST     /getResult
SqlString  SELECT RTP,Amount,Bonus  FROM M_RtpSetting  WHERE Sid = 1   AND State = 1   AND LTG_Code = 6 AND Gid = 36
sqlResult   map[result: count:0 state:0]
[2019-12-27 17:18:00] rtpData ------->   map[state:0 result: count:0] 
SqlString  SELECT RTP,Amount,Bonus  FROM M_RtpSetting  WHERE Sid = 1   AND State = 1   AND LTG_Code = 5 AND Gid = 38
[GIN] 2019/12/27 - 17:18:00 | 200 |     2.03211ms |   192.168.66.17 | POST     /getResult
sqlResult   map[result: count:0 state:0]
[2019-12-27 17:18:00] rtpData ------->   map[result: count:0 state:0] 
[GIN] 2019/12/27 - 17:18:00 | 200 |    2.240178ms |   192.168.66.17 | POST     /getResult
sqlResult   map[count:0 state:0 result:]
[2019-12-27 17:18:00] rtpData ------->   map[result: count:0 state:0] 
[GIN] 2019/12/27 - 17:18:00 | 200 |    1.682221ms |   192.168.66.17 | POST     /getResult
sqlResult   map[result: count:0 state:0]
sqlResult   map[state:0 result: count:0]
[2019-12-27 17:18:00] rtpData ------->   map[state:0 result: count:0] 
[GIN] 2019/12/27 - 17:18:00 | 200 |    3.134796ms |   192.168.66.17 | POST     /getResult
[2019-12-27 17:18:00] rtpData ------->   map[count:0 state:0 result:] 
[GIN] 2019/12/27 - 17:18:00 | 200 |    1.938883ms |   192.168.66.17 | POST     /getResult
[2019-12-27 17:18:06] 自開彩開獎  {201912271039 1 34 true} 
SqlString  SELECT RTP,Amount,Bonus  FROM M_RtpSetting  WHERE Sid = 1   AND State = 1   AND LTG_Code = 1 AND Gid = 34
sqlResult   map[count:0 state:0 result:]
[2019-12-27 17:18:06] rtpData ------->   map[result: count:0 state:0] 
[GIN] 2019/12/27 - 17:18:06 | 200 |    1.740373ms |   192.168.66.17 | POST     /getResult
[2019-12-27 17:18:06] 自開彩開獎  {201912270347 2 35 true} 
SqlString  SELECT RTP,Amount,Bonus  FROM M_RtpSetting  WHERE Sid = 1   AND State = 1   AND LTG_Code = 2 AND Gid = 35
[2019-12-27 17:18:06] 自開彩開獎  {201912270347 6 37 true} 
SqlString  SELECT RTP,Amount,Bonus  FROM M_RtpSetting  WHERE Sid = 1   AND State = 1   AND LTG_Code = 6 AND Gid = 37
[2019-12-27 17:18:06] 自開彩開獎  {201912271039 6 36 true} 
[2019-12-27 17:18:06] 自開彩開獎  {201912271039 5 38 true} 
SqlString  SELECT RTP,Amount,Bonus  FROM M_RtpSetting  WHERE Sid = 1   AND State = 1   AND LTG_Code = 6 AND Gid = 36
SqlString  SELECT RTP,Amount,Bonus  FROM M_RtpSetting  WHERE Sid = 1   AND State = 1   AND LTG_Code = 5 AND Gid = 38
[2019-12-27 17:18:06] 自開彩開獎  {201912271039 4 40 true} 
SqlString  SELECT RTP,Amount,Bonus  FROM M_RtpSetting  WHERE Sid = 1   AND State = 1   AND LTG_Code = 4 AND Gid = 40
[2019-12-27 17:18:06] 自開彩開獎  {201912270347 4 41 true} 
SqlString  SELECT RTP,Amount,Bonus  FROM M_RtpSetting  WHERE Sid = 1   AND State = 1   AND LTG_Code = 4 AND Gid = 41
sqlResult   map[count:0 state:0 result:]
sqlResult   map[state:0 result: count:0]
[2019-12-27 17:18:06] rtpData ------->   map[result: count:0 state:0] 
[2019-12-27 17:18:06] rtpData ------->   map[count:0 state:0 result:] 
[GIN] 2019/12/27 - 17:18:06 | 200 |    2.226109ms |   192.168.66.17 | POST     /getResult
[GIN] 2019/12/27 - 17:18:06 | 200 |    2.332755ms |   192.168.66.17 | POST     /getResult
sqlResult   map[result: count:0 state:0]
[2019-12-27 17:18:06] rtpData ------->   map[result: count:0 state:0] 
sqlResult   map[count:0 state:0 result:]
[2019-12-27 17:18:06] rtpData ------->   map[result: count:0 state:0] 
[GIN] 2019/12/27 - 17:18:06 | 200 |    2.635681ms |   192.168.66.17 | POST     /getResult
[GIN] 2019/12/27 - 17:18:06 | 200 |    2.775504ms |   192.168.66.17 | POST     /getResult
sqlResult   map[result: count:0 state:0]
[2019-12-27 17:18:06] rtpData ------->   map[result: count:0 state:0] 
[GIN] 2019/12/27 - 17:18:06 | 200 |    2.823861ms |   192.168.66.17 | POST     /getResult
sqlResult   map[result: count:0 state:0]
[2019-12-27 17:18:06] rtpData ------->   map[state:0 result: count:0] 
[GIN] 2019/12/27 - 17:18:06 | 200 |    2.870834ms |   192.168.66.17 | POST     /getResult
[2019-12-27 17:18:12] 自開彩開獎  {201912271039 1 34 true} 
SqlString  SELECT RTP,Amount,Bonus  FROM M_RtpSetting  WHERE Sid = 1   AND State = 1   AND LTG_Code = 1 AND Gid = 34
sqlResult   map[result: count:0 state:0]
[2019-12-27 17:18:12] rtpData ------->   map[count:0 state:0 result:] 
[GIN] 2019/12/27 - 17:18:12 | 200 |    1.446822ms |   192.168.66.17 | POST     /getResult
[2019-12-27 17:18:12] 自開彩開獎  {201912270347 2 35 true} 
SqlString  SELECT RTP,Amount,Bonus  FROM M_RtpSetting  WHERE Sid = 1   AND State = 1   AND LTG_Code = 2 AND Gid = 35
sqlResult   map[result: count:0 state:0]
[2019-12-27 17:18:12] rtpData ------->   map[result: count:0 state:0] 
[GIN] 2019/12/27 - 17:18:12 | 200 |    1.276989ms |   192.168.66.17 | POST     /getResult
[2019-12-27 17:18:12] 自開彩開獎  {201912271039 6 36 true} 
SqlString  SELECT RTP,Amount,Bonus  FROM M_RtpSetting  WHERE Sid = 1   AND State = 1   AND LTG_Code = 6 AND Gid = 36
[2019-12-27 17:18:12] 自開彩開獎  {201912271039 4 40 true} 
SqlString  SELECT RTP,Amount,Bonus  FROM M_RtpSetting  WHERE Sid = 1   AND State = 1   AND LTG_Code = 4 AND Gid = 40
[2019-12-27 17:18:12] 自開彩開獎  {201912271039 5 38 true} 
[2019-12-27 17:18:12] 自開彩開獎  {201912270347 4 41 true} 
SqlString  SELECT RTP,Amount,Bonus  FROM M_RtpSetting  WHERE Sid = 1   AND State = 1   AND LTG_Code = 4 AND Gid = 41
[2019-12-27 17:18:12] 自開彩開獎  {201912270347 6 37 true} 
SqlString  SELECT RTP,Amount,Bonus  FROM M_RtpSetting  WHERE Sid = 1   AND State = 1   AND LTG_Code = 6 AND Gid = 37
SqlString  SELECT RTP,Amount,Bonus  FROM M_RtpSetting  WHERE Sid = 1   AND State = 1   AND LTG_Code = 5 AND Gid = 38
sqlResult   map[state:0 result: count:0]
[2019-12-27 17:18:12] rtpData ------->   map[result: count:0 state:0] 
[GIN] 2019/12/27 - 17:18:12 | 200 |    1.376267ms |   192.168.66.17 | POST     /getResult
sqlResult   map[result: count:0 state:0]
[2019-12-27 17:18:12] rtpData ------->   map[result: count:0 state:0] 
sqlResult   map[result: count:0 state:0]
[2019-12-27 17:18:12] rtpData ------->   map[count:0 state:0 result:] 
sqlResult   map[result: count:0 state:0]
[2019-12-27 17:18:12] rtpData ------->   map[result: count:0 state:0] 
[GIN] 2019/12/27 - 17:18:12 | 200 |    1.380296ms |   192.168.66.17 | POST     /getResult
[GIN] 2019/12/27 - 17:18:12 | 200 |    1.413619ms |   192.168.66.17 | POST     /getResult
[GIN] 2019/12/27 - 17:18:12 | 200 |    1.407775ms |   192.168.66.17 | POST     /getResult
sqlResult   map[result: count:0 state:0]
[2019-12-27 17:18:12] rtpData ------->   map[result: count:0 state:0] 
[GIN] 2019/12/27 - 17:18:12 | 200 |      1.6106ms |   192.168.66.17 | POST     /getResult
[2019-12-27 17:18:18] 自開彩開獎  {201912271039 1 34 true} 
SqlString  SELECT RTP,Amount,Bonus  FROM M_RtpSetting  WHERE Sid = 1   AND State = 1   AND LTG_Code = 1 AND Gid = 34
sqlResult   map[count:0 state:0 result:]
[2019-12-27 17:18:18] rtpData ------->   map[result: count:0 state:0] 
[GIN] 2019/12/27 - 17:18:18 | 200 |    1.819116ms |   192.168.66.17 | POST     /getResult
[2019-12-27 17:18:18] 自開彩開獎  {201912270347 2 35 true} 
SqlString  SELECT RTP,Amount,Bonus  FROM M_RtpSetting  WHERE Sid = 1   AND State = 1   AND LTG_Code = 2 AND Gid = 35
sqlResult   map[result: count:0 state:0]
[2019-12-27 17:18:18] rtpData ------->   map[result: count:0 state:0] 
[GIN] 2019/12/27 - 17:18:18 | 200 |    1.316795ms |   192.168.66.17 | POST     /getResult
[2019-12-27 17:18:18] 自開彩開獎  {201912271039 6 36 true} 
SqlString  SELECT RTP,Amount,Bonus  FROM M_RtpSetting  WHERE Sid = 1   AND State = 1   AND LTG_Code = 6 AND Gid = 36
sqlResult   map[result: count:0 state:0]
[2019-12-27 17:18:18] rtpData ------->   map[result: count:0 state:0] 
[GIN] 2019/12/27 - 17:18:18 | 200 |    1.374088ms |   192.168.66.17 | POST     /getResult
[2019-12-27 17:18:18] 自開彩開獎  {201912270347 6 37 true} 
SqlString  SELECT RTP,Amount,Bonus  FROM M_RtpSetting  WHERE Sid = 1   AND State = 1   AND LTG_Code = 6 AND Gid = 37
[2019-12-27 17:18:18] 自開彩開獎  {201912270347 4 41 true} 
SqlString  SELECT RTP,Amount,Bonus  FROM M_RtpSetting  WHERE Sid = 1   AND State = 1   AND LTG_Code = 4 AND Gid = 41
[2019-12-27 17:18:18] 自開彩開獎  {201912271039 4 40 true} 
SqlString  SELECT RTP,Amount,Bonus  FROM M_RtpSetting  WHERE Sid = 1   AND State = 1   AND LTG_Code = 4 AND Gid = 40
[2019-12-27 17:18:18] 自開彩開獎  {201912271039 5 38 true} 
SqlString  SELECT RTP,Amount,Bonus  FROM M_RtpSetting  WHERE Sid = 1   AND State = 1   AND LTG_Code = 5 AND Gid = 38
sqlResult   map[result: count:0 state:0]
[2019-12-27 17:18:18] rtpData ------->   map[result: count:0 state:0] 
[GIN] 2019/12/27 - 17:18:18 | 200 |    1.352329ms |   192.168.66.17 | POST     /getResult
sqlResult   map[state:0 result: count:0]
[2019-12-27 17:18:18] rtpData ------->   map[result: count:0 state:0] 
[GIN] 2019/12/27 - 17:18:18 | 200 |    1.367955ms |   192.168.66.17 | POST     /getResult
sqlResult   map[result: count:0 state:0]
[2019-12-27 17:18:18] rtpData ------->   map[result: count:0 state:0] 
sqlResult   map[state:0 result: count:0]
[GIN] 2019/12/27 - 17:18:18 | 200 |    1.440692ms |   192.168.66.17 | POST     /getResult
[2019-12-27 17:18:18] rtpData ------->   map[count:0 state:0 result:] 
[GIN] 2019/12/27 - 17:18:18 | 200 |    1.532762ms |   192.168.66.17 | POST     /getResult
[2019-12-27 17:18:24] 自開彩開獎  {201912271039 1 34 true} 
SqlString  SELECT RTP,Amount,Bonus  FROM M_RtpSetting  WHERE Sid = 1   AND State = 1   AND LTG_Code = 1 AND Gid = 34
sqlResult   map[state:0 result: count:0]
[2019-12-27 17:18:24] rtpData ------->   map[result: count:0 state:0] 
[GIN] 2019/12/27 - 17:18:24 | 200 |    1.699652ms |   192.168.66.17 | POST     /getResult
[2019-12-27 17:18:24] 自開彩開獎  {201912270347 2 35 true} 
SqlString  SELECT RTP,Amount,Bonus  FROM M_RtpSetting  WHERE Sid = 1   AND State = 1   AND LTG_Code = 2 AND Gid = 35
sqlResult   map[result: count:0 state:0]
[2019-12-27 17:18:24] rtpData ------->   map[result: count:0 state:0] 
[GIN] 2019/12/27 - 17:18:24 | 200 |    1.323308ms |   192.168.66.17 | POST     /getResult
[2019-12-27 17:18:24] 自開彩開獎  {201912271039 6 36 true} 
SqlString  SELECT RTP,Amount,Bonus  FROM M_RtpSetting  WHERE Sid = 1   AND State = 1   AND LTG_Code = 6 AND Gid = 36
sqlResult   map[state:0 result: count:0]
[2019-12-27 17:18:24] rtpData ------->   map[result: count:0 state:0] 
[GIN] 2019/12/27 - 17:18:24 | 200 |    1.261396ms |   192.168.66.17 | POST     /getResult
[2019-12-27 17:18:24] 自開彩開獎  {201912270347 6 37 true} 
SqlString  SELECT RTP,Amount,Bonus  FROM M_RtpSetting  WHERE Sid = 1   AND State = 1   AND LTG_Code = 6 AND Gid = 37
[2019-12-27 17:18:24] 自開彩開獎  {201912271039 5 38 true} 
[2019-12-27 17:18:24] 自開彩開獎  {201912271039 4 40 true} 
SqlString  SELECT RTP,Amount,Bonus  FROM M_RtpSetting  WHERE Sid = 1   AND State = 1   AND LTG_Code = 4 AND Gid = 40
[2019-12-27 17:18:24] 自開彩開獎  {201912270347 4 41 true} 
SqlString  SELECT RTP,Amount,Bonus  FROM M_RtpSetting  WHERE Sid = 1   AND State = 1   AND LTG_Code = 4 AND Gid = 41
SqlString  SELECT RTP,Amount,Bonus  FROM M_RtpSetting  WHERE Sid = 1   AND State = 1   AND LTG_Code = 5 AND Gid = 38
sqlResult   map[result: count:0 state:0]
[2019-12-27 17:18:24] rtpData ------->   map[state:0 result: count:0] 
sqlResult   map[count:0 state:0 result:]
sqlResult   map[state:0 result: count:0]
sqlResult   map[result: count:0 state:0]
[2019-12-27 17:18:24] rtpData ------->   map[result: count:0 state:0] 
[GIN] 2019/12/27 - 17:18:24 | 200 |    1.350233ms |   192.168.66.17 | POST     /getResult
[2019-12-27 17:18:24] rtpData ------->   map[result: count:0 state:0] 
[2019-12-27 17:18:24] rtpData ------->   map[result: count:0 state:0] 
[GIN] 2019/12/27 - 17:18:24 | 200 |    1.463822ms |   192.168.66.17 | POST     /getResult
[GIN] 2019/12/27 - 17:18:24 | 200 |    1.496265ms |   192.168.66.17 | POST     /getResult
[GIN] 2019/12/27 - 17:18:24 | 200 |    1.402149ms |   192.168.66.17 | POST     /getResult
[2019-12-27 17:18:30] 自開彩開獎  {201912271039 1 34 true} 
SqlString  SELECT RTP,Amount,Bonus  FROM M_RtpSetting  WHERE Sid = 1   AND State = 1   AND LTG_Code = 1 AND Gid = 34
sqlResult   map[result: count:0 state:0]
[2019-12-27 17:18:30] rtpData ------->   map[state:0 result: count:0] 
[GIN] 2019/12/27 - 17:18:30 | 200 |    1.523426ms |   192.168.66.17 | POST     /getResult
[2019-12-27 17:18:30] 自開彩開獎  {201912270347 2 35 true} 
SqlString  SELECT RTP,Amount,Bonus  FROM M_RtpSetting  WHERE Sid = 1   AND State = 1   AND LTG_Code = 2 AND Gid = 35
sqlResult   map[result: count:0 state:0]
[2019-12-27 17:18:30] rtpData ------->   map[result: count:0 state:0] 
[GIN] 2019/12/27 - 17:18:30 | 200 |    1.397002ms |   192.168.66.17 | POST     /getResult
[2019-12-27 17:18:30] 自開彩開獎  {201912271039 6 36 true} 
SqlString  SELECT RTP,Amount,Bonus  FROM M_RtpSetting  WHERE Sid = 1   AND State = 1   AND LTG_Code = 6 AND Gid = 36
[2019-12-27 17:18:30] 自開彩開獎  {201912270347 6 37 true} 
SqlString  SELECT RTP,Amount,Bonus  FROM M_RtpSetting  WHERE Sid = 1   AND State = 1   AND LTG_Code = 6 AND Gid = 37
sqlResult   map[result: count:0 state:0]
sqlResult   map[result: count:0 state:0]
[2019-12-27 17:18:30] rtpData ------->   map[result: count:0 state:0] 
[2019-12-27 17:18:30] rtpData ------->   map[state:0 result: count:0] 
[GIN] 2019/12/27 - 17:18:30 | 200 |    1.330818ms |   192.168.66.17 | POST     /getResult
[GIN] 2019/12/27 - 17:18:30 | 200 |    1.225701ms |   192.168.66.17 | POST     /getResult
[2019-12-27 17:18:30] 自開彩開獎  {201912271039 5 38 true} 
SqlString  SELECT RTP,Amount,Bonus  FROM M_RtpSetting  WHERE Sid = 1   AND State = 1   AND LTG_Code = 5 AND Gid = 38
[2019-12-27 17:18:30] 自開彩開獎  {201912271039 4 40 true} 
SqlString  SELECT RTP,Amount,Bonus  FROM M_RtpSetting  WHERE Sid = 1   AND State = 1   AND LTG_Code = 4 AND Gid = 40
sqlResult   map[result: count:0 state:0]
[2019-12-27 17:18:30] rtpData ------->   map[state:0 result: count:0] 
[GIN] 2019/12/27 - 17:18:30 | 200 |    1.306981ms |   192.168.66.17 | POST     /getResult
sqlResult   map[result: count:0 state:0]
[2019-12-27 17:18:30] rtpData ------->   map[result: count:0 state:0] 
[GIN] 2019/12/27 - 17:18:30 | 200 |     1.31028ms |   192.168.66.17 | POST     /getResult
[2019-12-27 17:18:30] 自開彩開獎  {201912270347 4 41 true} 
SqlString  SELECT RTP,Amount,Bonus  FROM M_RtpSetting  WHERE Sid = 1   AND State = 1   AND LTG_Code = 4 AND Gid = 41
sqlResult   map[result: count:0 state:0]
[2019-12-27 17:18:30] rtpData ------->   map[state:0 result: count:0] 
[GIN] 2019/12/27 - 17:18:30 | 200 |    1.103745ms |   192.168.66.17 | POST     /getResult
[2019-12-27 17:18:36] 自開彩開獎  {201912271039 1 34 true} 
SqlString  SELECT RTP,Amount,Bonus  FROM M_RtpSetting  WHERE Sid = 1   AND State = 1   AND LTG_Code = 1 AND Gid = 34
sqlResult   map[result: count:0 state:0]
[2019-12-27 17:18:36] rtpData ------->   map[state:0 result: count:0] 
[GIN] 2019/12/27 - 17:18:36 | 200 |    1.355332ms |   192.168.66.17 | POST     /getResult
[2019-12-27 17:18:36] 自開彩開獎  {201912270347 2 35 true} 
SqlString  SELECT RTP,Amount,Bonus  FROM M_RtpSetting  WHERE Sid = 1   AND State = 1   AND LTG_Code = 2 AND Gid = 35
sqlResult   map[result: count:0 state:0]
[2019-12-27 17:18:36] rtpData ------->   map[result: count:0 state:0] 
[GIN] 2019/12/27 - 17:18:36 | 200 |    1.327732ms |   192.168.66.17 | POST     /getResult
[2019-12-27 17:18:36] 自開彩開獎  {201912271039 6 36 true} 
SqlString  SELECT RTP,Amount,Bonus  FROM M_RtpSetting  WHERE Sid = 1   AND State = 1   AND LTG_Code = 6 AND Gid = 36
sqlResult   map[result: count:0 state:0]
[2019-12-27 17:18:36] rtpData ------->   map[result: count:0 state:0] 
[GIN] 2019/12/27 - 17:18:36 | 200 |    1.421882ms |   192.168.66.17 | POST     /getResult
[2019-12-27 17:18:36] 自開彩開獎  {201912270347 6 37 true} 
SqlString  SELECT RTP,Amount,Bonus  FROM M_RtpSetting  WHERE Sid = 1   AND State = 1   AND LTG_Code = 6 AND Gid = 37
sqlResult   map[count:0 state:0 result:]
[2019-12-27 17:18:36] rtpData ------->   map[state:0 result: count:0] 
[GIN] 2019/12/27 - 17:18:36 | 200 |    1.279222ms |   192.168.66.17 | POST     /getResult
[2019-12-27 17:18:36] 自開彩開獎  {201912271039 5 38 true} 
SqlString  SELECT RTP,Amount,Bonus  FROM M_RtpSetting  WHERE Sid = 1   AND State = 1   AND LTG_Code = 5 AND Gid = 38
[2019-12-27 17:18:36] 自開彩開獎  {201912271039 4 40 true} 
SqlString  SELECT RTP,Amount,Bonus  FROM M_RtpSetting  WHERE Sid = 1   AND State = 1   AND LTG_Code = 4 AND Gid = 40
sqlResult   map[result: count:0 state:0]
[2019-12-27 17:18:36] rtpData ------->   map[result: count:0 state:0] 
[GIN] 2019/12/27 - 17:18:36 | 200 |    1.315426ms |   192.168.66.17 | POST     /getResult
sqlResult   map[result: count:0 state:0]
[2019-12-27 17:18:36] rtpData ------->   map[result: count:0 state:0] 
[GIN] 2019/12/27 - 17:18:36 | 200 |    1.315945ms |   192.168.66.17 | POST     /getResult
[2019-12-27 17:18:36] 自開彩開獎  {201912270347 4 41 true} 
SqlString  SELECT RTP,Amount,Bonus  FROM M_RtpSetting  WHERE Sid = 1   AND State = 1   AND LTG_Code = 4 AND Gid = 41
sqlResult   map[result: count:0 state:0]
[2019-12-27 17:18:36] rtpData ------->   map[result: count:0 state:0] 
[GIN] 2019/12/27 - 17:18:36 | 200 |    1.281742ms |   192.168.66.17 | POST     /getResult
[2019-12-27 17:18:42] 自開彩開獎  {201912271039 1 34 true} 
SqlString  SELECT RTP,Amount,Bonus  FROM M_RtpSetting  WHERE Sid = 1   AND State = 1   AND LTG_Code = 1 AND Gid = 34
sqlResult   map[result: count:0 state:0]
[2019-12-27 17:18:42] rtpData ------->   map[result: count:0 state:0] 
[GIN] 2019/12/27 - 17:18:42 | 200 |    1.565132ms |   192.168.66.17 | POST     /getResult
[2019-12-27 17:18:42] 自開彩開獎  {201912270347 2 35 true} 
SqlString  SELECT RTP,Amount,Bonus  FROM M_RtpSetting  WHERE Sid = 1   AND State = 1   AND LTG_Code = 2 AND Gid = 35
sqlResult   map[state:0 result: count:0]
[2019-12-27 17:18:42] rtpData ------->   map[result: count:0 state:0] 
[GIN] 2019/12/27 - 17:18:42 | 200 |    1.294729ms |   192.168.66.17 | POST     /getResult
[2019-12-27 17:18:42] 自開彩開獎  {201912271039 6 36 true} 
SqlString  SELECT RTP,Amount,Bonus  FROM M_RtpSetting  WHERE Sid = 1   AND State = 1   AND LTG_Code = 6 AND Gid = 36
[2019-12-27 17:18:42] 自開彩開獎  {201912271039 5 38 true} 
[2019-12-27 17:18:42] 自開彩開獎  {201912270347 6 37 true} 
SqlString  SELECT RTP,Amount,Bonus  FROM M_RtpSetting  WHERE Sid = 1   AND State = 1   AND LTG_Code = 6 AND Gid = 37
SqlString  SELECT RTP,Amount,Bonus  FROM M_RtpSetting  WHERE Sid = 1   AND State = 1   AND LTG_Code = 5 AND Gid = 38
sqlResult   map[state:0 result: count:0]
[2019-12-27 17:18:42] rtpData ------->   map[result: count:0 state:0] 
[GIN] 2019/12/27 - 17:18:42 | 200 |    1.324266ms |   192.168.66.17 | POST     /getResult
sqlResult   map[result: count:0 state:0]
[2019-12-27 17:18:42] rtpData ------->   map[state:0 result: count:0] 
[GIN] 2019/12/27 - 17:18:42 | 200 |    1.289061ms |   192.168.66.17 | POST     /getResult
sqlResult   map[result: count:0 state:0]
[2019-12-27 17:18:42] rtpData ------->   map[result: count:0 state:0] 
[GIN] 2019/12/27 - 17:18:42 | 200 |    1.383845ms |   192.168.66.17 | POST     /getResult
[2019-12-27 17:18:42] 自開彩開獎  {201912271039 4 40 true} 
SqlString  SELECT RTP,Amount,Bonus  FROM M_RtpSetting  WHERE Sid = 1   AND State = 1   AND LTG_Code = 4 AND Gid = 40
sqlResult   map[result: count:0 state:0]
[2019-12-27 17:18:42] rtpData ------->   map[result: count:0 state:0] 
[GIN] 2019/12/27 - 17:18:42 | 200 |     1.27976ms |   192.168.66.17 | POST     /getResult
[2019-12-27 17:18:42] 自開彩開獎  {201912270347 4 41 true} 
SqlString  SELECT RTP,Amount,Bonus  FROM M_RtpSetting  WHERE Sid = 1   AND State = 1   AND LTG_Code = 4 AND Gid = 41
sqlResult   map[result: count:0 state:0]
[2019-12-27 17:18:42] rtpData ------->   map[result: count:0 state:0] 
[GIN] 2019/12/27 - 17:18:42 | 200 |    1.138082ms |   192.168.66.17 | POST     /getResult
[2019-12-27 17:18:48] 自開彩開獎  {201912271039 1 34 true} 
SqlString  SELECT RTP,Amount,Bonus  FROM M_RtpSetting  WHERE Sid = 1   AND State = 1   AND LTG_Code = 1 AND Gid = 34
sqlResult   map[state:0 result: count:0]
[2019-12-27 17:18:48] rtpData ------->   map[result: count:0 state:0] 
[GIN] 2019/12/27 - 17:18:48 | 200 |    1.396816ms |   192.168.66.17 | POST     /getResult
[2019-12-27 17:18:48] 自開彩開獎  {201912270347 2 35 true} 
SqlString  SELECT RTP,Amount,Bonus  FROM M_RtpSetting  WHERE Sid = 1   AND State = 1   AND LTG_Code = 2 AND Gid = 35
sqlResult   map[result: count:0 state:0]
[2019-12-27 17:18:48] rtpData ------->   map[result: count:0 state:0] 
[GIN] 2019/12/27 - 17:18:48 | 200 |    1.315088ms |   192.168.66.17 | POST     /getResult
[2019-12-27 17:18:48] 自開彩開獎  {201912271039 6 36 true} 
SqlString  SELECT RTP,Amount,Bonus  FROM M_RtpSetting  WHERE Sid = 1   AND State = 1   AND LTG_Code = 6 AND Gid = 36
[2019-12-27 17:18:48] 自開彩開獎  {201912270347 6 37 true} 
SqlString  SELECT RTP,Amount,Bonus  FROM M_RtpSetting  WHERE Sid = 1   AND State = 1   AND LTG_Code = 6 AND Gid = 37
[2019-12-27 17:18:48] 自開彩開獎  {201912271039 5 38 true} 
SqlString  SELECT RTP,Amount,Bonus  FROM M_RtpSetting  WHERE Sid = 1   AND State = 1   AND LTG_Code = 5 AND Gid = 38
sqlResult   map[state:0 result: count:0]
[2019-12-27 17:18:48] rtpData ------->   map[result: count:0 state:0] 
[GIN] 2019/12/27 - 17:18:48 | 200 |    1.388122ms |   192.168.66.17 | POST     /getResult
sqlResult   map[state:0 result: count:0]
[2019-12-27 17:18:48] rtpData ------->   map[result: count:0 state:0] 
sqlResult   map[state:0 result: count:0]
[2019-12-27 17:18:48] rtpData ------->   map[result: count:0 state:0] 
[GIN] 2019/12/27 - 17:18:48 | 200 |    1.385285ms |   192.168.66.17 | POST     /getResult
[GIN] 2019/12/27 - 17:18:48 | 200 |    1.398052ms |   192.168.66.17 | POST     /getResult
[2019-12-27 17:18:48] 自開彩開獎  {201912271039 4 40 true} 
SqlString  SELECT RTP,Amount,Bonus  FROM M_RtpSetting  WHERE Sid = 1   AND State = 1   AND LTG_Code = 4 AND Gid = 40
sqlResult   map[result: count:0 state:0]
[2019-12-27 17:18:48] rtpData ------->   map[count:0 state:0 result:] 
[GIN] 2019/12/27 - 17:18:48 | 200 |    1.290389ms |   192.168.66.17 | POST     /getResult
[2019-12-27 17:18:48] 自開彩開獎  {201912270347 4 41 true} 
SqlString  SELECT RTP,Amount,Bonus  FROM M_RtpSetting  WHERE Sid = 1   AND State = 1   AND LTG_Code = 4 AND Gid = 41
sqlResult   map[result: count:0 state:0]
[2019-12-27 17:18:48] rtpData ------->   map[result: count:0 state:0] 
[GIN] 2019/12/27 - 17:18:48 | 200 |    1.245132ms |   192.168.66.17 | POST     /getResult
[2019-12-27 17:18:54] 自開彩開獎  {201912271039 1 34 true} 
SqlString  SELECT RTP,Amount,Bonus  FROM M_RtpSetting  WHERE Sid = 1   AND State = 1   AND LTG_Code = 1 AND Gid = 34
sqlResult   map[result: count:0 state:0]
[2019-12-27 17:18:54] rtpData ------->   map[result: count:0 state:0] 
[GIN] 2019/12/27 - 17:18:54 | 200 |    1.704615ms |   192.168.66.17 | POST     /getResult
[2019-12-27 17:18:54] 自開彩開獎  {201912270347 2 35 true} 
SqlString  SELECT RTP,Amount,Bonus  FROM M_RtpSetting  WHERE Sid = 1   AND State = 1   AND LTG_Code = 2 AND Gid = 35
sqlResult   map[result: count:0 state:0]
[2019-12-27 17:18:54] rtpData ------->   map[result: count:0 state:0] 
[GIN] 2019/12/27 - 17:18:54 | 200 |    1.327462ms |   192.168.66.17 | POST     /getResult
[2019-12-27 17:18:54] 自開彩開獎  {201912271039 6 36 true} 
SqlString  SELECT RTP,Amount,Bonus  FROM M_RtpSetting  WHERE Sid = 1   AND State = 1   AND LTG_Code = 6 AND Gid = 36
[2019-12-27 17:18:54] 自開彩開獎  {201912270347 6 37 true} 
SqlString  SELECT RTP,Amount,Bonus  FROM M_RtpSetting  WHERE Sid = 1   AND State = 1   AND LTG_Code = 6 AND Gid = 37
sqlResult   map[state:0 result: count:0]
[2019-12-27 17:18:54] rtpData ------->   map[count:0 state:0 result:] 
sqlResult   map[result: count:0 state:0]
[GIN] 2019/12/27 - 17:18:54 | 200 |    1.319662ms |   192.168.66.17 | POST     /getResult
[2019-12-27 17:18:54] rtpData ------->   map[result: count:0 state:0] 
[GIN] 2019/12/27 - 17:18:54 | 200 |    1.311146ms |   192.168.66.17 | POST     /getResult
[2019-12-27 17:18:54] 自開彩開獎  {201912271039 5 38 true} 
SqlString  SELECT RTP,Amount,Bonus  FROM M_RtpSetting  WHERE Sid = 1   AND State = 1   AND LTG_Code = 5 AND Gid = 38
[2019-12-27 17:18:54] 自開彩開獎  {201912271039 4 40 true} 
SqlString  SELECT RTP,Amount,Bonus  FROM M_RtpSetting  WHERE Sid = 1   AND State = 1   AND LTG_Code = 4 AND Gid = 40
sqlResult   map[result: count:0 state:0]
[2019-12-27 17:18:54] rtpData ------->   map[state:0 result: count:0] 
[GIN] 2019/12/27 - 17:18:54 | 200 |    1.330629ms |   192.168.66.17 | POST     /getResult
sqlResult   map[result: count:0 state:0]
[2019-12-27 17:18:54] rtpData ------->   map[count:0 state:0 result:] 
[GIN] 2019/12/27 - 17:18:54 | 200 |    1.350838ms |   192.168.66.17 | POST     /getResult
[2019-12-27 17:18:54] 自開彩開獎  {201912270347 4 41 true} 
SqlString  SELECT RTP,Amount,Bonus  FROM M_RtpSetting  WHERE Sid = 1   AND State = 1   AND LTG_Code = 4 AND Gid = 41
sqlResult   map[result: count:0 state:0]
[2019-12-27 17:18:54] rtpData ------->   map[result: count:0 state:0] 
[GIN] 2019/12/27 - 17:18:54 | 200 |    1.256855ms |   192.168.66.17 | POST     /getResult
[2019-12-27 17:19:00] 自開彩開獎  {201912271040 2 26 true} 
SqlString  SELECT RTP,Amount,Bonus  FROM M_RtpSetting  WHERE Sid = 1   AND State = 1   AND LTG_Code = 2 AND Gid = 26
sqlResult   map[result: count:0 state:0]
[2019-12-27 17:19:00] rtpData ------->   map[result: count:0 state:0] 
[GIN] 2019/12/27 - 17:19:00 | 200 |    1.599068ms |   192.168.66.17 | POST     /getResult
[2019-12-27 17:19:00] 自開彩開獎  {201912271039 1 34 true} 
SqlString  SELECT RTP,Amount,Bonus  FROM M_RtpSetting  WHERE Sid = 1   AND State = 1   AND LTG_Code = 1 AND Gid = 34
sqlResult   map[state:0 result: count:0]
[2019-12-27 17:19:00] rtpData ------->   map[state:0 result: count:0] 
[GIN] 2019/12/27 - 17:19:00 | 200 |    1.276249ms |   192.168.66.17 | POST     /getResult
[2019-12-27 17:19:00] 自開彩開獎  {201912270347 2 35 true} 
SqlString  SELECT RTP,Amount,Bonus  FROM M_RtpSetting  WHERE Sid = 1   AND State = 1   AND LTG_Code = 2 AND Gid = 35
sqlResult   map[result: count:0 state:0]
[2019-12-27 17:19:00] rtpData ------->   map[state:0 result: count:0] 
[GIN] 2019/12/27 - 17:19:00 | 200 |    1.339938ms |   192.168.66.17 | POST     /getResult
[2019-12-27 17:19:00] 自開彩開獎  {201912271039 6 36 true} 
SqlString  SELECT RTP,Amount,Bonus  FROM M_RtpSetting  WHERE Sid = 1   AND State = 1   AND LTG_Code = 6 AND Gid = 36
sqlResult   map[state:0 result: count:0]
[2019-12-27 17:19:00] rtpData ------->   map[result: count:0 state:0] 
[GIN] 2019/12/27 - 17:19:00 | 200 |    1.595425ms |   192.168.66.17 | POST     /getResult
[2019-12-27 17:19:00] 自開彩開獎  {201912270347 6 37 true} 
SqlString  SELECT RTP,Amount,Bonus  FROM M_RtpSetting  WHERE Sid = 1   AND State = 1   AND LTG_Code = 6 AND Gid = 37
[2019-12-27 17:19:00] 自開彩開獎  {201912271039 5 38 true} 
SqlString  SELECT RTP,Amount,Bonus  FROM M_RtpSetting  WHERE Sid = 1   AND State = 1   AND LTG_Code = 5 AND Gid = 38
sqlResult   map[result: count:0 state:0]
[2019-12-27 17:19:00] rtpData ------->   map[result: count:0 state:0] 
[GIN] 2019/12/27 - 17:19:00 | 200 |    1.251169ms |   192.168.66.17 | POST     /getResult
sqlResult   map[result: count:0 state:0]
[2019-12-27 17:19:00] rtpData ------->   map[result: count:0 state:0] 
[GIN] 2019/12/27 - 17:19:00 | 200 |    1.319168ms |   192.168.66.17 | POST     /getResult
[2019-12-27 17:19:00] 自開彩開獎  {201912271039 4 40 true} 
SqlString  SELECT RTP,Amount,Bonus  FROM M_RtpSetting  WHERE Sid = 1   AND State = 1   AND LTG_Code = 4 AND Gid = 40
sqlResult   map[state:0 result: count:0]
[2019-12-27 17:19:00] rtpData ------->   map[result: count:0 state:0] 
[GIN] 2019/12/27 - 17:19:00 | 200 |    1.506409ms |   192.168.66.17 | POST     /getResult
[2019-12-27 17:19:00] 自開彩開獎  {201912270347 4 41 true} 
SqlString  SELECT RTP,Amount,Bonus  FROM M_RtpSetting  WHERE Sid = 1   AND State = 1   AND LTG_Code = 4 AND Gid = 41
sqlResult   map[result: count:0 state:0]
[2019-12-27 17:19:00] rtpData ------->   map[result: count:0 state:0] 
[GIN] 2019/12/27 - 17:19:00 | 200 |    1.315049ms |   192.168.66.17 | POST     /getResult
[2019-12-27 17:19:06] 自開彩開獎  {201912271039 1 34 true} 
SqlString  SELECT RTP,Amount,Bonus  FROM M_RtpSetting  WHERE Sid = 1   AND State = 1   AND LTG_Code = 1 AND Gid = 34
sqlResult   map[result: count:0 state:0]
[2019-12-27 17:19:06] rtpData ------->   map[count:0 state:0 result:] 
[GIN] 2019/12/27 - 17:19:06 | 200 |    1.344241ms |   192.168.66.17 | POST     /getResult
[2019-12-27 17:19:06] 自開彩開獎  {201912270347 2 35 true} 
SqlString  SELECT RTP,Amount,Bonus  FROM M_RtpSetting  WHERE Sid = 1   AND State = 1   AND LTG_Code = 2 AND Gid = 35
sqlResult   map[result: count:0 state:0]
[2019-12-27 17:19:06] rtpData ------->   map[result: count:0 state:0] 
[GIN] 2019/12/27 - 17:19:06 | 200 |    1.364599ms |   192.168.66.17 | POST     /getResult
[2019-12-27 17:19:06] 自開彩開獎  {201912271039 6 36 true} 
SqlString  SELECT RTP,Amount,Bonus  FROM M_RtpSetting  WHERE Sid = 1   AND State = 1   AND LTG_Code = 6 AND Gid = 36
sqlResult   map[result: count:0 state:0]
[2019-12-27 17:19:06] rtpData ------->   map[state:0 result: count:0] 
[GIN] 2019/12/27 - 17:19:06 | 200 |    1.277895ms |   192.168.66.17 | POST     /getResult
[2019-12-27 17:19:06] 自開彩開獎  {201912270347 6 37 true} 
SqlString  SELECT RTP,Amount,Bonus  FROM M_RtpSetting  WHERE Sid = 1   AND State = 1   AND LTG_Code = 6 AND Gid = 37
sqlResult   map[count:0 state:0 result:]
[2019-12-27 17:19:06] rtpData ------->   map[result: count:0 state:0] 
[GIN] 2019/12/27 - 17:19:06 | 200 |    1.319232ms |   192.168.66.17 | POST     /getResult
[2019-12-27 17:19:06] 自開彩開獎  {201912271039 5 38 true} 
SqlString  SELECT RTP,Amount,Bonus  FROM M_RtpSetting  WHERE Sid = 1   AND State = 1   AND LTG_Code = 5 AND Gid = 38
[2019-12-27 17:19:06] 自開彩開獎  {201912271039 4 40 true} 
SqlString  SELECT RTP,Amount,Bonus  FROM M_RtpSetting  WHERE Sid = 1   AND State = 1   AND LTG_Code = 4 AND Gid = 40
sqlResult   map[result: count:0 state:0]
[2019-12-27 17:19:06] rtpData ------->   map[result: count:0 state:0] 
[GIN] 2019/12/27 - 17:19:06 | 200 |     1.24273ms |   192.168.66.17 | POST     /getResult
sqlResult   map[result: count:0 state:0]
[2019-12-27 17:19:06] rtpData ------->   map[state:0 result: count:0] 
[GIN] 2019/12/27 - 17:19:06 | 200 |    1.309216ms |   192.168.66.17 | POST     /getResult
[2019-12-27 17:19:06] 自開彩開獎  {201912270347 4 41 true} 
SqlString  SELECT RTP,Amount,Bonus  FROM M_RtpSetting  WHERE Sid = 1   AND State = 1   AND LTG_Code = 4 AND Gid = 41
sqlResult   map[result: count:0 state:0]
[2019-12-27 17:19:06] rtpData ------->   map[result: count:0 state:0] 
[GIN] 2019/12/27 - 17:19:06 | 200 |    1.269246ms |   192.168.66.17 | POST     /getResult
[2019-12-27 17:19:12] 自開彩開獎  {201912271040 1 34 true} 
SqlString  SELECT RTP,Amount,Bonus  FROM M_RtpSetting  WHERE Sid = 1   AND State = 1   AND LTG_Code = 1 AND Gid = 34
sqlResult   map[result: count:0 state:0]
[2019-12-27 17:19:12] rtpData ------->   map[result: count:0 state:0] 
[GIN] 2019/12/27 - 17:19:12 | 200 |    1.479615ms |   192.168.66.17 | POST     /getResult
[2019-12-27 17:19:12] 自開彩開獎  {201912270347 2 35 true} 
SqlString  SELECT RTP,Amount,Bonus  FROM M_RtpSetting  WHERE Sid = 1   AND State = 1   AND LTG_Code = 2 AND Gid = 35
sqlResult   map[result: count:0 state:0]
[2019-12-27 17:19:12] rtpData ------->   map[result: count:0 state:0] 
[GIN] 2019/12/27 - 17:19:12 | 200 |    1.328028ms |   192.168.66.17 | POST     /getResult
[2019-12-27 17:19:12] 自開彩開獎  {201912271040 6 36 true} 
SqlString  SELECT RTP,Amount,Bonus  FROM M_RtpSetting  WHERE Sid = 1   AND State = 1   AND LTG_Code = 6 AND Gid = 36
sqlResult   map[result: count:0 state:0]
[2019-12-27 17:19:12] rtpData ------->   map[result: count:0 state:0] 
[GIN] 2019/12/27 - 17:19:12 | 200 |    1.253629ms |   192.168.66.17 | POST     /getResult
[2019-12-27 17:19:12] 自開彩開獎  {201912271040 5 38 true} 
SqlString  SELECT RTP,Amount,Bonus  FROM M_RtpSetting  WHERE Sid = 1   AND State = 1   AND LTG_Code = 5 AND Gid = 38
sqlResult   map[count:0 state:0 result:]
[2019-12-27 17:19:12] rtpData ------->   map[count:0 state:0 result:] 
[GIN] 2019/12/27 - 17:19:12 | 200 |    1.355435ms |   192.168.66.17 | POST     /getResult
[2019-12-27 17:19:12] 自開彩開獎  {201912271040 4 40 true} 
SqlString  SELECT RTP,Amount,Bonus  FROM M_RtpSetting  WHERE Sid = 1   AND State = 1   AND LTG_Code = 4 AND Gid = 40
[2019-12-27 17:19:12] 自開彩開獎  {201912270347 4 41 true} 
SqlString  SELECT RTP,Amount,Bonus  FROM M_RtpSetting  WHERE Sid = 1   AND State = 1   AND LTG_Code = 4 AND Gid = 41
sqlResult   map[result: count:0 state:0]
[2019-12-27 17:19:12] rtpData ------->   map[state:0 result: count:0] 
sqlResult   map[result: count:0 state:0]
[GIN] 2019/12/27 - 17:19:12 | 200 |    1.378001ms |   192.168.66.17 | POST     /getResult
[2019-12-27 17:19:12] rtpData ------->   map[state:0 result: count:0] 
[GIN] 2019/12/27 - 17:19:12 | 200 |    1.349497ms |   192.168.66.17 | POST     /getResult
[2019-12-27 17:19:18] 自開彩開獎  {201912271040 1 34 true} 
SqlString  SELECT RTP,Amount,Bonus  FROM M_RtpSetting  WHERE Sid = 1   AND State = 1   AND LTG_Code = 1 AND Gid = 34
sqlResult   map[result: count:0 state:0]
[2019-12-27 17:19:18] rtpData ------->   map[result: count:0 state:0] 
[GIN] 2019/12/27 - 17:19:18 | 200 |    1.642782ms |   192.168.66.17 | POST     /getResult
[2019-12-27 17:19:18] 自開彩開獎  {201912270347 2 35 true} 
SqlString  SELECT RTP,Amount,Bonus  FROM M_RtpSetting  WHERE Sid = 1   AND State = 1   AND LTG_Code = 2 AND Gid = 35
sqlResult   map[result: count:0 state:0]
[2019-12-27 17:19:18] rtpData ------->   map[result: count:0 state:0] 
[GIN] 2019/12/27 - 17:19:18 | 200 |    1.282411ms |   192.168.66.17 | POST     /getResult
[2019-12-27 17:19:18] 自開彩開獎  {201912271040 6 36 true} 
SqlString  SELECT RTP,Amount,Bonus  FROM M_RtpSetting  WHERE Sid = 1   AND State = 1   AND LTG_Code = 6 AND Gid = 36
sqlResult   map[result: count:0 state:0]
[2019-12-27 17:19:18] rtpData ------->   map[result: count:0 state:0] 
[GIN] 2019/12/27 - 17:19:18 | 200 |    1.346866ms |   192.168.66.17 | POST     /getResult
[2019-12-27 17:19:18] 自開彩開獎  {201912271040 5 38 true} 
SqlString  SELECT RTP,Amount,Bonus  FROM M_RtpSetting  WHERE Sid = 1   AND State = 1   AND LTG_Code = 5 AND Gid = 38
sqlResult   map[result: count:0 state:0]
[2019-12-27 17:19:18] rtpData ------->   map[state:0 result: count:0] 
[GIN] 2019/12/27 - 17:19:18 | 200 |    1.277728ms |   192.168.66.17 | POST     /getResult
[2019-12-27 17:19:18] 自開彩開獎  {201912271040 4 40 true} 
SqlString  SELECT RTP,Amount,Bonus  FROM M_RtpSetting  WHERE Sid = 1   AND State = 1   AND LTG_Code = 4 AND Gid = 40
[2019-12-27 17:19:18] 自開彩開獎  {201912270347 4 41 true} 
SqlString  SELECT RTP,Amount,Bonus  FROM M_RtpSetting  WHERE Sid = 1   AND State = 1   AND LTG_Code = 4 AND Gid = 41
sqlResult   map[result: count:0 state:0]
[2019-12-27 17:19:18] rtpData ------->   map[state:0 result: count:0] 
sqlResult   map[result: count:0 state:0]
[GIN] 2019/12/27 - 17:19:18 | 200 |     1.33095ms |   192.168.66.17 | POST     /getResult
[2019-12-27 17:19:18] rtpData ------->   map[count:0 state:0 result:] 
[GIN] 2019/12/27 - 17:19:18 | 200 |    1.249179ms |   192.168.66.17 | POST     /getResult
[2019-12-27 17:19:24] 自開彩開獎  {201912271040 1 34 true} 
SqlString  SELECT RTP,Amount,Bonus  FROM M_RtpSetting  WHERE Sid = 1   AND State = 1   AND LTG_Code = 1 AND Gid = 34
sqlResult   map[count:0 state:0 result:]
[2019-12-27 17:19:24] rtpData ------->   map[result: count:0 state:0] 
[GIN] 2019/12/27 - 17:19:24 | 200 |    1.633989ms |   192.168.66.17 | POST     /getResult
[2019-12-27 17:19:24] 自開彩開獎  {201912270347 2 35 true} 
SqlString  SELECT RTP,Amount,Bonus  FROM M_RtpSetting  WHERE Sid = 1   AND State = 1   AND LTG_Code = 2 AND Gid = 35
sqlResult   map[result: count:0 state:0]
[2019-12-27 17:19:24] rtpData ------->   map[state:0 result: count:0] 
[GIN] 2019/12/27 - 17:19:24 | 200 |    1.347462ms |   192.168.66.17 | POST     /getResult
[2019-12-27 17:19:24] 自開彩開獎  {201912271040 6 36 true} 
SqlString  SELECT RTP,Amount,Bonus  FROM M_RtpSetting  WHERE Sid = 1   AND State = 1   AND LTG_Code = 6 AND Gid = 36
[2019-12-27 17:19:24] 自開彩開獎  {201912271040 5 38 true} 
SqlString  SELECT RTP,Amount,Bonus  FROM M_RtpSetting  WHERE Sid = 1   AND State = 1   AND LTG_Code = 5 AND Gid = 38
sqlResult   map[result: count:0 state:0]
sqlResult   map[count:0 state:0 result:]
[2019-12-27 17:19:24] rtpData ------->   map[result: count:0 state:0] 
[2019-12-27 17:19:24] rtpData ------->   map[state:0 result: count:0] 
[GIN] 2019/12/27 - 17:19:24 | 200 |    1.353398ms |   192.168.66.17 | POST     /getResult
[GIN] 2019/12/27 - 17:19:24 | 200 |    1.483432ms |   192.168.66.17 | POST     /getResult
[2019-12-27 17:19:24] 自開彩開獎  {201912271040 4 40 true} 
SqlString  SELECT RTP,Amount,Bonus  FROM M_RtpSetting  WHERE Sid = 1   AND State = 1   AND LTG_Code = 4 AND Gid = 40
sqlResult   map[count:0 state:0 result:]
[2019-12-27 17:19:24] rtpData ------->   map[state:0 result: count:0] 
[GIN] 2019/12/27 - 17:19:24 | 200 |    1.275795ms |   192.168.66.17 | POST     /getResult
[2019-12-27 17:19:24] 自開彩開獎  {201912270347 4 41 true} 
SqlString  SELECT RTP,Amount,Bonus  FROM M_RtpSetting  WHERE Sid = 1   AND State = 1   AND LTG_Code = 4 AND Gid = 41
sqlResult   map[count:0 state:0 result:]
[2019-12-27 17:19:24] rtpData ------->   map[count:0 state:0 result:] 
[GIN] 2019/12/27 - 17:19:24 | 200 |    1.282661ms |   192.168.66.17 | POST     /getResult
[2019-12-27 17:19:30] 自開彩開獎  {201912271040 1 34 true} 
SqlString  SELECT RTP,Amount,Bonus  FROM M_RtpSetting  WHERE Sid = 1   AND State = 1   AND LTG_Code = 1 AND Gid = 34
sqlResult   map[state:0 result: count:0]
[2019-12-27 17:19:30] rtpData ------->   map[result: count:0 state:0] 
[GIN] 2019/12/27 - 17:19:30 | 200 |    1.598036ms |   192.168.66.17 | POST     /getResult
[2019-12-27 17:19:30] 自開彩開獎  {201912270347 2 35 true} 
SqlString  SELECT RTP,Amount,Bonus  FROM M_RtpSetting  WHERE Sid = 1   AND State = 1   AND LTG_Code = 2 AND Gid = 35
sqlResult   map[result: count:0 state:0]
[2019-12-27 17:19:30] rtpData ------->   map[result: count:0 state:0] 
[GIN] 2019/12/27 - 17:19:30 | 200 |    1.283592ms |   192.168.66.17 | POST     /getResult
[2019-12-27 17:19:30] 自開彩開獎  {201912271040 6 36 true} 
SqlString  SELECT RTP,Amount,Bonus  FROM M_RtpSetting  WHERE Sid = 1   AND State = 1   AND LTG_Code = 6 AND Gid = 36
sqlResult   map[result: count:0 state:0]
[2019-12-27 17:19:30] rtpData ------->   map[result: count:0 state:0] 
[GIN] 2019/12/27 - 17:19:30 | 200 |    1.310135ms |   192.168.66.17 | POST     /getResult
[2019-12-27 17:19:30] 自開彩開獎  {201912271040 5 38 true} 
SqlString  SELECT RTP,Amount,Bonus  FROM M_RtpSetting  WHERE Sid = 1   AND State = 1   AND LTG_Code = 5 AND Gid = 38
[2019-12-27 17:19:30] 自開彩開獎  {201912271040 4 40 true} 
SqlString  SELECT RTP,Amount,Bonus  FROM M_RtpSetting  WHERE Sid = 1   AND State = 1   AND LTG_Code = 4 AND Gid = 40
sqlResult   map[result: count:0 state:0]
[2019-12-27 17:19:30] rtpData ------->   map[result: count:0 state:0] 
[GIN] 2019/12/27 - 17:19:30 | 200 |    1.282935ms |   192.168.66.17 | POST     /getResult
sqlResult   map[result: count:0 state:0]
[2019-12-27 17:19:30] rtpData ------->   map[result: count:0 state:0] 
[GIN] 2019/12/27 - 17:19:30 | 200 |    1.294108ms |   192.168.66.17 | POST     /getResult
[2019-12-27 17:19:30] 自開彩開獎  {201912270347 4 41 true} 
SqlString  SELECT RTP,Amount,Bonus  FROM M_RtpSetting  WHERE Sid = 1   AND State = 1   AND LTG_Code = 4 AND Gid = 41
sqlResult   map[result: count:0 state:0]
[2019-12-27 17:19:30] rtpData ------->   map[result: count:0 state:0] 
[GIN] 2019/12/27 - 17:19:30 | 200 |    1.302425ms |   192.168.66.17 | POST     /getResult
[2019-12-27 17:19:36] 自開彩開獎  {201912271040 1 34 true} 
SqlString  SELECT RTP,Amount,Bonus  FROM M_RtpSetting  WHERE Sid = 1   AND State = 1   AND LTG_Code = 1 AND Gid = 34
sqlResult   map[result: count:0 state:0]
[2019-12-27 17:19:36] rtpData ------->   map[result: count:0 state:0] 
[GIN] 2019/12/27 - 17:19:36 | 200 |    1.686269ms |   192.168.66.17 | POST     /getResult
[2019-12-27 17:19:36] 自開彩開獎  {201912270347 2 35 true} 
SqlString  SELECT RTP,Amount,Bonus  FROM M_RtpSetting  WHERE Sid = 1   AND State = 1   AND LTG_Code = 2 AND Gid = 35
sqlResult   map[result: count:0 state:0]
[2019-12-27 17:19:36] rtpData ------->   map[result: count:0 state:0] 
[GIN] 2019/12/27 - 17:19:36 | 200 |    1.311775ms |   192.168.66.17 | POST     /getResult
[2019-12-27 17:19:36] 自開彩開獎  {201912271040 6 36 true} 
SqlString  SELECT RTP,Amount,Bonus  FROM M_RtpSetting  WHERE Sid = 1   AND State = 1   AND LTG_Code = 6 AND Gid = 36
[2019-12-27 17:19:36] 自開彩開獎  {201912271040 5 38 true} 
SqlString  SELECT RTP,Amount,Bonus  FROM M_RtpSetting  WHERE Sid = 1   AND State = 1   AND LTG_Code = 5 AND Gid = 38
[2019-12-27 17:19:36] 自開彩開獎  {201912271040 4 40 true} 
SqlString  SELECT RTP,Amount,Bonus  FROM M_RtpSetting  WHERE Sid = 1   AND State = 1   AND LTG_Code = 4 AND Gid = 40
sqlResult   map[result: count:0 state:0]
[2019-12-27 17:19:36] rtpData ------->   map[result: count:0 state:0] 
[GIN] 2019/12/27 - 17:19:36 | 200 |    1.331328ms |   192.168.66.17 | POST     /getResult
sqlResult   map[result: count:0 state:0]
sqlResult   map[result: count:0 state:0]
[2019-12-27 17:19:36] rtpData ------->   map[result: count:0 state:0] 
[2019-12-27 17:19:36] rtpData ------->   map[result: count:0 state:0] 
[GIN] 2019/12/27 - 17:19:36 | 200 |    1.282945ms |   192.168.66.17 | POST     /getResult
[GIN] 2019/12/27 - 17:19:36 | 200 |    1.353082ms |   192.168.66.17 | POST     /getResult
[2019-12-27 17:19:36] 自開彩開獎  {201912270347 4 41 true} 
SqlString  SELECT RTP,Amount,Bonus  FROM M_RtpSetting  WHERE Sid = 1   AND State = 1   AND LTG_Code = 4 AND Gid = 41
sqlResult   map[count:0 state:0 result:]
[2019-12-27 17:19:36] rtpData ------->   map[result: count:0 state:0] 
[GIN] 2019/12/27 - 17:19:36 | 200 |    1.291682ms |   192.168.66.17 | POST     /getResult
[2019-12-27 17:19:42] 自開彩開獎  {201912271040 1 34 true} 
SqlString  SELECT RTP,Amount,Bonus  FROM M_RtpSetting  WHERE Sid = 1   AND State = 1   AND LTG_Code = 1 AND Gid = 34
sqlResult   map[result: count:0 state:0]
[2019-12-27 17:19:42] rtpData ------->   map[state:0 result: count:0] 
[GIN] 2019/12/27 - 17:19:42 | 200 |    1.567059ms |   192.168.66.17 | POST     /getResult
[2019-12-27 17:19:42] 自開彩開獎  {201912270347 2 35 true} 
SqlString  SELECT RTP,Amount,Bonus  FROM M_RtpSetting  WHERE Sid = 1   AND State = 1   AND LTG_Code = 2 AND Gid = 35
sqlResult   map[result: count:0 state:0]
[2019-12-27 17:19:42] rtpData ------->   map[result: count:0 state:0] 
[GIN] 2019/12/27 - 17:19:42 | 200 |    1.361266ms |   192.168.66.17 | POST     /getResult
[2019-12-27 17:19:42] 自開彩開獎  {201912271040 6 36 true} 
SqlString  SELECT RTP,Amount,Bonus  FROM M_RtpSetting  WHERE Sid = 1   AND State = 1   AND LTG_Code = 6 AND Gid = 36
[2019-12-27 17:19:42] 自開彩開獎  {201912271040 4 40 true} 
SqlString  SELECT RTP,Amount,Bonus  FROM M_RtpSetting  WHERE Sid = 1   AND State = 1   AND LTG_Code = 4 AND Gid = 40
[2019-12-27 17:19:42] 自開彩開獎  {201912271040 5 38 true} 
SqlString  SELECT RTP,Amount,Bonus  FROM M_RtpSetting  WHERE Sid = 1   AND State = 1   AND LTG_Code = 5 AND Gid = 38
sqlResult   map[result: count:0 state:0]
[2019-12-27 17:19:42] rtpData ------->   map[result: count:0 state:0] 
[GIN] 2019/12/27 - 17:19:42 | 200 |    1.381118ms |   192.168.66.17 | POST     /getResult
sqlResult   map[result: count:0 state:0]
[2019-12-27 17:19:42] rtpData ------->   map[result: count:0 state:0] 
[GIN] 2019/12/27 - 17:19:42 | 200 |    1.333455ms |   192.168.66.17 | POST     /getResult
sqlResult   map[state:0 result: count:0]
[2019-12-27 17:19:42] rtpData ------->   map[result: count:0 state:0] 
[GIN] 2019/12/27 - 17:19:42 | 200 |    1.379865ms |   192.168.66.17 | POST     /getResult
[2019-12-27 17:19:42] 自開彩開獎  {201912270347 4 41 true} 
SqlString  SELECT RTP,Amount,Bonus  FROM M_RtpSetting  WHERE Sid = 1   AND State = 1   AND LTG_Code = 4 AND Gid = 41
sqlResult   map[result: count:0 state:0]
[2019-12-27 17:19:42] rtpData ------->   map[result: count:0 state:0] 
[GIN] 2019/12/27 - 17:19:42 | 200 |    1.262529ms |   192.168.66.17 | POST     /getResult
[2019-12-27 17:19:48] 自開彩開獎  {201912271040 1 34 true} 
SqlString  SELECT RTP,Amount,Bonus  FROM M_RtpSetting  WHERE Sid = 1   AND State = 1   AND LTG_Code = 1 AND Gid = 34
sqlResult   map[count:0 state:0 result:]
[2019-12-27 17:19:48] rtpData ------->   map[result: count:0 state:0] 
[GIN] 2019/12/27 - 17:19:48 | 200 |    1.581062ms |   192.168.66.17 | POST     /getResult
[2019-12-27 17:19:48] 自開彩開獎  {201912270347 2 35 true} 
SqlString  SELECT RTP,Amount,Bonus  FROM M_RtpSetting  WHERE Sid = 1   AND State = 1   AND LTG_Code = 2 AND Gid = 35
sqlResult   map[result: count:0 state:0]
[2019-12-27 17:19:48] rtpData ------->   map[result: count:0 state:0] 
[GIN] 2019/12/27 - 17:19:48 | 200 |    1.456339ms |   192.168.66.17 | POST     /getResult
[2019-12-27 17:19:48] 自開彩開獎  {201912271040 6 36 true} 
SqlString  SELECT RTP,Amount,Bonus  FROM M_RtpSetting  WHERE Sid = 1   AND State = 1   AND LTG_Code = 6 AND Gid = 36
[2019-12-27 17:19:48] 自開彩開獎  {201912271040 4 40 true} 
SqlString  SELECT RTP,Amount,Bonus  FROM M_RtpSetting  WHERE Sid = 1   AND State = 1   AND LTG_Code = 4 AND Gid = 40
[2019-12-27 17:19:48] 自開彩開獎  {201912271040 5 38 true} 
SqlString  SELECT RTP,Amount,Bonus  FROM M_RtpSetting  WHERE Sid = 1   AND State = 1   AND LTG_Code = 5 AND Gid = 38
[2019-12-27 17:19:48] 自開彩開獎  {201912270347 4 41 true} 
SqlString  SELECT RTP,Amount,Bonus  FROM M_RtpSetting  WHERE Sid = 1   AND State = 1   AND LTG_Code = 4 AND Gid = 41
sqlResult   map[state:0 result: count:0]
sqlResult   map[result: count:0 state:0]
[2019-12-27 17:19:48] rtpData ------->   map[result: count:0 state:0] 
sqlResult   map[result: count:0 state:0]
[2019-12-27 17:19:48] rtpData ------->   map[result: count:0 state:0] 
[GIN] 2019/12/27 - 17:19:48 | 200 |    1.341001ms |   192.168.66.17 | POST     /getResult
sqlResult   map[count:0 state:0 result:]
[2019-12-27 17:19:48] rtpData ------->   map[result: count:0 state:0] 
[2019-12-27 17:19:48] rtpData ------->   map[result: count:0 state:0] 
[GIN] 2019/12/27 - 17:19:48 | 200 |    1.574333ms |   192.168.66.17 | POST     /getResult
[GIN] 2019/12/27 - 17:19:48 | 200 |    1.426192ms |   192.168.66.17 | POST     /getResult
[GIN] 2019/12/27 - 17:19:48 | 200 |    1.372239ms |   192.168.66.17 | POST     /getResult
[2019-12-27 17:19:54] 自開彩開獎  {201912271040 1 34 true} 
SqlString  SELECT RTP,Amount,Bonus  FROM M_RtpSetting  WHERE Sid = 1   AND State = 1   AND LTG_Code = 1 AND Gid = 34
sqlResult   map[result: count:0 state:0]
[2019-12-27 17:19:54] rtpData ------->   map[result: count:0 state:0] 
[GIN] 2019/12/27 - 17:19:54 | 200 |    1.694019ms |   192.168.66.17 | POST     /getResult
[2019-12-27 17:19:54] 自開彩開獎  {201912270347 2 35 true} 
SqlString  SELECT RTP,Amount,Bonus  FROM M_RtpSetting  WHERE Sid = 1   AND State = 1   AND LTG_Code = 2 AND Gid = 35
sqlResult   map[result: count:0 state:0]
[2019-12-27 17:19:54] rtpData ------->   map[result: count:0 state:0] 
[GIN] 2019/12/27 - 17:19:54 | 200 |    1.137045ms |   192.168.66.17 | POST     /getResult
[2019-12-27 17:19:54] 自開彩開獎  {201912271040 6 36 true} 
SqlString  SELECT RTP,Amount,Bonus  FROM M_RtpSetting  WHERE Sid = 1   AND State = 1   AND LTG_Code = 6 AND Gid = 36
[2019-12-27 17:19:54] 自開彩開獎  {201912270347 4 41 true} 
SqlString  SELECT RTP,Amount,Bonus  FROM M_RtpSetting  WHERE Sid = 1   AND State = 1   AND LTG_Code = 4 AND Gid = 41
[2019-12-27 17:19:54] 自開彩開獎  {201912271040 5 38 true} 
SqlString  SELECT RTP,Amount,Bonus  FROM M_RtpSetting  WHERE Sid = 1   AND State = 1   AND LTG_Code = 5 AND Gid = 38
[2019-12-27 17:19:54] 自開彩開獎  {201912271040 4 40 true} 
SqlString  SELECT RTP,Amount,Bonus  FROM M_RtpSetting  WHERE Sid = 1   AND State = 1   AND LTG_Code = 4 AND Gid = 40
sqlResult   map[state:0 result: count:0]
sqlResult   map[count:0 state:0 result:]
[2019-12-27 17:19:54] rtpData ------->   map[state:0 result: count:0] 
[2019-12-27 17:19:54] rtpData ------->   map[result: count:0 state:0] 
sqlResult   map[result: count:0 state:0]
[2019-12-27 17:19:54] rtpData ------->   map[state:0 result: count:0] 
[GIN] 2019/12/27 - 17:19:54 | 200 |    1.225909ms |   192.168.66.17 | POST     /getResult
[GIN] 2019/12/27 - 17:19:54 | 200 |    1.290771ms |   192.168.66.17 | POST     /getResult
[GIN] 2019/12/27 - 17:19:54 | 200 |    1.401579ms |   192.168.66.17 | POST     /getResult
sqlResult   map[result: count:0 state:0]
[2019-12-27 17:19:54] rtpData ------->   map[result: count:0 state:0] 
[GIN] 2019/12/27 - 17:19:54 | 200 |    1.433752ms |   192.168.66.17 | POST     /getResult
[2019-12-27 17:20:00] 自開彩開獎  {201912271041 2 26 true} 
SqlString  SELECT RTP,Amount,Bonus  FROM M_RtpSetting  WHERE Sid = 1   AND State = 1   AND LTG_Code = 2 AND Gid = 26
[2019-12-27 17:20:00] 自開彩開獎  {20191227209 2 28 true} 
SqlString  SELECT RTP,Amount,Bonus  FROM M_RtpSetting  WHERE Sid = 1   AND State = 1   AND LTG_Code = 2 AND Gid = 28
sqlResult   map[result: count:0 state:0]
[2019-12-27 17:20:00] rtpData ------->   map[result: count:0 state:0] 
[GIN] 2019/12/27 - 17:20:00 | 200 |    1.360625ms |   192.168.66.17 | POST     /getResult
sqlResult   map[result: count:0 state:0]
[2019-12-27 17:20:00] rtpData ------->   map[state:0 result: count:0] 
[GIN] 2019/12/27 - 17:20:00 | 200 |    1.604276ms |   192.168.66.17 | POST     /getResult
[2019-12-27 17:20:00] 自開彩開獎  {201912271040 1 34 true} 
SqlString  SELECT RTP,Amount,Bonus  FROM M_RtpSetting  WHERE Sid = 1   AND State = 1   AND LTG_Code = 1 AND Gid = 34
sqlResult   map[count:0 state:0 result:]
[2019-12-27 17:20:00] rtpData ------->   map[result: count:0 state:0] 
[GIN] 2019/12/27 - 17:20:00 | 200 |    1.543276ms |   192.168.66.17 | POST     /getResult
[2019-12-27 17:20:00] 自開彩開獎  {201912270347 2 35 true} 
SqlString  SELECT RTP,Amount,Bonus  FROM M_RtpSetting  WHERE Sid = 1   AND State = 1   AND LTG_Code = 2 AND Gid = 35
sqlResult   map[result: count:0 state:0]
[2019-12-27 17:20:00] rtpData ------->   map[state:0 result: count:0] 
[GIN] 2019/12/27 - 17:20:00 | 200 |    1.294118ms |   192.168.66.17 | POST     /getResult
[2019-12-27 17:20:00] 自開彩開獎  {201912271040 6 36 true} 
SqlString  SELECT RTP,Amount,Bonus  FROM M_RtpSetting  WHERE Sid = 1   AND State = 1   AND LTG_Code = 6 AND Gid = 36
sqlResult   map[result: count:0 state:0]
[2019-12-27 17:20:00] rtpData ------->   map[result: count:0 state:0] 
[GIN] 2019/12/27 - 17:20:00 | 200 |    1.358545ms |   192.168.66.17 | POST     /getResult
[2019-12-27 17:20:00] 自開彩開獎  {201912271040 5 38 true} 
SqlString  SELECT RTP,Amount,Bonus  FROM M_RtpSetting  WHERE Sid = 1   AND State = 1   AND LTG_Code = 5 AND Gid = 38
[2019-12-27 17:20:00] 自開彩開獎  {201912270209 5 39 true} 
SqlString  SELECT RTP,Amount,Bonus  FROM M_RtpSetting  WHERE Sid = 1   AND State = 1   AND LTG_Code = 5 AND Gid = 39
[2019-12-27 17:20:00] 自開彩開獎  {201912271040 4 40 true} 
SqlString  SELECT RTP,Amount,Bonus  FROM M_RtpSetting  WHERE Sid = 1   AND State = 1   AND LTG_Code = 4 AND Gid = 40
sqlResult   map[state:0 result: count:0]
sqlResult   map[result: count:0 state:0]
[2019-12-27 17:20:00] rtpData ------->   map[result: count:0 state:0] 
[GIN] 2019/12/27 - 17:20:00 | 200 |    1.361567ms |   192.168.66.17 | POST     /getResult
sqlResult   map[result: count:0 state:0]
[2019-12-27 17:20:00] rtpData ------->   map[result: count:0 state:0] 
[2019-12-27 17:20:00] rtpData ------->   map[result: count:0 state:0] 
[GIN] 2019/12/27 - 17:20:00 | 200 |    1.235901ms |   192.168.66.17 | POST     /getResult
[GIN] 2019/12/27 - 17:20:00 | 200 |    1.355007ms |   192.168.66.17 | POST     /getResult
[2019-12-27 17:20:00] 自開彩開獎  {201912270347 4 41 true} 
SqlString  SELECT RTP,Amount,Bonus  FROM M_RtpSetting  WHERE Sid = 1   AND State = 1   AND LTG_Code = 4 AND Gid = 41
sqlResult   map[count:0 state:0 result:]
[2019-12-27 17:20:00] rtpData ------->   map[count:0 state:0 result:] 
[GIN] 2019/12/27 - 17:20:00 | 200 |    1.330732ms |   192.168.66.17 | POST     /getResult
[2019-12-27 17:20:06] 自開彩開獎  {201912271040 1 34 true} 
SqlString  SELECT RTP,Amount,Bonus  FROM M_RtpSetting  WHERE Sid = 1   AND State = 1   AND LTG_Code = 1 AND Gid = 34
sqlResult   map[result: count:0 state:0]
[2019-12-27 17:20:06] rtpData ------->   map[result: count:0 state:0] 
[GIN] 2019/12/27 - 17:20:06 | 200 |    1.518546ms |   192.168.66.17 | POST     /getResult
[2019-12-27 17:20:06] 自開彩開獎  {201912270347 2 35 true} 
SqlString  SELECT RTP,Amount,Bonus  FROM M_RtpSetting  WHERE Sid = 1   AND State = 1   AND LTG_Code = 2 AND Gid = 35
sqlResult   map[state:0 result: count:0]
[2019-12-27 17:20:06] rtpData ------->   map[state:0 result: count:0] 
[GIN] 2019/12/27 - 17:2RTP,Amount,Bonus  FROM M_RtpSetting  WHERE Sid = 1   AND State = 1   AND LTG_Code = 5 AND Gid = 39
sqlResult   map[result: count:0 state:0]
[2020-01-02 12:10:19] rtpData ------->   map[result: count:0 state:0] 
[GIN] 2020/01/02 - 12:10:19 | 200 |    2.632962ms |  192.168.66.115 | POST     /getResult
[2020-01-02 12:10:19] 自開彩開獎  {202001020731 1 34 true} 
ConfigData  map[port:3306 user:fa_db password:1qaz!QAZ database:FA_MEM redisIp:192.168.88.119 redisPort:6379 ip:192.168.88.181 poolname:FA_MEM redisPassword:"" charset:utf8 redisDB:3]
SqlString  SELECT RTP,Amount,Bonus  FROM M_RtpSetting  WHERE Sid = 1   AND State = 1   AND LTG_Code = 1 AND Gid = 34
sqlResult   map[result: count:0 state:0]
[2020-01-02 12:10:19] rtpData ------->   map[result: count:0 state:0] 
[GIN] 2020/01/02 - 12:10:19 | 200 |    2.895854ms |  192.168.66.115 | POST     /getResult
[2020-01-02 12:10:21] 自開彩開獎  {202001020731 4 40 true} 
ConfigData  map[charset:utf8 redisPort:6379 redisPassword:"" poolname:FA_MEM password:1qaz!QAZ database:FA_MEM redisIp:192.168.88.119 redisDB:3 ip:192.168.88.181 port:3306 user:fa_db]
SqlString  SELECT RTP,Amount,Bonus  FROM M_RtpSetting  WHERE Sid = 1   AND State = 1   AND LTG_Code = 4 AND Gid = 40
[2020-01-02 12:10:21] 自開彩開獎  {202001020244 4 41 true} 
ConfigData  map[redisDB:3 password:1qaz!QAZ charset:utf8 redisPassword:"" user:fa_db database:FA_MEM redisIp:192.168.88.119 redisPort:6379 ip:192.168.88.181 poolname:FA_MEM port:3306]
SqlString  SELECT RTP,Amount,Bonus  FROM M_RtpSetting  WHERE Sid = 1   AND State = 1   AND LTG_Code = 4 AND Gid = 41
sqlResult   map[result: count:0 state:0]
[2020-01-02 12:10:21] rtpData ------->   map[result: count:0 state:0] 
sqlResult   map[result: count:0 state:0]
[2020-01-02 12:10:21] rtpData ------->   map[result: count:0 state:0] 
[GIN] 2020/01/02 - 12:10:21 | 200 |     2.76784ms |  192.168.66.115 | POST     /getResult
[GIN] 2020/01/02 - 12:10:21 | 200 |    2.972101ms |  192.168.66.115 | POST     /getResult
[2020-01-02 12:10:21] 自開彩開獎  {202001020244 1 35 true} 
ConfigData  map[redisIp:192.168.88.119 redisPort:6379 redisPassword:"" redisDB:3 poolname:FA_MEM port:3306 user:fa_db charset:utf8 ip:192.168.88.181 password:1qaz!QAZ database:FA_MEM]
SqlString  SELECT RTP,Amount,Bonus  FROM M_RtpSetting  WHERE Sid = 1   AND State = 1   AND LTG_Code = 1 AND Gid = 35
sqlResult   map[result: count:0 state:0]
[2020-01-02 12:10:21] rtpData ------->   map[result: count:0 state:0] 
[GIN] 2020/01/02 - 12:10:21 | 200 |    2.538908ms |  192.168.66.115 | POST     /getResult
[2020-01-02 12:10:21] 自開彩開獎  {202001020731 6 36 true} 
ConfigData  map[password:1qaz!QAZ database:FA_MEM redisIp:192.168.88.119 redisPassword:"" ip:192.168.88.181 poolname:FA_MEM port:3306 user:fa_db charset:utf8 redisPort:6379 redisDB:3]
SqlString  SELECT RTP,Amount,Bonus  FROM M_RtpSetting  WHERE Sid = 1   AND State = 1   AND LTG_Code = 6 AND Gid = 36
sqlResult   map[result: count:0 state:0]
[2020-01-02 12:10:21] rtpData ------->   map[state:0 result: count:0] 
[GIN] 2020/01/02 - 12:10:21 | 200 |    2.284399ms |  192.168.66.115 | POST     /getResult
[2020-01-02 12:10:22] 自開彩開獎  {202001020731 5 38 true} 
ConfigData  map[user:fa_db redisIp:192.168.88.119 redisPort:6379 redisDB:3 database:FA_MEM charset:utf8 redisPassword:"" ip:192.168.88.181 poolname:FA_MEM port:3306 password:1qaz!QAZ]
SqlString  SELECT RTP,Amount,Bonus  FROM M_RtpSetting  WHERE Sid = 1   AND State = 1   AND LTG_Code = 5 AND Gid = 38
sqlResult   map[result: count:0 state:0]
[2020-01-02 12:10:22] rtpData ------->   map[state:0 result: count:0] 
[GIN] 2020/01/02 - 12:10:22 | 200 |    2.360366ms |  192.168.66.115 | POST     /getResult
[2020-01-02 12:10:25] 自開彩開獎  {202001020147 5 39 true} 
ConfigData  map[database:FA_MEM charset:utf8 redisIp:192.168.88.119 redisPassword:"" poolname:FA_MEM password:1qaz!QAZ user:fa_db redisPort:6379 redisDB:3 ip:192.168.88.181 port:3306]
SqlString  SELECT RTP,Amount,Bonus  FROM M_RtpSetting  WHERE Sid = 1   AND State = 1   AND LTG_Code = 5 AND Gid = 39
sqlResult   map[result: count:0 state:0]
[2020-01-02 12:10:25] rtpData ------->   map[count:0 state:0 result:] 
[GIN] 2020/01/02 - 12:10:25 | 200 |    2.044712ms |  192.168.66.115 | POST     /getResult
[2020-01-02 12:10:25] 自開彩開獎  {202001020731 1 34 true} 
ConfigData  map[ip:192.168.88.181 poolname:FA_MEM user:fa_db redisPort:6379 redisPassword:"" port:3306 password:1qaz!QAZ database:FA_MEM charset:utf8 redisIp:192.168.88.119 redisDB:3]
SqlString  SELECT RTP,Amount,Bonus  FROM M_RtpSetting  WHERE Sid = 1   AND State = 1   AND LTG_Code = 1 AND Gid = 34
sqlResult   map[result: count:0 state:0]
[2020-01-02 12:10:25] rtpData ------->   map[state:0 result: count:0] 
[GIN] 2020/01/02 - 12:10:25 | 200 |    2.725607ms |  192.168.66.115 | POST     /getResult
[2020-01-02 12:10:27] 自開彩開獎  {202001020731 4 40 true} 
ConfigData  map[poolname:FA_MEM database:FA_MEM redisIp:192.168.88.119 redisPort:6379 redisPassword:"" redisDB:3 ip:192.168.88.181 user:fa_db password:1qaz!QAZ charset:utf8 port:3306]
SqlString  SELECT RTP,Amount,Bonus  FROM M_RtpSetting  WHERE Sid = 1   AND State = 1   AND LTG_Code = 4 AND Gid = 40
[2020-01-02 12:10:27] 自開彩開獎  {202001020244 4 41 true} 
ConfigData  map[port:3306 user:fa_db database:FA_MEM redisPort:6379 redisPassword:"" redisDB:3 ip:192.168.88.181 poolname:FA_MEM password:1qaz!QAZ charset:utf8 redisIp:192.168.88.119]
SqlString  SELECT RTP,Amount,Bonus  FROM M_RtpSetting  WHERE Sid = 1   AND State = 1   AND LTG_Code = 4 AND Gid = 41
sqlResult   map[result: count:0 state:0]
[2020-01-02 12:10:27] rtpData ------->   map[result: count:0 state:0] 
[GIN] 2020/01/02 - 12:10:27 | 200 |     2.06445ms |  192.168.66.115 | POST     /getResult
sqlResult   map[result: count:0 state:0]
[2020-01-02 12:10:27] rtpData ------->   map[count:0 state:0 result:] 
[GIN] 2020/01/02 - 12:10:27 | 200 |    2.418776ms |  192.168.66.115 | POST     /getResult
[2020-01-02 12:10:27] 自開彩開獎  {202001020244 1 35 true} 
ConfigData  map[port:3306 redisIp:192.168.88.119 redisPassword:"" ip:192.168.88.181 poolname:FA_MEM user:fa_db password:1qaz!QAZ database:FA_MEM charset:utf8 redisPort:6379 redisDB:3]
SqlString  SELECT RTP,Amount,Bonus  FROM M_RtpSetting  WHERE Sid = 1   AND State = 1   AND LTG_Code = 1 AND Gid = 35
sqlResult   map[result: count:0 state:0]
[2020-01-02 12:10:27] rtpData ------->   map[result: count:0 state:0] 
[GIN] 2020/01/02 - 12:10:27 | 200 |    2.622252ms |  192.168.66.115 | POST     /getResult
[2020-01-02 12:10:27] 自開彩開獎  {202001020731 6 36 true} 
ConfigData  map[password:1qaz!QAZ redisDB:3 poolname:FA_MEM user:fa_db database:FA_MEM charset:utf8 redisIp:192.168.88.119 redisPort:6379 redisPassword:"" ip:192.168.88.181 port:3306]
SqlString  SELECT RTP,Amount,Bonus  FROM M_RtpSetting  WHERE Sid = 1   AND State = 1   AND LTG_Code = 6 AND Gid = 36
sqlResult   map[result: count:0 state:0]
[2020-01-02 12:10:27] rtpData ------->   map[result: count:0 state:0] 
[GIN] 2020/01/02 - 12:10:27 | 200 |    3.021284ms |  192.168.66.115 | POST     /getResult
[2020-01-02 12:10:28] 自開彩開獎  {202001020731 5 38 true} 
ConfigData  map[redisIp:192.168.88.119 redisPort:6379 poolname:FA_MEM database:FA_MEM charset:utf8 password:1qaz!QAZ redisPassword:"" redisDB:3 ip:192.168.88.181 port:3306 user:fa_db]
SqlString  SELECT RTP,Amount,Bonus  FROM M_RtpSetting  WHERE Sid = 1   AND State = 1   AND LTG_Code = 5 AND Gid = 38
sqlResult   map[state:0 result: count:0]
[2020-01-02 12:10:28] rtpData ------->   map[result: count:0 state:0] 
[GIN] 2020/01/02 - 12:10:28 | 200 |    2.435067ms |  192.168.66.115 | POST     /getResult
[2020-01-02 12:10:31] 自開彩開獎  {202001020147 5 39 true} 
ConfigData  map[charset:utf8 redisPort:6379 redisDB:3 poolname:FA_MEM port:3306 user:fa_db password:1qaz!QAZ database:FA_MEM ip:192.168.88.181 redisIp:192.168.88.119 redisPassword:""]
SqlString  SELECT RTP,Amount,Bonus  FROM M_RtpSetting  WHERE Sid = 1   AND State = 1   AND LTG_Code = 5 AND Gid = 39
sqlResult   map[result: count:0 state:0]
[2020-01-02 12:10:31] rtpData ------->   map[result: count:0 state:0] 
[GIN] 2020/01/02 - 12:10:31 | 200 |    2.436619ms |  192.168.66.115 | POST     /getResult
[2020-01-02 12:10:31] 自開彩開獎  {202001020731 1 34 true} 
ConfigData  map[ip:192.168.88.181 user:fa_db database:FA_MEM charset:utf8 redisPassword:"" redisDB:3 poolname:FA_MEM port:3306 password:1qaz!QAZ redisIp:192.168.88.119 redisPort:6379]
SqlString  SELECT RTP,Amount,Bonus  FROM M_RtpSetting  WHERE Sid = 1   AND State = 1   AND LTG_Code = 1 AND Gid = 34
sqlResult   map[result: count:0 state:0]
[2020-01-02 12:10:31] rtpData ------->   map[result: count:0 state:0] 
[GIN] 2020/01/02 - 12:10:31 | 200 |    3.077868ms |  192.168.66.115 | POST     /getResult
[2020-01-02 12:10:33] 自開彩開獎  {202001020731 4 40 true} 
ConfigData  map[redisPort:6379 redisPassword:"" ip:192.168.88.181 port:3306 user:fa_db database:FA_MEM charset:utf8 redisIp:192.168.88.119 poolname:FA_MEM password:1qaz!QAZ redisDB:3]
SqlString  SELECT RTP,Amount,Bonus  FROM M_RtpSetting  WHERE Sid = 1   AND State = 1   AND LTG_Code = 4 AND Gid = 40
[2020-01-02 12:10:33] 自開彩開獎  {202001020244 4 41 true} 
ConfigData  map[poolname:FA_MEM port:3306 database:FA_MEM charset:utf8 redisPort:6379 redisPassword:"" redisDB:3 ip:192.168.88.181 password:1qaz!QAZ redisIp:192.168.88.119 user:fa_db]
SqlString  SELECT RTP,Amount,Bonus  FROM M_RtpSetting  WHERE Sid = 1   AND State = 1   AND LTG_Code = 4 AND Gid = 41
sqlResult   map[result: count:0 state:0]
[2020-01-02 12:10:33] rtpData ------->   map[count:0 state:0 result:] 
[GIN] 2020/01/02 - 12:10:33 | 200 |    2.681133ms |  192.168.66.115 | POST     /getResult
sqlResult   map[result: count:0 state:0]
[2020-01-02 12:10:33] rtpData ------->   map[state:0 result: count:0] 
[GIN] 2020/01/02 - 12:10:33 | 200 |    2.592523ms |  192.168.66.115 | POST     /getResult
[2020-01-02 12:10:33] 自開彩開獎  {202001020244 1 35 true} 
ConfigData  map[ip:192.168.88.181 port:3306 database:FA_MEM redisIp:192.168.88.119 poolname:FA_MEM user:fa_db password:1qaz!QAZ charset:utf8 redisPort:6379 redisPassword:"" redisDB:3]
SqlString  SELECT RTP,Amount,Bonus  FROM M_RtpSetting  WHERE Sid = 1   AND State = 1   AND LTG_Code = 1 AND Gid = 35
sqlResult   map[result: count:0 state:0]
[2020-01-02 12:10:33] rtpData ------->   map[result: count:0 state:0] 
[GIN] 2020/01/02 - 12:10:33 | 200 |    2.419707ms |  192.168.66.115 | POST     /getResult
[2020-01-02 12:10:33] 自開彩開獎  {202001020731 6 36 true} 
ConfigData  map[poolname:FA_MEM charset:utf8 redisPort:6379 redisPassword:"" ip:192.168.88.181 user:fa_db password:1qaz!QAZ database:FA_MEM redisIp:192.168.88.119 redisDB:3 port:3306]
SqlString  SELECT RTP,Amount,Bonus  FROM M_RtpSetting  WHERE Sid = 1   AND State = 1   AND LTG_Code = 6 AND Gid = 36
sqlResult   map[result: count:0 state:0]
[2020-01-02 12:10:33] rtpData ------->   map[result: count:0 state:0] 
[GIN] 2020/01/02 - 12:10:33 | 200 |    1.891023ms |  192.168.66.115 | POST     /getResult
[2020-01-02 12:10:34] 自開彩開獎  {202001020731 5 38 true} 
ConfigData  map[password:1qaz!QAZ database:FA_MEM redisPort:6379 charset:utf8 redisIp:192.168.88.119 redisPassword:"" redisDB:3 ip:192.168.88.181 poolname:FA_MEM port:3306 user:fa_db]
SqlString  SELECT RTP,Amount,Bonus  FROM M_RtpSetting  WHERE Sid = 1   AND State = 1   AND LTG_Code = 5 AND Gid = 38
sqlResult   map[state:0 result: count:0]
[2020-01-02 12:10:34] rtpData ------->   map[state:0 result: count:0] 
[GIN] 2020/01/02 - 12:10:34 | 200 |    2.299133ms |  192.168.66.115 | POST     /getResult
[2020-01-02 12:10:37] 自開彩開獎  {202001020147 5 39 true} 
ConfigData  map[ip:192.168.88.181 password:1qaz!QAZ redisPort:6379 redisPassword:"" redisDB:3 poolname:FA_MEM port:3306 user:fa_db database:FA_MEM charset:utf8 redisIp:192.168.88.119]
SqlString  SELECT RTP,Amount,Bonus  FROM M_RtpSetting  WHERE Sid = 1   AND State = 1   AND LTG_Code = 5 AND Gid = 39
sqlResult   map[result: count:0 state:0]
[2020-01-02 12:10:37] rtpData ------->   map[count:0 state:0 result:] 
[GIN] 2020/01/02 - 12:10:37 | 200 |    2.303697ms |  192.168.66.115 | POST     /getResult
[2020-01-02 12:10:37] 自開彩開獎  {202001020731 1 34 true} 
ConfigData  map[charset:utf8 redisIp:192.168.88.119 redisDB:3 ip:192.168.88.181 poolname:FA_MEM password:1qaz!QAZ database:FA_MEM redisPort:6379 redisPassword:"" port:3306 user:fa_db]
SqlString  SELECT RTP,Amount,Bonus  FROM M_RtpSetting  WHERE Sid = 1   AND State = 1   AND LTG_Code = 1 AND Gid = 34
sqlResult   map[result: count:0 state:0]
[2020-01-02 12:10:37] rtpData ------->   map[count:0 state:0 result:] 
[GIN] 2020/01/02 - 12:10:37 | 200 |    2.928558ms |  192.168.66.115 | POST     /getResult
[2020-01-02 12:10:39] 自開彩開獎  {202001020731 4 40 true} 
ConfigData  map[redisDB:3 poolname:FA_MEM port:3306 user:fa_db password:1qaz!QAZ database:FA_MEM charset:utf8 redisPort:6379 ip:192.168.88.181 redisIp:192.168.88.119 redisPassword:""]
SqlString  SELECT RTP,Amount,Bonus  FROM M_RtpSetting  WHERE Sid = 1   AND State = 1   AND LTG_Code = 4 AND Gid = 40
[2020-01-02 12:10:39] 自開彩開獎  {202001020244 4 41 true} 
ConfigData  map[redisDB:3 user:fa_db redisIp:192.168.88.119 port:3306 password:1qaz!QAZ database:FA_MEM charset:utf8 redisPort:6379 redisPassword:"" ip:192.168.88.181 poolname:FA_MEM]
SqlString  SELECT RTP,Amount,Bonus  FROM M_RtpSetting  WHERE Sid = 1   AND State = 1   AND LTG_Code = 4 AND Gid = 41
sqlResult   map[result: count:0 state:0]
[2020-01-02 12:10:39] rtpData ------->   map[state:0 result: count:0] 
[GIN] 2020/01/02 - 12:10:39 | 200 |    2.150672ms |  192.168.66.115 | POST     /getResult
sqlResult   map[state:0 result: count:0]
[2020-01-02 12:10:39] rtpData ------->   map[count:0 state:0 result:] 
[GIN] 2020/01/02 - 12:10:39 | 200 |    2.500118ms |  192.168.66.115 | POST     /getResult
[2020-01-02 12:10:39] 自開彩開獎  {202001020244 1 35 true} 
ConfigData  map[ip:192.168.88.181 port:3306 redisIp:192.168.88.119 redisDB:3 poolname:FA_MEM user:fa_db password:1qaz!QAZ database:FA_MEM charset:utf8 redisPort:6379 redisPassword:""]
SqlString  SELECT RTP,Amount,Bonus  FROM M_RtpSetting  WHERE Sid = 1   AND State = 1   AND LTG_Code = 1 AND Gid = 35
sqlResult   map[result: count:0 state:0]
[2020-01-02 12:10:39] rtpData ------->   map[state:0 result: count:0] 
[GIN] 2020/01/02 - 12:10:39 | 200 |    2.537895ms |  192.168.66.115 | POST     /getResult
[2020-01-02 12:10:39] 自開彩開獎  {202001020731 6 36 true} 
ConfigData  map[charset:utf8 redisIp:192.168.88.119 redisPassword:"" poolname:FA_MEM port:3306 user:fa_db password:1qaz!QAZ database:FA_MEM redisDB:3 ip:192.168.88.181 redisPort:6379]
SqlString  SELECT RTP,Amount,Bonus  FROM M_RtpSetting  WHERE Sid = 1   AND State = 1   AND LTG_Code = 6 AND Gid = 36
sqlResult   map[state:0 result: count:0]
[2020-01-02 12:10:39] rtpData ------->   map[result: count:0 state:0] 
[GIN] 2020/01/02 - 12:10:39 | 200 |    2.830705ms |  192.168.66.115 | POST     /getResult
[2020-01-02 12:10:40] 自開彩開獎  {202001020731 5 38 true} 
ConfigData  map[redisDB:3 ip:192.168.88.181 user:fa_db redisPort:6379 redisPassword:"" charset:utf8 redisIp:192.168.88.119 poolname:FA_MEM port:3306 password:1qaz!QAZ database:FA_MEM]
SqlString  SELECT RTP,Amount,Bonus  FROM M_RtpSetting  WHERE Sid = 1   AND State = 1   AND LTG_Code = 5 AND Gid = 38
sqlResult   map[result: count:0 state:0]
[2020-01-02 12:10:40] rtpData ------->   map[result: count:0 state:0] 
[GIN] 2020/01/02 - 12:10:40 | 200 |    2.364684ms |  192.168.66.115 | POST     /getResult
[2020-01-02 12:10:43] 自開彩開獎  {202001020147 5 39 true} 
ConfigData  map[database:FA_MEM redisIp:192.168.88.119 redisPort:6379 password:1qaz!QAZ charset:utf8 redisPassword:"" redisDB:3 ip:192.168.88.181 poolname:FA_MEM port:3306 user:fa_db]
SqlString  SELECT RTP,Amount,Bonus  FROM M_RtpSetting  WHERE Sid = 1   AND State = 1   AND LTG_Code = 5 AND Gid = 39
sqlResult   map[result: count:0 state:0]
[2020-01-02 12:10:43] rtpData ------->   map[count:0 state:0 result:] 
[GIN] 2020/01/02 - 12:10:43 | 200 |    5.119657ms |  192.168.66.115 | POST     /getResult
[2020-01-02 12:10:43] 自開彩開獎  {202001020731 1 34 true} 
ConfigData  map[password:1qaz!QAZ charset:utf8 redisIp:192.168.88.119 redisPassword:"" redisPort:6379 redisDB:3 ip:192.168.88.181 poolname:FA_MEM port:3306 user:fa_db database:FA_MEM]
SqlString  SELECT RTP,Amount,Bonus  FROM M_RtpSetting  WHERE Sid = 1   AND State = 1   AND LTG_Code = 1 AND Gid = 34
sqlResult   map[result: count:0 state:0]
[2020-01-02 12:10:43] rtpData ------->   map[result: count:0 state:0] 
[GIN] 2020/01/02 - 12:10:43 | 200 |     3.67436ms |  192.168.66.115 | POST     /getResult
[2020-01-02 12:10:45] 自開彩開獎  {202001020731 4 40 true} 
ConfigData  map[password:1qaz!QAZ redisIp:192.168.88.119 redisPassword:"" poolname:FA_MEM user:fa_db database:FA_MEM charset:utf8 redisPort:6379 redisDB:3 ip:192.168.88.181 port:3306]
SqlString  SELECT RTP,Amount,Bonus  FROM M_RtpSetting  WHERE Sid = 1   AND State = 1   AND LTG_Code = 4 AND Gid = 40
[2020-01-02 12:10:45] 自開彩開獎  {202001020244 4 41 true} 
ConfigData  map[user:fa_db password:1qaz!QAZ database:FA_MEM charset:utf8 redisDB:3 ip:192.168.88.181 poolname:FA_MEM port:3306 redisIp:192.168.88.119 redisPort:6379 redisPassword:""]
SqlString  SELECT RTP,Amount,Bonus  FROM M_RtpSetting  WHERE Sid = 1   AND State = 1   AND LTG_Code = 4 AND Gid = 41
sqlResult   map[result: count:0 state:0]
sqlResult   map[result: count:0 state:0]
[2020-01-02 12:10:45] rtpData ------->   map[count:0 state:0 result:] 
[2020-01-02 12:10:45] rtpData ------->   map[result: count:0 state:0] 
[GIN] 2020/01/02 - 12:10:45 | 200 |     2.82278ms |  192.168.66.115 | POST     /getResult
[GIN] 2020/01/02 - 12:10:45 | 200 |    2.974476ms |  192.168.66.115 | POST     /getResult
[2020-01-02 12:10:45] 自開彩開獎  {202001020244 1 35 true} 
ConfigData  map[user:fa_db database:FA_MEM charset:utf8 redisPort:6379 redisPassword:"" redisDB:3 ip:192.168.88.181 port:3306 redisIp:192.168.88.119 poolname:FA_MEM password:1qaz!QAZ]
SqlString  SELECT RTP,Amount,Bonus  FROM M_RtpSetting  WHERE Sid = 1   AND State = 1   AND LTG_Code = 1 AND Gid = 35
sqlResult   map[result: count:0 state:0]
[2020-01-02 12:10:45] rtpData ------->   map[result: count:0 state:0] 
[GIN] 2020/01/02 - 12:10:45 | 200 |    3.014752ms |  192.168.66.115 | POST     /getResult
[2020-01-02 12:10:45] 自開彩開獎  {202001020731 6 36 true} 
ConfigData  map[ip:192.168.88.181 poolname:FA_MEM port:3306 redisIp:192.168.88.119 redisPort:6379 redisDB:3 user:fa_db password:1qaz!QAZ database:FA_MEM charset:utf8 redisPassword:""]
SqlString  SELECT RTP,Amount,Bonus  FROM M_RtpSetting  WHERE Sid = 1   AND State = 1   AND LTG_Code = 6 AND Gid = 36
sqlResult   map[result: count:0 state:0]
[2020-01-02 12:10:45] rtpData ------->   map[result: count:0 state:0] 
[GIN] 2020/01/02 - 12:10:45 | 200 |    2.271499ms |  192.168.66.115 | POST     /getResult
[2020-01-02 12:10:46] 自開彩開獎  {202001020731 5 38 true} 
ConfigData  map[redisPort:6379 redisPassword:"" charset:utf8 poolname:FA_MEM port:3306 user:fa_db password:1qaz!QAZ database:FA_MEM redisIp:192.168.88.119 redisDB:3 ip:192.168.88.181]
SqlString  SELECT RTP,Amount,Bonus  FROM M_RtpSetting  WHERE Sid = 1   AND State = 1   AND LTG_Code = 5 AND Gid = 38
sqlResult   map[result: count:0 state:0]
[2020-01-02 12:10:46] rtpData ------->   map[result: count:0 state:0] 
[GIN] 2020/01/02 - 12:10:46 | 200 |    2.534523ms |  192.168.66.115 | POST     /getResult
[2020-01-02 12:10:49] 自開彩開獎  {202001020147 5 39 true} 
ConfigData  map[redisPort:6379 redisPassword:"" port:3306 password:1qaz!QAZ redisIp:192.168.88.119 database:FA_MEM charset:utf8 redisDB:3 ip:192.168.88.181 poolname:FA_MEM user:fa_db]
SqlString  SELECT RTP,Amount,Bonus  FROM M_RtpSetting  WHERE Sid = 1   AND State = 1   AND LTG_Code = 5 AND Gid = 39
sqlResult   map[result: count:0 state:0]
[2020-01-02 12:10:49] rtpData ------->   map[result: count:0 state:0] 
[GIN] 2020/01/02 - 12:10:49 | 200 |    2.206733ms |  192.168.66.115 | POST     /getResult
[2020-01-02 12:10:49] 自開彩開獎  {202001020731 1 34 true} 
ConfigData  map[database:FA_MEM charset:utf8 redisIp:192.168.88.119 redisPassword:"" user:fa_db poolname:FA_MEM port:3306 password:1qaz!QAZ redisPort:6379 redisDB:3 ip:192.168.88.181]
SqlString  SELECT RTP,Amount,Bonus  FROM M_RtpSetting  WHERE Sid = 1   AND State = 1   AND LTG_Code = 1 AND Gid = 34
sqlResult   map[result: count:0 state:0]
[2020-01-02 12:10:49] rtpData ------->   map[result: count:0 state:0] 
[GIN] 2020/01/02 - 12:10:49 | 200 |     2.57363ms |  192.168.66.115 | POST     /getResult
[2020-01-02 12:10:51] 自開彩開獎  {202001020731 4 40 true} 
ConfigData  map[user:fa_db charset:utf8 redisPassword:"" redisDB:3 ip:192.168.88.181 poolname:FA_MEM port:3306 redisPort:6379 password:1qaz!QAZ database:FA_MEM redisIp:192.168.88.119]
SqlString  SELECT RTP,Amount,Bonus  FROM M_RtpSetting  WHERE Sid = 1   AND State = 1   AND LTG_Code = 4 AND Gid = 40
[2020-01-02 12:10:51] 自開彩開獎  {202001020244 4 41 true} 
ConfigData  map[port:3306 database:FA_MEM charset:utf8 redisDB:3 ip:192.168.88.181 poolname:FA_MEM user:fa_db password:1qaz!QAZ redisIp:192.168.88.119 redisPort:6379 redisPassword:""]
SqlString  SELECT RTP,Amount,Bonus  FROM M_RtpSetting  WHERE Sid = 1   AND State = 1   AND LTG_Code = 4 AND Gid = 41
sqlResult   map[result: count:0 state:0]
[2020-01-02 12:10:51] rtpData ------->   map[result: count:0 state:0] 
[GIN] 2020/01/02 - 12:10:51 | 200 |    2.434896ms |  192.168.66.115 | POST     /getResult
sqlResult   map[state:0 result: count:0]
[2020-01-02 12:10:51] rtpData ------->   map[count:0 state:0 result:] 
[GIN] 2020/01/02 - 12:10:51 | 200 |    2.751093ms |  192.168.66.115 | POST     /getResult
[2020-01-02 12:10:51] 自開彩開獎  {202001020244 1 35 true} 
ConfigData  map[port:3306 user:fa_db database:FA_MEM charset:utf8 redisPassword:"" poolname:FA_MEM password:1qaz!QAZ redisIp:192.168.88.119 redisPort:6379 redisDB:3 ip:192.168.88.181]
SqlString  SELECT RTP,Amount,Bonus  FROM M_RtpSetting  WHERE Sid = 1   AND State = 1   AND LTG_Code = 1 AND Gid = 35
sqlResult   map[result: count:0 state:0]
[2020-01-02 12:10:51] rtpData ------->   map[result: count:0 state:0] 
[GIN] 2020/01/02 - 12:10:51 | 200 |    2.264866ms |  192.168.66.115 | POST     /getResult
[2020-01-02 12:10:51] 自開彩開獎  {202001020731 6 36 true} 
ConfigData  map[poolname:FA_MEM port:3306 password:1qaz!QAZ database:FA_MEM redisIp:192.168.88.119 redisPort:6379 redisPassword:"" ip:192.168.88.181 user:fa_db charset:utf8 redisDB:3]
SqlString  SELECT RTP,Amount,Bonus  FROM M_RtpSetting  WHERE Sid = 1   AND State = 1   AND LTG_Code = 6 AND Gid = 36
sqlResult   map[result: count:0 state:0]
[2020-01-02 12:10:51] rtpData ------->   map[result: count:0 state:0] 
[GIN] 2020/01/02 - 12:10:51 | 200 |    1.793549ms |  192.168.66.115 | POST     /getResult
[2020-01-02 12:10:52] 自開彩開獎  {202001020731 5 38 true} 
ConfigData  map[password:1qaz!QAZ database:FA_MEM ip:192.168.88.181 poolname:FA_MEM port:3306 user:fa_db redisDB:3 charset:utf8 redisIp:192.168.88.119 redisPort:6379 redisPassword:""]
SqlString  SELECT RTP,Amount,Bonus  FROM M_RtpSetting  WHERE Sid = 1   AND State = 1   AND LTG_Code = 5 AND Gid = 38
sqlResult   map[result: count:0 state:0]
[2020-01-02 12:10:52] rtpData ------->   map[result: count:0 state:0] 
[GIN] 2020/01/02 - 12:10:52 | 200 |    2.364245ms |  192.168.66.115 | POST     /getResult
[2020-01-02 12:10:55] 自開彩開獎  {202001020147 5 39 true} 
ConfigData  map[redisIp:192.168.88.119 ip:192.168.88.181 poolname:FA_MEM password:1qaz!QAZ database:FA_MEM redisPassword:"" redisDB:3 port:3306 user:fa_db charset:utf8 redisPort:6379]
SqlString  SELECT RTP,Amount,Bonus  FROM M_RtpSetting  WHERE Sid = 1   AND State = 1   AND LTG_Code = 5 AND Gid = 39
sqlResult   map[state:0 result: count:0]
[2020-01-02 12:10:55] rtpData ------->   map[count:0 state:0 result:] 
[GIN] 2020/01/02 - 12:10:55 | 200 |    2.797299ms |  192.168.66.115 | POST     /getResult
[2020-01-02 12:10:55] 自開彩開獎  {202001020731 1 34 true} 
ConfigData  map[redisPort:6379 ip:192.168.88.181 poolname:FA_MEM port:3306 user:fa_db database:FA_MEM charset:utf8 redisIp:192.168.88.119 redisPassword:"" redisDB:3 password:1qaz!QAZ]
SqlString  SELECT RTP,Amount,Bonus  FROM M_RtpSetting  WHERE Sid = 1   AND State = 1   AND LTG_Code = 1 AND Gid = 34
sqlResult   map[result: count:0 state:0]
[2020-01-02 12:10:55] rtpData ------->   map[result: count:0 state:0] 
[GIN] 2020/01/02 - 12:10:55 | 200 |    2.557798ms |  192.168.66.115 | POST     /getResult
[2020-01-02 12:10:57] 自開彩開獎  {202001020731 4 40 true} 
[2020-01-02 12:10:57] 自開彩開獎  {202001020244 4 41 true} 
ConfigData  map[port:3306 user:fa_db database:FA_MEM charset:utf8 redisIp:192.168.88.119 redisPort:6379 redisDB:3 ip:192.168.88.181 poolname:FA_MEM password:1qaz!QAZ redisPassword:""]
SqlString  SELECT RTP,Amount,Bonus  FROM M_RtpSetting  WHERE Sid = 1   AND State = 1   AND LTG_Code = 4 AND Gid = 40
ConfigData  map[password:1qaz!QAZ redisIp:192.168.88.119 redisPort:6379 redisDB:3 ip:192.168.88.181 poolname:FA_MEM database:FA_MEM charset:utf8 redisPassword:"" port:3306 user:fa_db]
SqlString  SELECT RTP,Amount,Bonus  FROM M_RtpSetting  WHERE Sid = 1   AND State = 1   AND LTG_Code = 4 AND Gid = 41
sqlResult   map[state:0 result: count:0]
[2020-01-02 12:10:57] rtpData ------->   map[state:0 result: count:0] 
[GIN] 2020/01/02 - 12:10:57 | 200 |    2.175946ms |  192.168.66.115 | POST     /getResult
sqlResult   map[state:0 result: count:0]
[2020-01-02 12:10:57] rtpData ------->   map[result: count:0 state:0] 
[GIN] 2020/01/02 - 12:10:57 | 200 |    2.592134ms |  192.168.66.115 | POST     /getResult
[2020-01-02 12:10:57] 自開彩開獎  {202001020244 1 35 true} 
ConfigData  map[charset:utf8 redisIp:192.168.88.119 redisPort:6379 redisDB:3 ip:192.168.88.181 poolname:FA_MEM port:3306 database:FA_MEM user:fa_db password:1qaz!QAZ redisPassword:""]
SqlString  SELECT RTP,Amount,Bonus  FROM M_RtpSetting  WHERE Sid = 1   AND State = 1   AND LTG_Code = 1 AND Gid = 35
sqlResult   map[result: count:0 state:0]
[2020-01-02 12:10:57] rtpData ------->   map[result: count:0 state:0] 
[GIN] 2020/01/02 - 12:10:57 | 200 |    2.495833ms |  192.168.66.115 | POST     /getResult
[2020-01-02 12:10:57] 自開彩開獎  {202001020731 6 36 true} 
ConfigData  map[redisPort:6379 redisDB:3 poolname:FA_MEM port:3306 charset:utf8 database:FA_MEM redisIp:192.168.88.119 redisPassword:"" ip:192.168.88.181 user:fa_db password:1qaz!QAZ]
SqlString  SELECT RTP,Amount,Bonus  FROM M_RtpSetting  WHERE Sid = 1   AND State = 1   AND LTG_Code = 6 AND Gid = 36
sqlResult   map[result: count:0 state:0]
[2020-01-02 12:10:57] rtpData ------->   map[count:0 state:0 result:] 
[GIN] 2020/01/02 - 12:10:57 | 200 |    2.170258ms |  192.168.66.115 | POST     /getResult
[2020-01-02 12:10:58] 自開彩開獎  {202001020731 5 38 true} 
ConfigData  map[port:3306 user:fa_db database:FA_MEM redisPort:6379 redisDB:3 ip:192.168.88.181 poolname:FA_MEM redisIp:192.168.88.119 redisPassword:"" password:1qaz!QAZ charset:utf8]
SqlString  SELECT RTP,Amount,Bonus  FROM M_RtpSetting  WHERE Sid = 1   AND State = 1   AND LTG_Code = 5 AND Gid = 38
sqlResult   map[state:0 result: count:0]
[2020-01-02 12:10:58] rtpData ------->   map[result: count:0 state:0] 
[GIN] 2020/01/02 - 12:10:58 | 200 |    2.611146ms |  192.168.66.115 | POST     /getResult
[2020-01-02 12:11:01] 自開彩開獎  {202001020147 5 39 true} 
ConfigData  map[redisIp:192.168.88.119 redisDB:3 poolname:FA_MEM port:3306 charset:utf8 database:FA_MEM redisPort:6379 redisPassword:"" ip:192.168.88.181 user:fa_db password:1qaz!QAZ]
SqlString  SELECT RTP,Amount,Bonus  FROM M_RtpSetting  WHERE Sid = 1   AND State = 1   AND LTG_Code = 5 AND Gid = 39
[2020-01-02 12:11:01] 自開彩開獎  {202001020732 2 26 true} 
ConfigData  map[poolname:FA_MEM user:fa_db database:FA_MEM redisIp:192.168.88.119 redisPassword:"" redisDB:3 ip:192.168.88.181 port:3306 password:1qaz!QAZ charset:utf8 redisPort:6379]
SqlString  SELECT RTP,Amount,Bonus  FROM M_RtpSetting  WHERE Sid = 1   AND State = 1   AND LTG_Code = 2 AND Gid = 26
sqlResult   map[result: count:0 state:0]
[2020-01-02 12:11:01] rtpData ------->   map[result: count:0 state:0] 
[GIN] 2020/01/02 - 12:11:01 | 200 |    2.567299ms |  192.168.66.115 | POST     /getResult
sqlResult   map[result:0.9600 count:1 state:1 amount:1.0069588e+06 bonus:908100.71]
[2020-01-02 12:11:01] rtpData ------->   map[state:1 amount:1.0069588e+06 bonus:908100.71 result:0.9600 count:1] 
ConfigData  map[port:3306 user:fa_db password:1qaz!QAZ database:FA_MEM redisIp:192.168.88.119 redisPort:6379 redisPassword:"" ip:192.168.88.181 poolname:FA_MEM charset:utf8 redisDB:3]
SELECT BO_No, BO_OrderNo , BO_User , BO_Issue  , BO_LotteryTypeGroup, BO_LotteryType, BO_Mode, BO_LotteryPlayGroup, BO_LotteryPlay , BO_LotteryContent, BO_Price, BO_RealPrice, BO_Unit, BO_Multiple , BO_BetCount  , BO_Winnings, BO_Winnings2, BO_Winnings3, BO_WinningLimit  , BO_Water , BO_BW_SourceUserId, BO_BW_BackWater, BO_BW_LimitBetCount, BO_BW_MaxAmount, BO_BW_AuditMultiple  , BO_Odds, BO_Odds2, BO_Odds3 , BO_Type, BO_Chase , BO_OpenResult, BO_OpenResult2, BO_DateDraw, BO_DateDraw2, BO_DateUpdate  FROM TS_BetOrder  WHERE BO_Cancel = 0   AND BO_CancelBackend = 0   AND BO_LotteryTypeGroup = 2 AND BO_LotteryType = 26 AND BO_Issue = 202001020732 AND BO_Collect = 0 ORDER BY BO_DateDraw ASC, BO_DateCreate ASC, BO_DateUpdate ASC, BO_No ASC ;
[2020-01-02 12:11:01] LottteryTypeGroup 2 
[2020-01-02 12:11:01] 有期號 但無注單 -------> map[amount:0 bonus:0 thisOpenResult:[9 1 1 0 1]] 
[GIN] 2020/01/02 - 12:11:01 | 200 |    4.473036ms |  192.168.66.115 | POST     /getResult
[2020-01-02 12:11:01] 自開彩開獎  {202001020731 1 34 true} 
ConfigData  map[charset:utf8 redisIp:192.168.88.119 redisPort:6379 user:fa_db database:FA_MEM port:3306 password:1qaz!QAZ redisPassword:"" redisDB:3 ip:192.168.88.181 poolname:FA_MEM]
SqlString  SELECT RTP,Amount,Bonus  FROM M_RtpSetting  WHERE Sid = 1   AND State = 1   AND LTG_Code = 1 AND Gid = 34
sqlResult   map[state:0 result: count:0]
[2020-01-02 12:11:01] rtpData ------->   map[count:0 state:0 result:] 
[GIN] 2020/01/02 - 12:11:01 | 200 |    3.089415ms |  192.168.66.115 | POST     /getResult
[2020-01-02 12:11:03] 自開彩開獎  {202001020731 4 40 true} 
ConfigData  map[user:fa_db charset:utf8 redisIp:192.168.88.119 redisPort:6379 redisPassword:"" ip:192.168.88.181 poolname:FA_MEM port:3306 password:1qaz!QAZ database:FA_MEM redisDB:3]
[2020-01-02 12:11:03] 自開彩開獎  {202001020244 4 41 true} 
ConfigData  map[port:3306 charset:utf8 redisPort:6379 redisPassword:"" redisDB:3 ip:192.168.88.181 poolname:FA_MEM user:fa_db password:1qaz!QAZ database:FA_MEM redisIp:192.168.88.119]
SqlString  SELECT RTP,Amount,Bonus  FROM M_RtpSetting  WHERE Sid = 1   AND State = 1   AND LTG_Code = 4 AND Gid = 41
SqlString  SELECT RTP,Amount,Bonus  FROM M_RtpSetting  WHERE Sid = 1   AND State = 1   AND LTG_Code = 4 AND Gid = 40
sqlResult   map[count:0 state:0 result:]
[2020-01-02 12:11:03] rtpData ------->   map[result: count:0 state:0] 
[GIN] 2020/01/02 - 12:11:03 | 200 |    2.282141ms |  192.168.66.115 | POST     /getResult
sqlResult   map[result: count:0 state:0]
[2020-01-02 12:11:03] rtpData ------->   map[result: count:0 state:0] 
[GIN] 2020/01/02 - 12:11:03 | 200 |    2.244832ms |  192.168.66.115 | POST     /getResult
[2020-01-02 12:11:03] 自開彩開獎  {202001020244 1 35 true} 
ConfigData  map[redisPort:6379 redisDB:3 ip:192.168.88.181 database:FA_MEM user:fa_db password:1qaz!QAZ charset:utf8 redisIp:192.168.88.119 redisPassword:"" poolname:FA_MEM port:3306]
SqlString  SELECT RTP,Amount,Bonus  FROM M_RtpSetting  WHERE Sid = 1   AND State = 1   AND LTG_Code = 1 AND Gid = 35
sqlResult   map[result: count:0 state:0]
[2020-01-02 12:11:03] rtpData ------->   map[result: count:0 state:0] 
[GIN] 2020/01/02 - 12:11:03 | 200 |    3.292096ms |  192.168.66.115 | POST     /getResult
[2020-01-02 12:11:03] 自開彩開獎  {202001020731 6 36 true} 
ConfigData  map[port:3306 charset:utf8 redisPort:6379 redisDB:3 database:FA_MEM redisIp:192.168.88.119 redisPassword:"" ip:192.168.88.181 poolname:FA_MEM user:fa_db password:1qaz!QAZ]
SqlString  SELECT RTP,Amount,Bonus  FROM M_RtpSetting  WHERE Sid = 1   AND State = 1   AND LTG_Code = 6 AND Gid = 36
sqlResult   map[result: count:0 state:0]
[2020-01-02 12:11:03] rtpData ------->   map[result: count:0 state:0] 
[GIN] 2020/01/02 - 12:11:03 | 200 |    2.631955ms |  192.168.66.115 | POST     /getResult
[2020-01-02 12:11:04] 自開彩開獎  {202001020731 5 38 true} 
ConfigData  map[ip:192.168.88.181 database:FA_MEM charset:utf8 redisIp:192.168.88.119 redisPort:6379 redisPassword:"" poolname:FA_MEM port:3306 user:fa_db password:1qaz!QAZ redisDB:3]
SqlString  SELECT RTP,Amount,Bonus  FROM M_RtpSetting  WHERE Sid = 1   AND State = 1   AND LTG_Code = 5 AND Gid = 38
sqlResult   map[result: count:0 state:0]
[2020-01-02 12:11:04] rtpData ------->   map[result: count:0 state:0] 
[GIN] 2020/01/02 - 12:11:04 | 200 |    2.192327ms |  192.168.66.115 | POST     /getResult
[2020-01-02 12:11:07] 自開彩開獎  {202001020732 1 34 true} 
ConfigData  map[redisIp:192.168.88.119 redisPort:6379 redisPassword:"" poolname:FA_MEM user:fa_db password:1qaz!QAZ database:FA_MEM charset:utf8 redisDB:3 ip:192.168.88.181 port:3306]
SqlString  SELECT RTP,Amount,Bonus  FROM M_RtpSetting  WHERE Sid = 1   AND State = 1   AND LTG_Code = 1 AND Gid = 34
sqlResult   map[state:0 result: count:0]
[2020-01-02 12:11:07] rtpData ------->   map[result: count:0 state:0] 
[GIN] 2020/01/02 - 12:11:07 | 200 |    3.358802ms |  192.168.66.115 | POST     /getResult
[2020-01-02 12:11:09] 自開彩開獎  {202001020732 4 40 true} 
ConfigData  map[redisPassword:"" redisDB:3 user:fa_db password:1qaz!QAZ charset:utf8 redisIp:192.168.88.119 redisPort:6379 ip:192.168.88.181 poolname:FA_MEM port:3306 database:FA_MEM]
SqlString  SELECT RTP,Amount,Bonus  FROM M_RtpSetting  WHERE Sid = 1   AND State = 1   AND LTG_Code = 4 AND Gid = 40
[2020-01-02 12:11:09] 自開彩開獎  {202001020244 4 41 true} 
ConfigData  map[password:1qaz!QAZ redisDB:3 ip:192.168.88.181 user:fa_db database:FA_MEM charset:utf8 redisIp:192.168.88.119 redisPort:6379 redisPassword:"" poolname:FA_MEM port:3306]
SqlString  SELECT RTP,Amount,Bonus  FROM M_RtpSetting  WHERE Sid = 1   AND State = 1   AND LTG_Code = 4 AND Gid = 41
sqlResult   map[result: count:0 state:0]
[2020-01-02 12:11:09] rtpData ------->   map[result: count:0 state:0] 
[GIN] 2020/01/02 - 12:11:09 | 200 |    2.616442ms |  192.168.66.115 | POST     /getResult
sqlResult   map[state:0 result: count:0]
[2020-01-02 12:11:09] rtpData ------->   map[result: count:0 state:0] 
[GIN] 2020/01/02 - 12:11:09 | 200 |    1.828268ms |  192.168.66.115 | POST     /getResult
[2020-01-02 12:11:09] 自開彩開獎  {202001020244 1 35 true} 
ConfigData  map[charset:utf8 redisPassword:"" port:3306 user:fa_db database:FA_MEM redisIp:192.168.88.119 redisPort:6379 redisDB:3 ip:192.168.88.181 poolname:FA_MEM password:1qaz!QAZ]
SqlString  SELECT RTP,Amount,Bonus  FROM M_RtpSetting  WHERE Sid = 1   AND State = 1   AND LTG_Code = 1 AND Gid = 35
sqlResult   map[result: count:0 state:0]
[2020-01-02 12:11:09] rtpData ------->   map[result: count:0 state:0] 
[GIN] 2020/01/02 - 12:11:09 | 200 |    2.735968ms |  192.168.66.115 | POST     /getResult
[2020-01-02 12:11:09] 自開彩開獎  {202001020732 6 36 true} 
ConfigData  map[poolname:FA_MEM user:fa_db password:1qaz!QAZ redisPassword:"" redisDB:3 ip:192.168.88.181 database:FA_MEM charset:utf8 redisIp:192.168.88.119 redisPort:6379 port:3306]
SqlString  SELECT RTP,Amount,Bonus  FROM M_RtpSetting  WHERE Sid = 1   AND State = 1   AND LTG_Code = 6 AND Gid = 36
sqlResult   map[result: count:0 state:0]
[2020-01-02 12:11:09] rtpData ------->   map[result: count:0 state:0] 
[GIN] 2020/01/02 - 12:11:09 | 200 |    2.250764ms |  192.168.66.115 | POST     /getResult
[2020-01-02 12:11:10] 自開彩開獎  {202001020732 5 38 true} 
ConfigData  map[password:1qaz!QAZ database:FA_MEM redisIp:192.168.88.119 ip:192.168.88.181 user:fa_db charset:utf8 redisPort:6379 redisPassword:"" redisDB:3 poolname:FA_MEM port:3306]
SqlString  SELECT RTP,Amount,Bonus  FROM M_RtpSetting  WHERE Sid = 1   AND State = 1   AND LTG_Code = 5 AND Gid = 38
sqlResult   map[result: count:0 state:0]
[2020-01-02 12:11:10] rtpData ------->   map[result: count:0 state:0] 
[GIN] 2020/01/02 - 12:11:10 | 200 |    2.217755ms |  192.168.66.115 | POST     /getResult
[2020-01-02 12:11:13] 自開彩開獎  {202001020732 1 34 true} 
ConfigData  map[redisIp:192.168.88.119 redisPort:6379 poolname:FA_MEM user:fa_db password:1qaz!QAZ database:FA_MEM charset:utf8 redisPassword:"" redisDB:3 ip:192.168.88.181 port:3306]
SqlString  SELECT RTP,Amount,Bonus  FROM M_RtpSetting  WHERE Sid = 1   AND State = 1   AND LTG_Code = 1 AND Gid = 34
sqlResult   map[state:0 result: count:0]
[2020-01-02 12:11:13] rtpData ------->   map[result: count:0 state:0] 
[GIN] 2020/01/02 - 12:11:13 | 200 |    3.137926ms |  192.168.66.115 | POST     /getResult
[2020-01-02 12:11:15] 自開彩開獎  {202001020732 4 40 true} 
ConfigData  map[user:fa_db password:1qaz!QAZ database:FA_MEM redisIp:192.168.88.119 ip:192.168.88.181 poolname:FA_MEM port:3306 redisDB:3 charset:utf8 redisPort:6379 redisPassword:""]
SqlString  SELECT RTP,Amount,Bonus  FROM M_RtpSetting  WHERE Sid = 1   AND State = 1   AND LTG_Code = 4 AND Gid = 40
[2020-01-02 12:11:15] 自開彩開獎  {202001020244 4 41 true} 
ConfigData  map[database:FA_MEM charset:utf8 redisIp:192.168.88.119 redisPassword:"" redisDB:3 poolname:FA_MEM port:3306 user:fa_db password:1qaz!QAZ redisPort:6379 ip:192.168.88.181]
SqlString  SELECT RTP,Amount,Bonus  FROM M_RtpSetting  WHERE Sid = 1   AND State = 1   AND LTG_Code = 4 AND Gid = 41
sqlResult   map[count:0 state:0 result:]
[2020-01-02 12:11:15] rtpData ------->   map[result: count:0 state:0] 
[GIN] 2020/01/02 - 12:11:15 | 200 |    2.077344ms |  192.168.66.115 | POST     /getResult
sqlResult   map[result: count:0 state:0]
[2020-01-02 12:11:15] rtpData ------->   map[result: count:0 state:0] 
[GIN] 2020/01/02 - 12:11:15 | 200 |    2.473656ms |  192.168.66.115 | POST     /getResult
[2020-01-02 12:11:15] 自開彩開獎  {202001020244 1 35 true} 
ConfigData  map[ip:192.168.88.181 poolname:FA_MEM port:3306 user:fa_db password:1qaz!QAZ database:FA_MEM redisPassword:"" charset:utf8 redisIp:192.168.88.119 redisPort:6379 redisDB:3]
SqlString  SELECT RTP,Amount,Bonus  FROM M_RtpSetting  WHERE Sid = 1   AND State = 1   AND LTG_Code = 1 AND Gid = 35
sqlResult   map[result: count:0 state:0]
[2020-01-02 12:11:15] rtpData ------->   map[result: count:0 state:0] 
[GIN] 2020/01/02 - 12:11:15 | 200 |      2.7729ms |  192.168.66.115 | POST     /getResult
[2020-01-02 12:11:15] 自開彩開獎  {202001020732 6 36 true} 
ConfigData  map[poolname:FA_MEM port:3306 user:fa_db password:1qaz!QAZ database:FA_MEM redisIp:192.168.88.119 redisPassword:"" ip:192.168.88.181 charset:utf8 redisPort:6379 redisDB:3]
SqlString  SELECT RTP,Amount,Bonus  FROM M_RtpSetting  WHERE Sid = 1   AND State = 1   AND LTG_Code = 6 AND Gid = 36
sqlResult   map[result: count:0 state:0]
[2020-01-02 12:11:15] rtpData ------->   map[result: count:0 state:0] 
[GIN] 2020/01/02 - 12:11:15 | 200 |    2.166358ms |  192.168.66.115 | POST     /getResult
[2020-01-02 12:11:16] 自開彩開獎  {202001020732 5 38 true} 
ConfigData  map[user:fa_db password:1qaz!QAZ redisIp:192.168.88.119 redisPort:6379 redisPassword:"" redisDB:3 ip:192.168.88.181 poolname:FA_MEM port:3306 database:FA_MEM charset:utf8]
SqlString  SELECT RTP,Amount,Bonus  FROM M_RtpSetting  WHERE Sid = 1   AND State = 1   AND LTG_Code = 5 AND Gid = 38
sqlResult   map[result: count:0 state:0]
[2020-01-02 12:11:16] rtpData ------->   map[result: count:0 state:0] 
[GIN] 2020/01/02 - 12:11:16 | 200 |    2.938757ms |  192.168.66.115 | POST     /getResult
[2020-01-02 12:11:19] 自開彩開獎  {202001020732 1 34 true} 
ConfigData  map[redisPort:6379 redisPassword:"" redisDB:3 user:fa_db database:FA_MEM port:3306 password:1qaz!QAZ charset:utf8 redisIp:192.168.88.119 ip:192.168.88.181 poolname:FA_MEM]
SqlString  SELECT RTP,Amount,Bonus  FROM M_RtpSetting  WHERE Sid = 1   AND State = 1   AND LTG_Code = 1 AND Gid = 34
sqlResult   map[result: count:0 state:0]
[2020-01-02 12:11:19] rtpData ------->   map[result: count:0 state:0] 
[GIN] 2020/01/02 - 12:11:19 | 200 |    2.896942ms |  192.168.66.115 | POST     /getResult
[2020-01-02 12:11:21] 自開彩開獎  {202001020244 4 41 true} 
[2020-01-02 12:11:21] 自開彩開獎  {202001020732 4 40 true} 
ConfigData  map[user:fa_db password:1qaz!QAZ database:FA_MEM charset:utf8 redisIp:192.168.88.119 redisPort:6379 poolname:FA_MEM port:3306 redisPassword:"" redisDB:3 ip:192.168.88.181]
SqlString  SELECT RTP,Amount,Bonus  FROM M_RtpSetting  WHERE Sid = 1   AND State = 1   AND LTG_Code = 4 AND Gid = 41
ConfigData  map[redisIp:192.168.88.119 redisDB:3 poolname:FA_MEM port:3306 database:FA_MEM charset:utf8 redisPassword:"" ip:192.168.88.181 user:fa_db password:1qaz!QAZ redisPort:6379]
SqlString  SELECT RTP,Amount,Bonus  FROM M_RtpSetting  WHERE Sid = 1   AND State = 1   AND LTG_Code = 4 AND Gid = 40
sqlResult   map[result: count:0 state:0]
[2020-01-02 12:11:21] rtpData ------->   map[state:0 result: count:0] 
[GIN] 2020/01/02 - 12:11:21 | 200 |    2.476273ms |  192.168.66.115 | POST     /getResult
sqlResult   map[result: count:0 state:0]
[2020-01-02 12:11:21] rtpData ------->   map[result: count:0 state:0] 
[GIN] 2020/01/02 - 12:11:21 | 200 |      2.7286ms |  192.168.66.115 | POST     /getResult
[2020-01-02 12:11:21] 自開彩開獎  {202001020244 1 35 true} 
ConfigData  map[ip:192.168.88.181 poolname:FA_MEM user:fa_db redisIp:192.168.88.119 redisDB:3 port:3306 password:1qaz!QAZ database:FA_MEM charset:utf8 redisPort:6379 redisPassword:""]
SqlString  SELECT RTP,Amount,Bonus  FROM M_RtpSetting  WHERE Sid = 1   AND State = 1   AND LTG_Code = 1 AND Gid = 35
sqlResult   map[state:0 result: count:0]
[2020-01-02 12:11:21] rtpData ------->   map[result: count:0 state:0] 
[GIN] 2020/01/02 - 12:11:21 | 200 |    2.796936ms |  192.168.66.115 | POST     /getResult
[2020-01-02 12:11:21] 自開彩開獎  {202001020732 6 36 true} 
ConfigData  map[redisIp:192.168.88.119 redisPort:6379 redisDB:3 ip:192.168.88.181 poolname:FA_MEM password:1qaz!QAZ charset:utf8 redisPassword:"" port:3306 user:fa_db database:FA_MEM]
SqlString  SELECT RTP,Amount,Bonus  FROM M_RtpSetting  WHERE Sid = 1   AND State = 1   AND LTG_Code = 6 AND Gid = 36
sqlResult   map[result: count:0 state:0]
[2020-01-02 12:11:21] rtpData ------->   map[state:0 result: count:0] 
[GIN] 2020/01/02 - 12:11:21 | 200 |    1.834256ms |  192.168.66.115 | POST     /getResult
[2020-01-02 12:11:22] 自開彩開獎  {202001020732 5 38 true} 
ConfigData  map[user:fa_db redisIp:192.168.88.119 redisDB:3 poolname:FA_MEM port:3306 database:FA_MEM charset:utf8 redisPort:6379 redisPassword:"" ip:192.168.88.181 password:1qaz!QAZ]
SqlString  SELECT RTP,Amount,Bonus  FROM M_RtpSetting  WHERE Sid = 1   AND State = 1   AND LTG_Code = 5 AND Gid = 38
sqlResult   map[count:0 state:0 result:]
[2020-01-02 12:11:22] rtpData ------->   map[result: count:0 state:0] 
[GIN] 2020/01/02 - 12:11:22 | 200 |    2.974729ms |  192.168.66.115 | POST     /getResult
[2020-01-02 12:11:25] 自開彩開獎  {202001020732 1 34 true} 
ConfigData  map[database:FA_MEM charset:utf8 redisPort:6379 redisDB:3 ip:192.168.88.181 user:fa_db password:1qaz!QAZ redisPassword:"" poolname:FA_MEM port:3306 redisIp:192.168.88.119]
SqlString  SELECT RTP,Amount,Bonus  FROM M_RtpSetting  WHERE Sid = 1   AND State = 1   AND LTG_Code = 1 AND Gid = 34
sqlResult   map[result: count:0 state:0]
[2020-01-02 12:11:25] rtpData ------->   map[result: count:0 state:0] 
[GIN] 2020/01/02 - 12:11:25 | 200 |     2.29432ms |  192.168.66.115 | POST     /getResult
[2020-01-02 12:11:27] 自開彩開獎  {202001020244 4 41 true} 
ConfigData  map[redisDB:3 ip:192.168.88.181 user:fa_db database:FA_MEM redisIp:192.168.88.119 redisPort:6379 redisPassword:"" poolname:FA_MEM port:3306 password:1qaz!QAZ charset:utf8]
SqlString  SELECT RTP,Amount,Bonus  FROM M_RtpSetting  WHERE Sid = 1   AND State = 1   AND LTG_Code = 4 AND Gid = 41
[2020-01-02 12:11:27] 自開彩開獎  {202001020732 4 40 true} 
ConfigData  map[user:fa_db password:1qaz!QAZ charset:utf8 redisIp:192.168.88.119 redisPassword:"" redisDB:3 port:3306 poolname:FA_MEM database:FA_MEM redisPort:6379 ip:192.168.88.181]
SqlString  SELECT RTP,Amount,Bonus  FROM M_RtpSetting  WHERE Sid = 1   AND State = 1   AND LTG_Code = 4 AND Gid = 40
sqlResult   map[result: count:0 state:0]
[2020-01-02 12:11:27] rtpData ------->   map[result: count:0 state:0] 
[GIN] 2020/01/02 - 12:11:27 | 200 |    2.686818ms |  192.168.66.115 | POST     /getResult
sqlResult   map[result: count:0 state:0]
[2020-01-02 12:11:27] rtpData ------->   map[result: count:0 state:0] 
[GIN] 2020/01/02 - 12:11:27 | 200 |    2.839505ms |  192.168.66.115 | POST     /getResult
[2020-01-02 12:11:27] 自開彩開獎  {202001020244 1 35 true} 
[2020-01-02 12:11:27] 自開彩開獎  {202001020732 6 36 true} 
ConfigData  map[ip:192.168.88.181 port:3306 redisIp:192.168.88.119 redisPort:6379 redisDB:3 poolname:FA_MEM user:fa_db password:1qaz!QAZ database:FA_MEM charset:utf8 redisPassword:""]
SqlString  SELECT RTP,Amount,Bonus  FROM M_RtpSetting  WHERE Sid = 1   AND State = 1   AND LTG_Code = 1 AND Gid = 35
ConfigData  map[user:fa_db password:1qaz!QAZ database:FA_MEM redisIp:192.168.88.119 redisPassword:"" ip:192.168.88.181 poolname:FA_MEM port:3306 charset:utf8 redisPort:6379 redisDB:3]
SqlString  SELECT RTP,Amount,Bonus  FROM M_RtpSetting  WHERE Sid = 1   AND State = 1   AND LTG_Code = 6 AND Gid = 36
sqlResult   map[result: count:0 state:0]
[2020-01-02 12:11:27] rtpData ------->   map[result: count:0 state:0] 
sqlResult   map[result: count:0 state:0]
[2020-01-02 12:11:27] rtpData ------->   map[result: count:0 state:0] 
[GIN] 2020/01/02 - 12:11:27 | 200 |    1.965566ms |  192.168.66.115 | POST     /getResult
[GIN] 2020/01/02 - 12:11:27 | 200 |    2.118304ms |  192.168.66.115 | POST     /getResult
[2020-01-02 12:11:28] 自開彩開獎  {202001020732 5 38 true} 
ConfigData  map[ip:192.168.88.181 port:3306 password:1qaz!QAZ database:FA_MEM charset:utf8 redisPassword:"" poolname:FA_MEM user:fa_db redisIp:192.168.88.119 redisPort:6379 redisDB:3]
SqlString  SELECT RTP,Amount,Bonus  FROM M_RtpSetting  WHERE Sid = 1   AND State = 1   AND LTG_Code = 5 AND Gid = 38
sqlResult   map[count:0 state:0 result:]
[2020-01-02 12:11:28] rtpData ------->   map[result: count:0 state:0] 
[GIN] 2020/01/02 - 12:11:28 | 200 |    2.035515ms |  192.168.66.115 | POST     /getResult
[2020-01-02 12:11:31] 自開彩開獎  {202001020732 1 34 true} 
ConfigData  map[port:3306 password:1qaz!QAZ charset:utf8 redisPort:6379 ip:192.168.88.181 poolname:FA_MEM user:fa_db database:FA_MEM redisIp:192.168.88.119 redisPassword:"" redisDB:3]
SqlString  SELECT RTP,Amount,Bonus  FROM M_RtpSetting  WHERE Sid = 1   AND State = 1   AND LTG_Code = 1 AND Gid = 34
sqlResult   map[result: count:0 state:0]
[2020-01-02 12:11:31] rtpData ------->   map[result: count:0 state:0] 
[GIN] 2020/01/02 - 12:11:31 | 200 |    2.784554ms |  192.168.66.115 | POST     /getResult
[2020-01-02 12:11:33] 自開彩開獎  {202001020732 4 40 true} 
ConfigData  map[redisDB:3 poolname:FA_MEM port:3306 user:fa_db redisIp:192.168.88.119 redisPort:6379 redisPassword:"" ip:192.168.88.181 password:1qaz!QAZ database:FA_MEM charset:utf8]
SqlString  SELECT RTP,Amount,Bonus  FROM M_RtpSetting  WHERE Sid = 1   AND State = 1   AND LTG_Code = 4 AND Gid = 40
[2020-01-02 12:11:33] 自開彩開獎  {202001020244 4 41 true} 
ConfigData  map[ip:192.168.88.181 database:FA_MEM charset:utf8 redisPassword:"" redisDB:3 poolname:FA_MEM port:3306 user:fa_db password:1qaz!QAZ redisIp:192.168.88.119 redisPort:6379]
SqlString  SELECT RTP,Amount,Bonus  FROM M_RtpSetting  WHERE Sid = 1   AND State = 1   AND LTG_Code = 4 AND Gid = 41
sqlResult   map[result: count:0 state:0]
[2020-01-02 12:11:33] rtpData ------->   map[result: count:0 state:0] 
[GIN] 2020/01/02 - 12:11:33 | 200 |    2.446328ms |  192.168.66.115 | POST     /getResult
sqlResult   map[state:0 result: count:0]
[2020-01-02 12:11:33] rtpData ------->   map[result: count:0 state:0] 
[GIN] 2020/01/02 - 12:11:33 | 200 |    2.576329ms |  192.168.66.115 | POST     /getResult
[2020-01-02 12:11:33] 自開彩開獎  {202001020244 1 35 true} 
ConfigData  map[charset:utf8 redisIp:192.168.88.119 redisPassword:"" poolname:FA_MEM user:fa_db password:1qaz!QAZ database:FA_MEM redisPort:6379 redisDB:3 ip:192.168.88.181 port:3306]
SqlString  SELECT RTP,Amount,Bonus  FROM M_RtpSetting  WHERE Sid = 1   AND State = 1   AND LTG_Code = 1 AND Gid = 35
[2020-01-02 12:11:33] 自開彩開獎  {202001020732 6 36 true} 
ConfigData  map[ip:192.168.88.181 poolname:FA_MEM user:fa_db password:1qaz!QAZ database:FA_MEM charset:utf8 redisIp:192.168.88.119 redisPort:6379 port:3306 redisPassword:"" redisDB:3]
SqlString  SELECT RTP,Amount,Bonus  FROM M_RtpSetting  WHERE Sid = 1   AND State = 1   AND LTG_Code = 6 AND Gid = 36
sqlResult   map[result: count:0 state:0]
[2020-01-02 12:11:33] rtpData ------->   map[result: count:0 state:0] 
sqlResult   map[result: count:0 state:0]
[2020-01-02 12:11:33] rtpData ------->   map[result: count:0 state:0] 
[GIN] 2020/01/02 - 12:11:33 | 200 |    2.384526ms |  192.168.66.115 | POST     /getResult
[GIN] 2020/01/02 - 12:11:33 | 200 |      2.0484ms |  192.168.66.115 | POST     /getResult
[2020-01-02 12:11:34] 自開彩開獎  {202001020732 5 38 true} 
ConfigData  map[ip:192.168.88.181 port:3306 database:FA_MEM redisDB:3 redisIp:192.168.88.119 redisPort:6379 redisPassword:"" poolname:FA_MEM user:fa_db password:1qaz!QAZ charset:utf8]
SqlString  SELECT RTP,Amount,Bonus  FROM M_RtpSetting  WHERE Sid = 1   AND State = 1   AND LTG_Code = 5 AND Gid = 38
sqlResult   map[result: count:0 state:0]
[2020-01-02 12:11:34] rtpData ------->   map[result: count:0 state:0] 
[GIN] 2020/01/02 - 12:11:34 | 200 |     2.17168ms |  192.168.66.115 | POST     /getResult
[2020-01-02 12:11:37] 自開彩開獎  {202001020732 1 34 true} 
ConfigData  map[redisDB:3 port:3306 user:fa_db database:FA_MEM redisIp:192.168.88.119 redisPassword:"" ip:192.168.88.181 poolname:FA_MEM password:1qaz!QAZ charset:utf8 redisPort:6379]
SqlString  SELECT RTP,Amount,Bonus  FROM M_RtpSetting  WHERE Sid = 1   AND State = 1   AND LTG_Code = 1 AND Gid = 34
sqlResult   map[state:0 result: count:0]
[2020-01-02 12:11:37] rtpData ------->   map[result: count:0 state:0] 
[GIN] 2020/01/02 - 12:11:37 | 200 |    2.301011ms |  192.168.66.115 | POST     /getResult
[2020-01-02 12:11:39] 自開彩開獎  {202001020732 4 40 true} 
ConfigData  map[ip:192.168.88.181 port:3306 user:fa_db database:FA_MEM charset:utf8 redisIp:192.168.88.119 redisPort:6379 poolname:FA_MEM password:1qaz!QAZ redisPassword:"" redisDB:3]
SqlString  SELECT RTP,Amount,Bonus  FROM M_RtpSetting  WHERE Sid = 1   AND State = 1   AND LTG_Code = 4 AND Gid = 40
[2020-01-02 12:11:39] 自開彩開獎  {202001020244 4 41 true} 
ConfigData  map[redisIp:192.168.88.119 redisPort:6379 ip:192.168.88.181 port:3306 user:fa_db charset:utf8 redisPassword:"" redisDB:3 poolname:FA_MEM password:1qaz!QAZ database:FA_MEM]
SqlString  SELECT RTP,Amount,Bonus  FROM M_RtpSetting  WHERE Sid = 1   AND State = 1   AND LTG_Code = 4 AND Gid = 41
sqlResult   map[state:0 result: count:0]
[2020-01-02 12:11:39] rtpData ------->   map[result: count:0 state:0] 
[GIN] 2020/01/02 - 12:11:39 | 200 |    2.439102ms |  192.168.66.115 | POST     /getResult
sqlResult   map[result: count:0 state:0]
[2020-01-02 12:11:39] rtpData ------->   map[state:0 result: count:0] 
[GIN] 2020/01/02 - 12:11:39 | 200 |    2.683435ms |  192.168.66.115 | POST     /getResult
[2020-01-02 12:11:39] 自開彩開獎  {202001020244 1 35 true} 
ConfigData  map[database:FA_MEM redisIp:192.168.88.119 redisPassword:"" redisDB:3 ip:192.168.88.181 user:fa_db password:1qaz!QAZ redisPort:6379 poolname:FA_MEM port:3306 charset:utf8]
[2020-01-02 12:11:39] 自開彩開獎  {202001020732 6 36 true} 
ConfigData  map[password:1qaz!QAZ redisIp:192.168.88.119 redisDB:3 charset:utf8 redisPort:6379 redisPassword:"" ip:192.168.88.181 poolname:FA_MEM port:3306 user:fa_db database:FA_MEM]
SqlString  SELECT RTP,Amount,Bonus  FROM M_RtpSetting  WHERE Sid = 1   AND State = 1   AND LTG_Code = 6 AND Gid = 36
SqlString  SELECT RTP,Amount,Bonus  FROM M_RtpSetting  WHERE Sid = 1   AND State = 1   AND LTG_Code = 1 AND Gid = 35
sqlResult   map[result: count:0 state:0]
[2020-01-02 12:11:39] rtpData ------->   map[state:0 result: count:0] 
[GIN] 2020/01/02 - 12:11:39 | 200 |    2.223828ms |  192.168.66.115 | POST     /getResult
sqlResult   map[result: count:0 state:0]
[2020-01-02 12:11:39] rtpData ------->   map[result: count:0 state:0] 
[GIN] 2020/01/02 - 12:11:39 | 200 |    2.310028ms |  192.168.66.115 | POST     /getResult
[2020-01-02 12:11:40] 自開彩開獎  {202001020732 5 38 true} 
ConfigData  map[ip:192.168.88.181 poolname:FA_MEM redisPort:6379 redisDB:3 port:3306 user:fa_db password:1qaz!QAZ database:FA_MEM charset:utf8 redisIp:192.168.88.119 redisPassword:""]
SqlString  SELECT RTP,Amount,Bonus  FROM M_RtpSetting  WHERE Sid = 1   AND State = 1   AND LTG_Code = 5 AND Gid = 38
sqlResult   map[result: count:0 state:0]
[2020-01-02 12:11:40] rtpData ------->   map[result: count:0 state:0] 
[GIN] 2020/01/02 - 12:11:40 | 200 |    2.093919ms |  192.168.66.115 | POST     /getResult
[2020-01-02 12:11:43] 自開彩開獎  {202001020732 1 34 true} 
ConfigData  map[charset:utf8 redisPort:6379 redisPassword:"" poolname:FA_MEM port:3306 database:FA_MEM redisIp:192.168.88.119 redisDB:3 ip:192.168.88.181 user:fa_db password:1qaz!QAZ]
SqlString  SELECT RTP,Amount,Bonus  FROM M_RtpSetting  WHERE Sid = 1   AND State = 1   AND LTG_Code = 1 AND Gid = 34
sqlResult   map[state:0 result: count:0]
[2020-01-02 12:11:43] rtpData ------->   map[result: count:0 state:0] 
[GIN] 2020/01/02 - 12:11:43 | 200 |    2.714638ms |  192.168.66.115 | POST     /getResult
[2020-01-02 12:11:45] 自開彩開獎  {202001020732 4 40 true} 
ConfigData  map[charset:utf8 redisPort:6379 redisPassword:"" ip:192.168.88.181 poolname:FA_MEM password:1qaz!QAZ redisIp:192.168.88.119 redisDB:3 port:3306 user:fa_db database:FA_MEM]
SqlString  SELECT RTP,Amount,Bonus  FROM M_RtpSetting  WHERE Sid = 1   AND State = 1   AND LTG_Code = 4 AND Gid = 40
[2020-01-02 12:11:45] 自開彩開獎  {202001020244 4 41 true} 
ConfigData  map[user:fa_db database:FA_MEM redisPort:6379 ip:192.168.88.181 poolname:FA_MEM port:3306 password:1qaz!QAZ charset:utf8 redisIp:192.168.88.119 redisPassword:"" redisDB:3]
SqlString  SELECT RTP,Amount,Bonus  FROM M_RtpSetting  WHERE Sid = 1   AND State = 1   AND LTG_Code = 4 AND Gid = 41
sqlResult   map[result: count:0 state:0]
[2020-01-02 12:11:45] rtpData ------->   map[state:0 result: count:0] 
[GIN] 2020/01/02 - 12:11:45 | 200 |    2.749053ms |  192.168.66.115 | POST     /getResult
sqlResult   map[result: count:0 state:0]
[2020-01-02 12:11:45] rtpData ------->   map[result: count:0 state:0] 
[GIN] 2020/01/02 - 12:11:45 | 200 |    2.883534ms |  192.168.66.115 | POST     /getResult
[2020-01-02 12:11:45] 自開彩開獎  {202001020244 1 35 true} 
ConfigData  map[password:1qaz!QAZ database:FA_MEM charset:utf8 redisIp:192.168.88.119 redisPort:6379 poolname:FA_MEM port:3306 user:fa_db ip:192.168.88.181 redisPassword:"" redisDB:3]
SqlString  SELECT RTP,Amount,Bonus  FROM M_RtpSetting  WHERE Sid = 1   AND State = 1   AND LTG_Code = 1 AND Gid = 35
[2020-01-02 12:11:45] 自開彩開獎  {202001020732 6 36 true} 
ConfigData  map[charset:utf8 poolname:FA_MEM user:fa_db password:1qaz!QAZ redisIp:192.168.88.119 redisPort:6379 redisPassword:"" redisDB:3 ip:192.168.88.181 port:3306 database:FA_MEM]
SqlString  SELECT RTP,Amount,Bonus  FROM M_RtpSetting  WHERE Sid = 1   AND State = 1   AND LTG_Code = 6 AND Gid = 36
sqlResult   map[result: count:0 state:0]
[2020-01-02 12:11:45] rtpData ------->   map[result: count:0 state:0] 
[GIN] 2020/01/02 - 12:11:45 | 200 |    2.707441ms |  192.168.66.115 | POST     /getResult
sqlResult   map[state:0 result: count:0]
[2020-01-02 12:11:45] rtpData ------->   map[result: count:0 state:0] 
[GIN] 2020/01/02 - 12:11:45 | 200 |    2.782087ms |  192.168.66.115 | POST     /getResult
[2020-01-02 12:11:46] 自開彩開獎  {202001020732 5 38 true} 
ConfigData  map[password:1qaz!QAZ redisIp:192.168.88.119 redisPort:6379 redisPassword:"" ip:192.168.88.181 port:3306 user:fa_db database:FA_MEM charset:utf8 redisDB:3 poolname:FA_MEM]
SqlString  SELECT RTP,Amount,Bonus  FROM M_RtpSetting  WHERE Sid = 1   AND State = 1   AND LTG_Code = 5 AND Gid = 38
sqlResult   map[result: count:0 state:0]
[2020-01-02 12:11:46] rtpData ------->   map[result: count:0 state:0] 
[GIN] 2020/01/02 - 12:11:46 | 200 |    2.617196ms |  192.168.66.115 | POST     /getResult
[2020-01-02 12:11:49] 自開彩開獎  {202001020732 1 34 true} 
ConfigData  map[poolname:FA_MEM redisPort:6379 redisDB:3 charset:utf8 redisIp:192.168.88.119 redisPassword:"" ip:192.168.88.181 port:3306 user:fa_db password:1qaz!QAZ database:FA_MEM]
SqlString  SELECT RTP,Amount,Bonus  FROM M_RtpSetting  WHERE Sid = 1   AND State = 1   AND LTG_Code = 1 AND Gid = 34
sqlResult   map[result: count:0 state:0]
[2020-01-02 12:11:49] rtpData ------->   map[result: count:0 state:0] 
[GIN] 2020/01/02 - 12:11:49 | 200 |    2.515547ms |  192.168.66.115 | POST     /getResult
[2020-01-02 12:11:51] 自開彩開獎  {202001020732 4 40 true} 
ConfigData  map[redisPort:6379 redisPassword:"" poolname:FA_MEM port:3306 user:fa_db password:1qaz!QAZ database:FA_MEM redisIp:192.168.88.119 ip:192.168.88.181 charset:utf8 redisDB:3]
SqlString  SELECT RTP,Amount,Bonus  FROM M_RtpSetting  WHERE Sid = 1   AND State = 1   AND LTG_Code = 4 AND Gid = 40
[2020-01-02 12:11:51] 自開彩開獎  {202001020244 4 41 true} 
ConfigData  map[poolname:FA_MEM password:1qaz!QAZ database:FA_MEM redisIp:192.168.88.119 redisPassword:"" redisDB:3 ip:192.168.88.181 port:3306 user:fa_db charset:utf8 redisPort:6379]
SqlString  SELECT RTP,Amount,Bonus  FROM M_RtpSetting  WHERE Sid = 1   AND State = 1   AND LTG_Code = 4 AND Gid = 41
sqlResult   map[state:0 result: count:0]
[2020-01-02 12:11:51] rtpData ------->   map[result: count:0 state:0] 
sqlResult   map[result: count:0 state:0]
[2020-01-02 12:11:51] rtpData ------->   map[result: count:0 state:0] 
[GIN] 2020/01/02 - 12:11:51 | 200 |    2.226195ms |  192.168.66.115 | POST     /getResult
[GIN] 2020/01/02 - 12:11:51 | 200 |    2.373523ms |  192.168.66.115 | POST     /getResult
[2020-01-02 12:11:51] 自開彩開獎  {202001020244 1 35 true} 
ConfigData  map[redisDB:3 ip:192.168.88.181 poolname:FA_MEM port:3306 password:1qaz!QAZ redisIp:192.168.88.119 redisPort:6379 user:fa_db database:FA_MEM charset:utf8 redisPassword:""]
SqlString  SELECT RTP,Amount,Bonus  FROM M_RtpSetting  WHERE Sid = 1   AND State = 1   AND LTG_Code = 1 AND Gid = 35
[2020-01-02 12:11:51] 自開彩開獎  {202001020732 6 36 true} 
ConfigData  map[user:fa_db password:1qaz!QAZ database:FA_MEM redisPort:6379 redisDB:3 poolname:FA_MEM port:3306 redisIp:192.168.88.119 redisPassword:"" ip:192.168.88.181 charset:utf8]
SqlString  SELECT RTP,Amount,Bonus  FROM M_RtpSetting  WHERE Sid = 1   AND State = 1   AND LTG_Code = 6 AND Gid = 36
sqlResult   map[result: count:0 state:0]
[2020-01-02 12:11:51] rtpData ------->   map[result: count:0 state:0] 
[GIN] 2020/01/02 - 12:11:51 | 200 |    2.587236ms |  192.168.66.115 | POST     /getResult
sqlResult   map[state:0 result: count:0]
[2020-01-02 12:11:51] rtpData ------->   map[result: count:0 state:0] 
[GIN] 2020/01/02 - 12:11:51 | 200 |    2.666334ms |  192.168.66.115 | POST     /getResult
[2020-01-02 12:11:52] 自開彩開獎  {202001020732 5 38 true} 
ConfigData  map[password:1qaz!QAZ redisPort:6379 redisPassword:"" redisDB:3 ip:192.168.88.181 poolname:FA_MEM port:3306 user:fa_db database:FA_MEM charset:utf8 redisIp:192.168.88.119]
SqlString  SELECT RTP,Amount,Bonus  FROM M_RtpSetting  WHERE Sid = 1   AND State = 1   AND LTG_Code = 5 AND Gid = 38
sqlResult   map[result: count:0 state:0]
[2020-01-02 12:11:52] rtpData ------->   map[result: count:0 state:0] 
[GIN] 2020/01/02 - 12:11:52 | 200 |    2.618449ms |  192.168.66.115 | POST     /getResult
[2020-01-02 12:11:55] 自開彩開獎  {202001020732 1 34 true} 
ConfigData  map[redisIp:192.168.88.119 ip:192.168.88.181 poolname:FA_MEM port:3306 user:fa_db password:1qaz!QAZ database:FA_MEM charset:utf8 redisPort:6379 redisPassword:"" redisDB:3]
SqlString  SELECT RTP,Amount,Bonus  FROM M_RtpSetting  WHERE Sid = 1   AND State = 1   AND LTG_Code = 1 AND Gid = 34
sqlResult   map[result: count:0 state:0]
[2020-01-02 12:11:55] rtpData ------->   map[count:0 state:0 result:] 
[GIN] 2020/01/02 - 12:11:55 | 200 |    3.110494ms |  192.168.66.115 | POST     /getResult
[2020-01-02 12:11:57] 自開彩開獎  {202001020732 4 40 true} 
ConfigData  map[charset:utf8 redisIp:192.168.88.119 redisPassword:"" redisDB:3 user:fa_db database:FA_MEM port:3306 password:1qaz!QAZ redisPort:6379 ip:192.168.88.181 poolname:FA_MEM]
SqlString  SELECT RTP,Amount,Bonus  FROM M_RtpSetting  WHERE Sid = 1   AND State = 1   AND LTG_Code = 4 AND Gid = 40
[2020-01-02 12:11:57] 自開彩開獎  {202001020244 4 41 true} 
ConfigData  map[database:FA_MEM redisIp:192.168.88.119 redisPort:6379 user:fa_db poolname:FA_MEM port:3306 password:1qaz!QAZ charset:utf8 redisPassword:"" redisDB:3 ip:192.168.88.181]
SqlString  SELECT RTP,Amount,Bonus  FROM M_RtpSetting  WHERE Sid = 1   AND State = 1   AND LTG_Code = 4 AND Gid = 41
sqlResult   map[result: count:0 state:0]
sqlResult   map[result: count:0 state:0]
[2020-01-02 12:11:57] rtpData ------->   map[result: count:0 state:0] 
[2020-01-02 12:11:57] rtpData ------->   map[count:0 state:0 result:] 
[GIN] 2020/01/02 - 12:11:57 | 200 |    2.198328ms |  192.168.66.115 | POST     /getResult
[GIN] 2020/01/02 - 12:11:57 | 200 |    2.405101ms |  192.168.66.115 | POST     /getResult
[2020-01-02 12:11:57] 自開彩開獎  {202001020244 1 35 true} 
ConfigData  map[charset:utf8 redisIp:192.168.88.119 redisPort:6379 redisDB:3 poolname:FA_MEM port:3306 password:1qaz!QAZ database:FA_MEM redisPassword:"" ip:192.168.88.181 user:fa_db]
SqlString  SELECT RTP,Amount,Bonus  FROM M_RtpSetting  WHERE Sid = 1   AND State = 1   AND LTG_Code = 1 AND Gid = 35
[2020-01-02 12:11:57] 自開彩開獎  {202001020732 6 36 true} 
ConfigData  map[ip:192.168.88.181 user:fa_db password:1qaz!QAZ redisIp:192.168.88.119 poolname:FA_MEM port:3306 database:FA_MEM charset:utf8 redisPort:6379 redisPassword:"" redisDB:3]
SqlString  SELECT RTP,Amount,Bonus  FROM M_RtpSetting  WHERE Sid = 1   AND State = 1   AND LTG_Code = 6 AND Gid = 36
sqlResult   map[state:0 result: count:0]
[2020-01-02 12:11:57] rtpData ------->   map[result: count:0 state:0] 
[GIN] 2020/01/02 - 12:11:57 | 200 |    2.338523ms |  192.168.66.115 | POST     /getResult
sqlResult   map[result: count:0 state:0]
[2020-01-02 12:11:57] rtpData ------->   map[state:0 result: count:0] 
[GIN] 2020/01/02 - 12:11:57 | 200 |    7.403957ms |  192.168.66.115 | POST     /getResult
[2020-01-02 12:11:58] 自開彩開獎  {202001020732 5 38 true} 
ConfigData  map[database:FA_MEM redisDB:3 port:3306 poolname:FA_MEM user:fa_db password:1qaz!QAZ charset:utf8 redisIp:192.168.88.119 redisPort:6379 redisPassword:"" ip:192.168.88.181]
SqlString  SELECT RTP,Amount,Bonus  FROM M_RtpSetting  WHERE Sid = 1   AND State = 1   AND LTG_Code = 5 AND Gid = 38
sqlResult   map[result: count:0 state:0]
[2020-01-02 12:11:58] rtpData ------->   map[result: count:0 state:0] 
[GIN] 2020/01/02 - 12:11:58 | 200 |    2.142708ms |  192.168.66.115 | POST     /getResult
[2020-01-02 12:12:00] 自開彩開獎  {202001020245 6 37 true} 
ConfigData  map[poolname:FA_MEM user:fa_db password:1qaz!QAZ database:FA_MEM redisIp:192.168.88.119 redisPort:6379 ip:192.168.88.181 port:3306 charset:utf8 redisPassword:"" redisDB:3]
SqlString  SELECT RTP,Amount,Bonus  FROM M_RtpSetting  WHERE Sid = 1   AND State = 1   AND LTG_Code = 6 AND Gid = 37
sqlResult   map[result: count:0 state:0]
[2020-01-02 12:12:00] rtpData ------->   map[result: count:0 state:0] 
[GIN] 2020/01/02 - 12:12:00 | 200 |     2.42845ms |  192.168.66.115 | POST     /getResult
[2020-01-02 12:12:01] 自開彩開獎  {202001020733 2 26 true} 
[2020-01-02 12:12:01] 自開彩開獎  {20200102245 2 27 true} 
ConfigData  map[redisPassword:"" redisDB:3 poolname:FA_MEM user:fa_db password:1qaz!QAZ charset:utf8 redisIp:192.168.88.119 redisPort:6379 ip:192.168.88.181 port:3306 database:FA_MEM]
SqlString  SELECT RTP,Amount,Bonus  FROM M_RtpSetting  WHERE Sid = 1   AND State = 1   AND LTG_Code = 2 AND Gid = 26
ConfigData  map[port:3306 password:1qaz!QAZ redisIp:192.168.88.119 redisPassword:"" redisDB:3 ip:192.168.88.181 user:fa_db database:FA_MEM charset:utf8 redisPort:6379 poolname:FA_MEM]
SqlString  SELECT RTP,Amount,Bonus  FROM M_RtpSetting  WHERE Sid = 1   AND State = 1   AND LTG_Code = 2 AND Gid = 27
sqlResult   map[count:1 state:1 amount:1.0069588e+06 bonus:908100.71 result:0.9600]
[2020-01-02 12:12:01] rtpData ------->   map[bonus:908100.71 result:0.9600 count:1 state:1 amount:1.0069588e+06] 
ConfigData  map[ip:192.168.88.181 port:3306 password:1qaz!QAZ charset:utf8 redisPort:6379 redisPassword:"" poolname:FA_MEM user:fa_db database:FA_MEM redisIp:192.168.88.119 redisDB:3]
SELECT BO_No, BO_OrderNo , BO_User , BO_Issue  , BO_LotteryTypeGroup, BO_LotteryType, BO_Mode, BO_LotteryPlayGroup, BO_LotteryPlay , BO_LotteryContent, BO_Price, BO_RealPrice, BO_Unit, BO_Multiple , BO_BetCount  , BO_Winnings, BO_Winnings2, BO_Winnings3, BO_WinningLimit  , BO_Water , BO_BW_SourceUserId, BO_BW_BackWater, BO_BW_LimitBetCount, BO_BW_MaxAmount, BO_BW_AuditMultiple  , BO_Odds, BO_Odds2, BO_Odds3 , BO_Type, BO_Chase , BO_OpenResult, BO_OpenResult2, BO_DateDraw, BO_DateDraw2, BO_DateUpdate  FROM TS_BetOrder  WHERE BO_Cancel = 0   AND BO_CancelBackend = 0   AND BO_LotteryTypeGroup = 2 AND BO_LotteryType = 26 AND BO_Issue = 202001020733 AND BO_Collect = 0 ORDER BY BO_DateDraw ASC, BO_DateCreate ASC, BO_DateUpdate ASC, BO_No ASC ;
sqlResult   map[bonus:58491.69 result:0.9600 count:1 state:1 amount:105208]
[2020-01-02 12:12:01] rtpData ------->   map[result:0.9600 count:1 state:1 amount:105208 bonus:58491.69] 
ConfigData  map[ip:192.168.88.181 port:3306 charset:utf8 redisPort:6379 poolname:FA_MEM user:fa_db password:1qaz!QAZ database:FA_MEM redisIp:192.168.88.119 redisPassword:"" redisDB:3]
SELECT BO_No, BO_OrderNo , BO_User , BO_Issue  , BO_LotteryTypeGroup, BO_LotteryType, BO_Mode, BO_LotteryPlayGroup, BO_LotteryPlay , BO_LotteryContent, BO_Price, BO_RealPrice, BO_Unit, BO_Multiple , BO_BetCount  , BO_Winnings, BO_Winnings2, BO_Winnings3, BO_WinningLimit  , BO_Water , BO_BW_SourceUserId, BO_BW_BackWater, BO_BW_LimitBetCount, BO_BW_MaxAmount, BO_BW_AuditMultiple  , BO_Odds, BO_Odds2, BO_Odds3 , BO_Type, BO_Chase , BO_OpenResult, BO_OpenResult2, BO_DateDraw, BO_DateDraw2, BO_DateUpdate  FROM TS_BetOrder  WHERE BO_Cancel = 0   AND BO_CancelBackend = 0   AND BO_LotteryTypeGroup = 2 AND BO_LotteryType = 27 AND BO_Issue = 20200102245 AND BO_Collect = 0 ORDER BY BO_DateDraw ASC, BO_DateCreate ASC, BO_DateUpdate ASC, BO_No ASC ;
[2020-01-02 12:12:01] LottteryTypeGroup 2 
[2020-01-02 12:12:01] 有期號 但無注單 -------> map[amount:0 bonus:0 thisOpenResult:[2 6 9 1 5]] 
[GIN] 2020/01/02 - 12:12:01 | 200 |     4.98291ms |  192.168.66.115 | POST     /getResult
[2020-01-02 12:12:01] LottteryTypeGroup 2 
[2020-01-02 12:12:01] 有期號 但無注單 -------> map[bonus:0 thisOpenResult:[6 1 8 0 2] amount:0] 
[GIN] 2020/01/02 - 12:12:01 | 200 |    5.693145ms |  192.168.66.115 | POST     /getResult
[2020-01-02 12:12:01] 自開彩開獎  {202001020732 1 34 true} 
ConfigData  map[poolname:FA_MEM port:3306 password:1qaz!QAZ redisIp:192.168.88.119 ip:192.168.88.181 user:fa_db database:FA_MEM charset:utf8 redisPort:6379 redisPassword:"" redisDB:3]
SqlString  SELECT RTP,Amount,Bonus  FROM M_RtpSetting  WHERE Sid = 1   AND State = 1   AND LTG_Code = 1 AND Gid = 34
sqlResult   map[result: count:0 state:0]
[2020-01-02 12:12:01] rtpData ------->   map[result: count:0 state:0] 
[GIN] 2020/01/02 - 12:12:01 | 200 |    3.043473ms |  192.168.66.115 | POST     /getResult
[2020-01-02 12:12:03] 自開彩開獎  {202001020732 4 40 true} 
[2020-01-02 12:12:03] 自開彩開獎  {202001020244 4 41 true} 
ConfigData  map[redisPort:6379 redisDB:3 ip:192.168.88.181 poolname:FA_MEM port:3306 password:1qaz!QAZ charset:utf8 user:fa_db database:FA_MEM redisIp:192.168.88.119 redisPassword:""]
SqlString  SELECT RTP,Amount,Bonus  FROM M_RtpSetting  WHERE Sid = 1   AND State = 1   AND LTG_Code = 4 AND Gid = 40
ConfigData  map[database:FA_MEM redisIp:192.168.88.119 redisPort:6379 redisPassword:"" redisDB:3 ip:192.168.88.181 poolname:FA_MEM port:3306 user:fa_db password:1qaz!QAZ charset:utf8]
SqlString  SELECT RTP,Amount,Bonus  FROM M_RtpSetting  WHERE Sid = 1   AND State = 1   AND LTG_Code = 4 AND Gid = 41
sqlResult   map[result: count:0 state:0]
[2020-01-02 12:12:03] rtpData ------->   map[result: count:0 state:0] 
sqlResult   map[result: count:0 state:0]
[GIN] 2020/01/02 - 12:12:03 | 200 |    2.144941ms |  192.168.66.115 | POST     /getResult
[2020-01-02 12:12:03] rtpData ------->   map[result: count:0 state:0] 
[GIN] 2020/01/02 - 12:12:03 | 200 |    2.354776ms |  192.168.66.115 | POST     /getResult
[2020-01-02 12:12:03] 自開彩開獎  {202001020244 1 35 true} 
ConfigData  map[ip:192.168.88.181 port:3306 password:1qaz!QAZ redisIp:192.168.88.119 redisPort:6379 redisPassword:"" poolname:FA_MEM user:fa_db database:FA_MEM charset:utf8 redisDB:3]
SqlString  SELECT RTP,Amount,Bonus  FROM M_RtpSetting  WHERE Sid = 1   AND State = 1   AND LTG_Code = 1 AND Gid = 35
[2020-01-02 12:12:03] 自開彩開獎  {202001020732 6 36 true} 
ConfigData  map[charset:utf8 redisPort:6379 password:1qaz!QAZ database:FA_MEM redisIp:192.168.88.119 redisPassword:"" ip:192.168.88.181 poolname:FA_MEM port:3306 user:fa_db redisDB:3]
SqlString  SELECT RTP,Amount,Bonus  FROM M_RtpSetting  WHERE Sid = 1   AND State = 1   AND LTG_Code = 6 AND Gid = 36
sqlResult   map[result: count:0 state:0]
[2020-01-02 12:12:03] rtpData ------->   map[result: count:0 state:0] 
sqlResult   map[state:0 result: count:0]
[2020-01-02 12:12:03] rtpData ------->   map[result: count:0 state:0] 
[GIN] 2020/01/02 - 12:12:03 | 200 |    2.924028ms |  192.168.66.115 | POST     /getResult
[GIN] 2020/01/02 - 12:12:03 | 200 |    3.057391ms |  192.168.66.115 | POST     /getResult
[2020-01-02 12:12:04] 自開彩開獎  {202001020732 5 38 true} 
ConfigData  map[database:FA_MEM charset:utf8 redisIp:192.168.88.119 redisPort:6379 poolname:FA_MEM port:3306 password:1qaz!QAZ redisPassword:"" redisDB:3 ip:192.168.88.181 user:fa_db]
SqlString  SELECT RTP,Amount,Bonus  FROM M_RtpSetting  WHERE Sid = 1   AND State = 1   AND LTG_Code = 5 AND Gid = 38
sqlResult   map[result: count:0 state:0]
[2020-01-02 12:12:04] rtpData ------->   map[result: count:0 state:0] 
[GIN] 2020/01/02 - 12:12:04 | 200 |    2.006811ms |  192.168.66.115 | POST     /getResult
[2020-01-02 12:12:06] 自開彩開獎  {202001020245 6 37 true} 
ConfigData  map[redisPort:6379 ip:192.168.88.181 poolname:FA_MEM port:3306 user:fa_db password:1qaz!QAZ charset:utf8 redisIp:192.168.88.119 database:FA_MEM redisPassword:"" redisDB:3]
SqlString  SELECT RTP,Amount,Bonus  FROM M_RtpSetting  WHERE Sid = 1   AND State = 1   AND LTG_Code = 6 AND Gid = 37
sqlResult   map[result: count:0 state:0]
[2020-01-02 12:12:06] rtpData ------->   map[count:0 state:0 result:] 
[GIN] 2020/01/02 - 12:12:06 | 200 |    2.564401ms |  192.168.66.115 | POST     /getResult
[2020-01-02 12:12:07] 自開彩開獎  {202001020733 1 34 true} 
ConfigData  map[redisDB:3 ip:192.168.88.181 port:3306 charset:utf8 redisPassword:"" redisIp:192.168.88.119 redisPort:6379 poolname:FA_MEM user:fa_db password:1qaz!QAZ database:FA_MEM]
SqlString  SELECT RTP,Amount,Bonus  FROM M_RtpSetting  WHERE Sid = 1   AND State = 1   AND LTG_Code = 1 AND Gid = 34
sqlResult   map[result: count:0 state:0]
[2020-01-02 12:12:07] rtpData ------->   map[result: count:0 state:0] 
[GIN] 2020/01/02 - 12:12:07 | 200 |    2.660571ms |  192.168.66.115 | POST     /getResult
[2020-01-02 12:12:09] 自開彩開獎  {202001020733 4 40 true} 
ConfigData  map[ip:192.168.88.181 database:FA_MEM charset:utf8 redisIp:192.168.88.119 poolname:FA_MEM port:3306 user:fa_db password:1qaz!QAZ redisPort:6379 redisPassword:"" redisDB:3]
SqlString  SELECT RTP,Amount,Bonus  FROM M_RtpSetting  WHERE Sid = 1   AND State = 1   AND LTG_Code = 4 AND Gid = 40
[2020-01-02 12:12:09] 自開彩開獎  {202001020245 4 41 true} 
ConfigData  map[redisIp:192.168.88.119 redisPort:6379 ip:192.168.88.181 poolname:FA_MEM port:3306 database:FA_MEM redisDB:3 user:fa_db password:1qaz!QAZ charset:utf8 redisPassword:""]
SqlString  SELECT RTP,Amount,Bonus  FROM M_RtpSetting  WHERE Sid = 1   AND State = 1   AND LTG_Code = 4 AND Gid = 41
sqlResult   map[count:0 state:0 result:]
[2020-01-02 12:12:09] rtpData ------->   map[state:0 result: count:0] 
[GIN] 2020/01/02 - 12:12:09 | 200 |    2.177724ms |  192.168.66.115 | POST     /getResult
sqlResult   map[result: count:0 state:0]
[2020-01-02 12:12:09] rtpData ------->   map[state:0 result: count:0] 
[GIN] 2020/01/02 - 12:12:09 | 200 |    2.206141ms |  192.168.66.115 | POST     /getResult
[2020-01-02 12:12:09] 自開彩開獎  {202001020245 1 35 true} 
ConfigData  map[ip:192.168.88.181 poolname:FA_MEM port:3306 database:FA_MEM charset:utf8 redisIp:192.168.88.119 user:fa_db password:1qaz!QAZ redisPort:6379 redisPassword:"" redisDB:3]
SqlString  SELECT RTP,Amount,Bonus  FROM M_RtpSetting  WHERE Sid = 1   AND State = 1   AND LTG_Code = 1 AND Gid = 35
[2020-01-02 12:12:09] 自開彩開獎  {202001020733 6 36 true} 
ConfigData  map[redisPort:6379 redisDB:3 charset:utf8 redisIp:192.168.88.119 port:3306 user:fa_db password:1qaz!QAZ database:FA_MEM redisPassword:"" ip:192.168.88.181 poolname:FA_MEM]
SqlString  SELECT RTP,Amount,Bonus  FROM M_RtpSetting  WHERE Sid = 1   AND State = 1   AND LTG_Code = 6 AND Gid = 36
sqlResult   map[result: count:0 state:0]
[2020-01-02 12:12:09] rtpData ------->   map[result: count:0 state:0] 
[GIN] 2020/01/02 - 12:12:09 | 200 |    2.472505ms |  192.168.66.115 | POST     /getResult
sqlResult   map[result: count:0 state:0]
[2020-01-02 12:12:09] rtpData ------->   map[state:0 result: count:0] 
[GIN] 2020/01/02 - 12:12:09 | 200 |    2.694824ms |  192.168.66.115 | POST     /getResult
[2020-01-02 12:12:10] 自開彩開獎  {202001020733 5 38 true} 
ConfigData  map[charset:utf8 redisIp:192.168.88.119 redisPassword:"" redisDB:3 ip:192.168.88.181 poolname:FA_MEM password:1qaz!QAZ database:FA_MEM redisPort:6379 port:3306 user:fa_db]
SqlString  SELECT RTP,Amount,Bonus  FROM M_RtpSetting  WHERE Sid = 1   AND State = 1   AND LTG_Code = 5 AND Gid = 38
sqlResult   map[result: count:0 state:0]
[2020-01-02 12:12:10] rtpData ------->   map[result: count:0 state:0] 
[GIN] 2020/01/02 - 12:12:10 | 200 |    2.824098ms |  192.168.66.115 | POST     /getResult
[2020-01-02 12:12:12] 自開彩開獎  {202001020245 6 37 true} 
ConfigData  map[database:FA_MEM redisIp:192.168.88.119 redisPort:6379 poolname:FA_MEM port:3306 password:1qaz!QAZ charset:utf8 redisPassword:"" redisDB:3 ip:192.168.88.181 user:fa_db]
SqlString  SELECT RTP,Amount,Bonus  FROM M_RtpSetting  WHERE Sid = 1   AND State = 1   AND LTG_Code = 6 AND Gid = 37
sqlResult   map[result: count:0 state:0]
[2020-01-02 12:12:12] rtpData ------->   map[result: count:0 state:0] 
[GIN] 2020/01/02 - 12:12:12 | 200 |    2.990418ms |  192.168.66.115 | POST     /getResult
[2020-01-02 12:12:13] 自開彩開獎  {202001020733 1 34 true} 
ConfigData  map[password:1qaz!QAZ database:FA_MEM redisIp:192.168.88.119 redisPort:6379 redisPassword:"" ip:192.168.88.181 poolname:FA_MEM port:3306 user:fa_db charset:utf8 redisDB:3]
SqlString  SELECT RTP,Amount,Bonus  FROM M_RtpSetting  WHERE Sid = 1   AND State = 1   AND LTG_Code = 1 AND Gid = 34
sqlResult   map[result: count:0 state:0]
[2020-01-02 12:12:13] rtpData ------->   map[state:0 result: count:0] 
[GIN] 2020/01/02 - 12:12:13 | 200 |    2.232643ms |  192.168.66.115 | POST     /getResult
[2020-01-02 12:12:15] 自開彩開獎  {202001020733 4 40 true} 
ConfigData  map[ip:192.168.88.181 poolname:FA_MEM port:3306 password:1qaz!QAZ charset:utf8 redisIp:192.168.88.119 redisPort:6379 redisPassword:"" user:fa_db database:FA_MEM redisDB:3]
SqlString  SELECT RTP,Amount,Bonus  FROM M_RtpSetting  WHERE Sid = 1   AND State = 1   AND LTG_Code = 4 AND Gid = 40
[2020-01-02 12:12:15] 自開彩開獎  {202001020245 4 41 true} 
ConfigData  map[ip:192.168.88.181 user:fa_db password:1qaz!QAZ redisIp:192.168.88.119 redisPassword:"" poolname:FA_MEM port:3306 database:FA_MEM charset:utf8 redisPort:6379 redisDB:3]
SqlString  SELECT RTP,Amount,Bonus  FROM M_RtpSetting  WHERE Sid = 1   AND State = 1   AND LTG_Code = 4 AND Gid = 41
sqlResult   map[result: count:0 state:0]
[2020-01-02 12:12:15] rtpData ------->   map[result: count:0 state:0] 
[GIN] 2020/01/02 - 12:12:15 | 200 |    1.907056ms |  192.168.66.115 | POST     /getResult
sqlResult   map[state:0 result: count:0]
[2020-01-02 12:12:15] rtpData ------->   map[result: count:0 state:0] 
[GIN] 2020/01/02 - 12:12:15 | 200 |    2.834675ms |  192.168.66.115 | POST     /getResult
[2020-01-02 12:12:15] 自開彩開獎  {202001020245 1 35 true} 
ConfigData  map[ip:192.168.88.181 poolname:FA_MEM user:fa_db password:1qaz!QAZ charset:utf8 redisIp:192.168.88.119 redisPort:6379 redisPassword:"" port:3306 database:FA_MEM redisDB:3]
SqlString  SELECT RTP,Amount,Bonus  FROM M_RtpSetting  WHERE Sid = 1   AND State = 1   AND LTG_Code = 1 AND Gid = 35
[2020-01-02 12:12:15] 自開彩開獎  {202001020733 6 36 true} 
ConfigData  map[redisPassword:"" redisDB:3 ip:192.168.88.181 password:1qaz!QAZ redisPort:6379 database:FA_MEM charset:utf8 redisIp:192.168.88.119 poolname:FA_MEM port:3306 user:fa_db]
SqlString  SELECT RTP,Amount,Bonus  FROM M_RtpSetting  WHERE Sid = 1   AND State = 1   AND LTG_Code = 6 AND Gid = 36
sqlResult   map[state:0 result: count:0]
[2020-01-02 12:12:15] rtpData ------->   map[result: count:0 state:0] 
sqlResult   map[result: count:0 state:0]
[2020-01-02 12:12:15] rtpData ------->   map[result: count:0 state:0] 
[GIN] 2020/01/02 - 12:12:15 | 200 |    2.672668ms |  192.168.66.115 | POST     /getResult
[GIN] 2020/01/02 - 12:12:15 | 200 |     2.87374ms |  192.168.66.115 | POST     /getResult
[2020-01-02 12:12:16] 自開彩開獎  {202001020733 5 38 true} 
ConfigData  map[poolname:FA_MEM user:fa_db database:FA_MEM redisIp:192.168.88.119 redisPort:6379 redisPassword:"" redisDB:3 ip:192.168.88.181 port:3306 password:1qaz!QAZ charset:utf8]
SqlString  SELECT RTP,Amount,Bonus  FROM M_RtpSetting  WHERE Sid = 1   AND State = 1   AND LTG_Code = 5 AND Gid = 38
sqlResult   map[count:0 state:0 result:]
[2020-01-02 12:12:16] rtpData ------->   map[result: count:0 state:0] 
[GIN] 2020/01/02 - 12:12:16 | 200 |    2.648324ms |  192.168.66.115 | POST     /getResult
[2020-01-02 12:12:18] 自開彩開獎  {202001020245 6 37 true} 
ConfigData  map[database:FA_MEM redisIp:192.168.88.119 redisPort:6379 redisPassword:"" redisDB:3 ip:192.168.88.181 poolname:FA_MEM port:3306 user:fa_db password:1qaz!QAZ charset:utf8]
SqlString  SELECT RTP,Amount,Bonus  FROM M_RtpSetting  WHERE Sid = 1   AND State = 1   AND LTG_Code = 6 AND Gid = 37
sqlResult   map[state:0 result: count:0]
[2020-01-02 12:12:18] rtpData ------->   map[state:0 result: count:0] 
[GIN] 2020/01/02 - 12:12:18 | 200 |    2.332283ms |  192.168.66.115 | POST     /getResult
[2020-01-02 12:12:19] 自開彩開獎  {202001020733 1 34 true} 
ConfigData  map[user:fa_db database:FA_MEM redisPort:6379 redisPassword:"" redisDB:3 ip:192.168.88.181 poolname:FA_MEM port:3306 password:1qaz!QAZ charset:utf8 redisIp:192.168.88.119]
SqlString  SELECT RTP,Amount,Bonus  FROM M_RtpSetting  WHERE Sid = 1   AND State = 1   AND LTG_Code = 1 AND Gid = 34
sqlResult   map[state:0 result: count:0]
[2020-01-02 12:12:19] rtpData ------->   map[result: count:0 state:0] 
[GIN] 2020/01/02 - 12:12:19 | 200 |      2.8938ms |  192.168.66.115 | POST     /getResult
[2020-01-02 12:12:21] 自開彩開獎  {202001020733 4 40 true} 
ConfigData  map[poolname:FA_MEM password:1qaz!QAZ charset:utf8 redisIp:192.168.88.119 redisPassword:"" ip:192.168.88.181 port:3306 user:fa_db database:FA_MEM redisPort:6379 redisDB:3]
SqlString  SELECT RTP,Amount,Bonus  FROM M_RtpSetting  WHERE Sid = 1   AND State = 1   AND LTG_Code = 4 AND Gid = 40
[2020-01-02 12:12:21] 自開彩開獎  {202001020245 4 41 true} 
ConfigData  map[password:1qaz!QAZ redisPort:6379 redisPassword:"" redisDB:3 poolname:FA_MEM port:3306 database:FA_MEM charset:utf8 redisIp:192.168.88.119 ip:192.168.88.181 user:fa_db]
SqlString  SELECT RTP,Amount,Bonus  FROM M_RtpSetting  WHERE Sid = 1   AND State = 1   AND LTG_Code = 4 AND Gid = 41
sqlResult   map[state:0 result: count:0]
[2020-01-02 12:12:21] rtpData ------->   map[result: count:0 state:0] 
[GIN] 2020/01/02 - 12:12:21 | 200 |    2.367454ms |  192.168.66.115 | POST     /getResult
sqlResult   map[result: count:0 state:0]
[2020-01-02 12:12:21] rtpData ------->   map[result: count:0 state:0] 
[GIN] 2020/01/02 - 12:12:21 | 200 |    2.333602ms |  192.168.66.115 | POST     /getResult
[2020-01-02 12:12:21] 自開彩開獎  {202001020245 1 35 true} 
ConfigData  map[ip:192.168.88.181 port:3306 user:fa_db password:1qaz!QAZ database:FA_MEM charset:utf8 redisPassword:"" poolname:FA_MEM redisIp:192.168.88.119 redisPort:6379 redisDB:3]
SqlString  SELECT RTP,Amount,Bonus  FROM M_RtpSetting  WHERE Sid = 1   AND State = 1   AND LTG_Code = 1 AND Gid = 35
[2020-01-02 12:12:21] 自開彩開獎  {202001020733 6 36 true} 
ConfigData  map[ip:192.168.88.181 poolname:FA_MEM user:fa_db password:1qaz!QAZ redisIp:192.168.88.119 redisPort:6379 redisPassword:"" port:3306 database:FA_MEM charset:utf8 redisDB:3]
SqlString  SELECT RTP,Amount,Bonus  FROM M_RtpSetting  WHERE Sid = 1   AND State = 1   AND LTG_Code = 6 AND Gid = 36
sqlResult   map[result: count:0 state:0]
[2020-01-02 12:12:21] rtpData ------->   map[result: count:0 state:0] 
[GIN] 2020/01/02 - 12:12:21 | 200 |    2.487389ms |  192.168.66.115 | POST     /getResult
sqlResult   map[result: count:0 state:0]
[2020-01-02 12:12:21] rtpData ------->   map[state:0 result: count:0] 
[GIN] 2020/01/02 - 12:12:21 | 200 |    2.786789ms |  192.168.66.115 | POST     /getResult
[2020-01-02 12:12:22] 自開彩開獎  {202001020733 5 38 true} 
ConfigData  map[ip:192.168.88.181 user:fa_db password:1qaz!QAZ database:FA_MEM redisIp:192.168.88.119 redisPassword:"" poolname:FA_MEM port:3306 charset:utf8 redisPort:6379 redisDB:3]
SqlString  SELECT RTP,Amount,Bonus  FROM M_RtpSetting  WHERE Sid = 1   AND State = 1   AND LTG_Code = 5 AND Gid = 38
sqlResult   map[result: count:0 state:0]
[2020-01-02 12:12:22] rtpData ------->   map[result: count:0 state:0] 
[GIN] 2020/01/02 - 12:12:22 | 200 |    2.790486ms |  192.168.66.115 | POST     /getResult
[2020-01-02 12:12:24] 自開彩開獎  {202001020245 6 37 true} 
ConfigData  map[poolname:FA_MEM user:fa_db password:1qaz!QAZ database:FA_MEM redisPassword:"" redisDB:3 ip:192.168.88.181 port:3306 charset:utf8 redisIp:192.168.88.119 redisPort:6379]
SqlString  SELECT RTP,Amount,Bonus  FROM M_RtpSetting  WHERE Sid = 1   AND State = 1   AND LTG_Code = 6 AND Gid = 37
sqlResult   map[result: count:0 state:0]
[2020-01-02 12:12:24] rtpData ------->   map[result: count:0 state:0] 
[GIN] 2020/01/02 - 12:12:24 | 200 |    2.403283ms |  192.168.66.115 | POST     /getResult
[2020-01-02 12:12:25] 自開彩開獎  {202001020733 1 34 true} 
ConfigData  map[port:3306 user:fa_db database:FA_MEM charset:utf8 redisIp:192.168.88.119 redisDB:3 ip:192.168.88.181 poolname:FA_MEM password:1qaz!QAZ redisPort:6379 redisPassword:""]
SqlString  SELECT RTP,Amount,Bonus  FROM M_RtpSetting  WHERE Sid = 1   AND State = 1   AND LTG_Code = 1 AND Gid = 34
sqlResult   map[result: count:0 state:0]
[2020-01-02 12:12:25] rtpData ------->   map[count:0 state:0 result:] 
[GIN] 2020/01/02 - 12:12:25 | 200 |    2.747397ms |  192.168.66.115 | POST     /getResult
[2020-01-02 12:12:27] 自開彩開獎  {202001020733 4 40 true} 
ConfigData  map[ip:192.168.88.181 user:fa_db password:1qaz!QAZ redisIp:192.168.88.119 redisPassword:"" redisDB:3 poolname:FA_MEM port:3306 database:FA_MEM charset:utf8 redisPort:6379]
SqlString  SELECT RTP,Amount,Bonus  FROM M_RtpSetting  WHERE Sid = 1   AND State = 1   AND LTG_Code = 4 AND Gid = 40
[2020-01-02 12:12:27] 自開彩開獎  {202001020245 4 41 true} 
ConfigData  map[ip:192.168.88.181 poolname:FA_MEM charset:utf8 redisPort:6379 redisPassword:"" redisDB:3 port:3306 user:fa_db password:1qaz!QAZ database:FA_MEM redisIp:192.168.88.119]
SqlString  SELECT RTP,Amount,Bonus  FROM M_RtpSetting  WHERE Sid = 1   AND State = 1   AND LTG_Code = 4 AND Gid = 41
sqlResult   map[result: count:0 state:0]
[2020-01-02 12:12:27] rtpData ------->   map[result: count:0 state:0] 
[GIN] 2020/01/02 - 12:12:27 | 200 |    2.129813ms |  192.168.66.115 | POST     /getResult
sqlResult   map[state:0 result: count:0]
[2020-01-02 12:12:27] rtpData ------->   map[result: count:0 state:0] 
[GIN] 2020/01/02 - 12:12:27 | 200 |    2.561649ms |  192.168.66.115 | POST     /getResult
[2020-01-02 12:12:27] 自開彩開獎  {202001020733 6 36 true} 
ConfigData  map[ip:192.168.88.181 poolname:FA_MEM user:fa_db password:1qaz!QAZ redisIp:192.168.88.119 port:3306 database:FA_MEM charset:utf8 redisPort:6379 redisPassword:"" redisDB:3]
SqlString  SELECT RTP,Amount,Bonus  FROM M_RtpSetting  WHERE Sid = 1   AND State = 1   AND LTG_Code = 6 AND Gid = 36
[2020-01-02 12:12:27] 自開彩開獎  {202001020245 1 35 true} 
ConfigData  map[ip:192.168.88.181 user:fa_db charset:utf8 redisIp:192.168.88.119 redisPassword:"" redisDB:3 poolname:FA_MEM port:3306 password:1qaz!QAZ database:FA_MEM redisPort:6379]
SqlString  SELECT RTP,Amount,Bonus  FROM M_RtpSetting  WHERE Sid = 1   AND State = 1   AND LTG_Code = 1 AND Gid = 35
sqlResult   map[result: count:0 state:0]
[2020-01-02 12:12:27] rtpData ------->   map[state:0 result: count:0] 
sqlResult   map[count:0 state:0 result:]
[GIN] 2020/01/02 - 12:12:27 | 200 |    2.368379ms |  192.168.66.115 | POST     /getResult
[2020-01-02 12:12:27] rtpData ------->   map[result: count:0 state:0] 
[GIN] 2020/01/02 - 12:12:27 | 200 |    2.629596ms |  192.168.66.115 | POST     /getResult
[2020-01-02 12:12:28] 自開彩開獎  {202001020733 5 38 true} 
ConfigData  map[ip:192.168.88.181 port:3306 database:FA_MEM redisIp:192.168.88.119 redisPort:6379 redisDB:3 poolname:FA_MEM user:fa_db password:1qaz!QAZ charset:utf8 redisPassword:""]
SqlString  SELECT RTP,Amount,Bonus  FROM M_RtpSetting  WHERE Sid = 1   AND State = 1   AND LTG_Code = 5 AND Gid = 38
sqlResult   map[result: count:0 state:0]
[2020-01-02 12:12:28] rtpData ------->   map[result: count:0 state:0] 
[GIN] 2020/01/02 - 12:12:28 | 200 |    2.463885ms |  192.168.66.115 | POST     /getResult
[2020-01-02 12:12:30] 自開彩開獎  {202001020245 6 37 true} 
ConfigData  map[database:FA_MEM redisPort:6379 redisPassword:"" redisDB:3 ip:192.168.88.181 password:1qaz!QAZ user:fa_db charset:utf8 redisIp:192.168.88.119 poolname:FA_MEM port:3306]
SqlString  SELECT RTP,Amount,Bonus  FROM M_RtpSetting  WHERE Sid = 1   AND State = 1   AND LTG_Code = 6 AND Gid = 37
sqlResult   map[result: count:0 state:0]
[2020-01-02 12:12:30] rtpData ------->   map[result: count:0 state:0] 
[GIN] 2020/01/02 - 12:12:30 | 200 |    3.490112ms |  192.168.66.115 | POST     /getResult
[2020-01-02 12:12:31] 自開彩開獎  {202001020733 1 34 true} 
ConfigData  map[poolname:FA_MEM password:1qaz!QAZ database:FA_MEM charset:utf8 redisPassword:"" ip:192.168.88.181 port:3306 user:fa_db redisIp:192.168.88.119 redisPort:6379 redisDB:3]
SqlString  SELECT RTP,Amount,Bonus  FROM M_RtpSetting  WHERE Sid = 1   AND State = 1   AND LTG_Code = 1 AND Gid = 34
sqlResult   map[state:0 result: count:0]
[2020-01-02 12:12:31] rtpData ------->   map[count:0 state:0 result:] 
[GIN] 2020/01/02 - 12:12:31 | 200 |    3.043659ms |  192.168.66.115 | POST     /getResult
[2020-01-02 12:12:33] 自開彩開獎  {202001020733 4 40 true} 
ConfigData  map[database:FA_MEM charset:utf8 redisPassword:"" ip:192.168.88.181 poolname:FA_MEM port:3306 redisPort:6379 redisDB:3 user:fa_db password:1qaz!QAZ redisIp:192.168.88.119]
SqlString  SELECT RTP,Amount,Bonus  FROM M_RtpSetting  WHERE Sid = 1   AND State = 1   AND LTG_Code = 4 AND Gid = 40
[2020-01-02 12:12:33] 自開彩開獎  {202001020245 4 41 true} 
ConfigData  map[user:fa_db redisIp:192.168.88.119 redisPort:6379 redisPassword:"" redisDB:3 ip:192.168.88.181 poolname:FA_MEM port:3306 password:1qaz!QAZ database:FA_MEM charset:utf8]
SqlString  SELECT RTP,Amount,Bonus  FROM M_RtpSetting  WHERE Sid = 1   AND State = 1   AND LTG_Code = 4 AND Gid = 41
sqlResult   map[result: count:0 state:0]
[2020-01-02 12:12:33] rtpData ------->   map[result: count:0 state:0] 
[GIN] 2020/01/02 - 12:12:33 | 200 |    2.140563ms |  192.168.66.115 | POST     /getResult
sqlResult   map[result: count:0 state:0]
[2020-01-02 12:12:33] rtpData ------->   map[state:0 result: count:0] 
[GIN] 2020/01/02 - 12:12:33 | 200 |    2.476146ms |  192.168.66.115 | POST     /getResult
[2020-01-02 12:12:33] 自開彩開獎  {202001020733 6 36 true} 
ConfigData  map[password:1qaz!QAZ redisIp:192.168.88.119 redisPort:6379 redisDB:3 port:3306 user:fa_db database:FA_MEM charset:utf8 redisPassword:"" ip:192.168.88.181 poolname:FA_MEM]
SqlString  SELECT RTP,Amount,Bonus  FROM M_RtpSetting  WHERE Sid = 1   AND State = 1   AND LTG_Code = 6 AND Gid = 36
[2020-01-02 12:12:33] 自開彩開獎  {202001020245 1 35 true} 
ConfigData  map[charset:utf8 redisIp:192.168.88.119 redisPort:6379 redisDB:3 user:fa_db poolname:FA_MEM port:3306 password:1qaz!QAZ database:FA_MEM redisPassword:"" ip:192.168.88.181]
SqlString  SELECT RTP,Amount,Bonus  FROM M_RtpSetting  WHERE Sid = 1   AND State = 1   AND LTG_Code = 1 AND Gid = 35
sqlResult   map[count:0 state:0 result:]
[2020-01-02 12:12:33] rtpData ------->   map[count:0 state:0 result:] 
sqlResult   map[result: count:0 state:0]
[2020-01-02 12:12:33] rtpData ------->   map[result: count:0 state:0] 
[GIN] 2020/01/02 - 12:12:33 | 200 |    2.897338ms |  192.168.66.115 | POST     /getResult
[GIN] 2020/01/02 - 12:12:33 | 200 |    2.944307ms |  192.168.66.115 | POST     /getResult
[2020-01-02 12:12:34] 自開彩開獎  {202001020733 5 38 true} 
ConfigData  map[ip:192.168.88.181 user:fa_db database:FA_MEM charset:utf8 redisPort:6379 poolname:FA_MEM port:3306 password:1qaz!QAZ redisIp:192.168.88.119 redisPassword:"" redisDB:3]
SqlString  SELECT RTP,Amount,Bonus  FROM M_RtpSetting  WHERE Sid = 1   AND State = 1   AND LTG_Code = 5 AND Gid = 38
sqlResult   map[result: count:0 state:0]
[2020-01-02 12:12:34] rtpData ------->   map[result: count:0 state:0] 
[GIN] 2020/01/02 - 12:12:34 | 200 |    2.702887ms |  192.168.66.115 | POST     /getResult
[2020-01-02 12:12:36] 自開彩開獎  {202001020245 6 37 true} 
ConfigData  map[ip:192.168.88.181 port:3306 user:fa_db redisDB:3 redisPassword:"" poolname:FA_MEM password:1qaz!QAZ database:FA_MEM charset:utf8 redisIp:192.168.88.119 redisPort:6379]
SqlString  SELECT RTP,Amount,Bonus  FROM M_RtpSetting  WHERE Sid = 1   AND State = 1   AND LTG_Code = 6 AND Gid = 37
sqlResult   map[result: count:0 state:0]
[2020-01-02 12:12:36] rtpData ------->   map[state:0 result: count:0] 
[GIN] 2020/01/02 - 12:12:36 | 200 |    2.809141ms |  192.168.66.115 | POST     /getResult
[2020-01-02 12:12:37] 自開彩開獎  {202001020733 1 34 true} 
ConfigData  map[redisPassword:"" ip:192.168.88.181 poolname:FA_MEM port:3306 password:1qaz!QAZ database:FA_MEM charset:utf8 user:fa_db redisIp:192.168.88.119 redisPort:6379 redisDB:3]
SqlString  SELECT RTP,Amount,Bonus  FROM M_RtpSetting  WHERE Sid = 1   AND State = 1   AND LTG_Code = 1 AND Gid = 34
sqlResult   map[result: count:0 state:0]
[2020-01-02 12:12:37] rtpData ------->   map[count:0 state:0 result:] 
[GIN] 2020/01/02 - 12:12:37 | 200 |     3.25167ms |  192.168.66.115 | POST     /getResult
[2020-01-02 12:12:39] 自開彩開獎  {202001020733 4 40 true} 
ConfigData  map[user:fa_db database:FA_MEM redisPort:6379 redisPassword:"" redisDB:3 ip:192.168.88.181 port:3306 password:1qaz!QAZ charset:utf8 redisIp:192.168.88.119 poolname:FA_MEM]
SqlString  SELECT RTP,Amount,Bonus  FROM M_RtpSetting  WHERE Sid = 1   AND State = 1   AND LTG_Code = 4 AND Gid = 40
[2020-01-02 12:12:39] 自開彩開獎  {202001020245 4 41 true} 
ConfigData  map[redisIp:192.168.88.119 redisPort:6379 redisPassword:"" redisDB:3 port:3306 user:fa_db password:1qaz!QAZ database:FA_MEM ip:192.168.88.181 poolname:FA_MEM charset:utf8]
SqlString  SELECT RTP,Amount,Bonus  FROM M_RtpSetting  WHERE Sid = 1   AND State = 1   AND LTG_Code = 4 AND Gid = 41
sqlResult   map[count:0 state:0 result:]
[2020-01-02 12:12:39] rtpData ------->   map[count:0 state:0 result:] 
sqlResult   map[result: count:0 state:0]
[2020-01-02 12:12:39] rtpData ------->   map[count:0 state:0 result:] 
[GIN] 2020/01/02 - 12:12:39 | 200 |    2.584397ms |  192.168.66.115 | POST     /getResult
[GIN] 2020/01/02 - 12:12:39 | 200 |    2.413949ms |  192.168.66.115 | POST     /getResult
[2020-01-02 12:12:39] 自開彩開獎  {202001020245 1 35 true} 
ConfigData  map[redisPassword:"" ip:192.168.88.181 poolname:FA_MEM port:3306 user:fa_db password:1qaz!QAZ redisIp:192.168.88.119 database:FA_MEM charset:utf8 redisPort:6379 redisDB:3]
SqlString  SELECT RTP,Amount,Bonus  FROM M_RtpSetting  WHERE Sid = 1   AND State = 1   AND LTG_Code = 1 AND Gid = 35
[2020-01-02 12:12:39] 自開彩開獎  {202001020733 6 36 true} 
ConfigData  map[redisPort:6379 redisDB:3 ip:192.168.88.181 password:1qaz!QAZ database:FA_MEM redisIp:192.168.88.119 redisPassword:"" poolname:FA_MEM port:3306 user:fa_db charset:utf8]
SqlString  SELECT RTP,Amount,Bonus  FROM M_RtpSetting  WHERE Sid = 1   AND State = 1   AND LTG_Code = 6 AND Gid = 36
sqlResult   map[count:0 state:0 result:]
[2020-01-02 12:12:39] rtpData ------->   map[result: count:0 state:0] 
sqlResult   map[result: count:0 state:0]
[GIN] 2020/01/02 - 12:12:39 | 200 |    2.069639ms |  192.168.66.115 | POST     /getResult
[2020-01-02 12:12:39] rtpData ------->   map[result: count:0 state:0] 
[GIN] 2020/01/02 - 12:12:39 | 200 |    2.263386ms |  192.168.66.115 | POST     /getResult
[2020-01-02 12:12:40] 自開彩開獎  {202001020733 5 38 true} 
ConfigData  map[ip:192.168.88.181 poolname:FA_MEM port:3306 password:1qaz!QAZ database:FA_MEM charset:utf8 redisPort:6379 redisPassword:"" user:fa_db redisIp:192.168.88.119 redisDB:3]
SqlString  SELECT RTP,Amount,Bonus  FROM M_RtpSetting  WHERE Sid = 1   AND State = 1   AND LTG_Code = 5 AND Gid = 38
sqlResult   map[result: count:0 state:0]
[2020-01-02 12:12:40] rtpData ------->   map[result: count:0 state:0] 
[GIN] 2020/01/02 - 12:12:40 | 200 |    2.461696ms |  192.168.66.115 | POST     /getResult
[2020-01-02 12:12:42] 自開彩開獎  {202001020245 6 37 true} 
ConfigData  map[ip:192.168.88.181 password:1qaz!QAZ redisPassword:"" redisDB:3 redisPort:6379 poolname:FA_MEM port:3306 user:fa_db database:FA_MEM charset:utf8 redisIp:192.168.88.119]
SqlString  SELECT RTP,Amount,Bonus  FROM M_RtpSetting  WHERE Sid = 1   AND State = 1   AND LTG_Code = 6 AND Gid = 37
sqlResult   map[result: count:0 state:0]
[2020-01-02 12:12:42] rtpData ------->   map[result: count:0 state:0] 
[GIN] 2020/01/02 - 12:12:42 | 200 |    2.247771ms |  192.168.66.115 | POST     /getResult
[2020-01-02 12:12:43] 自開彩開獎  {202001020733 1 34 true} 
ConfigData  map[database:FA_MEM redisIp:192.168.88.119 redisPort:6379 redisPassword:"" redisDB:3 ip:192.168.88.181 user:fa_db password:1qaz!QAZ charset:utf8 poolname:FA_MEM port:3306]
SqlString  SELECT RTP,Amount,Bonus  FROM M_RtpSetting  WHERE Sid = 1   AND State = 1   AND LTG_Code = 1 AND Gid = 34
sqlResult   map[count:0 state:0 result:]
[2020-01-02 12:12:43] rtpData ------->   map[result: count:0 state:0] 
[GIN] 2020/01/02 - 12:12:43 | 200 |    2.784479ms |  192.168.66.115 | POST     /getResult
[2020-01-02 12:12:45] 自開彩開獎  {202001020733 4 40 true} 
ConfigData  map[redisPassword:"" ip:192.168.88.181 poolname:FA_MEM password:1qaz!QAZ database:FA_MEM redisIp:192.168.88.119 port:3306 user:fa_db charset:utf8 redisPort:6379 redisDB:3]
[2020-01-02 12:12:45] 自開彩開獎  {202001020245 4 41 true} 
ConfigData  map[database:FA_MEM redisIp:192.168.88.119 poolname:FA_MEM port:3306 user:fa_db redisPort:6379 redisPassword:"" redisDB:3 ip:192.168.88.181 password:1qaz!QAZ charset:utf8]
SqlString  SELECT RTP,Amount,Bonus  FROM M_RtpSetting  WHERE Sid = 1   AND State = 1   AND LTG_Code = 4 AND Gid = 41
SqlString  SELECT RTP,Amount,Bonus  FROM M_RtpSetting  WHERE Sid = 1   AND State = 1   AND LTG_Code = 4 AND Gid = 40
sqlResult   map[result: count:0 state:0]
[2020-01-02 12:12:45] rtpData ------->   map[result: count:0 state:0] 
sqlResult   map[result: count:0 state:0]
[GIN] 2020/01/02 - 12:12:45 | 200 |    2.776815ms |  192.168.66.115 | POST     /getResult
[2020-01-02 12:12:45] rtpData ------->   map[result: count:0 state:0] 
[GIN] 2020/01/02 - 12:12:45 | 200 |    2.681633ms |  192.168.66.115 | POST     /getResult
[2020-01-02 12:12:45] 自開彩開獎  {202001020245 1 35 true} 
ConfigData  map[poolname:FA_MEM port:3306 user:fa_db database:FA_MEM redisIp:192.168.88.119 redisPort:6379 redisDB:3 ip:192.168.88.181 charset:utf8 redisPassword:"" password:1qaz!QAZ]
SqlString  SELECT RTP,Amount,Bonus  FROM M_RtpSetting  WHERE Sid = 1   AND State = 1   AND LTG_Code = 1 AND Gid = 35
[2020-01-02 12:12:45] 自開彩開獎  {202001020733 6 36 true} 
ConfigData  map[redisDB:3 poolname:FA_MEM charset:utf8 redisPort:6379 redisPassword:"" database:FA_MEM redisIp:192.168.88.119 ip:192.168.88.181 port:3306 user:fa_db password:1qaz!QAZ]
SqlString  SELECT RTP,Amount,Bonus  FROM M_RtpSetting  WHERE Sid = 1   AND State = 1   AND LTG_Code = 6 AND Gid = 36
sqlResult   map[count:0 state:0 result:]
[2020-01-02 12:12:45] rtpData ------->   map[state:0 result: count:0] 
sqlResult   map[state:0 result: count:0]
[2020-01-02 12:12:45] rtpData ------->   map[result: count:0 state:0] 
[GIN] 2020/01/02 - 12:12:45 | 200 |    2.135073ms |  192.168.66.115 | POST     /getResult
[GIN] 2020/01/02 - 12:12:45 | 200 |    2.085543ms |  192.168.66.115 | POST     /getResult
[2020-01-02 12:12:46] 自開彩開獎  {202001020733 5 38 true} 
ConfigData  map[poolname:FA_MEM password:1qaz!QAZ database:FA_MEM redisDB:3 redisPassword:"" ip:192.168.88.181 port:3306 user:fa_db charset:utf8 redisIp:192.168.88.119 redisPort:6379]
SqlString  SELECT RTP,Amount,Bonus  FROM M_RtpSetting  WHERE Sid = 1   AND State = 1   AND LTG_Code = 5 AND Gid = 38
sqlResult   map[state:0 result: count:0]
[2020-01-02 12:12:46] rtpData ------->   map[result: count:0 state:0] 
[GIN] 2020/01/02 - 12:12:46 | 200 |    2.853771ms |  192.168.66.115 | POST     /getResult
[2020-01-02 12:12:48] 自開彩開獎  {202001020245 6 37 true} 
ConfigData  map[poolname:FA_MEM port:3306 redisPort:6379 redisPassword:"" redisDB:3 ip:192.168.88.181 user:fa_db password:1qaz!QAZ database:FA_MEM charset:utf8 redisIp:192.168.88.119]
SqlString  SELECT RTP,Amount,Bonus  FROM M_RtpSetting  WHERE Sid = 1   AND State = 1   AND LTG_Code = 6 AND Gid = 37
sqlResult   map[result: count:0 state:0]
[2020-01-02 12:12:48] rtpData ------->   map[result: count:0 state:0] 
[GIN] 2020/01/02 - 12:12:48 | 200 |    2.372288ms |  192.168.66.115 | POST     /getResult
[2020-01-02 12:12:49] 自開彩開獎  {202001020733 1 34 true} 
ConfigData  map[redisDB:3 poolname:FA_MEM port:3306 database:FA_MEM redisPort:6379 redisPassword:"" ip:192.168.88.181 user:fa_db password:1qaz!QAZ charset:utf8 redisIp:192.168.88.119]
SqlString  SELECT RTP,Amount,Bonus  FROM M_RtpSetting  WHERE Sid = 1   AND State = 1   AND LTG_Code = 1 AND Gid = 34
sqlResult   map[state:0 result: count:0]
[2020-01-02 12:12:49] rtpData ------->   map[result: count:0 state:0] 
[GIN] 2020/01/02 - 12:12:49 | 200 |    3.596929ms |  192.168.66.115 | POST     /getResult
[2020-01-02 12:12:51] 自開彩開獎  {202001020733 4 40 true} 
ConfigData  map[user:fa_db database:FA_MEM redisPort:6379 redisPassword:"" ip:192.168.88.181 poolname:FA_MEM port:3306 password:1qaz!QAZ charset:utf8 redisIp:192.168.88.119 redisDB:3]
SqlString  SELECT RTP,Amount,Bonus  FROM M_RtpSetting  WHERE Sid = 1   AND State = 1   AND LTG_Code = 4 AND Gid = 40
[2020-01-02 12:12:51] 自開彩開獎  {202001020245 4 41 true} 
ConfigData  map[redisIp:192.168.88.119 redisDB:3 poolname:FA_MEM user:fa_db password:1qaz!QAZ database:FA_MEM charset:utf8 ip:192.168.88.181 port:3306 redisPort:6379 redisPassword:""]
SqlString  SELECT RTP,Amount,Bonus  FROM M_RtpSetting  WHERE Sid = 1   AND State = 1   AND LTG_Code = 4 AND Gid = 41
sqlResult   map[result: count:0 state:0]
[2020-01-02 12:12:51] rtpData ------->   map[result: count:0 state:0] 
[GIN] 2020/01/02 - 12:12:51 | 200 |     2.73668ms |  192.168.66.115 | POST     /getResult
sqlResult   map[result: count:0 state:0]
[2020-01-02 12:12:51] rtpData ------->   map[result: count:0 state:0] 
[GIN] 2020/01/02 - 12:12:51 | 200 |    3.045255ms |  192.168.66.115 | POST     /getResult
[2020-01-02 12:12:51] 自開彩開獎  {202001020733 6 36 true} 
ConfigData  map[ip:192.168.88.181 poolname:FA_MEM user:fa_db database:FA_MEM redisIp:192.168.88.119 redisPort:6379 port:3306 password:1qaz!QAZ charset:utf8 redisPassword:"" redisDB:3]
SqlString  SELECT RTP,Amount,Bonus  FROM M_RtpSetting  WHERE Sid = 1   AND State = 1   AND LTG_Code = 6 AND Gid = 36
[2020-01-02 12:12:51] 自開彩開獎  {202001020245 1 35 true} 
ConfigData  map[database:FA_MEM redisIp:192.168.88.119 redisPort:6379 poolname:FA_MEM port:3306 password:1qaz!QAZ redisPassword:"" redisDB:3 ip:192.168.88.181 user:fa_db charset:utf8]
SqlString  SELECT RTP,Amount,Bonus  FROM M_RtpSetting  WHERE Sid = 1   AND State = 1   AND LTG_Code = 1 AND Gid = 35
sqlResult   map[result: count:0 state:0]
[2020-01-02 12:12:51] rtpData ------->   map[count:0 state:0 result:] 
[GIN] 2020/01/02 - 12:12:51 | 200 |    3.348597ms |  192.168.66.115 | POST     /getResult
sqlResult   map[result: count:0 state:0]
[2020-01-02 12:12:51] rtpData ------->   map[count:0 state:0 result:] 
[GIN] 2020/01/02 - 12:12:51 | 200 |    3.590179ms |  192.168.66.115 | POST     /getResult
[2020-01-02 12:12:52] 自開彩開獎  {202001020733 5 38 true} 
ConfigData  map[ip:192.168.88.181 port:3306 password:1qaz!QAZ database:FA_MEM redisPort:6379 redisDB:3 poolname:FA_MEM user:fa_db charset:utf8 redisIp:192.168.88.119 redisPassword:""]
SqlString  SELECT RTP,Amount,Bonus  FROM M_RtpSetting  WHERE Sid = 1   AND State = 1   AND LTG_Code = 5 AND Gid = 38
sqlResult   map[result: count:0 state:0]
[2020-01-02 12:12:52] rtpData ------->   map[result: count:0 state:0] 
[GIN] 2020/01/02 - 12:12:52 | 200 |     2.43709ms |  192.168.66.115 | POST     /getResult
[2020-01-02 12:12:54] 自開彩開獎  {202001020245 6 37 true} 
ConfigData  map[user:fa_db password:1qaz!QAZ database:FA_MEM redisIp:192.168.88.119 port:3306 poolname:FA_MEM charset:utf8 redisPort:6379 redisPassword:"" redisDB:3 ip:192.168.88.181]
SqlString  SELECT RTP,Amount,Bonus  FROM M_RtpSetting  WHERE Sid = 1   AND State = 1   AND LTG_Code = 6 AND Gid = 37
sqlResult   map[result: count:0 state:0]
[2020-01-02 12:12:54] rtpData ------->   map[result: count:0 state:0] 
[GIN] 2020/01/02 - 12:12:54 | 200 |    2.625882ms |  192.168.66.115 | POST     /getResult
[2020-01-02 12:12:55] 自開彩開獎  {202001020733 1 34 true} 
ConfigData  map[ip:192.168.88.181 poolname:FA_MEM database:FA_MEM redisDB:3 port:3306 user:fa_db password:1qaz!QAZ charset:utf8 redisIp:192.168.88.119 redisPort:6379 redisPassword:""]
SqlString  SELECT RTP,Amount,Bonus  FROM M_RtpSetting  WHERE Sid = 1   AND State = 1   AND LTG_Code = 1 AND Gid = 34
sqlResult   map[result: count:0 state:0]
[2020-01-02 12:12:55] rtpData ------->   map[result: count:0 state:0] 
[GIN] 2020/01/02 - 12:12:55 | 200 |    2.846404ms |  192.168.66.115 | POST     /getResult
[2020-01-02 12:12:57] 自開彩開獎  {202001020733 4 40 true} 
ConfigData  map[password:1qaz!QAZ redisIp:192.168.88.119 redisPort:6379 database:FA_MEM charset:utf8 redisPassword:"" redisDB:3 ip:192.168.88.181 poolname:FA_MEM port:3306 user:fa_db]
SqlString  SELECT RTP,Amount,Bonus  FROM M_RtpSetting  WHERE Sid = 1   AND State = 1   AND LTG_Code = 4 AND Gid = 40
[2020-01-02 12:12:57] 自開彩開獎  {202001020245 4 41 true} 
ConfigData  map[port:3306 user:fa_db password:1qaz!QAZ database:FA_MEM redisPort:6379 ip:192.168.88.181 poolname:FA_MEM charset:utf8 redisIp:192.168.88.119 redisPassword:"" redisDB:3]
SqlString  SELECT RTP,Amount,Bonus  FROM M_RtpSetting  WHERE Sid = 1   AND State = 1   AND LTG_Code = 4 AND Gid = 41
sqlResult   map[count:0 state:0 result:]
[2020-01-02 12:12:57] rtpData ------->   map[result: count:0 state:0] 
[GIN] 2020/01/02 - 12:12:57 | 200 |    3.038862ms |  192.168.66.115 | POST     /getResult
sqlResult   map[count:0 state:0 result:]
[2020-01-02 12:12:57] rtpData ------->   map[result: count:0 state:0] 
[GIN] 2020/01/02 - 12:12:57 | 200 |    3.383318ms |  192.168.66.115 | POST     /getResult
[2020-01-02 12:12:57] 自開彩開獎  {202001020733 6 36 true} 
ConfigData  map[password:1qaz!QAZ database:FA_MEM redisPort:6379 poolname:FA_MEM user:fa_db charset:utf8 redisIp:192.168.88.119 redisPassword:"" redisDB:3 ip:192.168.88.181 port:3306]
SqlString  SELECT RTP,Amount,Bonus  FROM M_RtpSetting  WHERE Sid = 1   AND State = 1   AND LTG_Code = 6 AND Gid = 36
[2020-01-02 12:12:57] 自開彩開獎  {202001020245 1 35 true} 
ConfigData  map[database:FA_MEM poolname:FA_MEM user:fa_db password:1qaz!QAZ charset:utf8 redisIp:192.168.88.119 redisPort:6379 redisPassword:"" redisDB:3 ip:192.168.88.181 port:3306]
SqlString  SELECT RTP,Amount,Bonus  FROM M_RtpSetting  WHERE Sid = 1   AND State = 1   AND LTG_Code = 1 AND Gid = 35
sqlResult   map[result: count:0 state:0]
[2020-01-02 12:12:57] rtpData ------->   map[state:0 result: count:0] 
[GIN] 2020/01/02 - 12:12:57 | 200 |    2.571888ms |  192.168.66.115 | POST     /getResult
sqlResult   map[result: count:0 state:0]
[2020-01-02 12:12:57] rtpData ------->   map[state:0 result: count:0] 
[GIN] 2020/01/02 - 12:12:57 | 200 |    2.837066ms |  192.168.66.115 | POST     /getResult
[2020-01-02 12:12:58] 自開彩開獎  {202001020733 5 38 true} 
ConfigData  map[ip:192.168.88.181 port:3306 user:fa_db database:FA_MEM redisIp:192.168.88.119 redisPort:6379 poolname:FA_MEM password:1qaz!QAZ charset:utf8 redisPassword:"" redisDB:3]
SqlString  SELECT RTP,Amount,Bonus  FROM M_RtpSetting  WHERE Sid = 1   AND State = 1   AND LTG_Code = 5 AND Gid = 38
sqlResult   map[count:0 state:0 result:]
[2020-01-02 12:12:58] rtpData ------->   map[result: count:0 state:0] 
[GIN] 2020/01/02 - 12:12:58 | 200 |    1.998165ms |  192.168.66.115 | POST     /getResult
[2020-01-02 12:13:00] 自開彩開獎  {202001020245 6 37 true} 
ConfigData  map[user:fa_db password:1qaz!QAZ database:FA_MEM redisIp:192.168.88.119 ip:192.168.88.181 poolname:FA_MEM port:3306 charset:utf8 redisPort:6379 redisPassword:"" redisDB:3]
SqlString  SELECT RTP,Amount,Bonus  FROM M_RtpSetting  WHERE Sid = 1   AND State = 1   AND LTG_Code = 6 AND Gid = 37
sqlResult   map[result: count:0 state:0]
[2020-01-02 12:13:00] rtpData ------->   map[result: count:0 state:0] 
[GIN] 2020/01/02 - 12:13:00 | 200 |    2.255798ms |  192.168.66.115 | POST     /getResult
[2020-01-02 12:13:01] 自開彩開獎  {202001020734 2 26 true} 
ConfigData  map[charset:utf8 redisIp:192.168.88.119 ip:192.168.88.181 poolname:FA_MEM port:3306 user:fa_db password:1qaz!QAZ database:FA_MEM redisPort:6379 redisPassword:"" redisDB:3]
SqlString  SELECT RTP,Amount,Bonus  FROM M_RtpSetting  WHERE Sid = 1   AND State = 1   AND LTG_Code = 2 AND Gid = 26
sqlResult   map[result:0.9600 count:1 state:1 amount:1.0069588e+06 bonus:908100.71]
[2020-01-02 12:13:01] rtpData ------->   map[count:1 state:1 amount:1.0069588e+06 bonus:908100.71 result:0.9600] 
ConfigData  map[poolname:FA_MEM user:fa_db password:1qaz!QAZ redisPort:6379 ip:192.168.88.181 port:3306 database:FA_MEM charset:utf8 redisIp:192.168.88.119 redisPassword:"" redisDB:3]
SELECT BO_No, BO_OrderNo , BO_User , BO_Issue  , BO_LotteryTypeGroup, BO_LotteryType, BO_Mode, BO_LotteryPlayGroup, BO_LotteryPlay , BO_LotteryContent, BO_Price, BO_RealPrice, BO_Unit, BO_Multiple , BO_BetCount  , BO_Winnings, BO_Winnings2, BO_Winnings3, BO_WinningLimit  , BO_Water , BO_BW_SourceUserId, BO_BW_BackWater, BO_BW_LimitBetCount, BO_BW_MaxAmount, BO_BW_AuditMultiple  , BO_Odds, BO_Odds2, BO_Odds3 , BO_Type, BO_Chase , BO_OpenResult, BO_OpenResult2, BO_DateDraw, BO_DateDraw2, BO_DateUpdate  FROM TS_BetOrder  WHERE BO_Cancel = 0   AND BO_CancelBackend = 0   AND BO_LotteryTypeGroup = 2 AND BO_LotteryType = 26 AND BO_Issue = 202001020734 AND BO_Collect = 0 ORDER BY BO_DateDraw ASC, BO_DateCreate ASC, BO_DateUpdate ASC, BO_No ASC ;
[2020-01-02 12:13:01] LottteryTypeGroup 2 
[2020-01-02 12:13:01] 有期號 但無注單 -------> map[thisOpenResult:[0 8 1 8 5] amount:0 bonus:0] 
[GIN] 2020/01/02 - 12:13:01 | 200 |    5.912089ms |  192.168.66.115 | POST     /getResult
[2020-01-02 12:13:01] 自開彩開獎  {202001020733 1 34 true} 
ConfigData  map[password:1qaz!QAZ database:FA_MEM redisPort:6379 redisPassword:"" redisDB:3 ip:192.168.88.181 poolname:FA_MEM port:3306 user:fa_db charset:utf8 redisIp:192.168.88.119]
SqlString  SELECT RTP,Amount,Bonus  FROM M_RtpSetting  WHERE Sid = 1   AND State = 1   AND LTG_Code = 1 AND Gid = 34
sqlResult   map[result: count:0 state:0]
[2020-01-02 12:13:01] rtpData ------->   map[result: count:0 state:0] 
[GIN] 2020/01/02 - 12:13:01 | 200 |    3.376892ms |  192.168.66.115 | POST     /getResult
[2020-01-02 12:13:03] 自開彩開獎  {202001020733 4 40 true} 
[2020-01-02 12:13:03] 自開彩開獎  {202001020245 4 41 true} 
ConfigData  map[charset:utf8 ip:192.168.88.181 user:fa_db password:1qaz!QAZ database:FA_MEM redisPassword:"" redisDB:3 poolname:FA_MEM port:3306 redisIp:192.168.88.119 redisPort:6379]
SqlString  SELECT RTP,Amount,Bonus  FROM M_RtpSetting  WHERE Sid = 1   AND State = 1   AND LTG_Code = 4 AND Gid = 40
ConfigData  map[poolname:FA_MEM port:3306 user:fa_db password:1qaz!QAZ redisPort:6379 redisDB:3 ip:192.168.88.181 database:FA_MEM charset:utf8 redisIp:192.168.88.119 redisPassword:""]
SqlString  SELECT RTP,Amount,Bonus  FROM M_RtpSetting  WHERE Sid = 1   AND State = 1   AND LTG_Code = 4 AND Gid = 41
sqlResult   map[state:0 result: count:0]
[2020-01-02 12:13:03] rtpData ------->   map[result: count:0 state:0] 
[GIN] 2020/01/02 - 12:13:03 | 200 |     2.52803ms |  192.168.66.115 | POST     /getResult
sqlResult   map[count:0 state:0 result:]
[2020-01-02 12:13:03] rtpData ------->   map[result: count:0 state:0] 
[GIN] 2020/01/02 - 12:13:03 | 200 |     2.82105ms |  192.168.66.115 | POST     /getResult
[2020-01-02 12:13:03] 自開彩開獎  {202001020733 6 36 true} 
ConfigData  map[port:3306 user:fa_db redisPassword:"" ip:192.168.88.181 poolname:FA_MEM password:1qaz!QAZ database:FA_MEM charset:utf8 redisIp:192.168.88.119 redisPort:6379 redisDB:3]
SqlString  SELECT RTP,Amount,Bonus  FROM M_RtpSetting  WHERE Sid = 1   AND State = 1   AND LTG_Code = 6 AND Gid = 36
[2020-01-02 12:13:03] 自開彩開獎  {202001020245 1 35 true} 
ConfigData  map[port:3306 password:1qaz!QAZ charset:utf8 redisIp:192.168.88.119 redisPort:6379 redisDB:3 ip:192.168.88.181 user:fa_db database:FA_MEM redisPassword:"" poolname:FA_MEM]
SqlString  SELECT RTP,Amount,Bonus  FROM M_RtpSetting  WHERE Sid = 1   AND State = 1   AND LTG_Code = 1 AND Gid = 35
sqlResult   map[state:0 result: count:0]
[2020-01-02 12:13:03] rtpData ------->   map[result: count:0 state:0] 
[GIN] 2020/01/02 - 12:13:03 | 200 |    3.147606ms |  192.168.66.115 | POST     /getResult
sqlResult   map[result: count:0 state:0]
[2020-01-02 12:13:03] rtpData ------->   map[result: count:0 state:0] 
[GIN] 2020/01/02 - 12:13:03 | 200 |    3.430018ms |  192.168.66.115 | POST     /getResult
[2020-01-02 12:13:04] 自開彩開獎  {202001020733 5 38 true} 
ConfigData  map[password:1qaz!QAZ charset:utf8 redisPassword:"" redisDB:3 port:3306 poolname:FA_MEM user:fa_db database:FA_MEM redisIp:192.168.88.119 redisPort:6379 ip:192.168.88.181]
SqlString  SELECT RTP,Amount,Bonus  FROM M_RtpSetting  WHERE Sid = 1   AND State = 1   AND LTG_Code = 5 AND Gid = 38
sqlResult   map[count:0 state:0 result:]
[2020-01-02 12:13:04] rtpData ------->   map[result: count:0 state:0] 
[GIN] 2020/01/02 - 12:13:04 | 200 |    3.424125ms |  192.168.66.115 | POST     /getResult
[2020-01-02 12:13:07] 自開彩開獎  {202001020734 1 34 true} 
ConfigData  map[ip:192.168.88.181 port:3306 password:1qaz!QAZ database:FA_MEM redisDB:3 poolname:FA_MEM user:fa_db charset:utf8 redisIp:192.168.88.119 redisPort:6379 redisPassword:""]
SqlString  SELECT RTP,Amount,Bonus  FROM M_RtpSetting  WHERE Sid = 1   AND State = 1   AND LTG_Code = 1 AND Gid = 34
sqlResult   map[count:0 state:0 result:]
[2020-01-02 12:13:07] rtpData ------->   map[result: count:0 state:0] 
[GIN] 2020/01/02 - 12:13:07 | 200 |    2.543832ms |  192.168.66.115 | POST     /getResult
[2020-01-02 12:13:09] 自開彩開獎  {202001020734 4 40 true} 
ConfigData  map[poolname:FA_MEM redisIp:192.168.88.119 redisPassword:"" redisPort:6379 redisDB:3 ip:192.168.88.181 port:3306 user:fa_db password:1qaz!QAZ database:FA_MEM charset:utf8]
SqlString  SELECT RTP,Amount,Bonus  FROM M_RtpSetting  WHERE Sid = 1   AND State = 1   AND LTG_Code = 4 AND Gid = 40
[2020-01-02 12:13:09] 自開彩開獎  {202001020245 4 41 true} 
ConfigData  map[user:fa_db database:FA_MEM redisIp:192.168.88.119 redisDB:3 ip:192.168.88.181 poolname:FA_MEM port:3306 password:1qaz!QAZ charset:utf8 redisPort:6379 redisPassword:""]
SqlString  SELECT RTP,Amount,Bonus  FROM M_RtpSetting  WHERE Sid = 1   AND State = 1   AND LTG_Code = 4 AND Gid = 41
sqlResult   map[state:0 result: count:0]
[2020-01-02 12:13:09] rtpData ------->   map[result: count:0 state:0] 
[GIN] 2020/01/02 - 12:13:09 | 200 |    3.023678ms |  192.168.66.115 | POST     /getResult
sqlResult   map[result: count:0 state:0]
[2020-01-02 12:13:09] rtpData ------->   map[state:0 result: count:0] 
[GIN] 2020/01/02 - 12:13:09 | 200 |    3.132122ms |  192.168.66.115 | POST     /getResult
[2020-01-02 12:13:09] 自開彩開獎  {202001020245 1 35 true} 
ConfigData  map[ip:192.168.88.181 user:fa_db charset:utf8 redisIp:192.168.88.119 redisPort:6379 redisPassword:"" redisDB:3 poolname:FA_MEM port:3306 password:1qaz!QAZ database:FA_MEM]
SqlString  SELECT RTP,Amount,Bonus  FROM M_RtpSetting  WHERE Sid = 1   AND State = 1   AND LTG_Code = 1 AND Gid = 35
[2020-01-02 12:13:09] 自開彩開獎  {202001020734 6 36 true} 
ConfigData  map[redisPort:6379 ip:192.168.88.181 user:fa_db password:1qaz!QAZ database:FA_MEM charset:utf8 poolname:FA_MEM port:3306 redisIp:192.168.88.119 redisPassword:"" redisDB:3]
SqlString  SELECT RTP,Amount,Bonus  FROM M_RtpSetting  WHERE Sid = 1   AND State = 1   AND LTG_Code = 6 AND Gid = 36
sqlResult   map[result: count:0 state:0]
[2020-01-02 12:13:09] rtpData ------->   map[result: count:0 state:0] 
[GIN] 2020/01/02 - 12:13:09 | 200 |    2.634103ms |  192.168.66.115 | POST     /getResult
sqlResult   map[result: count:0 state:0]
[2020-01-02 12:13:09] rtpData ------->   map[result: count:0 state:0] 
[GIN] 2020/01/02 - 12:13:09 | 200 |    2.846111ms |  192.168.66.115 | POST     /getResult
[2020-01-02 12:13:10] 自開彩開獎  {202001020734 5 38 true} 
ConfigData  map[port:3306 user:fa_db database:FA_MEM charset:utf8 redisIp:192.168.88.119 poolname:FA_MEM password:1qaz!QAZ redisPort:6379 redisPassword:"" redisDB:3 ip:192.168.88.181]
SqlString  SELECT RTP,Amount,Bonus  FROM M_RtpSetting  WHERE Sid = 1   AND State = 1   AND LTG_Code = 5 AND Gid = 38
sqlResult   map[result: count:0 state:0]
[2020-01-02 12:13:10] rtpData ------->   map[result: count:0 state:0] 
[GIN] 2020/01/02 - 12:13:10 | 200 |    3.074478ms |  192.168.66.115 | POST     /getResult
[2020-01-02 12:13:13] 自開彩開獎  {202001020734 1 34 true} 
ConfigData  map[poolname:FA_MEM password:1qaz!QAZ database:FA_MEM charset:utf8 redisIp:192.168.88.119 redisPort:6379 redisDB:3 ip:192.168.88.181 user:fa_db redisPassword:"" port:3306]
SqlString  SELECT RTP,Amount,Bonus  FROM M_RtpSetting  WHERE Sid = 1   AND State = 1   AND LTG_Code = 1 AND Gid = 34
sqlResult   map[result: count:0 state:0]
[2020-01-02 12:13:13] rtpData ------->   map[result: count:0 state:0] 
[GIN] 2020/01/02 - 12:13:13 | 200 |    2.700657ms |  192.168.66.115 | POST     /getResult
[2020-01-02 12:13:15] 自開彩開獎  {202001020734 4 40 true} 
ConfigData  map[redisPassword:"" redisDB:3 ip:192.168.88.181 poolname:FA_MEM port:3306 user:fa_db password:1qaz!QAZ database:FA_MEM charset:utf8 redisIp:192.168.88.119 redisPort:6379]
SqlString  SELECT RTP,Amount,Bonus  FROM M_RtpSetting  WHERE Sid = 1   AND State = 1   AND LTG_Code = 4 AND Gid = 40
[2020-01-02 12:13:15] 自開彩開獎  {202001020245 4 41 true} 
ConfigData  map[charset:utf8 redisPassword:"" password:1qaz!QAZ database:FA_MEM redisIp:192.168.88.119 redisPort:6379 ip:192.168.88.181 poolname:FA_MEM port:3306 user:fa_db redisDB:3]
SqlString  SELECT RTP,Amount,Bonus  FROM M_RtpSetting  WHERE Sid = 1   AND State = 1   AND LTG_Code = 4 AND Gid = 41
sqlResult   map[count:0 state:0 result:]
[2020-01-02 12:13:15] rtpData ------->   map[result: count:0 state:0] 
[GIN] 2020/01/02 - 12:13:15 | 200 |    2.966899ms |  192.168.66.115 | POST     /getResult
sqlResult   map[result: count:0 state:0]
[2020-01-02 12:13:15] rtpData ------->   map[result: count:0 state:0] 
[GIN] 2020/01/02 - 12:13:15 | 200 |    3.477005ms |  192.168.66.115 | POST     /getResult
[2020-01-02 12:13:15] 自開彩開獎  {202001020245 1 35 true} 
ConfigData  map[ip:192.168.88.181 port:3306 database:FA_MEM charset:utf8 redisPort:6379 poolname:FA_MEM user:fa_db password:1qaz!QAZ redisIp:192.168.88.119 redisPassword:"" redisDB:3]
SqlString  SELECT RTP,Amount,Bonus  FROM M_RtpSetting  WHERE Sid = 1   AND State = 1   AND LTG_Code = 1 AND Gid = 35
[2020-01-02 12:13:15] 自開彩開獎  {202001020734 6 36 true} 
ConfigData  map[ip:192.168.88.181 database:FA_MEM redisIp:192.168.88.119 redisPort:6379 poolname:FA_MEM port:3306 user:fa_db password:1qaz!QAZ charset:utf8 redisPassword:"" redisDB:3]
SqlString  SELECT RTP,Amount,Bonus  FROM M_RtpSetting  WHERE Sid = 1   AND State = 1   AND LTG_Code = 6 AND Gid = 36
sqlResult   map[result: count:0 state:0]
[2020-01-02 12:13:15] rtpData ------->   map[result: count:0 state:0] 
[GIN] 2020/01/02 - 12:13:15 | 200 |    2.431029ms |  192.168.66.115 | POST     /getResult
sqlResult   map[result: count:0 state:0]
[2020-01-02 12:13:15] rtpData ------->   map[count:0 state:0 result:] 
[GIN] 2020/01/02 - 12:13:15 | 200 |    2.861927ms |  192.168.66.115 | POST     /getResult
[2020-01-02 12:13:16] 自開彩開獎  {202001020734 5 38 true} 
ConfigData  map[poolname:FA_MEM port:3306 user:fa_db password:1qaz!QAZ redisIp:192.168.88.119 redisPort:6379 redisDB:3 ip:192.168.88.181 database:FA_MEM charset:utf8 redisPassword:""]
SqlString  SELECT RTP,Amount,Bonus  FROM M_RtpSetting  WHERE Sid = 1   AND State = 1   AND LTG_Code = 5 AND Gid = 38
sqlResult   map[result: count:0 state:0]
[2020-01-02 12:13:16] rtpData ------->   map[result: count:0 state:0] 
[GIN] 2020/01/02 - 12:13:16 | 200 |    2.920163ms |  192.168.66.115 | POST     /getResult
[2020-01-02 12:13:19] 自開彩開獎  {202001020734 1 34 true} 
ConfigData  map[redisPassword:"" redisDB:3 ip:192.168.88.181 user:fa_db password:1qaz!QAZ database:FA_MEM charset:utf8 poolname:FA_MEM port:3306 redisIp:192.168.88.119 redisPort:6379]
SqlString  SELECT RTP,Amount,Bonus  FROM M_RtpSetting  WHERE Sid = 1   AND State = 1   AND LTG_Code = 1 AND Gid = 34
sqlResult   map[result: count:0 state:0]
[2020-01-02 12:13:19] rtpData ------->   map[result: count:0 state:0] 
[GIN] 2020/01/02 - 12:13:19 | 200 |    2.423108ms |  192.168.66.115 | POST     /getResult
[2020-01-02 12:13:21] 自開彩開獎  {202001020734 4 40 true} 
ConfigData  map[ip:192.168.88.181 poolname:FA_MEM port:3306 redisPort:6379 redisPassword:"" redisDB:3 user:fa_db password:1qaz!QAZ database:FA_MEM charset:utf8 redisIp:192.168.88.119]
SqlString  SELECT RTP,Amount,Bonus  FROM M_RtpSetting  WHERE Sid = 1   AND State = 1   AND LTG_Code = 4 AND Gid = 40
[2020-01-02 12:13:21] 自開彩開獎  {202001020245 4 41 true} 
ConfigData  map[charset:utf8 redisIp:192.168.88.119 redisPort:6379 redisPassword:"" ip:192.168.88.181 poolname:FA_MEM password:1qaz!QAZ database:FA_MEM redisDB:3 port:3306 user:fa_db]
SqlString  SELECT RTP,Amount,Bonus  FROM M_RtpSetting  WHERE Sid = 1   AND State = 1   AND LTG_Code = 4 AND Gid = 41
sqlResult   map[result: count:0 state:0]
[2020-01-02 12:13:21] rtpData ------->   map[state:0 result: count:0] 
[GIN] 2020/01/02 - 12:13:21 | 200 |    2.757061ms |  192.168.66.115 | POST     /getResult
sqlResult   map[result: count:0 state:0]
[2020-01-02 12:13:21] rtpData ------->   map[result: count:0 state:0] 
[GIN] 2020/01/02 - 12:13:21 | 200 |     3.53432ms |  192.168.66.115 | POST     /getResult
[2020-01-02 12:13:21] 自開彩開獎  {202001020245 1 35 true} 
ConfigData  map[port:3306 password:1qaz!QAZ database:FA_MEM redisIp:192.168.88.119 redisPort:6379 redisPassword:"" ip:192.168.88.181 poolname:FA_MEM redisDB:3 user:fa_db charset:utf8]
SqlString  SELECT RTP,Amount,Bonus  FROM M_RtpSetting  WHERE Sid = 1   AND State = 1   AND LTG_Code = 1 AND Gid = 35
[2020-01-02 12:13:21] 自開彩開獎  {202001020734 6 36 true} 
ConfigData  map[ip:192.168.88.181 charset:utf8 password:1qaz!QAZ database:FA_MEM redisIp:192.168.88.119 redisPort:6379 redisPassword:"" poolname:FA_MEM port:3306 user:fa_db redisDB:3]
SqlString  SELECT RTP,Amount,Bonus  FROM M_RtpSetting  WHERE Sid = 1   AND State = 1   AND LTG_Code = 6 AND Gid = 36
sqlResult   map[result: count:0 state:0]
[2020-01-02 12:13:21] rtpData ------->   map[state:0 result: count:0] 
sqlResult   map[result: count:0 state:0]
[2020-01-02 12:13:21] rtpData ------->   map[result: count:0 state:0] 
[GIN] 2020/01/02 - 12:13:21 | 200 |    3.240265ms |  192.168.66.115 | POST     /getResult
[GIN] 2020/01/02 - 12:13:21 | 200 |    3.117793ms |  192.168.66.115 | POST     /getResult
[2020-01-02 12:13:22] 自開彩開獎  {202001020734 5 38 true} 
ConfigData  map[redisPassword:"" redisDB:3 poolname:FA_MEM user:fa_db redisPort:6379 database:FA_MEM charset:utf8 redisIp:192.168.88.119 ip:192.168.88.181 port:3306 password:1qaz!QAZ]
SqlString  SELECT RTP,Amount,Bonus  FROM M_RtpSetting  WHERE Sid = 1   AND State = 1   AND LTG_Code = 5 AND Gid = 38
sqlResult   map[result: count:0 state:0]
[2020-01-02 12:13:22] rtpData ------->   map[result: count:0 state:0] 
[GIN] 2020/01/02 - 12:13:22 | 200 |    3.114725ms |  192.168.66.115 | POST     /getResult
[2020-01-02 12:13:25] 自開彩開獎  {202001020734 1 34 true} 
ConfigData  map[redisDB:3 ip:192.168.88.181 database:FA_MEM redisPort:6379 password:1qaz!QAZ charset:utf8 redisIp:192.168.88.119 redisPassword:"" poolname:FA_MEM port:3306 user:fa_db]
SqlString  SELECT RTP,Amount,Bonus  FROM M_RtpSetting  WHERE Sid = 1   AND State = 1   AND LTG_Code = 1 AND Gid = 34
sqlResult   map[result: count:0 state:0]
[2020-01-02 12:13:25] rtpData ------->   map[count:0 state:0 result:] 
[GIN] 2020/01/02 - 12:13:25 | 200 |     2.65668ms |  192.168.66.115 | POST     /getResult
[2020-01-02 12:13:27] 自開彩開獎  {202001020734 4 40 true} 
ConfigData  map[password:1qaz!QAZ redisIp:192.168.88.119 redisPort:6379 redisDB:3 ip:192.168.88.181 poolname:FA_MEM port:3306 redisPassword:"" user:fa_db database:FA_MEM charset:utf8]
SqlString  SELECT RTP,Amount,Bonus  FROM M_RtpSetting  WHERE Sid = 1   AND State = 1   AND LTG_Code = 4 AND Gid = 40
[2020-01-02 12:13:27] 自開彩開獎  {202001020245 4 41 true} 
ConfigData  map[ip:192.168.88.181 port:3306 password:1qaz!QAZ database:FA_MEM charset:utf8 redisIp:192.168.88.119 redisPort:6379 redisPassword:"" redisDB:3 poolname:FA_MEM user:fa_db]
SqlString  SELECT RTP,Amount,Bonus  FROM M_RtpSetting  WHERE Sid = 1   AND State = 1   AND LTG_Code = 4 AND Gid = 41
sqlResult   map[result: count:0 state:0]
[2020-01-02 12:13:27] rtpData ------->   map[result: count:0 state:0] 
[GIN] 2020/01/02 - 12:13:27 | 200 |    2.109713ms |  192.168.66.115 | POST     /getResult
sqlResult   map[result: count:0 state:0]
[2020-01-02 12:13:27] rtpData ------->   map[count:0 state:0 result:] 
[GIN] 2020/01/02 - 12:13:27 | 200 |    2.565069ms |  192.168.66.115 | POST     /getResult
[2020-01-02 12:13:27] 自開彩開獎  {202001020245 1 35 true} 
ConfigData  map[ip:192.168.88.181 user:fa_db database:FA_MEM charset:utf8 redisPassword:"" redisDB:3 poolname:FA_MEM port:3306 password:1qaz!QAZ redisIp:192.168.88.119 redisPort:6379]
SqlString  SELECT RTP,Amount,Bonus  FROM M_RtpSetting  WHERE Sid = 1   AND State = 1   AND LTG_Code = 1 AND Gid = 35
[2020-01-02 12:13:27] 自開彩開獎  {202001020734 6 36 true} 
ConfigData  map[redisPassword:"" redisDB:3 poolname:FA_MEM database:FA_MEM charset:utf8 password:1qaz!QAZ redisIp:192.168.88.119 redisPort:6379 ip:192.168.88.181 port:3306 user:fa_db]
SqlString  SELECT RTP,Amount,Bonus  FROM M_RtpSetting  WHERE Sid = 1   AND State = 1   AND LTG_Code = 6 AND Gid = 36
sqlResult   map[result: count:0 state:0]
[2020-01-02 12:13:27] rtpData ------->   map[count:0 state:0 result:] 
[GIN] 2020/01/02 - 12:13:27 | 200 |    2.248506ms |  192.168.66.115 | POST     /getResult
sqlResult   map[result: count:0 state:0]
[2020-01-02 12:13:27] rtpData ------->   map[result: count:0 state:0] 
[GIN] 2020/01/02 - 12:13:27 | 200 |    2.387333ms |  192.168.66.115 | POST     /getResult
[2020-01-02 12:13:28] 自開彩開獎  {202001020734 5 38 true} 
ConfigData  map[poolname:FA_MEM port:3306 user:fa_db password:1qaz!QAZ database:FA_MEM charset:utf8 redisPassword:"" ip:192.168.88.181 redisDB:3 redisPort:6379 redisIp:192.168.88.119]
SqlString  SELECT RTP,Amount,Bonus  FROM M_RtpSetting  WHERE Sid = 1   AND State = 1   AND LTG_Code = 5 AND Gid = 38
sqlResult   map[result: count:0 state:0]
[2020-01-02 12:13:28] rtpData ------->   map[count:0 state:0 result:] 
[GIN] 2020/01/02 - 12:13:28 | 200 |    2.780464ms |  192.168.66.115 | POST     /getResult
[2020-01-02 12:13:31] 自開彩開獎  {202001020734 1 34 true} 
ConfigData  map[ip:192.168.88.181 database:FA_MEM charset:utf8 redisPort:6379 redisDB:3 poolname:FA_MEM port:3306 user:fa_db password:1qaz!QAZ redisIp:192.168.88.119 redisPassword:""]
SqlString  SELECT RTP,Amount,Bonus  FROM M_RtpSetting  WHERE Sid = 1   AND State = 1   AND LTG_Code = 1 AND Gid = 34
sqlResult   map[result: count:0 state:0]
[2020-01-02 12:13:31] rtpData ------->   map[result: count:0 state:0] 
[GIN] 2020/01/02 - 12:13:31 | 200 |    2.817308ms |  192.168.66.115 | POST     /getResult
[2020-01-02 12:13:33] 自開彩開獎  {202001020734 4 40 true} 
ConfigData  map[ip:192.168.88.181 port:3306 password:1qaz!QAZ redisIp:192.168.88.119 redisPort:6379 redisPassword:"" redisDB:3 poolname:FA_MEM user:fa_db database:FA_MEM charset:utf8]
SqlString  SELECT RTP,Amount,Bonus  FROM M_RtpSetting  WHERE Sid = 1   AND State = 1   AND LTG_Code = 4 AND Gid = 40
[2020-01-02 12:13:33] 自開彩開獎  {202001020245 4 41 true} 
ConfigData  map[redisIp:192.168.88.119 redisPort:6379 redisDB:3 redisPassword:"" ip:192.168.88.181 poolname:FA_MEM port:3306 user:fa_db password:1qaz!QAZ database:FA_MEM charset:utf8]
SqlString  SELECT RTP,Amount,Bonus  FROM M_RtpSetting  WHERE Sid = 1   AND State = 1   AND LTG_Code = 4 AND Gid = 41
sqlResult   map[result: count:0 state:0]
[2020-01-02 12:13:33] rtpData ------->   map[result: count:0 state:0] 
[GIN] 2020/01/02 - 12:13:33 | 200 |    2.487814ms |  192.168.66.115 | POST     /getResult
sqlResult   map[result: count:0 state:0]
[2020-01-02 12:13:33] rtpData ------->   map[result: count:0 state:0] 
[GIN] 2020/01/02 - 12:13:33 | 200 |    2.507904ms |  192.168.66.115 | POST     /getResult
[2020-01-02 12:13:33] 自開彩開獎  {202001020245 1 35 true} 
ConfigData  map[ip:192.168.88.181 charset:utf8 redisDB:3 password:1qaz!QAZ database:FA_MEM redisIp:192.168.88.119 redisPort:6379 redisPassword:"" poolname:FA_MEM port:3306 user:fa_db]
SqlString  SELECT RTP,Amount,Bonus  FROM M_RtpSetting  WHERE Sid = 1   AND State = 1   AND LTG_Code = 1 AND Gid = 35
[2020-01-02 12:13:33] 自開彩開獎  {202001020734 6 36 true} 
ConfigData  map[redisIp:192.168.88.119 redisPort:6379 redisPassword:"" redisDB:3 port:3306 password:1qaz!QAZ user:fa_db database:FA_MEM charset:utf8 ip:192.168.88.181 poolname:FA_MEM]
SqlString  SELECT RTP,Amount,Bonus  FROM M_RtpSetting  WHERE Sid = 1   AND State = 1   AND LTG_Code = 6 AND Gid = 36
sqlResult   map[result: count:0 state:0]
[2020-01-02 12:13:33] rtpData ------->   map[state:0 result: count:0] 
[GIN] 2020/01/02 - 12:13:33 | 200 |    2.492506ms |  192.168.66.115 | POST     /getResult
sqlResult   map[result: count:0 state:0]
[2020-01-02 12:13:33] rtpData ------->   map[result: count:0 state:0] 
[GIN] 2020/01/02 - 12:13:33 | 200 |     2.04259ms |  192.168.66.115 | POST     /getResult
[2020-01-02 12:13:34] 自開彩開獎  {202001020734 5 38 true} 
ConfigData  map[port:3306 user:fa_db password:1qaz!QAZ redisIp:192.168.88.119 redisPassword:"" redisDB:3 poolname:FA_MEM database:FA_MEM charset:utf8 redisPort:6379 ip:192.168.88.181]
SqlString  SELECT RTP,Amount,Bonus  FROM M_RtpSetting  WHERE Sid = 1   AND State = 1   AND LTG_Code = 5 AND Gid = 38
sqlResult   map[result: count:0 state:0]
[2020-01-02 12:13:34] rtpData ------->   map[result: count:0 state:0] 
[GIN] 2020/01/02 - 12:13:34 | 200 |    2.501598ms |  192.168.66.115 | POST     /getResult
[2020-01-02 12:13:37] 自開彩開獎  {202001020734 1 34 true} 
ConfigData  map[charset:utf8 redisIp:192.168.88.119 redisPassword:"" port:3306 password:1qaz!QAZ database:FA_MEM redisPort:6379 redisDB:3 ip:192.168.88.181 poolname:FA_MEM user:fa_db]
SqlString  SELECT RTP,Amount,Bonus  FROM M_RtpSetting  WHERE Sid = 1   AND State = 1   AND LTG_Code = 1 AND Gid = 34
sqlResult   map[result: count:0 state:0]
[2020-01-02 12:13:37] rtpData ------->   map[state:0 result: count:0] 
[GIN] 2020/01/02 - 12:13:37 | 200 |    2.487391ms |  192.168.66.115 | POST     /getResult
[2020-01-02 12:13:39] 自開彩開獎  {202001020734 4 40 true} 
ConfigData  map[redisDB:3 port:3306 user:fa_db database:FA_MEM redisIp:192.168.88.119 redisPort:6379 redisPassword:"" ip:192.168.88.181 poolname:FA_MEM password:1qaz!QAZ charset:utf8]
SqlString  SELECT RTP,Amount,Bonus  FROM M_RtpSetting  WHERE Sid = 1   AND State = 1   AND LTG_Code = 4 AND Gid = 40
[2020-01-02 12:13:39] 自開彩開獎  {202001020245 4 41 true} 
ConfigData  map[poolname:FA_MEM database:FA_MEM charset:utf8 redisIp:192.168.88.119 redisPort:6379 redisDB:3 ip:192.168.88.181 port:3306 user:fa_db password:1qaz!QAZ redisPassword:""]
SqlString  SELECT RTP,Amount,Bonus  FROM M_RtpSetting  WHERE Sid = 1   AND State = 1   AND LTG_Code = 4 AND Gid = 41
sqlResult   map[result: count:0 state:0]
[2020-01-02 12:13:39] rtpData ------->   map[result: count:0 state:0] 
[GIN] 2020/01/02 - 12:13:39 | 200 |    2.345339ms |  192.168.66.115 | POST     /getResult
sqlResult   map[result: count:0 state:0]
[2020-01-02 12:13:39] rtpData ------->   map[result: count:0 state:0] 
[GIN] 2020/01/02 - 12:13:39 | 200 |    2.594159ms |  192.168.66.115 | POST     /getResult
[2020-01-02 12:13:39] 自開彩開獎  {202001020245 1 35 true} 
ConfigData  map[ip:192.168.88.181 password:1qaz!QAZ database:FA_MEM redisIp:192.168.88.119 redisPassword:"" redisDB:3 poolname:FA_MEM port:3306 user:fa_db charset:utf8 redisPort:6379]
SqlString  SELECT RTP,Amount,Bonus  FROM M_RtpSetting  WHERE Sid = 1   AND State = 1   AND LTG_Code = 1 AND Gid = 35
[2020-01-02 12:13:39] 自開彩開獎  {202001020734 6 36 true} 
ConfigData  map[poolname:FA_MEM password:1qaz!QAZ charset:utf8 redisIp:192.168.88.119 redisPort:6379 redisPassword:"" ip:192.168.88.181 port:3306 user:fa_db database:FA_MEM redisDB:3]
SqlString  SELECT RTP,Amount,Bonus  FROM M_RtpSetting  WHERE Sid = 1   AND State = 1   AND LTG_Code = 6 AND Gid = 36
sqlResult   map[result: count:0 state:0]
[2020-01-02 12:13:39] rtpData ------->   map[state:0 result: count:0] 
[GIN] 2020/01/02 - 12:13:39 | 200 |    3.219585ms |  192.168.66.115 | POST     /getResult
sqlResult   map[result: count:0 state:0]
[2020-01-02 12:13:39] rtpData ------->   map[result: count:0 state:0] 
[GIN] 2020/01/02 - 12:13:39 | 200 |    2.043136ms |  192.168.66.115 | POST     /getResult
[2020-01-02 12:13:40] 自開彩開獎  {202001020734 5 38 true} 
ConfigData  map[poolname:FA_MEM password:1qaz!QAZ redisIp:192.168.88.119 redisPassword:"" redisDB:3 ip:192.168.88.181 port:3306 user:fa_db database:FA_MEM charset:utf8 redisPort:6379]
SqlString  SELECT RTP,Amount,Bonus  FROM M_RtpSetting  WHERE Sid = 1   AND State = 1   AND LTG_Code = 5 AND Gid = 38
sqlResult   map[result: count:0 state:0]
[2020-01-02 12:13:40] rtpData ------->   map[count:0 state:0 result:] 
[GIN] 2020/01/02 - 12:13:40 | 200 |    2.447176ms |  192.168.66.115 | POST     /getResult
[2020-01-02 12:13:43] 自開彩開獎  {202001020734 1 34 true} 
ConfigData  map[charset:utf8 redisIp:192.168.88.119 redisPort:6379 redisDB:3 ip:192.168.88.181 poolname:FA_MEM port:3306 redisPassword:"" user:fa_db password:1qaz!QAZ database:FA_MEM]
SqlString  SELECT RTP,Amount,Bonus  FROM M_RtpSetting  WHERE Sid = 1   AND State = 1   AND LTG_Code = 1 AND Gid = 34
sqlResult   map[result: count:0 state:0]
[2020-01-02 12:13:43] rtpData ------->   map[count:0 state:0 result:] 
[GIN] 2020/01/02 - 12:13:43 | 200 |    2.713433ms |  192.168.66.115 | POST     /getResult
[2020-01-02 12:13:45] 自開彩開獎  {202001020734 4 40 true} 
ConfigData  map[port:3306 database:FA_MEM charset:utf8 redisPort:6379 redisIp:192.168.88.119 redisPassword:"" redisDB:3 ip:192.168.88.181 poolname:FA_MEM user:fa_db password:1qaz!QAZ]
[2020-01-02 12:13:45] 自開彩開獎  {202001020245 4 41 true} 
ConfigData  map[port:3306 user:fa_db password:1qaz!QAZ database:FA_MEM charset:utf8 redisPort:6379 ip:192.168.88.181 poolname:FA_MEM redisIp:192.168.88.119 redisPassword:"" redisDB:3]
SqlString  SELECT RTP,Amount,Bonus  FROM M_RtpSetting  WHERE Sid = 1   AND State = 1   AND LTG_Code = 4 AND Gid = 41
SqlString  SELECT RTP,Amount,Bonus  FROM M_RtpSetting  WHERE Sid = 1   AND State = 1   AND LTG_Code = 4 AND Gid = 40
sqlResult   map[result: count:0 state:0]
[2020-01-02 12:13:45] rtpData ------->   map[result: count:0 state:0] 
sqlResult   map[result: count:0 state:0]
[2020-01-02 12:13:45] rtpData ------->   map[result: count:0 state:0] 
[GIN] 2020/01/02 - 12:13:45 | 200 |    2.727956ms |  192.168.66.115 | POST     /getResult
[GIN] 2020/01/02 - 12:13:45 | 200 |    2.528664ms |  192.168.66.115 | POST     /getResult
[2020-01-02 12:13:45] 自開彩開獎  {202001020245 1 35 true} 
ConfigData  map[poolname:FA_MEM port:3306 user:fa_db password:1qaz!QAZ database:FA_MEM ip:192.168.88.181 charset:utf8 redisIp:192.168.88.119 redisPort:6379 redisPassword:"" redisDB:3]
SqlString  SELECT RTP,Amount,Bonus  FROM M_RtpSetting  WHERE Sid = 1   AND State = 1   AND LTG_Code = 1 AND Gid = 35
[2020-01-02 12:13:45] 自開彩開獎  {202001020734 6 36 true} 
ConfigData  map[poolname:FA_MEM port:3306 database:FA_MEM redisIp:192.168.88.119 redisPassword:"" ip:192.168.88.181 user:fa_db password:1qaz!QAZ charset:utf8 redisPort:6379 redisDB:3]
SqlString  SELECT RTP,Amount,Bonus  FROM M_RtpSetting  WHERE Sid = 1   AND State = 1   AND LTG_Code = 6 AND Gid = 36
sqlResult   map[result: count:0 state:0]
[2020-01-02 12:13:45] rtpData ------->   map[result: count:0 state:0] 
[GIN] 2020/01/02 - 12:13:45 | 200 |    2.869389ms |  192.168.66.115 | POST     /getResult
sqlResult   map[result: count:0 state:0]
[2020-01-02 12:13:45] rtpData ------->   map[result: count:0 state:0] 
[GIN] 2020/01/02 - 12:13:45 | 200 |     2.88227ms |  192.168.66.115 | POST     /getResult
[2020-01-02 12:13:46] 自開彩開獎  {202001020734 5 38 true} 
ConfigData  map[charset:utf8 redisIp:192.168.88.119 redisPassword:"" ip:192.168.88.181 port:3306 password:1qaz!QAZ redisPort:6379 redisDB:3 poolname:FA_MEM user:fa_db database:FA_MEM]
SqlString  SELECT RTP,Amount,Bonus  FROM M_RtpSetting  WHERE Sid = 1   AND State = 1   AND LTG_Code = 5 AND Gid = 38
sqlResult   map[result: count:0 state:0]
[2020-01-02 12:13:46] rtpData ------->   map[result: count:0 state:0] 
[GIN] 2020/01/02 - 12:13:46 | 200 |    3.078831ms |  192.168.66.115 | POST     /getResult
[2020-01-02 12:13:49] 自開彩開獎  {202001020734 1 34 true} 
ConfigData  map[poolname:FA_MEM port:3306 database:FA_MEM redisPort:6379 ip:192.168.88.181 password:1qaz!QAZ charset:utf8 redisIp:192.168.88.119 redisPassword:"" redisDB:3 user:fa_db]
SqlString  SELECT RTP,Amount,Bonus  FROM M_RtpSetting  WHERE Sid = 1   AND State = 1   AND LTG_Code = 1 AND Gid = 34
sqlResult   map[state:0 result: count:0]
[2020-01-02 12:13:49] rtpData ------->   map[result: count:0 state:0] 
[GIN] 2020/01/02 - 12:13:49 | 200 |    2.955044ms |  192.168.66.115 | POST     /getResult
[2020-01-02 12:13:51] 自開彩開獎  {202001020734 4 40 true} 
ConfigData  map[user:fa_db password:1qaz!QAZ charset:utf8 redisDB:3 redisPassword:"" ip:192.168.88.181 poolname:FA_MEM port:3306 database:FA_MEM redisIp:192.168.88.119 redisPort:6379]
SqlString  SELECT RTP,Amount,Bonus  FROM M_RtpSetting  WHERE Sid = 1   AND State = 1   AND LTG_Code = 4 AND Gid = 40
[2020-01-02 12:13:51] 自開彩開獎  {202001020245 4 41 true} 
ConfigData  map[redisDB:3 password:1qaz!QAZ database:FA_MEM charset:utf8 redisPort:6379 redisPassword:"" ip:192.168.88.181 poolname:FA_MEM port:3306 user:fa_db redisIp:192.168.88.119]
SqlString  SELECT RTP,Amount,Bonus  FROM M_RtpSetting  WHERE Sid = 1   AND State = 1   AND LTG_Code = 4 AND Gid = 41
sqlResult   map[state:0 result: count:0]
[2020-01-02 12:13:51] rtpData ------->   map[result: count:0 state:0] 
sqlResult   map[count:0 state:0 result:]
[2020-01-02 12:13:51] rtpData ------->   map[result: count:0 state:0] 
[GIN] 2020/01/02 - 12:13:51 | 200 |    2.663164ms |  192.168.66.115 | POST     /getResult
[GIN] 2020/01/02 - 12:13:51 | 200 |    2.515759ms |  192.168.66.115 | POST     /getResult
[2020-01-02 12:13:51] 自開彩開獎  {202001020245 1 35 true} 
ConfigData  map[password:1qaz!QAZ database:FA_MEM charset:utf8 redisIp:192.168.88.119 redisPort:6379 redisPassword:"" redisDB:3 ip:192.168.88.181 poolname:FA_MEM port:3306 user:fa_db]
SqlString  SELECT RTP,Amount,Bonus  FROM M_RtpSetting  WHERE Sid = 1   AND State = 1   AND LTG_Code = 1 AND Gid = 35
[2020-01-02 12:13:51] 自開彩開獎  {202001020734 6 36 true} 
ConfigData  map[user:fa_db ip:192.168.88.181 poolname:FA_MEM port:3306 password:1qaz!QAZ database:FA_MEM charset:utf8 redisIp:192.168.88.119 redisPort:6379 redisPassword:"" redisDB:3]
SqlString  SELECT RTP,Amount,Bonus  FROM M_RtpSetting  WHERE Sid = 1   AND State = 1   AND LTG_Code = 6 AND Gid = 36
sqlResult   map[result: count:0 state:0]
[2020-01-02 12:13:51] rtpData ------->   map[result: count:0 state:0] 
[GIN] 2020/01/02 - 12:13:51 | 200 |    2.217984ms |  192.168.66.115 | POST     /getResult
sqlResult   map[count:0 state:0 result:]
[2020-01-02 12:13:51] rtpData ------->   map[result: count:0 state:0] 
[GIN] 2020/01/02 - 12:13:51 | 200 |    2.468813ms |  192.168.66.115 | POST     /getResult
[2020-01-02 12:13:52] 自開彩開獎  {202001020734 5 38 true} 
ConfigData  map[port:3306 user:fa_db password:1qaz!QAZ redisIp:192.168.88.119 redisDB:3 ip:192.168.88.181 database:FA_MEM charset:utf8 redisPort:6379 redisPassword:"" poolname:FA_MEM]
SqlString  SELECT RTP,Amount,Bonus  FROM M_RtpSetting  WHERE Sid = 1   AND State = 1   AND LTG_Code = 5 AND Gid = 38
sqlResult   map[result: count:0 state:0]
[2020-01-02 12:13:52] rtpData ------->   map[count:0 state:0 result:] 
[GIN] 2020/01/02 - 12:13:52 | 200 |    2.793629ms |  192.168.66.115 | POST     /getResult
[2020-01-02 12:13:55] 自開彩開獎  {202001020734 1 34 true} 
ConfigData  map[user:fa_db charset:utf8 redisIp:192.168.88.119 redisPassword:"" ip:192.168.88.181 poolname:FA_MEM database:FA_MEM redisPort:6379 redisDB:3 port:3306 password:1qaz!QAZ]
SqlString  SELECT RTP,Amount,Bonus  FROM M_RtpSetting  WHERE Sid = 1   AND State = 1   AND LTG_Code = 1 AND Gid = 34
sqlResult   map[state:0 result: count:0]
[2020-01-02 12:13:55] rtpData ------->   map[result: count:0 state:0] 
[GIN] 2020/01/02 - 12:13:55 | 200 |    2.346038ms |  192.168.66.115 | POST     /getResult
[2020-01-02 12:13:57] 自開彩開獎  {202001020734 4 40 true} 
ConfigData  map[port:3306 password:1qaz!QAZ database:FA_MEM charset:utf8 redisIp:192.168.88.119 redisDB:3 ip:192.168.88.181 poolname:FA_MEM redisPassword:"" user:fa_db redisPort:6379]
SqlString  SELECT RTP,Amount,Bonus  FROM M_RtpSetting  WHERE Sid = 1   AND State = 1   AND LTG_Code = 4 AND Gid = 40
[2020-01-02 12:13:57] 自開彩開獎  {202001020245 4 41 true} 
ConfigData  map[ip:192.168.88.181 poolname:FA_MEM port:3306 password:1qaz!QAZ database:FA_MEM charset:utf8 user:fa_db redisIp:192.168.88.119 redisPort:6379 redisPassword:"" redisDB:3]
SqlString  SELECT RTP,Amount,Bonus  FROM M_RtpSetting  WHERE Sid = 1   AND State = 1   AND LTG_Code = 4 AND Gid = 41
sqlResult   map[count:0 state:0 result:]
[2020-01-02 12:13:57] rtpData ------->   map[result: count:0 state:0] 
[GIN] 2020/01/02 - 12:13:57 | 200 |    2.283878ms |  192.168.66.115 | POST     /getResult
sqlResult   map[result: count:0 state:0]
[2020-01-02 12:13:57] rtpData ------->   map[result: count:0 state:0] 
[GIN] 2020/01/02 - 12:13:57 | 200 |    2.190246ms |  192.168.66.115 | POST     /getResult
[2020-01-02 12:13:57] 自開彩開獎  {202001020245 1 35 true} 
ConfigData  map[redisPassword:"" redisDB:3 database:FA_MEM charset:utf8 port:3306 user:fa_db password:1qaz!QAZ redisIp:192.168.88.119 redisPort:6379 ip:192.168.88.181 poolname:FA_MEM]
SqlString  SELECT RTP,Amount,Bonus  FROM M_RtpSetting  WHERE Sid = 1   AND State = 1   AND LTG_Code = 1 AND Gid = 35
[2020-01-02 12:13:57] 自開彩開獎  {202001020734 6 36 true} 
ConfigData  map[password:1qaz!QAZ database:FA_MEM redisPort:6379 ip:192.168.88.181 poolname:FA_MEM port:3306 redisPassword:"" redisDB:3 user:fa_db charset:utf8 redisIp:192.168.88.119]
SqlString  SELECT RTP,Amount,Bonus  FROM M_RtpSetting  WHERE Sid = 1   AND State = 1   AND LTG_Code = 6 AND Gid = 36
sqlResult   map[result: count:0 state:0]
[2020-01-02 12:13:57] rtpData ------->   map[result: count:0 state:0] 
[GIN] 2020/01/02 - 12:13:57 | 200 |    2.704589ms |  192.168.66.115 | POST     /getResult
sqlResult   map[result: count:0 state:0]
[2020-01-02 12:13:57] rtpData ------->   map[result: count:0 state:0] 
[GIN] 2020/01/02 - 12:13:57 | 200 |    2.987734ms |  192.168.66.115 | POST     /getResult
[2020-01-02 12:13:58] 自開彩開獎  {202001020734 5 38 true} 
ConfigData  map[ip:192.168.88.181 poolname:FA_MEM redisPassword:"" redisIp:192.168.88.119 redisPort:6379 redisDB:3 port:3306 user:fa_db password:1qaz!QAZ database:FA_MEM charset:utf8]
SqlString  SELECT RTP,Amount,Bonus  FROM M_RtpSetting  WHERE Sid = 1   AND State = 1   AND LTG_Code = 5 AND Gid = 38
sqlResult   map[count:0 state:0 result:]
[2020-01-02 12:13:58] rtpData ------->   map[result: count:0 state:0] 
[GIN] 2020/01/02 - 12:13:58 | 200 |    3.010949ms |  192.168.66.115 | POST     /getResult
[2020-01-02 12:14:01] 自開彩開獎  {202001020735 2 26 true} 
ConfigData  map[redisPort:6379 redisDB:3 ip:192.168.88.181 poolname:FA_MEM user:fa_db database:FA_MEM charset:utf8 port:3306 password:1qaz!QAZ redisIp:192.168.88.119 redisPassword:""]
SqlString  SELECT RTP,Amount,Bonus  FROM M_RtpSetting  WHERE Sid = 1   AND State = 1   AND LTG_Code = 2 AND Gid = 26
sqlResult   map[result:0.9600 count:1 state:1 amount:1.0069588e+06 bonus:908100.71]
[2020-01-02 12:14:01] rtpData ------->   map[state:1 amount:1.0069588e+06 bonus:908100.71 result:0.9600 count:1] 
ConfigData  map[charset:utf8 redisPort:6379 ip:192.168.88.181 poolname:FA_MEM user:fa_db password:1qaz!QAZ redisDB:3 port:3306 database:FA_MEM redisIp:192.168.88.119 redisPassword:""]
SELECT BO_No, BO_OrderNo , BO_User , BO_Issue  , BO_LotteryTypeGroup, BO_LotteryType, BO_Mode, BO_LotteryPlayGroup, BO_LotteryPlay , BO_LotteryContent, BO_Price, BO_RealPrice, BO_Unit, BO_Multiple , BO_BetCount  , BO_Winnings, BO_Winnings2, BO_Winnings3, BO_WinningLimit  , BO_Water , BO_BW_SourceUserId, BO_BW_BackWater, BO_BW_LimitBetCount, BO_BW_MaxAmount, BO_BW_AuditMultiple  , BO_Odds, BO_Odds2, BO_Odds3 , BO_Type, BO_Chase , BO_OpenResult, BO_OpenResult2, BO_DateDraw, BO_DateDraw2, BO_DateUpdate  FROM TS_BetOrder  WHERE BO_Cancel = 0   AND BO_CancelBackend = 0   AND BO_LotteryTypeGroup = 2 AND BO_LotteryType = 26 AND BO_Issue = 202001020735 AND BO_Collect = 0 ORDER BY BO_DateDraw ASC, BO_DateCreate ASC, BO_DateUpdate ASC, BO_No ASC ;
[2020-01-02 12:14:01] LottteryTypeGroup 2 
[2020-01-02 12:14:01] 有期號 但無注單 -------> map[bonus:0 thisOpenResult:[4 5 6 7 4] amount:0] 
[GIN] 2020/01/02 - 12:14:01 | 200 |    5.245598ms |  192.168.66.115 | POST     /getResult
[2020-01-02 12:14:01] 自開彩開獎  {202001020734 1 34 true} 
ConfigData  map[password:1qaz!QAZ database:FA_MEM redisIp:192.168.88.119 redisPassword:"" redisDB:3 ip:192.168.88.181 user:fa_db charset:utf8 redisPort:6379 poolname:FA_MEM port:3306]
SqlString  SELECT RTP,Amount,Bonus  FROM M_RtpSetting  WHERE Sid = 1   AND State = 1   AND LTG_Code = 1 AND Gid = 34
sqlResult   map[count:0 state:0 result:]
[2020-01-02 12:14:01] rtpData ------->   map[result: count:0 state:0] 
[GIN] 2020/01/02 - 12:14:01 | 200 |    2.780884ms |  192.168.66.115 | POST     /getResult
[2020-01-02 12:14:03] 自開彩開獎  {202001020734 4 40 true} 
[2020-01-02 12:14:03] 自開彩開獎  {202001020245 4 41 true} 
ConfigData  map[poolname:FA_MEM user:fa_db password:1qaz!QAZ database:FA_MEM charset:utf8 redisIp:192.168.88.119 redisPort:6379 ip:192.168.88.181 port:3306 redisPassword:"" redisDB:3]
ConfigData  map[port:3306 user:fa_db password:1qaz!QAZ redisIp:192.168.88.119 redisPort:6379 redisPassword:"" ip:192.168.88.181 poolname:FA_MEM redisDB:3 database:FA_MEM charset:utf8]
SqlString  SELECT RTP,Amount,Bonus  FROM M_RtpSetting  WHERE Sid = 1   AND State = 1   AND LTG_Code = 4 AND Gid = 40
SqlString  SELECT RTP,Amount,Bonus  FROM M_RtpSetting  WHERE Sid = 1   AND State = 1   AND LTG_Code = 4 AND Gid = 41
sqlResult   map[result: count:0 state:0]
sqlResult   map[state:0 result: count:0]
[2020-01-02 12:14:03] rtpData ------->   map[result: count:0 state:0] 
[2020-01-02 12:14:03] rtpData ------->   map[state:0 result: count:0] 
[GIN] 2020/01/02 - 12:14:03 | 200 |    1.860302ms |  192.168.66.115 | POST     /getResult
[GIN] 2020/01/02 - 12:14:03 | 200 |    1.978921ms |  192.168.66.115 | POST     /getResult
[2020-01-02 12:14:03] 自開彩開獎  {202001020245 1 35 true} 
ConfigData  map[poolname:FA_MEM port:3306 user:fa_db password:1qaz!QAZ database:FA_MEM redisIp:192.168.88.119 ip:192.168.88.181 charset:utf8 redisPort:6379 redisPassword:"" redisDB:3]
SqlString  SELECT RTP,Amount,Bonus  FROM M_RtpSetting  WHERE Sid = 1   AND State = 1   AND LTG_Code = 1 AND Gid = 35
[2020-01-02 12:14:03] 自開彩開獎  {202001020734 6 36 true} 
ConfigData  map[redisPort:6379 ip:192.168.88.181 poolname:FA_MEM port:3306 user:fa_db database:FA_MEM redisIp:192.168.88.119 password:1qaz!QAZ charset:utf8 redisPassword:"" redisDB:3]
SqlString  SELECT RTP,Amount,Bonus  FROM M_RtpSetting  WHERE Sid = 1   AND State = 1   AND LTG_Code = 6 AND Gid = 36
sqlResult   map[result: count:0 state:0]
[2020-01-02 12:14:03] rtpData ------->   map[result: count:0 state:0] 
[GIN] 2020/01/02 - 12:14:03 | 200 |    2.630913ms |  192.168.66.115 | POST     /getResult
sqlResult   map[result: count:0 state:0]
[2020-01-02 12:14:03] rtpData ------->   map[count:0 state:0 result:] 
[GIN] 2020/01/02 - 12:14:03 | 200 |    3.085382ms |  192.168.66.115 | POST     /getResult
[2020-01-02 12:14:04] 自開彩開獎  {202001020734 5 38 true} 
ConfigData  map[redisPassword:"" poolname:FA_MEM password:1qaz!QAZ charset:utf8 redisIp:192.168.88.119 redisPort:6379 redisDB:3 ip:192.168.88.181 port:3306 user:fa_db database:FA_MEM]
SqlString  SELECT RTP,Amount,Bonus  FROM M_RtpSetting  WHERE Sid = 1   AND State = 1   AND LTG_Code = 5 AND Gid = 38
sqlResult   map[result: count:0 state:0]
[2020-01-02 12:14:04] rtpData ------->   map[result: count:0 state:0] 
[GIN] 2020/01/02 - 12:14:04 | 200 |    2.106471ms |  192.168.66.115 | POST     /getResult
[2020-01-02 12:14:07] 自開彩開獎  {202001020735 1 34 true} 
ConfigData  map[poolname:FA_MEM database:FA_MEM redisPort:6379 redisPassword:"" ip:192.168.88.181 port:3306 user:fa_db password:1qaz!QAZ charset:utf8 redisIp:192.168.88.119 redisDB:3]
SqlString  SELECT RTP,Amount,Bonus  FROM M_RtpSetting  WHERE Sid = 1   AND State = 1   AND LTG_Code = 1 AND Gid = 34
sqlResult   map[result: count:0 state:0]
[2020-01-02 12:14:07] rtpData ------->   map[result: count:0 state:0] 
[GIN] 2020/01/02 - 12:14:07 | 200 |    2.233662ms |  192.168.66.115 | POST     /getResult
[2020-01-02 12:14:09] 自開彩開獎  {202001020735 4 40 true} 
ConfigData  map[poolname:FA_MEM port:3306 user:fa_db password:1qaz!QAZ database:FA_MEM redisDB:3 ip:192.168.88.181 charset:utf8 redisIp:192.168.88.119 redisPort:6379 redisPassword:""]
SqlString  SELECT RTP,Amount,Bonus  FROM M_RtpSetting  WHERE Sid = 1   AND State = 1   AND LTG_Code = 4 AND Gid = 40
[2020-01-02 12:14:09] 自開彩開獎  {202001020245 4 41 true} 
ConfigData  map[poolname:FA_MEM charset:utf8 ip:192.168.88.181 user:fa_db password:1qaz!QAZ database:FA_MEM redisIp:192.168.88.119 redisPort:6379 redisPassword:"" redisDB:3 port:3306]
SqlString  SELECT RTP,Amount,Bonus  FROM M_RtpSetting  WHERE Sid = 1   AND State = 1   AND LTG_Code = 4 AND Gid = 41
sqlResult   map[result: count:0 state:0]
[2020-01-02 12:14:09] rtpData ------->   map[state:0 result: count:0] 
[GIN] 2020/01/02 - 12:14:09 | 200 |    2.710678ms |  192.168.66.115 | POST     /getResult
sqlResult   map[result: count:0 state:0]
[2020-01-02 12:14:09] rtpData ------->   map[count:0 state:0 result:] 
[GIN] 2020/01/02 - 12:14:09 | 200 |    3.112016ms |  192.168.66.115 | POST     /getResult
[2020-01-02 12:14:09] 自開彩開獎  {202001020245 1 35 true} 
ConfigData  map[poolname:FA_MEM port:3306 user:fa_db redisIp:192.168.88.119 redisPort:6379 redisPassword:"" redisDB:3 ip:192.168.88.181 password:1qaz!QAZ database:FA_MEM charset:utf8]
SqlString  SELECT RTP,Amount,Bonus  FROM M_RtpSetting  WHERE Sid = 1   AND State = 1   AND LTG_Code = 1 AND Gid = 35
[2020-01-02 12:14:09] 自開彩開獎  {202001020735 6 36 true} 
ConfigData  map[ip:192.168.88.181 poolname:FA_MEM port:3306 user:fa_db password:1qaz!QAZ charset:utf8 redisPort:6379 redisPassword:"" redisDB:3 database:FA_MEM redisIp:192.168.88.119]
SqlString  SELECT RTP,Amount,Bonus  FROM M_RtpSetting  WHERE Sid = 1   AND State = 1   AND LTG_Code = 6 AND Gid = 36
sqlResult   map[result: count:0 state:0]
[2020-01-02 12:14:09] rtpData ------->   map[result: count:0 state:0] 
[GIN] 2020/01/02 - 12:14:09 | 200 |    2.531874ms |  192.168.66.115 | POST     /getResult
sqlResult   map[result: count:0 state:0]
[2020-01-02 12:14:09] rtpData ------->   map[result: count:0 state:0] 
[GIN] 2020/01/02 - 12:14:09 | 200 |    2.650289ms |  192.168.66.115 | POST     /getResult
[2020-01-02 12:14:10] 自開彩開獎  {202001020735 5 38 true} 
ConfigData  map[ip:192.168.88.181 user:fa_db password:1qaz!QAZ charset:utf8 redisPassword:"" poolname:FA_MEM port:3306 database:FA_MEM redisIp:192.168.88.119 redisPort:6379 redisDB:3]
SqlString  SELECT RTP,Amount,Bonus  FROM M_RtpSetting  WHERE Sid = 1   AND State = 1   AND LTG_Code = 5 AND Gid = 38
sqlResult   map[result: count:0 state:0]
[2020-01-02 12:14:10] rtpData ------->   map[result: count:0 state:0] 
[GIN] 2020/01/02 - 12:14:10 | 200 |    3.253119ms |  192.168.66.115 | POST     /getResult
[2020-01-02 12:14:13] 自開彩開獎  {202001020735 1 34 true} 
ConfigData  map[ip:192.168.88.181 poolname:FA_MEM port:3306 user:fa_db password:1qaz!QAZ database:FA_MEM charset:utf8 redisIp:192.168.88.119 redisPassword:"" redisDB:3 redisPort:6379]
SqlString  SELECT RTP,Amount,Bonus  FROM M_RtpSetting  WHERE Sid = 1   AND State = 1   AND LTG_Code = 1 AND Gid = 34
sqlResult   map[result: count:0 state:0]
[2020-01-02 12:14:13] rtpData ------->   map[result: count:0 state:0] 
[GIN] 2020/01/02 - 12:14:13 | 200 |    3.038609ms |  192.168.66.115 | POST     /getResult
[2020-01-02 12:14:15] 自開彩開獎  {202001020735 4 40 true} 
ConfigData  map[poolname:FA_MEM user:fa_db database:FA_MEM redisPort:6379 redisPassword:"" redisDB:3 ip:192.168.88.181 password:1qaz!QAZ charset:utf8 redisIp:192.168.88.119 port:3306]
SqlString  SELECT RTP,Amount,Bonus  FROM M_RtpSetting  WHERE Sid = 1   AND State = 1   AND LTG_Code = 4 AND Gid = 40
[2020-01-02 12:14:15] 自開彩開獎  {202001020245 4 41 true} 
ConfigData  map[port:3306 user:fa_db password:1qaz!QAZ database:FA_MEM charset:utf8 redisIp:192.168.88.119 redisDB:3 ip:192.168.88.181 poolname:FA_MEM redisPort:6379 redisPassword:""]
SqlString  SELECT RTP,Amount,Bonus  FROM M_RtpSetting  WHERE Sid = 1   AND State = 1   AND LTG_Code = 4 AND Gid = 41
sqlResult   map[result: count:0 state:0]
[2020-01-02 12:14:15] rtpData ------->   map[result: count:0 state:0] 
[GIN] 2020/01/02 - 12:14:15 | 200 |     2.69035ms |  192.168.66.115 | POST     /getResult
sqlResult   map[result: count:0 state:0]
[2020-01-02 12:14:15] rtpData ------->   map[state:0 result: count:0] 
[GIN] 2020/01/02 - 12:14:15 | 200 |    3.023902ms |  192.168.66.115 | POST     /getResult
[2020-01-02 12:14:15] 自開彩開獎  {202001020245 1 35 true} 
ConfigData  map[password:1qaz!QAZ charset:utf8 redisDB:3 user:fa_db poolname:FA_MEM port:3306 database:FA_MEM redisIp:192.168.88.119 redisPort:6379 redisPassword:"" ip:192.168.88.181]
SqlString  SELECT RTP,Amount,Bonus  FROM M_RtpSetting  WHERE Sid = 1   AND State = 1   AND LTG_Code = 1 AND Gid = 35
[2020-01-02 12:14:15] 自開彩開獎  {202001020735 6 36 true} 
ConfigData  map[redisIp:192.168.88.119 redisPort:6379 redisDB:3 ip:192.168.88.181 poolname:FA_MEM user:fa_db charset:utf8 redisPassword:"" port:3306 password:1qaz!QAZ database:FA_MEM]
SqlString  SELECT RTP,Amount,Bonus  FROM M_RtpSetting  WHERE Sid = 1   AND State = 1   AND LTG_Code = 6 AND Gid = 36
sqlResult   map[state:0 result: count:0]
[2020-01-02 12:14:15] rtpData ------->   map[result: count:0 state:0] 
[GIN] 2020/01/02 - 12:14:15 | 200 |    3.000768ms |  192.168.66.115 | POST     /getResult
sqlResult   map[count:0 state:0 result:]
[2020-01-02 12:14:15] rtpData ------->   map[result: count:0 state:0] 
[GIN] 2020/01/02 - 12:14:15 | 200 |    2.410814ms |  192.168.66.115 | POST     /getResult
[2020-01-02 12:14:16] 自開彩開獎  {202001020735 5 38 true} 
ConfigData  map[port:3306 redisPort:6379 redisDB:3 redisIp:192.168.88.119 redisPassword:"" ip:192.168.88.181 poolname:FA_MEM user:fa_db password:1qaz!QAZ database:FA_MEM charset:utf8]
SqlString  SELECT RTP,Amount,Bonus  FROM M_RtpSetting  WHERE Sid = 1   AND State = 1   AND LTG_Code = 5 AND Gid = 38
sqlResult   map[result: count:0 state:0]
[2020-01-02 12:14:16] rtpData ------->   map[count:0 state:0 result:] 
[GIN] 2020/01/02 - 12:14:16 | 200 |    3.048735ms |  192.168.66.115 | POST     /getResult
[2020-01-02 12:14:19] 自開彩開獎  {202001020735 1 34 true} 
ConfigData  map[port:3306 database:FA_MEM redisPort:6379 redisIp:192.168.88.119 redisPassword:"" redisDB:3 ip:192.168.88.181 poolname:FA_MEM user:fa_db password:1qaz!QAZ charset:utf8]
SqlString  SELECT RTP,Amount,Bonus  FROM M_RtpSetting  WHERE Sid = 1   AND State = 1   AND LTG_Code = 1 AND Gid = 34
sqlResult   map[result: count:0 state:0]
[2020-01-02 12:14:19] rtpData ------->   map[state:0 result: count:0] 
[GIN] 2020/01/02 - 12:14:19 | 200 |    1.960582ms |  192.168.66.115 | POST     /getResult
[2020-01-02 12:14:21] 自開彩開獎  {202001020735 4 40 true} 
ConfigData  map[redisIp:192.168.88.119 redisDB:3 ip:192.168.88.181 user:fa_db database:FA_MEM charset:utf8 redisPort:6379 redisPassword:"" poolname:FA_MEM port:3306 password:1qaz!QAZ]
SqlString  SELECT RTP,Amount,Bonus  FROM M_RtpSetting  WHERE Sid = 1   AND State = 1   AND LTG_Code = 4 AND Gid = 40
[2020-01-02 12:14:21] 自開彩開獎  {202001020245 4 41 true} 
ConfigData  map[port:3306 password:1qaz!QAZ database:FA_MEM redisPort:6379 redisPassword:"" redisDB:3 ip:192.168.88.181 poolname:FA_MEM user:fa_db charset:utf8 redisIp:192.168.88.119]
SqlString  SELECT RTP,Amount,Bonus  FROM M_RtpSetting  WHERE Sid = 1   AND State = 1   AND LTG_Code = 4 AND Gid = 41
sqlResult   map[result: count:0 state:0]
[2020-01-02 12:14:21] rtpData ------->   map[state:0 result: count:0] 
[GIN] 2020/01/02 - 12:14:21 | 200 |     2.46155ms |  192.168.66.115 | POST     /getResult
sqlResult   map[result: count:0 state:0]
[2020-01-02 12:14:21] rtpData ------->   map[count:0 state:0 result:] 
[GIN] 2020/01/02 - 12:14:21 | 200 |    2.457671ms |  192.168.66.115 | POST     /getResult
[2020-01-02 12:14:21] 自開彩開獎  {202001020245 1 35 true} 
[2020-01-02 12:14:21] 自開彩開獎  {202001020735 6 36 true} 
ConfigData  map[ip:192.168.88.181 poolname:FA_MEM user:fa_db database:FA_MEM redisIp:192.168.88.119 redisDB:3 port:3306 password:1qaz!QAZ charset:utf8 redisPort:6379 redisPassword:""]
SqlString  SELECT RTP,Amount,Bonus  FROM M_RtpSetting  WHERE Sid = 1   AND State = 1   AND LTG_Code = 6 AND Gid = 36
ConfigData  map[redisDB:3 ip:192.168.88.181 port:3306 password:1qaz!QAZ charset:utf8 redisPort:6379 poolname:FA_MEM user:fa_db database:FA_MEM redisIp:192.168.88.119 redisPassword:""]
SqlString  SELECT RTP,Amount,Bonus  FROM M_RtpSetting  WHERE Sid = 1   AND State = 1   AND LTG_Code = 1 AND Gid = 35
sqlResult   map[result: count:0 state:0]
[2020-01-02 12:14:21] rtpData ------->   map[result: count:0 state:0] 
[GIN] 2020/01/02 - 12:14:21 | 200 |    2.439392ms |  192.168.66.115 | POST     /getResult
sqlResult   map[result: count:0 state:0]
[2020-01-02 12:14:21] rtpData ------->   map[result: count:0 state:0] 
[GIN] 2020/01/02 - 12:14:21 | 200 |    2.765225ms |  192.168.66.115 | POST     /getResult
[2020-01-02 12:14:22] 自開彩開獎  {202001020735 5 38 true} 
ConfigData  map[port:3306 user:fa_db database:FA_MEM redisIp:192.168.88.119 redisPort:6379 redisPassword:"" redisDB:3 ip:192.168.88.181 poolname:FA_MEM password:1qaz!QAZ charset:utf8]
SqlString  SELECT RTP,Amount,Bonus  FROM M_RtpSetting  WHERE Sid = 1   AND State = 1   AND LTG_Code = 5 AND Gid = 38
sqlResult   map[result: count:0 state:0]
[2020-01-02 12:14:22] rtpData ------->   map[result: count:0 state:0] 
[GIN] 2020/01/02 - 12:14:22 | 200 |    2.487837ms |  192.168.66.115 | POST     /getResult
[2020-01-02 12:14:25] 自開彩開獎  {202001020735 1 34 true} 
ConfigData  map[ip:192.168.88.181 poolname:FA_MEM port:3306 user:fa_db redisIp:192.168.88.119 redisPort:6379 redisPassword:"" password:1qaz!QAZ database:FA_MEM charset:utf8 redisDB:3]
SqlString  SELECT RTP,Amount,Bonus  FROM M_RtpSetting  WHERE Sid = 1   AND State = 1   AND LTG_Code = 1 AND Gid = 34
sqlResult   map[count:0 state:0 result:]
[2020-01-02 12:14:25] rtpData ------->   map[result: count:0 state:0] 
[GIN] 2020/01/02 - 12:14:25 | 200 |    2.865777ms |  192.168.66.115 | POST     /getResult
[2020-01-02 12:14:27] 自開彩開獎  {202001020735 4 40 true} 
ConfigData  map[port:3306 user:fa_db charset:utf8 redisPort:6379 redisPassword:"" redisDB:3 ip:192.168.88.181 poolname:FA_MEM password:1qaz!QAZ database:FA_MEM redisIp:192.168.88.119]
SqlString  SELECT RTP,Amount,Bonus  FROM M_RtpSetting  WHERE Sid = 1   AND State = 1   AND LTG_Code = 4 AND Gid = 40
sqlResult   map[result: count:0 state:0]
[2020-01-02 12:14:27] rtpData ------->   map[result: count:0 state:0] 
[GIN] 2020/01/02 - 12:14:27 | 200 |    1.980586ms |  192.168.66.115 | POST     /getResult
[2020-01-02 12:14:27] 自開彩開獎  {202001020245 4 41 true} 
ConfigData  map[database:FA_MEM charset:utf8 redisIp:192.168.88.119 redisPassword:"" poolname:FA_MEM port:3306 user:fa_db password:1qaz!QAZ ip:192.168.88.181 redisPort:6379 redisDB:3]
SqlString  SELECT RTP,Amount,Bonus  FROM M_RtpSetting  WHERE Sid = 1   AND State = 1   AND LTG_Code = 4 AND Gid = 41
sqlResult   map[result: count:0 state:0]
[2020-01-02 12:14:27] rtpData ------->   map[result: count:0 state:0] 
[GIN] 2020/01/02 - 12:14:27 | 200 |    1.725245ms |  192.168.66.115 | POST     /getResult
[2020-01-02 12:14:27] 自開彩開獎  {202001020245 1 35 true} 
ConfigData  map[password:1qaz!QAZ charset:utf8 redisIp:192.168.88.119 redisPassword:"" redisDB:3 ip:192.168.88.181 port:3306 database:FA_MEM redisPort:6379 poolname:FA_MEM user:fa_db]
SqlString  SELECT RTP,Amount,Bonus  FROM M_RtpSetting  WHERE Sid = 1   AND State = 1   AND LTG_Code = 1 AND Gid = 35
[2020-01-02 12:14:27] 自開彩開獎  {202001020735 6 36 true} 
ConfigData  map[poolname:FA_MEM port:3306 database:FA_MEM redisIp:192.168.88.119 redisPort:6379 ip:192.168.88.181 user:fa_db password:1qaz!QAZ charset:utf8 redisPassword:"" redisDB:3]
SqlString  SELECT RTP,Amount,Bonus  FROM M_RtpSetting  WHERE Sid = 1   AND State = 1   AND LTG_Code = 6 AND Gid = 36
sqlResult   map[result: count:0 state:0]
[2020-01-02 12:14:27] rtpData ------->   map[result: count:0 state:0] 
sqlResult   map[result: count:0 state:0]
[2020-01-02 12:14:27] rtpData ------->   map[result: count:0 state:0] 
[GIN] 2020/01/02 - 12:14:27 | 200 |    1.907523ms |  192.168.66.115 | POST     /getResult
[GIN] 2020/01/02 - 12:14:27 | 200 |    2.077381ms |  192.168.66.115 | POST     /getResult
[2020-01-02 12:14:28] 自開彩開獎  {202001020735 5 38 true} 
ConfigData  map[redisPort:6379 redisPassword:"" redisDB:3 ip:192.168.88.181 port:3306 user:fa_db database:FA_MEM charset:utf8 poolname:FA_MEM password:1qaz!QAZ redisIp:192.168.88.119]
SqlString  SELECT RTP,Amount,Bonus  FROM M_RtpSetting  WHERE Sid = 1   AND State = 1   AND LTG_Code = 5 AND Gid = 38
sqlResult   map[result: count:0 state:0]
[2020-01-02 12:14:28] rtpData ------->   map[result: count:0 state:0] 
[GIN] 2020/01/02 - 12:14:28 | 200 |    2.427555ms |  192.168.66.115 | POST     /getResult
[2020-01-02 12:14:31] 自開彩開獎  {202001020735 1 34 true} 
ConfigData  map[password:1qaz!QAZ charset:utf8 redisIp:192.168.88.119 redisPort:6379 redisPassword:"" poolname:FA_MEM port:3306 database:FA_MEM redisDB:3 ip:192.168.88.181 user:fa_db]
SqlString  SELECT RTP,Amount,Bonus  FROM M_RtpSetting  WHERE Sid = 1   AND State = 1   AND LTG_Code = 1 AND Gid = 34
sqlResult   map[result: count:0 state:0]
[2020-01-02 12:14:31] rtpData ------->   map[result: count:0 state:0] 
[GIN] 2020/01/02 - 12:14:31 | 200 |    3.209424ms |  192.168.66.115 | POST     /getResult
[2020-01-02 12:14:33] 自開彩開獎  {202001020735 4 40 true} 
ConfigData  map[poolname:FA_MEM port:3306 user:fa_db database:FA_MEM redisIp:192.168.88.119 redisPort:6379 redisPassword:"" ip:192.168.88.181 charset:utf8 redisDB:3 password:1qaz!QAZ]
SqlString  SELECT RTP,Amount,Bonus  FROM M_RtpSetting  WHERE Sid = 1   AND State = 1   AND LTG_Code = 4 AND Gid = 40
[2020-01-02 12:14:33] 自開彩開獎  {202001020245 4 41 true} 
ConfigData  map[ip:192.168.88.181 charset:utf8 redisDB:3 redisPassword:"" poolname:FA_MEM port:3306 user:fa_db password:1qaz!QAZ database:FA_MEM redisIp:192.168.88.119 redisPort:6379]
SqlString  SELECT RTP,Amount,Bonus  FROM M_RtpSetting  WHERE Sid = 1   AND State = 1   AND LTG_Code = 4 AND Gid = 41
sqlResult   map[state:0 result: count:0]
sqlResult   map[result: count:0 state:0]
[2020-01-02 12:14:33] rtpData ------->   map[result: count:0 state:0] 
[GIN] 2020/01/02 - 12:14:33 | 200 |    2.196371ms |  192.168.66.115 | POST     /getResult
[2020-01-02 12:14:33] rtpData ------->   map[result: count:0 state:0] 
[GIN] 2020/01/02 - 12:14:33 | 200 |    2.609341ms |  192.168.66.115 | POST     /getResult
[2020-01-02 12:14:33] 自開彩開獎  {202001020245 1 35 true} 
ConfigData  map[ip:192.168.88.181 port:3306 user:fa_db database:FA_MEM charset:utf8 redisPort:6379 redisDB:3 poolname:FA_MEM password:1qaz!QAZ redisIp:192.168.88.119 redisPassword:""]
SqlString  SELECT RTP,Amount,Bonus  FROM M_RtpSetting  WHERE Sid = 1   AND State = 1   AND LTG_Code = 1 AND Gid = 35
[2020-01-02 12:14:33] 自開彩開獎  {202001020735 6 36 true} 
ConfigData  map[port:3306 user:fa_db database:FA_MEM redisPort:6379 ip:192.168.88.181 poolname:FA_MEM redisIp:192.168.88.119 redisPassword:"" redisDB:3 password:1qaz!QAZ charset:utf8]
SqlString  SELECT RTP,Amount,Bonus  FROM M_RtpSetting  WHERE Sid = 1   AND State = 1   AND LTG_Code = 6 AND Gid = 36
sqlResult   map[result: count:0 state:0]
[2020-01-02 12:14:33] rtpData ------->   map[result: count:0 state:0] 
[GIN] 2020/01/02 - 12:14:33 | 200 |    2.242001ms |  192.168.66.115 | POST     /getResult
sqlResult   map[count:0 state:0 result:]
[2020-01-02 12:14:33] rtpData ------->   map[result: count:0 state:0] 
[GIN] 2020/01/02 - 12:14:33 | 200 |    2.193197ms |  192.168.66.115 | POST     /getResult
[2020-01-02 12:14:34] 自開彩開獎  {202001020735 5 38 true} 
ConfigData  map[poolname:FA_MEM password:1qaz!QAZ redisPort:6379 ip:192.168.88.181 port:3306 user:fa_db database:FA_MEM charset:utf8 redisIp:192.168.88.119 redisPassword:"" redisDB:3]
SqlString  SELECT RTP,Amount,Bonus  FROM M_RtpSetting  WHERE Sid = 1   AND State = 1   AND LTG_Code = 5 AND Gid = 38
sqlResult   map[result: count:0 state:0]
[2020-01-02 12:14:34] rtpData ------->   map[count:0 state:0 result:] 
[GIN] 2020/01/02 - 12:14:34 | 200 |     2.16674ms |  192.168.66.115 | POST     /getResult
[2020-01-02 12:14:37] 自開彩開獎  {202001020735 1 34 true} 
ConfigData  map[port:3306 user:fa_db database:FA_MEM redisIp:192.168.88.119 redisPort:6379 redisDB:3 ip:192.168.88.181 password:1qaz!QAZ charset:utf8 redisPassword:"" poolname:FA_MEM]
SqlString  SELECT RTP,Amount,Bonus  FROM M_RtpSetting  WHERE Sid = 1   AND State = 1   AND LTG_Code = 1 AND Gid = 34
sqlResult   map[count:0 state:0 result:]
[2020-01-02 12:14:37] rtpData ------->   map[result: count:0 state:0] 
[GIN] 2020/01/02 - 12:14:37 | 200 |    2.392595ms |  192.168.66.115 | POST     /getResult
[2020-01-02 12:14:39] 自開彩開獎  {202001020735 4 40 true} 
ConfigData  map[password:1qaz!QAZ redisPort:6379 redisDB:3 user:fa_db database:FA_MEM charset:utf8 redisIp:192.168.88.119 redisPassword:"" ip:192.168.88.181 poolname:FA_MEM port:3306]
SqlString  SELECT RTP,Amount,Bonus  FROM M_RtpSetting  WHERE Sid = 1   AND State = 1   AND LTG_Code = 4 AND Gid = 40
sqlResult   map[result: count:0 state:0]
[2020-01-02 12:14:39] rtpData ------->   map[result: count:0 state:0] 
[GIN] 2020/01/02 - 12:14:39 | 200 |    2.309986ms |  192.168.66.115 | POST     /getResult
[2020-01-02 12:14:39] 自開彩開獎  {202001020245 4 41 true} 
ConfigData  map[redisDB:3 ip:192.168.88.181 poolname:FA_MEM user:fa_db database:FA_MEM redisIp:192.168.88.119 port:3306 password:1qaz!QAZ charset:utf8 redisPort:6379 redisPassword:""]
SqlString  SELECT RTP,Amount,Bonus  FROM M_RtpSetting  WHERE Sid = 1   AND State = 1   AND LTG_Code = 4 AND Gid = 41
sqlResult   map[result: count:0 state:0]
[2020-01-02 12:14:39] rtpData ------->   map[state:0 result: count:0] 
[GIN] 2020/01/02 - 12:14:39 | 200 |    1.335057ms |  192.168.66.115 | POST     /getResult
[2020-01-02 12:14:39] 自開彩開獎  {202001020245 1 35 true} 
ConfigData  map[ip:192.168.88.181 poolname:FA_MEM port:3306 user:fa_db charset:utf8 redisPort:6379 redisDB:3 password:1qaz!QAZ database:FA_MEM redisIp:192.168.88.119 redisPassword:""]
SqlString  SELECT RTP,Amount,Bonus  FROM M_RtpSetting  WHERE Sid = 1   AND State = 1   AND LTG_Code = 1 AND Gid = 35
[2020-01-02 12:14:39] 自開彩開獎  {202001020735 6 36 true} 
ConfigData  map[charset:utf8 redisPort:6379 redisPassword:"" ip:192.168.88.181 poolname:FA_MEM user:fa_db database:FA_MEM port:3306 password:1qaz!QAZ redisIp:192.168.88.119 redisDB:3]
SqlString  SELECT RTP,Amount,Bonus  FROM M_RtpSetting  WHERE Sid = 1   AND State = 1   AND LTG_Code = 6 AND Gid = 36
sqlResult   map[result: count:0 state:0]
[2020-01-02 12:14:39] rtpData ------->   map[result: count:0 state:0] 
[GIN] 2020/01/02 - 12:14:39 | 200 |    2.461774ms |  192.168.66.115 | POST     /getResult
sqlResult   map[result: count:0 state:0]
[2020-01-02 12:14:39] rtpData ------->   map[result: count:0 state:0] 
[GIN] 2020/01/02 - 12:14:39 | 200 |    2.944497ms |  192.168.66.115 | POST     /getResult
[2020-01-02 12:14:40] 自開彩開獎  {202001020735 5 38 true} 
ConfigData  map[redisPassword:"" poolname:FA_MEM port:3306 user:fa_db password:1qaz!QAZ database:FA_MEM charset:utf8 redisIp:192.168.88.119 redisDB:3 ip:192.168.88.181 redisPort:6379]
SqlString  SELECT RTP,Amount,Bonus  FROM M_RtpSetting  WHERE Sid = 1   AND State = 1   AND LTG_Code = 5 AND Gid = 38
sqlResult   map[result: count:0 state:0]
[2020-01-02 12:14:40] rtpData ------->   map[result: count:0 state:0] 
[GIN] 2020/01/02 - 12:14:40 | 200 |    3.628368ms |  192.168.66.115 | POST     /getResult
[2020-01-02 12:14:43] 自開彩開獎  {202001020735 1 34 true} 
ConfigData  map[database:FA_MEM redisIp:192.168.88.119 redisPassword:"" redisDB:3 ip:192.168.88.181 port:3306 user:fa_db password:1qaz!QAZ charset:utf8 redisPort:6379 poolname:FA_MEM]
SqlString  SELECT RTP,Amount,Bonus  FROM M_RtpSetting  WHERE Sid = 1   AND State = 1   AND LTG_Code = 1 AND Gid = 34
sqlResult   map[count:0 state:0 result:]
[2020-01-02 12:14:43] rtpData ------->   map[result: count:0 state:0] 
[GIN] 2020/01/02 - 12:14:43 | 200 |    3.328378ms |  192.168.66.115 | POST     /getResult
[2020-01-02 12:14:45] 自開彩開獎  {202001020735 4 40 true} 
ConfigData  map[redisDB:3 port:3306 password:1qaz!QAZ database:FA_MEM redisIp:192.168.88.119 redisPort:6379 redisPassword:"" ip:192.168.88.181 poolname:FA_MEM user:fa_db charset:utf8]
SqlString  SELECT RTP,Amount,Bonus  FROM M_RtpSetting  WHERE Sid = 1   AND State = 1   AND LTG_Code = 4 AND Gid = 40
sqlResult   map[result: count:0 state:0]
[2020-01-02 12:14:45] rtpData ------->   map[state:0 result: count:0] 
[GIN] 2020/01/02 - 12:14:45 | 200 |    3.372641ms |  192.168.66.115 | POST     /getResult
[2020-01-02 12:14:45] 自開彩開獎  {202001020245 4 41 true} 
ConfigData  map[user:fa_db charset:utf8 redisPort:6379 redisDB:3 poolname:FA_MEM port:3306 password:1qaz!QAZ database:FA_MEM redisIp:192.168.88.119 redisPassword:"" ip:192.168.88.181]
SqlString  SELECT RTP,Amount,Bonus  FROM M_RtpSetting  WHERE Sid = 1   AND State = 1   AND LTG_Code = 4 AND Gid = 41
sqlResult   map[result: count:0 state:0]
[2020-01-02 12:14:45] rtpData ------->   map[count:0 state:0 result:] 
[GIN] 2020/01/02 - 12:14:45 | 200 |    2.351869ms |  192.168.66.115 | POST     /getResult
[2020-01-02 12:14:45] 自開彩開獎  {202001020245 1 35 true} 
ConfigData  map[charset:utf8 redisIp:192.168.88.119 redisPort:6379 ip:192.168.88.181 port:3306 user:fa_db password:1qaz!QAZ poolname:FA_MEM database:FA_MEM redisPassword:"" redisDB:3]
SqlString  SELECT RTP,Amount,Bonus  FROM M_RtpSetting  WHERE Sid = 1   AND State = 1   AND LTG_Code = 1 AND Gid = 35
[2020-01-02 12:14:45] 自開彩開獎  {202001020735 6 36 true} 
ConfigData  map[password:1qaz!QAZ database:FA_MEM redisIp:192.168.88.119 redisPassword:"" redisDB:3 ip:192.168.88.181 poolname:FA_MEM port:3306 user:fa_db charset:utf8 redisPort:6379]
SqlString  SELECT RTP,Amount,Bonus  FROM M_RtpSetting  WHERE Sid = 1   AND State = 1   AND LTG_Code = 6 AND Gid = 36
sqlResult   map[result: count:0 state:0]
[2020-01-02 12:14:45] rtpData ------->   map[result: count:0 state:0] 
[GIN] 2020/01/02 - 12:14:45 | 200 |     2.10225ms |  192.168.66.115 | POST     /getResult
sqlResult   map[count:0 state:0 result:]
[2020-01-02 12:14:45] rtpData ------->   map[result: count:0 state:0] 
[GIN] 2020/01/02 - 12:14:45 | 200 |    2.110883ms |  192.168.66.115 | POST     /getResult
[2020-01-02 12:14:46] 自開彩開獎  {202001020735 5 38 true} 
ConfigData  map[database:FA_MEM redisIp:192.168.88.119 redisPort:6379 redisPassword:"" redisDB:3 poolname:FA_MEM user:fa_db password:1qaz!QAZ charset:utf8 ip:192.168.88.181 port:3306]
SqlString  SELECT RTP,Amount,Bonus  FROM M_RtpSetting  WHERE Sid = 1   AND State = 1   AND LTG_Code = 5 AND Gid = 38
sqlResult   map[state:0 result: count:0]
[2020-01-02 12:14:46] rtpData ------->   map[result: count:0 state:0] 
[GIN] 2020/01/02 - 12:14:46 | 200 |    2.334861ms |  192.168.66.115 | POST     /getResult
[2020-01-02 12:14:49] 自開彩開獎  {202001020735 1 34 true} 
ConfigData  map[user:fa_db password:1qaz!QAZ charset:utf8 redisIp:192.168.88.119 redisPassword:"" redisDB:3 ip:192.168.88.181 poolname:FA_MEM port:3306 database:FA_MEM redisPort:6379]
SqlString  SELECT RTP,Amount,Bonus  FROM M_RtpSetting  WHERE Sid = 1   AND State = 1   AND LTG_Code = 1 AND Gid = 34
sqlResult   map[result: count:0 state:0]
[2020-01-02 12:14:49] rtpData ------->   map[result: count:0 state:0] 
[GIN] 2020/01/02 - 12:14:49 | 200 |    3.338577ms |  192.168.66.115 | POST     /getResult
[2020-01-02 12:14:51] 自開彩開獎  {202001020735 4 40 true} 
ConfigData  map[password:1qaz!QAZ redisIp:192.168.88.119 redisPort:6379 redisDB:3 poolname:FA_MEM port:3306 user:fa_db redisPassword:"" ip:192.168.88.181 database:FA_MEM charset:utf8]
SqlString  SELECT RTP,Amount,Bonus  FROM M_RtpSetting  WHERE Sid = 1   AND State = 1   AND LTG_Code = 4 AND Gid = 40
[2020-01-02 12:14:51] 自開彩開獎  {202001020245 4 41 true} 
ConfigData  map[redisDB:3 user:fa_db database:FA_MEM charset:utf8 redisPassword:"" redisIp:192.168.88.119 redisPort:6379 ip:192.168.88.181 poolname:FA_MEM port:3306 password:1qaz!QAZ]
SqlString  SELECT RTP,Amount,Bonus  FROM M_RtpSetting  WHERE Sid = 1   AND State = 1   AND LTG_Code = 4 AND Gid = 41
sqlResult   map[result: count:0 state:0]
sqlResult   map[result: count:0 state:0]
[2020-01-02 12:14:51] rtpData ------->   map[result: count:0 state:0] 
[2020-01-02 12:14:51] rtpData ------->   map[count:0 state:0 result:] 
[GIN] 2020/01/02 - 12:14:51 | 200 |     2.60919ms |  192.168.66.115 | POST     /getResult
[GIN] 2020/01/02 - 12:14:51 | 200 |    2.791088ms |  192.168.66.115 | POST     /getResult
[2020-01-02 12:14:51] 自開彩開獎  {202001020245 1 35 true} 
ConfigData  map[redisPassword:"" redisDB:3 port:3306 user:fa_db charset:utf8 redisIp:192.168.88.119 redisPort:6379 ip:192.168.88.181 poolname:FA_MEM password:1qaz!QAZ database:FA_MEM]
SqlString  SELECT RTP,Amount,Bonus  FROM M_RtpSetting  WHERE Sid = 1   AND State = 1   AND LTG_Code = 1 AND Gid = 35
[2020-01-02 12:14:51] 自開彩開獎  {202001020735 6 36 true} 
ConfigData  map[password:1qaz!QAZ database:FA_MEM redisDB:3 ip:192.168.88.181 poolname:FA_MEM charset:utf8 redisIp:192.168.88.119 redisPort:6379 redisPassword:"" port:3306 user:fa_db]
SqlString  SELECT RTP,Amount,Bonus  FROM M_RtpSetting  WHERE Sid = 1   AND State = 1   AND LTG_Code = 6 AND Gid = 36
sqlResult   map[result: count:0 state:0]
sqlResult   map[result: count:0 state:0]
[2020-01-02 12:14:51] rtpData ------->   map[result: count:0 state:0] 
[2020-01-02 12:14:51] rtpData ------->   map[state:0 result: count:0] 
[GIN] 2020/01/02 - 12:14:51 | 200 |    2.557025ms |  192.168.66.115 | POST     /getResult
[GIN] 2020/01/02 - 12:14:51 | 200 |    2.371912ms |  192.168.66.115 | POST     /getResult
[2020-01-02 12:14:52] 自開彩開獎  {202001020735 5 38 true} 
ConfigData  map[password:1qaz!QAZ database:FA_MEM redisPort:6379 redisPassword:"" redisDB:3 ip:192.168.88.181 poolname:FA_MEM port:3306 user:fa_db charset:utf8 redisIp:192.168.88.119]
SqlString  SELECT RTP,Amount,Bonus  FROM M_RtpSetting  WHERE Sid = 1   AND State = 1   AND LTG_Code = 5 AND Gid = 38
sqlResult   map[result: count:0 state:0]
[2020-01-02 12:14:52] rtpData ------->   map[result: count:0 state:0] 
[GIN] 2020/01/02 - 12:14:52 | 200 |    3.179076ms |  192.168.66.115 | POST     /getResult
[2020-01-02 12:14:55] 自開彩開獎  {202001020735 1 34 true} 
ConfigData  map[ip:192.168.88.181 poolname:FA_MEM user:fa_db redisIp:192.168.88.119 redisDB:3 redisPassword:"" port:3306 password:1qaz!QAZ database:FA_MEM charset:utf8 redisPort:6379]
SqlString  SELECT RTP,Amount,Bonus  FROM M_RtpSetting  WHERE Sid = 1   AND State = 1   AND LTG_Code = 1 AND Gid = 34
sqlResult   map[result: count:0 state:0]
[2020-01-02 12:14:55] rtpData ------->   map[result: count:0 state:0] 
[GIN] 2020/01/02 - 12:14:55 | 200 |    2.328804ms |  192.168.66.115 | POST     /getResult
[2020-01-02 12:14:57] 自開彩開獎  {202001020735 4 40 true} 
[2020-01-02 12:14:57] 自開彩開獎  {202001020245 4 41 true} 
ConfigData  map[ip:192.168.88.181 poolname:FA_MEM charset:utf8 redisPassword:"" redisIp:192.168.88.119 redisPort:6379 redisDB:3 port:3306 user:fa_db password:1qaz!QAZ database:FA_MEM]
SqlString  SELECT RTP,Amount,Bonus  FROM M_RtpSetting  WHERE Sid = 1   AND State = 1   AND LTG_Code = 4 AND Gid = 40
ConfigData  map[ip:192.168.88.181 poolname:FA_MEM port:3306 user:fa_db database:FA_MEM charset:utf8 redisPort:6379 redisDB:3 password:1qaz!QAZ redisIp:192.168.88.119 redisPassword:""]
SqlString  SELECT RTP,Amount,Bonus  FROM M_RtpSetting  WHERE Sid = 1   AND State = 1   AND LTG_Code = 4 AND Gid = 41
sqlResult   map[state:0 result: count:0]
sqlResult   map[result: count:0 state:0]
[2020-01-02 12:14:57] rtpData ------->   map[result: count:0 state:0] 
[GIN] 2020/01/02 - 12:14:57 | 200 |    2.822056ms |  192.168.66.115 | POST     /getResult
[2020-01-02 12:14:57] rtpData ------->   map[result: count:0 state:0] 
[GIN] 2020/01/02 - 12:14:57 | 200 |    2.926466ms |  192.168.66.115 | POST     /getResult
[2020-01-02 12:14:57] 自開彩開獎  {202001020245 1 35 true} 
ConfigData  map[ip:192.168.88.181 charset:utf8 redisIp:192.168.88.119 redisPort:6379 database:FA_MEM redisPassword:"" redisDB:3 poolname:FA_MEM port:3306 user:fa_db password:1qaz!QAZ]
SqlString  SELECT RTP,Amount,Bonus  FROM M_RtpSetting  WHERE Sid = 1   AND State = 1   AND LTG_Code = 1 AND Gid = 35
[2020-01-02 12:14:57] 自開彩開獎  {202001020735 6 36 true} 
ConfigData  map[poolname:FA_MEM port:3306 user:fa_db database:FA_MEM redisPort:6379 redisPassword:"" ip:192.168.88.181 charset:utf8 redisIp:192.168.88.119 redisDB:3 password:1qaz!QAZ]
SqlString  SELECT RTP,Amount,Bonus  FROM M_RtpSetting  WHERE Sid = 1   AND State = 1   AND LTG_Code = 6 AND Gid = 36
sqlResult   map[result: count:0 state:0]
[2020-01-02 12:14:57] rtpData ------->   map[count:0 state:0 result:] 
[GIN] 2020/01/02 - 12:14:57 | 200 |     2.34862ms |  192.168.66.115 | POST     /getResult
sqlResult   map[result: count:0 state:0]
[2020-01-02 12:14:57] rtpData ------->   map[result: count:0 state:0] 
[GIN] 2020/01/02 - 12:14:57 | 200 |    2.325581ms |  192.168.66.115 | POST     /getResult
[2020-01-02 12:14:58] 自開彩開獎  {202001020735 5 38 true} 
ConfigData  map[redisIp:192.168.88.119 redisPassword:"" ip:192.168.88.181 poolname:FA_MEM user:fa_db password:1qaz!QAZ database:FA_MEM charset:utf8 redisDB:3 port:3306 redisPort:6379]
SqlString  SELECT RTP,Amount,Bonus  FROM M_RtpSetting  WHERE Sid = 1   AND State = 1   AND LTG_Code = 5 AND Gid = 38
sqlResult   map[result: count:0 state:0]
[2020-01-02 12:14:58] rtpData ------->   map[result: count:0 state:0] 
[GIN] 2020/01/02 - 12:14:58 | 200 |    2.685184ms |  192.168.66.115 | POST     /getResult
[2020-01-02 12:15:00] 自開彩開獎  {202001020246 6 37 true} 
ConfigData  map[port:3306 user:fa_db password:1qaz!QAZ redisIp:192.168.88.119 redisPort:6379 redisPassword:"" redisDB:3 ip:192.168.88.181 database:FA_MEM charset:utf8 poolname:FA_MEM]
SqlString  SELECT RTP,Amount,Bonus  FROM M_RtpSetting  WHERE Sid = 1   AND State = 1   AND LTG_Code = 6 AND Gid = 37
sqlResult   map[result: count:0 state:0]
[2020-01-02 12:15:00] rtpData ------->   map[result: count:0 state:0] 
[GIN] 2020/01/02 - 12:15:00 | 200 |    2.214793ms |  192.168.66.115 | POST     /getResult
[2020-01-02 12:15:01] 自開彩開獎  {202001020148 5 39 true} 
ConfigData  map[redisPort:6379 poolname:FA_MEM port:3306 database:FA_MEM charset:utf8 redisIp:192.168.88.119 ip:192.168.88.181 user:fa_db password:1qaz!QAZ redisPassword:"" redisDB:3]
SqlString  SELECT RTP,Amount,Bonus  FROM M_RtpSetting  WHERE Sid = 1   AND State = 1   AND LTG_Code = 5 AND Gid = 39
[2020-01-02 12:15:01] 自開彩開獎  {20200102246 2 27 true} 
ConfigData  map[charset:utf8 redisIp:192.168.88.119 redisPort:6379 redisPassword:"" ip:192.168.88.181 port:3306 password:1qaz!QAZ database:FA_MEM redisDB:3 poolname:FA_MEM user:fa_db]
SqlString  SELECT RTP,Amount,Bonus  FROM M_RtpSetting  WHERE Sid = 1   AND State = 1   AND LTG_Code = 2 AND Gid = 27
[2020-01-02 12:15:01] 自開彩開獎  {202001020736 2 26 true} 
ConfigData  map[poolname:FA_MEM port:3306 redisPassword:"" redisDB:3 charset:utf8 redisIp:192.168.88.119 redisPort:6379 ip:192.168.88.181 user:fa_db password:1qaz!QAZ database:FA_MEM]
SqlString  SELECT RTP,Amount,Bonus  FROM M_RtpSetting  WHERE Sid = 1   AND State = 1   AND LTG_Code = 2 AND Gid = 26
sqlResult   map[result: count:0 state:0]
sqlResult   map[count:1 state:1 amount:105208 bonus:58491.69 result:0.9600]
[2020-01-02 12:15:01] rtpData ------->   map[result: count:0 state:0] 
[2020-01-02 12:15:01] rtpData ------->   map[result:0.9600 count:1 state:1 amount:105208 bonus:58491.69] 
ConfigData  map[poolname:FA_MEM port:3306 redisIp:192.168.88.119 redisPort:6379 redisPassword:"" redisDB:3 ip:192.168.88.181 user:fa_db password:1qaz!QAZ database:FA_MEM charset:utf8]
SELECT BO_No, BO_OrderNo , BO_User , BO_Issue  , BO_LotteryTypeGroup, BO_LotteryType, BO_Mode, BO_LotteryPlayGroup, BO_LotteryPlay , BO_LotteryContent, BO_Price, BO_RealPrice, BO_Unit, BO_Multiple , BO_BetCount  , BO_Winnings, BO_Winnings2, BO_Winnings3, BO_WinningLimit  , BO_Water , BO_BW_SourceUserId, BO_BW_BackWater, BO_BW_LimitBetCount, BO_BW_MaxAmount, BO_BW_AuditMultiple  , BO_Odds, BO_Odds2, BO_Odds3 , BO_Type, BO_Chase , BO_OpenResult, BO_OpenResult2, BO_DateDraw, BO_DateDraw2, BO_DateUpdate  FROM TS_BetOrder  WHERE BO_Cancel = 0   AND BO_CancelBackend = 0   AND BO_LotteryTypeGroup = 2 AND BO_LotteryType = 27 AND BO_Issue = 20200102246 AND BO_Collect = 0 ORDER BY BO_DateDraw ASC, BO_DateCreate ASC, BO_DateUpdate ASC, BO_No ASC ;
[GIN] 2020/01/02 - 12:15:01 | 200 |    2.652196ms |  192.168.66.115 | POST     /getResult
sqlResult   map[count:1 state:1 amount:1.0069588e+06 bonus:908100.71 result:0.9600]
[2020-01-02 12:15:01] rtpData ------->   map[count:1 state:1 amount:1.0069588e+06 bonus:908100.71 result:0.9600] 
ConfigData  map[charset:utf8 redisIp:192.168.88.119 redisPassword:"" redisDB:3 redisPort:6379 ip:192.168.88.181 poolname:FA_MEM port:3306 user:fa_db password:1qaz!QAZ database:FA_MEM]
SELECT BO_No, BO_OrderNo , BO_User , BO_Issue  , BO_LotteryTypeGroup, BO_LotteryType, BO_Mode, BO_LotteryPlayGroup, BO_LotteryPlay , BO_LotteryContent, BO_Price, BO_RealPrice, BO_Unit, BO_Multiple , BO_BetCount  , BO_Winnings, BO_Winnings2, BO_Winnings3, BO_WinningLimit  , BO_Water , BO_BW_SourceUserId, BO_BW_BackWater, BO_BW_LimitBetCount, BO_BW_MaxAmount, BO_BW_AuditMultiple  , BO_Odds, BO_Odds2, BO_Odds3 , BO_Type, BO_Chase , BO_OpenResult, BO_OpenResult2, BO_DateDraw, BO_DateDraw2, BO_DateUpdate  FROM TS_BetOrder  WHERE BO_Cancel = 0   AND BO_CancelBackend = 0   AND BO_LotteryTypeGroup = 2 AND BO_LotteryType = 26 AND BO_Issue = 202001020736 AND BO_Collect = 0 ORDER BY BO_DateDraw ASC, BO_DateCreate ASC, BO_DateUpdate ASC, BO_No ASC ;
[2020-01-02 12:15:01] LottteryTypeGroup 2 
[2020-01-02 12:15:01] 有期號 但無注單 -------> map[bonus:0 thisOpenResult:[6 2 6 6 7] amount:0] 
[GIN] 2020/01/02 - 12:15:01 | 200 |    4.804693ms |  192.168.66.115 | POST     /getResult
[2020-01-02 12:15:01] LottteryTypeGroup 2 
[2020-01-02 12:15:01] 有期號 但無注單 -------> map[amount:0 bonus:0 thisOpenResult:[7 1 1 2 2]] 
[GIN] 2020/01/02 - 12:15:01 | 200 |     4.95737ms |  192.168.66.115 | POST     /getResult
[2020-01-02 12:15:01] 自開彩開獎  {20200102148 2 28 true} 
ConfigData  map[ip:192.168.88.181 port:3306 user:fa_db password:1qaz!QAZ database:FA_MEM redisPort:6379 redisDB:3 poolname:FA_MEM charset:utf8 redisIp:192.168.88.119 redisPassword:""]
SqlString  SELECT RTP,Amount,Bonus  FROM M_RtpSetting  WHERE Sid = 1   AND State = 1   AND LTG_Code = 2 AND Gid = 28
sqlResult   map[count:1 state:1 amount:234518 bonus:161148.41 result:0.9600]
[2020-01-02 12:15:01] rtpData ------->   map[result:0.9600 count:1 state:1 amount:234518 bonus:161148.41] 
ConfigData  map[redisPort:6379 redisPassword:"" redisDB:3 port:3306 redisIp:192.168.88.119 user:fa_db password:1qaz!QAZ database:FA_MEM charset:utf8 ip:192.168.88.181 poolname:FA_MEM]
SELECT BO_No, BO_OrderNo , BO_User , BO_Issue  , BO_LotteryTypeGroup, BO_LotteryType, BO_Mode, BO_LotteryPlayGroup, BO_LotteryPlay , BO_LotteryContent, BO_Price, BO_RealPrice, BO_Unit, BO_Multiple , BO_BetCount  , BO_Winnings, BO_Winnings2, BO_Winnings3, BO_WinningLimit  , BO_Water , BO_BW_SourceUserId, BO_BW_BackWater, BO_BW_LimitBetCount, BO_BW_MaxAmount, BO_BW_AuditMultiple  , BO_Odds, BO_Odds2, BO_Odds3 , BO_Type, BO_Chase , BO_OpenResult, BO_OpenResult2, BO_DateDraw, BO_DateDraw2, BO_DateUpdate  FROM TS_BetOrder  WHERE BO_Cancel = 0   AND BO_CancelBackend = 0   AND BO_LotteryTypeGroup = 2 AND BO_LotteryType = 28 AND BO_Issue = 20200102148 AND BO_Collect = 0 ORDER BY BO_DateDraw ASC, BO_DateCreate ASC, BO_DateUpdate ASC, BO_No ASC ;
[2020-01-02 12:15:01] LottteryTypeGroup 2 
[2020-01-02 12:15:01] 有期號 但無注單 -------> map[bonus:0 thisOpenResult:[8 7 7 9 5] amount:0] 
[GIN] 2020/01/02 - 12:15:01 | 200 |     3.96522ms |  192.168.66.115 | POST     /getResult
[2020-01-02 12:15:01] 自開彩開獎  {202001020735 1 34 true} 
ConfigData  map[ip:192.168.88.181 port:3306 password:1qaz!QAZ database:FA_MEM charset:utf8 redisIp:192.168.88.119 redisPort:6379 poolname:FA_MEM user:fa_db redisPassword:"" redisDB:3]
SqlString  SELECT RTP,Amount,Bonus  FROM M_RtpSetting  WHERE Sid = 1   AND State = 1   AND LTG_Code = 1 AND Gid = 34
sqlResult   map[result: count:0 state:0]
[2020-01-02 12:15:01] rtpData ------->   map[state:0 result: count:0] 
[GIN] 2020/01/02 - 12:15:01 | 200 |    3.632248ms |  192.168.66.115 | POST     /getResult
[2020-01-02 12:15:03] 自開彩開獎  {202001020245 4 41 true} 
[2020-01-02 12:15:03] 自開彩開獎  {202001020735 4 40 true} 
ConfigData  map[port:3306 redisPort:6379 redisPassword:"" redisDB:3 ip:192.168.88.181 poolname:FA_MEM user:fa_db password:1qaz!QAZ database:FA_MEM charset:utf8 redisIp:192.168.88.119]
SqlString  SELECT RTP,Amount,Bonus  FROM M_RtpSetting  WHERE Sid = 1   AND State = 1   AND LTG_Code = 4 AND Gid = 41
ConfigData  map[user:fa_db database:FA_MEM redisDB:3 poolname:FA_MEM port:3306 charset:utf8 redisIp:192.168.88.119 redisPort:6379 redisPassword:"" ip:192.168.88.181 password:1qaz!QAZ]
SqlString  SELECT RTP,Amount,Bonus  FROM M_RtpSetting  WHERE Sid = 1   AND State = 1   AND LTG_Code = 4 AND Gid = 40
sqlResult   map[result: count:0 state:0]
[2020-01-02 12:15:03] rtpData ------->   map[result: count:0 state:0] 
[GIN] 2020/01/02 - 12:15:03 | 200 |    3.570939ms |  192.168.66.115 | POST     /getResult
sqlResult   map[state:0 result: count:0]
[2020-01-02 12:15:03] rtpData ------->   map[result: count:0 state:0] 
[GIN] 2020/01/02 - 12:15:03 | 200 |      3.9109ms |  192.168.66.115 | POST     /getResult
[2020-01-02 12:15:03] 自開彩開獎  {202001020245 1 35 true} 
[2020-01-02 12:15:03] 自開彩開獎  {202001020735 6 36 true} 
ConfigData  map[database:FA_MEM charset:utf8 redisPort:6379 redisPassword:"" redisDB:3 ip:192.168.88.181 user:fa_db password:1qaz!QAZ poolname:FA_MEM port:3306 redisIp:192.168.88.119]
SqlString  SELECT RTP,Amount,Bonus  FROM M_RtpSetting  WHERE Sid = 1   AND State = 1   AND LTG_Code = 6 AND Gid = 36
ConfigData  map[database:FA_MEM charset:utf8 redisPassword:"" redisDB:3 port:3306 user:fa_db password:1qaz!QAZ redisIp:192.168.88.119 redisPort:6379 ip:192.168.88.181 poolname:FA_MEM]
SqlString  SELECT RTP,Amount,Bonus  FROM M_RtpSetting  WHERE Sid = 1   AND State = 1   AND LTG_Code = 1 AND Gid = 35
sqlResult   map[result: count:0 state:0]
[2020-01-02 12:15:03] rtpData ------->   map[result: count:0 state:0] 
[GIN] 2020/01/02 - 12:15:03 | 200 |    2.941473ms |  192.168.66.115 | POST     /getResult
sqlResult   map[result: count:0 state:0]
[2020-01-02 12:15:03] rtpData ------->   map[result: count:0 state:0] 
[GIN] 2020/01/02 - 12:15:03 | 200 |    3.195253ms |  192.168.66.115 | POST     /getResult
[2020-01-02 12:15:04] 自開彩開獎  {202001020735 5 38 true} 
ConfigData  map[redisPassword:"" redisDB:3 port:3306 user:fa_db database:FA_MEM charset:utf8 redisPort:6379 ip:192.168.88.181 poolname:FA_MEM password:1qaz!QAZ redisIp:192.168.88.119]
SqlString  SELECT RTP,Amount,Bonus  FROM M_RtpSetting  WHERE Sid = 1   AND State = 1   AND LTG_Code = 5 AND Gid = 38
sqlResult   map[result: count:0 state:0]
[2020-01-02 12:15:04] rtpData ------->   map[result: count:0 state:0] 
[GIN] 2020/01/02 - 12:15:04 | 200 |    2.431509ms |  192.168.66.115 | POST     /getResult
[2020-01-02 12:15:06] 自開彩開獎  {202001020246 6 37 true} 
ConfigData  map[redisPassword:"" redisDB:3 ip:192.168.88.181 poolname:FA_MEM password:1qaz!QAZ database:FA_MEM redisIp:192.168.88.119 port:3306 user:fa_db charset:utf8 redisPort:6379]
SqlString  SELECT RTP,Amount,Bonus  FROM M_RtpSetting  WHERE Sid = 1   AND State = 1   AND LTG_Code = 6 AND Gid = 37
sqlResult   map[result: count:0 state:0]
[2020-01-02 12:15:06] rtpData ------->   map[result: count:0 state:0] 
[GIN] 2020/01/02 - 12:15:06 | 200 |      2.2394ms |  192.168.66.115 | POST     /getResult
[2020-01-02 12:15:07] 自開彩開獎  {202001020148 5 39 true} 
ConfigData  map[ip:192.168.88.181 user:fa_db password:1qaz!QAZ database:FA_MEM charset:utf8 redisIp:192.168.88.119 redisPort:6379 redisPassword:"" poolname:FA_MEM port:3306 redisDB:3]
SqlString  SELECT RTP,Amount,Bonus  FROM M_RtpSetting  WHERE Sid = 1   AND State = 1   AND LTG_Code = 5 AND Gid = 39
sqlResult   map[result: count:0 state:0]
[2020-01-02 12:15:07] rtpData ------->   map[result: count:0 state:0] 
[GIN] 2020/01/02 - 12:15:07 | 200 |    2.934206ms |  192.168.66.115 | POST     /getResult
[2020-01-02 12:15:07] 自開彩開獎  {202001020736 1 34 true} 
ConfigData  map[user:fa_db charset:utf8 redisPort:6379 redisDB:3 database:FA_MEM redisIp:192.168.88.119 redisPassword:"" ip:192.168.88.181 poolname:FA_MEM port:3306 password:1qaz!QAZ]
SqlString  SELECT RTP,Amount,Bonus  FROM M_RtpSetting  WHERE Sid = 1   AND State = 1   AND LTG_Code = 1 AND Gid = 34
sqlResult   map[count:0 state:0 result:]
[2020-01-02 12:15:07] rtpData ------->   map[result: count:0 state:0] 
[GIN] 2020/01/02 - 12:15:07 | 200 |    2.486358ms |  192.168.66.115 | POST     /getResult
[2020-01-02 12:15:09] 自開彩開獎  {202001020736 4 40 true} 
ConfigData  map[redisIp:192.168.88.119 redisPort:6379 ip:192.168.88.181 poolname:FA_MEM port:3306 user:fa_db password:1qaz!QAZ database:FA_MEM charset:utf8 redisPassword:"" redisDB:3]
SqlString  SELECT RTP,Amount,Bonus  FROM M_RtpSetting  WHERE Sid = 1   AND State = 1   AND LTG_Code = 4 AND Gid = 40
[2020-01-02 12:15:09] 自開彩開獎  {202001020246 4 41 true} 
ConfigData  map[ip:192.168.88.181 user:fa_db password:1qaz!QAZ charset:utf8 redisPassword:"" redisDB:3 poolname:FA_MEM port:3306 database:FA_MEM redisIp:192.168.88.119 redisPort:6379]
SqlString  SELECT RTP,Amount,Bonus  FROM M_RtpSetting  WHERE Sid = 1   AND State = 1   AND LTG_Code = 4 AND Gid = 41
sqlResult   map[state:0 result: count:0]
[2020-01-02 12:15:09] rtpData ------->   map[count:0 state:0 result:] 
[GIN] 2020/01/02 - 12:15:09 | 200 |    2.458061ms |  192.168.66.115 | POST     /getResult
sqlResult   map[count:0 state:0 result:]
[2020-01-02 12:15:09] rtpData ------->   map[result: count:0 state:0] 
[GIN] 2020/01/02 - 12:15:09 | 200 |    2.438074ms |  192.168.66.115 | POST     /getResult
[2020-01-02 12:15:09] 自開彩開獎  {202001020246 1 35 true} 
ConfigData  map[ip:192.168.88.181 port:3306 redisPort:6379 redisPassword:"" poolname:FA_MEM user:fa_db password:1qaz!QAZ database:FA_MEM charset:utf8 redisIp:192.168.88.119 redisDB:3]
SqlString  SELECT RTP,Amount,Bonus  FROM M_RtpSetting  WHERE Sid = 1   AND State = 1   AND LTG_Code = 1 AND Gid = 35
[2020-01-02 12:15:09] 自開彩開獎  {202001020736 6 36 true} 
ConfigData  map[charset:utf8 redisIp:192.168.88.119 redisPort:6379 ip:192.168.88.181 password:1qaz!QAZ database:FA_MEM redisPassword:"" redisDB:3 poolname:FA_MEM port:3306 user:fa_db]
SqlString  SELECT RTP,Amount,Bonus  FROM M_RtpSetting  WHERE Sid = 1   AND State = 1   AND LTG_Code = 6 AND Gid = 36
sqlResult   map[state:0 result: count:0]
[2020-01-02 12:15:09] rtpData ------->   map[state:0 result: count:0] 
sqlResult   map[result: count:0 state:0]
[2020-01-02 12:15:09] rtpData ------->   map[count:0 state:0 result:] 
[GIN] 2020/01/02 - 12:15:09 | 200 |     2.61411ms |  192.168.66.115 | POST     /getResult
[GIN] 2020/01/02 - 12:15:09 | 200 |    2.335485ms |  192.168.66.115 | POST     /getResult
[2020-01-02 12:15:10] 自開彩開獎  {202001020736 5 38 true} 
ConfigData  map[ip:192.168.88.181 port:3306 password:1qaz!QAZ charset:utf8 poolname:FA_MEM user:fa_db database:FA_MEM redisIp:192.168.88.119 redisPort:6379 redisPassword:"" redisDB:3]
SqlString  SELECT RTP,Amount,Bonus  FROM M_RtpSetting  WHERE Sid = 1   AND State = 1   AND LTG_Code = 5 AND Gid = 38
sqlResult   map[result: count:0 state:0]
[2020-01-02 12:15:10] rtpData ------->   map[result: count:0 state:0] 
[GIN] 2020/01/02 - 12:15:10 | 200 |    2.736856ms |  192.168.66.115 | POST     /getResult
[2020-01-02 12:15:12] 自開彩開獎  {202001020246 6 37 true} 
ConfigData  map[redisDB:3 ip:192.168.88.181 port:3306 database:FA_MEM charset:utf8 redisPort:6379 redisPassword:"" poolname:FA_MEM user:fa_db password:1qaz!QAZ redisIp:192.168.88.119]
SqlString  SELECT RTP,Amount,Bonus  FROM M_RtpSetting  WHERE Sid = 1   AND State = 1   AND LTG_Code = 6 AND Gid = 37
sqlResult   map[result: count:0 state:0]
[2020-01-02 12:15:12] rtpData ------->   map[result: count:0 state:0] 
[GIN] 2020/01/02 - 12:15:12 | 200 |     2.01069ms |  192.168.66.115 | POST     /getResult
[2020-01-02 12:15:13] 自開彩開獎  {202001020148 5 39 true} 
ConfigData  map[ip:192.168.88.181 port:3306 database:FA_MEM redisIp:192.168.88.119 redisPassword:"" poolname:FA_MEM user:fa_db password:1qaz!QAZ charset:utf8 redisPort:6379 redisDB:3]
SqlString  SELECT RTP,Amount,Bonus  FROM M_RtpSetting  WHERE Sid = 1   AND State = 1   AND LTG_Code = 5 AND Gid = 39
sqlResult   map[result: count:0 state:0]
[2020-01-02 12:15:13] rtpData ------->   map[result: count:0 state:0] 
[GIN] 2020/01/02 - 12:15:13 | 200 |     2.93405ms |  192.168.66.115 | POST     /getResult
[2020-01-02 12:15:13] 自開彩開獎  {202001020736 1 34 true} 
ConfigData  map[redisPassword:"" ip:192.168.88.181 poolname:FA_MEM port:3306 redisPort:6379 redisIp:192.168.88.119 redisDB:3 user:fa_db password:1qaz!QAZ database:FA_MEM charset:utf8]
SqlString  SELECT RTP,Amount,Bonus  FROM M_RtpSetting  WHERE Sid = 1   AND State = 1   AND LTG_Code = 1 AND Gid = 34
sqlResult   map[result: count:0 state:0]
[2020-01-02 12:15:13] rtpData ------->   map[result: count:0 state:0] 
[GIN] 2020/01/02 - 12:15:13 | 200 |    2.441276ms |  192.168.66.115 | POST     /getResult
[2020-01-02 12:15:15] 自開彩開獎  {202001020246 4 41 true} 
ConfigData  map[poolname:FA_MEM port:3306 user:fa_db password:1qaz!QAZ charset:utf8 redisIp:192.168.88.119 ip:192.168.88.181 database:FA_MEM redisPort:6379 redisPassword:"" redisDB:3]
SqlString  SELECT RTP,Amount,Bonus  FROM M_RtpSetting  WHERE Sid = 1   AND State = 1   AND LTG_Code = 4 AND Gid = 41
[2020-01-02 12:15:15] 自開彩開獎  {202001020736 4 40 true} 
ConfigData  map[ip:192.168.88.181 user:fa_db password:1qaz!QAZ charset:utf8 redisIp:192.168.88.119 redisPort:6379 redisPassword:"" redisDB:3 poolname:FA_MEM port:3306 database:FA_MEM]
SqlString  SELECT RTP,Amount,Bonus  FROM M_RtpSetting  WHERE Sid = 1   AND State = 1   AND LTG_Code = 4 AND Gid = 40
sqlResult   map[count:0 state:0 result:]
[2020-01-02 12:15:15] rtpData ------->   map[result: count:0 state:0] 
[GIN] 2020/01/02 - 12:15:15 | 200 |     2.58654ms |  192.168.66.115 | POST     /getResult
sqlResult   map[result: count:0 state:0]
[2020-01-02 12:15:15] rtpData ------->   map[result: count:0 state:0] 
[GIN] 2020/01/02 - 12:15:15 | 200 |    2.896116ms |  192.168.66.115 | POST     /getResult
[2020-01-02 12:15:15] 自開彩開獎  {202001020246 1 35 true} 
ConfigData  map[ip:192.168.88.181 password:1qaz!QAZ charset:utf8 redisIp:192.168.88.119 redisPassword:"" redisDB:3 poolname:FA_MEM port:3306 user:fa_db database:FA_MEM redisPort:6379]
SqlString  SELECT RTP,Amount,Bonus  FROM M_RtpSetting  WHERE Sid = 1   AND State = 1   AND LTG_Code = 1 AND Gid = 35
[2020-01-02 12:15:15] 自開彩開獎  {202001020736 6 36 true} 
ConfigData  map[user:fa_db database:FA_MEM charset:utf8 ip:192.168.88.181 port:3306 password:1qaz!QAZ redisIp:192.168.88.119 redisPort:6379 redisPassword:"" redisDB:3 poolname:FA_MEM]
SqlString  SELECT RTP,Amount,Bonus  FROM M_RtpSetting  WHERE Sid = 1   AND State = 1   AND LTG_Code = 6 AND Gid = 36
sqlResult   map[result: count:0 state:0]
[2020-01-02 12:15:15] rtpData ------->   map[result: count:0 state:0] 
sqlResult   map[result: count:0 state:0]
[2020-01-02 12:15:15] rtpData ------->   map[result: count:0 state:0] 
[GIN] 2020/01/02 - 12:15:15 | 200 |    2.292846ms |  192.168.66.115 | POST     /getResult
[GIN] 2020/01/02 - 12:15:15 | 200 |     2.11795ms |  192.168.66.115 | POST     /getResult
[2020-01-02 12:15:16] 自開彩開獎  {202001020736 5 38 true} 
ConfigData  map[redisPort:6379 ip:192.168.88.181 poolname:FA_MEM port:3306 user:fa_db password:1qaz!QAZ charset:utf8 redisIp:192.168.88.119 database:FA_MEM redisPassword:"" redisDB:3]
SqlString  SELECT RTP,Amount,Bonus  FROM M_RtpSetting  WHERE Sid = 1   AND State = 1   AND LTG_Code = 5 AND Gid = 38
sqlResult   map[result: count:0 state:0]
[2020-01-02 12:15:16] rtpData ------->   map[result: count:0 state:0] 
[GIN] 2020/01/02 - 12:15:16 | 200 |    3.134159ms |  192.168.66.115 | POST     /getResult
[2020-01-02 12:15:18] 自開彩開獎  {202001020246 6 37 true} 
ConfigData  map[user:fa_db database:FA_MEM charset:utf8 redisPort:6379 redisPassword:"" ip:192.168.88.181 poolname:FA_MEM redisIp:192.168.88.119 redisDB:3 port:3306 password:1qaz!QAZ]
SqlString  SELECT RTP,Amount,Bonus  FROM M_RtpSetting  WHERE Sid = 1   AND State = 1   AND LTG_Code = 6 AND Gid = 37
sqlResult   map[result: count:0 state:0]
[2020-01-02 12:15:18] rtpData ------->   map[count:0 state:0 result:] 
[GIN] 2020/01/02 - 12:15:18 | 200 |    1.798707ms |  192.168.66.115 | POST     /getResult
[2020-01-02 12:15:19] 自開彩開獎  {202001020148 5 39 true} 
ConfigData  map[ip:192.168.88.181 poolname:FA_MEM user:fa_db redisPassword:"" redisDB:3 port:3306 password:1qaz!QAZ database:FA_MEM charset:utf8 redisIp:192.168.88.119 redisPort:6379]
SqlString  SELECT RTP,Amount,Bonus  FROM M_RtpSetting  WHERE Sid = 1   AND State = 1   AND LTG_Code = 5 AND Gid = 39
sqlResult   map[result: count:0 state:0]
[2020-01-02 12:15:19] rtpData ------->   map[result: count:0 state:0] 
[GIN] 2020/01/02 - 12:15:19 | 200 |    2.025568ms |  192.168.66.115 | POST     /getResult
[2020-01-02 12:15:19] 自開彩開獎  {202001020736 1 34 true} 
ConfigData  map[ip:192.168.88.181 user:fa_db database:FA_MEM redisIp:192.168.88.119 redisPort:6379 redisPassword:"" poolname:FA_MEM port:3306 password:1qaz!QAZ charset:utf8 redisDB:3]
SqlString  SELECT RTP,Amount,Bonus  FROM M_RtpSetting  WHERE Sid = 1   AND State = 1   AND LTG_Code = 1 AND Gid = 34
sqlResult   map[result: count:0 state:0]
[2020-01-02 12:15:19] rtpData ------->   map[result: count:0 state:0] 
[GIN] 2020/01/02 - 12:15:19 | 200 |    2.744907ms |  192.168.66.115 | POST     /getResult
[2020-01-02 12:15:21] 自開彩開獎  {202001020736 4 40 true} 
ConfigData  map[port:3306 redisPort:6379 redisPassword:"" redisIp:192.168.88.119 redisDB:3 ip:192.168.88.181 poolname:FA_MEM user:fa_db password:1qaz!QAZ database:FA_MEM charset:utf8]
SqlString  SELECT RTP,Amount,Bonus  FROM M_RtpSetting  WHERE Sid = 1   AND State = 1   AND LTG_Code = 4 AND Gid = 40
[2020-01-02 12:15:21] 自開彩開獎  {202001020246 4 41 true} 
ConfigData  map[redisIp:192.168.88.119 redisPort:6379 ip:192.168.88.181 poolname:FA_MEM port:3306 password:1qaz!QAZ redisDB:3 user:fa_db database:FA_MEM charset:utf8 redisPassword:""]
SqlString  SELECT RTP,Amount,Bonus  FROM M_RtpSetting  WHERE Sid = 1   AND State = 1   AND LTG_Code = 4 AND Gid = 41
sqlResult   map[state:0 result: count:0]
[2020-01-02 12:15:21] rtpData ------->   map[result: count:0 state:0] 
[GIN] 2020/01/02 - 12:15:21 | 200 |    2.022984ms |  192.168.66.115 | POST     /getResult
sqlResult   map[result: count:0 state:0]
[2020-01-02 12:15:21] rtpData ------->   map[result: count:0 state:0] 
[GIN] 2020/01/02 - 12:15:21 | 200 |    2.456977ms |  192.168.66.115 | POST     /getResult
[2020-01-02 12:15:21] 自開彩開獎  {202001020246 1 35 true} 
ConfigData  map[redisPassword:"" redisDB:3 ip:192.168.88.181 port:3306 charset:utf8 redisPort:6379 redisIp:192.168.88.119 poolname:FA_MEM user:fa_db password:1qaz!QAZ database:FA_MEM]
SqlString  SELECT RTP,Amount,Bonus  FROM M_RtpSetting  WHERE Sid = 1   AND State = 1   AND LTG_Code = 1 AND Gid = 35
[2020-01-02 12:15:21] 自開彩開獎  {202001020736 6 36 true} 
ConfigData  map[poolname:FA_MEM port:3306 user:fa_db database:FA_MEM redisIp:192.168.88.119 redisDB:3 ip:192.168.88.181 password:1qaz!QAZ charset:utf8 redisPort:6379 redisPassword:""]
SqlString  SELECT RTP,Amount,Bonus  FROM M_RtpSetting  WHERE Sid = 1   AND State = 1   AND LTG_Code = 6 AND Gid = 36
sqlResult   map[count:0 state:0 result:]
[2020-01-02 12:15:21] rtpData ------->   map[count:0 state:0 result:] 
[GIN] 2020/01/02 - 12:15:21 | 200 |    2.188266ms |  192.168.66.115 | POST     /getResult
sqlResult   map[result: count:0 state:0]
[2020-01-02 12:15:21] rtpData ------->   map[result: count:0 state:0] 
[GIN] 2020/01/02 - 12:15:21 | 200 |    2.562914ms |  192.168.66.115 | POST     /getResult
[2020-01-02 12:15:22] 自開彩開獎  {202001020736 5 38 true} 
ConfigData  map[user:fa_db database:FA_MEM redisIp:192.168.88.119 redisDB:3 ip:192.168.88.181 poolname:FA_MEM port:3306 password:1qaz!QAZ charset:utf8 redisPort:6379 redisPassword:""]
SqlString  SELECT RTP,Amount,Bonus  FROM M_RtpSetting  WHERE Sid = 1   AND State = 1   AND LTG_Code = 5 AND Gid = 38
sqlResult   map[count:0 state:0 result:]
[2020-01-02 12:15:22] rtpData ------->   map[result: count:0 state:0] 
[GIN] 2020/01/02 - 12:15:22 | 200 |    3.176452ms |  192.168.66.115 | POST     /getResult
[2020-01-02 12:15:24] 自開彩開獎  {202001020246 6 37 true} 
ConfigData  map[password:1qaz!QAZ charset:utf8 redisIp:192.168.88.119 redisPassword:"" ip:192.168.88.181 poolname:FA_MEM user:fa_db redisDB:3 port:3306 database:FA_MEM redisPort:6379]
SqlString  SELECT RTP,Amount,Bonus  FROM M_RtpSetting  WHERE Sid = 1   AND State = 1   AND LTG_Code = 6 AND Gid = 37
sqlResult   map[result: count:0 state:0]
[2020-01-02 12:15:24] rtpData ------->   map[result: count:0 state:0] 
[GIN] 2020/01/02 - 12:15:24 | 200 |    2.493631ms |  192.168.66.115 | POST     /getResult
[2020-01-02 12:15:25] 自開彩開獎  {202001020148 5 39 true} 
ConfigData  map[charset:utf8 redisIp:192.168.88.119 redisPort:6379 redisPassword:"" redisDB:3 user:fa_db password:1qaz!QAZ port:3306 database:FA_MEM ip:192.168.88.181 poolname:FA_MEM]
SqlString  SELECT RTP,Amount,Bonus  FROM M_RtpSetting  WHERE Sid = 1   AND State = 1   AND LTG_Code = 5 AND Gid = 39
sqlResult   map[result: count:0 state:0]
[2020-01-02 12:15:25] rtpData ------->   map[count:0 state:0 result:] 
[GIN] 2020/01/02 - 12:15:25 | 200 |    2.700726ms |  192.168.66.115 | POST     /getResult
[2020-01-02 12:15:25] 自開彩開獎  {202001020736 1 34 true} 
ConfigData  map[redisIp:192.168.88.119 ip:192.168.88.181 poolname:FA_MEM port:3306 user:fa_db charset:utf8 password:1qaz!QAZ database:FA_MEM redisPort:6379 redisPassword:"" redisDB:3]
SqlString  SELECT RTP,Amount,Bonus  FROM M_RtpSetting  WHERE Sid = 1   AND State = 1   AND LTG_Code = 1 AND Gid = 34
sqlResult   map[result: count:0 state:0]
[2020-01-02 12:15:25] rtpData ------->   map[count:0 state:0 result:] 
[GIN] 2020/01/02 - 12:15:25 | 200 |    2.406311ms |  192.168.66.115 | POST     /getResult
[2020-01-02 12:15:27] 自開彩開獎  {202001020736 4 40 true} 
[2020-01-02 12:15:27] 自開彩開獎  {202001020246 4 41 true} 
ConfigData  map[redisDB:3 ip:192.168.88.181 port:3306 redisIp:192.168.88.119 redisPort:6379 charset:utf8 redisPassword:"" poolname:FA_MEM user:fa_db password:1qaz!QAZ database:FA_MEM]
ConfigData  map[poolname:FA_MEM port:3306 user:fa_db password:1qaz!QAZ database:FA_MEM charset:utf8 redisPassword:"" ip:192.168.88.181 redisIp:192.168.88.119 redisPort:6379 redisDB:3]
SqlString  SELECT RTP,Amount,Bonus  FROM M_RtpSetting  WHERE Sid = 1   AND State = 1   AND LTG_Code = 4 AND Gid = 41
SqlString  SELECT RTP,Amount,Bonus  FROM M_RtpSetting  WHERE Sid = 1   AND State = 1   AND LTG_Code = 4 AND Gid = 40
sqlResult   map[result: count:0 state:0]
[2020-01-02 12:15:27] rtpData ------->   map[result: count:0 state:0] 
sqlResult   map[result: count:0 state:0]
[2020-01-02 12:15:27] rtpData ------->   map[result: count:0 state:0] 
[GIN] 2020/01/02 - 12:15:27 | 200 |    2.907631ms |  192.168.66.115 | POST     /getResult
[GIN] 2020/01/02 - 12:15:27 | 200 |    2.794481ms |  192.168.66.115 | POST     /getResult
[2020-01-02 12:15:27] 自開彩開獎  {202001020736 6 36 true} 
ConfigData  map[redisPort:6379 database:FA_MEM charset:utf8 port:3306 user:fa_db password:1qaz!QAZ redisIp:192.168.88.119 redisPassword:"" redisDB:3 ip:192.168.88.181 poolname:FA_MEM]
SqlString  SELECT RTP,Amount,Bonus  FROM M_RtpSetting  WHERE Sid = 1   AND State = 1   AND LTG_Code = 6 AND Gid = 36
[2020-01-02 12:15:27] 自開彩開獎  {202001020246 1 35 true} 
ConfigData  map[database:FA_MEM charset:utf8 redisIp:192.168.88.119 redisPassword:"" ip:192.168.88.181 poolname:FA_MEM port:3306 user:fa_db password:1qaz!QAZ redisPort:6379 redisDB:3]
SqlString  SELECT RTP,Amount,Bonus  FROM M_RtpSetting  WHERE Sid = 1   AND State = 1   AND LTG_Code = 1 AND Gid = 35
sqlResult   map[count:0 state:0 result:]
[2020-01-02 12:15:27] rtpData ------->   map[result: count:0 state:0] 
[GIN] 2020/01/02 - 12:15:27 | 200 |     1.92766ms |  192.168.66.115 | POST     /getResult
sqlResult   map[result: count:0 state:0]
[2020-01-02 12:15:27] rtpData ------->   map[result: count:0 state:0] 
[GIN] 2020/01/02 - 12:15:27 | 200 |    2.236719ms |  192.168.66.115 | POST     /getResult
[2020-01-02 12:15:28] 自開彩開獎  {202001020736 5 38 true} 
ConfigData  map[redisPassword:"" ip:192.168.88.181 poolname:FA_MEM port:3306 password:1qaz!QAZ redisPort:6379 user:fa_db database:FA_MEM charset:utf8 redisIp:192.168.88.119 redisDB:3]
SqlString  SELECT RTP,Amount,Bonus  FROM M_RtpSetting  WHERE Sid = 1   AND State = 1   AND LTG_Code = 5 AND Gid = 38
sqlResult   map[result: count:0 state:0]
[2020-01-02 12:15:28] rtpData ------->   map[result: count:0 state:0] 
[GIN] 2020/01/02 - 12:15:28 | 200 |    2.581155ms |  192.168.66.115 | POST     /getResult
[2020-01-02 12:15:30] 自開彩開獎  {202001020246 6 37 true} 
ConfigData  map[ip:192.168.88.181 port:3306 password:1qaz!QAZ database:FA_MEM charset:utf8 redisIp:192.168.88.119 poolname:FA_MEM user:fa_db redisPort:6379 redisPassword:"" redisDB:3]
SqlString  SELECT RTP,Amount,Bonus  FROM M_RtpSetting  WHERE Sid = 1   AND State = 1   AND LTG_Code = 6 AND Gid = 37
sqlResult   map[state:0 result: count:0]
[2020-01-02 12:15:30] rtpData ------->   map[result: count:0 state:0] 
[GIN] 2020/01/02 - 12:15:30 | 200 |    2.354193ms |  192.168.66.115 | POST     /getResult
[2020-01-02 12:15:31] 自開彩開獎  {202001020148 5 39 true} 
ConfigData  map[redisDB:3 poolname:FA_MEM password:1qaz!QAZ database:FA_MEM redisPort:6379 redisPassword:"" ip:192.168.88.181 port:3306 user:fa_db charset:utf8 redisIp:192.168.88.119]
SqlString  SELECT RTP,Amount,Bonus  FROM M_RtpSetting  WHERE Sid = 1   AND State = 1   AND LTG_Code = 5 AND Gid = 39
sqlResult   map[result: count:0 state:0]
[2020-01-02 12:15:31] rtpData ------->   map[result: count:0 state:0] 
[GIN] 2020/01/02 - 12:15:31 | 200 |    2.186722ms |  192.168.66.115 | POST     /getResult
[2020-01-02 12:15:31] 自開彩開獎  {202001020736 1 34 true} 
ConfigData  map[database:FA_MEM redisIp:192.168.88.119 redisPort:6379 redisDB:3 port:3306 user:fa_db password:1qaz!QAZ charset:utf8 redisPassword:"" ip:192.168.88.181 poolname:FA_MEM]
SqlString  SELECT RTP,Amount,Bonus  FROM M_RtpSetting  WHERE Sid = 1   AND State = 1   AND LTG_Code = 1 AND Gid = 34
sqlResult   map[result: count:0 state:0]
[2020-01-02 12:15:31] rtpData ------->   map[result: count:0 state:0] 
[GIN] 2020/01/02 - 12:15:31 | 200 |    2.360719ms |  192.168.66.115 | POST     /getResult
[2020-01-02 12:15:33] 自開彩開獎  {202001020736 4 40 true} 
ConfigData  map[poolname:FA_MEM port:3306 user:fa_db redisIp:192.168.88.119 redisPort:6379 redisDB:3 ip:192.168.88.181 password:1qaz!QAZ database:FA_MEM charset:utf8 redisPassword:""]
SqlString  SELECT RTP,Amount,Bonus  FROM M_RtpSetting  WHERE Sid = 1   AND State = 1   AND LTG_Code = 4 AND Gid = 40
[2020-01-02 12:15:33] 自開彩開獎  {202001020246 4 41 true} 
ConfigData  map[redisPort:6379 user:fa_db password:1qaz!QAZ charset:utf8 redisIp:192.168.88.119 redisPassword:"" redisDB:3 ip:192.168.88.181 poolname:FA_MEM port:3306 database:FA_MEM]
SqlString  SELECT RTP,Amount,Bonus  FROM M_RtpSetting  WHERE Sid = 1   AND State = 1   AND LTG_Code = 4 AND Gid = 41
sqlResult   map[result: count:0 state:0]
[2020-01-02 12:15:33] rtpData ------->   map[result: count:0 state:0] 
sqlResult   map[count:0 state:0 result:]
[GIN] 2020/01/02 - 12:15:33 | 200 |    2.281657ms |  192.168.66.115 | POST     /getResult
[2020-01-02 12:15:33] rtpData ------->   map[result: count:0 state:0] 
[GIN] 2020/01/02 - 12:15:33 | 200 |    2.353151ms |  192.168.66.115 | POST     /getResult
[2020-01-02 12:15:33] 自開彩開獎  {202001020736 6 36 true} 
[2020-01-02 12:15:33] 自開彩開獎  {202001020246 1 35 true} 
ConfigData  map[ip:192.168.88.181 poolname:FA_MEM password:1qaz!QAZ redisIp:192.168.88.119 redisDB:3 port:3306 user:fa_db database:FA_MEM charset:utf8 redisPort:6379 redisPassword:""]
SqlString  SELECT RTP,Amount,Bonus  FROM M_RtpSetting  WHERE Sid = 1   AND State = 1   AND LTG_Code = 6 AND Gid = 36
ConfigData  map[password:1qaz!QAZ database:FA_MEM redisIp:192.168.88.119 redisPassword:"" redisDB:3 poolname:FA_MEM user:fa_db charset:utf8 redisPort:6379 ip:192.168.88.181 port:3306]
SqlString  SELECT RTP,Amount,Bonus  FROM M_RtpSetting  WHERE Sid = 1   AND State = 1   AND LTG_Code = 1 AND Gid = 35
sqlResult   map[state:0 result: count:0]
[2020-01-02 12:15:33] rtpData ------->   map[result: count:0 state:0] 
sqlResult   map[count:0 state:0 result:]
[2020-01-02 12:15:33] rtpData ------->   map[result: count:0 state:0] 
[GIN] 2020/01/02 - 12:15:33 | 200 |    2.255071ms |  192.168.66.115 | POST     /getResult
[GIN] 2020/01/02 - 12:15:33 | 200 |    2.190769ms |  192.168.66.115 | POST     /getResult
[2020-01-02 12:15:34] 自開彩開獎  {202001020736 5 38 true} 
ConfigData  map[user:fa_db database:FA_MEM redisIp:192.168.88.119 redisPassword:"" redisDB:3 ip:192.168.88.181 port:3306 password:1qaz!QAZ charset:utf8 redisPort:6379 poolname:FA_MEM]
SqlString  SELECT RTP,Amount,Bonus  FROM M_RtpSetting  WHERE Sid = 1   AND State = 1   AND LTG_Code = 5 AND Gid = 38
sqlResult   map[result: count:0 state:0]
[2020-01-02 12:15:34] rtpData ------->   map[state:0 result: count:0] 
[GIN] 2020/01/02 - 12:15:34 | 200 |      2.7194ms |  192.168.66.115 | POST     /getResult
[2020-01-02 12:15:36] 自開彩開獎  {202001020246 6 37 true} 
ConfigData  map[redisDB:3 ip:192.168.88.181 poolname:FA_MEM user:fa_db charset:utf8 redisPort:6379 redisPassword:"" port:3306 password:1qaz!QAZ database:FA_MEM redisIp:192.168.88.119]
SqlString  SELECT RTP,Amount,Bonus  FROM M_RtpSetting  WHERE Sid = 1   AND State = 1   AND LTG_Code = 6 AND Gid = 37
sqlResult   map[result: count:0 state:0]
[2020-01-02 12:15:36] rtpData ------->   map[count:0 state:0 result:] 
[GIN] 2020/01/02 - 12:15:36 | 200 |    2.262685ms |  192.168.66.115 | POST     /getResult
[2020-01-02 12:15:37] 自開彩開獎  {202001020148 5 39 true} 
ConfigData  map[poolname:FA_MEM port:3306 user:fa_db database:FA_MEM charset:utf8 redisPassword:"" redisDB:3 ip:192.168.88.181 password:1qaz!QAZ redisIp:192.168.88.119 redisPort:6379]
SqlString  SELECT RTP,Amount,Bonus  FROM M_RtpSetting  WHERE Sid = 1   AND State = 1   AND LTG_Code = 5 AND Gid = 39
sqlResult   map[state:0 result: count:0]
[2020-01-02 12:15:37] rtpData ------->   map[result: count:0 state:0] 
[GIN] 2020/01/02 - 12:15:37 | 200 |    2.017917ms |  192.168.66.115 | POST     /getResult
[2020-01-02 12:15:37] 自開彩開獎  {202001020736 1 34 true} 
ConfigData  map[charset:utf8 redisIp:192.168.88.119 redisPassword:"" port:3306 user:fa_db database:FA_MEM redisPort:6379 redisDB:3 ip:192.168.88.181 poolname:FA_MEM password:1qaz!QAZ]
SqlString  SELECT RTP,Amount,Bonus  FROM M_RtpSetting  WHERE Sid = 1   AND State = 1   AND LTG_Code = 1 AND Gid = 34
sqlResult   map[count:0 state:0 result:]
[2020-01-02 12:15:37] rtpData ------->   map[result: count:0 state:0] 
[GIN] 2020/01/02 - 12:15:37 | 200 |    2.054526ms |  192.168.66.115 | POST     /getResult
[2020-01-02 12:15:39] 自開彩開獎  {202001020736 4 40 true} 
[2020-01-02 12:15:39] 自開彩開獎  {202001020246 4 41 true} 
ConfigData  map[ip:192.168.88.181 port:3306 redisIp:192.168.88.119 database:FA_MEM charset:utf8 redisPort:6379 redisPassword:"" redisDB:3 poolname:FA_MEM user:fa_db password:1qaz!QAZ]
SqlString  SELECT RTP,Amount,Bonus  FROM M_RtpSetting  WHERE Sid = 1   AND State = 1   AND LTG_Code = 4 AND Gid = 40
ConfigData  map[ip:192.168.88.181 poolname:FA_MEM user:fa_db password:1qaz!QAZ database:FA_MEM charset:utf8 redisPort:6379 port:3306 redisIp:192.168.88.119 redisPassword:"" redisDB:3]
SqlString  SELECT RTP,Amount,Bonus  FROM M_RtpSetting  WHERE Sid = 1   AND State = 1   AND LTG_Code = 4 AND Gid = 41
sqlResult   map[count:0 state:0 result:]
[2020-01-02 12:15:39] rtpData ------->   map[result: count:0 state:0] 
sqlResult   map[result: count:0 state:0]
[2020-01-02 12:15:39] rtpData ------->   map[count:0 state:0 result:] 
[GIN] 2020/01/02 - 12:15:39 | 200 |     2.29091ms |  192.168.66.115 | POST     /getResult
[GIN] 2020/01/02 - 12:15:39 | 200 |    2.148884ms |  192.168.66.115 | POST     /getResult
[2020-01-02 12:15:39] 自開彩開獎  {202001020246 1 35 true} 
ConfigData  map[charset:utf8 redisIp:192.168.88.119 redisPort:6379 ip:192.168.88.181 poolname:FA_MEM user:fa_db password:1qaz!QAZ database:FA_MEM redisDB:3 port:3306 redisPassword:""]
SqlString  SELECT RTP,Amount,Bonus  FROM M_RtpSetting  WHERE Sid = 1   AND State = 1   AND LTG_Code = 1 AND Gid = 35
[2020-01-02 12:15:39] 自開彩開獎  {202001020736 6 36 true} 
ConfigData  map[password:1qaz!QAZ database:FA_MEM redisPassword:"" redisDB:3 user:fa_db poolname:FA_MEM port:3306 charset:utf8 redisIp:192.168.88.119 redisPort:6379 ip:192.168.88.181]
SqlString  SELECT RTP,Amount,Bonus  FROM M_RtpSetting  WHERE Sid = 1   AND State = 1   AND LTG_Code = 6 AND Gid = 36
sqlResult   map[result: count:0 state:0]
[2020-01-02 12:15:39] rtpData ------->   map[state:0 result: count:0] 
[GIN] 2020/01/02 - 12:15:39 | 200 |    2.434537ms |  192.168.66.115 | POST     /getResult
sqlResult   map[result: count:0 state:0]
[2020-01-02 12:15:39] rtpData ------->   map[count:0 state:0 result:] 
[GIN] 2020/01/02 - 12:15:39 | 200 |    2.835059ms |  192.168.66.115 | POST     /getResult
[2020-01-02 12:15:40] 自開彩開獎  {202001020736 5 38 true} 
ConfigData  map[redisPassword:"" ip:192.168.88.181 poolname:FA_MEM password:1qaz!QAZ database:FA_MEM charset:utf8 redisPort:6379 port:3306 user:fa_db redisIp:192.168.88.119 redisDB:3]
SqlString  SELECT RTP,Amount,Bonus  FROM M_RtpSetting  WHERE Sid = 1   AND State = 1   AND LTG_Code = 5 AND Gid = 38
sqlResult   map[result: count:0 state:0]
[2020-01-02 12:15:40] rtpData ------->   map[result: count:0 state:0] 
[GIN] 2020/01/02 - 12:15:40 | 200 |    2.839723ms |  192.168.66.115 | POST     /getResult
[2020-01-02 12:15:42] 自開彩開獎  {202001020246 6 37 true} 
ConfigData  map[redisPort:6379 ip:192.168.88.181 poolname:FA_MEM port:3306 password:1qaz!QAZ redisPassword:"" redisDB:3 user:fa_db database:FA_MEM charset:utf8 redisIp:192.168.88.119]
SqlString  SELECT RTP,Amount,Bonus  FROM M_RtpSetting  WHERE Sid = 1   AND State = 1   AND LTG_Code = 6 AND Gid = 37
sqlResult   map[count:0 state:0 result:]
[2020-01-02 12:15:42] rtpData ------->   map[count:0 state:0 result:] 
[GIN] 2020/01/02 - 12:15:42 | 200 |    2.110615ms |  192.168.66.115 | POST     /getResult
[2020-01-02 12:15:43] 自開彩開獎  {202001020148 5 39 true} 
ConfigData  map[ip:192.168.88.181 poolname:FA_MEM port:3306 user:fa_db password:1qaz!QAZ charset:utf8 redisIp:192.168.88.119 redisPassword:"" database:FA_MEM redisPort:6379 redisDB:3]
SqlString  SELECT RTP,Amount,Bonus  FROM M_RtpSetting  WHERE Sid = 1   AND State = 1   AND LTG_Code = 5 AND Gid = 39
sqlResult   map[result: count:0 state:0]
[2020-01-02 12:15:43] rtpData ------->   map[result: count:0 state:0] 
[GIN] 2020/01/02 - 12:15:43 | 200 |    2.813815ms |  192.168.66.115 | POST     /getResult
[2020-01-02 12:15:43] 自開彩開獎  {202001020736 1 34 true} 
ConfigData  map[password:1qaz!QAZ redisPassword:"" port:3306 user:fa_db database:FA_MEM charset:utf8 redisIp:192.168.88.119 redisPort:6379 ip:192.168.88.181 poolname:FA_MEM redisDB:3]
SqlString  SELECT RTP,Amount,Bonus  FROM M_RtpSetting  WHERE Sid = 1   AND State = 1   AND LTG_Code = 1 AND Gid = 34
sqlResult   map[result: count:0 state:0]
[2020-01-02 12:15:43] rtpData ------->   map[result: count:0 state:0] 
[GIN] 2020/01/02 - 12:15:43 | 200 |    2.447564ms |  192.168.66.115 | POST     /getResult
[2020-01-02 12:15:45] 自開彩開獎  {202001020246 4 41 true} 
ConfigData  map[redisDB:3 poolname:FA_MEM password:1qaz!QAZ charset:utf8 database:FA_MEM redisIp:192.168.88.119 redisPort:6379 redisPassword:"" ip:192.168.88.181 port:3306 user:fa_db]
SqlString  SELECT RTP,Amount,Bonus  FROM M_RtpSetting  WHERE Sid = 1   AND State = 1   AND LTG_Code = 4 AND Gid = 41
[2020-01-02 12:15:45] 自開彩開獎  {202001020736 4 40 true} 
ConfigData  map[poolname:FA_MEM password:1qaz!QAZ redisPassword:"" redisDB:3 ip:192.168.88.181 user:fa_db database:FA_MEM charset:utf8 redisIp:192.168.88.119 redisPort:6379 port:3306]
SqlString  SELECT RTP,Amount,Bonus  FROM M_RtpSetting  WHERE Sid = 1   AND State = 1   AND LTG_Code = 4 AND Gid = 40
sqlResult   map[result: count:0 state:0]
sqlResult   map[result: count:0 state:0]
[2020-01-02 12:15:45] rtpData ------->   map[result: count:0 state:0] 
[2020-01-02 12:15:45] rtpData ------->   map[result: count:0 state:0] 
[GIN] 2020/01/02 - 12:15:45 | 200 |    2.738831ms |  192.168.66.115 | POST     /getResult
[GIN] 2020/01/02 - 12:15:45 | 200 |    2.707417ms |  192.168.66.115 | POST     /getResult
[2020-01-02 12:15:45] 自開彩開獎  {202001020736 6 36 true} 
ConfigData  map[user:fa_db password:1qaz!QAZ charset:utf8 redisIp:192.168.88.119 redisPort:6379 redisPassword:"" redisDB:3 poolname:FA_MEM port:3306 database:FA_MEM ip:192.168.88.181]
SqlString  SELECT RTP,Amount,Bonus  FROM M_RtpSetting  WHERE Sid = 1   AND State = 1   AND LTG_Code = 6 AND Gid = 36
[2020-01-02 12:15:45] 自開彩開獎  {202001020246 1 35 true} 
ConfigData  map[user:fa_db database:FA_MEM charset:utf8 redisPassword:"" redisDB:3 ip:192.168.88.181 poolname:FA_MEM port:3306 password:1qaz!QAZ redisIp:192.168.88.119 redisPort:6379]
SqlString  SELECT RTP,Amount,Bonus  FROM M_RtpSetting  WHERE Sid = 1   AND State = 1   AND LTG_Code = 1 AND Gid = 35
sqlResult   map[result: count:0 state:0]
[2020-01-02 12:15:45] rtpData ------->   map[result: count:0 state:0] 
[GIN] 2020/01/02 - 12:15:45 | 200 |    2.552884ms |  192.168.66.115 | POST     /getResult
sqlResult   map[result: count:0 state:0]
[2020-01-02 12:15:45] rtpData ------->   map[count:0 state:0 result:] 
[GIN] 2020/01/02 - 12:15:45 | 200 |    3.041353ms |  192.168.66.115 | POST     /getResult
[2020-01-02 12:15:46] 自開彩開獎  {202001020736 5 38 true} 
ConfigData  map[ip:192.168.88.181 port:3306 user:fa_db password:1qaz!QAZ database:FA_MEM charset:utf8 redisIp:192.168.88.119 redisPassword:"" poolname:FA_MEM redisPort:6379 redisDB:3]
SqlString  SELECT RTP,Amount,Bonus  FROM M_RtpSetting  WHERE Sid = 1   AND State = 1   AND LTG_Code = 5 AND Gid = 38
sqlResult   map[result: count:0 state:0]
[2020-01-02 12:15:46] rtpData ------->   map[result: count:0 state:0] 
[GIN] 2020/01/02 - 12:15:46 | 200 |    2.675655ms |  192.168.66.115 | POST     /getResult
[2020-01-02 12:15:48] 自開彩開獎  {202001020246 6 37 true} 
ConfigData  map[poolname:FA_MEM database:FA_MEM charset:utf8 redisIp:192.168.88.119 redisPassword:"" ip:192.168.88.181 user:fa_db password:1qaz!QAZ redisPort:6379 redisDB:3 port:3306]
SqlString  SELECT RTP,Amount,Bonus  FROM M_RtpSetting  WHERE Sid = 1   AND State = 1   AND LTG_Code = 6 AND Gid = 37
sqlResult   map[result: count:0 state:0]
[2020-01-02 12:15:48] rtpData ------->   map[result: count:0 state:0] 
[GIN] 2020/01/02 - 12:15:48 | 200 |    2.482912ms |  192.168.66.115 | POST     /getResult
[2020-01-02 12:15:49] 自開彩開獎  {202001020148 5 39 true} 
ConfigData  map[ip:192.168.88.181 user:fa_db password:1qaz!QAZ database:FA_MEM poolname:FA_MEM port:3306 charset:utf8 redisIp:192.168.88.119 redisPort:6379 redisPassword:"" redisDB:3]
SqlString  SELECT RTP,Amount,Bonus  FROM M_RtpSetting  WHERE Sid = 1   AND State = 1   AND LTG_Code = 5 AND Gid = 39
sqlResult   map[state:0 result: count:0]
[2020-01-02 12:15:49] rtpData ------->   map[result: count:0 state:0] 
[GIN] 2020/01/02 - 12:15:49 | 200 |    2.490055ms |  192.168.66.115 | POST     /getResult
[2020-01-02 12:15:49] 自開彩開獎  {202001020736 1 34 true} 
ConfigData  map[ip:192.168.88.181 poolname:FA_MEM user:fa_db password:1qaz!QAZ database:FA_MEM charset:utf8 redisPort:6379 redisPassword:"" redisDB:3 port:3306 redisIp:192.168.88.119]
SqlString  SELECT RTP,Amount,Bonus  FROM M_RtpSetting  WHERE Sid = 1   AND State = 1   AND LTG_Code = 1 AND Gid = 34
sqlResult   map[count:0 state:0 result:]
[2020-01-02 12:15:49] rtpData ------->   map[result: count:0 state:0] 
[GIN] 2020/01/02 - 12:15:49 | 200 |    2.367159ms |  192.168.66.115 | POST     /getResult
[2020-01-02 12:15:51] 自開彩開獎  {202001020736 4 40 true} 
[2020-01-02 12:15:51] 自開彩開獎  {202001020246 4 41 true} 
ConfigData  map[redisIp:192.168.88.119 redisPort:6379 redisDB:3 user:fa_db database:FA_MEM port:3306 password:1qaz!QAZ charset:utf8 redisPassword:"" ip:192.168.88.181 poolname:FA_MEM]
SqlString  SELECT RTP,Amount,Bonus  FROM M_RtpSetting  WHERE Sid = 1   AND State = 1   AND LTG_Code = 4 AND Gid = 41
ConfigData  map[ip:192.168.88.181 poolname:FA_MEM port:3306 password:1qaz!QAZ redisIp:192.168.88.119 user:fa_db database:FA_MEM charset:utf8 redisPort:6379 redisPassword:"" redisDB:3]
SqlString  SELECT RTP,Amount,Bonus  FROM M_RtpSetting  WHERE Sid = 1   AND State = 1   AND LTG_Code = 4 AND Gid = 40
sqlResult   map[result: count:0 state:0]
[2020-01-02 12:15:51] rtpData ------->   map[result: count:0 state:0] 
[GIN] 2020/01/02 - 12:15:51 | 200 |     2.19873ms |  192.168.66.115 | POST     /getResult
sqlResult   map[result: count:0 state:0]
[2020-01-02 12:15:51] rtpData ------->   map[result: count:0 state:0] 
[GIN] 2020/01/02 - 12:15:51 | 200 |    2.588455ms |  192.168.66.115 | POST     /getResult
[2020-01-02 12:15:51] 自開彩開獎  {202001020246 1 35 true} 
ConfigData  map[password:1qaz!QAZ database:FA_MEM charset:utf8 redisIp:192.168.88.119 redisPassword:"" poolname:FA_MEM port:3306 user:fa_db redisDB:3 ip:192.168.88.181 redisPort:6379]
SqlString  SELECT RTP,Amount,Bonus  FROM M_RtpSetting  WHERE Sid = 1   AND State = 1   AND LTG_Code = 1 AND Gid = 35
[2020-01-02 12:15:51] 自開彩開獎  {202001020736 6 36 true} 
ConfigData  map[ip:192.168.88.181 password:1qaz!QAZ database:FA_MEM redisIp:192.168.88.119 redisPassword:"" poolname:FA_MEM port:3306 user:fa_db charset:utf8 redisPort:6379 redisDB:3]
SqlString  SELECT RTP,Amount,Bonus  FROM M_RtpSetting  WHERE Sid = 1   AND State = 1   AND LTG_Code = 6 AND Gid = 36
sqlResult   map[result: count:0 state:0]
[2020-01-02 12:15:51] rtpData ------->   map[count:0 state:0 result:] 
sqlResult   map[result: count:0 state:0]
[GIN] 2020/01/02 - 12:15:51 | 200 |    2.303196ms |  192.168.66.115 | POST     /getResult
[2020-01-02 12:15:51] rtpData ------->   map[result: count:0 state:0] 
[GIN] 2020/01/02 - 12:15:51 | 200 |    2.721024ms |  192.168.66.115 | POST     /getResult
[2020-01-02 12:15:52] 自開彩開獎  {202001020736 5 38 true} 
ConfigData  map[database:FA_MEM redisIp:192.168.88.119 redisPort:6379 redisDB:3 ip:192.168.88.181 poolname:FA_MEM port:3306 user:fa_db password:1qaz!QAZ charset:utf8 redisPassword:""]
SqlString  SELECT RTP,Amount,Bonus  FROM M_RtpSetting  WHERE Sid = 1   AND State = 1   AND LTG_Code = 5 AND Gid = 38
sqlResult   map[result: count:0 state:0]
[2020-01-02 12:15:52] rtpData ------->   map[count:0 state:0 result:] 
[GIN] 2020/01/02 - 12:15:52 | 200 |    2.513103ms |  192.168.66.115 | POST     /getResult
[2020-01-02 12:15:54] 自開彩開獎  {202001020246 6 37 true} 
ConfigData  map[ip:192.168.88.181 user:fa_db database:FA_MEM charset:utf8 redisPort:6379 redisPassword:"" poolname:FA_MEM port:3306 password:1qaz!QAZ redisIp:192.168.88.119 redisDB:3]
SqlString  SELECT RTP,Amount,Bonus  FROM M_RtpSetting  WHERE Sid = 1   AND State = 1   AND LTG_Code = 6 AND Gid = 37
sqlResult   map[result: count:0 state:0]
[2020-01-02 12:15:54] rtpData ------->   map[result: count:0 state:0] 
[GIN] 2020/01/02 - 12:15:54 | 200 |    2.947999ms |  192.168.66.115 | POST     /getResult
[2020-01-02 12:15:55] 自開彩開獎  {202001020148 5 39 true} 
ConfigData  map[redisIp:192.168.88.119 port:3306 charset:utf8 user:fa_db password:1qaz!QAZ database:FA_MEM redisPort:6379 redisPassword:"" redisDB:3 ip:192.168.88.181 poolname:FA_MEM]
SqlString  SELECT RTP,Amount,Bonus  FROM M_RtpSetting  WHERE Sid = 1   AND State = 1   AND LTG_Code = 5 AND Gid = 39
sqlResult   map[state:0 result: count:0]
[2020-01-02 12:15:55] rtpData ------->   map[state:0 result: count:0] 
[GIN] 2020/01/02 - 12:15:55 | 200 |    2.374433ms |  192.168.66.115 | POST     /getResult
[2020-01-02 12:15:55] 自開彩開獎  {202001020736 1 34 true} 
ConfigData  map[port:3306 user:fa_db database:FA_MEM charset:utf8 ip:192.168.88.181 poolname:FA_MEM password:1qaz!QAZ redisIp:192.168.88.119 redisPort:6379 redisPassword:"" redisDB:3]
SqlString  SELECT RTP,Amount,Bonus  FROM M_RtpSetting  WHERE Sid = 1   AND State = 1   AND LTG_Code = 1 AND Gid = 34
sqlResult   map[state:0 result: count:0]
[2020-01-02 12:15:55] rtpData ------->   map[result: count:0 state:0] 
[GIN] 2020/01/02 - 12:15:55 | 200 |    2.680973ms |  192.168.66.115 | POST     /getResult
[2020-01-02 12:15:57] 自開彩開獎  {202001020246 4 41 true} 
ConfigData  map[redisDB:3 charset:utf8 redisIp:192.168.88.119 redisPort:6379 redisPassword:"" password:1qaz!QAZ database:FA_MEM ip:192.168.88.181 poolname:FA_MEM port:3306 user:fa_db]
SqlString  SELECT RTP,Amount,Bonus  FROM M_RtpSetting  WHERE Sid = 1   AND State = 1   AND LTG_Code = 4 AND Gid = 41
[2020-01-02 12:15:57] 自開彩開獎  {202001020736 4 40 true} 
ConfigData  map[poolname:FA_MEM port:3306 user:fa_db password:1qaz!QAZ ip:192.168.88.181 database:FA_MEM charset:utf8 redisIp:192.168.88.119 redisPort:6379 redisPassword:"" redisDB:3]
SqlString  SELECT RTP,Amount,Bonus  FROM M_RtpSetting  WHERE Sid = 1   AND State = 1   AND LTG_Code = 4 AND Gid = 40
sqlResult   map[result: count:0 state:0]
[2020-01-02 12:15:57] rtpData ------->   map[state:0 result: count:0] 
[GIN] 2020/01/02 - 12:15:57 | 200 |    2.288115ms |  192.168.66.115 | POST     /getResult
sqlResult   map[result: count:0 state:0]
[2020-01-02 12:15:57] rtpData ------->   map[result: count:0 state:0] 
[GIN] 2020/01/02 - 12:15:57 | 200 |    2.287678ms |  192.168.66.115 | POST     /getResult
[2020-01-02 12:15:57] 自開彩開獎  {202001020246 1 35 true} 
ConfigData  map[redisIp:192.168.88.119 redisPassword:"" ip:192.168.88.181 poolname:FA_MEM port:3306 user:fa_db password:1qaz!QAZ charset:utf8 redisDB:3 database:FA_MEM redisPort:6379]
SqlString  SELECT RTP,Amount,Bonus  FROM M_RtpSetting  WHERE Sid = 1   AND State = 1   AND LTG_Code = 1 AND Gid = 35
[2020-01-02 12:15:57] 自開彩開獎  {202001020736 6 36 true} 
ConfigData  map[redisPort:6379 ip:192.168.88.181 password:1qaz!QAZ redisIp:192.168.88.119 database:FA_MEM charset:utf8 redisPassword:"" redisDB:3 poolname:FA_MEM port:3306 user:fa_db]
SqlString  SELECT RTP,Amount,Bonus  FROM M_RtpSetting  WHERE Sid = 1   AND State = 1   AND LTG_Code = 6 AND Gid = 36
sqlResult   map[result: count:0 state:0]
[2020-01-02 12:15:57] rtpData ------->   map[result: count:0 state:0] 
[GIN] 2020/01/02 - 12:15:57 | 200 |    2.131272ms |  192.168.66.115 | POST     /getResult
sqlResult   map[result: count:0 state:0]
[2020-01-02 12:15:57] rtpData ------->   map[result: count:0 state:0] 
[GIN] 2020/01/02 - 12:15:57 | 200 |    1.984662ms |  192.168.66.115 | POST     /getResult
[2020-01-02 12:15:58] 自開彩開獎  {202001020736 5 38 true} 
ConfigData  map[ip:192.168.88.181 user:fa_db charset:utf8 redisPassword:"" redisDB:3 poolname:FA_MEM port:3306 password:1qaz!QAZ database:FA_MEM redisIp:192.168.88.119 redisPort:6379]
SqlString  SELECT RTP,Amount,Bonus  FROM M_RtpSetting  WHERE Sid = 1   AND State = 1   AND LTG_Code = 5 AND Gid = 38
sqlResult   map[result: count:0 state:0]
[2020-01-02 12:15:58] rtpData ------->   map[count:0 state:0 result:] 
[GIN] 2020/01/02 - 12:15:58 | 200 |    2.315923ms |  192.168.66.115 | POST     /getResult
[2020-01-02 12:16:00] 自開彩開獎  {202001020246 6 37 true} 
ConfigData  map[ip:192.168.88.181 charset:utf8 redisIp:192.168.88.119 database:FA_MEM redisPort:6379 redisPassword:"" redisDB:3 poolname:FA_MEM port:3306 user:fa_db password:1qaz!QAZ]
SqlString  SELECT RTP,Amount,Bonus  FROM M_RtpSetting  WHERE Sid = 1   AND State = 1   AND LTG_Code = 6 AND Gid = 37
sqlResult   map[result: count:0 state:0]
[2020-01-02 12:16:00] rtpData ------->   map[result: count:0 state:0] 
[GIN] 2020/01/02 - 12:16:00 | 200 |    2.368717ms |  192.168.66.115 | POST     /getResult
[2020-01-02 12:16:01] 自開彩開獎  {202001020737 2 26 true} 
ConfigData  map[database:FA_MEM charset:utf8 redisIp:192.168.88.119 redisPassword:"" port:3306 user:fa_db password:1qaz!QAZ redisDB:3 ip:192.168.88.181 poolname:FA_MEM redisPort:6379]
SqlString  SELECT RTP,Amount,Bonus  FROM M_RtpSetting  WHERE Sid = 1   AND State = 1   AND LTG_Code = 2 AND Gid = 26
[2020-01-02 12:16:01] 自開彩開獎  {202001020148 5 39 true} 
ConfigData  map[ip:192.168.88.181 user:fa_db password:1qaz!QAZ database:FA_MEM redisPort:6379 redisPassword:"" redisDB:3 poolname:FA_MEM port:3306 charset:utf8 redisIp:192.168.88.119]
SqlString  SELECT RTP,Amount,Bonus  FROM M_RtpSetting  WHERE Sid = 1   AND State = 1   AND LTG_Code = 5 AND Gid = 39
sqlResult   map[result: count:0 state:0]
[2020-01-02 12:16:01] rtpData ------->   map[result: count:0 state:0] 
[GIN] 2020/01/02 - 12:16:01 | 200 |    2.625262ms |  192.168.66.115 | POST     /getResult
sqlResult   map[result:0.9600 count:1 state:1 amount:1.0069588e+06 bonus:908100.71]
[2020-01-02 12:16:01] rtpData ------->   map[amount:1.0069588e+06 bonus:908100.71 result:0.9600 count:1 state:1] 
ConfigData  map[charset:utf8 redisIp:192.168.88.119 redisDB:3 port:3306 user:fa_db database:FA_MEM redisPort:6379 redisPassword:"" ip:192.168.88.181 poolname:FA_MEM password:1qaz!QAZ]
SELECT BO_No, BO_OrderNo , BO_User , BO_Issue  , BO_LotteryTypeGroup, BO_LotteryType, BO_Mode, BO_LotteryPlayGroup, BO_LotteryPlay , BO_LotteryContent, BO_Price, BO_RealPrice, BO_Unit, BO_Multiple , BO_BetCount  , BO_Winnings, BO_Winnings2, BO_Winnings3, BO_WinningLimit  , BO_Water , BO_BW_SourceUserId, BO_BW_BackWater, BO_BW_LimitBetCount, BO_BW_MaxAmount, BO_BW_AuditMultiple  , BO_Odds, BO_Odds2, BO_Odds3 , BO_Type, BO_Chase , BO_OpenResult, BO_OpenResult2, BO_DateDraw, BO_DateDraw2, BO_DateUpdate  FROM TS_BetOrder  WHERE BO_Cancel = 0   AND BO_CancelBackend = 0   AND BO_LotteryTypeGroup = 2 AND BO_LotteryType = 26 AND BO_Issue = 202001020737 AND BO_Collect = 0 ORDER BY BO_DateDraw ASC, BO_DateCreate ASC, BO_DateUpdate ASC, BO_No ASC ;
[2020-01-02 12:16:01] LottteryTypeGroup 2 
[2020-01-02 12:16:01] 有期號 但無注單 -------> map[amount:0 bonus:0 thisOpenResult:[6 2 2 5 9]] 
[GIN] 2020/01/02 - 12:16:01 | 200 |   13.477285ms |  192.168.66.115 | POST     /getResult
[2020-01-02 12:16:01] 自開彩開獎  {202001020736 1 34 true} 
ConfigData  map[port:3306 charset:utf8 redisPort:6379 redisIp:192.168.88.119 redisPassword:"" redisDB:3 ip:192.168.88.181 poolname:FA_MEM user:fa_db password:1qaz!QAZ database:FA_MEM]
SqlString  SELECT RTP,Amount,Bonus  FROM M_RtpSetting  WHERE Sid = 1   AND State = 1   AND LTG_Code = 1 AND Gid = 34
sqlResult   map[result: count:0 state:0]
[2020-01-02 12:16:01] rtpData ------->   map[result: count:0 state:0] 
[GIN] 2020/01/02 - 12:16:01 | 200 |    2.685739ms |  192.168.66.115 | POST     /getResult
[2020-01-02 12:16:03] 自開彩開獎  {202001020246 4 41 true} 
ConfigData  map[ip:192.168.88.181 port:3306 password:1qaz!QAZ charset:utf8 redisIp:192.168.88.119 redisPort:6379 redisPassword:"" poolname:FA_MEM user:fa_db database:FA_MEM redisDB:3]
SqlString  SELECT RTP,Amount,Bonus  FROM M_RtpSetting  WHERE Sid = 1   AND State = 1   AND LTG_Code = 4 AND Gid = 41
[2020-01-02 12:16:03] 自開彩開獎  {202001020736 4 40 true} 
ConfigData  map[redisPassword:"" redisDB:3 poolname:FA_MEM user:fa_db password:1qaz!QAZ charset:utf8 redisPort:6379 ip:192.168.88.181 port:3306 database:FA_MEM redisIp:192.168.88.119]
SqlString  SELECT RTP,Amount,Bonus  FROM M_RtpSetting  WHERE Sid = 1   AND State = 1   AND LTG_Code = 4 AND Gid = 40
sqlResult   map[result: count:0 state:0]
[2020-01-02 12:16:03] rtpData ------->   map[result: count:0 state:0] 
[GIN] 2020/01/02 - 12:16:03 | 200 |    2.615164ms |  192.168.66.115 | POST     /getResult
sqlResult   map[count:0 state:0 result:]
[2020-01-02 12:16:03] rtpData ------->   map[count:0 state:0 result:] 
[GIN] 2020/01/02 - 12:16:03 | 200 |     3.19319ms |  192.168.66.115 | POST     /getResult
[2020-01-02 12:16:03] 自開彩開獎  {202001020736 6 36 true} 
[2020-01-02 12:16:03] 自開彩開獎  {202001020246 1 35 true} 
ConfigData  map[charset:utf8 redisPassword:"" redisDB:3 ip:192.168.88.181 port:3306 password:1qaz!QAZ database:FA_MEM redisIp:192.168.88.119 redisPort:6379 poolname:FA_MEM user:fa_db]
SqlString  SELECT RTP,Amount,Bonus  FROM M_RtpSetting  WHERE Sid = 1   AND State = 1   AND LTG_Code = 6 AND Gid = 36
ConfigData  map[user:fa_db database:FA_MEM redisIp:192.168.88.119 redisPort:6379 redisPassword:"" redisDB:3 ip:192.168.88.181 poolname:FA_MEM port:3306 password:1qaz!QAZ charset:utf8]
SqlString  SELECT RTP,Amount,Bonus  FROM M_RtpSetting  WHERE Sid = 1   AND State = 1   AND LTG_Code = 1 AND Gid = 35
sqlResult   map[result: count:0 state:0]
[2020-01-02 12:16:03] rtpData ------->   map[result: count:0 state:0] 
sqlResult   map[result: count:0 state:0]
[2020-01-02 12:16:03] rtpData ------->   map[result: count:0 state:0] 
[GIN] 2020/01/02 - 12:16:03 | 200 |    3.130799ms |  192.168.66.115 | POST     /getResult
[GIN] 2020/01/02 - 12:16:03 | 200 |    3.212723ms |  192.168.66.115 | POST     /getResult
[2020-01-02 12:16:04] 自開彩開獎  {202001020736 5 38 true} 
ConfigData  map[ip:192.168.88.181 password:1qaz!QAZ charset:utf8 redisDB:3 poolname:FA_MEM port:3306 user:fa_db database:FA_MEM redisIp:192.168.88.119 redisPort:6379 redisPassword:""]
SqlString  SELECT RTP,Amount,Bonus  FROM M_RtpSetting  WHERE Sid = 1   AND State = 1   AND LTG_Code = 5 AND Gid = 38
sqlResult   map[result: count:0 state:0]
[2020-01-02 12:16:04] rtpData ------->   map[result: count:0 state:0] 
[GIN] 2020/01/02 - 12:16:04 | 200 |    2.515806ms |  192.168.66.115 | POST     /getResult
[2020-01-02 12:16:07] 自開彩開獎  {202001020737 1 34 true} 
ConfigData  map[redisPort:6379 redisDB:3 ip:192.168.88.181 poolname:FA_MEM port:3306 password:1qaz!QAZ charset:utf8 user:fa_db database:FA_MEM redisIp:192.168.88.119 redisPassword:""]
SqlString  SELECT RTP,Amount,Bonus  FROM M_RtpSetting  WHERE Sid = 1   AND State = 1   AND LTG_Code = 1 AND Gid = 34
sqlResult   map[result: count:0 state:0]
[2020-01-02 12:16:07] rtpData ------->   map[count:0 state:0 result:] 
[GIN] 2020/01/02 - 12:16:07 | 200 |    2.388632ms |  192.168.66.115 | POST     /getResult
[2020-01-02 12:16:09] 自開彩開獎  {202001020246 4 41 true} 
ConfigData  map[port:3306 user:fa_db database:FA_MEM redisPassword:"" redisPort:6379 redisDB:3 ip:192.168.88.181 poolname:FA_MEM password:1qaz!QAZ charset:utf8 redisIp:192.168.88.119]
SqlString  SELECT RTP,Amount,Bonus  FROM M_RtpSetting  WHERE Sid = 1   AND State = 1   AND LTG_Code = 4 AND Gid = 41
[2020-01-02 12:16:09] 自開彩開獎  {202001020737 4 40 true} 
ConfigData  map[charset:utf8 redisIp:192.168.88.119 redisPort:6379 redisPassword:"" ip:192.168.88.181 user:fa_db password:1qaz!QAZ database:FA_MEM redisDB:3 poolname:FA_MEM port:3306]
SqlString  SELECT RTP,Amount,Bonus  FROM M_RtpSetting  WHERE Sid = 1   AND State = 1   AND LTG_Code = 4 AND Gid = 40
sqlResult   map[result: count:0 state:0]
sqlResult   map[result: count:0 state:0]
[2020-01-02 12:16:09] rtpData ------->   map[result: count:0 state:0] 
[GIN] 2020/01/02 - 12:16:09 | 200 |    2.788601ms |  192.168.66.115 | POST     /getResult
[2020-01-02 12:16:09] rtpData ------->   map[result: count:0 state:0] 
[GIN] 2020/01/02 - 12:16:09 | 200 |     2.94668ms |  192.168.66.115 | POST     /getResult
[2020-01-02 12:16:09] 自開彩開獎  {202001020246 1 35 true} 
ConfigData  map[database:FA_MEM charset:utf8 user:fa_db password:1qaz!QAZ redisIp:192.168.88.119 redisPort:6379 redisPassword:"" ip:192.168.88.181 poolname:FA_MEM port:3306 redisDB:3]
SqlString  SELECT RTP,Amount,Bonus  FROM M_RtpSetting  WHERE Sid = 1   AND State = 1   AND LTG_Code = 1 AND Gid = 35
[2020-01-02 12:16:09] 自開彩開獎  {202001020737 6 36 true} 
ConfigData  map[user:fa_db password:1qaz!QAZ redisDB:3 redisIp:192.168.88.119 redisPort:6379 redisPassword:"" ip:192.168.88.181 poolname:FA_MEM port:3306 database:FA_MEM charset:utf8]
SqlString  SELECT RTP,Amount,Bonus  FROM M_RtpSetting  WHERE Sid = 1   AND State = 1   AND LTG_Code = 6 AND Gid = 36
sqlResult   map[state:0 result: count:0]
[2020-01-02 12:16:09] rtpData ------->   map[result: count:0 state:0] 
[GIN] 2020/01/02 - 12:16:09 | 200 |    2.288369ms |  192.168.66.115 | POST     /getResult
sqlResult   map[result: count:0 state:0]
[2020-01-02 12:16:09] rtpData ------->   map[result: count:0 state:0] 
[GIN] 2020/01/02 - 12:16:09 | 200 |    2.168701ms |  192.168.66.115 | POST     /getResult
[2020-01-02 12:16:10] 自開彩開獎  {202001020737 5 38 true} 
ConfigData  map[redisPassword:"" redisDB:3 ip:192.168.88.181 poolname:FA_MEM port:3306 charset:utf8 redisIp:192.168.88.119 redisPort:6379 user:fa_db password:1qaz!QAZ database:FA_MEM]
SqlString  SELECT RTP,Amount,Bonus  FROM M_RtpSetting  WHERE Sid = 1   AND State = 1   AND LTG_Code = 5 AND Gid = 38
sqlResult   map[result: count:0 state:0]
[2020-01-02 12:16:10] rtpData ------->   map[result: count:0 state:0] 
[GIN] 2020/01/02 - 12:16:10 | 200 |    2.841142ms |  192.168.66.115 | POST     /getResult
[2020-01-02 12:16:13] 自開彩開獎  {202001020737 1 34 true} 
ConfigData  map[database:FA_MEM ip:192.168.88.181 poolname:FA_MEM port:3306 password:1qaz!QAZ redisPassword:"" redisDB:3 user:fa_db charset:utf8 redisIp:192.168.88.119 redisPort:6379]
SqlString  SELECT RTP,Amount,Bonus  FROM M_RtpSetting  WHERE Sid = 1   AND State = 1   AND LTG_Code = 1 AND Gid = 34
sqlResult   map[count:0 state:0 result:]
[2020-01-02 12:16:13] rtpData ------->   map[result: count:0 state:0] 
[GIN] 2020/01/02 - 12:16:13 | 200 |    3.049774ms |  192.168.66.115 | POST     /getResult
[2020-01-02 12:16:15] 自開彩開獎  {202001020737 4 40 true} 
ConfigData  map[poolname:FA_MEM port:3306 user:fa_db password:1qaz!QAZ charset:utf8 ip:192.168.88.181 database:FA_MEM redisIp:192.168.88.119 redisPort:6379 redisPassword:"" redisDB:3]
SqlString  SELECT RTP,Amount,Bonus  FROM M_RtpSetting  WHERE Sid = 1   AND State = 1   AND LTG_Code = 4 AND Gid = 40
[2020-01-02 12:16:15] 自開彩開獎  {202001020246 4 41 true} 
ConfigData  map[charset:utf8 redisIp:192.168.88.119 redisPassword:"" ip:192.168.88.181 poolname:FA_MEM port:3306 database:FA_MEM user:fa_db password:1qaz!QAZ redisPort:6379 redisDB:3]
SqlString  SELECT RTP,Amount,Bonus  FROM M_RtpSetting  WHERE Sid = 1   AND State = 1   AND LTG_Code = 4 AND Gid = 41
sqlResult   map[result: count:0 state:0]
[2020-01-02 12:16:15] rtpData ------->   map[count:0 state:0 result:] 
[GIN] 2020/01/02 - 12:16:15 | 200 |    3.223178ms |  192.168.66.115 | POST     /getResult
sqlResult   map[result: count:0 state:0]
[2020-01-02 12:16:15] rtpData ------->   map[state:0 result: count:0] 
[GIN] 2020/01/02 - 12:16:15 | 200 |     5.33462ms |  192.168.66.115 | POST     /getResult
[2020-01-02 12:16:15] 自開彩開獎  {202001020246 1 35 true} 
ConfigData  map[redisPassword:"" redisDB:3 ip:192.168.88.181 poolname:FA_MEM user:fa_db password:1qaz!QAZ database:FA_MEM charset:utf8 port:3306 redisIp:192.168.88.119 redisPort:6379]
SqlString  SELECT RTP,Amount,Bonus  FROM M_RtpSetting  WHERE Sid = 1   AND State = 1   AND LTG_Code = 1 AND Gid = 35
[2020-01-02 12:16:15] 自開彩開獎  {202001020737 6 36 true} 
ConfigData  map[ip:192.168.88.181 port:3306 password:1qaz!QAZ redisIp:192.168.88.119 redisPort:6379 poolname:FA_MEM user:fa_db database:FA_MEM charset:utf8 redisPassword:"" redisDB:3]
SqlString  SELECT RTP,Amount,Bonus  FROM M_RtpSetting  WHERE Sid = 1   AND State = 1   AND LTG_Code = 6 AND Gid = 36
sqlResult   map[state:0 result: count:0]
[2020-01-02 12:16:15] rtpData ------->   map[result: count:0 state:0] 
[GIN] 2020/01/02 - 12:16:15 | 200 |    2.223589ms |  192.168.66.115 | POST     /getResult
sqlResult   map[result: count:0 state:0]
[2020-01-02 12:16:15] rtpData ------->   map[result: count:0 state:0] 
[GIN] 2020/01/02 - 12:16:15 | 200 |    2.524487ms |  192.168.66.115 | POST     /getResult
[2020-01-02 12:16:16] 自開彩開獎  {202001020737 5 38 true} 
ConfigData  map[database:FA_MEM redisIp:192.168.88.119 redisPort:6379 ip:192.168.88.181 port:3306 user:fa_db redisPassword:"" redisDB:3 poolname:FA_MEM password:1qaz!QAZ charset:utf8]
SqlString  SELECT RTP,Amount,Bonus  FROM M_RtpSetting  WHERE Sid = 1   AND State = 1   AND LTG_Code = 5 AND Gid = 38
sqlResult   map[result: count:0 state:0]
[2020-01-02 12:16:16] rtpData ------->   map[count:0 state:0 result:] 
[GIN] 2020/01/02 - 12:16:16 | 200 |    2.124639ms |  192.168.66.115 | POST     /getResult
[2020-01-02 12:16:19] 自開彩開獎  {202001020737 1 34 true} 
ConfigData  map[poolname:FA_MEM port:3306 user:fa_db redisPort:6379 ip:192.168.88.181 database:FA_MEM charset:utf8 redisIp:192.168.88.119 redisPassword:"" redisDB:3 password:1qaz!QAZ]
SqlString  SELECT RTP,Amount,Bonus  FROM M_RtpSetting  WHERE Sid = 1   AND State = 1   AND LTG_Code = 1 AND Gid = 34
sqlResult   map[result: count:0 state:0]
[2020-01-02 12:16:19] rtpData ------->   map[result: count:0 state:0] 
[GIN] 2020/01/02 - 12:16:19 | 200 |    2.194901ms |  192.168.66.115 | POST     /getResult
[2020-01-02 12:16:21] 自開彩開獎  {202001020737 4 40 true} 
ConfigData  map[redisIp:192.168.88.119 poolname:FA_MEM user:fa_db password:1qaz!QAZ database:FA_MEM charset:utf8 ip:192.168.88.181 port:3306 redisPort:6379 redisPassword:"" redisDB:3]
SqlString  SELECT RTP,Amount,Bonus  FROM M_RtpSetting  WHERE Sid = 1   AND State = 1   AND LTG_Code = 4 AND Gid = 40
[2020-01-02 12:16:21] 自開彩開獎  {202001020246 4 41 true} 
ConfigData  map[database:FA_MEM charset:utf8 redisIp:192.168.88.119 poolname:FA_MEM port:3306 user:fa_db password:1qaz!QAZ redisPort:6379 redisPassword:"" redisDB:3 ip:192.168.88.181]
SqlString  SELECT RTP,Amount,Bonus  FROM M_RtpSetting  WHERE Sid = 1   AND State = 1   AND LTG_Code = 4 AND Gid = 41
sqlResult   map[result: count:0 state:0]
[2020-01-02 12:16:21] rtpData ------->   map[result: count:0 state:0] 
[GIN] 2020/01/02 - 12:16:21 | 200 |    2.989505ms |  192.168.66.115 | POST     /getResult
sqlResult   map[state:0 result: count:0]
[2020-01-02 12:16:21] rtpData ------->   map[result: count:0 state:0] 
[GIN] 2020/01/02 - 12:16:21 | 200 |     2.96808ms |  192.168.66.115 | POST     /getResult
[2020-01-02 12:16:21] 自開彩開獎  {202001020246 1 35 true} 
ConfigData  map[charset:utf8 redisPort:6379 poolname:FA_MEM port:3306 password:1qaz!QAZ database:FA_MEM redisIp:192.168.88.119 redisPassword:"" redisDB:3 ip:192.168.88.181 user:fa_db]
SqlString  SELECT RTP,Amount,Bonus  FROM M_RtpSetting  WHERE Sid = 1   AND State = 1   AND LTG_Code = 1 AND Gid = 35
[2020-01-02 12:16:21] 自開彩開獎  {202001020737 6 36 true} 
ConfigData  map[user:fa_db database:FA_MEM charset:utf8 redisIp:192.168.88.119 redisPassword:"" redisDB:3 port:3306 poolname:FA_MEM password:1qaz!QAZ redisPort:6379 ip:192.168.88.181]
SqlString  SELECT RTP,Amount,Bonus  FROM M_RtpSetting  WHERE Sid = 1   AND State = 1   AND LTG_Code = 6 AND Gid = 36
sqlResult   map[result: count:0 state:0]
[2020-01-02 12:16:21] rtpData ------->   map[result: count:0 state:0] 
[GIN] 2020/01/02 - 12:16:21 | 200 |    2.437492ms |  192.168.66.115 | POST     /getResult
sqlResult   map[result: count:0 state:0]
[2020-01-02 12:16:21] rtpData ------->   map[result: count:0 state:0] 
[GIN] 2020/01/02 - 12:16:21 | 200 |    2.401758ms |  192.168.66.115 | POST     /getResult
[2020-01-02 12:16:22] 自開彩開獎  {202001020737 5 38 true} 
ConfigData  map[database:FA_MEM charset:utf8 redisPassword:"" redisDB:3 user:fa_db poolname:FA_MEM port:3306 password:1qaz!QAZ redisIp:192.168.88.119 redisPort:6379 ip:192.168.88.181]
SqlString  SELECT RTP,Amount,Bonus  FROM M_RtpSetting  WHERE Sid = 1   AND State = 1   AND LTG_Code = 5 AND Gid = 38
sqlResult   map[result: count:0 state:0]
[2020-01-02 12:16:22] rtpData ------->   map[result: count:0 state:0] 
[GIN] 2020/01/02 - 12:16:22 | 200 |    2.785878ms |  192.168.66.115 | POST     /getResult
[2020-01-02 12:16:25] 自開彩開獎  {202001020737 1 34 true} 
ConfigData  map[redisPort:6379 redisPassword:"" redisDB:3 user:fa_db password:1qaz!QAZ database:FA_MEM charset:utf8 redisIp:192.168.88.119 ip:192.168.88.181 poolname:FA_MEM port:3306]
SqlString  SELECT RTP,Amount,Bonus  FROM M_RtpSetting  WHERE Sid = 1   AND State = 1   AND LTG_Code = 1 AND Gid = 34
sqlResult   map[state:0 result: count:0]
[2020-01-02 12:16:25] rtpData ------->   map[result: count:0 state:0] 
[GIN] 2020/01/02 - 12:16:25 | 200 |    3.983337ms |  192.168.66.115 | POST     /getResult
[2020-01-02 12:16:27] 自開彩開獎  {202001020737 4 40 true} 
ConfigData  map[port:3306 user:fa_db database:FA_MEM charset:utf8 redisIp:192.168.88.119 redisPort:6379 ip:192.168.88.181 password:1qaz!QAZ redisPassword:"" redisDB:3 poolname:FA_MEM]
SqlString  SELECT RTP,Amount,Bonus  FROM M_RtpSetting  WHERE Sid = 1   AND State = 1   AND LTG_Code = 4 AND Gid = 40
[2020-01-02 12:16:27] 自開彩開獎  {202001020246 4 41 true} 
ConfigData  map[password:1qaz!QAZ database:FA_MEM redisPort:6379 redisPassword:"" port:3306 poolname:FA_MEM user:fa_db charset:utf8 redisIp:192.168.88.119 redisDB:3 ip:192.168.88.181]
SqlString  SELECT RTP,Amount,Bonus  FROM M_RtpSetting  WHERE Sid = 1   AND State = 1   AND LTG_Code = 4 AND Gid = 41
sqlResult   map[state:0 result: count:0]
[2020-01-02 12:16:27] rtpData ------->   map[result: count:0 state:0] 
[GIN] 2020/01/02 - 12:16:27 | 200 |    2.680651ms |  192.168.66.115 | POST     /getResult
sqlResult   map[result: count:0 state:0]
[2020-01-02 12:16:27] rtpData ------->   map[count:0 state:0 result:] 
[GIN] 2020/01/02 - 12:16:27 | 200 |    2.319948ms |  192.168.66.115 | POST     /getResult
[2020-01-02 12:16:27] 自開彩開獎  {202001020246 1 35 true} 
ConfigData  map[redisPassword:"" redisDB:3 poolname:FA_MEM port:3306 password:1qaz!QAZ redisIp:192.168.88.119 redisPort:6379 ip:192.168.88.181 user:fa_db database:FA_MEM charset:utf8]
SqlString  SELECT RTP,Amount,Bonus  FROM M_RtpSetting  WHERE Sid = 1   AND State = 1   AND LTG_Code = 1 AND Gid = 35
[2020-01-02 12:16:27] 自開彩開獎  {202001020737 6 36 true} 
ConfigData  map[database:FA_MEM redisPort:6379 redisDB:3 ip:192.168.88.181 poolname:FA_MEM password:1qaz!QAZ charset:utf8 redisIp:192.168.88.119 redisPassword:"" port:3306 user:fa_db]
SqlString  SELECT RTP,Amount,Bonus  FROM M_RtpSetting  WHERE Sid = 1   AND State = 1   AND LTG_Code = 6 AND Gid = 36
sqlResult   map[state:0 result: count:0]
[2020-01-02 12:16:27] rtpData ------->   map[result: count:0 state:0] 
[GIN] 2020/01/02 - 12:16:27 | 200 |    2.551301ms |  192.168.66.115 | POST     /getResult
sqlResult   map[result: count:0 state:0]
[2020-01-02 12:16:27] rtpData ------->   map[result: count:0 state:0] 
[GIN] 2020/01/02 - 12:16:27 | 200 |    2.918148ms |  192.168.66.115 | POST     /getResult
[2020-01-02 12:16:28] 自開彩開獎  {202001020737 5 38 true} 
ConfigData  map[redisDB:3 ip:192.168.88.181 user:fa_db charset:utf8 redisIp:192.168.88.119 redisPort:6379 redisPassword:"" poolname:FA_MEM port:3306 password:1qaz!QAZ database:FA_MEM]
SqlString  SELECT RTP,Amount,Bonus  FROM M_RtpSetting  WHERE Sid = 1   AND State = 1   AND LTG_Code = 5 AND Gid = 38
sqlResult   map[result: count:0 state:0]
[2020-01-02 12:16:28] rtpData ------->   map[result: count:0 state:0] 
[GIN] 2020/01/02 - 12:16:28 | 200 |    2.595694ms |  192.168.66.115 | POST     /getResult
[2020-01-02 12:16:31] 自開彩開獎  {202001020737 1 34 true} 
ConfigData  map[port:3306 charset:utf8 redisIp:192.168.88.119 redisPort:6379 poolname:FA_MEM user:fa_db password:1qaz!QAZ database:FA_MEM redisPassword:"" redisDB:3 ip:192.168.88.181]
SqlString  SELECT RTP,Amount,Bonus  FROM M_RtpSetting  WHERE Sid = 1   AND State = 1   AND LTG_Code = 1 AND Gid = 34
sqlResult   map[state:0 result: count:0]
[2020-01-02 12:16:31] rtpData ------->   map[state:0 result: count:0] 
[GIN] 2020/01/02 - 12:16:31 | 200 |    3.035078ms |  192.168.66.115 | POST     /getResult
[2020-01-02 12:16:33] 自開彩開獎  {202001020737 4 40 true} 
[2020-01-02 12:16:33] 自開彩開獎  {202001020246 4 41 true} 
ConfigData  map[redisPassword:"" redisDB:3 poolname:FA_MEM port:3306 password:1qaz!QAZ database:FA_MEM charset:utf8 redisPort:6379 ip:192.168.88.181 user:fa_db redisIp:192.168.88.119]
SqlString  SELECT RTP,Amount,Bonus  FROM M_RtpSetting  WHERE Sid = 1   AND State = 1   AND LTG_Code = 4 AND Gid = 40
ConfigData  map[redisPort:6379 redisDB:3 poolname:FA_MEM port:3306 user:fa_db password:1qaz!QAZ database:FA_MEM ip:192.168.88.181 charset:utf8 redisIp:192.168.88.119 redisPassword:""]
SqlString  SELECT RTP,Amount,Bonus  FROM M_RtpSetting  WHERE Sid = 1   AND State = 1   AND LTG_Code = 4 AND Gid = 41
sqlResult   map[result: count:0 state:0]
[2020-01-02 12:16:33] rtpData ------->   map[result: count:0 state:0] 
sqlResult   map[result: count:0 state:0]
[2020-01-02 12:16:33] rtpData ------->   map[result: count:0 state:0] 
[GIN] 2020/01/02 - 12:16:33 | 200 |    2.603302ms |  192.168.66.115 | POST     /getResult
[GIN] 2020/01/02 - 12:16:33 | 200 |     2.66673ms |  192.168.66.115 | POST     /getResult
[2020-01-02 12:16:33] 自開彩開獎  {202001020737 6 36 true} 
ConfigData  map[redisDB:3 ip:192.168.88.181 redisIp:192.168.88.119 redisPassword:"" password:1qaz!QAZ database:FA_MEM charset:utf8 redisPort:6379 poolname:FA_MEM port:3306 user:fa_db]
SqlString  SELECT RTP,Amount,Bonus  FROM M_RtpSetting  WHERE Sid = 1   AND State = 1   AND LTG_Code = 6 AND Gid = 36
[2020-01-02 12:16:33] 自開彩開獎  {202001020246 1 35 true} 
ConfigData  map[charset:utf8 redisIp:192.168.88.119 redisPassword:"" redisDB:3 poolname:FA_MEM password:1qaz!QAZ database:FA_MEM redisPort:6379 ip:192.168.88.181 port:3306 user:fa_db]
SqlString  SELECT RTP,Amount,Bonus  FROM M_RtpSetting  WHERE Sid = 1   AND State = 1   AND LTG_Code = 1 AND Gid = 35
sqlResult   map[result: count:0 state:0]
[2020-01-02 12:16:33] rtpData ------->   map[result: count:0 state:0] 
[GIN] 2020/01/02 - 12:16:33 | 200 |    2.623016ms |  192.168.66.115 | POST     /getResult
sqlResult   map[result: count:0 state:0]
[2020-01-02 12:16:33] rtpData ------->   map[count:0 state:0 result:] 
[GIN] 2020/01/02 - 12:16:33 | 200 |    2.902741ms |  192.168.66.115 | POST     /getResult
[2020-01-02 12:16:34] 自開彩開獎  {202001020737 5 38 true} 
ConfigData  map[redisPort:6379 redisPassword:"" poolname:FA_MEM port:3306 password:1qaz!QAZ charset:utf8 redisDB:3 ip:192.168.88.181 user:fa_db database:FA_MEM redisIp:192.168.88.119]
SqlString  SELECT RTP,Amount,Bonus  FROM M_RtpSetting  WHERE Sid = 1   AND State = 1   AND LTG_Code = 5 AND Gid = 38
sqlResult   map[result: count:0 state:0]
[2020-01-02 12:16:34] rtpData ------->   map[result: count:0 state:0] 
[GIN] 2020/01/02 - 12:16:34 | 200 |    2.290598ms |  192.168.66.115 | POST     /getResult
[2020-01-02 12:16:37] 自開彩開獎  {202001020737 1 34 true} 
ConfigData  map[poolname:FA_MEM port:3306 redisPassword:"" redisDB:3 redisIp:192.168.88.119 redisPort:6379 ip:192.168.88.181 user:fa_db password:1qaz!QAZ database:FA_MEM charset:utf8]
SqlString  SELECT RTP,Amount,Bonus  FROM M_RtpSetting  WHERE Sid = 1   AND State = 1   AND LTG_Code = 1 AND Gid = 34
sqlResult   map[result: count:0 state:0]
[2020-01-02 12:16:37] rtpData ------->   map[count:0 state:0 result:] 
[GIN] 2020/01/02 - 12:16:37 | 200 |    2.393742ms |  192.168.66.115 | POST     /getResult
[2020-01-02 12:16:39] 自開彩開獎  {202001020737 4 40 true} 
ConfigData  map[port:3306 database:FA_MEM charset:utf8 redisIp:192.168.88.119 redisPort:6379 redisPassword:"" ip:192.168.88.181 poolname:FA_MEM user:fa_db password:1qaz!QAZ redisDB:3]
SqlString  SELECT RTP,Amount,Bonus  FROM M_RtpSetting  WHERE Sid = 1   AND State = 1   AND LTG_Code = 4 AND Gid = 40
[2020-01-02 12:16:39] 自開彩開獎  {202001020246 4 41 true} 
ConfigData  map[ip:192.168.88.181 user:fa_db redisIp:192.168.88.119 charset:utf8 redisPort:6379 redisPassword:"" redisDB:3 poolname:FA_MEM port:3306 password:1qaz!QAZ database:FA_MEM]
SqlString  SELECT RTP,Amount,Bonus  FROM M_RtpSetting  WHERE Sid = 1   AND State = 1   AND LTG_Code = 4 AND Gid = 41
sqlResult   map[result: count:0 state:0]
[2020-01-02 12:16:39] rtpData ------->   map[count:0 state:0 result:] 
[GIN] 2020/01/02 - 12:16:39 | 200 |    1.654326ms |  192.168.66.115 | POST     /getResult
sqlResult   map[count:0 state:0 result:]
[2020-01-02 12:16:39] rtpData ------->   map[result: count:0 state:0] 
[GIN] 2020/01/02 - 12:16:39 | 200 |    1.955681ms |  192.168.66.115 | POST     /getResult
[2020-01-02 12:16:39] 自開彩開獎  {202001020246 1 35 true} 
ConfigData  map[ip:192.168.88.181 database:FA_MEM charset:utf8 redisIp:192.168.88.119 redisPort:6379 poolname:FA_MEM port:3306 user:fa_db password:1qaz!QAZ redisPassword:"" redisDB:3]
SqlString  SELECT RTP,Amount,Bonus  FROM M_RtpSetting  WHERE Sid = 1   AND State = 1   AND LTG_Code = 1 AND Gid = 35
[2020-01-02 12:16:39] 自開彩開獎  {202001020737 6 36 true} 
ConfigData  map[port:3306 user:fa_db password:1qaz!QAZ database:FA_MEM redisIp:192.168.88.119 redisDB:3 ip:192.168.88.181 charset:utf8 redisPort:6379 redisPassword:"" poolname:FA_MEM]
SqlString  SELECT RTP,Amount,Bonus  FROM M_RtpSetting  WHERE Sid = 1   AND State = 1   AND LTG_Code = 6 AND Gid = 36
sqlResult   map[result: count:0 state:0]
sqlResult   map[result: count:0 state:0]
[2020-01-02 12:16:39] rtpData ------->   map[result: count:0 state:0] 
[GIN] 2020/01/02 - 12:16:39 | 200 |    2.362036ms |  192.168.66.115 | POST     /getResult
[2020-01-02 12:16:39] rtpData ------->   map[count:0 state:0 result:] 
[GIN] 2020/01/02 - 12:16:39 | 200 |    2.401173ms |  192.168.66.115 | POST     /getResult
[2020-01-02 12:16:40] 自開彩開獎  {202001020737 5 38 true} 
ConfigData  map[user:fa_db database:FA_MEM charset:utf8 redisDB:3 ip:192.168.88.181 poolname:FA_MEM port:3306 password:1qaz!QAZ redisIp:192.168.88.119 redisPort:6379 redisPassword:""]
SqlString  SELECT RTP,Amount,Bonus  FROM M_RtpSetting  WHERE Sid = 1   AND State = 1   AND LTG_Code = 5 AND Gid = 38
sqlResult   map[result: count:0 state:0]
[2020-01-02 12:16:40] rtpData ------->   map[result: count:0 state:0] 
[GIN] 2020/01/02 - 12:16:40 | 200 |    2.635701ms |  192.168.66.115 | POST     /getResult
[2020-01-02 12:16:43] 自開彩開獎  {202001020737 1 34 true} 
ConfigData  map[port:3306 user:fa_db database:FA_MEM redisPort:6379 redisDB:3 poolname:FA_MEM password:1qaz!QAZ charset:utf8 redisIp:192.168.88.119 redisPassword:"" ip:192.168.88.181]
SqlString  SELECT RTP,Amount,Bonus  FROM M_RtpSetting  WHERE Sid = 1   AND State = 1   AND LTG_Code = 1 AND Gid = 34
sqlResult   map[result: count:0 state:0]
[2020-01-02 12:16:43] rtpData ------->   map[state:0 result: count:0] 
[GIN] 2020/01/02 - 12:16:43 | 200 |    2.789802ms |  192.168.66.115 | POST     /getResult
[2020-01-02 12:16:45] 自開彩開獎  {202001020737 4 40 true} 
ConfigData  map[ip:192.168.88.181 poolname:FA_MEM database:FA_MEM redisPort:6379 redisDB:3 port:3306 user:fa_db password:1qaz!QAZ charset:utf8 redisIp:192.168.88.119 redisPassword:""]
SqlString  SELECT RTP,Amount,Bonus  FROM M_RtpSetting  WHERE Sid = 1   AND State = 1   AND LTG_Code = 4 AND Gid = 40
sqlResult   map[state:0 result: count:0]
[2020-01-02 12:16:45] rtpData ------->   map[result: count:0 state:0] 
[GIN] 2020/01/02 - 12:16:45 | 200 |    3.052839ms |  192.168.66.115 | POST     /getResult
[2020-01-02 12:16:45] 自開彩開獎  {202001020246 4 41 true} 
ConfigData  map[ip:192.168.88.181 charset:utf8 redisPort:6379 redisPassword:"" database:FA_MEM redisIp:192.168.88.119 redisDB:3 poolname:FA_MEM port:3306 user:fa_db password:1qaz!QAZ]
SqlString  SELECT RTP,Amount,Bonus  FROM M_RtpSetting  WHERE Sid = 1   AND State = 1   AND LTG_Code = 4 AND Gid = 41
sqlResult   map[count:0 state:0 result:]
[2020-01-02 12:16:45] rtpData ------->   map[result: count:0 state:0] 
[GIN] 2020/01/02 - 12:16:45 | 200 |    1.778099ms |  192.168.66.115 | POST     /getResult
[2020-01-02 12:16:45] 自開彩開獎  {202001020246 1 35 true} 
ConfigData  map[redisPassword:"" poolname:FA_MEM port:3306 user:fa_db password:1qaz!QAZ redisPort:6379 redisDB:3 ip:192.168.88.181 database:FA_MEM charset:utf8 redisIp:192.168.88.119]
SqlString  SELECT RTP,Amount,Bonus  FROM M_RtpSetting  WHERE Sid = 1   AND State = 1   AND LTG_Code = 1 AND Gid = 35
[2020-01-02 12:16:45] 自開彩開獎  {202001020737 6 36 true} 
ConfigData  map[charset:utf8 redisIp:192.168.88.119 redisDB:3 ip:192.168.88.181 password:1qaz!QAZ database:FA_MEM redisPort:6379 redisPassword:"" poolname:FA_MEM port:3306 user:fa_db]
SqlString  SELECT RTP,Amount,Bonus  FROM M_RtpSetting  WHERE Sid = 1   AND State = 1   AND LTG_Code = 6 AND Gid = 36
sqlResult   map[result: count:0 state:0]
[2020-01-02 12:16:45] rtpData ------->   map[result: count:0 state:0] 
sqlResult   map[state:0 result: count:0]
[2020-01-02 12:16:45] rtpData ------->   map[state:0 result: count:0] 
[GIN] 2020/01/02 - 12:16:45 | 200 |    2.919002ms |  192.168.66.115 | POST     /getResult
[GIN] 2020/01/02 - 12:16:45 | 200 |    3.071379ms |  192.168.66.115 | POST     /getResult
[2020-01-02 12:16:46] 自開彩開獎  {202001020737 5 38 true} 
ConfigData  map[redisPort:6379 poolname:FA_MEM port:3306 user:fa_db password:1qaz!QAZ database:FA_MEM charset:utf8 redisIp:192.168.88.119 ip:192.168.88.181 redisPassword:"" redisDB:3]
SqlString  SELECT RTP,Amount,Bonus  FROM M_RtpSetting  WHERE Sid = 1   AND State = 1   AND LTG_Code = 5 AND Gid = 38
sqlResult   map[result: count:0 state:0]
[2020-01-02 12:16:46] rtpData ------->   map[result: count:0 state:0] 
[GIN] 2020/01/02 - 12:16:46 | 200 |    2.414013ms |  192.168.66.115 | POST     /getResult
[2020-01-02 12:16:50] 自開彩開獎  {202001020737 1 34 true} 
ConfigData  map[port:3306 database:FA_MEM charset:utf8 redisIp:192.168.88.119 redisPassword:"" redisDB:3 ip:192.168.88.181 poolname:FA_MEM user:fa_db password:1qaz!QAZ redisPort:6379]
SqlString  SELECT RTP,Amount,Bonus  FROM M_RtpSetting  WHERE Sid = 1   AND State = 1   AND LTG_Code = 1 AND Gid = 34
sqlResult   map[state:0 result: count:0]
[2020-01-02 12:16:50] rtpData ------->   map[count:0 state:0 result:] 
[GIN] 2020/01/02 - 12:16:50 | 200 |    2.157325ms |  192.168.66.115 | POST     /getResult
[2020-01-02 12:16:51] 自開彩開獎  {202001020737 4 40 true} 
[2020-01-02 12:16:51] 自開彩開獎  {202001020246 4 41 true} 
ConfigData  map[poolname:FA_MEM port:3306 user:fa_db charset:utf8 redisDB:3 ip:192.168.88.181 password:1qaz!QAZ database:FA_MEM redisIp:192.168.88.119 redisPort:6379 redisPassword:""]
SqlString  SELECT RTP,Amount,Bonus  FROM M_RtpSetting  WHERE Sid = 1   AND State = 1   AND LTG_Code = 4 AND Gid = 40
ConfigData  map[charset:utf8 redisPassword:"" redisDB:3 user:fa_db password:1qaz!QAZ port:3306 database:FA_MEM redisIp:192.168.88.119 redisPort:6379 ip:192.168.88.181 poolname:FA_MEM]
SqlString  SELECT RTP,Amount,Bonus  FROM M_RtpSetting  WHERE Sid = 1   AND State = 1   AND LTG_Code = 4 AND Gid = 41
sqlResult   map[state:0 result: count:0]
[2020-01-02 12:16:51] rtpData ------->   map[count:0 state:0 result:] 
sqlResult   map[result: count:0 state:0]
[2020-01-02 12:16:51] rtpData ------->   map[count:0 state:0 result:] 
[GIN] 2020/01/02 - 12:16:51 | 200 |    2.803463ms |  192.168.66.115 | POST     /getResult
[GIN] 2020/01/02 - 12:16:51 | 200 |     2.69756ms |  192.168.66.115 | POST     /getResult
[2020-01-02 12:16:51] 自開彩開獎  {202001020737 6 36 true} 
ConfigData  map[port:3306 password:1qaz!QAZ database:FA_MEM redisIp:192.168.88.119 redisPort:6379 redisDB:3 ip:192.168.88.181 poolname:FA_MEM user:fa_db charset:utf8 redisPassword:""]
SqlString  SELECT RTP,Amount,Bonus  FROM M_RtpSetting  WHERE Sid = 1   AND State = 1   AND LTG_Code = 6 AND Gid = 36
[2020-01-02 12:16:51] 自開彩開獎  {202001020246 1 35 true} 
ConfigData  map[charset:utf8 redisPort:6379 poolname:FA_MEM port:3306 user:fa_db redisIp:192.168.88.119 redisPassword:"" redisDB:3 ip:192.168.88.181 password:1qaz!QAZ database:FA_MEM]
SqlString  SELECT RTP,Amount,Bonus  FROM M_RtpSetting  WHERE Sid = 1   AND State = 1   AND LTG_Code = 1 AND Gid = 35
sqlResult   map[result: count:0 state:0]
[2020-01-02 12:16:51] rtpData ------->   map[result: count:0 state:0] 
sqlResult   map[result: count:0 state:0]
[2020-01-02 12:16:51] rtpData ------->   map[result: count:0 state:0] 
[GIN] 2020/01/02 - 12:16:51 | 200 |    2.470976ms |  192.168.66.115 | POST     /getResult
[GIN] 2020/01/02 - 12:16:51 | 200 |    2.443378ms |  192.168.66.115 | POST     /getResult
[2020-01-02 12:16:52] 自開彩開獎  {202001020737 5 38 true} 
ConfigData  map[poolname:FA_MEM redisPort:6379 redisDB:3 redisPassword:"" ip:192.168.88.181 port:3306 user:fa_db password:1qaz!QAZ database:FA_MEM charset:utf8 redisIp:192.168.88.119]
SqlString  SELECT RTP,Amount,Bonus  FROM M_RtpSetting  WHERE Sid = 1   AND State = 1   AND LTG_Code = 5 AND Gid = 38
sqlResult   map[result: count:0 state:0]
[2020-01-02 12:16:52] rtpData ------->   map[count:0 state:0 result:] 
[GIN] 2020/01/02 - 12:16:52 | 200 |     2.62499ms |  192.168.66.115 | POST     /getResult
[2020-01-02 12:16:56] 自開彩開獎  {202001020737 1 34 true} 
ConfigData  map[ip:192.168.88.181 user:fa_db password:1qaz!QAZ redisPassword:"" redisPort:6379 redisDB:3 poolname:FA_MEM port:3306 database:FA_MEM charset:utf8 redisIp:192.168.88.119]
SqlString  SELECT RTP,Amount,Bonus  FROM M_RtpSetting  WHERE Sid = 1   AND State = 1   AND LTG_Code = 1 AND Gid = 34
sqlResult   map[result: count:0 state:0]
[2020-01-02 12:16:56] rtpData ------->   map[result: count:0 state:0] 
[GIN] 2020/01/02 - 12:16:56 | 200 |    3.017088ms |  192.168.66.115 | POST     /getResult
[2020-01-02 12:16:57] 自開彩開獎  {202001020737 4 40 true} 
ConfigData  map[charset:utf8 redisPort:6379 redisPassword:"" redisDB:3 ip:192.168.88.181 poolname:FA_MEM port:3306 user:fa_db password:1qaz!QAZ database:FA_MEM redisIp:192.168.88.119]
SqlString  SELECT RTP,Amount,Bonus  FROM M_RtpSetting  WHERE Sid = 1   AND State = 1   AND LTG_Code = 4 AND Gid = 40
[2020-01-02 12:16:57] 自開彩開獎  {202001020246 4 41 true} 
ConfigData  map[redisIp:192.168.88.119 redisPort:6379 redisDB:3 ip:192.168.88.181 poolname:FA_MEM port:3306 user:fa_db password:1qaz!QAZ database:FA_MEM charset:utf8 redisPassword:""]
SqlString  SELECT RTP,Amount,Bonus  FROM M_RtpSetting  WHERE Sid = 1   AND State = 1   AND LTG_Code = 4 AND Gid = 41
sqlResult   map[count:0 state:0 result:]
sqlResult   map[result: count:0 state:0]
[2020-01-02 12:16:57] rtpData ------->   map[result: count:0 state:0] 
[GIN] 2020/01/02 - 12:16:57 | 200 |    2.941808ms |  192.168.66.115 | POST     /getResult
[2020-01-02 12:16:57] rtpData ------->   map[result: count:0 state:0] 
[GIN] 2020/01/02 - 12:16:57 | 200 |    2.894227ms |  192.168.66.115 | POST     /getResult
[2020-01-02 12:16:57] 自開彩開獎  {202001020246 1 35 true} 
ConfigData  map[charset:utf8 redisPort:6379 ip:192.168.88.181 port:3306 database:FA_MEM redisIp:192.168.88.119 redisPassword:"" redisDB:3 poolname:FA_MEM user:fa_db password:1qaz!QAZ]
SqlString  SELECT RTP,Amount,Bonus  FROM M_RtpSetting  WHERE Sid = 1   AND State = 1   AND LTG_Code = 1 AND Gid = 35
[2020-01-02 12:16:57] 自開彩開獎  {202001020737 6 36 true} 
ConfigData  map[poolname:FA_MEM user:fa_db password:1qaz!QAZ database:FA_MEM charset:utf8 redisPort:6379 redisDB:3 ip:192.168.88.181 port:3306 redisIp:192.168.88.119 redisPassword:""]
SqlString  SELECT RTP,Amount,Bonus  FROM M_RtpSetting  WHERE Sid = 1   AND State = 1   AND LTG_Code = 6 AND Gid = 36
sqlResult   map[result: count:0 state:0]
[2020-01-02 12:16:57] rtpData ------->   map[result: count:0 state:0] 
[GIN] 2020/01/02 - 12:16:57 | 200 |    2.266591ms |  192.168.66.115 | POST     /getResult
sqlResult   map[count:0 state:0 result:]
[2020-01-02 12:16:57] rtpData ------->   map[result: count:0 state:0] 
[GIN] 2020/01/02 - 12:16:57 | 200 |    2.646097ms |  192.168.66.115 | POST     /getResult
[2020-01-02 12:16:58] 自開彩開獎  {202001020737 5 38 true} 
ConfigData  map[ip:192.168.88.181 poolname:FA_MEM port:3306 redisIp:192.168.88.119 redisPassword:"" user:fa_db password:1qaz!QAZ database:FA_MEM charset:utf8 redisPort:6379 redisDB:3]
SqlString  SELECT RTP,Amount,Bonus  FROM M_RtpSetting  WHERE Sid = 1   AND State = 1   AND LTG_Code = 5 AND Gid = 38
sqlResult   map[result: count:0 state:0]
[2020-01-02 12:16:58] rtpData ------->   map[state:0 result: count:0] 
[GIN] 2020/01/02 - 12:16:58 | 200 |    2.464365ms |  192.168.66.115 | POST     /getResult
[2020-01-02 12:17:01] 自開彩開獎  {202001020738 2 26 true} 
ConfigData  map[redisIp:192.168.88.119 redisPort:6379 redisDB:3 ip:192.168.88.181 poolname:FA_MEM port:3306 user:fa_db password:1qaz!QAZ database:FA_MEM charset:utf8 redisPassword:""]
SqlString  SELECT RTP,Amount,Bonus  FROM M_RtpSetting  WHERE Sid = 1   AND State = 1   AND LTG_Code = 2 AND Gid = 26
sqlResult   map[bonus:908100.71 result:0.9600 count:1 state:1 amount:1.0069588e+06]
[2020-01-02 12:17:01] rtpData ------->   map[bonus:908100.71 result:0.9600 count:1 state:1 amount:1.0069588e+06] 
ConfigData  map[port:3306 password:1qaz!QAZ database:FA_MEM redisPort:6379 redisPassword:"" ip:192.168.88.181 poolname:FA_MEM redisIp:192.168.88.119 redisDB:3 user:fa_db charset:utf8]
SELECT BO_No, BO_OrderNo , BO_User , BO_Issue  , BO_LotteryTypeGroup, BO_LotteryType, BO_Mode, BO_LotteryPlayGroup, BO_LotteryPlay , BO_LotteryContent, BO_Price, BO_RealPrice, BO_Unit, BO_Multiple , BO_BetCount  , BO_Winnings, BO_Winnings2, BO_Winnings3, BO_WinningLimit  , BO_Water , BO_BW_SourceUserId, BO_BW_BackWater, BO_BW_LimitBetCount, BO_BW_MaxAmount, BO_BW_AuditMultiple  , BO_Odds, BO_Odds2, BO_Odds3 , BO_Type, BO_Chase , BO_OpenResult, BO_OpenResult2, BO_DateDraw, BO_DateDraw2, BO_DateUpdate  FROM TS_BetOrder  WHERE BO_Cancel = 0   AND BO_CancelBackend = 0   AND BO_LotteryTypeGroup = 2 AND BO_LotteryType = 26 AND BO_Issue = 202001020738 AND BO_Collect = 0 ORDER BY BO_DateDraw ASC, BO_DateCreate ASC, BO_DateUpdate ASC, BO_No ASC ;
[2020-01-02 12:17:01] LottteryTypeGroup 2 
[2020-01-02 12:17:01] 有期號 但無注單 -------> map[amount:0 bonus:0 thisOpenResult:[6 7 8 0 1]] 
[GIN] 2020/01/02 - 12:17:01 | 200 |    6.055383ms |  192.168.66.115 | POST     /getResult
[2020-01-02 12:17:02] 自開彩開獎  {202001020737 1 34 true} 
ConfigData  map[ip:192.168.88.181 poolname:FA_MEM user:fa_db password:1qaz!QAZ database:FA_MEM redisPort:6379 redisDB:3 port:3306 charset:utf8 redisIp:192.168.88.119 redisPassword:""]
SqlString  SELECT RTP,Amount,Bonus  FROM M_RtpSetting  WHERE Sid = 1   AND State = 1   AND LTG_Code = 1 AND Gid = 34
sqlResult   map[state:0 result: count:0]
[2020-01-02 12:17:02] rtpData ------->   map[result: count:0 state:0] 
[GIN] 2020/01/02 - 12:17:02 | 200 |    2.797709ms |  192.168.66.115 | POST     /getResult
[2020-01-02 12:17:03] 自開彩開獎  {202001020737 4 40 true} 
ConfigData  map[port:3306 user:fa_db password:1qaz!QAZ database:FA_MEM redisIp:192.168.88.119 redisPassword:"" redisDB:3 ip:192.168.88.181 poolname:FA_MEM charset:utf8 redisPort:6379]
SqlString  SELECT RTP,Amount,Bonus  FROM M_RtpSetting  WHERE Sid = 1   AND State = 1   AND LTG_Code = 4 AND Gid = 40
[2020-01-02 12:17:03] 自開彩開獎  {202001020246 4 41 true} 
ConfigData  map[password:1qaz!QAZ database:FA_MEM redisIp:192.168.88.119 redisPort:6379 redisPassword:"" user:fa_db poolname:FA_MEM port:3306 charset:utf8 redisDB:3 ip:192.168.88.181]
SqlString  SELECT RTP,Amount,Bonus  FROM M_RtpSetting  WHERE Sid = 1   AND State = 1   AND LTG_Code = 4 AND Gid = 41
sqlResult   map[result: count:0 state:0]
[2020-01-02 12:17:03] rtpData ------->   map[result: count:0 state:0] 
[GIN] 2020/01/02 - 12:17:03 | 200 |    2.989933ms |  192.168.66.115 | POST     /getResult
sqlResult   map[result: count:0 state:0]
[2020-01-02 12:17:03] rtpData ------->   map[result: count:0 state:0] 
[GIN] 2020/01/02 - 12:17:03 | 200 |    2.930281ms |  192.168.66.115 | POST     /getResult
[2020-01-02 12:17:03] 自開彩開獎  {202001020246 1 35 true} 
[2020-01-02 12:17:03] 自開彩開獎  {202001020737 6 36 true} 
ConfigData  map[redisDB:3 ip:192.168.88.181 port:3306 password:1qaz!QAZ charset:utf8 redisPort:6379 redisPassword:"" poolname:FA_MEM user:fa_db database:FA_MEM redisIp:192.168.88.119]
SqlString  SELECT RTP,Amount,Bonus  FROM M_RtpSetting  WHERE Sid = 1   AND State = 1   AND LTG_Code = 1 AND Gid = 35
ConfigData  map[database:FA_MEM charset:utf8 redisPassword:"" ip:192.168.88.181 password:1qaz!QAZ user:fa_db redisIp:192.168.88.119 redisPort:6379 redisDB:3 poolname:FA_MEM port:3306]
SqlString  SELECT RTP,Amount,Bonus  FROM M_RtpSetting  WHERE Sid = 1   AND State = 1   AND LTG_Code = 6 AND Gid = 36
sqlResult   map[result: count:0 state:0]
[2020-01-02 12:17:03] rtpData ------->   map[result: count:0 state:0] 
sqlResult   map[result: count:0 state:0]
[2020-01-02 12:17:03] rtpData ------->   map[result: count:0 state:0] 
[GIN] 2020/01/02 - 12:17:03 | 200 |    2.358764ms |  192.168.66.115 | POST     /getResult
[GIN] 2020/01/02 - 12:17:03 | 200 |    2.284613ms |  192.168.66.115 | POST     /getResult
[2020-01-02 12:17:04] 自開彩開獎  {202001020737 5 38 true} 
ConfigData  map[redisDB:3 poolname:FA_MEM port:3306 user:fa_db database:FA_MEM redisIp:192.168.88.119 redisPort:6379 ip:192.168.88.181 password:1qaz!QAZ charset:utf8 redisPassword:""]
SqlString  SELECT RTP,Amount,Bonus  FROM M_RtpSetting  WHERE Sid = 1   AND State = 1   AND LTG_Code = 5 AND Gid = 38
sqlResult   map[result: count:0 state:0]
[2020-01-02 12:17:04] rtpData ------->   map[result: count:0 state:0] 
[GIN] 2020/01/02 - 12:17:04 | 200 |    2.680213ms |  192.168.66.115 | POST     /getResult
[2020-01-02 12:17:08] 自開彩開獎  {202001020738 1 34 true} 
ConfigData  map[ip:192.168.88.181 port:3306 password:1qaz!QAZ database:FA_MEM redisPort:6379 redisDB:3 poolname:FA_MEM user:fa_db charset:utf8 redisIp:192.168.88.119 redisPassword:""]
SqlString  SELECT RTP,Amount,Bonus  FROM M_RtpSetting  WHERE Sid = 1   AND State = 1   AND LTG_Code = 1 AND Gid = 34
sqlResult   map[state:0 result: count:0]
[2020-01-02 12:17:08] rtpData ------->   map[result: count:0 state:0] 
[GIN] 2020/01/02 - 12:17:08 | 200 |    2.055213ms |  192.168.66.115 | POST     /getResult
[2020-01-02 12:17:09] 自開彩開獎  {202001020738 4 40 true} 
[2020-01-02 12:17:09] 自開彩開獎  {202001020246 4 41 true} 
ConfigData  map[charset:utf8 redisIp:192.168.88.119 redisPort:6379 redisPassword:"" ip:192.168.88.181 poolname:FA_MEM user:fa_db password:1qaz!QAZ port:3306 database:FA_MEM redisDB:3]
SqlString  SELECT RTP,Amount,Bonus  FROM M_RtpSetting  WHERE Sid = 1   AND State = 1   AND LTG_Code = 4 AND Gid = 40
ConfigData  map[port:3306 charset:utf8 redisPort:6379 redisPassword:"" redisDB:3 ip:192.168.88.181 poolname:FA_MEM user:fa_db password:1qaz!QAZ database:FA_MEM redisIp:192.168.88.119]
SqlString  SELECT RTP,Amount,Bonus  FROM M_RtpSetting  WHERE Sid = 1   AND State = 1   AND LTG_Code = 4 AND Gid = 41
sqlResult   map[result: count:0 state:0]
[2020-01-02 12:17:09] rtpData ------->   map[state:0 result: count:0] 
[GIN] 2020/01/02 - 12:17:09 | 200 |    2.445527ms |  192.168.66.115 | POST     /getResult
sqlResult   map[result: count:0 state:0]
[2020-01-02 12:17:09] rtpData ------->   map[result: count:0 state:0] 
[GIN] 2020/01/02 - 12:17:09 | 200 |    2.425513ms |  192.168.66.115 | POST     /getResult
[2020-01-02 12:17:09] 自開彩開獎  {202001020738 6 36 true} 
ConfigData  map[redisPassword:"" port:3306 password:1qaz!QAZ charset:utf8 database:FA_MEM redisIp:192.168.88.119 redisPort:6379 redisDB:3 ip:192.168.88.181 poolname:FA_MEM user:fa_db]
SqlString  SELECT RTP,Amount,Bonus  FROM M_RtpSetting  WHERE Sid = 1   AND State = 1   AND LTG_Code = 6 AND Gid = 36
[2020-01-02 12:17:09] 自開彩開獎  {202001020246 1 35 true} 
ConfigData  map[password:1qaz!QAZ port:3306 user:fa_db database:FA_MEM charset:utf8 redisIp:192.168.88.119 redisPort:6379 redisPassword:"" redisDB:3 ip:192.168.88.181 poolname:FA_MEM]
SqlString  SELECT RTP,Amount,Bonus  FROM M_RtpSetting  WHERE Sid = 1   AND State = 1   AND LTG_Code = 1 AND Gid = 35
sqlResult   map[result: count:0 state:0]
sqlResult   map[result: count:0 state:0]
[2020-01-02 12:17:09] rtpData ------->   map[count:0 state:0 result:] 
[2020-01-02 12:17:09] rtpData ------->   map[result: count:0 state:0] 
[GIN] 2020/01/02 - 12:17:09 | 200 |     2.95036ms |  192.168.66.115 | POST     /getResult
[GIN] 2020/01/02 - 12:17:09 | 200 |    2.727021ms |  192.168.66.115 | POST     /getResult
[2020-01-02 12:17:10] 自開彩開獎  {202001020738 5 38 true} 
ConfigData  map[redisPort:6379 redisDB:3 user:fa_db password:1qaz!QAZ charset:utf8 database:FA_MEM redisIp:192.168.88.119 redisPassword:"" ip:192.168.88.181 poolname:FA_MEM port:3306]
SqlString  SELECT RTP,Amount,Bonus  FROM M_RtpSetting  WHERE Sid = 1   AND State = 1   AND LTG_Code = 5 AND Gid = 38
sqlResult   map[state:0 result: count:0]
[2020-01-02 12:17:10] rtpData ------->   map[result: count:0 state:0] 
[GIN] 2020/01/02 - 12:17:10 | 200 |    3.303424ms |  192.168.66.115 | POST     /getResult
[2020-01-02 12:17:14] 自開彩開獎  {202001020738 1 34 true} 
ConfigData  map[password:1qaz!QAZ database:FA_MEM charset:utf8 redisIp:192.168.88.119 redisPassword:"" ip:192.168.88.181 port:3306 user:fa_db redisPort:6379 redisDB:3 poolname:FA_MEM]
SqlString  SELECT RTP,Amount,Bonus  FROM M_RtpSetting  WHERE Sid = 1   AND State = 1   AND LTG_Code = 1 AND Gid = 34
sqlResult   map[result: count:0 state:0]
[2020-01-02 12:17:14] rtpData ------->   map[result: count:0 state:0] 
[GIN] 2020/01/02 - 12:17:14 | 200 |    2.865837ms |  192.168.66.115 | POST     /getResult
[2020-01-02 12:17:15] 自開彩開獎  {202001020246 4 41 true} 
ConfigData  map[poolname:FA_MEM user:fa_db password:1qaz!QAZ charset:utf8 redisPort:6379 redisPassword:"" ip:192.168.88.181 port:3306 database:FA_MEM redisIp:192.168.88.119 redisDB:3]
SqlString  SELECT RTP,Amount,Bonus  FROM M_RtpSetting  WHERE Sid = 1   AND State = 1   AND LTG_Code = 4 AND Gid = 41
[2020-01-02 12:17:15] 自開彩開獎  {202001020738 4 40 true} 
ConfigData  map[redisPort:6379 redisDB:3 user:fa_db password:1qaz!QAZ port:3306 database:FA_MEM charset:utf8 redisIp:192.168.88.119 redisPassword:"" ip:192.168.88.181 poolname:FA_MEM]
SqlString  SELECT RTP,Amount,Bonus  FROM M_RtpSetting  WHERE Sid = 1   AND State = 1   AND LTG_Code = 4 AND Gid = 40
sqlResult   map[result: count:0 state:0]
[2020-01-02 12:17:15] rtpData ------->   map[result: count:0 state:0] 
[GIN] 2020/01/02 - 12:17:15 | 200 |    2.222647ms |  192.168.66.115 | POST     /getResult
sqlResult   map[result: count:0 state:0]
[2020-01-02 12:17:15] rtpData ------->   map[result: count:0 state:0] 
[GIN] 2020/01/02 - 12:17:15 | 200 |    2.267777ms |  192.168.66.115 | POST     /getResult
[2020-01-02 12:17:15] 自開彩開獎  {202001020738 6 36 true} 
ConfigData  map[password:1qaz!QAZ redisDB:3 ip:192.168.88.181 poolname:FA_MEM port:3306 user:fa_db database:FA_MEM charset:utf8 redisIp:192.168.88.119 redisPort:6379 redisPassword:""]
SqlString  SELECT RTP,Amount,Bonus  FROM M_RtpSetting  WHERE Sid = 1   AND State = 1   AND LTG_Code = 6 AND Gid = 36
[2020-01-02 12:17:15] 自開彩開獎  {202001020246 1 35 true} 
ConfigData  map[ip:192.168.88.181 user:fa_db database:FA_MEM charset:utf8 redisDB:3 poolname:FA_MEM port:3306 password:1qaz!QAZ redisIp:192.168.88.119 redisPort:6379 redisPassword:""]
SqlString  SELECT RTP,Amount,Bonus  FROM M_RtpSetting  WHERE Sid = 1   AND State = 1   AND LTG_Code = 1 AND Gid = 35
sqlResult   map[result: count:0 state:0]
[2020-01-02 12:17:15] rtpData ------->   map[result: count:0 state:0] 
sqlResult   map[result: count:0 state:0]
[2020-01-02 12:17:15] rtpData ------->   map[result: count:0 state:0] 
[GIN] 2020/01/02 - 12:17:15 | 200 |    3.129591ms |  192.168.66.115 | POST     /getResult
[GIN] 2020/01/02 - 12:17:15 | 200 |    3.140291ms |  192.168.66.115 | POST     /getResult
[2020-01-02 12:17:16] 自開彩開獎  {202001020738 5 38 true} 
ConfigData  map[charset:utf8 redisDB:3 ip:192.168.88.181 user:fa_db password:1qaz!QAZ redisIp:192.168.88.119 redisPort:6379 redisPassword:"" poolname:FA_MEM port:3306 database:FA_MEM]
SqlString  SELECT RTP,Amount,Bonus  FROM M_RtpSetting  WHERE Sid = 1   AND State = 1   AND LTG_Code = 5 AND Gid = 38
sqlResult   map[result: count:0 state:0]
[2020-01-02 12:17:16] rtpData ------->   map[result: count:0 state:0] 
[GIN] 2020/01/02 - 12:17:16 | 200 |    2.226975ms |  192.168.66.115 | POST     /getResult
[2020-01-02 12:17:20] 自開彩開獎  {202001020738 1 34 true} 
ConfigData  map[redisDB:3 port:3306 user:fa_db database:FA_MEM redisIp:192.168.88.119 redisPort:6379 redisPassword:"" ip:192.168.88.181 poolname:FA_MEM password:1qaz!QAZ charset:utf8]
SqlString  SELECT RTP,Amount,Bonus  FROM M_RtpSetting  WHERE Sid = 1   AND State = 1   AND LTG_Code = 1 AND Gid = 34
sqlResult   map[count:0 state:0 result:]
[2020-01-02 12:17:20] rtpData ------->   map[count:0 state:0 result:] 
[GIN] 2020/01/02 - 12:17:20 | 200 |    2.205398ms |  192.168.66.115 | POST     /getResult
[2020-01-02 12:17:21] 自開彩開獎  {202001020738 4 40 true} 
ConfigData  map[redisPort:6379 ip:192.168.88.181 port:3306 user:fa_db password:1qaz!QAZ charset:utf8 poolname:FA_MEM database:FA_MEM redisIp:192.168.88.119 redisPassword:"" redisDB:3]
SqlString  SELECT RTP,Amount,Bonus  FROM M_RtpSetting  WHERE Sid = 1   AND State = 1   AND LTG_Code = 4 AND Gid = 40
[2020-01-02 12:17:21] 自開彩開獎  {202001020246 4 41 true} 
ConfigData  map[redisPort:6379 ip:192.168.88.181 port:3306 redisIp:192.168.88.119 database:FA_MEM charset:utf8 redisPassword:"" redisDB:3 poolname:FA_MEM user:fa_db password:1qaz!QAZ]
SqlString  SELECT RTP,Amount,Bonus  FROM M_RtpSetting  WHERE Sid = 1   AND State = 1   AND LTG_Code = 4 AND Gid = 41
sqlResult   map[result: count:0 state:0]
[2020-01-02 12:17:21] rtpData ------->   map[result: count:0 state:0] 
[GIN] 2020/01/02 - 12:17:21 | 200 |    2.345946ms |  192.168.66.115 | POST     /getResult
sqlResult   map[result: count:0 state:0]
[2020-01-02 12:17:21] rtpData ------->   map[count:0 state:0 result:] 
[GIN] 2020/01/02 - 12:17:21 | 200 |    2.833008ms |  192.168.66.115 | POST     /getResult
[2020-01-02 12:17:21] 自開彩開獎  {202001020246 1 35 true} 
ConfigData  map[redisPort:6379 redisPassword:"" ip:192.168.88.181 poolname:FA_MEM port:3306 database:FA_MEM charset:utf8 redisIp:192.168.88.119 redisDB:3 user:fa_db password:1qaz!QAZ]
SqlString  SELECT RTP,Amount,Bonus  FROM M_RtpSetting  WHERE Sid = 1   AND State = 1   AND LTG_Code = 1 AND Gid = 35
[2020-01-02 12:17:21] 自開彩開獎  {202001020738 6 36 true} 
ConfigData  map[port:3306 database:FA_MEM charset:utf8 redisIp:192.168.88.119 redisPassword:"" ip:192.168.88.181 user:fa_db password:1qaz!QAZ redisPort:6379 redisDB:3 poolname:FA_MEM]
SqlString  SELECT RTP,Amount,Bonus  FROM M_RtpSetting  WHERE Sid = 1   AND State = 1   AND LTG_Code = 6 AND Gid = 36
sqlResult   map[result: count:0 state:0]
[2020-01-02 12:17:21] rtpData ------->   map[count:0 state:0 result:] 
[GIN] 2020/01/02 - 12:17:21 | 200 |      3.0085ms |  192.168.66.115 | POST     /getResult
sqlResult   map[result: count:0 state:0]
[2020-01-02 12:17:21] rtpData ------->   map[result: count:0 state:0] 
[GIN] 2020/01/02 - 12:17:21 | 200 |    2.111636ms |  192.168.66.115 | POST     /getResult
[2020-01-02 12:17:22] 自開彩開獎  {202001020738 5 38 true} 
ConfigData  map[poolname:FA_MEM redisPassword:"" redisDB:3 charset:utf8 redisIp:192.168.88.119 redisPort:6379 ip:192.168.88.181 port:3306 user:fa_db password:1qaz!QAZ database:FA_MEM]
SqlString  SELECT RTP,Amount,Bonus  FROM M_RtpSetting  WHERE Sid = 1   AND State = 1   AND LTG_Code = 5 AND Gid = 38
sqlResult   map[result: count:0 state:0]
[2020-01-02 12:17:22] rtpData ------->   map[result: count:0 state:0] 
[GIN] 2020/01/02 - 12:17:22 | 200 |    2.108883ms |  192.168.66.115 | POST     /getResult
[2020-01-02 12:17:26] 自開彩開獎  {202001020738 1 34 true} 
ConfigData  map[redisIp:192.168.88.119 redisPort:6379 redisDB:3 ip:192.168.88.181 poolname:FA_MEM password:1qaz!QAZ database:FA_MEM charset:utf8 port:3306 user:fa_db redisPassword:""]
SqlString  SELECT RTP,Amount,Bonus  FROM M_RtpSetting  WHERE Sid = 1   AND State = 1   AND LTG_Code = 1 AND Gid = 34
sqlResult   map[state:0 result: count:0]
[2020-01-02 12:17:26] rtpData ------->   map[count:0 state:0 result:] 
[GIN] 2020/01/02 - 12:17:26 | 200 |    2.528205ms |  192.168.66.115 | POST     /getResult
[2020-01-02 12:17:27] 自開彩開獎  {202001020738 4 40 true} 
ConfigData  map[user:fa_db password:1qaz!QAZ database:FA_MEM redisIp:192.168.88.119 redisPassword:"" ip:192.168.88.181 poolname:FA_MEM port:3306 redisDB:3 charset:utf8 redisPort:6379]
SqlString  SELECT RTP,Amount,Bonus  FROM M_RtpSetting  WHERE Sid = 1   AND State = 1   AND LTG_Code = 4 AND Gid = 40
[2020-01-02 12:17:27] 自開彩開獎  {202001020246 4 41 true} 
ConfigData  map[redisIp:192.168.88.119 redisPassword:"" ip:192.168.88.181 port:3306 user:fa_db password:1qaz!QAZ database:FA_MEM poolname:FA_MEM charset:utf8 redisPort:6379 redisDB:3]
SqlString  SELECT RTP,Amount,Bonus  FROM M_RtpSetting  WHERE Sid = 1   AND State = 1   AND LTG_Code = 4 AND Gid = 41
sqlResult   map[state:0 result: count:0]
[2020-01-02 12:17:27] rtpData ------->   map[result: count:0 state:0] 
[GIN] 2020/01/02 - 12:17:27 | 200 |    2.414592ms |  192.168.66.115 | POST     /getResult
sqlResult   map[state:0 result: count:0]
[2020-01-02 12:17:27] rtpData ------->   map[state:0 result: count:0] 
[GIN] 2020/01/02 - 12:17:27 | 200 |    2.430188ms |  192.168.66.115 | POST     /getResult
[2020-01-02 12:17:27] 自開彩開獎  {202001020738 6 36 true} 
ConfigData  map[redisPassword:"" redisDB:3 ip:192.168.88.181 password:1qaz!QAZ database:FA_MEM charset:utf8 redisIp:192.168.88.119 redisPort:6379 poolname:FA_MEM port:3306 user:fa_db]
SqlString  SELECT RTP,Amount,Bonus  FROM M_RtpSetting  WHERE Sid = 1   AND State = 1   AND LTG_Code = 6 AND Gid = 36
[2020-01-02 12:17:27] 自開彩開獎  {202001020246 1 35 true} 
ConfigData  map[ip:192.168.88.181 poolname:FA_MEM user:fa_db password:1qaz!QAZ database:FA_MEM redisPassword:"" port:3306 charset:utf8 redisIp:192.168.88.119 redisPort:6379 redisDB:3]
SqlString  SELECT RTP,Amount,Bonus  FROM M_RtpSetting  WHERE Sid = 1   AND State = 1   AND LTG_Code = 1 AND Gid = 35
sqlResult   map[state:0 result: count:0]
[2020-01-02 12:17:27] rtpData ------->   map[result: count:0 state:0] 
sqlResult   map[result: count:0 state:0]
[2020-01-02 12:17:27] rtpData ------->   map[result: count:0 state:0] 
[GIN] 2020/01/02 - 12:17:27 | 200 |    2.703206ms |  192.168.66.115 | POST     /getResult
[GIN] 2020/01/02 - 12:17:27 | 200 |    2.606928ms |  192.168.66.115 | POST     /getResult
[2020-01-02 12:17:28] 自開彩開獎  {202001020738 5 38 true} 
ConfigData  map[password:1qaz!QAZ database:FA_MEM redisPassword:"" redisPort:6379 redisDB:3 ip:192.168.88.181 poolname:FA_MEM port:3306 user:fa_db charset:utf8 redisIp:192.168.88.119]
SqlString  SELECT RTP,Amount,Bonus  FROM M_RtpSetting  WHERE Sid = 1   AND State = 1   AND LTG_Code = 5 AND Gid = 38
sqlResult   map[result: count:0 state:0]
[2020-01-02 12:17:28] rtpData ------->   map[count:0 state:0 result:] 
[GIN] 2020/01/02 - 12:17:28 | 200 |    2.328463ms |  192.168.66.115 | POST     /getResult
[2020-01-02 12:17:32] 自開彩開獎  {202001020738 1 34 true} 
ConfigData  map[ip:192.168.88.181 port:3306 database:FA_MEM redisIp:192.168.88.119 redisPort:6379 redisPassword:"" poolname:FA_MEM user:fa_db password:1qaz!QAZ charset:utf8 redisDB:3]
SqlString  SELECT RTP,Amount,Bonus  FROM M_RtpSetting  WHERE Sid = 1   AND State = 1   AND LTG_Code = 1 AND Gid = 34
sqlResult   map[count:0 state:0 result:]
[2020-01-02 12:17:32] rtpData ------->   map[result: count:0 state:0] 
[GIN] 2020/01/02 - 12:17:32 | 200 |    2.523782ms |  192.168.66.115 | POST     /getResult
[2020-01-02 12:17:33] 自開彩開獎  {202001020738 4 40 true} 
[2020-01-02 12:17:33] 自開彩開獎  {202001020246 4 41 true} 
ConfigData  map[poolname:FA_MEM password:1qaz!QAZ database:FA_MEM redisIp:192.168.88.119 redisDB:3 ip:192.168.88.181 port:3306 user:fa_db charset:utf8 redisPort:6379 redisPassword:""]
SqlString  SELECT RTP,Amount,Bonus  FROM M_RtpSetting  WHERE Sid = 1   AND State = 1   AND LTG_Code = 4 AND Gid = 40
ConfigData  map[charset:utf8 redisIp:192.168.88.119 redisPort:6379 redisPassword:"" redisDB:3 port:3306 user:fa_db password:1qaz!QAZ database:FA_MEM ip:192.168.88.181 poolname:FA_MEM]
SqlString  SELECT RTP,Amount,Bonus  FROM M_RtpSetting  WHERE Sid = 1   AND State = 1   AND LTG_Code = 4 AND Gid = 41
sqlResult   map[result: count:0 state:0]
[2020-01-02 12:17:33] rtpData ------->   map[result: count:0 state:0] 
[GIN] 2020/01/02 - 12:17:33 | 200 |    2.214295ms |  192.168.66.115 | POST     /getResult
sqlResult   map[result: count:0 state:0]
[2020-01-02 12:17:33] rtpData ------->   map[result: count:0 state:0] 
[GIN] 2020/01/02 - 12:17:33 | 200 |    2.526624ms |  192.168.66.115 | POST     /getResult
[2020-01-02 12:17:33] 自開彩開獎  {202001020246 1 35 true} 
ConfigData  map[password:1qaz!QAZ database:FA_MEM charset:utf8 redisDB:3 ip:192.168.88.181 port:3306 user:fa_db redisPassword:"" poolname:FA_MEM redisIp:192.168.88.119 redisPort:6379]
SqlString  SELECT RTP,Amount,Bonus  FROM M_RtpSetting  WHERE Sid = 1   AND State = 1   AND LTG_Code = 1 AND Gid = 35
[2020-01-02 12:17:33] 自開彩開獎  {202001020738 6 36 true} 
ConfigData  map[ip:192.168.88.181 poolname:FA_MEM port:3306 password:1qaz!QAZ database:FA_MEM redisPassword:"" user:fa_db charset:utf8 redisIp:192.168.88.119 redisPort:6379 redisDB:3]
SqlString  SELECT RTP,Amount,Bonus  FROM M_RtpSetting  WHERE Sid = 1   AND State = 1   AND LTG_Code = 6 AND Gid = 36
sqlResult   map[result: count:0 state:0]
[2020-01-02 12:17:33] rtpData ------->   map[result: count:0 state:0] 
[GIN] 2020/01/02 - 12:17:33 | 200 |    2.791605ms |  192.168.66.115 | POST     /getResult
sqlResult   map[result: count:0 state:0]
[2020-01-02 12:17:33] rtpData ------->   map[count:0 state:0 result:] 
[GIN] 2020/01/02 - 12:17:33 | 200 |    2.984655ms |  192.168.66.115 | POST     /getResult
[2020-01-02 12:17:34] 自開彩開獎  {202001020738 5 38 true} 
ConfigData  map[poolname:FA_MEM password:1qaz!QAZ redisIp:192.168.88.119 redisDB:3 ip:192.168.88.181 port:3306 user:fa_db database:FA_MEM charset:utf8 redisPort:6379 redisPassword:""]
SqlString  SELECT RTP,Amount,Bonus  FROM M_RtpSetting  WHERE Sid = 1   AND State = 1   AND LTG_Code = 5 AND Gid = 38
sqlResult   map[result: count:0 state:0]
[2020-01-02 12:17:34] rtpData ------->   map[result: count:0 state:0] 
[GIN] 2020/01/02 - 12:17:34 | 200 |    2.634515ms |  192.168.66.115 | POST     /getResult
[2020-01-02 12:17:38] 自開彩開獎  {202001020738 1 34 true} 
ConfigData  map[ip:192.168.88.181 poolname:FA_MEM charset:utf8 redisPort:6379 redisPassword:"" port:3306 user:fa_db password:1qaz!QAZ database:FA_MEM redisIp:192.168.88.119 redisDB:3]
SqlString  SELECT RTP,Amount,Bonus  FROM M_RtpSetting  WHERE Sid = 1   AND State = 1   AND LTG_Code = 1 AND Gid = 34
sqlResult   map[result: count:0 state:0]
[2020-01-02 12:17:38] rtpData ------->   map[result: count:0 state:0] 
[GIN] 2020/01/02 - 12:17:38 | 200 |    2.524309ms |  192.168.66.115 | POST     /getResult
[2020-01-02 12:17:39] 自開彩開獎  {202001020738 4 40 true} 
ConfigData  map[user:fa_db charset:utf8 redisPort:6379 redisDB:3 redisIp:192.168.88.119 redisPassword:"" ip:192.168.88.181 poolname:FA_MEM port:3306 password:1qaz!QAZ database:FA_MEM]
SqlString  SELECT RTP,Amount,Bonus  FROM M_RtpSetting  WHERE Sid = 1   AND State = 1   AND LTG_Code = 4 AND Gid = 40
[2020-01-02 12:17:39] 自開彩開獎  {202001020246 4 41 true} 
ConfigData  map[ip:192.168.88.181 port:3306 password:1qaz!QAZ database:FA_MEM charset:utf8 redisDB:3 poolname:FA_MEM user:fa_db redisIp:192.168.88.119 redisPort:6379 redisPassword:""]
SqlString  SELECT RTP,Amount,Bonus  FROM M_RtpSetting  WHERE Sid = 1   AND State = 1   AND LTG_Code = 4 AND Gid = 41
sqlResult   map[count:0 state:0 result:]
[2020-01-02 12:17:39] rtpData ------->   map[result: count:0 state:0] 
[GIN] 2020/01/02 - 12:17:39 | 200 |    2.458381ms |  192.168.66.115 | POST     /getResult
sqlResult   map[result: count:0 state:0]
[2020-01-02 12:17:39] rtpData ------->   map[result: count:0 state:0] 
[GIN] 2020/01/02 - 12:17:39 | 200 |    2.790312ms |  192.168.66.115 | POST     /getResult
[2020-01-02 12:17:39] 自開彩開獎  {202001020246 1 35 true} 
ConfigData  map[redisPassword:"" ip:192.168.88.181 password:1qaz!QAZ database:FA_MEM charset:utf8 redisPort:6379 poolname:FA_MEM port:3306 user:fa_db redisIp:192.168.88.119 redisDB:3]
SqlString  SELECT RTP,Amount,Bonus  FROM M_RtpSetting  WHERE Sid = 1   AND State = 1   AND LTG_Code = 1 AND Gid = 35
[2020-01-02 12:17:39] 自開彩開獎  {202001020738 6 36 true} 
ConfigData  map[ip:192.168.88.181 port:3306 password:1qaz!QAZ redisIp:192.168.88.119 redisDB:3 poolname:FA_MEM user:fa_db database:FA_MEM charset:utf8 redisPort:6379 redisPassword:""]
SqlString  SELECT RTP,Amount,Bonus  FROM M_RtpSetting  WHERE Sid = 1   AND State = 1   AND LTG_Code = 6 AND Gid = 36
sqlResult   map[count:0 state:0 result:]
[2020-01-02 12:17:39] rtpData ------->   map[result: count:0 state:0] 
sqlResult   map[state:0 result: count:0]
[2020-01-02 12:17:39] rtpData ------->   map[state:0 result: count:0] 
[GIN] 2020/01/02 - 12:17:39 | 200 |    2.551927ms |  192.168.66.115 | POST     /getResult
[GIN] 2020/01/02 - 12:17:39 | 200 |    2.341919ms |  192.168.66.115 | POST     /getResult
[2020-01-02 12:17:40] 自開彩開獎  {202001020738 5 38 true} 
ConfigData  map[redisIp:192.168.88.119 redisDB:3 ip:192.168.88.181 user:fa_db password:1qaz!QAZ charset:utf8 redisPort:6379 redisPassword:"" poolname:FA_MEM port:3306 database:FA_MEM]
SqlString  SELECT RTP,Amount,Bonus  FROM M_RtpSetting  WHERE Sid = 1   AND State = 1   AND LTG_Code = 5 AND Gid = 38
sqlResult   map[result: count:0 state:0]
[2020-01-02 12:17:40] rtpData ------->   map[count:0 state:0 result:] 
[GIN] 2020/01/02 - 12:17:40 | 200 |    2.468017ms |  192.168.66.115 | POST     /getResult
[2020-01-02 12:17:44] 自開彩開獎  {202001020738 1 34 true} 
ConfigData  map[redisDB:3 password:1qaz!QAZ database:FA_MEM port:3306 user:fa_db charset:utf8 redisIp:192.168.88.119 redisPort:6379 redisPassword:"" ip:192.168.88.181 poolname:FA_MEM]
SqlString  SELECT RTP,Amount,Bonus  FROM M_RtpSetting  WHERE Sid = 1   AND State = 1   AND LTG_Code = 1 AND Gid = 34
sqlResult   map[state:0 result: count:0]
[2020-01-02 12:17:44] rtpData ------->   map[result: count:0 state:0] 
[GIN] 2020/01/02 - 12:17:44 | 200 |    2.836021ms |  192.168.66.115 | POST     /getResult
[2020-01-02 12:17:45] 自開彩開獎  {202001020738 4 40 true} 
[2020-01-02 12:17:45] 自開彩開獎  {202001020246 4 41 true} 
ConfigData  map[redisIp:192.168.88.119 poolname:FA_MEM port:3306 user:fa_db password:1qaz!QAZ database:FA_MEM charset:utf8 ip:192.168.88.181 redisPort:6379 redisPassword:"" redisDB:3]
SqlString  SELECT RTP,Amount,Bonus  FROM M_RtpSetting  WHERE Sid = 1   AND State = 1   AND LTG_Code = 4 AND Gid = 40
ConfigData  map[ip:192.168.88.181 port:3306 password:1qaz!QAZ charset:utf8 redisDB:3 redisPassword:"" poolname:FA_MEM user:fa_db database:FA_MEM redisIp:192.168.88.119 redisPort:6379]
SqlString  SELECT RTP,Amount,Bonus  FROM M_RtpSetting  WHERE Sid = 1   AND State = 1   AND LTG_Code = 4 AND Gid = 41
sqlResult   map[state:0 result: count:0]
[2020-01-02 12:17:45] rtpData ------->   map[result: count:0 state:0] 
[GIN] 2020/01/02 - 12:17:45 | 200 |    2.612309ms |  192.168.66.115 | POST     /getResult
sqlResult   map[result: count:0 state:0]
[2020-01-02 12:17:45] rtpData ------->   map[result: count:0 state:0] 
[GIN] 2020/01/02 - 12:17:45 | 200 |    2.857277ms |  192.168.66.115 | POST     /getResult
[2020-01-02 12:17:45] 自開彩開獎  {202001020738 6 36 true} 
ConfigData  map[charset:utf8 redisIp:192.168.88.119 redisPort:6379 redisDB:3 ip:192.168.88.181 password:1qaz!QAZ database:FA_MEM redisPassword:"" poolname:FA_MEM port:3306 user:fa_db]
SqlString  SELECT RTP,Amount,Bonus  FROM M_RtpSetting  WHERE Sid = 1   AND State = 1   AND LTG_Code = 6 AND Gid = 36
[2020-01-02 12:17:45] 自開彩開獎  {202001020246 1 35 true} 
ConfigData  map[redisPassword:"" redisDB:3 ip:192.168.88.181 port:3306 user:fa_db password:1qaz!QAZ database:FA_MEM redisPort:6379 poolname:FA_MEM charset:utf8 redisIp:192.168.88.119]
SqlString  SELECT RTP,Amount,Bonus  FROM M_RtpSetting  WHERE Sid = 1   AND State = 1   AND LTG_Code = 1 AND Gid = 35
sqlResult   map[result: count:0 state:0]
[2020-01-02 12:17:45] rtpData ------->   map[result: count:0 state:0] 
[GIN] 2020/01/02 - 12:17:45 | 200 |    2.551292ms |  192.168.66.115 | POST     /getResult
sqlResult   map[result: count:0 state:0]
[2020-01-02 12:17:45] rtpData ------->   map[state:0 result: count:0] 
[GIN] 2020/01/02 - 12:17:45 | 200 |    2.751672ms |  192.168.66.115 | POST     /getResult
[2020-01-02 12:17:46] 自開彩開獎  {202001020738 5 38 true} 
ConfigData  map[database:FA_MEM charset:utf8 redisPort:6379 ip:192.168.88.181 poolname:FA_MEM port:3306 user:fa_db password:1qaz!QAZ redisIp:192.168.88.119 redisPassword:"" redisDB:3]
SqlString  SELECT RTP,Amount,Bonus  FROM M_RtpSetting  WHERE Sid = 1   AND State = 1   AND LTG_Code = 5 AND Gid = 38
sqlResult   map[count:0 state:0 result:]
[2020-01-02 12:17:46] rtpData ------->   map[result: count:0 state:0] 
[GIN] 2020/01/02 - 12:17:46 | 200 |    2.504445ms |  192.168.66.115 | POST     /getResult
[2020-01-02 12:17:50] 自開彩開獎  {202001020738 1 34 true} 
ConfigData  map[ip:192.168.88.181 poolname:FA_MEM password:1qaz!QAZ database:FA_MEM redisPort:6379 redisPassword:"" redisDB:3 port:3306 user:fa_db charset:utf8 redisIp:192.168.88.119]
SqlString  SELECT RTP,Amount,Bonus  FROM M_RtpSetting  WHERE Sid = 1   AND State = 1   AND LTG_Code = 1 AND Gid = 34
sqlResult   map[result: count:0 state:0]
[2020-01-02 12:17:50] rtpData ------->   map[result: count:0 state:0] 
[GIN] 2020/01/02 - 12:17:50 | 200 |    2.409836ms |  192.168.66.115 | POST     /getResult
[2020-01-02 12:17:51] 自開彩開獎  {202001020738 4 40 true} 
ConfigData  map[poolname:FA_MEM port:3306 user:fa_db password:1qaz!QAZ database:FA_MEM redisDB:3 ip:192.168.88.181 charset:utf8 redisIp:192.168.88.119 redisPort:6379 redisPassword:""]
SqlString  SELECT RTP,Amount,Bonus  FROM M_RtpSetting  WHERE Sid = 1   AND State = 1   AND LTG_Code = 4 AND Gid = 40
[2020-01-02 12:17:51] 自開彩開獎  {202001020246 4 41 true} 
ConfigData  map[poolname:FA_MEM port:3306 database:FA_MEM redisIp:192.168.88.119 redisPassword:"" redisDB:3 ip:192.168.88.181 user:fa_db password:1qaz!QAZ charset:utf8 redisPort:6379]
SqlString  SELECT RTP,Amount,Bonus  FROM M_RtpSetting  WHERE Sid = 1   AND State = 1   AND LTG_Code = 4 AND Gid = 41
sqlResult   map[result: count:0 state:0]
[2020-01-02 12:17:51] rtpData ------->   map[result: count:0 state:0] 
[GIN] 2020/01/02 - 12:17:51 | 200 |    2.203698ms |  192.168.66.115 | POST     /getResult
sqlResult   map[result: count:0 state:0]
[2020-01-02 12:17:51] rtpData ------->   map[result: count:0 state:0] 
[GIN] 2020/01/02 - 12:17:51 | 200 |    2.504786ms |  192.168.66.115 | POST     /getResult
[2020-01-02 12:17:51] 自開彩開獎  {202001020738 6 36 true} 
ConfigData  map[password:1qaz!QAZ charset:utf8 redisIp:192.168.88.119 redisPort:6379 redisPassword:"" ip:192.168.88.181 poolname:FA_MEM port:3306 redisDB:3 user:fa_db database:FA_MEM]
SqlString  SELECT RTP,Amount,Bonus  FROM M_RtpSetting  WHERE Sid = 1   AND State = 1   AND LTG_Code = 6 AND Gid = 36
[2020-01-02 12:17:51] 自開彩開獎  {202001020246 1 35 true} 
ConfigData  map[charset:utf8 redisPort:6379 redisPassword:"" redisDB:3 ip:192.168.88.181 poolname:FA_MEM database:FA_MEM redisIp:192.168.88.119 port:3306 user:fa_db password:1qaz!QAZ]
SqlString  SELECT RTP,Amount,Bonus  FROM M_RtpSetting  WHERE Sid = 1   AND State = 1   AND LTG_Code = 1 AND Gid = 35
sqlResult   map[count:0 state:0 result:]
[2020-01-02 12:17:51] rtpData ------->   map[result: count:0 state:0] 
[GIN] 2020/01/02 - 12:17:51 | 200 |    2.356351ms |  192.168.66.115 | POST     /getResult
sqlResult   map[result: count:0 state:0]
[2020-01-02 12:17:51] rtpData ------->   map[count:0 state:0 result:] 
[GIN] 2020/01/02 - 12:17:51 | 200 |    2.534574ms |  192.168.66.115 | POST     /getResult
[2020-01-02 12:17:52] 自開彩開獎  {202001020738 5 38 true} 
ConfigData  map[redisIp:192.168.88.119 redisDB:3 ip:192.168.88.181 poolname:FA_MEM user:fa_db charset:utf8 redisPassword:"" port:3306 password:1qaz!QAZ database:FA_MEM redisPort:6379]
SqlString  SELECT RTP,Amount,Bonus  FROM M_RtpSetting  WHERE Sid = 1   AND State = 1   AND LTG_Code = 5 AND Gid = 38
sqlResult   map[result: count:0 state:0]
[2020-01-02 12:17:52] rtpData ------->   map[result: count:0 state:0] 
[GIN] 2020/01/02 - 12:17:52 | 200 |    2.413228ms |  192.168.66.115 | POST     /getResult
[2020-01-02 12:17:56] 自開彩開獎  {202001020738 1 34 true} 
ConfigData  map[redisDB:3 poolname:FA_MEM password:1qaz!QAZ database:FA_MEM charset:utf8 redisIp:192.168.88.119 redisPort:6379 ip:192.168.88.181 port:3306 user:fa_db redisPassword:""]
SqlString  SELECT RTP,Amount,Bonus  FROM M_RtpSetting  WHERE Sid = 1   AND State = 1   AND LTG_Code = 1 AND Gid = 34
sqlResult   map[result: count:0 state:0]
[2020-01-02 12:17:56] rtpData ------->   map[result: count:0 state:0] 
[GIN] 2020/01/02 - 12:17:56 | 200 |    3.392198ms |  192.168.66.115 | POST     /getResult
[2020-01-02 12:17:57] 自開彩開獎  {202001020738 4 40 true} 
ConfigData  map[poolname:FA_MEM user:fa_db redisPort:6379 redisPassword:"" redisDB:3 ip:192.168.88.181 port:3306 password:1qaz!QAZ database:FA_MEM charset:utf8 redisIp:192.168.88.119]
SqlString  SELECT RTP,Amount,Bonus  FROM M_RtpSetting  WHERE Sid = 1   AND State = 1   AND LTG_Code = 4 AND Gid = 40
[2020-01-02 12:17:57] 自開彩開獎  {202001020246 4 41 true} 
ConfigData  map[user:fa_db redisIp:192.168.88.119 redisPort:6379 redisPassword:"" poolname:FA_MEM port:3306 database:FA_MEM charset:utf8 redisDB:3 ip:192.168.88.181 password:1qaz!QAZ]
SqlString  SELECT RTP,Amount,Bonus  FROM M_RtpSetting  WHERE Sid = 1   AND State = 1   AND LTG_Code = 4 AND Gid = 41
sqlResult   map[result: count:0 state:0]
[2020-01-02 12:17:57] rtpData ------->   map[count:0 state:0 result:] 
sqlResult   map[result: count:0 state:0]
[GIN] 2020/01/02 - 12:17:57 | 200 |    2.735769ms |  192.168.66.115 | POST     /getResult
[2020-01-02 12:17:57] rtpData ------->   map[state:0 result: count:0] 
[GIN] 2020/01/02 - 12:17:57 | 200 |    2.601913ms |  192.168.66.115 | POST     /getResult
[2020-01-02 12:17:57] 自開彩開獎  {202001020246 1 35 true} 
ConfigData  map[port:3306 user:fa_db password:1qaz!QAZ database:FA_MEM redisIp:192.168.88.119 redisPort:6379 redisPassword:"" poolname:FA_MEM charset:utf8 redisDB:3 ip:192.168.88.181]
SqlString  SELECT RTP,Amount,Bonus  FROM M_RtpSetting  WHERE Sid = 1   AND State = 1   AND LTG_Code = 1 AND Gid = 35
[2020-01-02 12:17:57] 自開彩開獎  {202001020738 6 36 true} 
ConfigData  map[redisPassword:"" redisDB:3 ip:192.168.88.181 poolname:FA_MEM port:3306 redisIp:192.168.88.119 redisPort:6379 user:fa_db password:1qaz!QAZ database:FA_MEM charset:utf8]
SqlString  SELECT RTP,Amount,Bonus  FROM M_RtpSetting  WHERE Sid = 1   AND State = 1   AND LTG_Code = 6 AND Gid = 36
sqlResult   map[result: count:0 state:0]
[2020-01-02 12:17:57] rtpData ------->   map[result: count:0 state:0] 
[GIN] 2020/01/02 - 12:17:57 | 200 |    1.951386ms |  192.168.66.115 | POST     /getResult
sqlResult   map[result: count:0 state:0]
[2020-01-02 12:17:57] rtpData ------->   map[result: count:0 state:0] 
[GIN] 2020/01/02 - 12:17:57 | 200 |     2.36744ms |  192.168.66.115 | POST     /getResult
[2020-01-02 12:17:58] 自開彩開獎  {202001020738 5 38 true} 
ConfigData  map[poolname:FA_MEM port:3306 password:1qaz!QAZ charset:utf8 redisPort:6379 redisPassword:"" redisDB:3 ip:192.168.88.181 database:FA_MEM redisIp:192.168.88.119 user:fa_db]
SqlString  SELECT RTP,Amount,Bonus  FROM M_RtpSetting  WHERE Sid = 1   AND State = 1   AND LTG_Code = 5 AND Gid = 38
sqlResult   map[count:0 state:0 result:]
[2020-01-02 12:17:58] rtpData ------->   map[state:0 result: count:0] 
[GIN] 2020/01/02 - 12:17:58 | 200 |    2.812439ms |  192.168.66.115 | POST     /getResult
[2020-01-02 12:18:00] 自開彩開獎  {202001020247 6 37 true} 
ConfigData  map[ip:192.168.88.181 port:3306 database:FA_MEM redisIp:192.168.88.119 redisPort:6379 redisPassword:"" poolname:FA_MEM user:fa_db password:1qaz!QAZ charset:utf8 redisDB:3]
SqlString  SELECT RTP,Amount,Bonus  FROM M_RtpSetting  WHERE Sid = 1   AND State = 1   AND LTG_Code = 6 AND Gid = 37
sqlResult   map[result: count:0 state:0]
[2020-01-02 12:18:00] rtpData ------->   map[state:0 result: count:0] 
[GIN] 2020/01/02 - 12:18:00 | 200 |    2.463311ms |  192.168.66.115 | POST     /getResult
[2020-01-02 12:18:01] 自開彩開獎  {20200102247 2 27 true} 
[2020-01-02 12:18:01] 自開彩開獎  {202001020739 2 26 true} 
ConfigData  map[poolname:FA_MEM port:3306 user:fa_db password:1qaz!QAZ redisPort:6379 redisPassword:"" redisDB:3 ip:192.168.88.181 charset:utf8 redisIp:192.168.88.119 database:FA_MEM]
SqlString  SELECT RTP,Amount,Bonus  FROM M_RtpSetting  WHERE Sid = 1   AND State = 1   AND LTG_Code = 2 AND Gid = 26
ConfigData  map[poolname:FA_MEM port:3306 user:fa_db redisPort:6379 redisPassword:"" redisDB:3 ip:192.168.88.181 password:1qaz!QAZ database:FA_MEM charset:utf8 redisIp:192.168.88.119]
SqlString  SELECT RTP,Amount,Bonus  FROM M_RtpSetting  WHERE Sid = 1   AND State = 1   AND LTG_Code = 2 AND Gid = 27
sqlResult   map[count:1 state:1 amount:105208 bonus:58491.69 result:0.9600]
[2020-01-02 12:18:01] rtpData ------->   map[result:0.9600 count:1 state:1 amount:105208 bonus:58491.69] 
ConfigData  map[redisPort:6379 redisDB:3 ip:192.168.88.181 poolname:FA_MEM port:3306 user:fa_db charset:utf8 redisIp:192.168.88.119 password:1qaz!QAZ database:FA_MEM redisPassword:""]
SELECT BO_No, BO_OrderNo , BO_User , BO_Issue  , BO_LotteryTypeGroup, BO_LotteryType, BO_Mode, BO_LotteryPlayGroup, BO_LotteryPlay , BO_LotteryContent, BO_Price, BO_RealPrice, BO_Unit, BO_Multiple , BO_BetCount  , BO_Winnings, BO_Winnings2, BO_Winnings3, BO_WinningLimit  , BO_Water , BO_BW_SourceUserId, BO_BW_BackWater, BO_BW_LimitBetCount, BO_BW_MaxAmount, BO_BW_AuditMultiple  , BO_Odds, BO_Odds2, BO_Odds3 , BO_Type, BO_Chase , BO_OpenResult, BO_OpenResult2, BO_DateDraw, BO_DateDraw2, BO_DateUpdate  FROM TS_BetOrder  WHERE BO_Cancel = 0   AND BO_CancelBackend = 0   AND BO_LotteryTypeGroup = 2 AND BO_LotteryType = 27 AND BO_Issue = 20200102247 AND BO_Collect = 0 ORDER BY BO_DateDraw ASC, BO_DateCreate ASC, BO_DateUpdate ASC, BO_No ASC ;
sqlResult   map[result:0.9600 count:1 state:1 amount:1.0069588e+06 bonus:908100.71]
[2020-01-02 12:18:01] rtpData ------->   map[state:1 amount:1.0069588e+06 bonus:908100.71 result:0.9600 count:1] 
ConfigData  map[redisPassword:"" redisDB:3 ip:192.168.88.181 poolname:FA_MEM password:1qaz!QAZ redisIp:192.168.88.119 redisPort:6379 port:3306 user:fa_db database:FA_MEM charset:utf8]
SELECT BO_No, BO_OrderNo , BO_User , BO_Issue  , BO_LotteryTypeGroup, BO_LotteryType, BO_Mode, BO_LotteryPlayGroup, BO_LotteryPlay , BO_LotteryContent, BO_Price, BO_RealPrice, BO_Unit, BO_Multiple , BO_BetCount  , BO_Winnings, BO_Winnings2, BO_Winnings3, BO_WinningLimit  , BO_Water , BO_BW_SourceUserId, BO_BW_BackWater, BO_BW_LimitBetCount, BO_BW_MaxAmount, BO_BW_AuditMultiple  , BO_Odds, BO_Odds2, BO_Odds3 , BO_Type, BO_Chase , BO_OpenResult, BO_OpenResult2, BO_DateDraw, BO_DateDraw2, BO_DateUpdate  FROM TS_BetOrder  WHERE BO_Cancel = 0   AND BO_CancelBackend = 0   AND BO_LotteryTypeGroup = 2 AND BO_LotteryType = 26 AND BO_Issue = 202001020739 AND BO_Collect = 0 ORDER BY BO_DateDraw ASC, BO_DateCreate ASC, BO_DateUpdate ASC, BO_No ASC ;
[2020-01-02 12:18:01] LottteryTypeGroup 2 
[2020-01-02 12:18:01] 有期號 但無注單 -------> map[amount:0 bonus:0 thisOpenResult:[8 7 2 1 3]] 
[GIN] 2020/01/02 - 12:18:01 | 200 |    5.993983ms |  192.168.66.115 | POST     /getResult
[2020-01-02 12:18:01] LottteryTypeGroup 2 
[2020-01-02 12:18:01] 有期號 但無注單 -------> map[amount:0 bonus:0 thisOpenResult:[6 0 9 5 6]] 
[GIN] 2020/01/02 - 12:18:01 | 200 |     7.02731ms |  192.168.66.115 | POST     /getResult
[2020-01-02 12:18:02] 自開彩開獎  {202001020738 1 34 true} 
ConfigData  map[poolname:FA_MEM port:3306 user:fa_db redisIp:192.168.88.119 redisDB:3 ip:192.168.88.181 password:1qaz!QAZ database:FA_MEM charset:utf8 redisPort:6379 redisPassword:""]
SqlString  SELECT RTP,Amount,Bonus  FROM M_RtpSetting  WHERE Sid = 1   AND State = 1   AND LTG_Code = 1 AND Gid = 34
sqlResult   map[result: count:0 state:0]
[2020-01-02 12:18:02] rtpData ------->   map[count:0 state:0 result:] 
[GIN] 2020/01/02 - 12:18:02 | 200 |    2.665197ms |  192.168.66.115 | POST     /getResult
[2020-01-02 12:18:03] 自開彩開獎  {202001020738 4 40 true} 
ConfigData  map[ip:192.168.88.181 user:fa_db charset:utf8 redisIp:192.168.88.119 redisPassword:"" redisDB:3 poolname:FA_MEM port:3306 password:1qaz!QAZ database:FA_MEM redisPort:6379]
SqlString  SELECT RTP,Amount,Bonus  FROM M_RtpSetting  WHERE Sid = 1   AND State = 1   AND LTG_Code = 4 AND Gid = 40
[2020-01-02 12:18:03] 自開彩開獎  {202001020246 4 41 true} 
ConfigData  map[ip:192.168.88.181 user:fa_db password:1qaz!QAZ database:FA_MEM redisIp:192.168.88.119 redisPort:6379 poolname:FA_MEM port:3306 charset:utf8 redisPassword:"" redisDB:3]
SqlString  SELECT RTP,Amount,Bonus  FROM M_RtpSetting  WHERE Sid = 1   AND State = 1   AND LTG_Code = 4 AND Gid = 41
sqlResult   map[result: count:0 state:0]
[2020-01-02 12:18:03] rtpData ------->   map[result: count:0 state:0] 
[GIN] 2020/01/02 - 12:18:03 | 200 |    2.390287ms |  192.168.66.115 | POST     /getResult
sqlResult   map[result: count:0 state:0]
[2020-01-02 12:18:03] rtpData ------->   map[result: count:0 state:0] 
[GIN] 2020/01/02 - 12:18:03 | 200 |    2.647242ms |  192.168.66.115 | POST     /getResult
[2020-01-02 12:18:03] 自開彩開獎  {202001020738 6 36 true} 
ConfigData  map[ip:192.168.88.181 poolname:FA_MEM redisIp:192.168.88.119 redisPassword:"" redisDB:3 port:3306 user:fa_db password:1qaz!QAZ database:FA_MEM charset:utf8 redisPort:6379]
SqlString  SELECT RTP,Amount,Bonus  FROM M_RtpSetting  WHERE Sid = 1   AND State = 1   AND LTG_Code = 6 AND Gid = 36
[2020-01-02 12:18:03] 自開彩開獎  {202001020246 1 35 true} 
ConfigData  map[poolname:FA_MEM user:fa_db password:1qaz!QAZ redisPort:6379 redisPassword:"" redisDB:3 ip:192.168.88.181 port:3306 database:FA_MEM charset:utf8 redisIp:192.168.88.119]
SqlString  SELECT RTP,Amount,Bonus  FROM M_RtpSetting  WHERE Sid = 1   AND State = 1   AND LTG_Code = 1 AND Gid = 35
sqlResult   map[result: count:0 state:0]
[2020-01-02 12:18:03] rtpData ------->   map[result: count:0 state:0] 
[GIN] 2020/01/02 - 12:18:03 | 200 |    2.423712ms |  192.168.66.115 | POST     /getResult
sqlResult   map[count:0 state:0 result:]
[2020-01-02 12:18:03] rtpData ------->   map[result: count:0 state:0] 
[GIN] 2020/01/02 - 12:18:03 | 200 |    2.918578ms |  192.168.66.115 | POST     /getResult
[2020-01-02 12:18:04] 自開彩開獎  {202001020738 5 38 true} 
ConfigData  map[redisIp:192.168.88.119 poolname:FA_MEM password:1qaz!QAZ database:FA_MEM charset:utf8 redisPort:6379 redisPassword:"" redisDB:3 ip:192.168.88.181 port:3306 user:fa_db]
SqlString  SELECT RTP,Amount,Bonus  FROM M_RtpSetting  WHERE Sid = 1   AND State = 1   AND LTG_Code = 5 AND Gid = 38
sqlResult   map[result: count:0 state:0]
[2020-01-02 12:18:04] rtpData ------->   map[result: count:0 state:0] 
[GIN] 2020/01/02 - 12:18:04 | 200 |    2.629199ms |  192.168.66.115 | POST     /getResult
[2020-01-02 12:18:06] 自開彩開獎  {202001020247 6 37 true} 
ConfigData  map[charset:utf8 redisPort:6379 redisDB:3 poolname:FA_MEM user:fa_db password:1qaz!QAZ database:FA_MEM redisIp:192.168.88.119 redisPassword:"" ip:192.168.88.181 port:3306]
SqlString  SELECT RTP,Amount,Bonus  FROM M_RtpSetting  WHERE Sid = 1   AND State = 1   AND LTG_Code = 6 AND Gid = 37
sqlResult   map[count:0 state:0 result:]
[2020-01-02 12:18:06] rtpData ------->   map[result: count:0 state:0] 
[GIN] 2020/01/02 - 12:18:06 | 200 |      3.0203ms |  192.168.66.115 | POST     /getResult
[2020-01-02 12:18:08] 自開彩開獎  {202001020739 1 34 true} 
ConfigData  map[redisDB:3 ip:192.168.88.181 port:3306 user:fa_db password:1qaz!QAZ database:FA_MEM charset:utf8 redisIp:192.168.88.119 redisPort:6379 poolname:FA_MEM redisPassword:""]
SqlString  SELECT RTP,Amount,Bonus  FROM M_RtpSetting  WHERE Sid = 1   AND State = 1   AND LTG_Code = 1 AND Gid = 34
sqlResult   map[count:0 state:0 result:]
[2020-01-02 12:18:08] rtpData ------->   map[count:0 state:0 result:] 
[GIN] 2020/01/02 - 12:18:08 | 200 |    2.716394ms |  192.168.66.115 | POST     /getResult
[2020-01-02 12:18:09] 自開彩開獎  {202001020739 4 40 true} 
ConfigData  map[database:FA_MEM charset:utf8 redisIp:192.168.88.119 redisPassword:"" redisDB:3 poolname:FA_MEM port:3306 password:1qaz!QAZ ip:192.168.88.181 user:fa_db redisPort:6379]
SqlString  SELECT RTP,Amount,Bonus  FROM M_RtpSetting  WHERE Sid = 1   AND State = 1   AND LTG_Code = 4 AND Gid = 40
[2020-01-02 12:18:09] 自開彩開獎  {202001020247 4 41 true} 
ConfigData  map[poolname:FA_MEM user:fa_db database:FA_MEM charset:utf8 redisPort:6379 redisDB:3 ip:192.168.88.181 port:3306 password:1qaz!QAZ redisIp:192.168.88.119 redisPassword:""]
SqlString  SELECT RTP,Amount,Bonus  FROM M_RtpSetting  WHERE Sid = 1   AND State = 1   AND LTG_Code = 4 AND Gid = 41
sqlResult   map[result: count:0 state:0]
[2020-01-02 12:18:09] rtpData ------->   map[state:0 result: count:0] 
[GIN] 2020/01/02 - 12:18:09 | 200 |    2.852896ms |  192.168.66.115 | POST     /getResult
sqlResult   map[count:0 state:0 result:]
[2020-01-02 12:18:09] rtpData ------->   map[result: count:0 state:0] 
[GIN] 2020/01/02 - 12:18:09 | 200 |    3.339767ms |  192.168.66.115 | POST     /getResult
[2020-01-02 12:18:09] 自開彩開獎  {202001020739 6 36 true} 
ConfigData  map[password:1qaz!QAZ charset:utf8 redisPort:6379 redisPassword:"" ip:192.168.88.181 user:fa_db database:FA_MEM redisIp:192.168.88.119 redisDB:3 poolname:FA_MEM port:3306]
SqlString  SELECT RTP,Amount,Bonus  FROM M_RtpSetting  WHERE Sid = 1   AND State = 1   AND LTG_Code = 6 AND Gid = 36
[2020-01-02 12:18:09] 自開彩開獎  {202001020247 1 35 true} 
ConfigData  map[ip:192.168.88.181 poolname:FA_MEM database:FA_MEM charset:utf8 redisIp:192.168.88.119 redisPort:6379 port:3306 user:fa_db password:1qaz!QAZ redisPassword:"" redisDB:3]
SqlString  SELECT RTP,Amount,Bonus  FROM M_RtpSetting  WHERE Sid = 1   AND State = 1   AND LTG_Code = 1 AND Gid = 35
sqlResult   map[state:0 result: count:0]
[2020-01-02 12:18:09] rtpData ------->   map[result: count:0 state:0] 
[GIN] 2020/01/02 - 12:18:09 | 200 |    2.463091ms |  192.168.66.115 | POST     /getResult
sqlResult   map[state:0 result: count:0]
[2020-01-02 12:18:09] rtpData ------->   map[result: count:0 state:0] 
[GIN] 2020/01/02 - 12:18:09 | 200 |    2.562702ms |  192.168.66.115 | POST     /getResult
[2020-01-02 12:18:10] 自開彩開獎  {202001020739 5 38 true} 
ConfigData  map[ip:192.168.88.181 poolname:FA_MEM password:1qaz!QAZ database:FA_MEM charset:utf8 redisDB:3 port:3306 user:fa_db redisIp:192.168.88.119 redisPort:6379 redisPassword:""]
SqlString  SELECT RTP,Amount,Bonus  FROM M_RtpSetting  WHERE Sid = 1   AND State = 1   AND LTG_Code = 5 AND Gid = 38
sqlResult   map[result: count:0 state:0]
[2020-01-02 12:18:10] rtpData ------->   map[result: count:0 state:0] 
[GIN] 2020/01/02 - 12:18:10 | 200 |    2.655873ms |  192.168.66.115 | POST     /getResult
[2020-01-02 12:18:12] 自開彩開獎  {202001020247 6 37 true} 
ConfigData  map[password:1qaz!QAZ charset:utf8 redisIp:192.168.88.119 redisPort:6379 redisDB:3 poolname:FA_MEM user:fa_db database:FA_MEM redisPassword:"" ip:192.168.88.181 port:3306]
SqlString  SELECT RTP,Amount,Bonus  FROM M_RtpSetting  WHERE Sid = 1   AND State = 1   AND LTG_Code = 6 AND Gid = 37
sqlResult   map[result: count:0 state:0]
[2020-01-02 12:18:12] rtpData ------->   map[result: count:0 state:0] 
[GIN] 2020/01/02 - 12:18:12 | 200 |    3.451601ms |  192.168.66.115 | POST     /getResult
[2020-01-02 12:18:14] 自開彩開獎  {202001020739 1 34 true} 
ConfigData  map[ip:192.168.88.181 port:3306 user:fa_db password:1qaz!QAZ database:FA_MEM redisDB:3 poolname:FA_MEM charset:utf8 redisIp:192.168.88.119 redisPort:6379 redisPassword:""]
SqlString  SELECT RTP,Amount,Bonus  FROM M_RtpSetting  WHERE Sid = 1   AND State = 1   AND LTG_Code = 1 AND Gid = 34
sqlResult   map[result: count:0 state:0]
[2020-01-02 12:18:14] rtpData ------->   map[state:0 result: count:0] 
[GIN] 2020/01/02 - 12:18:14 | 200 |    2.774733ms |  192.168.66.115 | POST     /getResult
[2020-01-02 12:18:15] 自開彩開獎  {202001020739 4 40 true} 
[2020-01-02 12:18:15] 自開彩開獎  {202001020247 4 41 true} 
ConfigData  map[database:FA_MEM charset:utf8 redisPort:6379 redisPassword:"" port:3306 poolname:FA_MEM user:fa_db password:1qaz!QAZ redisIp:192.168.88.119 redisDB:3 ip:192.168.88.181]
SqlString  SELECT RTP,Amount,Bonus  FROM M_RtpSetting  WHERE Sid = 1   AND State = 1   AND LTG_Code = 4 AND Gid = 40
ConfigData  map[port:3306 password:1qaz!QAZ database:FA_MEM redisPassword:"" redisDB:3 poolname:FA_MEM user:fa_db charset:utf8 redisIp:192.168.88.119 redisPort:6379 ip:192.168.88.181]
SqlString  SELECT RTP,Amount,Bonus  FROM M_RtpSetting  WHERE Sid = 1   AND State = 1   AND LTG_Code = 4 AND Gid = 41
sqlResult   map[state:0 result: count:0]
[2020-01-02 12:18:15] rtpData ------->   map[result: count:0 state:0] 
[GIN] 2020/01/02 - 12:18:15 | 200 |    2.701675ms |  192.168.66.115 | POST     /getResult
sqlResult   map[state:0 result: count:0]
[2020-01-02 12:18:15] rtpData ------->   map[result: count:0 state:0] 
[GIN] 2020/01/02 - 12:18:15 | 200 |    3.004312ms |  192.168.66.115 | POST     /getResult
[2020-01-02 12:18:15] 自開彩開獎  {202001020739 6 36 true} 
ConfigData  map[redisPassword:"" redisDB:3 port:3306 redisIp:192.168.88.119 redisPort:6379 password:1qaz!QAZ database:FA_MEM charset:utf8 ip:192.168.88.181 poolname:FA_MEM user:fa_db]
SqlString  SELECT RTP,Amount,Bonus  FROM M_RtpSetting  WHERE Sid = 1   AND State = 1   AND LTG_Code = 6 AND Gid = 36
[2020-01-02 12:18:15] 自開彩開獎  {202001020247 1 35 true} 
ConfigData  map[password:1qaz!QAZ charset:utf8 redisPort:6379 redisDB:3 poolname:FA_MEM port:3306 database:FA_MEM redisIp:192.168.88.119 redisPassword:"" ip:192.168.88.181 user:fa_db]
SqlString  SELECT RTP,Amount,Bonus  FROM M_RtpSetting  WHERE Sid = 1   AND State = 1   AND LTG_Code = 1 AND Gid = 35
sqlResult   map[result: count:0 state:0]
[2020-01-02 12:18:15] rtpData ------->   map[count:0 state:0 result:] 
[GIN] 2020/01/02 - 12:18:15 | 200 |    2.876165ms |  192.168.66.115 | POST     /getResult
sqlResult   map[state:0 result: count:0]
[2020-01-02 12:18:15] rtpData ------->   map[count:0 state:0 result:] 
[GIN] 2020/01/02 - 12:18:15 | 200 |    2.912962ms |  192.168.66.115 | POST     /getResult
[2020-01-02 12:18:16] 自開彩開獎  {202001020739 5 38 true} 
ConfigData  map[port:3306 user:fa_db password:1qaz!QAZ redisPassword:"" redisDB:3 ip:192.168.88.181 poolname:FA_MEM database:FA_MEM charset:utf8 redisIp:192.168.88.119 redisPort:6379]
SqlString  SELECT RTP,Amount,Bonus  FROM M_RtpSetting  WHERE Sid = 1   AND State = 1   AND LTG_Code = 5 AND Gid = 38
sqlResult   map[result: count:0 state:0]
[2020-01-02 12:18:16] rtpData ------->   map[count:0 state:0 result:] 
[GIN] 2020/01/02 - 12:18:16 | 200 |     2.61677ms |  192.168.66.115 | POST     /getResult
[2020-01-02 12:18:18] 自開彩開獎  {202001020247 6 37 true} 
ConfigData  map[port:3306 user:fa_db redisIp:192.168.88.119 redisPort:6379 redisDB:3 redisPassword:"" ip:192.168.88.181 poolname:FA_MEM password:1qaz!QAZ database:FA_MEM charset:utf8]
SqlString  SELECT RTP,Amount,Bonus  FROM M_RtpSetting  WHERE Sid = 1   AND State = 1   AND LTG_Code = 6 AND Gid = 37
sqlResult   map[result: count:0 state:0]
[2020-01-02 12:18:18] rtpData ------->   map[result: count:0 state:0] 
[GIN] 2020/01/02 - 12:18:18 | 200 |    3.161534ms |  192.168.66.115 | POST     /getResult
[2020-01-02 12:18:20] 自開彩開獎  {202001020739 1 34 true} 
ConfigData  map[ip:192.168.88.181 port:3306 password:1qaz!QAZ database:FA_MEM redisPassword:"" poolname:FA_MEM user:fa_db charset:utf8 redisIp:192.168.88.119 redisPort:6379 redisDB:3]
SqlString  SELECT RTP,Amount,Bonus  FROM M_RtpSetting  WHERE Sid = 1   AND State = 1   AND LTG_Code = 1 AND Gid = 34
sqlResult   map[result: count:0 state:0]
[2020-01-02 12:18:20] rtpData ------->   map[count:0 state:0 result:] 
[GIN] 2020/01/02 - 12:18:20 | 200 |    2.753785ms |  192.168.66.115 | POST     /getResult
[2020-01-02 12:18:21] 自開彩開獎  {202001020739 4 40 true} 
ConfigData  map[poolname:FA_MEM port:3306 password:1qaz!QAZ charset:utf8 redisIp:192.168.88.119 redisPassword:"" ip:192.168.88.181 database:FA_MEM redisPort:6379 redisDB:3 user:fa_db]
SqlString  SELECT RTP,Amount,Bonus  FROM M_RtpSetting  WHERE Sid = 1   AND State = 1   AND LTG_Code = 4 AND Gid = 40
[2020-01-02 12:18:21] 自開彩開獎  {202001020247 4 41 true} 
ConfigData  map[database:FA_MEM charset:utf8 redisIp:192.168.88.119 redisPort:6379 redisPassword:"" user:fa_db password:1qaz!QAZ port:3306 redisDB:3 ip:192.168.88.181 poolname:FA_MEM]
SqlString  SELECT RTP,Amount,Bonus  FROM M_RtpSetting  WHERE Sid = 1   AND State = 1   AND LTG_Code = 4 AND Gid = 41
sqlResult   map[result: count:0 state:0]
[2020-01-02 12:18:21] rtpData ------->   map[result: count:0 state:0] 
[GIN] 2020/01/02 - 12:18:21 | 200 |     2.39482ms |  192.168.66.115 | POST     /getResult
sqlResult   map[result: count:0 state:0]
[2020-01-02 12:18:21] rtpData ------->   map[result: count:0 state:0] 
[GIN] 2020/01/02 - 12:18:21 | 200 |    2.665356ms |  192.168.66.115 | POST     /getResult
[2020-01-02 12:18:21] 自開彩開獎  {202001020739 6 36 true} 
[2020-01-02 12:18:21] 自開彩開獎  {202001020247 1 35 true} 
ConfigData  map[password:1qaz!QAZ database:FA_MEM charset:utf8 redisIp:192.168.88.119 redisPort:6379 redisDB:3 ip:192.168.88.181 poolname:FA_MEM port:3306 user:fa_db redisPassword:""]
SqlString  SELECT RTP,Amount,Bonus  FROM M_RtpSetting  WHERE Sid = 1   AND State = 1   AND LTG_Code = 1 AND Gid = 35
ConfigData  map[poolname:FA_MEM user:fa_db database:FA_MEM charset:utf8 redisIp:192.168.88.119 redisPassword:"" redisDB:3 ip:192.168.88.181 password:1qaz!QAZ redisPort:6379 port:3306]
SqlString  SELECT RTP,Amount,Bonus  FROM M_RtpSetting  WHERE Sid = 1   AND State = 1   AND LTG_Code = 6 AND Gid = 36
sqlResult   map[result: count:0 state:0]
[2020-01-02 12:18:21] rtpData ------->   map[result: count:0 state:0] 
[GIN] 2020/01/02 - 12:18:21 | 200 |    2.678519ms |  192.168.66.115 | POST     /getResult
sqlResult   map[result: count:0 state:0]
[2020-01-02 12:18:21] rtpData ------->   map[result: count:0 state:0] 
[GIN] 2020/01/02 - 12:18:21 | 200 |    2.901678ms |  192.168.66.115 | POST     /getResult
[2020-01-02 12:18:22] 自開彩開獎  {202001020739 5 38 true} 
ConfigData  map[ip:192.168.88.181 poolname:FA_MEM port:3306 user:fa_db password:1qaz!QAZ redisDB:3 database:FA_MEM charset:utf8 redisIp:192.168.88.119 redisPort:6379 redisPassword:""]
SqlString  SELECT RTP,Amount,Bonus  FROM M_RtpSetting  WHERE Sid = 1   AND State = 1   AND LTG_Code = 5 AND Gid = 38
sqlResult   map[result: count:0 state:0]
[2020-01-02 12:18:22] rtpData ------->   map[result: count:0 state:0] 
[GIN] 2020/01/02 - 12:18:22 | 200 |    2.253643ms |  192.168.66.115 | POST     /getResult
[2020-01-02 12:18:24] 自開彩開獎  {202001020247 6 37 true} 
ConfigData  map[redisPort:6379 poolname:FA_MEM port:3306 user:fa_db database:FA_MEM charset:utf8 ip:192.168.88.181 password:1qaz!QAZ redisIp:192.168.88.119 redisPassword:"" redisDB:3]
SqlString  SELECT RTP,Amount,Bonus  FROM M_RtpSetting  WHERE Sid = 1   AND State = 1   AND LTG_Code = 6 AND Gid = 37
sqlResult   map[result: count:0 state:0]
[2020-01-02 12:18:24] rtpData ------->   map[result: count:0 state:0] 
[GIN] 2020/01/02 - 12:18:24 | 200 |    2.947055ms |  192.168.66.115 | POST     /getResult
[2020-01-02 12:18:26] 自開彩開獎  {202001020739 1 34 true} 
ConfigData  map[charset:utf8 redisIp:192.168.88.119 redisPort:6379 redisPassword:"" redisDB:3 password:1qaz!QAZ database:FA_MEM port:3306 user:fa_db ip:192.168.88.181 poolname:FA_MEM]
SqlString  SELECT RTP,Amount,Bonus  FROM M_RtpSetting  WHERE Sid = 1   AND State = 1   AND LTG_Code = 1 AND Gid = 34
sqlResult   map[result: count:0 state:0]
[2020-01-02 12:18:26] rtpData ------->   map[result: count:0 state:0] 
[GIN] 2020/01/02 - 12:18:26 | 200 |    2.391574ms |  192.168.66.115 | POST     /getResult
[2020-01-02 12:18:27] 自開彩開獎  {202001020739 4 40 true} 
ConfigData  map[charset:utf8 redisIp:192.168.88.119 redisDB:3 user:fa_db poolname:FA_MEM port:3306 password:1qaz!QAZ database:FA_MEM redisPort:6379 redisPassword:"" ip:192.168.88.181]
SqlString  SELECT RTP,Amount,Bonus  FROM M_RtpSetting  WHERE Sid = 1   AND State = 1   AND LTG_Code = 4 AND Gid = 40
[2020-01-02 12:18:27] 自開彩開獎  {202001020247 4 41 true} 
ConfigData  map[password:1qaz!QAZ database:FA_MEM charset:utf8 redisIp:192.168.88.119 redisPassword:"" port:3306 user:fa_db redisPort:6379 redisDB:3 ip:192.168.88.181 poolname:FA_MEM]
SqlString  SELECT RTP,Amount,Bonus  FROM M_RtpSetting  WHERE Sid = 1   AND State = 1   AND LTG_Code = 4 AND Gid = 41
sqlResult   map[count:0 state:0 result:]
[2020-01-02 12:18:27] rtpData ------->   map[state:0 result: count:0] 
[GIN] 2020/01/02 - 12:18:27 | 200 |    2.373553ms |  192.168.66.115 | POST     /getResult
sqlResult   map[result: count:0 state:0]
[2020-01-02 12:18:27] rtpData ------->   map[result: count:0 state:0] 
[GIN] 2020/01/02 - 12:18:27 | 200 |    2.602926ms |  192.168.66.115 | POST     /getResult
[2020-01-02 12:18:27] 自開彩開獎  {202001020739 6 36 true} 
ConfigData  map[poolname:FA_MEM port:3306 user:fa_db password:1qaz!QAZ charset:utf8 redisPassword:"" redisDB:3 ip:192.168.88.181 database:FA_MEM redisIp:192.168.88.119 redisPort:6379]
SqlString  SELECT RTP,Amount,Bonus  FROM M_RtpSetting  WHERE Sid = 1   AND State = 1   AND LTG_Code = 6 AND Gid = 36
[2020-01-02 12:18:27] 自開彩開獎  {202001020247 1 35 true} 
ConfigData  map[password:1qaz!QAZ redisPort:6379 redisPassword:"" redisDB:3 ip:192.168.88.181 poolname:FA_MEM database:FA_MEM charset:utf8 redisIp:192.168.88.119 port:3306 user:fa_db]
SqlString  SELECT RTP,Amount,Bonus  FROM M_RtpSetting  WHERE Sid = 1   AND State = 1   AND LTG_Code = 1 AND Gid = 35
sqlResult   map[result: count:0 state:0]
[2020-01-02 12:18:27] rtpData ------->   map[state:0 result: count:0] 
[GIN] 2020/01/02 - 12:18:27 | 200 |    2.278657ms |  192.168.66.115 | POST     /getResult
sqlResult   map[result: count:0 state:0]
[2020-01-02 12:18:27] rtpData ------->   map[result: count:0 state:0] 
[GIN] 2020/01/02 - 12:18:27 | 200 |    2.429232ms |  192.168.66.115 | POST     /getResult
[2020-01-02 12:18:28] 自開彩開獎  {202001020739 5 38 true} 
ConfigData  map[port:3306 database:FA_MEM redisPort:6379 redisPassword:"" ip:192.168.88.181 poolname:FA_MEM user:fa_db password:1qaz!QAZ charset:utf8 redisIp:192.168.88.119 redisDB:3]
SqlString  SELECT RTP,Amount,Bonus  FROM M_RtpSetting  WHERE Sid = 1   AND State = 1   AND LTG_Code = 5 AND Gid = 38
sqlResult   map[result: count:0 state:0]
[2020-01-02 12:18:28] rtpData ------->   map[count:0 state:0 result:] 
[GIN] 2020/01/02 - 12:18:28 | 200 |    3.025472ms |  192.168.66.115 | POST     /getResult
[2020-01-02 12:18:30] 自開彩開獎  {202001020247 6 37 true} 
ConfigData  map[port:3306 user:fa_db database:FA_MEM redisIp:192.168.88.119 redisPort:6379 redisDB:3 poolname:FA_MEM password:1qaz!QAZ charset:utf8 redisPassword:"" ip:192.168.88.181]
SqlString  SELECT RTP,Amount,Bonus  FROM M_RtpSetting  WHERE Sid = 1   AND State = 1   AND LTG_Code = 6 AND Gid = 37
sqlResult   map[count:0 state:0 result:]
[2020-01-02 12:18:30] rtpData ------->   map[result: count:0 state:0] 
[GIN] 2020/01/02 - 12:18:30 | 200 |    3.085759ms |  192.168.66.115 | POST     /getResult
[2020-01-02 12:18:32] 自開彩開獎  {202001020739 1 34 true} 
ConfigData  map[password:1qaz!QAZ charset:utf8 redisPort:6379 ip:192.168.88.181 port:3306 database:FA_MEM redisIp:192.168.88.119 redisPassword:"" redisDB:3 poolname:FA_MEM user:fa_db]
SqlString  SELECT RTP,Amount,Bonus  FROM M_RtpSetting  WHERE Sid = 1   AND State = 1   AND LTG_Code = 1 AND Gid = 34
sqlResult   map[result: count:0 state:0]
[2020-01-02 12:18:32] rtpData ------->   map[result: count:0 state:0] 
[GIN] 2020/01/02 - 12:18:32 | 200 |    2.736527ms |  192.168.66.115 | POST     /getResult
[2020-01-02 12:18:33] 自開彩開獎  {202001020739 4 40 true} 
ConfigData  map[poolname:FA_MEM port:3306 password:1qaz!QAZ charset:utf8 redisIp:192.168.88.119 redisDB:3 ip:192.168.88.181 user:fa_db database:FA_MEM redisPort:6379 redisPassword:""]
SqlString  SELECT RTP,Amount,Bonus  FROM M_RtpSetting  WHERE Sid = 1   AND State = 1   AND LTG_Code = 4 AND Gid = 40
[2020-01-02 12:18:33] 自開彩開獎  {202001020247 4 41 true} 
ConfigData  map[ip:192.168.88.181 redisIp:192.168.88.119 redisDB:3 password:1qaz!QAZ database:FA_MEM charset:utf8 redisPort:6379 redisPassword:"" poolname:FA_MEM port:3306 user:fa_db]
SqlString  SELECT RTP,Amount,Bonus  FROM M_RtpSetting  WHERE Sid = 1   AND State = 1   AND LTG_Code = 4 AND Gid = 41
sqlResult   map[result: count:0 state:0]
[2020-01-02 12:18:33] rtpData ------->   map[count:0 state:0 result:] 
[GIN] 2020/01/02 - 12:18:33 | 200 |    2.188263ms |  192.168.66.115 | POST     /getResult
sqlResult   map[result: count:0 state:0]
[2020-01-02 12:18:33] rtpData ------->   map[result: count:0 state:0] 
[GIN] 2020/01/02 - 12:18:33 | 200 |    2.576816ms |  192.168.66.115 | POST     /getResult
[2020-01-02 12:18:33] 自開彩開獎  {202001020739 6 36 true} 
ConfigData  map[redisPort:6379 redisPassword:"" redisDB:3 charset:utf8 redisIp:192.168.88.119 ip:192.168.88.181 poolname:FA_MEM port:3306 user:fa_db password:1qaz!QAZ database:FA_MEM]
SqlString  SELECT RTP,Amount,Bonus  FROM M_RtpSetting  WHERE Sid = 1   AND State = 1   AND LTG_Code = 6 AND Gid = 36
[2020-01-02 12:18:33] 自開彩開獎  {202001020247 1 35 true} 
ConfigData  map[redisPort:6379 redisPassword:"" poolname:FA_MEM user:fa_db password:1qaz!QAZ database:FA_MEM redisIp:192.168.88.119 ip:192.168.88.181 port:3306 charset:utf8 redisDB:3]
SqlString  SELECT RTP,Amount,Bonus  FROM M_RtpSetting  WHERE Sid = 1   AND State = 1   AND LTG_Code = 1 AND Gid = 35
sqlResult   map[result: count:0 state:0]
[2020-01-02 12:18:33] rtpData ------->   map[state:0 result: count:0] 
[GIN] 2020/01/02 - 12:18:33 | 200 |    2.099154ms |  192.168.66.115 | POST     /getResult
sqlResult   map[result: count:0 state:0]
[2020-01-02 12:18:33] rtpData ------->   map[state:0 result: count:0] 
[GIN] 2020/01/02 - 12:18:33 | 200 |    2.205314ms |  192.168.66.115 | POST     /getResult
[2020-01-02 12:18:34] 自開彩開獎  {202001020739 5 38 true} 
ConfigData  map[poolname:FA_MEM port:3306 password:1qaz!QAZ database:FA_MEM charset:utf8 redisPassword:"" redisDB:3 ip:192.168.88.181 user:fa_db redisIp:192.168.88.119 redisPort:6379]
SqlString  SELECT RTP,Amount,Bonus  FROM M_RtpSetting  WHERE Sid = 1   AND State = 1   AND LTG_Code = 5 AND Gid = 38
sqlResult   map[result: count:0 state:0]
[2020-01-02 12:18:34] rtpData ------->   map[result: count:0 state:0] 
[GIN] 2020/01/02 - 12:18:34 | 200 |    2.267366ms |  192.168.66.115 | POST     /getResult
[2020-01-02 12:18:36] 自開彩開獎  {202001020247 6 37 true} 
ConfigData  map[ip:192.168.88.181 poolname:FA_MEM port:3306 password:1qaz!QAZ charset:utf8 redisPort:6379 user:fa_db database:FA_MEM redisIp:192.168.88.119 redisPassword:"" redisDB:3]
SqlString  SELECT RTP,Amount,Bonus  FROM M_RtpSetting  WHERE Sid = 1   AND State = 1   AND LTG_Code = 6 AND Gid = 37
sqlResult   map[count:0 state:0 result:]
[2020-01-02 12:18:36] rtpData ------->   map[result: count:0 state:0] 
[GIN] 2020/01/02 - 12:18:36 | 200 |    3.309641ms |  192.168.66.115 | POST     /getResult
[2020-01-02 12:18:38] 自開彩開獎  {202001020739 1 34 true} 
ConfigData  map[poolname:FA_MEM port:3306 password:1qaz!QAZ charset:utf8 redisDB:3 ip:192.168.88.181 user:fa_db database:FA_MEM redisIp:192.168.88.119 redisPort:6379 redisPassword:""]
SqlString  SELECT RTP,Amount,Bonus  FROM M_RtpSetting  WHERE Sid = 1   AND State = 1   AND LTG_Code = 1 AND Gid = 34
sqlResult   map[result: count:0 state:0]
[2020-01-02 12:18:38] rtpData ------->   map[state:0 result: count:0] 
[GIN] 2020/01/02 - 12:18:38 | 200 |    2.720573ms |  192.168.66.115 | POST     /getResult
[2020-01-02 12:18:39] 自開彩開獎  {202001020247 1 35 true} 
[2020-01-02 12:18:39] 自開彩開獎  {202001020739 6 36 true} 
ConfigData  map[poolname:FA_MEM password:1qaz!QAZ database:FA_MEM redisIp:192.168.88.119 redisPort:6379 redisDB:3 ip:192.168.88.181 port:3306 user:fa_db charset:utf8 redisPassword:""]
SqlString  SELECT RTP,Amount,Bonus  FROM M_RtpSetting  WHERE Sid = 1   AND State = 1   AND LTG_Code = 1 AND Gid = 35
ConfigData  map[redisPort:6379 redisDB:3 poolname:FA_MEM user:fa_db password:1qaz!QAZ database:FA_MEM redisIp:192.168.88.119 ip:192.168.88.181 port:3306 charset:utf8 redisPassword:""]
SqlString  SELECT RTP,Amount,Bonus  FROM M_RtpSetting  WHERE Sid = 1   AND State = 1   AND LTG_Code = 6 AND Gid = 36
sqlResult   map[result: count:0 state:0]
[2020-01-02 12:18:39] rtpData ------->   map[result: count:0 state:0] 
[GIN] 2020/01/02 - 12:18:39 | 200 |     2.49048ms |  192.168.66.115 | POST     /getResult
sqlResult   map[result: count:0 state:0]
[2020-01-02 12:18:39] rtpData ------->   map[count:0 state:0 result:] 
[GIN] 2020/01/02 - 12:18:39 | 200 |     2.44973ms |  192.168.66.115 | POST     /getResult
[2020-01-02 12:18:40] 自開彩開獎  {202001020739 5 38 true} 
ConfigData  map[user:fa_db password:1qaz!QAZ database:FA_MEM charset:utf8 redisIp:192.168.88.119 redisPort:6379 ip:192.168.88.181 poolname:FA_MEM redisDB:3 port:3306 redisPassword:""]
SqlString  SELECT RTP,Amount,Bonus  FROM M_RtpSetting  WHERE Sid = 1   AND State = 1   AND LTG_Code = 5 AND Gid = 38
[2020-01-02 12:18:40] 自開彩開獎  {202001020247 4 41 true} 
[2020-01-02 12:18:40] 自開彩開獎  {202001020739 4 40 true} 
ConfigData  map[redisIp:192.168.88.119 redisPort:6379 redisPassword:"" ip:192.168.88.181 database:FA_MEM user:fa_db password:1qaz!QAZ charset:utf8 redisDB:3 poolname:FA_MEM port:3306]
SqlString  SELECT RTP,Amount,Bonus  FROM M_RtpSetting  WHERE Sid = 1   AND State = 1   AND LTG_Code = 4 AND Gid = 41
ConfigData  map[password:1qaz!QAZ redisIp:192.168.88.119 redisPort:6379 redisDB:3 ip:192.168.88.181 poolname:FA_MEM port:3306 redisPassword:"" user:fa_db database:FA_MEM charset:utf8]
SqlString  SELECT RTP,Amount,Bonus  FROM M_RtpSetting  WHERE Sid = 1   AND State = 1   AND LTG_Code = 4 AND Gid = 40
sqlResult   map[count:0 state:0 result:]
[2020-01-02 12:18:40] rtpData ------->   map[result: count:0 state:0] 
sqlResult   map[result: count:0 state:0]
[2020-01-02 12:18:40] rtpData ------->   map[result: count:0 state:0] 
[GIN] 2020/01/02 - 12:18:40 | 200 |    2.309951ms |  192.168.66.115 | POST     /getResult
sqlResult   map[state:0 result: count:0]
[2020-01-02 12:18:40] rtpData ------->   map[result: count:0 state:0] 
[GIN] 2020/01/02 - 12:18:40 | 200 |    2.361972ms |  192.168.66.115 | POST     /getResult
[GIN] 2020/01/02 - 12:18:40 | 200 |     2.56962ms |  192.168.66.115 | POST     /getResult
[2020-01-02 12:18:42] 自開彩開獎  {202001020247 6 37 true} 
ConfigData  map[port:3306 user:fa_db database:FA_MEM redisIp:192.168.88.119 redisPort:6379 redisPassword:"" ip:192.168.88.181 password:1qaz!QAZ charset:utf8 redisDB:3 poolname:FA_MEM]
SqlString  SELECT RTP,Amount,Bonus  FROM M_RtpSetting  WHERE Sid = 1   AND State = 1   AND LTG_Code = 6 AND Gid = 37
sqlResult   map[result: count:0 state:0]
[2020-01-02 12:18:42] rtpData ------->   map[result: count:0 state:0] 
[GIN] 2020/01/02 - 12:18:42 | 200 |    2.343521ms |  192.168.66.115 | POST     /getResult
[2020-01-02 12:18:44] 自開彩開獎  {202001020739 1 34 true} 
ConfigData  map[port:3306 redisIp:192.168.88.119 redisPort:6379 redisDB:3 database:FA_MEM charset:utf8 redisPassword:"" ip:192.168.88.181 poolname:FA_MEM user:fa_db password:1qaz!QAZ]
SqlString  SELECT RTP,Amount,Bonus  FROM M_RtpSetting  WHERE Sid = 1   AND State = 1   AND LTG_Code = 1 AND Gid = 34
sqlResult   map[result: count:0 state:0]
[2020-01-02 12:18:44] rtpData ------->   map[result: count:0 state:0] 
[GIN] 2020/01/02 - 12:18:44 | 200 |    2.678975ms |  192.168.66.115 | POST     /getResult
[2020-01-02 12:18:45] 自開彩開獎  {202001020247 1 35 true} 
ConfigData  map[password:1qaz!QAZ database:FA_MEM redisIp:192.168.88.119 redisPort:6379 redisPassword:"" redisDB:3 ip:192.168.88.181 poolname:FA_MEM port:3306 user:fa_db charset:utf8]
SqlString  SELECT RTP,Amount,Bonus  FROM M_RtpSetting  WHERE Sid = 1   AND State = 1   AND LTG_Code = 1 AND Gid = 35
[2020-01-02 12:18:45] 自開彩開獎  {202001020739 6 36 true} 
ConfigData  map[ip:192.168.88.181 poolname:FA_MEM database:FA_MEM redisIp:192.168.88.119 redisPort:6379 redisPassword:"" redisDB:3 port:3306 user:fa_db password:1qaz!QAZ charset:utf8]
SqlString  SELECT RTP,Amount,Bonus  FROM M_RtpSetting  WHERE Sid = 1   AND State = 1   AND LTG_Code = 6 AND Gid = 36
sqlResult   map[result: count:0 state:0]
[2020-01-02 12:18:45] rtpData ------->   map[result: count:0 state:0] 
[GIN] 2020/01/02 - 12:18:45 | 200 |    2.440868ms |  192.168.66.115 | POST     /getResult
sqlResult   map[count:0 state:0 result:]
[2020-01-02 12:18:45] rtpData ------->   map[result: count:0 state:0] 
[GIN] 2020/01/02 - 12:18:45 | 200 |    2.555813ms |  192.168.66.115 | POST     /getResult
[2020-01-02 12:18:46] 自開彩開獎  {202001020739 5 38 true} 
ConfigData  map[password:1qaz!QAZ database:FA_MEM charset:utf8 redisPassword:"" redisDB:3 ip:192.168.88.181 port:3306 user:fa_db poolname:FA_MEM redisIp:192.168.88.119 redisPort:6379]
SqlString  SELECT RTP,Amount,Bonus  FROM M_RtpSetting  WHERE Sid = 1   AND State = 1   AND LTG_Code = 5 AND Gid = 38
[2020-01-02 12:18:46] 自開彩開獎  {202001020247 4 41 true} 
ConfigData  map[ip:192.168.88.181 port:3306 redisPort:6379 redisPassword:"" redisDB:3 poolname:FA_MEM user:fa_db password:1qaz!QAZ database:FA_MEM charset:utf8 redisIp:192.168.88.119]
SqlString  SELECT RTP,Amount,Bonus  FROM M_RtpSetting  WHERE Sid = 1   AND State = 1   AND LTG_Code = 4 AND Gid = 41
[2020-01-02 12:18:46] 自開彩開獎  {202001020739 4 40 true} 
ConfigData  map[poolname:FA_MEM port:3306 user:fa_db redisIp:192.168.88.119 redisPassword:"" redisDB:3 ip:192.168.88.181 password:1qaz!QAZ database:FA_MEM charset:utf8 redisPort:6379]
SqlString  SELECT RTP,Amount,Bonus  FROM M_RtpSetting  WHERE Sid = 1   AND State = 1   AND LTG_Code = 4 AND Gid = 40
sqlResult   map[result: count:0 state:0]
[2020-01-02 12:18:46] rtpData ------->   map[result: count:0 state:0] 
[GIN] 2020/01/02 - 12:18:46 | 200 |     2.66529ms |  192.168.66.115 | POST     /getResult
sqlResult   map[result: count:0 state:0]
[2020-01-02 12:18:46] rtpData ------->   map[result: count:0 state:0] 
[GIN] 2020/01/02 - 12:18:46 | 200 |    2.485677ms |  192.168.66.115 | POST     /getResult
sqlResult   map[result: count:0 state:0]
[2020-01-02 12:18:46] rtpData ------->   map[result: count:0 state:0] 
[GIN] 2020/01/02 - 12:18:46 | 200 |    2.622568ms |  192.168.66.115 | POST     /getResult
[2020-01-02 12:18:48] 自開彩開獎  {202001020247 6 37 true} 
ConfigData  map[user:fa_db password:1qaz!QAZ database:FA_MEM poolname:FA_MEM port:3306 charset:utf8 redisIp:192.168.88.119 redisPort:6379 redisPassword:"" redisDB:3 ip:192.168.88.181]
SqlString  SELECT RTP,Amount,Bonus  FROM M_RtpSetting  WHERE Sid = 1   AND State = 1   AND LTG_Code = 6 AND Gid = 37
sqlResult   map[state:0 result: count:0]
[2020-01-02 12:18:48] rtpData ------->   map[count:0 state:0 result:] 
[GIN] 2020/01/02 - 12:18:48 | 200 |    2.453134ms |  192.168.66.115 | POST     /getResult
[2020-01-02 12:18:50] 自開彩開獎  {202001020739 1 34 true} 
ConfigData  map[redisDB:3 ip:192.168.88.181 poolname:FA_MEM password:1qaz!QAZ redisPort:6379 redisIp:192.168.88.119 redisPassword:"" port:3306 user:fa_db database:FA_MEM charset:utf8]
SqlString  SELECT RTP,Amount,Bonus  FROM M_RtpSetting  WHERE Sid = 1   AND State = 1   AND LTG_Code = 1 AND Gid = 34
sqlResult   map[result: count:0 state:0]
[2020-01-02 12:18:50] rtpData ------->   map[result: count:0 state:0] 
[GIN] 2020/01/02 - 12:18:50 | 200 |    2.309063ms |  192.168.66.115 | POST     /getResult
[2020-01-02 12:18:51] 自開彩開獎  {202001020739 6 36 true} 
ConfigData  map[redisDB:3 ip:192.168.88.181 poolname:FA_MEM port:3306 password:1qaz!QAZ charset:utf8 redisIp:192.168.88.119 redisPort:6379 user:fa_db database:FA_MEM redisPassword:""]
SqlString  SELECT RTP,Amount,Bonus  FROM M_RtpSetting  WHERE Sid = 1   AND State = 1   AND LTG_Code = 6 AND Gid = 36
[2020-01-02 12:18:51] 自開彩開獎  {202001020247 1 35 true} 
ConfigData  map[poolname:FA_MEM user:fa_db database:FA_MEM charset:utf8 redisPort:6379 redisPassword:"" redisDB:3 ip:192.168.88.181 port:3306 password:1qaz!QAZ redisIp:192.168.88.119]
SqlString  SELECT RTP,Amount,Bonus  FROM M_RtpSetting  WHERE Sid = 1   AND State = 1   AND LTG_Code = 1 AND Gid = 35
sqlResult   map[result: count:0 state:0]
[2020-01-02 12:18:51] rtpData ------->   map[result: count:0 state:0] 
sqlResult   map[count:0 state:0 result:]
[2020-01-02 12:18:51] rtpData ------->   map[result: count:0 state:0] 
[GIN] 2020/01/02 - 12:18:51 | 200 |    2.428612ms |  192.168.66.115 | POST     /getResult
[GIN] 2020/01/02 - 12:18:51 | 200 |    2.486959ms |  192.168.66.115 | POST     /getResult
[2020-01-02 12:18:52] 自開彩開獎  {202001020739 5 38 true} 
ConfigData  map[redisPassword:"" ip:192.168.88.181 user:fa_db password:1qaz!QAZ database:FA_MEM charset:utf8 redisIp:192.168.88.119 redisPort:6379 redisDB:3 poolname:FA_MEM port:3306]
SqlString  SELECT RTP,Amount,Bonus  FROM M_RtpSetting  WHERE Sid = 1   AND State = 1   AND LTG_Code = 5 AND Gid = 38
[2020-01-02 12:18:52] 自開彩開獎  {202001020247 4 41 true} 
ConfigData  map[redisPort:6379 redisPassword:"" redisDB:3 poolname:FA_MEM port:3306 user:fa_db charset:utf8 redisIp:192.168.88.119 ip:192.168.88.181 password:1qaz!QAZ database:FA_MEM]
SqlString  SELECT RTP,Amount,Bonus  FROM M_RtpSetting  WHERE Sid = 1   AND State = 1   AND LTG_Code = 4 AND Gid = 41
[2020-01-02 12:18:52] 自開彩開獎  {202001020739 4 40 true} 
ConfigData  map[port:3306 charset:utf8 redisIp:192.168.88.119 redisPort:6379 redisPassword:"" redisDB:3 ip:192.168.88.181 poolname:FA_MEM database:FA_MEM user:fa_db password:1qaz!QAZ]
SqlString  SELECT RTP,Amount,Bonus  FROM M_RtpSetting  WHERE Sid = 1   AND State = 1   AND LTG_Code = 4 AND Gid = 40
sqlResult   map[count:0 state:0 result:]
[2020-01-02 12:18:52] rtpData ------->   map[count:0 state:0 result:] 
[GIN] 2020/01/02 - 12:18:52 | 200 |     3.04878ms |  192.168.66.115 | POST     /getResult
sqlResult   map[state:0 result: count:0]
[2020-01-02 12:18:52] rtpData ------->   map[result: count:0 state:0] 
[GIN] 2020/01/02 - 12:18:52 | 200 |    3.344281ms |  192.168.66.115 | POST     /getResult
sqlResult   map[state:0 result: count:0]
[2020-01-02 12:18:52] rtpData ------->   map[result: count:0 state:0] 
[GIN] 2020/01/02 - 12:18:52 | 200 |    3.653226ms |  192.168.66.115 | POST     /getResult
[2020-01-02 12:18:54] 自開彩開獎  {202001020247 6 37 true} 
ConfigData  map[poolname:FA_MEM redisIp:192.168.88.119 redisDB:3 redisPassword:"" ip:192.168.88.181 port:3306 user:fa_db password:1qaz!QAZ database:FA_MEM charset:utf8 redisPort:6379]
SqlString  SELECT RTP,Amount,Bonus  FROM M_RtpSetting  WHERE Sid = 1   AND State = 1   AND LTG_Code = 6 AND Gid = 37
sqlResult   map[count:0 state:0 result:]
[2020-01-02 12:18:54] rtpData ------->   map[result: count:0 state:0] 
[GIN] 2020/01/02 - 12:18:54 | 200 |    2.734853ms |  192.168.66.115 | POST     /getResult
[2020-01-02 12:18:56] 自開彩開獎  {202001020739 1 34 true} 
ConfigData  map[redisPassword:"" poolname:FA_MEM port:3306 charset:utf8 redisPort:6379 redisIp:192.168.88.119 redisDB:3 ip:192.168.88.181 user:fa_db password:1qaz!QAZ database:FA_MEM]
SqlString  SELECT RTP,Amount,Bonus  FROM M_RtpSetting  WHERE Sid = 1   AND State = 1   AND LTG_Code = 1 AND Gid = 34
sqlResult   map[result: count:0 state:0]
[2020-01-02 12:18:56] rtpData ------->   map[result: count:0 state:0] 
[GIN] 2020/01/02 - 12:18:56 | 200 |    2.435748ms |  192.168.66.115 | POST     /getResult
[2020-01-02 12:18:57] 自開彩開獎  {202001020247 1 35 true} 
ConfigData  map[redisPort:6379 redisDB:3 ip:192.168.88.181 poolname:FA_MEM charset:utf8 database:FA_MEM redisIp:192.168.88.119 redisPassword:"" port:3306 user:fa_db password:1qaz!QAZ]
[2020-01-02 12:18:57] 自開彩開獎  {202001020739 6 36 true} 
ConfigData  map[ip:192.168.88.181 redisDB:3 redisIp:192.168.88.119 redisPort:6379 poolname:FA_MEM port:3306 user:fa_db password:1qaz!QAZ database:FA_MEM charset:utf8 redisPassword:""]
SqlString  SELECT RTP,Amount,Bonus  FROM M_RtpSetting  WHERE Sid = 1   AND State = 1   AND LTG_Code = 6 AND Gid = 36
SqlString  SELECT RTP,Amount,Bonus  FROM M_RtpSetting  WHERE Sid = 1   AND State = 1   AND LTG_Code = 1 AND Gid = 35
sqlResult   map[count:0 state:0 result:]
sqlResult   map[result: count:0 state:0]
[2020-01-02 12:18:58] rtpData ------->   map[result: count:0 state:0] 
[2020-01-02 12:18:58] rtpData ------->   map[result: count:0 state:0] 
[GIN] 2020/01/02 - 12:18:58 | 200 |     3.36661ms |  192.168.66.115 | POST     /getResult
[GIN] 2020/01/02 - 12:18:58 | 200 |    3.230622ms |  192.168.66.115 | POST     /getResult
[2020-01-02 12:18:58] 自開彩開獎  {202001020739 4 40 true} 
ConfigData  map[password:1qaz!QAZ redisIp:192.168.88.119 redisPort:6379 redisDB:3 ip:192.168.88.181 poolname:FA_MEM port:3306 user:fa_db database:FA_MEM charset:utf8 redisPassword:""]
SqlString  SELECT RTP,Amount,Bonus  FROM M_RtpSetting  WHERE Sid = 1   AND State = 1   AND LTG_Code = 4 AND Gid = 40
[2020-01-02 12:18:58] 自開彩開獎  {202001020739 5 38 true} 
ConfigData  map[poolname:FA_MEM port:3306 user:fa_db password:1qaz!QAZ database:FA_MEM redisPassword:"" redisDB:3 ip:192.168.88.181 redisIp:192.168.88.119 redisPort:6379 charset:utf8]
SqlString  SELECT RTP,Amount,Bonus  FROM M_RtpSetting  WHERE Sid = 1   AND State = 1   AND LTG_Code = 5 AND Gid = 38
[2020-01-02 12:18:58] 自開彩開獎  {202001020247 4 41 true} 
ConfigData  map[redisPassword:"" port:3306 user:fa_db redisIp:192.168.88.119 redisPort:6379 charset:utf8 redisDB:3 ip:192.168.88.181 poolname:FA_MEM password:1qaz!QAZ database:FA_MEM]
SqlString  SELECT RTP,Amount,Bonus  FROM M_RtpSetting  WHERE Sid = 1   AND State = 1   AND LTG_Code = 4 AND Gid = 41
sqlResult   map[result: count:0 state:0]
[2020-01-02 12:18:58] rtpData ------->   map[result: count:0 state:0] 
[GIN] 2020/01/02 - 12:18:58 | 200 |    2.667932ms |  192.168.66.115 | POST     /getResult
sqlResult   map[result: count:0 state:0]
[2020-01-02 12:18:58] rtpData ------->   map[count:0 state:0 result:] 
sqlResult   map[result: count:0 state:0]
[2020-01-02 12:18:58] rtpData ------->   map[count:0 state:0 result:] 
[GIN] 2020/01/02 - 12:18:58 | 200 |    2.977674ms |  192.168.66.115 | POST     /getResult
[GIN] 2020/01/02 - 12:18:58 | 200 |    3.100394ms |  192.168.66.115 | POST     /getResult
[2020-01-02 12:19:00] 自開彩開獎  {202001020740 2 26 true} 
ConfigData  map[user:fa_db database:FA_MEM redisIp:192.168.88.119 redisPort:6379 redisDB:3 ip:192.168.88.181 poolname:FA_MEM port:3306 password:1qaz!QAZ charset:utf8 redisPassword:""]
SqlString  SELECT RTP,Amount,Bonus  FROM M_RtpSetting  WHERE Sid = 1   AND State = 1   AND LTG_Code = 2 AND Gid = 26
sqlResult   map[result:0.9600 count:1 state:1 amount:1.0069588e+06 bonus:908100.71]
[2020-01-02 12:19:00] rtpData ------->   map[result:0.9600 count:1 state:1 amount:1.0069588e+06 bonus:908100.71] 
ConfigData  map[poolname:FA_MEM port:3306 user:fa_db database:FA_MEM charset:utf8 redisPassword:"" redisDB:3 ip:192.168.88.181 password:1qaz!QAZ redisIp:192.168.88.119 redisPort:6379]
SELECT BO_No, BO_OrderNo , BO_User , BO_Issue  , BO_LotteryTypeGroup, BO_LotteryType, BO_Mode, BO_LotteryPlayGroup, BO_LotteryPlay , BO_LotteryContent, BO_Price, BO_RealPrice, BO_Unit, BO_Multiple , BO_BetCount  , BO_Winnings, BO_Winnings2, BO_Winnings3, BO_WinningLimit  , BO_Water , BO_BW_SourceUserId, BO_BW_BackWater, BO_BW_LimitBetCount, BO_BW_MaxAmount, BO_BW_AuditMultiple  , BO_Odds, BO_Odds2, BO_Odds3 , BO_Type, BO_Chase , BO_OpenResult, BO_OpenResult2, BO_DateDraw, BO_DateDraw2, BO_DateUpdate  FROM TS_BetOrder  WHERE BO_Cancel = 0   AND BO_CancelBackend = 0   AND BO_LotteryTypeGroup = 2 AND BO_LotteryType = 26 AND BO_Issue = 202001020740 AND BO_Collect = 0 ORDER BY BO_DateDraw ASC, BO_DateCreate ASC, BO_DateUpdate ASC, BO_No ASC ;
[2020-01-02 12:19:00] LottteryTypeGroup 2 
[2020-01-02 12:19:00] 有期號 但無注單 -------> map[amount:0 bonus:0 thisOpenResult:[0 7 5 7 4]] 
[GIN] 2020/01/02 - 12:19:00 | 200 |    4.674946ms |  192.168.66.115 | POST     /getResult
[2020-01-02 12:19:01] 自開彩開獎  {202001020247 6 37 true} 
ConfigData  map[charset:utf8 redisDB:3 ip:192.168.88.181 poolname:FA_MEM user:fa_db database:FA_MEM redisPassword:"" port:3306 password:1qaz!QAZ redisIp:192.168.88.119 redisPort:6379]
SqlString  SELECT RTP,Amount,Bonus  FROM M_RtpSetting  WHERE Sid = 1   AND State = 1   AND LTG_Code = 6 AND Gid = 37
sqlResult   map[result: count:0 state:0]
[2020-01-02 12:19:01] rtpData ------->   map[result: count:0 state:0] 
[GIN] 2020/01/02 - 12:19:01 | 200 |    2.656488ms |  192.168.66.115 | POST     /getResult
[2020-01-02 12:19:02] 自開彩開獎  {202001020739 1 34 true} 
ConfigData  map[port:3306 user:fa_db database:FA_MEM redisPassword:"" redisIp:192.168.88.119 redisPort:6379 redisDB:3 ip:192.168.88.181 poolname:FA_MEM password:1qaz!QAZ charset:utf8]
SqlString  SELECT RTP,Amount,Bonus  FROM M_RtpSetting  WHERE Sid = 1   AND State = 1   AND LTG_Code = 1 AND Gid = 34
sqlResult   map[result: count:0 state:0]
[2020-01-02 12:19:02] rtpData ------->   map[result: count:0 state:0] 
[GIN] 2020/01/02 - 12:19:02 | 200 |     2.64661ms |  192.168.66.115 | POST     /getResult
[2020-01-02 12:19:04] 自開彩開獎  {202001020247 1 35 true} 
ConfigData  map[redisPort:6379 redisDB:3 port:3306 database:FA_MEM charset:utf8 password:1qaz!QAZ redisIp:192.168.88.119 redisPassword:"" ip:192.168.88.181 poolname:FA_MEM user:fa_db]
SqlString  SELECT RTP,Amount,Bonus  FROM M_RtpSetting  WHERE Sid = 1   AND State = 1   AND LTG_Code = 1 AND Gid = 35
[2020-01-02 12:19:04] 自開彩開獎  {202001020739 6 36 true} 
ConfigData  map[ip:192.168.88.181 poolname:FA_MEM database:FA_MEM charset:utf8 redisDB:3 port:3306 user:fa_db password:1qaz!QAZ redisIp:192.168.88.119 redisPort:6379 redisPassword:""]
SqlString  SELECT RTP,Amount,Bonus  FROM M_RtpSetting  WHERE Sid = 1   AND State = 1   AND LTG_Code = 6 AND Gid = 36
sqlResult   map[result: count:0 state:0]
[2020-01-02 12:19:04] rtpData ------->   map[result: count:0 state:0] 
[GIN] 2020/01/02 - 12:19:04 | 200 |    3.377799ms |  192.168.66.115 | POST     /getResult
sqlResult   map[result: count:0 state:0]
[2020-01-02 12:19:04] rtpData ------->   map[result: count:0 state:0] 
[GIN] 2020/01/02 - 12:19:04 | 200 |    3.323356ms |  192.168.66.115 | POST     /getResult
[2020-01-02 12:19:04] 自開彩開獎  {202001020739 5 38 true} 
[2020-01-02 12:19:04] 自開彩開獎  {202001020739 4 40 true} 
ConfigData  map[user:fa_db database:FA_MEM redisIp:192.168.88.119 redisPassword:"" poolname:FA_MEM port:3306 charset:utf8 redisPort:6379 redisDB:3 ip:192.168.88.181 password:1qaz!QAZ]
SqlString  SELECT RTP,Amount,Bonus  FROM M_RtpSetting  WHERE Sid = 1   AND State = 1   AND LTG_Code = 5 AND Gid = 38
ConfigData  map[poolname:FA_MEM database:FA_MEM charset:utf8 redisPassword:"" redisDB:3 ip:192.168.88.181 port:3306 user:fa_db password:1qaz!QAZ redisIp:192.168.88.119 redisPort:6379]
SqlString  SELECT RTP,Amount,Bonus  FROM M_RtpSetting  WHERE Sid = 1   AND State = 1   AND LTG_Code = 4 AND Gid = 40
[2020-01-02 12:19:04] 自開彩開獎  {202001020247 4 41 true} 
ConfigData  map[ip:192.168.88.181 port:3306 password:1qaz!QAZ charset:utf8 redisIp:192.168.88.119 redisPassword:"" poolname:FA_MEM user:fa_db database:FA_MEM redisPort:6379 redisDB:3]
SqlString  SELECT RTP,Amount,Bonus  FROM M_RtpSetting  WHERE Sid = 1   AND State = 1   AND LTG_Code = 4 AND Gid = 41
sqlResult   map[result: count:0 state:0]
sqlResult   map[result: count:0 state:0]
[2020-01-02 12:19:04] rtpData ------->   map[result: count:0 state:0] 
[2020-01-02 12:19:04] rtpData ------->   map[result: count:0 state:0] 
[GIN] 2020/01/02 - 12:19:04 | 200 |    2.665714ms |  192.168.66.115 | POST     /getResult
[GIN] 2020/01/02 - 12:19:04 | 200 |    2.508696ms |  192.168.66.115 | POST     /getResult
sqlResult   map[result: count:0 state:0]
[2020-01-02 12:19:04] rtpData ------->   map[state:0 result: count:0] 
[GIN] 2020/01/02 - 12:19:04 | 200 |    2.867721ms |  192.168.66.115 | POST     /getResult
[2020-01-02 12:19:08] 自開彩開獎  {202001020740 1 34 true} 
ConfigData  map[user:fa_db database:FA_MEM redisIp:192.168.88.119 redisDB:3 ip:192.168.88.181 poolname:FA_MEM port:3306 password:1qaz!QAZ charset:utf8 redisPort:6379 redisPassword:""]
SqlString  SELECT RTP,Amount,Bonus  FROM M_RtpSetting  WHERE Sid = 1   AND State = 1   AND LTG_Code = 1 AND Gid = 34
sqlResult   map[state:0 result: count:0]
[2020-01-02 12:19:08] rtpData ------->   map[result: count:0 state:0] 
[GIN] 2020/01/02 - 12:19:08 | 200 |    3.184105ms |  192.168.66.115 | POST     /getResult
[2020-01-02 12:19:10] 自開彩開獎  {202001020247 1 35 true} 
ConfigData  map[ip:192.168.88.181 poolname:FA_MEM port:3306 database:FA_MEM charset:utf8 redisIp:192.168.88.119 redisPort:6379 redisDB:3 user:fa_db password:1qaz!QAZ redisPassword:""]
SqlString  SELECT RTP,Amount,Bonus  FROM M_RtpSetting  WHERE Sid = 1   AND State = 1   AND LTG_Code = 1 AND Gid = 35
[2020-01-02 12:19:10] 自開彩開獎  {202001020740 6 36 true} 
ConfigData  map[ip:192.168.88.181 database:FA_MEM redisIp:192.168.88.119 redisPassword:"" redisDB:3 poolname:FA_MEM port:3306 user:fa_db password:1qaz!QAZ charset:utf8 redisPort:6379]
SqlString  SELECT RTP,Amount,Bonus  FROM M_RtpSetting  WHERE Sid = 1   AND State = 1   AND LTG_Code = 6 AND Gid = 36
sqlResult   map[result: count:0 state:0]
[2020-01-02 12:19:10] rtpData ------->   map[count:0 state:0 result:] 
sqlResult   map[result: count:0 state:0]
[2020-01-02 12:19:10] rtpData ------->   map[result: count:0 state:0] 
[GIN] 2020/01/02 - 12:19:10 | 200 |    2.624505ms |  192.168.66.115 | POST     /getResult
[GIN] 2020/01/02 - 12:19:10 | 200 |    2.801606ms |  192.168.66.115 | POST     /getResult
[2020-01-02 12:19:10] 自開彩開獎  {202001020740 5 38 true} 
[2020-01-02 12:19:10] 自開彩開獎  {202001020740 4 40 true} 
[2020-01-02 12:19:10] 自開彩開獎  {202001020247 4 41 true} 
ConfigData  map[poolname:FA_MEM password:1qaz!QAZ charset:utf8 redisIp:192.168.88.119 redisPort:6379 redisPassword:"" ip:192.168.88.181 port:3306 user:fa_db database:FA_MEM redisDB:3]
SqlString  SELECT RTP,Amount,Bonus  FROM M_RtpSetting  WHERE Sid = 1   AND State = 1   AND LTG_Code = 4 AND Gid = 40
ConfigData  map[user:fa_db redisPort:6379 redisDB:3 ip:192.168.88.181 port:3306 database:FA_MEM charset:utf8 redisIp:192.168.88.119 redisPassword:"" poolname:FA_MEM password:1qaz!QAZ]
SqlString  SELECT RTP,Amount,Bonus  FROM M_RtpSetting  WHERE Sid = 1   AND State = 1   AND LTG_Code = 4 AND Gid = 41
ConfigData  map[ip:192.168.88.181 port:3306 password:1qaz!QAZ redisIp:192.168.88.119 redisPort:6379 poolname:FA_MEM user:fa_db database:FA_MEM charset:utf8 redisPassword:"" redisDB:3]
SqlString  SELECT RTP,Amount,Bonus  FROM M_RtpSetting  WHERE Sid = 1   AND State = 1   AND LTG_Code = 5 AND Gid = 38
sqlResult   map[result: count:0 state:0]
[2020-01-02 12:19:10] rtpData ------->   map[result: count:0 state:0] 
[GIN] 2020/01/02 - 12:19:10 | 200 |    3.035613ms |  192.168.66.115 | POST     /getResult
sqlResult   map[count:0 state:0 result:]
[2020-01-02 12:19:10] rtpData ------->   map[result: count:0 state:0] 
sqlResult   map[result: count:0 state:0]
[GIN] 2020/01/02 - 12:19:10 | 200 |    3.103116ms |  192.168.66.115 | POST     /getResult
[2020-01-02 12:19:10] rtpData ------->   map[result: count:0 state:0] 
[GIN] 2020/01/02 - 12:19:10 | 200 |    3.105664ms |  192.168.66.115 | POST     /getResult
[2020-01-02 12:19:14] 自開彩開獎  {202001020740 1 34 true} 
ConfigData  map[ip:192.168.88.181 user:fa_db password:1qaz!QAZ redisDB:3 poolname:FA_MEM port:3306 database:FA_MEM charset:utf8 redisIp:192.168.88.119 redisPort:6379 redisPassword:""]
SqlString  SELECT RTP,Amount,Bonus  FROM M_RtpSetting  WHERE Sid = 1   AND State = 1   AND LTG_Code = 1 AND Gid = 34
sqlResult   map[result: count:0 state:0]
[2020-01-02 12:19:14] rtpData ------->   map[result: count:0 state:0] 
[GIN] 2020/01/02 - 12:19:14 | 200 |    2.261459ms |  192.168.66.115 | POST     /getResult
[2020-01-02 12:19:16] 自開彩開獎  {202001020247 1 35 true} 
ConfigData  map[password:1qaz!QAZ redisPort:6379 redisPassword:"" redisDB:3 port:3306 user:fa_db database:FA_MEM charset:utf8 redisIp:192.168.88.119 ip:192.168.88.181 poolname:FA_MEM]
SqlString  SELECT RTP,Amount,Bonus  FROM M_RtpSetting  WHERE Sid = 1   AND State = 1   AND LTG_Code = 1 AND Gid = 35
[2020-01-02 12:19:16] 自開彩開獎  {202001020740 6 36 true} 
ConfigData  map[charset:utf8 redisIp:192.168.88.119 redisDB:3 poolname:FA_MEM password:1qaz!QAZ database:FA_MEM redisPort:6379 redisPassword:"" ip:192.168.88.181 port:3306 user:fa_db]
SqlString  SELECT RTP,Amount,Bonus  FROM M_RtpSetting  WHERE Sid = 1   AND State = 1   AND LTG_Code = 6 AND Gid = 36
sqlResult   map[count:0 state:0 result:]
[2020-01-02 12:19:16] rtpData ------->   map[result: count:0 state:0] 
[GIN] 2020/01/02 - 12:19:16 | 200 |    2.460163ms |  192.168.66.115 | POST     /getResult
sqlResult   map[result: count:0 state:0]
[2020-01-02 12:19:16] rtpData ------->   map[result: count:0 state:0] 
[GIN] 2020/01/02 - 12:19:16 | 200 |     2.44662ms |  192.168.66.115 | POST     /getResult
[2020-01-02 12:19:16] 自開彩開獎  {202001020740 5 38 true} 
ConfigData  map[redisIp:192.168.88.119 redisPort:6379 redisPassword:"" redisDB:3 port:3306 password:1qaz!QAZ charset:utf8 database:FA_MEM ip:192.168.88.181 poolname:FA_MEM user:fa_db]
SqlString  SELECT RTP,Amount,Bonus  FROM M_RtpSetting  WHERE Sid = 1   AND State = 1   AND LTG_Code = 5 AND Gid = 38
[2020-01-02 12:19:16] 自開彩開獎  {202001020740 4 40 true} 
ConfigData  map[ip:192.168.88.181 database:FA_MEM charset:utf8 redisPassword:"" poolname:FA_MEM port:3306 user:fa_db password:1qaz!QAZ redisIp:192.168.88.119 redisPort:6379 redisDB:3]
SqlString  SELECT RTP,Amount,Bonus  FROM M_RtpSetting  WHERE Sid = 1   AND State = 1   AND LTG_Code = 4 AND Gid = 40
[2020-01-02 12:19:16] 自開彩開獎  {202001020247 4 41 true} 
ConfigData  map[password:1qaz!QAZ database:FA_MEM charset:utf8 redisIp:192.168.88.119 redisPort:6379 ip:192.168.88.181 port:3306 user:fa_db redisPassword:"" redisDB:3 poolname:FA_MEM]
SqlString  SELECT RTP,Amount,Bonus  FROM M_RtpSetting  WHERE Sid = 1   AND State = 1   AND LTG_Code = 4 AND Gid = 41
sqlResult   map[result: count:0 state:0]
[2020-01-02 12:19:16] rtpData ------->   map[result: count:0 state:0] 
sqlResult   map[result: count:0 state:0]
[GIN] 2020/01/02 - 12:19:16 | 200 |    2.837541ms |  192.168.66.115 | POST     /getResult
[2020-01-02 12:19:16] rtpData ------->   map[count:0 state:0 result:] 
sqlResult   map[result: count:0 state:0]
[2020-01-02 12:19:16] rtpData ------->   map[result: count:0 state:0] 
[GIN] 2020/01/02 - 12:19:16 | 200 |    2.858367ms |  192.168.66.115 | POST     /getResult
[GIN] 2020/01/02 - 12:19:16 | 200 |    2.665793ms |  192.168.66.115 | POST     /getResult
[2020-01-02 12:19:20] 自開彩開獎  {202001020740 1 34 true} 
ConfigData  map[poolname:FA_MEM password:1qaz!QAZ database:FA_MEM redisIp:192.168.88.119 redisPort:6379 redisPassword:"" ip:192.168.88.181 port:3306 user:fa_db charset:utf8 redisDB:3]
SqlString  SELECT RTP,Amount,Bonus  FROM M_RtpSetting  WHERE Sid = 1   AND State = 1   AND LTG_Code = 1 AND Gid = 34
sqlResult   map[result: count:0 state:0]
[2020-01-02 12:19:20] rtpData ------->   map[count:0 state:0 result:] 
[GIN] 2020/01/02 - 12:19:20 | 200 |    2.486832ms |  192.168.66.115 | POST     /getResult
[2020-01-02 12:19:22] 自開彩開獎  {202001020740 6 36 true} 
ConfigData  map[port:3306 user:fa_db database:FA_MEM charset:utf8 redisPort:6379 redisDB:3 ip:192.168.88.181 poolname:FA_MEM password:1qaz!QAZ redisIp:192.168.88.119 redisPassword:""]
SqlString  SELECT RTP,Amount,Bonus  FROM M_RtpSetting  WHERE Sid = 1   AND State = 1   AND LTG_Code = 6 AND Gid = 36
[2020-01-02 12:19:22] 自開彩開獎  {202001020247 1 35 true} 
ConfigData  map[password:1qaz!QAZ charset:utf8 redisPort:6379 redisPassword:"" redisDB:3 ip:192.168.88.181 poolname:FA_MEM database:FA_MEM redisIp:192.168.88.119 port:3306 user:fa_db]
SqlString  SELECT RTP,Amount,Bonus  FROM M_RtpSetting  WHERE Sid = 1   AND State = 1   AND LTG_Code = 1 AND Gid = 35
sqlResult   map[result: count:0 state:0]
[2020-01-02 12:19:22] rtpData ------->   map[result: count:0 state:0] 
sqlResult   map[result: count:0 state:0]
[2020-01-02 12:19:22] rtpData ------->   map[result: count:0 state:0] 
[GIN] 2020/01/02 - 12:19:22 | 200 |    2.631989ms |  192.168.66.115 | POST     /getResult
[GIN] 2020/01/02 - 12:19:22 | 200 |    2.567401ms |  192.168.66.115 | POST     /getResult
[2020-01-02 12:19:22] 自開彩開獎  {202001020740 5 38 true} 
[2020-01-02 12:19:22] 自開彩開獎  {202001020740 4 40 true} 
ConfigData  map[redisPassword:"" ip:192.168.88.181 port:3306 redisIp:192.168.88.119 redisPort:6379 charset:utf8 redisDB:3 poolname:FA_MEM user:fa_db password:1qaz!QAZ database:FA_MEM]
SqlString  SELECT RTP,Amount,Bonus  FROM M_RtpSetting  WHERE Sid = 1   AND State = 1   AND LTG_Code = 4 AND Gid = 40
ConfigData  map[ip:192.168.88.181 port:3306 password:1qaz!QAZ charset:utf8 redisPassword:"" redisDB:3 poolname:FA_MEM user:fa_db database:FA_MEM redisIp:192.168.88.119 redisPort:6379]
[2020-01-02 12:19:22] 自開彩開獎  {202001020247 4 41 true} 
ConfigData  map[charset:utf8 redisIp:192.168.88.119 redisPassword:"" redisDB:3 ip:192.168.88.181 poolname:FA_MEM password:1qaz!QAZ database:FA_MEM redisPort:6379 port:3306 user:fa_db]
SqlString  SELECT RTP,Amount,Bonus  FROM M_RtpSetting  WHERE Sid = 1   AND State = 1   AND LTG_Code = 4 AND Gid = 41
SqlString  SELECT RTP,Amount,Bonus  FROM M_RtpSetting  WHERE Sid = 1   AND State = 1   AND LTG_Code = 5 AND Gid = 38
sqlResult   map[result: count:0 state:0]
[2020-01-02 12:19:22] rtpData ------->   map[result: count:0 state:0] 
sqlResult   map[result: count:0 state:0]
[2020-01-02 12:19:22] rtpData ------->   map[result: count:0 state:0] 
[GIN] 2020/01/02 - 12:19:22 | 200 |    2.786549ms |  192.168.66.115 | POST     /getResult
[GIN] 2020/01/02 - 12:19:22 | 200 |    2.824367ms |  192.168.66.115 | POST     /getResult
sqlResult   map[result: count:0 state:0]
[2020-01-02 12:19:22] rtpData ------->   map[state:0 result: count:0] 
[GIN] 2020/01/02 - 12:19:22 | 200 |    2.777048ms |  192.168.66.115 | POST     /getResult
[2020-01-02 12:19:26] 自開彩開獎  {202001020740 1 34 true} 
ConfigData  map[charset:utf8 redisPort:6379 poolname:FA_MEM user:fa_db password:1qaz!QAZ redisIp:192.168.88.119 redisPassword:"" redisDB:3 ip:192.168.88.181 port:3306 database:FA_MEM]
SqlString  SELECT RTP,Amount,Bonus  FROM M_RtpSetting  WHERE Sid = 1   AND State = 1   AND LTG_Code = 1 AND Gid = 34
sqlResult   map[result: count:0 state:0]
[2020-01-02 12:19:26] rtpData ------->   map[state:0 result: count:0] 
[GIN] 2020/01/02 - 12:19:26 | 200 |    3.172736ms |  192.168.66.115 | POST     /getResult
[2020-01-02 12:19:28] 自開彩開獎  {202001020247 1 35 true} 
ConfigData  map[poolname:FA_MEM charset:utf8 redisIp:192.168.88.119 redisDB:3 redisPassword:"" ip:192.168.88.181 port:3306 user:fa_db password:1qaz!QAZ database:FA_MEM redisPort:6379]
SqlString  SELECT RTP,Amount,Bonus  FROM M_RtpSetting  WHERE Sid = 1   AND State = 1   AND LTG_Code = 1 AND Gid = 35
[2020-01-02 12:19:28] 自開彩開獎  {202001020740 6 36 true} 
ConfigData  map[redisPort:6379 ip:192.168.88.181 user:fa_db password:1qaz!QAZ database:FA_MEM charset:utf8 poolname:FA_MEM port:3306 redisIp:192.168.88.119 redisPassword:"" redisDB:3]
SqlString  SELECT RTP,Amount,Bonus  FROM M_RtpSetting  WHERE Sid = 1   AND State = 1   AND LTG_Code = 6 AND Gid = 36
sqlResult   map[count:0 state:0 result:]
[2020-01-02 12:19:28] rtpData ------->   map[result: count:0 state:0] 
[GIN] 2020/01/02 - 12:19:28 | 200 |     3.31381ms |  192.168.66.115 | POST     /getResult
sqlResult   map[result: count:0 state:0]
[2020-01-02 12:19:28] rtpData ------->   map[result: count:0 state:0] 
[GIN] 2020/01/02 - 12:19:28 | 200 |    2.167108ms |  192.168.66.115 | POST     /getResult
[2020-01-02 12:19:28] 自開彩開獎  {202001020740 4 40 true} 
[2020-01-02 12:19:28] 自開彩開獎  {202001020247 4 41 true} 
ConfigData  map[user:fa_db password:1qaz!QAZ database:FA_MEM redisPort:6379 redisDB:3 ip:192.168.88.181 poolname:FA_MEM port:3306 charset:utf8 redisIp:192.168.88.119 redisPassword:""]
SqlString  SELECT RTP,Amount,Bonus  FROM M_RtpSetting  WHERE Sid = 1   AND State = 1   AND LTG_Code = 4 AND Gid = 41
ConfigData  map[charset:utf8 redisIp:192.168.88.119 redisPassword:"" redisDB:3 password:1qaz!QAZ poolname:FA_MEM port:3306 user:fa_db database:FA_MEM redisPort:6379 ip:192.168.88.181]
SqlString  SELECT RTP,Amount,Bonus  FROM M_RtpSetting  WHERE Sid = 1   AND State = 1   AND LTG_Code = 4 AND Gid = 40
[2020-01-02 12:19:28] 自開彩開獎  {202001020740 5 38 true} 
ConfigData  map[ip:192.168.88.181 port:3306 user:fa_db database:FA_MEM charset:utf8 redisPassword:"" redisDB:3 poolname:FA_MEM password:1qaz!QAZ redisIp:192.168.88.119 redisPort:6379]
SqlString  SELECT RTP,Amount,Bonus  FROM M_RtpSetting  WHERE Sid = 1   AND State = 1   AND LTG_Code = 5 AND Gid = 38
sqlResult   map[state:0 result: count:0]
[2020-01-02 12:19:28] rtpData ------->   map[result: count:0 state:0] 
[GIN] 2020/01/02 - 12:19:28 | 200 |    2.422107ms |  192.168.66.115 | POST     /getResult
sqlResult   map[count:0 state:0 result:]
[2020-01-02 12:19:28] rtpData ------->   map[result: count:0 state:0] 
[GIN] 2020/01/02 - 12:19:28 | 200 |    2.553363ms |  192.168.66.115 | POST     /getResult
sqlResult   map[result: count:0 state:0]
[2020-01-02 12:19:28] rtpData ------->   map[count:0 state:0 result:] 
[GIN] 2020/01/02 - 12:19:28 | 200 |    3.015199ms |  192.168.66.115 | POST     /getResult
[2020-01-02 12:19:32] 自開彩開獎  {202001020740 1 34 true} 
ConfigData  map[redisPassword:"" ip:192.168.88.181 poolname:FA_MEM port:3306 redisIp:192.168.88.119 redisPort:6379 user:fa_db password:1qaz!QAZ database:FA_MEM charset:utf8 redisDB:3]
SqlString  SELECT RTP,Amount,Bonus  FROM M_RtpSetting  WHERE Sid = 1   AND State = 1   AND LTG_Code = 1 AND Gid = 34
sqlResult   map[count:0 state:0 result:]
[2020-01-02 12:19:32] rtpData ------->   map[result: count:0 state:0] 
[GIN] 2020/01/02 - 12:19:32 | 200 |    2.947894ms |  192.168.66.115 | POST     /getResult
[2020-01-02 12:19:34] 自開彩開獎  {202001020247 1 35 true} 
ConfigData  map[port:3306 charset:utf8 redisPort:6379 redisDB:3 ip:192.168.88.181 poolname:FA_MEM user:fa_db password:1qaz!QAZ database:FA_MEM redisIp:192.168.88.119 redisPassword:""]
SqlString  SELECT RTP,Amount,Bonus  FROM M_RtpSetting  WHERE Sid = 1   AND State = 1   AND LTG_Code = 1 AND Gid = 35
sqlResult   map[result: count:0 state:0]
[2020-01-02 12:19:34] rtpData ------->   map[result: count:0 state:0] 
[GIN] 2020/01/02 - 12:19:34 | 200 |    2.484192ms |  192.168.66.115 | POST     /getResult
[2020-01-02 12:19:34] 自開彩開獎  {202001020740 6 36 true} 
ConfigData  map[port:3306 database:FA_MEM redisDB:3 charset:utf8 redisIp:192.168.88.119 redisPort:6379 redisPassword:"" ip:192.168.88.181 poolname:FA_MEM user:fa_db password:1qaz!QAZ]
SqlString  SELECT RTP,Amount,Bonus  FROM M_RtpSetting  WHERE Sid = 1   AND State = 1   AND LTG_Code = 6 AND Gid = 36
sqlResult   map[result: count:0 state:0]
[2020-01-02 12:19:34] rtpData ------->   map[state:0 result: count:0] 
[GIN] 2020/01/02 - 12:19:34 | 200 |     1.92786ms |  192.168.66.115 | POST     /getResult
[2020-01-02 12:19:34] 自開彩開獎  {202001020740 5 38 true} 
ConfigData  map[ip:192.168.88.181 port:3306 user:fa_db password:1qaz!QAZ redisIp:192.168.88.119 redisPassword:"" redisDB:3 poolname:FA_MEM database:FA_MEM charset:utf8 redisPort:6379]
[2020-01-02 12:19:34] 自開彩開獎  {202001020247 4 41 true} 
ConfigData  map[port:3306 user:fa_db database:FA_MEM charset:utf8 redisIp:192.168.88.119 poolname:FA_MEM password:1qaz!QAZ redisPort:6379 redisPassword:"" redisDB:3 ip:192.168.88.181]
SqlString  SELECT RTP,Amount,Bonus  FROM M_RtpSetting  WHERE Sid = 1   AND State = 1   AND LTG_Code = 4 AND Gid = 41
[2020-01-02 12:19:34] 自開彩開獎  {202001020740 4 40 true} 
ConfigData  map[user:fa_db password:1qaz!QAZ charset:utf8 redisIp:192.168.88.119 ip:192.168.88.181 poolname:FA_MEM redisPort:6379 redisPassword:"" redisDB:3 port:3306 database:FA_MEM]
SqlString  SELECT RTP,Amount,Bonus  FROM M_RtpSetting  WHERE Sid = 1   AND State = 1   AND LTG_Code = 4 AND Gid = 40
SqlString  SELECT RTP,Amount,Bonus  FROM M_RtpSetting  WHERE Sid = 1   AND State = 1   AND LTG_Code = 5 AND Gid = 38
sqlResult   map[result: count:0 state:0]
[2020-01-02 12:19:34] rtpData ------->   map[result: count:0 state:0] 
[GIN] 2020/01/02 - 12:19:34 | 200 |    2.667442ms |  192.168.66.115 | POST     /getResult
sqlResult   map[state:0 result: count:0]
sqlResult   map[state:0 result: count:0]
[2020-01-02 12:19:34] rtpData ------->   map[result: count:0 state:0] 
[GIN] 2020/01/02 - 12:19:34 | 200 |    2.749645ms |  192.168.66.115 | POST     /getResult
[2020-01-02 12:19:34] rtpData ------->   map[result: count:0 state:0] 
[GIN] 2020/01/02 - 12:19:34 | 200 |    3.123864ms |  192.168.66.115 | POST     /getResult
[2020-01-02 12:19:38] 自開彩開獎  {202001020740 1 34 true} 
ConfigData  map[poolname:FA_MEM port:3306 user:fa_db password:1qaz!QAZ redisIp:192.168.88.119 redisPort:6379 redisPassword:"" ip:192.168.88.181 charset:utf8 redisDB:3 database:FA_MEM]
SqlString  SELECT RTP,Amount,Bonus  FROM M_RtpSetting  WHERE Sid = 1   AND State = 1   AND LTG_Code = 1 AND Gid = 34
sqlResult   map[result: count:0 state:0]
[2020-01-02 12:19:38] rtpData ------->   map[result: count:0 state:0] 
[GIN] 2020/01/02 - 12:19:38 | 200 |    2.830953ms |  192.168.66.115 | POST     /getResult
[2020-01-02 12:19:40] 自開彩開獎  {202001020247 1 35 true} 
ConfigData  map[user:fa_db charset:utf8 redisIp:192.168.88.119 redisPort:6379 redisPassword:"" redisDB:3 ip:192.168.88.181 poolname:FA_MEM port:3306 password:1qaz!QAZ database:FA_MEM]
SqlString  SELECT RTP,Amount,Bonus  FROM M_RtpSetting  WHERE Sid = 1   AND State = 1   AND LTG_Code = 1 AND Gid = 35
sqlResult   map[state:0 result: count:0]
[2020-01-02 12:19:40] rtpData ------->   map[result: count:0 state:0] 
[GIN] 2020/01/02 - 12:19:40 | 200 |    3.163661ms |  192.168.66.115 | POST     /getResult
[2020-01-02 12:19:40] 自開彩開獎  {202001020740 6 36 true} 
ConfigData  map[poolname:FA_MEM database:FA_MEM charset:utf8 redisPort:6379 redisPassword:"" redisDB:3 ip:192.168.88.181 port:3306 user:fa_db password:1qaz!QAZ redisIp:192.168.88.119]
SqlString  SELECT RTP,Amount,Bonus  FROM M_RtpSetting  WHERE Sid = 1   AND State = 1   AND LTG_Code = 6 AND Gid = 36
sqlResult   map[result: count:0 state:0]
[2020-01-02 12:19:40] rtpData ------->   map[state:0 result: count:0] 
[GIN] 2020/01/02 - 12:19:40 | 200 |    2.112987ms |  192.168.66.115 | POST     /getResult
[2020-01-02 12:19:40] 自開彩開獎  {202001020740 5 38 true} 
ConfigData  map[charset:utf8 redisDB:3 port:3306 user:fa_db password:1qaz!QAZ database:FA_MEM redisPassword:"" ip:192.168.88.181 poolname:FA_MEM redisIp:192.168.88.119 redisPort:6379]
SqlString  SELECT RTP,Amount,Bonus  FROM M_RtpSetting  WHERE Sid = 1   AND State = 1   AND LTG_Code = 5 AND Gid = 38
sqlResult   map[result: count:0 state:0]
[2020-01-02 12:19:40] rtpData ------->   map[state:0 result: count:0] 
[GIN] 2020/01/02 - 12:19:40 | 200 |    1.903942ms |  192.168.66.115 | POST     /getResult
[2020-01-02 12:19:40] 自開彩開獎  {202001020740 4 40 true} 
ConfigData  map[user:fa_db password:1qaz!QAZ database:FA_MEM redisIp:192.168.88.119 redisPort:6379 redisPassword:"" ip:192.168.88.181 poolname:FA_MEM port:3306 charset:utf8 redisDB:3]
SqlString  SELECT RTP,Amount,Bonus  FROM M_RtpSetting  WHERE Sid = 1   AND State = 1   AND LTG_Code = 4 AND Gid = 40
[2020-01-02 12:19:40] 自開彩開獎  {202001020247 4 41 true} 
ConfigData  map[redisPassword:"" redisDB:3 ip:192.168.88.181 poolname:FA_MEM user:fa_db password:1qaz!QAZ database:FA_MEM redisPort:6379 port:3306 charset:utf8 redisIp:192.168.88.119]
SqlString  SELECT RTP,Amount,Bonus  FROM M_RtpSetting  WHERE Sid = 1   AND State = 1   AND LTG_Code = 4 AND Gid = 41
sqlResult   map[result: count:0 state:0]
[2020-01-02 12:19:40] rtpData ------->   map[state:0 result: count:0] 
[GIN] 2020/01/02 - 12:19:40 | 200 |     1.67611ms |  192.168.66.115 | POST     /getResult
sqlResult   map[result: count:0 state:0]
[2020-01-02 12:19:40] rtpData ------->   map[result: count:0 state:0] 
[GIN] 2020/01/02 - 12:19:40 | 200 |    1.747674ms |  192.168.66.115 | POST     /getResult
[2020-01-02 12:19:44] 自開彩開獎  {202001020740 1 34 true} 
ConfigData  map[user:fa_db password:1qaz!QAZ charset:utf8 redisDB:3 ip:192.168.88.181 poolname:FA_MEM redisIp:192.168.88.119 redisPort:6379 redisPassword:"" port:3306 database:FA_MEM]
SqlString  SELECT RTP,Amount,Bonus  FROM M_RtpSetting  WHERE Sid = 1   AND State = 1   AND LTG_Code = 1 AND Gid = 34
sqlResult   map[result: count:0 state:0]
[2020-01-02 12:19:44] rtpData ------->   map[result: count:0 state:0] 
[GIN] 2020/01/02 - 12:19:44 | 200 |    2.233917ms |  192.168.66.115 | POST     /getResult
[2020-01-02 12:19:46] 自開彩開獎  {202001020247 1 35 true} 
ConfigData  map[port:3306 password:1qaz!QAZ charset:utf8 database:FA_MEM redisIp:192.168.88.119 redisPort:6379 redisPassword:"" redisDB:3 ip:192.168.88.181 poolname:FA_MEM user:fa_db]
SqlString  SELECT RTP,Amount,Bonus  FROM M_RtpSetting  WHERE Sid = 1   AND State = 1   AND LTG_Code = 1 AND Gid = 35
[2020-01-02 12:19:46] 自開彩開獎  {202001020740 6 36 true} 
ConfigData  map[password:1qaz!QAZ database:FA_MEM charset:utf8 redisPort:6379 redisPassword:"" redisDB:3 ip:192.168.88.181 poolname:FA_MEM port:3306 user:fa_db redisIp:192.168.88.119]
SqlString  SELECT RTP,Amount,Bonus  FROM M_RtpSetting  WHERE Sid = 1   AND State = 1   AND LTG_Code = 6 AND Gid = 36
sqlResult   map[result: count:0 state:0]
[2020-01-02 12:19:46] rtpData ------->   map[result: count:0 state:0] 
[GIN] 2020/01/02 - 12:19:46 | 200 |    2.298677ms |  192.168.66.115 | POST     /getResult
sqlResult   map[count:0 state:0 result:]
[2020-01-02 12:19:46] rtpData ------->   map[result: count:0 state:0] 
[GIN] 2020/01/02 - 12:19:46 | 200 |    1.913242ms |  192.168.66.115 | POST     /getResult
[2020-01-02 12:19:46] 自開彩開獎  {202001020740 5 38 true} 
ConfigData  map[user:fa_db charset:utf8 redisIp:192.168.88.119 redisPassword:"" redisDB:3 poolname:FA_MEM port:3306 database:FA_MEM redisPort:6379 ip:192.168.88.181 password:1qaz!QAZ]
SqlString  SELECT RTP,Amount,Bonus  FROM M_RtpSetting  WHERE Sid = 1   AND State = 1   AND LTG_Code = 5 AND Gid = 38
[2020-01-02 12:19:46] 自開彩開獎  {202001020247 4 41 true} 
ConfigData  map[charset:utf8 redisPort:6379 redisPassword:"" database:FA_MEM poolname:FA_MEM port:3306 user:fa_db password:1qaz!QAZ redisIp:192.168.88.119 redisDB:3 ip:192.168.88.181]
SqlString  SELECT RTP,Amount,Bonus  FROM M_RtpSetting  WHERE Sid = 1   AND State = 1   AND LTG_Code = 4 AND Gid = 41
[2020-01-02 12:19:46] 自開彩開獎  {202001020740 4 40 true} 
ConfigData  map[database:FA_MEM charset:utf8 poolname:FA_MEM user:fa_db password:1qaz!QAZ redisIp:192.168.88.119 redisPort:6379 redisPassword:"" redisDB:3 ip:192.168.88.181 port:3306]
SqlString  SELECT RTP,Amount,Bonus  FROM M_RtpSetting  WHERE Sid = 1   AND State = 1   AND LTG_Code = 4 AND Gid = 40
sqlResult   map[result: count:0 state:0]
[2020-01-02 12:19:46] rtpData ------->   map[count:0 state:0 result:] 
sqlResult   map[result: count:0 state:0]
[2020-01-02 12:19:46] rtpData ------->   map[result: count:0 state:0] 
[GIN] 2020/01/02 - 12:19:46 | 200 |    2.695989ms |  192.168.66.115 | POST     /getResult
[GIN] 2020/01/02 - 12:19:46 | 200 |     2.92963ms |  192.168.66.115 | POST     /getResult
sqlResult   map[result: count:0 state:0]
[2020-01-02 12:19:46] rtpData ------->   map[result: count:0 state:0] 
[GIN] 2020/01/02 - 12:19:46 | 200 |    2.904178ms |  192.168.66.115 | POST     /getResult
[2020-01-02 12:19:50] 自開彩開獎  {202001020740 1 34 true} 
ConfigData  map[redisPort:6379 redisPassword:"" redisDB:3 ip:192.168.88.181 poolname:FA_MEM user:fa_db charset:utf8 redisIp:192.168.88.119 port:3306 password:1qaz!QAZ database:FA_MEM]
SqlString  SELECT RTP,Amount,Bonus  FROM M_RtpSetting  WHERE Sid = 1   AND State = 1   AND LTG_Code = 1 AND Gid = 34
sqlResult   map[result: count:0 state:0]
[2020-01-02 12:19:50] rtpData ------->   map[count:0 state:0 result:] 
[GIN] 2020/01/02 - 12:19:50 | 200 |    2.655265ms |  192.168.66.115 | POST     /getResult
[2020-01-02 12:19:52] 自開彩開獎  {202001020740 6 36 true} 
ConfigData  map[ip:192.168.88.181 database:FA_MEM redisDB:3 password:1qaz!QAZ charset:utf8 redisIp:192.168.88.119 redisPort:6379 redisPassword:"" poolname:FA_MEM port:3306 user:fa_db]
SqlString  SELECT RTP,Amount,Bonus  FROM M_RtpSetting  WHERE Sid = 1   AND State = 1   AND LTG_Code = 6 AND Gid = 36
[2020-01-02 12:19:52] 自開彩開獎  {202001020247 1 35 true} 
ConfigData  map[charset:utf8 redisIp:192.168.88.119 redisPort:6379 redisPassword:"" redisDB:3 poolname:FA_MEM user:fa_db password:1qaz!QAZ ip:192.168.88.181 port:3306 database:FA_MEM]
SqlString  SELECT RTP,Amount,Bonus  FROM M_RtpSetting  WHERE Sid = 1   AND State = 1   AND LTG_Code = 1 AND Gid = 35
sqlResult   map[count:0 state:0 result:]
[2020-01-02 12:19:52] rtpData ------->   map[result: count:0 state:0] 
[GIN] 2020/01/02 - 12:19:52 | 200 |    2.431109ms |  192.168.66.115 | POST     /getResult
sqlResult   map[result: count:0 state:0]
[2020-01-02 12:19:52] rtpData ------->   map[result: count:0 state:0] 
[GIN] 2020/01/02 - 12:19:52 | 200 |    2.630141ms |  192.168.66.115 | POST     /getResult
[2020-01-02 12:19:52] 自開彩開獎  {202001020740 5 38 true} 
ConfigData  map[user:fa_db redisPort:6379 ip:192.168.88.181 poolname:FA_MEM port:3306 password:1qaz!QAZ database:FA_MEM charset:utf8 redisIp:192.168.88.119 redisPassword:"" redisDB:3]
SqlString  SELECT RTP,Amount,Bonus  FROM M_RtpSetting  WHERE Sid = 1   AND State = 1   AND LTG_Code = 5 AND Gid = 38
[2020-01-02 12:19:52] 自開彩開獎  {202001020740 4 40 true} 
ConfigData  map[redisPassword:"" ip:192.168.88.181 user:fa_db password:1qaz!QAZ database:FA_MEM charset:utf8 poolname:FA_MEM port:3306 redisIp:192.168.88.119 redisPort:6379 redisDB:3]
SqlString  SELECT RTP,Amount,Bonus  FROM M_RtpSetting  WHERE Sid = 1   AND State = 1   AND LTG_Code = 4 AND Gid = 40
[2020-01-02 12:19:52] 自開彩開獎  {202001020247 4 41 true} 
ConfigData  map[user:fa_db password:1qaz!QAZ database:FA_MEM charset:utf8 redisIp:192.168.88.119 redisPassword:"" redisDB:3 ip:192.168.88.181 port:3306 redisPort:6379 poolname:FA_MEM]
SqlString  SELECT RTP,Amount,Bonus  FROM M_RtpSetting  WHERE Sid = 1   AND State = 1   AND LTG_Code = 4 AND Gid = 41
sqlResult   map[state:0 result: count:0]
[2020-01-02 12:19:52] rtpData ------->   map[result: count:0 state:0] 
[GIN] 2020/01/02 - 12:19:52 | 200 |    2.643732ms |  192.168.66.115 | POST     /getResult
sqlResult   map[result: count:0 state:0]
[2020-01-02 12:19:52] rtpData ------->   map[result: count:0 state:0] 
[GIN] 2020/01/02 - 12:19:52 | 200 |    2.467092ms |  192.168.66.115 | POST     /getResult
sqlResult   map[result: count:0 state:0]
[2020-01-02 12:19:52] rtpData ------->   map[result: count:0 state:0] 
[GIN] 2020/01/02 - 12:19:52 | 200 |    2.573678ms |  192.168.66.115 | POST     /getResult
[2020-01-02 12:19:56] 自開彩開獎  {202001020740 1 34 true} 
ConfigData  map[password:1qaz!QAZ database:FA_MEM redisIp:192.168.88.119 redisPort:6379 redisDB:3 ip:192.168.88.181 user:fa_db charset:utf8 redisPassword:"" poolname:FA_MEM port:3306]
SqlString  SELECT RTP,Amount,Bonus  FROM M_RtpSetting  WHERE Sid = 1   AND State = 1   AND LTG_Code = 1 AND Gid = 34
sqlResult   map[result: count:0 state:0]
[2020-01-02 12:19:56] rtpData ------->   map[result: count:0 state:0] 
[GIN] 2020/01/02 - 12:19:56 | 200 |    2.401917ms |  192.168.66.115 | POST     /getResult
[2020-01-02 12:19:58] 自開彩開獎  {202001020247 1 35 true} 
ConfigData  map[user:fa_db password:1qaz!QAZ charset:utf8 redisPassword:"" ip:192.168.88.181 poolname:FA_MEM port:3306 database:FA_MEM redisIp:192.168.88.119 redisPort:6379 redisDB:3]
SqlString  SELECT RTP,Amount,Bonus  FROM M_RtpSetting  WHERE Sid = 1   AND State = 1   AND LTG_Code = 1 AND Gid = 35
[2020-01-02 12:19:58] 自開彩開獎  {202001020740 6 36 true} 
ConfigData  map[ip:192.168.88.181 redisIp:192.168.88.119 redisPort:6379 redisDB:3 database:FA_MEM charset:utf8 redisPassword:"" poolname:FA_MEM port:3306 user:fa_db password:1qaz!QAZ]
SqlString  SELECT RTP,Amount,Bonus  FROM M_RtpSetting  WHERE Sid = 1   AND State = 1   AND LTG_Code = 6 AND Gid = 36
sqlResult   map[state:0 result: count:0]
[2020-01-02 12:19:58] rtpData ------->   map[result: count:0 state:0] 
[GIN] 2020/01/02 - 12:19:58 | 200 |    2.328524ms |  192.168.66.115 | POST     /getResult
sqlResult   map[result: count:0 state:0]
[2020-01-02 12:19:58] rtpData ------->   map[result: count:0 state:0] 
[GIN] 2020/01/02 - 12:19:58 | 200 |    2.462075ms |  192.168.66.115 | POST     /getResult
[2020-01-02 12:19:58] 自開彩開獎  {202001020740 5 38 true} 
ConfigData  map[ip:192.168.88.181 port:3306 user:fa_db redisIp:192.168.88.119 redisPort:6379 redisPassword:"" poolname:FA_MEM password:1qaz!QAZ database:FA_MEM charset:utf8 redisDB:3]
SqlString  SELECT RTP,Amount,Bonus  FROM M_RtpSetting  WHERE Sid = 1   AND State = 1   AND LTG_Code = 5 AND Gid = 38
[2020-01-02 12:19:58] 自開彩開獎  {202001020247 4 41 true} 
ConfigData  map[ip:192.168.88.181 password:1qaz!QAZ redisPort:6379 charset:utf8 redisIp:192.168.88.119 redisPassword:"" redisDB:3 poolname:FA_MEM port:3306 user:fa_db database:FA_MEM]
SqlString  SELECT RTP,Amount,Bonus  FROM M_RtpSetting  WHERE Sid = 1   AND State = 1   AND LTG_Code = 4 AND Gid = 41
[2020-01-02 12:19:58] 自開彩開獎  {202001020740 4 40 true} 
ConfigData  map[redisIp:192.168.88.119 redisDB:3 ip:192.168.88.181 poolname:FA_MEM database:FA_MEM charset:utf8 redisPort:6379 redisPassword:"" port:3306 user:fa_db password:1qaz!QAZ]
SqlString  SELECT RTP,Amount,Bonus  FROM M_RtpSetting  WHERE Sid = 1   AND State = 1   AND LTG_Code = 4 AND Gid = 40
sqlResult   map[result: count:0 state:0]
[2020-01-02 12:19:58] rtpData ------->   map[result: count:0 state:0] 
[GIN] 2020/01/02 - 12:19:58 | 200 |    3.020628ms |  192.168.66.115 | POST     /getResult
sqlResult   map[result: count:0 state:0]
[2020-01-02 12:19:58] rtpData ------->   map[result: count:0 state:0] 
[GIN] 2020/01/02 - 12:19:58 | 200 |    3.455341ms |  192.168.66.115 | POST     /getResult
sqlResult   map[result: count:0 state:0]
[2020-01-02 12:19:58] rtpData ------->   map[count:0 state:0 result:] 
[GIN] 2020/01/02 - 12:19:58 | 200 |    3.427959ms |  192.168.66.115 | POST     /getResult
[2020-01-02 12:20:00] 自開彩開獎  {202001020149 5 39 true} 
ConfigData  map[password:1qaz!QAZ redisIp:192.168.88.119 redisPort:6379 redisPassword:"" ip:192.168.88.181 port:3306 user:fa_db database:FA_MEM charset:utf8 redisDB:3 poolname:FA_MEM]
SqlString  SELECT RTP,Amount,Bonus  FROM M_RtpSetting  WHERE Sid = 1   AND State = 1   AND LTG_Code = 5 AND Gid = 39
[2020-01-02 12:20:00] 自開彩開獎  {20200102149 2 28 true} 
ConfigData  map[redisIp:192.168.88.119 redisPort:6379 redisPassword:"" ip:192.168.88.181 poolname:FA_MEM port:3306 user:fa_db password:1qaz!QAZ database:FA_MEM charset:utf8 redisDB:3]
SqlString  SELECT RTP,Amount,Bonus  FROM M_RtpSetting  WHERE Sid = 1   AND State = 1   AND LTG_Code = 2 AND Gid = 28
[2020-01-02 12:20:00] 自開彩開獎  {202001020741 2 26 true} 
ConfigData  map[charset:utf8 redisIp:192.168.88.119 redisPort:6379 redisPassword:"" poolname:FA_MEM port:3306 user:fa_db password:1qaz!QAZ redisDB:3 ip:192.168.88.181 database:FA_MEM]
SqlString  SELECT RTP,Amount,Bonus  FROM M_RtpSetting  WHERE Sid = 1   AND State = 1   AND LTG_Code = 2 AND Gid = 26
sqlResult   map[result: count:0 state:0]
[2020-01-02 12:20:00] rtpData ------->   map[result: count:0 state:0] 
[GIN] 2020/01/02 - 12:20:00 | 200 |    2.254635ms |  192.168.66.115 | POST     /getResult
sqlResult   map[count:1 state:1 amount:1.0069588e+06 bonus:908100.71 result:0.9600]
sqlResult   map[count:1 state:1 amount:234518 bonus:161148.41 result:0.9600]
[2020-01-02 12:20:00] rtpData ------->   map[result:0.9600 count:1 state:1 amount:1.0069588e+06 bonus:908100.71] 
[2020-01-02 12:20:00] rtpData ------->   map[result:0.9600 count:1 state:1 amount:234518 bonus:161148.41] 
ConfigData  map[redisPassword:"" ip:192.168.88.181 database:FA_MEM charset:utf8 redisPort:6379 redisIp:192.168.88.119 redisDB:3 poolname:FA_MEM port:3306 user:fa_db password:1qaz!QAZ]
ConfigData  map[ip:192.168.88.181 poolname:FA_MEM user:fa_db redisIp:192.168.88.119 redisPort:6379 port:3306 password:1qaz!QAZ database:FA_MEM charset:utf8 redisPassword:"" redisDB:3]
SELECT BO_No, BO_OrderNo , BO_User , BO_Issue  , BO_LotteryTypeGroup, BO_LotteryType, BO_Mode, BO_LotteryPlayGroup, BO_LotteryPlay , BO_LotteryContent, BO_Price, BO_RealPrice, BO_Unit, BO_Multiple , BO_BetCount  , BO_Winnings, BO_Winnings2, BO_Winnings3, BO_WinningLimit  , BO_Water , BO_BW_SourceUserId, BO_BW_BackWater, BO_BW_LimitBetCount, BO_BW_MaxAmount, BO_BW_AuditMultiple  , BO_Odds, BO_Odds2, BO_Odds3 , BO_Type, BO_Chase , BO_OpenResult, BO_OpenResult2, BO_DateDraw, BO_DateDraw2, BO_DateUpdate  FROM TS_BetOrder  WHERE BO_Cancel = 0   AND BO_CancelBackend = 0   AND BO_LotteryTypeGroup = 2 AND BO_LotteryType = 26 AND BO_Issue = 202001020741 AND BO_Collect = 0 ORDER BY BO_DateDraw ASC, BO_DateCreate ASC, BO_DateUpdate ASC, BO_No ASC ;
SELECT BO_No, BO_OrderNo , BO_User , BO_Issue  , BO_LotteryTypeGroup, BO_LotteryType, BO_Mode, BO_LotteryPlayGroup, BO_LotteryPlay , BO_LotteryContent, BO_Price, BO_RealPrice, BO_Unit, BO_Multiple , BO_BetCount  , BO_Winnings, BO_Winnings2, BO_Winnings3, BO_WinningLimit  , BO_Water , BO_BW_SourceUserId, BO_BW_BackWater, BO_BW_LimitBetCount, BO_BW_MaxAmount, BO_BW_AuditMultiple  , BO_Odds, BO_Odds2, BO_Odds3 , BO_Type, BO_Chase , BO_OpenResult, BO_OpenResult2, BO_DateDraw, BO_DateDraw2, BO_DateUpdate  FROM TS_BetOrder  WHERE BO_Cancel = 0   AND BO_CancelBackend = 0   AND BO_LotteryTypeGroup = 2 AND BO_LotteryType = 28 AND BO_Issue = 20200102149 AND BO_Collect = 0 ORDER BY BO_DateDraw ASC, BO_DateCreate ASC, BO_DateUpdate ASC, BO_No ASC ;
[2020-01-02 12:20:00] LottteryTypeGroup 2 
[2020-01-02 12:20:00] 有期號 但無注單 -------> map[amount:0 bonus:0 thisOpenResult:[4 8 4 8 1]] 
[GIN] 2020/01/02 - 12:20:00 | 200 |    4.092446ms |  192.168.66.115 | POST     /getResult
[2020-01-02 12:20:00] LottteryTypeGroup 2 
[2020-01-02 12:20:00] 有期號 但無注單 -------> map[amount:0 bonus:0 thisOpenResult:[3 4 0 8 6]] 
[GIN] 2020/01/02 - 12:20:00 | 200 |    4.572515ms |  192.168.66.115 | POST     /getResult
[2020-01-02 12:20:02] 自開彩開獎  {202001020740 1 34 true} 
ConfigData  map[ip:192.168.88.181 poolname:FA_MEM port:3306 user:fa_db charset:utf8 redisPort:6379 redisPassword:"" password:1qaz!QAZ database:FA_MEM redisIp:192.168.88.119 redisDB:3]
SqlString  SELECT RTP,Amount,Bonus  FROM M_RtpSetting  WHERE Sid = 1   AND State = 1   AND LTG_Code = 1 AND Gid = 34
sqlResult   map[result: count:0 state:0]
[2020-01-02 12:20:02] rtpData ------->   map[count:0 state:0 result:] 
[GIN] 2020/01/02 - 12:20:02 | 200 |    2.047939ms |  192.168.66.115 | POST     /getResult
[2020-01-02 12:20:04] 自開彩開獎  {202001020740 6 36 true} 
[2020-01-02 12:20:04] 自開彩開獎  {202001020247 1 35 true} 
ConfigData  map[redisIp:192.168.88.119 redisPort:6379 redisDB:3 poolname:FA_MEM password:1qaz!QAZ user:fa_db database:FA_MEM charset:utf8 redisPassword:"" ip:192.168.88.181 port:3306]
SqlString  SELECT RTP,Amount,Bonus  FROM M_RtpSetting  WHERE Sid = 1   AND State = 1   AND LTG_Code = 6 AND Gid = 36
ConfigData  map[ip:192.168.88.181 port:3306 user:fa_db database:FA_MEM charset:utf8 redisPassword:"" redisDB:3 poolname:FA_MEM password:1qaz!QAZ redisIp:192.168.88.119 redisPort:6379]
SqlString  SELECT RTP,Amount,Bonus  FROM M_RtpSetting  WHERE Sid = 1   AND State = 1   AND LTG_Code = 1 AND Gid = 35
sqlResult   map[result: count:0 state:0]
[2020-01-02 12:20:04] rtpData ------->   map[result: count:0 state:0] 
[GIN] 2020/01/02 - 12:20:04 | 200 |    3.049001ms |  192.168.66.115 | POST     /getResult
sqlResult   map[result: count:0 state:0]
[2020-01-02 12:20:04] rtpData ------->   map[state:0 result: count:0] 
[GIN] 2020/01/02 - 12:20:04 | 200 |      3.2161ms |  192.168.66.115 | POST     /getResult
[2020-01-02 12:20:04] 自開彩開獎  {202001020740 5 38 true} 
ConfigData  map[port:3306 user:fa_db database:FA_MEM redisDB:3 ip:192.168.88.181 poolname:FA_MEM redisIp:192.168.88.119 redisPort:6379 redisPassword:"" password:1qaz!QAZ charset:utf8]
SqlString  SELECT RTP,Amount,Bonus  FROM M_RtpSetting  WHERE Sid = 1   AND State = 1   AND LTG_Code = 5 AND Gid = 38
sqlResult   map[result: count:0 state:0]
[2020-01-02 12:20:04] rtpData ------->   map[result: count:0 state:0] 
[GIN] 2020/01/02 - 12:20:04 | 200 |    3.781499ms |  192.168.66.115 | POST     /getResult
[2020-01-02 12:20:04] 自開彩開獎  {202001020247 4 41 true} 
ConfigData  map[ip:192.168.88.181 password:1qaz!QAZ database:FA_MEM charset:utf8 redisPassword:"" poolname:FA_MEM port:3306 user:fa_db redisIp:192.168.88.119 redisPort:6379 redisDB:3]
SqlString  SELECT RTP,Amount,Bonus  FROM M_RtpSetting  WHERE Sid = 1   AND State = 1   AND LTG_Code = 4 AND Gid = 41
[2020-01-02 12:20:04] 自開彩開獎  {202001020740 4 40 true} 
ConfigData  map[ip:192.168.88.181 redisPort:6379 redisDB:3 charset:utf8 redisIp:192.168.88.119 redisPassword:"" poolname:FA_MEM port:3306 user:fa_db password:1qaz!QAZ database:FA_MEM]
SqlString  SELECT RTP,Amount,Bonus  FROM M_RtpSetting  WHERE Sid = 1   AND State = 1   AND LTG_Code = 4 AND Gid = 40
sqlResult   map[result: count:0 state:0]
sqlResult   map[result: count:0 state:0]
[2020-01-02 12:20:04] rtpData ------->   map[result: count:0 state:0] 
[GIN] 2020/01/02 - 12:20:04 | 200 |    2.097244ms |  192.168.66.115 | POST     /getResult
[2020-01-02 12:20:04] rtpData ------->   map[result: count:0 state:0] 
[GIN] 2020/01/02 - 12:20:04 | 200 |    2.294044ms |  192.168.66.115 | POST     /getResult
[2020-01-02 12:20:06] 自開彩開獎  {202001020149 5 39 true} 
ConfigData  map[ip:192.168.88.181 poolname:FA_MEM user:fa_db password:1qaz!QAZ charset:utf8 redisIp:192.168.88.119 redisDB:3 port:3306 database:FA_MEM redisPort:6379 redisPassword:""]
SqlString  SELECT RTP,Amount,Bonus  FROM M_RtpSetting  WHERE Sid = 1   AND State = 1   AND LTG_Code = 5 AND Gid = 39
sqlResult   map[state:0 result: count:0]
[2020-01-02 12:20:06] rtpData ------->   map[result: count:0 state:0] 
[GIN] 2020/01/02 - 12:20:06 | 200 |    2.858532ms |  192.168.66.115 | POST     /getResult
[2020-01-02 12:20:08] 自開彩開獎  {202001020741 1 34 true} 
ConfigData  map[port:3306 user:fa_db redisIp:192.168.88.119 redisPort:6379 redisPassword:"" ip:192.168.88.181 password:1qaz!QAZ database:FA_MEM charset:utf8 redisDB:3 poolname:FA_MEM]
SqlString  SELECT RTP,Amount,Bonus  FROM M_RtpSetting  WHERE Sid = 1   AND State = 1   AND LTG_Code = 1 AND Gid = 34
sqlResult   map[state:0 result: count:0]
[2020-01-02 12:20:08] rtpData ------->   map[result: count:0 state:0] 
[GIN] 2020/01/02 - 12:20:08 | 200 |    2.488025ms |  192.168.66.115 | POST     /getResult
[2020-01-02 12:20:10] 自開彩開獎  {202001020247 1 35 true} 
ConfigData  map[ip:192.168.88.181 user:fa_db database:FA_MEM redisPort:6379 redisPassword:"" redisDB:3 poolname:FA_MEM port:3306 password:1qaz!QAZ charset:utf8 redisIp:192.168.88.119]
SqlString  SELECT RTP,Amount,Bonus  FROM M_RtpSetting  WHERE Sid = 1   AND State = 1   AND LTG_Code = 1 AND Gid = 35
[2020-01-02 12:20:10] 自開彩開獎  {202001020741 6 36 true} 
ConfigData  map[charset:utf8 redisDB:3 ip:192.168.88.181 port:3306 user:fa_db password:1qaz!QAZ database:FA_MEM poolname:FA_MEM redisIp:192.168.88.119 redisPort:6379 redisPassword:""]
SqlString  SELECT RTP,Amount,Bonus  FROM M_RtpSetting  WHERE Sid = 1   AND State = 1   AND LTG_Code = 6 AND Gid = 36
sqlResult   map[result: count:0 state:0]
[2020-01-02 12:20:10] rtpData ------->   map[state:0 result: count:0] 
[GIN] 2020/01/02 - 12:20:10 | 200 |    3.258966ms |  192.168.66.115 | POST     /getResult
sqlResult   map[count:0 state:0 result:]
[2020-01-02 12:20:10] rtpData ------->   map[result: count:0 state:0] 
[GIN] 2020/01/02 - 12:20:10 | 200 |    3.321844ms |  192.168.66.115 | POST     /getResult
[2020-01-02 12:20:10] 自開彩開獎  {202001020741 5 38 true} 
ConfigData  map[poolname:FA_MEM password:1qaz!QAZ charset:utf8 redisIp:192.168.88.119 redisDB:3 ip:192.168.88.181 user:fa_db database:FA_MEM redisPort:6379 redisPassword:"" port:3306]
SqlString  SELECT RTP,Amount,Bonus  FROM M_RtpSetting  WHERE Sid = 1   AND State = 1   AND LTG_Code = 5 AND Gid = 38
[2020-01-02 12:20:10] 自開彩開獎  {202001020741 4 40 true} 
ConfigData  map[poolname:FA_MEM port:3306 password:1qaz!QAZ database:FA_MEM redisPassword:"" ip:192.168.88.181 user:fa_db charset:utf8 redisIp:192.168.88.119 redisPort:6379 redisDB:3]
SqlString  SELECT RTP,Amount,Bonus  FROM M_RtpSetting  WHERE Sid = 1   AND State = 1   AND LTG_Code = 4 AND Gid = 40
sqlResult   map[count:0 state:0 result:]
[2020-01-02 12:20:10] 自開彩開獎  {202001020247 4 41 true} 
ConfigData  map[poolname:FA_MEM database:FA_MEM redisIp:192.168.88.119 redisPort:6379 redisPassword:"" ip:192.168.88.181 port:3306 user:fa_db password:1qaz!QAZ charset:utf8 redisDB:3]
SqlString  SELECT RTP,Amount,Bonus  FROM M_RtpSetting  WHERE Sid = 1   AND State = 1   AND LTG_Code = 4 AND Gid = 41
[2020-01-02 12:20:10] rtpData ------->   map[count:0 state:0 result:] 
[GIN] 2020/01/02 - 12:20:10 | 200 |    2.731664ms |  192.168.66.115 | POST     /getResult
sqlResult   map[result: count:0 state:0]
[2020-01-02 12:20:10] rtpData ------->   map[result: count:0 state:0] 
[GIN] 2020/01/02 - 12:20:10 | 200 |     2.34942ms |  192.168.66.115 | POST     /getResult
sqlResult   map[count:0 state:0 result:]
[2020-01-02 12:20:10] rtpData ------->   map[count:0 state:0 result:] 
[GIN] 2020/01/02 - 12:20:10 | 200 |    2.358625ms |  192.168.66.115 | POST     /getResult
[2020-01-02 12:20:12] 自開彩開獎  {202001020149 5 39 true} 
ConfigData  map[poolname:FA_MEM charset:utf8 redisIp:192.168.88.119 redisDB:3 redisPassword:"" ip:192.168.88.181 port:3306 user:fa_db password:1qaz!QAZ database:FA_MEM redisPort:6379]
SqlString  SELECT RTP,Amount,Bonus  FROM M_RtpSetting  WHERE Sid = 1   AND State = 1   AND LTG_Code = 5 AND Gid = 39
sqlResult   map[result: count:0 state:0]
[2020-01-02 12:20:12] rtpData ------->   map[result: count:0 state:0] 
[GIN] 2020/01/02 - 12:20:12 | 200 |     2.68077ms |  192.168.66.115 | POST     /getResult
[2020-01-02 12:20:14] 自開彩開獎  {202001020741 1 34 true} 
ConfigData  map[poolname:FA_MEM user:fa_db database:FA_MEM redisDB:3 ip:192.168.88.181 password:1qaz!QAZ charset:utf8 redisIp:192.168.88.119 redisPort:6379 redisPassword:"" port:3306]
SqlString  SELECT RTP,Amount,Bonus  FROM M_RtpSetting  WHERE Sid = 1   AND State = 1   AND LTG_Code = 1 AND Gid = 34
sqlResult   map[result: count:0 state:0]
[2020-01-02 12:20:14] rtpData ------->   map[result: count:0 state:0] 
[GIN] 2020/01/02 - 12:20:14 | 200 |     2.69015ms |  192.168.66.115 | POST     /getResult
[2020-01-02 12:20:16] 自開彩開獎  {202001020247 1 35 true} 
ConfigData  map[password:1qaz!QAZ charset:utf8 redisIp:192.168.88.119 redisPort:6379 poolname:FA_MEM port:3306 user:fa_db database:FA_MEM redisPassword:"" redisDB:3 ip:192.168.88.181]
SqlString  SELECT RTP,Amount,Bonus  FROM M_RtpSetting  WHERE Sid = 1   AND State = 1   AND LTG_Code = 1 AND Gid = 35
[2020-01-02 12:20:16] 自開彩開獎  {202001020741 6 36 true} 
ConfigData  map[port:3306 user:fa_db redisPort:6379 redisPassword:"" ip:192.168.88.181 poolname:FA_MEM password:1qaz!QAZ database:FA_MEM charset:utf8 redisIp:192.168.88.119 redisDB:3]
SqlString  SELECT RTP,Amount,Bonus  FROM M_RtpSetting  WHERE Sid = 1   AND State = 1   AND LTG_Code = 6 AND Gid = 36
sqlResult   map[result: count:0 state:0]
[2020-01-02 12:20:16] rtpData ------->   map[result: count:0 state:0] 
sqlResult   map[state:0 result: count:0]
[2020-01-02 12:20:16] rtpData ------->   map[result: count:0 state:0] 
[GIN] 2020/01/02 - 12:20:16 | 200 |    2.490648ms |  192.168.66.115 | POST     /getResult
[GIN] 2020/01/02 - 12:20:16 | 200 |     2.56964ms |  192.168.66.115 | POST     /getResult
[2020-01-02 12:20:16] 自開彩開獎  {202001020741 5 38 true} 
ConfigData  map[charset:utf8 redisIp:192.168.88.119 redisDB:3 ip:192.168.88.181 port:3306 password:1qaz!QAZ database:FA_MEM redisPort:6379 redisPassword:"" poolname:FA_MEM user:fa_db]
SqlString  SELECT RTP,Amount,Bonus  FROM M_RtpSetting  WHERE Sid = 1   AND State = 1   AND LTG_Code = 5 AND Gid = 38
[2020-01-02 12:20:16] 自開彩開獎  {202001020741 4 40 true} 
ConfigData  map[ip:192.168.88.181 port:3306 charset:utf8 redisPort:6379 redisIp:192.168.88.119 redisPassword:"" redisDB:3 poolname:FA_MEM user:fa_db password:1qaz!QAZ database:FA_MEM]
SqlString  SELECT RTP,Amount,Bonus  FROM M_RtpSetting  WHERE Sid = 1   AND State = 1   AND LTG_Code = 4 AND Gid = 40
[2020-01-02 12:20:16] 自開彩開獎  {202001020247 4 41 true} 
ConfigData  map[user:fa_db redisPassword:"" redisDB:3 ip:192.168.88.181 port:3306 database:FA_MEM charset:utf8 redisIp:192.168.88.119 redisPort:6379 poolname:FA_MEM password:1qaz!QAZ]
SqlString  SELECT RTP,Amount,Bonus  FROM M_RtpSetting  WHERE Sid = 1   AND State = 1   AND LTG_Code = 4 AND Gid = 41
sqlResult   map[result: count:0 state:0]
[2020-01-02 12:20:16] rtpData ------->   map[state:0 result: count:0] 
[GIN] 2020/01/02 - 12:20:16 | 200 |    2.851117ms |  192.168.66.115 | POST     /getResult
sqlResult   map[result: count:0 state:0]
[2020-01-02 12:20:16] rtpData ------->   map[result: count:0 state:0] 
[GIN] 2020/01/02 - 12:20:16 | 200 |    1.846584ms |  192.168.66.115 | POST     /getResult
sqlResult   map[result: count:0 state:0]
[2020-01-02 12:20:16] rtpData ------->   map[count:0 state:0 result:] 
[GIN] 2020/01/02 - 12:20:16 | 200 |    2.250953ms |  192.168.66.115 | POST     /getResult
[2020-01-02 12:20:18] 自開彩開獎  {202001020149 5 39 true} 
ConfigData  map[redisDB:3 poolname:FA_MEM password:1qaz!QAZ database:FA_MEM charset:utf8 redisIp:192.168.88.119 redisPort:6379 ip:192.168.88.181 port:3306 user:fa_db redisPassword:""]
SqlString  SELECT RTP,Amount,Bonus  FROM M_RtpSetting  WHERE Sid = 1   AND State = 1   AND LTG_Code = 5 AND Gid = 39
sqlResult   map[result: count:0 state:0]
[2020-01-02 12:20:18] rtpData ------->   map[result: count:0 state:0] 
[GIN] 2020/01/02 - 12:20:18 | 200 |      2.5156ms |  192.168.66.115 | POST     /getResult
[2020-01-02 12:20:20] 自開彩開獎  {202001020741 1 34 true} 
ConfigData  map[user:fa_db redisPassword:"" ip:192.168.88.181 port:3306 database:FA_MEM charset:utf8 redisIp:192.168.88.119 redisPort:6379 redisDB:3 poolname:FA_MEM password:1qaz!QAZ]
SqlString  SELECT RTP,Amount,Bonus  FROM M_RtpSetting  WHERE Sid = 1   AND State = 1   AND LTG_Code = 1 AND Gid = 34
sqlResult   map[count:0 state:0 result:]
[2020-01-02 12:20:20] rtpData ------->   map[result: count:0 state:0] 
[GIN] 2020/01/02 - 12:20:20 | 200 |     2.14827ms |  192.168.66.115 | POST     /getResult
[2020-01-02 12:20:22] 自開彩開獎  {202001020247 1 35 true} 
[2020-01-02 12:20:22] 自開彩開獎  {202001020741 6 36 true} 
ConfigData  map[ip:192.168.88.181 user:fa_db charset:utf8 redisIp:192.168.88.119 redisPort:6379 redisPassword:"" poolname:FA_MEM port:3306 password:1qaz!QAZ database:FA_MEM redisDB:3]
SqlString  SELECT RTP,Amount,Bonus  FROM M_RtpSetting  WHERE Sid = 1   AND State = 1   AND LTG_Code = 6 AND Gid = 36
ConfigData  map[password:1qaz!QAZ redisPort:6379 ip:192.168.88.181 poolname:FA_MEM port:3306 user:fa_db database:FA_MEM charset:utf8 redisIp:192.168.88.119 redisPassword:"" redisDB:3]
SqlString  SELECT RTP,Amount,Bonus  FROM M_RtpSetting  WHERE Sid = 1   AND State = 1   AND LTG_Code = 1 AND Gid = 35
sqlResult   map[count:0 state:0 result:]
[2020-01-02 12:20:22] rtpData ------->   map[result: count:0 state:0] 
[GIN] 2020/01/02 - 12:20:22 | 200 |    2.931673ms |  192.168.66.115 | POST     /getResult
sqlResult   map[result: count:0 state:0]
[2020-01-02 12:20:22] rtpData ------->   map[result: count:0 state:0] 
[GIN] 2020/01/02 - 12:20:22 | 200 |    4.348113ms |  192.168.66.115 | POST     /getResult
[2020-01-02 12:20:22] 自開彩開獎  {202001020741 5 38 true} 
ConfigData  map[password:1qaz!QAZ database:FA_MEM charset:utf8 redisIp:192.168.88.119 redisPort:6379 poolname:FA_MEM port:3306 user:fa_db ip:192.168.88.181 redisPassword:"" redisDB:3]
SqlString  SELECT RTP,Amount,Bonus  FROM M_RtpSetting  WHERE Sid = 1   AND State = 1   AND LTG_Code = 5 AND Gid = 38
[2020-01-02 12:20:22] 自開彩開獎  {202001020741 4 40 true} 
ConfigData  map[ip:192.168.88.181 poolname:FA_MEM port:3306 password:1qaz!QAZ charset:utf8 redisIp:192.168.88.119 user:fa_db database:FA_MEM redisPort:6379 redisPassword:"" redisDB:3]
SqlString  SELECT RTP,Amount,Bonus  FROM M_RtpSetting  WHERE Sid = 1   AND State = 1   AND LTG_Code = 4 AND Gid = 40
[2020-01-02 12:20:22] 自開彩開獎  {202001020247 4 41 true} 
ConfigData  map[password:1qaz!QAZ charset:utf8 redisIp:192.168.88.119 redisPort:6379 ip:192.168.88.181 poolname:FA_MEM port:3306 user:fa_db redisPassword:"" redisDB:3 database:FA_MEM]
SqlString  SELECT RTP,Amount,Bonus  FROM M_RtpSetting  WHERE Sid = 1   AND State = 1   AND LTG_Code = 4 AND Gid = 41
sqlResult   map[state:0 result: count:0]
[2020-01-02 12:20:22] rtpData ------->   map[result: count:0 state:0] 
[GIN] 2020/01/02 - 12:20:22 | 200 |    2.448688ms |  192.168.66.115 | POST     /getResult
sqlResult   map[count:0 state:0 result:]
[2020-01-02 12:20:22] rtpData ------->   map[result: count:0 state:0] 
[GIN] 2020/01/02 - 12:20:22 | 200 |    2.547163ms |  192.168.66.115 | POST     /getResult
sqlResult   map[result: count:0 state:0]
[2020-01-02 12:20:22] rtpData ------->   map[state:0 result: count:0] 
[GIN] 2020/01/02 - 12:20:22 | 200 |    1.517958ms |  192.168.66.115 | POST     /getResult
[2020-01-02 12:20:24] 自開彩開獎  {202001020149 5 39 true} 
ConfigData  map[password:1qaz!QAZ charset:utf8 redisPort:6379 redisDB:3 poolname:FA_MEM user:fa_db database:FA_MEM redisIp:192.168.88.119 redisPassword:"" ip:192.168.88.181 port:3306]
SqlString  SELECT RTP,Amount,Bonus  FROM M_RtpSetting  WHERE Sid = 1   AND State = 1   AND LTG_Code = 5 AND Gid = 39
sqlResult   map[state:0 result: count:0]
[2020-01-02 12:20:24] rtpData ------->   map[result: count:0 state:0] 
[GIN] 2020/01/02 - 12:20:24 | 200 |    2.435948ms |  192.168.66.115 | POST     /getResult
[2020-01-02 12:20:26] 自開彩開獎  {202001020741 1 34 true} 
ConfigData  map[poolname:FA_MEM port:3306 user:fa_db password:1qaz!QAZ database:FA_MEM charset:utf8 redisIp:192.168.88.119 redisDB:3 ip:192.168.88.181 redisPort:6379 redisPassword:""]
SqlString  SELECT RTP,Amount,Bonus  FROM M_RtpSetting  WHERE Sid = 1   AND State = 1   AND LTG_Code = 1 AND Gid = 34
sqlResult   map[result: count:0 state:0]
[2020-01-02 12:20:26] rtpData ------->   map[result: count:0 state:0] 
[GIN] 2020/01/02 - 12:20:26 | 200 |    2.792326ms |  192.168.66.115 | POST     /getResult
[2020-01-02 12:20:28] 自開彩開獎  {202001020741 6 36 true} 
[2020-01-02 12:20:28] 自開彩開獎  {202001020247 1 35 true} 
ConfigData  map[database:FA_MEM redisDB:3 ip:192.168.88.181 poolname:FA_MEM password:1qaz!QAZ charset:utf8 redisIp:192.168.88.119 redisPort:6379 redisPassword:"" port:3306 user:fa_db]
SqlString  SELECT RTP,Amount,Bonus  FROM M_RtpSetting  WHERE Sid = 1   AND State = 1   AND LTG_Code = 1 AND Gid = 35
ConfigData  map[port:3306 database:FA_MEM charset:utf8 redisPort:6379 poolname:FA_MEM user:fa_db password:1qaz!QAZ redisIp:192.168.88.119 redisPassword:"" redisDB:3 ip:192.168.88.181]
SqlString  SELECT RTP,Amount,Bonus  FROM M_RtpSetting  WHERE Sid = 1   AND State = 1   AND LTG_Code = 6 AND Gid = 36
sqlResult   map[result: count:0 state:0]
[2020-01-02 12:20:28] rtpData ------->   map[result: count:0 state:0] 
sqlResult   map[result: count:0 state:0]
[2020-01-02 12:20:28] rtpData ------->   map[count:0 state:0 result:] 
[GIN] 2020/01/02 - 12:20:28 | 200 |    2.540618ms |  192.168.66.115 | POST     /getResult
[GIN] 2020/01/02 - 12:20:28 | 200 |    2.543232ms |  192.168.66.115 | POST     /getResult
[2020-01-02 12:20:28] 自開彩開獎  {202001020741 5 38 true} 
ConfigData  map[charset:utf8 redisPassword:"" redisDB:3 ip:192.168.88.181 poolname:FA_MEM port:3306 user:fa_db password:1qaz!QAZ database:FA_MEM redisIp:192.168.88.119 redisPort:6379]
SqlString  SELECT RTP,Amount,Bonus  FROM M_RtpSetting  WHERE Sid = 1   AND State = 1   AND LTG_Code = 5 AND Gid = 38
[2020-01-02 12:20:28] 自開彩開獎  {202001020741 4 40 true} 
ConfigData  map[database:FA_MEM redisIp:192.168.88.119 redisPort:6379 redisPassword:"" port:3306 user:fa_db password:1qaz!QAZ charset:utf8 redisDB:3 ip:192.168.88.181 poolname:FA_MEM]
SqlString  SELECT RTP,Amount,Bonus  FROM M_RtpSetting  WHERE Sid = 1   AND State = 1   AND LTG_Code = 4 AND Gid = 40
[2020-01-02 12:20:28] 自開彩開獎  {202001020247 4 41 true} 
sqlResult   map[result: count:0 state:0]
[2020-01-02 12:20:28] rtpData ------->   map[count:0 state:0 result:] 
ConfigData  map[user:fa_db redisIp:192.168.88.119 redisPort:6379 redisPassword:"" poolname:FA_MEM port:3306 password:1qaz!QAZ database:FA_MEM charset:utf8 redisDB:3 ip:192.168.88.181]
SqlString  SELECT RTP,Amount,Bonus  FROM M_RtpSetting  WHERE Sid = 1   AND State = 1   AND LTG_Code = 4 AND Gid = 41
[GIN] 2020/01/02 - 12:20:28 | 200 |    2.608339ms |  192.168.66.115 | POST     /getResult
sqlResult   map[result: count:0 state:0]
[2020-01-02 12:20:28] rtpData ------->   map[count:0 state:0 result:] 
[GIN] 2020/01/02 - 12:20:28 | 200 |    2.249503ms |  192.168.66.115 | POST     /getResult
sqlResult   map[result: count:0 state:0]
[2020-01-02 12:20:28] rtpData ------->   map[result: count:0 state:0] 
[GIN] 2020/01/02 - 12:20:28 | 200 |    2.294677ms |  192.168.66.115 | POST     /getResult
[2020-01-02 12:20:30] 自開彩開獎  {202001020149 5 39 true} 
ConfigData  map[ip:192.168.88.181 user:fa_db charset:utf8 redisIp:192.168.88.119 redisPassword:"" redisDB:3 poolname:FA_MEM port:3306 password:1qaz!QAZ database:FA_MEM redisPort:6379]
SqlString  SELECT RTP,Amount,Bonus  FROM M_RtpSetting  WHERE Sid = 1   AND State = 1   AND LTG_Code = 5 AND Gid = 39
sqlResult   map[result: count:0 state:0]
[2020-01-02 12:20:30] rtpData ------->   map[result: count:0 state:0] 
[GIN] 2020/01/02 - 12:20:30 | 200 |    2.657573ms |  192.168.66.115 | POST     /getResult
[2020-01-02 12:20:32] 自開彩開獎  {202001020741 1 34 true} 
ConfigData  map[ip:192.168.88.181 redisPort:6379 redisPassword:"" poolname:FA_MEM port:3306 user:fa_db password:1qaz!QAZ database:FA_MEM charset:utf8 redisIp:192.168.88.119 redisDB:3]
SqlString  SELECT RTP,Amount,Bonus  FROM M_RtpSetting  WHERE Sid = 1   AND State = 1   AND LTG_Code = 1 AND Gid = 34
sqlResult   map[count:0 state:0 result:]
[2020-01-02 12:20:32] rtpData ------->   map[state:0 result: count:0] 
[GIN] 2020/01/02 - 12:20:32 | 200 |    3.397313ms |  192.168.66.115 | POST     /getResult
[2020-01-02 12:20:34] 自開彩開獎  {202001020247 1 35 true} 
ConfigData  map[redisDB:3 user:fa_db password:1qaz!QAZ redisIp:192.168.88.119 redisPassword:"" charset:utf8 redisPort:6379 ip:192.168.88.181 poolname:FA_MEM port:3306 database:FA_MEM]
SqlString  SELECT RTP,Amount,Bonus  FROM M_RtpSetting  WHERE Sid = 1   AND State = 1   AND LTG_Code = 1 AND Gid = 35
[2020-01-02 12:20:34] 自開彩開獎  {202001020741 6 36 true} 
ConfigData  map[redisIp:192.168.88.119 redisPort:6379 redisPassword:"" redisDB:3 poolname:FA_MEM user:fa_db database:FA_MEM charset:utf8 ip:192.168.88.181 port:3306 password:1qaz!QAZ]
SqlString  SELECT RTP,Amount,Bonus  FROM M_RtpSetting  WHERE Sid = 1   AND State = 1   AND LTG_Code = 6 AND Gid = 36
sqlResult   map[state:0 result: count:0]
[2020-01-02 12:20:34] rtpData ------->   map[result: count:0 state:0] 
[GIN] 2020/01/02 - 12:20:34 | 200 |    2.644911ms |  192.168.66.115 | POST     /getResult
sqlResult   map[result: count:0 state:0]
[2020-01-02 12:20:34] rtpData ------->   map[state:0 result: count:0] 
[GIN] 2020/01/02 - 12:20:34 | 200 |    8.144887ms |  192.168.66.115 | POST     /getResult
[2020-01-02 12:20:34] 自開彩開獎  {202001020741 5 38 true} 
ConfigData  map[database:FA_MEM user:fa_db password:1qaz!QAZ port:3306 charset:utf8 redisIp:192.168.88.119 redisPort:6379 redisPassword:"" redisDB:3 ip:192.168.88.181 poolname:FA_MEM]
SqlString  SELECT RTP,Amount,Bonus  FROM M_RtpSetting  WHERE Sid = 1   AND State = 1   AND LTG_Code = 5 AND Gid = 38
[2020-01-02 12:20:34] 自開彩開獎  {202001020741 4 40 true} 
ConfigData  map[poolname:FA_MEM port:3306 user:fa_db redisPort:6379 redisPassword:"" ip:192.168.88.181 database:FA_MEM charset:utf8 redisIp:192.168.88.119 redisDB:3 password:1qaz!QAZ]
SqlString  SELECT RTP,Amount,Bonus  FROM M_RtpSetting  WHERE Sid = 1   AND State = 1   AND LTG_Code = 4 AND Gid = 40
[2020-01-02 12:20:34] 自開彩開獎  {202001020247 4 41 true} 
ConfigData  map[port:3306 password:1qaz!QAZ database:FA_MEM charset:utf8 redisIp:192.168.88.119 redisPort:6379 redisPassword:"" ip:192.168.88.181 redisDB:3 user:fa_db poolname:FA_MEM]
SqlString  SELECT RTP,Amount,Bonus  FROM M_RtpSetting  WHERE Sid = 1   AND State = 1   AND LTG_Code = 4 AND Gid = 41
sqlResult   map[result: count:0 state:0]
[2020-01-02 12:20:34] rtpData ------->   map[state:0 result: count:0] 
[GIN] 2020/01/02 - 12:20:34 | 200 |    2.975548ms |  192.168.66.115 | POST     /getResult
sqlResult   map[result: count:0 state:0]
[2020-01-02 12:20:34] rtpData ------->   map[state:0 result: count:0] 
[GIN] 2020/01/02 - 12:20:34 | 200 |    2.040022ms |  192.168.66.115 | POST     /getResult
sqlResult   map[result: count:0 state:0]
[2020-01-02 12:20:34] rtpData ------->   map[state:0 result: count:0] 
[GIN] 2020/01/02 - 12:20:34 | 200 |    2.258909ms |  192.168.66.115 | POST     /getResult
[2020-01-02 12:20:36] 自開彩開獎  {202001020149 5 39 true} 
ConfigData  map[ip:192.168.88.181 port:3306 user:fa_db password:1qaz!QAZ charset:utf8 redisIp:192.168.88.119 redisPort:6379 redisPassword:"" poolname:FA_MEM database:FA_MEM redisDB:3]
SqlString  SELECT RTP,Amount,Bonus  FROM M_RtpSetting  WHERE Sid = 1   AND State = 1   AND LTG_Code = 5 AND Gid = 39
sqlResult   map[result: count:0 state:0]
[2020-01-02 12:20:36] rtpData ------->   map[state:0 result: count:0] 
[GIN] 2020/01/02 - 12:20:36 | 200 |    2.311304ms |  192.168.66.115 | POST     /getResult
[2020-01-02 12:20:38] 自開彩開獎  {202001020741 1 34 true} 
ConfigData  map[user:fa_db database:FA_MEM redisPort:6379 redisDB:3 port:3306 poolname:FA_MEM password:1qaz!QAZ charset:utf8 redisIp:192.168.88.119 redisPassword:"" ip:192.168.88.181]
SqlString  SELECT RTP,Amount,Bonus  FROM M_RtpSetting  WHERE Sid = 1   AND State = 1   AND LTG_Code = 1 AND Gid = 34
sqlResult   map[result: count:0 state:0]
[2020-01-02 12:20:38] rtpData ------->   map[state:0 result: count:0] 
[GIN] 2020/01/02 - 12:20:38 | 200 |    3.182642ms |  192.168.66.115 | POST     /getResult
[2020-01-02 12:20:40] 自開彩開獎  {202001020247 1 35 true} 
ConfigData  map[port:3306 user:fa_db charset:utf8 redisPort:6379 redisDB:3 ip:192.168.88.181 poolname:FA_MEM password:1qaz!QAZ database:FA_MEM redisIp:192.168.88.119 redisPassword:""]
SqlString  SELECT RTP,Amount,Bonus  FROM M_RtpSetting  WHERE Sid = 1   AND State = 1   AND LTG_Code = 1 AND Gid = 35
[2020-01-02 12:20:40] 自開彩開獎  {202001020741 6 36 true} 
ConfigData  map[redisDB:3 password:1qaz!QAZ database:FA_MEM charset:utf8 redisIp:192.168.88.119 redisPort:6379 redisPassword:"" ip:192.168.88.181 poolname:FA_MEM port:3306 user:fa_db]
SqlString  SELECT RTP,Amount,Bonus  FROM M_RtpSetting  WHERE Sid = 1   AND State = 1   AND LTG_Code = 6 AND Gid = 36
sqlResult   map[result: count:0 state:0]
[2020-01-02 12:20:40] rtpData ------->   map[result: count:0 state:0] 
[GIN] 2020/01/02 - 12:20:40 | 200 |    2.266761ms |  192.168.66.115 | POST     /getResult
sqlResult   map[result: count:0 state:0]
[2020-01-02 12:20:40] rtpData ------->   map[state:0 result: count:0] 
[GIN] 2020/01/02 - 12:20:40 | 200 |     2.75549ms |  192.168.66.115 | POST     /getResult
[2020-01-02 12:20:40] 自開彩開獎  {202001020741 5 38 true} 
ConfigData  map[charset:utf8 redisIp:192.168.88.119 redisPort:6379 redisPassword:"" redisDB:3 poolname:FA_MEM port:3306 password:1qaz!QAZ ip:192.168.88.181 user:fa_db database:FA_MEM]
SqlString  SELECT RTP,Amount,Bonus  FROM M_RtpSetting  WHERE Sid = 1   AND State = 1   AND LTG_Code = 5 AND Gid = 38
[2020-01-02 12:20:40] 自開彩開獎  {202001020741 4 40 true} 
ConfigData  map[ip:192.168.88.181 port:3306 database:FA_MEM redisIp:192.168.88.119 redisPort:6379 redisPassword:"" redisDB:3 poolname:FA_MEM user:fa_db password:1qaz!QAZ charset:utf8]
SqlString  SELECT RTP,Amount,Bonus  FROM M_RtpSetting  WHERE Sid = 1   AND State = 1   AND LTG_Code = 4 AND Gid = 40
[2020-01-02 12:20:40] 自開彩開獎  {202001020247 4 41 true} 
ConfigData  map[redisPort:6379 redisDB:3 poolname:FA_MEM user:fa_db password:1qaz!QAZ charset:utf8 redisIp:192.168.88.119 redisPassword:"" ip:192.168.88.181 port:3306 database:FA_MEM]
SqlString  SELECT RTP,Amount,Bonus  FROM M_RtpSetting  WHERE Sid = 1   AND State = 1   AND LTG_Code = 4 AND Gid = 41
sqlResult   map[count:0 state:0 result:]
[2020-01-02 12:20:40] rtpData ------->   map[result: count:0 state:0] 
[GIN] 2020/01/02 - 12:20:40 | 200 |    2.387388ms |  192.168.66.115 | POST     /getResult
sqlResult   map[result: count:0 state:0]
[2020-01-02 12:20:40] rtpData ------->   map[result: count:0 state:0] 
sqlResult   map[result: count:0 state:0]
[2020-01-02 12:20:40] rtpData ------->   map[result: count:0 state:0] 
[GIN] 2020/01/02 - 12:20:40 | 200 |    2.341902ms |  192.168.66.115 | POST     /getResult
[GIN] 2020/01/02 - 12:20:40 | 200 |    2.185259ms |  192.168.66.115 | POST     /getResult
[2020-01-02 12:20:42] 自開彩開獎  {202001020149 5 39 true} 
ConfigData  map[poolname:FA_MEM password:1qaz!QAZ database:FA_MEM redisPort:6379 redisPassword:"" ip:192.168.88.181 port:3306 user:fa_db charset:utf8 redisIp:192.168.88.119 redisDB:3]
SqlString  SELECT RTP,Amount,Bonus  FROM M_RtpSetting  WHERE Sid = 1   AND State = 1   AND LTG_Code = 5 AND Gid = 39
sqlResult   map[result: count:0 state:0]
[2020-01-02 12:20:42] rtpData ------->   map[result: count:0 state:0] 
[GIN] 2020/01/02 - 12:20:42 | 200 |    2.858706ms |  192.168.66.115 | POST     /getResult
[2020-01-02 12:20:44] 自開彩開獎  {202001020741 1 34 true} 
ConfigData  map[charset:utf8 redisPort:6379 redisPassword:"" password:1qaz!QAZ database:FA_MEM port:3306 user:fa_db redisIp:192.168.88.119 redisDB:3 ip:192.168.88.181 poolname:FA_MEM]
SqlString  SELECT RTP,Amount,Bonus  FROM M_RtpSetting  WHERE Sid = 1   AND State = 1   AND LTG_Code = 1 AND Gid = 34
sqlResult   map[result: count:0 state:0]
[2020-01-02 12:20:44] rtpData ------->   map[result: count:0 state:0] 
[GIN] 2020/01/02 - 12:20:44 | 200 |    2.258786ms |  192.168.66.115 | POST     /getResult
[2020-01-02 12:20:46] 自開彩開獎  {202001020247 1 35 true} 
ConfigData  map[ip:192.168.88.181 user:fa_db password:1qaz!QAZ database:FA_MEM redisPassword:"" redisDB:3 poolname:FA_MEM port:3306 charset:utf8 redisIp:192.168.88.119 redisPort:6379]
SqlString  SELECT RTP,Amount,Bonus  FROM M_RtpSetting  WHERE Sid = 1   AND State = 1   AND LTG_Code = 1 AND Gid = 35
[2020-01-02 12:20:46] 自開彩開獎  {202001020741 6 36 true} 
ConfigData  map[user:fa_db password:1qaz!QAZ redisIp:192.168.88.119 redisPassword:"" redisDB:3 ip:192.168.88.181 poolname:FA_MEM charset:utf8 redisPort:6379 port:3306 database:FA_MEM]
SqlString  SELECT RTP,Amount,Bonus  FROM M_RtpSetting  WHERE Sid = 1   AND State = 1   AND LTG_Code = 6 AND Gid = 36
sqlResult   map[count:0 state:0 result:]
[2020-01-02 12:20:46] rtpData ------->   map[count:0 state:0 result:] 
[GIN] 2020/01/02 - 12:20:46 | 200 |    1.979429ms |  192.168.66.115 | POST     /getResult
sqlResult   map[result: count:0 state:0]
[2020-01-02 12:20:46] rtpData ------->   map[count:0 state:0 result:] 
[GIN] 2020/01/02 - 12:20:46 | 200 |    2.525068ms |  192.168.66.115 | POST     /getResult
[2020-01-02 12:20:46] 自開彩開獎  {202001020741 5 38 true} 
ConfigData  map[poolname:FA_MEM port:3306 password:1qaz!QAZ charset:utf8 redisIp:192.168.88.119 redisPassword:"" redisDB:3 ip:192.168.88.181 user:fa_db database:FA_MEM redisPort:6379]
SqlString  SELECT RTP,Amount,Bonus  FROM M_RtpSetting  WHERE Sid = 1   AND State = 1   AND LTG_Code = 5 AND Gid = 38
sqlResult   map[result: count:0 state:0]
[2020-01-02 12:20:46] rtpData ------->   map[result: count:0 state:0] 
[GIN] 2020/01/02 - 12:20:46 | 200 |    3.088025ms |  192.168.66.115 | POST     /getResult
[2020-01-02 12:20:46] 自開彩開獎  {202001020741 4 40 true} 
ConfigData  map[ip:192.168.88.181 port:3306 user:fa_db password:1qaz!QAZ redisIp:192.168.88.119 redisPassword:"" redisDB:3 poolname:FA_MEM database:FA_MEM charset:utf8 redisPort:6379]
SqlString  SELECT RTP,Amount,Bonus  FROM M_RtpSetting  WHERE Sid = 1   AND State = 1   AND LTG_Code = 4 AND Gid = 40
[2020-01-02 12:20:46] 自開彩開獎  {202001020247 4 41 true} 
ConfigData  map[redisPort:6379 poolname:FA_MEM database:FA_MEM charset:utf8 redisIp:192.168.88.119 redisPassword:"" redisDB:3 ip:192.168.88.181 port:3306 user:fa_db password:1qaz!QAZ]
SqlString  SELECT RTP,Amount,Bonus  FROM M_RtpSetting  WHERE Sid = 1   AND State = 1   AND LTG_Code = 4 AND Gid = 41
sqlResult   map[result: count:0 state:0]
[2020-01-02 12:20:46] rtpData ------->   map[result: count:0 state:0] 
[GIN] 2020/01/02 - 12:20:46 | 200 |    1.942576ms |  192.168.66.115 | POST     /getResult
sqlResult   map[result: count:0 state:0]
[2020-01-02 12:20:46] rtpData ------->   map[result: count:0 state:0] 
[GIN] 2020/01/02 - 12:20:46 | 200 |    1.943363ms |  192.168.66.115 | POST     /getResult
[2020-01-02 12:20:48] 自開彩開獎  {202001020149 5 39 true} 
ConfigData  map[poolname:FA_MEM user:fa_db password:1qaz!QAZ database:FA_MEM redisIp:192.168.88.119 redisPort:6379 redisPassword:"" ip:192.168.88.181 port:3306 charset:utf8 redisDB:3]
SqlString  SELECT RTP,Amount,Bonus  FROM M_RtpSetting  WHERE Sid = 1   AND State = 1   AND LTG_Code = 5 AND Gid = 39
sqlResult   map[result: count:0 state:0]
[2020-01-02 12:20:48] rtpData ------->   map[result: count:0 state:0] 
[GIN] 2020/01/02 - 12:20:48 | 200 |    2.256507ms |  192.168.66.115 | POST     /getResult
[2020-01-02 12:20:50] 自開彩開獎  {202001020741 1 34 true} 
ConfigData  map[redisPort:6379 ip:192.168.88.181 user:fa_db password:1qaz!QAZ redisIp:192.168.88.119 redisPassword:"" redisDB:3 poolname:FA_MEM port:3306 database:FA_MEM charset:utf8]
SqlString  SELECT RTP,Amount,Bonus  FROM M_RtpSetting  WHERE Sid = 1   AND State = 1   AND LTG_Code = 1 AND Gid = 34
sqlResult   map[result: count:0 state:0]
[2020-01-02 12:20:50] rtpData ------->   map[result: count:0 state:0] 
[GIN] 2020/01/02 - 12:20:50 | 200 |    2.866282ms |  192.168.66.115 | POST     /getResult
[2020-01-02 12:20:52] 自開彩開獎  {202001020247 1 35 true} 
[2020-01-02 12:20:52] 自開彩開獎  {202001020741 6 36 true} 
ConfigData  map[port:3306 password:1qaz!QAZ poolname:FA_MEM user:fa_db database:FA_MEM charset:utf8 redisIp:192.168.88.119 redisPort:6379 redisPassword:"" redisDB:3 ip:192.168.88.181]
SqlString  SELECT RTP,Amount,Bonus  FROM M_RtpSetting  WHERE Sid = 1   AND State = 1   AND LTG_Code = 1 AND Gid = 35
ConfigData  map[user:fa_db password:1qaz!QAZ redisPort:6379 database:FA_MEM charset:utf8 redisIp:192.168.88.119 redisPassword:"" redisDB:3 ip:192.168.88.181 poolname:FA_MEM port:3306]
SqlString  SELECT RTP,Amount,Bonus  FROM M_RtpSetting  WHERE Sid = 1   AND State = 1   AND LTG_Code = 6 AND Gid = 36
sqlResult   map[result: count:0 state:0]
[2020-01-02 12:20:52] rtpData ------->   map[result: count:0 state:0] 
[GIN] 2020/01/02 - 12:20:52 | 200 |    2.959784ms |  192.168.66.115 | POST     /getResult
sqlResult   map[result: count:0 state:0]
[2020-01-02 12:20:52] rtpData ------->   map[state:0 result: count:0] 
[GIN] 2020/01/02 - 12:20:52 | 200 |    5.309488ms |  192.168.66.115 | POST     /getResult
[2020-01-02 12:20:52] 自開彩開獎  {202001020741 5 38 true} 
ConfigData  map[charset:utf8 redisPort:6379 redisDB:3 user:fa_db poolname:FA_MEM port:3306 password:1qaz!QAZ database:FA_MEM redisIp:192.168.88.119 redisPassword:"" ip:192.168.88.181]
SqlString  SELECT RTP,Amount,Bonus  FROM M_RtpSetting  WHERE Sid = 1   AND State = 1   AND LTG_Code = 5 AND Gid = 38
[2020-01-02 12:20:52] 自開彩開獎  {202001020741 4 40 true} 
ConfigData  map[port:3306 password:1qaz!QAZ redisDB:3 charset:utf8 redisIp:192.168.88.119 redisPort:6379 redisPassword:"" ip:192.168.88.181 poolname:FA_MEM user:fa_db database:FA_MEM]
SqlString  SELECT RTP,Amount,Bonus  FROM M_RtpSetting  WHERE Sid = 1   AND State = 1   AND LTG_Code = 4 AND Gid = 40
sqlResult   map[result: count:0 state:0]
[2020-01-02 12:20:52] rtpData ------->   map[result: count:0 state:0] 
[2020-01-02 12:20:52] 自開彩開獎  {202001020247 4 41 true} 
ConfigData  map[redisPort:6379 redisDB:3 poolname:FA_MEM user:fa_db password:1qaz!QAZ database:FA_MEM redisPassword:"" ip:192.168.88.181 port:3306 charset:utf8 redisIp:192.168.88.119]
SqlString  SELECT RTP,Amount,Bonus  FROM M_RtpSetting  WHERE Sid = 1   AND State = 1   AND LTG_Code = 4 AND Gid = 41
[GIN] 2020/01/02 - 12:20:52 | 200 |    2.615866ms |  192.168.66.115 | POST     /getResult
sqlResult   map[result: count:0 state:0]
[2020-01-02 12:20:52] rtpData ------->   map[result: count:0 state:0] 
[GIN] 2020/01/02 - 12:20:52 | 200 |     2.11279ms |  192.168.66.115 | POST     /getResult
sqlResult   map[result: count:0 state:0]
[2020-01-02 12:20:52] rtpData ------->   map[result: count:0 state:0] 
[GIN] 2020/01/02 - 12:20:52 | 200 |    2.747153ms |  192.168.66.115 | POST     /getResult
[2020-01-02 12:20:54] 自開彩開獎  {202001020149 5 39 true} 
ConfigData  map[password:1qaz!QAZ charset:utf8 redisIp:192.168.88.119 redisPort:6379 redisDB:3 port:3306 user:fa_db database:FA_MEM redisPassword:"" ip:192.168.88.181 poolname:FA_MEM]
SqlString  SELECT RTP,Amount,Bonus  FROM M_RtpSetting  WHERE Sid = 1   AND State = 1   AND LTG_Code = 5 AND Gid = 39
sqlResult   map[result: count:0 state:0]
[2020-01-02 12:20:54] rtpData ------->   map[result: count:0 state:0] 
[GIN] 2020/01/02 - 12:20:54 | 200 |     2.37299ms |  192.168.66.115 | POST     /getResult
[2020-01-02 12:20:56] 自開彩開獎  {202001020741 1 34 true} 
ConfigData  map[poolname:FA_MEM user:fa_db database:FA_MEM charset:utf8 redisIp:192.168.88.119 redisPort:6379 redisDB:3 ip:192.168.88.181 port:3306 password:1qaz!QAZ redisPassword:""]
SqlString  SELECT RTP,Amount,Bonus  FROM M_RtpSetting  WHERE Sid = 1   AND State = 1   AND LTG_Code = 1 AND Gid = 34
sqlResult   map[result: count:0 state:0]
[2020-01-02 12:20:56] rtpData ------->   map[result: count:0 state:0] 
[GIN] 2020/01/02 - 12:20:56 | 200 |    2.956569ms |  192.168.66.115 | POST     /getResult
[2020-01-02 12:20:58] 自開彩開獎  {202001020247 1 35 true} 
ConfigData  map[user:fa_db password:1qaz!QAZ database:FA_MEM charset:utf8 redisIp:192.168.88.119 redisPassword:"" poolname:FA_MEM port:3306 redisDB:3 ip:192.168.88.181 redisPort:6379]
SqlString  SELECT RTP,Amount,Bonus  FROM M_RtpSetting  WHERE Sid = 1   AND State = 1   AND LTG_Code = 1 AND Gid = 35
[2020-01-02 12:20:58] 自開彩開獎  {202001020741 6 36 true} 
ConfigData  map[password:1qaz!QAZ database:FA_MEM charset:utf8 redisIp:192.168.88.119 redisPort:6379 redisPassword:"" redisDB:3 ip:192.168.88.181 port:3306 user:fa_db poolname:FA_MEM]
SqlString  SELECT RTP,Amount,Bonus  FROM M_RtpSetting  WHERE Sid = 1   AND State = 1   AND LTG_Code = 6 AND Gid = 36
sqlResult   map[result: count:0 state:0]
[2020-01-02 12:20:58] rtpData ------->   map[result: count:0 state:0] 
[GIN] 2020/01/02 - 12:20:58 | 200 |    2.832009ms |  192.168.66.115 | POST     /getResult
sqlResult   map[result: count:0 state:0]
[2020-01-02 12:20:58] rtpData ------->   map[state:0 result: count:0] 
[GIN] 2020/01/02 - 12:20:58 | 200 |    3.158539ms |  192.168.66.115 | POST     /getResult
[2020-01-02 12:20:58] 自開彩開獎  {202001020741 5 38 true} 
ConfigData  map[poolname:FA_MEM port:3306 user:fa_db database:FA_MEM redisPort:6379 redisDB:3 ip:192.168.88.181 charset:utf8 redisIp:192.168.88.119 redisPassword:"" password:1qaz!QAZ]
SqlString  SELECT RTP,Amount,Bonus  FROM M_RtpSetting  WHERE Sid = 1   AND State = 1   AND LTG_Code = 5 AND Gid = 38
sqlResult   map[result: count:0 state:0]
[2020-01-02 12:20:58] rtpData ------->   map[state:0 result: count:0] 
[GIN] 2020/01/02 - 12:20:58 | 200 |    3.441148ms |  192.168.66.115 | POST     /getResult
[2020-01-02 12:20:58] 自開彩開獎  {202001020741 4 40 true} 
ConfigData  map[port:3306 user:fa_db password:1qaz!QAZ charset:utf8 redisIp:192.168.88.119 ip:192.168.88.181 poolname:FA_MEM database:FA_MEM redisPort:6379 redisPassword:"" redisDB:3]
SqlString  SELECT RTP,Amount,Bonus  FROM M_RtpSetting  WHERE Sid = 1   AND State = 1   AND LTG_Code = 4 AND Gid = 40
sqlResult   map[result: count:0 state:0]
[2020-01-02 12:20:58] rtpData ------->   map[result: count:0 state:0] 
[GIN] 2020/01/02 - 12:20:58 | 200 |    2.399988ms |  192.168.66.115 | POST     /getResult
[2020-01-02 12:20:58] 自開彩開獎  {202001020247 4 41 true} 
ConfigData  map[redisPort:6379 redisDB:3 ip:192.168.88.181 port:3306 database:FA_MEM charset:utf8 redisIp:192.168.88.119 redisPassword:"" poolname:FA_MEM user:fa_db password:1qaz!QAZ]
SqlString  SELECT RTP,Amount,Bonus  FROM M_RtpSetting  WHERE Sid = 1   AND State = 1   AND LTG_Code = 4 AND Gid = 41
sqlResult   map[state:0 result: count:0]
[2020-01-02 12:20:58] rtpData ------->   map[result: count:0 state:0] 
[GIN] 2020/01/02 - 12:20:58 | 200 |    1.702674ms |  192.168.66.115 | POST     /getResult
[2020-01-02 12:21:00] 自開彩開獎  {202001020149 5 39 true} 
ConfigData  map[redisPort:6379 poolname:FA_MEM port:3306 redisIp:192.168.88.119 database:FA_MEM charset:utf8 redisPassword:"" redisDB:3 ip:192.168.88.181 user:fa_db password:1qaz!QAZ]
SqlString  SELECT RTP,Amount,Bonus  FROM M_RtpSetting  WHERE Sid = 1   AND State = 1   AND LTG_Code = 5 AND Gid = 39
sqlResult   map[result: count:0 state:0]
[2020-01-02 12:21:00] rtpData ------->   map[result: count:0 state:0] 
[GIN] 2020/01/02 - 12:21:00 | 200 |    2.539907ms |  192.168.66.115 | POST     /getResult
[2020-01-02 12:21:00] 自開彩開獎  {202001020742 2 26 true} 
ConfigData  map[redisIp:192.168.88.119 ip:192.168.88.181 poolname:FA_MEM password:1qaz!QAZ database:FA_MEM redisPassword:"" redisDB:3 port:3306 user:fa_db charset:utf8 redisPort:6379]
SqlString  SELECT RTP,Amount,Bonus  FROM M_RtpSetting  WHERE Sid = 1   AND State = 1   AND LTG_Code = 2 AND Gid = 26
[2020-01-02 12:21:00] 自開彩開獎  {20200102248 2 27 true} 
ConfigData  map[redisIp:192.168.88.119 redisPassword:"" user:fa_db database:FA_MEM port:3306 password:1qaz!QAZ charset:utf8 redisPort:6379 redisDB:3 ip:192.168.88.181 poolname:FA_MEM]
SqlString  SELECT RTP,Amount,Bonus  FROM M_RtpSetting  WHERE Sid = 1   AND State = 1   AND LTG_Code = 2 AND Gid = 27
sqlResult   map[state:1 amount:105208 bonus:58491.69 result:0.9600 count:1]
[2020-01-02 12:21:00] rtpData ------->   map[state:1 amount:105208 bonus:58491.69 result:0.9600 count:1] 
ConfigData  map[poolname:FA_MEM user:fa_db password:1qaz!QAZ database:FA_MEM charset:utf8 redisPort:6379 redisDB:3 ip:192.168.88.181 redisIp:192.168.88.119 redisPassword:"" port:3306]
SELECT BO_No, BO_OrderNo , BO_User , BO_Issue  , BO_LotteryTypeGroup, BO_LotteryType, BO_Mode, BO_LotteryPlayGroup, BO_LotteryPlay , BO_LotteryContent, BO_Price, BO_RealPrice, BO_Unit, BO_Multiple , BO_BetCount  , BO_Winnings, BO_Winnings2, BO_Winnings3, BO_WinningLimit  , BO_Water , BO_BW_SourceUserId, BO_BW_BackWater, BO_BW_LimitBetCount, BO_BW_MaxAmount, BO_BW_AuditMultiple  , BO_Odds, BO_Odds2, BO_Odds3 , BO_Type, BO_Chase , BO_OpenResult, BO_OpenResult2, BO_DateDraw, BO_DateDraw2, BO_DateUpdate  FROM TS_BetOrder  WHERE BO_Cancel = 0   AND BO_CancelBackend = 0   AND BO_LotteryTypeGroup = 2 AND BO_LotteryType = 27 AND BO_Issue = 20200102248 AND BO_Collect = 0 ORDER BY BO_DateDraw ASC, BO_DateCreate ASC, BO_DateUpdate ASC, BO_No ASC ;
sqlResult   map[count:1 state:1 amount:1.0069588e+06 bonus:908100.71 result:0.9600]
[2020-01-02 12:21:00] rtpData ------->   map[result:0.9600 count:1 state:1 amount:1.0069588e+06 bonus:908100.71] 
ConfigData  map[port:3306 user:fa_db password:1qaz!QAZ database:FA_MEM charset:utf8 redisIp:192.168.88.119 redisPassword:"" ip:192.168.88.181 poolname:FA_MEM redisPort:6379 redisDB:3]
SELECT BO_No, BO_OrderNo , BO_User , BO_Issue  , BO_LotteryTypeGroup, BO_LotteryType, BO_Mode, BO_LotteryPlayGroup, BO_LotteryPlay , BO_LotteryContent, BO_Price, BO_RealPrice, BO_Unit, BO_Multiple , BO_BetCount  , BO_Winnings, BO_Winnings2, BO_Winnings3, BO_WinningLimit  , BO_Water , BO_BW_SourceUserId, BO_BW_BackWater, BO_BW_LimitBetCount, BO_BW_MaxAmount, BO_BW_AuditMultiple  , BO_Odds, BO_Odds2, BO_Odds3 , BO_Type, BO_Chase , BO_OpenResult, BO_OpenResult2, BO_DateDraw, BO_DateDraw2, BO_DateUpdate  FROM TS_BetOrder  WHERE BO_Cancel = 0   AND BO_CancelBackend = 0   AND BO_LotteryTypeGroup = 2 AND BO_LotteryType = 26 AND BO_Issue = 202001020742 AND BO_Collect = 0 ORDER BY BO_DateDraw ASC, BO_DateCreate ASC, BO_DateUpdate ASC, BO_No ASC ;
[2020-01-02 12:21:00] LottteryTypeGroup 2 
[2020-01-02 12:21:00] 有期號 但無注單 -------> map[thisOpenResult:[7 8 2 0 7] amount:0 bonus:0] 
[GIN] 2020/01/02 - 12:21:00 | 200 |    4.516456ms |  192.168.66.115 | POST     /getResult
[2020-01-02 12:21:00] LottteryTypeGroup 2 
[2020-01-02 12:21:00] 有期號 但無注單 -------> map[amount:0 bonus:0 thisOpenResult:[9 3 2 3 9]] 
[GIN] 2020/01/02 - 12:21:00 | 200 |    5.234821ms |  192.168.66.115 | POST     /getResult
[2020-01-02 12:21:01] 自開彩開獎  {202001020248 6 37 true} 
ConfigData  map[port:3306 password:1qaz!QAZ charset:utf8 redisPassword:"" ip:192.168.88.181 poolname:FA_MEM user:fa_db database:FA_MEM redisIp:192.168.88.119 redisPort:6379 redisDB:3]
SqlString  SELECT RTP,Amount,Bonus  FROM M_RtpSetting  WHERE Sid = 1   AND State = 1   AND LTG_Code = 6 AND Gid = 37
sqlResult   map[result: count:0 state:0]
[2020-01-02 12:21:01] rtpData ------->   map[count:0 state:0 result:] 
[GIN] 2020/01/02 - 12:21:01 | 200 |    2.155661ms |  192.168.66.115 | POST     /getResult
[2020-01-02 12:21:02] 自開彩開獎  {202001020741 1 34 true} 
ConfigData  map[database:FA_MEM charset:utf8 redisIp:192.168.88.119 redisPort:6379 ip:192.168.88.181 user:fa_db password:1qaz!QAZ redisDB:3 poolname:FA_MEM port:3306 redisPassword:""]
SqlString  SELECT RTP,Amount,Bonus  FROM M_RtpSetting  WHERE Sid = 1   AND State = 1   AND LTG_Code = 1 AND Gid = 34
sqlResult   map[result: count:0 state:0]
[2020-01-02 12:21:02] rtpData ------->   map[result: count:0 state:0] 
[GIN] 2020/01/02 - 12:21:02 | 200 |    3.062213ms |  192.168.66.115 | POST     /getResult
[2020-01-02 12:21:04] 自開彩開獎  {202001020247 1 35 true} 
ConfigData  map[user:fa_db database:FA_MEM charset:utf8 redisPort:6379 redisPassword:"" ip:192.168.88.181 poolname:FA_MEM redisIp:192.168.88.119 redisDB:3 port:3306 password:1qaz!QAZ]
SqlString  SELECT RTP,Amount,Bonus  FROM M_RtpSetting  WHERE Sid = 1   AND State = 1   AND LTG_Code = 1 AND Gid = 35
[2020-01-02 12:21:04] 自開彩開獎  {202001020741 6 36 true} 
ConfigData  map[poolname:FA_MEM user:fa_db password:1qaz!QAZ redisIp:192.168.88.119 redisPort:6379 redisPassword:"" redisDB:3 ip:192.168.88.181 port:3306 database:FA_MEM charset:utf8]
SqlString  SELECT RTP,Amount,Bonus  FROM M_RtpSetting  WHERE Sid = 1   AND State = 1   AND LTG_Code = 6 AND Gid = 36
sqlResult   map[result: count:0 state:0]
[2020-01-02 12:21:04] rtpData ------->   map[result: count:0 state:0] 
sqlResult   map[result: count:0 state:0]
[2020-01-02 12:21:04] rtpData ------->   map[count:0 state:0 result:] 
[GIN] 2020/01/02 - 12:21:04 | 200 |     6.98391ms |  192.168.66.115 | POST     /getResult
[GIN] 2020/01/02 - 12:21:04 | 200 |    2.387243ms |  192.168.66.115 | POST     /getResult
[2020-01-02 12:21:04] 自開彩開獎  {202001020741 5 38 true} 
ConfigData  map[password:1qaz!QAZ database:FA_MEM charset:utf8 redisPort:6379 redisDB:3 ip:192.168.88.181 poolname:FA_MEM port:3306 user:fa_db redisIp:192.168.88.119 redisPassword:""]
SqlString  SELECT RTP,Amount,Bonus  FROM M_RtpSetting  WHERE Sid = 1   AND State = 1   AND LTG_Code = 5 AND Gid = 38
sqlResult   map[result: count:0 state:0]
[2020-01-02 12:21:04] rtpData ------->   map[state:0 result: count:0] 
[GIN] 2020/01/02 - 12:21:04 | 200 |    2.211335ms |  192.168.66.115 | POST     /getResult
[2020-01-02 12:21:04] 自開彩開獎  {202001020741 4 40 true} 
ConfigData  map[ip:192.168.88.181 poolname:FA_MEM database:FA_MEM redisIp:192.168.88.119 redisPort:6379 redisPassword:"" redisDB:3 port:3306 user:fa_db password:1qaz!QAZ charset:utf8]
SqlString  SELECT RTP,Amount,Bonus  FROM M_RtpSetting  WHERE Sid = 1   AND State = 1   AND LTG_Code = 4 AND Gid = 40
sqlResult   map[result: count:0 state:0]
[2020-01-02 12:21:04] rtpData ------->   map[state:0 result: count:0] 
[GIN] 2020/01/02 - 12:21:04 | 200 |    2.359902ms |  192.168.66.115 | POST     /getResult
[2020-01-02 12:21:04] 自開彩開獎  {202001020247 4 41 true} 
ConfigData  map[ip:192.168.88.181 poolname:FA_MEM user:fa_db database:FA_MEM redisIp:192.168.88.119 redisDB:3 port:3306 password:1qaz!QAZ charset:utf8 redisPort:6379 redisPassword:""]
SqlString  SELECT RTP,Amount,Bonus  FROM M_RtpSetting  WHERE Sid = 1   AND State = 1   AND LTG_Code = 4 AND Gid = 41
sqlResult   map[result: count:0 state:0]
[2020-01-02 12:21:04] rtpData ------->   map[result: count:0 state:0] 
[GIN] 2020/01/02 - 12:21:04 | 200 |    2.037757ms |  192.168.66.115 | POST     /getResult
[2020-01-02 12:21:07] 自開彩開獎  {202001020248 6 37 true} 
ConfigData  map[poolname:FA_MEM database:FA_MEM charset:utf8 redisPort:6379 redisPassword:"" redisDB:3 ip:192.168.88.181 port:3306 user:fa_db password:1qaz!QAZ redisIp:192.168.88.119]
SqlString  SELECT RTP,Amount,Bonus  FROM M_RtpSetting  WHERE Sid = 1   AND State = 1   AND LTG_Code = 6 AND Gid = 37
sqlResult   map[result: count:0 state:0]
[2020-01-02 12:21:07] rtpData ------->   map[result: count:0 state:0] 
[GIN] 2020/01/02 - 12:21:07 | 200 |    2.390723ms |  192.168.66.115 | POST     /getResult
[2020-01-02 12:21:08] 自開彩開獎  {202001020742 1 34 true} 
ConfigData  map[redisDB:3 ip:192.168.88.181 port:3306 password:1qaz!QAZ database:FA_MEM redisIp:192.168.88.119 poolname:FA_MEM user:fa_db charset:utf8 redisPort:6379 redisPassword:""]
SqlString  SELECT RTP,Amount,Bonus  FROM M_RtpSetting  WHERE Sid = 1   AND State = 1   AND LTG_Code = 1 AND Gid = 34
sqlResult   map[result: count:0 state:0]
[2020-01-02 12:21:08] rtpData ------->   map[result: count:0 state:0] 
[GIN] 2020/01/02 - 12:21:08 | 200 |    2.840788ms |  192.168.66.115 | POST     /getResult
[2020-01-02 12:21:10] 自開彩開獎  {202001020248 1 35 true} 
ConfigData  map[ip:192.168.88.181 poolname:FA_MEM user:fa_db redisPassword:"" redisDB:3 port:3306 password:1qaz!QAZ database:FA_MEM charset:utf8 redisIp:192.168.88.119 redisPort:6379]
SqlString  SELECT RTP,Amount,Bonus  FROM M_RtpSetting  WHERE Sid = 1   AND State = 1   AND LTG_Code = 1 AND Gid = 35
[2020-01-02 12:21:10] 自開彩開獎  {202001020742 6 36 true} 
ConfigData  map[poolname:FA_MEM user:fa_db password:1qaz!QAZ database:FA_MEM redisIp:192.168.88.119 redisPort:6379 redisPassword:"" ip:192.168.88.181 port:3306 charset:utf8 redisDB:3]
SqlString  SELECT RTP,Amount,Bonus  FROM M_RtpSetting  WHERE Sid = 1   AND State = 1   AND LTG_Code = 6 AND Gid = 36
sqlResult   map[result: count:0 state:0]
sqlResult   map[result: count:0 state:0]
[2020-01-02 12:21:10] rtpData ------->   map[result: count:0 state:0] 
[2020-01-02 12:21:10] rtpData ------->   map[result: count:0 state:0] 
[GIN] 2020/01/02 - 12:21:10 | 200 |     2.56111ms |  192.168.66.115 | POST     /getResult
[GIN] 2020/01/02 - 12:21:10 | 200 |    2.389582ms |  192.168.66.115 | POST     /getResult
[2020-01-02 12:21:10] 自開彩開獎  {202001020742 5 38 true} 
ConfigData  map[redisDB:3 ip:192.168.88.181 user:fa_db redisIp:192.168.88.119 redisPassword:"" charset:utf8 redisPort:6379 poolname:FA_MEM port:3306 password:1qaz!QAZ database:FA_MEM]
SqlString  SELECT RTP,Amount,Bonus  FROM M_RtpSetting  WHERE Sid = 1   AND State = 1   AND LTG_Code = 5 AND Gid = 38
[2020-01-02 12:21:10] 自開彩開獎  {202001020742 4 40 true} 
ConfigData  map[ip:192.168.88.181 port:3306 password:1qaz!QAZ charset:utf8 redisIp:192.168.88.119 redisPort:6379 poolname:FA_MEM user:fa_db database:FA_MEM redisPassword:"" redisDB:3]
SqlString  SELECT RTP,Amount,Bonus  FROM M_RtpSetting  WHERE Sid = 1   AND State = 1   AND LTG_Code = 4 AND Gid = 40
sqlResult   map[result: count:0 state:0]
[2020-01-02 12:21:10] rtpData ------->   map[count:0 state:0 result:] 
[GIN] 2020/01/02 - 12:21:10 | 200 |    2.392282ms |  192.168.66.115 | POST     /getResult
sqlResult   map[result: count:0 state:0]
[2020-01-02 12:21:10] rtpData ------->   map[result: count:0 state:0] 
[GIN] 2020/01/02 - 12:21:10 | 200 |    2.821966ms |  192.168.66.115 | POST     /getResult
[2020-01-02 12:21:10] 自開彩開獎  {202001020248 4 41 true} 
ConfigData  map[poolname:FA_MEM user:fa_db database:FA_MEM redisIp:192.168.88.119 redisPort:6379 redisPassword:"" ip:192.168.88.181 password:1qaz!QAZ charset:utf8 redisDB:3 port:3306]
SqlString  SELECT RTP,Amount,Bonus  FROM M_RtpSetting  WHERE Sid = 1   AND State = 1   AND LTG_Code = 4 AND Gid = 41
sqlResult   map[result: count:0 state:0]
[2020-01-02 12:21:10] rtpData ------->   map[state:0 result: count:0] 
[GIN] 2020/01/02 - 12:21:10 | 200 |    2.162895ms |  192.168.66.115 | POST     /getResult
[2020-01-02 12:21:13] 自開彩開獎  {202001020248 6 37 true} 
ConfigData  map[redisPort:6379 ip:192.168.88.181 poolname:FA_MEM port:3306 password:1qaz!QAZ redisPassword:"" redisDB:3 user:fa_db database:FA_MEM charset:utf8 redisIp:192.168.88.119]
SqlString  SELECT RTP,Amount,Bonus  FROM M_RtpSetting  WHERE Sid = 1   AND State = 1   AND LTG_Code = 6 AND Gid = 37
sqlResult   map[result: count:0 state:0]
[2020-01-02 12:21:13] rtpData ------->   map[count:0 state:0 result:] 
[GIN] 2020/01/02 - 12:21:13 | 200 |    2.821033ms |  192.168.66.115 | POST     /getResult
[2020-01-02 12:21:14] 自開彩開獎  {202001020742 1 34 true} 
ConfigData  map[password:1qaz!QAZ charset:utf8 redisPort:6379 redisDB:3 ip:192.168.88.181 poolname:FA_MEM user:fa_db redisPassword:"" port:3306 database:FA_MEM redisIp:192.168.88.119]
SqlString  SELECT RTP,Amount,Bonus  FROM M_RtpSetting  WHERE Sid = 1   AND State = 1   AND LTG_Code = 1 AND Gid = 34
sqlResult   map[result: count:0 state:0]
[2020-01-02 12:21:14] rtpData ------->   map[result: count:0 state:0] 
[GIN] 2020/01/02 - 12:21:14 | 200 |    2.538675ms |  192.168.66.115 | POST     /getResult
[2020-01-02 12:21:16] 自開彩開獎  {202001020248 1 35 true} 
ConfigData  map[user:fa_db password:1qaz!QAZ database:FA_MEM redisPort:6379 redisIp:192.168.88.119 redisPassword:"" redisDB:3 ip:192.168.88.181 poolname:FA_MEM port:3306 charset:utf8]
SqlString  SELECT RTP,Amount,Bonus  FROM M_RtpSetting  WHERE Sid = 1   AND State = 1   AND LTG_Code = 1 AND Gid = 35
sqlResult   map[result: count:0 state:0]
[2020-01-02 12:21:16] rtpData ------->   map[result: count:0 state:0] 
[GIN] 2020/01/02 - 12:21:16 | 200 |    2.102661ms |  192.168.66.115 | POST     /getResult
[2020-01-02 12:21:16] 自開彩開獎  {202001020742 6 36 true} 
ConfigData  map[redisDB:3 ip:192.168.88.181 port:3306 password:1qaz!QAZ database:FA_MEM charset:utf8 redisIp:192.168.88.119 redisPort:6379 poolname:FA_MEM user:fa_db redisPassword:""]
SqlString  SELECT RTP,Amount,Bonus  FROM M_RtpSetting  WHERE Sid = 1   AND State = 1   AND LTG_Code = 6 AND Gid = 36
sqlResult   map[result: count:0 state:0]
[2020-01-02 12:21:16] rtpData ------->   map[result: count:0 state:0] 
[GIN] 2020/01/02 - 12:21:16 | 200 |    2.080106ms |  192.168.66.115 | POST     /getResult
[2020-01-02 12:21:16] 自開彩開獎  {202001020742 4 40 true} 
[2020-01-02 12:21:16] 自開彩開獎  {202001020248 4 41 true} 
[2020-01-02 12:21:16] 自開彩開獎  {202001020742 5 38 true} 
ConfigData  map[user:fa_db database:FA_MEM redisIp:192.168.88.119 redisPort:6379 poolname:FA_MEM port:3306 charset:utf8 redisPassword:"" redisDB:3 ip:192.168.88.181 password:1qaz!QAZ]
SqlString  SELECT RTP,Amount,Bonus  FROM M_RtpSetting  WHERE Sid = 1   AND State = 1   AND LTG_Code = 4 AND Gid = 40
ConfigData  map[ip:192.168.88.181 poolname:FA_MEM redisPort:6379 redisPassword:"" port:3306 user:fa_db password:1qaz!QAZ database:FA_MEM charset:utf8 redisIp:192.168.88.119 redisDB:3]
SqlString  SELECT RTP,Amount,Bonus  FROM M_RtpSetting  WHERE Sid = 1   AND State = 1   AND LTG_Code = 5 AND Gid = 38
ConfigData  map[port:3306 user:fa_db password:1qaz!QAZ charset:utf8 redisPort:6379 redisDB:3 ip:192.168.88.181 database:FA_MEM redisIp:192.168.88.119 redisPassword:"" poolname:FA_MEM]
SqlString  SELECT RTP,Amount,Bonus  FROM M_RtpSetting  WHERE Sid = 1   AND State = 1   AND LTG_Code = 4 AND Gid = 41
sqlResult   map[result: count:0 state:0]
[2020-01-02 12:21:16] rtpData ------->   map[count:0 state:0 result:] 
[GIN] 2020/01/02 - 12:21:16 | 200 |     2.43253ms |  192.168.66.115 | POST     /getResult
sqlResult   map[result: count:0 state:0]
[2020-01-02 12:21:16] rtpData ------->   map[result: count:0 state:0] 
[GIN] 2020/01/02 - 12:21:16 | 200 |     2.61256ms |  192.168.66.115 | POST     /getResult
sqlResult   map[result: count:0 state:0]
[2020-01-02 12:21:16] rtpData ------->   map[result: count:0 state:0] 
[GIN] 2020/01/02 - 12:21:16 | 200 |    2.742379ms |  192.168.66.115 | POST     /getResult
[2020-01-02 12:21:19] 自開彩開獎  {202001020248 6 37 true} 
ConfigData  map[redisDB:3 ip:192.168.88.181 poolname:FA_MEM redisPassword:"" database:FA_MEM charset:utf8 redisIp:192.168.88.119 redisPort:6379 port:3306 user:fa_db password:1qaz!QAZ]
SqlString  SELECT RTP,Amount,Bonus  FROM M_RtpSetting  WHERE Sid = 1   AND State = 1   AND LTG_Code = 6 AND Gid = 37
sqlResult   map[result: count:0 state:0]
[2020-01-02 12:21:19] rtpData ------->   map[result: count:0 state:0] 
[GIN] 2020/01/02 - 12:21:19 | 200 |    2.483524ms |  192.168.66.115 | POST     /getResult
[2020-01-02 12:21:20] 自開彩開獎  {202001020742 1 34 true} 
ConfigData  map[redisPassword:"" poolname:FA_MEM password:1qaz!QAZ charset:utf8 redisIp:192.168.88.119 redisPort:6379 ip:192.168.88.181 port:3306 user:fa_db database:FA_MEM redisDB:3]
SqlString  SELECT RTP,Amount,Bonus  FROM M_RtpSetting  WHERE Sid = 1   AND State = 1   AND LTG_Code = 1 AND Gid = 34
sqlResult   map[result: count:0 state:0]
[2020-01-02 12:21:20] rtpData ------->   map[result: count:0 state:0] 
[GIN] 2020/01/02 - 12:21:20 | 200 |    3.245251ms |  192.168.66.115 | POST     /getResult
[2020-01-02 12:21:22] 自開彩開獎  {202001020248 1 35 true} 
ConfigData  map[poolname:FA_MEM port:3306 password:1qaz!QAZ database:FA_MEM charset:utf8 redisIp:192.168.88.119 redisPort:6379 ip:192.168.88.181 redisDB:3 redisPassword:"" user:fa_db]
SqlString  SELECT RTP,Amount,Bonus  FROM M_RtpSetting  WHERE Sid = 1   AND State = 1   AND LTG_Code = 1 AND Gid = 35
[2020-01-02 12:21:22] 自開彩開獎  {202001020742 6 36 true} 
ConfigData  map[charset:utf8 redisPort:6379 redisPassword:"" redisDB:3 user:fa_db poolname:FA_MEM port:3306 password:1qaz!QAZ database:FA_MEM redisIp:192.168.88.119 ip:192.168.88.181]
SqlString  SELECT RTP,Amount,Bonus  FROM M_RtpSetting  WHERE Sid = 1   AND State = 1   AND LTG_Code = 6 AND Gid = 36
sqlResult   map[result: count:0 state:0]
[2020-01-02 12:21:22] rtpData ------->   map[result: count:0 state:0] 
[GIN] 2020/01/02 - 12:21:22 | 200 |    2.102803ms |  192.168.66.115 | POST     /getResult
sqlResult   map[result: count:0 state:0]
[2020-01-02 12:21:22] rtpData ------->   map[state:0 result: count:0] 
[GIN] 2020/01/02 - 12:21:22 | 200 |    2.012135ms |  192.168.66.115 | POST     /getResult
[2020-01-02 12:21:22] 自開彩開獎  {202001020742 5 38 true} 
[2020-01-02 12:21:22] 自開彩開獎  {202001020248 4 41 true} 
ConfigData  map[database:FA_MEM redisIp:192.168.88.119 redisPort:6379 ip:192.168.88.181 poolname:FA_MEM port:3306 user:fa_db password:1qaz!QAZ charset:utf8 redisPassword:"" redisDB:3]
SqlString  SELECT RTP,Amount,Bonus  FROM M_RtpSetting  WHERE Sid = 1   AND State = 1   AND LTG_Code = 4 AND Gid = 41
ConfigData  map[poolname:FA_MEM port:3306 password:1qaz!QAZ charset:utf8 redisPassword:"" ip:192.168.88.181 database:FA_MEM redisIp:192.168.88.119 redisPort:6379 redisDB:3 user:fa_db]
SqlString  SELECT RTP,Amount,Bonus  FROM M_RtpSetting  WHERE Sid = 1   AND State = 1   AND LTG_Code = 5 AND Gid = 38
[2020-01-02 12:21:22] 自開彩開獎  {202001020742 4 40 true} 
ConfigData  map[poolname:FA_MEM redisPassword:"" password:1qaz!QAZ database:FA_MEM charset:utf8 redisIp:192.168.88.119 redisPort:6379 ip:192.168.88.181 port:3306 user:fa_db redisDB:3]
SqlString  SELECT RTP,Amount,Bonus  FROM M_RtpSetting  WHERE Sid = 1   AND State = 1   AND LTG_Code = 4 AND Gid = 40
sqlResult   map[result: count:0 state:0]
[2020-01-02 12:21:22] rtpData ------->   map[result: count:0 state:0] 
[GIN] 2020/01/02 - 12:21:22 | 200 |    2.918271ms |  192.168.66.115 | POST     /getResult
sqlResult   map[result: count:0 state:0]
[2020-01-02 12:21:22] rtpData ------->   map[result: count:0 state:0] 
[GIN] 2020/01/02 - 12:21:22 | 200 |    2.757322ms |  192.168.66.115 | POST     /getResult
sqlResult   map[result: count:0 state:0]
[2020-01-02 12:21:22] rtpData ------->   map[result: count:0 state:0] 
[GIN] 2020/01/02 - 12:21:22 | 200 |    3.329097ms |  192.168.66.115 | POST     /getResult
[2020-01-02 12:21:25] 自開彩開獎  {202001020248 6 37 true} 
ConfigData  map[ip:192.168.88.181 port:3306 password:1qaz!QAZ database:FA_MEM redisPort:6379 redisDB:3 poolname:FA_MEM user:fa_db charset:utf8 redisIp:192.168.88.119 redisPassword:""]
SqlString  SELECT RTP,Amount,Bonus  FROM M_RtpSetting  WHERE Sid = 1   AND State = 1   AND LTG_Code = 6 AND Gid = 37
sqlResult   map[result: count:0 state:0]
[2020-01-02 12:21:25] rtpData ------->   map[result: count:0 state:0] 
[GIN] 2020/01/02 - 12:21:25 | 200 |    2.596181ms |  192.168.66.115 | POST     /getResult
[2020-01-02 12:21:26] 自開彩開獎  {202001020742 1 34 true} 
ConfigData  map[redisPassword:"" ip:192.168.88.181 poolname:FA_MEM port:3306 password:1qaz!QAZ database:FA_MEM redisIp:192.168.88.119 redisPort:6379 user:fa_db charset:utf8 redisDB:3]
SqlString  SELECT RTP,Amount,Bonus  FROM M_RtpSetting  WHERE Sid = 1   AND State = 1   AND LTG_Code = 1 AND Gid = 34
sqlResult   map[result: count:0 state:0]
[2020-01-02 12:21:26] rtpData ------->   map[count:0 state:0 result:] 
[GIN] 2020/01/02 - 12:21:26 | 200 |    2.612855ms |  192.168.66.115 | POST     /getResult
[2020-01-02 12:21:28] 自開彩開獎  {202001020248 1 35 true} 
[2020-01-02 12:21:28] 自開彩開獎  {202001020742 6 36 true} 
ConfigData  map[ip:192.168.88.181 poolname:FA_MEM port:3306 user:fa_db password:1qaz!QAZ database:FA_MEM redisIp:192.168.88.119 redisPassword:"" redisDB:3 charset:utf8 redisPort:6379]
SqlString  SELECT RTP,Amount,Bonus  FROM M_RtpSetting  WHERE Sid = 1   AND State = 1   AND LTG_Code = 1 AND Gid = 35
ConfigData  map[port:3306 user:fa_db password:1qaz!QAZ database:FA_MEM redisPort:6379 redisPassword:"" ip:192.168.88.181 poolname:FA_MEM redisDB:3 charset:utf8 redisIp:192.168.88.119]
SqlString  SELECT RTP,Amount,Bonus  FROM M_RtpSetting  WHERE Sid = 1   AND State = 1   AND LTG_Code = 6 AND Gid = 36
sqlResult   map[state:0 result: count:0]
[2020-01-02 12:21:28] rtpData ------->   map[result: count:0 state:0] 
[GIN] 2020/01/02 - 12:21:28 | 200 |    2.214201ms |  192.168.66.115 | POST     /getResult
sqlResult   map[result: count:0 state:0]
[2020-01-02 12:21:28] rtpData ------->   map[state:0 result: count:0] 
[GIN] 2020/01/02 - 12:21:28 | 200 |    2.381902ms |  192.168.66.115 | POST     /getResult
[2020-01-02 12:21:28] 自開彩開獎  {202001020742 5 38 true} 
ConfigData  map[redisIp:192.168.88.119 redisPort:6379 redisPassword:"" redisDB:3 port:3306 password:1qaz!QAZ user:fa_db database:FA_MEM charset:utf8 ip:192.168.88.181 poolname:FA_MEM]
SqlString  SELECT RTP,Amount,Bonus  FROM M_RtpSetting  WHERE Sid = 1   AND State = 1   AND LTG_Code = 5 AND Gid = 38
sqlResult   map[result: count:0 state:0]
[2020-01-02 12:21:28] rtpData ------->   map[result: count:0 state:0] 
[GIN] 2020/01/02 - 12:21:28 | 200 |    2.596415ms |  192.168.66.115 | POST     /getResult
[2020-01-02 12:21:28] 自開彩開獎  {202001020742 4 40 true} 
ConfigData  map[ip:192.168.88.181 poolname:FA_MEM charset:utf8 redisIp:192.168.88.119 redisPort:6379 redisPassword:"" port:3306 user:fa_db password:1qaz!QAZ database:FA_MEM redisDB:3]
SqlString  SELECT RTP,Amount,Bonus  FROM M_RtpSetting  WHERE Sid = 1   AND State = 1   AND LTG_Code = 4 AND Gid = 40
[2020-01-02 12:21:28] 自開彩開獎  {202001020248 4 41 true} 
ConfigData  map[user:fa_db database:FA_MEM charset:utf8 redisPassword:"" redisDB:3 ip:192.168.88.181 port:3306 password:1qaz!QAZ redisIp:192.168.88.119 redisPort:6379 poolname:FA_MEM]
SqlString  SELECT RTP,Amount,Bonus  FROM M_RtpSetting  WHERE Sid = 1   AND State = 1   AND LTG_Code = 4 AND Gid = 41
sqlResult   map[state:0 result: count:0]
[2020-01-02 12:21:28] rtpData ------->   map[result: count:0 state:0] 
[GIN] 2020/01/02 - 12:21:28 | 200 |    1.956023ms |  192.168.66.115 | POST     /getResult
sqlResult   map[result: count:0 state:0]
[2020-01-02 12:21:28] rtpData ------->   map[result: count:0 state:0] 
[GIN] 2020/01/02 - 12:21:28 | 200 |    2.306695ms |  192.168.66.115 | POST     /getResult
[2020-01-02 12:21:31] 自開彩開獎  {202001020248 6 37 true} 
ConfigData  map[password:1qaz!QAZ database:FA_MEM charset:utf8 redisIp:192.168.88.119 redisPort:6379 ip:192.168.88.181 port:3306 user:fa_db redisPassword:"" redisDB:3 poolname:FA_MEM]
SqlString  SELECT RTP,Amount,Bonus  FROM M_RtpSetting  WHERE Sid = 1   AND State = 1   AND LTG_Code = 6 AND Gid = 37
sqlResult   map[result: count:0 state:0]
[2020-01-02 12:21:31] rtpData ------->   map[state:0 result: count:0] 
[GIN] 2020/01/02 - 12:21:31 | 200 |    3.505397ms |  192.168.66.115 | POST     /getResult
[2020-01-02 12:21:32] 自開彩開獎  {202001020742 1 34 true} 
ConfigData  map[ip:192.168.88.181 redisIp:192.168.88.119 redisPassword:"" database:FA_MEM charset:utf8 redisPort:6379 redisDB:3 poolname:FA_MEM port:3306 user:fa_db password:1qaz!QAZ]
SqlString  SELECT RTP,Amount,Bonus  FROM M_RtpSetting  WHERE Sid = 1   AND State = 1   AND LTG_Code = 1 AND Gid = 34
sqlResult   map[result: count:0 state:0]
[2020-01-02 12:21:32] rtpData ------->   map[result: count:0 state:0] 
[GIN] 2020/01/02 - 12:21:32 | 200 |    2.697107ms |  192.168.66.115 | POST     /getResult
[2020-01-02 12:21:34] 自開彩開獎  {202001020248 1 35 true} 
ConfigData  map[port:3306 user:fa_db redisIp:192.168.88.119 redisPassword:"" charset:utf8 redisPort:6379 redisDB:3 ip:192.168.88.181 poolname:FA_MEM password:1qaz!QAZ database:FA_MEM]
SqlString  SELECT RTP,Amount,Bonus  FROM M_RtpSetting  WHERE Sid = 1   AND State = 1   AND LTG_Code = 1 AND Gid = 35
sqlResult   map[result: count:0 state:0]
[2020-01-02 12:21:34] rtpData ------->   map[state:0 result: count:0] 
[GIN] 2020/01/02 - 12:21:34 | 200 |    2.277752ms |  192.168.66.115 | POST     /getResult
[2020-01-02 12:21:34] 自開彩開獎  {202001020742 6 36 true} 
ConfigData  map[redisPort:6379 redisPassword:"" poolname:FA_MEM user:fa_db database:FA_MEM redisIp:192.168.88.119 redisDB:3 ip:192.168.88.181 port:3306 password:1qaz!QAZ charset:utf8]
SqlString  SELECT RTP,Amount,Bonus  FROM M_RtpSetting  WHERE Sid = 1   AND State = 1   AND LTG_Code = 6 AND Gid = 36
sqlResult   map[result: count:0 state:0]
[2020-01-02 12:21:34] rtpData ------->   map[result: count:0 state:0] 
[GIN] 2020/01/02 - 12:21:34 | 200 |    1.723384ms |  192.168.66.115 | POST     /getResult
[2020-01-02 12:21:34] 自開彩開獎  {202001020742 5 38 true} 
ConfigData  map[ip:192.168.88.181 poolname:FA_MEM port:3306 user:fa_db database:FA_MEM redisPort:6379 redisPassword:"" redisDB:3 password:1qaz!QAZ charset:utf8 redisIp:192.168.88.119]
SqlString  SELECT RTP,Amount,Bonus  FROM M_RtpSetting  WHERE Sid = 1   AND State = 1   AND LTG_Code = 5 AND Gid = 38
[2020-01-02 12:21:34] 自開彩開獎  {202001020742 4 40 true} 
ConfigData  map[ip:192.168.88.181 poolname:FA_MEM port:3306 user:fa_db database:FA_MEM redisIp:192.168.88.119 redisDB:3 password:1qaz!QAZ charset:utf8 redisPort:6379 redisPassword:""]
SqlString  SELECT RTP,Amount,Bonus  FROM M_RtpSetting  WHERE Sid = 1   AND State = 1   AND LTG_Code = 4 AND Gid = 40
[2020-01-02 12:21:34] 自開彩開獎  {202001020248 4 41 true} 
ConfigData  map[redisPort:6379 redisPassword:"" redisDB:3 poolname:FA_MEM user:fa_db password:1qaz!QAZ charset:utf8 redisIp:192.168.88.119 ip:192.168.88.181 port:3306 database:FA_MEM]
SqlString  SELECT RTP,Amount,Bonus  FROM M_RtpSetting  WHERE Sid = 1   AND State = 1   AND LTG_Code = 4 AND Gid = 41
sqlResult   map[result: count:0 state:0]
[2020-01-02 12:21:34] rtpData ------->   map[result: count:0 state:0] 
sqlResult   map[result: count:0 state:0]
[GIN] 2020/01/02 - 12:21:34 | 200 |     2.48272ms |  192.168.66.115 | POST     /getResult
[2020-01-02 12:21:34] rtpData ------->   map[count:0 state:0 result:] 
[GIN] 2020/01/02 - 12:21:34 | 200 |    2.352889ms |  192.168.66.115 | POST     /getResult
sqlResult   map[result: count:0 state:0]
[2020-01-02 12:21:34] rtpData ------->   map[result: count:0 state:0] 
[GIN] 2020/01/02 - 12:21:34 | 200 |    2.434291ms |  192.168.66.115 | POST     /getResult
[2020-01-02 12:21:37] 自開彩開獎  {202001020248 6 37 true} 
ConfigData  map[port:3306 password:1qaz!QAZ database:FA_MEM redisPort:6379 redisDB:3 ip:192.168.88.181 poolname:FA_MEM user:fa_db charset:utf8 redisIp:192.168.88.119 redisPassword:""]
SqlString  SELECT RTP,Amount,Bonus  FROM M_RtpSetting  WHERE Sid = 1   AND State = 1   AND LTG_Code = 6 AND Gid = 37
sqlResult   map[result: count:0 state:0]
[2020-01-02 12:21:37] rtpData ------->   map[result: count:0 state:0] 
[GIN] 2020/01/02 - 12:21:37 | 200 |    2.670887ms |  192.168.66.115 | POST     /getResult
[2020-01-02 12:21:38] 自開彩開獎  {202001020742 1 34 true} 
ConfigData  map[ip:192.168.88.181 poolname:FA_MEM port:3306 user:fa_db password:1qaz!QAZ database:FA_MEM redisDB:3 charset:utf8 redisIp:192.168.88.119 redisPort:6379 redisPassword:""]
SqlString  SELECT RTP,Amount,Bonus  FROM M_RtpSetting  WHERE Sid = 1   AND State = 1   AND LTG_Code = 1 AND Gid = 34
sqlResult   map[state:0 result: count:0]
[2020-01-02 12:21:38] rtpData ------->   map[result: count:0 state:0] 
[GIN] 2020/01/02 - 12:21:38 | 200 |    2.640718ms |  192.168.66.115 | POST     /getResult
[2020-01-02 12:21:40] 自開彩開獎  {202001020248 1 35 true} 
ConfigData  map[user:fa_db database:FA_MEM charset:utf8 redisIp:192.168.88.119 redisPassword:"" redisDB:3 ip:192.168.88.181 poolname:FA_MEM port:3306 password:1qaz!QAZ redisPort:6379]
SqlString  SELECT RTP,Amount,Bonus  FROM M_RtpSetting  WHERE Sid = 1   AND State = 1   AND LTG_Code = 1 AND Gid = 35
[2020-01-02 12:21:40] 自開彩開獎  {202001020742 6 36 true} 
ConfigData  map[port:3306 user:fa_db password:1qaz!QAZ redisPort:6379 redisPassword:"" redisDB:3 ip:192.168.88.181 poolname:FA_MEM database:FA_MEM charset:utf8 redisIp:192.168.88.119]
SqlString  SELECT RTP,Amount,Bonus  FROM M_RtpSetting  WHERE Sid = 1   AND State = 1   AND LTG_Code = 6 AND Gid = 36
sqlResult   map[result: count:0 state:0]
[2020-01-02 12:21:40] rtpData ------->   map[result: count:0 state:0] 
[GIN] 2020/01/02 - 12:21:40 | 200 |    2.292254ms |  192.168.66.115 | POST     /getResult
sqlResult   map[result: count:0 state:0]
[2020-01-02 12:21:40] rtpData ------->   map[result: count:0 state:0] 
[GIN] 2020/01/02 - 12:21:40 | 200 |    2.787901ms |  192.168.66.115 | POST     /getResult
[2020-01-02 12:21:40] 自開彩開獎  {202001020742 5 38 true} 
ConfigData  map[password:1qaz!QAZ database:FA_MEM charset:utf8 redisPort:6379 redisPassword:"" redisDB:3 ip:192.168.88.181 poolname:FA_MEM port:3306 user:fa_db redisIp:192.168.88.119]
SqlString  SELECT RTP,Amount,Bonus  FROM M_RtpSetting  WHERE Sid = 1   AND State = 1   AND LTG_Code = 5 AND Gid = 38
[2020-01-02 12:21:40] 自開彩開獎  {202001020248 4 41 true} 
ConfigData  map[user:fa_db database:FA_MEM charset:utf8 redisDB:3 ip:192.168.88.181 port:3306 redisIp:192.168.88.119 redisPort:6379 redisPassword:"" poolname:FA_MEM password:1qaz!QAZ]
SqlString  SELECT RTP,Amount,Bonus  FROM M_RtpSetting  WHERE Sid = 1   AND State = 1   AND LTG_Code = 4 AND Gid = 41
[2020-01-02 12:21:40] 自開彩開獎  {202001020742 4 40 true} 
ConfigData  map[user:fa_db password:1qaz!QAZ database:FA_MEM charset:utf8 redisIp:192.168.88.119 redisPassword:"" redisDB:3 ip:192.168.88.181 poolname:FA_MEM port:3306 redisPort:6379]
SqlString  SELECT RTP,Amount,Bonus  FROM M_RtpSetting  WHERE Sid = 1   AND State = 1   AND LTG_Code = 4 AND Gid = 40
sqlResult   map[result: count:0 state:0]
[2020-01-02 12:21:40] rtpData ------->   map[result: count:0 state:0] 
[GIN] 2020/01/02 - 12:21:40 | 200 |    2.128739ms |  192.168.66.115 | POST     /getResult
sqlResult   map[state:0 result: count:0]
[2020-01-02 12:21:40] rtpData ------->   map[result: count:0 state:0] 
[GIN] 2020/01/02 - 12:21:40 | 200 |    2.397492ms |  192.168.66.115 | POST     /getResult
sqlResult   map[result: count:0 state:0]
[2020-01-02 12:21:40] rtpData ------->   map[state:0 result: count:0] 
[GIN] 2020/01/02 - 12:21:40 | 200 |    2.887215ms |  192.168.66.115 | POST     /getResult
[2020-01-02 12:21:43] 自開彩開獎  {202001020248 6 37 true} 
ConfigData  map[ip:192.168.88.181 port:3306 redisPort:6379 redisDB:3 redisIp:192.168.88.119 redisPassword:"" poolname:FA_MEM user:fa_db password:1qaz!QAZ database:FA_MEM charset:utf8]
SqlString  SELECT RTP,Amount,Bonus  FROM M_RtpSetting  WHERE Sid = 1   AND State = 1   AND LTG_Code = 6 AND Gid = 37
sqlResult   map[result: count:0 state:0]
[2020-01-02 12:21:43] rtpData ------->   map[result: count:0 state:0] 
[GIN] 2020/01/02 - 12:21:43 | 200 |    2.054043ms |  192.168.66.115 | POST     /getResult
[2020-01-02 12:21:44] 自開彩開獎  {202001020742 1 34 true} 
ConfigData  map[redisDB:3 user:fa_db password:1qaz!QAZ redisPort:6379 redisPassword:"" charset:utf8 redisIp:192.168.88.119 ip:192.168.88.181 poolname:FA_MEM port:3306 database:FA_MEM]
SqlString  SELECT RTP,Amount,Bonus  FROM M_RtpSetting  WHERE Sid = 1   AND State = 1   AND LTG_Code = 1 AND Gid = 34
sqlResult   map[result: count:0 state:0]
[2020-01-02 12:21:44] rtpData ------->   map[result: count:0 state:0] 
[GIN] 2020/01/02 - 12:21:44 | 200 |    2.560013ms |  192.168.66.115 | POST     /getResult
[2020-01-02 12:21:46] 自開彩開獎  {202001020248 1 35 true} 
ConfigData  map[redisIp:192.168.88.119 redisPort:6379 ip:192.168.88.181 port:3306 user:fa_db database:FA_MEM charset:utf8 poolname:FA_MEM password:1qaz!QAZ redisPassword:"" redisDB:3]
SqlString  SELECT RTP,Amount,Bonus  FROM M_RtpSetting  WHERE Sid = 1   AND State = 1   AND LTG_Code = 1 AND Gid = 35
[2020-01-02 12:21:46] 自開彩開獎  {202001020742 6 36 true} 
ConfigData  map[port:3306 database:FA_MEM charset:utf8 redisIp:192.168.88.119 redisPort:6379 redisPassword:"" redisDB:3 ip:192.168.88.181 user:fa_db password:1qaz!QAZ poolname:FA_MEM]
SqlString  SELECT RTP,Amount,Bonus  FROM M_RtpSetting  WHERE Sid = 1   AND State = 1   AND LTG_Code = 6 AND Gid = 36
sqlResult   map[result: count:0 state:0]
[2020-01-02 12:21:46] rtpData ------->   map[result: count:0 state:0] 
[GIN] 2020/01/02 - 12:21:46 | 200 |    2.747084ms |  192.168.66.115 | POST     /getResult
sqlResult   map[state:0 result: count:0]
[2020-01-02 12:21:46] rtpData ------->   map[count:0 state:0 result:] 
[GIN] 2020/01/02 - 12:21:46 | 200 |    2.054781ms |  192.168.66.115 | POST     /getResult
[2020-01-02 12:21:46] 自開彩開獎  {202001020742 5 38 true} 
ConfigData  map[charset:utf8 redisPassword:"" redisDB:3 poolname:FA_MEM port:3306 database:FA_MEM redisIp:192.168.88.119 redisPort:6379 ip:192.168.88.181 user:fa_db password:1qaz!QAZ]
SqlString  SELECT RTP,Amount,Bonus  FROM M_RtpSetting  WHERE Sid = 1   AND State = 1   AND LTG_Code = 5 AND Gid = 38
[2020-01-02 12:21:46] 自開彩開獎  {202001020742 4 40 true} 
ConfigData  map[poolname:FA_MEM redisIp:192.168.88.119 redisPort:6379 redisPassword:"" redisDB:3 ip:192.168.88.181 port:3306 user:fa_db password:1qaz!QAZ database:FA_MEM charset:utf8]
SqlString  SELECT RTP,Amount,Bonus  FROM M_RtpSetting  WHERE Sid = 1   AND State = 1   AND LTG_Code = 4 AND Gid = 40
sqlResult   map[result: count:0 state:0]
[2020-01-02 12:21:46] rtpData ------->   map[result: count:0 state:0] 
[GIN] 2020/01/02 - 12:21:46 | 200 |    2.510377ms |  192.168.66.115 | POST     /getResult
sqlResult   map[result: count:0 state:0]
[2020-01-02 12:21:46] rtpData ------->   map[result: count:0 state:0] 
[GIN] 2020/01/02 - 12:21:46 | 200 |    2.641736ms |  192.168.66.115 | POST     /getResult
[2020-01-02 12:21:46] 自開彩開獎  {202001020248 4 41 true} 
ConfigData  map[redisIp:192.168.88.119 redisPassword:"" redisDB:3 user:fa_db password:1qaz!QAZ database:FA_MEM charset:utf8 redisPort:6379 ip:192.168.88.181 poolname:FA_MEM port:3306]
SqlString  SELECT RTP,Amount,Bonus  FROM M_RtpSetting  WHERE Sid = 1   AND State = 1   AND LTG_Code = 4 AND Gid = 41
sqlResult   map[result: count:0 state:0]
[2020-01-02 12:21:46] rtpData ------->   map[result: count:0 state:0] 
[GIN] 2020/01/02 - 12:21:46 | 200 |     1.78562ms |  192.168.66.115 | POST     /getResult
[2020-01-02 12:21:49] 自開彩開獎  {202001020248 6 37 true} 
ConfigData  map[password:1qaz!QAZ database:FA_MEM redisIp:192.168.88.119 redisPort:6379 redisPassword:"" poolname:FA_MEM port:3306 charset:utf8 redisDB:3 ip:192.168.88.181 user:fa_db]
SqlString  SELECT RTP,Amount,Bonus  FROM M_RtpSetting  WHERE Sid = 1   AND State = 1   AND LTG_Code = 6 AND Gid = 37
sqlResult   map[result: count:0 state:0]
[2020-01-02 12:21:49] rtpData ------->   map[result: count:0 state:0] 
[GIN] 2020/01/02 - 12:21:49 | 200 |    2.657754ms |  192.168.66.115 | POST     /getResult
[2020-01-02 12:21:50] 自開彩開獎  {202001020742 1 34 true} 
ConfigData  map[user:fa_db password:1qaz!QAZ database:FA_MEM redisPort:6379 port:3306 poolname:FA_MEM charset:utf8 redisIp:192.168.88.119 redisPassword:"" redisDB:3 ip:192.168.88.181]
SqlString  SELECT RTP,Amount,Bonus  FROM M_RtpSetting  WHERE Sid = 1   AND State = 1   AND LTG_Code = 1 AND Gid = 34
sqlResult   map[result: count:0 state:0]
[2020-01-02 12:21:50] rtpData ------->   map[result: count:0 state:0] 
[GIN] 2020/01/02 - 12:21:50 | 200 |    2.716659ms |  192.168.66.115 | POST     /getResult
[2020-01-02 12:21:52] 自開彩開獎  {202001020248 1 35 true} 
ConfigData  map[redisPort:6379 redisPassword:"" poolname:FA_MEM redisIp:192.168.88.119 user:fa_db password:1qaz!QAZ database:FA_MEM charset:utf8 redisDB:3 ip:192.168.88.181 port:3306]
SqlString  SELECT RTP,Amount,Bonus  FROM M_RtpSetting  WHERE Sid = 1   AND State = 1   AND LTG_Code = 1 AND Gid = 35
[2020-01-02 12:21:52] 自開彩開獎  {202001020742 6 36 true} 
ConfigData  map[ip:192.168.88.181 password:1qaz!QAZ database:FA_MEM charset:utf8 redisDB:3 poolname:FA_MEM port:3306 user:fa_db redisIp:192.168.88.119 redisPort:6379 redisPassword:""]
SqlString  SELECT RTP,Amount,Bonus  FROM M_RtpSetting  WHERE Sid = 1   AND State = 1   AND LTG_Code = 6 AND Gid = 36
sqlResult   map[result: count:0 state:0]
[2020-01-02 12:21:52] rtpData ------->   map[result: count:0 state:0] 
[GIN] 2020/01/02 - 12:21:52 | 200 |    2.863076ms |  192.168.66.115 | POST     /getResult
sqlResult   map[result: count:0 state:0]
[2020-01-02 12:21:52] rtpData ------->   map[result: count:0 state:0] 
[GIN] 2020/01/02 - 12:21:52 | 200 |    8.572289ms |  192.168.66.115 | POST     /getResult
[2020-01-02 12:21:52] 自開彩開獎  {202001020742 5 38 true} 
ConfigData  map[poolname:FA_MEM port:3306 user:fa_db redisIp:192.168.88.119 redisPassword:"" ip:192.168.88.181 database:FA_MEM charset:utf8 redisPort:6379 redisDB:3 password:1qaz!QAZ]
SqlString  SELECT RTP,Amount,Bonus  FROM M_RtpSetting  WHERE Sid = 1   AND State = 1   AND LTG_Code = 5 AND Gid = 38
[2020-01-02 12:21:52] 自開彩開獎  {202001020248 4 41 true} 
ConfigData  map[poolname:FA_MEM password:1qaz!QAZ charset:utf8 redisIp:192.168.88.119 redisPort:6379 ip:192.168.88.181 port:3306 user:fa_db database:FA_MEM redisPassword:"" redisDB:3]
SqlString  SELECT RTP,Amount,Bonus  FROM M_RtpSetting  WHERE Sid = 1   AND State = 1   AND LTG_Code = 4 AND Gid = 41
[2020-01-02 12:21:52] 自開彩開獎  {202001020742 4 40 true} 
ConfigData  map[poolname:FA_MEM port:3306 charset:utf8 redisIp:192.168.88.119 redisPassword:"" ip:192.168.88.181 user:fa_db password:1qaz!QAZ database:FA_MEM redisPort:6379 redisDB:3]
SqlString  SELECT RTP,Amount,Bonus  FROM M_RtpSetting  WHERE Sid = 1   AND State = 1   AND LTG_Code = 4 AND Gid = 40
sqlResult   map[result: count:0 state:0]
sqlResult   map[state:0 result: count:0]
[2020-01-02 12:21:52] rtpData ------->   map[result: count:0 state:0] 
[GIN] 2020/01/02 - 12:21:52 | 200 |    2.534416ms |  192.168.66.115 | POST     /getResult
sqlResult   map[result: count:0 state:0]
[2020-01-02 12:21:52] rtpData ------->   map[count:0 state:0 result:] 
[2020-01-02 12:21:52] rtpData ------->   map[result: count:0 state:0] 
[GIN] 2020/01/02 - 12:21:52 | 200 |    2.825759ms |  192.168.66.115 | POST     /getResult
[GIN] 2020/01/02 - 12:21:52 | 200 |    3.227688ms |  192.168.66.115 | POST     /getResult
[2020-01-02 12:21:55] 自開彩開獎  {202001020248 6 37 true} 
ConfigData  map[database:FA_MEM charset:utf8 redisPort:6379 redisPassword:"" port:3306 poolname:FA_MEM user:fa_db password:1qaz!QAZ redisIp:192.168.88.119 redisDB:3 ip:192.168.88.181]
SqlString  SELECT RTP,Amount,Bonus  FROM M_RtpSetting  WHERE Sid = 1   AND State = 1   AND LTG_Code = 6 AND Gid = 37
sqlResult   map[result: count:0 state:0]
[2020-01-02 12:21:55] rtpData ------->   map[count:0 state:0 result:] 
[GIN] 2020/01/02 - 12:21:55 | 200 |    2.497974ms |  192.168.66.115 | POST     /getResult
[2020-01-02 12:21:56] 自開彩開獎  {202001020742 1 34 true} 
ConfigData  map[poolname:FA_MEM port:3306 database:FA_MEM redisPort:6379 redisPassword:"" redisDB:3 ip:192.168.88.181 user:fa_db password:1qaz!QAZ charset:utf8 redisIp:192.168.88.119]
SqlString  SELECT RTP,Amount,Bonus  FROM M_RtpSetting  WHERE Sid = 1   AND State = 1   AND LTG_Code = 1 AND Gid = 34
sqlResult   map[count:0 state:0 result:]
[2020-01-02 12:21:56] rtpData ------->   map[result: count:0 state:0] 
[GIN] 2020/01/02 - 12:21:56 | 200 |    2.254328ms |  192.168.66.115 | POST     /getResult
[2020-01-02 12:21:58] 自開彩開獎  {202001020742 6 36 true} 
[2020-01-02 12:21:58] 自開彩開獎  {202001020248 1 35 true} 
ConfigData  map[redisPassword:"" redisDB:3 poolname:FA_MEM user:fa_db charset:utf8 redisIp:192.168.88.119 redisPort:6379 ip:192.168.88.181 port:3306 password:1qaz!QAZ database:FA_MEM]
SqlString  SELECT RTP,Amount,Bonus  FROM M_RtpSetting  WHERE Sid = 1   AND State = 1   AND LTG_Code = 1 AND Gid = 35
ConfigData  map[port:3306 database:FA_MEM charset:utf8 redisPort:6379 redisPassword:"" redisDB:3 ip:192.168.88.181 poolname:FA_MEM user:fa_db password:1qaz!QAZ redisIp:192.168.88.119]
SqlString  SELECT RTP,Amount,Bonus  FROM M_RtpSetting  WHERE Sid = 1   AND State = 1   AND LTG_Code = 6 AND Gid = 36
sqlResult   map[result: count:0 state:0]
[2020-01-02 12:21:58] rtpData ------->   map[result: count:0 state:0] 
sqlResult   map[result: count:0 state:0]
[2020-01-02 12:21:58] rtpData ------->   map[result: count:0 state:0] 
[GIN] 2020/01/02 - 12:21:58 | 200 |    2.549362ms |  192.168.66.115 | POST     /getResult
[GIN] 2020/01/02 - 12:21:58 | 200 |    2.636874ms |  192.168.66.115 | POST     /getResult
[2020-01-02 12:21:58] 自開彩開獎  {202001020742 5 38 true} 
ConfigData  map[redisDB:3 port:3306 database:FA_MEM charset:utf8 redisIp:192.168.88.119 redisPort:6379 ip:192.168.88.181 poolname:FA_MEM user:fa_db password:1qaz!QAZ redisPassword:""]
SqlString  SELECT RTP,Amount,Bonus  FROM M_RtpSetting  WHERE Sid = 1   AND State = 1   AND LTG_Code = 5 AND Gid = 38
[2020-01-02 12:21:58] 自開彩開獎  {202001020742 4 40 true} 
ConfigData  map[password:1qaz!QAZ redisPassword:"" redisDB:3 ip:192.168.88.181 port:3306 user:fa_db database:FA_MEM charset:utf8 redisIp:192.168.88.119 redisPort:6379 poolname:FA_MEM]
SqlString  SELECT RTP,Amount,Bonus  FROM M_RtpSetting  WHERE Sid = 1   AND State = 1   AND LTG_Code = 4 AND Gid = 40
[2020-01-02 12:21:58] 自開彩開獎  {202001020248 4 41 true} 
ConfigData  map[ip:192.168.88.181 poolname:FA_MEM user:fa_db password:1qaz!QAZ database:FA_MEM redisIp:192.168.88.119 redisPort:6379 port:3306 charset:utf8 redisPassword:"" redisDB:3]
SqlString  SELECT RTP,Amount,Bonus  FROM M_RtpSetting  WHERE Sid = 1   AND State = 1   AND LTG_Code = 4 AND Gid = 41
sqlResult   map[result: count:0 state:0]
[2020-01-02 12:21:58] rtpData ------->   map[result: count:0 state:0] 
[GIN] 2020/01/02 - 12:21:58 | 200 |    2.237861ms |  192.168.66.115 | POST     /getResult
sqlResult   map[result: count:0 state:0]
[2020-01-02 12:21:58] rtpData ------->   map[result: count:0 state:0] 
[GIN] 2020/01/02 - 12:21:58 | 200 |    2.510176ms |  192.168.66.115 | POST     /getResult
sqlResult   map[result: count:0 state:0]
[2020-01-02 12:21:58] rtpData ------->   map[result: count:0 state:0] 
[GIN] 2020/01/02 - 12:21:58 | 200 |    2.839264ms |  192.168.66.115 | POST     /getResult
[2020-01-02 12:22:00] 自開彩開獎  {202001020743 2 26 true} 
ConfigData  map[user:fa_db password:1qaz!QAZ redisPort:6379 redisDB:3 ip:192.168.88.181 poolname:FA_MEM port:3306 database:FA_MEM charset:utf8 redisIp:192.168.88.119 redisPassword:""]
SqlString  SELECT RTP,Amount,Bonus  FROM M_RtpSetting  WHERE Sid = 1   AND State = 1   AND LTG_Code = 2 AND Gid = 26
sqlResult   map[result:0.9600 count:1 state:1 amount:1.0069588e+06 bonus:908100.71]
[2020-01-02 12:22:00] rtpData ------->   map[state:1 amount:1.0069588e+06 bonus:908100.71 result:0.9600 count:1] 
ConfigData  map[password:1qaz!QAZ charset:utf8 redisIp:192.168.88.119 redisDB:3 ip:192.168.88.181 poolname:FA_MEM port:3306 user:fa_db database:FA_MEM redisPort:6379 redisPassword:""]
SELECT BO_No, BO_OrderNo , BO_User , BO_Issue  , BO_LotteryTypeGroup, BO_LotteryType, BO_Mode, BO_LotteryPlayGroup, BO_LotteryPlay , BO_LotteryContent, BO_Price, BO_RealPrice, BO_Unit, BO_Multiple , BO_BetCount  , BO_Winnings, BO_Winnings2, BO_Winnings3, BO_WinningLimit  , BO_Water , BO_BW_SourceUserId, BO_BW_BackWater, BO_BW_LimitBetCount, BO_BW_MaxAmount, BO_BW_AuditMultiple  , BO_Odds, BO_Odds2, BO_Odds3 , BO_Type, BO_Chase , BO_OpenResult, BO_OpenResult2, BO_DateDraw, BO_DateDraw2, BO_DateUpdate  FROM TS_BetOrder  WHERE BO_Cancel = 0   AND BO_CancelBackend = 0   AND BO_LotteryTypeGroup = 2 AND BO_LotteryType = 26 AND BO_Issue = 202001020743 AND BO_Collect = 0 ORDER BY BO_DateDraw ASC, BO_DateCreate ASC, BO_DateUpdate ASC, BO_No ASC ;
[2020-01-02 12:22:00] LottteryTypeGroup 2 
[2020-01-02 12:22:00] 有期號 但無注單 -------> map[amount:0 bonus:0 thisOpenResult:[3 3 7 5 2]] 
[GIN] 2020/01/02 - 12:22:00 | 200 |    5.592373ms |  192.168.66.115 | POST     /getResult
[2020-01-02 12:22:01] 自開彩開獎  {202001020248 6 37 true} 
ConfigData  map[user:fa_db password:1qaz!QAZ charset:utf8 redisPassword:"" poolname:FA_MEM port:3306 redisIp:192.168.88.119 redisPort:6379 redisDB:3 ip:192.168.88.181 database:FA_MEM]
SqlString  SELECT RTP,Amount,Bonus  FROM M_RtpSetting  WHERE Sid = 1   AND State = 1   AND LTG_Code = 6 AND Gid = 37
sqlResult   map[result: count:0 state:0]
[2020-01-02 12:22:01] rtpData ------->   map[count:0 state:0 result:] 
[GIN] 2020/01/02 - 12:22:01 | 200 |    9.102827ms |  192.168.66.115 | POST     /getResult
[2020-01-02 12:22:02] 自開彩開獎  {202001020742 1 34 true} 
ConfigData  map[ip:192.168.88.181 redisIp:192.168.88.119 redisPassword:"" redisDB:3 charset:utf8 redisPort:6379 poolname:FA_MEM port:3306 user:fa_db password:1qaz!QAZ database:FA_MEM]
SqlString  SELECT RTP,Amount,Bonus  FROM M_RtpSetting  WHERE Sid = 1   AND State = 1   AND LTG_Code = 1 AND Gid = 34
sqlResult   map[result: count:0 state:0]
[2020-01-02 12:22:02] rtpData ------->   map[count:0 state:0 result:] 
[GIN] 2020/01/02 - 12:22:02 | 200 |    2.642504ms |  192.168.66.115 | POST     /getResult
[2020-01-02 12:22:04] 自開彩開獎  {202001020248 1 35 true} 
ConfigData  map[ip:192.168.88.181 poolname:FA_MEM port:3306 charset:utf8 redisPassword:"" redisDB:3 user:fa_db password:1qaz!QAZ database:FA_MEM redisIp:192.168.88.119 redisPort:6379]
SqlString  SELECT RTP,Amount,Bonus  FROM M_RtpSetting  WHERE Sid = 1   AND State = 1   AND LTG_Code = 1 AND Gid = 35
[2020-01-02 12:22:04] 自開彩開獎  {202001020742 6 36 true} 
ConfigData  map[poolname:FA_MEM database:FA_MEM charset:utf8 redisIp:192.168.88.119 redisPort:6379 ip:192.168.88.181 port:3306 user:fa_db password:1qaz!QAZ redisPassword:"" redisDB:3]
SqlString  SELECT RTP,Amount,Bonus  FROM M_RtpSetting  WHERE Sid = 1   AND State = 1   AND LTG_Code = 6 AND Gid = 36
sqlResult   map[result: count:0 state:0]
sqlResult   map[result: count:0 state:0]
[2020-01-02 12:22:04] rtpData ------->   map[result: count:0 state:0] 
[2020-01-02 12:22:04] rtpData ------->   map[result: count:0 state:0] 
[GIN] 2020/01/02 - 12:22:04 | 200 |    2.707279ms |  192.168.66.115 | POST     /getResult
[GIN] 2020/01/02 - 12:22:04 | 200 |    2.467492ms |  192.168.66.115 | POST     /getResult
[2020-01-02 12:22:04] 自開彩開獎  {202001020742 4 40 true} 
[2020-01-02 12:22:04] 自開彩開獎  {202001020248 4 41 true} 
ConfigData  map[user:fa_db database:FA_MEM redisIp:192.168.88.119 redisPort:6379 redisDB:3 ip:192.168.88.181 port:3306 charset:utf8 redisPassword:"" poolname:FA_MEM password:1qaz!QAZ]
SqlString  SELECT RTP,Amount,Bonus  FROM M_RtpSetting  WHERE Sid = 1   AND State = 1   AND LTG_Code = 4 AND Gid = 40
ConfigData  map[port:3306 user:fa_db database:FA_MEM charset:utf8 ip:192.168.88.181 password:1qaz!QAZ redisIp:192.168.88.119 redisPort:6379 redisPassword:"" redisDB:3 poolname:FA_MEM]
SqlString  SELECT RTP,Amount,Bonus  FROM M_RtpSetting  WHERE Sid = 1   AND State = 1   AND LTG_Code = 4 AND Gid = 41
[2020-01-02 12:22:04] 自開彩開獎  {202001020742 5 38 true} 
ConfigData  map[redisIp:192.168.88.119 redisPort:6379 ip:192.168.88.181 poolname:FA_MEM port:3306 user:fa_db redisDB:3 password:1qaz!QAZ database:FA_MEM charset:utf8 redisPassword:""]
SqlString  SELECT RTP,Amount,Bonus  FROM M_RtpSetting  WHERE Sid = 1   AND State = 1   AND LTG_Code = 5 AND Gid = 38
sqlResult   map[result: count:0 state:0]
[2020-01-02 12:22:04] rtpData ------->   map[result: count:0 state:0] 
[GIN] 2020/01/02 - 12:22:04 | 200 |    2.223823ms |  192.168.66.115 | POST     /getResult
sqlResult   map[result: count:0 state:0]
[2020-01-02 12:22:04] rtpData ------->   map[result: count:0 state:0] 
[GIN] 2020/01/02 - 12:22:04 | 200 |    2.342252ms |  192.168.66.115 | POST     /getResult
sqlResult   map[result: count:0 state:0]
[2020-01-02 12:22:04] rtpData ------->   map[result: count:0 state:0] 
[GIN] 2020/01/02 - 12:22:04 | 200 |    2.545104ms |  192.168.66.115 | POST     /getResult
[2020-01-02 12:22:08] 自開彩開獎  {202001020743 1 34 true} 
ConfigData  map[ip:192.168.88.181 user:fa_db password:1qaz!QAZ database:FA_MEM redisPort:6379 redisPassword:"" poolname:FA_MEM port:3306 charset:utf8 redisIp:192.168.88.119 redisDB:3]
SqlString  SELECT RTP,Amount,Bonus  FROM M_RtpSetting  WHERE Sid = 1   AND State = 1   AND LTG_Code = 1 AND Gid = 34
sqlResult   map[state:0 result: count:0]
[2020-01-02 12:22:08] rtpData ------->   map[state:0 result: count:0] 
[GIN] 2020/01/02 - 12:22:08 | 200 |    2.530314ms |  192.168.66.115 | POST     /getResult
[2020-01-02 12:22:10] 自開彩開獎  {202001020248 1 35 true} 
[2020-01-02 12:22:10] 自開彩開獎  {202001020743 6 36 true} 
ConfigData  map[poolname:FA_MEM redisIp:192.168.88.119 redisPassword:"" redisDB:3 ip:192.168.88.181 port:3306 user:fa_db password:1qaz!QAZ database:FA_MEM charset:utf8 redisPort:6379]
SqlString  SELECT RTP,Amount,Bonus  FROM M_RtpSetting  WHERE Sid = 1   AND State = 1   AND LTG_Code = 6 AND Gid = 36
ConfigData  map[redisIp:192.168.88.119 redisPort:6379 redisDB:3 poolname:FA_MEM password:1qaz!QAZ user:fa_db database:FA_MEM charset:utf8 redisPassword:"" ip:192.168.88.181 port:3306]
SqlString  SELECT RTP,Amount,Bonus  FROM M_RtpSetting  WHERE Sid = 1   AND State = 1   AND LTG_Code = 1 AND Gid = 35
sqlResult   map[result: count:0 state:0]
[2020-01-02 12:22:10] rtpData ------->   map[result: count:0 state:0] 
[GIN] 2020/01/02 - 12:22:10 | 200 |    2.253427ms |  192.168.66.115 | POST     /getResult
sqlResult   map[count:0 state:0 result:]
[2020-01-02 12:22:10] rtpData ------->   map[state:0 result: count:0] 
[GIN] 2020/01/02 - 12:22:10 | 200 |    2.765603ms |  192.168.66.115 | POST     /getResult
[2020-01-02 12:22:10] 自開彩開獎  {202001020743 4 40 true} 
ConfigData  map[charset:utf8 redisIp:192.168.88.119 redisPort:6379 poolname:FA_MEM user:fa_db password:1qaz!QAZ database:FA_MEM redisPassword:"" redisDB:3 ip:192.168.88.181 port:3306]
SqlString  SELECT RTP,Amount,Bonus  FROM M_RtpSetting  WHERE Sid = 1   AND State = 1   AND LTG_Code = 4 AND Gid = 40
[2020-01-02 12:22:10] 自開彩開獎  {202001020248 4 41 true} 
ConfigData  map[ip:192.168.88.181 password:1qaz!QAZ redisPort:6379 redisPassword:"" redisDB:3 redisIp:192.168.88.119 poolname:FA_MEM port:3306 user:fa_db database:FA_MEM charset:utf8]
SqlString  SELECT RTP,Amount,Bonus  FROM M_RtpSetting  WHERE Sid = 1   AND State = 1   AND LTG_Code = 4 AND Gid = 41
[2020-01-02 12:22:10] 自開彩開獎  {202001020743 5 38 true} 
ConfigData  map[ip:192.168.88.181 port:3306 password:1qaz!QAZ charset:utf8 redisDB:3 poolname:FA_MEM user:fa_db database:FA_MEM redisIp:192.168.88.119 redisPort:6379 redisPassword:""]
SqlString  SELECT RTP,Amount,Bonus  FROM M_RtpSetting  WHERE Sid = 1   AND State = 1   AND LTG_Code = 5 AND Gid = 38
sqlResult   map[result: count:0 state:0]
[2020-01-02 12:22:10] rtpData ------->   map[result: count:0 state:0] 
[GIN] 2020/01/02 - 12:22:10 | 200 |    2.342394ms |  192.168.66.115 | POST     /getResult
sqlResult   map[result: count:0 state:0]
[2020-01-02 12:22:10] rtpData ------->   map[result: count:0 state:0] 
[GIN] 2020/01/02 - 12:22:10 | 200 |     2.45454ms |  192.168.66.115 | POST     /getResult
sqlResult   map[result: count:0 state:0]
[2020-01-02 12:22:10] rtpData ------->   map[result: count:0 state:0] 
[GIN] 2020/01/02 - 12:22:10 | 200 |     2.84334ms |  192.168.66.115 | POST     /getResult
[2020-01-02 12:22:14] 自開彩開獎  {202001020743 1 34 true} 
ConfigData  map[redisPort:6379 redisDB:3 poolname:FA_MEM port:3306 password:1qaz!QAZ database:FA_MEM redisIp:192.168.88.119 ip:192.168.88.181 user:fa_db charset:utf8 redisPassword:""]
SqlString  SELECT RTP,Amount,Bonus  FROM M_RtpSetting  WHERE Sid = 1   AND State = 1   AND LTG_Code = 1 AND Gid = 34
sqlResult   map[result: count:0 state:0]
[2020-01-02 12:22:14] rtpData ------->   map[result: count:0 state:0] 
[GIN] 2020/01/02 - 12:22:14 | 200 |    2.168078ms |  192.168.66.115 | POST     /getResult
[2020-01-02 12:22:16] 自開彩開獎  {202001020248 1 35 true} 
ConfigData  map[database:FA_MEM charset:utf8 redisIp:192.168.88.119 redisPort:6379 redisDB:3 ip:192.168.88.181 port:3306 password:1qaz!QAZ redisPassword:"" poolname:FA_MEM user:fa_db]
SqlString  SELECT RTP,Amount,Bonus  FROM M_RtpSetting  WHERE Sid = 1   AND State = 1   AND LTG_Code = 1 AND Gid = 35
[2020-01-02 12:22:16] 自開彩開獎  {202001020743 6 36 true} 
ConfigData  map[redisDB:3 user:fa_db password:1qaz!QAZ port:3306 database:FA_MEM charset:utf8 redisIp:192.168.88.119 redisPort:6379 redisPassword:"" ip:192.168.88.181 poolname:FA_MEM]
SqlString  SELECT RTP,Amount,Bonus  FROM M_RtpSetting  WHERE Sid = 1   AND State = 1   AND LTG_Code = 6 AND Gid = 36
sqlResult   map[result: count:0 state:0]
[2020-01-02 12:22:16] rtpData ------->   map[count:0 state:0 result:] 
[GIN] 2020/01/02 - 12:22:16 | 200 |    2.278354ms |  192.168.66.115 | POST     /getResult
sqlResult   map[result: count:0 state:0]
[2020-01-02 12:22:16] rtpData ------->   map[result: count:0 state:0] 
[GIN] 2020/01/02 - 12:22:16 | 200 |    2.292001ms |  192.168.66.115 | POST     /getResult
[2020-01-02 12:22:16] 自開彩開獎  {202001020743 5 38 true} 
ConfigData  map[ip:192.168.88.181 poolname:FA_MEM port:3306 user:fa_db database:FA_MEM password:1qaz!QAZ charset:utf8 redisIp:192.168.88.119 redisPort:6379 redisPassword:"" redisDB:3]
SqlString  SELECT RTP,Amount,Bonus  FROM M_RtpSetting  WHERE Sid = 1   AND State = 1   AND LTG_Code = 5 AND Gid = 38
[2020-01-02 12:22:16] 自開彩開獎  {202001020743 4 40 true} 
[2020-01-02 12:22:16] 自開彩開獎  {202001020248 4 41 true} 
ConfigData  map[password:1qaz!QAZ charset:utf8 redisPort:6379 redisPassword:"" database:FA_MEM redisIp:192.168.88.119 redisDB:3 ip:192.168.88.181 poolname:FA_MEM port:3306 user:fa_db]
SqlString  SELECT RTP,Amount,Bonus  FROM M_RtpSetting  WHERE Sid = 1   AND State = 1   AND LTG_Code = 4 AND Gid = 40
ConfigData  map[redisPassword:"" ip:192.168.88.181 poolname:FA_MEM port:3306 user:fa_db password:1qaz!QAZ charset:utf8 redisIp:192.168.88.119 redisDB:3 database:FA_MEM redisPort:6379]
SqlString  SELECT RTP,Amount,Bonus  FROM M_RtpSetting  WHERE Sid = 1   AND State = 1   AND LTG_Code = 4 AND Gid = 41
sqlResult   map[state:0 result: count:0]
[2020-01-02 12:22:16] rtpData ------->   map[result: count:0 state:0] 
sqlResult   map[state:0 result: count:0]
sqlResult   map[result: count:0 state:0]
[2020-01-02 12:22:16] rtpData ------->   map[result: count:0 state:0] 
[2020-01-02 12:22:16] rtpData ------->   map[result: count:0 state:0] 
[GIN] 2020/01/02 - 12:22:16 | 200 |     3.30245ms |  192.168.66.115 | POST     /getResult
[GIN] 2020/01/02 - 12:22:16 | 200 |    3.180868ms |  192.168.66.115 | POST     /getResult
[GIN] 2020/01/02 - 12:22:16 | 200 |    3.202005ms |  192.168.66.115 | POST     /getResult
[2020-01-02 12:22:20] 自開彩開獎  {202001020743 1 34 true} 
ConfigData  map[port:3306 user:fa_db charset:utf8 redisPort:6379 ip:192.168.88.181 poolname:FA_MEM password:1qaz!QAZ database:FA_MEM redisIp:192.168.88.119 redisPassword:"" redisDB:3]
SqlString  SELECT RTP,Amount,Bonus  FROM M_RtpSetting  WHERE Sid = 1   AND State = 1   AND LTG_Code = 1 AND Gid = 34
sqlResult   map[state:0 result: count:0]
[2020-01-02 12:22:20] rtpData ------->   map[count:0 state:0 result:] 
[GIN] 2020/01/02 - 12:22:20 | 200 |    2.184148ms |  192.168.66.115 | POST     /getResult
[2020-01-02 12:22:22] 自開彩開獎  {202001020248 1 35 true} 
ConfigData  map[database:FA_MEM charset:utf8 redisPort:6379 poolname:FA_MEM port:3306 user:fa_db redisPassword:"" redisDB:3 ip:192.168.88.181 password:1qaz!QAZ redisIp:192.168.88.119]
SqlString  SELECT RTP,Amount,Bonus  FROM M_RtpSetting  WHERE Sid = 1   AND State = 1   AND LTG_Code = 1 AND Gid = 35
[2020-01-02 12:22:22] 自開彩開獎  {202001020743 6 36 true} 
ConfigData  map[redisIp:192.168.88.119 ip:192.168.88.181 port:3306 database:FA_MEM charset:utf8 redisPassword:"" redisDB:3 poolname:FA_MEM user:fa_db password:1qaz!QAZ redisPort:6379]
SqlString  SELECT RTP,Amount,Bonus  FROM M_RtpSetting  WHERE Sid = 1   AND State = 1   AND LTG_Code = 6 AND Gid = 36
sqlResult   map[count:0 state:0 result:]
[2020-01-02 12:22:22] rtpData ------->   map[result: count:0 state:0] 
[GIN] 2020/01/02 - 12:22:22 | 200 |    2.105822ms |  192.168.66.115 | POST     /getResult
sqlResult   map[state:0 result: count:0]
[2020-01-02 12:22:22] rtpData ------->   map[result: count:0 state:0] 
[GIN] 2020/01/02 - 12:22:22 | 200 |    3.000544ms |  192.168.66.115 | POST     /getResult
[2020-01-02 12:22:22] 自開彩開獎  {202001020743 4 40 true} 
[2020-01-02 12:22:22] 自開彩開獎  {202001020248 4 41 true} 
ConfigData  map[database:FA_MEM redisIp:192.168.88.119 redisPort:6379 redisPassword:"" redisDB:3 poolname:FA_MEM port:3306 user:fa_db ip:192.168.88.181 password:1qaz!QAZ charset:utf8]
SqlString  SELECT RTP,Amount,Bonus  FROM M_RtpSetting  WHERE Sid = 1   AND State = 1   AND LTG_Code = 4 AND Gid = 40
ConfigData  map[ip:192.168.88.181 poolname:FA_MEM user:fa_db password:1qaz!QAZ charset:utf8 redisIp:192.168.88.119 port:3306 database:FA_MEM redisPort:6379 redisPassword:"" redisDB:3]
SqlString  SELECT RTP,Amount,Bonus  FROM M_RtpSetting  WHERE Sid = 1   AND State = 1   AND LTG_Code = 4 AND Gid = 41
[2020-01-02 12:22:22] 自開彩開獎  {202001020743 5 38 true} 
ConfigData  map[port:3306 user:fa_db charset:utf8 redisIp:192.168.88.119 redisDB:3 ip:192.168.88.181 poolname:FA_MEM redisPort:6379 redisPassword:"" password:1qaz!QAZ database:FA_MEM]
SqlString  SELECT RTP,Amount,Bonus  FROM M_RtpSetting  WHERE Sid = 1   AND State = 1   AND LTG_Code = 5 AND Gid = 38
sqlResult   map[state:0 result: count:0]
[2020-01-02 12:22:22] rtpData ------->   map[result: count:0 state:0] 
[GIN] 2020/01/02 - 12:22:22 | 200 |    2.860038ms |  192.168.66.115 | POST     /getResult
sqlResult   map[count:0 state:0 result:]
[2020-01-02 12:22:22] rtpData ------->   map[result: count:0 state:0] 
sqlResult   map[result: count:0 state:0]
[GIN] 2020/01/02 - 12:22:22 | 200 |    2.917285ms |  192.168.66.115 | POST     /getResult
[2020-01-02 12:22:22] rtpData ------->   map[result: count:0 state:0] 
[GIN] 2020/01/02 - 12:22:22 | 200 |      3.1091ms |  192.168.66.115 | POST     /getResult
[2020-01-02 12:22:26] 自開彩開獎  {202001020743 1 34 true} 
ConfigData  map[redisDB:3 ip:192.168.88.181 poolname:FA_MEM user:fa_db database:FA_MEM charset:utf8 redisPort:6379 redisPassword:"" port:3306 password:1qaz!QAZ redisIp:192.168.88.119]
SqlString  SELECT RTP,Amount,Bonus  FROM M_RtpSetting  WHERE Sid = 1   AND State = 1   AND LTG_Code = 1 AND Gid = 34
sqlResult   map[result: count:0 state:0]
[2020-01-02 12:22:26] rtpData ------->   map[result: count:0 state:0] 
[GIN] 2020/01/02 - 12:22:26 | 200 |    3.026499ms |  192.168.66.115 | POST     /getResult
[2020-01-02 12:22:28] 自開彩開獎  {202001020248 1 35 true} 
ConfigData  map[ip:192.168.88.181 poolname:FA_MEM port:3306 redisPort:6379 redisIp:192.168.88.119 redisPassword:"" redisDB:3 user:fa_db password:1qaz!QAZ database:FA_MEM charset:utf8]
SqlString  SELECT RTP,Amount,Bonus  FROM M_RtpSetting  WHERE Sid = 1   AND State = 1   AND LTG_Code = 1 AND Gid = 35
[2020-01-02 12:22:28] 自開彩開獎  {202001020743 6 36 true} 
ConfigData  map[poolname:FA_MEM database:FA_MEM charset:utf8 redisIp:192.168.88.119 redisPort:6379 redisDB:3 ip:192.168.88.181 port:3306 user:fa_db password:1qaz!QAZ redisPassword:""]
SqlString  SELECT RTP,Amount,Bonus  FROM M_RtpSetting  WHERE Sid = 1   AND State = 1   AND LTG_Code = 6 AND Gid = 36
sqlResult   map[state:0 result: count:0]
[2020-01-02 12:22:28] rtpData ------->   map[result: count:0 state:0] 
[GIN] 2020/01/02 - 12:22:28 | 200 |    2.169899ms |  192.168.66.115 | POST     /getResult
sqlResult   map[state:0 result: count:0]
[2020-01-02 12:22:28] rtpData ------->   map[count:0 state:0 result:] 
[GIN] 2020/01/02 - 12:22:28 | 200 |    2.519823ms |  192.168.66.115 | POST     /getResult
[2020-01-02 12:22:28] 自開彩開獎  {202001020743 5 38 true} 
ConfigData  map[redisPassword:"" poolname:FA_MEM port:3306 user:fa_db redisPort:6379 redisIp:192.168.88.119 redisDB:3 ip:192.168.88.181 password:1qaz!QAZ database:FA_MEM charset:utf8]
SqlString  SELECT RTP,Amount,Bonus  FROM M_RtpSetting  WHERE Sid = 1   AND State = 1   AND LTG_Code = 5 AND Gid = 38
[2020-01-02 12:22:28] 自開彩開獎  {202001020248 4 41 true} 
ConfigData  map[redisDB:3 poolname:FA_MEM user:fa_db database:FA_MEM redisIp:192.168.88.119 redisPort:6379 redisPassword:"" ip:192.168.88.181 port:3306 password:1qaz!QAZ charset:utf8]
SqlString  SELECT RTP,Amount,Bonus  FROM M_RtpSetting  WHERE Sid = 1   AND State = 1   AND LTG_Code = 4 AND Gid = 41
[2020-01-02 12:22:28] 自開彩開獎  {202001020743 4 40 true} 
ConfigData  map[ip:192.168.88.181 user:fa_db password:1qaz!QAZ database:FA_MEM redisDB:3 poolname:FA_MEM port:3306 charset:utf8 redisIp:192.168.88.119 redisPort:6379 redisPassword:""]
SqlString  SELECT RTP,Amount,Bonus  FROM M_RtpSetting  WHERE Sid = 1   AND State = 1   AND LTG_Code = 4 AND Gid = 40
sqlResult   map[result: count:0 state:0]
[2020-01-02 12:22:28] rtpData ------->   map[state:0 result: count:0] 
sqlResult   map[state:0 result: count:0]
[2020-01-02 12:22:28] rtpData ------->   map[count:0 state:0 result:] 
[GIN] 2020/01/02 - 12:22:28 | 200 |    2.380343ms |  192.168.66.115 | POST     /getResult
[GIN] 2020/01/02 - 12:22:28 | 200 |    2.601337ms |  192.168.66.115 | POST     /getResult
sqlResult   map[count:0 state:0 result:]
[2020-01-02 12:22:28] rtpData ------->   map[result: count:0 state:0] 
[GIN] 2020/01/02 - 12:22:28 | 200 |    2.649234ms |  192.168.66.115 | POST     /getResult
[2020-01-02 12:22:32] 自開彩開獎  {202001020743 1 34 true} 
ConfigData  map[redisIp:192.168.88.119 redisPassword:"" ip:192.168.88.181 password:1qaz!QAZ database:FA_MEM charset:utf8 redisDB:3 poolname:FA_MEM port:3306 user:fa_db redisPort:6379]
SqlString  SELECT RTP,Amount,Bonus  FROM M_RtpSetting  WHERE Sid = 1   AND State = 1   AND LTG_Code = 1 AND Gid = 34
sqlResult   map[result: count:0 state:0]
[2020-01-02 12:22:32] rtpData ------->   map[result: count:0 state:0] 
[GIN] 2020/01/02 - 12:22:32 | 200 |    3.022295ms |  192.168.66.115 | POST     /getResult
[2020-01-02 12:22:34] 自開彩開獎  {202001020248 1 35 true} 
ConfigData  map[ip:192.168.88.181 poolname:FA_MEM port:3306 password:1qaz!QAZ database:FA_MEM redisPassword:"" user:fa_db charset:utf8 redisIp:192.168.88.119 redisPort:6379 redisDB:3]
SqlString  SELECT RTP,Amount,Bonus  FROM M_RtpSetting  WHERE Sid = 1   AND State = 1   AND LTG_Code = 1 AND Gid = 35
[2020-01-02 12:22:34] 自開彩開獎  {202001020743 6 36 true} 
ConfigData  map[redisIp:192.168.88.119 ip:192.168.88.181 password:1qaz!QAZ charset:utf8 database:FA_MEM redisPort:6379 redisPassword:"" redisDB:3 poolname:FA_MEM port:3306 user:fa_db]
SqlString  SELECT RTP,Amount,Bonus  FROM M_RtpSetting  WHERE Sid = 1   AND State = 1   AND LTG_Code = 6 AND Gid = 36
sqlResult   map[result: count:0 state:0]
[2020-01-02 12:22:34] rtpData ------->   map[count:0 state:0 result:] 
[GIN] 2020/01/02 - 12:22:34 | 200 |    2.314437ms |  192.168.66.115 | POST     /getResult
sqlResult   map[result: count:0 state:0]
[2020-01-02 12:22:34] rtpData ------->   map[result: count:0 state:0] 
[GIN] 2020/01/02 - 12:22:34 | 200 |    2.452807ms |  192.168.66.115 | POST     /getResult
[2020-01-02 12:22:34] 自開彩開獎  {202001020743 5 38 true} 
ConfigData  map[ip:192.168.88.181 poolname:FA_MEM password:1qaz!QAZ charset:utf8 redisIp:192.168.88.119 redisDB:3 port:3306 user:fa_db database:FA_MEM redisPort:6379 redisPassword:""]
SqlString  SELECT RTP,Amount,Bonus  FROM M_RtpSetting  WHERE Sid = 1   AND State = 1   AND LTG_Code = 5 AND Gid = 38
[2020-01-02 12:22:34] 自開彩開獎  {202001020248 4 41 true} 
[2020-01-02 12:22:34] 自開彩開獎  {202001020743 4 40 true} 
ConfigData  map[user:fa_db charset:utf8 redisIp:192.168.88.119 redisPort:6379 ip:192.168.88.181 poolname:FA_MEM database:FA_MEM redisPassword:"" redisDB:3 port:3306 password:1qaz!QAZ]
SqlString  SELECT RTP,Amount,Bonus  FROM M_RtpSetting  WHERE Sid = 1   AND State = 1   AND LTG_Code = 4 AND Gid = 41
ConfigData  map[port:3306 redisPort:6379 redisDB:3 redisIp:192.168.88.119 redisPassword:"" ip:192.168.88.181 poolname:FA_MEM user:fa_db password:1qaz!QAZ database:FA_MEM charset:utf8]
SqlString  SELECT RTP,Amount,Bonus  FROM M_RtpSetting  WHERE Sid = 1   AND State = 1   AND LTG_Code = 4 AND Gid = 40
sqlResult   map[state:0 result: count:0]
[2020-01-02 12:22:34] rtpData ------->   map[result: count:0 state:0] 
[GIN] 2020/01/02 - 12:22:34 | 200 |    3.064717ms |  192.168.66.115 | POST     /getResult
sqlResult   map[result: count:0 state:0]
[2020-01-02 12:22:34] rtpData ------->   map[result: count:0 state:0] 
[GIN] 2020/01/02 - 12:22:34 | 200 |    3.126662ms |  192.168.66.115 | POST     /getResult
sqlResult   map[result: count:0 state:0]
[2020-01-02 12:22:34] rtpData ------->   map[result: count:0 state:0] 
[GIN] 2020/01/02 - 12:22:34 | 200 |    3.339739ms |  192.168.66.115 | POST     /getResult
[2020-01-02 12:22:38] 自開彩開獎  {202001020743 1 34 true} 
ConfigData  map[ip:192.168.88.181 charset:utf8 redisPassword:"" poolname:FA_MEM port:3306 user:fa_db password:1qaz!QAZ database:FA_MEM redisIp:192.168.88.119 redisPort:6379 redisDB:3]
SqlString  SELECT RTP,Amount,Bonus  FROM M_RtpSetting  WHERE Sid = 1   AND State = 1   AND LTG_Code = 1 AND Gid = 34
sqlResult   map[result: count:0 state:0]
[2020-01-02 12:22:38] rtpData ------->   map[result: count:0 state:0] 
[GIN] 2020/01/02 - 12:22:38 | 200 |    2.914334ms |  192.168.66.115 | POST     /getResult
[2020-01-02 12:22:40] 自開彩開獎  {202001020248 1 35 true} 
ConfigData  map[charset:utf8 redisIp:192.168.88.119 ip:192.168.88.181 poolname:FA_MEM port:3306 user:fa_db password:1qaz!QAZ database:FA_MEM redisPassword:"" redisPort:6379 redisDB:3]
SqlString  SELECT RTP,Amount,Bonus  FROM M_RtpSetting  WHERE Sid = 1   AND State = 1   AND LTG_Code = 1 AND Gid = 35
[2020-01-02 12:22:40] 自開彩開獎  {202001020743 6 36 true} 
ConfigData  map[redisPort:6379 redisDB:3 user:fa_db database:FA_MEM charset:utf8 password:1qaz!QAZ redisIp:192.168.88.119 redisPassword:"" ip:192.168.88.181 poolname:FA_MEM port:3306]
SqlString  SELECT RTP,Amount,Bonus  FROM M_RtpSetting  WHERE Sid = 1   AND State = 1   AND LTG_Code = 6 AND Gid = 36
sqlResult   map[result: count:0 state:0]
[2020-01-02 12:22:40] rtpData ------->   map[result: count:0 state:0] 
[GIN] 2020/01/02 - 12:22:40 | 200 |    2.598422ms |  192.168.66.115 | POST     /getResult
sqlResult   map[state:0 result: count:0]
[2020-01-02 12:22:40] rtpData ------->   map[result: count:0 state:0] 
[GIN] 2020/01/02 - 12:22:40 | 200 |    2.679078ms |  192.168.66.115 | POST     /getResult
[2020-01-02 12:22:40] 自開彩開獎  {202001020743 5 38 true} 
ConfigData  map[redisPassword:"" ip:192.168.88.181 poolname:FA_MEM port:3306 password:1qaz!QAZ charset:utf8 user:fa_db database:FA_MEM redisIp:192.168.88.119 redisPort:6379 redisDB:3]
SqlString  SELECT RTP,Amount,Bonus  FROM M_RtpSetting  WHERE Sid = 1   AND State = 1   AND LTG_Code = 5 AND Gid = 38
[2020-01-02 12:22:40] 自開彩開獎  {202001020248 4 41 true} 
[2020-01-02 12:22:40] 自開彩開獎  {202001020743 4 40 true} 
ConfigData  map[redisPort:6379 redisPassword:"" poolname:FA_MEM port:3306 user:fa_db password:1qaz!QAZ charset:utf8 ip:192.168.88.181 database:FA_MEM redisIp:192.168.88.119 redisDB:3]
SqlString  SELECT RTP,Amount,Bonus  FROM M_RtpSetting  WHERE Sid = 1   AND State = 1   AND LTG_Code = 4 AND Gid = 41
ConfigData  map[poolname:FA_MEM user:fa_db password:1qaz!QAZ ip:192.168.88.181 database:FA_MEM charset:utf8 redisIp:192.168.88.119 redisPort:6379 redisPassword:"" redisDB:3 port:3306]
SqlString  SELECT RTP,Amount,Bonus  FROM M_RtpSetting  WHERE Sid = 1   AND State = 1   AND LTG_Code = 4 AND Gid = 40
sqlResult   map[count:0 state:0 result:]
[2020-01-02 12:22:40] rtpData ------->   map[state:0 result: count:0] 
sqlResult   map[count:0 state:0 result:]
[2020-01-02 12:22:40] rtpData ------->   map[state:0 result: count:0] 
[GIN] 2020/01/02 - 12:22:40 | 200 |    2.536834ms |  192.168.66.115 | POST     /getResult
[GIN] 2020/01/02 - 12:22:40 | 200 |    2.601688ms |  192.168.66.115 | POST     /getResult
sqlResult   map[result: count:0 state:0]
[2020-01-02 12:22:40] rtpData ------->   map[result: count:0 state:0] 
[GIN] 2020/01/02 - 12:22:40 | 200 |    2.523348ms |  192.168.66.115 | POST     /getResult
[2020-01-02 12:22:44] 自開彩開獎  {202001020743 1 34 true} 
ConfigData  map[password:1qaz!QAZ charset:utf8 redisPort:6379 redisPassword:"" poolname:FA_MEM port:3306 user:fa_db database:FA_MEM redisIp:192.168.88.119 redisDB:3 ip:192.168.88.181]
SqlString  SELECT RTP,Amount,Bonus  FROM M_RtpSetting  WHERE Sid = 1   AND State = 1   AND LTG_Code = 1 AND Gid = 34
sqlResult   map[result: count:0 state:0]
[2020-01-02 12:22:44] rtpData ------->   map[result: count:0 state:0] 
[GIN] 2020/01/02 - 12:22:44 | 200 |    2.768224ms |  192.168.66.115 | POST     /getResult
[2020-01-02 12:22:46] 自開彩開獎  {202001020248 1 35 true} 
ConfigData  map[ip:192.168.88.181 database:FA_MEM charset:utf8 redisPort:6379 redisPassword:"" redisDB:3 poolname:FA_MEM port:3306 user:fa_db password:1qaz!QAZ redisIp:192.168.88.119]
SqlString  SELECT RTP,Amount,Bonus  FROM M_RtpSetting  WHERE Sid = 1   AND State = 1   AND LTG_Code = 1 AND Gid = 35
[2020-01-02 12:22:46] 自開彩開獎  {202001020743 6 36 true} 
ConfigData  map[poolname:FA_MEM port:3306 user:fa_db password:1qaz!QAZ charset:utf8 redisPort:6379 redisDB:3 ip:192.168.88.181 database:FA_MEM redisIp:192.168.88.119 redisPassword:""]
SqlString  SELECT RTP,Amount,Bonus  FROM M_RtpSetting  WHERE Sid = 1   AND State = 1   AND LTG_Code = 6 AND Gid = 36
sqlResult   map[result: count:0 state:0]
[2020-01-02 12:22:46] rtpData ------->   map[result: count:0 state:0] 
[GIN] 2020/01/02 - 12:22:46 | 200 |    2.772063ms |  192.168.66.115 | POST     /getResult
sqlResult   map[result: count:0 state:0]
[2020-01-02 12:22:46] rtpData ------->   map[result: count:0 state:0] 
[GIN] 2020/01/02 - 12:22:46 | 200 |     3.56191ms |  192.168.66.115 | POST     /getResult
[2020-01-02 12:22:46] 自開彩開獎  {202001020743 5 38 true} 
ConfigData  map[port:3306 user:fa_db redisIp:192.168.88.119 redisPassword:"" redisDB:3 ip:192.168.88.181 poolname:FA_MEM password:1qaz!QAZ database:FA_MEM charset:utf8 redisPort:6379]
SqlString  SELECT RTP,Amount,Bonus  FROM M_RtpSetting  WHERE Sid = 1   AND State = 1   AND LTG_Code = 5 AND Gid = 38
[2020-01-02 12:22:46] 自開彩開獎  {202001020743 4 40 true} 
ConfigData  map[ip:192.168.88.181 password:1qaz!QAZ redisIp:192.168.88.119 redisPort:6379 redisDB:3 poolname:FA_MEM port:3306 user:fa_db database:FA_MEM charset:utf8 redisPassword:""]
SqlString  SELECT RTP,Amount,Bonus  FROM M_RtpSetting  WHERE Sid = 1   AND State = 1   AND LTG_Code = 4 AND Gid = 40
[2020-01-02 12:22:46] 自開彩開獎  {202001020248 4 41 true} 
ConfigData  map[port:3306 user:fa_db charset:utf8 redisPassword:"" redisDB:3 ip:192.168.88.181 password:1qaz!QAZ database:FA_MEM redisIp:192.168.88.119 redisPort:6379 poolname:FA_MEM]
SqlString  SELECT RTP,Amount,Bonus  FROM M_RtpSetting  WHERE Sid = 1   AND State = 1   AND LTG_Code = 4 AND Gid = 41
sqlResult   map[result: count:0 state:0]
[2020-01-02 12:22:46] rtpData ------->   map[count:0 state:0 result:] 
[GIN] 2020/01/02 - 12:22:46 | 200 |    2.735787ms |  192.168.66.115 | POST     /getResult
sqlResult   map[result: count:0 state:0]
[2020-01-02 12:22:46] rtpData ------->   map[state:0 result: count:0] 
[GIN] 2020/01/02 - 12:22:46 | 200 |    1.936933ms |  192.168.66.115 | POST     /getResult
sqlResult   map[result: count:0 state:0]
[2020-01-02 12:22:46] rtpData ------->   map[count:0 state:0 result:] 
[GIN] 2020/01/02 - 12:22:46 | 200 |     2.04241ms |  192.168.66.115 | POST     /getResult
[2020-01-02 12:22:50] 自開彩開獎  {202001020743 1 34 true} 
ConfigData  map[ip:192.168.88.181 poolname:FA_MEM port:3306 password:1qaz!QAZ redisIp:192.168.88.119 redisPort:6379 user:fa_db database:FA_MEM charset:utf8 redisPassword:"" redisDB:3]
SqlString  SELECT RTP,Amount,Bonus  FROM M_RtpSetting  WHERE Sid = 1   AND State = 1   AND LTG_Code = 1 AND Gid = 34
sqlResult   map[state:0 result: count:0]
[2020-01-02 12:22:50] rtpData ------->   map[result: count:0 state:0] 
[GIN] 2020/01/02 - 12:22:50 | 200 |      2.5494ms |  192.168.66.115 | POST     /getResult
[2020-01-02 12:22:52] 自開彩開獎  {202001020248 1 35 true} 
ConfigData  map[port:3306 database:FA_MEM charset:utf8 redisPassword:"" ip:192.168.88.181 poolname:FA_MEM user:fa_db password:1qaz!QAZ redisIp:192.168.88.119 redisPort:6379 redisDB:3]
SqlString  SELECT RTP,Amount,Bonus  FROM M_RtpSetting  WHERE Sid = 1   AND State = 1   AND LTG_Code = 1 AND Gid = 35
sqlResult   map[result: count:0 state:0]
[2020-01-02 12:22:52] rtpData ------->   map[result: count:0 state:0] 
[GIN] 2020/01/02 - 12:22:52 | 200 |    2.753315ms |  192.168.66.115 | POST     /getResult
[2020-01-02 12:22:52] 自開彩開獎  {202001020743 6 36 true} 
ConfigData  map[ip:192.168.88.181 port:3306 user:fa_db password:1qaz!QAZ redisIp:192.168.88.119 redisPort:6379 redisDB:3 poolname:FA_MEM database:FA_MEM charset:utf8 redisPassword:""]
SqlString  SELECT RTP,Amount,Bonus  FROM M_RtpSetting  WHERE Sid = 1   AND State = 1   AND LTG_Code = 6 AND Gid = 36
sqlResult   map[result: count:0 state:0]
[2020-01-02 12:22:52] rtpData ------->   map[result: count:0 state:0] 
[GIN] 2020/01/02 - 12:22:52 | 200 |    2.926878ms |  192.168.66.115 | POST     /getResult
[2020-01-02 12:22:52] 自開彩開獎  {202001020743 5 38 true} 
ConfigData  map[redisPassword:"" redisDB:3 user:fa_db database:FA_MEM charset:utf8 redisPort:6379 redisIp:192.168.88.119 ip:192.168.88.181 poolname:FA_MEM port:3306 password:1qaz!QAZ]
SqlString  SELECT RTP,Amount,Bonus  FROM M_RtpSetting  WHERE Sid = 1   AND State = 1   AND LTG_Code = 5 AND Gid = 38
[2020-01-02 12:22:52] 自開彩開獎  {202001020743 4 40 true} 
ConfigData  map[ip:192.168.88.181 port:3306 user:fa_db redisIp:192.168.88.119 redisPort:6379 redisPassword:"" redisDB:3 poolname:FA_MEM password:1qaz!QAZ database:FA_MEM charset:utf8]
SqlString  SELECT RTP,Amount,Bonus  FROM M_RtpSetting  WHERE Sid = 1   AND State = 1   AND LTG_Code = 4 AND Gid = 40
[2020-01-02 12:22:52] 自開彩開獎  {202001020248 4 41 true} 
ConfigData  map[redisDB:3 ip:192.168.88.181 password:1qaz!QAZ charset:utf8 redisPort:6379 redisIp:192.168.88.119 redisPassword:"" poolname:FA_MEM port:3306 user:fa_db database:FA_MEM]
SqlString  SELECT RTP,Amount,Bonus  FROM M_RtpSetting  WHERE Sid = 1   AND State = 1   AND LTG_Code = 4 AND Gid = 41
sqlResult   map[count:0 state:0 result:]
[2020-01-02 12:22:52] rtpData ------->   map[result: count:0 state:0] 
[GIN] 2020/01/02 - 12:22:52 | 200 |    2.252363ms |  192.168.66.115 | POST     /getResult
sqlResult   map[state:0 result: count:0]
[2020-01-02 12:22:52] rtpData ------->   map[result: count:0 state:0] 
[GIN] 2020/01/02 - 12:22:52 | 200 |    2.453278ms |  192.168.66.115 | POST     /getResult
sqlResult   map[result: count:0 state:0]
[2020-01-02 12:22:52] rtpData ------->   map[result: count:0 state:0] 
[GIN] 2020/01/02 - 12:22:52 | 200 |    2.595035ms |  192.168.66.115 | POST     /getResult
[2020-01-02 12:22:56] 自開彩開獎  {202001020743 1 34 true} 
ConfigData  map[redisDB:3 poolname:FA_MEM port:3306 password:1qaz!QAZ database:FA_MEM charset:utf8 redisPort:6379 redisPassword:"" ip:192.168.88.181 user:fa_db redisIp:192.168.88.119]
SqlString  SELECT RTP,Amount,Bonus  FROM M_RtpSetting  WHERE Sid = 1   AND State = 1   AND LTG_Code = 1 AND Gid = 34
sqlResult   map[result: count:0 state:0]
[2020-01-02 12:22:56] rtpData ------->   map[state:0 result: count:0] 
[GIN] 2020/01/02 - 12:22:56 | 200 |    2.110913ms |  192.168.66.115 | POST     /getResult
[2020-01-02 12:22:58] 自開彩開獎  {202001020248 1 35 true} 
ConfigData  map[redisPort:6379 redisDB:3 user:fa_db password:1qaz!QAZ charset:utf8 database:FA_MEM redisIp:192.168.88.119 redisPassword:"" ip:192.168.88.181 poolname:FA_MEM port:3306]
SqlString  SELECT RTP,Amount,Bonus  FROM M_RtpSetting  WHERE Sid = 1   AND State = 1   AND LTG_Code = 1 AND Gid = 35
[2020-01-02 12:22:58] 自開彩開獎  {202001020743 6 36 true} 
ConfigData  map[ip:192.168.88.181 poolname:FA_MEM user:fa_db database:FA_MEM port:3306 password:1qaz!QAZ charset:utf8 redisIp:192.168.88.119 redisPort:6379 redisPassword:"" redisDB:3]
SqlString  SELECT RTP,Amount,Bonus  FROM M_RtpSetting  WHERE Sid = 1   AND State = 1   AND LTG_Code = 6 AND Gid = 36
sqlResult   map[result: count:0 state:0]
[2020-01-02 12:22:58] rtpData ------->   map[result: count:0 state:0] 
[GIN] 2020/01/02 - 12:22:58 | 200 |    3.381611ms |  192.168.66.115 | POST     /getResult
sqlResult   map[result: count:0 state:0]
[2020-01-02 12:22:58] rtpData ------->   map[result: count:0 state:0] 
[GIN] 2020/01/02 - 12:22:58 | 200 |    1.906968ms |  192.168.66.115 | POST     /getResult
[2020-01-02 12:22:58] 自開彩開獎  {202001020743 5 38 true} 
ConfigData  map[port:3306 password:1qaz!QAZ charset:utf8 redisPort:6379 redisDB:3 ip:192.168.88.181 user:fa_db database:FA_MEM redisIp:192.168.88.119 redisPassword:"" poolname:FA_MEM]
SqlString  SELECT RTP,Amount,Bonus  FROM M_RtpSetting  WHERE Sid = 1   AND State = 1   AND LTG_Code = 5 AND Gid = 38
[2020-01-02 12:22:58] 自開彩開獎  {202001020743 4 40 true} 
ConfigData  map[ip:192.168.88.181 charset:utf8 redisIp:192.168.88.119 redisPort:6379 redisPassword:"" redisDB:3 poolname:FA_MEM port:3306 user:fa_db password:1qaz!QAZ database:FA_MEM]
SqlString  SELECT RTP,Amount,Bonus  FROM M_RtpSetting  WHERE Sid = 1   AND State = 1   AND LTG_Code = 4 AND Gid = 40
sqlResult   map[state:0 result: count:0]
sqlResult   map[state:0 result: count:0]
[2020-01-02 12:22:58] rtpData ------->   map[result: count:0 state:0] 
[GIN] 2020/01/02 - 12:22:58 | 200 |    2.396173ms |  192.168.66.115 | POST     /getResult
[2020-01-02 12:22:58] rtpData ------->   map[result: count:0 state:0] 
[GIN] 2020/01/02 - 12:22:58 | 200 |    2.663374ms |  192.168.66.115 | POST     /getResult
[2020-01-02 12:22:58] 自開彩開獎  {202001020248 4 41 true} 
ConfigData  map[redisIp:192.168.88.119 redisPort:6379 ip:192.168.88.181 port:3306 user:fa_db database:FA_MEM charset:utf8 poolname:FA_MEM password:1qaz!QAZ redisPassword:"" redisDB:3]
SqlString  SELECT RTP,Amount,Bonus  FROM M_RtpSetting  WHERE Sid = 1   AND State = 1   AND LTG_Code = 4 AND Gid = 41
sqlResult   map[result: count:0 state:0]
[2020-01-02 12:22:58] rtpData ------->   map[result: count:0 state:0] 
[GIN] 2020/01/02 - 12:22:58 | 200 |    2.137833ms |  192.168.66.115 | POST     /getResult
[2020-01-02 12:23:00] 自開彩開獎  {202001020744 2 26 true} 
ConfigData  map[port:3306 user:fa_db password:1qaz!QAZ redisIp:192.168.88.119 redisDB:3 redisPassword:"" ip:192.168.88.181 poolname:FA_MEM database:FA_MEM charset:utf8 redisPort:6379]
SqlString  SELECT RTP,Amount,Bonus  FROM M_RtpSetting  WHERE Sid = 1   AND State = 1   AND LTG_Code = 2 AND Gid = 26
sqlResult   map[count:1 state:1 amount:1.0069588e+06 bonus:908100.71 result:0.9600]
[2020-01-02 12:23:00] rtpData ------->   map[result:0.9600 count:1 state:1 amount:1.0069588e+06 bonus:908100.71] 
ConfigData  map[user:fa_db charset:utf8 redisIp:192.168.88.119 redisDB:3 ip:192.168.88.181 port:3306 password:1qaz!QAZ database:FA_MEM redisPort:6379 redisPassword:"" poolname:FA_MEM]
SELECT BO_No, BO_OrderNo , BO_User , BO_Issue  , BO_LotteryTypeGroup, BO_LotteryType, BO_Mode, BO_LotteryPlayGroup, BO_LotteryPlay , BO_LotteryContent, BO_Price, BO_RealPrice, BO_Unit, BO_Multiple , BO_BetCount  , BO_Winnings, BO_Winnings2, BO_Winnings3, BO_WinningLimit  , BO_Water , BO_BW_SourceUserId, BO_BW_BackWater, BO_BW_LimitBetCount, BO_BW_MaxAmount, BO_BW_AuditMultiple  , BO_Odds, BO_Odds2, BO_Odds3 , BO_Type, BO_Chase , BO_OpenResult, BO_OpenResult2, BO_DateDraw, BO_DateDraw2, BO_DateUpdate  FROM TS_BetOrder  WHERE BO_Cancel = 0   AND BO_CancelBackend = 0   AND BO_LotteryTypeGroup = 2 AND BO_LotteryType = 26 AND BO_Issue = 202001020744 AND BO_Collect = 0 ORDER BY BO_DateDraw ASC, BO_DateCreate ASC, BO_DateUpdate ASC, BO_No ASC ;
[2020-01-02 12:23:00] LottteryTypeGroup 2 
[2020-01-02 12:23:00] 有期號 但無注單 -------> map[amount:0 bonus:0 thisOpenResult:[5 6 9 9 9]] 
[GIN] 2020/01/02 - 12:23:00 | 200 |    5.225502ms |  192.168.66.115 | POST     /getResult
[2020-01-02 12:23:02] 自開彩開獎  {202001020743 1 34 true} 
ConfigData  map[redisPassword:"" redisDB:3 poolname:FA_MEM port:3306 password:1qaz!QAZ charset:utf8 redisPort:6379 ip:192.168.88.181 user:fa_db database:FA_MEM redisIp:192.168.88.119]
SqlString  SELECT RTP,Amount,Bonus  FROM M_RtpSetting  WHERE Sid = 1   AND State = 1   AND LTG_Code = 1 AND Gid = 34
sqlResult   map[result: count:0 state:0]
[2020-01-02 12:23:02] rtpData ------->   map[result: count:0 state:0] 
[GIN] 2020/01/02 - 12:23:02 | 200 |    3.001101ms |  192.168.66.115 | POST     /getResult
[2020-01-02 12:23:04] 自開彩開獎  {202001020248 1 35 true} 
ConfigData  map[user:fa_db password:1qaz!QAZ charset:utf8 redisPassword:"" redisDB:3 redisPort:6379 ip:192.168.88.181 poolname:FA_MEM port:3306 database:FA_MEM redisIp:192.168.88.119]
SqlString  SELECT RTP,Amount,Bonus  FROM M_RtpSetting  WHERE Sid = 1   AND State = 1   AND LTG_Code = 1 AND Gid = 35
[2020-01-02 12:23:04] 自開彩開獎  {202001020743 6 36 true} 
ConfigData  map[redisIp:192.168.88.119 redisPort:6379 poolname:FA_MEM port:3306 password:1qaz!QAZ charset:utf8 redisDB:3 ip:192.168.88.181 user:fa_db database:FA_MEM redisPassword:""]
SqlString  SELECT RTP,Amount,Bonus  FROM M_RtpSetting  WHERE Sid = 1   AND State = 1   AND LTG_Code = 6 AND Gid = 36
sqlResult   map[result: count:0 state:0]
[2020-01-02 12:23:04] rtpData ------->   map[result: count:0 state:0] 
[GIN] 2020/01/02 - 12:23:04 | 200 |    2.343287ms |  192.168.66.115 | POST     /getResult
sqlResult   map[result: count:0 state:0]
[2020-01-02 12:23:04] rtpData ------->   map[result: count:0 state:0] 
[GIN] 2020/01/02 - 12:23:04 | 200 |    3.064342ms |  192.168.66.115 | POST     /getResult
[2020-01-02 12:23:04] 自開彩開獎  {202001020743 5 38 true} 
ConfigData  map[port:3306 user:fa_db database:FA_MEM charset:utf8 redisPort:6379 redisPassword:"" ip:192.168.88.181 poolname:FA_MEM redisDB:3 password:1qaz!QAZ redisIp:192.168.88.119]
SqlString  SELECT RTP,Amount,Bonus  FROM M_RtpSetting  WHERE Sid = 1   AND State = 1   AND LTG_Code = 5 AND Gid = 38
[2020-01-02 12:23:04] 自開彩開獎  {202001020743 4 40 true} 
ConfigData  map[user:fa_db charset:utf8 redisPort:6379 redisPassword:"" redisDB:3 ip:192.168.88.181 poolname:FA_MEM port:3306 password:1qaz!QAZ database:FA_MEM redisIp:192.168.88.119]
SqlString  SELECT RTP,Amount,Bonus  FROM M_RtpSetting  WHERE Sid = 1   AND State = 1   AND LTG_Code = 4 AND Gid = 40
sqlResult   map[result: count:0 state:0]
[2020-01-02 12:23:04] rtpData ------->   map[result: count:0 state:0] 
[GIN] 2020/01/02 - 12:23:04 | 200 |    2.727084ms |  192.168.66.115 | POST     /getResult
sqlResult   map[count:0 state:0 result:]
[2020-01-02 12:23:04] rtpData ------->   map[result: count:0 state:0] 
[GIN] 2020/01/02 - 12:23:04 | 200 |    2.640122ms |  192.168.66.115 | POST     /getResult
[2020-01-02 12:23:04] 自開彩開獎  {202001020248 4 41 true} 
ConfigData  map[redisIp:192.168.88.119 redisDB:3 ip:192.168.88.181 poolname:FA_MEM port:3306 user:fa_db password:1qaz!QAZ database:FA_MEM charset:utf8 redisPort:6379 redisPassword:""]
SqlString  SELECT RTP,Amount,Bonus  FROM M_RtpSetting  WHERE Sid = 1   AND State = 1   AND LTG_Code = 4 AND Gid = 41
sqlResult   map[result: count:0 state:0]
[2020-01-02 12:23:04] rtpData ------->   map[result: count:0 state:0] 
[GIN] 2020/01/02 - 12:23:04 | 200 |    3.096916ms |  192.168.66.115 | POST     /getResult
[2020-01-02 12:23:08] 自開彩開獎  {202001020744 1 34 true} 
ConfigData  map[redisDB:3 port:3306 charset:utf8 redisPort:6379 password:1qaz!QAZ database:FA_MEM redisIp:192.168.88.119 redisPassword:"" ip:192.168.88.181 poolname:FA_MEM user:fa_db]
SqlString  SELECT RTP,Amount,Bonus  FROM M_RtpSetting  WHERE Sid = 1   AND State = 1   AND LTG_Code = 1 AND Gid = 34
sqlResult   map[result: count:0 state:0]
[2020-01-02 12:23:08] rtpData ------->   map[count:0 state:0 result:] 
[GIN] 2020/01/02 - 12:23:08 | 200 |    2.474731ms |  192.168.66.115 | POST     /getResult
[2020-01-02 12:23:10] 自開彩開獎  {202001020248 1 35 true} 
[2020-01-02 12:23:10] 自開彩開獎  {202001020744 6 36 true} 
ConfigData  map[poolname:FA_MEM user:fa_db password:1qaz!QAZ charset:utf8 redisIp:192.168.88.119 redisPassword:"" ip:192.168.88.181 port:3306 database:FA_MEM redisPort:6379 redisDB:3]
ConfigData  map[poolname:FA_MEM port:3306 user:fa_db password:1qaz!QAZ database:FA_MEM redisIp:192.168.88.119 redisPort:6379 ip:192.168.88.181 redisPassword:"" redisDB:3 charset:utf8]
SqlString  SELECT RTP,Amount,Bonus  FROM M_RtpSetting  WHERE Sid = 1   AND State = 1   AND LTG_Code = 6 AND Gid = 36
SqlString  SELECT RTP,Amount,Bonus  FROM M_RtpSetting  WHERE Sid = 1   AND State = 1   AND LTG_Code = 1 AND Gid = 35
sqlResult   map[result: count:0 state:0]
[2020-01-02 12:23:10] rtpData ------->   map[count:0 state:0 result:] 
[GIN] 2020/01/02 - 12:23:10 | 200 |    2.218243ms |  192.168.66.115 | POST     /getResult
sqlResult   map[result: count:0 state:0]
[2020-01-02 12:23:10] rtpData ------->   map[state:0 result: count:0] 
[GIN] 2020/01/02 - 12:23:10 | 200 |    2.489815ms |  192.168.66.115 | POST     /getResult
[2020-01-02 12:23:10] 自開彩開獎  {202001020744 5 38 true} 
ConfigData  map[port:3306 password:1qaz!QAZ charset:utf8 ip:192.168.88.181 user:fa_db database:FA_MEM redisIp:192.168.88.119 redisPort:6379 redisPassword:"" redisDB:3 poolname:FA_MEM]
SqlString  SELECT RTP,Amount,Bonus  FROM M_RtpSetting  WHERE Sid = 1   AND State = 1   AND LTG_Code = 5 AND Gid = 38
sqlResult   map[result: count:0 state:0]
[2020-01-02 12:23:10] rtpData ------->   map[result: count:0 state:0] 
[GIN] 2020/01/02 - 12:23:10 | 200 |    3.344959ms |  192.168.66.115 | POST     /getResult
[2020-01-02 12:23:10] 自開彩開獎  {202001020744 4 40 true} 
ConfigData  map[port:3306 password:1qaz!QAZ redisIp:192.168.88.119 redisPort:6379 ip:192.168.88.181 poolname:FA_MEM user:fa_db database:FA_MEM charset:utf8 redisPassword:"" redisDB:3]
SqlString  SELECT RTP,Amount,Bonus  FROM M_RtpSetting  WHERE Sid = 1   AND State = 1   AND LTG_Code = 4 AND Gid = 40
sqlResult   map[result: count:0 state:0]
[2020-01-02 12:23:10] rtpData ------->   map[result: count:0 state:0] 
[GIN] 2020/01/02 - 12:23:10 | 200 |    2.155191ms |  192.168.66.115 | POST     /getResult
[2020-01-02 12:23:10] 自開彩開獎  {202001020248 4 41 true} 
ConfigData  map[port:3306 user:fa_db password:1qaz!QAZ database:FA_MEM charset:utf8 redisPort:6379 ip:192.168.88.181 poolname:FA_MEM redisIp:192.168.88.119 redisPassword:"" redisDB:3]
SqlString  SELECT RTP,Amount,Bonus  FROM M_RtpSetting  WHERE Sid = 1   AND State = 1   AND LTG_Code = 4 AND Gid = 41
sqlResult   map[result: count:0 state:0]
[2020-01-02 12:23:10] rtpData ------->   map[count:0 state:0 result:] 
[GIN] 2020/01/02 - 12:23:10 | 200 |    1.670157ms |  192.168.66.115 | POST     /getResult
[2020-01-02 12:23:14] 自開彩開獎  {202001020744 1 34 true} 
ConfigData  map[ip:192.168.88.181 user:fa_db password:1qaz!QAZ redisIp:192.168.88.119 poolname:FA_MEM port:3306 database:FA_MEM charset:utf8 redisPort:6379 redisPassword:"" redisDB:3]
SqlString  SELECT RTP,Amount,Bonus  FROM M_RtpSetting  WHERE Sid = 1   AND State = 1   AND LTG_Code = 1 AND Gid = 34
sqlResult   map[result: count:0 state:0]
[2020-01-02 12:23:14] rtpData ------->   map[result: count:0 state:0] 
[GIN] 2020/01/02 - 12:23:14 | 200 |    2.090368ms |  192.168.66.115 | POST     /getResult
[2020-01-02 12:23:16] 自開彩開獎  {202001020248 1 35 true} 
ConfigData  map[user:fa_db database:FA_MEM charset:utf8 redisIp:192.168.88.119 redisPassword:"" redisDB:3 ip:192.168.88.181 poolname:FA_MEM port:3306 password:1qaz!QAZ redisPort:6379]
SqlString  SELECT RTP,Amount,Bonus  FROM M_RtpSetting  WHERE Sid = 1   AND State = 1   AND LTG_Code = 1 AND Gid = 35
sqlResult   map[result: count:0 state:0]
[2020-01-02 12:23:16] rtpData ------->   map[result: count:0 state:0] 
[GIN] 2020/01/02 - 12:23:16 | 200 |    2.296392ms |  192.168.66.115 | POST     /getResult
[2020-01-02 12:23:16] 自開彩開獎  {202001020744 6 36 true} 
ConfigData  map[redisPassword:"" redisDB:3 ip:192.168.88.181 user:fa_db password:1qaz!QAZ charset:utf8 redisIp:192.168.88.119 redisPort:6379 poolname:FA_MEM port:3306 database:FA_MEM]
SqlString  SELECT RTP,Amount,Bonus  FROM M_RtpSetting  WHERE Sid = 1   AND State = 1   AND LTG_Code = 6 AND Gid = 36
sqlResult   map[result: count:0 state:0]
[2020-01-02 12:23:16] rtpData ------->   map[count:0 state:0 result:] 
[GIN] 2020/01/02 - 12:23:16 | 200 |    1.843253ms |  192.168.66.115 | POST     /getResult
[2020-01-02 12:23:16] 自開彩開獎  {202001020744 5 38 true} 
ConfigData  map[user:fa_db password:1qaz!QAZ charset:utf8 redisIp:192.168.88.119 redisPort:6379 redisDB:3 poolname:FA_MEM port:3306 redisPassword:"" ip:192.168.88.181 database:FA_MEM]
SqlString  SELECT RTP,Amount,Bonus  FROM M_RtpSetting  WHERE Sid = 1   AND State = 1   AND LTG_Code = 5 AND Gid = 38
[2020-01-02 12:23:16] 自開彩開獎  {202001020744 4 40 true} 
ConfigData  map[poolname:FA_MEM port:3306 user:fa_db password:1qaz!QAZ redisPort:6379 redisPassword:"" redisDB:3 ip:192.168.88.181 database:FA_MEM charset:utf8 redisIp:192.168.88.119]
SqlString  SELECT RTP,Amount,Bonus  FROM M_RtpSetting  WHERE Sid = 1   AND State = 1   AND LTG_Code = 4 AND Gid = 40
sqlResult   map[result: count:0 state:0]
[2020-01-02 12:23:16] rtpData ------->   map[result: count:0 state:0] 
[GIN] 2020/01/02 - 12:23:16 | 200 |    2.438601ms |  192.168.66.115 | POST     /getResult
sqlResult   map[result: count:0 state:0]
[2020-01-02 12:23:16] rtpData ------->   map[result: count:0 state:0] 
[GIN] 2020/01/02 - 12:23:16 | 200 |    1.767884ms |  192.168.66.115 | POST     /getResult
[2020-01-02 12:23:16] 自開彩開獎  {202001020248 4 41 true} 
ConfigData  map[poolname:FA_MEM port:3306 user:fa_db charset:utf8 redisIp:192.168.88.119 redisPassword:"" redisDB:3 ip:192.168.88.181 password:1qaz!QAZ database:FA_MEM redisPort:6379]
SqlString  SELECT RTP,Amount,Bonus  FROM M_RtpSetting  WHERE Sid = 1   AND State = 1   AND LTG_Code = 4 AND Gid = 41
sqlResult   map[result: count:0 state:0]
[2020-01-02 12:23:16] rtpData ------->   map[result: count:0 state:0] 
[GIN] 2020/01/02 - 12:23:16 | 200 |    1.854067ms |  192.168.66.115 | POST     /getResult
[2020-01-02 12:23:20] 自開彩開獎  {202001020744 1 34 true} 
ConfigData  map[charset:utf8 redisDB:3 password:1qaz!QAZ poolname:FA_MEM port:3306 user:fa_db database:FA_MEM redisIp:192.168.88.119 redisPort:6379 redisPassword:"" ip:192.168.88.181]
SqlString  SELECT RTP,Amount,Bonus  FROM M_RtpSetting  WHERE Sid = 1   AND State = 1   AND LTG_Code = 1 AND Gid = 34
sqlResult   map[result: count:0 state:0]
[2020-01-02 12:23:20] rtpData ------->   map[result: count:0 state:0] 
[GIN] 2020/01/02 - 12:23:20 | 200 |    2.418711ms |  192.168.66.115 | POST     /getResult
[2020-01-02 12:23:22] 自開彩開獎  {202001020248 1 35 true} 
ConfigData  map[port:3306 password:1qaz!QAZ database:FA_MEM charset:utf8 redisIp:192.168.88.119 ip:192.168.88.181 user:fa_db redisPort:6379 redisPassword:"" redisDB:3 poolname:FA_MEM]
SqlString  SELECT RTP,Amount,Bonus  FROM M_RtpSetting  WHERE Sid = 1   AND State = 1   AND LTG_Code = 1 AND Gid = 35
[2020-01-02 12:23:22] 自開彩開獎  {202001020744 6 36 true} 
ConfigData  map[ip:192.168.88.181 user:fa_db charset:utf8 redisIp:192.168.88.119 redisPort:6379 poolname:FA_MEM port:3306 password:1qaz!QAZ database:FA_MEM redisPassword:"" redisDB:3]
SqlString  SELECT RTP,Amount,Bonus  FROM M_RtpSetting  WHERE Sid = 1   AND State = 1   AND LTG_Code = 6 AND Gid = 36
sqlResult   map[result: count:0 state:0]
[2020-01-02 12:23:22] rtpData ------->   map[result: count:0 state:0] 
[GIN] 2020/01/02 - 12:23:22 | 200 |    2.250496ms |  192.168.66.115 | POST     /getResult
sqlResult   map[count:0 state:0 result:]
[2020-01-02 12:23:22] rtpData ------->   map[result: count:0 state:0] 
[GIN] 2020/01/02 - 12:23:22 | 200 |    2.673653ms |  192.168.66.115 | POST     /getResult
[2020-01-02 12:23:22] 自開彩開獎  {202001020744 5 38 true} 
ConfigData  map[poolname:FA_MEM password:1qaz!QAZ redisDB:3 redisPassword:"" ip:192.168.88.181 port:3306 user:fa_db database:FA_MEM charset:utf8 redisIp:192.168.88.119 redisPort:6379]
SqlString  SELECT RTP,Amount,Bonus  FROM M_RtpSetting  WHERE Sid = 1   AND State = 1   AND LTG_Code = 5 AND Gid = 38
[2020-01-02 12:23:22] 自開彩開獎  {202001020744 4 40 true} 
ConfigData  map[port:3306 database:FA_MEM charset:utf8 redisIp:192.168.88.119 redisPort:6379 redisDB:3 ip:192.168.88.181 user:fa_db password:1qaz!QAZ redisPassword:"" poolname:FA_MEM]
SqlString  SELECT RTP,Amount,Bonus  FROM M_RtpSetting  WHERE Sid = 1   AND State = 1   AND LTG_Code = 4 AND Gid = 40
sqlResult   map[state:0 result: count:0]
[2020-01-02 12:23:22] rtpData ------->   map[result: count:0 state:0] 
sqlResult   map[result: count:0 state:0]
[2020-01-02 12:23:22] rtpData ------->   map[result: count:0 state:0] 
[GIN] 2020/01/02 - 12:23:22 | 200 |    2.465785ms |  192.168.66.115 | POST     /getResult
[GIN] 2020/01/02 - 12:23:22 | 200 |    2.508179ms |  192.168.66.115 | POST     /getResult
[2020-01-02 12:23:22] 自開彩開獎  {202001020248 4 41 true} 
ConfigData  map[redisDB:3 port:3306 database:FA_MEM charset:utf8 redisPort:6379 redisPassword:"" ip:192.168.88.181 poolname:FA_MEM user:fa_db password:1qaz!QAZ redisIp:192.168.88.119]
SqlString  SELECT RTP,Amount,Bonus  FROM M_RtpSetting  WHERE Sid = 1   AND State = 1   AND LTG_Code = 4 AND Gid = 41
sqlResult   map[result: count:0 state:0]
[2020-01-02 12:23:22] rtpData ------->   map[state:0 result: count:0] 
[GIN] 2020/01/02 - 12:23:22 | 200 |    2.081259ms |  192.168.66.115 | POST     /getResult
[2020-01-02 12:23:26] 自開彩開獎  {202001020744 1 34 true} 
ConfigData  map[redisDB:3 poolname:FA_MEM port:3306 user:fa_db redisIp:192.168.88.119 redisPort:6379 ip:192.168.88.181 password:1qaz!QAZ database:FA_MEM charset:utf8 redisPassword:""]
SqlString  SELECT RTP,Amount,Bonus  FROM M_RtpSetting  WHERE Sid = 1   AND State = 1   AND LTG_Code = 1 AND Gid = 34
sqlResult   map[state:0 result: count:0]
[2020-01-02 12:23:26] rtpData ------->   map[count:0 state:0 result:] 
[GIN] 2020/01/02 - 12:23:26 | 200 |     2.36623ms |  192.168.66.115 | POST     /getResult
[2020-01-02 12:23:28] 自開彩開獎  {202001020744 6 36 true} 
[2020-01-02 12:23:28] 自開彩開獎  {202001020248 1 35 true} 
ConfigData  map[port:3306 password:1qaz!QAZ redisIp:192.168.88.119 redisPort:6379 redisDB:3 ip:192.168.88.181 poolname:FA_MEM user:fa_db database:FA_MEM charset:utf8 redisPassword:""]
SqlString  SELECT RTP,Amount,Bonus  FROM M_RtpSetting  WHERE Sid = 1   AND State = 1   AND LTG_Code = 1 AND Gid = 35
ConfigData  map[ip:192.168.88.181 user:fa_db redisPassword:"" redisDB:3 poolname:FA_MEM port:3306 password:1qaz!QAZ database:FA_MEM charset:utf8 redisIp:192.168.88.119 redisPort:6379]
SqlString  SELECT RTP,Amount,Bonus  FROM M_RtpSetting  WHERE Sid = 1   AND State = 1   AND LTG_Code = 6 AND Gid = 36
sqlResult   map[count:0 state:0 result:]
[2020-01-02 12:23:28] rtpData ------->   map[state:0 result: count:0] 
[GIN] 2020/01/02 - 12:23:28 | 200 |    2.695366ms |  192.168.66.115 | POST     /getResult
sqlResult   map[state:0 result: count:0]
[2020-01-02 12:23:28] rtpData ------->   map[result: count:0 state:0] 
[GIN] 2020/01/02 - 12:23:28 | 200 |    2.791328ms |  192.168.66.115 | POST     /getResult
[2020-01-02 12:23:28] 自開彩開獎  {202001020744 5 38 true} 
ConfigData  map[password:1qaz!QAZ charset:utf8 redisIp:192.168.88.119 database:FA_MEM redisPort:6379 redisPassword:"" redisDB:3 ip:192.168.88.181 poolname:FA_MEM port:3306 user:fa_db]
SqlString  SELECT RTP,Amount,Bonus  FROM M_RtpSetting  WHERE Sid = 1   AND State = 1   AND LTG_Code = 5 AND Gid = 38
[2020-01-02 12:23:28] 自開彩開獎  {202001020744 4 40 true} 
ConfigData  map[redisDB:3 ip:192.168.88.181 poolname:FA_MEM password:1qaz!QAZ charset:utf8 redisIp:192.168.88.119 redisPort:6379 port:3306 user:fa_db database:FA_MEM redisPassword:""]
SqlString  SELECT RTP,Amount,Bonus  FROM M_RtpSetting  WHERE Sid = 1   AND State = 1   AND LTG_Code = 4 AND Gid = 40
sqlResult   map[result: count:0 state:0]
[2020-01-02 12:23:28] rtpData ------->   map[count:0 state:0 result:] 
sqlResult   map[state:0 result: count:0]
[2020-01-02 12:23:28] rtpData ------->   map[result: count:0 state:0] 
[GIN] 2020/01/02 - 12:23:28 | 200 |    2.609899ms |  192.168.66.115 | POST     /getResult
[GIN] 2020/01/02 - 12:23:28 | 200 |    2.517262ms |  192.168.66.115 | POST     /getResult
[2020-01-02 12:23:28] 自開彩開獎  {202001020248 4 41 true} 
ConfigData  map[poolname:FA_MEM redisIp:192.168.88.119 redisPort:6379 redisPassword:"" redisDB:3 ip:192.168.88.181 port:3306 user:fa_db password:1qaz!QAZ database:FA_MEM charset:utf8]
SqlString  SELECT RTP,Amount,Bonus  FROM M_RtpSetting  WHERE Sid = 1   AND State = 1   AND LTG_Code = 4 AND Gid = 41
sqlResult   map[result: count:0 state:0]
[2020-01-02 12:23:28] rtpData ------->   map[state:0 result: count:0] 
[GIN] 2020/01/02 - 12:23:28 | 200 |    2.325474ms |  192.168.66.115 | POST     /getResult
[2020-01-02 12:23:32] 自開彩開獎  {202001020744 1 34 true} 
ConfigData  map[port:3306 database:FA_MEM redisIp:192.168.88.119 redisPassword:"" redisDB:3 ip:192.168.88.181 user:fa_db password:1qaz!QAZ charset:utf8 redisPort:6379 poolname:FA_MEM]
SqlString  SELECT RTP,Amount,Bonus  FROM M_RtpSetting  WHERE Sid = 1   AND State = 1   AND LTG_Code = 1 AND Gid = 34
sqlResult   map[result: count:0 state:0]
[2020-01-02 12:23:32] rtpData ------->   map[result: count:0 state:0] 
[GIN] 2020/01/02 - 12:23:32 | 200 |    3.026928ms |  192.168.66.115 | POST     /getResult
[2020-01-02 12:23:34] 自開彩開獎  {202001020248 1 35 true} 
ConfigData  map[redisIp:192.168.88.119 redisPort:6379 redisPassword:"" redisDB:3 ip:192.168.88.181 poolname:FA_MEM user:fa_db database:FA_MEM port:3306 password:1qaz!QAZ charset:utf8]
SqlString  SELECT RTP,Amount,Bonus  FROM M_RtpSetting  WHERE Sid = 1   AND State = 1   AND LTG_Code = 1 AND Gid = 35
[2020-01-02 12:23:34] 自開彩開獎  {202001020744 6 36 true} 
ConfigData  map[charset:utf8 redisPort:6379 redisPassword:"" port:3306 password:1qaz!QAZ database:FA_MEM redisIp:192.168.88.119 redisDB:3 ip:192.168.88.181 poolname:FA_MEM user:fa_db]
SqlString  SELECT RTP,Amount,Bonus  FROM M_RtpSetting  WHERE Sid = 1   AND State = 1   AND LTG_Code = 6 AND Gid = 36
sqlResult   map[result: count:0 state:0]
[2020-01-02 12:23:34] rtpData ------->   map[result: count:0 state:0] 
[GIN] 2020/01/02 - 12:23:34 | 200 |     2.39786ms |  192.168.66.115 | POST     /getResult
sqlResult   map[result: count:0 state:0]
[2020-01-02 12:23:34] rtpData ------->   map[result: count:0 state:0] 
[GIN] 2020/01/02 - 12:23:34 | 200 |    2.721927ms |  192.168.66.115 | POST     /getResult
[2020-01-02 12:23:34] 自開彩開獎  {202001020744 4 40 true} 
ConfigData  map[redisPort:6379 redisPassword:"" ip:192.168.88.181 poolname:FA_MEM port:3306 database:FA_MEM redisIp:192.168.88.119 user:fa_db password:1qaz!QAZ charset:utf8 redisDB:3]
SqlString  SELECT RTP,Amount,Bonus  FROM M_RtpSetting  WHERE Sid = 1   AND State = 1   AND LTG_Code = 4 AND Gid = 40
[2020-01-02 12:23:34] 自開彩開獎  {202001020744 5 38 true} 
ConfigData  map[charset:utf8 redisIp:192.168.88.119 redisPort:6379 redisPassword:"" ip:192.168.88.181 port:3306 user:fa_db redisDB:3 poolname:FA_MEM password:1qaz!QAZ database:FA_MEM]
SqlString  SELECT RTP,Amount,Bonus  FROM M_RtpSetting  WHERE Sid = 1   AND State = 1   AND LTG_Code = 5 AND Gid = 38
sqlResult   map[count:0 state:0 result:]
[2020-01-02 12:23:34] rtpData ------->   map[count:0 state:0 result:] 
[GIN] 2020/01/02 - 12:23:34 | 200 |    2.530635ms |  192.168.66.115 | POST     /getResult
sqlResult   map[count:0 state:0 result:]
[2020-01-02 12:23:34] rtpData ------->   map[result: count:0 state:0] 
[GIN] 2020/01/02 - 12:23:34 | 200 |    2.600408ms |  192.168.66.115 | POST     /getResult
[2020-01-02 12:23:34] 自開彩開獎  {202001020248 4 41 true} 
ConfigData  map[password:1qaz!QAZ redisIp:192.168.88.119 redisPort:6379 redisPassword:"" ip:192.168.88.181 port:3306 database:FA_MEM charset:utf8 redisDB:3 poolname:FA_MEM user:fa_db]
SqlString  SELECT RTP,Amount,Bonus  FROM M_RtpSetting  WHERE Sid = 1   AND State = 1   AND LTG_Code = 4 AND Gid = 41
sqlResult   map[result: count:0 state:0]
[2020-01-02 12:23:34] rtpData ------->   map[result: count:0 state:0] 
[GIN] 2020/01/02 - 12:23:34 | 200 |    5.578033ms |  192.168.66.115 | POST     /getResult
[2020-01-02 12:23:38] 自開彩開獎  {202001020744 1 34 true} 
ConfigData  map[poolname:FA_MEM user:fa_db password:1qaz!QAZ redisPassword:"" redisDB:3 ip:192.168.88.181 port:3306 database:FA_MEM charset:utf8 redisIp:192.168.88.119 redisPort:6379]
SqlString  SELECT RTP,Amount,Bonus  FROM M_RtpSetting  WHERE Sid = 1   AND State = 1   AND LTG_Code = 1 AND Gid = 34
sqlResult   map[result: count:0 state:0]
[2020-01-02 12:23:38] rtpData ------->   map[state:0 result: count:0] 
[GIN] 2020/01/02 - 12:23:38 | 200 |    1.959165ms |  192.168.66.115 | POST     /getResult
[2020-01-02 12:23:40] 自開彩開獎  {202001020248 1 35 true} 
ConfigData  map[database:FA_MEM redisIp:192.168.88.119 redisDB:3 ip:192.168.88.181 poolname:FA_MEM user:fa_db redisPort:6379 redisPassword:"" port:3306 password:1qaz!QAZ charset:utf8]
[2020-01-02 12:23:40] 自開彩開獎  {202001020744 6 36 true} 
ConfigData  map[database:FA_MEM redisPort:6379 redisPassword:"" port:3306 poolname:FA_MEM user:fa_db password:1qaz!QAZ charset:utf8 redisIp:192.168.88.119 redisDB:3 ip:192.168.88.181]
SqlString  SELECT RTP,Amount,Bonus  FROM M_RtpSetting  WHERE Sid = 1   AND State = 1   AND LTG_Code = 6 AND Gid = 36
SqlString  SELECT RTP,Amount,Bonus  FROM M_RtpSetting  WHERE Sid = 1   AND State = 1   AND LTG_Code = 1 AND Gid = 35
sqlResult   map[result: count:0 state:0]
[2020-01-02 12:23:40] rtpData ------->   map[count:0 state:0 result:] 
[GIN] 2020/01/02 - 12:23:40 | 200 |    2.400241ms |  192.168.66.115 | POST     /getResult
sqlResult   map[result: count:0 state:0]
[2020-01-02 12:23:40] rtpData ------->   map[state:0 result: count:0] 
[GIN] 2020/01/02 - 12:23:40 | 200 |    2.384981ms |  192.168.66.115 | POST     /getResult
[2020-01-02 12:23:40] 自開彩開獎  {202001020744 5 38 true} 
ConfigData  map[poolname:FA_MEM database:FA_MEM redisIp:192.168.88.119 redisPassword:"" redisDB:3 ip:192.168.88.181 port:3306 user:fa_db password:1qaz!QAZ charset:utf8 redisPort:6379]
SqlString  SELECT RTP,Amount,Bonus  FROM M_RtpSetting  WHERE Sid = 1   AND State = 1   AND LTG_Code = 5 AND Gid = 38
[2020-01-02 12:23:40] 自開彩開獎  {202001020744 4 40 true} 
ConfigData  map[ip:192.168.88.181 password:1qaz!QAZ redisPassword:"" redisDB:3 charset:utf8 redisIp:192.168.88.119 redisPort:6379 poolname:FA_MEM port:3306 user:fa_db database:FA_MEM]
SqlString  SELECT RTP,Amount,Bonus  FROM M_RtpSetting  WHERE Sid = 1   AND State = 1   AND LTG_Code = 4 AND Gid = 40
sqlResult   map[result: count:0 state:0]
[2020-01-02 12:23:40] rtpData ------->   map[result: count:0 state:0] 
[GIN] 2020/01/02 - 12:23:40 | 200 |    2.179261ms |  192.168.66.115 | POST     /getResult
sqlResult   map[result: count:0 state:0]
[2020-01-02 12:23:40] rtpData ------->   map[result: count:0 state:0] 
[GIN] 2020/01/02 - 12:23:40 | 200 |    2.225409ms |  192.168.66.115 | POST     /getResult
[2020-01-02 12:23:40] 自開彩開獎  {202001020248 4 41 true} 
ConfigData  map[database:FA_MEM charset:utf8 redisDB:3 ip:192.168.88.181 user:fa_db password:1qaz!QAZ redisIp:192.168.88.119 redisPort:6379 redisPassword:"" poolname:FA_MEM port:3306]
SqlString  SELECT RTP,Amount,Bonus  FROM M_RtpSetting  WHERE Sid = 1   AND State = 1   AND LTG_Code = 4 AND Gid = 41
sqlResult   map[count:0 state:0 result:]
[2020-01-02 12:23:40] rtpData ------->   map[result: count:0 state:0] 
[GIN] 2020/01/02 - 12:23:40 | 200 |    2.279503ms |  192.168.66.115 | POST     /getResult
[2020-01-02 12:23:44] 自開彩開獎  {202001020744 1 34 true} 
ConfigData  map[redisPassword:"" ip:192.168.88.181 poolname:FA_MEM port:3306 charset:utf8 redisPort:6379 redisDB:3 user:fa_db password:1qaz!QAZ database:FA_MEM redisIp:192.168.88.119]
SqlString  SELECT RTP,Amount,Bonus  FROM M_RtpSetting  WHERE Sid = 1   AND State = 1   AND LTG_Code = 1 AND Gid = 34
sqlResult   map[result: count:0 state:0]
[2020-01-02 12:23:44] rtpData ------->   map[result: count:0 state:0] 
[GIN] 2020/01/02 - 12:23:44 | 200 |    2.197054ms |  192.168.66.115 | POST     /getResult
[2020-01-02 12:23:46] 自開彩開獎  {202001020248 1 35 true} 
ConfigData  map[redisIp:192.168.88.119 redisPort:6379 ip:192.168.88.181 poolname:FA_MEM port:3306 charset:utf8 redisPassword:"" redisDB:3 user:fa_db password:1qaz!QAZ database:FA_MEM]
[2020-01-02 12:23:46] 自開彩開獎  {202001020744 6 36 true} 
SqlString  SELECT RTP,Amount,Bonus  FROM M_RtpSetting  WHERE Sid = 1   AND State = 1   AND LTG_Code = 1 AND Gid = 35
ConfigData  map[redisPort:6379 ip:192.168.88.181 user:fa_db password:1qaz!QAZ database:FA_MEM charset:utf8 poolname:FA_MEM port:3306 redisIp:192.168.88.119 redisPassword:"" redisDB:3]
SqlString  SELECT RTP,Amount,Bonus  FROM M_RtpSetting  WHERE Sid = 1   AND State = 1   AND LTG_Code = 6 AND Gid = 36
sqlResult   map[result: count:0 state:0]
[2020-01-02 12:23:46] rtpData ------->   map[count:0 state:0 result:] 
[GIN] 2020/01/02 - 12:23:46 | 200 |    1.951107ms |  192.168.66.115 | POST     /getResult
sqlResult   map[result: count:0 state:0]
[2020-01-02 12:23:46] rtpData ------->   map[result: count:0 state:0] 
[GIN] 2020/01/02 - 12:23:46 | 200 |    1.970171ms |  192.168.66.115 | POST     /getResult
[2020-01-02 12:23:46] 自開彩開獎  {202001020744 5 38 true} 
ConfigData  map[ip:192.168.88.181 port:3306 user:fa_db password:1qaz!QAZ database:FA_MEM charset:utf8 redisPort:6379 poolname:FA_MEM redisIp:192.168.88.119 redisPassword:"" redisDB:3]
SqlString  SELECT RTP,Amount,Bonus  FROM M_RtpSetting  WHERE Sid = 1   AND State = 1   AND LTG_Code = 5 AND Gid = 38
[2020-01-02 12:23:46] 自開彩開獎  {202001020744 4 40 true} 
ConfigData  map[ip:192.168.88.181 poolname:FA_MEM redisPort:6379 redisPassword:"" port:3306 user:fa_db password:1qaz!QAZ database:FA_MEM charset:utf8 redisIp:192.168.88.119 redisDB:3]
SqlString  SELECT RTP,Amount,Bonus  FROM M_RtpSetting  WHERE Sid = 1   AND State = 1   AND LTG_Code = 4 AND Gid = 40
sqlResult   map[result: count:0 state:0]
[2020-01-02 12:23:46] rtpData ------->   map[count:0 state:0 result:] 
[GIN] 2020/01/02 - 12:23:46 | 200 |    2.346754ms |  192.168.66.115 | POST     /getResult
sqlResult   map[result: count:0 state:0]
[2020-01-02 12:23:46] rtpData ------->   map[result: count:0 state:0] 
[GIN] 2020/01/02 - 12:23:46 | 200 |    2.309549ms |  192.168.66.115 | POST     /getResult
[2020-01-02 12:23:46] 自開彩開獎  {202001020248 4 41 true} 
ConfigData  map[redisDB:3 ip:192.168.88.181 port:3306 redisPort:6379 database:FA_MEM charset:utf8 redisIp:192.168.88.119 redisPassword:"" poolname:FA_MEM user:fa_db password:1qaz!QAZ]
SqlString  SELECT RTP,Amount,Bonus  FROM M_RtpSetting  WHERE Sid = 1   AND State = 1   AND LTG_Code = 4 AND Gid = 41
sqlResult   map[result: count:0 state:0]
[2020-01-02 12:23:46] rtpData ------->   map[count:0 state:0 result:] 
[GIN] 2020/01/02 - 12:23:46 | 200 |    1.963224ms |  192.168.66.115 | POST     /getResult
[2020-01-02 12:23:50] 自開彩開獎  {202001020744 1 34 true} 
ConfigData  map[port:3306 user:fa_db password:1qaz!QAZ redisIp:192.168.88.119 redisPort:6379 ip:192.168.88.181 poolname:FA_MEM redisPassword:"" redisDB:3 database:FA_MEM charset:utf8]
SqlString  SELECT RTP,Amount,Bonus  FROM M_RtpSetting  WHERE Sid = 1   AND State = 1   AND LTG_Code = 1 AND Gid = 34
sqlResult   map[result: count:0 state:0]
[2020-01-02 12:23:50] rtpData ------->   map[count:0 state:0 result:] 
[GIN] 2020/01/02 - 12:23:50 | 200 |    2.723867ms |  192.168.66.115 | POST     /getResult
[2020-01-02 12:23:52] 自開彩開獎  {202001020248 1 35 true} 
ConfigData  map[redisPort:6379 redisPassword:"" user:fa_db password:1qaz!QAZ database:FA_MEM charset:utf8 redisIp:192.168.88.119 ip:192.168.88.181 poolname:FA_MEM port:3306 redisDB:3]
SqlString  SELECT RTP,Amount,Bonus  FROM M_RtpSetting  WHERE Sid = 1   AND State = 1   AND LTG_Code = 1 AND Gid = 35
[2020-01-02 12:23:52] 自開彩開獎  {202001020744 6 36 true} 
ConfigData  map[ip:192.168.88.181 poolname:FA_MEM password:1qaz!QAZ redisDB:3 redisPassword:"" port:3306 user:fa_db database:FA_MEM charset:utf8 redisIp:192.168.88.119 redisPort:6379]
SqlString  SELECT RTP,Amount,Bonus  FROM M_RtpSetting  WHERE Sid = 1   AND State = 1   AND LTG_Code = 6 AND Gid = 36
sqlResult   map[count:0 state:0 result:]
[2020-01-02 12:23:52] rtpData ------->   map[result: count:0 state:0] 
[GIN] 2020/01/02 - 12:23:52 | 200 |     3.09015ms |  192.168.66.115 | POST     /getResult
sqlResult   map[result: count:0 state:0]
[2020-01-02 12:23:52] rtpData ------->   map[state:0 result: count:0] 
[GIN] 2020/01/02 - 12:23:52 | 200 |    1.942812ms |  192.168.66.115 | POST     /getResult
[2020-01-02 12:23:52] 自開彩開獎  {202001020744 5 38 true} 
ConfigData  map[ip:192.168.88.181 port:3306 user:fa_db charset:utf8 redisIp:192.168.88.119 redisPassword:"" redisDB:3 poolname:FA_MEM password:1qaz!QAZ database:FA_MEM redisPort:6379]
SqlString  SELECT RTP,Amount,Bonus  FROM M_RtpSetting  WHERE Sid = 1   AND State = 1   AND LTG_Code = 5 AND Gid = 38
[2020-01-02 12:23:52] 自開彩開獎  {202001020744 4 40 true} 
ConfigData  map[port:3306 user:fa_db password:1qaz!QAZ database:FA_MEM charset:utf8 redisPort:6379 ip:192.168.88.181 poolname:FA_MEM redisDB:3 redisIp:192.168.88.119 redisPassword:""]
SqlString  SELECT RTP,Amount,Bonus  FROM M_RtpSetting  WHERE Sid = 1   AND State = 1   AND LTG_Code = 4 AND Gid = 40
sqlResult   map[result: count:0 state:0]
[2020-01-02 12:23:52] rtpData ------->   map[result: count:0 state:0] 
[GIN] 2020/01/02 - 12:23:52 | 200 |    2.195225ms |  192.168.66.115 | POST     /getResult
sqlResult   map[count:0 state:0 result:]
[2020-01-02 12:23:52] rtpData ------->   map[result: count:0 state:0] 
[GIN] 2020/01/02 - 12:23:52 | 200 |    2.604991ms |  192.168.66.115 | POST     /getResult
[2020-01-02 12:23:52] 自開彩開獎  {202001020248 4 41 true} 
ConfigData  map[charset:utf8 redisPassword:"" password:1qaz!QAZ poolname:FA_MEM port:3306 user:fa_db database:FA_MEM redisIp:192.168.88.119 redisPort:6379 redisDB:3 ip:192.168.88.181]
SqlString  SELECT RTP,Amount,Bonus  FROM M_RtpSetting  WHERE Sid = 1   AND State = 1   AND LTG_Code = 4 AND Gid = 41
sqlResult   map[result: count:0 state:0]
[2020-01-02 12:23:52] rtpData ------->   map[result: count:0 state:0] 
[GIN] 2020/01/02 - 12:23:52 | 200 |    1.828365ms |  192.168.66.115 | POST     /getResult
[2020-01-02 12:23:56] 自開彩開獎  {202001020744 1 34 true} 
ConfigData  map[redisPort:6379 redisPassword:"" redisDB:3 password:1qaz!QAZ database:FA_MEM charset:utf8 user:fa_db redisIp:192.168.88.119 ip:192.168.88.181 poolname:FA_MEM port:3306]
SqlString  SELECT RTP,Amount,Bonus  FROM M_RtpSetting  WHERE Sid = 1   AND State = 1   AND LTG_Code = 1 AND Gid = 34
sqlResult   map[result: count:0 state:0]
[2020-01-02 12:23:56] rtpData ------->   map[result: count:0 state:0] 
[GIN] 2020/01/02 - 12:23:56 | 200 |    2.208863ms |  192.168.66.115 | POST     /getResult
[2020-01-02 12:23:58] 自開彩開獎  {202001020248 1 35 true} 
ConfigData  map[user:fa_db charset:utf8 redisIp:192.168.88.119 redisPort:6379 database:FA_MEM redisPassword:"" redisDB:3 ip:192.168.88.181 poolname:FA_MEM port:3306 password:1qaz!QAZ]
SqlString  SELECT RTP,Amount,Bonus  FROM M_RtpSetting  WHERE Sid = 1   AND State = 1   AND LTG_Code = 1 AND Gid = 35
sqlResult   map[state:0 result: count:0]
[2020-01-02 12:23:58] rtpData ------->   map[result: count:0 state:0] 
[GIN] 2020/01/02 - 12:23:58 | 200 |    2.187224ms |  192.168.66.115 | POST     /getResult
[2020-01-02 12:23:58] 自開彩開獎  {202001020744 6 36 true} 
ConfigData  map[redisPort:6379 poolname:FA_MEM password:1qaz!QAZ database:FA_MEM charset:utf8 redisIp:192.168.88.119 redisPassword:"" redisDB:3 ip:192.168.88.181 port:3306 user:fa_db]
SqlString  SELECT RTP,Amount,Bonus  FROM M_RtpSetting  WHERE Sid = 1   AND State = 1   AND LTG_Code = 6 AND Gid = 36
sqlResult   map[result: count:0 state:0]
[2020-01-02 12:23:58] rtpData ------->   map[result: count:0 state:0] 
[GIN] 2020/01/02 - 12:23:58 | 200 |    1.864347ms |  192.168.66.115 | POST     /getResult
[2020-01-02 12:23:58] 自開彩開獎  {202001020744 4 40 true} 
ConfigData  map[poolname:FA_MEM password:1qaz!QAZ charset:utf8 ip:192.168.88.181 port:3306 user:fa_db database:FA_MEM redisIp:192.168.88.119 redisPort:6379 redisPassword:"" redisDB:3]
SqlString  SELECT RTP,Amount,Bonus  FROM M_RtpSetting  WHERE Sid = 1   AND State = 1   AND LTG_Code = 4 AND Gid = 40
[2020-01-02 12:23:58] 自開彩開獎  {202001020744 5 38 true} 
ConfigData  map[poolname:FA_MEM user:fa_db password:1qaz!QAZ database:FA_MEM redisPort:6379 redisPassword:"" redisDB:3 ip:192.168.88.181 port:3306 charset:utf8 redisIp:192.168.88.119]
SqlString  SELECT RTP,Amount,Bonus  FROM M_RtpSetting  WHERE Sid = 1   AND State = 1   AND LTG_Code = 5 AND Gid = 38
sqlResult   map[result: count:0 state:0]
[2020-01-02 12:23:58] rtpData ------->   map[result: count:0 state:0] 
sqlResult   map[result: count:0 state:0]
[GIN] 2020/01/02 - 12:23:58 | 200 |    2.270978ms |  192.168.66.115 | POST     /getResult
[2020-01-02 12:23:58] rtpData ------->   map[result: count:0 state:0] 
[GIN] 2020/01/02 - 12:23:58 | 200 |    2.192483ms |  192.168.66.115 | POST     /getResult
[2020-01-02 12:23:58] 自開彩開獎  {202001020248 4 41 true} 
ConfigData  map[poolname:FA_MEM password:1qaz!QAZ redisPort:6379 redisDB:3 redisPassword:"" ip:192.168.88.181 port:3306 user:fa_db database:FA_MEM charset:utf8 redisIp:192.168.88.119]
SqlString  SELECT RTP,Amount,Bonus  FROM M_RtpSetting  WHERE Sid = 1   AND State = 1   AND LTG_Code = 4 AND Gid = 41
sqlResult   map[count:0 state:0 result:]
[2020-01-02 12:23:58] rtpData ------->   map[result: count:0 state:0] 
[GIN] 2020/01/02 - 12:23:58 | 200 |    1.984607ms |  192.168.66.115 | POST     /getResult
[2020-01-02 12:24:00] 自開彩開獎  {202001020745 2 26 true} 
ConfigData  map[password:1qaz!QAZ database:FA_MEM redisIp:192.168.88.119 redisPort:6379 redisPassword:"" redisDB:3 ip:192.168.88.181 poolname:FA_MEM charset:utf8 port:3306 user:fa_db]
SqlString  SELECT RTP,Amount,Bonus  FROM M_RtpSetting  WHERE Sid = 1   AND State = 1   AND LTG_Code = 2 AND Gid = 26
[2020-01-02 12:24:00] 自開彩開獎  {20200102249 2 27 true} 
ConfigData  map[port:3306 user:fa_db database:FA_MEM redisPort:6379 ip:192.168.88.181 poolname:FA_MEM password:1qaz!QAZ charset:utf8 redisIp:192.168.88.119 redisPassword:"" redisDB:3]
SqlString  SELECT RTP,Amount,Bonus  FROM M_RtpSetting  WHERE Sid = 1   AND State = 1   AND LTG_Code = 2 AND Gid = 27
sqlResult   map[bonus:908100.71 result:0.9600 count:1 state:1 amount:1.0069588e+06]
[2020-01-02 12:24:00] rtpData ------->   map[amount:1.0069588e+06 bonus:908100.71 result:0.9600 count:1 state:1] 
ConfigData  map[port:3306 user:fa_db password:1qaz!QAZ charset:utf8 redisPort:6379 poolname:FA_MEM database:FA_MEM redisIp:192.168.88.119 redisPassword:"" redisDB:3 ip:192.168.88.181]
SELECT BO_No, BO_OrderNo , BO_User , BO_Issue  , BO_LotteryTypeGroup, BO_LotteryType, BO_Mode, BO_LotteryPlayGroup, BO_LotteryPlay , BO_LotteryContent, BO_Price, BO_RealPrice, BO_Unit, BO_Multiple , BO_BetCount  , BO_Winnings, BO_Winnings2, BO_Winnings3, BO_WinningLimit  , BO_Water , BO_BW_SourceUserId, BO_BW_BackWater, BO_BW_LimitBetCount, BO_BW_MaxAmount, BO_BW_AuditMultiple  , BO_Odds, BO_Odds2, BO_Odds3 , BO_Type, BO_Chase , BO_OpenResult, BO_OpenResult2, BO_DateDraw, BO_DateDraw2, BO_DateUpdate  FROM TS_BetOrder  WHERE BO_Cancel = 0   AND BO_CancelBackend = 0   AND BO_LotteryTypeGroup = 2 AND BO_LotteryType = 26 AND BO_Issue = 202001020745 AND BO_Collect = 0 ORDER BY BO_DateDraw ASC, BO_DateCreate ASC, BO_DateUpdate ASC, BO_No ASC ;
sqlResult   map[result:0.9600 count:1 state:1 amount:105208 bonus:58491.69]
[2020-01-02 12:24:00] rtpData ------->   map[result:0.9600 count:1 state:1 amount:105208 bonus:58491.69] 
ConfigData  map[password:1qaz!QAZ database:FA_MEM redisPort:6379 ip:192.168.88.181 poolname:FA_MEM port:3306 user:fa_db charset:utf8 redisIp:192.168.88.119 redisPassword:"" redisDB:3]
SELECT BO_No, BO_OrderNo , BO_User , BO_Issue  , BO_LotteryTypeGroup, BO_LotteryType, BO_Mode, BO_LotteryPlayGroup, BO_LotteryPlay , BO_LotteryContent, BO_Price, BO_RealPrice, BO_Unit, BO_Multiple , BO_BetCount  , BO_Winnings, BO_Winnings2, BO_Winnings3, BO_WinningLimit  , BO_Water , BO_BW_SourceUserId, BO_BW_BackWater, BO_BW_LimitBetCount, BO_BW_MaxAmount, BO_BW_AuditMultiple  , BO_Odds, BO_Odds2, BO_Odds3 , BO_Type, BO_Chase , BO_OpenResult, BO_OpenResult2, BO_DateDraw, BO_DateDraw2, BO_DateUpdate  FROM TS_BetOrder  WHERE BO_Cancel = 0   AND BO_CancelBackend = 0   AND BO_LotteryTypeGroup = 2 AND BO_LotteryType = 27 AND BO_Issue = 20200102249 AND BO_Collect = 0 ORDER BY BO_DateDraw ASC, BO_DateCreate ASC, BO_DateUpdate ASC, BO_No ASC ;
[2020-01-02 12:24:00] LottteryTypeGroup 2 
[2020-01-02 12:24:00] 有期號 但無注單 -------> map[amount:0 bonus:0 thisOpenResult:[1 0 0 9 1]] 
[GIN] 2020/01/02 - 12:24:00 | 200 |    5.162481ms |  192.168.66.115 | POST     /getResult
[2020-01-02 12:24:00] LottteryTypeGroup 2 
[2020-01-02 12:24:00] 有期號 但無注單 -------> map[thisOpenResult:[4 5 2 6 9] amount:0 bonus:0] 
[GIN] 2020/01/02 - 12:24:00 | 200 |    5.892164ms |  192.168.66.115 | POST     /getResult
[2020-01-02 12:24:01] 自開彩開獎  {202001020249 6 37 true} 
ConfigData  map[charset:utf8 redisPort:6379 redisPassword:"" ip:192.168.88.181 port:3306 user:fa_db password:1qaz!QAZ database:FA_MEM poolname:FA_MEM redisIp:192.168.88.119 redisDB:3]
SqlString  SELECT RTP,Amount,Bonus  FROM M_RtpSetting  WHERE Sid = 1   AND State = 1   AND LTG_Code = 6 AND Gid = 37
sqlResult   map[result: count:0 state:0]
[2020-01-02 12:24:01] rtpData ------->   map[result: count:0 state:0] 
[GIN] 2020/01/02 - 12:24:01 | 200 |    2.277215ms |  192.168.66.115 | POST     /getResult
[2020-01-02 12:24:02] 自開彩開獎  {202001020744 1 34 true} 
ConfigData  map[redisIp:192.168.88.119 redisDB:3 ip:192.168.88.181 user:fa_db password:1qaz!QAZ database:FA_MEM charset:utf8 poolname:FA_MEM port:3306 redisPort:6379 redisPassword:""]
SqlString  SELECT RTP,Amount,Bonus  FROM M_RtpSetting  WHERE Sid = 1   AND State = 1   AND LTG_Code = 1 AND Gid = 34
sqlResult   map[result: count:0 state:0]
[2020-01-02 12:24:02] rtpData ------->   map[count:0 state:0 result:] 
[GIN] 2020/01/02 - 12:24:02 | 200 |    2.161915ms |  192.168.66.115 | POST     /getResult
[2020-01-02 12:24:04] 自開彩開獎  {202001020248 1 35 true} 
[2020-01-02 12:24:04] 自開彩開獎  {202001020744 6 36 true} 
ConfigData  map[ip:192.168.88.181 database:FA_MEM charset:utf8 redisPort:6379 redisPassword:"" redisDB:3 poolname:FA_MEM port:3306 user:fa_db password:1qaz!QAZ redisIp:192.168.88.119]
SqlString  SELECT RTP,Amount,Bonus  FROM M_RtpSetting  WHERE Sid = 1   AND State = 1   AND LTG_Code = 6 AND Gid = 36
ConfigData  map[redisPassword:"" redisDB:3 ip:192.168.88.181 poolname:FA_MEM user:fa_db charset:utf8 redisIp:192.168.88.119 port:3306 password:1qaz!QAZ database:FA_MEM redisPort:6379]
SqlString  SELECT RTP,Amount,Bonus  FROM M_RtpSetting  WHERE Sid = 1   AND State = 1   AND LTG_Code = 1 AND Gid = 35
sqlResult   map[result: count:0 state:0]
[2020-01-02 12:24:04] rtpData ------->   map[result: count:0 state:0] 
[GIN] 2020/01/02 - 12:24:04 | 200 |    2.346221ms |  192.168.66.115 | POST     /getResult
sqlResult   map[result: count:0 state:0]
[2020-01-02 12:24:04] rtpData ------->   map[result: count:0 state:0] 
[GIN] 2020/01/02 - 12:24:04 | 200 |    2.481026ms |  192.168.66.115 | POST     /getResult
[2020-01-02 12:24:04] 自開彩開獎  {202001020744 5 38 true} 
ConfigData  map[user:fa_db password:1qaz!QAZ redisIp:192.168.88.119 redisDB:3 ip:192.168.88.181 port:3306 database:FA_MEM charset:utf8 redisPort:6379 redisPassword:"" poolname:FA_MEM]
SqlString  SELECT RTP,Amount,Bonus  FROM M_RtpSetting  WHERE Sid = 1   AND State = 1   AND LTG_Code = 5 AND Gid = 38
[2020-01-02 12:24:04] 自開彩開獎  {202001020744 4 40 true} 
ConfigData  map[ip:192.168.88.181 poolname:FA_MEM port:3306 user:fa_db password:1qaz!QAZ database:FA_MEM charset:utf8 redisIp:192.168.88.119 redisPort:6379 redisPassword:"" redisDB:3]
SqlString  SELECT RTP,Amount,Bonus  FROM M_RtpSetting  WHERE Sid = 1   AND State = 1   AND LTG_Code = 4 AND Gid = 40
sqlResult   map[result: count:0 state:0]
[2020-01-02 12:24:04] rtpData ------->   map[result: count:0 state:0] 
[GIN] 2020/01/02 - 12:24:04 | 200 |    2.389423ms |  192.168.66.115 | POST     /getResult
sqlResult   map[result: count:0 state:0]
[2020-01-02 12:24:04] rtpData ------->   map[result: count:0 state:0] 
[GIN] 2020/01/02 - 12:24:04 | 200 |    2.271973ms |  192.168.66.115 | POST     /getResult
[2020-01-02 12:24:04] 自開彩開獎  {202001020248 4 41 true} 
ConfigData  map[redisPassword:"" user:fa_db database:FA_MEM charset:utf8 redisPort:6379 redisIp:192.168.88.119 redisDB:3 ip:192.168.88.181 poolname:FA_MEM port:3306 password:1qaz!QAZ]
SqlString  SELECT RTP,Amount,Bonus  FROM M_RtpSetting  WHERE Sid = 1   AND State = 1   AND LTG_Code = 4 AND Gid = 41
sqlResult   map[result: count:0 state:0]
[2020-01-02 12:24:04] rtpData ------->   map[result: count:0 state:0] 
[GIN] 2020/01/02 - 12:24:04 | 200 |    3.204061ms |  192.168.66.115 | POST     /getResult
[2020-01-02 12:24:07] 自開彩開獎  {202001020249 6 37 true} 
ConfigData  map[redisPassword:"" user:fa_db password:1qaz!QAZ charset:utf8 redisIp:192.168.88.119 redisPort:6379 ip:192.168.88.181 poolname:FA_MEM port:3306 database:FA_MEM redisDB:3]
SqlString  SELECT RTP,Amount,Bonus  FROM M_RtpSetting  WHERE Sid = 1   AND State = 1   AND LTG_Code = 6 AND Gid = 37
sqlResult   map[result: count:0 state:0]
[2020-01-02 12:24:07] rtpData ------->   map[result: count:0 state:0] 
[GIN] 2020/01/02 - 12:24:07 | 200 |    2.764877ms |  192.168.66.115 | POST     /getResult
[2020-01-02 12:24:08] 自開彩開獎  {202001020745 1 34 true} 
ConfigData  map[database:FA_MEM charset:utf8 redisIp:192.168.88.119 redisPort:6379 redisPassword:"" ip:192.168.88.181 port:3306 password:1qaz!QAZ redisDB:3 poolname:FA_MEM user:fa_db]
SqlString  SELECT RTP,Amount,Bonus  FROM M_RtpSetting  WHERE Sid = 1   AND State = 1   AND LTG_Code = 1 AND Gid = 34
sqlResult   map[result: count:0 state:0]
[2020-01-02 12:24:08] rtpData ------->   map[result: count:0 state:0] 
[GIN] 2020/01/02 - 12:24:08 | 200 |     2.26276ms |  192.168.66.115 | POST     /getResult
[2020-01-02 12:24:10] 自開彩開獎  {202001020249 1 35 true} 
ConfigData  map[ip:192.168.88.181 poolname:FA_MEM user:fa_db password:1qaz!QAZ database:FA_MEM redisPort:6379 port:3306 charset:utf8 redisIp:192.168.88.119 redisPassword:"" redisDB:3]
SqlString  SELECT RTP,Amount,Bonus  FROM M_RtpSetting  WHERE Sid = 1   AND State = 1   AND LTG_Code = 1 AND Gid = 35
sqlResult   map[result: count:0 state:0]
[2020-01-02 12:24:10] rtpData ------->   map[count:0 state:0 result:] 
[GIN] 2020/01/02 - 12:24:10 | 200 |    1.999053ms |  192.168.66.115 | POST     /getResult
[2020-01-02 12:24:10] 自開彩開獎  {202001020745 6 36 true} 
ConfigData  map[port:3306 database:FA_MEM charset:utf8 redisIp:192.168.88.119 redisPort:6379 poolname:FA_MEM user:fa_db password:1qaz!QAZ redisPassword:"" redisDB:3 ip:192.168.88.181]
SqlString  SELECT RTP,Amount,Bonus  FROM M_RtpSetting  WHERE Sid = 1   AND State = 1   AND LTG_Code = 6 AND Gid = 36
sqlResult   map[result: count:0 state:0]
[2020-01-02 12:24:10] rtpData ------->   map[result: count:0 state:0] 
[GIN] 2020/01/02 - 12:24:10 | 200 |    1.966555ms |  192.168.66.115 | POST     /getResult
[2020-01-02 12:24:10] 自開彩開獎  {202001020745 4 40 true} 
ConfigData  map[ip:192.168.88.181 poolname:FA_MEM user:fa_db database:FA_MEM redisPassword:"" redisDB:3 port:3306 password:1qaz!QAZ charset:utf8 redisIp:192.168.88.119 redisPort:6379]
SqlString  SELECT RTP,Amount,Bonus  FROM M_RtpSetting  WHERE Sid = 1   AND State = 1   AND LTG_Code = 4 AND Gid = 40
[2020-01-02 12:24:10] 自開彩開獎  {202001020745 5 38 true} 
ConfigData  map[password:1qaz!QAZ charset:utf8 redisIp:192.168.88.119 redisDB:3 ip:192.168.88.181 port:3306 user:fa_db redisPassword:"" poolname:FA_MEM database:FA_MEM redisPort:6379]
SqlString  SELECT RTP,Amount,Bonus  FROM M_RtpSetting  WHERE Sid = 1   AND State = 1   AND LTG_Code = 5 AND Gid = 38
sqlResult   map[count:0 state:0 result:]
[2020-01-02 12:24:10] rtpData ------->   map[result: count:0 state:0] 
[GIN] 2020/01/02 - 12:24:10 | 200 |    2.137804ms |  192.168.66.115 | POST     /getResult
sqlResult   map[result: count:0 state:0]
[2020-01-02 12:24:10] rtpData ------->   map[result: count:0 state:0] 
[GIN] 2020/01/02 - 12:24:10 | 200 |    2.539108ms |  192.168.66.115 | POST     /getResult
[2020-01-02 12:24:10] 自開彩開獎  {202001020249 4 41 true} 
ConfigData  map[redisIp:192.168.88.119 redisPort:6379 charset:utf8 poolname:FA_MEM port:3306 user:fa_db password:1qaz!QAZ database:FA_MEM redisPassword:"" redisDB:3 ip:192.168.88.181]
SqlString  SELECT RTP,Amount,Bonus  FROM M_RtpSetting  WHERE Sid = 1   AND State = 1   AND LTG_Code = 4 AND Gid = 41
sqlResult   map[result: count:0 state:0]
[2020-01-02 12:24:10] rtpData ------->   map[result: count:0 state:0] 
[GIN] 2020/01/02 - 12:24:10 | 200 |    1.876901ms |  192.168.66.115 | POST     /getResult
[2020-01-02 12:24:13] 自開彩開獎  {202001020249 6 37 true} 
ConfigData  map[charset:utf8 redisIp:192.168.88.119 redisPort:6379 ip:192.168.88.181 poolname:FA_MEM port:3306 user:fa_db database:FA_MEM password:1qaz!QAZ redisPassword:"" redisDB:3]
SqlString  SELECT RTP,Amount,Bonus  FROM M_RtpSetting  WHERE Sid = 1   AND State = 1   AND LTG_Code = 6 AND Gid = 37
sqlResult   map[result: count:0 state:0]
[2020-01-02 12:24:13] rtpData ------->   map[result: count:0 state:0] 
[GIN] 2020/01/02 - 12:24:13 | 200 |    2.776799ms |  192.168.66.115 | POST     /getResult
[2020-01-02 12:24:14] 自開彩開獎  {202001020745 1 34 true} 
ConfigData  map[ip:192.168.88.181 port:3306 database:FA_MEM charset:utf8 redisPort:6379 redisPassword:"" redisDB:3 poolname:FA_MEM user:fa_db password:1qaz!QAZ redisIp:192.168.88.119]
SqlString  SELECT RTP,Amount,Bonus  FROM M_RtpSetting  WHERE Sid = 1   AND State = 1   AND LTG_Code = 1 AND Gid = 34
sqlResult   map[result: count:0 state:0]
[2020-01-02 12:24:14] rtpData ------->   map[result: count:0 state:0] 
[GIN] 2020/01/02 - 12:24:14 | 200 |    3.079816ms |  192.168.66.115 | POST     /getResult
[2020-01-02 12:24:16] 自開彩開獎  {202001020249 1 35 true} 
ConfigData  map[ip:192.168.88.181 port:3306 database:FA_MEM charset:utf8 redisPassword:"" redisDB:3 poolname:FA_MEM user:fa_db password:1qaz!QAZ redisIp:192.168.88.119 redisPort:6379]
SqlString  SELECT RTP,Amount,Bonus  FROM M_RtpSetting  WHERE Sid = 1   AND State = 1   AND LTG_Code = 1 AND Gid = 35
sqlResult   map[state:0 result: count:0]
[2020-01-02 12:24:16] rtpData ------->   map[result: count:0 state:0] 
[GIN] 2020/01/02 - 12:24:16 | 200 |    2.918301ms |  192.168.66.115 | POST     /getResult
[2020-01-02 12:24:16] 自開彩開獎  {202001020745 6 36 true} 
ConfigData  map[redisPort:6379 redisPassword:"" redisDB:3 user:fa_db password:1qaz!QAZ redisIp:192.168.88.119 database:FA_MEM charset:utf8 ip:192.168.88.181 poolname:FA_MEM port:3306]
SqlString  SELECT RTP,Amount,Bonus  FROM M_RtpSetting  WHERE Sid = 1   AND State = 1   AND LTG_Code = 6 AND Gid = 36
sqlResult   map[result: count:0 state:0]
[2020-01-02 12:24:16] rtpData ------->   map[result: count:0 state:0] 
[GIN] 2020/01/02 - 12:24:16 | 200 |    1.645694ms |  192.168.66.115 | POST     /getResult
[2020-01-02 12:24:16] 自開彩開獎  {202001020745 5 38 true} 
ConfigData  map[poolname:FA_MEM charset:utf8 redisDB:3 database:FA_MEM redisIp:192.168.88.119 redisPort:6379 redisPassword:"" ip:192.168.88.181 port:3306 user:fa_db password:1qaz!QAZ]
SqlString  SELECT RTP,Amount,Bonus  FROM M_RtpSetting  WHERE Sid = 1   AND State = 1   AND LTG_Code = 5 AND Gid = 38
[2020-01-02 12:24:16] 自開彩開獎  {202001020745 4 40 true} 
ConfigData  map[ip:192.168.88.181 poolname:FA_MEM user:fa_db password:1qaz!QAZ redisDB:3 port:3306 database:FA_MEM charset:utf8 redisIp:192.168.88.119 redisPort:6379 redisPassword:""]
SqlString  SELECT RTP,Amount,Bonus  FROM M_RtpSetting  WHERE Sid = 1   AND State = 1   AND LTG_Code = 4 AND Gid = 40
sqlResult   map[result: count:0 state:0]
[2020-01-02 12:24:16] rtpData ------->   map[state:0 result: count:0] 
sqlResult   map[result: count:0 state:0]
[2020-01-02 12:24:16] rtpData ------->   map[state:0 result: count:0] 
[GIN] 2020/01/02 - 12:24:16 | 200 |    2.701671ms |  192.168.66.115 | POST     /getResult
[GIN] 2020/01/02 - 12:24:16 | 200 |    3.025154ms |  192.168.66.115 | POST     /getResult
[2020-01-02 12:24:16] 自開彩開獎  {202001020249 4 41 true} 
ConfigData  map[charset:utf8 redisIp:192.168.88.119 redisPassword:"" redisDB:3 redisPort:6379 ip:192.168.88.181 poolname:FA_MEM port:3306 user:fa_db password:1qaz!QAZ database:FA_MEM]
SqlString  SELECT RTP,Amount,Bonus  FROM M_RtpSetting  WHERE Sid = 1   AND State = 1   AND LTG_Code = 4 AND Gid = 41
sqlResult   map[result: count:0 state:0]
[2020-01-02 12:24:16] rtpData ------->   map[result: count:0 state:0] 
[GIN] 2020/01/02 - 12:24:16 | 200 |     1.78406ms |  192.168.66.115 | POST     /getResult
[2020-01-02 12:24:19] 自開彩開獎  {202001020249 6 37 true} 
ConfigData  map[charset:utf8 redisPort:6379 redisPassword:"" redisDB:3 poolname:FA_MEM port:3306 database:FA_MEM redisIp:192.168.88.119 ip:192.168.88.181 user:fa_db password:1qaz!QAZ]
SqlString  SELECT RTP,Amount,Bonus  FROM M_RtpSetting  WHERE Sid = 1   AND State = 1   AND LTG_Code = 6 AND Gid = 37
sqlResult   map[result: count:0 state:0]
[2020-01-02 12:24:19] rtpData ------->   map[result: count:0 state:0] 
[GIN] 2020/01/02 - 12:24:19 | 200 |    2.994952ms |  192.168.66.115 | POST     /getResult
[2020-01-02 12:24:20] 自開彩開獎  {202001020745 1 34 true} 
ConfigData  map[poolname:FA_MEM port:3306 password:1qaz!QAZ database:FA_MEM redisPort:6379 ip:192.168.88.181 user:fa_db charset:utf8 redisIp:192.168.88.119 redisPassword:"" redisDB:3]
SqlString  SELECT RTP,Amount,Bonus  FROM M_RtpSetting  WHERE Sid = 1   AND State = 1   AND LTG_Code = 1 AND Gid = 34
sqlResult   map[result: count:0 state:0]
[2020-01-02 12:24:20] rtpData ------->   map[result: count:0 state:0] 
[GIN] 2020/01/02 - 12:24:20 | 200 |    2.230121ms |  192.168.66.115 | POST     /getResult
[2020-01-02 12:24:22] 自開彩開獎  {202001020249 1 35 true} 
ConfigData  map[ip:192.168.88.181 poolname:FA_MEM port:3306 user:fa_db charset:utf8 redisIp:192.168.88.119 redisPort:6379 redisDB:3 password:1qaz!QAZ database:FA_MEM redisPassword:""]
SqlString  SELECT RTP,Amount,Bonus  FROM M_RtpSetting  WHERE Sid = 1   AND State = 1   AND LTG_Code = 1 AND Gid = 35
[2020-01-02 12:24:22] 自開彩開獎  {202001020745 6 36 true} 
ConfigData  map[ip:192.168.88.181 port:3306 database:FA_MEM redisIp:192.168.88.119 redisPort:6379 redisDB:3 poolname:FA_MEM user:fa_db password:1qaz!QAZ charset:utf8 redisPassword:""]
SqlString  SELECT RTP,Amount,Bonus  FROM M_RtpSetting  WHERE Sid = 1   AND State = 1   AND LTG_Code = 6 AND Gid = 36
sqlResult   map[count:0 state:0 result:]
[2020-01-02 12:24:22] rtpData ------->   map[result: count:0 state:0] 
[GIN] 2020/01/02 - 12:24:22 | 200 |    3.059142ms |  192.168.66.115 | POST     /getResult
sqlResult   map[count:0 state:0 result:]
[2020-01-02 12:24:22] rtpData ------->   map[count:0 state:0 result:] 
[GIN] 2020/01/02 - 12:24:22 | 200 |     3.01901ms |  192.168.66.115 | POST     /getResult
[2020-01-02 12:24:22] 自開彩開獎  {202001020745 4 40 true} 
ConfigData  map[ip:192.168.88.181 user:fa_db database:FA_MEM charset:utf8 redisPort:6379 redisDB:3 poolname:FA_MEM port:3306 password:1qaz!QAZ redisIp:192.168.88.119 redisPassword:""]
SqlString  SELECT RTP,Amount,Bonus  FROM M_RtpSetting  WHERE Sid = 1   AND State = 1   AND LTG_Code = 4 AND Gid = 40
[2020-01-02 12:24:22] 自開彩開獎  {202001020745 5 38 true} 
ConfigData  map[redisPassword:"" redisDB:3 ip:192.168.88.181 password:1qaz!QAZ charset:utf8 redisPort:6379 redisIp:192.168.88.119 poolname:FA_MEM port:3306 user:fa_db database:FA_MEM]
SqlString  SELECT RTP,Amount,Bonus  FROM M_RtpSetting  WHERE Sid = 1   AND State = 1   AND LTG_Code = 5 AND Gid = 38
sqlResult   map[result: count:0 state:0]
[2020-01-02 12:24:22] rtpData ------->   map[state:0 result: count:0] 
[GIN] 2020/01/02 - 12:24:22 | 200 |    2.604605ms |  192.168.66.115 | POST     /getResult
sqlResult   map[result: count:0 state:0]
[2020-01-02 12:24:22] rtpData ------->   map[result: count:0 state:0] 
[GIN] 2020/01/02 - 12:24:22 | 200 |    2.652573ms |  192.168.66.115 | POST     /getResult
[2020-01-02 12:24:22] 自開彩開獎  {202001020249 4 41 true} 
ConfigData  map[user:fa_db password:1qaz!QAZ database:FA_MEM charset:utf8 redisIp:192.168.88.119 redisDB:3 ip:192.168.88.181 poolname:FA_MEM port:3306 redisPort:6379 redisPassword:""]
SqlString  SELECT RTP,Amount,Bonus  FROM M_RtpSetting  WHERE Sid = 1   AND State = 1   AND LTG_Code = 4 AND Gid = 41
sqlResult   map[result: count:0 state:0]
[2020-01-02 12:24:22] rtpData ------->   map[result: count:0 state:0] 
[GIN] 2020/01/02 - 12:24:22 | 200 |    1.724626ms |  192.168.66.115 | POST     /getResult
[2020-01-02 12:24:25] 自開彩開獎  {202001020249 6 37 true} 
ConfigData  map[database:FA_MEM redisDB:3 ip:192.168.88.181 port:3306 password:1qaz!QAZ redisIp:192.168.88.119 redisPort:6379 redisPassword:"" poolname:FA_MEM user:fa_db charset:utf8]
SqlString  SELECT RTP,Amount,Bonus  FROM M_RtpSetting  WHERE Sid = 1   AND State = 1   AND LTG_Code = 6 AND Gid = 37
sqlResult   map[result: count:0 state:0]
[2020-01-02 12:24:25] rtpData ------->   map[count:0 state:0 result:] 
[GIN] 2020/01/02 - 12:24:25 | 200 |    2.399951ms |  192.168.66.115 | POST     /getResult
[2020-01-02 12:24:26] 自開彩開獎  {202001020745 1 34 true} 
ConfigData  map[charset:utf8 redisPort:6379 redisDB:3 ip:192.168.88.181 poolname:FA_MEM port:3306 user:fa_db password:1qaz!QAZ database:FA_MEM redisIp:192.168.88.119 redisPassword:""]
SqlString  SELECT RTP,Amount,Bonus  FROM M_RtpSetting  WHERE Sid = 1   AND State = 1   AND LTG_Code = 1 AND Gid = 34
sqlResult   map[result: count:0 state:0]
[2020-01-02 12:24:26] rtpData ------->   map[result: count:0 state:0] 
[GIN] 2020/01/02 - 12:24:26 | 200 |    2.980314ms |  192.168.66.115 | POST     /getResult
[2020-01-02 12:24:28] 自開彩開獎  {202001020249 1 35 true} 
ConfigData  map[charset:utf8 redisIp:192.168.88.119 ip:192.168.88.181 poolname:FA_MEM database:FA_MEM redisPort:6379 redisPassword:"" redisDB:3 port:3306 user:fa_db password:1qaz!QAZ]
SqlString  SELECT RTP,Amount,Bonus  FROM M_RtpSetting  WHERE Sid = 1   AND State = 1   AND LTG_Code = 1 AND Gid = 35
[2020-01-02 12:24:28] 自開彩開獎  {202001020745 6 36 true} 
ConfigData  map[port:3306 user:fa_db database:FA_MEM charset:utf8 redisIp:192.168.88.119 redisPort:6379 redisPassword:"" ip:192.168.88.181 poolname:FA_MEM password:1qaz!QAZ redisDB:3]
SqlString  SELECT RTP,Amount,Bonus  FROM M_RtpSetting  WHERE Sid = 1   AND State = 1   AND LTG_Code = 6 AND Gid = 36
sqlResult   map[state:0 result: count:0]
[2020-01-02 12:24:28] rtpData ------->   map[result: count:0 state:0] 
sqlResult   map[result: count:0 state:0]
[2020-01-02 12:24:28] rtpData ------->   map[result: count:0 state:0] 
[GIN] 2020/01/02 - 12:24:28 | 200 |     2.41347ms |  192.168.66.115 | POST     /getResult
[GIN] 2020/01/02 - 12:24:28 | 200 |    2.142298ms |  192.168.66.115 | POST     /getResult
[2020-01-02 12:24:28] 自開彩開獎  {202001020745 5 38 true} 
ConfigData  map[ip:192.168.88.181 user:fa_db password:1qaz!QAZ charset:utf8 redisPassword:"" poolname:FA_MEM port:3306 database:FA_MEM redisIp:192.168.88.119 redisPort:6379 redisDB:3]
SqlString  SELECT RTP,Amount,Bonus  FROM M_RtpSetting  WHERE Sid = 1   AND State = 1   AND LTG_Code = 5 AND Gid = 38
[2020-01-02 12:24:28] 自開彩開獎  {202001020745 4 40 true} 
ConfigData  map[redisDB:3 ip:192.168.88.181 poolname:FA_MEM port:3306 user:fa_db password:1qaz!QAZ database:FA_MEM charset:utf8 redisIp:192.168.88.119 redisPort:6379 redisPassword:""]
SqlString  SELECT RTP,Amount,Bonus  FROM M_RtpSetting  WHERE Sid = 1   AND State = 1   AND LTG_Code = 4 AND Gid = 40
sqlResult   map[count:0 state:0 result:]
[2020-01-02 12:24:28] rtpData ------->   map[result: count:0 state:0] 
[GIN] 2020/01/02 - 12:24:28 | 200 |    2.590295ms |  192.168.66.115 | POST     /getResult
sqlResult   map[result: count:0 state:0]
[2020-01-02 12:24:28] rtpData ------->   map[result: count:0 state:0] 
[GIN] 2020/01/02 - 12:24:28 | 200 |    3.126999ms |  192.168.66.115 | POST     /getResult
[2020-01-02 12:24:28] 自開彩開獎  {202001020249 4 41 true} 
ConfigData  map[user:fa_db charset:utf8 redisPassword:"" redisDB:3 ip:192.168.88.181 poolname:FA_MEM database:FA_MEM redisIp:192.168.88.119 redisPort:6379 port:3306 password:1qaz!QAZ]
SqlString  SELECT RTP,Amount,Bonus  FROM M_RtpSetting  WHERE Sid = 1   AND State = 1   AND LTG_Code = 4 AND Gid = 41
sqlResult   map[result: count:0 state:0]
[2020-01-02 12:24:28] rtpData ------->   map[result: count:0 state:0] 
[GIN] 2020/01/02 - 12:24:28 | 200 |    7.777656ms |  192.168.66.115 | POST     /getResult
[2020-01-02 12:24:31] 自開彩開獎  {202001020249 6 37 true} 
ConfigData  map[poolname:FA_MEM user:fa_db redisPort:6379 redisDB:3 ip:192.168.88.181 port:3306 password:1qaz!QAZ database:FA_MEM charset:utf8 redisIp:192.168.88.119 redisPassword:""]
SqlString  SELECT RTP,Amount,Bonus  FROM M_RtpSetting  WHERE Sid = 1   AND State = 1   AND LTG_Code = 6 AND Gid = 37
sqlResult   map[result: count:0 state:0]
[2020-01-02 12:24:31] rtpData ------->   map[state:0 result: count:0] 
[GIN] 2020/01/02 - 12:24:31 | 200 |    2.492946ms |  192.168.66.115 | POST     /getResult
[2020-01-02 12:24:32] 自開彩開獎  {202001020745 1 34 true} 
ConfigData  map[port:3306 password:1qaz!QAZ database:FA_MEM charset:utf8 redisDB:3 ip:192.168.88.181 user:fa_db redisIp:192.168.88.119 redisPort:6379 redisPassword:"" poolname:FA_MEM]
SqlString  SELECT RTP,Amount,Bonus  FROM M_RtpSetting  WHERE Sid = 1   AND State = 1   AND LTG_Code = 1 AND Gid = 34
sqlResult   map[result: count:0 state:0]
[2020-01-02 12:24:32] rtpData ------->   map[result: count:0 state:0] 
[GIN] 2020/01/02 - 12:24:32 | 200 |    3.207658ms |  192.168.66.115 | POST     /getResult
[2020-01-02 12:24:34] 自開彩開獎  {202001020249 1 35 true} 
ConfigData  map[redisDB:3 poolname:FA_MEM user:fa_db charset:utf8 redisIp:192.168.88.119 redisPort:6379 redisPassword:"" ip:192.168.88.181 port:3306 password:1qaz!QAZ database:FA_MEM]
SqlString  SELECT RTP,Amount,Bonus  FROM M_RtpSetting  WHERE Sid = 1   AND State = 1   AND LTG_Code = 1 AND Gid = 35
[2020-01-02 12:24:34] 自開彩開獎  {202001020745 6 36 true} 
ConfigData  map[database:FA_MEM charset:utf8 ip:192.168.88.181 poolname:FA_MEM port:3306 redisPort:6379 redisPassword:"" redisDB:3 user:fa_db password:1qaz!QAZ redisIp:192.168.88.119]
SqlString  SELECT RTP,Amount,Bonus  FROM M_RtpSetting  WHERE Sid = 1   AND State = 1   AND LTG_Code = 6 AND Gid = 36
sqlResult   map[result: count:0 state:0]
[2020-01-02 12:24:34] rtpData ------->   map[count:0 state:0 result:] 
sqlResult   map[result: count:0 state:0]
[2020-01-02 12:24:34] rtpData ------->   map[state:0 result: count:0] 
[GIN] 2020/01/02 - 12:24:34 | 200 |    2.577692ms |  192.168.66.115 | POST     /getResult
[GIN] 2020/01/02 - 12:24:34 | 200 |    2.692752ms |  192.168.66.115 | POST     /getResult
[2020-01-02 12:24:34] 自開彩開獎  {202001020745 5 38 true} 
ConfigData  map[ip:192.168.88.181 port:3306 password:1qaz!QAZ database:FA_MEM redisPassword:"" poolname:FA_MEM user:fa_db charset:utf8 redisIp:192.168.88.119 redisPort:6379 redisDB:3]
SqlString  SELECT RTP,Amount,Bonus  FROM M_RtpSetting  WHERE Sid = 1   AND State = 1   AND LTG_Code = 5 AND Gid = 38
[2020-01-02 12:24:34] 自開彩開獎  {202001020745 4 40 true} 
ConfigData  map[ip:192.168.88.181 user:fa_db database:FA_MEM charset:utf8 redisPort:6379 poolname:FA_MEM port:3306 password:1qaz!QAZ redisIp:192.168.88.119 redisPassword:"" redisDB:3]
SqlString  SELECT RTP,Amount,Bonus  FROM M_RtpSetting  WHERE Sid = 1   AND State = 1   AND LTG_Code = 4 AND Gid = 40
sqlResult   map[result: count:0 state:0]
sqlResult   map[result: count:0 state:0]
[2020-01-02 12:24:34] rtpData ------->   map[state:0 result: count:0] 
[GIN] 2020/01/02 - 12:24:34 | 200 |    2.847089ms |  192.168.66.115 | POST     /getResult
[2020-01-02 12:24:34] rtpData ------->   map[result: count:0 state:0] 
[GIN] 2020/01/02 - 12:24:34 | 200 |    2.835075ms |  192.168.66.115 | POST     /getResult
[2020-01-02 12:24:34] 自開彩開獎  {202001020249 4 41 true} 
ConfigData  map[poolname:FA_MEM port:3306 user:fa_db password:1qaz!QAZ redisIp:192.168.88.119 ip:192.168.88.181 database:FA_MEM charset:utf8 redisPort:6379 redisPassword:"" redisDB:3]
SqlString  SELECT RTP,Amount,Bonus  FROM M_RtpSetting  WHERE Sid = 1   AND State = 1   AND LTG_Code = 4 AND Gid = 41
sqlResult   map[result: count:0 state:0]
[2020-01-02 12:24:34] rtpData ------->   map[result: count:0 state:0] 
[GIN] 2020/01/02 - 12:24:34 | 200 |    1.914049ms |  192.168.66.115 | POST     /getResult
[2020-01-02 12:24:37] 自開彩開獎  {202001020249 6 37 true} 
ConfigData  map[ip:192.168.88.181 poolname:FA_MEM port:3306 user:fa_db charset:utf8 redisPassword:"" password:1qaz!QAZ database:FA_MEM redisIp:192.168.88.119 redisPort:6379 redisDB:3]
SqlString  SELECT RTP,Amount,Bonus  FROM M_RtpSetting  WHERE Sid = 1   AND State = 1   AND LTG_Code = 6 AND Gid = 37
sqlResult   map[result: count:0 state:0]
[2020-01-02 12:24:37] rtpData ------->   map[state:0 result: count:0] 
[GIN] 2020/01/02 - 12:24:37 | 200 |    2.343341ms |  192.168.66.115 | POST     /getResult
[2020-01-02 12:24:38] 自開彩開獎  {202001020745 1 34 true} 
ConfigData  map[charset:utf8 redisIp:192.168.88.119 redisPort:6379 ip:192.168.88.181 password:1qaz!QAZ database:FA_MEM redisPassword:"" redisDB:3 poolname:FA_MEM port:3306 user:fa_db]
SqlString  SELECT RTP,Amount,Bonus  FROM M_RtpSetting  WHERE Sid = 1   AND State = 1   AND LTG_Code = 1 AND Gid = 34
sqlResult   map[count:0 state:0 result:]
[2020-01-02 12:24:38] rtpData ------->   map[state:0 result: count:0] 
[GIN] 2020/01/02 - 12:24:38 | 200 |    2.937099ms |  192.168.66.115 | POST     /getResult
[2020-01-02 12:24:40] 自開彩開獎  {202001020249 1 35 true} 
ConfigData  map[redisPassword:"" redisDB:3 ip:192.168.88.181 port:3306 password:1qaz!QAZ redisIp:192.168.88.119 redisPort:6379 poolname:FA_MEM user:fa_db database:FA_MEM charset:utf8]
SqlString  SELECT RTP,Amount,Bonus  FROM M_RtpSetting  WHERE Sid = 1   AND State = 1   AND LTG_Code = 1 AND Gid = 35
[2020-01-02 12:24:40] 自開彩開獎  {202001020745 6 36 true} 
ConfigData  map[redisPassword:"" user:fa_db redisIp:192.168.88.119 redisPort:6379 password:1qaz!QAZ database:FA_MEM charset:utf8 redisDB:3 ip:192.168.88.181 poolname:FA_MEM port:3306]
SqlString  SELECT RTP,Amount,Bonus  FROM M_RtpSetting  WHERE Sid = 1   AND State = 1   AND LTG_Code = 6 AND Gid = 36
sqlResult   map[count:0 state:0 result:]
[2020-01-02 12:24:40] rtpData ------->   map[count:0 state:0 result:] 
[GIN] 2020/01/02 - 12:24:40 | 200 |    2.542986ms |  192.168.66.115 | POST     /getResult
sqlResult   map[count:0 state:0 result:]
[2020-01-02 12:24:40] rtpData ------->   map[state:0 result: count:0] 
[GIN] 2020/01/02 - 12:24:40 | 200 |    2.523682ms |  192.168.66.115 | POST     /getResult
[2020-01-02 12:24:40] 自開彩開獎  {202001020745 5 38 true} 
ConfigData  map[redisPort:6379 redisDB:3 ip:192.168.88.181 poolname:FA_MEM port:3306 charset:utf8 redisIp:192.168.88.119 redisPassword:"" user:fa_db password:1qaz!QAZ database:FA_MEM]
SqlString  SELECT RTP,Amount,Bonus  FROM M_RtpSetting  WHERE Sid = 1   AND State = 1   AND LTG_Code = 5 AND Gid = 38
[2020-01-02 12:24:40] 自開彩開獎  {202001020745 4 40 true} 
ConfigData  map[poolname:FA_MEM user:fa_db password:1qaz!QAZ charset:utf8 redisIp:192.168.88.119 redisPassword:"" ip:192.168.88.181 port:3306 database:FA_MEM redisPort:6379 redisDB:3]
SqlString  SELECT RTP,Amount,Bonus  FROM M_RtpSetting  WHERE Sid = 1   AND State = 1   AND LTG_Code = 4 AND Gid = 40
[2020-01-02 12:24:40] 自開彩開獎  {202001020249 4 41 true} 
ConfigData  map[redisIp:192.168.88.119 redisPassword:"" redisDB:3 password:1qaz!QAZ charset:utf8 port:3306 user:fa_db database:FA_MEM redisPort:6379 ip:192.168.88.181 poolname:FA_MEM]
SqlString  SELECT RTP,Amount,Bonus  FROM M_RtpSetting  WHERE Sid = 1   AND State = 1   AND LTG_Code = 4 AND Gid = 41
sqlResult   map[state:0 result: count:0]
[2020-01-02 12:24:40] rtpData ------->   map[result: count:0 state:0] 
[GIN] 2020/01/02 - 12:24:40 | 200 |    2.631425ms |  192.168.66.115 | POST     /getResult
sqlResult   map[count:0 state:0 result:]
[2020-01-02 12:24:40] rtpData ------->   map[result: count:0 state:0] 
[GIN] 2020/01/02 - 12:24:40 | 200 |    1.860331ms |  192.168.66.115 | POST     /getResult
sqlResult   map[result: count:0 state:0]
[2020-01-02 12:24:40] rtpData ------->   map[result: count:0 state:0] 
[GIN] 2020/01/02 - 12:24:40 | 200 |    4.527235ms |  192.168.66.115 | POST     /getResult
[2020-01-02 12:24:43] 自開彩開獎  {202001020249 6 37 true} 
ConfigData  map[poolname:FA_MEM port:3306 password:1qaz!QAZ database:FA_MEM redisDB:3 ip:192.168.88.181 user:fa_db charset:utf8 redisIp:192.168.88.119 redisPort:6379 redisPassword:""]
SqlString  SELECT RTP,Amount,Bonus  FROM M_RtpSetting  WHERE Sid = 1   AND State = 1   AND LTG_Code = 6 AND Gid = 37
sqlResult   map[result: count:0 state:0]
[2020-01-02 12:24:43] rtpData ------->   map[count:0 state:0 result:] 
[GIN] 2020/01/02 - 12:24:43 | 200 |    2.444759ms |  192.168.66.115 | POST     /getResult
[2020-01-02 12:24:44] 自開彩開獎  {202001020745 1 34 true} 
ConfigData  map[ip:192.168.88.181 user:fa_db password:1qaz!QAZ charset:utf8 redisIp:192.168.88.119 redisPassword:"" poolname:FA_MEM port:3306 database:FA_MEM redisPort:6379 redisDB:3]
SqlString  SELECT RTP,Amount,Bonus  FROM M_RtpSetting  WHERE Sid = 1   AND State = 1   AND LTG_Code = 1 AND Gid = 34
sqlResult   map[count:0 state:0 result:]
[2020-01-02 12:24:44] rtpData ------->   map[result: count:0 state:0] 
[GIN] 2020/01/02 - 12:24:44 | 200 |    2.687361ms |  192.168.66.115 | POST     /getResult
[2020-01-02 12:24:46] 自開彩開獎  {202001020745 6 36 true} 
ConfigData  map[ip:192.168.88.181 poolname:FA_MEM port:3306 redisPort:6379 redisPassword:"" user:fa_db password:1qaz!QAZ database:FA_MEM charset:utf8 redisIp:192.168.88.119 redisDB:3]
SqlString  SELECT RTP,Amount,Bonus  FROM M_RtpSetting  WHERE Sid = 1   AND State = 1   AND LTG_Code = 6 AND Gid = 36
[2020-01-02 12:24:46] 自開彩開獎  {202001020249 1 35 true} 
ConfigData  map[ip:192.168.88.181 user:fa_db charset:utf8 redisDB:3 poolname:FA_MEM port:3306 password:1qaz!QAZ database:FA_MEM redisIp:192.168.88.119 redisPort:6379 redisPassword:""]
SqlString  SELECT RTP,Amount,Bonus  FROM M_RtpSetting  WHERE Sid = 1   AND State = 1   AND LTG_Code = 1 AND Gid = 35
sqlResult   map[result: count:0 state:0]
[2020-01-02 12:24:46] rtpData ------->   map[result: count:0 state:0] 
[GIN] 2020/01/02 - 12:24:46 | 200 |    2.181274ms |  192.168.66.115 | POST     /getResult
sqlResult   map[result: count:0 state:0]
[2020-01-02 12:24:46] rtpData ------->   map[result: count:0 state:0] 
[GIN] 2020/01/02 - 12:24:46 | 200 |    2.425951ms |  192.168.66.115 | POST     /getResult
[2020-01-02 12:24:46] 自開彩開獎  {202001020745 5 38 true} 
ConfigData  map[redisPort:6379 ip:192.168.88.181 poolname:FA_MEM port:3306 user:fa_db database:FA_MEM charset:utf8 password:1qaz!QAZ redisIp:192.168.88.119 redisPassword:"" redisDB:3]
SqlString  SELECT RTP,Amount,Bonus  FROM M_RtpSetting  WHERE Sid = 1   AND State = 1   AND LTG_Code = 5 AND Gid = 38
[2020-01-02 12:24:46] 自開彩開獎  {202001020249 4 41 true} 
[2020-01-02 12:24:46] 自開彩開獎  {202001020745 4 40 true} 
ConfigData  map[charset:utf8 redisDB:3 ip:192.168.88.181 port:3306 password:1qaz!QAZ database:FA_MEM redisIp:192.168.88.119 redisPort:6379 redisPassword:"" poolname:FA_MEM user:fa_db]
SqlString  SELECT RTP,Amount,Bonus  FROM M_RtpSetting  WHERE Sid = 1   AND State = 1   AND LTG_Code = 4 AND Gid = 40
ConfigData  map[ip:192.168.88.181 port:3306 database:FA_MEM charset:utf8 redisDB:3 poolname:FA_MEM user:fa_db password:1qaz!QAZ redisIp:192.168.88.119 redisPort:6379 redisPassword:""]
SqlString  SELECT RTP,Amount,Bonus  FROM M_RtpSetting  WHERE Sid = 1   AND State = 1   AND LTG_Code = 4 AND Gid = 41
sqlResult   map[result: count:0 state:0]
[2020-01-02 12:24:46] rtpData ------->   map[result: count:0 state:0] 
[GIN] 2020/01/02 - 12:24:46 | 200 |     2.65637ms |  192.168.66.115 | POST     /getResult
sqlResult   map[count:0 state:0 result:]
[2020-01-02 12:24:46] rtpData ------->   map[state:0 result: count:0] 
[GIN] 2020/01/02 - 12:24:46 | 200 |    2.527892ms |  192.168.66.115 | POST     /getResult
sqlResult   map[result: count:0 state:0]
[2020-01-02 12:24:46] rtpData ------->   map[result: count:0 state:0] 
[GIN] 2020/01/02 - 12:24:46 | 200 |    2.929184ms |  192.168.66.115 | POST     /getResult
[2020-01-02 12:24:49] 自開彩開獎  {202001020249 6 37 true} 
ConfigData  map[ip:192.168.88.181 port:3306 password:1qaz!QAZ charset:utf8 redisPassword:"" redisDB:3 poolname:FA_MEM user:fa_db database:FA_MEM redisIp:192.168.88.119 redisPort:6379]
SqlString  SELECT RTP,Amount,Bonus  FROM M_RtpSetting  WHERE Sid = 1   AND State = 1   AND LTG_Code = 6 AND Gid = 37
sqlResult   map[result: count:0 state:0]
[2020-01-02 12:24:49] rtpData ------->   map[result: count:0 state:0] 
[GIN] 2020/01/02 - 12:24:49 | 200 |    2.322292ms |  192.168.66.115 | POST     /getResult
[2020-01-02 12:24:50] 自開彩開獎  {202001020745 1 34 true} 
ConfigData  map[user:fa_db database:FA_MEM redisIp:192.168.88.119 redisDB:3 charset:utf8 redisPort:6379 redisPassword:"" ip:192.168.88.181 poolname:FA_MEM port:3306 password:1qaz!QAZ]
SqlString  SELECT RTP,Amount,Bonus  FROM M_RtpSetting  WHERE Sid = 1   AND State = 1   AND LTG_Code = 1 AND Gid = 34
sqlResult   map[result: count:0 state:0]
[2020-01-02 12:24:50] rtpData ------->   map[result: count:0 state:0] 
[GIN] 2020/01/02 - 12:24:50 | 200 |     2.49234ms |  192.168.66.115 | POST     /getResult
[2020-01-02 12:24:52] 自開彩開獎  {202001020249 1 35 true} 
ConfigData  map[ip:192.168.88.181 poolname:FA_MEM port:3306 database:FA_MEM redisIp:192.168.88.119 user:fa_db password:1qaz!QAZ charset:utf8 redisPort:6379 redisPassword:"" redisDB:3]
SqlString  SELECT RTP,Amount,Bonus  FROM M_RtpSetting  WHERE Sid = 1   AND State = 1   AND LTG_Code = 1 AND Gid = 35
[2020-01-02 12:24:52] 自開彩開獎  {202001020745 6 36 true} 
ConfigData  map[charset:utf8 redisIp:192.168.88.119 redisPort:6379 redisPassword:"" ip:192.168.88.181 poolname:FA_MEM user:fa_db database:FA_MEM port:3306 password:1qaz!QAZ redisDB:3]
SqlString  SELECT RTP,Amount,Bonus  FROM M_RtpSetting  WHERE Sid = 1   AND State = 1   AND LTG_Code = 6 AND Gid = 36
sqlResult   map[count:0 state:0 result:]
[2020-01-02 12:24:52] rtpData ------->   map[result: count:0 state:0] 
[GIN] 2020/01/02 - 12:24:52 | 200 |    2.876247ms |  192.168.66.115 | POST     /getResult
sqlResult   map[result: count:0 state:0]
[2020-01-02 12:24:52] rtpData ------->   map[result: count:0 state:0] 
[GIN] 2020/01/02 - 12:24:52 | 200 |    2.929191ms |  192.168.66.115 | POST     /getResult
[2020-01-02 12:24:52] 自開彩開獎  {202001020745 5 38 true} 
ConfigData  map[user:fa_db redisPassword:"" ip:192.168.88.181 poolname:FA_MEM database:FA_MEM charset:utf8 redisIp:192.168.88.119 redisPort:6379 redisDB:3 port:3306 password:1qaz!QAZ]
SqlString  SELECT RTP,Amount,Bonus  FROM M_RtpSetting  WHERE Sid = 1   AND State = 1   AND LTG_Code = 5 AND Gid = 38
[2020-01-02 12:24:52] 自開彩開獎  {202001020745 4 40 true} 
ConfigData  map[port:3306 redisPassword:"" ip:192.168.88.181 poolname:FA_MEM user:fa_db password:1qaz!QAZ database:FA_MEM charset:utf8 redisIp:192.168.88.119 redisPort:6379 redisDB:3]
SqlString  SELECT RTP,Amount,Bonus  FROM M_RtpSetting  WHERE Sid = 1   AND State = 1   AND LTG_Code = 4 AND Gid = 40
[2020-01-02 12:24:52] 自開彩開獎  {202001020249 4 41 true} 
ConfigData  map[ip:192.168.88.181 poolname:FA_MEM user:fa_db database:FA_MEM redisPort:6379 redisPassword:"" redisDB:3 port:3306 password:1qaz!QAZ charset:utf8 redisIp:192.168.88.119]
SqlString  SELECT RTP,Amount,Bonus  FROM M_RtpSetting  WHERE Sid = 1   AND State = 1   AND LTG_Code = 4 AND Gid = 41
sqlResult   map[result: count:0 state:0]
[2020-01-02 12:24:52] rtpData ------->   map[result: count:0 state:0] 
[GIN] 2020/01/02 - 12:24:52 | 200 |    2.552514ms |  192.168.66.115 | POST     /getResult
sqlResult   map[result: count:0 state:0]
[2020-01-02 12:24:52] rtpData ------->   map[state:0 result: count:0] 
[GIN] 2020/01/02 - 12:24:52 | 200 |    2.997907ms |  192.168.66.115 | POST     /getResult
sqlResult   map[result: count:0 state:0]
[2020-01-02 12:24:52] rtpData ------->   map[result: count:0 state:0] 
[GIN] 2020/01/02 - 12:24:52 | 200 |     2.46103ms |  192.168.66.115 | POST     /getResult
[2020-01-02 12:24:55] 自開彩開獎  {202001020249 6 37 true} 
ConfigData  map[charset:utf8 redisIp:192.168.88.119 redisPassword:"" redisDB:3 poolname:FA_MEM port:3306 password:1qaz!QAZ database:FA_MEM redisPort:6379 ip:192.168.88.181 user:fa_db]
SqlString  SELECT RTP,Amount,Bonus  FROM M_RtpSetting  WHERE Sid = 1   AND State = 1   AND LTG_Code = 6 AND Gid = 37
sqlResult   map[result: count:0 state:0]
[2020-01-02 12:24:55] rtpData ------->   map[result: count:0 state:0] 
[GIN] 2020/01/02 - 12:24:55 | 200 |    2.539743ms |  192.168.66.115 | POST     /getResult
[2020-01-02 12:24:56] 自開彩開獎  {202001020745 1 34 true} 
ConfigData  map[database:FA_MEM charset:utf8 redisIp:192.168.88.119 redisPort:6379 redisPassword:"" ip:192.168.88.181 user:fa_db password:1qaz!QAZ redisDB:3 poolname:FA_MEM port:3306]
SqlString  SELECT RTP,Amount,Bonus  FROM M_RtpSetting  WHERE Sid = 1   AND State = 1   AND LTG_Code = 1 AND Gid = 34
sqlResult   map[count:0 state:0 result:]
[2020-01-02 12:24:56] rtpData ------->   map[result: count:0 state:0] 
[GIN] 2020/01/02 - 12:24:56 | 200 |    2.297219ms |  192.168.66.115 | POST     /getResult
[2020-01-02 12:24:58] 自開彩開獎  {202001020745 6 36 true} 
[2020-01-02 12:24:58] 自開彩開獎  {202001020249 1 35 true} 
ConfigData  map[ip:192.168.88.181 poolname:FA_MEM user:fa_db password:1qaz!QAZ redisPort:6379 port:3306 database:FA_MEM charset:utf8 redisIp:192.168.88.119 redisPassword:"" redisDB:3]
SqlString  SELECT RTP,Amount,Bonus  FROM M_RtpSetting  WHERE Sid = 1   AND State = 1   AND LTG_Code = 6 AND Gid = 36
ConfigData  map[redisPassword:"" redisDB:3 user:fa_db poolname:FA_MEM port:3306 password:1qaz!QAZ database:FA_MEM charset:utf8 redisIp:192.168.88.119 redisPort:6379 ip:192.168.88.181]
SqlString  SELECT RTP,Amount,Bonus  FROM M_RtpSetting  WHERE Sid = 1   AND State = 1   AND LTG_Code = 1 AND Gid = 35
sqlResult   map[result: count:0 state:0]
sqlResult   map[result: count:0 state:0]
[2020-01-02 12:24:58] rtpData ------->   map[count:0 state:0 result:] 
[GIN] 2020/01/02 - 12:24:58 | 200 |    2.612327ms |  192.168.66.115 | POST     /getResult
[2020-01-02 12:24:58] rtpData ------->   map[result: count:0 state:0] 
[GIN] 2020/01/02 - 12:24:58 | 200 |    2.757902ms |  192.168.66.115 | POST     /getResult
[2020-01-02 12:24:58] 自開彩開獎  {202001020745 4 40 true} 
ConfigData  map[user:fa_db password:1qaz!QAZ database:FA_MEM charset:utf8 redisIp:192.168.88.119 redisPort:6379 redisPassword:"" poolname:FA_MEM redisDB:3 port:3306 ip:192.168.88.181]
SqlString  SELECT RTP,Amount,Bonus  FROM M_RtpSetting  WHERE Sid = 1   AND State = 1   AND LTG_Code = 4 AND Gid = 40
[2020-01-02 12:24:58] 自開彩開獎  {202001020745 5 38 true} 
ConfigData  map[ip:192.168.88.181 redisIp:192.168.88.119 redisPort:6379 poolname:FA_MEM port:3306 user:fa_db password:1qaz!QAZ database:FA_MEM charset:utf8 redisPassword:"" redisDB:3]
SqlString  SELECT RTP,Amount,Bonus  FROM M_RtpSetting  WHERE Sid = 1   AND State = 1   AND LTG_Code = 5 AND Gid = 38
[2020-01-02 12:24:58] 自開彩開獎  {202001020249 4 41 true} 
ConfigData  map[ip:192.168.88.181 poolname:FA_MEM port:3306 password:1qaz!QAZ database:FA_MEM redisPassword:"" redisDB:3 user:fa_db charset:utf8 redisIp:192.168.88.119 redisPort:6379]
SqlString  SELECT RTP,Amount,Bonus  FROM M_RtpSetting  WHERE Sid = 1   AND State = 1   AND LTG_Code = 4 AND Gid = 41
sqlResult   map[result: count:0 state:0]
[2020-01-02 12:24:58] rtpData ------->   map[count:0 state:0 result:] 
[GIN] 2020/01/02 - 12:24:58 | 200 |    2.547274ms |  192.168.66.115 | POST     /getResult
sqlResult   map[result: count:0 state:0]
[2020-01-02 12:24:58] rtpData ------->   map[result: count:0 state:0] 
[GIN] 2020/01/02 - 12:24:58 | 200 |    2.662331ms |  192.168.66.115 | POST     /getResult
sqlResult   map[result: count:0 state:0]
[2020-01-02 12:24:58] rtpData ------->   map[result: count:0 state:0] 
[GIN] 2020/01/02 - 12:24:58 | 200 |    2.834362ms |  192.168.66.115 | POST     /getResult
[2020-01-02 12:25:00] 自開彩開獎  {202001020150 5 39 true} 
ConfigData  map[password:1qaz!QAZ charset:utf8 ip:192.168.88.181 poolname:FA_MEM port:3306 redisPort:6379 redisPassword:"" redisDB:3 user:fa_db database:FA_MEM redisIp:192.168.88.119]
SqlString  SELECT RTP,Amount,Bonus  FROM M_RtpSetting  WHERE Sid = 1   AND State = 1   AND LTG_Code = 5 AND Gid = 39
sqlResult   map[result: count:0 state:0]
[2020-01-02 12:25:00] rtpData ------->   map[state:0 result: count:0] 
[GIN] 2020/01/02 - 12:25:00 | 200 |     2.20155ms |  192.168.66.115 | POST     /getResult
[2020-01-02 12:25:00] 自開彩開獎  {202001020746 2 26 true} 
[2020-01-02 12:25:00] 自開彩開獎  {20200102150 2 28 true} 
ConfigData  map[poolname:FA_MEM user:fa_db password:1qaz!QAZ charset:utf8 redisIp:192.168.88.119 redisPort:6379 ip:192.168.88.181 port:3306 database:FA_MEM redisPassword:"" redisDB:3]
SqlString  SELECT RTP,Amount,Bonus  FROM M_RtpSetting  WHERE Sid = 1   AND State = 1   AND LTG_Code = 2 AND Gid = 28
ConfigData  map[poolname:FA_MEM redisIp:192.168.88.119 redisPort:6379 redisDB:3 ip:192.168.88.181 port:3306 user:fa_db password:1qaz!QAZ database:FA_MEM charset:utf8 redisPassword:""]
SqlString  SELECT RTP,Amount,Bonus  FROM M_RtpSetting  WHERE Sid = 1   AND State = 1   AND LTG_Code = 2 AND Gid = 26
sqlResult   map[count:1 state:1 amount:1.0069588e+06 bonus:908100.71 result:0.9600]
[2020-01-02 12:25:00] rtpData ------->   map[amount:1.0069588e+06 bonus:908100.71 result:0.9600 count:1 state:1] 
ConfigData  map[password:1qaz!QAZ charset:utf8 redisIp:192.168.88.119 redisPort:6379 redisPassword:"" ip:192.168.88.181 poolname:FA_MEM port:3306 user:fa_db database:FA_MEM redisDB:3]
SELECT BO_No, BO_OrderNo , BO_User , BO_Issue  , BO_LotteryTypeGroup, BO_LotteryType, BO_Mode, BO_LotteryPlayGroup, BO_LotteryPlay , BO_LotteryContent, BO_Price, BO_RealPrice, BO_Unit, BO_Multiple , BO_BetCount  , BO_Winnings, BO_Winnings2, BO_Winnings3, BO_WinningLimit  , BO_Water , BO_BW_SourceUserId, BO_BW_BackWater, BO_BW_LimitBetCount, BO_BW_MaxAmount, BO_BW_AuditMultiple  , BO_Odds, BO_Odds2, BO_Odds3 , BO_Type, BO_Chase , BO_OpenResult, BO_OpenResult2, BO_DateDraw, BO_DateDraw2, BO_DateUpdate  FROM TS_BetOrder  WHERE BO_Cancel = 0   AND BO_CancelBackend = 0   AND BO_LotteryTypeGroup = 2 AND BO_LotteryType = 26 AND BO_Issue = 202001020746 AND BO_Collect = 0 ORDER BY BO_DateDraw ASC, BO_DateCreate ASC, BO_DateUpdate ASC, BO_No ASC ;
sqlResult   map[result:0.9600 count:1 state:1 amount:234518 bonus:161148.41]
[2020-01-02 12:25:00] rtpData ------->   map[amount:234518 bonus:161148.41 result:0.9600 count:1 state:1] 
ConfigData  map[poolname:FA_MEM user:fa_db charset:utf8 redisPort:6379 ip:192.168.88.181 port:3306 password:1qaz!QAZ database:FA_MEM redisIp:192.168.88.119 redisPassword:"" redisDB:3]
SELECT BO_No, BO_OrderNo , BO_User , BO_Issue  , BO_LotteryTypeGroup, BO_LotteryType, BO_Mode, BO_LotteryPlayGroup, BO_LotteryPlay , BO_LotteryContent, BO_Price, BO_RealPrice, BO_Unit, BO_Multiple , BO_BetCount  , BO_Winnings, BO_Winnings2, BO_Winnings3, BO_WinningLimit  , BO_Water , BO_BW_SourceUserId, BO_BW_BackWater, BO_BW_LimitBetCount, BO_BW_MaxAmount, BO_BW_AuditMultiple  , BO_Odds, BO_Odds2, BO_Odds3 , BO_Type, BO_Chase , BO_OpenResult, BO_OpenResult2, BO_DateDraw, BO_DateDraw2, BO_DateUpdate  FROM TS_BetOrder  WHERE BO_Cancel = 0   AND BO_CancelBackend = 0   AND BO_LotteryTypeGroup = 2 AND BO_LotteryType = 28 AND BO_Issue = 20200102150 AND BO_Collect = 0 ORDER BY BO_DateDraw ASC, BO_DateCreate ASC, BO_DateUpdate ASC, BO_No ASC ;
[2020-01-02 12:25:00] LottteryTypeGroup 2 
[2020-01-02 12:25:00] 有期號 但無注單 -------> map[amount:0 bonus:0 thisOpenResult:[2 5 1 2 9]] 
[2020-01-02 12:25:00] LottteryTypeGroup 2 
[GIN] 2020/01/02 - 12:25:00 | 200 |    4.851064ms |  192.168.66.115 | POST     /getResult
[2020-01-02 12:25:00] 有期號 但無注單 -------> map[amount:0 bonus:0 thisOpenResult:[2 9 5 8 7]] 
[GIN] 2020/01/02 - 12:25:00 | 200 |    4.935167ms |  192.168.66.115 | POST     /getResult
[2020-01-02 12:25:01] 自開彩開獎  {202001020249 6 37 true} 
ConfigData  map[password:1qaz!QAZ redisIp:192.168.88.119 redisPassword:"" database:FA_MEM charset:utf8 redisPort:6379 redisDB:3 ip:192.168.88.181 poolname:FA_MEM port:3306 user:fa_db]
SqlString  SELECT RTP,Amount,Bonus  FROM M_RtpSetting  WHERE Sid = 1   AND State = 1   AND LTG_Code = 6 AND Gid = 37
sqlResult   map[result: count:0 state:0]
[2020-01-02 12:25:01] rtpData ------->   map[result: count:0 state:0] 
[GIN] 2020/01/02 - 12:25:01 | 200 |    2.292244ms |  192.168.66.115 | POST     /getResult
[2020-01-02 12:25:02] 自開彩開獎  {202001020745 1 34 true} 
ConfigData  map[poolname:FA_MEM port:3306 user:fa_db charset:utf8 redisIp:192.168.88.119 redisDB:3 ip:192.168.88.181 password:1qaz!QAZ database:FA_MEM redisPort:6379 redisPassword:""]
SqlString  SELECT RTP,Amount,Bonus  FROM M_RtpSetting  WHERE Sid = 1   AND State = 1   AND LTG_Code = 1 AND Gid = 34
sqlResult   map[count:0 state:0 result:]
[2020-01-02 12:25:02] rtpData ------->   map[count:0 state:0 result:] 
[GIN] 2020/01/02 - 12:25:02 | 200 |    2.758095ms |  192.168.66.115 | POST     /getResult
[2020-01-02 12:25:04] 自開彩開獎  {202001020745 6 36 true} 
ConfigData  map[redisDB:3 ip:192.168.88.181 poolname:FA_MEM port:3306 password:1qaz!QAZ database:FA_MEM redisIp:192.168.88.119 redisPassword:"" user:fa_db charset:utf8 redisPort:6379]
SqlString  SELECT RTP,Amount,Bonus  FROM M_RtpSetting  WHERE Sid = 1   AND State = 1   AND LTG_Code = 6 AND Gid = 36
[2020-01-02 12:25:04] 自開彩開獎  {202001020249 1 35 true} 
ConfigData  map[port:3306 user:fa_db database:FA_MEM charset:utf8 redisDB:3 ip:192.168.88.181 poolname:FA_MEM password:1qaz!QAZ redisIp:192.168.88.119 redisPort:6379 redisPassword:""]
SqlString  SELECT RTP,Amount,Bonus  FROM M_RtpSetting  WHERE Sid = 1   AND State = 1   AND LTG_Code = 1 AND Gid = 35
sqlResult   map[result: count:0 state:0]
[2020-01-02 12:25:04] rtpData ------->   map[result: count:0 state:0] 
[GIN] 2020/01/02 - 12:25:04 | 200 |    2.892148ms |  192.168.66.115 | POST     /getResult
sqlResult   map[result: count:0 state:0]
[2020-01-02 12:25:04] rtpData ------->   map[result: count:0 state:0] 
[GIN] 2020/01/02 - 12:25:04 | 200 |    8.485237ms |  192.168.66.115 | POST     /getResult
[2020-01-02 12:25:04] 自開彩開獎  {202001020745 5 38 true} 
ConfigData  map[ip:192.168.88.181 user:fa_db password:1qaz!QAZ charset:utf8 redisPort:6379 poolname:FA_MEM port:3306 database:FA_MEM redisIp:192.168.88.119 redisPassword:"" redisDB:3]
SqlString  SELECT RTP,Amount,Bonus  FROM M_RtpSetting  WHERE Sid = 1   AND State = 1   AND LTG_Code = 5 AND Gid = 38
sqlResult   map[result: count:0 state:0]
[2020-01-02 12:25:04] rtpData ------->   map[result: count:0 state:0] 
[GIN] 2020/01/02 - 12:25:04 | 200 |     2.66521ms |  192.168.66.115 | POST     /getResult
[2020-01-02 12:25:04] 自開彩開獎  {202001020745 4 40 true} 
ConfigData  map[password:1qaz!QAZ charset:utf8 redisIp:192.168.88.119 redisPort:6379 redisPassword:"" redisDB:3 poolname:FA_MEM port:3306 database:FA_MEM ip:192.168.88.181 user:fa_db]
SqlString  SELECT RTP,Amount,Bonus  FROM M_RtpSetting  WHERE Sid = 1   AND State = 1   AND LTG_Code = 4 AND Gid = 40
[2020-01-02 12:25:04] 自開彩開獎  {202001020249 4 41 true} 
ConfigData  map[database:FA_MEM redisIp:192.168.88.119 redisDB:3 ip:192.168.88.181 poolname:FA_MEM password:1qaz!QAZ charset:utf8 redisPort:6379 redisPassword:"" port:3306 user:fa_db]
SqlString  SELECT RTP,Amount,Bonus  FROM M_RtpSetting  WHERE Sid = 1   AND State = 1   AND LTG_Code = 4 AND Gid = 41
sqlResult   map[state:0 result: count:0]
[2020-01-02 12:25:04] rtpData ------->   map[state:0 result: count:0] 
[GIN] 2020/01/02 - 12:25:04 | 200 |    3.565798ms |  192.168.66.115 | POST     /getResult
sqlResult   map[result: count:0 state:0]
[2020-01-02 12:25:04] rtpData ------->   map[result: count:0 state:0] 
[GIN] 2020/01/02 - 12:25:04 | 200 |    3.814082ms |  192.168.66.115 | POST     /getResult
[2020-01-02 12:25:06] 自開彩開獎  {202001020150 5 39 true} 
ConfigData  map[ip:192.168.88.181 user:fa_db database:FA_MEM charset:utf8 redisIp:192.168.88.119 poolname:FA_MEM port:3306 password:1qaz!QAZ redisPort:6379 redisPassword:"" redisDB:3]
SqlString  SELECT RTP,Amount,Bonus  FROM M_RtpSetting  WHERE Sid = 1   AND State = 1   AND LTG_Code = 5 AND Gid = 39
sqlResult   map[result: count:0 state:0]
[2020-01-02 12:25:06] rtpData ------->   map[result: count:0 state:0] 
[GIN] 2020/01/02 - 12:25:06 | 200 |    2.896134ms |  192.168.66.115 | POST     /getResult
[2020-01-02 12:25:08] 自開彩開獎  {202001020746 1 34 true} 
ConfigData  map[poolname:FA_MEM port:3306 password:1qaz!QAZ charset:utf8 redisPort:6379 redisDB:3 ip:192.168.88.181 user:fa_db database:FA_MEM redisIp:192.168.88.119 redisPassword:""]
SqlString  SELECT RTP,Amount,Bonus  FROM M_RtpSetting  WHERE Sid = 1   AND State = 1   AND LTG_Code = 1 AND Gid = 34
sqlResult   map[result: count:0 state:0]
[2020-01-02 12:25:08] rtpData ------->   map[result: count:0 state:0] 
[GIN] 2020/01/02 - 12:25:08 | 200 |    2.354563ms |  192.168.66.115 | POST     /getResult
[2020-01-02 12:25:10] 自開彩開獎  {202001020249 1 35 true} 
ConfigData  map[redisDB:3 ip:192.168.88.181 poolname:FA_MEM port:3306 database:FA_MEM charset:utf8 redisIp:192.168.88.119 user:fa_db password:1qaz!QAZ redisPort:6379 redisPassword:""]
SqlString  SELECT RTP,Amount,Bonus  FROM M_RtpSetting  WHERE Sid = 1   AND State = 1   AND LTG_Code = 1 AND Gid = 35
[2020-01-02 12:25:10] 自開彩開獎  {202001020746 6 36 true} 
ConfigData  map[port:3306 database:FA_MEM redisIp:192.168.88.119 redisPort:6379 ip:192.168.88.181 poolname:FA_MEM charset:utf8 redisPassword:"" redisDB:3 user:fa_db password:1qaz!QAZ]
SqlString  SELECT RTP,Amount,Bonus  FROM M_RtpSetting  WHERE Sid = 1   AND State = 1   AND LTG_Code = 6 AND Gid = 36
sqlResult   map[result: count:0 state:0]
[2020-01-02 12:25:10] rtpData ------->   map[result: count:0 state:0] 
[GIN] 2020/01/02 - 12:25:10 | 200 |     2.16523ms |  192.168.66.115 | POST     /getResult
sqlResult   map[state:0 result: count:0]
[2020-01-02 12:25:10] rtpData ------->   map[result: count:0 state:0] 
[GIN] 2020/01/02 - 12:25:10 | 200 |    2.479406ms |  192.168.66.115 | POST     /getResult
[2020-01-02 12:25:10] 自開彩開獎  {202001020746 5 38 true} 
ConfigData  map[ip:192.168.88.181 poolname:FA_MEM port:3306 user:fa_db charset:utf8 redisIp:192.168.88.119 redisPort:6379 password:1qaz!QAZ database:FA_MEM redisPassword:"" redisDB:3]
SqlString  SELECT RTP,Amount,Bonus  FROM M_RtpSetting  WHERE Sid = 1   AND State = 1   AND LTG_Code = 5 AND Gid = 38
[2020-01-02 12:25:10] 自開彩開獎  {202001020746 4 40 true} 
ConfigData  map[redisIp:192.168.88.119 redisPort:6379 redisPassword:"" redisDB:3 poolname:FA_MEM user:fa_db password:1qaz!QAZ database:FA_MEM ip:192.168.88.181 port:3306 charset:utf8]
SqlString  SELECT RTP,Amount,Bonus  FROM M_RtpSetting  WHERE Sid = 1   AND State = 1   AND LTG_Code = 4 AND Gid = 40
[2020-01-02 12:25:10] 自開彩開獎  {202001020249 4 41 true} 
ConfigData  map[port:3306 database:FA_MEM charset:utf8 redisPort:6379 redisPassword:"" redisDB:3 ip:192.168.88.181 user:fa_db password:1qaz!QAZ redisIp:192.168.88.119 poolname:FA_MEM]
SqlString  SELECT RTP,Amount,Bonus  FROM M_RtpSetting  WHERE Sid = 1   AND State = 1   AND LTG_Code = 4 AND Gid = 41
sqlResult   map[state:0 result: count:0]
[2020-01-02 12:25:10] rtpData ------->   map[result: count:0 state:0] 
[GIN] 2020/01/02 - 12:25:10 | 200 |    5.351806ms |  192.168.66.115 | POST     /getResult
sqlResult   map[count:0 state:0 result:]
sqlResult   map[result: count:0 state:0]
[2020-01-02 12:25:10] rtpData ------->   map[result: count:0 state:0] 
[GIN] 2020/01/02 - 12:25:10 | 200 |    2.145502ms |  192.168.66.115 | POST     /getResult
[2020-01-02 12:25:10] rtpData ------->   map[state:0 result: count:0] 
[GIN] 2020/01/02 - 12:25:10 | 200 |    2.483339ms |  192.168.66.115 | POST     /getResult
[2020-01-02 12:25:12] 自開彩開獎  {202001020150 5 39 true} 
ConfigData  map[ip:192.168.88.181 poolname:FA_MEM password:1qaz!QAZ redisPort:6379 redisPassword:"" redisDB:3 port:3306 user:fa_db database:FA_MEM charset:utf8 redisIp:192.168.88.119]
SqlString  SELECT RTP,Amount,Bonus  FROM M_RtpSetting  WHERE Sid = 1   AND State = 1   AND LTG_Code = 5 AND Gid = 39
sqlResult   map[count:0 state:0 result:]
[2020-01-02 12:25:12] rtpData ------->   map[result: count:0 state:0] 
[GIN] 2020/01/02 - 12:25:12 | 200 |    3.417704ms |  192.168.66.115 | POST     /getResult
[2020-01-02 12:25:14] 自開彩開獎  {202001020746 1 34 true} 
ConfigData  map[charset:utf8 redisIp:192.168.88.119 redisPort:6379 redisPassword:"" ip:192.168.88.181 poolname:FA_MEM port:3306 password:1qaz!QAZ redisDB:3 user:fa_db database:FA_MEM]
SqlString  SELECT RTP,Amount,Bonus  FROM M_RtpSetting  WHERE Sid = 1   AND State = 1   AND LTG_Code = 1 AND Gid = 34
sqlResult   map[result: count:0 state:0]
[2020-01-02 12:25:14] rtpData ------->   map[count:0 state:0 result:] 
[GIN] 2020/01/02 - 12:25:14 | 200 |    2.820615ms |  192.168.66.115 | POST     /getResult
[2020-01-02 12:25:16] 自開彩開獎  {202001020249 1 35 true} 
ConfigData  map[port:3306 database:FA_MEM redisDB:3 ip:192.168.88.181 poolname:FA_MEM user:fa_db password:1qaz!QAZ charset:utf8 redisIp:192.168.88.119 redisPort:6379 redisPassword:""]
SqlString  SELECT RTP,Amount,Bonus  FROM M_RtpSetting  WHERE Sid = 1   AND State = 1   AND LTG_Code = 1 AND Gid = 35
[2020-01-02 12:25:16] 自開彩開獎  {202001020746 6 36 true} 
ConfigData  map[redisPort:6379 redisDB:3 port:3306 user:fa_db password:1qaz!QAZ charset:utf8 redisIp:192.168.88.119 redisPassword:"" ip:192.168.88.181 poolname:FA_MEM database:FA_MEM]
SqlString  SELECT RTP,Amount,Bonus  FROM M_RtpSetting  WHERE Sid = 1   AND State = 1   AND LTG_Code = 6 AND Gid = 36
sqlResult   map[count:0 state:0 result:]
[2020-01-02 12:25:16] rtpData ------->   map[state:0 result: count:0] 
sqlResult   map[state:0 result: count:0]
[2020-01-02 12:25:16] rtpData ------->   map[result: count:0 state:0] 
[GIN] 2020/01/02 - 12:25:16 | 200 |    2.841927ms |  192.168.66.115 | POST     /getResult
[GIN] 2020/01/02 - 12:25:16 | 200 |    3.132895ms |  192.168.66.115 | POST     /getResult
[2020-01-02 12:25:16] 自開彩開獎  {202001020746 5 38 true} 
ConfigData  map[database:FA_MEM redisIp:192.168.88.119 redisPassword:"" user:fa_db password:1qaz!QAZ port:3306 charset:utf8 redisPort:6379 redisDB:3 ip:192.168.88.181 poolname:FA_MEM]
SqlString  SELECT RTP,Amount,Bonus  FROM M_RtpSetting  WHERE Sid = 1   AND State = 1   AND LTG_Code = 5 AND Gid = 38
[2020-01-02 12:25:16] 自開彩開獎  {202001020746 4 40 true} 
[2020-01-02 12:25:16] 自開彩開獎  {202001020249 4 41 true} 
ConfigData  map[ip:192.168.88.181 poolname:FA_MEM port:3306 database:FA_MEM redisPort:6379 user:fa_db password:1qaz!QAZ charset:utf8 redisIp:192.168.88.119 redisPassword:"" redisDB:3]
SqlString  SELECT RTP,Amount,Bonus  FROM M_RtpSetting  WHERE Sid = 1   AND State = 1   AND LTG_Code = 4 AND Gid = 40
ConfigData  map[poolname:FA_MEM port:3306 redisIp:192.168.88.119 redisDB:3 ip:192.168.88.181 user:fa_db password:1qaz!QAZ database:FA_MEM charset:utf8 redisPort:6379 redisPassword:""]
SqlString  SELECT RTP,Amount,Bonus  FROM M_RtpSetting  WHERE Sid = 1   AND State = 1   AND LTG_Code = 4 AND Gid = 41
sqlResult   map[result: count:0 state:0]
[2020-01-02 12:25:16] rtpData ------->   map[result: count:0 state:0] 
[GIN] 2020/01/02 - 12:25:16 | 200 |    9.030696ms |  192.168.66.115 | POST     /getResult
sqlResult   map[result: count:0 state:0]
sqlResult   map[result: count:0 state:0]
[2020-01-02 12:25:16] rtpData ------->   map[result: count:0 state:0] 
[GIN] 2020/01/02 - 12:25:16 | 200 |    5.658338ms |  192.168.66.115 | POST     /getResult
[2020-01-02 12:25:16] rtpData ------->   map[result: count:0 state:0] 
[GIN] 2020/01/02 - 12:25:16 | 200 |    5.654843ms |  192.168.66.115 | POST     /getResult
[2020-01-02 12:25:18] 自開彩開獎  {202001020150 5 39 true} 
ConfigData  map[user:fa_db charset:utf8 redisIp:192.168.88.119 redisPassword:"" redisDB:3 poolname:FA_MEM port:3306 password:1qaz!QAZ database:FA_MEM redisPort:6379 ip:192.168.88.181]
SqlString  SELECT RTP,Amount,Bonus  FROM M_RtpSetting  WHERE Sid = 1   AND State = 1   AND LTG_Code = 5 AND Gid = 39
sqlResult   map[result: count:0 state:0]
[2020-01-02 12:25:18] rtpData ------->   map[result: count:0 state:0] 
[GIN] 2020/01/02 - 12:25:18 | 200 |    2.692215ms |  192.168.66.115 | POST     /getResult
[2020-01-02 12:25:20] 自開彩開獎  {202001020746 1 34 true} 
ConfigData  map[ip:192.168.88.181 redisPort:6379 user:fa_db password:1qaz!QAZ database:FA_MEM charset:utf8 redisIp:192.168.88.119 redisPassword:"" poolname:FA_MEM port:3306 redisDB:3]
SqlString  SELECT RTP,Amount,Bonus  FROM M_RtpSetting  WHERE Sid = 1   AND State = 1   AND LTG_Code = 1 AND Gid = 34
sqlResult   map[result: count:0 state:0]
[2020-01-02 12:25:20] rtpData ------->   map[result: count:0 state:0] 
[GIN] 2020/01/02 - 12:25:20 | 200 |    2.378621ms |  192.168.66.115 | POST     /getResult
[2020-01-02 12:25:22] 自開彩開獎  {202001020746 6 36 true} 
ConfigData  map[charset:utf8 redisIp:192.168.88.119 redisPort:6379 redisDB:3 ip:192.168.88.181 port:3306 database:FA_MEM redisPassword:"" poolname:FA_MEM user:fa_db password:1qaz!QAZ]
[2020-01-02 12:25:22] 自開彩開獎  {202001020249 1 35 true} 
ConfigData  map[ip:192.168.88.181 charset:utf8 user:fa_db password:1qaz!QAZ database:FA_MEM redisIp:192.168.88.119 redisPort:6379 redisPassword:"" poolname:FA_MEM port:3306 redisDB:3]
SqlString  SELECT RTP,Amount,Bonus  FROM M_RtpSetting  WHERE Sid = 1   AND State = 1   AND LTG_Code = 1 AND Gid = 35
SqlString  SELECT RTP,Amount,Bonus  FROM M_RtpSetting  WHERE Sid = 1   AND State = 1   AND LTG_Code = 6 AND Gid = 36
sqlResult   map[result: count:0 state:0]
sqlResult   map[state:0 result: count:0]
[2020-01-02 12:25:22] rtpData ------->   map[state:0 result: count:0] 
[GIN] 2020/01/02 - 12:25:22 | 200 |    2.876626ms |  192.168.66.115 | POST     /getResult
[2020-01-02 12:25:22] rtpData ------->   map[result: count:0 state:0] 
[GIN] 2020/01/02 - 12:25:22 | 200 |    2.966083ms |  192.168.66.115 | POST     /getResult
[2020-01-02 12:25:22] 自開彩開獎  {202001020746 5 38 true} 
ConfigData  map[poolname:FA_MEM user:fa_db database:FA_MEM redisPassword:"" ip:192.168.88.181 password:1qaz!QAZ charset:utf8 redisIp:192.168.88.119 redisPort:6379 redisDB:3 port:3306]
SqlString  SELECT RTP,Amount,Bonus  FROM M_RtpSetting  WHERE Sid = 1   AND State = 1   AND LTG_Code = 5 AND Gid = 38
sqlResult   map[count:0 state:0 result:]
[2020-01-02 12:25:22] rtpData ------->   map[result: count:0 state:0] 
[GIN] 2020/01/02 - 12:25:22 | 200 |    2.884039ms |  192.168.66.115 | POST     /getResult
[2020-01-02 12:25:22] 自開彩開獎  {202001020746 4 40 true} 
ConfigData  map[redisIp:192.168.88.119 redisPassword:"" poolname:FA_MEM user:fa_db password:1qaz!QAZ database:FA_MEM charset:utf8 redisPort:6379 redisDB:3 ip:192.168.88.181 port:3306]
SqlString  SELECT RTP,Amount,Bonus  FROM M_RtpSetting  WHERE Sid = 1   AND State = 1   AND LTG_Code = 4 AND Gid = 40
[2020-01-02 12:25:22] 自開彩開獎  {202001020249 4 41 true} 
ConfigData  map[password:1qaz!QAZ charset:utf8 redisPassword:"" poolname:FA_MEM port:3306 user:fa_db redisPort:6379 redisDB:3 ip:192.168.88.181 database:FA_MEM redisIp:192.168.88.119]
SqlString  SELECT RTP,Amount,Bonus  FROM M_RtpSetting  WHERE Sid = 1   AND State = 1   AND LTG_Code = 4 AND Gid = 41
sqlResult   map[result: count:0 state:0]
[2020-01-02 12:25:22] rtpData ------->   map[result: count:0 state:0] 
[GIN] 2020/01/02 - 12:25:22 | 200 |    1.991812ms |  192.168.66.115 | POST     /getResult
sqlResult   map[state:0 result: count:0]
[2020-01-02 12:25:22] rtpData ------->   map[count:0 state:0 result:] 
[GIN] 2020/01/02 - 12:25:22 | 200 |    2.000438ms |  192.168.66.115 | POST     /getResult
[2020-01-02 12:25:24] 自開彩開獎  {202001020150 5 39 true} 
ConfigData  map[redisPassword:"" redisDB:3 port:3306 password:1qaz!QAZ database:FA_MEM redisPort:6379 redisIp:192.168.88.119 ip:192.168.88.181 poolname:FA_MEM user:fa_db charset:utf8]
SqlString  SELECT RTP,Amount,Bonus  FROM M_RtpSetting  WHERE Sid = 1   AND State = 1   AND LTG_Code = 5 AND Gid = 39
sqlResult   map[result: count:0 state:0]
[2020-01-02 12:25:24] rtpData ------->   map[count:0 state:0 result:] 
[GIN] 2020/01/02 - 12:25:24 | 200 |    3.113558ms |  192.168.66.115 | POST     /getResult
[2020-01-02 12:25:26] 自開彩開獎  {202001020746 1 34 true} 
ConfigData  map[password:1qaz!QAZ redisPort:6379 redisPassword:"" ip:192.168.88.181 user:fa_db database:FA_MEM charset:utf8 redisIp:192.168.88.119 redisDB:3 poolname:FA_MEM port:3306]
SqlString  SELECT RTP,Amount,Bonus  FROM M_RtpSetting  WHERE Sid = 1   AND State = 1   AND LTG_Code = 1 AND Gid = 34
sqlResult   map[result: count:0 state:0]
[2020-01-02 12:25:26] rtpData ------->   map[state:0 result: count:0] 
[GIN] 2020/01/02 - 12:25:26 | 200 |    2.229229ms |  192.168.66.115 | POST     /getResult
[2020-01-02 12:25:28] 自開彩開獎  {202001020249 1 35 true} 
ConfigData  map[database:FA_MEM charset:utf8 redisIp:192.168.88.119 poolname:FA_MEM port:3306 user:fa_db password:1qaz!QAZ redisPort:6379 redisPassword:"" redisDB:3 ip:192.168.88.181]
SqlString  SELECT RTP,Amount,Bonus  FROM M_RtpSetting  WHERE Sid = 1   AND State = 1   AND LTG_Code = 1 AND Gid = 35
[2020-01-02 12:25:28] 自開彩開獎  {202001020746 6 36 true} 
ConfigData  map[poolname:FA_MEM charset:utf8 redisIp:192.168.88.119 redisDB:3 ip:192.168.88.181 port:3306 user:fa_db password:1qaz!QAZ database:FA_MEM redisPort:6379 redisPassword:""]
SqlString  SELECT RTP,Amount,Bonus  FROM M_RtpSetting  WHERE Sid = 1   AND State = 1   AND LTG_Code = 6 AND Gid = 36
sqlResult   map[state:0 result: count:0]
[2020-01-02 12:25:28] rtpData ------->   map[result: count:0 state:0] 
sqlResult   map[result: count:0 state:0]
[GIN] 2020/01/02 - 12:25:28 | 200 |    2.292992ms |  192.168.66.115 | POST     /getResult
[2020-01-02 12:25:28] rtpData ------->   map[result: count:0 state:0] 
[GIN] 2020/01/02 - 12:25:28 | 200 |    2.594581ms |  192.168.66.115 | POST     /getResult
[2020-01-02 12:25:28] 自開彩開獎  {202001020746 5 38 true} 
ConfigData  map[password:1qaz!QAZ database:FA_MEM charset:utf8 redisIp:192.168.88.119 redisPort:6379 poolname:FA_MEM port:3306 user:fa_db redisPassword:"" redisDB:3 ip:192.168.88.181]
SqlString  SELECT RTP,Amount,Bonus  FROM M_RtpSetting  WHERE Sid = 1   AND State = 1   AND LTG_Code = 5 AND Gid = 38
sqlResult   map[result: count:0 state:0]
[2020-01-02 12:25:28] rtpData ------->   map[result: count:0 state:0] 
[GIN] 2020/01/02 - 12:25:28 | 200 |    5.409767ms |  192.168.66.115 | POST     /getResult
[2020-01-02 12:25:28] 自開彩開獎  {202001020746 4 40 true} 
ConfigData  map[poolname:FA_MEM port:3306 user:fa_db redisDB:3 redisPort:6379 redisPassword:"" ip:192.168.88.181 password:1qaz!QAZ database:FA_MEM charset:utf8 redisIp:192.168.88.119]
SqlString  SELECT RTP,Amount,Bonus  FROM M_RtpSetting  WHERE Sid = 1   AND State = 1   AND LTG_Code = 4 AND Gid = 40
[2020-01-02 12:25:28] 自開彩開獎  {202001020249 4 41 true} 
ConfigData  map[charset:utf8 redisPort:6379 ip:192.168.88.181 user:fa_db password:1qaz!QAZ database:FA_MEM redisDB:3 poolname:FA_MEM port:3306 redisIp:192.168.88.119 redisPassword:""]
SqlString  SELECT RTP,Amount,Bonus  FROM M_RtpSetting  WHERE Sid = 1   AND State = 1   AND LTG_Code = 4 AND Gid = 41
sqlResult   map[result: count:0 state:0]
[2020-01-02 12:25:28] rtpData ------->   map[result: count:0 state:0] 
sqlResult   map[result: count:0 state:0]
[2020-01-02 12:25:28] rtpData ------->   map[count:0 state:0 result:] 
[GIN] 2020/01/02 - 12:25:28 | 200 |    3.786836ms |  192.168.66.115 | POST     /getResult
[GIN] 2020/01/02 - 12:25:28 | 200 |     3.62167ms |  192.168.66.115 | POST     /getResult
[2020-01-02 12:25:30] 自開彩開獎  {202001020150 5 39 true} 
ConfigData  map[port:3306 user:fa_db charset:utf8 redisIp:192.168.88.119 redisDB:3 redisPassword:"" ip:192.168.88.181 poolname:FA_MEM password:1qaz!QAZ database:FA_MEM redisPort:6379]
SqlString  SELECT RTP,Amount,Bonus  FROM M_RtpSetting  WHERE Sid = 1   AND State = 1   AND LTG_Code = 5 AND Gid = 39
sqlResult   map[result: count:0 state:0]
[2020-01-02 12:25:30] rtpData ------->   map[result: count:0 state:0] 
[GIN] 2020/01/02 - 12:25:30 | 200 |     3.93775ms |  192.168.66.115 | POST     /getResult
[2020-01-02 12:25:32] 自開彩開獎  {202001020746 1 34 true} 
ConfigData  map[poolname:FA_MEM database:FA_MEM charset:utf8 redisPassword:"" redisDB:3 ip:192.168.88.181 port:3306 user:fa_db password:1qaz!QAZ redisIp:192.168.88.119 redisPort:6379]
SqlString  SELECT RTP,Amount,Bonus  FROM M_RtpSetting  WHERE Sid = 1   AND State = 1   AND LTG_Code = 1 AND Gid = 34
sqlResult   map[result: count:0 state:0]
[2020-01-02 12:25:32] rtpData ------->   map[result: count:0 state:0] 
[GIN] 2020/01/02 - 12:25:32 | 200 |    2.210998ms |  192.168.66.115 | POST     /getResult
[2020-01-02 12:25:34] 自開彩開獎  {202001020746 6 36 true} 
ConfigData  map[redisPassword:"" poolname:FA_MEM password:1qaz!QAZ database:FA_MEM charset:utf8 redisIp:192.168.88.119 ip:192.168.88.181 port:3306 user:fa_db redisPort:6379 redisDB:3]
SqlString  SELECT RTP,Amount,Bonus  FROM M_RtpSetting  WHERE Sid = 1   AND State = 1   AND LTG_Code = 6 AND Gid = 36
[2020-01-02 12:25:34] 自開彩開獎  {202001020249 1 35 true} 
ConfigData  map[redisPassword:"" ip:192.168.88.181 database:FA_MEM user:fa_db password:1qaz!QAZ charset:utf8 redisIp:192.168.88.119 redisPort:6379 redisDB:3 poolname:FA_MEM port:3306]
SqlString  SELECT RTP,Amount,Bonus  FROM M_RtpSetting  WHERE Sid = 1   AND State = 1   AND LTG_Code = 1 AND Gid = 35
sqlResult   map[result: count:0 state:0]
[2020-01-02 12:25:34] rtpData ------->   map[count:0 state:0 result:] 
[GIN] 2020/01/02 - 12:25:34 | 200 |    2.898185ms |  192.168.66.115 | POST     /getResult
sqlResult   map[result: count:0 state:0]
[2020-01-02 12:25:34] rtpData ------->   map[result: count:0 state:0] 
[GIN] 2020/01/02 - 12:25:34 | 200 |      2.9192ms |  192.168.66.115 | POST     /getResult
[2020-01-02 12:25:34] 自開彩開獎  {202001020746 5 38 true} 
ConfigData  map[poolname:FA_MEM user:fa_db redisIp:192.168.88.119 redisDB:3 redisPassword:"" ip:192.168.88.181 port:3306 password:1qaz!QAZ database:FA_MEM charset:utf8 redisPort:6379]
SqlString  SELECT RTP,Amount,Bonus  FROM M_RtpSetting  WHERE Sid = 1   AND State = 1   AND LTG_Code = 5 AND Gid = 38
sqlResult   map[result: count:0 state:0]
[2020-01-02 12:25:34] rtpData ------->   map[state:0 result: count:0] 
[GIN] 2020/01/02 - 12:25:34 | 200 |    2.888497ms |  192.168.66.115 | POST     /getResult
[2020-01-02 12:25:34] 自開彩開獎  {202001020746 4 40 true} 
ConfigData  map[password:1qaz!QAZ database:FA_MEM redisDB:3 poolname:FA_MEM user:fa_db charset:utf8 redisIp:192.168.88.119 redisPort:6379 redisPassword:"" ip:192.168.88.181 port:3306]
SqlString  SELECT RTP,Amount,Bonus  FROM M_RtpSetting  WHERE Sid = 1   AND State = 1   AND LTG_Code = 4 AND Gid = 40
[2020-01-02 12:25:34] 自開彩開獎  {202001020249 4 41 true} 
ConfigData  map[redisPassword:"" redisDB:3 poolname:FA_MEM password:1qaz!QAZ user:fa_db database:FA_MEM charset:utf8 redisIp:192.168.88.119 redisPort:6379 ip:192.168.88.181 port:3306]
SqlString  SELECT RTP,Amount,Bonus  FROM M_RtpSetting  WHERE Sid = 1   AND State = 1   AND LTG_Code = 4 AND Gid = 41
sqlResult   map[state:0 result: count:0]
[2020-01-02 12:25:34] rtpData ------->   map[result: count:0 state:0] 
[GIN] 2020/01/02 - 12:25:34 | 200 |    1.897431ms |  192.168.66.115 | POST     /getResult
sqlResult   map[count:0 state:0 result:]
[2020-01-02 12:25:34] rtpData ------->   map[result: count:0 state:0] 
[GIN] 2020/01/02 - 12:25:34 | 200 |    2.226016ms |  192.168.66.115 | POST     /getResult
[2020-01-02 12:25:36] 自開彩開獎  {202001020150 5 39 true} 
ConfigData  map[password:1qaz!QAZ charset:utf8 redisIp:192.168.88.119 ip:192.168.88.181 poolname:FA_MEM port:3306 redisPassword:"" redisDB:3 user:fa_db database:FA_MEM redisPort:6379]
SqlString  SELECT RTP,Amount,Bonus  FROM M_RtpSetting  WHERE Sid = 1   AND State = 1   AND LTG_Code = 5 AND Gid = 39
sqlResult   map[result: count:0 state:0]
[2020-01-02 12:25:36] rtpData ------->   map[result: count:0 state:0] 
[GIN] 2020/01/02 - 12:25:36 | 200 |    6.825512ms |  192.168.66.115 | POST     /getResult
[2020-01-02 12:25:38] 自開彩開獎  {202001020746 1 34 true} 
ConfigData  map[redisIp:192.168.88.119 redisDB:3 ip:192.168.88.181 user:fa_db charset:utf8 database:FA_MEM redisPort:6379 redisPassword:"" poolname:FA_MEM port:3306 password:1qaz!QAZ]
SqlString  SELECT RTP,Amount,Bonus  FROM M_RtpSetting  WHERE Sid = 1   AND State = 1   AND LTG_Code = 1 AND Gid = 34
sqlResult   map[result: count:0 state:0]
[2020-01-02 12:25:38] rtpData ------->   map[state:0 result: count:0] 
[GIN] 2020/01/02 - 12:25:38 | 200 |    2.520808ms |  192.168.66.115 | POST     /getResult
[2020-01-02 12:25:40] 自開彩開獎  {202001020249 1 35 true} 
ConfigData  map[ip:192.168.88.181 poolname:FA_MEM port:3306 password:1qaz!QAZ database:FA_MEM user:fa_db charset:utf8 redisIp:192.168.88.119 redisPort:6379 redisPassword:"" redisDB:3]
SqlString  SELECT RTP,Amount,Bonus  FROM M_RtpSetting  WHERE Sid = 1   AND State = 1   AND LTG_Code = 1 AND Gid = 35
[2020-01-02 12:25:40] 自開彩開獎  {202001020746 6 36 true} 
ConfigData  map[redisDB:3 ip:192.168.88.181 user:fa_db password:1qaz!QAZ charset:utf8 redisIp:192.168.88.119 redisPassword:"" poolname:FA_MEM port:3306 database:FA_MEM redisPort:6379]
SqlString  SELECT RTP,Amount,Bonus  FROM M_RtpSetting  WHERE Sid = 1   AND State = 1   AND LTG_Code = 6 AND Gid = 36
sqlResult   map[result: count:0 state:0]
sqlResult   map[result: count:0 state:0]
[2020-01-02 12:25:40] rtpData ------->   map[result: count:0 state:0] 
[2020-01-02 12:25:40] rtpData ------->   map[result: count:0 state:0] 
[GIN] 2020/01/02 - 12:25:40 | 200 |     2.50827ms |  192.168.66.115 | POST     /getResult
[GIN] 2020/01/02 - 12:25:40 | 200 |    2.443322ms |  192.168.66.115 | POST     /getResult
[2020-01-02 12:25:40] 自開彩開獎  {202001020746 5 38 true} 
ConfigData  map[poolname:FA_MEM port:3306 charset:utf8 redisIp:192.168.88.119 redisPassword:"" redisDB:3 ip:192.168.88.181 user:fa_db password:1qaz!QAZ database:FA_MEM redisPort:6379]
SqlString  SELECT RTP,Amount,Bonus  FROM M_RtpSetting  WHERE Sid = 1   AND State = 1   AND LTG_Code = 5 AND Gid = 38
[2020-01-02 12:25:40] 自開彩開獎  {202001020249 4 41 true} 
ConfigData  map[redisPassword:"" charset:utf8 redisIp:192.168.88.119 ip:192.168.88.181 poolname:FA_MEM port:3306 user:fa_db password:1qaz!QAZ database:FA_MEM redisPort:6379 redisDB:3]
SqlString  SELECT RTP,Amount,Bonus  FROM M_RtpSetting  WHERE Sid = 1   AND State = 1   AND LTG_Code = 4 AND Gid = 41
[2020-01-02 12:25:40] 自開彩開獎  {202001020746 4 40 true} 
ConfigData  map[redisPort:6379 redisPassword:"" redisDB:3 ip:192.168.88.181 user:fa_db database:FA_MEM redisIp:192.168.88.119 poolname:FA_MEM port:3306 password:1qaz!QAZ charset:utf8]
SqlString  SELECT RTP,Amount,Bonus  FROM M_RtpSetting  WHERE Sid = 1   AND State = 1   AND LTG_Code = 4 AND Gid = 40
sqlResult   map[result: count:0 state:0]
[2020-01-02 12:25:40] rtpData ------->   map[count:0 state:0 result:] 
[GIN] 2020/01/02 - 12:25:40 | 200 |    2.244436ms |  192.168.66.115 | POST     /getResult
sqlResult   map[result: count:0 state:0]
[2020-01-02 12:25:40] rtpData ------->   map[result: count:0 state:0] 
[GIN] 2020/01/02 - 12:25:40 | 200 |    2.287243ms |  192.168.66.115 | POST     /getResult
sqlResult   map[result: count:0 state:0]
[2020-01-02 12:25:40] rtpData ------->   map[state:0 result: count:0] 
[GIN] 2020/01/02 - 12:25:40 | 200 |    2.637453ms |  192.168.66.115 | POST     /getResult
[2020-01-02 12:25:42] 自開彩開獎  {202001020150 5 39 true} 
ConfigData  map[port:3306 user:fa_db database:FA_MEM charset:utf8 redisPort:6379 redisPassword:"" redisDB:3 ip:192.168.88.181 poolname:FA_MEM password:1qaz!QAZ redisIp:192.168.88.119]
SqlString  SELECT RTP,Amount,Bonus  FROM M_RtpSetting  WHERE Sid = 1   AND State = 1   AND LTG_Code = 5 AND Gid = 39
sqlResult   map[result: count:0 state:0]
[2020-01-02 12:25:42] rtpData ------->   map[result: count:0 state:0] 
[GIN] 2020/01/02 - 12:25:42 | 200 |    2.552242ms |  192.168.66.115 | POST     /getResult
[2020-01-02 12:25:44] 自開彩開獎  {202001020746 1 34 true} 
ConfigData  map[password:1qaz!QAZ redisIp:192.168.88.119 redisPort:6379 redisDB:3 redisPassword:"" ip:192.168.88.181 poolname:FA_MEM port:3306 user:fa_db database:FA_MEM charset:utf8]
SqlString  SELECT RTP,Amount,Bonus  FROM M_RtpSetting  WHERE Sid = 1   AND State = 1   AND LTG_Code = 1 AND Gid = 34
sqlResult   map[result: count:0 state:0]
[2020-01-02 12:25:44] rtpData ------->   map[result: count:0 state:0] 
[GIN] 2020/01/02 - 12:25:44 | 200 |    2.233684ms |  192.168.66.115 | POST     /getResult
[2020-01-02 12:25:46] 自開彩開獎  {202001020249 1 35 true} 
ConfigData  map[user:fa_db password:1qaz!QAZ database:FA_MEM charset:utf8 redisPassword:"" ip:192.168.88.181 poolname:FA_MEM redisPort:6379 redisDB:3 port:3306 redisIp:192.168.88.119]
SqlString  SELECT RTP,Amount,Bonus  FROM M_RtpSetting  WHERE Sid = 1   AND State = 1   AND LTG_Code = 1 AND Gid = 35
[2020-01-02 12:25:46] 自開彩開獎  {202001020746 6 36 true} 
ConfigData  map[redisPassword:"" redisDB:3 ip:192.168.88.181 poolname:FA_MEM password:1qaz!QAZ charset:utf8 redisPort:6379 port:3306 user:fa_db database:FA_MEM redisIp:192.168.88.119]
SqlString  SELECT RTP,Amount,Bonus  FROM M_RtpSetting  WHERE Sid = 1   AND State = 1   AND LTG_Code = 6 AND Gid = 36
sqlResult   map[result: count:0 state:0]
[2020-01-02 12:25:46] rtpData ------->   map[result: count:0 state:0] 
sqlResult   map[result: count:0 state:0]
[2020-01-02 12:25:46] rtpData ------->   map[result: count:0 state:0] 
[GIN] 2020/01/02 - 12:25:46 | 200 |    2.649894ms |  192.168.66.115 | POST     /getResult
[GIN] 2020/01/02 - 12:25:46 | 200 |    2.829953ms |  192.168.66.115 | POST     /getResult
[2020-01-02 12:25:46] 自開彩開獎  {202001020746 5 38 true} 
ConfigData  map[user:fa_db password:1qaz!QAZ redisIp:192.168.88.119 redisPort:6379 redisDB:3 port:3306 poolname:FA_MEM database:FA_MEM charset:utf8 redisPassword:"" ip:192.168.88.181]
SqlString  SELECT RTP,Amount,Bonus  FROM M_RtpSetting  WHERE Sid = 1   AND State = 1   AND LTG_Code = 5 AND Gid = 38
[2020-01-02 12:25:46] 自開彩開獎  {202001020746 4 40 true} 
ConfigData  map[database:FA_MEM redisIp:192.168.88.119 redisPort:6379 redisPassword:"" redisDB:3 port:3306 user:fa_db password:1qaz!QAZ charset:utf8 ip:192.168.88.181 poolname:FA_MEM]
[2020-01-02 12:25:46] 自開彩開獎  {202001020249 4 41 true} 
ConfigData  map[redisPassword:"" redisDB:3 ip:192.168.88.181 user:fa_db database:FA_MEM charset:utf8 redisPort:6379 poolname:FA_MEM port:3306 password:1qaz!QAZ redisIp:192.168.88.119]
SqlString  SELECT RTP,Amount,Bonus  FROM M_RtpSetting  WHERE Sid = 1   AND State = 1   AND LTG_Code = 4 AND Gid = 41
SqlString  SELECT RTP,Amount,Bonus  FROM M_RtpSetting  WHERE Sid = 1   AND State = 1   AND LTG_Code = 4 AND Gid = 40
sqlResult   map[count:0 state:0 result:]
[2020-01-02 12:25:46] rtpData ------->   map[result: count:0 state:0] 
[GIN] 2020/01/02 - 12:25:46 | 200 |     2.71159ms |  192.168.66.115 | POST     /getResult
sqlResult   map[result: count:0 state:0]
[2020-01-02 12:25:46] rtpData ------->   map[count:0 state:0 result:] 
[GIN] 2020/01/02 - 12:25:46 | 200 |     2.98838ms |  192.168.66.115 | POST     /getResult
sqlResult   map[result: count:0 state:0]
[2020-01-02 12:25:46] rtpData ------->   map[state:0 result: count:0] 
[GIN] 2020/01/02 - 12:25:46 | 200 |    5.852495ms |  192.168.66.115 | POST     /getResult
[2020-01-02 12:25:48] 自開彩開獎  {202001020150 5 39 true} 
ConfigData  map[ip:192.168.88.181 poolname:FA_MEM database:FA_MEM redisPort:6379 redisDB:3 redisPassword:"" port:3306 user:fa_db password:1qaz!QAZ charset:utf8 redisIp:192.168.88.119]
SqlString  SELECT RTP,Amount,Bonus  FROM M_RtpSetting  WHERE Sid = 1   AND State = 1   AND LTG_Code = 5 AND Gid = 39
sqlResult   map[result: count:0 state:0]
[2020-01-02 12:25:48] rtpData ------->   map[result: count:0 state:0] 
[GIN] 2020/01/02 - 12:25:48 | 200 |    2.892367ms |  192.168.66.115 | POST     /getResult
[2020-01-02 12:25:50] 自開彩開獎  {202001020746 1 34 true} 
ConfigData  map[database:FA_MEM redisIp:192.168.88.119 redisPort:6379 ip:192.168.88.181 poolname:FA_MEM port:3306 user:fa_db password:1qaz!QAZ redisDB:3 charset:utf8 redisPassword:""]
SqlString  SELECT RTP,Amount,Bonus  FROM M_RtpSetting  WHERE Sid = 1   AND State = 1   AND LTG_Code = 1 AND Gid = 34
sqlResult   map[count:0 state:0 result:]
[2020-01-02 12:25:50] rtpData ------->   map[result: count:0 state:0] 
[GIN] 2020/01/02 - 12:25:50 | 200 |    1.899916ms |  192.168.66.115 | POST     /getResult
[2020-01-02 12:25:52] 自開彩開獎  {202001020249 1 35 true} 
ConfigData  map[poolname:FA_MEM user:fa_db password:1qaz!QAZ database:FA_MEM redisPort:6379 redisDB:3 ip:192.168.88.181 port:3306 charset:utf8 redisIp:192.168.88.119 redisPassword:""]
SqlString  SELECT RTP,Amount,Bonus  FROM M_RtpSetting  WHERE Sid = 1   AND State = 1   AND LTG_Code = 1 AND Gid = 35
[2020-01-02 12:25:52] 自開彩開獎  {202001020746 6 36 true} 
ConfigData  map[ip:192.168.88.181 poolname:FA_MEM port:3306 user:fa_db redisIp:192.168.88.119 password:1qaz!QAZ database:FA_MEM charset:utf8 redisPort:6379 redisPassword:"" redisDB:3]
SqlString  SELECT RTP,Amount,Bonus  FROM M_RtpSetting  WHERE Sid = 1   AND State = 1   AND LTG_Code = 6 AND Gid = 36
sqlResult   map[result: count:0 state:0]
[2020-01-02 12:25:52] rtpData ------->   map[state:0 result: count:0] 
[GIN] 2020/01/02 - 12:25:52 | 200 |    2.558361ms |  192.168.66.115 | POST     /getResult
sqlResult   map[result: count:0 state:0]
[2020-01-02 12:25:52] rtpData ------->   map[result: count:0 state:0] 
[GIN] 2020/01/02 - 12:25:52 | 200 |    2.860969ms |  192.168.66.115 | POST     /getResult
[2020-01-02 12:25:52] 自開彩開獎  {202001020746 5 38 true} 
ConfigData  map[poolname:FA_MEM user:fa_db password:1qaz!QAZ database:FA_MEM redisIp:192.168.88.119 redisPassword:"" ip:192.168.88.181 port:3306 charset:utf8 redisPort:6379 redisDB:3]
SqlString  SELECT RTP,Amount,Bonus  FROM M_RtpSetting  WHERE Sid = 1   AND State = 1   AND LTG_Code = 5 AND Gid = 38
sqlResult   map[result: count:0 state:0]
[2020-01-02 12:25:52] rtpData ------->   map[count:0 state:0 result:] 
[GIN] 2020/01/02 - 12:25:52 | 200 |    2.646978ms |  192.168.66.115 | POST     /getResult
[2020-01-02 12:25:52] 自開彩開獎  {202001020746 4 40 true} 
[2020-01-02 12:25:52] 自開彩開獎  {202001020249 4 41 true} 
ConfigData  map[redisIp:192.168.88.119 redisPassword:"" password:1qaz!QAZ charset:utf8 port:3306 user:fa_db database:FA_MEM redisPort:6379 redisDB:3 ip:192.168.88.181 poolname:FA_MEM]
SqlString  SELECT RTP,Amount,Bonus  FROM M_RtpSetting  WHERE Sid = 1   AND State = 1   AND LTG_Code = 4 AND Gid = 41
ConfigData  map[ip:192.168.88.181 port:3306 redisPassword:"" redisDB:3 charset:utf8 redisIp:192.168.88.119 redisPort:6379 poolname:FA_MEM user:fa_db password:1qaz!QAZ database:FA_MEM]
SqlString  SELECT RTP,Amount,Bonus  FROM M_RtpSetting  WHERE Sid = 1   AND State = 1   AND LTG_Code = 4 AND Gid = 40
sqlResult   map[result: count:0 state:0]
[2020-01-02 12:25:52] rtpData ------->   map[result: count:0 state:0] 
[GIN] 2020/01/02 - 12:25:52 | 200 |    3.714474ms |  192.168.66.115 | POST     /getResult
sqlResult   map[state:0 result: count:0]
[2020-01-02 12:25:52] rtpData ------->   map[count:0 state:0 result:] 
[GIN] 2020/01/02 - 12:25:52 | 200 |    5.806148ms |  192.168.66.115 | POST     /getResult
[2020-01-02 12:25:54] 自開彩開獎  {202001020150 5 39 true} 
ConfigData  map[poolname:FA_MEM password:1qaz!QAZ database:FA_MEM redisPort:6379 redisIp:192.168.88.119 redisPassword:"" redisDB:3 ip:192.168.88.181 port:3306 user:fa_db charset:utf8]
SqlString  SELECT RTP,Amount,Bonus  FROM M_RtpSetting  WHERE Sid = 1   AND State = 1   AND LTG_Code = 5 AND Gid = 39
sqlResult   map[result: count:0 state:0]
[2020-01-02 12:25:54] rtpData ------->   map[result: count:0 state:0] 
[GIN] 2020/01/02 - 12:25:54 | 200 |    1.779628ms |  192.168.66.115 | POST     /getResult
[2020-01-02 12:25:56] 自開彩開獎  {202001020746 1 34 true} 
ConfigData  map[redisPassword:"" ip:192.168.88.181 port:3306 charset:utf8 redisIp:192.168.88.119 redisPort:6379 redisDB:3 poolname:FA_MEM user:fa_db password:1qaz!QAZ database:FA_MEM]
SqlString  SELECT RTP,Amount,Bonus  FROM M_RtpSetting  WHERE Sid = 1   AND State = 1   AND LTG_Code = 1 AND Gid = 34
sqlResult   map[count:0 state:0 result:]
[2020-01-02 12:25:56] rtpData ------->   map[result: count:0 state:0] 
[GIN] 2020/01/02 - 12:25:56 | 200 |    2.352288ms |  192.168.66.115 | POST     /getResult
[2020-01-02 12:25:58] 自開彩開獎  {202001020746 6 36 true} 
ConfigData  map[user:fa_db charset:utf8 redisIp:192.168.88.119 ip:192.168.88.181 port:3306 password:1qaz!QAZ database:FA_MEM redisPort:6379 redisPassword:"" redisDB:3 poolname:FA_MEM]
SqlString  SELECT RTP,Amount,Bonus  FROM M_RtpSetting  WHERE Sid = 1   AND State = 1   AND LTG_Code = 6 AND Gid = 36
[2020-01-02 12:25:58] 自開彩開獎  {202001020249 1 35 true} 
ConfigData  map[poolname:FA_MEM user:fa_db password:1qaz!QAZ redisPort:6379 redisDB:3 ip:192.168.88.181 port:3306 database:FA_MEM charset:utf8 redisIp:192.168.88.119 redisPassword:""]
SqlString  SELECT RTP,Amount,Bonus  FROM M_RtpSetting  WHERE Sid = 1   AND State = 1   AND LTG_Code = 1 AND Gid = 35
sqlResult   map[result: count:0 state:0]
[2020-01-02 12:25:58] rtpData ------->   map[result: count:0 state:0] 
[GIN] 2020/01/02 - 12:25:58 | 200 |    2.711013ms |  192.168.66.115 | POST     /getResult
sqlResult   map[result: count:0 state:0]
[2020-01-02 12:25:58] rtpData ------->   map[result: count:0 state:0] 
[GIN] 2020/01/02 - 12:25:58 | 200 |    3.028946ms |  192.168.66.115 | POST     /getResult
[2020-01-02 12:25:58] 自開彩開獎  {202001020746 5 38 true} 
ConfigData  map[ip:192.168.88.181 database:FA_MEM redisDB:3 charset:utf8 redisIp:192.168.88.119 redisPort:6379 redisPassword:"" poolname:FA_MEM port:3306 user:fa_db password:1qaz!QAZ]
SqlString  SELECT RTP,Amount,Bonus  FROM M_RtpSetting  WHERE Sid = 1   AND State = 1   AND LTG_Code = 5 AND Gid = 38
[2020-01-02 12:25:58] 自開彩開獎  {202001020746 4 40 true} 
ConfigData  map[ip:192.168.88.181 charset:utf8 redisPassword:"" redisDB:3 poolname:FA_MEM port:3306 user:fa_db password:1qaz!QAZ database:FA_MEM redisIp:192.168.88.119 redisPort:6379]
SqlString  SELECT RTP,Amount,Bonus  FROM M_RtpSetting  WHERE Sid = 1   AND State = 1   AND LTG_Code = 4 AND Gid = 40
[2020-01-02 12:25:58] 自開彩開獎  {202001020249 4 41 true} 
ConfigData  map[port:3306 user:fa_db database:FA_MEM charset:utf8 redisIp:192.168.88.119 redisPort:6379 ip:192.168.88.181 poolname:FA_MEM redisDB:3 password:1qaz!QAZ redisPassword:""]
SqlString  SELECT RTP,Amount,Bonus  FROM M_RtpSetting  WHERE Sid = 1   AND State = 1   AND LTG_Code = 4 AND Gid = 41
sqlResult   map[result: count:0 state:0]
[2020-01-02 12:25:58] rtpData ------->   map[state:0 result: count:0] 
[GIN] 2020/01/02 - 12:25:58 | 200 |    2.283615ms |  192.168.66.115 | POST     /getResult
sqlResult   map[result: count:0 state:0]
[2020-01-02 12:25:58] rtpData ------->   map[result: count:0 state:0] 
sqlResult   map[state:0 result: count:0]
[2020-01-02 12:25:58] rtpData ------->   map[result: count:0 state:0] 
[GIN] 2020/01/02 - 12:25:58 | 200 |    2.265102ms |  192.168.66.115 | POST     /getResult
[GIN] 2020/01/02 - 12:25:58 | 200 |    2.060194ms |  192.168.66.115 | POST     /getResult
[2020-01-02 12:26:00] 自開彩開獎  {202001020150 5 39 true} 
[2020-01-02 12:26:00] 自開彩開獎  {202001020747 2 26 true} 
ConfigData  map[redisPort:6379 redisPassword:"" ip:192.168.88.181 charset:utf8 redisIp:192.168.88.119 password:1qaz!QAZ database:FA_MEM redisDB:3 poolname:FA_MEM port:3306 user:fa_db]
ConfigData  map[redisIp:192.168.88.119 redisDB:3 port:3306 password:1qaz!QAZ database:FA_MEM charset:utf8 redisPort:6379 redisPassword:"" ip:192.168.88.181 poolname:FA_MEM user:fa_db]
SqlString  SELECT RTP,Amount,Bonus  FROM M_RtpSetting  WHERE Sid = 1   AND State = 1   AND LTG_Code = 5 AND Gid = 39
SqlString  SELECT RTP,Amount,Bonus  FROM M_RtpSetting  WHERE Sid = 1   AND State = 1   AND LTG_Code = 2 AND Gid = 26
sqlResult   map[state:0 result: count:0]
[2020-01-02 12:26:00] rtpData ------->   map[result: count:0 state:0] 
[GIN] 2020/01/02 - 12:26:00 | 200 |    2.044307ms |  192.168.66.115 | POST     /getResult
sqlResult   map[result:0.9600 count:1 state:1 amount:1.0069588e+06 bonus:908100.71]
[2020-01-02 12:26:00] rtpData ------->   map[result:0.9600 count:1 state:1 amount:1.0069588e+06 bonus:908100.71] 
ConfigData  map[port:3306 password:1qaz!QAZ redisIp:192.168.88.119 redisPassword:"" redisDB:3 ip:192.168.88.181 user:fa_db database:FA_MEM charset:utf8 redisPort:6379 poolname:FA_MEM]
SELECT BO_No, BO_OrderNo , BO_User , BO_Issue  , BO_LotteryTypeGroup, BO_LotteryType, BO_Mode, BO_LotteryPlayGroup, BO_LotteryPlay , BO_LotteryContent, BO_Price, BO_RealPrice, BO_Unit, BO_Multiple , BO_BetCount  , BO_Winnings, BO_Winnings2, BO_Winnings3, BO_WinningLimit  , BO_Water , BO_BW_SourceUserId, BO_BW_BackWater, BO_BW_LimitBetCount, BO_BW_MaxAmount, BO_BW_AuditMultiple  , BO_Odds, BO_Odds2, BO_Odds3 , BO_Type, BO_Chase , BO_OpenResult, BO_OpenResult2, BO_DateDraw, BO_DateDraw2, BO_DateUpdate  FROM TS_BetOrder  WHERE BO_Cancel = 0   AND BO_CancelBackend = 0   AND BO_LotteryTypeGroup = 2 AND BO_LotteryType = 26 AND BO_Issue = 202001020747 AND BO_Collect = 0 ORDER BY BO_DateDraw ASC, BO_DateCreate ASC, BO_DateUpdate ASC, BO_No ASC ;
[2020-01-02 12:26:00] LottteryTypeGroup 2 
[2020-01-02 12:26:00] 有期號 但無注單 -------> map[amount:0 bonus:0 thisOpenResult:[1 4 4 6 4]] 
[GIN] 2020/01/02 - 12:26:00 | 200 |    4.671158ms |  192.168.66.115 | POST     /getResult
[2020-01-02 12:26:02] 自開彩開獎  {202001020746 1 34 true} 
ConfigData  map[ip:192.168.88.181 poolname:FA_MEM user:fa_db database:FA_MEM charset:utf8 redisDB:3 port:3306 password:1qaz!QAZ redisIp:192.168.88.119 redisPort:6379 redisPassword:""]
SqlString  SELECT RTP,Amount,Bonus  FROM M_RtpSetting  WHERE Sid = 1   AND State = 1   AND LTG_Code = 1 AND Gid = 34
sqlResult   map[state:0 result: count:0]
[2020-01-02 12:26:02] rtpData ------->   map[result: count:0 state:0] 
[GIN] 2020/01/02 - 12:26:02 | 200 |    2.363888ms |  192.168.66.115 | POST     /getResult
[2020-01-02 12:26:04] 自開彩開獎  {202001020249 1 35 true} 
[2020-01-02 12:26:04] 自開彩開獎  {202001020746 6 36 true} 
ConfigData  map[database:FA_MEM charset:utf8 ip:192.168.88.181 poolname:FA_MEM port:3306 user:fa_db password:1qaz!QAZ redisIp:192.168.88.119 redisPort:6379 redisPassword:"" redisDB:3]
SqlString  SELECT RTP,Amount,Bonus  FROM M_RtpSetting  WHERE Sid = 1   AND State = 1   AND LTG_Code = 1 AND Gid = 35
ConfigData  map[port:3306 password:1qaz!QAZ redisPort:6379 redisDB:3 charset:utf8 redisIp:192.168.88.119 redisPassword:"" ip:192.168.88.181 poolname:FA_MEM user:fa_db database:FA_MEM]
SqlString  SELECT RTP,Amount,Bonus  FROM M_RtpSetting  WHERE Sid = 1   AND State = 1   AND LTG_Code = 6 AND Gid = 36
sqlResult   map[result: count:0 state:0]
[2020-01-02 12:26:04] rtpData ------->   map[result: count:0 state:0] 
[GIN] 2020/01/02 - 12:26:04 | 200 |    2.332112ms |  192.168.66.115 | POST     /getResult
sqlResult   map[state:0 result: count:0]
[2020-01-02 12:26:04] rtpData ------->   map[result: count:0 state:0] 
[GIN] 2020/01/02 - 12:26:04 | 200 |    2.511276ms |  192.168.66.115 | POST     /getResult
[2020-01-02 12:26:04] 自開彩開獎  {202001020746 5 38 true} 
ConfigData  map[password:1qaz!QAZ charset:utf8 redisPort:6379 port:3306 poolname:FA_MEM user:fa_db database:FA_MEM redisIp:192.168.88.119 redisPassword:"" redisDB:3 ip:192.168.88.181]
SqlString  SELECT RTP,Amount,Bonus  FROM M_RtpSetting  WHERE Sid = 1   AND State = 1   AND LTG_Code = 5 AND Gid = 38
sqlResult   map[result: count:0 state:0]
[2020-01-02 12:26:04] rtpData ------->   map[result: count:0 state:0] 
[GIN] 2020/01/02 - 12:26:04 | 200 |    2.409457ms |  192.168.66.115 | POST     /getResult
[2020-01-02 12:26:04] 自開彩開獎  {202001020746 4 40 true} 
ConfigData  map[poolname:FA_MEM user:fa_db redisPort:6379 redisPassword:"" redisDB:3 ip:192.168.88.181 port:3306 password:1qaz!QAZ database:FA_MEM charset:utf8 redisIp:192.168.88.119]
SqlString  SELECT RTP,Amount,Bonus  FROM M_RtpSetting  WHERE Sid = 1   AND State = 1   AND LTG_Code = 4 AND Gid = 40
[2020-01-02 12:26:04] 自開彩開獎  {202001020249 4 41 true} 
ConfigData  map[charset:utf8 redisPort:6379 redisDB:3 ip:192.168.88.181 poolname:FA_MEM database:FA_MEM redisIp:192.168.88.119 redisPassword:"" port:3306 user:fa_db password:1qaz!QAZ]
SqlString  SELECT RTP,Amount,Bonus  FROM M_RtpSetting  WHERE Sid = 1   AND State = 1   AND LTG_Code = 4 AND Gid = 41
sqlResult   map[result: count:0 state:0]
[2020-01-02 12:26:04] rtpData ------->   map[state:0 result: count:0] 
[GIN] 2020/01/02 - 12:26:04 | 200 |    2.077547ms |  192.168.66.115 | POST     /getResult
sqlResult   map[result: count:0 state:0]
[2020-01-02 12:26:04] rtpData ------->   map[result: count:0 state:0] 
[GIN] 2020/01/02 - 12:26:04 | 200 |    2.265502ms |  192.168.66.115 | POST     /getResult
[2020-01-02 12:26:08] 自開彩開獎  {202001020747 1 34 true} 
ConfigData  map[port:3306 database:FA_MEM charset:utf8 redisPort:6379 redisPassword:"" ip:192.168.88.181 poolname:FA_MEM user:fa_db password:1qaz!QAZ redisIp:192.168.88.119 redisDB:3]
SqlString  SELECT RTP,Amount,Bonus  FROM M_RtpSetting  WHERE Sid = 1   AND State = 1   AND LTG_Code = 1 AND Gid = 34
sqlResult   map[count:0 state:0 result:]
[2020-01-02 12:26:08] rtpData ------->   map[result: count:0 state:0] 
[GIN] 2020/01/02 - 12:26:08 | 200 |    2.406233ms |  192.168.66.115 | POST     /getResult
[2020-01-02 12:26:10] 自開彩開獎  {202001020747 6 36 true} 
ConfigData  map[poolname:FA_MEM user:fa_db password:1qaz!QAZ redisIp:192.168.88.119 redisPassword:"" ip:192.168.88.181 database:FA_MEM charset:utf8 redisPort:6379 redisDB:3 port:3306]
SqlString  SELECT RTP,Amount,Bonus  FROM M_RtpSetting  WHERE Sid = 1   AND State = 1   AND LTG_Code = 6 AND Gid = 36
[2020-01-02 12:26:10] 自開彩開獎  {202001020249 1 35 true} 
ConfigData  map[password:1qaz!QAZ charset:utf8 redisPassword:"" ip:192.168.88.181 poolname:FA_MEM user:fa_db redisPort:6379 redisDB:3 port:3306 database:FA_MEM redisIp:192.168.88.119]
SqlString  SELECT RTP,Amount,Bonus  FROM M_RtpSetting  WHERE Sid = 1   AND State = 1   AND LTG_Code = 1 AND Gid = 35
sqlResult   map[result: count:0 state:0]
[2020-01-02 12:26:10] rtpData ------->   map[result: count:0 state:0] 
[GIN] 2020/01/02 - 12:26:10 | 200 |    2.964926ms |  192.168.66.115 | POST     /getResult
sqlResult   map[result: count:0 state:0]
[2020-01-02 12:26:10] rtpData ------->   map[result: count:0 state:0] 
[GIN] 2020/01/02 - 12:26:10 | 200 |     3.16335ms |  192.168.66.115 | POST     /getResult
[2020-01-02 12:26:10] 自開彩開獎  {202001020747 5 38 true} 
ConfigData  map[poolname:FA_MEM port:3306 redisPassword:"" redisDB:3 ip:192.168.88.181 password:1qaz!QAZ database:FA_MEM charset:utf8 redisIp:192.168.88.119 redisPort:6379 user:fa_db]
SqlString  SELECT RTP,Amount,Bonus  FROM M_RtpSetting  WHERE Sid = 1   AND State = 1   AND LTG_Code = 5 AND Gid = 38
[2020-01-02 12:26:10] 自開彩開獎  {202001020747 4 40 true} 
ConfigData  map[redisPassword:"" redisDB:3 port:3306 password:1qaz!QAZ database:FA_MEM charset:utf8 redisIp:192.168.88.119 redisPort:6379 ip:192.168.88.181 poolname:FA_MEM user:fa_db]
SqlString  SELECT RTP,Amount,Bonus  FROM M_RtpSetting  WHERE Sid = 1   AND State = 1   AND LTG_Code = 4 AND Gid = 40
[2020-01-02 12:26:10] 自開彩開獎  {202001020249 4 41 true} 
ConfigData  map[port:3306 user:fa_db database:FA_MEM charset:utf8 redisIp:192.168.88.119 redisPort:6379 ip:192.168.88.181 poolname:FA_MEM redisDB:3 password:1qaz!QAZ redisPassword:""]
SqlString  SELECT RTP,Amount,Bonus  FROM M_RtpSetting  WHERE Sid = 1   AND State = 1   AND LTG_Code = 4 AND Gid = 41
sqlResult   map[result: count:0 state:0]
[2020-01-02 12:26:10] rtpData ------->   map[result: count:0 state:0] 
sqlResult   map[result: count:0 state:0]
[GIN] 2020/01/02 - 12:26:10 | 200 |    2.924325ms |  192.168.66.115 | POST     /getResult
[2020-01-02 12:26:10] rtpData ------->   map[result: count:0 state:0] 
[GIN] 2020/01/02 - 12:26:10 | 200 |    3.134852ms |  192.168.66.115 | POST     /getResult
sqlResult   map[result: count:0 state:0]
[2020-01-02 12:26:10] rtpData ------->   map[state:0 result: count:0] 
[GIN] 2020/01/02 - 12:26:10 | 200 |     3.12595ms |  192.168.66.115 | POST     /getResult
[2020-01-02 12:26:14] 自開彩開獎  {202001020747 1 34 true} 
ConfigData  map[port:3306 password:1qaz!QAZ redisIp:192.168.88.119 redisPort:6379 redisPassword:"" redisDB:3 ip:192.168.88.181 poolname:FA_MEM user:fa_db database:FA_MEM charset:utf8]
SqlString  SELECT RTP,Amount,Bonus  FROM M_RtpSetting  WHERE Sid = 1   AND State = 1   AND LTG_Code = 1 AND Gid = 34
sqlResult   map[result: count:0 state:0]
[2020-01-02 12:26:14] rtpData ------->   map[result: count:0 state:0] 
[GIN] 2020/01/02 - 12:26:14 | 200 |    2.461743ms |  192.168.66.115 | POST     /getResult
[2020-01-02 12:26:16] 自開彩開獎  {202001020747 6 36 true} 
ConfigData  map[password:1qaz!QAZ charset:utf8 redisPort:6379 redisPassword:"" redisDB:3 port:3306 user:fa_db database:FA_MEM redisIp:192.168.88.119 ip:192.168.88.181 poolname:FA_MEM]
SqlString  SELECT RTP,Amount,Bonus  FROM M_RtpSetting  WHERE Sid = 1   AND State = 1   AND LTG_Code = 6 AND Gid = 36
[2020-01-02 12:26:16] 自開彩開獎  {202001020249 1 35 true} 
ConfigData  map[redisIp:192.168.88.119 redisPort:6379 redisPassword:"" redisDB:3 password:1qaz!QAZ database:FA_MEM charset:utf8 user:fa_db ip:192.168.88.181 poolname:FA_MEM port:3306]
SqlString  SELECT RTP,Amount,Bonus  FROM M_RtpSetting  WHERE Sid = 1   AND State = 1   AND LTG_Code = 1 AND Gid = 35
sqlResult   map[result: count:0 state:0]
[2020-01-02 12:26:16] rtpData ------->   map[result: count:0 state:0] 
[GIN] 2020/01/02 - 12:26:16 | 200 |    2.791408ms |  192.168.66.115 | POST     /getResult
sqlResult   map[result: count:0 state:0]
[2020-01-02 12:26:16] rtpData ------->   map[state:0 result: count:0] 
[GIN] 2020/01/02 - 12:26:16 | 200 |    2.821551ms |  192.168.66.115 | POST     /getResult
[2020-01-02 12:26:16] 自開彩開獎  {202001020747 5 38 true} 
ConfigData  map[redisIp:192.168.88.119 redisPassword:"" ip:192.168.88.181 user:fa_db password:1qaz!QAZ charset:utf8 redisDB:3 poolname:FA_MEM port:3306 database:FA_MEM redisPort:6379]
SqlString  SELECT RTP,Amount,Bonus  FROM M_RtpSetting  WHERE Sid = 1   AND State = 1   AND LTG_Code = 5 AND Gid = 38
[2020-01-02 12:26:16] 自開彩開獎  {202001020747 4 40 true} 
ConfigData  map[poolname:FA_MEM database:FA_MEM charset:utf8 redisPort:6379 redisPassword:"" redisDB:3 ip:192.168.88.181 port:3306 user:fa_db password:1qaz!QAZ redisIp:192.168.88.119]
SqlString  SELECT RTP,Amount,Bonus  FROM M_RtpSetting  WHERE Sid = 1   AND State = 1   AND LTG_Code = 4 AND Gid = 40
[2020-01-02 12:26:16] 自開彩開獎  {202001020249 4 41 true} 
ConfigData  map[port:3306 password:1qaz!QAZ ip:192.168.88.181 poolname:FA_MEM charset:utf8 redisIp:192.168.88.119 redisPort:6379 redisPassword:"" redisDB:3 user:fa_db database:FA_MEM]
SqlString  SELECT RTP,Amount,Bonus  FROM M_RtpSetting  WHERE Sid = 1   AND State = 1   AND LTG_Code = 4 AND Gid = 41
sqlResult   map[result: count:0 state:0]
[2020-01-02 12:26:16] rtpData ------->   map[result: count:0 state:0] 
[GIN] 2020/01/02 - 12:26:16 | 200 |    2.726344ms |  192.168.66.115 | POST     /getResult
sqlResult   map[result: count:0 state:0]
[2020-01-02 12:26:16] rtpData ------->   map[result: count:0 state:0] 
[GIN] 2020/01/02 - 12:26:16 | 200 |    2.073495ms |  192.168.66.115 | POST     /getResult
sqlResult   map[result: count:0 state:0]
[2020-01-02 12:26:16] rtpData ------->   map[result: count:0 state:0] 
[GIN] 2020/01/02 - 12:26:16 | 200 |    6.913689ms |  192.168.66.115 | POST     /getResult
[2020-01-02 12:26:20] 自開彩開獎  {202001020747 1 34 true} 
ConfigData  map[database:FA_MEM redisIp:192.168.88.119 redisDB:3 redisPassword:"" ip:192.168.88.181 poolname:FA_MEM port:3306 user:fa_db password:1qaz!QAZ charset:utf8 redisPort:6379]
SqlString  SELECT RTP,Amount,Bonus  FROM M_RtpSetting  WHERE Sid = 1   AND State = 1   AND LTG_Code = 1 AND Gid = 34
sqlResult   map[result: count:0 state:0]
[2020-01-02 12:26:20] rtpData ------->   map[result: count:0 state:0] 
[GIN] 2020/01/02 - 12:26:20 | 200 |    6.052216ms |  192.168.66.115 | POST     /getResult
[2020-01-02 12:26:22] 自開彩開獎  {202001020249 1 35 true} 
[2020-01-02 12:26:22] 自開彩開獎  {202001020747 6 36 true} 
ConfigData  map[ip:192.168.88.181 port:3306 password:1qaz!QAZ charset:utf8 redisPort:6379 redisDB:3 poolname:FA_MEM user:fa_db database:FA_MEM redisIp:192.168.88.119 redisPassword:""]
SqlString  SELECT RTP,Amount,Bonus  FROM M_RtpSetting  WHERE Sid = 1   AND State = 1   AND LTG_Code = 1 AND Gid = 35
ConfigData  map[ip:192.168.88.181 charset:utf8 redisPassword:"" redisDB:3 poolname:FA_MEM port:3306 user:fa_db password:1qaz!QAZ database:FA_MEM redisIp:192.168.88.119 redisPort:6379]
SqlString  SELECT RTP,Amount,Bonus  FROM M_RtpSetting  WHERE Sid = 1   AND State = 1   AND LTG_Code = 6 AND Gid = 36
sqlResult   map[result: count:0 state:0]
sqlResult   map[result: count:0 state:0]
[2020-01-02 12:26:22] rtpData ------->   map[result: count:0 state:0] 
[2020-01-02 12:26:22] rtpData ------->   map[result: count:0 state:0] 
[GIN] 2020/01/02 - 12:26:22 | 200 |    2.378478ms |  192.168.66.115 | POST     /getResult
[GIN] 2020/01/02 - 12:26:22 | 200 |    2.545379ms |  192.168.66.115 | POST     /getResult
[2020-01-02 12:26:22] 自開彩開獎  {202001020747 5 38 true} 
[2020-01-02 12:26:22] 自開彩開獎  {202001020249 4 41 true} 
ConfigData  map[redisPort:6379 port:3306 database:FA_MEM charset:utf8 password:1qaz!QAZ redisIp:192.168.88.119 redisPassword:"" redisDB:3 ip:192.168.88.181 poolname:FA_MEM user:fa_db]
SqlString  SELECT RTP,Amount,Bonus  FROM M_RtpSetting  WHERE Sid = 1   AND State = 1   AND LTG_Code = 5 AND Gid = 38
[2020-01-02 12:26:22] 自開彩開獎  {202001020747 4 40 true} 
ConfigData  map[redisDB:3 ip:192.168.88.181 poolname:FA_MEM port:3306 password:1qaz!QAZ database:FA_MEM redisPort:6379 user:fa_db charset:utf8 redisIp:192.168.88.119 redisPassword:""]
SqlString  SELECT RTP,Amount,Bonus  FROM M_RtpSetting  WHERE Sid = 1   AND State = 1   AND LTG_Code = 4 AND Gid = 40
ConfigData  map[redisIp:192.168.88.119 redisPort:6379 user:fa_db charset:utf8 port:3306 password:1qaz!QAZ database:FA_MEM redisPassword:"" redisDB:3 ip:192.168.88.181 poolname:FA_MEM]
SqlString  SELECT RTP,Amount,Bonus  FROM M_RtpSetting  WHERE Sid = 1   AND State = 1   AND LTG_Code = 4 AND Gid = 41
sqlResult   map[result: count:0 state:0]
[2020-01-02 12:26:22] rtpData ------->   map[result: count:0 state:0] 
[GIN] 2020/01/02 - 12:26:22 | 200 |    3.034411ms |  192.168.66.115 | POST     /getResult
sqlResult   map[state:0 result: count:0]
[2020-01-02 12:26:22] rtpData ------->   map[result: count:0 state:0] 
[GIN] 2020/01/02 - 12:26:22 | 200 |    3.205393ms |  192.168.66.115 | POST     /getResult
sqlResult   map[result: count:0 state:0]
[2020-01-02 12:26:22] rtpData ------->   map[count:0 state:0 result:] 
[GIN] 2020/01/02 - 12:26:22 | 200 |    7.092561ms |  192.168.66.115 | POST     /getResult
[2020-01-02 12:26:26] 自開彩開獎  {202001020747 1 34 true} 
ConfigData  map[user:fa_db redisDB:3 redisIp:192.168.88.119 redisPort:6379 ip:192.168.88.181 poolname:FA_MEM port:3306 password:1qaz!QAZ database:FA_MEM charset:utf8 redisPassword:""]
SqlString  SELECT RTP,Amount,Bonus  FROM M_RtpSetting  WHERE Sid = 1   AND State = 1   AND LTG_Code = 1 AND Gid = 34
sqlResult   map[result: count:0 state:0]
[2020-01-02 12:26:26] rtpData ------->   map[result: count:0 state:0] 
[GIN] 2020/01/02 - 12:26:26 | 200 |    3.200842ms |  192.168.66.115 | POST     /getResult
[2020-01-02 12:26:28] 自開彩開獎  {202001020747 6 36 true} 
ConfigData  map[redisDB:3 poolname:FA_MEM port:3306 database:FA_MEM charset:utf8 redisIp:192.168.88.119 redisPort:6379 redisPassword:"" ip:192.168.88.181 user:fa_db password:1qaz!QAZ]
SqlString  SELECT RTP,Amount,Bonus  FROM M_RtpSetting  WHERE Sid = 1   AND State = 1   AND LTG_Code = 6 AND Gid = 36
[2020-01-02 12:26:28] 自開彩開獎  {202001020249 1 35 true} 
ConfigData  map[ip:192.168.88.181 port:3306 user:fa_db charset:utf8 redisIp:192.168.88.119 redisDB:3 poolname:FA_MEM password:1qaz!QAZ database:FA_MEM redisPort:6379 redisPassword:""]
SqlString  SELECT RTP,Amount,Bonus  FROM M_RtpSetting  WHERE Sid = 1   AND State = 1   AND LTG_Code = 1 AND Gid = 35
sqlResult   map[state:0 result: count:0]
[2020-01-02 12:26:28] rtpData ------->   map[result: count:0 state:0] 
[GIN] 2020/01/02 - 12:26:28 | 200 |    2.731067ms |  192.168.66.115 | POST     /getResult
sqlResult   map[result: count:0 state:0]
[2020-01-02 12:26:28] rtpData ------->   map[count:0 state:0 result:] 
[GIN] 2020/01/02 - 12:26:28 | 200 |    2.561502ms |  192.168.66.115 | POST     /getResult
[2020-01-02 12:26:28] 自開彩開獎  {202001020747 5 38 true} 
ConfigData  map[port:3306 password:1qaz!QAZ charset:utf8 redisPort:6379 redisPassword:"" redisDB:3 ip:192.168.88.181 poolname:FA_MEM user:fa_db database:FA_MEM redisIp:192.168.88.119]
SqlString  SELECT RTP,Amount,Bonus  FROM M_RtpSetting  WHERE Sid = 1   AND State = 1   AND LTG_Code = 5 AND Gid = 38
[2020-01-02 12:26:28] 自開彩開獎  {202001020747 4 40 true} 
ConfigData  map[ip:192.168.88.181 poolname:FA_MEM user:fa_db charset:utf8 redisPort:6379 port:3306 password:1qaz!QAZ database:FA_MEM redisIp:192.168.88.119 redisPassword:"" redisDB:3]
SqlString  SELECT RTP,Amount,Bonus  FROM M_RtpSetting  WHERE Sid = 1   AND State = 1   AND LTG_Code = 4 AND Gid = 40
[2020-01-02 12:26:28] 自開彩開獎  {202001020249 4 41 true} 
ConfigData  map[password:1qaz!QAZ database:FA_MEM redisIp:192.168.88.119 redisPort:6379 poolname:FA_MEM port:3306 charset:utf8 redisPassword:"" redisDB:3 ip:192.168.88.181 user:fa_db]
SqlString  SELECT RTP,Amount,Bonus  FROM M_RtpSetting  WHERE Sid = 1   AND State = 1   AND LTG_Code = 4 AND Gid = 41
sqlResult   map[result: count:0 state:0]
[2020-01-02 12:26:28] rtpData ------->   map[state:0 result: count:0] 
[GIN] 2020/01/02 - 12:26:28 | 200 |    3.152459ms |  192.168.66.115 | POST     /getResult
sqlResult   map[count:0 state:0 result:]
[2020-01-02 12:26:28] rtpData ------->   map[state:0 result: count:0] 
[GIN] 2020/01/02 - 12:26:28 | 200 |    2.361181ms |  192.168.66.115 | POST     /getResult
sqlResult   map[result: count:0 state:0]
[2020-01-02 12:26:28] rtpData ------->   map[result: count:0 state:0] 
[GIN] 2020/01/02 - 12:26:28 | 200 |    2.775172ms |  192.168.66.115 | POST     /getResult
[2020-01-02 12:26:32] 自開彩開獎  {202001020747 1 34 true} 
ConfigData  map[redisDB:3 poolname:FA_MEM port:3306 password:1qaz!QAZ charset:utf8 redisPort:6379 redisPassword:"" ip:192.168.88.181 user:fa_db database:FA_MEM redisIp:192.168.88.119]
SqlString  SELECT RTP,Amount,Bonus  FROM M_RtpSetting  WHERE Sid = 1   AND State = 1   AND LTG_Code = 1 AND Gid = 34
sqlResult   map[result: count:0 state:0]
[2020-01-02 12:26:32] rtpData ------->   map[result: count:0 state:0] 
[GIN] 2020/01/02 - 12:26:32 | 200 |    2.173285ms |  192.168.66.115 | POST     /getResult
[2020-01-02 12:26:34] 自開彩開獎  {202001020249 1 35 true} 
ConfigData  map[ip:192.168.88.181 poolname:FA_MEM password:1qaz!QAZ redisIp:192.168.88.119 redisDB:3 port:3306 user:fa_db database:FA_MEM charset:utf8 redisPort:6379 redisPassword:""]
SqlString  SELECT RTP,Amount,Bonus  FROM M_RtpSetting  WHERE Sid = 1   AND State = 1   AND LTG_Code = 1 AND Gid = 35
[2020-01-02 12:26:34] 自開彩開獎  {202001020747 6 36 true} 
ConfigData  map[poolname:FA_MEM database:FA_MEM redisIp:192.168.88.119 redisPort:6379 redisDB:3 ip:192.168.88.181 port:3306 user:fa_db password:1qaz!QAZ charset:utf8 redisPassword:""]
SqlString  SELECT RTP,Amount,Bonus  FROM M_RtpSetting  WHERE Sid = 1   AND State = 1   AND LTG_Code = 6 AND Gid = 36
sqlResult   map[result: count:0 state:0]
[2020-01-02 12:26:34] rtpData ------->   map[state:0 result: count:0] 
[GIN] 2020/01/02 - 12:26:34 | 200 |    2.128399ms |  192.168.66.115 | POST     /getResult
sqlResult   map[result: count:0 state:0]
[2020-01-02 12:26:34] rtpData ------->   map[state:0 result: count:0] 
[GIN] 2020/01/02 - 12:26:34 | 200 |    2.639102ms |  192.168.66.115 | POST     /getResult
[2020-01-02 12:26:34] 自開彩開獎  {202001020747 5 38 true} 
[2020-01-02 12:26:34] 自開彩開獎  {202001020249 4 41 true} 
ConfigData  map[poolname:FA_MEM port:3306 user:fa_db password:1qaz!QAZ database:FA_MEM redisIp:192.168.88.119 ip:192.168.88.181 charset:utf8 redisPort:6379 redisPassword:"" redisDB:3]
SqlString  SELECT RTP,Amount,Bonus  FROM M_RtpSetting  WHERE Sid = 1   AND State = 1   AND LTG_Code = 5 AND Gid = 38
ConfigData  map[ip:192.168.88.181 poolname:FA_MEM port:3306 password:1qaz!QAZ charset:utf8 redisPort:6379 redisDB:3 user:fa_db database:FA_MEM redisIp:192.168.88.119 redisPassword:""]
SqlString  SELECT RTP,Amount,Bonus  FROM M_RtpSetting  WHERE Sid = 1   AND State = 1   AND LTG_Code = 4 AND Gid = 41
[2020-01-02 12:26:34] 自開彩開獎  {202001020747 4 40 true} 
ConfigData  map[password:1qaz!QAZ redisPort:6379 ip:192.168.88.181 port:3306 user:fa_db database:FA_MEM charset:utf8 redisIp:192.168.88.119 redisPassword:"" redisDB:3 poolname:FA_MEM]
SqlString  SELECT RTP,Amount,Bonus  FROM M_RtpSetting  WHERE Sid = 1   AND State = 1   AND LTG_Code = 4 AND Gid = 40
sqlResult   map[state:0 result: count:0]
[2020-01-02 12:26:34] rtpData ------->   map[state:0 result: count:0] 
[GIN] 2020/01/02 - 12:26:34 | 200 |    2.788884ms |  192.168.66.115 | POST     /getResult
sqlResult   map[result: count:0 state:0]
[2020-01-02 12:26:34] rtpData ------->   map[result: count:0 state:0] 
[GIN] 2020/01/02 - 12:26:34 | 200 |    3.083832ms |  192.168.66.115 | POST     /getResult
sqlResult   map[count:0 state:0 result:]
[2020-01-02 12:26:34] rtpData ------->   map[result: count:0 state:0] 
[GIN] 2020/01/02 - 12:26:34 | 200 |    4.874993ms |  192.168.66.115 | POST     /getResult
[2020-01-02 12:26:38] 自開彩開獎  {202001020747 1 34 true} 
ConfigData  map[poolname:FA_MEM charset:utf8 redisPort:6379 redisPassword:"" ip:192.168.88.181 port:3306 user:fa_db password:1qaz!QAZ database:FA_MEM redisIp:192.168.88.119 redisDB:3]
SqlString  SELECT RTP,Amount,Bonus  FROM M_RtpSetting  WHERE Sid = 1   AND State = 1   AND LTG_Code = 1 AND Gid = 34
sqlResult   map[result: count:0 state:0]
[2020-01-02 12:26:38] rtpData ------->   map[result: count:0 state:0] 
[GIN] 2020/01/02 - 12:26:38 | 200 |     2.15519ms |  192.168.66.115 | POST     /getResult
[2020-01-02 12:26:40] 自開彩開獎  {202001020249 1 35 true} 
ConfigData  map[ip:192.168.88.181 poolname:FA_MEM charset:utf8 redisIp:192.168.88.119 port:3306 user:fa_db password:1qaz!QAZ database:FA_MEM redisPort:6379 redisPassword:"" redisDB:3]
SqlString  SELECT RTP,Amount,Bonus  FROM M_RtpSetting  WHERE Sid = 1   AND State = 1   AND LTG_Code = 1 AND Gid = 35
[2020-01-02 12:26:40] 自開彩開獎  {202001020747 6 36 true} 
ConfigData  map[redisPort:6379 redisPassword:"" poolname:FA_MEM password:1qaz!QAZ redisIp:192.168.88.119 database:FA_MEM charset:utf8 redisDB:3 ip:192.168.88.181 port:3306 user:fa_db]
SqlString  SELECT RTP,Amount,Bonus  FROM M_RtpSetting  WHERE Sid = 1   AND State = 1   AND LTG_Code = 6 AND Gid = 36
sqlResult   map[result: count:0 state:0]
[2020-01-02 12:26:40] rtpData ------->   map[state:0 result: count:0] 
[GIN] 2020/01/02 - 12:26:40 | 200 |    2.289823ms |  192.168.66.115 | POST     /getResult
sqlResult   map[count:0 state:0 result:]
[2020-01-02 12:26:40] rtpData ------->   map[result: count:0 state:0] 
[GIN] 2020/01/02 - 12:26:40 | 200 |    2.204381ms |  192.168.66.115 | POST     /getResult
[2020-01-02 12:26:40] 自開彩開獎  {202001020747 5 38 true} 
ConfigData  map[redisPort:6379 redisDB:3 port:3306 password:1qaz!QAZ database:FA_MEM charset:utf8 redisPassword:"" ip:192.168.88.181 poolname:FA_MEM user:fa_db redisIp:192.168.88.119]
SqlString  SELECT RTP,Amount,Bonus  FROM M_RtpSetting  WHERE Sid = 1   AND State = 1   AND LTG_Code = 5 AND Gid = 38
[2020-01-02 12:26:40] 自開彩開獎  {202001020249 4 41 true} 
ConfigData  map[ip:192.168.88.181 port:3306 database:FA_MEM charset:utf8 redisPassword:"" redisDB:3 poolname:FA_MEM user:fa_db password:1qaz!QAZ redisIp:192.168.88.119 redisPort:6379]
SqlString  SELECT RTP,Amount,Bonus  FROM M_RtpSetting  WHERE Sid = 1   AND State = 1   AND LTG_Code = 4 AND Gid = 41
[2020-01-02 12:26:40] 自開彩開獎  {202001020747 4 40 true} 
ConfigData  map[user:fa_db redisPort:6379 charset:utf8 redisIp:192.168.88.119 redisPassword:"" ip:192.168.88.181 poolname:FA_MEM port:3306 password:1qaz!QAZ database:FA_MEM redisDB:3]
SqlString  SELECT RTP,Amount,Bonus  FROM M_RtpSetting  WHERE Sid = 1   AND State = 1   AND LTG_Code = 4 AND Gid = 40
sqlResult   map[result: count:0 state:0]
[2020-01-02 12:26:40] rtpData ------->   map[result: count:0 state:0] 
[GIN] 2020/01/02 - 12:26:40 | 200 |    2.193495ms |  192.168.66.115 | POST     /getResult
sqlResult   map[result: count:0 state:0]
[2020-01-02 12:26:40] rtpData ------->   map[result: count:0 state:0] 
[GIN] 2020/01/02 - 12:26:40 | 200 |    2.078118ms |  192.168.66.115 | POST     /getResult
sqlResult   map[result: count:0 state:0]
[2020-01-02 12:26:40] rtpData ------->   map[result: count:0 state:0] 
[GIN] 2020/01/02 - 12:26:40 | 200 |    2.264319ms |  192.168.66.115 | POST     /getResult
[2020-01-02 12:26:44] 自開彩開獎  {202001020747 1 34 true} 
ConfigData  map[password:1qaz!QAZ charset:utf8 redisPort:6379 redisPassword:"" poolname:FA_MEM port:3306 database:FA_MEM redisIp:192.168.88.119 redisDB:3 ip:192.168.88.181 user:fa_db]
SqlString  SELECT RTP,Amount,Bonus  FROM M_RtpSetting  WHERE Sid = 1   AND State = 1   AND LTG_Code = 1 AND Gid = 34
sqlResult   map[state:0 result: count:0]
[2020-01-02 12:26:44] rtpData ------->   map[result: count:0 state:0] 
[GIN] 2020/01/02 - 12:26:44 | 200 |     2.81933ms |  192.168.66.115 | POST     /getResult
[2020-01-02 12:26:46] 自開彩開獎  {202001020249 1 35 true} 
ConfigData  map[poolname:FA_MEM charset:utf8 redisPort:6379 redisPassword:"" redisIp:192.168.88.119 redisDB:3 ip:192.168.88.181 port:3306 user:fa_db password:1qaz!QAZ database:FA_MEM]
SqlString  SELECT RTP,Amount,Bonus  FROM M_RtpSetting  WHERE Sid = 1   AND State = 1   AND LTG_Code = 1 AND Gid = 35
[2020-01-02 12:26:46] 自開彩開獎  {202001020747 6 36 true} 
ConfigData  map[redisIp:192.168.88.119 ip:192.168.88.181 poolname:FA_MEM port:3306 user:fa_db charset:utf8 password:1qaz!QAZ database:FA_MEM redisPort:6379 redisPassword:"" redisDB:3]
SqlString  SELECT RTP,Amount,Bonus  FROM M_RtpSetting  WHERE Sid = 1   AND State = 1   AND LTG_Code = 6 AND Gid = 36
sqlResult   map[state:0 result: count:0]
[2020-01-02 12:26:46] rtpData ------->   map[state:0 result: count:0] 
[GIN] 2020/01/02 - 12:26:46 | 200 |    2.913296ms |  192.168.66.115 | POST     /getResult
sqlResult   map[result: count:0 state:0]
[2020-01-02 12:26:46] rtpData ------->   map[result: count:0 state:0] 
[GIN] 2020/01/02 - 12:26:46 | 200 |     3.30479ms |  192.168.66.115 | POST     /getResult
[2020-01-02 12:26:46] 自開彩開獎  {202001020747 5 38 true} 
ConfigData  map[user:fa_db password:1qaz!QAZ database:FA_MEM charset:utf8 redisIp:192.168.88.119 redisPort:6379 ip:192.168.88.181 poolname:FA_MEM port:3306 redisPassword:"" redisDB:3]
SqlString  SELECT RTP,Amount,Bonus  FROM M_RtpSetting  WHERE Sid = 1   AND State = 1   AND LTG_Code = 5 AND Gid = 38
[2020-01-02 12:26:46] 自開彩開獎  {202001020249 4 41 true} 
ConfigData  map[redisIp:192.168.88.119 redisPort:6379 ip:192.168.88.181 poolname:FA_MEM user:fa_db charset:utf8 redisPassword:"" redisDB:3 port:3306 password:1qaz!QAZ database:FA_MEM]
SqlString  SELECT RTP,Amount,Bonus  FROM M_RtpSetting  WHERE Sid = 1   AND State = 1   AND LTG_Code = 4 AND Gid = 41
[2020-01-02 12:26:46] 自開彩開獎  {202001020747 4 40 true} 
ConfigData  map[poolname:FA_MEM password:1qaz!QAZ charset:utf8 redisIp:192.168.88.119 redisPassword:"" ip:192.168.88.181 port:3306 user:fa_db database:FA_MEM redisPort:6379 redisDB:3]
SqlString  SELECT RTP,Amount,Bonus  FROM M_RtpSetting  WHERE Sid = 1   AND State = 1   AND LTG_Code = 4 AND Gid = 40
sqlResult   map[count:0 state:0 result:]
[2020-01-02 12:26:46] rtpData ------->   map[count:0 state:0 result:] 
[GIN] 2020/01/02 - 12:26:46 | 200 |    2.970174ms |  192.168.66.115 | POST     /getResult
sqlResult   map[result: count:0 state:0]
[2020-01-02 12:26:46] rtpData ------->   map[result: count:0 state:0] 
[GIN] 2020/01/02 - 12:26:46 | 200 |    3.084581ms |  192.168.66.115 | POST     /getResult
sqlResult   map[state:0 result: count:0]
[2020-01-02 12:26:46] rtpData ------->   map[result: count:0 state:0] 
[GIN] 2020/01/02 - 12:26:46 | 200 |     3.68754ms |  192.168.66.115 | POST     /getResult
[2020-01-02 12:26:50] 自開彩開獎  {202001020747 1 34 true} 
ConfigData  map[database:FA_MEM redisPort:6379 redisPassword:"" poolname:FA_MEM port:3306 password:1qaz!QAZ redisIp:192.168.88.119 redisDB:3 ip:192.168.88.181 user:fa_db charset:utf8]
SqlString  SELECT RTP,Amount,Bonus  FROM M_RtpSetting  WHERE Sid = 1   AND State = 1   AND LTG_Code = 1 AND Gid = 34
sqlResult   map[result: count:0 state:0]
[2020-01-02 12:26:50] rtpData ------->   map[state:0 result: count:0] 
[GIN] 2020/01/02 - 12:26:50 | 200 |    2.503072ms |  192.168.66.115 | POST     /getResult
[2020-01-02 12:26:52] 自開彩開獎  {202001020249 1 35 true} 
ConfigData  map[redisPassword:"" password:1qaz!QAZ database:FA_MEM charset:utf8 redisIp:192.168.88.119 redisPort:6379 redisDB:3 ip:192.168.88.181 poolname:FA_MEM port:3306 user:fa_db]
SqlString  SELECT RTP,Amount,Bonus  FROM M_RtpSetting  WHERE Sid = 1   AND State = 1   AND LTG_Code = 1 AND Gid = 35
[2020-01-02 12:26:52] 自開彩開獎  {202001020747 6 36 true} 
ConfigData  map[port:3306 password:1qaz!QAZ charset:utf8 redisIp:192.168.88.119 redisDB:3 ip:192.168.88.181 poolname:FA_MEM user:fa_db database:FA_MEM redisPort:6379 redisPassword:""]
SqlString  SELECT RTP,Amount,Bonus  FROM M_RtpSetting  WHERE Sid = 1   AND State = 1   AND LTG_Code = 6 AND Gid = 36
sqlResult   map[result: count:0 state:0]
[2020-01-02 12:26:52] rtpData ------->   map[result: count:0 state:0] 
[GIN] 2020/01/02 - 12:26:52 | 200 |     2.56999ms |  192.168.66.115 | POST     /getResult
sqlResult   map[count:0 state:0 result:]
[2020-01-02 12:26:52] rtpData ------->   map[result: count:0 state:0] 
[GIN] 2020/01/02 - 12:26:52 | 200 |    2.819129ms |  192.168.66.115 | POST     /getResult
[2020-01-02 12:26:52] 自開彩開獎  {202001020747 5 38 true} 
ConfigData  map[ip:192.168.88.181 poolname:FA_MEM port:3306 user:fa_db password:1qaz!QAZ database:FA_MEM redisIp:192.168.88.119 redisPassword:"" redisDB:3 charset:utf8 redisPort:6379]
SqlString  SELECT RTP,Amount,Bonus  FROM M_RtpSetting  WHERE Sid = 1   AND State = 1   AND LTG_Code = 5 AND Gid = 38
[2020-01-02 12:26:52] 自開彩開獎  {202001020747 4 40 true} 
ConfigData  map[ip:192.168.88.181 port:3306 password:1qaz!QAZ database:FA_MEM charset:utf8 redisPort:6379 poolname:FA_MEM user:fa_db redisIp:192.168.88.119 redisPassword:"" redisDB:3]
SqlString  SELECT RTP,Amount,Bonus  FROM M_RtpSetting  WHERE Sid = 1   AND State = 1   AND LTG_Code = 4 AND Gid = 40
sqlResult   map[result: count:0 state:0]
[2020-01-02 12:26:52] rtpData ------->   map[result: count:0 state:0] 
[GIN] 2020/01/02 - 12:26:52 | 200 |    2.623386ms |  192.168.66.115 | POST     /getResult
sqlResult   map[result: count:0 state:0]
[2020-01-02 12:26:52] rtpData ------->   map[result: count:0 state:0] 
[GIN] 2020/01/02 - 12:26:52 | 200 |    2.021478ms |  192.168.66.115 | POST     /getResult
[2020-01-02 12:26:52] 自開彩開獎  {202001020249 4 41 true} 
ConfigData  map[poolname:FA_MEM port:3306 user:fa_db password:1qaz!QAZ database:FA_MEM charset:utf8 redisPassword:"" redisDB:3 ip:192.168.88.181 redisIp:192.168.88.119 redisPort:6379]
SqlString  SELECT RTP,Amount,Bonus  FROM M_RtpSetting  WHERE Sid = 1   AND State = 1   AND LTG_Code = 4 AND Gid = 41
sqlResult   map[result: count:0 state:0]
[2020-01-02 12:26:52] rtpData ------->   map[result: count:0 state:0] 
[GIN] 2020/01/02 - 12:26:52 | 200 |    1.772469ms |  192.168.66.115 | POST     /getResult
[2020-01-02 12:26:56] 自開彩開獎  {202001020747 1 34 true} 
ConfigData  map[port:3306 database:FA_MEM charset:utf8 redisIp:192.168.88.119 redisPort:6379 poolname:FA_MEM user:fa_db password:1qaz!QAZ redisPassword:"" redisDB:3 ip:192.168.88.181]
SqlString  SELECT RTP,Amount,Bonus  FROM M_RtpSetting  WHERE Sid = 1   AND State = 1   AND LTG_Code = 1 AND Gid = 34
sqlResult   map[result: count:0 state:0]
[2020-01-02 12:26:56] rtpData ------->   map[result: count:0 state:0] 
[GIN] 2020/01/02 - 12:26:56 | 200 |      2.4668ms |  192.168.66.115 | POST     /getResult
[2020-01-02 12:26:58] 自開彩開獎  {202001020747 6 36 true} 
[2020-01-02 12:26:58] 自開彩開獎  {202001020249 1 35 true} 
ConfigData  map[ip:192.168.88.181 poolname:FA_MEM user:fa_db redisPort:6379 redisDB:3 port:3306 password:1qaz!QAZ database:FA_MEM charset:utf8 redisIp:192.168.88.119 redisPassword:""]
SqlString  SELECT RTP,Amount,Bonus  FROM M_RtpSetting  WHERE Sid = 1   AND State = 1   AND LTG_Code = 6 AND Gid = 36
ConfigData  map[redisPassword:"" ip:192.168.88.181 port:3306 charset:utf8 database:FA_MEM redisIp:192.168.88.119 redisPort:6379 redisDB:3 poolname:FA_MEM user:fa_db password:1qaz!QAZ]
SqlString  SELECT RTP,Amount,Bonus  FROM M_RtpSetting  WHERE Sid = 1   AND State = 1   AND LTG_Code = 1 AND Gid = 35
sqlResult   map[result: count:0 state:0]
[2020-01-02 12:26:58] rtpData ------->   map[result: count:0 state:0] 
[GIN] 2020/01/02 - 12:26:58 | 200 |    2.388661ms |  192.168.66.115 | POST     /getResult
sqlResult   map[result: count:0 state:0]
[2020-01-02 12:26:58] rtpData ------->   map[state:0 result: count:0] 
[GIN] 2020/01/02 - 12:26:58 | 200 |    2.675338ms |  192.168.66.115 | POST     /getResult
[2020-01-02 12:26:58] 自開彩開獎  {202001020747 5 38 true} 
ConfigData  map[ip:192.168.88.181 user:fa_db password:1qaz!QAZ database:FA_MEM charset:utf8 redisIp:192.168.88.119 poolname:FA_MEM port:3306 redisPort:6379 redisPassword:"" redisDB:3]
SqlString  SELECT RTP,Amount,Bonus  FROM M_RtpSetting  WHERE Sid = 1   AND State = 1   AND LTG_Code = 5 AND Gid = 38
sqlResult   map[count:0 state:0 result:]
[2020-01-02 12:26:58] rtpData ------->   map[result: count:0 state:0] 
[GIN] 2020/01/02 - 12:26:58 | 200 |    2.169009ms |  192.168.66.115 | POST     /getResult
[2020-01-02 12:26:58] 自開彩開獎  {202001020747 4 40 true} 
ConfigData  map[redisIp:192.168.88.119 redisPort:6379 redisPassword:"" redisDB:3 ip:192.168.88.181 port:3306 user:fa_db charset:utf8 poolname:FA_MEM password:1qaz!QAZ database:FA_MEM]
SqlString  SELECT RTP,Amount,Bonus  FROM M_RtpSetting  WHERE Sid = 1   AND State = 1   AND LTG_Code = 4 AND Gid = 40
[2020-01-02 12:26:58] 自開彩開獎  {202001020249 4 41 true} 
ConfigData  map[database:FA_MEM charset:utf8 redisDB:3 ip:192.168.88.181 user:fa_db password:1qaz!QAZ redisPort:6379 redisPassword:"" poolname:FA_MEM port:3306 redisIp:192.168.88.119]
SqlString  SELECT RTP,Amount,Bonus  FROM M_RtpSetting  WHERE Sid = 1   AND State = 1   AND LTG_Code = 4 AND Gid = 41
sqlResult   map[result: count:0 state:0]
[2020-01-02 12:26:58] rtpData ------->   map[result: count:0 state:0] 
[GIN] 2020/01/02 - 12:26:58 | 200 |      1.8197ms |  192.168.66.115 | POST     /getResult
sqlResult   map[result: count:0 state:0]
[2020-01-02 12:26:58] rtpData ------->   map[result: count:0 state:0] 
[GIN] 2020/01/02 - 12:26:58 | 200 |    1.617701ms |  192.168.66.115 | POST     /getResult
[2020-01-02 12:27:00] 自開彩開獎  {20200102250 2 27 true} 
ConfigData  map[ip:192.168.88.181 database:FA_MEM charset:utf8 redisIp:192.168.88.119 redisPort:6379 redisPassword:"" redisDB:3 poolname:FA_MEM port:3306 user:fa_db password:1qaz!QAZ]
SqlString  SELECT RTP,Amount,Bonus  FROM M_RtpSetting  WHERE Sid = 1   AND State = 1   AND LTG_Code = 2 AND Gid = 27
[2020-01-02 12:27:00] 自開彩開獎  {202001020748 2 26 true} 
ConfigData  map[poolname:FA_MEM user:fa_db password:1qaz!QAZ database:FA_MEM redisPassword:"" ip:192.168.88.181 port:3306 charset:utf8 redisIp:192.168.88.119 redisPort:6379 redisDB:3]
SqlString  SELECT RTP,Amount,Bonus  FROM M_RtpSetting  WHERE Sid = 1   AND State = 1   AND LTG_Code = 2 AND Gid = 26
sqlResult   map[bonus:58491.69 result:0.9600 count:1 state:1 amount:105208]
[2020-01-02 12:27:00] rtpData ------->   map[result:0.9600 count:1 state:1 amount:105208 bonus:58491.69] 
ConfigData  map[ip:192.168.88.181 database:FA_MEM redisPort:6379 redisDB:3 poolname:FA_MEM port:3306 user:fa_db password:1qaz!QAZ charset:utf8 redisIp:192.168.88.119 redisPassword:""]
sqlResult   map[state:1 amount:1.0069588e+06 bonus:908100.71 result:0.9600 count:1]
[2020-01-02 12:27:00] rtpData ------->   map[result:0.9600 count:1 state:1 amount:1.0069588e+06 bonus:908100.71] 
ConfigData  map[port:3306 user:fa_db database:FA_MEM redisIp:192.168.88.119 redisPort:6379 redisPassword:"" redisDB:3 ip:192.168.88.181 poolname:FA_MEM password:1qaz!QAZ charset:utf8]
SELECT BO_No, BO_OrderNo , BO_User , BO_Issue  , BO_LotteryTypeGroup, BO_LotteryType, BO_Mode, BO_LotteryPlayGroup, BO_LotteryPlay , BO_LotteryContent, BO_Price, BO_RealPrice, BO_Unit, BO_Multiple , BO_BetCount  , BO_Winnings, BO_Winnings2, BO_Winnings3, BO_WinningLimit  , BO_Water , BO_BW_SourceUserId, BO_BW_BackWater, BO_BW_LimitBetCount, BO_BW_MaxAmount, BO_BW_AuditMultiple  , BO_Odds, BO_Odds2, BO_Odds3 , BO_Type, BO_Chase , BO_OpenResult, BO_OpenResult2, BO_DateDraw, BO_DateDraw2, BO_DateUpdate  FROM TS_BetOrder  WHERE BO_Cancel = 0   AND BO_CancelBackend = 0   AND BO_LotteryTypeGroup = 2 AND BO_LotteryType = 26 AND BO_Issue = 202001020748 AND BO_Collect = 0 ORDER BY BO_DateDraw ASC, BO_DateCreate ASC, BO_DateUpdate ASC, BO_No ASC ;
SELECT BO_No, BO_OrderNo , BO_User , BO_Issue  , BO_LotteryTypeGroup, BO_LotteryType, BO_Mode, BO_LotteryPlayGroup, BO_LotteryPlay , BO_LotteryContent, BO_Price, BO_RealPrice, BO_Unit, BO_Multiple , BO_BetCount  , BO_Winnings, BO_Winnings2, BO_Winnings3, BO_WinningLimit  , BO_Water , BO_BW_SourceUserId, BO_BW_BackWater, BO_BW_LimitBetCount, BO_BW_MaxAmount, BO_BW_AuditMultiple  , BO_Odds, BO_Odds2, BO_Odds3 , BO_Type, BO_Chase , BO_OpenResult, BO_OpenResult2, BO_DateDraw, BO_DateDraw2, BO_DateUpdate  FROM TS_BetOrder  WHERE BO_Cancel = 0   AND BO_CancelBackend = 0   AND BO_LotteryTypeGroup = 2 AND BO_LotteryType = 27 AND BO_Issue = 20200102250 AND BO_Collect = 0 ORDER BY BO_DateDraw ASC, BO_DateCreate ASC, BO_DateUpdate ASC, BO_No ASC ;
[2020-01-02 12:27:00] LottteryTypeGroup 2 
[2020-01-02 12:27:00] LottteryTypeGroup 2 
[2020-01-02 12:27:00] 有期號 但無注單 -------> map[bonus:0 thisOpenResult:[2 6 5 1 9] amount:0] 
[2020-01-02 12:27:00] 有期號 但無注單 -------> map[bonus:0 thisOpenResult:[9 0 3 0 1] amount:0] 
[GIN] 2020/01/02 - 12:27:00 | 200 |    5.405272ms |  192.168.66.115 | POST     /getResult
[GIN] 2020/01/02 - 12:27:00 | 200 |    5.361755ms |  192.168.66.115 | POST     /getResult
[2020-01-02 12:27:01] 自開彩開獎  {202001020250 6 37 true} 
ConfigData  map[ip:192.168.88.181 poolname:FA_MEM port:3306 user:fa_db database:FA_MEM charset:utf8 redisIp:192.168.88.119 password:1qaz!QAZ redisPort:6379 redisPassword:"" redisDB:3]
SqlString  SELECT RTP,Amount,Bonus  FROM M_RtpSetting  WHERE Sid = 1   AND State = 1   AND LTG_Code = 6 AND Gid = 37
sqlResult   map[result: count:0 state:0]
[2020-01-02 12:27:01] rtpData ------->   map[state:0 result: count:0] 
[GIN] 2020/01/02 - 12:27:01 | 200 |    2.665129ms |  192.168.66.115 | POST     /getResult
[2020-01-02 12:27:02] 自開彩開獎  {202001020747 1 34 true} 
ConfigData  map[redisIp:192.168.88.119 database:FA_MEM poolname:FA_MEM port:3306 user:fa_db password:1qaz!QAZ charset:utf8 redisPort:6379 redisPassword:"" ip:192.168.88.181 redisDB:3]
SqlString  SELECT RTP,Amount,Bonus  FROM M_RtpSetting  WHERE Sid = 1   AND State = 1   AND LTG_Code = 1 AND Gid = 34
sqlResult   map[result: count:0 state:0]
[2020-01-02 12:27:02] rtpData ------->   map[state:0 result: count:0] 
[GIN] 2020/01/02 - 12:27:02 | 200 |    9.910758ms |  192.168.66.115 | POST     /getResult
[2020-01-02 12:27:04] 自開彩開獎  {202001020249 1 35 true} 
ConfigData  map[user:fa_db database:FA_MEM charset:utf8 redisIp:192.168.88.119 redisPort:6379 ip:192.168.88.181 port:3306 redisPassword:"" redisDB:3 poolname:FA_MEM password:1qaz!QAZ]
SqlString  SELECT RTP,Amount,Bonus  FROM M_RtpSetting  WHERE Sid = 1   AND State = 1   AND LTG_Code = 1 AND Gid = 35
[2020-01-02 12:27:04] 自開彩開獎  {202001020747 6 36 true} 
ConfigData  map[charset:utf8 redisPort:6379 poolname:FA_MEM port:3306 password:1qaz!QAZ database:FA_MEM redisIp:192.168.88.119 redisPassword:"" redisDB:3 ip:192.168.88.181 user:fa_db]
SqlString  SELECT RTP,Amount,Bonus  FROM M_RtpSetting  WHERE Sid = 1   AND State = 1   AND LTG_Code = 6 AND Gid = 36
sqlResult   map[state:0 result: count:0]
[2020-01-02 12:27:04] rtpData ------->   map[state:0 result: count:0] 
[GIN] 2020/01/02 - 12:27:04 | 200 |    2.334229ms |  192.168.66.115 | POST     /getResult
sqlResult   map[result: count:0 state:0]
[2020-01-02 12:27:04] rtpData ------->   map[result: count:0 state:0] 
[GIN] 2020/01/02 - 12:27:04 | 200 |    2.883099ms |  192.168.66.115 | POST     /getResult
[2020-01-02 12:27:04] 自開彩開獎  {202001020747 4 40 true} 
ConfigData  map[redisIp:192.168.88.119 ip:192.168.88.181 poolname:FA_MEM database:FA_MEM charset:utf8 redisPassword:"" redisDB:3 port:3306 user:fa_db password:1qaz!QAZ redisPort:6379]
SqlString  SELECT RTP,Amount,Bonus  FROM M_RtpSetting  WHERE Sid = 1   AND State = 1   AND LTG_Code = 4 AND Gid = 40
[2020-01-02 12:27:04] 自開彩開獎  {202001020747 5 38 true} 
ConfigData  map[user:fa_db password:1qaz!QAZ redisPassword:"" poolname:FA_MEM port:3306 database:FA_MEM charset:utf8 redisIp:192.168.88.119 redisPort:6379 redisDB:3 ip:192.168.88.181]
SqlString  SELECT RTP,Amount,Bonus  FROM M_RtpSetting  WHERE Sid = 1   AND State = 1   AND LTG_Code = 5 AND Gid = 38
[2020-01-02 12:27:04] 自開彩開獎  {202001020249 4 41 true} 
ConfigData  map[user:fa_db password:1qaz!QAZ database:FA_MEM redisPort:6379 redisDB:3 poolname:FA_MEM port:3306 redisIp:192.168.88.119 redisPassword:"" ip:192.168.88.181 charset:utf8]
SqlString  SELECT RTP,Amount,Bonus  FROM M_RtpSetting  WHERE Sid = 1   AND State = 1   AND LTG_Code = 4 AND Gid = 41
sqlResult   map[state:0 result: count:0]
[2020-01-02 12:27:04] rtpData ------->   map[result: count:0 state:0] 
[GIN] 2020/01/02 - 12:27:04 | 200 |    2.441961ms |  192.168.66.115 | POST     /getResult
sqlResult   map[state:0 result: count:0]
[2020-01-02 12:27:04] rtpData ------->   map[count:0 state:0 result:] 
[GIN] 2020/01/02 - 12:27:04 | 200 |     2.51762ms |  192.168.66.115 | POST     /getResult
sqlResult   map[result: count:0 state:0]
[2020-01-02 12:27:04] rtpData ------->   map[result: count:0 state:0] 
[GIN] 2020/01/02 - 12:27:04 | 200 |    4.541554ms |  192.168.66.115 | POST     /getResult
[2020-01-02 12:27:07] 自開彩開獎  {202001020250 6 37 true} 
ConfigData  map[redisIp:192.168.88.119 redisPort:6379 redisDB:3 port:3306 password:1qaz!QAZ charset:utf8 database:FA_MEM redisPassword:"" ip:192.168.88.181 poolname:FA_MEM user:fa_db]
SqlString  SELECT RTP,Amount,Bonus  FROM M_RtpSetting  WHERE Sid = 1   AND State = 1   AND LTG_Code = 6 AND Gid = 37
sqlResult   map[result: count:0 state:0]
[2020-01-02 12:27:07] rtpData ------->   map[result: count:0 state:0] 
[GIN] 2020/01/02 - 12:27:07 | 200 |    2.892603ms |  192.168.66.115 | POST     /getResult
[2020-01-02 12:27:08] 自開彩開獎  {202001020748 1 34 true} 
ConfigData  map[port:3306 user:fa_db database:FA_MEM charset:utf8 redisPort:6379 redisDB:3 poolname:FA_MEM password:1qaz!QAZ redisIp:192.168.88.119 redisPassword:"" ip:192.168.88.181]
SqlString  SELECT RTP,Amount,Bonus  FROM M_RtpSetting  WHERE Sid = 1   AND State = 1   AND LTG_Code = 1 AND Gid = 34
sqlResult   map[count:0 state:0 result:]
[2020-01-02 12:27:08] rtpData ------->   map[state:0 result: count:0] 
[GIN] 2020/01/02 - 12:27:08 | 200 |    2.152557ms |  192.168.66.115 | POST     /getResult
[2020-01-02 12:27:10] 自開彩開獎  {202001020250 1 35 true} 
ConfigData  map[redisPassword:"" redisDB:3 poolname:FA_MEM port:3306 password:1qaz!QAZ database:FA_MEM charset:utf8 redisIp:192.168.88.119 ip:192.168.88.181 user:fa_db redisPort:6379]
SqlString  SELECT RTP,Amount,Bonus  FROM M_RtpSetting  WHERE Sid = 1   AND State = 1   AND LTG_Code = 1 AND Gid = 35
[2020-01-02 12:27:10] 自開彩開獎  {202001020748 6 36 true} 
ConfigData  map[ip:192.168.88.181 charset:utf8 redisIp:192.168.88.119 redisPort:6379 redisDB:3 redisPassword:"" poolname:FA_MEM port:3306 user:fa_db password:1qaz!QAZ database:FA_MEM]
SqlString  SELECT RTP,Amount,Bonus  FROM M_RtpSetting  WHERE Sid = 1   AND State = 1   AND LTG_Code = 6 AND Gid = 36
sqlResult   map[result: count:0 state:0]
[2020-01-02 12:27:10] rtpData ------->   map[result: count:0 state:0] 
sqlResult   map[result: count:0 state:0]
[GIN] 2020/01/02 - 12:27:10 | 200 |    2.538291ms |  192.168.66.115 | POST     /getResult
[2020-01-02 12:27:10] rtpData ------->   map[count:0 state:0 result:] 
[GIN] 2020/01/02 - 12:27:10 | 200 |    2.969979ms |  192.168.66.115 | POST     /getResult
[2020-01-02 12:27:10] 自開彩開獎  {202001020748 5 38 true} 
ConfigData  map[ip:192.168.88.181 poolname:FA_MEM user:fa_db database:FA_MEM charset:utf8 redisIp:192.168.88.119 redisPassword:"" port:3306 password:1qaz!QAZ redisPort:6379 redisDB:3]
SqlString  SELECT RTP,Amount,Bonus  FROM M_RtpSetting  WHERE Sid = 1   AND State = 1   AND LTG_Code = 5 AND Gid = 38
sqlResult   map[result: count:0 state:0]
[2020-01-02 12:27:10] rtpData ------->   map[count:0 state:0 result:] 
[GIN] 2020/01/02 - 12:27:10 | 200 |    2.565784ms |  192.168.66.115 | POST     /getResult
[2020-01-02 12:27:10] 自開彩開獎  {202001020748 4 40 true} 
ConfigData  map[charset:utf8 ip:192.168.88.181 database:FA_MEM user:fa_db password:1qaz!QAZ redisIp:192.168.88.119 redisPort:6379 redisPassword:"" redisDB:3 poolname:FA_MEM port:3306]
SqlString  SELECT RTP,Amount,Bonus  FROM M_RtpSetting  WHERE Sid = 1   AND State = 1   AND LTG_Code = 4 AND Gid = 40
sqlResult   map[count:0 state:0 result:]
[2020-01-02 12:27:10] rtpData ------->   map[result: count:0 state:0] 
[GIN] 2020/01/02 - 12:27:10 | 200 |    2.487909ms |  192.168.66.115 | POST     /getResult
[2020-01-02 12:27:10] 自開彩開獎  {202001020250 4 41 true} 
ConfigData  map[ip:192.168.88.181 charset:utf8 redisIp:192.168.88.119 redisPort:6379 redisDB:3 poolname:FA_MEM port:3306 user:fa_db password:1qaz!QAZ database:FA_MEM redisPassword:""]
SqlString  SELECT RTP,Amount,Bonus  FROM M_RtpSetting  WHERE Sid = 1   AND State = 1   AND LTG_Code = 4 AND Gid = 41
sqlResult   map[result: count:0 state:0]
[2020-01-02 12:27:10] rtpData ------->   map[result: count:0 state:0] 
[GIN] 2020/01/02 - 12:27:10 | 200 |    3.686524ms |  192.168.66.115 | POST     /getResult
[2020-01-02 12:27:13] 自開彩開獎  {202001020250 6 37 true} 
ConfigData  map[redisDB:3 ip:192.168.88.181 user:fa_db redisPort:6379 redisPassword:"" charset:utf8 redisIp:192.168.88.119 poolname:FA_MEM port:3306 password:1qaz!QAZ database:FA_MEM]
SqlString  SELECT RTP,Amount,Bonus  FROM M_RtpSetting  WHERE Sid = 1   AND State = 1   AND LTG_Code = 6 AND Gid = 37
sqlResult   map[state:0 result: count:0]
[2020-01-02 12:27:13] rtpData ------->   map[result: count:0 state:0] 
[GIN] 2020/01/02 - 12:27:13 | 200 |    2.634274ms |  192.168.66.115 | POST     /getResult
[2020-01-02 12:27:14] 自開彩開獎  {202001020748 1 34 true} 
ConfigData  map[ip:192.168.88.181 user:fa_db password:1qaz!QAZ redisIp:192.168.88.119 redisPort:6379 redisDB:3 poolname:FA_MEM port:3306 database:FA_MEM charset:utf8 redisPassword:""]
SqlString  SELECT RTP,Amount,Bonus  FROM M_RtpSetting  WHERE Sid = 1   AND State = 1   AND LTG_Code = 1 AND Gid = 34
sqlResult   map[result: count:0 state:0]
[2020-01-02 12:27:14] rtpData ------->   map[state:0 result: count:0] 
[GIN] 2020/01/02 - 12:27:14 | 200 |    2.355622ms |  192.168.66.115 | POST     /getResult
[2020-01-02 12:27:16] 自開彩開獎  {202001020250 1 35 true} 
ConfigData  map[redisPassword:"" redisDB:3 port:3306 user:fa_db password:1qaz!QAZ charset:utf8 redisIp:192.168.88.119 redisPort:6379 ip:192.168.88.181 poolname:FA_MEM database:FA_MEM]
SqlString  SELECT RTP,Amount,Bonus  FROM M_RtpSetting  WHERE Sid = 1   AND State = 1   AND LTG_Code = 1 AND Gid = 35
[2020-01-02 12:27:16] 自開彩開獎  {202001020748 6 36 true} 
ConfigData  map[ip:192.168.88.181 user:fa_db redisDB:3 redisPort:6379 redisPassword:"" poolname:FA_MEM port:3306 password:1qaz!QAZ database:FA_MEM charset:utf8 redisIp:192.168.88.119]
SqlString  SELECT RTP,Amount,Bonus  FROM M_RtpSetting  WHERE Sid = 1   AND State = 1   AND LTG_Code = 6 AND Gid = 36
sqlResult   map[state:0 result: count:0]
[2020-01-02 12:27:16] rtpData ------->   map[result: count:0 state:0] 
sqlResult   map[result: count:0 state:0]
[2020-01-02 12:27:16] rtpData ------->   map[result: count:0 state:0] 
[GIN] 2020/01/02 - 12:27:16 | 200 |    2.614545ms |  192.168.66.115 | POST     /getResult
[GIN] 2020/01/02 - 12:27:16 | 200 |    2.355004ms |  192.168.66.115 | POST     /getResult
[2020-01-02 12:27:16] 自開彩開獎  {202001020748 5 38 true} 
ConfigData  map[database:FA_MEM redisPort:6379 redisDB:3 ip:192.168.88.181 password:1qaz!QAZ user:fa_db charset:utf8 redisIp:192.168.88.119 redisPassword:"" poolname:FA_MEM port:3306]
SqlString  SELECT RTP,Amount,Bonus  FROM M_RtpSetting  WHERE Sid = 1   AND State = 1   AND LTG_Code = 5 AND Gid = 38
[2020-01-02 12:27:16] 自開彩開獎  {202001020748 4 40 true} 
ConfigData  map[database:FA_MEM redisIp:192.168.88.119 redisPort:6379 redisDB:3 ip:192.168.88.181 poolname:FA_MEM port:3306 user:fa_db password:1qaz!QAZ charset:utf8 redisPassword:""]
SqlString  SELECT RTP,Amount,Bonus  FROM M_RtpSetting  WHERE Sid = 1   AND State = 1   AND LTG_Code = 4 AND Gid = 40
[2020-01-02 12:27:16] 自開彩開獎  {202001020250 4 41 true} 
ConfigData  map[user:fa_db redisPort:6379 redisPassword:"" port:3306 poolname:FA_MEM password:1qaz!QAZ database:FA_MEM charset:utf8 redisIp:192.168.88.119 redisDB:3 ip:192.168.88.181]
SqlString  SELECT RTP,Amount,Bonus  FROM M_RtpSetting  WHERE Sid = 1   AND State = 1   AND LTG_Code = 4 AND Gid = 41
sqlResult   map[state:0 result: count:0]
[2020-01-02 12:27:16] rtpData ------->   map[result: count:0 state:0] 
[GIN] 2020/01/02 - 12:27:16 | 200 |    2.674377ms |  192.168.66.115 | POST     /getResult
sqlResult   map[result: count:0 state:0]
[2020-01-02 12:27:16] rtpData ------->   map[result: count:0 state:0] 
[GIN] 2020/01/02 - 12:27:16 | 200 |    1.799155ms |  192.168.66.115 | POST     /getResult
sqlResult   map[result: count:0 state:0]
[2020-01-02 12:27:16] rtpData ------->   map[result: count:0 state:0] 
[GIN] 2020/01/02 - 12:27:16 | 200 |    2.501382ms |  192.168.66.115 | POST     /getResult
[2020-01-02 12:27:19] 自開彩開獎  {202001020250 6 37 true} 
ConfigData  map[password:1qaz!QAZ charset:utf8 redisIp:192.168.88.119 redisPassword:"" ip:192.168.88.181 poolname:FA_MEM port:3306 user:fa_db redisDB:3 database:FA_MEM redisPort:6379]
SqlString  SELECT RTP,Amount,Bonus  FROM M_RtpSetting  WHERE Sid = 1   AND State = 1   AND LTG_Code = 6 AND Gid = 37
sqlResult   map[result: count:0 state:0]
[2020-01-02 12:27:19] rtpData ------->   map[count:0 state:0 result:] 
[GIN] 2020/01/02 - 12:27:19 | 200 |    2.361716ms |  192.168.66.115 | POST     /getResult
[2020-01-02 12:27:20] 自開彩開獎  {202001020748 1 34 true} 
ConfigData  map[charset:utf8 redisPassword:"" redisDB:3 poolname:FA_MEM port:3306 user:fa_db password:1qaz!QAZ database:FA_MEM redisIp:192.168.88.119 redisPort:6379 ip:192.168.88.181]
SqlString  SELECT RTP,Amount,Bonus  FROM M_RtpSetting  WHERE Sid = 1   AND State = 1   AND LTG_Code = 1 AND Gid = 34
sqlResult   map[result: count:0 state:0]
[2020-01-02 12:27:20] rtpData ------->   map[result: count:0 state:0] 
[GIN] 2020/01/02 - 12:27:20 | 200 |    1.842469ms |  192.168.66.115 | POST     /getResult
[2020-01-02 12:27:22] 自開彩開獎  {202001020250 1 35 true} 
ConfigData  map[poolname:FA_MEM port:3306 user:fa_db database:FA_MEM charset:utf8 redisDB:3 ip:192.168.88.181 password:1qaz!QAZ redisIp:192.168.88.119 redisPort:6379 redisPassword:""]
SqlString  SELECT RTP,Amount,Bonus  FROM M_RtpSetting  WHERE Sid = 1   AND State = 1   AND LTG_Code = 1 AND Gid = 35
[2020-01-02 12:27:22] 自開彩開獎  {202001020748 6 36 true} 
ConfigData  map[redisIp:192.168.88.119 redisPort:6379 redisPassword:"" redisDB:3 ip:192.168.88.181 port:3306 user:fa_db charset:utf8 poolname:FA_MEM password:1qaz!QAZ database:FA_MEM]
SqlString  SELECT RTP,Amount,Bonus  FROM M_RtpSetting  WHERE Sid = 1   AND State = 1   AND LTG_Code = 6 AND Gid = 36
sqlResult   map[result: count:0 state:0]
[2020-01-02 12:27:22] rtpData ------->   map[result: count:0 state:0] 
sqlResult   map[result: count:0 state:0]
[2020-01-02 12:27:22] rtpData ------->   map[result: count:0 state:0] 
[GIN] 2020/01/02 - 12:27:22 | 200 |    1.988953ms |  192.168.66.115 | POST     /getResult
[GIN] 2020/01/02 - 12:27:22 | 200 |    2.118306ms |  192.168.66.115 | POST     /getResult
[2020-01-02 12:27:22] 自開彩開獎  {202001020748 4 40 true} 
[2020-01-02 12:27:22] 自開彩開獎  {202001020748 5 38 true} 
ConfigData  map[ip:192.168.88.181 user:fa_db redisPassword:"" redisDB:3 charset:utf8 redisIp:192.168.88.119 redisPort:6379 poolname:FA_MEM port:3306 password:1qaz!QAZ database:FA_MEM]
[2020-01-02 12:27:22] 自開彩開獎  {202001020250 4 41 true} 
ConfigData  map[password:1qaz!QAZ database:FA_MEM charset:utf8 redisPort:6379 ip:192.168.88.181 poolname:FA_MEM port:3306 user:fa_db redisPassword:"" redisIp:192.168.88.119 redisDB:3]
SqlString  SELECT RTP,Amount,Bonus  FROM M_RtpSetting  WHERE Sid = 1   AND State = 1   AND LTG_Code = 4 AND Gid = 41
ConfigData  map[redisPort:6379 redisPassword:"" poolname:FA_MEM port:3306 database:FA_MEM charset:utf8 redisDB:3 ip:192.168.88.181 user:fa_db password:1qaz!QAZ redisIp:192.168.88.119]
SqlString  SELECT RTP,Amount,Bonus  FROM M_RtpSetting  WHERE Sid = 1   AND State = 1   AND LTG_Code = 4 AND Gid = 40
SqlString  SELECT RTP,Amount,Bonus  FROM M_RtpSetting  WHERE Sid = 1   AND State = 1   AND LTG_Code = 5 AND Gid = 38
sqlResult   map[result: count:0 state:0]
[2020-01-02 12:27:22] rtpData ------->   map[count:0 state:0 result:] 
[GIN] 2020/01/02 - 12:27:22 | 200 |    3.126885ms |  192.168.66.115 | POST     /getResult
sqlResult   map[result: count:0 state:0]
[2020-01-02 12:27:22] rtpData ------->   map[result: count:0 state:0] 
[GIN] 2020/01/02 - 12:27:22 | 200 |    3.460754ms |  192.168.66.115 | POST     /getResult
sqlResult   map[state:0 result: count:0]
[2020-01-02 12:27:22] rtpData ------->   map[count:0 state:0 result:] 
[GIN] 2020/01/02 - 12:27:22 | 200 |    3.822938ms |  192.168.66.115 | POST     /getResult
[2020-01-02 12:27:25] 自開彩開獎  {202001020250 6 37 true} 
ConfigData  map[redisPassword:"" redisDB:3 poolname:FA_MEM user:fa_db charset:utf8 redisIp:192.168.88.119 redisPort:6379 ip:192.168.88.181 port:3306 password:1qaz!QAZ database:FA_MEM]
SqlString  SELECT RTP,Amount,Bonus  FROM M_RtpSetting  WHERE Sid = 1   AND State = 1   AND LTG_Code = 6 AND Gid = 37
sqlResult   map[result: count:0 state:0]
[2020-01-02 12:27:25] rtpData ------->   map[result: count:0 state:0] 
[GIN] 2020/01/02 - 12:27:25 | 200 |    2.594008ms |  192.168.66.115 | POST     /getResult
[2020-01-02 12:27:26] 自開彩開獎  {202001020748 1 34 true} 
ConfigData  map[redisIp:192.168.88.119 redisPort:6379 ip:192.168.88.181 port:3306 charset:utf8 database:FA_MEM redisPassword:"" redisDB:3 poolname:FA_MEM user:fa_db password:1qaz!QAZ]
SqlString  SELECT RTP,Amount,Bonus  FROM M_RtpSetting  WHERE Sid = 1   AND State = 1   AND LTG_Code = 1 AND Gid = 34
sqlResult   map[result: count:0 state:0]
[2020-01-02 12:27:26] rtpData ------->   map[count:0 state:0 result:] 
[GIN] 2020/01/02 - 12:27:26 | 200 |    15.25159ms |  192.168.66.115 | POST     /getResult
[2020-01-02 12:27:28] 自開彩開獎  {202001020250 1 35 true} 
ConfigData  map[redisPassword:"" redisDB:3 port:3306 database:FA_MEM charset:utf8 redisIp:192.168.88.119 redisPort:6379 ip:192.168.88.181 poolname:FA_MEM user:fa_db password:1qaz!QAZ]
SqlString  SELECT RTP,Amount,Bonus  FROM M_RtpSetting  WHERE Sid = 1   AND State = 1   AND LTG_Code = 1 AND Gid = 35
[2020-01-02 12:27:28] 自開彩開獎  {202001020748 6 36 true} 
ConfigData  map[user:fa_db password:1qaz!QAZ redisPort:6379 redisIp:192.168.88.119 redisPassword:"" redisDB:3 ip:192.168.88.181 poolname:FA_MEM port:3306 database:FA_MEM charset:utf8]
SqlString  SELECT RTP,Amount,Bonus  FROM M_RtpSetting  WHERE Sid = 1   AND State = 1   AND LTG_Code = 6 AND Gid = 36
sqlResult   map[result: count:0 state:0]
[2020-01-02 12:27:28] rtpData ------->   map[result: count:0 state:0] 
[GIN] 2020/01/02 - 12:27:28 | 200 |    2.568857ms |  192.168.66.115 | POST     /getResult
sqlResult   map[result: count:0 state:0]
[2020-01-02 12:27:28] rtpData ------->   map[result: count:0 state:0] 
[GIN] 2020/01/02 - 12:27:28 | 200 |    2.542902ms |  192.168.66.115 | POST     /getResult
[2020-01-02 12:27:28] 自開彩開獎  {202001020748 4 40 true} 
ConfigData  map[redisDB:3 poolname:FA_MEM port:3306 user:fa_db password:1qaz!QAZ database:FA_MEM redisPort:6379 ip:192.168.88.181 charset:utf8 redisIp:192.168.88.119 redisPassword:""]
SqlString  SELECT RTP,Amount,Bonus  FROM M_RtpSetting  WHERE Sid = 1   AND State = 1   AND LTG_Code = 4 AND Gid = 40
[2020-01-02 12:27:28] 自開彩開獎  {202001020250 4 41 true} 
ConfigData  map[ip:192.168.88.181 port:3306 password:1qaz!QAZ charset:utf8 redisPassword:"" poolname:FA_MEM user:fa_db database:FA_MEM redisIp:192.168.88.119 redisPort:6379 redisDB:3]
SqlString  SELECT RTP,Amount,Bonus  FROM M_RtpSetting  WHERE Sid = 1   AND State = 1   AND LTG_Code = 4 AND Gid = 41
[2020-01-02 12:27:28] 自開彩開獎  {202001020748 5 38 true} 
ConfigData  map[redisDB:3 ip:192.168.88.181 user:fa_db password:1qaz!QAZ charset:utf8 redisIp:192.168.88.119 redisPort:6379 redisPassword:"" poolname:FA_MEM port:3306 database:FA_MEM]
SqlString  SELECT RTP,Amount,Bonus  FROM M_RtpSetting  WHERE Sid = 1   AND State = 1   AND LTG_Code = 5 AND Gid = 38
sqlResult   map[result: count:0 state:0]
[2020-01-02 12:27:28] rtpData ------->   map[result: count:0 state:0] 
[GIN] 2020/01/02 - 12:27:28 | 200 |    2.287701ms |  192.168.66.115 | POST     /getResult
sqlResult   map[result: count:0 state:0]
[2020-01-02 12:27:28] rtpData ------->   map[state:0 result: count:0] 
[GIN] 2020/01/02 - 12:27:28 | 200 |     2.58669ms |  192.168.66.115 | POST     /getResult
sqlResult   map[result: count:0 state:0]
[2020-01-02 12:27:28] rtpData ------->   map[result: count:0 state:0] 
[GIN] 2020/01/02 - 12:27:28 | 200 |    2.776846ms |  192.168.66.115 | POST     /getResult
[2020-01-02 12:27:31] 自開彩開獎  {202001020250 6 37 true} 
ConfigData  map[ip:192.168.88.181 password:1qaz!QAZ charset:utf8 redisIp:192.168.88.119 redisPort:6379 redisDB:3 poolname:FA_MEM port:3306 user:fa_db database:FA_MEM redisPassword:""]
SqlString  SELECT RTP,Amount,Bonus  FROM M_RtpSetting  WHERE Sid = 1   AND State = 1   AND LTG_Code = 6 AND Gid = 37
sqlResult   map[count:0 state:0 result:]
[2020-01-02 12:27:31] rtpData ------->   map[result: count:0 state:0] 
[GIN] 2020/01/02 - 12:27:31 | 200 |     2.77578ms |  192.168.66.115 | POST     /getResult
[2020-01-02 12:27:32] 自開彩開獎  {202001020748 1 34 true} 
ConfigData  map[charset:utf8 redisIp:192.168.88.119 redisDB:3 ip:192.168.88.181 poolname:FA_MEM user:fa_db redisPort:6379 redisPassword:"" port:3306 password:1qaz!QAZ database:FA_MEM]
SqlString  SELECT RTP,Amount,Bonus  FROM M_RtpSetting  WHERE Sid = 1   AND State = 1   AND LTG_Code = 1 AND Gid = 34
sqlResult   map[state:0 result: count:0]
[2020-01-02 12:27:32] rtpData ------->   map[result: count:0 state:0] 
[GIN] 2020/01/02 - 12:27:32 | 200 |    8.837303ms |  192.168.66.115 | POST     /getResult
[2020-01-02 12:27:34] 自開彩開獎  {202001020250 1 35 true} 
ConfigData  map[redisDB:3 ip:192.168.88.181 poolname:FA_MEM charset:utf8 redisPort:6379 redisPassword:"" port:3306 user:fa_db password:1qaz!QAZ database:FA_MEM redisIp:192.168.88.119]
SqlString  SELECT RTP,Amount,Bonus  FROM M_RtpSetting  WHERE Sid = 1   AND State = 1   AND LTG_Code = 1 AND Gid = 35
[2020-01-02 12:27:34] 自開彩開獎  {202001020748 6 36 true} 
ConfigData  map[user:fa_db charset:utf8 redisPassword:"" ip:192.168.88.181 poolname:FA_MEM port:3306 redisPort:6379 redisDB:3 password:1qaz!QAZ database:FA_MEM redisIp:192.168.88.119]
SqlString  SELECT RTP,Amount,Bonus  FROM M_RtpSetting  WHERE Sid = 1   AND State = 1   AND LTG_Code = 6 AND Gid = 36
sqlResult   map[result: count:0 state:0]
[2020-01-02 12:27:34] rtpData ------->   map[result: count:0 state:0] 
sqlResult   map[result: count:0 state:0]
[2020-01-02 12:27:34] rtpData ------->   map[result: count:0 state:0] 
[GIN] 2020/01/02 - 12:27:34 | 200 |     2.50888ms |  192.168.66.115 | POST     /getResult
[GIN] 2020/01/02 - 12:27:34 | 200 |    2.755284ms |  192.168.66.115 | POST     /getResult
[2020-01-02 12:27:34] 自開彩開獎  {202001020748 5 38 true} 
ConfigData  map[redisPort:6379 redisPassword:"" redisDB:3 port:3306 password:1qaz!QAZ charset:utf8 redisIp:192.168.88.119 ip:192.168.88.181 poolname:FA_MEM user:fa_db database:FA_MEM]
SqlString  SELECT RTP,Amount,Bonus  FROM M_RtpSetting  WHERE Sid = 1   AND State = 1   AND LTG_Code = 5 AND Gid = 38
[2020-01-02 12:27:34] 自開彩開獎  {202001020748 4 40 true} 
ConfigData  map[user:fa_db database:FA_MEM redisIp:192.168.88.119 redisDB:3 ip:192.168.88.181 poolname:FA_MEM port:3306 password:1qaz!QAZ charset:utf8 redisPort:6379 redisPassword:""]
SqlString  SELECT RTP,Amount,Bonus  FROM M_RtpSetting  WHERE Sid = 1   AND State = 1   AND LTG_Code = 4 AND Gid = 40
[2020-01-02 12:27:34] 自開彩開獎  {202001020250 4 41 true} 
ConfigData  map[ip:192.168.88.181 poolname:FA_MEM port:3306 password:1qaz!QAZ charset:utf8 user:fa_db database:FA_MEM redisIp:192.168.88.119 redisPort:6379 redisPassword:"" redisDB:3]
SqlString  SELECT RTP,Amount,Bonus  FROM M_RtpSetting  WHERE Sid = 1   AND State = 1   AND LTG_Code = 4 AND Gid = 41
sqlResult   map[count:0 state:0 result:]
[2020-01-02 12:27:34] rtpData ------->   map[result: count:0 state:0] 
[GIN] 2020/01/02 - 12:27:34 | 200 |    2.168772ms |  192.168.66.115 | POST     /getResult
sqlResult   map[result: count:0 state:0]
[2020-01-02 12:27:34] rtpData ------->   map[result: count:0 state:0] 
[GIN] 2020/01/02 - 12:27:34 | 200 |    2.180502ms |  192.168.66.115 | POST     /getResult
sqlResult   map[state:0 result: count:0]
[2020-01-02 12:27:34] rtpData ------->   map[result: count:0 state:0] 
[GIN] 2020/01/02 - 12:27:34 | 200 |    1.722027ms |  192.168.66.115 | POST     /getResult
[2020-01-02 12:27:37] 自開彩開獎  {202001020250 6 37 true} 
ConfigData  map[ip:192.168.88.181 poolname:FA_MEM port:3306 password:1qaz!QAZ redisPort:6379 user:fa_db database:FA_MEM charset:utf8 redisIp:192.168.88.119 redisPassword:"" redisDB:3]
SqlString  SELECT RTP,Amount,Bonus  FROM M_RtpSetting  WHERE Sid = 1   AND State = 1   AND LTG_Code = 6 AND Gid = 37
sqlResult   map[count:0 state:0 result:]
[2020-01-02 12:27:37] rtpData ------->   map[result: count:0 state:0] 
[GIN] 2020/01/02 - 12:27:37 | 200 |    2.539578ms |  192.168.66.115 | POST     /getResult
[2020-01-02 12:27:38] 自開彩開獎  {202001020748 1 34 true} 
ConfigData  map[database:FA_MEM redisPassword:"" port:3306 poolname:FA_MEM user:fa_db password:1qaz!QAZ charset:utf8 redisIp:192.168.88.119 redisPort:6379 redisDB:3 ip:192.168.88.181]
SqlString  SELECT RTP,Amount,Bonus  FROM M_RtpSetting  WHERE Sid = 1   AND State = 1   AND LTG_Code = 1 AND Gid = 34
sqlResult   map[result: count:0 state:0]
[2020-01-02 12:27:38] rtpData ------->   map[result: count:0 state:0] 
[GIN] 2020/01/02 - 12:27:38 | 200 |    5.893371ms |  192.168.66.115 | POST     /getResult
[2020-01-02 12:27:40] 自開彩開獎  {202001020250 1 35 true} 
ConfigData  map[redisDB:3 poolname:FA_MEM port:3306 password:1qaz!QAZ charset:utf8 redisIp:192.168.88.119 redisPort:6379 redisPassword:"" ip:192.168.88.181 user:fa_db database:FA_MEM]
SqlString  SELECT RTP,Amount,Bonus  FROM M_RtpSetting  WHERE Sid = 1   AND State = 1   AND LTG_Code = 1 AND Gid = 35
[2020-01-02 12:27:40] 自開彩開獎  {202001020748 6 36 true} 
ConfigData  map[ip:192.168.88.181 poolname:FA_MEM database:FA_MEM redisDB:3 redisPassword:"" port:3306 user:fa_db password:1qaz!QAZ charset:utf8 redisIp:192.168.88.119 redisPort:6379]
SqlString  SELECT RTP,Amount,Bonus  FROM M_RtpSetting  WHERE Sid = 1   AND State = 1   AND LTG_Code = 6 AND Gid = 36
sqlResult   map[result: count:0 state:0]
[2020-01-02 12:27:40] rtpData ------->   map[result: count:0 state:0] 
[GIN] 2020/01/02 - 12:27:40 | 200 |    2.142976ms |  192.168.66.115 | POST     /getResult
sqlResult   map[result: count:0 state:0]
[2020-01-02 12:27:40] rtpData ------->   map[result: count:0 state:0] 
[GIN] 2020/01/02 - 12:27:40 | 200 |     2.37387ms |  192.168.66.115 | POST     /getResult
[2020-01-02 12:27:40] 自開彩開獎  {202001020748 5 38 true} 
ConfigData  map[database:FA_MEM charset:utf8 redisPort:6379 redisPassword:"" redisIp:192.168.88.119 redisDB:3 ip:192.168.88.181 poolname:FA_MEM port:3306 user:fa_db password:1qaz!QAZ]
SqlString  SELECT RTP,Amount,Bonus  FROM M_RtpSetting  WHERE Sid = 1   AND State = 1   AND LTG_Code = 5 AND Gid = 38
[2020-01-02 12:27:40] 自開彩開獎  {202001020748 4 40 true} 
ConfigData  map[poolname:FA_MEM port:3306 charset:utf8 redisPassword:"" redisDB:3 ip:192.168.88.181 user:fa_db password:1qaz!QAZ database:FA_MEM redisIp:192.168.88.119 redisPort:6379]
SqlString  SELECT RTP,Amount,Bonus  FROM M_RtpSetting  WHERE Sid = 1   AND State = 1   AND LTG_Code = 4 AND Gid = 40
[2020-01-02 12:27:40] 自開彩開獎  {202001020250 4 41 true} 
ConfigData  map[poolname:FA_MEM password:1qaz!QAZ database:FA_MEM charset:utf8 redisPort:6379 redisPassword:"" redisDB:3 ip:192.168.88.181 port:3306 user:fa_db redisIp:192.168.88.119]
SqlString  SELECT RTP,Amount,Bonus  FROM M_RtpSetting  WHERE Sid = 1   AND State = 1   AND LTG_Code = 4 AND Gid = 41
sqlResult   map[result: count:0 state:0]
[2020-01-02 12:27:40] rtpData ------->   map[state:0 result: count:0] 
[GIN] 2020/01/02 - 12:27:40 | 200 |    2.974785ms |  192.168.66.115 | POST     /getResult
sqlResult   map[result: count:0 state:0]
[2020-01-02 12:27:40] rtpData ------->   map[state:0 result: count:0] 
[GIN] 2020/01/02 - 12:27:40 | 200 |    2.048468ms |  192.168.66.115 | POST     /getResult
sqlResult   map[result: count:0 state:0]
[2020-01-02 12:27:40] rtpData ------->   map[result: count:0 state:0] 
[GIN] 2020/01/02 - 12:27:40 | 200 |    2.328014ms |  192.168.66.115 | POST     /getResult
[2020-01-02 12:27:43] 自開彩開獎  {202001020250 6 37 true} 
ConfigData  map[redisPort:6379 redisPassword:"" ip:192.168.88.181 poolname:FA_MEM user:fa_db database:FA_MEM charset:utf8 port:3306 password:1qaz!QAZ redisIp:192.168.88.119 redisDB:3]
SqlString  SELECT RTP,Amount,Bonus  FROM M_RtpSetting  WHERE Sid = 1   AND State = 1   AND LTG_Code = 6 AND Gid = 37
sqlResult   map[result: count:0 state:0]
[2020-01-02 12:27:43] rtpData ------->   map[result: count:0 state:0] 
[GIN] 2020/01/02 - 12:27:43 | 200 |    2.256151ms |  192.168.66.115 | POST     /getResult
[2020-01-02 12:27:44] 自開彩開獎  {202001020748 1 34 true} 
ConfigData  map[charset:utf8 redisIp:192.168.88.119 redisPort:6379 redisPassword:"" redisDB:3 ip:192.168.88.181 port:3306 database:FA_MEM poolname:FA_MEM user:fa_db password:1qaz!QAZ]
SqlString  SELECT RTP,Amount,Bonus  FROM M_RtpSetting  WHERE Sid = 1   AND State = 1   AND LTG_Code = 1 AND Gid = 34
sqlResult   map[result: count:0 state:0]
[2020-01-02 12:27:44] rtpData ------->   map[result: count:0 state:0] 
[GIN] 2020/01/02 - 12:27:44 | 200 |    2.954556ms |  192.168.66.115 | POST     /getResult
[2020-01-02 12:27:46] 自開彩開獎  {202001020250 1 35 true} 
ConfigData  map[port:3306 user:fa_db password:1qaz!QAZ database:FA_MEM charset:utf8 redisIp:192.168.88.119 redisPassword:"" ip:192.168.88.181 redisDB:3 redisPort:6379 poolname:FA_MEM]
SqlString  SELECT RTP,Amount,Bonus  FROM M_RtpSetting  WHERE Sid = 1   AND State = 1   AND LTG_Code = 1 AND Gid = 35
sqlResult   map[state:0 result: count:0]
[2020-01-02 12:27:46] rtpData ------->   map[result: count:0 state:0] 
[GIN] 2020/01/02 - 12:27:46 | 200 |    2.568854ms |  192.168.66.115 | POST     /getResult
[2020-01-02 12:27:46] 自開彩開獎  {202001020748 6 36 true} 
ConfigData  map[poolname:FA_MEM user:fa_db password:1qaz!QAZ redisIp:192.168.88.119 redisPort:6379 ip:192.168.88.181 port:3306 database:FA_MEM charset:utf8 redisPassword:"" redisDB:3]
SqlString  SELECT RTP,Amount,Bonus  FROM M_RtpSetting  WHERE Sid = 1   AND State = 1   AND LTG_Code = 6 AND Gid = 36
sqlResult   map[count:0 state:0 result:]
[2020-01-02 12:27:46] rtpData ------->   map[result: count:0 state:0] 
[GIN] 2020/01/02 - 12:27:46 | 200 |    1.889394ms |  192.168.66.115 | POST     /getResult
[2020-01-02 12:27:46] 自開彩開獎  {202001020748 5 38 true} 
ConfigData  map[ip:192.168.88.181 user:fa_db database:FA_MEM charset:utf8 redisIp:192.168.88.119 redisPort:6379 poolname:FA_MEM port:3306 password:1qaz!QAZ redisPassword:"" redisDB:3]
SqlString  SELECT RTP,Amount,Bonus  FROM M_RtpSetting  WHERE Sid = 1   AND State = 1   AND LTG_Code = 5 AND Gid = 38
[2020-01-02 12:27:46] 自開彩開獎  {202001020250 4 41 true} 
ConfigData  map[ip:192.168.88.181 poolname:FA_MEM port:3306 user:fa_db redisPort:6379 redisPassword:"" password:1qaz!QAZ database:FA_MEM charset:utf8 redisIp:192.168.88.119 redisDB:3]
SqlString  SELECT RTP,Amount,Bonus  FROM M_RtpSetting  WHERE Sid = 1   AND State = 1   AND LTG_Code = 4 AND Gid = 41
[2020-01-02 12:27:46] 自開彩開獎  {202001020748 4 40 true} 
ConfigData  map[user:fa_db redisPort:6379 password:1qaz!QAZ database:FA_MEM charset:utf8 redisIp:192.168.88.119 redisPassword:"" ip:192.168.88.181 poolname:FA_MEM port:3306 redisDB:3]
SqlString  SELECT RTP,Amount,Bonus  FROM M_RtpSetting  WHERE Sid = 1   AND State = 1   AND LTG_Code = 4 AND Gid = 40
sqlResult   map[result: count:0 state:0]
sqlResult   map[state:0 result: count:0]
sqlResult   map[result: count:0 state:0]
[2020-01-02 12:27:46] rtpData ------->   map[count:0 state:0 result:] 
[2020-01-02 12:27:46] rtpData ------->   map[result: count:0 state:0] 
[GIN] 2020/01/02 - 12:27:46 | 200 |    2.900084ms |  192.168.66.115 | POST     /getResult
[2020-01-02 12:27:46] rtpData ------->   map[count:0 state:0 result:] 
[GIN] 2020/01/02 - 12:27:46 | 200 |    2.916624ms |  192.168.66.115 | POST     /getResult
[GIN] 2020/01/02 - 12:27:46 | 200 |    3.152285ms |  192.168.66.115 | POST     /getResult
[2020-01-02 12:27:49] 自開彩開獎  {202001020250 6 37 true} 
ConfigData  map[redisPort:6379 ip:192.168.88.181 poolname:FA_MEM user:fa_db password:1qaz!QAZ database:FA_MEM charset:utf8 redisIp:192.168.88.119 redisPassword:"" redisDB:3 port:3306]
SqlString  SELECT RTP,Amount,Bonus  FROM M_RtpSetting  WHERE Sid = 1   AND State = 1   AND LTG_Code = 6 AND Gid = 37
sqlResult   map[result: count:0 state:0]
[2020-01-02 12:27:49] rtpData ------->   map[result: count:0 state:0] 
[GIN] 2020/01/02 - 12:27:49 | 200 |    2.260521ms |  192.168.66.115 | POST     /getResult
[2020-01-02 12:27:50] 自開彩開獎  {202001020748 1 34 true} 
ConfigData  map[charset:utf8 redisDB:3 port:3306 poolname:FA_MEM user:fa_db password:1qaz!QAZ database:FA_MEM redisIp:192.168.88.119 redisPort:6379 redisPassword:"" ip:192.168.88.181]
SqlString  SELECT RTP,Amount,Bonus  FROM M_RtpSetting  WHERE Sid = 1   AND State = 1   AND LTG_Code = 1 AND Gid = 34
sqlResult   map[result: count:0 state:0]
[2020-01-02 12:27:50] rtpData ------->   map[result: count:0 state:0] 
[GIN] 2020/01/02 - 12:27:50 | 200 |    2.193413ms |  192.168.66.115 | POST     /getResult
[2020-01-02 12:27:52] 自開彩開獎  {202001020250 1 35 true} 
ConfigData  map[user:fa_db redisIp:192.168.88.119 redisPort:6379 redisPassword:"" redisDB:3 ip:192.168.88.181 poolname:FA_MEM port:3306 password:1qaz!QAZ database:FA_MEM charset:utf8]
SqlString  SELECT RTP,Amount,Bonus  FROM M_RtpSetting  WHERE Sid = 1   AND State = 1   AND LTG_Code = 1 AND Gid = 35
[2020-01-02 12:27:52] 自開彩開獎  {202001020748 6 36 true} 
ConfigData  map[poolname:FA_MEM port:3306 password:1qaz!QAZ database:FA_MEM redisPort:6379 redisPassword:"" ip:192.168.88.181 user:fa_db charset:utf8 redisIp:192.168.88.119 redisDB:3]
SqlString  SELECT RTP,Amount,Bonus  FROM M_RtpSetting  WHERE Sid = 1   AND State = 1   AND LTG_Code = 6 AND Gid = 36
sqlResult   map[state:0 result: count:0]
[2020-01-02 12:27:52] rtpData ------->   map[result: count:0 state:0] 
[GIN] 2020/01/02 - 12:27:52 | 200 |    2.233353ms |  192.168.66.115 | POST     /getResult
sqlResult   map[result: count:0 state:0]
[2020-01-02 12:27:52] rtpData ------->   map[state:0 result: count:0] 
[GIN] 2020/01/02 - 12:27:52 | 200 |    2.920261ms |  192.168.66.115 | POST     /getResult
[2020-01-02 12:27:52] 自開彩開獎  {202001020748 5 38 true} 
ConfigData  map[ip:192.168.88.181 port:3306 database:FA_MEM redisIp:192.168.88.119 redisPort:6379 poolname:FA_MEM user:fa_db password:1qaz!QAZ charset:utf8 redisPassword:"" redisDB:3]
SqlString  SELECT RTP,Amount,Bonus  FROM M_RtpSetting  WHERE Sid = 1   AND State = 1   AND LTG_Code = 5 AND Gid = 38
[2020-01-02 12:27:52] 自開彩開獎  {202001020748 4 40 true} 
ConfigData  map[redisIp:192.168.88.119 redisPort:6379 redisDB:3 ip:192.168.88.181 poolname:FA_MEM port:3306 user:fa_db database:FA_MEM password:1qaz!QAZ charset:utf8 redisPassword:""]
SqlString  SELECT RTP,Amount,Bonus  FROM M_RtpSetting  WHERE Sid = 1   AND State = 1   AND LTG_Code = 4 AND Gid = 40
[2020-01-02 12:27:52] 自開彩開獎  {202001020250 4 41 true} 
ConfigData  map[charset:utf8 redisPort:6379 redisPassword:"" ip:192.168.88.181 port:3306 password:1qaz!QAZ database:FA_MEM poolname:FA_MEM user:fa_db redisIp:192.168.88.119 redisDB:3]
SqlString  SELECT RTP,Amount,Bonus  FROM M_RtpSetting  WHERE Sid = 1   AND State = 1   AND LTG_Code = 4 AND Gid = 41
sqlResult   map[result: count:0 state:0]
[2020-01-02 12:27:52] rtpData ------->   map[result: count:0 state:0] 
[GIN] 2020/01/02 - 12:27:52 | 200 |    3.496925ms |  192.168.66.115 | POST     /getResult
sqlResult   map[result: count:0 state:0]
[2020-01-02 12:27:52] rtpData ------->   map[result: count:0 state:0] 
[GIN] 2020/01/02 - 12:27:52 | 200 |    1.747203ms |  192.168.66.115 | POST     /getResult
sqlResult   map[result: count:0 state:0]
[2020-01-02 12:27:52] rtpData ------->   map[result: count:0 state:0] 
[GIN] 2020/01/02 - 12:27:52 | 200 |    2.080484ms |  192.168.66.115 | POST     /getResult
[2020-01-02 12:27:55] 自開彩開獎  {202001020250 6 37 true} 
ConfigData  map[redisPort:6379 redisDB:3 database:FA_MEM redisIp:192.168.88.119 port:3306 user:fa_db password:1qaz!QAZ charset:utf8 redisPassword:"" ip:192.168.88.181 poolname:FA_MEM]
SqlString  SELECT RTP,Amount,Bonus  FROM M_RtpSetting  WHERE Sid = 1   AND State = 1   AND LTG_Code = 6 AND Gid = 37
sqlResult   map[result: count:0 state:0]
[2020-01-02 12:27:55] rtpData ------->   map[result: count:0 state:0] 
[GIN] 2020/01/02 - 12:27:55 | 200 |    2.515386ms |  192.168.66.115 | POST     /getResult
[2020-01-02 12:27:56] 自開彩開獎  {202001020748 1 34 true} 
ConfigData  map[redisDB:3 ip:192.168.88.181 port:3306 password:1qaz!QAZ redisIp:192.168.88.119 redisPort:6379 redisPassword:"" poolname:FA_MEM user:fa_db database:FA_MEM charset:utf8]
SqlString  SELECT RTP,Amount,Bonus  FROM M_RtpSetting  WHERE Sid = 1   AND State = 1   AND LTG_Code = 1 AND Gid = 34
sqlResult   map[result: count:0 state:0]
[2020-01-02 12:27:56] rtpData ------->   map[result: count:0 state:0] 
[GIN] 2020/01/02 - 12:27:56 | 200 |    2.332724ms |  192.168.66.115 | POST     /getResult
[2020-01-02 12:27:58] 自開彩開獎  {202001020748 6 36 true} 
ConfigData  map[port:3306 database:FA_MEM charset:utf8 redisPassword:"" redisDB:3 ip:192.168.88.181 poolname:FA_MEM user:fa_db password:1qaz!QAZ redisIp:192.168.88.119 redisPort:6379]
SqlString  SELECT RTP,Amount,Bonus  FROM M_RtpSetting  WHERE Sid = 1   AND State = 1   AND LTG_Code = 6 AND Gid = 36
[2020-01-02 12:27:58] 自開彩開獎  {202001020250 1 35 true} 
ConfigData  map[redisPassword:"" poolname:FA_MEM port:3306 user:fa_db database:FA_MEM redisPort:6379 redisDB:3 ip:192.168.88.181 password:1qaz!QAZ charset:utf8 redisIp:192.168.88.119]
SqlString  SELECT RTP,Amount,Bonus  FROM M_RtpSetting  WHERE Sid = 1   AND State = 1   AND LTG_Code = 1 AND Gid = 35
sqlResult   map[state:0 result: count:0]
[2020-01-02 12:27:58] rtpData ------->   map[result: count:0 state:0] 
[GIN] 2020/01/02 - 12:27:58 | 200 |    2.581588ms |  192.168.66.115 | POST     /getResult
sqlResult   map[result: count:0 state:0]
[2020-01-02 12:27:58] rtpData ------->   map[result: count:0 state:0] 
[GIN] 2020/01/02 - 12:27:58 | 200 |    2.906443ms |  192.168.66.115 | POST     /getResult
[2020-01-02 12:27:58] 自開彩開獎  {202001020748 5 38 true} 
ConfigData  map[ip:192.168.88.181 poolname:FA_MEM port:3306 database:FA_MEM user:fa_db password:1qaz!QAZ charset:utf8 redisIp:192.168.88.119 redisPort:6379 redisPassword:"" redisDB:3]
SqlString  SELECT RTP,Amount,Bonus  FROM M_RtpSetting  WHERE Sid = 1   AND State = 1   AND LTG_Code = 5 AND Gid = 38
[2020-01-02 12:27:58] 自開彩開獎  {202001020748 4 40 true} 
ConfigData  map[ip:192.168.88.181 port:3306 user:fa_db password:1qaz!QAZ redisIp:192.168.88.119 redisPassword:"" redisDB:3 poolname:FA_MEM database:FA_MEM charset:utf8 redisPort:6379]
SqlString  SELECT RTP,Amount,Bonus  FROM M_RtpSetting  WHERE Sid = 1   AND State = 1   AND LTG_Code = 4 AND Gid = 40
[2020-01-02 12:27:58] 自開彩開獎  {202001020250 4 41 true} 
ConfigData  map[ip:192.168.88.181 poolname:FA_MEM port:3306 charset:utf8 redisDB:3 redisPassword:"" user:fa_db password:1qaz!QAZ database:FA_MEM redisIp:192.168.88.119 redisPort:6379]
SqlString  SELECT RTP,Amount,Bonus  FROM M_RtpSetting  WHERE Sid = 1   AND State = 1   AND LTG_Code = 4 AND Gid = 41
sqlResult   map[result: count:0 state:0]
[2020-01-02 12:27:58] rtpData ------->   map[state:0 result: count:0] 
[GIN] 2020/01/02 - 12:27:58 | 200 |    3.037968ms |  192.168.66.115 | POST     /getResult
sqlResult   map[count:0 state:0 result:]
[2020-01-02 12:27:58] rtpData ------->   map[result: count:0 state:0] 
[GIN] 2020/01/02 - 12:27:58 | 200 |    2.015808ms |  192.168.66.115 | POST     /getResult
sqlResult   map[result: count:0 state:0]
[2020-01-02 12:27:58] rtpData ------->   map[result: count:0 state:0] 
[GIN] 2020/01/02 - 12:27:58 | 200 |    1.987012ms |  192.168.66.115 | POST     /getResult
[2020-01-02 12:28:00] 自開彩開獎  {202001020749 2 26 true} 
ConfigData  map[poolname:FA_MEM database:FA_MEM charset:utf8 redisPort:6379 ip:192.168.88.181 port:3306 user:fa_db password:1qaz!QAZ redisIp:192.168.88.119 redisPassword:"" redisDB:3]
SqlString  SELECT RTP,Amount,Bonus  FROM M_RtpSetting  WHERE Sid = 1   AND State = 1   AND LTG_Code = 2 AND Gid = 26
sqlResult   map[result:0.9600 count:1 state:1 amount:1.0069588e+06 bonus:908100.71]
[2020-01-02 12:28:00] rtpData ------->   map[result:0.9600 count:1 state:1 amount:1.0069588e+06 bonus:908100.71] 
ConfigData  map[ip:192.168.88.181 poolname:FA_MEM port:3306 user:fa_db password:1qaz!QAZ charset:utf8 redisIp:192.168.88.119 redisPort:6379 redisDB:3 database:FA_MEM redisPassword:""]
SELECT BO_No, BO_OrderNo , BO_User , BO_Issue  , BO_LotteryTypeGroup, BO_LotteryType, BO_Mode, BO_LotteryPlayGroup, BO_LotteryPlay , BO_LotteryContent, BO_Price, BO_RealPrice, BO_Unit, BO_Multiple , BO_BetCount  , BO_Winnings, BO_Winnings2, BO_Winnings3, BO_WinningLimit  , BO_Water , BO_BW_SourceUserId, BO_BW_BackWater, BO_BW_LimitBetCount, BO_BW_MaxAmount, BO_BW_AuditMultiple  , BO_Odds, BO_Odds2, BO_Odds3 , BO_Type, BO_Chase , BO_OpenResult, BO_OpenResult2, BO_DateDraw, BO_DateDraw2, BO_DateUpdate  FROM TS_BetOrder  WHERE BO_Cancel = 0   AND BO_CancelBackend = 0   AND BO_LotteryTypeGroup = 2 AND BO_LotteryType = 26 AND BO_Issue = 202001020749 AND BO_Collect = 0 ORDER BY BO_DateDraw ASC, BO_DateCreate ASC, BO_DateUpdate ASC, BO_No ASC ;
[2020-01-02 12:28:00] LottteryTypeGroup 2 
[2020-01-02 12:28:00] 有期號 但無注單 -------> map[amount:0 bonus:0 thisOpenResult:[2 6 9 8 1]] 
[GIN] 2020/01/02 - 12:28:00 | 200 |     4.98225ms |  192.168.66.115 | POST     /getResult
[2020-01-02 12:28:01] 自開彩開獎  {202001020250 6 37 true} 
ConfigData  map[redisIp:192.168.88.119 redisPassword:"" ip:192.168.88.181 poolname:FA_MEM port:3306 user:fa_db password:1qaz!QAZ database:FA_MEM charset:utf8 redisPort:6379 redisDB:3]
SqlString  SELECT RTP,Amount,Bonus  FROM M_RtpSetting  WHERE Sid = 1   AND State = 1   AND LTG_Code = 6 AND Gid = 37
sqlResult   map[result: count:0 state:0]
[2020-01-02 12:28:01] rtpData ------->   map[result: count:0 state:0] 
[GIN] 2020/01/02 - 12:28:01 | 200 |    2.750657ms |  192.168.66.115 | POST     /getResult
[2020-01-02 12:28:02] 自開彩開獎  {202001020748 1 34 true} 
ConfigData  map[redisPassword:"" redisDB:3 ip:192.168.88.181 port:3306 charset:utf8 redisIp:192.168.88.119 redisPort:6379 poolname:FA_MEM user:fa_db password:1qaz!QAZ database:FA_MEM]
SqlString  SELECT RTP,Amount,Bonus  FROM M_RtpSetting  WHERE Sid = 1   AND State = 1   AND LTG_Code = 1 AND Gid = 34
sqlResult   map[result: count:0 state:0]
[2020-01-02 12:28:02] rtpData ------->   map[result: count:0 state:0] 
[GIN] 2020/01/02 - 12:28:02 | 200 |    3.941293ms |  192.168.66.115 | POST     /getResult
[2020-01-02 12:28:04] 自開彩開獎  {202001020250 1 35 true} 
ConfigData  map[database:FA_MEM charset:utf8 redisPort:6379 redisPassword:"" ip:192.168.88.181 user:fa_db password:1qaz!QAZ redisIp:192.168.88.119 redisDB:3 poolname:FA_MEM port:3306]
SqlString  SELECT RTP,Amount,Bonus  FROM M_RtpSetting  WHERE Sid = 1   AND State = 1   AND LTG_Code = 1 AND Gid = 35
[2020-01-02 12:28:04] 自開彩開獎  {202001020748 6 36 true} 
ConfigData  map[ip:192.168.88.181 poolname:FA_MEM password:1qaz!QAZ redisPassword:"" redisDB:3 port:3306 user:fa_db database:FA_MEM charset:utf8 redisIp:192.168.88.119 redisPort:6379]
SqlString  SELECT RTP,Amount,Bonus  FROM M_RtpSetting  WHERE Sid = 1   AND State = 1   AND LTG_Code = 6 AND Gid = 36
sqlResult   map[count:0 state:0 result:]
[2020-01-02 12:28:04] rtpData ------->   map[result: count:0 state:0] 
[GIN] 2020/01/02 - 12:28:04 | 200 |    2.665272ms |  192.168.66.115 | POST     /getResult
sqlResult   map[state:0 result: count:0]
[2020-01-02 12:28:04] rtpData ------->   map[result: count:0 state:0] 
[GIN] 2020/01/02 - 12:28:04 | 200 |    3.055307ms |  192.168.66.115 | POST     /getResult
[2020-01-02 12:28:04] 自開彩開獎  {202001020748 5 38 true} 
ConfigData  map[redisIp:192.168.88.119 redisPassword:"" user:fa_db password:1qaz!QAZ port:3306 database:FA_MEM charset:utf8 redisPort:6379 redisDB:3 ip:192.168.88.181 poolname:FA_MEM]
SqlString  SELECT RTP,Amount,Bonus  FROM M_RtpSetting  WHERE Sid = 1   AND State = 1   AND LTG_Code = 5 AND Gid = 38
sqlResult   map[result: count:0 state:0]
[2020-01-02 12:28:04] rtpData ------->   map[result: count:0 state:0] 
[GIN] 2020/01/02 - 12:28:04 | 200 |    2.525379ms |  192.168.66.115 | POST     /getResult
[2020-01-02 12:28:04] 自開彩開獎  {202001020748 4 40 true} 
ConfigData  map[redisDB:3 port:3306 user:fa_db database:FA_MEM redisPassword:"" redisIp:192.168.88.119 redisPort:6379 ip:192.168.88.181 poolname:FA_MEM password:1qaz!QAZ charset:utf8]
SqlString  SELECT RTP,Amount,Bonus  FROM M_RtpSetting  WHERE Sid = 1   AND State = 1   AND LTG_Code = 4 AND Gid = 40
[2020-01-02 12:28:04] 自開彩開獎  {202001020250 4 41 true} 
ConfigData  map[user:fa_db database:FA_MEM charset:utf8 redisIp:192.168.88.119 redisPassword:"" ip:192.168.88.181 poolname:FA_MEM port:3306 password:1qaz!QAZ redisPort:6379 redisDB:3]
SqlString  SELECT RTP,Amount,Bonus  FROM M_RtpSetting  WHERE Sid = 1   AND State = 1   AND LTG_Code = 4 AND Gid = 41
sqlResult   map[count:0 state:0 result:]
[2020-01-02 12:28:04] rtpData ------->   map[count:0 state:0 result:] 
[GIN] 2020/01/02 - 12:28:04 | 200 |    2.521388ms |  192.168.66.115 | POST     /getResult
sqlResult   map[result: count:0 state:0]
[2020-01-02 12:28:04] rtpData ------->   map[result: count:0 state:0] 
[GIN] 2020/01/02 - 12:28:04 | 200 |    2.758383ms |  192.168.66.115 | POST     /getResult
[2020-01-02 12:28:08] 自開彩開獎  {202001020749 1 34 true} 
ConfigData  map[redisPort:6379 redisDB:3 ip:192.168.88.181 password:1qaz!QAZ user:fa_db database:FA_MEM charset:utf8 redisIp:192.168.88.119 redisPassword:"" poolname:FA_MEM port:3306]
SqlString  SELECT RTP,Amount,Bonus  FROM M_RtpSetting  WHERE Sid = 1   AND State = 1   AND LTG_Code = 1 AND Gid = 34
sqlResult   map[result: count:0 state:0]
[2020-01-02 12:28:08] rtpData ------->   map[state:0 result: count:0] 
[GIN] 2020/01/02 - 12:28:08 | 200 |    2.200089ms |  192.168.66.115 | POST     /getResult
[2020-01-02 12:28:10] 自開彩開獎  {202001020250 1 35 true} 
ConfigData  map[ip:192.168.88.181 user:fa_db redisPort:6379 redisPassword:"" redisDB:3 redisIp:192.168.88.119 poolname:FA_MEM port:3306 password:1qaz!QAZ database:FA_MEM charset:utf8]
SqlString  SELECT RTP,Amount,Bonus  FROM M_RtpSetting  WHERE Sid = 1   AND State = 1   AND LTG_Code = 1 AND Gid = 35
[2020-01-02 12:28:10] 自開彩開獎  {202001020749 6 36 true} 
ConfigData  map[ip:192.168.88.181 port:3306 user:fa_db database:FA_MEM redisIp:192.168.88.119 poolname:FA_MEM password:1qaz!QAZ charset:utf8 redisPort:6379 redisPassword:"" redisDB:3]
SqlString  SELECT RTP,Amount,Bonus  FROM M_RtpSetting  WHERE Sid = 1   AND State = 1   AND LTG_Code = 6 AND Gid = 36
sqlResult   map[result: count:0 state:0]
[2020-01-02 12:28:10] rtpData ------->   map[result: count:0 state:0] 
[GIN] 2020/01/02 - 12:28:10 | 200 |    2.923534ms |  192.168.66.115 | POST     /getResult
sqlResult   map[result: count:0 state:0]
[2020-01-02 12:28:10] rtpData ------->   map[count:0 state:0 result:] 
[GIN] 2020/01/02 - 12:28:10 | 200 |    2.297571ms |  192.168.66.115 | POST     /getResult
[2020-01-02 12:28:10] 自開彩開獎  {202001020749 5 38 true} 
ConfigData  map[redisPassword:"" ip:192.168.88.181 port:3306 user:fa_db password:1qaz!QAZ database:FA_MEM charset:utf8 redisPort:6379 redisDB:3 poolname:FA_MEM redisIp:192.168.88.119]
SqlString  SELECT RTP,Amount,Bonus  FROM M_RtpSetting  WHERE Sid = 1   AND State = 1   AND LTG_Code = 5 AND Gid = 38
[2020-01-02 12:28:10] 自開彩開獎  {202001020250 4 41 true} 
[2020-01-02 12:28:10] 自開彩開獎  {202001020749 4 40 true} 
ConfigData  map[port:3306 password:1qaz!QAZ database:FA_MEM redisIp:192.168.88.119 redisPort:6379 redisPassword:"" redisDB:3 ip:192.168.88.181 poolname:FA_MEM user:fa_db charset:utf8]
SqlString  SELECT RTP,Amount,Bonus  FROM M_RtpSetting  WHERE Sid = 1   AND State = 1   AND LTG_Code = 4 AND Gid = 41
ConfigData  map[ip:192.168.88.181 poolname:FA_MEM port:3306 password:1qaz!QAZ database:FA_MEM redisIp:192.168.88.119 redisPort:6379 user:fa_db charset:utf8 redisPassword:"" redisDB:3]
SqlString  SELECT RTP,Amount,Bonus  FROM M_RtpSetting  WHERE Sid = 1   AND State = 1   AND LTG_Code = 4 AND Gid = 40
sqlResult   map[result: count:0 state:0]
[2020-01-02 12:28:10] rtpData ------->   map[result: count:0 state:0] 
[GIN] 2020/01/02 - 12:28:10 | 200 |    3.039291ms |  192.168.66.115 | POST     /getResult
sqlResult   map[state:0 result: count:0]
[2020-01-02 12:28:10] rtpData ------->   map[result: count:0 state:0] 
[GIN] 2020/01/02 - 12:28:10 | 200 |    2.229009ms |  192.168.66.115 | POST     /getResult
sqlResult   map[result: count:0 state:0]
[2020-01-02 12:28:10] rtpData ------->   map[result: count:0 state:0] 
[GIN] 2020/01/02 - 12:28:10 | 200 |    2.437308ms |  192.168.66.115 | POST     /getResult
[2020-01-02 12:28:14] 自開彩開獎  {202001020749 1 34 true} 
ConfigData  map[database:FA_MEM redisIp:192.168.88.119 redisPort:6379 redisPassword:"" redisDB:3 ip:192.168.88.181 poolname:FA_MEM port:3306 user:fa_db password:1qaz!QAZ charset:utf8]
SqlString  SELECT RTP,Amount,Bonus  FROM M_RtpSetting  WHERE Sid = 1   AND State = 1   AND LTG_Code = 1 AND Gid = 34
sqlResult   map[result: count:0 state:0]
[2020-01-02 12:28:14] rtpData ------->   map[result: count:0 state:0] 
[GIN] 2020/01/02 - 12:28:14 | 200 |    5.489461ms |  192.168.66.115 | POST     /getResult
[2020-01-02 12:28:16] 自開彩開獎  {202001020250 1 35 true} 
[2020-01-02 12:28:16] 自開彩開獎  {202001020749 6 36 true} 
ConfigData  map[database:FA_MEM charset:utf8 redisPassword:"" redisDB:3 password:1qaz!QAZ poolname:FA_MEM port:3306 user:fa_db redisIp:192.168.88.119 redisPort:6379 ip:192.168.88.181]
SqlString  SELECT RTP,Amount,Bonus  FROM M_RtpSetting  WHERE Sid = 1   AND State = 1   AND LTG_Code = 1 AND Gid = 35
ConfigData  map[redisDB:3 port:3306 database:FA_MEM charset:utf8 redisIp:192.168.88.119 redisPort:6379 redisPassword:"" ip:192.168.88.181 poolname:FA_MEM user:fa_db password:1qaz!QAZ]
SqlString  SELECT RTP,Amount,Bonus  FROM M_RtpSetting  WHERE Sid = 1   AND State = 1   AND LTG_Code = 6 AND Gid = 36
sqlResult   map[result: count:0 state:0]
[2020-01-02 12:28:16] rtpData ------->   map[result: count:0 state:0] 
[GIN] 2020/01/02 - 12:28:16 | 200 |    2.603388ms |  192.168.66.115 | POST     /getResult
sqlResult   map[result: count:0 state:0]
[2020-01-02 12:28:16] rtpData ------->   map[result: count:0 state:0] 
[GIN] 2020/01/02 - 12:28:16 | 200 |    2.779988ms |  192.168.66.115 | POST     /getResult
[2020-01-02 12:28:16] 自開彩開獎  {202001020749 5 38 true} 
ConfigData  map[password:1qaz!QAZ database:FA_MEM redisIp:192.168.88.119 redisDB:3 redisPort:6379 redisPassword:"" ip:192.168.88.181 poolname:FA_MEM port:3306 user:fa_db charset:utf8]
SqlString  SELECT RTP,Amount,Bonus  FROM M_RtpSetting  WHERE Sid = 1   AND State = 1   AND LTG_Code = 5 AND Gid = 38
[2020-01-02 12:28:16] 自開彩開獎  {202001020250 4 41 true} 
ConfigData  map[redisIp:192.168.88.119 redisPort:6379 ip:192.168.88.181 poolname:FA_MEM port:3306 password:1qaz!QAZ redisDB:3 user:fa_db database:FA_MEM charset:utf8 redisPassword:""]
SqlString  SELECT RTP,Amount,Bonus  FROM M_RtpSetting  WHERE Sid = 1   AND State = 1   AND LTG_Code = 4 AND Gid = 41
[2020-01-02 12:28:16] 自開彩開獎  {202001020749 4 40 true} 
ConfigData  map[redisDB:3 ip:192.168.88.181 poolname:FA_MEM user:fa_db password:1qaz!QAZ database:FA_MEM redisPort:6379 port:3306 charset:utf8 redisIp:192.168.88.119 redisPassword:""]
SqlString  SELECT RTP,Amount,Bonus  FROM M_RtpSetting  WHERE Sid = 1   AND State = 1   AND LTG_Code = 4 AND Gid = 40
sqlResult   map[count:0 state:0 result:]
[2020-01-02 12:28:16] rtpData ------->   map[result: count:0 state:0] 
[GIN] 2020/01/02 - 12:28:16 | 200 |    3.038496ms |  192.168.66.115 | POST     /getResult
sqlResult   map[result: count:0 state:0]
[2020-01-02 12:28:16] rtpData ------->   map[result: count:0 state:0] 
[GIN] 2020/01/02 - 12:28:16 | 200 |    2.428986ms |  192.168.66.115 | POST     /getResult
sqlResult   map[result: count:0 state:0]
[2020-01-02 12:28:16] rtpData ------->   map[state:0 result: count:0] 
[GIN] 2020/01/02 - 12:28:16 | 200 |    2.622137ms |  192.168.66.115 | POST     /getResult
[2020-01-02 12:28:20] 自開彩開獎  {202001020749 1 34 true} 
ConfigData  map[user:fa_db password:1qaz!QAZ redisIp:192.168.88.119 redisPassword:"" port:3306 poolname:FA_MEM database:FA_MEM charset:utf8 redisPort:6379 redisDB:3 ip:192.168.88.181]
SqlString  SELECT RTP,Amount,Bonus  FROM M_RtpSetting  WHERE Sid = 1   AND State = 1   AND LTG_Code = 1 AND Gid = 34
sqlResult   map[result: count:0 state:0]
[2020-01-02 12:28:20] rtpData ------->   map[result: count:0 state:0] 
[GIN] 2020/01/02 - 12:28:20 | 200 |    2.326564ms |  192.168.66.115 | POST     /getResult
[2020-01-02 12:28:22] 自開彩開獎  {202001020250 1 35 true} 
ConfigData  map[database:FA_MEM redisPassword:"" redisDB:3 ip:192.168.88.181 poolname:FA_MEM port:3306 user:fa_db password:1qaz!QAZ charset:utf8 redisIp:192.168.88.119 redisPort:6379]
SqlString  SELECT RTP,Amount,Bonus  FROM M_RtpSetting  WHERE Sid = 1   AND State = 1   AND LTG_Code = 1 AND Gid = 35
[2020-01-02 12:28:22] 自開彩開獎  {202001020749 6 36 true} 
ConfigData  map[database:FA_MEM charset:utf8 poolname:FA_MEM port:3306 user:fa_db password:1qaz!QAZ redisIp:192.168.88.119 redisPort:6379 redisPassword:"" redisDB:3 ip:192.168.88.181]
SqlString  SELECT RTP,Amount,Bonus  FROM M_RtpSetting  WHERE Sid = 1   AND State = 1   AND LTG_Code = 6 AND Gid = 36
sqlResult   map[result: count:0 state:0]
[2020-01-02 12:28:22] rtpData ------->   map[count:0 state:0 result:] 
[GIN] 2020/01/02 - 12:28:22 | 200 |    1.934287ms |  192.168.66.115 | POST     /getResult
sqlResult   map[result: count:0 state:0]
[2020-01-02 12:28:22] rtpData ------->   map[count:0 state:0 result:] 
[GIN] 2020/01/02 - 12:28:22 | 200 |    2.351902ms |  192.168.66.115 | POST     /getResult
[2020-01-02 12:28:22] 自開彩開獎  {202001020749 5 38 true} 
[2020-01-02 12:28:22] 自開彩開獎  {202001020250 4 41 true} 
ConfigData  map[port:3306 user:fa_db redisIp:192.168.88.119 redisPort:6379 redisPassword:"" ip:192.168.88.181 poolname:FA_MEM password:1qaz!QAZ database:FA_MEM charset:utf8 redisDB:3]
SqlString  SELECT RTP,Amount,Bonus  FROM M_RtpSetting  WHERE Sid = 1   AND State = 1   AND LTG_Code = 4 AND Gid = 41
[2020-01-02 12:28:22] 自開彩開獎  {202001020749 4 40 true} 
ConfigData  map[database:FA_MEM redisIp:192.168.88.119 redisPassword:"" ip:192.168.88.181 user:fa_db password:1qaz!QAZ charset:utf8 redisPort:6379 redisDB:3 poolname:FA_MEM port:3306]
SqlString  SELECT RTP,Amount,Bonus  FROM M_RtpSetting  WHERE Sid = 1   AND State = 1   AND LTG_Code = 4 AND Gid = 40
ConfigData  map[redisIp:192.168.88.119 redisPassword:"" redisDB:3 poolname:FA_MEM port:3306 charset:utf8 database:FA_MEM redisPort:6379 ip:192.168.88.181 user:fa_db password:1qaz!QAZ]
SqlString  SELECT RTP,Amount,Bonus  FROM M_RtpSetting  WHERE Sid = 1   AND State = 1   AND LTG_Code = 5 AND Gid = 38
sqlResult   map[result: count:0 state:0]
[2020-01-02 12:28:22] rtpData ------->   map[result: count:0 state:0] 
[GIN] 2020/01/02 - 12:28:22 | 200 |    3.015151ms |  192.168.66.115 | POST     /getResult
sqlResult   map[result: count:0 state:0]
[2020-01-02 12:28:22] rtpData ------->   map[state:0 result: count:0] 
[GIN] 2020/01/02 - 12:28:22 | 200 |    3.059822ms |  192.168.66.115 | POST     /getResult
sqlResult   map[result: count:0 state:0]
[2020-01-02 12:28:22] rtpData ------->   map[state:0 result: count:0] 
[GIN] 2020/01/02 - 12:28:22 | 200 |    8.826583ms |  192.168.66.115 | POST     /getResult
[2020-01-02 12:28:26] 自開彩開獎  {202001020749 1 34 true} 
ConfigData  map[redisDB:3 poolname:FA_MEM port:3306 password:1qaz!QAZ redisPort:6379 redisIp:192.168.88.119 redisPassword:"" ip:192.168.88.181 user:fa_db database:FA_MEM charset:utf8]
SqlString  SELECT RTP,Amount,Bonus  FROM M_RtpSetting  WHERE Sid = 1   AND State = 1   AND LTG_Code = 1 AND Gid = 34
sqlResult   map[count:0 state:0 result:]
[2020-01-02 12:28:26] rtpData ------->   map[state:0 result: count:0] 
[GIN] 2020/01/02 - 12:28:26 | 200 |    2.717956ms |  192.168.66.115 | POST     /getResult
[2020-01-02 12:28:28] 自開彩開獎  {202001020250 1 35 true} 
ConfigData  map[redisDB:3 ip:192.168.88.181 user:fa_db password:1qaz!QAZ database:FA_MEM charset:utf8 poolname:FA_MEM port:3306 redisIp:192.168.88.119 redisPort:6379 redisPassword:""]
SqlString  SELECT RTP,Amount,Bonus  FROM M_RtpSetting  WHERE Sid = 1   AND State = 1   AND LTG_Code = 1 AND Gid = 35
[2020-01-02 12:28:28] 自開彩開獎  {202001020749 6 36 true} 
ConfigData  map[poolname:FA_MEM port:3306 charset:utf8 redisDB:3 ip:192.168.88.181 password:1qaz!QAZ database:FA_MEM redisIp:192.168.88.119 redisPort:6379 redisPassword:"" user:fa_db]
SqlString  SELECT RTP,Amount,Bonus  FROM M_RtpSetting  WHERE Sid = 1   AND State = 1   AND LTG_Code = 6 AND Gid = 36
sqlResult   map[result: count:0 state:0]
[2020-01-02 12:28:28] rtpData ------->   map[result: count:0 state:0] 
[GIN] 2020/01/02 - 12:28:28 | 200 |    2.242418ms |  192.168.66.115 | POST     /getResult
sqlResult   map[result: count:0 state:0]
[2020-01-02 12:28:28] rtpData ------->   map[result: count:0 state:0] 
[GIN] 2020/01/02 - 12:28:28 | 200 |    2.300066ms |  192.168.66.115 | POST     /getResult
[2020-01-02 12:28:28] 自開彩開獎  {202001020749 5 38 true} 
ConfigData  map[redisPassword:"" redisDB:3 ip:192.168.88.181 poolname:FA_MEM user:fa_db password:1qaz!QAZ database:FA_MEM charset:utf8 port:3306 redisIp:192.168.88.119 redisPort:6379]
SqlString  SELECT RTP,Amount,Bonus  FROM M_RtpSetting  WHERE Sid = 1   AND State = 1   AND LTG_Code = 5 AND Gid = 38
[2020-01-02 12:28:28] 自開彩開獎  {202001020749 4 40 true} 
ConfigData  map[poolname:FA_MEM user:fa_db charset:utf8 redisIp:192.168.88.119 redisPort:6379 ip:192.168.88.181 port:3306 password:1qaz!QAZ database:FA_MEM redisPassword:"" redisDB:3]
SqlString  SELECT RTP,Amount,Bonus  FROM M_RtpSetting  WHERE Sid = 1   AND State = 1   AND LTG_Code = 4 AND Gid = 40
[2020-01-02 12:28:28] 自開彩開獎  {202001020250 4 41 true} 
ConfigData  map[port:3306 password:1qaz!QAZ charset:utf8 redisIp:192.168.88.119 redisPassword:"" redisDB:3 ip:192.168.88.181 poolname:FA_MEM user:fa_db database:FA_MEM redisPort:6379]
SqlString  SELECT RTP,Amount,Bonus  FROM M_RtpSetting  WHERE Sid = 1   AND State = 1   AND LTG_Code = 4 AND Gid = 41
sqlResult   map[result: count:0 state:0]
[2020-01-02 12:28:28] rtpData ------->   map[result: count:0 state:0] 
[GIN] 2020/01/02 - 12:28:28 | 200 |    2.630621ms |  192.168.66.115 | POST     /getResult
sqlResult   map[result: count:0 state:0]
[2020-01-02 12:28:28] rtpData ------->   map[count:0 state:0 result:] 
sqlResult   map[result: count:0 state:0]
[GIN] 2020/01/02 - 12:28:28 | 200 |    3.241321ms |  192.168.66.115 | POST     /getResult
[2020-01-02 12:28:28] rtpData ------->   map[result: count:0 state:0] 
[GIN] 2020/01/02 - 12:28:28 | 200 |    3.265577ms |  192.168.66.115 | POST     /getResult
[2020-01-02 12:28:32] 自開彩開獎  {202001020749 1 34 true} 
ConfigData  map[poolname:FA_MEM port:3306 password:1qaz!QAZ redisDB:3 ip:192.168.88.181 database:FA_MEM charset:utf8 redisIp:192.168.88.119 redisPort:6379 redisPassword:"" user:fa_db]
SqlString  SELECT RTP,Amount,Bonus  FROM M_RtpSetting  WHERE Sid = 1   AND State = 1   AND LTG_Code = 1 AND Gid = 34
sqlResult   map[result: count:0 state:0]
[2020-01-02 12:28:32] rtpData ------->   map[state:0 result: count:0] 
[GIN] 2020/01/02 - 12:28:32 | 200 |    3.586049ms |  192.168.66.115 | POST     /getResult
[2020-01-02 12:28:34] 自開彩開獎  {202001020250 1 35 true} 
ConfigData  map[database:FA_MEM redisPassword:"" redisDB:3 user:fa_db password:1qaz!QAZ port:3306 charset:utf8 redisIp:192.168.88.119 redisPort:6379 ip:192.168.88.181 poolname:FA_MEM]
SqlString  SELECT RTP,Amount,Bonus  FROM M_RtpSetting  WHERE Sid = 1   AND State = 1   AND LTG_Code = 1 AND Gid = 35
[2020-01-02 12:28:34] 自開彩開獎  {202001020749 6 36 true} 
ConfigData  map[redisIp:192.168.88.119 redisDB:3 port:3306 user:fa_db password:1qaz!QAZ database:FA_MEM redisPassword:"" ip:192.168.88.181 poolname:FA_MEM charset:utf8 redisPort:6379]
SqlString  SELECT RTP,Amount,Bonus  FROM M_RtpSetting  WHERE Sid = 1   AND State = 1   AND LTG_Code = 6 AND Gid = 36
sqlResult   map[result: count:0 state:0]
[2020-01-02 12:28:34] rtpData ------->   map[state:0 result: count:0] 
[GIN] 2020/01/02 - 12:28:34 | 200 |    3.582169ms |  192.168.66.115 | POST     /getResult
sqlResult   map[result: count:0 state:0]
[2020-01-02 12:28:34] rtpData ------->   map[result: count:0 state:0] 
[GIN] 2020/01/02 - 12:28:34 | 200 |    2.370478ms |  192.168.66.115 | POST     /getResult
[2020-01-02 12:28:34] 自開彩開獎  {202001020250 4 41 true} 
ConfigData  map[charset:utf8 redisPassword:"" redisDB:3 poolname:FA_MEM port:3306 user:fa_db database:FA_MEM ip:192.168.88.181 password:1qaz!QAZ redisIp:192.168.88.119 redisPort:6379]
SqlString  SELECT RTP,Amount,Bonus  FROM M_RtpSetting  WHERE Sid = 1   AND State = 1   AND LTG_Code = 4 AND Gid = 41
[2020-01-02 12:28:34] 自開彩開獎  {202001020749 4 40 true} 
ConfigData  map[password:1qaz!QAZ database:FA_MEM charset:utf8 redisPort:6379 redisPassword:"" redisDB:3 ip:192.168.88.181 poolname:FA_MEM port:3306 user:fa_db redisIp:192.168.88.119]
SqlString  SELECT RTP,Amount,Bonus  FROM M_RtpSetting  WHERE Sid = 1   AND State = 1   AND LTG_Code = 4 AND Gid = 40
[2020-01-02 12:28:34] 自開彩開獎  {202001020749 5 38 true} 
ConfigData  map[poolname:FA_MEM port:3306 password:1qaz!QAZ database:FA_MEM charset:utf8 redisIp:192.168.88.119 redisPort:6379 redisDB:3 ip:192.168.88.181 user:fa_db redisPassword:""]
SqlString  SELECT RTP,Amount,Bonus  FROM M_RtpSetting  WHERE Sid = 1   AND State = 1   AND LTG_Code = 5 AND Gid = 38
sqlResult   map[result: count:0 state:0]
[2020-01-02 12:28:34] rtpData ------->   map[result: count:0 state:0] 
[GIN] 2020/01/02 - 12:28:34 | 200 |    2.754413ms |  192.168.66.115 | POST     /getResult
sqlResult   map[result: count:0 state:0]
[2020-01-02 12:28:34] rtpData ------->   map[result: count:0 state:0] 
[GIN] 2020/01/02 - 12:28:34 | 200 |    2.943094ms |  192.168.66.115 | POST     /getResult
sqlResult   map[count:0 state:0 result:]
[2020-01-02 12:28:34] rtpData ------->   map[result: count:0 state:0] 
[GIN] 2020/01/02 - 12:28:34 | 200 |    3.173516ms |  192.168.66.115 | POST     /getResult
[2020-01-02 12:28:38] 自開彩開獎  {202001020749 1 34 true} 
ConfigData  map[port:3306 password:1qaz!QAZ charset:utf8 redisDB:3 redisPassword:"" ip:192.168.88.181 poolname:FA_MEM user:fa_db database:FA_MEM redisIp:192.168.88.119 redisPort:6379]
SqlString  SELECT RTP,Amount,Bonus  FROM M_RtpSetting  WHERE Sid = 1   AND State = 1   AND LTG_Code = 1 AND Gid = 34
sqlResult   map[result: count:0 state:0]
[2020-01-02 12:28:38] rtpData ------->   map[result: count:0 state:0] 
[GIN] 2020/01/02 - 12:28:38 | 200 |    2.574245ms |  192.168.66.115 | POST     /getResult
[2020-01-02 12:28:40] 自開彩開獎  {202001020250 1 35 true} 
ConfigData  map[redisPassword:"" ip:192.168.88.181 port:3306 database:FA_MEM redisIp:192.168.88.119 redisPort:6379 redisDB:3 poolname:FA_MEM user:fa_db password:1qaz!QAZ charset:utf8]
SqlString  SELECT RTP,Amount,Bonus  FROM M_RtpSetting  WHERE Sid = 1   AND State = 1   AND LTG_Code = 1 AND Gid = 35
[2020-01-02 12:28:40] 自開彩開獎  {202001020749 6 36 true} 
ConfigData  map[redisPort:6379 redisPassword:"" user:fa_db password:1qaz!QAZ database:FA_MEM redisIp:192.168.88.119 redisDB:3 ip:192.168.88.181 poolname:FA_MEM port:3306 charset:utf8]
SqlString  SELECT RTP,Amount,Bonus  FROM M_RtpSetting  WHERE Sid = 1   AND State = 1   AND LTG_Code = 6 AND Gid = 36
sqlResult   map[result: count:0 state:0]
[2020-01-02 12:28:40] rtpData ------->   map[result: count:0 state:0] 
sqlResult   map[result: count:0 state:0]
[2020-01-02 12:28:40] rtpData ------->   map[result: count:0 state:0] 
[GIN] 2020/01/02 - 12:28:40 | 200 |    2.260892ms |  192.168.66.115 | POST     /getResult
[GIN] 2020/01/02 - 12:28:40 | 200 |    2.435111ms |  192.168.66.115 | POST     /getResult
[2020-01-02 12:28:40] 自開彩開獎  {202001020749 5 38 true} 
ConfigData  map[ip:192.168.88.181 poolname:FA_MEM user:fa_db database:FA_MEM charset:utf8 redisPassword:"" port:3306 password:1qaz!QAZ redisIp:192.168.88.119 redisPort:6379 redisDB:3]
SqlString  SELECT RTP,Amount,Bonus  FROM M_RtpSetting  WHERE Sid = 1   AND State = 1   AND LTG_Code = 5 AND Gid = 38
[2020-01-02 12:28:40] 自開彩開獎  {202001020749 4 40 true} 
ConfigData  map[poolname:FA_MEM port:3306 user:fa_db password:1qaz!QAZ database:FA_MEM redisPassword:"" ip:192.168.88.181 charset:utf8 redisIp:192.168.88.119 redisPort:6379 redisDB:3]
SqlString  SELECT RTP,Amount,Bonus  FROM M_RtpSetting  WHERE Sid = 1   AND State = 1   AND LTG_Code = 4 AND Gid = 40
[2020-01-02 12:28:40] 自開彩開獎  {202001020250 4 41 true} 
ConfigData  map[ip:192.168.88.181 user:fa_db charset:utf8 redisIp:192.168.88.119 redisPort:6379 redisPassword:"" redisDB:3 poolname:FA_MEM port:3306 password:1qaz!QAZ database:FA_MEM]
SqlString  SELECT RTP,Amount,Bonus  FROM M_RtpSetting  WHERE Sid = 1   AND State = 1   AND LTG_Code = 4 AND Gid = 41
sqlResult   map[state:0 result: count:0]
[2020-01-02 12:28:40] rtpData ------->   map[result: count:0 state:0] 
[GIN] 2020/01/02 - 12:28:40 | 200 |    2.148183ms |  192.168.66.115 | POST     /getResult
sqlResult   map[state:0 result: count:0]
[2020-01-02 12:28:40] rtpData ------->   map[count:0 state:0 result:] 
[GIN] 2020/01/02 - 12:28:40 | 200 |    2.798277ms |  192.168.66.115 | POST     /getResult
sqlResult   map[result: count:0 state:0]
[2020-01-02 12:28:40] rtpData ------->   map[result: count:0 state:0] 
[GIN] 2020/01/02 - 12:28:40 | 200 |    4.713493ms |  192.168.66.115 | POST     /getResult
[2020-01-02 12:28:44] 自開彩開獎  {202001020749 1 34 true} 
ConfigData  map[ip:192.168.88.181 user:fa_db charset:utf8 redisPort:6379 poolname:FA_MEM port:3306 password:1qaz!QAZ database:FA_MEM redisIp:192.168.88.119 redisPassword:"" redisDB:3]
SqlString  SELECT RTP,Amount,Bonus  FROM M_RtpSetting  WHERE Sid = 1   AND State = 1   AND LTG_Code = 1 AND Gid = 34
sqlResult   map[state:0 result: count:0]
[2020-01-02 12:28:44] rtpData ------->   map[result: count:0 state:0] 
[GIN] 2020/01/02 - 12:28:44 | 200 |    3.093685ms |  192.168.66.115 | POST     /getResult
[2020-01-02 12:28:46] 自開彩開獎  {202001020250 1 35 true} 
ConfigData  map[ip:192.168.88.181 poolname:FA_MEM password:1qaz!QAZ database:FA_MEM redisPassword:"" redisDB:3 port:3306 user:fa_db charset:utf8 redisIp:192.168.88.119 redisPort:6379]
SqlString  SELECT RTP,Amount,Bonus  FROM M_RtpSetting  WHERE Sid = 1   AND State = 1   AND LTG_Code = 1 AND Gid = 35
[2020-01-02 12:28:46] 自開彩開獎  {202001020749 6 36 true} 
ConfigData  map[ip:192.168.88.181 port:3306 password:1qaz!QAZ database:FA_MEM redisPort:6379 poolname:FA_MEM user:fa_db charset:utf8 redisIp:192.168.88.119 redisPassword:"" redisDB:3]
SqlString  SELECT RTP,Amount,Bonus  FROM M_RtpSetting  WHERE Sid = 1   AND State = 1   AND LTG_Code = 6 AND Gid = 36
sqlResult   map[result: count:0 state:0]
[2020-01-02 12:28:46] rtpData ------->   map[count:0 state:0 result:] 
[GIN] 2020/01/02 - 12:28:46 | 200 |    3.358197ms |  192.168.66.115 | POST     /getResult
sqlResult   map[count:0 state:0 result:]
[2020-01-02 12:28:46] rtpData ------->   map[result: count:0 state:0] 
[GIN] 2020/01/02 - 12:28:46 | 200 |     3.37434ms |  192.168.66.115 | POST     /getResult
[2020-01-02 12:28:46] 自開彩開獎  {202001020749 5 38 true} 
ConfigData  map[user:fa_db password:1qaz!QAZ database:FA_MEM charset:utf8 redisDB:3 ip:192.168.88.181 poolname:FA_MEM port:3306 redisIp:192.168.88.119 redisPort:6379 redisPassword:""]
SqlString  SELECT RTP,Amount,Bonus  FROM M_RtpSetting  WHERE Sid = 1   AND State = 1   AND LTG_Code = 5 AND Gid = 38
[2020-01-02 12:28:46] 自開彩開獎  {202001020749 4 40 true} 
ConfigData  map[ip:192.168.88.181 port:3306 user:fa_db password:1qaz!QAZ charset:utf8 redisPort:6379 poolname:FA_MEM database:FA_MEM redisIp:192.168.88.119 redisPassword:"" redisDB:3]
SqlString  SELECT RTP,Amount,Bonus  FROM M_RtpSetting  WHERE Sid = 1   AND State = 1   AND LTG_Code = 4 AND Gid = 40
[2020-01-02 12:28:46] 自開彩開獎  {202001020250 4 41 true} 
ConfigData  map[port:3306 user:fa_db password:1qaz!QAZ redisDB:3 ip:192.168.88.181 poolname:FA_MEM database:FA_MEM charset:utf8 redisIp:192.168.88.119 redisPort:6379 redisPassword:""]
SqlString  SELECT RTP,Amount,Bonus  FROM M_RtpSetting  WHERE Sid = 1   AND State = 1   AND LTG_Code = 4 AND Gid = 41
sqlResult   map[result: count:0 state:0]
[2020-01-02 12:28:46] rtpData ------->   map[count:0 state:0 result:] 
[GIN] 2020/01/02 - 12:28:46 | 200 |    2.236635ms |  192.168.66.115 | POST     /getResult
sqlResult   map[result: count:0 state:0]
[2020-01-02 12:28:46] rtpData ------->   map[state:0 result: count:0] 
[GIN] 2020/01/02 - 12:28:46 | 200 |     2.12099ms |  192.168.66.115 | POST     /getResult
sqlResult   map[result: count:0 state:0]
[2020-01-02 12:28:46] rtpData ------->   map[result: count:0 state:0] 
[GIN] 2020/01/02 - 12:28:46 | 200 |    3.958031ms |  192.168.66.115 | POST     /getResult
[2020-01-02 12:28:50] 自開彩開獎  {202001020749 1 34 true} 
ConfigData  map[redisIp:192.168.88.119 redisPort:6379 poolname:FA_MEM user:fa_db password:1qaz!QAZ database:FA_MEM charset:utf8 ip:192.168.88.181 port:3306 redisPassword:"" redisDB:3]
SqlString  SELECT RTP,Amount,Bonus  FROM M_RtpSetting  WHERE Sid = 1   AND State = 1   AND LTG_Code = 1 AND Gid = 34
sqlResult   map[result: count:0 state:0]
[2020-01-02 12:28:50] rtpData ------->   map[result: count:0 state:0] 
[GIN] 2020/01/02 - 12:28:50 | 200 |    8.166361ms |  192.168.66.115 | POST     /getResult
[2020-01-02 12:28:52] 自開彩開獎  {202001020749 6 36 true} 
[2020-01-02 12:28:52] 自開彩開獎  {202001020250 1 35 true} 
ConfigData  map[user:fa_db charset:utf8 redisPort:6379 redisPassword:"" database:FA_MEM redisIp:192.168.88.119 redisDB:3 ip:192.168.88.181 poolname:FA_MEM port:3306 password:1qaz!QAZ]
SqlString  SELECT RTP,Amount,Bonus  FROM M_RtpSetting  WHERE Sid = 1   AND State = 1   AND LTG_Code = 1 AND Gid = 35
ConfigData  map[poolname:FA_MEM user:fa_db password:1qaz!QAZ database:FA_MEM redisPassword:"" redisDB:3 ip:192.168.88.181 port:3306 charset:utf8 redisIp:192.168.88.119 redisPort:6379]
SqlString  SELECT RTP,Amount,Bonus  FROM M_RtpSetting  WHERE Sid = 1   AND State = 1   AND LTG_Code = 6 AND Gid = 36
sqlResult   map[result: count:0 state:0]
[2020-01-02 12:28:52] rtpData ------->   map[result: count:0 state:0] 
[GIN] 2020/01/02 - 12:28:52 | 200 |    2.748101ms |  192.168.66.115 | POST     /getResult
sqlResult   map[state:0 result: count:0]
[2020-01-02 12:28:52] rtpData ------->   map[result: count:0 state:0] 
[GIN] 2020/01/02 - 12:28:52 | 200 |    5.202598ms |  192.168.66.115 | POST     /getResult
[2020-01-02 12:28:52] 自開彩開獎  {202001020749 5 38 true} 
ConfigData  map[redisIp:192.168.88.119 redisPort:6379 redisPassword:"" redisDB:3 port:3306 password:1qaz!QAZ database:FA_MEM charset:utf8 ip:192.168.88.181 poolname:FA_MEM user:fa_db]
SqlString  SELECT RTP,Amount,Bonus  FROM M_RtpSetting  WHERE Sid = 1   AND State = 1   AND LTG_Code = 5 AND Gid = 38
sqlResult   map[result: count:0 state:0]
[2020-01-02 12:28:52] rtpData ------->   map[result: count:0 state:0] 
[GIN] 2020/01/02 - 12:28:52 | 200 |    2.903514ms |  192.168.66.115 | POST     /getResult
[2020-01-02 12:28:52] 自開彩開獎  {202001020749 4 40 true} 
ConfigData  map[redisPort:6379 poolname:FA_MEM user:fa_db password:1qaz!QAZ database:FA_MEM redisIp:192.168.88.119 ip:192.168.88.181 port:3306 charset:utf8 redisPassword:"" redisDB:3]
SqlString  SELECT RTP,Amount,Bonus  FROM M_RtpSetting  WHERE Sid = 1   AND State = 1   AND LTG_Code = 4 AND Gid = 40
[2020-01-02 12:28:52] 自開彩開獎  {202001020250 4 41 true} 
ConfigData  map[redisIp:192.168.88.119 redisPort:6379 ip:192.168.88.181 poolname:FA_MEM port:3306 database:FA_MEM redisDB:3 user:fa_db password:1qaz!QAZ charset:utf8 redisPassword:""]
SqlString  SELECT RTP,Amount,Bonus  FROM M_RtpSetting  WHERE Sid = 1   AND State = 1   AND LTG_Code = 4 AND Gid = 41
sqlResult   map[count:0 state:0 result:]
[2020-01-02 12:28:52] rtpData ------->   map[result: count:0 state:0] 
sqlResult   map[result: count:0 state:0]
[GIN] 2020/01/02 - 12:28:52 | 200 |    2.107132ms |  192.168.66.115 | POST     /getResult
[2020-01-02 12:28:52] rtpData ------->   map[state:0 result: count:0] 
[GIN] 2020/01/02 - 12:28:52 | 200 |    2.197538ms |  192.168.66.115 | POST     /getResult
[2020-01-02 12:28:56] 自開彩開獎  {202001020749 1 34 true} 
ConfigData  map[poolname:FA_MEM port:3306 charset:utf8 redisPort:6379 ip:192.168.88.181 user:fa_db password:1qaz!QAZ database:FA_MEM redisIp:192.168.88.119 redisPassword:"" redisDB:3]
SqlString  SELECT RTP,Amount,Bonus  FROM M_RtpSetting  WHERE Sid = 1   AND State = 1   AND LTG_Code = 1 AND Gid = 34
sqlResult   map[result: count:0 state:0]
[2020-01-02 12:28:56] rtpData ------->   map[result: count:0 state:0] 
[GIN] 2020/01/02 - 12:28:56 | 200 |    4.425091ms |  192.168.66.115 | POST     /getResult
[2020-01-02 12:28:58] 自開彩開獎  {202001020250 1 35 true} 
ConfigData  map[password:1qaz!QAZ charset:utf8 redisIp:192.168.88.119 redisDB:3 ip:192.168.88.181 poolname:FA_MEM port:3306 user:fa_db database:FA_MEM redisPort:6379 redisPassword:""]
SqlString  SELECT RTP,Amount,Bonus  FROM M_RtpSetting  WHERE Sid = 1   AND State = 1   AND LTG_Code = 1 AND Gid = 35
[2020-01-02 12:28:58] 自開彩開獎  {202001020749 6 36 true} 
ConfigData  map[ip:192.168.88.181 poolname:FA_MEM user:fa_db password:1qaz!QAZ database:FA_MEM redisIp:192.168.88.119 redisPort:6379 port:3306 charset:utf8 redisPassword:"" redisDB:3]
SqlString  SELECT RTP,Amount,Bonus  FROM M_RtpSetting  WHERE Sid = 1   AND State = 1   AND LTG_Code = 6 AND Gid = 36
sqlResult   map[result: count:0 state:0]
[2020-01-02 12:28:58] rtpData ------->   map[result: count:0 state:0] 
sqlResult   map[state:0 result: count:0]
[GIN] 2020/01/02 - 12:28:58 | 200 |    2.683573ms |  192.168.66.115 | POST     /getResult
[2020-01-02 12:28:58] rtpData ------->   map[result: count:0 state:0] 
[GIN] 2020/01/02 - 12:28:58 | 200 |    2.752382ms |  192.168.66.115 | POST     /getResult
[2020-01-02 12:28:58] 自開彩開獎  {202001020749 5 38 true} 
ConfigData  map[ip:192.168.88.181 poolname:FA_MEM user:fa_db password:1qaz!QAZ redisIp:192.168.88.119 redisDB:3 port:3306 database:FA_MEM charset:utf8 redisPort:6379 redisPassword:""]
SqlString  SELECT RTP,Amount,Bonus  FROM M_RtpSetting  WHERE Sid = 1   AND State = 1   AND LTG_Code = 5 AND Gid = 38
[2020-01-02 12:28:58] 自開彩開獎  {202001020250 4 41 true} 
ConfigData  map[ip:192.168.88.181 poolname:FA_MEM port:3306 user:fa_db password:1qaz!QAZ redisIp:192.168.88.119 redisPort:6379 redisDB:3 database:FA_MEM charset:utf8 redisPassword:""]
SqlString  SELECT RTP,Amount,Bonus  FROM M_RtpSetting  WHERE Sid = 1   AND State = 1   AND LTG_Code = 4 AND Gid = 41
[2020-01-02 12:28:58] 自開彩開獎  {202001020749 4 40 true} 
ConfigData  map[user:fa_db password:1qaz!QAZ database:FA_MEM redisPort:6379 redisPassword:"" ip:192.168.88.181 poolname:FA_MEM port:3306 charset:utf8 redisIp:192.168.88.119 redisDB:3]
SqlString  SELECT RTP,Amount,Bonus  FROM M_RtpSetting  WHERE Sid = 1   AND State = 1   AND LTG_Code = 4 AND Gid = 40
sqlResult   map[result: count:0 state:0]
[2020-01-02 12:28:58] rtpData ------->   map[result: count:0 state:0] 
[GIN] 2020/01/02 - 12:28:58 | 200 |    2.960702ms |  192.168.66.115 | POST     /getResult
sqlResult   map[result: count:0 state:0]
[2020-01-02 12:28:58] rtpData ------->   map[count:0 state:0 result:] 
[GIN] 2020/01/02 - 12:28:58 | 200 |     3.12349ms |  192.168.66.115 | POST     /getResult
sqlResult   map[count:0 state:0 result:]
[2020-01-02 12:28:58] rtpData ------->   map[result: count:0 state:0] 
[GIN] 2020/01/02 - 12:28:58 | 200 |    3.326394ms |  192.168.66.115 | POST     /getResult
[2020-01-02 12:29:00] 自開彩開獎  {202001020750 2 26 true} 
ConfigData  map[password:1qaz!QAZ database:FA_MEM redisIp:192.168.88.119 redisPort:6379 redisPassword:"" ip:192.168.88.181 poolname:FA_MEM port:3306 user:fa_db charset:utf8 redisDB:3]
SqlString  SELECT RTP,Amount,Bonus  FROM M_RtpSetting  WHERE Sid = 1   AND State = 1   AND LTG_Code = 2 AND Gid = 26
sqlResult   map[count:1 state:1 amount:1.0069588e+06 bonus:908100.71 result:0.9600]
[2020-01-02 12:29:00] rtpData ------->   map[count:1 state:1 amount:1.0069588e+06 bonus:908100.71 result:0.9600] 
ConfigData  map[redisPort:6379 poolname:FA_MEM port:3306 password:1qaz!QAZ redisIp:192.168.88.119 redisPassword:"" redisDB:3 ip:192.168.88.181 user:fa_db database:FA_MEM charset:utf8]
SELECT BO_No, BO_OrderNo , BO_User , BO_Issue  , BO_LotteryTypeGroup, BO_LotteryType, BO_Mode, BO_LotteryPlayGroup, BO_LotteryPlay , BO_LotteryContent, BO_Price, BO_RealPrice, BO_Unit, BO_Multiple , BO_BetCount  , BO_Winnings, BO_Winnings2, BO_Winnings3, BO_WinningLimit  , BO_Water , BO_BW_SourceUserId, BO_BW_BackWater, BO_BW_LimitBetCount, BO_BW_MaxAmount, BO_BW_AuditMultiple  , BO_Odds, BO_Odds2, BO_Odds3 , BO_Type, BO_Chase , BO_OpenResult, BO_OpenResult2, BO_DateDraw, BO_DateDraw2, BO_DateUpdate  FROM TS_BetOrder  WHERE BO_Cancel = 0   AND BO_CancelBackend = 0   AND BO_LotteryTypeGroup = 2 AND BO_LotteryType = 26 AND BO_Issue = 202001020750 AND BO_Collect = 0 ORDER BY BO_DateDraw ASC, BO_DateCreate ASC, BO_DateUpdate ASC, BO_No ASC ;
[2020-01-02 12:29:00] LottteryTypeGroup 2 
[2020-01-02 12:29:00] 有期號 但無注單 -------> map[amount:0 bonus:0 thisOpenResult:[5 8 7 0 2]] 
[GIN] 2020/01/02 - 12:29:00 | 200 |    4.969865ms |  192.168.66.115 | POST     /getResult
[2020-01-02 12:29:02] 自開彩開獎  {202001020749 1 34 true} 
ConfigData  map[redisPort:6379 ip:192.168.88.181 poolname:FA_MEM port:3306 user:fa_db database:FA_MEM charset:utf8 redisIp:192.168.88.119 redisDB:3 password:1qaz!QAZ redisPassword:""]
SqlString  SELECT RTP,Amount,Bonus  FROM M_RtpSetting  WHERE Sid = 1   AND State = 1   AND LTG_Code = 1 AND Gid = 34
sqlResult   map[result: count:0 state:0]
[2020-01-02 12:29:02] rtpData ------->   map[result: count:0 state:0] 
[GIN] 2020/01/02 - 12:29:02 | 200 |    2.140917ms |  192.168.66.115 | POST     /getResult
[2020-01-02 12:29:04] 自開彩開獎  {202001020250 1 35 true} 
ConfigData  map[redisIp:192.168.88.119 redisPassword:"" redisDB:3 user:fa_db password:1qaz!QAZ database:FA_MEM charset:utf8 ip:192.168.88.181 poolname:FA_MEM port:3306 redisPort:6379]
SqlString  SELECT RTP,Amount,Bonus  FROM M_RtpSetting  WHERE Sid = 1   AND State = 1   AND LTG_Code = 1 AND Gid = 35
[2020-01-02 12:29:04] 自開彩開獎  {202001020749 6 36 true} 
ConfigData  map[redisDB:3 ip:192.168.88.181 poolname:FA_MEM port:3306 password:1qaz!QAZ database:FA_MEM redisIp:192.168.88.119 redisPassword:"" user:fa_db charset:utf8 redisPort:6379]
SqlString  SELECT RTP,Amount,Bonus  FROM M_RtpSetting  WHERE Sid = 1   AND State = 1   AND LTG_Code = 6 AND Gid = 36
sqlResult   map[result: count:0 state:0]
[2020-01-02 12:29:04] rtpData ------->   map[result: count:0 state:0] 
sqlResult   map[result: count:0 state:0]
[2020-01-02 12:29:04] rtpData ------->   map[result: count:0 state:0] 
[GIN] 2020/01/02 - 12:29:04 | 200 |    2.862054ms |  192.168.66.115 | POST     /getResult
[GIN] 2020/01/02 - 12:29:04 | 200 |    2.610962ms |  192.168.66.115 | POST     /getResult
[2020-01-02 12:29:04] 自開彩開獎  {202001020749 5 38 true} 
ConfigData  map[charset:utf8 redisPort:6379 ip:192.168.88.181 poolname:FA_MEM user:fa_db redisIp:192.168.88.119 redisPassword:"" redisDB:3 port:3306 password:1qaz!QAZ database:FA_MEM]
SqlString  SELECT RTP,Amount,Bonus  FROM M_RtpSetting  WHERE Sid = 1   AND State = 1   AND LTG_Code = 5 AND Gid = 38
[2020-01-02 12:29:04] 自開彩開獎  {202001020250 4 41 true} 
[2020-01-02 12:29:04] 自開彩開獎  {202001020749 4 40 true} 
ConfigData  map[ip:192.168.88.181 poolname:FA_MEM password:1qaz!QAZ redisIp:192.168.88.119 redisPort:6379 redisPassword:"" port:3306 user:fa_db database:FA_MEM charset:utf8 redisDB:3]
SqlString  SELECT RTP,Amount,Bonus  FROM M_RtpSetting  WHERE Sid = 1   AND State = 1   AND LTG_Code = 4 AND Gid = 41
ConfigData  map[redisPassword:"" redisDB:3 ip:192.168.88.181 port:3306 user:fa_db password:1qaz!QAZ database:FA_MEM charset:utf8 poolname:FA_MEM redisIp:192.168.88.119 redisPort:6379]
SqlString  SELECT RTP,Amount,Bonus  FROM M_RtpSetting  WHERE Sid = 1   AND State = 1   AND LTG_Code = 4 AND Gid = 40
sqlResult   map[result: count:0 state:0]
[2020-01-02 12:29:04] rtpData ------->   map[result: count:0 state:0] 
[GIN] 2020/01/02 - 12:29:04 | 200 |    2.446392ms |  192.168.66.115 | POST     /getResult
sqlResult   map[result: count:0 state:0]
[2020-01-02 12:29:04] rtpData ------->   map[count:0 state:0 result:] 
[GIN] 2020/01/02 - 12:29:04 | 200 |    1.887646ms |  192.168.66.115 | POST     /getResult
sqlResult   map[result: count:0 state:0]
[2020-01-02 12:29:04] rtpData ------->   map[result: count:0 state:0] 
[GIN] 2020/01/02 - 12:29:04 | 200 |    2.078767ms |  192.168.66.115 | POST     /getResult
[2020-01-02 12:29:08] 自開彩開獎  {202001020750 1 34 true} 
ConfigData  map[database:FA_MEM redisIp:192.168.88.119 redisPort:6379 redisPassword:"" password:1qaz!QAZ charset:utf8 redisDB:3 ip:192.168.88.181 poolname:FA_MEM port:3306 user:fa_db]
SqlString  SELECT RTP,Amount,Bonus  FROM M_RtpSetting  WHERE Sid = 1   AND State = 1   AND LTG_Code = 1 AND Gid = 34
sqlResult   map[result: count:0 state:0]
[2020-01-02 12:29:08] rtpData ------->   map[result: count:0 state:0] 
[GIN] 2020/01/02 - 12:29:08 | 200 |    2.879643ms |  192.168.66.115 | POST     /getResult
[2020-01-02 12:29:10] 自開彩開獎  {202001020250 1 35 true} 
ConfigData  map[password:1qaz!QAZ database:FA_MEM charset:utf8 redisIp:192.168.88.119 redisDB:3 ip:192.168.88.181 poolname:FA_MEM port:3306 user:fa_db redisPort:6379 redisPassword:""]
SqlString  SELECT RTP,Amount,Bonus  FROM M_RtpSetting  WHERE Sid = 1   AND State = 1   AND LTG_Code = 1 AND Gid = 35
[2020-01-02 12:29:10] 自開彩開獎  {202001020750 6 36 true} 
ConfigData  map[poolname:FA_MEM password:1qaz!QAZ redisIp:192.168.88.119 charset:utf8 redisPort:6379 redisPassword:"" redisDB:3 ip:192.168.88.181 port:3306 user:fa_db database:FA_MEM]
SqlString  SELECT RTP,Amount,Bonus  FROM M_RtpSetting  WHERE Sid = 1   AND State = 1   AND LTG_Code = 6 AND Gid = 36
sqlResult   map[state:0 result: count:0]
[2020-01-02 12:29:10] rtpData ------->   map[count:0 state:0 result:] 
[GIN] 2020/01/02 - 12:29:10 | 200 |    2.458545ms |  192.168.66.115 | POST     /getResult
sqlResult   map[result: count:0 state:0]
[2020-01-02 12:29:10] rtpData ------->   map[result: count:0 state:0] 
[GIN] 2020/01/02 - 12:29:10 | 200 |    2.802863ms |  192.168.66.115 | POST     /getResult
[2020-01-02 12:29:10] 自開彩開獎  {202001020750 5 38 true} 
ConfigData  map[poolname:FA_MEM port:3306 charset:utf8 redisPassword:"" redisDB:3 ip:192.168.88.181 user:fa_db password:1qaz!QAZ database:FA_MEM redisIp:192.168.88.119 redisPort:6379]
SqlString  SELECT RTP,Amount,Bonus  FROM M_RtpSetting  WHERE Sid = 1   AND State = 1   AND LTG_Code = 5 AND Gid = 38
[2020-01-02 12:29:10] 自開彩開獎  {202001020750 4 40 true} 
ConfigData  map[redisPort:6379 redisDB:3 user:fa_db password:1qaz!QAZ charset:utf8 redisIp:192.168.88.119 redisPassword:"" ip:192.168.88.181 poolname:FA_MEM port:3306 database:FA_MEM]
SqlString  SELECT RTP,Amount,Bonus  FROM M_RtpSetting  WHERE Sid = 1   AND State = 1   AND LTG_Code = 4 AND Gid = 40
[2020-01-02 12:29:10] 自開彩開獎  {202001020250 4 41 true} 
ConfigData  map[redisPort:6379 redisPassword:"" redisDB:3 ip:192.168.88.181 port:3306 database:FA_MEM charset:utf8 redisIp:192.168.88.119 poolname:FA_MEM user:fa_db password:1qaz!QAZ]
SqlString  SELECT RTP,Amount,Bonus  FROM M_RtpSetting  WHERE Sid = 1   AND State = 1   AND LTG_Code = 4 AND Gid = 41
sqlResult   map[result: count:0 state:0]
[2020-01-02 12:29:10] rtpData ------->   map[result: count:0 state:0] 
[GIN] 2020/01/02 - 12:29:10 | 200 |    3.073092ms |  192.168.66.115 | POST     /getResult
sqlResult   map[result: count:0 state:0]
[2020-01-02 12:29:10] rtpData ------->   map[result: count:0 state:0] 
[GIN] 2020/01/02 - 12:29:10 | 200 |    2.464737ms |  192.168.66.115 | POST     /getResult
sqlResult   map[result: count:0 state:0]
[2020-01-02 12:29:10] rtpData ------->   map[result: count:0 state:0] 
[GIN] 2020/01/02 - 12:29:10 | 200 |    3.143368ms |  192.168.66.115 | POST     /getResult
[2020-01-02 12:29:14] 自開彩開獎  {202001020750 1 34 true} 
ConfigData  map[ip:192.168.88.181 port:3306 password:1qaz!QAZ redisIp:192.168.88.119 redisPort:6379 redisPassword:"" redisDB:3 poolname:FA_MEM user:fa_db database:FA_MEM charset:utf8]
SqlString  SELECT RTP,Amount,Bonus  FROM M_RtpSetting  WHERE Sid = 1   AND State = 1   AND LTG_Code = 1 AND Gid = 34
sqlResult   map[state:0 result: count:0]
[2020-01-02 12:29:14] rtpData ------->   map[result: count:0 state:0] 
[GIN] 2020/01/02 - 12:29:14 | 200 |    3.424712ms |  192.168.66.115 | POST     /getResult
[2020-01-02 12:29:16] 自開彩開獎  {202001020250 1 35 true} 
ConfigData  map[user:fa_db database:FA_MEM redisIp:192.168.88.119 redisPort:6379 redisDB:3 ip:192.168.88.181 poolname:FA_MEM port:3306 password:1qaz!QAZ charset:utf8 redisPassword:""]
SqlString  SELECT RTP,Amount,Bonus  FROM M_RtpSetting  WHERE Sid = 1   AND State = 1   AND LTG_Code = 1 AND Gid = 35
sqlResult   map[result: count:0 state:0]
[2020-01-02 12:29:16] rtpData ------->   map[result: count:0 state:0] 
[GIN] 2020/01/02 - 12:29:16 | 200 |    3.185042ms |  192.168.66.115 | POST     /getResult
[2020-01-02 12:29:16] 自開彩開獎  {202001020750 6 36 true} 
ConfigData  map[poolname:FA_MEM user:fa_db password:1qaz!QAZ database:FA_MEM redisIp:192.168.88.119 redisPort:6379 redisPassword:"" ip:192.168.88.181 port:3306 charset:utf8 redisDB:3]
SqlString  SELECT RTP,Amount,Bonus  FROM M_RtpSetting  WHERE Sid = 1   AND State = 1   AND LTG_Code = 6 AND Gid = 36
sqlResult   map[result: count:0 state:0]
[2020-01-02 12:29:16] rtpData ------->   map[result: count:0 state:0] 
[GIN] 2020/01/02 - 12:29:16 | 200 |    1.886788ms |  192.168.66.115 | POST     /getResult
[2020-01-02 12:29:16] 自開彩開獎  {202001020750 4 40 true} 
ConfigData  map[charset:utf8 redisIp:192.168.88.119 poolname:FA_MEM port:3306 database:FA_MEM redisPort:6379 redisPassword:"" redisDB:3 ip:192.168.88.181 user:fa_db password:1qaz!QAZ]
SqlString  SELECT RTP,Amount,Bonus  FROM M_RtpSetting  WHERE Sid = 1   AND State = 1   AND LTG_Code = 4 AND Gid = 40
[2020-01-02 12:29:16] 自開彩開獎  {202001020250 4 41 true} 
ConfigData  map[redisPort:6379 redisPassword:"" redisDB:3 ip:192.168.88.181 poolname:FA_MEM user:fa_db database:FA_MEM redisIp:192.168.88.119 port:3306 password:1qaz!QAZ charset:utf8]
SqlString  SELECT RTP,Amount,Bonus  FROM M_RtpSetting  WHERE Sid = 1   AND State = 1   AND LTG_Code = 4 AND Gid = 41
[2020-01-02 12:29:16] 自開彩開獎  {202001020750 5 38 true} 
ConfigData  map[ip:192.168.88.181 poolname:FA_MEM user:fa_db password:1qaz!QAZ database:FA_MEM redisIp:192.168.88.119 redisDB:3 port:3306 charset:utf8 redisPort:6379 redisPassword:""]
SqlString  SELECT RTP,Amount,Bonus  FROM M_RtpSetting  WHERE Sid = 1   AND State = 1   AND LTG_Code = 5 AND Gid = 38
sqlResult   map[result: count:0 state:0]
[2020-01-02 12:29:16] rtpData ------->   map[result: count:0 state:0] 
sqlResult   map[result: count:0 state:0]
[2020-01-02 12:29:16] rtpData ------->   map[result: count:0 state:0] 
[GIN] 2020/01/02 - 12:29:16 | 200 |    2.810488ms |  192.168.66.115 | POST     /getResult
[GIN] 2020/01/02 - 12:29:16 | 200 |    2.894052ms |  192.168.66.115 | POST     /getResult
sqlResult   map[result: count:0 state:0]
[2020-01-02 12:29:16] rtpData ------->   map[result: count:0 state:0] 
[GIN] 2020/01/02 - 12:29:16 | 200 |    5.146418ms |  192.168.66.115 | POST     /getResult
[2020-01-02 12:29:20] 自開彩開獎  {202001020750 1 34 true} 
ConfigData  map[database:FA_MEM redisIp:192.168.88.119 password:1qaz!QAZ charset:utf8 redisPort:6379 redisPassword:"" ip:192.168.88.181 poolname:FA_MEM port:3306 user:fa_db redisDB:3]
SqlString  SELECT RTP,Amount,Bonus  FROM M_RtpSetting  WHERE Sid = 1   AND State = 1   AND LTG_Code = 1 AND Gid = 34
sqlResult   map[state:0 result: count:0]
[2020-01-02 12:29:20] rtpData ------->   map[count:0 state:0 result:] 
[GIN] 2020/01/02 - 12:29:20 | 200 |    3.119204ms |  192.168.66.115 | POST     /getResult
[2020-01-02 12:29:22] 自開彩開獎  {202001020250 1 35 true} 
ConfigData  map[user:fa_db password:1qaz!QAZ redisIp:192.168.88.119 ip:192.168.88.181 port:3306 database:FA_MEM charset:utf8 redisPort:6379 redisPassword:"" redisDB:3 poolname:FA_MEM]
SqlString  SELECT RTP,Amount,Bonus  FROM M_RtpSetting  WHERE Sid = 1   AND State = 1   AND LTG_Code = 1 AND Gid = 35
[2020-01-02 12:29:22] 自開彩開獎  {202001020750 6 36 true} 
ConfigData  map[ip:192.168.88.181 port:3306 user:fa_db redisIp:192.168.88.119 redisPassword:"" redisDB:3 poolname:FA_MEM password:1qaz!QAZ database:FA_MEM charset:utf8 redisPort:6379]
SqlString  SELECT RTP,Amount,Bonus  FROM M_RtpSetting  WHERE Sid = 1   AND State = 1   AND LTG_Code = 6 AND Gid = 36
sqlResult   map[result: count:0 state:0]
[2020-01-02 12:29:22] rtpData ------->   map[result: count:0 state:0] 
[GIN] 2020/01/02 - 12:29:22 | 200 |    2.308201ms |  192.168.66.115 | POST     /getResult
sqlResult   map[result: count:0 state:0]
[2020-01-02 12:29:22] rtpData ------->   map[result: count:0 state:0] 
[GIN] 2020/01/02 - 12:29:22 | 200 |    2.600165ms |  192.168.66.115 | POST     /getResult
[2020-01-02 12:29:22] 自開彩開獎  {202001020750 5 38 true} 
ConfigData  map[ip:192.168.88.181 password:1qaz!QAZ redisPassword:"" poolname:FA_MEM port:3306 user:fa_db database:FA_MEM charset:utf8 redisIp:192.168.88.119 redisPort:6379 redisDB:3]
SqlString  SELECT RTP,Amount,Bonus  FROM M_RtpSetting  WHERE Sid = 1   AND State = 1   AND LTG_Code = 5 AND Gid = 38
[2020-01-02 12:29:22] 自開彩開獎  {202001020750 4 40 true} 
ConfigData  map[redisIp:192.168.88.119 redisPassword:"" redisDB:3 ip:192.168.88.181 port:3306 user:fa_db password:1qaz!QAZ charset:utf8 poolname:FA_MEM database:FA_MEM redisPort:6379]
SqlString  SELECT RTP,Amount,Bonus  FROM M_RtpSetting  WHERE Sid = 1   AND State = 1   AND LTG_Code = 4 AND Gid = 40
[2020-01-02 12:29:22] 自開彩開獎  {202001020250 4 41 true} 
ConfigData  map[password:1qaz!QAZ database:FA_MEM charset:utf8 redisIp:192.168.88.119 redisPassword:"" ip:192.168.88.181 poolname:FA_MEM user:fa_db port:3306 redisPort:6379 redisDB:3]
SqlString  SELECT RTP,Amount,Bonus  FROM M_RtpSetting  WHERE Sid = 1   AND State = 1   AND LTG_Code = 4 AND Gid = 41
sqlResult   map[result: count:0 state:0]
[2020-01-02 12:29:22] rtpData ------->   map[result: count:0 state:0] 
sqlResult   map[result: count:0 state:0]
sqlResult   map[count:0 state:0 result:]
[2020-01-02 12:29:22] rtpData ------->   map[result: count:0 state:0] 
[GIN] 2020/01/02 - 12:29:22 | 200 |     2.32662ms |  192.168.66.115 | POST     /getResult
[GIN] 2020/01/02 - 12:29:22 | 200 |    2.200191ms |  192.168.66.115 | POST     /getResult
[2020-01-02 12:29:22] rtpData ------->   map[state:0 result: count:0] 
[GIN] 2020/01/02 - 12:29:22 | 200 |    2.620622ms |  192.168.66.115 | POST     /getResult
[2020-01-02 12:29:26] 自開彩開獎  {202001020750 1 34 true} 
ConfigData  map[redisPort:6379 redisPassword:"" poolname:FA_MEM user:fa_db database:FA_MEM redisIp:192.168.88.119 redisDB:3 ip:192.168.88.181 port:3306 password:1qaz!QAZ charset:utf8]
SqlString  SELECT RTP,Amount,Bonus  FROM M_RtpSetting  WHERE Sid = 1   AND State = 1   AND LTG_Code = 1 AND Gid = 34
sqlResult   map[result: count:0 state:0]
[2020-01-02 12:29:26] rtpData ------->   map[result: count:0 state:0] 
[GIN] 2020/01/02 - 12:29:26 | 200 |    3.310351ms |  192.168.66.115 | POST     /getResult
[2020-01-02 12:29:28] 自開彩開獎  {202001020250 1 35 true} 
ConfigData  map[password:1qaz!QAZ charset:utf8 redisPassword:"" redisDB:3 database:FA_MEM redisIp:192.168.88.119 redisPort:6379 ip:192.168.88.181 poolname:FA_MEM port:3306 user:fa_db]
SqlString  SELECT RTP,Amount,Bonus  FROM M_RtpSetting  WHERE Sid = 1   AND State = 1   AND LTG_Code = 1 AND Gid = 35
[2020-01-02 12:29:28] 自開彩開獎  {202001020750 6 36 true} 
ConfigData  map[poolname:FA_MEM port:3306 password:1qaz!QAZ redisPassword:"" redisDB:3 ip:192.168.88.181 user:fa_db database:FA_MEM charset:utf8 redisIp:192.168.88.119 redisPort:6379]
SqlString  SELECT RTP,Amount,Bonus  FROM M_RtpSetting  WHERE Sid = 1   AND State = 1   AND LTG_Code = 6 AND Gid = 36
sqlResult   map[result: count:0 state:0]
[2020-01-02 12:29:28] rtpData ------->   map[state:0 result: count:0] 
[GIN] 2020/01/02 - 12:29:28 | 200 |    2.676626ms |  192.168.66.115 | POST     /getResult
sqlResult   map[state:0 result: count:0]
[2020-01-02 12:29:28] rtpData ------->   map[count:0 state:0 result:] 
[GIN] 2020/01/02 - 12:29:28 | 200 |    2.429329ms |  192.168.66.115 | POST     /getResult
[2020-01-02 12:29:28] 自開彩開獎  {202001020750 5 38 true} 
ConfigData  map[redisPassword:"" redisDB:3 ip:192.168.88.181 poolname:FA_MEM port:3306 redisIp:192.168.88.119 redisPort:6379 user:fa_db password:1qaz!QAZ database:FA_MEM charset:utf8]
SqlString  SELECT RTP,Amount,Bonus  FROM M_RtpSetting  WHERE Sid = 1   AND State = 1   AND LTG_Code = 5 AND Gid = 38
[2020-01-02 12:29:28] 自開彩開獎  {202001020750 4 40 true} 
ConfigData  map[password:1qaz!QAZ database:FA_MEM charset:utf8 redisPassword:"" ip:192.168.88.181 poolname:FA_MEM redisIp:192.168.88.119 redisPort:6379 redisDB:3 port:3306 user:fa_db]
SqlString  SELECT RTP,Amount,Bonus  FROM M_RtpSetting  WHERE Sid = 1   AND State = 1   AND LTG_Code = 4 AND Gid = 40
[2020-01-02 12:29:28] 自開彩開獎  {202001020250 4 41 true} 
ConfigData  map[redisIp:192.168.88.119 redisPassword:"" redisDB:3 ip:192.168.88.181 user:fa_db database:FA_MEM charset:utf8 poolname:FA_MEM port:3306 password:1qaz!QAZ redisPort:6379]
SqlString  SELECT RTP,Amount,Bonus  FROM M_RtpSetting  WHERE Sid = 1   AND State = 1   AND LTG_Code = 4 AND Gid = 41
sqlResult   map[state:0 result: count:0]
[2020-01-02 12:29:28] rtpData ------->   map[result: count:0 state:0] 
[GIN] 2020/01/02 - 12:29:28 | 200 |    2.799535ms |  192.168.66.115 | POST     /getResult
sqlResult   map[state:0 result: count:0]
[2020-01-02 12:29:28] rtpData ------->   map[result: count:0 state:0] 
[GIN] 2020/01/02 - 12:29:28 | 200 |    1.920363ms |  192.168.66.115 | POST     /getResult
sqlResult   map[result: count:0 state:0]
[2020-01-02 12:29:28] rtpData ------->   map[result: count:0 state:0] 
[GIN] 2020/01/02 - 12:29:28 | 200 |    2.114262ms |  192.168.66.115 | POST     /getResult
[2020-01-02 12:29:32] 自開彩開獎  {202001020750 1 34 true} 
ConfigData  map[poolname:FA_MEM database:FA_MEM charset:utf8 redisIp:192.168.88.119 ip:192.168.88.181 port:3306 user:fa_db password:1qaz!QAZ redisPort:6379 redisPassword:"" redisDB:3]
SqlString  SELECT RTP,Amount,Bonus  FROM M_RtpSetting  WHERE Sid = 1   AND State = 1   AND LTG_Code = 1 AND Gid = 34
sqlResult   map[result: count:0 state:0]
[2020-01-02 12:29:32] rtpData ------->   map[result: count:0 state:0] 
[GIN] 2020/01/02 - 12:29:32 | 200 |    2.450356ms |  192.168.66.115 | POST     /getResult
[2020-01-02 12:29:34] 自開彩開獎  {202001020750 6 36 true} 
ConfigData  map[redisPassword:"" ip:192.168.88.181 poolname:FA_MEM port:3306 user:fa_db password:1qaz!QAZ redisPort:6379 database:FA_MEM charset:utf8 redisIp:192.168.88.119 redisDB:3]
SqlString  SELECT RTP,Amount,Bonus  FROM M_RtpSetting  WHERE Sid = 1   AND State = 1   AND LTG_Code = 6 AND Gid = 36
[2020-01-02 12:29:34] 自開彩開獎  {202001020250 1 35 true} 
ConfigData  map[ip:192.168.88.181 charset:utf8 redisPort:6379 redisPassword:"" poolname:FA_MEM port:3306 user:fa_db password:1qaz!QAZ database:FA_MEM redisIp:192.168.88.119 redisDB:3]
SqlString  SELECT RTP,Amount,Bonus  FROM M_RtpSetting  WHERE Sid = 1   AND State = 1   AND LTG_Code = 1 AND Gid = 35
sqlResult   map[count:0 state:0 result:]
[2020-01-02 12:29:34] rtpData ------->   map[result: count:0 state:0] 
[GIN] 2020/01/02 - 12:29:34 | 200 |    2.755817ms |  192.168.66.115 | POST     /getResult
sqlResult   map[count:0 state:0 result:]
[2020-01-02 12:29:34] rtpData ------->   map[result: count:0 state:0] 
[GIN] 2020/01/02 - 12:29:34 | 200 |    2.875703ms |  192.168.66.115 | POST     /getResult
[2020-01-02 12:29:34] 自開彩開獎  {202001020750 5 38 true} 
ConfigData  map[port:3306 user:fa_db password:1qaz!QAZ charset:utf8 ip:192.168.88.181 poolname:FA_MEM database:FA_MEM redisIp:192.168.88.119 redisPort:6379 redisPassword:"" redisDB:3]
SqlString  SELECT RTP,Amount,Bonus  FROM M_RtpSetting  WHERE Sid = 1   AND State = 1   AND LTG_Code = 5 AND Gid = 38
[2020-01-02 12:29:34] 自開彩開獎  {202001020750 4 40 true} 
ConfigData  map[ip:192.168.88.181 charset:utf8 redisIp:192.168.88.119 redisPassword:"" redisDB:3 poolname:FA_MEM port:3306 user:fa_db password:1qaz!QAZ database:FA_MEM redisPort:6379]
SqlString  SELECT RTP,Amount,Bonus  FROM M_RtpSetting  WHERE Sid = 1   AND State = 1   AND LTG_Code = 4 AND Gid = 40
[2020-01-02 12:29:34] 自開彩開獎  {202001020250 4 41 true} 
ConfigData  map[user:fa_db password:1qaz!QAZ database:FA_MEM charset:utf8 redisIp:192.168.88.119 redisPort:6379 ip:192.168.88.181 poolname:FA_MEM redisPassword:"" redisDB:3 port:3306]
SqlString  SELECT RTP,Amount,Bonus  FROM M_RtpSetting  WHERE Sid = 1   AND State = 1   AND LTG_Code = 4 AND Gid = 41
sqlResult   map[state:0 result: count:0]
[2020-01-02 12:29:34] rtpData ------->   map[result: count:0 state:0] 
[GIN] 2020/01/02 - 12:29:34 | 200 |    3.194447ms |  192.168.66.115 | POST     /getResult
sqlResult   map[result: count:0 state:0]
[2020-01-02 12:29:34] rtpData ------->   map[count:0 state:0 result:] 
sqlResult   map[count:0 state:0 result:]
[2020-01-02 12:29:34] rtpData ------->   map[count:0 state:0 result:] 
[GIN] 2020/01/02 - 12:29:34 | 200 |     2.38748ms |  192.168.66.115 | POST     /getResult
[GIN] 2020/01/02 - 12:29:34 | 200 |    2.489227ms |  192.168.66.115 | POST     /getResult
[2020-01-02 12:29:38] 自開彩開獎  {202001020750 1 34 true} 
ConfigData  map[port:3306 user:fa_db password:1qaz!QAZ redisDB:3 ip:192.168.88.181 poolname:FA_MEM database:FA_MEM charset:utf8 redisIp:192.168.88.119 redisPort:6379 redisPassword:""]
SqlString  SELECT RTP,Amount,Bonus  FROM M_RtpSetting  WHERE Sid = 1   AND State = 1   AND LTG_Code = 1 AND Gid = 34
sqlResult   map[result: count:0 state:0]
[2020-01-02 12:29:38] rtpData ------->   map[result: count:0 state:0] 
[GIN] 2020/01/02 - 12:29:38 | 200 |    2.445489ms |  192.168.66.115 | POST     /getResult
[2020-01-02 12:29:40] 自開彩開獎  {202001020250 1 35 true} 
ConfigData  map[password:1qaz!QAZ database:FA_MEM redisPort:6379 redisPassword:"" redisDB:3 user:fa_db poolname:FA_MEM port:3306 charset:utf8 redisIp:192.168.88.119 ip:192.168.88.181]
SqlString  SELECT RTP,Amount,Bonus  FROM M_RtpSetting  WHERE Sid = 1   AND State = 1   AND LTG_Code = 1 AND Gid = 35
[2020-01-02 12:29:40] 自開彩開獎  {202001020750 6 36 true} 
ConfigData  map[user:fa_db password:1qaz!QAZ charset:utf8 redisPort:6379 redisPassword:"" redisDB:3 ip:192.168.88.181 port:3306 redisIp:192.168.88.119 poolname:FA_MEM database:FA_MEM]
SqlString  SELECT RTP,Amount,Bonus  FROM M_RtpSetting  WHERE Sid = 1   AND State = 1   AND LTG_Code = 6 AND Gid = 36
sqlResult   map[result: count:0 state:0]
[2020-01-02 12:29:40] rtpData ------->   map[result: count:0 state:0] 
[GIN] 2020/01/02 - 12:29:40 | 200 |    2.443438ms |  192.168.66.115 | POST     /getResult
sqlResult   map[result: count:0 state:0]
[2020-01-02 12:29:40] rtpData ------->   map[result: count:0 state:0] 
[GIN] 2020/01/02 - 12:29:40 | 200 |    2.565243ms |  192.168.66.115 | POST     /getResult
[2020-01-02 12:29:40] 自開彩開獎  {202001020750 5 38 true} 
ConfigData  map[poolname:FA_MEM user:fa_db password:1qaz!QAZ redisPort:6379 ip:192.168.88.181 port:3306 database:FA_MEM charset:utf8 redisIp:192.168.88.119 redisPassword:"" redisDB:3]
SqlString  SELECT RTP,Amount,Bonus  FROM M_RtpSetting  WHERE Sid = 1   AND State = 1   AND LTG_Code = 5 AND Gid = 38
[2020-01-02 12:29:40] 自開彩開獎  {202001020750 4 40 true} 
ConfigData  map[ip:192.168.88.181 charset:utf8 redisPassword:"" redisPort:6379 redisDB:3 poolname:FA_MEM port:3306 user:fa_db password:1qaz!QAZ database:FA_MEM redisIp:192.168.88.119]
SqlString  SELECT RTP,Amount,Bonus  FROM M_RtpSetting  WHERE Sid = 1   AND State = 1   AND LTG_Code = 4 AND Gid = 40
[2020-01-02 12:29:40] 自開彩開獎  {202001020250 4 41 true} 
ConfigData  map[port:3306 user:fa_db charset:utf8 redisIp:192.168.88.119 redisPassword:"" redisDB:3 ip:192.168.88.181 poolname:FA_MEM password:1qaz!QAZ database:FA_MEM redisPort:6379]
SqlString  SELECT RTP,Amount,Bonus  FROM M_RtpSetting  WHERE Sid = 1   AND State = 1   AND LTG_Code = 4 AND Gid = 41
sqlResult   map[result: count:0 state:0]
sqlResult   map[result: count:0 state:0]
[2020-01-02 12:29:40] rtpData ------->   map[result: count:0 state:0] 
[GIN] 2020/01/02 - 12:29:40 | 200 |     2.85124ms |  192.168.66.115 | POST     /getResult
sqlResult   map[result: count:0 state:0]
[2020-01-02 12:29:40] rtpData ------->   map[result: count:0 state:0] 
[2020-01-02 12:29:40] rtpData ------->   map[result: count:0 state:0] 
[GIN] 2020/01/02 - 12:29:40 | 200 |    2.820852ms |  192.168.66.115 | POST     /getResult
[GIN] 2020/01/02 - 12:29:40 | 200 |    2.848172ms |  192.168.66.115 | POST     /getResult
[2020-01-02 12:29:44] 自開彩開獎  {202001020750 1 34 true} 
ConfigData  map[redisIp:192.168.88.119 redisPort:6379 redisPassword:"" redisDB:3 port:3306 database:FA_MEM user:fa_db password:1qaz!QAZ charset:utf8 ip:192.168.88.181 poolname:FA_MEM]
SqlString  SELECT RTP,Amount,Bonus  FROM M_RtpSetting  WHERE Sid = 1   AND State = 1   AND LTG_Code = 1 AND Gid = 34
sqlResult   map[result: count:0 state:0]
[2020-01-02 12:29:44] rtpData ------->   map[count:0 state:0 result:] 
[GIN] 2020/01/02 - 12:29:44 | 200 |    2.823651ms |  192.168.66.115 | POST     /getResult
[2020-01-02 12:29:46] 自開彩開獎  {202001020750 6 36 true} 
ConfigData  map[redisPassword:"" redisDB:3 user:fa_db charset:utf8 redisIp:192.168.88.119 password:1qaz!QAZ database:FA_MEM redisPort:6379 ip:192.168.88.181 poolname:FA_MEM port:3306]
SqlString  SELECT RTP,Amount,Bonus  FROM M_RtpSetting  WHERE Sid = 1   AND State = 1   AND LTG_Code = 6 AND Gid = 36
[2020-01-02 12:29:46] 自開彩開獎  {202001020250 1 35 true} 
ConfigData  map[redisIp:192.168.88.119 redisPort:6379 poolname:FA_MEM charset:utf8 user:fa_db password:1qaz!QAZ database:FA_MEM redisPassword:"" redisDB:3 ip:192.168.88.181 port:3306]
SqlString  SELECT RTP,Amount,Bonus  FROM M_RtpSetting  WHERE Sid = 1   AND State = 1   AND LTG_Code = 1 AND Gid = 35
sqlResult   map[result: count:0 state:0]
[2020-01-02 12:29:46] rtpData ------->   map[result: count:0 state:0] 
[GIN] 2020/01/02 - 12:29:46 | 200 |    1.942758ms |  192.168.66.115 | POST     /getResult
sqlResult   map[state:0 result: count:0]
[2020-01-02 12:29:46] rtpData ------->   map[result: count:0 state:0] 
[GIN] 2020/01/02 - 12:29:46 | 200 |    2.337028ms |  192.168.66.115 | POST     /getResult
[2020-01-02 12:29:46] 自開彩開獎  {202001020750 4 40 true} 
ConfigData  map[ip:192.168.88.181 user:fa_db password:1qaz!QAZ redisPassword:"" redisIp:192.168.88.119 redisPort:6379 redisDB:3 poolname:FA_MEM port:3306 database:FA_MEM charset:utf8]
SqlString  SELECT RTP,Amount,Bonus  FROM M_RtpSetting  WHERE Sid = 1   AND State = 1   AND LTG_Code = 4 AND Gid = 40
[2020-01-02 12:29:46] 自開彩開獎  {202001020750 5 38 true} 
ConfigData  map[port:3306 password:1qaz!QAZ redisIp:192.168.88.119 redisDB:3 ip:192.168.88.181 poolname:FA_MEM user:fa_db database:FA_MEM charset:utf8 redisPort:6379 redisPassword:""]
SqlString  SELECT RTP,Amount,Bonus  FROM M_RtpSetting  WHERE Sid = 1   AND State = 1   AND LTG_Code = 5 AND Gid = 38
[2020-01-02 12:29:46] 自開彩開獎  {202001020250 4 41 true} 
ConfigData  map[password:1qaz!QAZ database:FA_MEM redisIp:192.168.88.119 redisPassword:"" redisDB:3 ip:192.168.88.181 user:fa_db charset:utf8 redisPort:6379 poolname:FA_MEM port:3306]
SqlString  SELECT RTP,Amount,Bonus  FROM M_RtpSetting  WHERE Sid = 1   AND State = 1   AND LTG_Code = 4 AND Gid = 41
sqlResult   map[result: count:0 state:0]
[2020-01-02 12:29:46] rtpData ------->   map[result: count:0 state:0] 
[GIN] 2020/01/02 - 12:29:46 | 200 |    2.521553ms |  192.168.66.115 | POST     /getResult
sqlResult   map[result: count:0 state:0]
[2020-01-02 12:29:46] rtpData ------->   map[result: count:0 state:0] 
[GIN] 2020/01/02 - 12:29:46 | 200 |    3.076354ms |  192.168.66.115 | POST     /getResult
sqlResult   map[result: count:0 state:0]
[2020-01-02 12:29:46] rtpData ------->   map[result: count:0 state:0] 
[GIN] 2020/01/02 - 12:29:46 | 200 |    2.346028ms |  192.168.66.115 | POST     /getResult
[2020-01-02 12:29:51] 自開彩開獎  {202001020750 1 34 true} 
ConfigData  map[redisIp:192.168.88.119 redisPort:6379 redisPassword:"" redisDB:3 ip:192.168.88.181 poolname:FA_MEM user:fa_db database:FA_MEM port:3306 password:1qaz!QAZ charset:utf8]
SqlString  SELECT RTP,Amount,Bonus  FROM M_RtpSetting  WHERE Sid = 1   AND State = 1   AND LTG_Code = 1 AND Gid = 34
sqlResult   map[result: count:0 state:0]
[2020-01-02 12:29:51] rtpData ------->   map[count:0 state:0 result:] 
[GIN] 2020/01/02 - 12:29:51 | 200 |    9.470217ms |  192.168.66.115 | POST     /getResult
[2020-01-02 12:29:52] 自開彩開獎  {202001020250 1 35 true} 
[2020-01-02 12:29:52] 自開彩開獎  {202001020750 6 36 true} 
ConfigData  map[database:FA_MEM charset:utf8 redisIp:192.168.88.119 redisDB:3 ip:192.168.88.181 port:3306 user:fa_db redisPassword:"" poolname:FA_MEM password:1qaz!QAZ redisPort:6379]
SqlString  SELECT RTP,Amount,Bonus  FROM M_RtpSetting  WHERE Sid = 1   AND State = 1   AND LTG_Code = 6 AND Gid = 36
ConfigData  map[poolname:FA_MEM port:3306 password:1qaz!QAZ charset:utf8 redisIp:192.168.88.119 redisPort:6379 redisDB:3 ip:192.168.88.181 database:FA_MEM redisPassword:"" user:fa_db]
SqlString  SELECT RTP,Amount,Bonus  FROM M_RtpSetting  WHERE Sid = 1   AND State = 1   AND LTG_Code = 1 AND Gid = 35
sqlResult   map[result: count:0 state:0]
[2020-01-02 12:29:52] rtpData ------->   map[result: count:0 state:0] 
[GIN] 2020/01/02 - 12:29:52 | 200 |    3.135195ms |  192.168.66.115 | POST     /getResult
sqlResult   map[result: count:0 state:0]
[2020-01-02 12:29:52] rtpData ------->   map[result: count:0 state:0] 
[GIN] 2020/01/02 - 12:29:52 | 200 |    3.114019ms |  192.168.66.115 | POST     /getResult
[2020-01-02 12:29:52] 自開彩開獎  {202001020750 5 38 true} 
ConfigData  map[port:3306 user:fa_db charset:utf8 redisIp:192.168.88.119 redisPort:6379 redisDB:3 poolname:FA_MEM password:1qaz!QAZ database:FA_MEM redisPassword:"" ip:192.168.88.181]
SqlString  SELECT RTP,Amount,Bonus  FROM M_RtpSetting  WHERE Sid = 1   AND State = 1   AND LTG_Code = 5 AND Gid = 38
[2020-01-02 12:29:52] 自開彩開獎  {202001020250 4 41 true} 
ConfigData  map[charset:utf8 redisIp:192.168.88.119 redisPort:6379 ip:192.168.88.181 port:3306 user:fa_db password:1qaz!QAZ database:FA_MEM redisPassword:"" redisDB:3 poolname:FA_MEM]
SqlString  SELECT RTP,Amount,Bonus  FROM M_RtpSetting  WHERE Sid = 1   AND State = 1   AND LTG_Code = 4 AND Gid = 41
[2020-01-02 12:29:52] 自開彩開獎  {202001020750 4 40 true} 
ConfigData  map[redisIp:192.168.88.119 redisPassword:"" poolname:FA_MEM port:3306 password:1qaz!QAZ database:FA_MEM charset:utf8 ip:192.168.88.181 user:fa_db redisPort:6379 redisDB:3]
SqlString  SELECT RTP,Amount,Bonus  FROM M_RtpSetting  WHERE Sid = 1   AND State = 1   AND LTG_Code = 4 AND Gid = 40
sqlResult   map[result: count:0 state:0]
[2020-01-02 12:29:52] rtpData ------->   map[result: count:0 state:0] 
sqlResult   map[result: count:0 state:0]
[2020-01-02 12:29:52] rtpData ------->   map[state:0 result: count:0] 
[GIN] 2020/01/02 - 12:29:52 | 200 |    1.906931ms |  192.168.66.115 | POST     /getResult
[GIN] 2020/01/02 - 12:29:52 | 200 |    2.463063ms |  192.168.66.115 | POST     /getResult
sqlResult   map[count:0 state:0 result:]
[2020-01-02 12:29:52] rtpData ------->   map[result: count:0 state:0] 
[GIN] 2020/01/02 - 12:29:52 | 200 |    2.257745ms |  192.168.66.115 | POST     /getResult
[2020-01-02 12:29:57] 自開彩開獎  {202001020750 1 34 true} 
ConfigData  map[redisDB:3 ip:192.168.88.181 poolname:FA_MEM password:1qaz!QAZ charset:utf8 redisIp:192.168.88.119 redisPort:6379 port:3306 user:fa_db database:FA_MEM redisPassword:""]
SqlString  SELECT RTP,Amount,Bonus  FROM M_RtpSetting  WHERE Sid = 1   AND State = 1   AND LTG_Code = 1 AND Gid = 34
sqlResult   map[result: count:0 state:0]
[2020-01-02 12:29:57] rtpData ------->   map[state:0 result: count:0] 
[GIN] 2020/01/02 - 12:29:57 | 200 |    3.903857ms |  192.168.66.115 | POST     /getResult
[2020-01-02 12:29:58] 自開彩開獎  {202001020250 1 35 true} 
[2020-01-02 12:29:58] 自開彩開獎  {202001020750 6 36 true} 
ConfigData  map[redisPort:6379 redisDB:3 user:fa_db database:FA_MEM redisIp:192.168.88.119 password:1qaz!QAZ charset:utf8 redisPassword:"" ip:192.168.88.181 poolname:FA_MEM port:3306]
ConfigData  map[ip:192.168.88.181 user:fa_db redisPassword:"" redisDB:3 redisIp:192.168.88.119 redisPort:6379 poolname:FA_MEM port:3306 password:1qaz!QAZ database:FA_MEM charset:utf8]
SqlString  SELECT RTP,Amount,Bonus  FROM M_RtpSetting  WHERE Sid = 1   AND State = 1   AND LTG_Code = 6 AND Gid = 36
SqlString  SELECT RTP,Amount,Bonus  FROM M_RtpSetting  WHERE Sid = 1   AND State = 1   AND LTG_Code = 1 AND Gid = 35
sqlResult   map[state:0 result: count:0]
[2020-01-02 12:29:58] rtpData ------->   map[result: count:0 state:0] 
[GIN] 2020/01/02 - 12:29:58 | 200 |    2.297366ms |  192.168.66.115 | POST     /getResult
sqlResult   map[result: count:0 state:0]
[2020-01-02 12:29:58] rtpData ------->   map[count:0 state:0 result:] 
[GIN] 2020/01/02 - 12:29:58 | 200 |    2.709002ms |  192.168.66.115 | POST     /getResult
[2020-01-02 12:29:58] 自開彩開獎  {202001020750 5 38 true} 
ConfigData  map[redisIp:192.168.88.119 redisPort:6379 redisDB:3 poolname:FA_MEM port:3306 charset:utf8 database:FA_MEM redisPassword:"" ip:192.168.88.181 user:fa_db password:1qaz!QAZ]
[2020-01-02 12:29:58] 自開彩開獎  {202001020250 4 41 true} 
[2020-01-02 12:29:58] 自開彩開獎  {202001020750 4 40 true} 
ConfigData  map[ip:192.168.88.181 poolname:FA_MEM database:FA_MEM charset:utf8 redisIp:192.168.88.119 redisDB:3 port:3306 user:fa_db password:1qaz!QAZ redisPort:6379 redisPassword:""]
SqlString  SELECT RTP,Amount,Bonus  FROM M_RtpSetting  WHERE Sid = 1   AND State = 1   AND LTG_Code = 4 AND Gid = 41
ConfigData  map[ip:192.168.88.181 user:fa_db password:1qaz!QAZ database:FA_MEM redisDB:3 redisPassword:"" poolname:FA_MEM port:3306 charset:utf8 redisIp:192.168.88.119 redisPort:6379]
SqlString  SELECT RTP,Amount,Bonus  FROM M_RtpSetting  WHERE Sid = 1   AND State = 1   AND LTG_Code = 4 AND Gid = 40
SqlString  SELECT RTP,Amount,Bonus  FROM M_RtpSetting  WHERE Sid = 1   AND State = 1   AND LTG_Code = 5 AND Gid = 38
sqlResult   map[result: count:0 state:0]
[2020-01-02 12:29:58] rtpData ------->   map[result: count:0 state:0] 
sqlResult   map[state:0 result: count:0]
[GIN] 2020/01/02 - 12:29:58 | 200 |    2.987926ms |  192.168.66.115 | POST     /getResult
sqlResult   map[result: count:0 state:0]
[2020-01-02 12:29:58] rtpData ------->   map[result: count:0 state:0] 
[GIN] 2020/01/02 - 12:29:58 | 200 |     3.31691ms |  192.168.66.115 | POST     /getResult
[2020-01-02 12:29:58] rtpData ------->   map[result: count:0 state:0] 
[GIN] 2020/01/02 - 12:29:58 | 200 |    3.278901ms |  192.168.66.115 | POST     /getResult
[2020-01-02 12:30:00] 自開彩開獎  {202001020151 5 39 true} 
ConfigData  map[redisPort:6379 redisPassword:"" redisDB:3 ip:192.168.88.181 poolname:FA_MEM port:3306 user:fa_db password:1qaz!QAZ database:FA_MEM charset:utf8 redisIp:192.168.88.119]
SqlString  SELECT RTP,Amount,Bonus  FROM M_RtpSetting  WHERE Sid = 1   AND State = 1   AND LTG_Code = 5 AND Gid = 39
[2020-01-02 12:30:00] 自開彩開獎  {20200102151 2 28 true} 
ConfigData  map[ip:192.168.88.181 port:3306 redisIp:192.168.88.119 redisPort:6379 redisPassword:"" redisDB:3 poolname:FA_MEM user:fa_db password:1qaz!QAZ database:FA_MEM charset:utf8]
SqlString  SELECT RTP,Amount,Bonus  FROM M_RtpSetting  WHERE Sid = 1   AND State = 1   AND LTG_Code = 2 AND Gid = 28
[2020-01-02 12:30:00] 自開彩開獎  {20200102251 2 27 true} 
[2020-01-02 12:30:00] 自開彩開獎  {202001020751 2 26 true} 
ConfigData  map[ip:192.168.88.181 port:3306 password:1qaz!QAZ charset:utf8 redisPort:6379 redisPassword:"" redisDB:3 poolname:FA_MEM user:fa_db database:FA_MEM redisIp:192.168.88.119]
SqlString  SELECT RTP,Amount,Bonus  FROM M_RtpSetting  WHERE Sid = 1   AND State = 1   AND LTG_Code = 2 AND Gid = 27
ConfigData  map[poolname:FA_MEM user:fa_db redisPort:6379 redisDB:3 ip:192.168.88.181 port:3306 password:1qaz!QAZ database:FA_MEM charset:utf8 redisIp:192.168.88.119 redisPassword:""]
SqlString  SELECT RTP,Amount,Bonus  FROM M_RtpSetting  WHERE Sid = 1   AND State = 1   AND LTG_Code = 2 AND Gid = 26
sqlResult   map[result:0.9600 count:1 state:1 amount:234518 bonus:161148.41]
[2020-01-02 12:30:00] rtpData ------->   map[result:0.9600 count:1 state:1 amount:234518 bonus:161148.41] 
ConfigData  map[ip:192.168.88.181 port:3306 charset:utf8 redisIp:192.168.88.119 redisPassword:"" poolname:FA_MEM user:fa_db password:1qaz!QAZ database:FA_MEM redisPort:6379 redisDB:3]
SELECT BO_No, BO_OrderNo , BO_User , BO_Issue  , BO_LotteryTypeGroup, BO_LotteryType, BO_Mode, BO_LotteryPlayGroup, BO_LotteryPlay , BO_LotteryContent, BO_Price, BO_RealPrice, BO_Unit, BO_Multiple , BO_BetCount  , BO_Winnings, BO_Winnings2, BO_Winnings3, BO_WinningLimit  , BO_Water , BO_BW_SourceUserId, BO_BW_BackWater, BO_BW_LimitBetCount, BO_BW_MaxAmount, BO_BW_AuditMultiple  , BO_Odds, BO_Odds2, BO_Odds3 , BO_Type, BO_Chase , BO_OpenResult, BO_OpenResult2, BO_DateDraw, BO_DateDraw2, BO_DateUpdate  FROM TS_BetOrder  WHERE BO_Cancel = 0   AND BO_CancelBackend = 0   AND BO_LotteryTypeGroup = 2 AND BO_LotteryType = 28 AND BO_Issue = 20200102151 AND BO_Collect = 0 ORDER BY BO_DateDraw ASC, BO_DateCreate ASC, BO_DateUpdate ASC, BO_No ASC ;
sqlResult   map[result:0.9600 count:1 state:1 amount:105208 bonus:58491.69]
[2020-01-02 12:30:00] rtpData ------->   map[count:1 state:1 amount:105208 bonus:58491.69 result:0.9600] 
sqlResult   map[amount:1.0069588e+06 bonus:908100.71 result:0.9600 count:1 state:1]
ConfigData  map[poolname:FA_MEM password:1qaz!QAZ redisIp:192.168.88.119 redisPort:6379 redisPassword:"" redisDB:3 ip:192.168.88.181 port:3306 user:fa_db database:FA_MEM charset:utf8]
SELECT BO_No, BO_OrderNo , BO_User , BO_Issue  , BO_LotteryTypeGroup, BO_LotteryType, BO_Mode, BO_LotteryPlayGroup, BO_LotteryPlay , BO_LotteryContent, BO_Price, BO_RealPrice, BO_Unit, BO_Multiple , BO_BetCount  , BO_Winnings, BO_Winnings2, BO_Winnings3, BO_WinningLimit  , BO_Water , BO_BW_SourceUserId, BO_BW_BackWater, BO_BW_LimitBetCount, BO_BW_MaxAmount, BO_BW_AuditMultiple  , BO_Odds, BO_Odds2, BO_Odds3 , BO_Type, BO_Chase , BO_OpenResult, BO_OpenResult2, BO_DateDraw, BO_DateDraw2, BO_DateUpdate  FROM TS_BetOrder  WHERE BO_Cancel = 0   AND BO_CancelBackend = 0   AND BO_LotteryTypeGroup = 2 AND BO_LotteryType = 27 AND BO_Issue = 20200102251 AND BO_Collect = 0 ORDER BY BO_DateDraw ASC, BO_DateCreate ASC, BO_DateUpdate ASC, BO_No ASC ;
[2020-01-02 12:30:00] rtpData ------->   map[result:0.9600 count:1 state:1 amount:1.0069588e+06 bonus:908100.71] 
sqlResult   map[result: count:0 state:0]
[2020-01-02 12:30:00] rtpData ------->   map[state:0 result: count:0] 
ConfigData  map[database:FA_MEM redisIp:192.168.88.119 redisPort:6379 ip:192.168.88.181 poolname:FA_MEM port:3306 user:fa_db password:1qaz!QAZ charset:utf8 redisPassword:"" redisDB:3]
SELECT BO_No, BO_OrderNo , BO_User , BO_Issue  , BO_LotteryTypeGroup, BO_LotteryType, BO_Mode, BO_LotteryPlayGroup, BO_LotteryPlay , BO_LotteryContent, BO_Price, BO_RealPrice, BO_Unit, BO_Multiple , BO_BetCount  , BO_Winnings, BO_Winnings2, BO_Winnings3, BO_WinningLimit  , BO_Water , BO_BW_SourceUserId, BO_BW_BackWater, BO_BW_LimitBetCount, BO_BW_MaxAmount, BO_BW_AuditMultiple  , BO_Odds, BO_Odds2, BO_Odds3 , BO_Type, BO_Chase , BO_OpenResult, BO_OpenResult2, BO_DateDraw, BO_DateDraw2, BO_DateUpdate  FROM TS_BetOrder  WHERE BO_Cancel = 0   AND BO_CancelBackend = 0   AND BO_LotteryTypeGroup = 2 AND BO_LotteryType = 26 AND BO_Issue = 202001020751 AND BO_Collect = 0 ORDER BY BO_DateDraw ASC, BO_DateCreate ASC, BO_DateUpdate ASC, BO_No ASC ;
[GIN] 2020/01/02 - 12:30:00 | 200 |    3.071526ms |  192.168.66.115 | POST     /getResult
[2020-01-02 12:30:00] LottteryTypeGroup 2 
[2020-01-02 12:30:00] 有期號 但無注單 -------> map[bonus:0 thisOpenResult:[7 4 5 5 1] amount:0] 
[GIN] 2020/01/02 - 12:30:00 | 200 |    4.894621ms |  192.168.66.115 | POST     /getResult
[2020-01-02 12:30:00] LottteryTypeGroup 2 
[2020-01-02 12:30:00] 有期號 但無注單 -------> map[amount:0 bonus:0 thisOpenResult:[3 2 4 8 4]] 
[GIN] 2020/01/02 - 12:30:00 | 200 |    5.110947ms |  192.168.66.115 | POST     /getResult
[2020-01-02 12:30:00] LottteryTypeGroup 2 
[2020-01-02 12:30:00] 有期號 但無注單 -------> map[amount:0 bonus:0 thisOpenResult:[7 6 4 3 1]] 
[GIN] 2020/01/02 - 12:30:00 | 200 |    5.388499ms |  192.168.66.115 | POST     /getResult
[2020-01-02 12:30:01] 自開彩開獎  {202001020251 6 37 true} 
ConfigData  map[ip:192.168.88.181 poolname:FA_MEM user:fa_db password:1qaz!QAZ charset:utf8 redisIp:192.168.88.119 redisPassword:"" port:3306 database:FA_MEM redisPort:6379 redisDB:3]
SqlString  SELECT RTP,Amount,Bonus  FROM M_RtpSetting  WHERE Sid = 1   AND State = 1   AND LTG_Code = 6 AND Gid = 37
sqlResult   map[result: count:0 state:0]
[2020-01-02 12:30:01] rtpData ------->   map[result: count:0 state:0] 
[GIN] 2020/01/02 - 12:30:01 | 200 |    2.903026ms |  192.168.66.115 | POST     /getResult
[2020-01-02 12:30:03] 自開彩開獎  {202001020750 1 34 true} 
ConfigData  map[ip:192.168.88.181 poolname:FA_MEM password:1qaz!QAZ redisIp:192.168.88.119 redisPort:6379 port:3306 user:fa_db database:FA_MEM charset:utf8 redisPassword:"" redisDB:3]
SqlString  SELECT RTP,Amount,Bonus  FROM M_RtpSetting  WHERE Sid = 1   AND State = 1   AND LTG_Code = 1 AND Gid = 34
sqlResult   map[result: count:0 state:0]
[2020-01-02 12:30:03] rtpData ------->   map[result: count:0 state:0] 
[GIN] 2020/01/02 - 12:30:03 | 200 |    2.760124ms |  192.168.66.115 | POST     /getResult
[2020-01-02 12:30:04] 自開彩開獎  {202001020250 1 35 true} 
ConfigData  map[password:1qaz!QAZ database:FA_MEM charset:utf8 redisIp:192.168.88.119 redisPort:6379 redisPassword:"" ip:192.168.88.181 poolname:FA_MEM port:3306 user:fa_db redisDB:3]
SqlString  SELECT RTP,Amount,Bonus  FROM M_RtpSetting  WHERE Sid = 1   AND State = 1   AND LTG_Code = 1 AND Gid = 35
[2020-01-02 12:30:04] 自開彩開獎  {202001020750 6 36 true} 
ConfigData  map[user:fa_db charset:utf8 redisIp:192.168.88.119 redisPort:6379 redisPassword:"" redisDB:3 ip:192.168.88.181 poolname:FA_MEM port:3306 password:1qaz!QAZ database:FA_MEM]
SqlString  SELECT RTP,Amount,Bonus  FROM M_RtpSetting  WHERE Sid = 1   AND State = 1   AND LTG_Code = 6 AND Gid = 36
sqlResult   map[result: count:0 state:0]
[2020-01-02 12:30:04] rtpData ------->   map[result: count:0 state:0] 
sqlResult   map[result: count:0 state:0]
[2020-01-02 12:30:04] rtpData ------->   map[result: count:0 state:0] 
[GIN] 2020/01/02 - 12:30:04 | 200 |    2.739911ms |  192.168.66.115 | POST     /getResult
[GIN] 2020/01/02 - 12:30:04 | 200 |    2.789728ms |  192.168.66.115 | POST     /getResult
[2020-01-02 12:30:04] 自開彩開獎  {202001020750 5 38 true} 
ConfigData  map[database:FA_MEM charset:utf8 redisIp:192.168.88.119 redisPort:6379 redisDB:3 poolname:FA_MEM user:fa_db password:1qaz!QAZ redisPassword:"" ip:192.168.88.181 port:3306]
SqlString  SELECT RTP,Amount,Bonus  FROM M_RtpSetting  WHERE Sid = 1   AND State = 1   AND LTG_Code = 5 AND Gid = 38
sqlResult   map[result: count:0 state:0]
[2020-01-02 12:30:04] rtpData ------->   map[result: count:0 state:0] 
[GIN] 2020/01/02 - 12:30:04 | 200 |    2.753704ms |  192.168.66.115 | POST     /getResult
[2020-01-02 12:30:04] 自開彩開獎  {202001020250 4 41 true} 
ConfigData  map[ip:192.168.88.181 user:fa_db password:1qaz!QAZ database:FA_MEM charset:utf8 redisIp:192.168.88.119 redisPort:6379 redisPassword:"" poolname:FA_MEM port:3306 redisDB:3]
SqlString  SELECT RTP,Amount,Bonus  FROM M_RtpSetting  WHERE Sid = 1   AND State = 1   AND LTG_Code = 4 AND Gid = 41
[2020-01-02 12:30:04] 自開彩開獎  {202001020750 4 40 true} 
ConfigData  map[ip:192.168.88.181 port:3306 database:FA_MEM redisPort:6379 redisDB:3 poolname:FA_MEM user:fa_db password:1qaz!QAZ charset:utf8 redisIp:192.168.88.119 redisPassword:""]
SqlString  SELECT RTP,Amount,Bonus  FROM M_RtpSetting  WHERE Sid = 1   AND State = 1   AND LTG_Code = 4 AND Gid = 40
sqlResult   map[state:0 result: count:0]
[2020-01-02 12:30:04] rtpData ------->   map[count:0 state:0 result:] 
sqlResult   map[count:0 state:0 result:]
[2020-01-02 12:30:04] rtpData ------->   map[result: count:0 state:0] 
[GIN] 2020/01/02 - 12:30:04 | 200 |    2.469622ms |  192.168.66.115 | POST     /getResult
[GIN] 2020/01/02 - 12:30:04 | 200 |    2.467527ms |  192.168.66.115 | POST     /getResult
[2020-01-02 12:30:06] 自開彩開獎  {202001020151 5 39 true} 
ConfigData  map[charset:utf8 redisIp:192.168.88.119 redisPort:6379 user:fa_db poolname:FA_MEM port:3306 password:1qaz!QAZ database:FA_MEM redisPassword:"" redisDB:3 ip:192.168.88.181]
SqlString  SELECT RTP,Amount,Bonus  FROM M_RtpSetting  WHERE Sid = 1   AND State = 1   AND LTG_Code = 5 AND Gid = 39
sqlResult   map[result: count:0 state:0]
[2020-01-02 12:30:06] rtpData ------->   map[result: count:0 state:0] 
[GIN] 2020/01/02 - 12:30:06 | 200 |     2.70385ms |  192.168.66.115 | POST     /getResult
[2020-01-02 12:30:07] 自開彩開獎  {202001020251 6 37 true} 
ConfigData  map[port:3306 password:1qaz!QAZ database:FA_MEM charset:utf8 redisDB:3 ip:192.168.88.181 poolname:FA_MEM user:fa_db redisIp:192.168.88.119 redisPort:6379 redisPassword:""]
SqlString  SELECT RTP,Amount,Bonus  FROM M_RtpSetting  WHERE Sid = 1   AND State = 1   AND LTG_Code = 6 AND Gid = 37
sqlResult   map[result: count:0 state:0]
[2020-01-02 12:30:07] rtpData ------->   map[result: count:0 state:0] 
[GIN] 2020/01/02 - 12:30:07 | 200 |    2.725048ms |  192.168.66.115 | POST     /getResult
[2020-01-02 12:30:09] 自開彩開獎  {202001020751 1 34 true} 
ConfigData  map[redisPort:6379 redisDB:3 ip:192.168.88.181 poolname:FA_MEM user:fa_db password:1qaz!QAZ database:FA_MEM port:3306 charset:utf8 redisIp:192.168.88.119 redisPassword:""]
SqlString  SELECT RTP,Amount,Bonus  FROM M_RtpSetting  WHERE Sid = 1   AND State = 1   AND LTG_Code = 1 AND Gid = 34
sqlResult   map[result: count:0 state:0]
[2020-01-02 12:30:09] rtpData ------->   map[result: count:0 state:0] 
[GIN] 2020/01/02 - 12:30:09 | 200 |    3.059485ms |  192.168.66.115 | POST     /getResult
[2020-01-02 12:30:10] 自開彩開獎  {202001020251 1 35 true} 
ConfigData  map[charset:utf8 redisIp:192.168.88.119 redisPassword:"" redisDB:3 poolname:FA_MEM port:3306 password:1qaz!QAZ database:FA_MEM redisPort:6379 ip:192.168.88.181 user:fa_db]
SqlString  SELECT RTP,Amount,Bonus  FROM M_RtpSetting  WHERE Sid = 1   AND State = 1   AND LTG_Code = 1 AND Gid = 35
[2020-01-02 12:30:10] 自開彩開獎  {202001020751 6 36 true} 
ConfigData  map[port:3306 redisIp:192.168.88.119 redisPort:6379 redisDB:3 ip:192.168.88.181 poolname:FA_MEM user:fa_db password:1qaz!QAZ database:FA_MEM charset:utf8 redisPassword:""]
SqlString  SELECT RTP,Amount,Bonus  FROM M_RtpSetting  WHERE Sid = 1   AND State = 1   AND LTG_Code = 6 AND Gid = 36
sqlResult   map[result: count:0 state:0]
[2020-01-02 12:30:10] rtpData ------->   map[state:0 result: count:0] 
[GIN] 2020/01/02 - 12:30:10 | 200 |    2.659281ms |  192.168.66.115 | POST     /getResult
sqlResult   map[result: count:0 state:0]
[2020-01-02 12:30:10] rtpData ------->   map[result: count:0 state:0] 
[GIN] 2020/01/02 - 12:30:10 | 200 |    2.405071ms |  192.168.66.115 | POST     /getResult
[2020-01-02 12:30:10] 自開彩開獎  {202001020751 5 38 true} 
ConfigData  map[redisIp:192.168.88.119 redisPort:6379 redisPassword:"" ip:192.168.88.181 poolname:FA_MEM port:3306 database:FA_MEM charset:utf8 user:fa_db password:1qaz!QAZ redisDB:3]
SqlString  SELECT RTP,Amount,Bonus  FROM M_RtpSetting  WHERE Sid = 1   AND State = 1   AND LTG_Code = 5 AND Gid = 38
sqlResult   map[result: count:0 state:0]
[2020-01-02 12:30:10] rtpData ------->   map[result: count:0 state:0] 
[GIN] 2020/01/02 - 12:30:10 | 200 |    2.569731ms |  192.168.66.115 | POST     /getResult
[2020-01-02 12:30:10] 自開彩開獎  {202001020751 4 40 true} 
ConfigData  map[redisPort:6379 ip:192.168.88.181 poolname:FA_MEM port:3306 charset:utf8 redisPassword:"" redisDB:3 user:fa_db password:1qaz!QAZ database:FA_MEM redisIp:192.168.88.119]
SqlString  SELECT RTP,Amount,Bonus  FROM M_RtpSetting  WHERE Sid = 1   AND State = 1   AND LTG_Code = 4 AND Gid = 40
[2020-01-02 12:30:10] 自開彩開獎  {202001020251 4 41 true} 
ConfigData  map[poolname:FA_MEM port:3306 database:FA_MEM charset:utf8 redisIp:192.168.88.119 ip:192.168.88.181 user:fa_db password:1qaz!QAZ redisPort:6379 redisPassword:"" redisDB:3]
SqlString  SELECT RTP,Amount,Bonus  FROM M_RtpSetting  WHERE Sid = 1   AND State = 1   AND LTG_Code = 4 AND Gid = 41
sqlResult   map[result: count:0 state:0]
[2020-01-02 12:30:10] rtpData ------->   map[result: count:0 state:0] 
[GIN] 2020/01/02 - 12:30:10 | 200 |    2.040179ms |  192.168.66.115 | POST     /getResult
sqlResult   map[result: count:0 state:0]
[2020-01-02 12:30:10] rtpData ------->   map[result: count:0 state:0] 
[GIN] 2020/01/02 - 12:30:10 | 200 |    2.110893ms |  192.168.66.115 | POST     /getResult
[2020-01-02 12:30:12] 自開彩開獎  {202001020151 5 39 true} 
ConfigData  map[redisDB:3 ip:192.168.88.181 poolname:FA_MEM port:3306 user:fa_db database:FA_MEM redisIp:192.168.88.119 redisPort:6379 password:1qaz!QAZ charset:utf8 redisPassword:""]
SqlString  SELECT RTP,Amount,Bonus  FROM M_RtpSetting  WHERE Sid = 1   AND State = 1   AND LTG_Code = 5 AND Gid = 39
sqlResult   map[result: count:0 state:0]
[2020-01-02 12:30:12] rtpData ------->   map[state:0 result: count:0] 
[GIN] 2020/01/02 - 12:30:12 | 200 |    2.798511ms |  192.168.66.115 | POST     /getResult
[2020-01-02 12:30:13] 自開彩開獎  {202001020251 6 37 true} 
ConfigData  map[redisPort:6379 ip:192.168.88.181 password:1qaz!QAZ database:FA_MEM charset:utf8 redisIp:192.168.88.119 redisPassword:"" redisDB:3 poolname:FA_MEM port:3306 user:fa_db]
SqlString  SELECT RTP,Amount,Bonus  FROM M_RtpSetting  WHERE Sid = 1   AND State = 1   AND LTG_Code = 6 AND Gid = 37
sqlResult   map[result: count:0 state:0]
[2020-01-02 12:30:13] rtpData ------->   map[state:0 result: count:0] 
[GIN] 2020/01/02 - 12:30:13 | 200 |    3.017099ms |  192.168.66.115 | POST     /getResult
[2020-01-02 12:30:15] 自開彩開獎  {202001020751 1 34 true} 
ConfigData  map[password:1qaz!QAZ charset:utf8 redisPort:6379 redisPassword:"" redisDB:3 ip:192.168.88.181 poolname:FA_MEM user:fa_db port:3306 database:FA_MEM redisIp:192.168.88.119]
SqlString  SELECT RTP,Amount,Bonus  FROM M_RtpSetting  WHERE Sid = 1   AND State = 1   AND LTG_Code = 1 AND Gid = 34
sqlResult   map[result: count:0 state:0]
[2020-01-02 12:30:15] rtpData ------->   map[result: count:0 state:0] 
[GIN] 2020/01/02 - 12:30:15 | 200 |    2.762735ms |  192.168.66.115 | POST     /getResult
[2020-01-02 12:30:16] 自開彩開獎  {202001020751 6 36 true} 
ConfigData  map[redisIp:192.168.88.119 redisPort:6379 redisDB:3 poolname:FA_MEM port:3306 password:1qaz!QAZ charset:utf8 redisPassword:"" ip:192.168.88.181 user:fa_db database:FA_MEM]
SqlString  SELECT RTP,Amount,Bonus  FROM M_RtpSetting  WHERE Sid = 1   AND State = 1   AND LTG_Code = 6 AND Gid = 36
[2020-01-02 12:30:16] 自開彩開獎  {202001020251 1 35 true} 
ConfigData  map[password:1qaz!QAZ redisIp:192.168.88.119 redisPassword:"" redisDB:3 user:fa_db poolname:FA_MEM port:3306 database:FA_MEM charset:utf8 redisPort:6379 ip:192.168.88.181]
SqlString  SELECT RTP,Amount,Bonus  FROM M_RtpSetting  WHERE Sid = 1   AND State = 1   AND LTG_Code = 1 AND Gid = 35
sqlResult   map[result: count:0 state:0]
[2020-01-02 12:30:16] rtpData ------->   map[result: count:0 state:0] 
sqlResult   map[result: count:0 state:0]
[2020-01-02 12:30:16] rtpData ------->   map[result: count:0 state:0] 
[GIN] 2020/01/02 - 12:30:16 | 200 |    2.478276ms |  192.168.66.115 | POST     /getResult
[GIN] 2020/01/02 - 12:30:16 | 200 |    2.660878ms |  192.168.66.115 | POST     /getResult
[2020-01-02 12:30:16] 自開彩開獎  {202001020751 5 38 true} 
ConfigData  map[ip:192.168.88.181 port:3306 password:1qaz!QAZ redisIp:192.168.88.119 redisPort:6379 redisPassword:"" redisDB:3 poolname:FA_MEM user:fa_db database:FA_MEM charset:utf8]
SqlString  SELECT RTP,Amount,Bonus  FROM M_RtpSetting  WHERE Sid = 1   AND State = 1   AND LTG_Code = 5 AND Gid = 38
sqlResult   map[state:0 result: count:0]
[2020-01-02 12:30:16] rtpData ------->   map[state:0 result: count:0] 
[GIN] 2020/01/02 - 12:30:16 | 200 |    2.279191ms |  192.168.66.115 | POST     /getResult
[2020-01-02 12:30:16] 自開彩開獎  {202001020751 4 40 true} 
ConfigData  map[database:FA_MEM charset:utf8 redisPort:6379 redisDB:3 port:3306 password:1qaz!QAZ user:fa_db redisIp:192.168.88.119 redisPassword:"" ip:192.168.88.181 poolname:FA_MEM]
SqlString  SELECT RTP,Amount,Bonus  FROM M_RtpSetting  WHERE Sid = 1   AND State = 1   AND LTG_Code = 4 AND Gid = 40
[2020-01-02 12:30:16] 自開彩開獎  {202001020251 4 41 true} 
ConfigData  map[redisIp:192.168.88.119 redisPassword:"" redisDB:3 poolname:FA_MEM user:fa_db database:FA_MEM charset:utf8 ip:192.168.88.181 port:3306 password:1qaz!QAZ redisPort:6379]
SqlString  SELECT RTP,Amount,Bonus  FROM M_RtpSetting  WHERE Sid = 1   AND State = 1   AND LTG_Code = 4 AND Gid = 41
sqlResult   map[state:0 result: count:0]
[2020-01-02 12:30:16] rtpData ------->   map[count:0 state:0 result:] 
[GIN] 2020/01/02 - 12:30:16 | 200 |    1.664189ms |  192.168.66.115 | POST     /getResult
sqlResult   map[result: count:0 state:0]
[2020-01-02 12:30:16] rtpData ------->   map[state:0 result: count:0] 
[GIN] 2020/01/02 - 12:30:16 | 200 |    1.785386ms |  192.168.66.115 | POST     /getResult
[2020-01-02 12:30:18] 自開彩開獎  {202001020151 5 39 true} 
ConfigData  map[ip:192.168.88.181 user:fa_db password:1qaz!QAZ database:FA_MEM charset:utf8 redisIp:192.168.88.119 poolname:FA_MEM port:3306 redisPort:6379 redisPassword:"" redisDB:3]
SqlString  SELECT RTP,Amount,Bonus  FROM M_RtpSetting  WHERE Sid = 1   AND State = 1   AND LTG_Code = 5 AND Gid = 39
sqlResult   map[count:0 state:0 result:]
[2020-01-02 12:30:18] rtpData ------->   map[result: count:0 state:0] 
[GIN] 2020/01/02 - 12:30:18 | 200 |    2.268418ms |  192.168.66.115 | POST     /getResult
[2020-01-02 12:30:19] 自開彩開獎  {202001020251 6 37 true} 
ConfigData  map[port:3306 redisPassword:"" ip:192.168.88.181 user:fa_db password:1qaz!QAZ database:FA_MEM charset:utf8 redisIp:192.168.88.119 redisPort:6379 redisDB:3 poolname:FA_MEM]
SqlString  SELECT RTP,Amount,Bonus  FROM M_RtpSetting  WHERE Sid = 1   AND State = 1   AND LTG_Code = 6 AND Gid = 37
sqlResult   map[result: count:0 state:0]
[2020-01-02 12:30:19] rtpData ------->   map[result: count:0 state:0] 
[GIN] 2020/01/02 - 12:30:19 | 200 |    2.278804ms |  192.168.66.115 | POST     /getResult
[2020-01-02 12:30:21] 自開彩開獎  {202001020751 1 34 true} 
ConfigData  map[poolname:FA_MEM port:3306 user:fa_db database:FA_MEM charset:utf8 ip:192.168.88.181 password:1qaz!QAZ redisIp:192.168.88.119 redisPort:6379 redisPassword:"" redisDB:3]
SqlString  SELECT RTP,Amount,Bonus  FROM M_RtpSetting  WHERE Sid = 1   AND State = 1   AND LTG_Code = 1 AND Gid = 34
sqlResult   map[result: count:0 state:0]
[2020-01-02 12:30:21] rtpData ------->   map[result: count:0 state:0] 
[GIN] 2020/01/02 - 12:30:21 | 200 |    3.269743ms |  192.168.66.115 | POST     /getResult
[2020-01-02 12:30:22] 自開彩開獎  {202001020251 1 35 true} 
ConfigData  map[redisPort:6379 redisPassword:"" port:3306 user:fa_db database:FA_MEM charset:utf8 redisIp:192.168.88.119 ip:192.168.88.181 poolname:FA_MEM password:1qaz!QAZ redisDB:3]
SqlString  SELECT RTP,Amount,Bonus  FROM M_RtpSetting  WHERE Sid = 1   AND State = 1   AND LTG_Code = 1 AND Gid = 35
[2020-01-02 12:30:22] 自開彩開獎  {202001020751 6 36 true} 
ConfigData  map[user:fa_db password:1qaz!QAZ redisIp:192.168.88.119 redisPassword:"" ip:192.168.88.181 port:3306 charset:utf8 redisPort:6379 redisDB:3 poolname:FA_MEM database:FA_MEM]
SqlString  SELECT RTP,Amount,Bonus  FROM M_RtpSetting  WHERE Sid = 1   AND State = 1   AND LTG_Code = 6 AND Gid = 36
sqlResult   map[result: count:0 state:0]
[2020-01-02 12:30:22] rtpData ------->   map[result: count:0 state:0] 
[GIN] 2020/01/02 - 12:30:22 | 200 |    2.961605ms |  192.168.66.115 | POST     /getResult
sqlResult   map[result: count:0 state:0]
[2020-01-02 12:30:22] rtpData ------->   map[result: count:0 state:0] 
[GIN] 2020/01/02 - 12:30:22 | 200 |    2.865069ms |  192.168.66.115 | POST     /getResult
[2020-01-02 12:30:22] 自開彩開獎  {202001020751 5 38 true} 
ConfigData  map[redisDB:3 poolname:FA_MEM port:3306 password:1qaz!QAZ database:FA_MEM redisPort:6379 ip:192.168.88.181 user:fa_db charset:utf8 redisIp:192.168.88.119 redisPassword:""]
SqlString  SELECT RTP,Amount,Bonus  FROM M_RtpSetting  WHERE Sid = 1   AND State = 1   AND LTG_Code = 5 AND Gid = 38
sqlResult   map[result: count:0 state:0]
[2020-01-02 12:30:22] rtpData ------->   map[result: count:0 state:0] 
[GIN] 2020/01/02 - 12:30:22 | 200 |    2.564965ms |  192.168.66.115 | POST     /getResult
[2020-01-02 12:30:22] 自開彩開獎  {202001020751 4 40 true} 
ConfigData  map[ip:192.168.88.181 redisPort:6379 password:1qaz!QAZ database:FA_MEM charset:utf8 redisIp:192.168.88.119 redisPassword:"" poolname:FA_MEM port:3306 user:fa_db redisDB:3]
SqlString  SELECT RTP,Amount,Bonus  FROM M_RtpSetting  WHERE Sid = 1   AND State = 1   AND LTG_Code = 4 AND Gid = 40
sqlResult   map[result: count:0 state:0]
[2020-01-02 12:30:22] rtpData ------->   map[result: count:0 state:0] 
[GIN] 2020/01/02 - 12:30:22 | 200 |    2.047698ms |  192.168.66.115 | POST     /getResult
[2020-01-02 12:30:22] 自開彩開獎  {202001020251 4 41 true} 
ConfigData  map[database:FA_MEM charset:utf8 redisIp:192.168.88.119 redisPort:6379 redisPassword:"" ip:192.168.88.181 poolname:FA_MEM user:fa_db redisDB:3 port:3306 password:1qaz!QAZ]
SqlString  SELECT RTP,Amount,Bonus  FROM M_RtpSetting  WHERE Sid = 1   AND State = 1   AND LTG_Code = 4 AND Gid = 41
sqlResult   map[result: count:0 state:0]
[2020-01-02 12:30:22] rtpData ------->   map[result: count:0 state:0] 
[GIN] 2020/01/02 - 12:30:22 | 200 |    1.602786ms |  192.168.66.115 | POST     /getResult
[2020-01-02 12:30:24] 自開彩開獎  {202001020151 5 39 true} 
ConfigData  map[ip:192.168.88.181 poolname:FA_MEM user:fa_db password:1qaz!QAZ redisPort:6379 redisPassword:"" redisDB:3 port:3306 database:FA_MEM charset:utf8 redisIp:192.168.88.119]
SqlString  SELECT RTP,Amount,Bonus  FROM M_RtpSetting  WHERE Sid = 1   AND State = 1   AND LTG_Code = 5 AND Gid = 39
sqlResult   map[result: count:0 state:0]
[2020-01-02 12:30:24] rtpData ------->   map[result: count:0 state:0] 
[GIN] 2020/01/02 - 12:30:24 | 200 |    2.864951ms |  192.168.66.115 | POST     /getResult
[2020-01-02 12:30:25] 自開彩開獎  {202001020251 6 37 true} 
ConfigData  map[redisPort:6379 redisPassword:"" poolname:FA_MEM port:3306 password:1qaz!QAZ charset:utf8 redisDB:3 ip:192.168.88.181 user:fa_db database:FA_MEM redisIp:192.168.88.119]
SqlString  SELECT RTP,Amount,Bonus  FROM M_RtpSetting  WHERE Sid = 1   AND State = 1   AND LTG_Code = 6 AND Gid = 37
sqlResult   map[result: count:0 state:0]
[2020-01-02 12:30:25] rtpData ------->   map[result: count:0 state:0] 
[GIN] 2020/01/02 - 12:30:25 | 200 |    2.411303ms |  192.168.66.115 | POST     /getResult
[2020-01-02 12:30:27] 自開彩開獎  {202001020751 1 34 true} 
ConfigData  map[ip:192.168.88.181 port:3306 password:1qaz!QAZ redisIp:192.168.88.119 redisPort:6379 redisDB:3 poolname:FA_MEM user:fa_db database:FA_MEM charset:utf8 redisPassword:""]
SqlString  SELECT RTP,Amount,Bonus  FROM M_RtpSetting  WHERE Sid = 1   AND State = 1   AND LTG_Code = 1 AND Gid = 34
sqlResult   map[result: count:0 state:0]
[2020-01-02 12:30:27] rtpData ------->   map[result: count:0 state:0] 
[GIN] 2020/01/02 - 12:30:27 | 200 |    2.723394ms |  192.168.66.115 | POST     /getResult
[2020-01-02 12:30:28] 自開彩開獎  {202001020251 1 35 true} 
ConfigData  map[database:FA_MEM charset:utf8 redisIp:192.168.88.119 redisPort:6379 redisPassword:"" ip:192.168.88.181 poolname:FA_MEM password:1qaz!QAZ port:3306 user:fa_db redisDB:3]
SqlString  SELECT RTP,Amount,Bonus  FROM M_RtpSetting  WHERE Sid = 1   AND State = 1   AND LTG_Code = 1 AND Gid = 35
[2020-01-02 12:30:28] 自開彩開獎  {202001020751 6 36 true} 
ConfigData  map[port:3306 charset:utf8 redisIp:192.168.88.119 ip:192.168.88.181 poolname:FA_MEM database:FA_MEM redisPort:6379 redisPassword:"" redisDB:3 user:fa_db password:1qaz!QAZ]
SqlString  SELECT RTP,Amount,Bonus  FROM M_RtpSetting  WHERE Sid = 1   AND State = 1   AND LTG_Code = 6 AND Gid = 36
sqlResult   map[result: count:0 state:0]
[2020-01-02 12:30:28] rtpData ------->   map[result: count:0 state:0] 
[GIN] 2020/01/02 - 12:30:28 | 200 |    2.653855ms |  192.168.66.115 | POST     /getResult
sqlResult   map[count:0 state:0 result:]
[2020-01-02 12:30:28] rtpData ------->   map[state:0 result: count:0] 
[GIN] 2020/01/02 - 12:30:28 | 200 |    2.645172ms |  192.168.66.115 | POST     /getResult
[2020-01-02 12:30:28] 自開彩開獎  {202001020751 5 38 true} 
ConfigData  map[redisPort:6379 ip:192.168.88.181 poolname:FA_MEM port:3306 user:fa_db database:FA_MEM charset:utf8 redisIp:192.168.88.119 redisPassword:"" password:1qaz!QAZ redisDB:3]
SqlString  SELECT RTP,Amount,Bonus  FROM M_RtpSetting  WHERE Sid = 1   AND State = 1   AND LTG_Code = 5 AND Gid = 38
sqlResult   map[result: count:0 state:0]
[2020-01-02 12:30:28] rtpData ------->   map[state:0 result: count:0] 
[GIN] 2020/01/02 - 12:30:28 | 200 |    2.840819ms |  192.168.66.115 | POST     /getResult
[2020-01-02 12:30:28] 自開彩開獎  {202001020751 4 40 true} 
ConfigData  map[ip:192.168.88.181 user:fa_db charset:utf8 redisIp:192.168.88.119 redisPort:6379 redisPassword:"" poolname:FA_MEM port:3306 password:1qaz!QAZ database:FA_MEM redisDB:3]
SqlString  SELECT RTP,Amount,Bonus  FROM M_RtpSetting  WHERE Sid = 1   AND State = 1   AND LTG_Code = 4 AND Gid = 40
sqlResult   map[result: count:0 state:0]
[2020-01-02 12:30:28] rtpData ------->   map[result: count:0 state:0] 
[GIN] 2020/01/02 - 12:30:28 | 200 |    2.043493ms |  192.168.66.115 | POST     /getResult
[2020-01-02 12:30:28] 自開彩開獎  {202001020251 4 41 true} 
ConfigData  map[poolname:FA_MEM user:fa_db charset:utf8 database:FA_MEM redisIp:192.168.88.119 redisPort:6379 redisPassword:"" redisDB:3 ip:192.168.88.181 port:3306 password:1qaz!QAZ]
SqlString  SELECT RTP,Amount,Bonus  FROM M_RtpSetting  WHERE Sid = 1   AND State = 1   AND LTG_Code = 4 AND Gid = 41
sqlResult   map[count:0 state:0 result:]
[2020-01-02 12:30:28] rtpData ------->   map[result: count:0 state:0] 
[GIN] 2020/01/02 - 12:30:28 | 200 |    1.707373ms |  192.168.66.115 | POST     /getResult
[2020-01-02 12:30:30] 自開彩開獎  {202001020151 5 39 true} 
ConfigData  map[ip:192.168.88.181 port:3306 user:fa_db password:1qaz!QAZ redisPort:6379 redisPassword:"" redisDB:3 poolname:FA_MEM database:FA_MEM charset:utf8 redisIp:192.168.88.119]
SqlString  SELECT RTP,Amount,Bonus  FROM M_RtpSetting  WHERE Sid = 1   AND State = 1   AND LTG_Code = 5 AND Gid = 39
sqlResult   map[result: count:0 state:0]
[2020-01-02 12:30:30] rtpData ------->   map[result: count:0 state:0] 
[GIN] 2020/01/02 - 12:30:30 | 200 |    2.654766ms |  192.168.66.115 | POST     /getResult
[2020-01-02 12:30:31] 自開彩開獎  {202001020251 6 37 true} 
ConfigData  map[port:3306 user:fa_db password:1qaz!QAZ charset:utf8 redisPort:6379 redisDB:3 poolname:FA_MEM database:FA_MEM redisIp:192.168.88.119 redisPassword:"" ip:192.168.88.181]
SqlString  SELECT RTP,Amount,Bonus  FROM M_RtpSetting  WHERE Sid = 1   AND State = 1   AND LTG_Code = 6 AND Gid = 37
sqlResult   map[result: count:0 state:0]
[2020-01-02 12:30:31] rtpData ------->   map[state:0 result: count:0] 
[GIN] 2020/01/02 - 12:30:31 | 200 |    2.332064ms |  192.168.66.115 | POST     /getResult
[2020-01-02 12:30:33] 自開彩開獎  {202001020751 1 34 true} 
ConfigData  map[database:FA_MEM charset:utf8 redisIp:192.168.88.119 redisPort:6379 port:3306 password:1qaz!QAZ user:fa_db redisPassword:"" redisDB:3 ip:192.168.88.181 poolname:FA_MEM]
SqlString  SELECT RTP,Amount,Bonus  FROM M_RtpSetting  WHERE Sid = 1   AND State = 1   AND LTG_Code = 1 AND Gid = 34
sqlResult   map[result: count:0 state:0]
[2020-01-02 12:30:33] rtpData ------->   map[result: count:0 state:0] 
[GIN] 2020/01/02 - 12:30:33 | 200 |    5.675725ms |  192.168.66.115 | POST     /getResult
[2020-01-02 12:30:34] 自開彩開獎  {202001020751 6 36 true} 
ConfigData  map[ip:192.168.88.181 port:3306 database:FA_MEM redisIp:192.168.88.119 redisPort:6379 redisPassword:"" poolname:FA_MEM user:fa_db password:1qaz!QAZ charset:utf8 redisDB:3]
SqlString  SELECT RTP,Amount,Bonus  FROM M_RtpSetting  WHERE Sid = 1   AND State = 1   AND LTG_Code = 6 AND Gid = 36
[2020-01-02 12:30:34] 自開彩開獎  {202001020251 1 35 true} 
ConfigData  map[user:fa_db password:1qaz!QAZ redisIp:192.168.88.119 redisPort:6379 redisDB:3 ip:192.168.88.181 poolname:FA_MEM port:3306 database:FA_MEM charset:utf8 redisPassword:""]
SqlString  SELECT RTP,Amount,Bonus  FROM M_RtpSetting  WHERE Sid = 1   AND State = 1   AND LTG_Code = 1 AND Gid = 35
sqlResult   map[result: count:0 state:0]
[2020-01-02 12:30:34] rtpData ------->   map[result: count:0 state:0] 
[GIN] 2020/01/02 - 12:30:34 | 200 |    2.618707ms |  192.168.66.115 | POST     /getResult
sqlResult   map[state:0 result: count:0]
[2020-01-02 12:30:34] rtpData ------->   map[result: count:0 state:0] 
[GIN] 2020/01/02 - 12:30:34 | 200 |    2.651162ms |  192.168.66.115 | POST     /getResult
[2020-01-02 12:30:34] 自開彩開獎  {202001020751 5 38 true} 
ConfigData  map[ip:192.168.88.181 user:fa_db database:FA_MEM redisPort:6379 redisPassword:"" redisDB:3 poolname:FA_MEM port:3306 password:1qaz!QAZ charset:utf8 redisIp:192.168.88.119]
SqlString  SELECT RTP,Amount,Bonus  FROM M_RtpSetting  WHERE Sid = 1   AND State = 1   AND LTG_Code = 5 AND Gid = 38
sqlResult   map[state:0 result: count:0]
[2020-01-02 12:30:34] rtpData ------->   map[count:0 state:0 result:] 
[GIN] 2020/01/02 - 12:30:34 | 200 |      2.6128ms |  192.168.66.115 | POST     /getResult
[2020-01-02 12:30:34] 自開彩開獎  {202001020751 4 40 true} 
ConfigData  map[redisIp:192.168.88.119 redisPort:6379 redisPassword:"" redisDB:3 port:3306 user:fa_db charset:utf8 database:FA_MEM ip:192.168.88.181 poolname:FA_MEM password:1qaz!QAZ]
SqlString  SELECT RTP,Amount,Bonus  FROM M_RtpSetting  WHERE Sid = 1   AND State = 1   AND LTG_Code = 4 AND Gid = 40
sqlResult   map[result: count:0 state:0]
[2020-01-02 12:30:34] rtpData ------->   map[result: count:0 state:0] 
[GIN] 2020/01/02 - 12:30:34 | 200 |    1.906286ms |  192.168.66.115 | POST     /getResult
[2020-01-02 12:30:34] 自開彩開獎  {202001020251 4 41 true} 
ConfigData  map[redisIp:192.168.88.119 redisDB:3 poolname:FA_MEM port:3306 user:fa_db charset:utf8 redisPort:6379 redisPassword:"" ip:192.168.88.181 password:1qaz!QAZ database:FA_MEM]
SqlString  SELECT RTP,Amount,Bonus  FROM M_RtpSetting  WHERE Sid = 1   AND State = 1   AND LTG_Code = 4 AND Gid = 41
sqlResult   map[state:0 result: count:0]
[2020-01-02 12:30:34] rtpData ------->   map[count:0 state:0 result:] 
[GIN] 2020/01/02 - 12:30:34 | 200 |    1.629572ms |  192.168.66.115 | POST     /getResult
[2020-01-02 12:30:36] 自開彩開獎  {202001020151 5 39 true} 
ConfigData  map[password:1qaz!QAZ database:FA_MEM charset:utf8 redisIp:192.168.88.119 redisDB:3 port:3306 poolname:FA_MEM user:fa_db redisPort:6379 redisPassword:"" ip:192.168.88.181]
SqlString  SELECT RTP,Amount,Bonus  FROM M_RtpSetting  WHERE Sid = 1   AND State = 1   AND LTG_Code = 5 AND Gid = 39
sqlResult   map[result: count:0 state:0]
[2020-01-02 12:30:36] rtpData ------->   map[state:0 result: count:0] 
[GIN] 2020/01/02 - 12:30:36 | 200 |    3.080217ms |  192.168.66.115 | POST     /getResult
[2020-01-02 12:30:37] 自開彩開獎  {202001020251 6 37 true} 
ConfigData  map[ip:192.168.88.181 port:3306 database:FA_MEM redisDB:3 poolname:FA_MEM user:fa_db password:1qaz!QAZ charset:utf8 redisIp:192.168.88.119 redisPort:6379 redisPassword:""]
SqlString  SELECT RTP,Amount,Bonus  FROM M_RtpSetting  WHERE Sid = 1   AND State = 1   AND LTG_Code = 6 AND Gid = 37
sqlResult   map[result: count:0 state:0]
[2020-01-02 12:30:37] rtpData ------->   map[result: count:0 state:0] 
[GIN] 2020/01/02 - 12:30:37 | 200 |    2.915163ms |  192.168.66.115 | POST     /getResult
[2020-01-02 12:30:39] 自開彩開獎  {202001020751 1 34 true} 
ConfigData  map[port:3306 user:fa_db password:1qaz!QAZ redisDB:3 ip:192.168.88.181 poolname:FA_MEM database:FA_MEM charset:utf8 redisIp:192.168.88.119 redisPort:6379 redisPassword:""]
SqlString  SELECT RTP,Amount,Bonus  FROM M_RtpSetting  WHERE Sid = 1   AND State = 1   AND LTG_Code = 1 AND Gid = 34
sqlResult   map[state:0 result: count:0]
[2020-01-02 12:30:39] rtpData ------->   map[result: count:0 state:0] 
[GIN] 2020/01/02 - 12:30:39 | 200 |    2.511137ms |  192.168.66.115 | POST     /getResult
[2020-01-02 12:30:40] 自開彩開獎  {202001020251 1 35 true} 
ConfigData  map[poolname:FA_MEM charset:utf8 redisPassword:"" redisPort:6379 redisDB:3 ip:192.168.88.181 port:3306 user:fa_db password:1qaz!QAZ database:FA_MEM redisIp:192.168.88.119]
SqlString  SELECT RTP,Amount,Bonus  FROM M_RtpSetting  WHERE Sid = 1   AND State = 1   AND LTG_Code = 1 AND Gid = 35
[2020-01-02 12:30:40] 自開彩開獎  {202001020751 6 36 true} 
ConfigData  map[port:3306 user:fa_db password:1qaz!QAZ database:FA_MEM charset:utf8 redisPassword:"" ip:192.168.88.181 poolname:FA_MEM redisIp:192.168.88.119 redisPort:6379 redisDB:3]
SqlString  SELECT RTP,Amount,Bonus  FROM M_RtpSetting  WHERE Sid = 1   AND State = 1   AND LTG_Code = 6 AND Gid = 36
sqlResult   map[state:0 result: count:0]
[2020-01-02 12:30:40] rtpData ------->   map[result: count:0 state:0] 
sqlResult   map[result: count:0 state:0]
[2020-01-02 12:30:40] rtpData ------->   map[result: count:0 state:0] 
[GIN] 2020/01/02 - 12:30:40 | 200 |    2.051783ms |  192.168.66.115 | POST     /getResult
[GIN] 2020/01/02 - 12:30:40 | 200 |    2.208199ms |  192.168.66.115 | POST     /getResult
[2020-01-02 12:30:40] 自開彩開獎  {202001020751 5 38 true} 
ConfigData  map[redisPort:6379 redisPassword:"" redisDB:3 poolname:FA_MEM user:fa_db charset:utf8 database:FA_MEM redisIp:192.168.88.119 ip:192.168.88.181 port:3306 password:1qaz!QAZ]
SqlString  SELECT RTP,Amount,Bonus  FROM M_RtpSetting  WHERE Sid = 1   AND State = 1   AND LTG_Code = 5 AND Gid = 38
sqlResult   map[state:0 result: count:0]
[2020-01-02 12:30:40] rtpData ------->   map[result: count:0 state:0] 
[GIN] 2020/01/02 - 12:30:40 | 200 |    2.512772ms |  192.168.66.115 | POST     /getResult
[2020-01-02 12:30:40] 自開彩開獎  {202001020751 4 40 true} 
ConfigData  map[port:3306 password:1qaz!QAZ charset:utf8 redisPassword:"" redisDB:3 ip:192.168.88.181 poolname:FA_MEM user:fa_db database:FA_MEM redisIp:192.168.88.119 redisPort:6379]
SqlString  SELECT RTP,Amount,Bonus  FROM M_RtpSetting  WHERE Sid = 1   AND State = 1   AND LTG_Code = 4 AND Gid = 40
[2020-01-02 12:30:40] 自開彩開獎  {202001020251 4 41 true} 
ConfigData  map[redisIp:192.168.88.119 redisPort:6379 redisPassword:"" redisDB:3 poolname:FA_MEM password:1qaz!QAZ user:fa_db database:FA_MEM charset:utf8 ip:192.168.88.181 port:3306]
SqlString  SELECT RTP,Amount,Bonus  FROM M_RtpSetting  WHERE Sid = 1   AND State = 1   AND LTG_Code = 4 AND Gid = 41
sqlResult   map[state:0 result: count:0]
[2020-01-02 12:30:40] rtpData ------->   map[result: count:0 state:0] 
[GIN] 2020/01/02 - 12:30:40 | 200 |    1.532546ms |  192.168.66.115 | POST     /getResult
sqlResult   map[count:0 state:0 result:]
[2020-01-02 12:30:40] rtpData ------->   map[result: count:0 state:0] 
[GIN] 2020/01/02 - 12:30:40 | 200 |    1.877796ms |  192.168.66.115 | POST     /getResult
[2020-01-02 12:30:42] 自開彩開獎  {202001020151 5 39 true} 
ConfigData  map[redisPassword:"" ip:192.168.88.181 password:1qaz!QAZ database:FA_MEM charset:utf8 redisIp:192.168.88.119 redisPort:6379 redisDB:3 poolname:FA_MEM port:3306 user:fa_db]
SqlString  SELECT RTP,Amount,Bonus  FROM M_RtpSetting  WHERE Sid = 1   AND State = 1   AND LTG_Code = 5 AND Gid = 39
sqlResult   map[result: count:0 state:0]
[2020-01-02 12:30:43] rtpData ------->   map[result: count:0 state:0] 
[GIN] 2020/01/02 - 12:30:43 | 200 |    2.436228ms |  192.168.66.115 | POST     /getResult
[2020-01-02 12:30:43] 自開彩開獎  {202001020251 6 37 true} 
ConfigData  map[charset:utf8 redisIp:192.168.88.119 redisPort:6379 ip:192.168.88.181 port:3306 user:fa_db password:1qaz!QAZ poolname:FA_MEM database:FA_MEM redisPassword:"" redisDB:3]
SqlString  SELECT RTP,Amount,Bonus  FROM M_RtpSetting  WHERE Sid = 1   AND State = 1   AND LTG_Code = 6 AND Gid = 37
sqlResult   map[result: count:0 state:0]
[2020-01-02 12:30:43] rtpData ------->   map[result: count:0 state:0] 
[GIN] 2020/01/02 - 12:30:43 | 200 |    2.484524ms |  192.168.66.115 | POST     /getResult
[2020-01-02 12:30:45] 自開彩開獎  {202001020751 1 34 true} 
ConfigData  map[poolname:FA_MEM port:3306 user:fa_db charset:utf8 redisPort:6379 redisDB:3 ip:192.168.88.181 database:FA_MEM redisIp:192.168.88.119 redisPassword:"" password:1qaz!QAZ]
SqlString  SELECT RTP,Amount,Bonus  FROM M_RtpSetting  WHERE Sid = 1   AND State = 1   AND LTG_Code = 1 AND Gid = 34
sqlResult   map[result: count:0 state:0]
[2020-01-02 12:30:45] rtpData ------->   map[count:0 state:0 result:] 
[GIN] 2020/01/02 - 12:30:45 | 200 |    2.244461ms |  192.168.66.115 | POST     /getResult
[2020-01-02 12:30:46] 自開彩開獎  {202001020251 1 35 true} 
ConfigData  map[poolname:FA_MEM database:FA_MEM redisPort:6379 redisPassword:"" redisDB:3 ip:192.168.88.181 port:3306 user:fa_db password:1qaz!QAZ charset:utf8 redisIp:192.168.88.119]
SqlString  SELECT RTP,Amount,Bonus  FROM M_RtpSetting  WHERE Sid = 1   AND State = 1   AND LTG_Code = 1 AND Gid = 35
sqlResult   map[state:0 result: count:0]
[2020-01-02 12:30:46] rtpData ------->   map[result: count:0 state:0] 
[GIN] 2020/01/02 - 12:30:46 | 200 |    2.209568ms |  192.168.66.115 | POST     /getResult
[2020-01-02 12:30:47] 自開彩開獎  {202001020751 4 40 true} 
ConfigData  map[port:3306 password:1qaz!QAZ database:FA_MEM redisPassword:"" ip:192.168.88.181 user:fa_db charset:utf8 redisIp:192.168.88.119 redisPort:6379 redisDB:3 poolname:FA_MEM]
SqlString  SELECT RTP,Amount,Bonus  FROM M_RtpSetting  WHERE Sid = 1   AND State = 1   AND LTG_Code = 4 AND Gid = 40
[2020-01-02 12:30:47] 自開彩開獎  {202001020751 5 38 true} 
ConfigData  map[ip:192.168.88.181 port:3306 user:fa_db database:FA_MEM redisIp:192.168.88.119 poolname:FA_MEM password:1qaz!QAZ charset:utf8 redisPort:6379 redisPassword:"" redisDB:3]
SqlString  SELECT RTP,Amount,Bonus  FROM M_RtpSetting  WHERE Sid = 1   AND State = 1   AND LTG_Code = 5 AND Gid = 38
[2020-01-02 12:30:47] 自開彩開獎  {202001020251 4 41 true} 
ConfigData  map[ip:192.168.88.181 database:FA_MEM redisPort:6379 charset:utf8 redisIp:192.168.88.119 redisPassword:"" redisDB:3 poolname:FA_MEM port:3306 user:fa_db password:1qaz!QAZ]
SqlString  SELECT RTP,Amount,Bonus  FROM M_RtpSetting  WHERE Sid = 1   AND State = 1   AND LTG_Code = 4 AND Gid = 41
sqlResult   map[result: count:0 state:0]
[2020-01-02 12:30:47] rtpData ------->   map[result: count:0 state:0] 
sqlResult   map[result: count:0 state:0]
[2020-01-02 12:30:47] rtpData ------->   map[result: count:0 state:0] 
[GIN] 2020/01/02 - 12:30:47 | 200 |    2.636819ms |  192.168.66.115 | POST     /getResult
[GIN] 2020/01/02 - 12:30:47 | 200 |    2.686982ms |  192.168.66.115 | POST     /getResult
sqlResult   map[result: count:0 state:0]
[2020-01-02 12:30:47] rtpData ------->   map[result: count:0 state:0] 
[GIN] 2020/01/02 - 12:30:47 | 200 |    2.533774ms |  192.168.66.115 | POST     /getResult
[2020-01-02 12:30:47] 自開彩開獎  {202001020751 6 36 true} 
ConfigData  map[ip:192.168.88.181 poolname:FA_MEM user:fa_db password:1qaz!QAZ redisDB:3 port:3306 database:FA_MEM charset:utf8 redisIp:192.168.88.119 redisPort:6379 redisPassword:""]
SqlString  SELECT RTP,Amount,Bonus  FROM M_RtpSetting  WHERE Sid = 1   AND State = 1   AND LTG_Code = 6 AND Gid = 36
sqlResult   map[count:0 state:0 result:]
[2020-01-02 12:30:47] rtpData ------->   map[result: count:0 state:0] 
[GIN] 2020/01/02 - 12:30:47 | 200 |    2.957764ms |  192.168.66.115 | POST     /getResult
[2020-01-02 12:30:49] 自開彩開獎  {202001020151 5 39 true} 
ConfigData  map[redisDB:3 ip:192.168.88.181 poolname:FA_MEM password:1qaz!QAZ database:FA_MEM redisPort:6379 port:3306 user:fa_db charset:utf8 redisIp:192.168.88.119 redisPassword:""]
SqlString  SELECT RTP,Amount,Bonus  FROM M_RtpSetting  WHERE Sid = 1   AND State = 1   AND LTG_Code = 5 AND Gid = 39
sqlResult   map[result: count:0 state:0]
[2020-01-02 12:30:49] rtpData ------->   map[state:0 result: count:0] 
[GIN] 2020/01/02 - 12:30:49 | 200 |    3.409188ms |  192.168.66.115 | POST     /getResult
[2020-01-02 12:30:49] 自開彩開獎  {202001020251 6 37 true} 
ConfigData  map[poolname:FA_MEM password:1qaz!QAZ database:FA_MEM redisIp:192.168.88.119 redisPort:6379 redisDB:3 ip:192.168.88.181 user:fa_db charset:utf8 redisPassword:"" port:3306]
SqlString  SELECT RTP,Amount,Bonus  FROM M_RtpSetting  WHERE Sid = 1   AND State = 1   AND LTG_Code = 6 AND Gid = 37
sqlResult   map[result: count:0 state:0]
[2020-01-02 12:30:49] rtpData ------->   map[result: count:0 state:0] 
[GIN] 2020/01/02 - 12:30:49 | 200 |    2.511536ms |  192.168.66.115 | POST     /getResult
[2020-01-02 12:30:51] 自開彩開獎  {202001020751 1 34 true} 
ConfigData  map[database:FA_MEM redisPort:6379 redisDB:3 ip:192.168.88.181 poolname:FA_MEM port:3306 redisIp:192.168.88.119 redisPassword:"" user:fa_db password:1qaz!QAZ charset:utf8]
SqlString  SELECT RTP,Amount,Bonus  FROM M_RtpSetting  WHERE Sid = 1   AND State = 1   AND LTG_Code = 1 AND Gid = 34
sqlResult   map[result: count:0 state:0]
[2020-01-02 12:30:51] rtpData ------->   map[result: count:0 state:0] 
[GIN] 2020/01/02 - 12:30:51 | 200 |    3.256628ms |  192.168.66.115 | POST     /getResult
[2020-01-02 12:30:52] 自開彩開獎  {202001020251 1 35 true} 
ConfigData  map[redisIp:192.168.88.119 redisPassword:"" redisDB:3 poolname:FA_MEM user:fa_db password:1qaz!QAZ charset:utf8 ip:192.168.88.181 port:3306 database:FA_MEM redisPort:6379]
SqlString  SELECT RTP,Amount,Bonus  FROM M_RtpSetting  WHERE Sid = 1   AND State = 1   AND LTG_Code = 1 AND Gid = 35
sqlResult   map[result: count:0 state:0]
[2020-01-02 12:30:52] rtpData ------->   map[result: count:0 state:0] 
[GIN] 2020/01/02 - 12:30:52 | 200 |    3.125026ms |  192.168.66.115 | POST     /getResult
[2020-01-02 12:30:53] 自開彩開獎  {202001020751 5 38 true} 
ConfigData  map[redisPort:6379 redisPassword:"" poolname:FA_MEM password:1qaz!QAZ charset:utf8 database:FA_MEM redisIp:192.168.88.119 redisDB:3 ip:192.168.88.181 port:3306 user:fa_db]
SqlString  SELECT RTP,Amount,Bonus  FROM M_RtpSetting  WHERE Sid = 1   AND State = 1   AND LTG_Code = 5 AND Gid = 38
[2020-01-02 12:30:53] 自開彩開獎  {202001020751 4 40 true} 
ConfigData  map[redisPort:6379 ip:192.168.88.181 password:1qaz!QAZ database:FA_MEM charset:utf8 redisPassword:"" redisDB:3 poolname:FA_MEM port:3306 user:fa_db redisIp:192.168.88.119]
SqlString  SELECT RTP,Amount,Bonus  FROM M_RtpSetting  WHERE Sid = 1   AND State = 1   AND LTG_Code = 4 AND Gid = 40
[2020-01-02 12:30:53] 自開彩開獎  {202001020251 4 41 true} 
ConfigData  map[ip:192.168.88.181 database:FA_MEM redisPort:6379 redisDB:3 poolname:FA_MEM port:3306 user:fa_db password:1qaz!QAZ charset:utf8 redisIp:192.168.88.119 redisPassword:""]
SqlString  SELECT RTP,Amount,Bonus  FROM M_RtpSetting  WHERE Sid = 1   AND State = 1   AND LTG_Code = 4 AND Gid = 41
sqlResult   map[result: count:0 state:0]
[2020-01-02 12:30:53] rtpData ------->   map[result: count:0 state:0] 
[GIN] 2020/01/02 - 12:30:53 | 200 |    2.612381ms |  192.168.66.115 | POST     /getResult
sqlResult   map[result: count:0 state:0]
[2020-01-02 12:30:53] rtpData ------->   map[result: count:0 state:0] 
[GIN] 2020/01/02 - 12:30:53 | 200 |    1.592707ms |  192.168.66.115 | POST     /getResult
sqlResult   map[result: count:0 state:0]
[2020-01-02 12:30:53] rtpData ------->   map[result: count:0 state:0] 
[GIN] 2020/01/02 - 12:30:53 | 200 |    2.099765ms |  192.168.66.115 | POST     /getResult
[2020-01-02 12:30:53] 自開彩開獎  {202001020751 6 36 true} 
ConfigData  map[redisDB:3 poolname:FA_MEM port:3306 redisIp:192.168.88.119 redisPort:6379 redisPassword:"" ip:192.168.88.181 user:fa_db password:1qaz!QAZ database:FA_MEM charset:utf8]
SqlString  SELECT RTP,Amount,Bonus  FROM M_RtpSetting  WHERE Sid = 1   AND State = 1   AND LTG_Code = 6 AND Gid = 36
sqlResult   map[count:0 state:0 result:]
[2020-01-02 12:30:53] rtpData ------->   map[state:0 result: count:0] 
[GIN] 2020/01/02 - 12:30:53 | 200 |    2.435067ms |  192.168.66.115 | POST     /getResult
[2020-01-02 12:30:55] 自開彩開獎  {202001020151 5 39 true} 
ConfigData  map[password:1qaz!QAZ redisDB:3 database:FA_MEM charset:utf8 redisIp:192.168.88.119 redisPort:6379 ip:192.168.88.181 poolname:FA_MEM port:3306 user:fa_db redisPassword:""]
SqlString  SELECT RTP,Amount,Bonus  FROM M_RtpSetting  WHERE Sid = 1   AND State = 1   AND LTG_Code = 5 AND Gid = 39
sqlResult   map[result: count:0 state:0]
[2020-01-02 12:30:55] rtpData ------->   map[result: count:0 state:0] 
[GIN] 2020/01/02 - 12:30:55 | 200 |    2.573996ms |  192.168.66.115 | POST     /getResult
[2020-01-02 12:30:55] 自開彩開獎  {202001020251 6 37 true} 
ConfigData  map[database:FA_MEM redisIp:192.168.88.119 redisPort:6379 redisPassword:"" poolname:FA_MEM password:1qaz!QAZ user:fa_db charset:utf8 redisDB:3 ip:192.168.88.181 port:3306]
SqlString  SELECT RTP,Amount,Bonus  FROM M_RtpSetting  WHERE Sid = 1   AND State = 1   AND LTG_Code = 6 AND Gid = 37
sqlResult   map[result: count:0 state:0]
[2020-01-02 12:30:55] rtpData ------->   map[result: count:0 state:0] 
[GIN] 2020/01/02 - 12:30:55 | 200 |    4.193664ms |  192.168.66.115 | POST     /getResult
[2020-01-02 12:30:57] 自開彩開獎  {202001020751 1 34 true} 
ConfigData  map[database:FA_MEM charset:utf8 redisIp:192.168.88.119 port:3306 poolname:FA_MEM user:fa_db password:1qaz!QAZ redisPort:6379 redisPassword:"" redisDB:3 ip:192.168.88.181]
SqlString  SELECT RTP,Amount,Bonus  FROM M_RtpSetting  WHERE Sid = 1   AND State = 1   AND LTG_Code = 1 AND Gid = 34
sqlResult   map[count:0 state:0 result:]
[2020-01-02 12:30:57] rtpData ------->   map[result: count:0 state:0] 
[GIN] 2020/01/02 - 12:30:57 | 200 |    3.632328ms |  192.168.66.115 | POST     /getResult
[2020-01-02 12:30:58] 自開彩開獎  {202001020251 1 35 true} 
ConfigData  map[poolname:FA_MEM user:fa_db database:FA_MEM charset:utf8 redisIp:192.168.88.119 redisPort:6379 redisDB:3 ip:192.168.88.181 password:1qaz!QAZ redisPassword:"" port:3306]
SqlString  SELECT RTP,Amount,Bonus  FROM M_RtpSetting  WHERE Sid = 1   AND State = 1   AND LTG_Code = 1 AND Gid = 35
sqlResult   map[result: count:0 state:0]
[2020-01-02 12:30:58] rtpData ------->   map[result: count:0 state:0] 
[GIN] 2020/01/02 - 12:30:58 | 200 |    2.943274ms |  192.168.66.115 | POST     /getResult
[2020-01-02 12:30:59] 自開彩開獎  {202001020751 5 38 true} 
ConfigData  map[ip:192.168.88.181 port:3306 password:1qaz!QAZ redisDB:3 poolname:FA_MEM user:fa_db database:FA_MEM charset:utf8 redisIp:192.168.88.119 redisPort:6379 redisPassword:""]
SqlString  SELECT RTP,Amount,Bonus  FROM M_RtpSetting  WHERE Sid = 1   AND State = 1   AND LTG_Code = 5 AND Gid = 38
sqlResult   map[result: count:0 state:0]
[2020-01-02 12:30:59] rtpData ------->   map[result: count:0 state:0] 
[GIN] 2020/01/02 - 12:30:59 | 200 |    2.737058ms |  192.168.66.115 | POST     /getResult
[2020-01-02 12:30:59] 自開彩開獎  {202001020751 4 40 true} 
ConfigData  map[user:fa_db password:1qaz!QAZ database:FA_MEM charset:utf8 redisIp:192.168.88.119 redisPort:6379 redisDB:3 ip:192.168.88.181 port:3306 redisPassword:"" poolname:FA_MEM]
SqlString  SELECT RTP,Amount,Bonus  FROM M_RtpSetting  WHERE Sid = 1   AND State = 1   AND LTG_Code = 4 AND Gid = 40
[2020-01-02 12:30:59] 自開彩開獎  {202001020251 4 41 true} 
sqlResult   map[count:0 state:0 result:]
ConfigData  map[redisDB:3 poolname:FA_MEM port:3306 database:FA_MEM redisIp:192.168.88.119 redisPort:6379 redisPassword:"" ip:192.168.88.181 user:fa_db password:1qaz!QAZ charset:utf8]
[2020-01-02 12:30:59] rtpData ------->   map[result: count:0 state:0] 
SqlString  SELECT RTP,Amount,Bonus  FROM M_RtpSetting  WHERE Sid = 1   AND State = 1   AND LTG_Code = 4 AND Gid = 41
[GIN] 2020/01/02 - 12:30:59 | 200 |    2.359992ms |  192.168.66.115 | POST     /getResult
sqlResult   map[result: count:0 state:0]
[2020-01-02 12:30:59] rtpData ------->   map[state:0 result: count:0] 
[GIN] 2020/01/02 - 12:30:59 | 200 |    1.636004ms |  192.168.66.115 | POST     /getResult
[2020-01-02 12:30:59] 自開彩開獎  {202001020751 6 36 true} 
ConfigData  map[ip:192.168.88.181 poolname:FA_MEM port:3306 password:1qaz!QAZ redisIp:192.168.88.119 redisPort:6379 redisPassword:"" user:fa_db database:FA_MEM charset:utf8 redisDB:3]
SqlString  SELECT RTP,Amount,Bonus  FROM M_RtpSetting  WHERE Sid = 1   AND State = 1   AND LTG_Code = 6 AND Gid = 36
sqlResult   map[result: count:0 state:0]
[2020-01-02 12:30:59] rtpData ------->   map[result: count:0 state:0] 
[GIN] 2020/01/02 - 12:30:59 | 200 |    2.229657ms |  192.168.66.115 | POST     /getResult
[2020-01-02 12:31:01] 自開彩開獎  {202001020151 5 39 true} 
ConfigData  map[poolname:FA_MEM password:1qaz!QAZ redisDB:3 ip:192.168.88.181 user:fa_db database:FA_MEM charset:utf8 redisIp:192.168.88.119 redisPort:6379 redisPassword:"" port:3306]
SqlString  SELECT RTP,Amount,Bonus  FROM M_RtpSetting  WHERE Sid = 1   AND State = 1   AND LTG_Code = 5 AND Gid = 39
sqlResult   map[result: count:0 state:0]
[2020-01-02 12:31:01] rtpData ------->   map[state:0 result: count:0] 
[GIN] 2020/01/02 - 12:31:01 | 200 |    3.186928ms |  192.168.66.115 | POST     /getResult
[2020-01-02 12:31:01] 自開彩開獎  {202001020752 2 26 true} 
ConfigData  map[user:fa_db database:FA_MEM redisIp:192.168.88.119 redisPort:6379 redisPassword:"" redisDB:3 poolname:FA_MEM port:3306 password:1qaz!QAZ charset:utf8 ip:192.168.88.181]
SqlString  SELECT RTP,Amount,Bonus  FROM M_RtpSetting  WHERE Sid = 1   AND State = 1   AND LTG_Code = 2 AND Gid = 26
sqlResult   map[result:0.9600 count:1 state:1 amount:1.0069588e+06 bonus:908100.71]
[2020-01-02 12:31:01] rtpData ------->   map[state:1 amount:1.0069588e+06 bonus:908100.71 result:0.9600 count:1] 
ConfigData  map[redisIp:192.168.88.119 redisPort:6379 redisPassword:"" redisDB:3 ip:192.168.88.181 user:fa_db database:FA_MEM charset:utf8 poolname:FA_MEM port:3306 password:1qaz!QAZ]
SELECT BO_No, BO_OrderNo , BO_User , BO_Issue  , BO_LotteryTypeGroup, BO_LotteryType, BO_Mode, BO_LotteryPlayGroup, BO_LotteryPlay , BO_LotteryContent, BO_Price, BO_RealPrice, BO_Unit, BO_Multiple , BO_BetCount  , BO_Winnings, BO_Winnings2, BO_Winnings3, BO_WinningLimit  , BO_Water , BO_BW_SourceUserId, BO_BW_BackWater, BO_BW_LimitBetCount, BO_BW_MaxAmount, BO_BW_AuditMultiple  , BO_Odds, BO_Odds2, BO_Odds3 , BO_Type, BO_Chase , BO_OpenResult, BO_OpenResult2, BO_DateDraw, BO_DateDraw2, BO_DateUpdate  FROM TS_BetOrder  WHERE BO_Cancel = 0   AND BO_CancelBackend = 0   AND BO_LotteryTypeGroup = 2 AND BO_LotteryType = 26 AND BO_Issue = 202001020752 AND BO_Collect = 0 ORDER BY BO_DateDraw ASC, BO_DateCreate ASC, BO_DateUpdate ASC, BO_No ASC ;
[2020-01-02 12:31:01] LottteryTypeGroup 2 
[2020-01-02 12:31:01] 有期號 但無注單 -------> map[amount:0 bonus:0 thisOpenResult:[3 2 5 5 3]] 
[GIN] 2020/01/02 - 12:31:01 | 200 |    4.624841ms |  192.168.66.115 | POST     /getResult
[2020-01-02 12:31:01] 自開彩開獎  {202001020251 6 37 true} 
ConfigData  map[password:1qaz!QAZ charset:utf8 redisDB:3 ip:192.168.88.181 poolname:FA_MEM database:FA_MEM redisIp:192.168.88.119 redisPort:6379 redisPassword:"" port:3306 user:fa_db]
SqlString  SELECT RTP,Amount,Bonus  FROM M_RtpSetting  WHERE Sid = 1   AND State = 1   AND LTG_Code = 6 AND Gid = 37
sqlResult   map[result: count:0 state:0]
[2020-01-02 12:31:01] rtpData ------->   map[result: count:0 state:0] 
[GIN] 2020/01/02 - 12:31:01 | 200 |     1.89532ms |  192.168.66.115 | POST     /getResult
[2020-01-02 12:31:03] 自開彩開獎  {202001020751 1 34 true} 
ConfigData  map[ip:192.168.88.181 poolname:FA_MEM port:3306 password:1qaz!QAZ redisPort:6379 user:fa_db database:FA_MEM charset:utf8 redisIp:192.168.88.119 redisPassword:"" redisDB:3]
SqlString  SELECT RTP,Amount,Bonus  FROM M_RtpSetting  WHERE Sid = 1   AND State = 1   AND LTG_Code = 1 AND Gid = 34
sqlResult   map[result: count:0 state:0]
[2020-01-02 12:31:03] rtpData ------->   map[count:0 state:0 result:] 
[GIN] 2020/01/02 - 12:31:03 | 200 |     2.96949ms |  192.168.66.115 | POST     /getResult
[2020-01-02 12:31:04] 自開彩開獎  {202001020251 1 35 true} 
ConfigData  map[redisDB:3 poolname:FA_MEM password:1qaz!QAZ database:FA_MEM charset:utf8 redisPort:6379 ip:192.168.88.181 port:3306 user:fa_db redisIp:192.168.88.119 redisPassword:""]
SqlString  SELECT RTP,Amount,Bonus  FROM M_RtpSetting  WHERE Sid = 1   AND State = 1   AND LTG_Code = 1 AND Gid = 35
sqlResult   map[count:0 state:0 result:]
[2020-01-02 12:31:04] rtpData ------->   map[result: count:0 state:0] 
[GIN] 2020/01/02 - 12:31:04 | 200 |    2.473202ms |  192.168.66.115 | POST     /getResult
[2020-01-02 12:31:05] 自開彩開獎  {202001020751 5 38 true} 
ConfigData  map[redisIp:192.168.88.119 redisPort:6379 redisDB:3 ip:192.168.88.181 user:fa_db database:FA_MEM charset:utf8 poolname:FA_MEM port:3306 password:1qaz!QAZ redisPassword:""]
SqlString  SELECT RTP,Amount,Bonus  FROM M_RtpSetting  WHERE Sid = 1   AND State = 1   AND LTG_Code = 5 AND Gid = 38
sqlResult   map[state:0 result: count:0]
[2020-01-02 12:31:05] rtpData ------->   map[state:0 result: count:0] 
[GIN] 2020/01/02 - 12:31:05 | 200 |    3.011648ms |  192.168.66.115 | POST     /getResult
[2020-01-02 12:31:05] 自開彩開獎  {202001020251 4 41 true} 
ConfigData  map[database:FA_MEM charset:utf8 redisIp:192.168.88.119 redisDB:3 ip:192.168.88.181 password:1qaz!QAZ user:fa_db redisPort:6379 redisPassword:"" poolname:FA_MEM port:3306]
SqlString  SELECT RTP,Amount,Bonus  FROM M_RtpSetting  WHERE Sid = 1   AND State = 1   AND LTG_Code = 4 AND Gid = 41
[2020-01-02 12:31:05] 自開彩開獎  {202001020751 4 40 true} 
ConfigData  map[ip:192.168.88.181 charset:utf8 redisIp:192.168.88.119 redisPort:6379 redisDB:3 poolname:FA_MEM port:3306 user:fa_db password:1qaz!QAZ database:FA_MEM redisPassword:""]
SqlString  SELECT RTP,Amount,Bonus  FROM M_RtpSetting  WHERE Sid = 1   AND State = 1   AND LTG_Code = 4 AND Gid = 40
sqlResult   map[state:0 result: count:0]
[2020-01-02 12:31:05] rtpData ------->   map[state:0 result: count:0] 
[GIN] 2020/01/02 - 12:31:05 | 200 |    2.183983ms |  192.168.66.115 | POST     /getResult
sqlResult   map[result: count:0 state:0]
[2020-01-02 12:31:05] rtpData ------->   map[result: count:0 state:0] 
[GIN] 2020/01/02 - 12:31:05 | 200 |    2.548805ms |  192.168.66.115 | POST     /getResult
[2020-01-02 12:31:05] 自開彩開獎  {202001020751 6 36 true} 
ConfigData  map[redisDB:3 poolname:FA_MEM port:3306 password:1qaz!QAZ database:FA_MEM redisIp:192.168.88.119 redisPassword:"" ip:192.168.88.181 user:fa_db charset:utf8 redisPort:6379]
SqlString  SELECT RTP,Amount,Bonus  FROM M_RtpSetting  WHERE Sid = 1   AND State = 1   AND LTG_Code = 6 AND Gid = 36
sqlResult   map[result: count:0 state:0]
[2020-01-02 12:31:05] rtpData ------->   map[result: count:0 state:0] 
[GIN] 2020/01/02 - 12:31:05 | 200 |    2.394563ms |  192.168.66.115 | POST     /getResult
[2020-01-02 12:31:09] 自開彩開獎  {202001020752 1 34 true} 
ConfigData  map[redisIp:192.168.88.119 redisPassword:"" redisDB:3 poolname:FA_MEM user:fa_db password:1qaz!QAZ database:FA_MEM charset:utf8 ip:192.168.88.181 port:3306 redisPort:6379]
SqlString  SELECT RTP,Amount,Bonus  FROM M_RtpSetting  WHERE Sid = 1   AND State = 1   AND LTG_Code = 1 AND Gid = 34
sqlResult   map[result: count:0 state:0]
[2020-01-02 12:31:09] rtpData ------->   map[count:0 state:0 result:] 
[GIN] 2020/01/02 - 12:31:09 | 200 |    2.997882ms |  192.168.66.115 | POST     /getResult
[2020-01-02 12:31:10] 自開彩開獎  {202001020251 1 35 true} 
ConfigData  map[ip:192.168.88.181 password:1qaz!QAZ database:FA_MEM redisIp:192.168.88.119 redisPort:6379 redisPassword:"" redisDB:3 poolname:FA_MEM port:3306 user:fa_db charset:utf8]
SqlString  SELECT RTP,Amount,Bonus  FROM M_RtpSetting  WHERE Sid = 1   AND State = 1   AND LTG_Code = 1 AND Gid = 35
sqlResult   map[result: count:0 state:0]
[2020-01-02 12:31:10] rtpData ------->   map[result: count:0 state:0] 
[GIN] 2020/01/02 - 12:31:10 | 200 |    2.700322ms |  192.168.66.115 | POST     /getResult
[2020-01-02 12:31:11] 自開彩開獎  {202001020752 5 38 true} 
ConfigData  map[password:1qaz!QAZ database:FA_MEM redisIp:192.168.88.119 redisPassword:"" redisDB:3 user:fa_db poolname:FA_MEM port:3306 charset:utf8 redisPort:6379 ip:192.168.88.181]
SqlString  SELECT RTP,Amount,Bonus  FROM M_RtpSetting  WHERE Sid = 1   AND State = 1   AND LTG_Code = 5 AND Gid = 38
[2020-01-02 12:31:11] 自開彩開獎  {202001020752 4 40 true} 
ConfigData  map[charset:utf8 redisPort:6379 redisDB:3 poolname:FA_MEM port:3306 user:fa_db password:1qaz!QAZ database:FA_MEM redisIp:192.168.88.119 redisPassword:"" ip:192.168.88.181]
SqlString  SELECT RTP,Amount,Bonus  FROM M_RtpSetting  WHERE Sid = 1   AND State = 1   AND LTG_Code = 4 AND Gid = 40
[2020-01-02 12:31:11] 自開彩開獎  {202001020251 4 41 true} 
ConfigData  map[user:fa_db password:1qaz!QAZ database:FA_MEM redisPort:6379 redisDB:3 port:3306 poolname:FA_MEM charset:utf8 redisIp:192.168.88.119 redisPassword:"" ip:192.168.88.181]
SqlString  SELECT RTP,Amount,Bonus  FROM M_RtpSetting  WHERE Sid = 1   AND State = 1   AND LTG_Code = 4 AND Gid = 41
sqlResult   map[count:0 state:0 result:]
[2020-01-02 12:31:11] rtpData ------->   map[state:0 result: count:0] 
[GIN] 2020/01/02 - 12:31:11 | 200 |    2.908602ms |  192.168.66.115 | POST     /getResult
sqlResult   map[result: count:0 state:0]
[2020-01-02 12:31:11] rtpData ------->   map[result: count:0 state:0] 
[GIN] 2020/01/02 - 12:31:11 | 200 |    1.985327ms |  192.168.66.115 | POST     /getResult
sqlResult   map[result: count:0 state:0]
[2020-01-02 12:31:11] rtpData ------->   map[state:0 result: count:0] 
[GIN] 2020/01/02 - 12:31:11 | 200 |    2.196991ms |  192.168.66.115 | POST     /getResult
[2020-01-02 12:31:11] 自開彩開獎  {202001020752 6 36 true} 
ConfigData  map[redisDB:3 ip:192.168.88.181 poolname:FA_MEM user:fa_db password:1qaz!QAZ redisPort:6379 redisPassword:"" port:3306 database:FA_MEM charset:utf8 redisIp:192.168.88.119]
SqlString  SELECT RTP,Amount,Bonus  FROM M_RtpSetting  WHERE Sid = 1   AND State = 1   AND LTG_Code = 6 AND Gid = 36
sqlResult   map[result: count:0 state:0]
[2020-01-02 12:31:11] rtpData ------->   map[result: count:0 state:0] 
[GIN] 2020/01/02 - 12:31:11 | 200 |    2.342089ms |  192.168.66.115 | POST     /getResult
[2020-01-02 12:31:15] 自開彩開獎  {202001020752 1 34 true} 
ConfigData  map[ip:192.168.88.181 port:3306 charset:utf8 redisIp:192.168.88.119 redisPort:6379 redisDB:3 poolname:FA_MEM user:fa_db password:1qaz!QAZ database:FA_MEM redisPassword:""]
SqlString  SELECT RTP,Amount,Bonus  FROM M_RtpSetting  WHERE Sid = 1   AND State = 1   AND LTG_Code = 1 AND Gid = 34
sqlResult   map[result: count:0 state:0]
[2020-01-02 12:31:15] rtpData ------->   map[count:0 state:0 result:] 
[GIN] 2020/01/02 - 12:31:15 | 200 |    5.739116ms |  192.168.66.115 | POST     /getResult
[2020-01-02 12:31:16] 自開彩開獎  {202001020251 1 35 true} 
ConfigData  map[database:FA_MEM charset:utf8 ip:192.168.88.181 poolname:FA_MEM port:3306 redisPort:6379 redisPassword:"" redisDB:3 user:fa_db password:1qaz!QAZ redisIp:192.168.88.119]
SqlString  SELECT RTP,Amount,Bonus  FROM M_RtpSetting  WHERE Sid = 1   AND State = 1   AND LTG_Code = 1 AND Gid = 35
sqlResult   map[result: count:0 state:0]
[2020-01-02 12:31:16] rtpData ------->   map[result: count:0 state:0] 
[GIN] 2020/01/02 - 12:31:16 | 200 |    3.362804ms |  192.168.66.115 | POST     /getResult
[2020-01-02 12:31:17] 自開彩開獎  {202001020752 5 38 true} 
[2020-01-02 12:31:17] 自開彩開獎  {202001020752 4 40 true} 
ConfigData  map[poolname:FA_MEM port:3306 user:fa_db password:1qaz!QAZ database:FA_MEM redisIp:192.168.88.119 ip:192.168.88.181 redisPort:6379 redisPassword:"" redisDB:3 charset:utf8]
[2020-01-02 12:31:17] 自開彩開獎  {202001020251 4 41 true} 
SqlString  SELECT RTP,Amount,Bonus  FROM M_RtpSetting  WHERE Sid = 1   AND State = 1   AND LTG_Code = 5 AND Gid = 38
ConfigData  map[ip:192.168.88.181 poolname:FA_MEM password:1qaz!QAZ redisPort:6379 redisDB:3 port:3306 user:fa_db database:FA_MEM charset:utf8 redisIp:192.168.88.119 redisPassword:""]
SqlString  SELECT RTP,Amount,Bonus  FROM M_RtpSetting  WHERE Sid = 1   AND State = 1   AND LTG_Code = 4 AND Gid = 41
ConfigData  map[password:1qaz!QAZ charset:utf8 redisIp:192.168.88.119 redisPassword:"" redisDB:3 ip:192.168.88.181 poolname:FA_MEM port:3306 user:fa_db database:FA_MEM redisPort:6379]
SqlString  SELECT RTP,Amount,Bonus  FROM M_RtpSetting  WHERE Sid = 1   AND State = 1   AND LTG_Code = 4 AND Gid = 40
sqlResult   map[result: count:0 state:0]
[2020-01-02 12:31:17] rtpData ------->   map[state:0 result: count:0] 
[GIN] 2020/01/02 - 12:31:17 | 200 |    2.662642ms |  192.168.66.115 | POST     /getResult
sqlResult   map[result: count:0 state:0]
[2020-01-02 12:31:17] rtpData ------->   map[result: count:0 state:0] 
[GIN] 2020/01/02 - 12:31:17 | 200 |    3.096025ms |  192.168.66.115 | POST     /getResult
sqlResult   map[result: count:0 state:0]
[2020-01-02 12:31:17] rtpData ------->   map[result: count:0 state:0] 
[GIN] 2020/01/02 - 12:31:17 | 200 |     3.27723ms |  192.168.66.115 | POST     /getResult
[2020-01-02 12:31:17] 自開彩開獎  {202001020752 6 36 true} 
ConfigData  map[password:1qaz!QAZ charset:utf8 redisPort:6379 redisPassword:"" ip:192.168.88.181 port:3306 user:fa_db database:FA_MEM redisIp:192.168.88.119 redisDB:3 poolname:FA_MEM]
SqlString  SELECT RTP,Amount,Bonus  FROM M_RtpSetting  WHERE Sid = 1   AND State = 1   AND LTG_Code = 6 AND Gid = 36
sqlResult   map[count:0 state:0 result:]
[2020-01-02 12:31:17] rtpData ------->   map[count:0 state:0 result:] 
[GIN] 2020/01/02 - 12:31:17 | 200 |    2.493078ms |  192.168.66.115 | POST     /getResult
[2020-01-02 12:31:21] 自開彩開獎  {202001020752 1 34 true} 
ConfigData  map[database:FA_MEM charset:utf8 redisIp:192.168.88.119 redisDB:3 poolname:FA_MEM port:3306 user:fa_db redisPassword:"" ip:192.168.88.181 password:1qaz!QAZ redisPort:6379]
SqlString  SELECT RTP,Amount,Bonus  FROM M_RtpSetting  WHERE Sid = 1   AND State = 1   AND LTG_Code = 1 AND Gid = 34
sqlResult   map[result: count:0 state:0]
[2020-01-02 12:31:21] rtpData ------->   map[result: count:0 state:0] 
[GIN] 2020/01/02 - 12:31:21 | 200 |    3.232721ms |  192.168.66.115 | POST     /getResult
[2020-01-02 12:31:22] 自開彩開獎  {202001020251 1 35 true} 
ConfigData  map[redisIp:192.168.88.119 redisDB:3 password:1qaz!QAZ database:FA_MEM charset:utf8 user:fa_db redisPort:6379 redisPassword:"" ip:192.168.88.181 poolname:FA_MEM port:3306]
SqlString  SELECT RTP,Amount,Bonus  FROM M_RtpSetting  WHERE Sid = 1   AND State = 1   AND LTG_Code = 1 AND Gid = 35
sqlResult   map[result: count:0 state:0]
[2020-01-02 12:31:22] rtpData ------->   map[result: count:0 state:0] 
[GIN] 2020/01/02 - 12:31:22 | 200 |    2.579789ms |  192.168.66.115 | POST     /getResult
[2020-01-02 12:31:23] 自開彩開獎  {202001020752 4 40 true} 
ConfigData  map[user:fa_db charset:utf8 redisIp:192.168.88.119 redisPassword:"" redisDB:3 ip:192.168.88.181 port:3306 password:1qaz!QAZ database:FA_MEM redisPort:6379 poolname:FA_MEM]
SqlString  SELECT RTP,Amount,Bonus  FROM M_RtpSetting  WHERE Sid = 1   AND State = 1   AND LTG_Code = 4 AND Gid = 40
[2020-01-02 12:31:23] 自開彩開獎  {202001020752 5 38 true} 
ConfigData  map[port:3306 user:fa_db charset:utf8 redisPassword:"" redisDB:3 ip:192.168.88.181 poolname:FA_MEM password:1qaz!QAZ database:FA_MEM redisIp:192.168.88.119 redisPort:6379]
SqlString  SELECT RTP,Amount,Bonus  FROM M_RtpSetting  WHERE Sid = 1   AND State = 1   AND LTG_Code = 5 AND Gid = 38
[2020-01-02 12:31:23] 自開彩開獎  {202001020251 4 41 true} 
ConfigData  map[database:FA_MEM charset:utf8 redisIp:192.168.88.119 redisPassword:"" redisDB:3 ip:192.168.88.181 poolname:FA_MEM user:fa_db port:3306 password:1qaz!QAZ redisPort:6379]
SqlString  SELECT RTP,Amount,Bonus  FROM M_RtpSetting  WHERE Sid = 1   AND State = 1   AND LTG_Code = 4 AND Gid = 41
sqlResult   map[result: count:0 state:0]
[2020-01-02 12:31:23] rtpData ------->   map[state:0 result: count:0] 
[GIN] 2020/01/02 - 12:31:23 | 200 |    2.694541ms |  192.168.66.115 | POST     /getResult
sqlResult   map[result: count:0 state:0]
[2020-01-02 12:31:23] rtpData ------->   map[state:0 result: count:0] 
sqlResult   map[state:0 result: count:0]
[2020-01-02 12:31:23] rtpData ------->   map[result: count:0 state:0] 
[GIN] 2020/01/02 - 12:31:23 | 200 |    2.725722ms |  192.168.66.115 | POST     /getResult
[GIN] 2020/01/02 - 12:31:23 | 200 |      2.8036ms |  192.168.66.115 | POST     /getResult
[2020-01-02 12:31:23] 自開彩開獎  {202001020752 6 36 true} 
ConfigData  map[user:fa_db database:FA_MEM redisIp:192.168.88.119 redisPort:6379 redisPassword:"" ip:192.168.88.181 poolname:FA_MEM port:3306 redisDB:3 password:1qaz!QAZ charset:utf8]
SqlString  SELECT RTP,Amount,Bonus  FROM M_RtpSetting  WHERE Sid = 1   AND State = 1   AND LTG_Code = 6 AND Gid = 36
sqlResult   map[result: count:0 state:0]
[2020-01-02 12:31:23] rtpData ------->   map[result: count:0 state:0] 
[GIN] 2020/01/02 - 12:31:23 | 200 |     3.52335ms |  192.168.66.115 | POST     /getResult
[2020-01-02 12:31:27] 自開彩開獎  {202001020752 1 34 true} 
ConfigData  map[redisPassword:"" redisDB:3 ip:192.168.88.181 password:1qaz!QAZ user:fa_db database:FA_MEM charset:utf8 redisIp:192.168.88.119 redisPort:6379 poolname:FA_MEM port:3306]
SqlString  SELECT RTP,Amount,Bonus  FROM M_RtpSetting  WHERE Sid = 1   AND State = 1   AND LTG_Code = 1 AND Gid = 34
sqlResult   map[state:0 result: count:0]
[2020-01-02 12:31:27] rtpData ------->   map[result: count:0 state:0] 
[GIN] 2020/01/02 - 12:31:27 | 200 |    2.498646ms |  192.168.66.115 | POST     /getResult
[2020-01-02 12:31:28] 自開彩開獎  {202001020251 1 35 true} 
ConfigData  map[redisPort:6379 ip:192.168.88.181 port:3306 password:1qaz!QAZ database:FA_MEM charset:utf8 redisIp:192.168.88.119 poolname:FA_MEM user:fa_db redisPassword:"" redisDB:3]
SqlString  SELECT RTP,Amount,Bonus  FROM M_RtpSetting  WHERE Sid = 1   AND State = 1   AND LTG_Code = 1 AND Gid = 35
sqlResult   map[result: count:0 state:0]
[2020-01-02 12:31:28] rtpData ------->   map[result: count:0 state:0] 
[GIN] 2020/01/02 - 12:31:28 | 200 |    2.504671ms |  192.168.66.115 | POST     /getResult
[2020-01-02 12:31:29] 自開彩開獎  {202001020251 4 41 true} 
ConfigData  map[redisPort:6379 redisPassword:"" redisDB:3 poolname:FA_MEM user:fa_db password:1qaz!QAZ charset:utf8 redisIp:192.168.88.119 ip:192.168.88.181 port:3306 database:FA_MEM]
SqlString  SELECT RTP,Amount,Bonus  FROM M_RtpSetting  WHERE Sid = 1   AND State = 1   AND LTG_Code = 4 AND Gid = 41
[2020-01-02 12:31:29] 自開彩開獎  {202001020752 5 38 true} 
ConfigData  map[port:3306 redisIp:192.168.88.119 redisPort:6379 redisPassword:"" poolname:FA_MEM user:fa_db password:1qaz!QAZ database:FA_MEM charset:utf8 redisDB:3 ip:192.168.88.181]
SqlString  SELECT RTP,Amount,Bonus  FROM M_RtpSetting  WHERE Sid = 1   AND State = 1   AND LTG_Code = 5 AND Gid = 38
[2020-01-02 12:31:29] 自開彩開獎  {202001020752 4 40 true} 
ConfigData  map[poolname:FA_MEM port:3306 user:fa_db charset:utf8 redisPassword:"" redisDB:3 ip:192.168.88.181 database:FA_MEM redisIp:192.168.88.119 redisPort:6379 password:1qaz!QAZ]
SqlString  SELECT RTP,Amount,Bonus  FROM M_RtpSetting  WHERE Sid = 1   AND State = 1   AND LTG_Code = 4 AND Gid = 40
sqlResult   map[result: count:0 state:0]
sqlResult   map[state:0 result: count:0]
[2020-01-02 12:31:29] rtpData ------->   map[result: count:0 state:0] 
[2020-01-02 12:31:29] rtpData ------->   map[result: count:0 state:0] 
sqlResult   map[result: count:0 state:0]
[2020-01-02 12:31:29] rtpData ------->   map[result: count:0 state:0] 
[GIN] 2020/01/02 - 12:31:29 | 200 |    2.469602ms |  192.168.66.115 | POST     /getResult
[GIN] 2020/01/02 - 12:31:29 | 200 |    2.782775ms |  192.168.66.115 | POST     /getResult
[GIN] 2020/01/02 - 12:31:29 | 200 |     2.51371ms |  192.168.66.115 | POST     /getResult
[2020-01-02 12:31:29] 自開彩開獎  {202001020752 6 36 true} 
ConfigData  map[charset:utf8 redisIp:192.168.88.119 redisPassword:"" poolname:FA_MEM port:3306 database:FA_MEM redisPort:6379 redisDB:3 ip:192.168.88.181 user:fa_db password:1qaz!QAZ]
SqlString  SELECT RTP,Amount,Bonus  FROM M_RtpSetting  WHERE Sid = 1   AND State = 1   AND LTG_Code = 6 AND Gid = 36
sqlResult   map[result: count:0 state:0]
[2020-01-02 12:31:29] rtpData ------->   map[state:0 result: count:0] 
[GIN] 2020/01/02 - 12:31:29 | 200 |    2.537222ms |  192.168.66.115 | POST     /getResult
[2020-01-02 12:31:33] 自開彩開獎  {202001020752 1 34 true} 
ConfigData  map[poolname:FA_MEM user:fa_db password:1qaz!QAZ charset:utf8 redisIp:192.168.88.119 redisPort:6379 redisPassword:"" redisDB:3 ip:192.168.88.181 port:3306 database:FA_MEM]
SqlString  SELECT RTP,Amount,Bonus  FROM M_RtpSetting  WHERE Sid = 1   AND State = 1   AND LTG_Code = 1 AND Gid = 34
sqlResult   map[result: count:0 state:0]
[2020-01-02 12:31:33] rtpData ------->   map[result: count:0 state:0] 
[GIN] 2020/01/02 - 12:31:33 | 200 |    2.688194ms |  192.168.66.115 | POST     /getResult
[2020-01-02 12:31:34] 自開彩開獎  {202001020251 1 35 true} 
ConfigData  map[redisPassword:"" redisDB:3 poolname:FA_MEM port:3306 user:fa_db password:1qaz!QAZ charset:utf8 ip:192.168.88.181 database:FA_MEM redisIp:192.168.88.119 redisPort:6379]
SqlString  SELECT RTP,Amount,Bonus  FROM M_RtpSetting  WHERE Sid = 1   AND State = 1   AND LTG_Code = 1 AND Gid = 35
sqlResult   map[result: count:0 state:0]
[2020-01-02 12:31:34] rtpData ------->   map[result: count:0 state:0] 
[GIN] 2020/01/02 - 12:31:34 | 200 |    2.601213ms |  192.168.66.115 | POST     /getResult
[2020-01-02 12:31:35] 自開彩開獎  {202001020752 5 38 true} 
ConfigData  map[ip:192.168.88.181 poolname:FA_MEM user:fa_db password:1qaz!QAZ database:FA_MEM redisIp:192.168.88.119 redisPort:6379 port:3306 charset:utf8 redisPassword:"" redisDB:3]
SqlString  SELECT RTP,Amount,Bonus  FROM M_RtpSetting  WHERE Sid = 1   AND State = 1   AND LTG_Code = 5 AND Gid = 38
sqlResult   map[result: count:0 state:0]
[2020-01-02 12:31:35] rtpData ------->   map[result: count:0 state:0] 
[GIN] 2020/01/02 - 12:31:35 | 200 |    2.683248ms |  192.168.66.115 | POST     /getResult
[2020-01-02 12:31:35] 自開彩開獎  {202001020752 4 40 true} 
ConfigData  map[user:fa_db charset:utf8 redisIp:192.168.88.119 redisPassword:"" redisDB:3 port:3306 poolname:FA_MEM password:1qaz!QAZ database:FA_MEM redisPort:6379 ip:192.168.88.181]
SqlString  SELECT RTP,Amount,Bonus  FROM M_RtpSetting  WHERE Sid = 1   AND State = 1   AND LTG_Code = 4 AND Gid = 40
[2020-01-02 12:31:35] 自開彩開獎  {202001020251 4 41 true} 
ConfigData  map[redisIp:192.168.88.119 redisPassword:"" redisDB:3 port:3306 password:1qaz!QAZ database:FA_MEM charset:utf8 redisPort:6379 ip:192.168.88.181 poolname:FA_MEM user:fa_db]
SqlString  SELECT RTP,Amount,Bonus  FROM M_RtpSetting  WHERE Sid = 1   AND State = 1   AND LTG_Code = 4 AND Gid = 41
sqlResult   map[result: count:0 state:0]
[2020-01-02 12:31:35] rtpData ------->   map[result: count:0 state:0] 
[GIN] 2020/01/02 - 12:31:35 | 200 |    2.188758ms |  192.168.66.115 | POST     /getResult
sqlResult   map[result: count:0 state:0]
[2020-01-02 12:31:35] rtpData ------->   map[result: count:0 state:0] 
[GIN] 2020/01/02 - 12:31:35 | 200 |    1.848174ms |  192.168.66.115 | POST     /getResult
[2020-01-02 12:31:35] 自開彩開獎  {202001020752 6 36 true} 
ConfigData  map[user:fa_db password:1qaz!QAZ database:FA_MEM charset:utf8 redisPassword:"" redisDB:3 ip:192.168.88.181 port:3306 redisPort:6379 poolname:FA_MEM redisIp:192.168.88.119]
SqlString  SELECT RTP,Amount,Bonus  FROM M_RtpSetting  WHERE Sid = 1   AND State = 1   AND LTG_Code = 6 AND Gid = 36
sqlResult   map[result: count:0 state:0]
[2020-01-02 12:31:35] rtpData ------->   map[result: count:0 state:0] 
[GIN] 2020/01/02 - 12:31:35 | 200 |    3.053346ms |  192.168.66.115 | POST     /getResult
[2020-01-02 12:31:39] 自開彩開獎  {202001020752 1 34 true} 
ConfigData  map[user:fa_db password:1qaz!QAZ database:FA_MEM charset:utf8 redisIp:192.168.88.119 redisPort:6379 ip:192.168.88.181 port:3306 redisPassword:"" redisDB:3 poolname:FA_MEM]
SqlString  SELECT RTP,Amount,Bonus  FROM M_RtpSetting  WHERE Sid = 1   AND State = 1   AND LTG_Code = 1 AND Gid = 34
sqlResult   map[count:0 state:0 result:]
[2020-01-02 12:31:39] rtpData ------->   map[result: count:0 state:0] 
[GIN] 2020/01/02 - 12:31:39 | 200 |    2.370331ms |  192.168.66.115 | POST     /getResult
[2020-01-02 12:31:40] 自開彩開獎  {202001020251 1 35 true} 
ConfigData  map[poolname:FA_MEM port:3306 user:fa_db password:1qaz!QAZ charset:utf8 redisPort:6379 ip:192.168.88.181 database:FA_MEM redisIp:192.168.88.119 redisPassword:"" redisDB:3]
SqlString  SELECT RTP,Amount,Bonus  FROM M_RtpSetting  WHERE Sid = 1   AND State = 1   AND LTG_Code = 1 AND Gid = 35
sqlResult   map[result: count:0 state:0]
[2020-01-02 12:31:40] rtpData ------->   map[result: count:0 state:0] 
[GIN] 2020/01/02 - 12:31:40 | 200 |    2.094183ms |  192.168.66.115 | POST     /getResult
[2020-01-02 12:31:41] 自開彩開獎  {202001020752 5 38 true} 
ConfigData  map[user:fa_db redisPort:6379 redisPassword:"" port:3306 poolname:FA_MEM password:1qaz!QAZ database:FA_MEM charset:utf8 redisIp:192.168.88.119 redisDB:3 ip:192.168.88.181]
[2020-01-02 12:31:41] 自開彩開獎  {202001020251 4 41 true} 
ConfigData  map[redisPassword:"" redisDB:3 ip:192.168.88.181 port:3306 user:fa_db password:1qaz!QAZ database:FA_MEM charset:utf8 poolname:FA_MEM redisIp:192.168.88.119 redisPort:6379]
SqlString  SELECT RTP,Amount,Bonus  FROM M_RtpSetting  WHERE Sid = 1   AND State = 1   AND LTG_Code = 4 AND Gid = 41
[2020-01-02 12:31:41] 自開彩開獎  {202001020752 4 40 true} 
SqlString  SELECT RTP,Amount,Bonus  FROM M_RtpSetting  WHERE Sid = 1   AND State = 1   AND LTG_Code = 5 AND Gid = 38
ConfigData  map[database:FA_MEM charset:utf8 redisDB:3 ip:192.168.88.181 poolname:FA_MEM user:fa_db redisPort:6379 redisPassword:"" port:3306 password:1qaz!QAZ redisIp:192.168.88.119]
SqlString  SELECT RTP,Amount,Bonus  FROM M_RtpSetting  WHERE Sid = 1   AND State = 1   AND LTG_Code = 4 AND Gid = 40
sqlResult   map[result: count:0 state:0]
[2020-01-02 12:31:41] rtpData ------->   map[result: count:0 state:0] 
[GIN] 2020/01/02 - 12:31:41 | 200 |    2.723894ms |  192.168.66.115 | POST     /getResult
sqlResult   map[result: count:0 state:0]
sqlResult   map[result: count:0 state:0]
[2020-01-02 12:31:41] rtpData ------->   map[state:0 result: count:0] 
[2020-01-02 12:31:41] rtpData ------->   map[result: count:0 state:0] 
[GIN] 2020/01/02 - 12:31:41 | 200 |    2.687624ms |  192.168.66.115 | POST     /getResult
[GIN] 2020/01/02 - 12:31:41 | 200 |    2.890431ms |  192.168.66.115 | POST     /getResult
[2020-01-02 12:31:41] 自開彩開獎  {202001020752 6 36 true} 
ConfigData  map[redisIp:192.168.88.119 port:3306 user:fa_db database:FA_MEM charset:utf8 redisPort:6379 redisPassword:"" redisDB:3 ip:192.168.88.181 poolname:FA_MEM password:1qaz!QAZ]
SqlString  SELECT RTP,Amount,Bonus  FROM M_RtpSetting  WHERE Sid = 1   AND State = 1   AND LTG_Code = 6 AND Gid = 36
sqlResult   map[state:0 result: count:0]
[2020-01-02 12:31:41] rtpData ------->   map[result: count:0 state:0] 
[GIN] 2020/01/02 - 12:31:41 | 200 |    2.228495ms |  192.168.66.115 | POST     /getResult
[2020-01-02 12:31:45] 自開彩開獎  {202001020752 1 34 true} 
ConfigData  map[redisPassword:"" poolname:FA_MEM port:3306 password:1qaz!QAZ database:FA_MEM redisIp:192.168.88.119 ip:192.168.88.181 user:fa_db charset:utf8 redisPort:6379 redisDB:3]
SqlString  SELECT RTP,Amount,Bonus  FROM M_RtpSetting  WHERE Sid = 1   AND State = 1   AND LTG_Code = 1 AND Gid = 34
sqlResult   map[result: count:0 state:0]
[2020-01-02 12:31:45] rtpData ------->   map[result: count:0 state:0] 
[GIN] 2020/01/02 - 12:31:45 | 200 |    2.300096ms |  192.168.66.115 | POST     /getResult
[2020-01-02 12:31:46] 自開彩開獎  {202001020251 1 35 true} 
ConfigData  map[poolname:FA_MEM redisPort:6379 redisPassword:"" ip:192.168.88.181 user:fa_db password:1qaz!QAZ database:FA_MEM charset:utf8 redisIp:192.168.88.119 redisDB:3 port:3306]
SqlString  SELECT RTP,Amount,Bonus  FROM M_RtpSetting  WHERE Sid = 1   AND State = 1   AND LTG_Code = 1 AND Gid = 35
sqlResult   map[result: count:0 state:0]
[2020-01-02 12:31:46] rtpData ------->   map[result: count:0 state:0] 
[GIN] 2020/01/02 - 12:31:46 | 200 |    2.481739ms |  192.168.66.115 | POST     /getResult
[2020-01-02 12:31:47] 自開彩開獎  {202001020752 5 38 true} 
ConfigData  map[redisDB:3 poolname:FA_MEM user:fa_db database:FA_MEM charset:utf8 redisIp:192.168.88.119 redisPort:6379 redisPassword:"" ip:192.168.88.181 port:3306 password:1qaz!QAZ]
SqlString  SELECT RTP,Amount,Bonus  FROM M_RtpSetting  WHERE Sid = 1   AND State = 1   AND LTG_Code = 5 AND Gid = 38
[2020-01-02 12:31:47] 自開彩開獎  {202001020251 4 41 true} 
ConfigData  map[redisPort:6379 redisDB:3 database:FA_MEM charset:utf8 port:3306 user:fa_db password:1qaz!QAZ redisIp:192.168.88.119 redisPassword:"" ip:192.168.88.181 poolname:FA_MEM]
SqlString  SELECT RTP,Amount,Bonus  FROM M_RtpSetting  WHERE Sid = 1   AND State = 1   AND LTG_Code = 4 AND Gid = 41
[2020-01-02 12:31:47] 自開彩開獎  {202001020752 4 40 true} 
ConfigData  map[charset:utf8 redisPort:6379 redisPassword:"" ip:192.168.88.181 port:3306 user:fa_db database:FA_MEM poolname:FA_MEM password:1qaz!QAZ redisIp:192.168.88.119 redisDB:3]
SqlString  SELECT RTP,Amount,Bonus  FROM M_RtpSetting  WHERE Sid = 1   AND State = 1   AND LTG_Code = 4 AND Gid = 40
sqlResult   map[result: count:0 state:0]
sqlResult   map[result: count:0 state:0]
[2020-01-02 12:31:47] rtpData ------->   map[count:0 state:0 result:] 
sqlResult   map[result: count:0 state:0]
[2020-01-02 12:31:47] rtpData ------->   map[result: count:0 state:0] 
[GIN] 2020/01/02 - 12:31:47 | 200 |    2.647158ms |  192.168.66.115 | POST     /getResult
[GIN] 2020/01/02 - 12:31:47 | 200 |    2.941279ms |  192.168.66.115 | POST     /getResult
[2020-01-02 12:31:47] rtpData ------->   map[result: count:0 state:0] 
[GIN] 2020/01/02 - 12:31:47 | 200 |    2.713951ms |  192.168.66.115 | POST     /getResult
[2020-01-02 12:31:47] 自開彩開獎  {202001020752 6 36 true} 
ConfigData  map[redisDB:3 ip:192.168.88.181 poolname:FA_MEM password:1qaz!QAZ database:FA_MEM redisIp:192.168.88.119 redisPort:6379 port:3306 user:fa_db charset:utf8 redisPassword:""]
SqlString  SELECT RTP,Amount,Bonus  FROM M_RtpSetting  WHERE Sid = 1   AND State = 1   AND LTG_Code = 6 AND Gid = 36
sqlResult   map[result: count:0 state:0]
[2020-01-02 12:31:47] rtpData ------->   map[result: count:0 state:0] 
[GIN] 2020/01/02 - 12:31:47 | 200 |    3.139505ms |  192.168.66.115 | POST     /getResult
[2020-01-02 12:31:51] 自開彩開獎  {202001020752 1 34 true} 
ConfigData  map[port:3306 charset:utf8 redisIp:192.168.88.119 redisDB:3 ip:192.168.88.181 user:fa_db password:1qaz!QAZ database:FA_MEM redisPort:6379 redisPassword:"" poolname:FA_MEM]
SqlString  SELECT RTP,Amount,Bonus  FROM M_RtpSetting  WHERE Sid = 1   AND State = 1   AND LTG_Code = 1 AND Gid = 34
sqlResult   map[count:0 state:0 result:]
[2020-01-02 12:31:51] rtpData ------->   map[count:0 state:0 result:] 
[GIN] 2020/01/02 - 12:31:51 | 200 |     3.26105ms |  192.168.66.115 | POST     /getResult
[2020-01-02 12:31:52] 自開彩開獎  {202001020251 1 35 true} 
ConfigData  map[redisPort:6379 redisDB:3 ip:192.168.88.181 poolname:FA_MEM port:3306 charset:utf8 redisPassword:"" user:fa_db password:1qaz!QAZ database:FA_MEM redisIp:192.168.88.119]
SqlString  SELECT RTP,Amount,Bonus  FROM M_RtpSetting  WHERE Sid = 1   AND State = 1   AND LTG_Code = 1 AND Gid = 35
sqlResult   map[result: count:0 state:0]
[2020-01-02 12:31:52] rtpData ------->   map[result: count:0 state:0] 
[GIN] 2020/01/02 - 12:31:52 | 200 |    2.659725ms |  192.168.66.115 | POST     /getResult
[2020-01-02 12:31:53] 自開彩開獎  {202001020752 5 38 true} 
ConfigData  map[password:1qaz!QAZ charset:utf8 redisPort:6379 redisDB:3 redisIp:192.168.88.119 redisPassword:"" ip:192.168.88.181 poolname:FA_MEM port:3306 user:fa_db database:FA_MEM]
SqlString  SELECT RTP,Amount,Bonus  FROM M_RtpSetting  WHERE Sid = 1   AND State = 1   AND LTG_Code = 5 AND Gid = 38
[2020-01-02 12:31:53] 自開彩開獎  {202001020752 4 40 true} 
ConfigData  map[poolname:FA_MEM database:FA_MEM charset:utf8 redisPort:6379 redisDB:3 ip:192.168.88.181 port:3306 user:fa_db password:1qaz!QAZ redisIp:192.168.88.119 redisPassword:""]
SqlString  SELECT RTP,Amount,Bonus  FROM M_RtpSetting  WHERE Sid = 1   AND State = 1   AND LTG_Code = 4 AND Gid = 40
[2020-01-02 12:31:53] 自開彩開獎  {202001020251 4 41 true} 
ConfigData  map[redisPort:6379 redisPassword:"" ip:192.168.88.181 poolname:FA_MEM user:fa_db password:1qaz!QAZ charset:utf8 port:3306 database:FA_MEM redisIp:192.168.88.119 redisDB:3]
SqlString  SELECT RTP,Amount,Bonus  FROM M_RtpSetting  WHERE Sid = 1   AND State = 1   AND LTG_Code = 4 AND Gid = 41
sqlResult   map[result: count:0 state:0]
sqlResult   map[result: count:0 state:0]
[2020-01-02 12:31:53] rtpData ------->   map[state:0 result: count:0] 
sqlResult   map[result: count:0 state:0]
[GIN] 2020/01/02 - 12:31:53 | 200 |    2.777395ms |  192.168.66.115 | POST     /getResult
[2020-01-02 12:31:53] rtpData ------->   map[result: count:0 state:0] 
[GIN] 2020/01/02 - 12:31:53 | 200 |    3.112145ms |  192.168.66.115 | POST     /getResult
[2020-01-02 12:31:53] rtpData ------->   map[state:0 result: count:0] 
[GIN] 2020/01/02 - 12:31:53 | 200 |    3.022949ms |  192.168.66.115 | POST     /getResult
[2020-01-02 12:31:53] 自開彩開獎  {202001020752 6 36 true} 
ConfigData  map[password:1qaz!QAZ database:FA_MEM charset:utf8 redisDB:3 redisPassword:"" ip:192.168.88.181 poolname:FA_MEM port:3306 user:fa_db redisIp:192.168.88.119 redisPort:6379]
SqlString  SELECT RTP,Amount,Bonus  FROM M_RtpSetting  WHERE Sid = 1   AND State = 1   AND LTG_Code = 6 AND Gid = 36
sqlResult   map[result: count:0 state:0]
[2020-01-02 12:31:53] rtpData ------->   map[result: count:0 state:0] 
[GIN] 2020/01/02 - 12:31:53 | 200 |     2.67221ms |  192.168.66.115 | POST     /getResult
[2020-01-02 12:31:57] 自開彩開獎  {202001020752 1 34 true} 
ConfigData  map[ip:192.168.88.181 password:1qaz!QAZ database:FA_MEM redisPort:6379 redisPassword:"" redisDB:3 poolname:FA_MEM port:3306 user:fa_db charset:utf8 redisIp:192.168.88.119]
SqlString  SELECT RTP,Amount,Bonus  FROM M_RtpSetting  WHERE Sid = 1   AND State = 1   AND LTG_Code = 1 AND Gid = 34
sqlResult   map[result: count:0 state:0]
[2020-01-02 12:31:57] rtpData ------->   map[count:0 state:0 result:] 
[GIN] 2020/01/02 - 12:31:57 | 200 |    2.914916ms |  192.168.66.115 | POST     /getResult
[2020-01-02 12:31:58] 自開彩開獎  {202001020251 1 35 true} 
ConfigData  map[user:fa_db database:FA_MEM charset:utf8 redisIp:192.168.88.119 redisDB:3 ip:192.168.88.181 port:3306 redisPort:6379 redisPassword:"" poolname:FA_MEM password:1qaz!QAZ]
SqlString  SELECT RTP,Amount,Bonus  FROM M_RtpSetting  WHERE Sid = 1   AND State = 1   AND LTG_Code = 1 AND Gid = 35
sqlResult   map[result: count:0 state:0]
[2020-01-02 12:31:58] rtpData ------->   map[result: count:0 state:0] 
[GIN] 2020/01/02 - 12:31:58 | 200 |    3.128344ms |  192.168.66.115 | POST     /getResult
[2020-01-02 12:31:59] 自開彩開獎  {202001020251 4 41 true} 
ConfigData  map[port:3306 user:fa_db password:1qaz!QAZ database:FA_MEM redisPassword:"" redisDB:3 poolname:FA_MEM charset:utf8 redisIp:192.168.88.119 redisPort:6379 ip:192.168.88.181]
SqlString  SELECT RTP,Amount,Bonus  FROM M_RtpSetting  WHERE Sid = 1   AND State = 1   AND LTG_Code = 4 AND Gid = 41
[2020-01-02 12:31:59] 自開彩開獎  {202001020752 4 40 true} 
[2020-01-02 12:31:59] 自開彩開獎  {202001020752 5 38 true} 
ConfigData  map[redisPassword:"" ip:192.168.88.181 poolname:FA_MEM port:3306 database:FA_MEM charset:utf8 redisIp:192.168.88.119 user:fa_db password:1qaz!QAZ redisPort:6379 redisDB:3]
SqlString  SELECT RTP,Amount,Bonus  FROM M_RtpSetting  WHERE Sid = 1   AND State = 1   AND LTG_Code = 4 AND Gid = 40
ConfigData  map[redisIp:192.168.88.119 redisPort:6379 ip:192.168.88.181 port:3306 user:fa_db password:1qaz!QAZ charset:utf8 poolname:FA_MEM database:FA_MEM redisPassword:"" redisDB:3]
SqlString  SELECT RTP,Amount,Bonus  FROM M_RtpSetting  WHERE Sid = 1   AND State = 1   AND LTG_Code = 5 AND Gid = 38
sqlResult   map[state:0 result: count:0]
[2020-01-02 12:31:59] rtpData ------->   map[result: count:0 state:0] 
[GIN] 2020/01/02 - 12:31:59 | 200 |    2.380138ms |  192.168.66.115 | POST     /getResult
sqlResult   map[result: count:0 state:0]
[2020-01-02 12:31:59] rtpData ------->   map[result: count:0 state:0] 
[GIN] 2020/01/02 - 12:31:59 | 200 |    2.544539ms |  192.168.66.115 | POST     /getResult
sqlResult   map[state:0 result: count:0]
[2020-01-02 12:31:59] rtpData ------->   map[result: count:0 state:0] 
[GIN] 2020/01/02 - 12:31:59 | 200 |    2.820912ms |  192.168.66.115 | POST     /getResult
[2020-01-02 12:31:59] 自開彩開獎  {202001020752 6 36 true} 
ConfigData  map[port:3306 database:FA_MEM charset:utf8 redisPassword:"" ip:192.168.88.181 poolname:FA_MEM redisIp:192.168.88.119 redisPort:6379 redisDB:3 user:fa_db password:1qaz!QAZ]
SqlString  SELECT RTP,Amount,Bonus  FROM M_RtpSetting  WHERE Sid = 1   AND State = 1   AND LTG_Code = 6 AND Gid = 36
sqlResult   map[state:0 result: count:0]
[2020-01-02 12:31:59] rtpData ------->   map[result: count:0 state:0] 
[GIN] 2020/01/02 - 12:31:59 | 200 |    3.084999ms |  192.168.66.115 | POST     /getResult
[2020-01-02 12:32:01] 自開彩開獎  {202001020753 2 26 true} 
ConfigData  map[database:FA_MEM redisPort:6379 ip:192.168.88.181 poolname:FA_MEM user:fa_db redisIp:192.168.88.119 redisPassword:"" redisDB:3 port:3306 password:1qaz!QAZ charset:utf8]
SqlString  SELECT RTP,Amount,Bonus  FROM M_RtpSetting  WHERE Sid = 1   AND State = 1   AND LTG_Code = 2 AND Gid = 26
sqlResult   map[result:0.9600 count:1 state:1 amount:1.0069588e+06 bonus:908100.71]
[2020-01-02 12:32:01] rtpData ------->   map[result:0.9600 count:1 state:1 amount:1.0069588e+06 bonus:908100.71] 
ConfigData  map[ip:192.168.88.181 poolname:FA_MEM database:FA_MEM redisPort:6379 redisDB:3 port:3306 user:fa_db password:1qaz!QAZ charset:utf8 redisIp:192.168.88.119 redisPassword:""]
SELECT BO_No, BO_OrderNo , BO_User , BO_Issue  , BO_LotteryTypeGroup, BO_LotteryType, BO_Mode, BO_LotteryPlayGroup, BO_LotteryPlay , BO_LotteryContent, BO_Price, BO_RealPrice, BO_Unit, BO_Multiple , BO_BetCount  , BO_Winnings, BO_Winnings2, BO_Winnings3, BO_WinningLimit  , BO_Water , BO_BW_SourceUserId, BO_BW_BackWater, BO_BW_LimitBetCount, BO_BW_MaxAmount, BO_BW_AuditMultiple  , BO_Odds, BO_Odds2, BO_Odds3 , BO_Type, BO_Chase , BO_OpenResult, BO_OpenResult2, BO_DateDraw, BO_DateDraw2, BO_DateUpdate  FROM TS_BetOrder  WHERE BO_Cancel = 0   AND BO_CancelBackend = 0   AND BO_LotteryTypeGroup = 2 AND BO_LotteryType = 26 AND BO_Issue = 202001020753 AND BO_Collect = 0 ORDER BY BO_DateDraw ASC, BO_DateCreate ASC, BO_DateUpdate ASC, BO_No ASC ;
[2020-01-02 12:32:01] LottteryTypeGroup 2 
[2020-01-02 12:32:01] 有期號 但無注單 -------> map[amount:0 bonus:0 thisOpenResult:[1 8 6 0 8]] 
[GIN] 2020/01/02 - 12:32:01 | 200 |    6.348341ms |  192.168.66.115 | POST     /getResult
[2020-01-02 12:32:03] 自開彩開獎  {202001020752 1 34 true} 
ConfigData  map[user:fa_db password:1qaz!QAZ redisIp:192.168.88.119 redisPort:6379 redisPassword:"" redisDB:3 ip:192.168.88.181 poolname:FA_MEM charset:utf8 port:3306 database:FA_MEM]
SqlString  SELECT RTP,Amount,Bonus  FROM M_RtpSetting  WHERE Sid = 1   AND State = 1   AND LTG_Code = 1 AND Gid = 34
sqlResult   map[count:0 state:0 result:]
[2020-01-02 12:32:03] rtpData ------->   map[result: count:0 state:0] 
[GIN] 2020/01/02 - 12:32:03 | 200 |    2.768593ms |  192.168.66.115 | POST     /getResult
[2020-01-02 12:32:04] 自開彩開獎  {202001020251 1 35 true} 
ConfigData  map[ip:192.168.88.181 user:fa_db database:FA_MEM charset:utf8 redisDB:3 poolname:FA_MEM port:3306 password:1qaz!QAZ redisIp:192.168.88.119 redisPort:6379 redisPassword:""]
SqlString  SELECT RTP,Amount,Bonus  FROM M_RtpSetting  WHERE Sid = 1   AND State = 1   AND LTG_Code = 1 AND Gid = 35
sqlResult   map[result: count:0 state:0]
[2020-01-02 12:32:04] rtpData ------->   map[result: count:0 state:0] 
[GIN] 2020/01/02 - 12:32:04 | 200 |    5.878014ms |  192.168.66.115 | POST     /getResult
[2020-01-02 12:32:05] 自開彩開獎  {202001020752 4 40 true} 
ConfigData  map[charset:utf8 redisIp:192.168.88.119 redisPassword:"" redisDB:3 poolname:FA_MEM user:fa_db password:1qaz!QAZ database:FA_MEM redisPort:6379 ip:192.168.88.181 port:3306]
SqlString  SELECT RTP,Amount,Bonus  FROM M_RtpSetting  WHERE Sid = 1   AND State = 1   AND LTG_Code = 4 AND Gid = 40
[2020-01-02 12:32:05] 自開彩開獎  {202001020251 4 41 true} 
ConfigData  map[ip:192.168.88.181 charset:utf8 redisPort:6379 redisPassword:"" redisDB:3 redisIp:192.168.88.119 poolname:FA_MEM port:3306 user:fa_db password:1qaz!QAZ database:FA_MEM]
SqlString  SELECT RTP,Amount,Bonus  FROM M_RtpSetting  WHERE Sid = 1   AND State = 1   AND LTG_Code = 4 AND Gid = 41
[2020-01-02 12:32:05] 自開彩開獎  {202001020752 5 38 true} 
ConfigData  map[ip:192.168.88.181 port:3306 password:1qaz!QAZ database:FA_MEM redisDB:3 poolname:FA_MEM user:fa_db charset:utf8 redisIp:192.168.88.119 redisPort:6379 redisPassword:""]
SqlString  SELECT RTP,Amount,Bonus  FROM M_RtpSetting  WHERE Sid = 1   AND State = 1   AND LTG_Code = 5 AND Gid = 38
sqlResult   map[result: count:0 state:0]
[2020-01-02 12:32:05] rtpData ------->   map[result: count:0 state:0] 
sqlResult   map[result: count:0 state:0]
[2020-01-02 12:32:05] rtpData ------->   map[result: count:0 state:0] 
[GIN] 2020/01/02 - 12:32:05 | 200 |    2.238555ms |  192.168.66.115 | POST     /getResult
[GIN] 2020/01/02 - 12:32:05 | 200 |    2.416387ms |  192.168.66.115 | POST     /getResult
sqlResult   map[result: count:0 state:0]
[2020-01-02 12:32:05] rtpData ------->   map[result: count:0 state:0] 
[GIN] 2020/01/02 - 12:32:05 | 200 |    2.713536ms |  192.168.66.115 | POST     /getResult
[2020-01-02 12:32:05] 自開彩開獎  {202001020752 6 36 true} 
ConfigData  map[redisDB:3 port:3306 password:1qaz!QAZ database:FA_MEM redisIp:192.168.88.119 redisPort:6379 redisPassword:"" ip:192.168.88.181 poolname:FA_MEM user:fa_db charset:utf8]
SqlString  SELECT RTP,Amount,Bonus  FROM M_RtpSetting  WHERE Sid = 1   AND State = 1   AND LTG_Code = 6 AND Gid = 36
sqlResult   map[result: count:0 state:0]
[2020-01-02 12:32:05] rtpData ------->   map[state:0 result: count:0] 
[GIN] 2020/01/02 - 12:32:05 | 200 |    2.818026ms |  192.168.66.115 | POST     /getResult
[2020-01-02 12:32:09] 自開彩開獎  {202001020753 1 34 true} 
ConfigData  map[poolname:FA_MEM port:3306 user:fa_db password:1qaz!QAZ charset:utf8 redisPassword:"" redisDB:3 ip:192.168.88.181 redisIp:192.168.88.119 redisPort:6379 database:FA_MEM]
SqlString  SELECT RTP,Amount,Bonus  FROM M_RtpSetting  WHERE Sid = 1   AND State = 1   AND LTG_Code = 1 AND Gid = 34
sqlResult   map[result: count:0 state:0]
[2020-01-02 12:32:09] rtpData ------->   map[result: count:0 state:0] 
[GIN] 2020/01/02 - 12:32:09 | 200 |    2.680185ms |  192.168.66.115 | POST     /getResult
[2020-01-02 12:32:10] 自開彩開獎  {202001020251 1 35 true} 
ConfigData  map[user:fa_db password:1qaz!QAZ charset:utf8 redisIp:192.168.88.119 redisPort:6379 redisDB:3 ip:192.168.88.181 poolname:FA_MEM port:3306 database:FA_MEM redisPassword:""]
SqlString  SELECT RTP,Amount,Bonus  FROM M_RtpSetting  WHERE Sid = 1   AND State = 1   AND LTG_Code = 1 AND Gid = 35
sqlResult   map[result: count:0 state:0]
[2020-01-02 12:32:10] rtpData ------->   map[result: count:0 state:0] 
[GIN] 2020/01/02 - 12:32:10 | 200 |    2.579393ms |  192.168.66.115 | POST     /getResult
[2020-01-02 12:32:11] 自開彩開獎  {202001020753 5 38 true} 
ConfigData  map[database:FA_MEM redisDB:3 ip:192.168.88.181 port:3306 user:fa_db password:1qaz!QAZ charset:utf8 redisIp:192.168.88.119 redisPort:6379 redisPassword:"" poolname:FA_MEM]
SqlString  SELECT RTP,Amount,Bonus  FROM M_RtpSetting  WHERE Sid = 1   AND State = 1   AND LTG_Code = 5 AND Gid = 38
[2020-01-02 12:32:11] 自開彩開獎  {202001020251 4 41 true} 
ConfigData  map[user:fa_db password:1qaz!QAZ database:FA_MEM redisPassword:"" ip:192.168.88.181 poolname:FA_MEM redisIp:192.168.88.119 redisPort:6379 redisDB:3 port:3306 charset:utf8]
SqlString  SELECT RTP,Amount,Bonus  FROM M_RtpSetting  WHERE Sid = 1   AND State = 1   AND LTG_Code = 4 AND Gid = 41
[2020-01-02 12:32:11] 自開彩開獎  {202001020753 4 40 true} 
ConfigData  map[user:fa_db database:FA_MEM redisIp:192.168.88.119 redisPort:6379 redisPassword:"" ip:192.168.88.181 port:3306 charset:utf8 redisDB:3 poolname:FA_MEM password:1qaz!QAZ]
SqlString  SELECT RTP,Amount,Bonus  FROM M_RtpSetting  WHERE Sid = 1   AND State = 1   AND LTG_Code = 4 AND Gid = 40
sqlResult   map[result: count:0 state:0]
[2020-01-02 12:32:11] rtpData ------->   map[result: count:0 state:0] 
[GIN] 2020/01/02 - 12:32:11 | 200 |    2.780012ms |  192.168.66.115 | POST     /getResult
sqlResult   map[result: count:0 state:0]
[2020-01-02 12:32:11] rtpData ------->   map[state:0 result: count:0] 
[GIN] 2020/01/02 - 12:32:11 | 200 |      2.8858ms |  192.168.66.115 | POST     /getResult
sqlResult   map[result: count:0 state:0]
[2020-01-02 12:32:11] rtpData ------->   map[count:0 state:0 result:] 
[GIN] 2020/01/02 - 12:32:11 | 200 |    3.167999ms |  192.168.66.115 | POST     /getResult
[2020-01-02 12:32:11] 自開彩開獎  {202001020753 6 36 true} 
ConfigData  map[poolname:FA_MEM port:3306 redisIp:192.168.88.119 redisPassword:"" redisDB:3 ip:192.168.88.181 user:fa_db password:1qaz!QAZ database:FA_MEM charset:utf8 redisPort:6379]
SqlString  SELECT RTP,Amount,Bonus  FROM M_RtpSetting  WHERE Sid = 1   AND State = 1   AND LTG_Code = 6 AND Gid = 36
sqlResult   map[state:0 result: count:0]
[2020-01-02 12:32:11] rtpData ------->   map[result: count:0 state:0] 
[GIN] 2020/01/02 - 12:32:11 | 200 |    2.669523ms |  192.168.66.115 | POST     /getResult
[2020-01-02 12:32:15] 自開彩開獎  {202001020753 1 34 true} 
ConfigData  map[ip:192.168.88.181 poolname:FA_MEM user:fa_db database:FA_MEM redisIp:192.168.88.119 redisPort:6379 port:3306 password:1qaz!QAZ charset:utf8 redisPassword:"" redisDB:3]
SqlString  SELECT RTP,Amount,Bonus  FROM M_RtpSetting  WHERE Sid = 1   AND State = 1   AND LTG_Code = 1 AND Gid = 34
sqlResult   map[result: count:0 state:0]
[2020-01-02 12:32:15] rtpData ------->   map[result: count:0 state:0] 
[GIN] 2020/01/02 - 12:32:15 | 200 |    2.494096ms |  192.168.66.115 | POST     /getResult
[2020-01-02 12:32:16] 自開彩開獎  {202001020251 1 35 true} 
ConfigData  map[password:1qaz!QAZ redisPort:6379 redisPassword:"" redisDB:3 charset:utf8 redisIp:192.168.88.119 ip:192.168.88.181 poolname:FA_MEM port:3306 user:fa_db database:FA_MEM]
SqlString  SELECT RTP,Amount,Bonus  FROM M_RtpSetting  WHERE Sid = 1   AND State = 1   AND LTG_Code = 1 AND Gid = 35
sqlResult   map[result: count:0 state:0]
[2020-01-02 12:32:16] rtpData ------->   map[count:0 state:0 result:] 
[GIN] 2020/01/02 - 12:32:16 | 200 |    2.437468ms |  192.168.66.115 | POST     /getResult
[2020-01-02 12:32:17] 自開彩開獎  {202001020753 5 38 true} 
ConfigData  map[ip:192.168.88.181 redisPort:6379 poolname:FA_MEM port:3306 user:fa_db password:1qaz!QAZ database:FA_MEM charset:utf8 redisIp:192.168.88.119 redisPassword:"" redisDB:3]
SqlString  SELECT RTP,Amount,Bonus  FROM M_RtpSetting  WHERE Sid = 1   AND State = 1   AND LTG_Code = 5 AND Gid = 38
[2020-01-02 12:32:17] 自開彩開獎  {202001020251 4 41 true} 
[2020-01-02 12:32:17] 自開彩開獎  {202001020753 4 40 true} 
ConfigData  map[port:3306 password:1qaz!QAZ database:FA_MEM redisDB:3 ip:192.168.88.181 user:fa_db charset:utf8 redisIp:192.168.88.119 redisPort:6379 redisPassword:"" poolname:FA_MEM]
ConfigData  map[user:fa_db redisIp:192.168.88.119 poolname:FA_MEM port:3306 database:FA_MEM charset:utf8 redisPort:6379 redisPassword:"" redisDB:3 ip:192.168.88.181 password:1qaz!QAZ]
SqlString  SELECT RTP,Amount,Bonus  FROM M_RtpSetting  WHERE Sid = 1   AND State = 1   AND LTG_Code = 4 AND Gid = 40
SqlString  SELECT RTP,Amount,Bonus  FROM M_RtpSetting  WHERE Sid = 1   AND State = 1   AND LTG_Code = 4 AND Gid = 41
sqlResult   map[count:0 state:0 result:]
[2020-01-02 12:32:17] rtpData ------->   map[result: count:0 state:0] 
[GIN] 2020/01/02 - 12:32:17 | 200 |     2.63847ms |  192.168.66.115 | POST     /getResult
sqlResult   map[result: count:0 state:0]
sqlResult   map[result: count:0 state:0]
[2020-01-02 12:32:17] rtpData ------->   map[result: count:0 state:0] 
[GIN] 2020/01/02 - 12:32:17 | 200 |    2.967175ms |  192.168.66.115 | POST     /getResult
[2020-01-02 12:32:17] rtpData ------->   map[result: count:0 state:0] 
[GIN] 2020/01/02 - 12:32:17 | 200 |     2.92031ms |  192.168.66.115 | POST     /getResult
[2020-01-02 12:32:17] 自開彩開獎  {202001020753 6 36 true} 
ConfigData  map[poolname:FA_MEM port:3306 user:fa_db redisPort:6379 redisPassword:"" redisDB:3 ip:192.168.88.181 password:1qaz!QAZ database:FA_MEM charset:utf8 redisIp:192.168.88.119]
SqlString  SELECT RTP,Amount,Bonus  FROM M_RtpSetting  WHERE Sid = 1   AND State = 1   AND LTG_Code = 6 AND Gid = 36
sqlResult   map[result: count:0 state:0]
[2020-01-02 12:32:17] rtpData ------->   map[state:0 result: count:0] 
[GIN] 2020/01/02 - 12:32:17 | 200 |     2.74095ms |  192.168.66.115 | POST     /getResult
[2020-01-02 12:32:21] 自開彩開獎  {202001020753 1 34 true} 
ConfigData  map[ip:192.168.88.181 poolname:FA_MEM redisIp:192.168.88.119 redisPassword:"" redisDB:3 redisPort:6379 port:3306 user:fa_db password:1qaz!QAZ database:FA_MEM charset:utf8]
SqlString  SELECT RTP,Amount,Bonus  FROM M_RtpSetting  WHERE Sid = 1   AND State = 1   AND LTG_Code = 1 AND Gid = 34
sqlResult   map[result: count:0 state:0]
[2020-01-02 12:32:21] rtpData ------->   map[result: count:0 state:0] 
[GIN] 2020/01/02 - 12:32:21 | 200 |    1.846429ms |  192.168.66.115 | POST     /getResult
[2020-01-02 12:32:22] 自開彩開獎  {202001020251 1 35 true} 
ConfigData  map[poolname:FA_MEM port:3306 password:1qaz!QAZ database:FA_MEM redisIp:192.168.88.119 redisPassword:"" ip:192.168.88.181 user:fa_db charset:utf8 redisPort:6379 redisDB:3]
SqlString  SELECT RTP,Amount,Bonus  FROM M_RtpSetting  WHERE Sid = 1   AND State = 1   AND LTG_Code = 1 AND Gid = 35
sqlResult   map[result: count:0 state:0]
[2020-01-02 12:32:22] rtpData ------->   map[result: count:0 state:0] 
[GIN] 2020/01/02 - 12:32:22 | 200 |    3.024415ms |  192.168.66.115 | POST     /getResult
[2020-01-02 12:32:23] 自開彩開獎  {202001020753 4 40 true} 
ConfigData  map[poolname:FA_MEM port:3306 database:FA_MEM redisPort:6379 redisDB:3 redisPassword:"" ip:192.168.88.181 user:fa_db password:1qaz!QAZ charset:utf8 redisIp:192.168.88.119]
SqlString  SELECT RTP,Amount,Bonus  FROM M_RtpSetting  WHERE Sid = 1   AND State = 1   AND LTG_Code = 4 AND Gid = 40
[2020-01-02 12:32:23] 自開彩開獎  {202001020251 4 41 true} 
ConfigData  map[port:3306 database:FA_MEM redisIp:192.168.88.119 redisPort:6379 redisPassword:"" ip:192.168.88.181 user:fa_db password:1qaz!QAZ charset:utf8 redisDB:3 poolname:FA_MEM]
SqlString  SELECT RTP,Amount,Bonus  FROM M_RtpSetting  WHERE Sid = 1   AND State = 1   AND LTG_Code = 4 AND Gid = 41
[2020-01-02 12:32:23] 自開彩開獎  {202001020753 5 38 true} 
ConfigData  map[port:3306 user:fa_db password:1qaz!QAZ database:FA_MEM charset:utf8 redisPort:6379 redisDB:3 ip:192.168.88.181 poolname:FA_MEM redisIp:192.168.88.119 redisPassword:""]
SqlString  SELECT RTP,Amount,Bonus  FROM M_RtpSetting  WHERE Sid = 1   AND State = 1   AND LTG_Code = 5 AND Gid = 38
sqlResult   map[count:0 state:0 result:]
[2020-01-02 12:32:23] rtpData ------->   map[result: count:0 state:0] 
[GIN] 2020/01/02 - 12:32:23 | 200 |    2.418591ms |  192.168.66.115 | POST     /getResult
sqlResult   map[count:0 state:0 result:]
sqlResult   map[count:0 state:0 result:]
[2020-01-02 12:32:23] rtpData ------->   map[result: count:0 state:0] 
[2020-01-02 12:32:23] rtpData ------->   map[state:0 result: count:0] 
[GIN] 2020/01/02 - 12:32:23 | 200 |    2.832296ms |  192.168.66.115 | POST     /getResult
[GIN] 2020/01/02 - 12:32:23 | 200 |    2.937363ms |  192.168.66.115 | POST     /getResult
[2020-01-02 12:32:23] 自開彩開獎  {202001020753 6 36 true} 
ConfigData  map[poolname:FA_MEM port:3306 user:fa_db redisIp:192.168.88.119 ip:192.168.88.181 password:1qaz!QAZ database:FA_MEM charset:utf8 redisPort:6379 redisPassword:"" redisDB:3]
SqlString  SELECT RTP,Amount,Bonus  FROM M_RtpSetting  WHERE Sid = 1   AND State = 1   AND LTG_Code = 6 AND Gid = 36
sqlResult   map[result: count:0 state:0]
[2020-01-02 12:32:23] rtpData ------->   map[result: count:0 state:0] 
[GIN] 2020/01/02 - 12:32:23 | 200 |    2.821455ms |  192.168.66.115 | POST     /getResult
[2020-01-02 12:32:27] 自開彩開獎  {202001020753 1 34 true} 
ConfigData  map[ip:192.168.88.181 poolname:FA_MEM port:3306 password:1qaz!QAZ database:FA_MEM redisPassword:"" user:fa_db charset:utf8 redisIp:192.168.88.119 redisPort:6379 redisDB:3]
SqlString  SELECT RTP,Amount,Bonus  FROM M_RtpSetting  WHERE Sid = 1   AND State = 1   AND LTG_Code = 1 AND Gid = 34
sqlResult   map[result: count:0 state:0]
[2020-01-02 12:32:27] rtpData ------->   map[state:0 result: count:0] 
[GIN] 2020/01/02 - 12:32:27 | 200 |    2.912666ms |  192.168.66.115 | POST     /getResult
[2020-01-02 12:32:28] 自開彩開獎  {202001020251 1 35 true} 
ConfigData  map[port:3306 user:fa_db password:1qaz!QAZ charset:utf8 redisPassword:"" redisDB:3 ip:192.168.88.181 poolname:FA_MEM database:FA_MEM redisIp:192.168.88.119 redisPort:6379]
SqlString  SELECT RTP,Amount,Bonus  FROM M_RtpSetting  WHERE Sid = 1   AND State = 1   AND LTG_Code = 1 AND Gid = 35
sqlResult   map[result: count:0 state:0]
[2020-01-02 12:32:28] rtpData ------->   map[result: count:0 state:0] 
[GIN] 2020/01/02 - 12:32:28 | 200 |    2.724743ms |  192.168.66.115 | POST     /getResult
[2020-01-02 12:32:29] 自開彩開獎  {202001020753 5 38 true} 
ConfigData  map[redisDB:3 poolname:FA_MEM port:3306 user:fa_db password:1qaz!QAZ redisIp:192.168.88.119 redisPort:6379 redisPassword:"" ip:192.168.88.181 database:FA_MEM charset:utf8]
SqlString  SELECT RTP,Amount,Bonus  FROM M_RtpSetting  WHERE Sid = 1   AND State = 1   AND LTG_Code = 5 AND Gid = 38
[2020-01-02 12:32:29] 自開彩開獎  {202001020753 4 40 true} 
ConfigData  map[poolname:FA_MEM database:FA_MEM charset:utf8 redisIp:192.168.88.119 redisPort:6379 ip:192.168.88.181 user:fa_db password:1qaz!QAZ redisPassword:"" redisDB:3 port:3306]
SqlString  SELECT RTP,Amount,Bonus  FROM M_RtpSetting  WHERE Sid = 1   AND State = 1   AND LTG_Code = 4 AND Gid = 40
[2020-01-02 12:32:29] 自開彩開獎  {202001020251 4 41 true} 
ConfigData  map[password:1qaz!QAZ database:FA_MEM charset:utf8 redisDB:3 ip:192.168.88.181 port:3306 user:fa_db redisIp:192.168.88.119 redisPort:6379 redisPassword:"" poolname:FA_MEM]
SqlString  SELECT RTP,Amount,Bonus  FROM M_RtpSetting  WHERE Sid = 1   AND State = 1   AND LTG_Code = 4 AND Gid = 41
sqlResult   map[result: count:0 state:0]
[2020-01-02 12:32:29] rtpData ------->   map[count:0 state:0 result:] 
[GIN] 2020/01/02 - 12:32:29 | 200 |       2.838ms |  192.168.66.115 | POST     /getResult
sqlResult   map[result: count:0 state:0]
sqlResult   map[result: count:0 state:0]
[2020-01-02 12:32:29] rtpData ------->   map[result: count:0 state:0] 
[GIN] 2020/01/02 - 12:32:29 | 200 |    2.884666ms |  192.168.66.115 | POST     /getResult
[2020-01-02 12:32:29] rtpData ------->   map[result: count:0 state:0] 
[GIN] 2020/01/02 - 12:32:29 | 200 |    2.230127ms |  192.168.66.115 | POST     /getResult
[2020-01-02 12:32:29] 自開彩開獎  {202001020753 6 36 true} 
ConfigData  map[user:fa_db database:FA_MEM charset:utf8 redisIp:192.168.88.119 redisPassword:"" ip:192.168.88.181 port:3306 password:1qaz!QAZ redisPort:6379 redisDB:3 poolname:FA_MEM]
SqlString  SELECT RTP,Amount,Bonus  FROM M_RtpSetting  WHERE Sid = 1   AND State = 1   AND LTG_Code = 6 AND Gid = 36
sqlResult   map[result: count:0 state:0]
[2020-01-02 12:32:29] rtpData ------->   map[state:0 result: count:0] 
[GIN] 2020/01/02 - 12:32:29 | 200 |    2.297355ms |  192.168.66.115 | POST     /getResult
[2020-01-02 12:32:33] 自開彩開獎  {202001020753 1 34 true} 
ConfigData  map[poolname:FA_MEM port:3306 user:fa_db password:1qaz!QAZ database:FA_MEM redisPort:6379 ip:192.168.88.181 charset:utf8 redisIp:192.168.88.119 redisPassword:"" redisDB:3]
SqlString  SELECT RTP,Amount,Bonus  FROM M_RtpSetting  WHERE Sid = 1   AND State = 1   AND LTG_Code = 1 AND Gid = 34
sqlResult   map[result: count:0 state:0]
[2020-01-02 12:32:33] rtpData ------->   map[result: count:0 state:0] 
[GIN] 2020/01/02 - 12:32:33 | 200 |    2.155916ms |  192.168.66.115 | POST     /getResult
[2020-01-02 12:32:34] 自開彩開獎  {202001020251 1 35 true} 
ConfigData  map[poolname:FA_MEM charset:utf8 redisPassword:"" redisDB:3 ip:192.168.88.181 port:3306 user:fa_db password:1qaz!QAZ database:FA_MEM redisIp:192.168.88.119 redisPort:6379]
SqlString  SELECT RTP,Amount,Bonus  FROM M_RtpSetting  WHERE Sid = 1   AND State = 1   AND LTG_Code = 1 AND Gid = 35
sqlResult   map[result: count:0 state:0]
[2020-01-02 12:32:34] rtpData ------->   map[result: count:0 state:0] 
[GIN] 2020/01/02 - 12:32:34 | 200 |    2.359849ms |  192.168.66.115 | POST     /getResult
[2020-01-02 12:32:35] 自開彩開獎  {202001020753 5 38 true} 
ConfigData  map[user:fa_db charset:utf8 redisPort:6379 redisDB:3 port:3306 poolname:FA_MEM password:1qaz!QAZ database:FA_MEM redisIp:192.168.88.119 redisPassword:"" ip:192.168.88.181]
[2020-01-02 12:32:35] 自開彩開獎  {202001020753 4 40 true} 
[2020-01-02 12:32:35] 自開彩開獎  {202001020251 4 41 true} 
ConfigData  map[charset:utf8 poolname:FA_MEM port:3306 user:fa_db password:1qaz!QAZ database:FA_MEM ip:192.168.88.181 redisIp:192.168.88.119 redisPort:6379 redisPassword:"" redisDB:3]
SqlString  SELECT RTP,Amount,Bonus  FROM M_RtpSetting  WHERE Sid = 1   AND State = 1   AND LTG_Code = 4 AND Gid = 40
ConfigData  map[redisPassword:"" redisDB:3 poolname:FA_MEM user:fa_db password:1qaz!QAZ database:FA_MEM redisIp:192.168.88.119 ip:192.168.88.181 port:3306 charset:utf8 redisPort:6379]
SqlString  SELECT RTP,Amount,Bonus  FROM M_RtpSetting  WHERE Sid = 1   AND State = 1   AND LTG_Code = 4 AND Gid = 41
SqlString  SELECT RTP,Amount,Bonus  FROM M_RtpSetting  WHERE Sid = 1   AND State = 1   AND LTG_Code = 5 AND Gid = 38
sqlResult   map[state:0 result: count:0]
[2020-01-02 12:32:35] rtpData ------->   map[result: count:0 state:0] 
[GIN] 2020/01/02 - 12:32:35 | 200 |     2.13381ms |  192.168.66.115 | POST     /getResult
sqlResult   map[result: count:0 state:0]
[2020-01-02 12:32:35] rtpData ------->   map[result: count:0 state:0] 
[GIN] 2020/01/02 - 12:32:35 | 200 |    2.373727ms |  192.168.66.115 | POST     /getResult
sqlResult   map[count:0 state:0 result:]
[2020-01-02 12:32:35] rtpData ------->   map[result: count:0 state:0] 
[GIN] 2020/01/02 - 12:32:35 | 200 |    2.486767ms |  192.168.66.115 | POST     /getResult
[2020-01-02 12:32:35] 自開彩開獎  {202001020753 6 36 true} 
ConfigData  map[port:3306 user:fa_db password:1qaz!QAZ charset:utf8 redisIp:192.168.88.119 redisPort:6379 redisPassword:"" redisDB:3 ip:192.168.88.181 poolname:FA_MEM database:FA_MEM]
SqlString  SELECT RTP,Amount,Bonus  FROM M_RtpSetting  WHERE Sid = 1   AND State = 1   AND LTG_Code = 6 AND Gid = 36
sqlResult   map[result: count:0 state:0]
[2020-01-02 12:32:35] rtpData ------->   map[result: count:0 state:0] 
[GIN] 2020/01/02 - 12:32:35 | 200 |    3.322541ms |  192.168.66.115 | POST     /getResult
[2020-01-02 12:32:39] 自開彩開獎  {202001020753 1 34 true} 
ConfigData  map[redisPort:6379 redisPassword:"" redisDB:3 ip:192.168.88.181 poolname:FA_MEM database:FA_MEM charset:utf8 redisIp:192.168.88.119 port:3306 user:fa_db password:1qaz!QAZ]
SqlString  SELECT RTP,Amount,Bonus  FROM M_RtpSetting  WHERE Sid = 1   AND State = 1   AND LTG_Code = 1 AND Gid = 34
sqlResult   map[state:0 result: count:0]
[2020-01-02 12:32:39] rtpData ------->   map[state:0 result: count:0] 
[GIN] 2020/01/02 - 12:32:39 | 200 |    2.361171ms |  192.168.66.115 | POST     /getResult
[2020-01-02 12:32:40] 自開彩開獎  {202001020251 1 35 true} 
ConfigData  map[port:3306 password:1qaz!QAZ redisIp:192.168.88.119 redisDB:3 ip:192.168.88.181 poolname:FA_MEM user:fa_db database:FA_MEM charset:utf8 redisPort:6379 redisPassword:""]
SqlString  SELECT RTP,Amount,Bonus  FROM M_RtpSetting  WHERE Sid = 1   AND State = 1   AND LTG_Code = 1 AND Gid = 35
sqlResult   map[count:0 state:0 result:]
[2020-01-02 12:32:40] rtpData ------->   map[result: count:0 state:0] 
[GIN] 2020/01/02 - 12:32:40 | 200 |    3.038482ms |  192.168.66.115 | POST     /getResult
[2020-01-02 12:32:41] 自開彩開獎  {202001020753 5 38 true} 
ConfigData  map[poolname:FA_MEM port:3306 user:fa_db password:1qaz!QAZ database:FA_MEM redisIp:192.168.88.119 redisDB:3 ip:192.168.88.181 charset:utf8 redisPort:6379 redisPassword:""]
SqlString  SELECT RTP,Amount,Bonus  FROM M_RtpSetting  WHERE Sid = 1   AND State = 1   AND LTG_Code = 5 AND Gid = 38
[2020-01-02 12:32:41] 自開彩開獎  {202001020251 4 41 true} 
ConfigData  map[user:fa_db database:FA_MEM redisIp:192.168.88.119 redisPort:6379 redisDB:3 ip:192.168.88.181 port:3306 password:1qaz!QAZ charset:utf8 redisPassword:"" poolname:FA_MEM]
SqlString  SELECT RTP,Amount,Bonus  FROM M_RtpSetting  WHERE Sid = 1   AND State = 1   AND LTG_Code = 4 AND Gid = 41
[2020-01-02 12:32:41] 自開彩開獎  {202001020753 4 40 true} 
ConfigData  map[user:fa_db charset:utf8 redisIp:192.168.88.119 redisPort:6379 redisDB:3 ip:192.168.88.181 poolname:FA_MEM port:3306 password:1qaz!QAZ database:FA_MEM redisPassword:""]
SqlString  SELECT RTP,Amount,Bonus  FROM M_RtpSetting  WHERE Sid = 1   AND State = 1   AND LTG_Code = 4 AND Gid = 40
sqlResult   map[result: count:0 state:0]
[2020-01-02 12:32:41] rtpData ------->   map[count:0 state:0 result:] 
sqlResult   map[result: count:0 state:0]
[2020-01-02 12:32:41] rtpData ------->   map[result: count:0 state:0] 
[GIN] 2020/01/02 - 12:32:41 | 200 |     2.24529ms |  192.168.66.115 | POST     /getResult
[GIN] 2020/01/02 - 12:32:41 | 200 |    2.531777ms |  192.168.66.115 | POST     /getResult
sqlResult   map[result: count:0 state:0]
[2020-01-02 12:32:41] rtpData ------->   map[result: count:0 state:0] 
[GIN] 2020/01/02 - 12:32:41 | 200 |    2.430167ms |  192.168.66.115 | POST     /getResult
[2020-01-02 12:32:41] 自開彩開獎  {202001020753 6 36 true} 
ConfigData  map[user:fa_db redisPassword:"" redisDB:3 redisPort:6379 ip:192.168.88.181 poolname:FA_MEM port:3306 password:1qaz!QAZ database:FA_MEM charset:utf8 redisIp:192.168.88.119]
SqlString  SELECT RTP,Amount,Bonus  FROM M_RtpSetting  WHERE Sid = 1   AND State = 1   AND LTG_Code = 6 AND Gid = 36
sqlResult   map[state:0 result: count:0]
[2020-01-02 12:32:41] rtpData ------->   map[result: count:0 state:0] 
[GIN] 2020/01/02 - 12:32:41 | 200 |    2.657252ms |  192.168.66.115 | POST     /getResult
[2020-01-02 12:32:45] 自開彩開獎  {202001020753 1 34 true} 
ConfigData  map[user:fa_db database:FA_MEM charset:utf8 redisPassword:"" redisDB:3 ip:192.168.88.181 poolname:FA_MEM port:3306 password:1qaz!QAZ redisIp:192.168.88.119 redisPort:6379]
SqlString  SELECT RTP,Amount,Bonus  FROM M_RtpSetting  WHERE Sid = 1   AND State = 1   AND LTG_Code = 1 AND Gid = 34
sqlResult   map[result: count:0 state:0]
[2020-01-02 12:32:45] rtpData ------->   map[result: count:0 state:0] 
[GIN] 2020/01/02 - 12:32:45 | 200 |    2.307048ms |  192.168.66.115 | POST     /getResult
[2020-01-02 12:32:46] 自開彩開獎  {202001020251 1 35 true} 
ConfigData  map[redisPort:6379 user:fa_db password:1qaz!QAZ charset:utf8 database:FA_MEM redisIp:192.168.88.119 redisPassword:"" redisDB:3 ip:192.168.88.181 poolname:FA_MEM port:3306]
SqlString  SELECT RTP,Amount,Bonus  FROM M_RtpSetting  WHERE Sid = 1   AND State = 1   AND LTG_Code = 1 AND Gid = 35
sqlResult   map[state:0 result: count:0]
[2020-01-02 12:32:46] rtpData ------->   map[result: count:0 state:0] 
[GIN] 2020/01/02 - 12:32:46 | 200 |     2.92494ms |  192.168.66.115 | POST     /getResult
[2020-01-02 12:32:47] 自開彩開獎  {202001020753 5 38 true} 
ConfigData  map[ip:192.168.88.181 poolname:FA_MEM user:fa_db redisPort:6379 redisDB:3 port:3306 password:1qaz!QAZ database:FA_MEM charset:utf8 redisIp:192.168.88.119 redisPassword:""]
SqlString  SELECT RTP,Amount,Bonus  FROM M_RtpSetting  WHERE Sid = 1   AND State = 1   AND LTG_Code = 5 AND Gid = 38
[2020-01-02 12:32:47] 自開彩開獎  {202001020753 4 40 true} 
[2020-01-02 12:32:47] 自開彩開獎  {202001020251 4 41 true} 
ConfigData  map[poolname:FA_MEM password:1qaz!QAZ database:FA_MEM redisIp:192.168.88.119 redisPort:6379 ip:192.168.88.181 user:fa_db charset:utf8 redisPassword:"" redisDB:3 port:3306]
SqlString  SELECT RTP,Amount,Bonus  FROM M_RtpSetting  WHERE Sid = 1   AND State = 1   AND LTG_Code = 4 AND Gid = 41
ConfigData  map[ip:192.168.88.181 port:3306 user:fa_db password:1qaz!QAZ database:FA_MEM charset:utf8 redisIp:192.168.88.119 poolname:FA_MEM redisPort:6379 redisPassword:"" redisDB:3]
SqlString  SELECT RTP,Amount,Bonus  FROM M_RtpSetting  WHERE Sid = 1   AND State = 1   AND LTG_Code = 4 AND Gid = 40
sqlResult   map[result: count:0 state:0]
[2020-01-02 12:32:47] rtpData ------->   map[result: count:0 state:0] 
[GIN] 2020/01/02 - 12:32:47 | 200 |    2.353634ms |  192.168.66.115 | POST     /getResult
sqlResult   map[result: count:0 state:0]
[2020-01-02 12:32:47] rtpData ------->   map[count:0 state:0 result:] 
[GIN] 2020/01/02 - 12:32:47 | 200 |    2.334396ms |  192.168.66.115 | POST     /getResult
sqlResult   map[result: count:0 state:0]
[2020-01-02 12:32:47] rtpData ------->   map[state:0 result: count:0] 
[GIN] 2020/01/02 - 12:32:47 | 200 |    2.214589ms |  192.168.66.115 | POST     /getResult
[2020-01-02 12:32:47] 自開彩開獎  {202001020753 6 36 true} 
ConfigData  map[redisPort:6379 poolname:FA_MEM port:3306 user:fa_db password:1qaz!QAZ database:FA_MEM charset:utf8 redisIp:192.168.88.119 redisPassword:"" redisDB:3 ip:192.168.88.181]
SqlString  SELECT RTP,Amount,Bonus  FROM M_RtpSetting  WHERE Sid = 1   AND State = 1   AND LTG_Code = 6 AND Gid = 36
sqlResult   map[result: count:0 state:0]
[2020-01-02 12:32:47] rtpData ------->   map[result: count:0 state:0] 
[GIN] 2020/01/02 - 12:32:47 | 200 |    2.746977ms |  192.168.66.115 | POST     /getResult
[2020-01-02 12:32:51] 自開彩開獎  {202001020753 1 34 true} 
ConfigData  map[database:FA_MEM charset:utf8 redisIp:192.168.88.119 redisPort:6379 redisPassword:"" ip:192.168.88.181 user:fa_db password:1qaz!QAZ redisDB:3 poolname:FA_MEM port:3306]
SqlString  SELECT RTP,Amount,Bonus  FROM M_RtpSetting  WHERE Sid = 1   AND State = 1   AND LTG_Code = 1 AND Gid = 34
sqlResult   map[count:0 state:0 result:]
[2020-01-02 12:32:51] rtpData ------->   map[result: count:0 state:0] 
[GIN] 2020/01/02 - 12:32:51 | 200 |    2.283665ms |  192.168.66.115 | POST     /getResult
[2020-01-02 12:32:52] 自開彩開獎  {202001020251 1 35 true} 
ConfigData  map[redisIp:192.168.88.119 redisPort:6379 redisPassword:"" redisDB:3 poolname:FA_MEM port:3306 user:fa_db password:1qaz!QAZ database:FA_MEM charset:utf8 ip:192.168.88.181]
SqlString  SELECT RTP,Amount,Bonus  FROM M_RtpSetting  WHERE Sid = 1   AND State = 1   AND LTG_Code = 1 AND Gid = 35
sqlResult   map[count:0 state:0 result:]
[2020-01-02 12:32:52] rtpData ------->   map[count:0 state:0 result:] 
[GIN] 2020/01/02 - 12:32:52 | 200 |    2.670895ms |  192.168.66.115 | POST     /getResult
[2020-01-02 12:32:53] 自開彩開獎  {202001020753 5 38 true} 
ConfigData  map[redisDB:3 ip:192.168.88.181 port:3306 user:fa_db database:FA_MEM charset:utf8 redisIp:192.168.88.119 poolname:FA_MEM password:1qaz!QAZ redisPort:6379 redisPassword:""]
SqlString  SELECT RTP,Amount,Bonus  FROM M_RtpSetting  WHERE Sid = 1   AND State = 1   AND LTG_Code = 5 AND Gid = 38
[2020-01-02 12:32:53] 自開彩開獎  {202001020753 4 40 true} 
ConfigData  map[user:fa_db charset:utf8 redisPassword:"" port:3306 poolname:FA_MEM password:1qaz!QAZ database:FA_MEM redisIp:192.168.88.119 redisPort:6379 redisDB:3 ip:192.168.88.181]
SqlString  SELECT RTP,Amount,Bonus  FROM M_RtpSetting  WHERE Sid = 1   AND State = 1   AND LTG_Code = 4 AND Gid = 40
[2020-01-02 12:32:53] 自開彩開獎  {202001020251 4 41 true} 
ConfigData  map[database:FA_MEM redisPort:6379 redisPassword:"" redisDB:3 ip:192.168.88.181 port:3306 user:fa_db password:1qaz!QAZ charset:utf8 redisIp:192.168.88.119 poolname:FA_MEM]
SqlString  SELECT RTP,Amount,Bonus  FROM M_RtpSetting  WHERE Sid = 1   AND State = 1   AND LTG_Code = 4 AND Gid = 41
sqlResult   map[result: count:0 state:0]
sqlResult   map[result: count:0 state:0]
[2020-01-02 12:32:53] rtpData ------->   map[state:0 result: count:0] 
[2020-01-02 12:32:53] rtpData ------->   map[result: count:0 state:0] 
[GIN] 2020/01/02 - 12:32:53 | 200 |    2.515727ms |  192.168.66.115 | POST     /getResult
[GIN] 2020/01/02 - 12:32:53 | 200 |    2.307024ms |  192.168.66.115 | POST     /getResult
sqlResult   map[result: count:0 state:0]
[2020-01-02 12:32:53] rtpData ------->   map[result: count:0 state:0] 
[GIN] 2020/01/02 - 12:32:53 | 200 |    2.386949ms |  192.168.66.115 | POST     /getResult
[2020-01-02 12:32:53] 自開彩開獎  {202001020753 6 36 true} 
ConfigData  map[poolname:FA_MEM password:1qaz!QAZ redisPort:6379 redisPassword:"" redisDB:3 ip:192.168.88.181 user:fa_db database:FA_MEM charset:utf8 redisIp:192.168.88.119 port:3306]
SqlString  SELECT RTP,Amount,Bonus  FROM M_RtpSetting  WHERE Sid = 1   AND State = 1   AND LTG_Code = 6 AND Gid = 36
sqlResult   map[count:0 state:0 result:]
[2020-01-02 12:32:53] rtpData ------->   map[state:0 result: count:0] 
[GIN] 2020/01/02 - 12:32:53 | 200 |    2.766479ms |  192.168.66.115 | POST     /getResult
[2020-01-02 12:32:57] 自開彩開獎  {202001020753 1 34 true} 
ConfigData  map[charset:utf8 redisDB:3 ip:192.168.88.181 poolname:FA_MEM user:fa_db password:1qaz!QAZ database:FA_MEM port:3306 redisIp:192.168.88.119 redisPort:6379 redisPassword:""]
SqlString  SELECT RTP,Amount,Bonus  FROM M_RtpSetting  WHERE Sid = 1   AND State = 1   AND LTG_Code = 1 AND Gid = 34
sqlResult   map[result: count:0 state:0]
[2020-01-02 12:32:57] rtpData ------->   map[result: count:0 state:0] 
[GIN] 2020/01/02 - 12:32:57 | 200 |     3.20273ms |  192.168.66.115 | POST     /getResult
[2020-01-02 12:32:58] 自開彩開獎  {202001020251 1 35 true} 
ConfigData  map[user:fa_db redisPort:6379 redisPassword:"" charset:utf8 redisIp:192.168.88.119 redisDB:3 ip:192.168.88.181 poolname:FA_MEM port:3306 password:1qaz!QAZ database:FA_MEM]
SqlString  SELECT RTP,Amount,Bonus  FROM M_RtpSetting  WHERE Sid = 1   AND State = 1   AND LTG_Code = 1 AND Gid = 35
sqlResult   map[state:0 result: count:0]
[2020-01-02 12:32:58] rtpData ------->   map[result: count:0 state:0] 
[GIN] 2020/01/02 - 12:32:58 | 200 |    2.148583ms |  192.168.66.115 | POST     /getResult
[2020-01-02 12:32:59] 自開彩開獎  {202001020753 5 38 true} 
ConfigData  map[database:FA_MEM redisIp:192.168.88.119 redisPassword:"" charset:utf8 redisPort:6379 redisDB:3 ip:192.168.88.181 poolname:FA_MEM port:3306 user:fa_db password:1qaz!QAZ]
SqlString  SELECT RTP,Amount,Bonus  FROM M_RtpSetting  WHERE Sid = 1   AND State = 1   AND LTG_Code = 5 AND Gid = 38
[2020-01-02 12:32:59] 自開彩開獎  {202001020251 4 41 true} 
ConfigData  map[redisDB:3 port:3306 password:1qaz!QAZ charset:utf8 redisIp:192.168.88.119 redisPort:6379 redisPassword:"" ip:192.168.88.181 poolname:FA_MEM user:fa_db database:FA_MEM]
SqlString  SELECT RTP,Amount,Bonus  FROM M_RtpSetting  WHERE Sid = 1   AND State = 1   AND LTG_Code = 4 AND Gid = 41
[2020-01-02 12:32:59] 自開彩開獎  {202001020753 4 40 true} 
ConfigData  map[ip:192.168.88.181 poolname:FA_MEM user:fa_db database:FA_MEM redisPort:6379 redisDB:3 port:3306 password:1qaz!QAZ charset:utf8 redisIp:192.168.88.119 redisPassword:""]
SqlString  SELECT RTP,Amount,Bonus  FROM M_RtpSetting  WHERE Sid = 1   AND State = 1   AND LTG_Code = 4 AND Gid = 40
sqlResult   map[result: count:0 state:0]
[2020-01-02 12:32:59] rtpData ------->   map[result: count:0 state:0] 
[GIN] 2020/01/02 - 12:32:59 | 200 |    2.699072ms |  192.168.66.115 | POST     /getResult
sqlResult   map[result: count:0 state:0]
[2020-01-02 12:32:59] rtpData ------->   map[result: count:0 state:0] 
[GIN] 2020/01/02 - 12:32:59 | 200 |    2.797017ms |  192.168.66.115 | POST     /getResult
sqlResult   map[result: count:0 state:0]
[2020-01-02 12:32:59] rtpData ------->   map[result: count:0 state:0] 
[GIN] 2020/01/02 - 12:32:59 | 200 |    2.911474ms |  192.168.66.115 | POST     /getResult
[2020-01-02 12:32:59] 自開彩開獎  {202001020753 6 36 true} 
ConfigData  map[redisPort:6379 redisPassword:"" redisDB:3 poolname:FA_MEM port:3306 user:fa_db database:FA_MEM redisIp:192.168.88.119 ip:192.168.88.181 password:1qaz!QAZ charset:utf8]
SqlString  SELECT RTP,Amount,Bonus  FROM M_RtpSetting  WHERE Sid = 1   AND State = 1   AND LTG_Code = 6 AND Gid = 36
sqlResult   map[result: count:0 state:0]
[2020-01-02 12:32:59] rtpData ------->   map[state:0 result: count:0] 
[GIN] 2020/01/02 - 12:32:59 | 200 |     2.36306ms |  192.168.66.115 | POST     /getResult
[2020-01-02 12:33:00] 自開彩開獎  {202001020252 6 37 true} 
ConfigData  map[redisPassword:"" ip:192.168.88.181 poolname:FA_MEM port:3306 user:fa_db charset:utf8 redisIp:192.168.88.119 password:1qaz!QAZ database:FA_MEM redisPort:6379 redisDB:3]
SqlString  SELECT RTP,Amount,Bonus  FROM M_RtpSetting  WHERE Sid = 1   AND State = 1   AND LTG_Code = 6 AND Gid = 37
sqlResult   map[result: count:0 state:0]
[2020-01-02 12:33:00] rtpData ------->   map[result: count:0 state:0] 
[GIN] 2020/01/02 - 12:33:00 | 200 |    2.589636ms |  192.168.66.115 | POST     /getResult
[2020-01-02 12:33:01] 自開彩開獎  {202001020754 2 26 true} 
ConfigData  map[ip:192.168.88.181 port:3306 user:fa_db password:1qaz!QAZ redisPort:6379 redisPassword:"" poolname:FA_MEM database:FA_MEM charset:utf8 redisIp:192.168.88.119 redisDB:3]
SqlString  SELECT RTP,Amount,Bonus  FROM M_RtpSetting  WHERE Sid = 1   AND State = 1   AND LTG_Code = 2 AND Gid = 26
[2020-01-02 12:33:01] 自開彩開獎  {20200102252 2 27 true} 
ConfigData  map[ip:192.168.88.181 port:3306 charset:utf8 redisIp:192.168.88.119 redisPassword:"" poolname:FA_MEM user:fa_db password:1qaz!QAZ database:FA_MEM redisPort:6379 redisDB:3]
SqlString  SELECT RTP,Amount,Bonus  FROM M_RtpSetting  WHERE Sid = 1   AND State = 1   AND LTG_Code = 2 AND Gid = 27
sqlResult   map[result:0.9600 count:1 state:1 amount:1.0069588e+06 bonus:908100.71]
[2020-01-02 12:33:01] rtpData ------->   map[result:0.9600 count:1 state:1 amount:1.0069588e+06 bonus:908100.71] 
ConfigData  map[port:3306 user:fa_db password:1qaz!QAZ database:FA_MEM redisDB:3 ip:192.168.88.181 poolname:FA_MEM charset:utf8 redisIp:192.168.88.119 redisPort:6379 redisPassword:""]
SELECT BO_No, BO_OrderNo , BO_User , BO_Issue  , BO_LotteryTypeGroup, BO_LotteryType, BO_Mode, BO_LotteryPlayGroup, BO_LotteryPlay , BO_LotteryContent, BO_Price, BO_RealPrice, BO_Unit, BO_Multiple , BO_BetCount  , BO_Winnings, BO_Winnings2, BO_Winnings3, BO_WinningLimit  , BO_Water , BO_BW_SourceUserId, BO_BW_BackWater, BO_BW_LimitBetCount, BO_BW_MaxAmount, BO_BW_AuditMultiple  , BO_Odds, BO_Odds2, BO_Odds3 , BO_Type, BO_Chase , BO_OpenResult, BO_OpenResult2, BO_DateDraw, BO_DateDraw2, BO_DateUpdate  FROM TS_BetOrder  WHERE BO_Cancel = 0   AND BO_CancelBackend = 0   AND BO_LotteryTypeGroup = 2 AND BO_LotteryType = 26 AND BO_Issue = 202001020754 AND BO_Collect = 0 ORDER BY BO_DateDraw ASC, BO_DateCreate ASC, BO_DateUpdate ASC, BO_No ASC ;
sqlResult   map[result:0.9600 count:1 state:1 amount:105208 bonus:58491.69]
[2020-01-02 12:33:01] rtpData ------->   map[result:0.9600 count:1 state:1 amount:105208 bonus:58491.69] 
ConfigData  map[redisDB:3 ip:192.168.88.181 port:3306 charset:utf8 redisIp:192.168.88.119 redisPort:6379 redisPassword:"" poolname:FA_MEM user:fa_db password:1qaz!QAZ database:FA_MEM]
SELECT BO_No, BO_OrderNo , BO_User , BO_Issue  , BO_LotteryTypeGroup, BO_LotteryType, BO_Mode, BO_LotteryPlayGroup, BO_LotteryPlay , BO_LotteryContent, BO_Price, BO_RealPrice, BO_Unit, BO_Multiple , BO_BetCount  , BO_Winnings, BO_Winnings2, BO_Winnings3, BO_WinningLimit  , BO_Water , BO_BW_SourceUserId, BO_BW_BackWater, BO_BW_LimitBetCount, BO_BW_MaxAmount, BO_BW_AuditMultiple  , BO_Odds, BO_Odds2, BO_Odds3 , BO_Type, BO_Chase , BO_OpenResult, BO_OpenResult2, BO_DateDraw, BO_DateDraw2, BO_DateUpdate  FROM TS_BetOrder  WHERE BO_Cancel = 0   AND BO_CancelBackend = 0   AND BO_LotteryTypeGroup = 2 AND BO_LotteryType = 27 AND BO_Issue = 20200102252 AND BO_Collect = 0 ORDER BY BO_DateDraw ASC, BO_DateCreate ASC, BO_DateUpdate ASC, BO_No ASC ;
[2020-01-02 12:33:01] LottteryTypeGroup 2 
[2020-01-02 12:33:01] 有期號 但無注單 -------> map[amount:0 bonus:0 thisOpenResult:[7 4 5 4 2]] 
[GIN] 2020/01/02 - 12:33:01 | 200 |    5.561429ms |  192.168.66.115 | POST     /getResult
[2020-01-02 12:33:01] LottteryTypeGroup 2 
[2020-01-02 12:33:01] 有期號 但無注單 -------> map[amount:0 bonus:0 thisOpenResult:[9 1 7 3 1]] 
[GIN] 2020/01/02 - 12:33:01 | 200 |    6.416784ms |  192.168.66.115 | POST     /getResult
[2020-01-02 12:33:03] 自開彩開獎  {202001020753 1 34 true} 
ConfigData  map[ip:192.168.88.181 port:3306 password:1qaz!QAZ database:FA_MEM redisPassword:"" redisDB:3 poolname:FA_MEM user:fa_db charset:utf8 redisIp:192.168.88.119 redisPort:6379]
SqlString  SELECT RTP,Amount,Bonus  FROM M_RtpSetting  WHERE Sid = 1   AND State = 1   AND LTG_Code = 1 AND Gid = 34
sqlResult   map[result: count:0 state:0]
[2020-01-02 12:33:03] rtpData ------->   map[state:0 result: count:0] 
[GIN] 2020/01/02 - 12:33:03 | 200 |     2.36964ms |  192.168.66.115 | POST     /getResult
[2020-01-02 12:33:04] 自開彩開獎  {202001020251 1 35 true} 
ConfigData  map[poolname:FA_MEM port:3306 user:fa_db redisIp:192.168.88.119 redisPort:6379 redisDB:3 ip:192.168.88.181 password:1qaz!QAZ database:FA_MEM charset:utf8 redisPassword:""]
SqlString  SELECT RTP,Amount,Bonus  FROM M_RtpSetting  WHERE Sid = 1   AND State = 1   AND LTG_Code = 1 AND Gid = 35
sqlResult   map[state:0 result: count:0]
[2020-01-02 12:33:04] rtpData ------->   map[result: count:0 state:0] 
[GIN] 2020/01/02 - 12:33:04 | 200 |    2.552002ms |  192.168.66.115 | POST     /getResult
[2020-01-02 12:33:05] 自開彩開獎  {202001020753 5 38 true} 
ConfigData  map[redisIp:192.168.88.119 charset:utf8 poolname:FA_MEM port:3306 user:fa_db password:1qaz!QAZ database:FA_MEM redisPort:6379 redisPassword:"" ip:192.168.88.181 redisDB:3]
SqlString  SELECT RTP,Amount,Bonus  FROM M_RtpSetting  WHERE Sid = 1   AND State = 1   AND LTG_Code = 5 AND Gid = 38
[2020-01-02 12:33:05] 自開彩開獎  {202001020753 4 40 true} 
ConfigData  map[password:1qaz!QAZ database:FA_MEM redisIp:192.168.88.119 redisPort:6379 redisDB:3 poolname:FA_MEM port:3306 user:fa_db charset:utf8 redisPassword:"" ip:192.168.88.181]
SqlString  SELECT RTP,Amount,Bonus  FROM M_RtpSetting  WHERE Sid = 1   AND State = 1   AND LTG_Code = 4 AND Gid = 40
[2020-01-02 12:33:05] 自開彩開獎  {202001020251 4 41 true} 
ConfigData  map[poolname:FA_MEM port:3306 user:fa_db password:1qaz!QAZ charset:utf8 ip:192.168.88.181 redisIp:192.168.88.119 redisPort:6379 redisPassword:"" redisDB:3 database:FA_MEM]
SqlString  SELECT RTP,Amount,Bonus  FROM M_RtpSetting  WHERE Sid = 1   AND State = 1   AND LTG_Code = 4 AND Gid = 41
sqlResult   map[count:0 state:0 result:]
[2020-01-02 12:33:05] rtpData ------->   map[result: count:0 state:0] 
[GIN] 2020/01/02 - 12:33:05 | 200 |    2.221191ms |  192.168.66.115 | POST     /getResult
sqlResult   map[result: count:0 state:0]
[2020-01-02 12:33:05] rtpData ------->   map[count:0 state:0 result:] 
[GIN] 2020/01/02 - 12:33:05 | 200 |    2.206992ms |  192.168.66.115 | POST     /getResult
sqlResult   map[result: count:0 state:0]
[2020-01-02 12:33:05] rtpData ------->   map[result: count:0 state:0] 
[GIN] 2020/01/02 - 12:33:05 | 200 |     2.29256ms |  192.168.66.115 | POST     /getResult
[2020-01-02 12:33:05] 自開彩開獎  {202001020753 6 36 true} 
ConfigData  map[database:FA_MEM charset:utf8 redisPort:6379 redisDB:3 ip:192.168.88.181 poolname:FA_MEM password:1qaz!QAZ redisIp:192.168.88.119 redisPassword:"" port:3306 user:fa_db]
SqlString  SELECT RTP,Amount,Bonus  FROM M_RtpSetting  WHERE Sid = 1   AND State = 1   AND LTG_Code = 6 AND Gid = 36
sqlResult   map[result: count:0 state:0]
[2020-01-02 12:33:05] rtpData ------->   map[result: count:0 state:0] 
[GIN] 2020/01/02 - 12:33:05 | 200 |     2.97269ms |  192.168.66.115 | POST     /getResult
[2020-01-02 12:33:06] 自開彩開獎  {202001020252 6 37 true} 
ConfigData  map[redisDB:3 ip:192.168.88.181 port:3306 user:fa_db password:1qaz!QAZ database:FA_MEM redisPort:6379 poolname:FA_MEM charset:utf8 redisIp:192.168.88.119 redisPassword:""]
SqlString  SELECT RTP,Amount,Bonus  FROM M_RtpSetting  WHERE Sid = 1   AND State = 1   AND LTG_Code = 6 AND Gid = 37
sqlResult   map[result: count:0 state:0]
[2020-01-02 12:33:06] rtpData ------->   map[result: count:0 state:0] 
[GIN] 2020/01/02 - 12:33:06 | 200 |    2.751937ms |  192.168.66.115 | POST     /getResult
[2020-01-02 12:33:09] 自開彩開獎  {202001020754 1 34 true} 
ConfigData  map[ip:192.168.88.181 poolname:FA_MEM user:fa_db redisIp:192.168.88.119 redisPort:6379 port:3306 password:1qaz!QAZ database:FA_MEM charset:utf8 redisPassword:"" redisDB:3]
SqlString  SELECT RTP,Amount,Bonus  FROM M_RtpSetting  WHERE Sid = 1   AND State = 1   AND LTG_Code = 1 AND Gid = 34
sqlResult   map[result: count:0 state:0]
[2020-01-02 12:33:09] rtpData ------->   map[result: count:0 state:0] 
[GIN] 2020/01/02 - 12:33:09 | 200 |    2.309553ms |  192.168.66.115 | POST     /getResult
[2020-01-02 12:33:10] 自開彩開獎  {202001020252 1 35 true} 
ConfigData  map[redisPort:6379 redisPassword:"" redisDB:3 poolname:FA_MEM port:3306 user:fa_db charset:utf8 ip:192.168.88.181 password:1qaz!QAZ database:FA_MEM redisIp:192.168.88.119]
SqlString  SELECT RTP,Amount,Bonus  FROM M_RtpSetting  WHERE Sid = 1   AND State = 1   AND LTG_Code = 1 AND Gid = 35
sqlResult   map[result: count:0 state:0]
[2020-01-02 12:33:10] rtpData ------->   map[result: count:0 state:0] 
[GIN] 2020/01/02 - 12:33:10 | 200 |     2.29845ms |  192.168.66.115 | POST     /getResult
[2020-01-02 12:33:11] 自開彩開獎  {202001020754 5 38 true} 
ConfigData  map[poolname:FA_MEM port:3306 user:fa_db password:1qaz!QAZ ip:192.168.88.181 database:FA_MEM charset:utf8 redisIp:192.168.88.119 redisPort:6379 redisPassword:"" redisDB:3]
SqlString  SELECT RTP,Amount,Bonus  FROM M_RtpSetting  WHERE Sid = 1   AND State = 1   AND LTG_Code = 5 AND Gid = 38
[2020-01-02 12:33:11] 自開彩開獎  {202001020754 4 40 true} 
ConfigData  map[port:3306 database:FA_MEM charset:utf8 ip:192.168.88.181 poolname:FA_MEM redisIp:192.168.88.119 redisPort:6379 redisPassword:"" redisDB:3 user:fa_db password:1qaz!QAZ]
SqlString  SELECT RTP,Amount,Bonus  FROM M_RtpSetting  WHERE Sid = 1   AND State = 1   AND LTG_Code = 4 AND Gid = 40
sqlResult   map[result: count:0 state:0]
[2020-01-02 12:33:11] rtpData ------->   map[result: count:0 state:0] 
[GIN] 2020/01/02 - 12:33:11 | 200 |    2.218421ms |  192.168.66.115 | POST     /getResult
sqlResult   map[state:0 result: count:0]
[2020-01-02 12:33:11] rtpData ------->   map[result: count:0 state:0] 
[GIN] 2020/01/02 - 12:33:11 | 200 |     2.61191ms |  192.168.66.115 | POST     /getResult
[2020-01-02 12:33:11] 自開彩開獎  {202001020252 4 41 true} 
ConfigData  map[ip:192.168.88.181 password:1qaz!QAZ database:FA_MEM charset:utf8 redisIp:192.168.88.119 redisPassword:"" poolname:FA_MEM port:3306 user:fa_db redisPort:6379 redisDB:3]
SqlString  SELECT RTP,Amount,Bonus  FROM M_RtpSetting  WHERE Sid = 1   AND State = 1   AND LTG_Code = 4 AND Gid = 41
sqlResult   map[result: count:0 state:0]
[2020-01-02 12:33:11] rtpData ------->   map[result: count:0 state:0] 
[GIN] 2020/01/02 - 12:33:11 | 200 |    2.325878ms |  192.168.66.115 | POST     /getResult
[2020-01-02 12:33:11] 自開彩開獎  {202001020754 6 36 true} 
ConfigData  map[ip:192.168.88.181 poolname:FA_MEM user:fa_db database:FA_MEM redisPassword:"" redisDB:3 port:3306 password:1qaz!QAZ charset:utf8 redisIp:192.168.88.119 redisPort:6379]
SqlString  SELECT RTP,Amount,Bonus  FROM M_RtpSetting  WHERE Sid = 1   AND State = 1   AND LTG_Code = 6 AND Gid = 36
sqlResult   map[count:0 state:0 result:]
[2020-01-02 12:33:11] rtpData ------->   map[result: count:0 state:0] 
[GIN] 2020/01/02 - 12:33:11 | 200 |    2.939093ms |  192.168.66.115 | POST     /getResult
[2020-01-02 12:33:12] 自開彩開獎  {202001020252 6 37 true} 
ConfigData  map[poolname:FA_MEM user:fa_db redisIp:192.168.88.119 redisPassword:"" redisDB:3 ip:192.168.88.181 port:3306 password:1qaz!QAZ database:FA_MEM charset:utf8 redisPort:6379]
SqlString  SELECT RTP,Amount,Bonus  FROM M_RtpSetting  WHERE Sid = 1   AND State = 1   AND LTG_Code = 6 AND Gid = 37
sqlResult   map[result: count:0 state:0]
[2020-01-02 12:33:12] rtpData ------->   map[count:0 state:0 result:] 
[GIN] 2020/01/02 - 12:33:12 | 200 |    2.041371ms |  192.168.66.115 | POST     /getResult
[2020-01-02 12:33:15] 自開彩開獎  {202001020754 1 34 true} 
ConfigData  map[redisPassword:"" ip:192.168.88.181 poolname:FA_MEM user:fa_db database:FA_MEM charset:utf8 redisPort:6379 port:3306 password:1qaz!QAZ redisIp:192.168.88.119 redisDB:3]
SqlString  SELECT RTP,Amount,Bonus  FROM M_RtpSetting  WHERE Sid = 1   AND State = 1   AND LTG_Code = 1 AND Gid = 34
sqlResult   map[result: count:0 state:0]
[2020-01-02 12:33:15] rtpData ------->   map[result: count:0 state:0] 
[GIN] 2020/01/02 - 12:33:15 | 200 |    2.584279ms |  192.168.66.115 | POST     /getResult
[2020-01-02 12:33:16] 自開彩開獎  {202001020252 1 35 true} 
ConfigData  map[user:fa_db charset:utf8 database:FA_MEM redisIp:192.168.88.119 redisPort:6379 redisPassword:"" ip:192.168.88.181 poolname:FA_MEM port:3306 password:1qaz!QAZ redisDB:3]
SqlString  SELECT RTP,Amount,Bonus  FROM M_RtpSetting  WHERE Sid = 1   AND State = 1   AND LTG_Code = 1 AND Gid = 35
sqlResult   map[result: count:0 state:0]
[2020-01-02 12:33:16] rtpData ------->   map[count:0 state:0 result:] 
[GIN] 2020/01/02 - 12:33:16 | 200 |    3.184551ms |  192.168.66.115 | POST     /getResult
[2020-01-02 12:33:17] 自開彩開獎  {202001020754 5 38 true} 
ConfigData  map[redisPassword:"" poolname:FA_MEM user:fa_db password:1qaz!QAZ database:FA_MEM charset:utf8 redisIp:192.168.88.119 redisPort:6379 ip:192.168.88.181 port:3306 redisDB:3]
SqlString  SELECT RTP,Amount,Bonus  FROM M_RtpSetting  WHERE Sid = 1   AND State = 1   AND LTG_Code = 5 AND Gid = 38
[2020-01-02 12:33:17] 自開彩開獎  {202001020754 4 40 true} 
ConfigData  map[redisIp:192.168.88.119 redisPort:6379 redisPassword:"" user:fa_db password:1qaz!QAZ charset:utf8 database:FA_MEM redisDB:3 ip:192.168.88.181 poolname:FA_MEM port:3306]
SqlString  SELECT RTP,Amount,Bonus  FROM M_RtpSetting  WHERE Sid = 1   AND State = 1   AND LTG_Code = 4 AND Gid = 40
sqlResult   map[result: count:0 state:0]
[2020-01-02 12:33:17] rtpData ------->   map[result: count:0 state:0] 
sqlResult   map[result: count:0 state:0]
[2020-01-02 12:33:17] rtpData ------->   map[state:0 result: count:0] 
[GIN] 2020/01/02 - 12:33:17 | 200 |    2.512124ms |  192.168.66.115 | POST     /getResult
[GIN] 2020/01/02 - 12:33:17 | 200 |    2.638218ms |  192.168.66.115 | POST     /getResult
[2020-01-02 12:33:17] 自開彩開獎  {202001020252 4 41 true} 
ConfigData  map[password:1qaz!QAZ redisIp:192.168.88.119 redisPort:6379 redisPassword:"" ip:192.168.88.181 poolname:FA_MEM port:3306 user:fa_db database:FA_MEM charset:utf8 redisDB:3]
SqlString  SELECT RTP,Amount,Bonus  FROM M_RtpSetting  WHERE Sid = 1   AND State = 1   AND LTG_Code = 4 AND Gid = 41
sqlResult   map[result: count:0 state:0]
[2020-01-02 12:33:17] rtpData ------->   map[result: count:0 state:0] 
[GIN] 2020/01/02 - 12:33:17 | 200 |    3.466727ms |  192.168.66.115 | POST     /getResult
[2020-01-02 12:33:17] 自開彩開獎  {202001020754 6 36 true} 
ConfigData  map[user:fa_db charset:utf8 redisDB:3 database:FA_MEM redisIp:192.168.88.119 redisPort:6379 redisPassword:"" ip:192.168.88.181 poolname:FA_MEM port:3306 password:1qaz!QAZ]
SqlString  SELECT RTP,Amount,Bonus  FROM M_RtpSetting  WHERE Sid = 1   AND State = 1   AND LTG_Code = 6 AND Gid = 36
sqlResult   map[state:0 result: count:0]
[2020-01-02 12:33:17] rtpData ------->   map[result: count:0 state:0] 
[GIN] 2020/01/02 - 12:33:17 | 200 |    2.243748ms |  192.168.66.115 | POST     /getResult
[2020-01-02 12:33:18] 自開彩開獎  {202001020252 6 37 true} 
ConfigData  map[user:fa_db redisIp:192.168.88.119 redisPort:6379 redisDB:3 database:FA_MEM charset:utf8 redisPassword:"" ip:192.168.88.181 poolname:FA_MEM port:3306 password:1qaz!QAZ]
SqlString  SELECT RTP,Amount,Bonus  FROM M_RtpSetting  WHERE Sid = 1   AND State = 1   AND LTG_Code = 6 AND Gid = 37
sqlResult   map[state:0 result: count:0]
[2020-01-02 12:33:18] rtpData ------->   map[result: count:0 state:0] 
[GIN] 2020/01/02 - 12:33:18 | 200 |    2.709385ms |  192.168.66.115 | POST     /getResult
[2020-01-02 12:33:21] 自開彩開獎  {202001020754 1 34 true} 
ConfigData  map[redisDB:3 poolname:FA_MEM charset:utf8 redisIp:192.168.88.119 redisPort:6379 database:FA_MEM redisPassword:"" ip:192.168.88.181 port:3306 user:fa_db password:1qaz!QAZ]
SqlString  SELECT RTP,Amount,Bonus  FROM M_RtpSetting  WHERE Sid = 1   AND State = 1   AND LTG_Code = 1 AND Gid = 34
sqlResult   map[result: count:0 state:0]
[2020-01-02 12:33:21] rtpData ------->   map[state:0 result: count:0] 
[GIN] 2020/01/02 - 12:33:21 | 200 |    2.386717ms |  192.168.66.115 | POST     /getResult
[2020-01-02 12:33:22] 自開彩開獎  {202001020252 1 35 true} 
ConfigData  map[poolname:FA_MEM user:fa_db password:1qaz!QAZ redisPort:6379 redisDB:3 redisPassword:"" ip:192.168.88.181 port:3306 database:FA_MEM charset:utf8 redisIp:192.168.88.119]
SqlString  SELECT RTP,Amount,Bonus  FROM M_RtpSetting  WHERE Sid = 1   AND State = 1   AND LTG_Code = 1 AND Gid = 35
sqlResult   map[result: count:0 state:0]
[2020-01-02 12:33:22] rtpData ------->   map[result: count:0 state:0] 
[GIN] 2020/01/02 - 12:33:22 | 200 |    2.350211ms |  192.168.66.115 | POST     /getResult
[2020-01-02 12:33:23] 自開彩開獎  {202001020754 5 38 true} 
ConfigData  map[charset:utf8 redisDB:3 port:3306 user:fa_db password:1qaz!QAZ database:FA_MEM redisIp:192.168.88.119 redisPort:6379 redisPassword:"" ip:192.168.88.181 poolname:FA_MEM]
SqlString  SELECT RTP,Amount,Bonus  FROM M_RtpSetting  WHERE Sid = 1   AND State = 1   AND LTG_Code = 5 AND Gid = 38
[2020-01-02 12:33:23] 自開彩開獎  {202001020754 4 40 true} 
ConfigData  map[poolname:FA_MEM port:3306 user:fa_db password:1qaz!QAZ database:FA_MEM charset:utf8 redisPort:6379 ip:192.168.88.181 redisDB:3 redisPassword:"" redisIp:192.168.88.119]
SqlString  SELECT RTP,Amount,Bonus  FROM M_RtpSetting  WHERE Sid = 1   AND State = 1   AND LTG_Code = 4 AND Gid = 40
sqlResult   map[result: count:0 state:0]
[2020-01-02 12:33:23] rtpData ------->   map[result: count:0 state:0] 
[GIN] 2020/01/02 - 12:33:23 | 200 |     1.90073ms |  192.168.66.115 | POST     /getResult
sqlResult   map[result: count:0 state:0]
[2020-01-02 12:33:23] rtpData ------->   map[result: count:0 state:0] 
[GIN] 2020/01/02 - 12:33:23 | 200 |    2.218433ms |  192.168.66.115 | POST     /getResult
[2020-01-02 12:33:23] 自開彩開獎  {202001020252 4 41 true} 
ConfigData  map[redisPort:6379 ip:192.168.88.181 poolname:FA_MEM password:1qaz!QAZ database:FA_MEM charset:utf8 redisIp:192.168.88.119 redisPassword:"" redisDB:3 port:3306 user:fa_db]
SqlString  SELECT RTP,Amount,Bonus  FROM M_RtpSetting  WHERE Sid = 1   AND State = 1   AND LTG_Code = 4 AND Gid = 41
sqlResult   map[result: count:0 state:0]
[2020-01-02 12:33:23] rtpData ------->   map[result: count:0 state:0] 
[GIN] 2020/01/02 - 12:33:23 | 200 |    1.898817ms |  192.168.66.115 | POST     /getResult
[2020-01-02 12:33:23] 自開彩開獎  {202001020754 6 36 true} 
ConfigData  map[database:FA_MEM redisIp:192.168.88.119 redisPort:6379 redisDB:3 ip:192.168.88.181 poolname:FA_MEM password:1qaz!QAZ charset:utf8 redisPassword:"" port:3306 user:fa_db]
SqlString  SELECT RTP,Amount,Bonus  FROM M_RtpSetting  WHERE Sid = 1   AND State = 1   AND LTG_Code = 6 AND Gid = 36
sqlResult   map[result: count:0 state:0]
[2020-01-02 12:33:23] rtpData ------->   map[state:0 result: count:0] 
[GIN] 2020/01/02 - 12:33:23 | 200 |    3.011247ms |  192.168.66.115 | POST     /getResult
[2020-01-02 12:33:24] 自開彩開獎  {202001020252 6 37 true} 
ConfigData  map[ip:192.168.88.181 port:3306 redisIp:192.168.88.119 redisPort:6379 charset:utf8 redisPassword:"" redisDB:3 poolname:FA_MEM user:fa_db password:1qaz!QAZ database:FA_MEM]
SqlString  SELECT RTP,Amount,Bonus  FROM M_RtpSetting  WHERE Sid = 1   AND State = 1   AND LTG_Code = 6 AND Gid = 37
sqlResult   map[result: count:0 state:0]
[2020-01-02 12:33:24] rtpData ------->   map[result: count:0 state:0] 
[GIN] 2020/01/02 - 12:33:24 | 200 |    2.155635ms |  192.168.66.115 | POST     /getResult
[2020-01-02 12:33:27] 自開彩開獎  {202001020754 1 34 true} 
ConfigData  map[port:3306 user:fa_db database:FA_MEM redisIp:192.168.88.119 ip:192.168.88.181 poolname:FA_MEM password:1qaz!QAZ charset:utf8 redisPort:6379 redisPassword:"" redisDB:3]
SqlString  SELECT RTP,Amount,Bonus  FROM M_RtpSetting  WHERE Sid = 1   AND State = 1   AND LTG_Code = 1 AND Gid = 34
sqlResult   map[result: count:0 state:0]
[2020-01-02 12:33:27] rtpData ------->   map[result: count:0 state:0] 
[GIN] 2020/01/02 - 12:33:27 | 200 |    2.276056ms |  192.168.66.115 | POST     /getResult
[2020-01-02 12:33:28] 自開彩開獎  {202001020252 1 35 true} 
ConfigData  map[redisPort:6379 redisPassword:"" redisDB:3 port:3306 user:fa_db password:1qaz!QAZ database:FA_MEM charset:utf8 redisIp:192.168.88.119 ip:192.168.88.181 poolname:FA_MEM]
SqlString  SELECT RTP,Amount,Bonus  FROM M_RtpSetting  WHERE Sid = 1   AND State = 1   AND LTG_Code = 1 AND Gid = 35
sqlResult   map[result: count:0 state:0]
[2020-01-02 12:33:28] rtpData ------->   map[state:0 result: count:0] 
[GIN] 2020/01/02 - 12:33:28 | 200 |    2.941552ms |  192.168.66.115 | POST     /getResult
[2020-01-02 12:33:29] 自開彩開獎  {202001020754 5 38 true} 
ConfigData  map[port:3306 password:1qaz!QAZ database:FA_MEM redisIp:192.168.88.119 redisPassword:"" ip:192.168.88.181 poolname:FA_MEM user:fa_db charset:utf8 redisPort:6379 redisDB:3]
SqlString  SELECT RTP,Amount,Bonus  FROM M_RtpSetting  WHERE Sid = 1   AND State = 1   AND LTG_Code = 5 AND Gid = 38
[2020-01-02 12:33:29] 自開彩開獎  {202001020754 4 40 true} 
ConfigData  map[poolname:FA_MEM password:1qaz!QAZ redisIp:192.168.88.119 redisDB:3 ip:192.168.88.181 port:3306 user:fa_db database:FA_MEM charset:utf8 redisPort:6379 redisPassword:""]
SqlString  SELECT RTP,Amount,Bonus  FROM M_RtpSetting  WHERE Sid = 1   AND State = 1   AND LTG_Code = 4 AND Gid = 40
sqlResult   map[state:0 result: count:0]
[2020-01-02 12:33:29] rtpData ------->   map[result: count:0 state:0] 
[GIN] 2020/01/02 - 12:33:29 | 200 |    2.255016ms |  192.168.66.115 | POST     /getResult
sqlResult   map[result: count:0 state:0]
[2020-01-02 12:33:29] rtpData ------->   map[state:0 result: count:0] 
[GIN] 2020/01/02 - 12:33:29 | 200 |    2.336749ms |  192.168.66.115 | POST     /getResult
[2020-01-02 12:33:29] 自開彩開獎  {202001020252 4 41 true} 
ConfigData  map[ip:192.168.88.181 port:3306 user:fa_db password:1qaz!QAZ redisIp:192.168.88.119 redisPassword:"" poolname:FA_MEM database:FA_MEM charset:utf8 redisPort:6379 redisDB:3]
SqlString  SELECT RTP,Amount,Bonus  FROM M_RtpSetting  WHERE Sid = 1   AND State = 1   AND LTG_Code = 4 AND Gid = 41
sqlResult   map[result: count:0 state:0]
[2020-01-02 12:33:29] rtpData ------->   map[result: count:0 state:0] 
[GIN] 2020/01/02 - 12:33:29 | 200 |    2.118798ms |  192.168.66.115 | POST     /getResult
[2020-01-02 12:33:29] 自開彩開獎  {202001020754 6 36 true} 
ConfigData  map[redisDB:3 ip:192.168.88.181 user:fa_db password:1qaz!QAZ redisIp:192.168.88.119 redisPort:6379 poolname:FA_MEM port:3306 database:FA_MEM charset:utf8 redisPassword:""]
SqlString  SELECT RTP,Amount,Bonus  FROM M_RtpSetting  WHERE Sid = 1   AND State = 1   AND LTG_Code = 6 AND Gid = 36
sqlResult   map[result: count:0 state:0]
[2020-01-02 12:33:29] rtpData ------->   map[result: count:0 state:0] 
[GIN] 2020/01/02 - 12:33:29 | 200 |    2.391371ms |  192.168.66.115 | POST     /getResult
[2020-01-02 12:33:30] 自開彩開獎  {202001020252 6 37 true} 
ConfigData  map[redisIp:192.168.88.119 redisPort:6379 redisPassword:"" redisDB:3 poolname:FA_MEM port:3306 database:FA_MEM charset:utf8 ip:192.168.88.181 user:fa_db password:1qaz!QAZ]
SqlString  SELECT RTP,Amount,Bonus  FROM M_RtpSetting  WHERE Sid = 1   AND State = 1   AND LTG_Code = 6 AND Gid = 37
sqlResult   map[result: count:0 state:0]
[2020-01-02 12:33:30] rtpData ------->   map[state:0 result: count:0] 
[GIN] 2020/01/02 - 12:33:30 | 200 |    3.134311ms |  192.168.66.115 | POST     /getResult
[2020-01-02 12:33:33] 自開彩開獎  {202001020754 1 34 true} 
ConfigData  map[redisPassword:"" ip:192.168.88.181 port:3306 password:1qaz!QAZ database:FA_MEM charset:utf8 redisIp:192.168.88.119 poolname:FA_MEM user:fa_db redisPort:6379 redisDB:3]
SqlString  SELECT RTP,Amount,Bonus  FROM M_RtpSetting  WHERE Sid = 1   AND State = 1   AND LTG_Code = 1 AND Gid = 34
sqlResult   map[result: count:0 state:0]
[2020-01-02 12:33:33] rtpData ------->   map[state:0 result: count:0] 
[GIN] 2020/01/02 - 12:33:33 | 200 |    6.021137ms |  192.168.66.115 | POST     /getResult
[2020-01-02 12:33:34] 自開彩開獎  {202001020252 1 35 true} 
ConfigData  map[port:3306 password:1qaz!QAZ redisIp:192.168.88.119 redisPort:6379 redisPassword:"" redisDB:3 ip:192.168.88.181 poolname:FA_MEM user:fa_db database:FA_MEM charset:utf8]
SqlString  SELECT RTP,Amount,Bonus  FROM M_RtpSetting  WHERE Sid = 1   AND State = 1   AND LTG_Code = 1 AND Gid = 35
sqlResult   map[result: count:0 state:0]
[2020-01-02 12:33:34] rtpData ------->   map[state:0 result: count:0] 
[GIN] 2020/01/02 - 12:33:34 | 200 |    3.256753ms |  192.168.66.115 | POST     /getResult
[2020-01-02 12:33:35] 自開彩開獎  {202001020754 4 40 true} 
ConfigData  map[poolname:FA_MEM user:fa_db charset:utf8 redisIp:192.168.88.119 redisPort:6379 redisPassword:"" ip:192.168.88.181 password:1qaz!QAZ database:FA_MEM redisDB:3 port:3306]
SqlString  SELECT RTP,Amount,Bonus  FROM M_RtpSetting  WHERE Sid = 1   AND State = 1   AND LTG_Code = 4 AND Gid = 40
[2020-01-02 12:33:35] 自開彩開獎  {202001020754 5 38 true} 
ConfigData  map[charset:utf8 redisIp:192.168.88.119 redisPort:6379 ip:192.168.88.181 poolname:FA_MEM port:3306 user:fa_db password:1qaz!QAZ redisDB:3 database:FA_MEM redisPassword:""]
SqlString  SELECT RTP,Amount,Bonus  FROM M_RtpSetting  WHERE Sid = 1   AND State = 1   AND LTG_Code = 5 AND Gid = 38
sqlResult   map[result: count:0 state:0]
[2020-01-02 12:33:35] rtpData ------->   map[result: count:0 state:0] 
sqlResult   map[count:0 state:0 result:]
[GIN] 2020/01/02 - 12:33:35 | 200 |    2.897317ms |  192.168.66.115 | POST     /getResult
[2020-01-02 12:33:35] rtpData ------->   map[result: count:0 state:0] 
[GIN] 2020/01/02 - 12:33:35 | 200 |    2.938169ms |  192.168.66.115 | POST     /getResult
[2020-01-02 12:33:35] 自開彩開獎  {202001020252 4 41 true} 
ConfigData  map[password:1qaz!QAZ database:FA_MEM charset:utf8 redisIp:192.168.88.119 port:3306 user:fa_db redisPort:6379 redisPassword:"" redisDB:3 ip:192.168.88.181 poolname:FA_MEM]
SqlString  SELECT RTP,Amount,Bonus  FROM M_RtpSetting  WHERE Sid = 1   AND State = 1   AND LTG_Code = 4 AND Gid = 41
sqlResult   map[result: count:0 state:0]
[2020-01-02 12:33:35] rtpData ------->   map[result: count:0 state:0] 
[GIN] 2020/01/02 - 12:33:35 | 200 |    6.344407ms |  192.168.66.115 | POST     /getResult
[2020-01-02 12:33:35] 自開彩開獎  {202001020754 6 36 true} 
ConfigData  map[port:3306 user:fa_db redisIp:192.168.88.119 redisPassword:"" redisDB:3 ip:192.168.88.181 poolname:FA_MEM password:1qaz!QAZ database:FA_MEM charset:utf8 redisPort:6379]
SqlString  SELECT RTP,Amount,Bonus  FROM M_RtpSetting  WHERE Sid = 1   AND State = 1   AND LTG_Code = 6 AND Gid = 36
sqlResult   map[state:0 result: count:0]
[2020-01-02 12:33:35] rtpData ------->   map[result: count:0 state:0] 
[GIN] 2020/01/02 - 12:33:35 | 200 |    2.954337ms |  192.168.66.115 | POST     /getResult
[2020-01-02 12:33:36] 自開彩開獎  {202001020252 6 37 true} 
ConfigData  map[port:3306 user:fa_db charset:utf8 redisPort:6379 redisDB:3 poolname:FA_MEM password:1qaz!QAZ database:FA_MEM redisIp:192.168.88.119 redisPassword:"" ip:192.168.88.181]
SqlString  SELECT RTP,Amount,Bonus  FROM M_RtpSetting  WHERE Sid = 1   AND State = 1   AND LTG_Code = 6 AND Gid = 37
sqlResult   map[result: count:0 state:0]
[2020-01-02 12:33:36] rtpData ------->   map[result: count:0 state:0] 
[GIN] 2020/01/02 - 12:33:36 | 200 |    2.854211ms |  192.168.66.115 | POST     /getResult
[2020-01-02 12:33:39] 自開彩開獎  {202001020754 1 34 true} 
ConfigData  map[redisPort:6379 redisPassword:"" redisDB:3 ip:192.168.88.181 poolname:FA_MEM user:fa_db database:FA_MEM port:3306 password:1qaz!QAZ charset:utf8 redisIp:192.168.88.119]
SqlString  SELECT RTP,Amount,Bonus  FROM M_RtpSetting  WHERE Sid = 1   AND State = 1   AND LTG_Code = 1 AND Gid = 34
sqlResult   map[count:0 state:0 result:]
[2020-01-02 12:33:39] rtpData ------->   map[state:0 result: count:0] 
[GIN] 2020/01/02 - 12:33:39 | 200 |    2.096323ms |  192.168.66.115 | POST     /getResult
[2020-01-02 12:33:40] 自開彩開獎  {202001020252 1 35 true} 
ConfigData  map[redisPassword:"" redisDB:3 ip:192.168.88.181 poolname:FA_MEM port:3306 user:fa_db charset:utf8 redisPort:6379 password:1qaz!QAZ database:FA_MEM redisIp:192.168.88.119]
SqlString  SELECT RTP,Amount,Bonus  FROM M_RtpSetting  WHERE Sid = 1   AND State = 1   AND LTG_Code = 1 AND Gid = 35
sqlResult   map[result: count:0 state:0]
[2020-01-02 12:33:40] rtpData ------->   map[result: count:0 state:0] 
[GIN] 2020/01/02 - 12:33:40 | 200 |    2.420425ms |  192.168.66.115 | POST     /getResult
[2020-01-02 12:33:41] 自開彩開獎  {202001020754 5 38 true} 
ConfigData  map[redisDB:3 ip:192.168.88.181 poolname:FA_MEM user:fa_db redisPort:6379 redisPassword:"" port:3306 password:1qaz!QAZ database:FA_MEM charset:utf8 redisIp:192.168.88.119]
SqlString  SELECT RTP,Amount,Bonus  FROM M_RtpSetting  WHERE Sid = 1   AND State = 1   AND LTG_Code = 5 AND Gid = 38
[2020-01-02 12:33:41] 自開彩開獎  {202001020754 4 40 true} 
ConfigData  map[redisPort:6379 redisPassword:"" redisDB:3 port:3306 user:fa_db redisIp:192.168.88.119 database:FA_MEM charset:utf8 ip:192.168.88.181 poolname:FA_MEM password:1qaz!QAZ]
SqlString  SELECT RTP,Amount,Bonus  FROM M_RtpSetting  WHERE Sid = 1   AND State = 1   AND LTG_Code = 4 AND Gid = 40
sqlResult   map[count:0 state:0 result:]
[2020-01-02 12:33:41] rtpData ------->   map[result: count:0 state:0] 
sqlResult   map[state:0 result: count:0]
[2020-01-02 12:33:41] rtpData ------->   map[result: count:0 state:0] 
[GIN] 2020/01/02 - 12:33:41 | 200 |    2.483137ms |  192.168.66.115 | POST     /getResult
[GIN] 2020/01/02 - 12:33:41 | 200 |     2.29443ms |  192.168.66.115 | POST     /getResult
[2020-01-02 12:33:41] 自開彩開獎  {202001020252 4 41 true} 
ConfigData  map[database:FA_MEM redisPassword:"" ip:192.168.88.181 password:1qaz!QAZ user:fa_db charset:utf8 redisIp:192.168.88.119 redisPort:6379 redisDB:3 poolname:FA_MEM port:3306]
SqlString  SELECT RTP,Amount,Bonus  FROM M_RtpSetting  WHERE Sid = 1   AND State = 1   AND LTG_Code = 4 AND Gid = 41
sqlResult   map[result: count:0 state:0]
[2020-01-02 12:33:41] rtpData ------->   map[count:0 state:0 result:] 
[GIN] 2020/01/02 - 12:33:41 | 200 |    1.679195ms |  192.168.66.115 | POST     /getResult
[2020-01-02 12:33:41] 自開彩開獎  {202001020754 6 36 true} 
ConfigData  map[redisDB:3 poolname:FA_MEM user:fa_db password:1qaz!QAZ charset:utf8 redisIp:192.168.88.119 redisPort:6379 redisPassword:"" ip:192.168.88.181 port:3306 database:FA_MEM]
SqlString  SELECT RTP,Amount,Bonus  FROM M_RtpSetting  WHERE Sid = 1   AND State = 1   AND LTG_Code = 6 AND Gid = 36
sqlResult   map[result: count:0 state:0]
[2020-01-02 12:33:41] rtpData ------->   map[result: count:0 state:0] 
[GIN] 2020/01/02 - 12:33:41 | 200 |    2.423258ms |  192.168.66.115 | POST     /getResult
[2020-01-02 12:33:42] 自開彩開獎  {202001020252 6 37 true} 
ConfigData  map[redisPassword:"" ip:192.168.88.181 poolname:FA_MEM port:3306 user:fa_db password:1qaz!QAZ database:FA_MEM redisIp:192.168.88.119 redisDB:3 charset:utf8 redisPort:6379]
SqlString  SELECT RTP,Amount,Bonus  FROM M_RtpSetting  WHERE Sid = 1   AND State = 1   AND LTG_Code = 6 AND Gid = 37
sqlResult   map[result: count:0 state:0]
[2020-01-02 12:33:42] rtpData ------->   map[result: count:0 state:0] 
[GIN] 2020/01/02 - 12:33:42 | 200 |    2.867667ms |  192.168.66.115 | POST     /getResult
[2020-01-02 12:33:45] 自開彩開獎  {202001020754 1 34 true} 
ConfigData  map[password:1qaz!QAZ database:FA_MEM charset:utf8 redisDB:3 ip:192.168.88.181 poolname:FA_MEM port:3306 user:fa_db redisIp:192.168.88.119 redisPort:6379 redisPassword:""]
SqlString  SELECT RTP,Amount,Bonus  FROM M_RtpSetting  WHERE Sid = 1   AND State = 1   AND LTG_Code = 1 AND Gid = 34
sqlResult   map[result: count:0 state:0]
[2020-01-02 12:33:45] rtpData ------->   map[state:0 result: count:0] 
[GIN] 2020/01/02 - 12:33:45 | 200 |    3.091362ms |  192.168.66.115 | POST     /getResult
[2020-01-02 12:33:46] 自開彩開獎  {202001020252 1 35 true} 
ConfigData  map[redisPort:6379 poolname:FA_MEM port:3306 user:fa_db charset:utf8 redisPassword:"" redisDB:3 ip:192.168.88.181 password:1qaz!QAZ database:FA_MEM redisIp:192.168.88.119]
SqlString  SELECT RTP,Amount,Bonus  FROM M_RtpSetting  WHERE Sid = 1   AND State = 1   AND LTG_Code = 1 AND Gid = 35
sqlResult   map[result: count:0 state:0]
[2020-01-02 12:33:46] rtpData ------->   map[result: count:0 state:0] 
[GIN] 2020/01/02 - 12:33:46 | 200 |    2.752291ms |  192.168.66.115 | POST     /getResult
[2020-01-02 12:33:47] 自開彩開獎  {202001020754 5 38 true} 
ConfigData  map[charset:utf8 redisIp:192.168.88.119 redisPort:6379 redisPassword:"" ip:192.168.88.181 port:3306 user:fa_db password:1qaz!QAZ poolname:FA_MEM database:FA_MEM redisDB:3]
SqlString  SELECT RTP,Amount,Bonus  FROM M_RtpSetting  WHERE Sid = 1   AND State = 1   AND LTG_Code = 5 AND Gid = 38
[2020-01-02 12:33:47] 自開彩開獎  {202001020754 4 40 true} 
ConfigData  map[redisPort:6379 redisPassword:"" poolname:FA_MEM port:3306 password:1qaz!QAZ charset:utf8 redisIp:192.168.88.119 ip:192.168.88.181 user:fa_db database:FA_MEM redisDB:3]
SqlString  SELECT RTP,Amount,Bonus  FROM M_RtpSetting  WHERE Sid = 1   AND State = 1   AND LTG_Code = 4 AND Gid = 40
sqlResult   map[count:0 state:0 result:]
[2020-01-02 12:33:47] rtpData ------->   map[count:0 state:0 result:] 
[GIN] 2020/01/02 - 12:33:47 | 200 |    2.509173ms |  192.168.66.115 | POST     /getResult
sqlResult   map[result: count:0 state:0]
[2020-01-02 12:33:47] rtpData ------->   map[result: count:0 state:0] 
[GIN] 2020/01/02 - 12:33:47 | 200 |    2.815895ms |  192.168.66.115 | POST     /getResult
[2020-01-02 12:33:47] 自開彩開獎  {202001020252 4 41 true} 
ConfigData  map[password:1qaz!QAZ redisPassword:"" redisDB:3 ip:192.168.88.181 port:3306 user:fa_db redisIp:192.168.88.119 redisPort:6379 poolname:FA_MEM database:FA_MEM charset:utf8]
SqlString  SELECT RTP,Amount,Bonus  FROM M_RtpSetting  WHERE Sid = 1   AND State = 1   AND LTG_Code = 4 AND Gid = 41
sqlResult   map[result: count:0 state:0]
[2020-01-02 12:33:47] rtpData ------->   map[result: count:0 state:0] 
[GIN] 2020/01/02 - 12:33:47 | 200 |    1.757223ms |  192.168.66.115 | POST     /getResult
[2020-01-02 12:33:47] 自開彩開獎  {202001020754 6 36 true} 
ConfigData  map[user:fa_db password:1qaz!QAZ charset:utf8 redisPort:6379 redisPassword:"" poolname:FA_MEM port:3306 redisIp:192.168.88.119 redisDB:3 ip:192.168.88.181 database:FA_MEM]
SqlString  SELECT RTP,Amount,Bonus  FROM M_RtpSetting  WHERE Sid = 1   AND State = 1   AND LTG_Code = 6 AND Gid = 36
sqlResult   map[result: count:0 state:0]
[2020-01-02 12:33:47] rtpData ------->   map[result: count:0 state:0] 
[GIN] 2020/01/02 - 12:33:47 | 200 |    2.884134ms |  192.168.66.115 | POST     /getResult
[2020-01-02 12:33:48] 自開彩開獎  {202001020252 6 37 true} 
ConfigData  map[database:FA_MEM redisPassword:"" redisDB:3 poolname:FA_MEM port:3306 user:fa_db password:1qaz!QAZ charset:utf8 redisIp:192.168.88.119 redisPort:6379 ip:192.168.88.181]
SqlString  SELECT RTP,Amount,Bonus  FROM M_RtpSetting  WHERE Sid = 1   AND State = 1   AND LTG_Code = 6 AND Gid = 37
sqlResult   map[result: count:0 state:0]
[2020-01-02 12:33:48] rtpData ------->   map[result: count:0 state:0] 
[GIN] 2020/01/02 - 12:33:48 | 200 |    3.073965ms |  192.168.66.115 | POST     /getResult
[2020-01-02 12:33:51] 自開彩開獎  {202001020754 1 34 true} 
ConfigData  map[redisPort:6379 redisDB:3 poolname:FA_MEM port:3306 password:1qaz!QAZ database:FA_MEM charset:utf8 ip:192.168.88.181 user:fa_db redisIp:192.168.88.119 redisPassword:""]
SqlString  SELECT RTP,Amount,Bonus  FROM M_RtpSetting  WHERE Sid = 1   AND State = 1   AND LTG_Code = 1 AND Gid = 34
sqlResult   map[result: count:0 state:0]
[2020-01-02 12:33:51] rtpData ------->   map[result: count:0 state:0] 
[GIN] 2020/01/02 - 12:33:51 | 200 |    2.774818ms |  192.168.66.115 | POST     /getResult
[2020-01-02 12:33:52] 自開彩開獎  {202001020252 1 35 true} 
ConfigData  map[password:1qaz!QAZ database:FA_MEM redisIp:192.168.88.119 redisPort:6379 redisPassword:"" ip:192.168.88.181 poolname:FA_MEM port:3306 user:fa_db charset:utf8 redisDB:3]
SqlString  SELECT RTP,Amount,Bonus  FROM M_RtpSetting  WHERE Sid = 1   AND State = 1   AND LTG_Code = 1 AND Gid = 35
sqlResult   map[result: count:0 state:0]
[2020-01-02 12:33:52] rtpData ------->   map[result: count:0 state:0] 
[GIN] 2020/01/02 - 12:33:52 | 200 |    2.546725ms |  192.168.66.115 | POST     /getResult
[2020-01-02 12:33:53] 自開彩開獎  {202001020754 5 38 true} 
ConfigData  map[password:1qaz!QAZ redisIp:192.168.88.119 redisPassword:"" user:fa_db database:FA_MEM charset:utf8 redisPort:6379 redisDB:3 ip:192.168.88.181 poolname:FA_MEM port:3306]
SqlString  SELECT RTP,Amount,Bonus  FROM M_RtpSetting  WHERE Sid = 1   AND State = 1   AND LTG_Code = 5 AND Gid = 38
[2020-01-02 12:33:53] 自開彩開獎  {202001020754 4 40 true} 
ConfigData  map[user:fa_db database:FA_MEM redisIp:192.168.88.119 redisPassword:"" redisDB:3 port:3306 poolname:FA_MEM password:1qaz!QAZ charset:utf8 redisPort:6379 ip:192.168.88.181]
SqlString  SELECT RTP,Amount,Bonus  FROM M_RtpSetting  WHERE Sid = 1   AND State = 1   AND LTG_Code = 4 AND Gid = 40
sqlResult   map[result: count:0 state:0]
[2020-01-02 12:33:53] rtpData ------->   map[state:0 result: count:0] 
sqlResult   map[result: count:0 state:0]
[GIN] 2020/01/02 - 12:33:53 | 200 |    2.102458ms |  192.168.66.115 | POST     /getResult
[2020-01-02 12:33:53] rtpData ------->   map[result: count:0 state:0] 
[GIN] 2020/01/02 - 12:33:53 | 200 |    2.007609ms |  192.168.66.115 | POST     /getResult
[2020-01-02 12:33:53] 自開彩開獎  {202001020252 4 41 true} 
ConfigData  map[charset:utf8 redisPassword:"" redisDB:3 password:1qaz!QAZ poolname:FA_MEM port:3306 user:fa_db database:FA_MEM redisIp:192.168.88.119 redisPort:6379 ip:192.168.88.181]
SqlString  SELECT RTP,Amount,Bonus  FROM M_RtpSetting  WHERE Sid = 1   AND State = 1   AND LTG_Code = 4 AND Gid = 41
sqlResult   map[state:0 result: count:0]
[2020-01-02 12:33:53] rtpData ------->   map[result: count:0 state:0] 
[GIN] 2020/01/02 - 12:33:53 | 200 |    2.206847ms |  192.168.66.115 | POST     /getResult
[2020-01-02 12:33:53] 自開彩開獎  {202001020754 6 36 true} 
ConfigData  map[redisDB:3 ip:192.168.88.181 password:1qaz!QAZ database:FA_MEM redisIp:192.168.88.119 redisPort:6379 poolname:FA_MEM port:3306 user:fa_db charset:utf8 redisPassword:""]
SqlString  SELECT RTP,Amount,Bonus  FROM M_RtpSetting  WHERE Sid = 1   AND State = 1   AND LTG_Code = 6 AND Gid = 36
sqlResult   map[result: count:0 state:0]
[2020-01-02 12:33:53] rtpData ------->   map[state:0 result: count:0] 
[GIN] 2020/01/02 - 12:33:53 | 200 |    2.049404ms |  192.168.66.115 | POST     /getResult
[2020-01-02 12:33:54] 自開彩開獎  {202001020252 6 37 true} 
ConfigData  map[redisPassword:"" user:fa_db password:1qaz!QAZ database:FA_MEM charset:utf8 redisIp:192.168.88.119 redisPort:6379 ip:192.168.88.181 poolname:FA_MEM port:3306 redisDB:3]
SqlString  SELECT RTP,Amount,Bonus  FROM M_RtpSetting  WHERE Sid = 1   AND State = 1   AND LTG_Code = 6 AND Gid = 37
sqlResult   map[result: count:0 state:0]
[2020-01-02 12:33:54] rtpData ------->   map[result: count:0 state:0] 
[GIN] 2020/01/02 - 12:33:54 | 200 |    2.064112ms |  192.168.66.115 | POST     /getResult
[2020-01-02 12:33:57] 自開彩開獎  {202001020754 1 34 true} 
ConfigData  map[redisPassword:"" poolname:FA_MEM port:3306 user:fa_db password:1qaz!QAZ database:FA_MEM charset:utf8 ip:192.168.88.181 redisIp:192.168.88.119 redisPort:6379 redisDB:3]
SqlString  SELECT RTP,Amount,Bonus  FROM M_RtpSetting  WHERE Sid = 1   AND State = 1   AND LTG_Code = 1 AND Gid = 34
sqlResult   map[result: count:0 state:0]
[2020-01-02 12:33:57] rtpData ------->   map[result: count:0 state:0] 
[GIN] 2020/01/02 - 12:33:57 | 200 |    2.094333ms |  192.168.66.115 | POST     /getResult
[2020-01-02 12:33:58] 自開彩開獎  {202001020252 1 35 true} 
ConfigData  map[database:FA_MEM charset:utf8 redisIp:192.168.88.119 redisPort:6379 redisPassword:"" redisDB:3 user:fa_db poolname:FA_MEM port:3306 password:1qaz!QAZ ip:192.168.88.181]
SqlString  SELECT RTP,Amount,Bonus  FROM M_RtpSetting  WHERE Sid = 1   AND State = 1   AND LTG_Code = 1 AND Gid = 35
sqlResult   map[result: count:0 state:0]
[2020-01-02 12:33:58] rtpData ------->   map[result: count:0 state:0] 
[GIN] 2020/01/02 - 12:33:58 | 200 |    2.772844ms |  192.168.66.115 | POST     /getResult
[2020-01-02 12:33:59] 自開彩開獎  {202001020754 5 38 true} 
ConfigData  map[password:1qaz!QAZ redisIp:192.168.88.119 user:fa_db poolname:FA_MEM port:3306 database:FA_MEM charset:utf8 redisPort:6379 redisPassword:"" redisDB:3 ip:192.168.88.181]
SqlString  SELECT RTP,Amount,Bonus  FROM M_RtpSetting  WHERE Sid = 1   AND State = 1   AND LTG_Code = 5 AND Gid = 38
sqlResult   map[result: count:0 state:0]
[2020-01-02 12:33:59] rtpData ------->   map[result: count:0 state:0] 
[GIN] 2020/01/02 - 12:33:59 | 200 |    2.368691ms |  192.168.66.115 | POST     /getResult
[2020-01-02 12:33:59] 自開彩開獎  {202001020754 4 40 true} 
ConfigData  map[ip:192.168.88.181 poolname:FA_MEM redisIp:192.168.88.119 redisPort:6379 port:3306 user:fa_db password:1qaz!QAZ database:FA_MEM charset:utf8 redisPassword:"" redisDB:3]
SqlString  SELECT RTP,Amount,Bonus  FROM M_RtpSetting  WHERE Sid = 1   AND State = 1   AND LTG_Code = 4 AND Gid = 40
sqlResult   map[result: count:0 state:0]
[2020-01-02 12:33:59] rtpData ------->   map[result: count:0 state:0] 
[GIN] 2020/01/02 - 12:33:59 | 200 |    2.059409ms |  192.168.66.115 | POST     /getResult
[2020-01-02 12:33:59] 自開彩開獎  {202001020252 4 41 true} 
ConfigData  map[redisPort:6379 user:fa_db password:1qaz!QAZ port:3306 database:FA_MEM charset:utf8 redisIp:192.168.88.119 redisPassword:"" redisDB:3 ip:192.168.88.181 poolname:FA_MEM]
SqlString  SELECT RTP,Amount,Bonus  FROM M_RtpSetting  WHERE Sid = 1   AND State = 1   AND LTG_Code = 4 AND Gid = 41
sqlResult   map[state:0 result: count:0]
[2020-01-02 12:33:59] rtpData ------->   map[count:0 state:0 result:] 
[GIN] 2020/01/02 - 12:33:59 | 200 |     1.79742ms |  192.168.66.115 | POST     /getResult
[2020-01-02 12:33:59] 自開彩開獎  {202001020754 6 36 true} 
ConfigData  map[port:3306 user:fa_db password:1qaz!QAZ charset:utf8 redisIp:192.168.88.119 redisPassword:"" redisDB:3 ip:192.168.88.181 database:FA_MEM redisPort:6379 poolname:FA_MEM]
SqlString  SELECT RTP,Amount,Bonus  FROM M_RtpSetting  WHERE Sid = 1   AND State = 1   AND LTG_Code = 6 AND Gid = 36
sqlResult   map[result: count:0 state:0]
[2020-01-02 12:33:59] rtpData ------->   map[result: count:0 state:0] 
[GIN] 2020/01/02 - 12:33:59 | 200 |    3.254819ms |  192.168.66.115 | POST     /getResult
[2020-01-02 12:34:00] 自開彩開獎  {202001020252 6 37 true} 
ConfigData  map[poolname:FA_MEM port:3306 password:1qaz!QAZ redisPort:6379 redisDB:3 ip:192.168.88.181 user:fa_db database:FA_MEM charset:utf8 redisIp:192.168.88.119 redisPassword:""]
SqlString  SELECT RTP,Amount,Bonus  FROM M_RtpSetting  WHERE Sid = 1   AND State = 1   AND LTG_Code = 6 AND Gid = 37
sqlResult   map[result: count:0 state:0]
[2020-01-02 12:34:00] rtpData ------->   map[result: count:0 state:0] 
[GIN] 2020/01/02 - 12:34:00 | 200 |    2.769561ms |  192.168.66.115 | POST     /getResult
[2020-01-02 12:34:01] 自開彩開獎  {202001020755 2 26 true} 
ConfigData  map[password:1qaz!QAZ redisPassword:"" poolname:FA_MEM user:fa_db database:FA_MEM charset:utf8 redisIp:192.168.88.119 redisPort:6379 redisDB:3 ip:192.168.88.181 port:3306]
SqlString  SELECT RTP,Amount,Bonus  FROM M_RtpSetting  WHERE Sid = 1   AND State = 1   AND LTG_Code = 2 AND Gid = 26
sqlResult   map[result:0.9600 count:1 state:1 amount:1.0069588e+06 bonus:908100.71]
[2020-01-02 12:34:01] rtpData ------->   map[result:0.9600 count:1 state:1 amount:1.0069588e+06 bonus:908100.71] 
ConfigData  map[database:FA_MEM redisDB:3 ip:192.168.88.181 port:3306 user:fa_db password:1qaz!QAZ redisPassword:"" poolname:FA_MEM charset:utf8 redisIp:192.168.88.119 redisPort:6379]
SELECT BO_No, BO_OrderNo , BO_User , BO_Issue  , BO_LotteryTypeGroup, BO_LotteryType, BO_Mode, BO_LotteryPlayGroup, BO_LotteryPlay , BO_LotteryContent, BO_Price, BO_RealPrice, BO_Unit, BO_Multiple , BO_BetCount  , BO_Winnings, BO_Winnings2, BO_Winnings3, BO_WinningLimit  , BO_Water , BO_BW_SourceUserId, BO_BW_BackWater, BO_BW_LimitBetCount, BO_BW_MaxAmount, BO_BW_AuditMultiple  , BO_Odds, BO_Odds2, BO_Odds3 , BO_Type, BO_Chase , BO_OpenResult, BO_OpenResult2, BO_DateDraw, BO_DateDraw2, BO_DateUpdate  FROM TS_BetOrder  WHERE BO_Cancel = 0   AND BO_CancelBackend = 0   AND BO_LotteryTypeGroup = 2 AND BO_LotteryType = 26 AND BO_Issue = 202001020755 AND BO_Collect = 0 ORDER BY BO_DateDraw ASC, BO_DateCreate ASC, BO_DateUpdate ASC, BO_No ASC ;
[2020-01-02 12:34:01] LottteryTypeGroup 2 
[2020-01-02 12:34:01] 有期號 但無注單 -------> map[amount:0 bonus:0 thisOpenResult:[6 2 1 8 3]] 
[GIN] 2020/01/02 - 12:34:01 | 200 |   11.491512ms |  192.168.66.115 | POST     /getResult
[2020-01-02 12:34:03] 自開彩開獎  {202001020754 1 34 true} 
ConfigData  map[ip:192.168.88.181 poolname:FA_MEM user:fa_db password:1qaz!QAZ database:FA_MEM redisPort:6379 port:3306 charset:utf8 redisIp:192.168.88.119 redisPassword:"" redisDB:3]
SqlString  SELECT RTP,Amount,Bonus  FROM M_RtpSetting  WHERE Sid = 1   AND State = 1   AND LTG_Code = 1 AND Gid = 34
sqlResult   map[result: count:0 state:0]
[2020-01-02 12:34:03] rtpData ------->   map[result: count:0 state:0] 
[GIN] 2020/01/02 - 12:34:03 | 200 |    2.775617ms |  192.168.66.115 | POST     /getResult
[2020-01-02 12:34:04] 自開彩開獎  {202001020252 1 35 true} 
ConfigData  map[ip:192.168.88.181 port:3306 user:fa_db password:1qaz!QAZ redisPort:6379 poolname:FA_MEM database:FA_MEM charset:utf8 redisIp:192.168.88.119 redisPassword:"" redisDB:3]
SqlString  SELECT RTP,Amount,Bonus  FROM M_RtpSetting  WHERE Sid = 1   AND State = 1   AND LTG_Code = 1 AND Gid = 35
sqlResult   map[result: count:0 state:0]
[2020-01-02 12:34:04] rtpData ------->   map[count:0 state:0 result:] 
[GIN] 2020/01/02 - 12:34:04 | 200 |    2.705523ms |  192.168.66.115 | POST     /getResult
[2020-01-02 12:34:05] 自開彩開獎  {202001020754 5 38 true} 
ConfigData  map[charset:utf8 redisIp:192.168.88.119 redisPort:6379 redisDB:3 port:3306 password:1qaz!QAZ user:fa_db database:FA_MEM redisPassword:"" ip:192.168.88.181 poolname:FA_MEM]
SqlString  SELECT RTP,Amount,Bonus  FROM M_RtpSetting  WHERE Sid = 1   AND State = 1   AND LTG_Code = 5 AND Gid = 38
[2020-01-02 12:34:05] 自開彩開獎  {202001020754 4 40 true} 
ConfigData  map[port:3306 password:1qaz!QAZ charset:utf8 redisIp:192.168.88.119 redisPassword:"" ip:192.168.88.181 user:fa_db database:FA_MEM redisPort:6379 redisDB:3 poolname:FA_MEM]
SqlString  SELECT RTP,Amount,Bonus  FROM M_RtpSetting  WHERE Sid = 1   AND State = 1   AND LTG_Code = 4 AND Gid = 40
sqlResult   map[result: count:0 state:0]
sqlResult   map[result: count:0 state:0]
[2020-01-02 12:34:05] rtpData ------->   map[state:0 result: count:0] 
[GIN] 2020/01/02 - 12:34:05 | 200 |    2.328722ms |  192.168.66.115 | POST     /getResult
[2020-01-02 12:34:05] rtpData ------->   map[count:0 state:0 result:] 
[GIN] 2020/01/02 - 12:34:05 | 200 |    2.610476ms |  192.168.66.115 | POST     /getResult
[2020-01-02 12:34:05] 自開彩開獎  {202001020252 4 41 true} 
ConfigData  map[poolname:FA_MEM port:3306 user:fa_db password:1qaz!QAZ database:FA_MEM redisIp:192.168.88.119 redisPort:6379 redisPassword:"" redisDB:3 ip:192.168.88.181 charset:utf8]
SqlString  SELECT RTP,Amount,Bonus  FROM M_RtpSetting  WHERE Sid = 1   AND State = 1   AND LTG_Code = 4 AND Gid = 41
sqlResult   map[result: count:0 state:0]
[2020-01-02 12:34:05] rtpData ------->   map[result: count:0 state:0] 
[GIN] 2020/01/02 - 12:34:05 | 200 |    3.077197ms |  192.168.66.115 | POST     /getResult
[2020-01-02 12:34:05] 自開彩開獎  {202001020754 6 36 true} 
ConfigData  map[user:fa_db password:1qaz!QAZ database:FA_MEM ip:192.168.88.181 poolname:FA_MEM port:3306 redisPassword:"" redisDB:3 charset:utf8 redisIp:192.168.88.119 redisPort:6379]
SqlString  SELECT RTP,Amount,Bonus  FROM M_RtpSetting  WHERE Sid = 1   AND State = 1   AND LTG_Code = 6 AND Gid = 36
sqlResult   map[state:0 result: count:0]
[2020-01-02 12:34:05] rtpData ------->   map[count:0 state:0 result:] 
[GIN] 2020/01/02 - 12:34:05 | 200 |    2.864253ms |  192.168.66.115 | POST     /getResult
[2020-01-02 12:34:09] 自開彩開獎  {202001020755 1 34 true} 
ConfigData  map[ip:192.168.88.181 password:1qaz!QAZ charset:utf8 redisPassword:"" redisDB:3 redisPort:6379 poolname:FA_MEM port:3306 user:fa_db database:FA_MEM redisIp:192.168.88.119]
SqlString  SELECT RTP,Amount,Bonus  FROM M_RtpSetting  WHERE Sid = 1   AND State = 1   AND LTG_Code = 1 AND Gid = 34
sqlResult   map[result: count:0 state:0]
[2020-01-02 12:34:09] rtpData ------->   map[result: count:0 state:0] 
[GIN] 2020/01/02 - 12:34:09 | 200 |    2.149934ms |  192.168.66.115 | POST     /getResult
[2020-01-02 12:34:10] 自開彩開獎  {202001020252 1 35 true} 
ConfigData  map[poolname:FA_MEM user:fa_db password:1qaz!QAZ redisIp:192.168.88.119 redisPassword:"" ip:192.168.88.181 database:FA_MEM charset:utf8 redisPort:6379 redisDB:3 port:3306]
SqlString  SELECT RTP,Amount,Bonus  FROM M_RtpSetting  WHERE Sid = 1   AND State = 1   AND LTG_Code = 1 AND Gid = 35
sqlResult   map[result: count:0 state:0]
[2020-01-02 12:34:10] rtpData ------->   map[result: count:0 state:0] 
[GIN] 2020/01/02 - 12:34:10 | 200 |    2.444166ms |  192.168.66.115 | POST     /getResult
[2020-01-02 12:34:11] 自開彩開獎  {202001020755 5 38 true} 
ConfigData  map[port:3306 password:1qaz!QAZ ip:192.168.88.181 poolname:FA_MEM user:fa_db database:FA_MEM charset:utf8 redisIp:192.168.88.119 redisPort:6379 redisPassword:"" redisDB:3]
SqlString  SELECT RTP,Amount,Bonus  FROM M_RtpSetting  WHERE Sid = 1   AND State = 1   AND LTG_Code = 5 AND Gid = 38
[2020-01-02 12:34:11] 自開彩開獎  {202001020755 4 40 true} 
ConfigData  map[charset:utf8 redisPort:6379 redisPassword:"" poolname:FA_MEM database:FA_MEM user:fa_db password:1qaz!QAZ redisIp:192.168.88.119 redisDB:3 ip:192.168.88.181 port:3306]
SqlString  SELECT RTP,Amount,Bonus  FROM M_RtpSetting  WHERE Sid = 1   AND State = 1   AND LTG_Code = 4 AND Gid = 40
sqlResult   map[result: count:0 state:0]
[2020-01-02 12:34:11] rtpData ------->   map[result: count:0 state:0] 
[GIN] 2020/01/02 - 12:34:11 | 200 |    2.451583ms |  192.168.66.115 | POST     /getResult
sqlResult   map[result: count:0 state:0]
[2020-01-02 12:34:11] rtpData ------->   map[result: count:0 state:0] 
[GIN] 2020/01/02 - 12:34:11 | 200 |    2.559391ms |  192.168.66.115 | POST     /getResult
[2020-01-02 12:34:11] 自開彩開獎  {202001020252 4 41 true} 
ConfigData  map[charset:utf8 redisIp:192.168.88.119 redisDB:3 ip:192.168.88.181 database:FA_MEM user:fa_db password:1qaz!QAZ redisPort:6379 redisPassword:"" poolname:FA_MEM port:3306]
SqlString  SELECT RTP,Amount,Bonus  FROM M_RtpSetting  WHERE Sid = 1   AND State = 1   AND LTG_Code = 4 AND Gid = 41
sqlResult   map[result: count:0 state:0]
[2020-01-02 12:34:11] rtpData ------->   map[result: count:0 state:0] 
[GIN] 2020/01/02 - 12:34:11 | 200 |    2.889661ms |  192.168.66.115 | POST     /getResult
[2020-01-02 12:34:11] 自開彩開獎  {202001020755 6 36 true} 
ConfigData  map[redisPort:6379 ip:192.168.88.181 poolname:FA_MEM user:fa_db password:1qaz!QAZ database:FA_MEM charset:utf8 redisIp:192.168.88.119 port:3306 redisPassword:"" redisDB:3]
SqlString  SELECT RTP,Amount,Bonus  FROM M_RtpSetting  WHERE Sid = 1   AND State = 1   AND LTG_Code = 6 AND Gid = 36
sqlResult   map[result: count:0 state:0]
[2020-01-02 12:34:11] rtpData ------->   map[result: count:0 state:0] 
[GIN] 2020/01/02 - 12:34:11 | 200 |    2.904939ms |  192.168.66.115 | POST     /getResult
[2020-01-02 12:34:15] 自開彩開獎  {202001020755 1 34 true} 
ConfigData  map[ip:192.168.88.181 user:fa_db password:1qaz!QAZ redisPort:6379 redisPassword:"" redisDB:3 poolname:FA_MEM port:3306 database:FA_MEM charset:utf8 redisIp:192.168.88.119]
SqlString  SELECT RTP,Amount,Bonus  FROM M_RtpSetting  WHERE Sid = 1   AND State = 1   AND LTG_Code = 1 AND Gid = 34
sqlResult   map[result: count:0 state:0]
[2020-01-02 12:34:15] rtpData ------->   map[state:0 result: count:0] 
[GIN] 2020/01/02 - 12:34:15 | 200 |    2.052181ms |  192.168.66.115 | POST     /getResult
[2020-01-02 12:34:16] 自開彩開獎  {202001020252 1 35 true} 
ConfigData  map[ip:192.168.88.181 poolname:FA_MEM port:3306 redisPort:6379 redisDB:3 redisPassword:"" user:fa_db password:1qaz!QAZ database:FA_MEM charset:utf8 redisIp:192.168.88.119]
SqlString  SELECT RTP,Amount,Bonus  FROM M_RtpSetting  WHERE Sid = 1   AND State = 1   AND LTG_Code = 1 AND Gid = 35
sqlResult   map[result: count:0 state:0]
[2020-01-02 12:34:16] rtpData ------->   map[result: count:0 state:0] 
[GIN] 2020/01/02 - 12:34:16 | 200 |    2.163758ms |  192.168.66.115 | POST     /getResult
[2020-01-02 12:34:17] 自開彩開獎  {202001020755 5 38 true} 
ConfigData  map[ip:192.168.88.181 user:fa_db password:1qaz!QAZ redisPassword:"" redisDB:3 poolname:FA_MEM port:3306 database:FA_MEM charset:utf8 redisIp:192.168.88.119 redisPort:6379]
SqlString  SELECT RTP,Amount,Bonus  FROM M_RtpSetting  WHERE Sid = 1   AND State = 1   AND LTG_Code = 5 AND Gid = 38
[2020-01-02 12:34:17] 自開彩開獎  {202001020755 4 40 true} 
ConfigData  map[ip:192.168.88.181 user:fa_db charset:utf8 redisIp:192.168.88.119 redisPassword:"" poolname:FA_MEM port:3306 password:1qaz!QAZ database:FA_MEM redisPort:6379 redisDB:3]
SqlString  SELECT RTP,Amount,Bonus  FROM M_RtpSetting  WHERE Sid = 1   AND State = 1   AND LTG_Code = 4 AND Gid = 40
sqlResult   map[result: count:0 state:0]
[2020-01-02 12:34:17] rtpData ------->   map[result: count:0 state:0] 
sqlResult   map[result: count:0 state:0]
[GIN] 2020/01/02 - 12:34:17 | 200 |    2.249796ms |  192.168.66.115 | POST     /getResult
[2020-01-02 12:34:17] rtpData ------->   map[result: count:0 state:0] 
[GIN] 2020/01/02 - 12:34:17 | 200 |    2.606005ms |  192.168.66.115 | POST     /getResult
[2020-01-02 12:34:17] 自開彩開獎  {202001020252 4 41 true} 
ConfigData  map[ip:192.168.88.181 poolname:FA_MEM user:fa_db password:1qaz!QAZ redisIp:192.168.88.119 redisPort:6379 port:3306 database:FA_MEM charset:utf8 redisPassword:"" redisDB:3]
SqlString  SELECT RTP,Amount,Bonus  FROM M_RtpSetting  WHERE Sid = 1   AND State = 1   AND LTG_Code = 4 AND Gid = 41
sqlResult   map[result: count:0 state:0]
[2020-01-02 12:34:17] rtpData ------->   map[state:0 result: count:0] 
[GIN] 2020/01/02 - 12:34:17 | 200 |    2.032254ms |  192.168.66.115 | POST     /getResult
[2020-01-02 12:34:17] 自開彩開獎  {202001020755 6 36 true} 
ConfigData  map[redisPassword:"" redisDB:3 ip:192.168.88.181 port:3306 user:fa_db password:1qaz!QAZ database:FA_MEM redisIp:192.168.88.119 poolname:FA_MEM charset:utf8 redisPort:6379]
SqlString  SELECT RTP,Amount,Bonus  FROM M_RtpSetting  WHERE Sid = 1   AND State = 1   AND LTG_Code = 6 AND Gid = 36
sqlResult   map[result: count:0 state:0]
[2020-01-02 12:34:17] rtpData ------->   map[result: count:0 state:0] 
[GIN] 2020/01/02 - 12:34:17 | 200 |    3.134073ms |  192.168.66.115 | POST     /getResult
[2020-01-02 12:34:21] 自開彩開獎  {202001020755 1 34 true} 
ConfigData  map[ip:192.168.88.181 port:3306 database:FA_MEM redisIp:192.168.88.119 redisPort:6379 redisPassword:"" poolname:FA_MEM user:fa_db password:1qaz!QAZ charset:utf8 redisDB:3]
SqlString  SELECT RTP,Amount,Bonus  FROM M_RtpSetting  WHERE Sid = 1   AND State = 1   AND LTG_Code = 1 AND Gid = 34
sqlResult   map[result: count:0 state:0]
[2020-01-02 12:34:21] rtpData ------->   map[state:0 result: count:0] 
[GIN] 2020/01/02 - 12:34:21 | 200 |    5.283515ms |  192.168.66.115 | POST     /getResult
[2020-01-02 12:34:22] 自開彩開獎  {202001020252 1 35 true} 
ConfigData  map[ip:192.168.88.181 user:fa_db password:1qaz!QAZ database:FA_MEM charset:utf8 redisPort:6379 redisPassword:"" redisDB:3 poolname:FA_MEM port:3306 redisIp:192.168.88.119]
SqlString  SELECT RTP,Amount,Bonus  FROM M_RtpSetting  WHERE Sid = 1   AND State = 1   AND LTG_Code = 1 AND Gid = 35
sqlResult   map[result: count:0 state:0]
[2020-01-02 12:34:22] rtpData ------->   map[state:0 result: count:0] 
[GIN] 2020/01/02 - 12:34:22 | 200 |    3.351664ms |  192.168.66.115 | POST     /getResult
[2020-01-02 12:34:23] 自開彩開獎  {202001020755 4 40 true} 
ConfigData  map[port:3306 database:FA_MEM redisIp:192.168.88.119 redisPort:6379 redisDB:3 poolname:FA_MEM user:fa_db password:1qaz!QAZ charset:utf8 redisPassword:"" ip:192.168.88.181]
SqlString  SELECT RTP,Amount,Bonus  FROM M_RtpSetting  WHERE Sid = 1   AND State = 1   AND LTG_Code = 4 AND Gid = 40
[2020-01-02 12:34:23] 自開彩開獎  {202001020755 5 38 true} 
ConfigData  map[port:3306 user:fa_db password:1qaz!QAZ database:FA_MEM charset:utf8 redisPort:6379 redisPassword:"" ip:192.168.88.181 poolname:FA_MEM redisIp:192.168.88.119 redisDB:3]
SqlString  SELECT RTP,Amount,Bonus  FROM M_RtpSetting  WHERE Sid = 1   AND State = 1   AND LTG_Code = 5 AND Gid = 38
sqlResult   map[result: count:0 state:0]
[2020-01-02 12:34:23] rtpData ------->   map[count:0 state:0 result:] 
[GIN] 2020/01/02 - 12:34:23 | 200 |    2.559854ms |  192.168.66.115 | POST     /getResult
sqlResult   map[state:0 result: count:0]
[2020-01-02 12:34:23] rtpData ------->   map[result: count:0 state:0] 
[GIN] 2020/01/02 - 12:34:23 | 200 |    2.793789ms |  192.168.66.115 | POST     /getResult
[2020-01-02 12:34:23] 自開彩開獎  {202001020252 4 41 true} 
ConfigData  map[port:3306 database:FA_MEM user:fa_db password:1qaz!QAZ charset:utf8 redisIp:192.168.88.119 redisPort:6379 redisPassword:"" ip:192.168.88.181 poolname:FA_MEM redisDB:3]
SqlString  SELECT RTP,Amount,Bonus  FROM M_RtpSetting  WHERE Sid = 1   AND State = 1   AND LTG_Code = 4 AND Gid = 41
sqlResult   map[count:0 state:0 result:]
[2020-01-02 12:34:23] rtpData ------->   map[result: count:0 state:0] 
[GIN] 2020/01/02 - 12:34:23 | 200 |    2.086373ms |  192.168.66.115 | POST     /getResult
[2020-01-02 12:34:23] 自開彩開獎  {202001020755 6 36 true} 
ConfigData  map[poolname:FA_MEM port:3306 database:FA_MEM redisIp:192.168.88.119 redisPassword:"" redisDB:3 ip:192.168.88.181 user:fa_db password:1qaz!QAZ charset:utf8 redisPort:6379]
SqlString  SELECT RTP,Amount,Bonus  FROM M_RtpSetting  WHERE Sid = 1   AND State = 1   AND LTG_Code = 6 AND Gid = 36
sqlResult   map[result: count:0 state:0]
[2020-01-02 12:34:23] rtpData ------->   map[count:0 state:0 result:] 
[GIN] 2020/01/02 - 12:34:23 | 200 |    2.656027ms |  192.168.66.115 | POST     /getResult
[2020-01-02 12:34:27] 自開彩開獎  {202001020755 1 34 true} 
ConfigData  map[password:1qaz!QAZ charset:utf8 redisPort:6379 redisDB:3 redisPassword:"" ip:192.168.88.181 poolname:FA_MEM port:3306 user:fa_db database:FA_MEM redisIp:192.168.88.119]
SqlString  SELECT RTP,Amount,Bonus  FROM M_RtpSetting  WHERE Sid = 1   AND State = 1   AND LTG_Code = 1 AND Gid = 34
sqlResult   map[result: count:0 state:0]
[2020-01-02 12:34:27] rtpData ------->   map[result: count:0 state:0] 
[GIN] 2020/01/02 - 12:34:27 | 200 |   10.989582ms |  192.168.66.115 | POST     /getResult
[2020-01-02 12:34:28] 自開彩開獎  {202001020252 1 35 true} 
ConfigData  map[port:3306 password:1qaz!QAZ database:FA_MEM redisPassword:"" redisDB:3 ip:192.168.88.181 poolname:FA_MEM user:fa_db charset:utf8 redisIp:192.168.88.119 redisPort:6379]
SqlString  SELECT RTP,Amount,Bonus  FROM M_RtpSetting  WHERE Sid = 1   AND State = 1   AND LTG_Code = 1 AND Gid = 35
sqlResult   map[result: count:0 state:0]
[2020-01-02 12:34:28] rtpData ------->   map[state:0 result: count:0] 
[GIN] 2020/01/02 - 12:34:28 | 200 |    3.027455ms |  192.168.66.115 | POST     /getResult
[2020-01-02 12:34:29] 自開彩開獎  {202001020755 4 40 true} 
[2020-01-02 12:34:29] 自開彩開獎  {202001020755 5 38 true} 
ConfigData  map[ip:192.168.88.181 poolname:FA_MEM user:fa_db password:1qaz!QAZ charset:utf8 redisPassword:"" port:3306 database:FA_MEM redisIp:192.168.88.119 redisPort:6379 redisDB:3]
ConfigData  map[redisPort:6379 redisDB:3 ip:192.168.88.181 poolname:FA_MEM port:3306 database:FA_MEM charset:utf8 user:fa_db password:1qaz!QAZ redisIp:192.168.88.119 redisPassword:""]
SqlString  SELECT RTP,Amount,Bonus  FROM M_RtpSetting  WHERE Sid = 1   AND State = 1   AND LTG_Code = 5 AND Gid = 38
SqlString  SELECT RTP,Amount,Bonus  FROM M_RtpSetting  WHERE Sid = 1   AND State = 1   AND LTG_Code = 4 AND Gid = 40
sqlResult   map[result: count:0 state:0]
[2020-01-02 12:34:29] rtpData ------->   map[result: count:0 state:0] 
[GIN] 2020/01/02 - 12:34:29 | 200 |    2.526525ms |  192.168.66.115 | POST     /getResult
sqlResult   map[result: count:0 state:0]
[2020-01-02 12:34:29] rtpData ------->   map[result: count:0 state:0] 
[GIN] 2020/01/02 - 12:34:29 | 200 |    2.754858ms |  192.168.66.115 | POST     /getResult
[2020-01-02 12:34:29] 自開彩開獎  {202001020252 4 41 true} 
ConfigData  map[charset:utf8 redisPort:6379 redisPassword:"" port:3306 database:FA_MEM user:fa_db password:1qaz!QAZ redisIp:192.168.88.119 redisDB:3 ip:192.168.88.181 poolname:FA_MEM]
SqlString  SELECT RTP,Amount,Bonus  FROM M_RtpSetting  WHERE Sid = 1   AND State = 1   AND LTG_Code = 4 AND Gid = 41
sqlResult   map[state:0 result: count:0]
[2020-01-02 12:34:29] rtpData ------->   map[result: count:0 state:0] 
[GIN] 2020/01/02 - 12:34:29 | 200 |    2.052421ms |  192.168.66.115 | POST     /getResult
[2020-01-02 12:34:29] 自開彩開獎  {202001020755 6 36 true} 
ConfigData  map[database:FA_MEM charset:utf8 redisPort:6379 ip:192.168.88.181 poolname:FA_MEM user:fa_db redisPassword:"" redisDB:3 port:3306 password:1qaz!QAZ redisIp:192.168.88.119]
SqlString  SELECT RTP,Amount,Bonus  FROM M_RtpSetting  WHERE Sid = 1   AND State = 1   AND LTG_Code = 6 AND Gid = 36
sqlResult   map[result: count:0 state:0]
[2020-01-02 12:34:29] rtpData ------->   map[result: count:0 state:0] 
[GIN] 2020/01/02 - 12:34:29 | 200 |    2.412388ms |  192.168.66.115 | POST     /getResult
[2020-01-02 12:34:33] 自開彩開獎  {202001020755 1 34 true} 
ConfigData  map[user:fa_db password:1qaz!QAZ redisPort:6379 redisPassword:"" redisIp:192.168.88.119 redisDB:3 ip:192.168.88.181 poolname:FA_MEM port:3306 database:FA_MEM charset:utf8]
SqlString  SELECT RTP,Amount,Bonus  FROM M_RtpSetting  WHERE Sid = 1   AND State = 1   AND LTG_Code = 1 AND Gid = 34
sqlResult   map[result: count:0 state:0]
[2020-01-02 12:34:33] rtpData ------->   map[result: count:0 state:0] 
[GIN] 2020/01/02 - 12:34:33 | 200 |    2.411274ms |  192.168.66.115 | POST     /getResult
[2020-01-02 12:34:34] 自開彩開獎  {202001020252 1 35 true} 
ConfigData  map[database:FA_MEM charset:utf8 redisIp:192.168.88.119 redisPort:6379 redisPassword:"" ip:192.168.88.181 poolname:FA_MEM port:3306 user:fa_db password:1qaz!QAZ redisDB:3]
SqlString  SELECT RTP,Amount,Bonus  FROM M_RtpSetting  WHERE Sid = 1   AND State = 1   AND LTG_Code = 1 AND Gid = 35
sqlResult   map[count:0 state:0 result:]
[2020-01-02 12:34:34] rtpData ------->   map[result: count:0 state:0] 
[GIN] 2020/01/02 - 12:34:34 | 200 |    3.324295ms |  192.168.66.115 | POST     /getResult
[2020-01-02 12:34:35] 自開彩開獎  {202001020755 5 38 true} 
ConfigData  map[database:FA_MEM charset:utf8 redisPort:6379 redisPassword:"" ip:192.168.88.181 poolname:FA_MEM password:1qaz!QAZ redisIp:192.168.88.119 redisDB:3 port:3306 user:fa_db]
SqlString  SELECT RTP,Amount,Bonus  FROM M_RtpSetting  WHERE Sid = 1   AND State = 1   AND LTG_Code = 5 AND Gid = 38
[2020-01-02 12:34:35] 自開彩開獎  {202001020755 4 40 true} 
ConfigData  map[ip:192.168.88.181 user:fa_db database:FA_MEM redisPort:6379 redisIp:192.168.88.119 redisPassword:"" redisDB:3 poolname:FA_MEM port:3306 password:1qaz!QAZ charset:utf8]
SqlString  SELECT RTP,Amount,Bonus  FROM M_RtpSetting  WHERE Sid = 1   AND State = 1   AND LTG_Code = 4 AND Gid = 40
sqlResult   map[result: count:0 state:0]
[2020-01-02 12:34:35] rtpData ------->   map[result: count:0 state:0] 
[GIN] 2020/01/02 - 12:34:35 | 200 |    2.354658ms |  192.168.66.115 | POST     /getResult
sqlResult   map[state:0 result: count:0]
[2020-01-02 12:34:35] rtpData ------->   map[result: count:0 state:0] 
[GIN] 2020/01/02 - 12:34:35 | 200 |    2.403951ms |  192.168.66.115 | POST     /getResult
[2020-01-02 12:34:35] 自開彩開獎  {202001020252 4 41 true} 
ConfigData  map[redisPort:6379 redisDB:3 ip:192.168.88.181 database:FA_MEM charset:utf8 redisIp:192.168.88.119 redisPassword:"" poolname:FA_MEM port:3306 user:fa_db password:1qaz!QAZ]
SqlString  SELECT RTP,Amount,Bonus  FROM M_RtpSetting  WHERE Sid = 1   AND State = 1   AND LTG_Code = 4 AND Gid = 41
sqlResult   map[count:0 state:0 result:]
[2020-01-02 12:34:35] rtpData ------->   map[result: count:0 state:0] 
[GIN] 2020/01/02 - 12:34:35 | 200 |    1.844775ms |  192.168.66.115 | POST     /getResult
[2020-01-02 12:34:35] 自開彩開獎  {202001020755 6 36 true} 
ConfigData  map[database:FA_MEM charset:utf8 redisIp:192.168.88.119 redisPassword:"" redisDB:3 poolname:FA_MEM port:3306 password:1qaz!QAZ redisPort:6379 ip:192.168.88.181 user:fa_db]
SqlString  SELECT RTP,Amount,Bonus  FROM M_RtpSetting  WHERE Sid = 1   AND State = 1   AND LTG_Code = 6 AND Gid = 36
sqlResult   map[result: count:0 state:0]
[2020-01-02 12:34:35] rtpData ------->   map[result: count:0 state:0] 
[GIN] 2020/01/02 - 12:34:35 | 200 |    2.854381ms |  192.168.66.115 | POST     /getResult
[2020-01-02 12:34:39] 自開彩開獎  {202001020755 1 34 true} 
ConfigData  map[poolname:FA_MEM database:FA_MEM charset:utf8 redisIp:192.168.88.119 redisPort:6379 ip:192.168.88.181 user:fa_db password:1qaz!QAZ redisPassword:"" redisDB:3 port:3306]
SqlString  SELECT RTP,Amount,Bonus  FROM M_RtpSetting  WHERE Sid = 1   AND State = 1   AND LTG_Code = 1 AND Gid = 34
sqlResult   map[result: count:0 state:0]
[2020-01-02 12:34:39] rtpData ------->   map[result: count:0 state:0] 
[GIN] 2020/01/02 - 12:34:39 | 200 |    5.231741ms |  192.168.66.115 | POST     /getResult
[2020-01-02 12:34:40] 自開彩開獎  {202001020252 1 35 true} 
ConfigData  map[redisDB:3 password:1qaz!QAZ database:FA_MEM redisIp:192.168.88.119 redisPort:6379 redisPassword:"" ip:192.168.88.181 poolname:FA_MEM port:3306 user:fa_db charset:utf8]
SqlString  SELECT RTP,Amount,Bonus  FROM M_RtpSetting  WHERE Sid = 1   AND State = 1   AND LTG_Code = 1 AND Gid = 35
sqlResult   map[result: count:0 state:0]
[2020-01-02 12:34:40] rtpData ------->   map[result: count:0 state:0] 
[GIN] 2020/01/02 - 12:34:40 | 200 |    2.601934ms |  192.168.66.115 | POST     /getResult
[2020-01-02 12:34:41] 自開彩開獎  {202001020755 5 38 true} 
ConfigData  map[redisPort:6379 redisPassword:"" redisDB:3 ip:192.168.88.181 port:3306 password:1qaz!QAZ database:FA_MEM poolname:FA_MEM user:fa_db charset:utf8 redisIp:192.168.88.119]
SqlString  SELECT RTP,Amount,Bonus  FROM M_RtpSetting  WHERE Sid = 1   AND State = 1   AND LTG_Code = 5 AND Gid = 38
[2020-01-02 12:34:41] 自開彩開獎  {202001020755 4 40 true} 
ConfigData  map[redisDB:3 user:fa_db database:FA_MEM redisIp:192.168.88.119 password:1qaz!QAZ charset:utf8 redisPort:6379 redisPassword:"" ip:192.168.88.181 poolname:FA_MEM port:3306]
SqlString  SELECT RTP,Amount,Bonus  FROM M_RtpSetting  WHERE Sid = 1   AND State = 1   AND LTG_Code = 4 AND Gid = 40
sqlResult   map[state:0 result: count:0]
[2020-01-02 12:34:41] rtpData ------->   map[result: count:0 state:0] 
sqlResult   map[result: count:0 state:0]
[2020-01-02 12:34:41] rtpData ------->   map[result: count:0 state:0] 
[GIN] 2020/01/02 - 12:34:41 | 200 |     2.31788ms |  192.168.66.115 | POST     /getResult
[GIN] 2020/01/02 - 12:34:41 | 200 |    2.375245ms |  192.168.66.115 | POST     /getResult
[2020-01-02 12:34:41] 自開彩開獎  {202001020252 4 41 true} 
ConfigData  map[poolname:FA_MEM port:3306 user:fa_db redisPassword:"" redisDB:3 ip:192.168.88.181 password:1qaz!QAZ database:FA_MEM charset:utf8 redisIp:192.168.88.119 redisPort:6379]
SqlString  SELECT RTP,Amount,Bonus  FROM M_RtpSetting  WHERE Sid = 1   AND State = 1   AND LTG_Code = 4 AND Gid = 41
sqlResult   map[result: count:0 state:0]
[2020-01-02 12:34:41] rtpData ------->   map[result: count:0 state:0] 
[GIN] 2020/01/02 - 12:34:41 | 200 |    3.143633ms |  192.168.66.115 | POST     /getResult
[2020-01-02 12:34:41] 自開彩開獎  {202001020755 6 36 true} 
ConfigData  map[charset:utf8 redisPort:6379 redisDB:3 ip:192.168.88.181 port:3306 user:fa_db password:1qaz!QAZ poolname:FA_MEM database:FA_MEM redisIp:192.168.88.119 redisPassword:""]
SqlString  SELECT RTP,Amount,Bonus  FROM M_RtpSetting  WHERE Sid = 1   AND State = 1   AND LTG_Code = 6 AND Gid = 36
sqlResult   map[result: count:0 state:0]
[2020-01-02 12:34:41] rtpData ------->   map[result: count:0 state:0] 
[GIN] 2020/01/02 - 12:34:41 | 200 |    2.461436ms |  192.168.66.115 | POST     /getResult
[2020-01-02 12:34:45] 自開彩開獎  {202001020755 1 34 true} 
ConfigData  map[poolname:FA_MEM password:1qaz!QAZ database:FA_MEM charset:utf8 redisPort:6379 ip:192.168.88.181 port:3306 user:fa_db redisIp:192.168.88.119 redisPassword:"" redisDB:3]
SqlString  SELECT RTP,Amount,Bonus  FROM M_RtpSetting  WHERE Sid = 1   AND State = 1   AND LTG_Code = 1 AND Gid = 34
sqlResult   map[count:0 state:0 result:]
[2020-01-02 12:34:45] rtpData ------->   map[result: count:0 state:0] 
[GIN] 2020/01/02 - 12:34:45 | 200 |    9.762412ms |  192.168.66.115 | POST     /getResult
[2020-01-02 12:34:46] 自開彩開獎  {202001020252 1 35 true} 
ConfigData  map[port:3306 user:fa_db charset:utf8 redisPassword:"" ip:192.168.88.181 password:1qaz!QAZ database:FA_MEM redisIp:192.168.88.119 redisPort:6379 redisDB:3 poolname:FA_MEM]
SqlString  SELECT RTP,Amount,Bonus  FROM M_RtpSetting  WHERE Sid = 1   AND State = 1   AND LTG_Code = 1 AND Gid = 35
sqlResult   map[result: count:0 state:0]
[2020-01-02 12:34:46] rtpData ------->   map[result: count:0 state:0] 
[GIN] 2020/01/02 - 12:34:46 | 200 |    2.944686ms |  192.168.66.115 | POST     /getResult
[2020-01-02 12:34:47] 自開彩開獎  {202001020755 5 38 true} 
ConfigData  map[redisPassword:"" redisDB:3 ip:192.168.88.181 poolname:FA_MEM port:3306 user:fa_db password:1qaz!QAZ database:FA_MEM charset:utf8 redisIp:192.168.88.119 redisPort:6379]
SqlString  SELECT RTP,Amount,Bonus  FROM M_RtpSetting  WHERE Sid = 1   AND State = 1   AND LTG_Code = 5 AND Gid = 38
[2020-01-02 12:34:47] 自開彩開獎  {202001020755 4 40 true} 
ConfigData  map[redisDB:3 ip:192.168.88.181 poolname:FA_MEM password:1qaz!QAZ redisPassword:"" redisIp:192.168.88.119 redisPort:6379 port:3306 user:fa_db database:FA_MEM charset:utf8]
SqlString  SELECT RTP,Amount,Bonus  FROM M_RtpSetting  WHERE Sid = 1   AND State = 1   AND LTG_Code = 4 AND Gid = 40
sqlResult   map[result: count:0 state:0]
[2020-01-02 12:34:47] rtpData ------->   map[result: count:0 state:0] 
[GIN] 2020/01/02 - 12:34:47 | 200 |    2.241493ms |  192.168.66.115 | POST     /getResult
sqlResult   map[result: count:0 state:0]
[2020-01-02 12:34:47] rtpData ------->   map[state:0 result: count:0] 
[GIN] 2020/01/02 - 12:34:47 | 200 |    2.261606ms |  192.168.66.115 | POST     /getResult
[2020-01-02 12:34:47] 自開彩開獎  {202001020252 4 41 true} 
ConfigData  map[ip:192.168.88.181 user:fa_db password:1qaz!QAZ charset:utf8 redisPort:6379 redisDB:3 poolname:FA_MEM port:3306 database:FA_MEM redisIp:192.168.88.119 redisPassword:""]
SqlString  SELECT RTP,Amount,Bonus  FROM M_RtpSetting  WHERE Sid = 1   AND State = 1   AND LTG_Code = 4 AND Gid = 41
sqlResult   map[result: count:0 state:0]
[2020-01-02 12:34:47] rtpData ------->   map[result: count:0 state:0] 
[GIN] 2020/01/02 - 12:34:47 | 200 |    2.159153ms |  192.168.66.115 | POST     /getResult
[2020-01-02 12:34:47] 自開彩開獎  {202001020755 6 36 true} 
ConfigData  map[charset:utf8 redisPort:6379 ip:192.168.88.181 poolname:FA_MEM user:fa_db password:1qaz!QAZ redisDB:3 port:3306 database:FA_MEM redisIp:192.168.88.119 redisPassword:""]
SqlString  SELECT RTP,Amount,Bonus  FROM M_RtpSetting  WHERE Sid = 1   AND State = 1   AND LTG_Code = 6 AND Gid = 36
sqlResult   map[result: count:0 state:0]
[2020-01-02 12:34:47] rtpData ------->   map[result: count:0 state:0] 
[GIN] 2020/01/02 - 12:34:47 | 200 |    2.735541ms |  192.168.66.115 | POST     /getResult
[2020-01-02 12:34:51] 自開彩開獎  {202001020755 1 34 true} 
ConfigData  map[port:3306 charset:utf8 redisPassword:"" redisDB:3 ip:192.168.88.181 poolname:FA_MEM database:FA_MEM redisIp:192.168.88.119 redisPort:6379 user:fa_db password:1qaz!QAZ]
SqlString  SELECT RTP,Amount,Bonus  FROM M_RtpSetting  WHERE Sid = 1   AND State = 1   AND LTG_Code = 1 AND Gid = 34
sqlResult   map[result: count:0 state:0]
[2020-01-02 12:34:51] rtpData ------->   map[state:0 result: count:0] 
[GIN] 2020/01/02 - 12:34:51 | 200 |    2.555519ms |  192.168.66.115 | POST     /getResult
[2020-01-02 12:34:52] 自開彩開獎  {202001020252 1 35 true} 
ConfigData  map[ip:192.168.88.181 poolname:FA_MEM redisIp:192.168.88.119 redisPort:6379 redisPassword:"" port:3306 user:fa_db password:1qaz!QAZ database:FA_MEM charset:utf8 redisDB:3]
SqlString  SELECT RTP,Amount,Bonus  FROM M_RtpSetting  WHERE Sid = 1   AND State = 1   AND LTG_Code = 1 AND Gid = 35
sqlResult   map[state:0 result: count:0]
[2020-01-02 12:34:52] rtpData ------->   map[result: count:0 state:0] 
[GIN] 2020/01/02 - 12:34:52 | 200 |    2.622386ms |  192.168.66.115 | POST     /getResult
[2020-01-02 12:34:53] 自開彩開獎  {202001020755 5 38 true} 
ConfigData  map[redisDB:3 poolname:FA_MEM password:1qaz!QAZ database:FA_MEM redisIp:192.168.88.119 redisPassword:"" ip:192.168.88.181 port:3306 user:fa_db charset:utf8 redisPort:6379]
SqlString  SELECT RTP,Amount,Bonus  FROM M_RtpSetting  WHERE Sid = 1   AND State = 1   AND LTG_Code = 5 AND Gid = 38
[2020-01-02 12:34:53] 自開彩開獎  {202001020755 4 40 true} 
ConfigData  map[redisPort:6379 redisPassword:"" poolname:FA_MEM port:3306 user:fa_db charset:utf8 redisDB:3 ip:192.168.88.181 password:1qaz!QAZ database:FA_MEM redisIp:192.168.88.119]
SqlString  SELECT RTP,Amount,Bonus  FROM M_RtpSetting  WHERE Sid = 1   AND State = 1   AND LTG_Code = 4 AND Gid = 40
sqlResult   map[result: count:0 state:0]
[2020-01-02 12:34:53] rtpData ------->   map[result: count:0 state:0] 
[GIN] 2020/01/02 - 12:34:53 | 200 |     2.39335ms |  192.168.66.115 | POST     /getResult
sqlResult   map[state:0 result: count:0]
[2020-01-02 12:34:53] rtpData ------->   map[result: count:0 state:0] 
[GIN] 2020/01/02 - 12:34:53 | 200 |    2.723275ms |  192.168.66.115 | POST     /getResult
[2020-01-02 12:34:53] 自開彩開獎  {202001020252 4 41 true} 
ConfigData  map[redisDB:3 poolname:FA_MEM port:3306 database:FA_MEM redisIp:192.168.88.119 redisPassword:"" ip:192.168.88.181 user:fa_db password:1qaz!QAZ charset:utf8 redisPort:6379]
SqlString  SELECT RTP,Amount,Bonus  FROM M_RtpSetting  WHERE Sid = 1   AND State = 1   AND LTG_Code = 4 AND Gid = 41
sqlResult   map[result: count:0 state:0]
[2020-01-02 12:34:53] rtpData ------->   map[result: count:0 state:0] 
[GIN] 2020/01/02 - 12:34:53 | 200 |    1.987745ms |  192.168.66.115 | POST     /getResult
[2020-01-02 12:34:53] 自開彩開獎  {202001020755 6 36 true} 
ConfigData  map[poolname:FA_MEM user:fa_db password:1qaz!QAZ charset:utf8 redisPort:6379 ip:192.168.88.181 port:3306 database:FA_MEM redisIp:192.168.88.119 redisPassword:"" redisDB:3]
SqlString  SELECT RTP,Amount,Bonus  FROM M_RtpSetting  WHERE Sid = 1   AND State = 1   AND LTG_Code = 6 AND Gid = 36
sqlResult   map[result: count:0 state:0]
[2020-01-02 12:34:53] rtpData ------->   map[result: count:0 state:0] 
[GIN] 2020/01/02 - 12:34:53 | 200 |    2.764141ms |  192.168.66.115 | POST     /getResult
[2020-01-02 12:34:57] 自開彩開獎  {202001020755 1 34 true} 
ConfigData  map[ip:192.168.88.181 poolname:FA_MEM port:3306 user:fa_db password:1qaz!QAZ redisDB:3 database:FA_MEM charset:utf8 redisIp:192.168.88.119 redisPort:6379 redisPassword:""]
SqlString  SELECT RTP,Amount,Bonus  FROM M_RtpSetting  WHERE Sid = 1   AND State = 1   AND LTG_Code = 1 AND Gid = 34
sqlResult   map[result: count:0 state:0]
[2020-01-02 12:34:57] rtpData ------->   map[result: count:0 state:0] 
[GIN] 2020/01/02 - 12:34:57 | 200 |    2.199639ms |  192.168.66.115 | POST     /getResult
[2020-01-02 12:34:58] 自開彩開獎  {202001020252 1 35 true} 
ConfigData  map[redisDB:3 ip:192.168.88.181 poolname:FA_MEM port:3306 redisPort:6379 redisPassword:"" user:fa_db password:1qaz!QAZ database:FA_MEM charset:utf8 redisIp:192.168.88.119]
SqlString  SELECT RTP,Amount,Bonus  FROM M_RtpSetting  WHERE Sid = 1   AND State = 1   AND LTG_Code = 1 AND Gid = 35
sqlResult   map[count:0 state:0 result:]
[2020-01-02 12:34:58] rtpData ------->   map[state:0 result: count:0] 
[GIN] 2020/01/02 - 12:34:58 | 200 |    2.553955ms |  192.168.66.115 | POST     /getResult
[2020-01-02 12:34:59] 自開彩開獎  {202001020755 5 38 true} 
ConfigData  map[password:1qaz!QAZ redisPort:6379 ip:192.168.88.181 port:3306 user:fa_db database:FA_MEM charset:utf8 redisIp:192.168.88.119 redisPassword:"" redisDB:3 poolname:FA_MEM]
SqlString  SELECT RTP,Amount,Bonus  FROM M_RtpSetting  WHERE Sid = 1   AND State = 1   AND LTG_Code = 5 AND Gid = 38
[2020-01-02 12:34:59] 自開彩開獎  {202001020755 4 40 true} 
ConfigData  map[ip:192.168.88.181 port:3306 database:FA_MEM charset:utf8 redisIp:192.168.88.119 redisDB:3 poolname:FA_MEM user:fa_db password:1qaz!QAZ redisPort:6379 redisPassword:""]
SqlString  SELECT RTP,Amount,Bonus  FROM M_RtpSetting  WHERE Sid = 1   AND State = 1   AND LTG_Code = 4 AND Gid = 40
sqlResult   map[result: count:0 state:0]
[2020-01-02 12:34:59] rtpData ------->   map[result: count:0 state:0] 
[GIN] 2020/01/02 - 12:34:59 | 200 |     2.62049ms |  192.168.66.115 | POST     /getResult
sqlResult   map[result: count:0 state:0]
[2020-01-02 12:34:59] rtpData ------->   map[state:0 result: count:0] 
[GIN] 2020/01/02 - 12:34:59 | 200 |    1.883715ms |  192.168.66.115 | POST     /getResult
[2020-01-02 12:34:59] 自開彩開獎  {202001020252 4 41 true} 
ConfigData  map[ip:192.168.88.181 poolname:FA_MEM user:fa_db redisPassword:"" port:3306 password:1qaz!QAZ database:FA_MEM charset:utf8 redisIp:192.168.88.119 redisPort:6379 redisDB:3]
SqlString  SELECT RTP,Amount,Bonus  FROM M_RtpSetting  WHERE Sid = 1   AND State = 1   AND LTG_Code = 4 AND Gid = 41
sqlResult   map[result: count:0 state:0]
[2020-01-02 12:34:59] rtpData ------->   map[result: count:0 state:0] 
[GIN] 2020/01/02 - 12:34:59 | 200 |    3.160807ms |  192.168.66.115 | POST     /getResult
[2020-01-02 12:34:59] 自開彩開獎  {202001020755 6 36 true} 
ConfigData  map[password:1qaz!QAZ redisIp:192.168.88.119 redisPassword:"" redisDB:3 port:3306 user:fa_db database:FA_MEM charset:utf8 redisPort:6379 ip:192.168.88.181 poolname:FA_MEM]
SqlString  SELECT RTP,Amount,Bonus  FROM M_RtpSetting  WHERE Sid = 1   AND State = 1   AND LTG_Code = 6 AND Gid = 36
sqlResult   map[result: count:0 state:0]
[2020-01-02 12:34:59] rtpData ------->   map[result: count:0 state:0] 
[GIN] 2020/01/02 - 12:34:59 | 200 |    2.084361ms |  192.168.66.115 | POST     /getResult
[2020-01-02 12:35:01] 自開彩開獎  {202001020152 5 39 true} 
ConfigData  map[charset:utf8 redisPort:6379 ip:192.168.88.181 database:FA_MEM user:fa_db password:1qaz!QAZ redisIp:192.168.88.119 redisPassword:"" redisDB:3 poolname:FA_MEM port:3306]
SqlString  SELECT RTP,Amount,Bonus  FROM M_RtpSetting  WHERE Sid = 1   AND State = 1   AND LTG_Code = 5 AND Gid = 39
sqlResult   map[result: count:0 state:0]
[2020-01-02 12:35:01] rtpData ------->   map[result: count:0 state:0] 
[GIN] 2020/01/02 - 12:35:01 | 200 |     2.26845ms |  192.168.66.115 | POST     /getResult
[2020-01-02 12:35:01] 自開彩開獎  {202001020756 2 26 true} 
ConfigData  map[poolname:FA_MEM port:3306 charset:utf8 redisPort:6379 ip:192.168.88.181 password:1qaz!QAZ database:FA_MEM redisIp:192.168.88.119 redisPassword:"" redisDB:3 user:fa_db]
SqlString  SELECT RTP,Amount,Bonus  FROM M_RtpSetting  WHERE Sid = 1   AND State = 1   AND LTG_Code = 2 AND Gid = 26
[2020-01-02 12:35:01] 自開彩開獎  {20200102152 2 28 true} 
ConfigData  map[password:1qaz!QAZ charset:utf8 redisIp:192.168.88.119 redisPort:6379 redisPassword:"" ip:192.168.88.181 port:3306 user:fa_db redisDB:3 poolname:FA_MEM database:FA_MEM]
SqlString  SELECT RTP,Amount,Bonus  FROM M_RtpSetting  WHERE Sid = 1   AND State = 1   AND LTG_Code = 2 AND Gid = 28
sqlResult   map[amount:1.0069588e+06 bonus:908100.71 result:0.9600 count:1 state:1]
[2020-01-02 12:35:01] rtpData ------->   map[result:0.9600 count:1 state:1 amount:1.0069588e+06 bonus:908100.71] 
sqlResult   map[result:0.9600 count:1 state:1 amount:234518 bonus:161148.41]
ConfigData  map[charset:utf8 redisIp:192.168.88.119 redisPort:6379 ip:192.168.88.181 poolname:FA_MEM port:3306 redisPassword:"" redisDB:3 user:fa_db password:1qaz!QAZ database:FA_MEM]
[2020-01-02 12:35:01] rtpData ------->   map[state:1 amount:234518 bonus:161148.41 result:0.9600 count:1] 
SELECT BO_No, BO_OrderNo , BO_User , BO_Issue  , BO_LotteryTypeGroup, BO_LotteryType, BO_Mode, BO_LotteryPlayGroup, BO_LotteryPlay , BO_LotteryContent, BO_Price, BO_RealPrice, BO_Unit, BO_Multiple , BO_BetCount  , BO_Winnings, BO_Winnings2, BO_Winnings3, BO_WinningLimit  , BO_Water , BO_BW_SourceUserId, BO_BW_BackWater, BO_BW_LimitBetCount, BO_BW_MaxAmount, BO_BW_AuditMultiple  , BO_Odds, BO_Odds2, BO_Odds3 , BO_Type, BO_Chase , BO_OpenResult, BO_OpenResult2, BO_DateDraw, BO_DateDraw2, BO_DateUpdate  FROM TS_BetOrder  WHERE BO_Cancel = 0   AND BO_CancelBackend = 0   AND BO_LotteryTypeGroup = 2 AND BO_LotteryType = 26 AND BO_Issue = 202001020756 AND BO_Collect = 0 ORDER BY BO_DateDraw ASC, BO_DateCreate ASC, BO_DateUpdate ASC, BO_No ASC ;
ConfigData  map[redisPort:6379 redisPassword:"" poolname:FA_MEM user:fa_db password:1qaz!QAZ database:FA_MEM charset:utf8 ip:192.168.88.181 port:3306 redisIp:192.168.88.119 redisDB:3]
SELECT BO_No, BO_OrderNo , BO_User , BO_Issue  , BO_LotteryTypeGroup, BO_LotteryType, BO_Mode, BO_LotteryPlayGroup, BO_LotteryPlay , BO_LotteryContent, BO_Price, BO_RealPrice, BO_Unit, BO_Multiple , BO_BetCount  , BO_Winnings, BO_Winnings2, BO_Winnings3, BO_WinningLimit  , BO_Water , BO_BW_SourceUserId, BO_BW_BackWater, BO_BW_LimitBetCount, BO_BW_MaxAmount, BO_BW_AuditMultiple  , BO_Odds, BO_Odds2, BO_Odds3 , BO_Type, BO_Chase , BO_OpenResult, BO_OpenResult2, BO_DateDraw, BO_DateDraw2, BO_DateUpdate  FROM TS_BetOrder  WHERE BO_Cancel = 0   AND BO_CancelBackend = 0   AND BO_LotteryTypeGroup = 2 AND BO_LotteryType = 28 AND BO_Issue = 20200102152 AND BO_Collect = 0 ORDER BY BO_DateDraw ASC, BO_DateCreate ASC, BO_DateUpdate ASC, BO_No ASC ;
[2020-01-02 12:35:01] LottteryTypeGroup 2 
[2020-01-02 12:35:01] 有期號 但無注單 -------> map[amount:0 bonus:0 thisOpenResult:[1 1 3 5 4]] 
[2020-01-02 12:35:01] LottteryTypeGroup 2 
[2020-01-02 12:35:01] 有期號 但無注單 -------> map[amount:0 bonus:0 thisOpenResult:[3 2 3 0 4]] 
[GIN] 2020/01/02 - 12:35:01 | 200 |    5.418214ms |  192.168.66.115 | POST     /getResult
[GIN] 2020/01/02 - 12:35:01 | 200 |    5.427645ms |  192.168.66.115 | POST     /getResult
[2020-01-02 12:35:03] 自開彩開獎  {202001020755 1 34 true} 
ConfigData  map[redisPassword:"" poolname:FA_MEM port:3306 password:1qaz!QAZ database:FA_MEM charset:utf8 redisIp:192.168.88.119 redisPort:6379 redisDB:3 ip:192.168.88.181 user:fa_db]
SqlString  SELECT RTP,Amount,Bonus  FROM M_RtpSetting  WHERE Sid = 1   AND State = 1   AND LTG_Code = 1 AND Gid = 34
sqlResult   map[state:0 result: count:0]
[2020-01-02 12:35:03] rtpData ------->   map[result: count:0 state:0] 
[GIN] 2020/01/02 - 12:35:03 | 200 |    2.092346ms |  192.168.66.115 | POST     /getResult
[2020-01-02 12:35:04] 自開彩開獎  {202001020252 1 35 true} 
ConfigData  map[password:1qaz!QAZ redisPort:6379 redisPassword:"" redisDB:3 user:fa_db poolname:FA_MEM port:3306 database:FA_MEM charset:utf8 redisIp:192.168.88.119 ip:192.168.88.181]
SqlString  SELECT RTP,Amount,Bonus  FROM M_RtpSetting  WHERE Sid = 1   AND State = 1   AND LTG_Code = 1 AND Gid = 35
sqlResult   map[result: count:0 state:0]
[2020-01-02 12:35:04] rtpData ------->   map[result: count:0 state:0] 
[GIN] 2020/01/02 - 12:35:04 | 200 |    2.569538ms |  192.168.66.115 | POST     /getResult
[2020-01-02 12:35:05] 自開彩開獎  {202001020755 5 38 true} 
ConfigData  map[redisIp:192.168.88.119 redisDB:3 ip:192.168.88.181 port:3306 user:fa_db password:1qaz!QAZ redisPassword:"" poolname:FA_MEM database:FA_MEM charset:utf8 redisPort:6379]
SqlString  SELECT RTP,Amount,Bonus  FROM M_RtpSetting  WHERE Sid = 1   AND State = 1   AND LTG_Code = 5 AND Gid = 38
sqlResult   map[result: count:0 state:0]
[2020-01-02 12:35:05] rtpData ------->   map[result: count:0 state:0] 
[GIN] 2020/01/02 - 12:35:05 | 200 |    2.442984ms |  192.168.66.115 | POST     /getResult
[2020-01-02 12:35:05] 自開彩開獎  {202001020755 4 40 true} 
ConfigData  map[password:1qaz!QAZ database:FA_MEM charset:utf8 redisPort:6379 redisPassword:"" ip:192.168.88.181 poolname:FA_MEM port:3306 user:fa_db redisIp:192.168.88.119 redisDB:3]
SqlString  SELECT RTP,Amount,Bonus  FROM M_RtpSetting  WHERE Sid = 1   AND State = 1   AND LTG_Code = 4 AND Gid = 40
sqlResult   map[count:0 state:0 result:]
[2020-01-02 12:35:05] rtpData ------->   map[result: count:0 state:0] 
[GIN] 2020/01/02 - 12:35:05 | 200 |    2.231702ms |  192.168.66.115 | POST     /getResult
[2020-01-02 12:35:05] 自開彩開獎  {202001020252 4 41 true} 
ConfigData  map[redisDB:3 poolname:FA_MEM port:3306 database:FA_MEM charset:utf8 redisIp:192.168.88.119 redisPort:6379 redisPassword:"" ip:192.168.88.181 user:fa_db password:1qaz!QAZ]
SqlString  SELECT RTP,Amount,Bonus  FROM M_RtpSetting  WHERE Sid = 1   AND State = 1   AND LTG_Code = 4 AND Gid = 41
sqlResult   map[result: count:0 state:0]
[2020-01-02 12:35:05] rtpData ------->   map[result: count:0 state:0] 
[GIN] 2020/01/02 - 12:35:05 | 200 |    2.571991ms |  192.168.66.115 | POST     /getResult
[2020-01-02 12:35:05] 自開彩開獎  {202001020755 6 36 true} 
ConfigData  map[password:1qaz!QAZ charset:utf8 redisPort:6379 redisDB:3 ip:192.168.88.181 poolname:FA_MEM port:3306 user:fa_db database:FA_MEM redisIp:192.168.88.119 redisPassword:""]
SqlString  SELECT RTP,Amount,Bonus  FROM M_RtpSetting  WHERE Sid = 1   AND State = 1   AND LTG_Code = 6 AND Gid = 36
sqlResult   map[result: count:0 state:0]
[2020-01-02 12:35:05] rtpData ------->   map[count:0 state:0 result:] 
[GIN] 2020/01/02 - 12:35:05 | 200 |    2.261592ms |  192.168.66.115 | POST     /getResult
[2020-01-02 12:35:07] 自開彩開獎  {202001020152 5 39 true} 
ConfigData  map[database:FA_MEM charset:utf8 redisIp:192.168.88.119 redisPort:6379 redisPassword:"" ip:192.168.88.181 poolname:FA_MEM user:fa_db port:3306 password:1qaz!QAZ redisDB:3]
SqlString  SELECT RTP,Amount,Bonus  FROM M_RtpSetting  WHERE Sid = 1   AND State = 1   AND LTG_Code = 5 AND Gid = 39
sqlResult   map[count:0 state:0 result:]
[2020-01-02 12:35:07] rtpData ------->   map[result: count:0 state:0] 
[GIN] 2020/01/02 - 12:35:07 | 200 |    2.334723ms |  192.168.66.115 | POST     /getResult
[2020-01-02 12:35:09] 自開彩開獎  {202001020756 1 34 true} 
ConfigData  map[charset:utf8 redisPort:6379 ip:192.168.88.181 poolname:FA_MEM port:3306 user:fa_db password:1qaz!QAZ database:FA_MEM redisDB:3 redisIp:192.168.88.119 redisPassword:""]
SqlString  SELECT RTP,Amount,Bonus  FROM M_RtpSetting  WHERE Sid = 1   AND State = 1   AND LTG_Code = 1 AND Gid = 34
sqlResult   map[result: count:0 state:0]
[2020-01-02 12:35:09] rtpData ------->   map[count:0 state:0 result:] 
[GIN] 2020/01/02 - 12:35:09 | 200 |    2.953307ms |  192.168.66.115 | POST     /getResult
[2020-01-02 12:35:10] 自開彩開獎  {202001020252 1 35 true} 
ConfigData  map[password:1qaz!QAZ database:FA_MEM redisIp:192.168.88.119 redisPassword:"" redisDB:3 poolname:FA_MEM port:3306 user:fa_db charset:utf8 redisPort:6379 ip:192.168.88.181]
SqlString  SELECT RTP,Amount,Bonus  FROM M_RtpSetting  WHERE Sid = 1   AND State = 1   AND LTG_Code = 1 AND Gid = 35
sqlResult   map[result: count:0 state:0]
[2020-01-02 12:35:10] rtpData ------->   map[result: count:0 state:0] 
[GIN] 2020/01/02 - 12:35:10 | 200 |    2.305468ms |  192.168.66.115 | POST     /getResult
[2020-01-02 12:35:11] 自開彩開獎  {202001020756 5 38 true} 
ConfigData  map[redisIp:192.168.88.119 redisPassword:"" redisDB:3 user:fa_db database:FA_MEM charset:utf8 password:1qaz!QAZ redisPort:6379 ip:192.168.88.181 poolname:FA_MEM port:3306]
SqlString  SELECT RTP,Amount,Bonus  FROM M_RtpSetting  WHERE Sid = 1   AND State = 1   AND LTG_Code = 5 AND Gid = 38
[2020-01-02 12:35:11] 自開彩開獎  {202001020756 4 40 true} 
ConfigData  map[poolname:FA_MEM port:3306 user:fa_db password:1qaz!QAZ database:FA_MEM charset:utf8 redisPort:6379 redisPassword:"" ip:192.168.88.181 redisIp:192.168.88.119 redisDB:3]
SqlString  SELECT RTP,Amount,Bonus  FROM M_RtpSetting  WHERE Sid = 1   AND State = 1   AND LTG_Code = 4 AND Gid = 40
sqlResult   map[result: count:0 state:0]
[2020-01-02 12:35:11] rtpData ------->   map[count:0 state:0 result:] 
[GIN] 2020/01/02 - 12:35:11 | 200 |    1.930542ms |  192.168.66.115 | POST     /getResult
sqlResult   map[result: count:0 state:0]
[2020-01-02 12:35:11] rtpData ------->   map[result: count:0 state:0] 
[GIN] 2020/01/02 - 12:35:11 | 200 |    2.224148ms |  192.168.66.115 | POST     /getResult
[2020-01-02 12:35:11] 自開彩開獎  {202001020252 4 41 true} 
ConfigData  map[poolname:FA_MEM port:3306 user:fa_db database:FA_MEM charset:utf8 redisIp:192.168.88.119 ip:192.168.88.181 redisPort:6379 redisPassword:"" redisDB:3 password:1qaz!QAZ]
SqlString  SELECT RTP,Amount,Bonus  FROM M_RtpSetting  WHERE Sid = 1   AND State = 1   AND LTG_Code = 4 AND Gid = 41
sqlResult   map[result: count:0 state:0]
[2020-01-02 12:35:11] rtpData ------->   map[result: count:0 state:0] 
[GIN] 2020/01/02 - 12:35:11 | 200 |    3.823479ms |  192.168.66.115 | POST     /getResult
[2020-01-02 12:35:11] 自開彩開獎  {202001020756 6 36 true} 
ConfigData  map[redisDB:3 port:3306 user:fa_db password:1qaz!QAZ database:FA_MEM redisIp:192.168.88.119 redisPort:6379 redisPassword:"" ip:192.168.88.181 poolname:FA_MEM charset:utf8]
SqlString  SELECT RTP,Amount,Bonus  FROM M_RtpSetting  WHERE Sid = 1   AND State = 1   AND LTG_Code = 6 AND Gid = 36
sqlResult   map[result: count:0 state:0]
[2020-01-02 12:35:11] rtpData ------->   map[state:0 result: count:0] 
[GIN] 2020/01/02 - 12:35:11 | 200 |    3.048621ms |  192.168.66.115 | POST     /getResult
[2020-01-02 12:35:13] 自開彩開獎  {202001020152 5 39 true} 
ConfigData  map[ip:192.168.88.181 user:fa_db password:1qaz!QAZ redisDB:3 redisIp:192.168.88.119 redisPort:6379 redisPassword:"" poolname:FA_MEM port:3306 database:FA_MEM charset:utf8]
SqlString  SELECT RTP,Amount,Bonus  FROM M_RtpSetting  WHERE Sid = 1   AND State = 1   AND LTG_Code = 5 AND Gid = 39
sqlResult   map[result: count:0 state:0]
[2020-01-02 12:35:13] rtpData ------->   map[result: count:0 state:0] 
[GIN] 2020/01/02 - 12:35:13 | 200 |    2.352613ms |  192.168.66.115 | POST     /getResult
[2020-01-02 12:35:15] 自開彩開獎  {202001020756 1 34 true} 
ConfigData  map[ip:192.168.88.181 poolname:FA_MEM port:3306 password:1qaz!QAZ database:FA_MEM redisDB:3 user:fa_db charset:utf8 redisIp:192.168.88.119 redisPort:6379 redisPassword:""]
SqlString  SELECT RTP,Amount,Bonus  FROM M_RtpSetting  WHERE Sid = 1   AND State = 1   AND LTG_Code = 1 AND Gid = 34
sqlResult   map[result: count:0 state:0]
[2020-01-02 12:35:15] rtpData ------->   map[result: count:0 state:0] 
[GIN] 2020/01/02 - 12:35:15 | 200 |    2.686437ms |  192.168.66.115 | POST     /getResult
[2020-01-02 12:35:16] 自開彩開獎  {202001020252 1 35 true} 
ConfigData  map[redisIp:192.168.88.119 redisDB:3 user:fa_db poolname:FA_MEM port:3306 password:1qaz!QAZ database:FA_MEM charset:utf8 redisPort:6379 redisPassword:"" ip:192.168.88.181]
SqlString  SELECT RTP,Amount,Bonus  FROM M_RtpSetting  WHERE Sid = 1   AND State = 1   AND LTG_Code = 1 AND Gid = 35
sqlResult   map[result: count:0 state:0]
[2020-01-02 12:35:16] rtpData ------->   map[state:0 result: count:0] 
[GIN] 2020/01/02 - 12:35:16 | 200 |    2.948663ms |  192.168.66.115 | POST     /getResult
[2020-01-02 12:35:17] 自開彩開獎  {202001020756 5 38 true} 
ConfigData  map[password:1qaz!QAZ redisIp:192.168.88.119 redisDB:3 poolname:FA_MEM port:3306 user:fa_db redisPort:6379 redisPassword:"" ip:192.168.88.181 database:FA_MEM charset:utf8]
SqlString  SELECT RTP,Amount,Bonus  FROM M_RtpSetting  WHERE Sid = 1   AND State = 1   AND LTG_Code = 5 AND Gid = 38
sqlResult   map[state:0 result: count:0]
[2020-01-02 12:35:17] rtpData ------->   map[result: count:0 state:0] 
[GIN] 2020/01/02 - 12:35:17 | 200 |    2.247367ms |  192.168.66.115 | POST     /getResult
[2020-01-02 12:35:17] 自開彩開獎  {202001020756 4 40 true} 
ConfigData  map[charset:utf8 redisDB:3 ip:192.168.88.181 poolname:FA_MEM password:1qaz!QAZ database:FA_MEM redisIp:192.168.88.119 redisPort:6379 redisPassword:"" port:3306 user:fa_db]
SqlString  SELECT RTP,Amount,Bonus  FROM M_RtpSetting  WHERE Sid = 1   AND State = 1   AND LTG_Code = 4 AND Gid = 40
sqlResult   map[result: count:0 state:0]
[2020-01-02 12:35:17] rtpData ------->   map[result: count:0 state:0] 
[GIN] 2020/01/02 - 12:35:17 | 200 |    1.643451ms |  192.168.66.115 | POST     /getResult
[2020-01-02 12:35:17] 自開彩開獎  {202001020252 4 41 true} 
ConfigData  map[port:3306 database:FA_MEM redisPort:6379 redisDB:3 charset:utf8 redisIp:192.168.88.119 redisPassword:"" ip:192.168.88.181 poolname:FA_MEM user:fa_db password:1qaz!QAZ]
SqlString  SELECT RTP,Amount,Bonus  FROM M_RtpSetting  WHERE Sid = 1   AND State = 1   AND LTG_Code = 4 AND Gid = 41
sqlResult   map[result: count:0 state:0]
[2020-01-02 12:35:17] rtpData ------->   map[state:0 result: count:0] 
[GIN] 2020/01/02 - 12:35:17 | 200 |    2.285584ms |  192.168.66.115 | POST     /getResult
[2020-01-02 12:35:17] 自開彩開獎  {202001020756 6 36 true} 
ConfigData  map[redisIp:192.168.88.119 redisDB:3 ip:192.168.88.181 poolname:FA_MEM port:3306 password:1qaz!QAZ database:FA_MEM charset:utf8 user:fa_db redisPort:6379 redisPassword:""]
SqlString  SELECT RTP,Amount,Bonus  FROM M_RtpSetting  WHERE Sid = 1   AND State = 1   AND LTG_Code = 6 AND Gid = 36
sqlResult   map[result: count:0 state:0]
[2020-01-02 12:35:17] rtpData ------->   map[result: count:0 state:0] 
[GIN] 2020/01/02 - 12:35:17 | 200 |    2.554977ms |  192.168.66.115 | POST     /getResult
[2020-01-02 12:35:19] 自開彩開獎  {202001020152 5 39 true} 
ConfigData  map[redisPassword:"" ip:192.168.88.181 port:3306 password:1qaz!QAZ database:FA_MEM charset:utf8 redisIp:192.168.88.119 redisPort:6379 poolname:FA_MEM user:fa_db redisDB:3]
SqlString  SELECT RTP,Amount,Bonus  FROM M_RtpSetting  WHERE Sid = 1   AND State = 1   AND LTG_Code = 5 AND Gid = 39
sqlResult   map[result: count:0 state:0]
[2020-01-02 12:35:19] rtpData ------->   map[state:0 result: count:0] 
[GIN] 2020/01/02 - 12:35:19 | 200 |    2.245165ms |  192.168.66.115 | POST     /getResult
[2020-01-02 12:35:21] 自開彩開獎  {202001020756 1 34 true} 
ConfigData  map[ip:192.168.88.181 port:3306 password:1qaz!QAZ charset:utf8 redisIp:192.168.88.119 redisPassword:"" poolname:FA_MEM user:fa_db database:FA_MEM redisPort:6379 redisDB:3]
SqlString  SELECT RTP,Amount,Bonus  FROM M_RtpSetting  WHERE Sid = 1   AND State = 1   AND LTG_Code = 1 AND Gid = 34
sqlResult   map[result: count:0 state:0]
[2020-01-02 12:35:21] rtpData ------->   map[result: count:0 state:0] 
[GIN] 2020/01/02 - 12:35:21 | 200 |    2.612269ms |  192.168.66.115 | POST     /getResult
[2020-01-02 12:35:22] 自開彩開獎  {202001020252 1 35 true} 
ConfigData  map[port:3306 password:1qaz!QAZ charset:utf8 redisIp:192.168.88.119 poolname:FA_MEM user:fa_db database:FA_MEM redisPort:6379 redisPassword:"" redisDB:3 ip:192.168.88.181]
SqlString  SELECT RTP,Amount,Bonus  FROM M_RtpSetting  WHERE Sid = 1   AND State = 1   AND LTG_Code = 1 AND Gid = 35
sqlResult   map[state:0 result: count:0]
[2020-01-02 12:35:22] rtpData ------->   map[count:0 state:0 result:] 
[GIN] 2020/01/02 - 12:35:22 | 200 |    2.988823ms |  192.168.66.115 | POST     /getResult
[2020-01-02 12:35:23] 自開彩開獎  {202001020756 5 38 true} 
ConfigData  map[charset:utf8 redisPassword:"" redisPort:6379 ip:192.168.88.181 poolname:FA_MEM port:3306 user:fa_db password:1qaz!QAZ database:FA_MEM redisIp:192.168.88.119 redisDB:3]
SqlString  SELECT RTP,Amount,Bonus  FROM M_RtpSetting  WHERE Sid = 1   AND State = 1   AND LTG_Code = 5 AND Gid = 38
sqlResult   map[result: count:0 state:0]
[2020-01-02 12:35:23] rtpData ------->   map[state:0 result: count:0] 
[GIN] 2020/01/02 - 12:35:23 | 200 |    2.390955ms |  192.168.66.115 | POST     /getResult
[2020-01-02 12:35:23] 自開彩開獎  {202001020756 4 40 true} 
ConfigData  map[port:3306 user:fa_db password:1qaz!QAZ redisIp:192.168.88.119 redisPort:6379 redisDB:3 ip:192.168.88.181 poolname:FA_MEM redisPassword:"" database:FA_MEM charset:utf8]
SqlString  SELECT RTP,Amount,Bonus  FROM M_RtpSetting  WHERE Sid = 1   AND State = 1   AND LTG_Code = 4 AND Gid = 40
sqlResult   map[result: count:0 state:0]
[2020-01-02 12:35:23] rtpData ------->   map[result: count:0 state:0] 
[GIN] 2020/01/02 - 12:35:23 | 200 |    1.594332ms |  192.168.66.115 | POST     /getResult
[2020-01-02 12:35:23] 自開彩開獎  {202001020252 4 41 true} 
ConfigData  map[ip:192.168.88.181 port:3306 user:fa_db database:FA_MEM redisIp:192.168.88.119 redisPort:6379 poolname:FA_MEM password:1qaz!QAZ charset:utf8 redisPassword:"" redisDB:3]
SqlString  SELECT RTP,Amount,Bonus  FROM M_RtpSetting  WHERE Sid = 1   AND State = 1   AND LTG_Code = 4 AND Gid = 41
sqlResult   map[state:0 result: count:0]
[2020-01-02 12:35:23] rtpData ------->   map[count:0 state:0 result:] 
[GIN] 2020/01/02 - 12:35:23 | 200 |     2.58121ms |  192.168.66.115 | POST     /getResult
[2020-01-02 12:35:23] 自開彩開獎  {202001020756 6 36 true} 
ConfigData  map[poolname:FA_MEM user:fa_db charset:utf8 redisIp:192.168.88.119 redisDB:3 redisPassword:"" ip:192.168.88.181 port:3306 password:1qaz!QAZ database:FA_MEM redisPort:6379]
SqlString  SELECT RTP,Amount,Bonus  FROM M_RtpSetting  WHERE Sid = 1   AND State = 1   AND LTG_Code = 6 AND Gid = 36
sqlResult   map[result: count:0 state:0]
[2020-01-02 12:35:23] rtpData ------->   map[result: count:0 state:0] 
[GIN] 2020/01/02 - 12:35:23 | 200 |    2.444962ms |  192.168.66.115 | POST     /getResult
[2020-01-02 12:35:25] 自開彩開獎  {202001020152 5 39 true} 
ConfigData  map[port:3306 database:FA_MEM charset:utf8 redisPassword:"" poolname:FA_MEM user:fa_db password:1qaz!QAZ redisIp:192.168.88.119 redisPort:6379 redisDB:3 ip:192.168.88.181]
SqlString  SELECT RTP,Amount,Bonus  FROM M_RtpSetting  WHERE Sid = 1   AND State = 1   AND LTG_Code = 5 AND Gid = 39
sqlResult   map[result: count:0 state:0]
[2020-01-02 12:35:25] rtpData ------->   map[count:0 state:0 result:] 
[GIN] 2020/01/02 - 12:35:25 | 200 |    2.247601ms |  192.168.66.115 | POST     /getResult
[2020-01-02 12:35:27] 自開彩開獎  {202001020756 1 34 true} 
ConfigData  map[charset:utf8 redisIp:192.168.88.119 redisPassword:"" ip:192.168.88.181 user:fa_db password:1qaz!QAZ database:FA_MEM redisPort:6379 redisDB:3 poolname:FA_MEM port:3306]
SqlString  SELECT RTP,Amount,Bonus  FROM M_RtpSetting  WHERE Sid = 1   AND State = 1   AND LTG_Code = 1 AND Gid = 34
sqlResult   map[result: count:0 state:0]
[2020-01-02 12:35:27] rtpData ------->   map[result: count:0 state:0] 
[GIN] 2020/01/02 - 12:35:27 | 200 |    3.188099ms |  192.168.66.115 | POST     /getResult
[2020-01-02 12:35:28] 自開彩開獎  {202001020252 1 35 true} 
ConfigData  map[redisDB:3 ip:192.168.88.181 port:3306 password:1qaz!QAZ charset:utf8 redisPort:6379 redisPassword:"" poolname:FA_MEM user:fa_db database:FA_MEM redisIp:192.168.88.119]
SqlString  SELECT RTP,Amount,Bonus  FROM M_RtpSetting  WHERE Sid = 1   AND State = 1   AND LTG_Code = 1 AND Gid = 35
sqlResult   map[result: count:0 state:0]
[2020-01-02 12:35:28] rtpData ------->   map[result: count:0 state:0] 
[GIN] 2020/01/02 - 12:35:28 | 200 |    2.139868ms |  192.168.66.115 | POST     /getResult
[2020-01-02 12:35:29] 自開彩開獎  {202001020756 5 38 true} 
ConfigData  map[database:FA_MEM redisIp:192.168.88.119 redisPort:6379 redisPassword:"" redisDB:3 ip:192.168.88.181 port:3306 password:1qaz!QAZ charset:utf8 poolname:FA_MEM user:fa_db]
SqlString  SELECT RTP,Amount,Bonus  FROM M_RtpSetting  WHERE Sid = 1   AND State = 1   AND LTG_Code = 5 AND Gid = 38
[2020-01-02 12:35:29] 自開彩開獎  {202001020756 4 40 true} 
ConfigData  map[password:1qaz!QAZ database:FA_MEM charset:utf8 redisPort:6379 redisPassword:"" user:fa_db poolname:FA_MEM port:3306 redisIp:192.168.88.119 redisDB:3 ip:192.168.88.181]
SqlString  SELECT RTP,Amount,Bonus  FROM M_RtpSetting  WHERE Sid = 1   AND State = 1   AND LTG_Code = 4 AND Gid = 40
sqlResult   map[result: count:0 state:0]
[2020-01-02 12:35:29] rtpData ------->   map[result: count:0 state:0] 
[GIN] 2020/01/02 - 12:35:29 | 200 |    2.714555ms |  192.168.66.115 | POST     /getResult
sqlResult   map[count:0 state:0 result:]
[2020-01-02 12:35:29] rtpData ------->   map[result: count:0 state:0] 
[GIN] 2020/01/02 - 12:35:29 | 200 |     2.22532ms |  192.168.66.115 | POST     /getResult
[2020-01-02 12:35:29] 自開彩開獎  {202001020252 4 41 true} 
ConfigData  map[redisPassword:"" ip:192.168.88.181 password:1qaz!QAZ database:FA_MEM charset:utf8 redisIp:192.168.88.119 poolname:FA_MEM port:3306 user:fa_db redisPort:6379 redisDB:3]
SqlString  SELECT RTP,Amount,Bonus  FROM M_RtpSetting  WHERE Sid = 1   AND State = 1   AND LTG_Code = 4 AND Gid = 41
sqlResult   map[result: count:0 state:0]
[2020-01-02 12:35:29] rtpData ------->   map[result: count:0 state:0] 
[GIN] 2020/01/02 - 12:35:29 | 200 |    2.070069ms |  192.168.66.115 | POST     /getResult
[2020-01-02 12:35:29] 自開彩開獎  {202001020756 6 36 true} 
ConfigData  map[charset:utf8 redisPort:6379 ip:192.168.88.181 password:1qaz!QAZ user:fa_db database:FA_MEM redisIp:192.168.88.119 redisPassword:"" redisDB:3 poolname:FA_MEM port:3306]
SqlString  SELECT RTP,Amount,Bonus  FROM M_RtpSetting  WHERE Sid = 1   AND State = 1   AND LTG_Code = 6 AND Gid = 36
sqlResult   map[count:0 state:0 result:]
[2020-01-02 12:35:29] rtpData ------->   map[result: count:0 state:0] 
[GIN] 2020/01/02 - 12:35:29 | 200 |    2.164719ms |  192.168.66.115 | POST     /getResult
[2020-01-02 12:35:31] 自開彩開獎  {202001020152 5 39 true} 
ConfigData  map[ip:192.168.88.181 poolname:FA_MEM port:3306 redisIp:192.168.88.119 redisPassword:"" redisDB:3 user:fa_db password:1qaz!QAZ database:FA_MEM charset:utf8 redisPort:6379]
SqlString  SELECT RTP,Amount,Bonus  FROM M_RtpSetting  WHERE Sid = 1   AND State = 1   AND LTG_Code = 5 AND Gid = 39
sqlResult   map[result: count:0 state:0]
[2020-01-02 12:35:31] rtpData ------->   map[result: count:0 state:0] 
[GIN] 2020/01/02 - 12:35:31 | 200 |    2.554185ms |  192.168.66.115 | POST     /getResult
[2020-01-02 12:35:33] 自開彩開獎  {202001020756 1 34 true} 
ConfigData  map[database:FA_MEM charset:utf8 redisPort:6379 redisPassword:"" ip:192.168.88.181 poolname:FA_MEM port:3306 user:fa_db password:1qaz!QAZ redisIp:192.168.88.119 redisDB:3]
SqlString  SELECT RTP,Amount,Bonus  FROM M_RtpSetting  WHERE Sid = 1   AND State = 1   AND LTG_Code = 1 AND Gid = 34
sqlResult   map[result: count:0 state:0]
[2020-01-02 12:35:33] rtpData ------->   map[result: count:0 state:0] 
[GIN] 2020/01/02 - 12:35:33 | 200 |    2.389291ms |  192.168.66.115 | POST     /getResult
[2020-01-02 12:35:34] 自開彩開獎  {202001020252 1 35 true} 
ConfigData  map[ip:192.168.88.181 poolname:FA_MEM password:1qaz!QAZ charset:utf8 redisPassword:"" port:3306 user:fa_db database:FA_MEM redisIp:192.168.88.119 redisPort:6379 redisDB:3]
SqlString  SELECT RTP,Amount,Bonus  FROM M_RtpSetting  WHERE Sid = 1   AND State = 1   AND LTG_Code = 1 AND Gid = 35
sqlResult   map[result: count:0 state:0]
[2020-01-02 12:35:34] rtpData ------->   map[result: count:0 state:0] 
[GIN] 2020/01/02 - 12:35:34 | 200 |     2.37798ms |  192.168.66.115 | POST     /getResult
[2020-01-02 12:35:35] 自開彩開獎  {202001020756 5 38 true} 
[2020-01-02 12:35:35] 自開彩開獎  {202001020756 4 40 true} 
ConfigData  map[poolname:FA_MEM password:1qaz!QAZ redisIp:192.168.88.119 redisPassword:"" ip:192.168.88.181 port:3306 user:fa_db database:FA_MEM charset:utf8 redisPort:6379 redisDB:3]
ConfigData  map[redisPassword:"" ip:192.168.88.181 poolname:FA_MEM user:fa_db password:1qaz!QAZ redisIp:192.168.88.119 redisPort:6379 port:3306 database:FA_MEM charset:utf8 redisDB:3]
SqlString  SELECT RTP,Amount,Bonus  FROM M_RtpSetting  WHERE Sid = 1   AND State = 1   AND LTG_Code = 4 AND Gid = 40
SqlString  SELECT RTP,Amount,Bonus  FROM M_RtpSetting  WHERE Sid = 1   AND State = 1   AND LTG_Code = 5 AND Gid = 38
sqlResult   map[result: count:0 state:0]
[2020-01-02 12:35:35] rtpData ------->   map[result: count:0 state:0] 
[GIN] 2020/01/02 - 12:35:35 | 200 |    1.837791ms |  192.168.66.115 | POST     /getResult
sqlResult   map[result: count:0 state:0]
[2020-01-02 12:35:35] rtpData ------->   map[result: count:0 state:0] 
[GIN] 2020/01/02 - 12:35:35 | 200 |    2.360882ms |  192.168.66.115 | POST     /getResult
[2020-01-02 12:35:35] 自開彩開獎  {202001020252 4 41 true} 
ConfigData  map[redisPassword:"" port:3306 user:fa_db database:FA_MEM redisIp:192.168.88.119 redisPort:6379 redisDB:3 ip:192.168.88.181 poolname:FA_MEM password:1qaz!QAZ charset:utf8]
SqlString  SELECT RTP,Amount,Bonus  FROM M_RtpSetting  WHERE Sid = 1   AND State = 1   AND LTG_Code = 4 AND Gid = 41
sqlResult   map[result: count:0 state:0]
[2020-01-02 12:35:35] rtpData ------->   map[result: count:0 state:0] 
[GIN] 2020/01/02 - 12:35:35 | 200 |    2.592322ms |  192.168.66.115 | POST     /getResult
[2020-01-02 12:35:35] 自開彩開獎  {202001020756 6 36 true} 
ConfigData  map[ip:192.168.88.181 poolname:FA_MEM password:1qaz!QAZ redisIp:192.168.88.119 redisPort:6379 redisPassword:"" redisDB:3 port:3306 user:fa_db database:FA_MEM charset:utf8]
SqlString  SELECT RTP,Amount,Bonus  FROM M_RtpSetting  WHERE Sid = 1   AND State = 1   AND LTG_Code = 6 AND Gid = 36
sqlResult   map[state:0 result: count:0]
[2020-01-02 12:35:35] rtpData ------->   map[result: count:0 state:0] 
[GIN] 2020/01/02 - 12:35:35 | 200 |    2.909991ms |  192.168.66.115 | POST     /getResult
[2020-01-02 12:35:37] 自開彩開獎  {202001020152 5 39 true} 
ConfigData  map[redisPassword:"" ip:192.168.88.181 database:FA_MEM charset:utf8 redisIp:192.168.88.119 redisPort:6379 poolname:FA_MEM port:3306 user:fa_db password:1qaz!QAZ redisDB:3]
SqlString  SELECT RTP,Amount,Bonus  FROM M_RtpSetting  WHERE Sid = 1   AND State = 1   AND LTG_Code = 5 AND Gid = 39
sqlResult   map[result: count:0 state:0]
[2020-01-02 12:35:37] rtpData ------->   map[result: count:0 state:0] 
[GIN] 2020/01/02 - 12:35:37 | 200 |    2.424689ms |  192.168.66.115 | POST     /getResult
[2020-01-02 12:35:39] 自開彩開獎  {202001020756 1 34 true} 
ConfigData  map[user:fa_db database:FA_MEM redisIp:192.168.88.119 redisPort:6379 redisPassword:"" ip:192.168.88.181 poolname:FA_MEM port:3306 password:1qaz!QAZ charset:utf8 redisDB:3]
SqlString  SELECT RTP,Amount,Bonus  FROM M_RtpSetting  WHERE Sid = 1   AND State = 1   AND LTG_Code = 1 AND Gid = 34
sqlResult   map[result: count:0 state:0]
[2020-01-02 12:35:39] rtpData ------->   map[count:0 state:0 result:] 
[GIN] 2020/01/02 - 12:35:39 | 200 |     2.66016ms |  192.168.66.115 | POST     /getResult
[2020-01-02 12:35:40] 自開彩開獎  {202001020252 1 35 true} 
ConfigData  map[port:3306 charset:utf8 ip:192.168.88.181 poolname:FA_MEM database:FA_MEM redisIp:192.168.88.119 redisPort:6379 redisPassword:"" redisDB:3 user:fa_db password:1qaz!QAZ]
SqlString  SELECT RTP,Amount,Bonus  FROM M_RtpSetting  WHERE Sid = 1   AND State = 1   AND LTG_Code = 1 AND Gid = 35
sqlResult   map[result: count:0 state:0]
[2020-01-02 12:35:40] rtpData ------->   map[result: count:0 state:0] 
[GIN] 2020/01/02 - 12:35:40 | 200 |     2.76971ms |  192.168.66.115 | POST     /getResult
[2020-01-02 12:35:41] 自開彩開獎  {202001020756 5 38 true} 
ConfigData  map[redisIp:192.168.88.119 redisDB:3 ip:192.168.88.181 port:3306 user:fa_db charset:utf8 redisPassword:"" poolname:FA_MEM password:1qaz!QAZ database:FA_MEM redisPort:6379]
SqlString  SELECT RTP,Amount,Bonus  FROM M_RtpSetting  WHERE Sid = 1   AND State = 1   AND LTG_Code = 5 AND Gid = 38
[2020-01-02 12:35:41] 自開彩開獎  {202001020756 4 40 true} 
ConfigData  map[redisDB:3 ip:192.168.88.181 password:1qaz!QAZ redisPort:6379 database:FA_MEM charset:utf8 redisIp:192.168.88.119 redisPassword:"" poolname:FA_MEM port:3306 user:fa_db]
SqlString  SELECT RTP,Amount,Bonus  FROM M_RtpSetting  WHERE Sid = 1   AND State = 1   AND LTG_Code = 4 AND Gid = 40
sqlResult   map[result: count:0 state:0]
[2020-01-02 12:35:41] rtpData ------->   map[result: count:0 state:0] 
[GIN] 2020/01/02 - 12:35:41 | 200 |    2.446742ms |  192.168.66.115 | POST     /getResult
sqlResult   map[count:0 state:0 result:]
[2020-01-02 12:35:41] rtpData ------->   map[result: count:0 state:0] 
[GIN] 2020/01/02 - 12:35:41 | 200 |    2.582251ms |  192.168.66.115 | POST     /getResult
[2020-01-02 12:35:41] 自開彩開獎  {202001020252 4 41 true} 
ConfigData  map[port:3306 charset:utf8 redisPort:6379 redisPassword:"" redisDB:3 ip:192.168.88.181 poolname:FA_MEM database:FA_MEM redisIp:192.168.88.119 user:fa_db password:1qaz!QAZ]
SqlString  SELECT RTP,Amount,Bonus  FROM M_RtpSetting  WHERE Sid = 1   AND State = 1   AND LTG_Code = 4 AND Gid = 41
sqlResult   map[state:0 result: count:0]
[2020-01-02 12:35:41] rtpData ------->   map[result: count:0 state:0] 
[GIN] 2020/01/02 - 12:35:41 | 200 |    2.932298ms |  192.168.66.115 | POST     /getResult
[2020-01-02 12:35:41] 自開彩開獎  {202001020756 6 36 true} 
ConfigData  map[user:fa_db charset:utf8 redisPassword:"" port:3306 poolname:FA_MEM password:1qaz!QAZ database:FA_MEM redisIp:192.168.88.119 redisPort:6379 redisDB:3 ip:192.168.88.181]
SqlString  SELECT RTP,Amount,Bonus  FROM M_RtpSetting  WHERE Sid = 1   AND State = 1   AND LTG_Code = 6 AND Gid = 36
sqlResult   map[state:0 result: count:0]
[2020-01-02 12:35:41] rtpData ------->   map[result: count:0 state:0] 
[GIN] 2020/01/02 - 12:35:41 | 200 |    2.632371ms |  192.168.66.115 | POST     /getResult
[2020-01-02 12:35:43] 自開彩開獎  {202001020152 5 39 true} 
ConfigData  map[poolname:FA_MEM port:3306 password:1qaz!QAZ database:FA_MEM redisPort:6379 redisPassword:"" redisDB:3 ip:192.168.88.181 charset:utf8 redisIp:192.168.88.119 user:fa_db]
SqlString  SELECT RTP,Amount,Bonus  FROM M_RtpSetting  WHERE Sid = 1   AND State = 1   AND LTG_Code = 5 AND Gid = 39
sqlResult   map[count:0 state:0 result:]
[2020-01-02 12:35:43] rtpData ------->   map[state:0 result: count:0] 
[GIN] 2020/01/02 - 12:35:43 | 200 |    2.494685ms |  192.168.66.115 | POST     /getResult
[2020-01-02 12:35:45] 自開彩開獎  {202001020756 1 34 true} 
ConfigData  map[password:1qaz!QAZ charset:utf8 redisPort:6379 user:fa_db database:FA_MEM redisIp:192.168.88.119 redisPassword:"" redisDB:3 ip:192.168.88.181 poolname:FA_MEM port:3306]
SqlString  SELECT RTP,Amount,Bonus  FROM M_RtpSetting  WHERE Sid = 1   AND State = 1   AND LTG_Code = 1 AND Gid = 34
sqlResult   map[result: count:0 state:0]
[2020-01-02 12:35:45] rtpData ------->   map[result: count:0 state:0] 
[GIN] 2020/01/02 - 12:35:45 | 200 |    2.970887ms |  192.168.66.115 | POST     /getResult
[2020-01-02 12:35:46] 自開彩開獎  {202001020252 1 35 true} 
ConfigData  map[password:1qaz!QAZ redisIp:192.168.88.119 redisPassword:"" redisPort:6379 redisDB:3 ip:192.168.88.181 poolname:FA_MEM port:3306 user:fa_db database:FA_MEM charset:utf8]
SqlString  SELECT RTP,Amount,Bonus  FROM M_RtpSetting  WHERE Sid = 1   AND State = 1   AND LTG_Code = 1 AND Gid = 35
sqlResult   map[result: count:0 state:0]
[2020-01-02 12:35:46] rtpData ------->   map[result: count:0 state:0] 
[GIN] 2020/01/02 - 12:35:46 | 200 |    3.514363ms |  192.168.66.115 | POST     /getResult
[2020-01-02 12:35:47] 自開彩開獎  {202001020756 5 38 true} 
ConfigData  map[port:3306 user:fa_db database:FA_MEM redisIp:192.168.88.119 redisDB:3 ip:192.168.88.181 poolname:FA_MEM password:1qaz!QAZ charset:utf8 redisPort:6379 redisPassword:""]
SqlString  SELECT RTP,Amount,Bonus  FROM M_RtpSetting  WHERE Sid = 1   AND State = 1   AND LTG_Code = 5 AND Gid = 38
sqlResult   map[count:0 state:0 result:]
[2020-01-02 12:35:47] rtpData ------->   map[result: count:0 state:0] 
[GIN] 2020/01/02 - 12:35:47 | 200 |    2.188929ms |  192.168.66.115 | POST     /getResult
[2020-01-02 12:35:47] 自開彩開獎  {202001020756 4 40 true} 
ConfigData  map[poolname:FA_MEM user:fa_db password:1qaz!QAZ charset:utf8 redisPort:6379 ip:192.168.88.181 port:3306 database:FA_MEM redisIp:192.168.88.119 redisPassword:"" redisDB:3]
SqlString  SELECT RTP,Amount,Bonus  FROM M_RtpSetting  WHERE Sid = 1   AND State = 1   AND LTG_Code = 4 AND Gid = 40
sqlResult   map[result: count:0 state:0]
[2020-01-02 12:35:47] rtpData ------->   map[result: count:0 state:0] 
[GIN] 2020/01/02 - 12:35:47 | 200 |    1.794285ms |  192.168.66.115 | POST     /getResult
[2020-01-02 12:35:47] 自開彩開獎  {202001020252 4 41 true} 
ConfigData  map[user:fa_db database:FA_MEM charset:utf8 redisIp:192.168.88.119 redisPassword:"" redisDB:3 ip:192.168.88.181 port:3306 password:1qaz!QAZ redisPort:6379 poolname:FA_MEM]
SqlString  SELECT RTP,Amount,Bonus  FROM M_RtpSetting  WHERE Sid = 1   AND State = 1   AND LTG_Code = 4 AND Gid = 41
sqlResult   map[result: count:0 state:0]
[2020-01-02 12:35:47] rtpData ------->   map[result: count:0 state:0] 
[GIN] 2020/01/02 - 12:35:47 | 200 |    2.294165ms |  192.168.66.115 | POST     /getResult
[2020-01-02 12:35:47] 自開彩開獎  {202001020756 6 36 true} 
ConfigData  map[ip:192.168.88.181 poolname:FA_MEM password:1qaz!QAZ database:FA_MEM charset:utf8 redisIp:192.168.88.119 redisPassword:"" port:3306 user:fa_db redisPort:6379 redisDB:3]
SqlString  SELECT RTP,Amount,Bonus  FROM M_RtpSetting  WHERE Sid = 1   AND State = 1   AND LTG_Code = 6 AND Gid = 36
sqlResult   map[count:0 state:0 result:]
[2020-01-02 12:35:47] rtpData ------->   map[result: count:0 state:0] 
[GIN] 2020/01/02 - 12:35:47 | 200 |    3.285139ms |  192.168.66.115 | POST     /getResult
[2020-01-02 12:35:49] 自開彩開獎  {202001020152 5 39 true} 
ConfigData  map[poolname:FA_MEM port:3306 user:fa_db redisPort:6379 redisPassword:"" redisDB:3 ip:192.168.88.181 password:1qaz!QAZ database:FA_MEM charset:utf8 redisIp:192.168.88.119]
SqlString  SELECT RTP,Amount,Bonus  FROM M_RtpSetting  WHERE Sid = 1   AND State = 1   AND LTG_Code = 5 AND Gid = 39
sqlResult   map[result: count:0 state:0]
[2020-01-02 12:35:49] rtpData ------->   map[count:0 state:0 result:] 
[GIN] 2020/01/02 - 12:35:49 | 200 |     2.37682ms |  192.168.66.115 | POST     /getResult
[2020-01-02 12:35:51] 自開彩開獎  {202001020756 1 34 true} 
ConfigData  map[poolname:FA_MEM user:fa_db database:FA_MEM charset:utf8 redisDB:3 ip:192.168.88.181 port:3306 password:1qaz!QAZ redisIp:192.168.88.119 redisPort:6379 redisPassword:""]
SqlString  SELECT RTP,Amount,Bonus  FROM M_RtpSetting  WHERE Sid = 1   AND State = 1   AND LTG_Code = 1 AND Gid = 34
sqlResult   map[count:0 state:0 result:]
[2020-01-02 12:35:51] rtpData ------->   map[state:0 result: count:0] 
[GIN] 2020/01/02 - 12:35:51 | 200 |    9.211416ms |  192.168.66.115 | POST     /getResult
[2020-01-02 12:35:52] 自開彩開獎  {202001020252 1 35 true} 
ConfigData  map[redisDB:3 ip:192.168.88.181 poolname:FA_MEM user:fa_db database:FA_MEM charset:utf8 port:3306 password:1qaz!QAZ redisIp:192.168.88.119 redisPort:6379 redisPassword:""]
SqlString  SELECT RTP,Amount,Bonus  FROM M_RtpSetting  WHERE Sid = 1   AND State = 1   AND LTG_Code = 1 AND Gid = 35
sqlResult   map[result: count:0 state:0]
[2020-01-02 12:35:52] rtpData ------->   map[state:0 result: count:0] 
[GIN] 2020/01/02 - 12:35:52 | 200 |     2.30035ms |  192.168.66.115 | POST     /getResult
[2020-01-02 12:35:53] 自開彩開獎  {202001020756 5 38 true} 
ConfigData  map[redisIp:192.168.88.119 redisPort:6379 redisPassword:"" ip:192.168.88.181 port:3306 user:fa_db password:1qaz!QAZ database:FA_MEM charset:utf8 redisDB:3 poolname:FA_MEM]
SqlString  SELECT RTP,Amount,Bonus  FROM M_RtpSetting  WHERE Sid = 1   AND State = 1   AND LTG_Code = 5 AND Gid = 38
sqlResult   map[state:0 result: count:0]
[2020-01-02 12:35:53] rtpData ------->   map[result: count:0 state:0] 
[GIN] 2020/01/02 - 12:35:53 | 200 |    3.366298ms |  192.168.66.115 | POST     /getResult
[2020-01-02 12:35:53] 自開彩開獎  {202001020756 4 40 true} 
ConfigData  map[redisPassword:"" redisDB:3 ip:192.168.88.181 poolname:FA_MEM user:fa_db password:1qaz!QAZ charset:utf8 port:3306 database:FA_MEM redisIp:192.168.88.119 redisPort:6379]
SqlString  SELECT RTP,Amount,Bonus  FROM M_RtpSetting  WHERE Sid = 1   AND State = 1   AND LTG_Code = 4 AND Gid = 40
sqlResult   map[result: count:0 state:0]
[2020-01-02 12:35:53] rtpData ------->   map[result: count:0 state:0] 
[GIN] 2020/01/02 - 12:35:53 | 200 |    1.804663ms |  192.168.66.115 | POST     /getResult
[2020-01-02 12:35:53] 自開彩開獎  {202001020252 4 41 true} 
ConfigData  map[port:3306 user:fa_db charset:utf8 redisIp:192.168.88.119 redisPassword:"" ip:192.168.88.181 poolname:FA_MEM password:1qaz!QAZ database:FA_MEM redisPort:6379 redisDB:3]
SqlString  SELECT RTP,Amount,Bonus  FROM M_RtpSetting  WHERE Sid = 1   AND State = 1   AND LTG_Code = 4 AND Gid = 41
sqlResult   map[result: count:0 state:0]
[2020-01-02 12:35:53] rtpData ------->   map[result: count:0 state:0] 
[GIN] 2020/01/02 - 12:35:53 | 200 |     1.91099ms |  192.168.66.115 | POST     /getResult
[2020-01-02 12:35:53] 自開彩開獎  {202001020756 6 36 true} 
ConfigData  map[ip:192.168.88.181 port:3306 charset:utf8 redisDB:3 poolname:FA_MEM user:fa_db password:1qaz!QAZ database:FA_MEM redisIp:192.168.88.119 redisPort:6379 redisPassword:""]
SqlString  SELECT RTP,Amount,Bonus  FROM M_RtpSetting  WHERE Sid = 1   AND State = 1   AND LTG_Code = 6 AND Gid = 36
sqlResult   map[state:0 result: count:0]
[2020-01-02 12:35:53] rtpData ------->   map[result: count:0 state:0] 
[GIN] 2020/01/02 - 12:35:53 | 200 |    2.557679ms |  192.168.66.115 | POST     /getResult
[2020-01-02 12:35:55] 自開彩開獎  {202001020152 5 39 true} 
ConfigData  map[ip:192.168.88.181 poolname:FA_MEM user:fa_db password:1qaz!QAZ charset:utf8 redisDB:3 port:3306 database:FA_MEM redisIp:192.168.88.119 redisPort:6379 redisPassword:""]
SqlString  SELECT RTP,Amount,Bonus  FROM M_RtpSetting  WHERE Sid = 1   AND State = 1   AND LTG_Code = 5 AND Gid = 39
sqlResult   map[result: count:0 state:0]
[2020-01-02 12:35:55] rtpData ------->   map[result: count:0 state:0] 
[GIN] 2020/01/02 - 12:35:55 | 200 |    2.856469ms |  192.168.66.115 | POST     /getResult
[2020-01-02 12:35:57] 自開彩開獎  {202001020756 1 34 true} 
ConfigData  map[user:fa_db charset:utf8 redisDB:3 poolname:FA_MEM port:3306 password:1qaz!QAZ database:FA_MEM redisIp:192.168.88.119 redisPort:6379 redisPassword:"" ip:192.168.88.181]
SqlString  SELECT RTP,Amount,Bonus  FROM M_RtpSetting  WHERE Sid = 1   AND State = 1   AND LTG_Code = 1 AND Gid = 34
sqlResult   map[count:0 state:0 result:]
[2020-01-02 12:35:57] rtpData ------->   map[count:0 state:0 result:] 
[GIN] 2020/01/02 - 12:35:57 | 200 |    2.710858ms |  192.168.66.115 | POST     /getResult
[2020-01-02 12:35:58] 自開彩開獎  {202001020252 1 35 true} 
ConfigData  map[redisDB:3 ip:192.168.88.181 password:1qaz!QAZ database:FA_MEM redisIp:192.168.88.119 redisPort:6379 redisPassword:"" poolname:FA_MEM port:3306 user:fa_db charset:utf8]
SqlString  SELECT RTP,Amount,Bonus  FROM M_RtpSetting  WHERE Sid = 1   AND State = 1   AND LTG_Code = 1 AND Gid = 35
sqlResult   map[state:0 result: count:0]
[2020-01-02 12:35:58] rtpData ------->   map[result: count:0 state:0] 
[GIN] 2020/01/02 - 12:35:58 | 200 |    2.351174ms |  192.168.66.115 | POST     /getResult
[2020-01-02 12:35:59] 自開彩開獎  {202001020756 5 38 true} 
ConfigData  map[redisIp:192.168.88.119 redisPort:6379 redisDB:3 ip:192.168.88.181 port:3306 user:fa_db password:1qaz!QAZ charset:utf8 poolname:FA_MEM database:FA_MEM redisPassword:""]
SqlString  SELECT RTP,Amount,Bonus  FROM M_RtpSetting  WHERE Sid = 1   AND State = 1   AND LTG_Code = 5 AND Gid = 38
sqlResult   map[state:0 result: count:0]
[2020-01-02 12:35:59] rtpData ------->   map[result: count:0 state:0] 
[GIN] 2020/01/02 - 12:35:59 | 200 |    2.711011ms |  192.168.66.115 | POST     /getResult
[2020-01-02 12:35:59] 自開彩開獎  {202001020756 4 40 true} 
ConfigData  map[poolname:FA_MEM port:3306 password:1qaz!QAZ redisIp:192.168.88.119 redisPort:6379 ip:192.168.88.181 user:fa_db database:FA_MEM charset:utf8 redisPassword:"" redisDB:3]
SqlString  SELECT RTP,Amount,Bonus  FROM M_RtpSetting  WHERE Sid = 1   AND State = 1   AND LTG_Code = 4 AND Gid = 40
sqlResult   map[count:0 state:0 result:]
[2020-01-02 12:35:59] rtpData ------->   map[result: count:0 state:0] 
[GIN] 2020/01/02 - 12:35:59 | 200 |    2.218198ms |  192.168.66.115 | POST     /getResult
[2020-01-02 12:35:59] 自開彩開獎  {202001020252 4 41 true} 
ConfigData  map[redisDB:3 ip:192.168.88.181 poolname:FA_MEM user:fa_db database:FA_MEM charset:utf8 redisPort:6379 port:3306 password:1qaz!QAZ redisIp:192.168.88.119 redisPassword:""]
SqlString  SELECT RTP,Amount,Bonus  FROM M_RtpSetting  WHERE Sid = 1   AND State = 1   AND LTG_Code = 4 AND Gid = 41
sqlResult   map[state:0 result: count:0]
[2020-01-02 12:35:59] rtpData ------->   map[state:0 result: count:0] 
[GIN] 2020/01/02 - 12:35:59 | 200 |    1.941046ms |  192.168.66.115 | POST     /getResult
[2020-01-02 12:35:59] 自開彩開獎  {202001020756 6 36 true} 
ConfigData  map[password:1qaz!QAZ charset:utf8 redisIp:192.168.88.119 redisPort:6379 poolname:FA_MEM port:3306 user:fa_db redisDB:3 ip:192.168.88.181 database:FA_MEM redisPassword:""]
SqlString  SELECT RTP,Amount,Bonus  FROM M_RtpSetting  WHERE Sid = 1   AND State = 1   AND LTG_Code = 6 AND Gid = 36
sqlResult   map[result: count:0 state:0]
[2020-01-02 12:35:59] rtpData ------->   map[result: count:0 state:0] 
[GIN] 2020/01/02 - 12:35:59 | 200 |    2.807344ms |  192.168.66.115 | POST     /getResult
[2020-01-02 12:36:00] 自開彩開獎  {202001020253 6 37 true} 
ConfigData  map[password:1qaz!QAZ redisIp:192.168.88.119 redisPort:6379 redisPassword:"" ip:192.168.88.181 port:3306 user:fa_db database:FA_MEM charset:utf8 redisDB:3 poolname:FA_MEM]
SqlString  SELECT RTP,Amount,Bonus  FROM M_RtpSetting  WHERE Sid = 1   AND State = 1   AND LTG_Code = 6 AND Gid = 37
sqlResult   map[state:0 result: count:0]
[2020-01-02 12:36:00] rtpData ------->   map[result: count:0 state:0] 
[GIN] 2020/01/02 - 12:36:00 | 200 |    2.304336ms |  192.168.66.115 | POST     /getResult
[2020-01-02 12:36:01] 自開彩開獎  {202001020152 5 39 true} 
ConfigData  map[redisPort:6379 ip:192.168.88.181 poolname:FA_MEM password:1qaz!QAZ database:FA_MEM charset:utf8 redisIp:192.168.88.119 redisPassword:"" redisDB:3 port:3306 user:fa_db]
SqlString  SELECT RTP,Amount,Bonus  FROM M_RtpSetting  WHERE Sid = 1   AND State = 1   AND LTG_Code = 5 AND Gid = 39
sqlResult   map[count:0 state:0 result:]
[2020-01-02 12:36:01] rtpData ------->   map[result: count:0 state:0] 
[GIN] 2020/01/02 - 12:36:01 | 200 |    6.077257ms |  192.168.66.115 | POST     /getResult
[2020-01-02 12:36:01] 自開彩開獎  {202001020757 2 26 true} 
ConfigData  map[redisDB:3 ip:192.168.88.181 poolname:FA_MEM port:3306 user:fa_db charset:utf8 redisPassword:"" password:1qaz!QAZ database:FA_MEM redisIp:192.168.88.119 redisPort:6379]
SqlString  SELECT RTP,Amount,Bonus  FROM M_RtpSetting  WHERE Sid = 1   AND State = 1   AND LTG_Code = 2 AND Gid = 26
[2020-01-02 12:36:01] 自開彩開獎  {20200102253 2 27 true} 
ConfigData  map[redisPassword:"" ip:192.168.88.181 poolname:FA_MEM port:3306 user:fa_db password:1qaz!QAZ redisIp:192.168.88.119 redisPort:6379 redisDB:3 database:FA_MEM charset:utf8]
SqlString  SELECT RTP,Amount,Bonus  FROM M_RtpSetting  WHERE Sid = 1   AND State = 1   AND LTG_Code = 2 AND Gid = 27
sqlResult   map[count:1 state:1 amount:105208 bonus:58491.69 result:0.9600]
[2020-01-02 12:36:01] rtpData ------->   map[result:0.9600 count:1 state:1 amount:105208 bonus:58491.69] 
ConfigData  map[charset:utf8 redisIp:192.168.88.119 redisPort:6379 redisDB:3 poolname:FA_MEM user:fa_db password:1qaz!QAZ database:FA_MEM ip:192.168.88.181 port:3306 redisPassword:""]
SELECT BO_No, BO_OrderNo , BO_User , BO_Issue  , BO_LotteryTypeGroup, BO_LotteryType, BO_Mode, BO_LotteryPlayGroup, BO_LotteryPlay , BO_LotteryContent, BO_Price, BO_RealPrice, BO_Unit, BO_Multiple , BO_BetCount  , BO_Winnings, BO_Winnings2, BO_Winnings3, BO_WinningLimit  , BO_Water , BO_BW_SourceUserId, BO_BW_BackWater, BO_BW_LimitBetCount, BO_BW_MaxAmount, BO_BW_AuditMultiple  , BO_Odds, BO_Odds2, BO_Odds3 , BO_Type, BO_Chase , BO_OpenResult, BO_OpenResult2, BO_DateDraw, BO_DateDraw2, BO_DateUpdate  FROM TS_BetOrder  WHERE BO_Cancel = 0   AND BO_CancelBackend = 0   AND BO_LotteryTypeGroup = 2 AND BO_LotteryType = 27 AND BO_Issue = 20200102253 AND BO_Collect = 0 ORDER BY BO_DateDraw ASC, BO_DateCreate ASC, BO_DateUpdate ASC, BO_No ASC ;
sqlResult   map[state:1 amount:1.0069588e+06 bonus:908100.71 result:0.9600 count:1]
[2020-01-02 12:36:01] rtpData ------->   map[result:0.9600 count:1 state:1 amount:1.0069588e+06 bonus:908100.71] 
ConfigData  map[redisDB:3 port:3306 database:FA_MEM charset:utf8 redisPort:6379 redisPassword:"" ip:192.168.88.181 poolname:FA_MEM user:fa_db password:1qaz!QAZ redisIp:192.168.88.119]
SELECT BO_No, BO_OrderNo , BO_User , BO_Issue  , BO_LotteryTypeGroup, BO_LotteryType, BO_Mode, BO_LotteryPlayGroup, BO_LotteryPlay , BO_LotteryContent, BO_Price, BO_RealPrice, BO_Unit, BO_Multiple , BO_BetCount  , BO_Winnings, BO_Winnings2, BO_Winnings3, BO_WinningLimit  , BO_Water , BO_BW_SourceUserId, BO_BW_BackWater, BO_BW_LimitBetCount, BO_BW_MaxAmount, BO_BW_AuditMultiple  , BO_Odds, BO_Odds2, BO_Odds3 , BO_Type, BO_Chase , BO_OpenResult, BO_OpenResult2, BO_DateDraw, BO_DateDraw2, BO_DateUpdate  FROM TS_BetOrder  WHERE BO_Cancel = 0   AND BO_CancelBackend = 0   AND BO_LotteryTypeGroup = 2 AND BO_LotteryType = 26 AND BO_Issue = 202001020757 AND BO_Collect = 0 ORDER BY BO_DateDraw ASC, BO_DateCreate ASC, BO_DateUpdate ASC, BO_No ASC ;
[2020-01-02 12:36:01] LottteryTypeGroup 2 
[2020-01-02 12:36:01] LottteryTypeGroup 2 
[2020-01-02 12:36:01] 有期號 但無注單 -------> map[thisOpenResult:[9 6 0 7 7] amount:0 bonus:0] 
[2020-01-02 12:36:01] 有期號 但無注單 -------> map[bonus:0 thisOpenResult:[3 7 6 7 6] amount:0] 
[GIN] 2020/01/02 - 12:36:01 | 200 |    4.618861ms |  192.168.66.115 | POST     /getResult
[GIN] 2020/01/02 - 12:36:01 | 200 |    4.402579ms |  192.168.66.115 | POST     /getResult
[2020-01-02 12:36:03] 自開彩開獎  {202001020756 1 34 true} 
ConfigData  map[password:1qaz!QAZ database:FA_MEM redisPort:6379 redisPassword:"" redisDB:3 ip:192.168.88.181 poolname:FA_MEM port:3306 user:fa_db charset:utf8 redisIp:192.168.88.119]
SqlString  SELECT RTP,Amount,Bonus  FROM M_RtpSetting  WHERE Sid = 1   AND State = 1   AND LTG_Code = 1 AND Gid = 34
sqlResult   map[result: count:0 state:0]
[2020-01-02 12:36:03] rtpData ------->   map[result: count:0 state:0] 
[GIN] 2020/01/02 - 12:36:03 | 200 |    2.490103ms |  192.168.66.115 | POST     /getResult
[2020-01-02 12:36:04] 自開彩開獎  {202001020252 1 35 true} 
ConfigData  map[user:fa_db database:FA_MEM charset:utf8 ip:192.168.88.181 port:3306 password:1qaz!QAZ redisIp:192.168.88.119 redisPort:6379 redisPassword:"" redisDB:3 poolname:FA_MEM]
SqlString  SELECT RTP,Amount,Bonus  FROM M_RtpSetting  WHERE Sid = 1   AND State = 1   AND LTG_Code = 1 AND Gid = 35
sqlResult   map[result: count:0 state:0]
[2020-01-02 12:36:04] rtpData ------->   map[result: count:0 state:0] 
[GIN] 2020/01/02 - 12:36:04 | 200 |    2.820717ms |  192.168.66.115 | POST     /getResult
[2020-01-02 12:36:05] 自開彩開獎  {202001020756 5 38 true} 
ConfigData  map[user:fa_db redisPassword:"" redisDB:3 redisIp:192.168.88.119 redisPort:6379 ip:192.168.88.181 poolname:FA_MEM port:3306 password:1qaz!QAZ database:FA_MEM charset:utf8]
SqlString  SELECT RTP,Amount,Bonus  FROM M_RtpSetting  WHERE Sid = 1   AND State = 1   AND LTG_Code = 5 AND Gid = 38
sqlResult   map[result: count:0 state:0]
[2020-01-02 12:36:05] rtpData ------->   map[result: count:0 state:0] 
[GIN] 2020/01/02 - 12:36:05 | 200 |    2.475153ms |  192.168.66.115 | POST     /getResult
[2020-01-02 12:36:05] 自開彩開獎  {202001020756 4 40 true} 
ConfigData  map[redisPassword:"" redisDB:3 ip:192.168.88.181 poolname:FA_MEM password:1qaz!QAZ redisPort:6379 redisIp:192.168.88.119 port:3306 user:fa_db database:FA_MEM charset:utf8]
SqlString  SELECT RTP,Amount,Bonus  FROM M_RtpSetting  WHERE Sid = 1   AND State = 1   AND LTG_Code = 4 AND Gid = 40
sqlResult   map[result: count:0 state:0]
[2020-01-02 12:36:05] rtpData ------->   map[result: count:0 state:0] 
[GIN] 2020/01/02 - 12:36:05 | 200 |    2.439543ms |  192.168.66.115 | POST     /getResult
[2020-01-02 12:36:05] 自開彩開獎  {202001020252 4 41 true} 
ConfigData  map[ip:192.168.88.181 poolname:FA_MEM password:1qaz!QAZ charset:utf8 redisIp:192.168.88.119 redisPort:6379 port:3306 user:fa_db database:FA_MEM redisPassword:"" redisDB:3]
SqlString  SELECT RTP,Amount,Bonus  FROM M_RtpSetting  WHERE Sid = 1   AND State = 1   AND LTG_Code = 4 AND Gid = 41
sqlResult   map[result: count:0 state:0]
[2020-01-02 12:36:05] rtpData ------->   map[result: count:0 state:0] 
[GIN] 2020/01/02 - 12:36:05 | 200 |     2.62229ms |  192.168.66.115 | POST     /getResult
[2020-01-02 12:36:05] 自開彩開獎  {202001020756 6 36 true} 
ConfigData  map[password:1qaz!QAZ database:FA_MEM charset:utf8 redisPort:6379 redisPassword:"" poolname:FA_MEM port:3306 user:fa_db redisIp:192.168.88.119 redisDB:3 ip:192.168.88.181]
SqlString  SELECT RTP,Amount,Bonus  FROM M_RtpSetting  WHERE Sid = 1   AND State = 1   AND LTG_Code = 6 AND Gid = 36
sqlResult   map[result: count:0 state:0]
[2020-01-02 12:36:05] rtpData ------->   map[result: count:0 state:0] 
[GIN] 2020/01/02 - 12:36:05 | 200 |    2.858777ms |  192.168.66.115 | POST     /getResult
[2020-01-02 12:36:06] 自開彩開獎  {202001020253 6 37 true} 
ConfigData  map[password:1qaz!QAZ charset:utf8 redisIp:192.168.88.119 redisPort:6379 redisPassword:"" redisDB:3 ip:192.168.88.181 poolname:FA_MEM port:3306 user:fa_db database:FA_MEM]
SqlString  SELECT RTP,Amount,Bonus  FROM M_RtpSetting  WHERE Sid = 1   AND State = 1   AND LTG_Code = 6 AND Gid = 37
sqlResult   map[result: count:0 state:0]
[2020-01-02 12:36:06] rtpData ------->   map[result: count:0 state:0] 
[GIN] 2020/01/02 - 12:36:06 | 200 |    2.924206ms |  192.168.66.115 | POST     /getResult
[2020-01-02 12:36:09] 自開彩開獎  {202001020757 1 34 true} 
ConfigData  map[port:3306 user:fa_db database:FA_MEM charset:utf8 redisIp:192.168.88.119 redisPassword:"" redisDB:3 poolname:FA_MEM password:1qaz!QAZ redisPort:6379 ip:192.168.88.181]
SqlString  SELECT RTP,Amount,Bonus  FROM M_RtpSetting  WHERE Sid = 1   AND State = 1   AND LTG_Code = 1 AND Gid = 34
sqlResult   map[result: count:0 state:0]
[2020-01-02 12:36:09] rtpData ------->   map[count:0 state:0 result:] 
[GIN] 2020/01/02 - 12:36:09 | 200 |    2.948606ms |  192.168.66.115 | POST     /getResult
[2020-01-02 12:36:10] 自開彩開獎  {202001020253 1 35 true} 
ConfigData  map[user:fa_db database:FA_MEM redisIp:192.168.88.119 redisDB:3 ip:192.168.88.181 poolname:FA_MEM port:3306 password:1qaz!QAZ charset:utf8 redisPort:6379 redisPassword:""]
SqlString  SELECT RTP,Amount,Bonus  FROM M_RtpSetting  WHERE Sid = 1   AND State = 1   AND LTG_Code = 1 AND Gid = 35
sqlResult   map[result: count:0 state:0]
[2020-01-02 12:36:10] rtpData ------->   map[result: count:0 state:0] 
[GIN] 2020/01/02 - 12:36:10 | 200 |    5.752054ms |  192.168.66.115 | POST     /getResult
[2020-01-02 12:36:11] 自開彩開獎  {202001020757 4 40 true} 
[2020-01-02 12:36:11] 自開彩開獎  {202001020757 5 38 true} 
ConfigData  map[password:1qaz!QAZ database:FA_MEM redisPassword:"" redisDB:3 charset:utf8 redisIp:192.168.88.119 redisPort:6379 ip:192.168.88.181 poolname:FA_MEM port:3306 user:fa_db]
SqlString  SELECT RTP,Amount,Bonus  FROM M_RtpSetting  WHERE Sid = 1   AND State = 1   AND LTG_Code = 4 AND Gid = 40
ConfigData  map[ip:192.168.88.181 poolname:FA_MEM charset:utf8 redisIp:192.168.88.119 redisPassword:"" redisDB:3 port:3306 user:fa_db password:1qaz!QAZ database:FA_MEM redisPort:6379]
SqlString  SELECT RTP,Amount,Bonus  FROM M_RtpSetting  WHERE Sid = 1   AND State = 1   AND LTG_Code = 5 AND Gid = 38
sqlResult   map[count:0 state:0 result:]
[2020-01-02 12:36:11] rtpData ------->   map[result: count:0 state:0] 
sqlResult   map[result: count:0 state:0]
[2020-01-02 12:36:11] rtpData ------->   map[result: count:0 state:0] 
[GIN] 2020/01/02 - 12:36:11 | 200 |    2.402419ms |  192.168.66.115 | POST     /getResult
[GIN] 2020/01/02 - 12:36:11 | 200 |    2.443002ms |  192.168.66.115 | POST     /getResult
[2020-01-02 12:36:11] 自開彩開獎  {202001020253 4 41 true} 
ConfigData  map[user:fa_db password:1qaz!QAZ database:FA_MEM charset:utf8 redisDB:3 ip:192.168.88.181 poolname:FA_MEM port:3306 redisIp:192.168.88.119 redisPort:6379 redisPassword:""]
SqlString  SELECT RTP,Amount,Bonus  FROM M_RtpSetting  WHERE Sid = 1   AND State = 1   AND LTG_Code = 4 AND Gid = 41
sqlResult   map[state:0 result: count:0]
[2020-01-02 12:36:11] rtpData ------->   map[state:0 result: count:0] 
[GIN] 2020/01/02 - 12:36:11 | 200 |    1.944959ms |  192.168.66.115 | POST     /getResult
[2020-01-02 12:36:11] 自開彩開獎  {202001020757 6 36 true} 
ConfigData  map[redisDB:3 ip:192.168.88.181 port:3306 charset:utf8 redisIp:192.168.88.119 redisPassword:"" poolname:FA_MEM user:fa_db password:1qaz!QAZ database:FA_MEM redisPort:6379]
SqlString  SELECT RTP,Amount,Bonus  FROM M_RtpSetting  WHERE Sid = 1   AND State = 1   AND LTG_Code = 6 AND Gid = 36
sqlResult   map[result: count:0 state:0]
[2020-01-02 12:36:11] rtpData ------->   map[result: count:0 state:0] 
[GIN] 2020/01/02 - 12:36:11 | 200 |    2.791144ms |  192.168.66.115 | POST     /getResult
[2020-01-02 12:36:12] 自開彩開獎  {202001020253 6 37 true} 
ConfigData  map[port:3306 password:1qaz!QAZ database:FA_MEM redisIp:192.168.88.119 redisPassword:"" ip:192.168.88.181 user:fa_db charset:utf8 redisPort:6379 redisDB:3 poolname:FA_MEM]
SqlString  SELECT RTP,Amount,Bonus  FROM M_RtpSetting  WHERE Sid = 1   AND State = 1   AND LTG_Code = 6 AND Gid = 37
sqlResult   map[count:0 state:0 result:]
[2020-01-02 12:36:12] rtpData ------->   map[result: count:0 state:0] 
[GIN] 2020/01/02 - 12:36:12 | 200 |    2.868082ms |  192.168.66.115 | POST     /getResult
[2020-01-02 12:36:15] 自開彩開獎  {202001020757 1 34 true} 
ConfigData  map[user:fa_db password:1qaz!QAZ charset:utf8 redisPort:6379 redisPassword:"" redisDB:3 ip:192.168.88.181 poolname:FA_MEM port:3306 database:FA_MEM redisIp:192.168.88.119]
SqlString  SELECT RTP,Amount,Bonus  FROM M_RtpSetting  WHERE Sid = 1   AND State = 1   AND LTG_Code = 1 AND Gid = 34
sqlResult   map[result: count:0 state:0]
[2020-01-02 12:36:15] rtpData ------->   map[result: count:0 state:0] 
[GIN] 2020/01/02 - 12:36:15 | 200 |     3.41945ms |  192.168.66.115 | POST     /getResult
[2020-01-02 12:36:16] 自開彩開獎  {202001020253 1 35 true} 
ConfigData  map[user:fa_db password:1qaz!QAZ charset:utf8 redisPassword:"" redisDB:3 ip:192.168.88.181 poolname:FA_MEM port:3306 database:FA_MEM redisIp:192.168.88.119 redisPort:6379]
SqlString  SELECT RTP,Amount,Bonus  FROM M_RtpSetting  WHERE Sid = 1   AND State = 1   AND LTG_Code = 1 AND Gid = 35
sqlResult   map[result: count:0 state:0]
[2020-01-02 12:36:16] rtpData ------->   map[result: count:0 state:0] 
[GIN] 2020/01/02 - 12:36:16 | 200 |    2.899877ms |  192.168.66.115 | POST     /getResult
[2020-01-02 12:36:17] 自開彩開獎  {202001020757 4 40 true} 
[2020-01-02 12:36:17] 自開彩開獎  {202001020757 5 38 true} 
ConfigData  map[redisDB:3 ip:192.168.88.181 port:3306 password:1qaz!QAZ database:FA_MEM charset:utf8 redisPort:6379 redisPassword:"" poolname:FA_MEM user:fa_db redisIp:192.168.88.119]
SqlString  SELECT RTP,Amount,Bonus  FROM M_RtpSetting  WHERE Sid = 1   AND State = 1   AND LTG_Code = 4 AND Gid = 40
ConfigData  map[user:fa_db charset:utf8 redisIp:192.168.88.119 redisPort:6379 redisPassword:"" redisDB:3 ip:192.168.88.181 poolname:FA_MEM port:3306 password:1qaz!QAZ database:FA_MEM]
SqlString  SELECT RTP,Amount,Bonus  FROM M_RtpSetting  WHERE Sid = 1   AND State = 1   AND LTG_Code = 5 AND Gid = 38
sqlResult   map[result: count:0 state:0]
[2020-01-02 12:36:17] rtpData ------->   map[count:0 state:0 result:] 
sqlResult   map[result: count:0 state:0]
[2020-01-02 12:36:17] rtpData ------->   map[result: count:0 state:0] 
[GIN] 2020/01/02 - 12:36:17 | 200 |    2.764852ms |  192.168.66.115 | POST     /getResult
[GIN] 2020/01/02 - 12:36:17 | 200 |    2.854999ms |  192.168.66.115 | POST     /getResult
[2020-01-02 12:36:17] 自開彩開獎  {202001020253 4 41 true} 
ConfigData  map[database:FA_MEM redisPort:6379 redisPassword:"" redisDB:3 poolname:FA_MEM port:3306 user:fa_db password:1qaz!QAZ charset:utf8 redisIp:192.168.88.119 ip:192.168.88.181]
SqlString  SELECT RTP,Amount,Bonus  FROM M_RtpSetting  WHERE Sid = 1   AND State = 1   AND LTG_Code = 4 AND Gid = 41
sqlResult   map[result: count:0 state:0]
[2020-01-02 12:36:17] rtpData ------->   map[result: count:0 state:0] 
[GIN] 2020/01/02 - 12:36:17 | 200 |    2.330637ms |  192.168.66.115 | POST     /getResult
[2020-01-02 12:36:17] 自開彩開獎  {202001020757 6 36 true} 
ConfigData  map[user:fa_db redisIp:192.168.88.119 redisPassword:"" ip:192.168.88.181 poolname:FA_MEM port:3306 redisPort:6379 redisDB:3 password:1qaz!QAZ database:FA_MEM charset:utf8]
SqlString  SELECT RTP,Amount,Bonus  FROM M_RtpSetting  WHERE Sid = 1   AND State = 1   AND LTG_Code = 6 AND Gid = 36
sqlResult   map[result: count:0 state:0]
[2020-01-02 12:36:17] rtpData ------->   map[result: count:0 state:0] 
[GIN] 2020/01/02 - 12:36:17 | 200 |    2.416064ms |  192.168.66.115 | POST     /getResult
[2020-01-02 12:36:18] 自開彩開獎  {202001020253 6 37 true} 
ConfigData  map[ip:192.168.88.181 poolname:FA_MEM port:3306 password:1qaz!QAZ database:FA_MEM charset:utf8 redisPassword:"" user:fa_db redisIp:192.168.88.119 redisPort:6379 redisDB:3]
SqlString  SELECT RTP,Amount,Bonus  FROM M_RtpSetting  WHERE Sid = 1   AND State = 1   AND LTG_Code = 6 AND Gid = 37
sqlResult   map[result: count:0 state:0]
[2020-01-02 12:36:18] rtpData ------->   map[state:0 result: count:0] 
[GIN] 2020/01/02 - 12:36:18 | 200 |    2.693217ms |  192.168.66.115 | POST     /getResult
[2020-01-02 12:36:21] 自開彩開獎  {202001020757 1 34 true} 
ConfigData  map[redisPort:6379 redisDB:3 ip:192.168.88.181 redisIp:192.168.88.119 user:fa_db password:1qaz!QAZ database:FA_MEM charset:utf8 redisPassword:"" poolname:FA_MEM port:3306]
SqlString  SELECT RTP,Amount,Bonus  FROM M_RtpSetting  WHERE Sid = 1   AND State = 1   AND LTG_Code = 1 AND Gid = 34
sqlResult   map[count:0 state:0 result:]
[2020-01-02 12:36:21] rtpData ------->   map[result: count:0 state:0] 
[GIN] 2020/01/02 - 12:36:21 | 200 |    8.005362ms |  192.168.66.115 | POST     /getResult
[2020-01-02 12:36:22] 自開彩開獎  {202001020253 1 35 true} 
ConfigData  map[ip:192.168.88.181 password:1qaz!QAZ database:FA_MEM redisIp:192.168.88.119 redisPassword:"" poolname:FA_MEM port:3306 user:fa_db charset:utf8 redisPort:6379 redisDB:3]
SqlString  SELECT RTP,Amount,Bonus  FROM M_RtpSetting  WHERE Sid = 1   AND State = 1   AND LTG_Code = 1 AND Gid = 35
sqlResult   map[result: count:0 state:0]
[2020-01-02 12:36:22] rtpData ------->   map[result: count:0 state:0] 
[GIN] 2020/01/02 - 12:36:22 | 200 |    2.641857ms |  192.168.66.115 | POST     /getResult
[2020-01-02 12:36:23] 自開彩開獎  {202001020757 5 38 true} 
ConfigData  map[ip:192.168.88.181 poolname:FA_MEM user:fa_db database:FA_MEM charset:utf8 redisIp:192.168.88.119 redisPassword:"" port:3306 password:1qaz!QAZ redisPort:6379 redisDB:3]
SqlString  SELECT RTP,Amount,Bonus  FROM M_RtpSetting  WHERE Sid = 1   AND State = 1   AND LTG_Code = 5 AND Gid = 38
[2020-01-02 12:36:23] 自開彩開獎  {202001020757 4 40 true} 
ConfigData  map[ip:192.168.88.181 user:fa_db database:FA_MEM charset:utf8 redisPassword:"" redisDB:3 poolname:FA_MEM port:3306 password:1qaz!QAZ redisIp:192.168.88.119 redisPort:6379]
SqlString  SELECT RTP,Amount,Bonus  FROM M_RtpSetting  WHERE Sid = 1   AND State = 1   AND LTG_Code = 4 AND Gid = 40
sqlResult   map[result: count:0 state:0]
[2020-01-02 12:36:23] rtpData ------->   map[count:0 state:0 result:] 
[GIN] 2020/01/02 - 12:36:23 | 200 |     2.74707ms |  192.168.66.115 | POST     /getResult
sqlResult   map[result: count:0 state:0]
[2020-01-02 12:36:23] rtpData ------->   map[result: count:0 state:0] 
[GIN] 2020/01/02 - 12:36:23 | 200 |    2.774762ms |  192.168.66.115 | POST     /getResult
[2020-01-02 12:36:23] 自開彩開獎  {202001020253 4 41 true} 
ConfigData  map[port:3306 redisPassword:"" redisDB:3 redisPort:6379 ip:192.168.88.181 poolname:FA_MEM user:fa_db password:1qaz!QAZ database:FA_MEM charset:utf8 redisIp:192.168.88.119]
SqlString  SELECT RTP,Amount,Bonus  FROM M_RtpSetting  WHERE Sid = 1   AND State = 1   AND LTG_Code = 4 AND Gid = 41
sqlResult   map[count:0 state:0 result:]
[2020-01-02 12:36:23] rtpData ------->   map[result: count:0 state:0] 
[GIN] 2020/01/02 - 12:36:23 | 200 |    1.980484ms |  192.168.66.115 | POST     /getResult
[2020-01-02 12:36:23] 自開彩開獎  {202001020757 6 36 true} 
ConfigData  map[ip:192.168.88.181 poolname:FA_MEM port:3306 user:fa_db password:1qaz!QAZ database:FA_MEM redisPassword:"" charset:utf8 redisIp:192.168.88.119 redisPort:6379 redisDB:3]
SqlString  SELECT RTP,Amount,Bonus  FROM M_RtpSetting  WHERE Sid = 1   AND State = 1   AND LTG_Code = 6 AND Gid = 36
sqlResult   map[result: count:0 state:0]
[2020-01-02 12:36:23] rtpData ------->   map[result: count:0 state:0] 
[GIN] 2020/01/02 - 12:36:23 | 200 |    2.790468ms |  192.168.66.115 | POST     /getResult
[2020-01-02 12:36:24] 自開彩開獎  {202001020253 6 37 true} 
ConfigData  map[poolname:FA_MEM port:3306 user:fa_db password:1qaz!QAZ redisPassword:"" ip:192.168.88.181 database:FA_MEM charset:utf8 redisIp:192.168.88.119 redisPort:6379 redisDB:3]
SqlString  SELECT RTP,Amount,Bonus  FROM M_RtpSetting  WHERE Sid = 1   AND State = 1   AND LTG_Code = 6 AND Gid = 37
sqlResult   map[result: count:0 state:0]
[2020-01-02 12:36:24] rtpData ------->   map[state:0 result: count:0] 
[GIN] 2020/01/02 - 12:36:24 | 200 |    2.090963ms |  192.168.66.115 | POST     /getResult
[2020-01-02 12:36:27] 自開彩開獎  {202001020757 1 34 true} 
ConfigData  map[user:fa_db password:1qaz!QAZ redisIp:192.168.88.119 redisDB:3 ip:192.168.88.181 poolname:FA_MEM port:3306 database:FA_MEM charset:utf8 redisPort:6379 redisPassword:""]
SqlString  SELECT RTP,Amount,Bonus  FROM M_RtpSetting  WHERE Sid = 1   AND State = 1   AND LTG_Code = 1 AND Gid = 34
sqlResult   map[result: count:0 state:0]
[2020-01-02 12:36:27] rtpData ------->   map[result: count:0 state:0] 
[GIN] 2020/01/02 - 12:36:27 | 200 |    6.220796ms |  192.168.66.115 | POST     /getResult
[2020-01-02 12:36:28] 自開彩開獎  {202001020253 1 35 true} 
ConfigData  map[password:1qaz!QAZ database:FA_MEM charset:utf8 redisPort:6379 redisDB:3 poolname:FA_MEM port:3306 user:fa_db ip:192.168.88.181 redisIp:192.168.88.119 redisPassword:""]
SqlString  SELECT RTP,Amount,Bonus  FROM M_RtpSetting  WHERE Sid = 1   AND State = 1   AND LTG_Code = 1 AND Gid = 35
sqlResult   map[count:0 state:0 result:]
[2020-01-02 12:36:28] rtpData ------->   map[result: count:0 state:0] 
[GIN] 2020/01/02 - 12:36:28 | 200 |    3.027967ms |  192.168.66.115 | POST     /getResult
[2020-01-02 12:36:29] 自開彩開獎  {202001020757 5 38 true} 
ConfigData  map[redisIp:192.168.88.119 redisPort:6379 redisPassword:"" redisDB:3 database:FA_MEM charset:utf8 ip:192.168.88.181 poolname:FA_MEM port:3306 user:fa_db password:1qaz!QAZ]
SqlString  SELECT RTP,Amount,Bonus  FROM M_RtpSetting  WHERE Sid = 1   AND State = 1   AND LTG_Code = 5 AND Gid = 38
[2020-01-02 12:36:29] 自開彩開獎  {202001020757 4 40 true} 
ConfigData  map[poolname:FA_MEM port:3306 database:FA_MEM charset:utf8 redisPort:6379 ip:192.168.88.181 user:fa_db password:1qaz!QAZ redisIp:192.168.88.119 redisPassword:"" redisDB:3]
SqlString  SELECT RTP,Amount,Bonus  FROM M_RtpSetting  WHERE Sid = 1   AND State = 1   AND LTG_Code = 4 AND Gid = 40
sqlResult   map[result: count:0 state:0]
[2020-01-02 12:36:29] rtpData ------->   map[result: count:0 state:0] 
[GIN] 2020/01/02 - 12:36:29 | 200 |    2.455486ms |  192.168.66.115 | POST     /getResult
sqlResult   map[count:0 state:0 result:]
[2020-01-02 12:36:29] rtpData ------->   map[count:0 state:0 result:] 
[GIN] 2020/01/02 - 12:36:29 | 200 |    2.352006ms |  192.168.66.115 | POST     /getResult
[2020-01-02 12:36:29] 自開彩開獎  {202001020253 4 41 true} 
ConfigData  map[port:3306 database:FA_MEM charset:utf8 redisPassword:"" poolname:FA_MEM user:fa_db password:1qaz!QAZ redisIp:192.168.88.119 redisPort:6379 redisDB:3 ip:192.168.88.181]
SqlString  SELECT RTP,Amount,Bonus  FROM M_RtpSetting  WHERE Sid = 1   AND State = 1   AND LTG_Code = 4 AND Gid = 41
sqlResult   map[result: count:0 state:0]
[2020-01-02 12:36:29] rtpData ------->   map[result: count:0 state:0] 
[GIN] 2020/01/02 - 12:36:29 | 200 |    2.074747ms |  192.168.66.115 | POST     /getResult
[2020-01-02 12:36:29] 自開彩開獎  {202001020757 6 36 true} 
ConfigData  map[ip:192.168.88.181 poolname:FA_MEM user:fa_db redisIp:192.168.88.119 redisPort:6379 redisPassword:"" redisDB:3 port:3306 password:1qaz!QAZ database:FA_MEM charset:utf8]
SqlString  SELECT RTP,Amount,Bonus  FROM M_RtpSetting  WHERE Sid = 1   AND State = 1   AND LTG_Code = 6 AND Gid = 36
sqlResult   map[result: count:0 state:0]
[2020-01-02 12:36:29] rtpData ------->   map[result: count:0 state:0] 
[GIN] 2020/01/02 - 12:36:29 | 200 |    2.621728ms |  192.168.66.115 | POST     /getResult
[2020-01-02 12:36:30] 自開彩開獎  {202001020253 6 37 true} 
ConfigData  map[ip:192.168.88.181 user:fa_db charset:utf8 redisIp:192.168.88.119 redisPort:6379 poolname:FA_MEM port:3306 password:1qaz!QAZ database:FA_MEM redisPassword:"" redisDB:3]
SqlString  SELECT RTP,Amount,Bonus  FROM M_RtpSetting  WHERE Sid = 1   AND State = 1   AND LTG_Code = 6 AND Gid = 37
sqlResult   map[result: count:0 state:0]
[2020-01-02 12:36:30] rtpData ------->   map[result: count:0 state:0] 
[GIN] 2020/01/02 - 12:36:30 | 200 |    2.163606ms |  192.168.66.115 | POST     /getResult
[2020-01-02 12:36:33] 自開彩開獎  {202001020757 1 34 true} 
ConfigData  map[charset:utf8 redisDB:3 poolname:FA_MEM port:3306 password:1qaz!QAZ redisIp:192.168.88.119 redisPort:6379 redisPassword:"" ip:192.168.88.181 user:fa_db database:FA_MEM]
SqlString  SELECT RTP,Amount,Bonus  FROM M_RtpSetting  WHERE Sid = 1   AND State = 1   AND LTG_Code = 1 AND Gid = 34
sqlResult   map[result: count:0 state:0]
[2020-01-02 12:36:33] rtpData ------->   map[result: count:0 state:0] 
[GIN] 2020/01/02 - 12:36:33 | 200 |    2.800023ms |  192.168.66.115 | POST     /getResult
[2020-01-02 12:36:34] 自開彩開獎  {202001020253 1 35 true} 
ConfigData  map[poolname:FA_MEM charset:utf8 password:1qaz!QAZ database:FA_MEM redisIp:192.168.88.119 redisPort:6379 redisPassword:"" ip:192.168.88.181 port:3306 user:fa_db redisDB:3]
SqlString  SELECT RTP,Amount,Bonus  FROM M_RtpSetting  WHERE Sid = 1   AND State = 1   AND LTG_Code = 1 AND Gid = 35
sqlResult   map[result: count:0 state:0]
[2020-01-02 12:36:34] rtpData ------->   map[result: count:0 state:0] 
[GIN] 2020/01/02 - 12:36:34 | 200 |    2.450301ms |  192.168.66.115 | POST     /getResult
[2020-01-02 12:36:35] 自開彩開獎  {202001020757 5 38 true} 
[2020-01-02 12:36:35] 自開彩開獎  {202001020757 4 40 true} 
ConfigData  map[ip:192.168.88.181 database:FA_MEM charset:utf8 redisIp:192.168.88.119 redisPassword:"" redisDB:3 poolname:FA_MEM port:3306 user:fa_db password:1qaz!QAZ redisPort:6379]
SqlString  SELECT RTP,Amount,Bonus  FROM M_RtpSetting  WHERE Sid = 1   AND State = 1   AND LTG_Code = 5 AND Gid = 38
ConfigData  map[redisIp:192.168.88.119 redisPort:6379 redisPassword:"" redisDB:3 ip:192.168.88.181 poolname:FA_MEM port:3306 password:1qaz!QAZ user:fa_db database:FA_MEM charset:utf8]
SqlString  SELECT RTP,Amount,Bonus  FROM M_RtpSetting  WHERE Sid = 1   AND State = 1   AND LTG_Code = 4 AND Gid = 40
sqlResult   map[state:0 result: count:0]
sqlResult   map[result: count:0 state:0]
[2020-01-02 12:36:35] rtpData ------->   map[result: count:0 state:0] 
[GIN] 2020/01/02 - 12:36:35 | 200 |    2.670536ms |  192.168.66.115 | POST     /getResult
[2020-01-02 12:36:35] rtpData ------->   map[result: count:0 state:0] 
[GIN] 2020/01/02 - 12:36:35 | 200 |    2.841215ms |  192.168.66.115 | POST     /getResult
[2020-01-02 12:36:35] 自開彩開獎  {202001020253 4 41 true} 
ConfigData  map[ip:192.168.88.181 poolname:FA_MEM database:FA_MEM charset:utf8 redisIp:192.168.88.119 redisPassword:"" port:3306 user:fa_db password:1qaz!QAZ redisPort:6379 redisDB:3]
SqlString  SELECT RTP,Amount,Bonus  FROM M_RtpSetting  WHERE Sid = 1   AND State = 1   AND LTG_Code = 4 AND Gid = 41
sqlResult   map[result: count:0 state:0]
[2020-01-02 12:36:35] rtpData ------->   map[result: count:0 state:0] 
[GIN] 2020/01/02 - 12:36:35 | 200 |    2.557284ms |  192.168.66.115 | POST     /getResult
[2020-01-02 12:36:35] 自開彩開獎  {202001020757 6 36 true} 
ConfigData  map[charset:utf8 redisPassword:"" port:3306 password:1qaz!QAZ database:FA_MEM redisIp:192.168.88.119 redisPort:6379 redisDB:3 ip:192.168.88.181 poolname:FA_MEM user:fa_db]
SqlString  SELECT RTP,Amount,Bonus  FROM M_RtpSetting  WHERE Sid = 1   AND State = 1   AND LTG_Code = 6 AND Gid = 36
sqlResult   map[result: count:0 state:0]
[2020-01-02 12:36:35] rtpData ------->   map[result: count:0 state:0] 
[GIN] 2020/01/02 - 12:36:35 | 200 |    2.468705ms |  192.168.66.115 | POST     /getResult
[2020-01-02 12:36:36] 自開彩開獎  {202001020253 6 37 true} 
ConfigData  map[password:1qaz!QAZ database:FA_MEM redisIp:192.168.88.119 redisPort:6379 redisPassword:"" ip:192.168.88.181 port:3306 user:fa_db redisDB:3 poolname:FA_MEM charset:utf8]
SqlString  SELECT RTP,Amount,Bonus  FROM M_RtpSetting  WHERE Sid = 1   AND State = 1   AND LTG_Code = 6 AND Gid = 37
sqlResult   map[result: count:0 state:0]
[2020-01-02 12:36:36] rtpData ------->   map[result: count:0 state:0] 
[GIN] 2020/01/02 - 12:36:36 | 200 |    2.291541ms |  192.168.66.115 | POST     /getResult
[2020-01-02 12:36:39] 自開彩開獎  {202001020757 1 34 true} 
ConfigData  map[poolname:FA_MEM password:1qaz!QAZ database:FA_MEM charset:utf8 redisPassword:"" ip:192.168.88.181 user:fa_db redisIp:192.168.88.119 redisPort:6379 redisDB:3 port:3306]
SqlString  SELECT RTP,Amount,Bonus  FROM M_RtpSetting  WHERE Sid = 1   AND State = 1   AND LTG_Code = 1 AND Gid = 34
sqlResult   map[state:0 result: count:0]
[2020-01-02 12:36:39] rtpData ------->   map[count:0 state:0 result:] 
[GIN] 2020/01/02 - 12:36:39 | 200 |    5.898644ms |  192.168.66.115 | POST     /getResult
[2020-01-02 12:36:40] 自開彩開獎  {202001020253 1 35 true} 
ConfigData  map[ip:192.168.88.181 redisPassword:"" user:fa_db password:1qaz!QAZ database:FA_MEM charset:utf8 redisIp:192.168.88.119 redisPort:6379 poolname:FA_MEM port:3306 redisDB:3]
SqlString  SELECT RTP,Amount,Bonus  FROM M_RtpSetting  WHERE Sid = 1   AND State = 1   AND LTG_Code = 1 AND Gid = 35
sqlResult   map[result: count:0 state:0]
[2020-01-02 12:36:40] rtpData ------->   map[state:0 result: count:0] 
[GIN] 2020/01/02 - 12:36:40 | 200 |    2.318383ms |  192.168.66.115 | POST     /getResult
[2020-01-02 12:36:41] 自開彩開獎  {202001020757 5 38 true} 
ConfigData  map[charset:utf8 redisPort:6379 redisPassword:"" ip:192.168.88.181 password:1qaz!QAZ user:fa_db database:FA_MEM redisIp:192.168.88.119 redisDB:3 poolname:FA_MEM port:3306]
SqlString  SELECT RTP,Amount,Bonus  FROM M_RtpSetting  WHERE Sid = 1   AND State = 1   AND LTG_Code = 5 AND Gid = 38
[2020-01-02 12:36:41] 自開彩開獎  {202001020757 4 40 true} 
ConfigData  map[user:fa_db password:1qaz!QAZ database:FA_MEM charset:utf8 redisDB:3 ip:192.168.88.181 port:3306 redisIp:192.168.88.119 redisPort:6379 redisPassword:"" poolname:FA_MEM]
SqlString  SELECT RTP,Amount,Bonus  FROM M_RtpSetting  WHERE Sid = 1   AND State = 1   AND LTG_Code = 4 AND Gid = 40
sqlResult   map[result: count:0 state:0]
[2020-01-02 12:36:41] rtpData ------->   map[count:0 state:0 result:] 
[GIN] 2020/01/02 - 12:36:41 | 200 |    2.933895ms |  192.168.66.115 | POST     /getResult
sqlResult   map[result: count:0 state:0]
[2020-01-02 12:36:41] rtpData ------->   map[result: count:0 state:0] 
[GIN] 2020/01/02 - 12:36:41 | 200 |    2.879314ms |  192.168.66.115 | POST     /getResult
[2020-01-02 12:36:41] 自開彩開獎  {202001020253 4 41 true} 
ConfigData  map[database:FA_MEM charset:utf8 redisIp:192.168.88.119 redisPassword:"" ip:192.168.88.181 port:3306 password:1qaz!QAZ redisPort:6379 redisDB:3 poolname:FA_MEM user:fa_db]
SqlString  SELECT RTP,Amount,Bonus  FROM M_RtpSetting  WHERE Sid = 1   AND State = 1   AND LTG_Code = 4 AND Gid = 41
sqlResult   map[result: count:0 state:0]
[2020-01-02 12:36:41] rtpData ------->   map[result: count:0 state:0] 
[GIN] 2020/01/02 - 12:36:41 | 200 |    1.891991ms |  192.168.66.115 | POST     /getResult
[2020-01-02 12:36:41] 自開彩開獎  {202001020757 6 36 true} 
ConfigData  map[user:fa_db password:1qaz!QAZ redisIp:192.168.88.119 redisPort:6379 redisPassword:"" redisDB:3 ip:192.168.88.181 poolname:FA_MEM port:3306 database:FA_MEM charset:utf8]
SqlString  SELECT RTP,Amount,Bonus  FROM M_RtpSetting  WHERE Sid = 1   AND State = 1   AND LTG_Code = 6 AND Gid = 36
sqlResult   map[result: count:0 state:0]
[2020-01-02 12:36:41] rtpData ------->   map[result: count:0 state:0] 
[GIN] 2020/01/02 - 12:36:41 | 200 |    2.558789ms |  192.168.66.115 | POST     /getResult
[2020-01-02 12:36:42] 自開彩開獎  {202001020253 6 37 true} 
ConfigData  map[password:1qaz!QAZ database:FA_MEM redisPort:6379 ip:192.168.88.181 port:3306 user:fa_db charset:utf8 redisIp:192.168.88.119 redisPassword:"" redisDB:3 poolname:FA_MEM]
SqlString  SELECT RTP,Amount,Bonus  FROM M_RtpSetting  WHERE Sid = 1   AND State = 1   AND LTG_Code = 6 AND Gid = 37
sqlResult   map[result: count:0 state:0]
[2020-01-02 12:36:42] rtpData ------->   map[result: count:0 state:0] 
[GIN] 2020/01/02 - 12:36:42 | 200 |    2.299126ms |  192.168.66.115 | POST     /getResult
[2020-01-02 12:36:45] 自開彩開獎  {202001020757 1 34 true} 
ConfigData  map[redisDB:3 ip:192.168.88.181 poolname:FA_MEM user:fa_db redisIp:192.168.88.119 redisPort:6379 redisPassword:"" port:3306 password:1qaz!QAZ database:FA_MEM charset:utf8]
SqlString  SELECT RTP,Amount,Bonus  FROM M_RtpSetting  WHERE Sid = 1   AND State = 1   AND LTG_Code = 1 AND Gid = 34
sqlResult   map[result: count:0 state:0]
[2020-01-02 12:36:45] rtpData ------->   map[result: count:0 state:0] 
[GIN] 2020/01/02 - 12:36:45 | 200 |    5.614605ms |  192.168.66.115 | POST     /getResult
[2020-01-02 12:36:46] 自開彩開獎  {202001020253 1 35 true} 
ConfigData  map[redisPassword:"" redisDB:3 ip:192.168.88.181 poolname:FA_MEM port:3306 redisPort:6379 redisIp:192.168.88.119 user:fa_db password:1qaz!QAZ database:FA_MEM charset:utf8]
SqlString  SELECT RTP,Amount,Bonus  FROM M_RtpSetting  WHERE Sid = 1   AND State = 1   AND LTG_Code = 1 AND Gid = 35
sqlResult   map[result: count:0 state:0]
[2020-01-02 12:36:46] rtpData ------->   map[result: count:0 state:0] 
[GIN] 2020/01/02 - 12:36:46 | 200 |    2.280787ms |  192.168.66.115 | POST     /getResult
[2020-01-02 12:36:47] 自開彩開獎  {202001020757 5 38 true} 
ConfigData  map[redisPort:6379 redisPassword:"" ip:192.168.88.181 poolname:FA_MEM port:3306 user:fa_db password:1qaz!QAZ database:FA_MEM redisDB:3 charset:utf8 redisIp:192.168.88.119]
SqlString  SELECT RTP,Amount,Bonus  FROM M_RtpSetting  WHERE Sid = 1   AND State = 1   AND LTG_Code = 5 AND Gid = 38
[2020-01-02 12:36:47] 自開彩開獎  {202001020757 4 40 true} 
ConfigData  map[user:fa_db password:1qaz!QAZ database:FA_MEM redisIp:192.168.88.119 ip:192.168.88.181 poolname:FA_MEM port:3306 charset:utf8 redisPort:6379 redisPassword:"" redisDB:3]
SqlString  SELECT RTP,Amount,Bonus  FROM M_RtpSetting  WHERE Sid = 1   AND State = 1   AND LTG_Code = 4 AND Gid = 40
sqlResult   map[state:0 result: count:0]
[2020-01-02 12:36:47] rtpData ------->   map[result: count:0 state:0] 
[GIN] 2020/01/02 - 12:36:47 | 200 |    2.690545ms |  192.168.66.115 | POST     /getResult
sqlResult   map[result: count:0 state:0]
[2020-01-02 12:36:47] rtpData ------->   map[result: count:0 state:0] 
[GIN] 2020/01/02 - 12:36:47 | 200 |    3.096964ms |  192.168.66.115 | POST     /getResult
[2020-01-02 12:36:47] 自開彩開獎  {202001020253 4 41 true} 
ConfigData  map[poolname:FA_MEM user:fa_db password:1qaz!QAZ redisPassword:"" redisDB:3 ip:192.168.88.181 database:FA_MEM charset:utf8 redisIp:192.168.88.119 redisPort:6379 port:3306]
SqlString  SELECT RTP,Amount,Bonus  FROM M_RtpSetting  WHERE Sid = 1   AND State = 1   AND LTG_Code = 4 AND Gid = 41
sqlResult   map[result: count:0 state:0]
[2020-01-02 12:36:47] rtpData ------->   map[result: count:0 state:0] 
[GIN] 2020/01/02 - 12:36:47 | 200 |    2.129445ms |  192.168.66.115 | POST     /getResult
[2020-01-02 12:36:47] 自開彩開獎  {202001020757 6 36 true} 
ConfigData  map[ip:192.168.88.181 port:3306 charset:utf8 redisPort:6379 redisPassword:"" redisDB:3 poolname:FA_MEM user:fa_db password:1qaz!QAZ database:FA_MEM redisIp:192.168.88.119]
SqlString  SELECT RTP,Amount,Bonus  FROM M_RtpSetting  WHERE Sid = 1   AND State = 1   AND LTG_Code = 6 AND Gid = 36
sqlResult   map[count:0 state:0 result:]
[2020-01-02 12:36:47] rtpData ------->   map[result: count:0 state:0] 
[GIN] 2020/01/02 - 12:36:47 | 200 |    2.520257ms |  192.168.66.115 | POST     /getResult
[2020-01-02 12:36:48] 自開彩開獎  {202001020253 6 37 true} 
ConfigData  map[ip:192.168.88.181 poolname:FA_MEM password:1qaz!QAZ charset:utf8 redisIp:192.168.88.119 redisPort:6379 port:3306 user:fa_db database:FA_MEM redisPassword:"" redisDB:3]
SqlString  SELECT RTP,Amount,Bonus  FROM M_RtpSetting  WHERE Sid = 1   AND State = 1   AND LTG_Code = 6 AND Gid = 37
sqlResult   map[count:0 state:0 result:]
[2020-01-02 12:36:48] rtpData ------->   map[count:0 state:0 result:] 
[GIN] 2020/01/02 - 12:36:48 | 200 |    2.448642ms |  192.168.66.115 | POST     /getResult
[2020-01-02 12:36:51] 自開彩開獎  {202001020757 1 34 true} 
ConfigData  map[port:3306 database:FA_MEM charset:utf8 redisIp:192.168.88.119 redisDB:3 poolname:FA_MEM user:fa_db password:1qaz!QAZ redisPort:6379 redisPassword:"" ip:192.168.88.181]
SqlString  SELECT RTP,Amount,Bonus  FROM M_RtpSetting  WHERE Sid = 1   AND State = 1   AND LTG_Code = 1 AND Gid = 34
sqlResult   map[count:0 state:0 result:]
[2020-01-02 12:36:51] rtpData ------->   map[result: count:0 state:0] 
[GIN] 2020/01/02 - 12:36:51 | 200 |    3.141013ms |  192.168.66.115 | POST     /getResult
[2020-01-02 12:36:52] 自開彩開獎  {202001020253 1 35 true} 
ConfigData  map[redisPort:6379 ip:192.168.88.181 user:fa_db database:FA_MEM charset:utf8 redisIp:192.168.88.119 redisPassword:"" redisDB:3 poolname:FA_MEM port:3306 password:1qaz!QAZ]
SqlString  SELECT RTP,Amount,Bonus  FROM M_RtpSetting  WHERE Sid = 1   AND State = 1   AND LTG_Code = 1 AND Gid = 35
sqlResult   map[result: count:0 state:0]
[2020-01-02 12:36:52] rtpData ------->   map[result: count:0 state:0] 
[GIN] 2020/01/02 - 12:36:52 | 200 |     2.61265ms |  192.168.66.115 | POST     /getResult
[2020-01-02 12:36:53] 自開彩開獎  {202001020757 5 38 true} 
[2020-01-02 12:36:53] 自開彩開獎  {202001020757 4 40 true} 
ConfigData  map[password:1qaz!QAZ charset:utf8 redisIp:192.168.88.119 redisPassword:"" poolname:FA_MEM port:3306 user:fa_db redisDB:3 ip:192.168.88.181 database:FA_MEM redisPort:6379]
SqlString  SELECT RTP,Amount,Bonus  FROM M_RtpSetting  WHERE Sid = 1   AND State = 1   AND LTG_Code = 4 AND Gid = 40
ConfigData  map[ip:192.168.88.181 poolname:FA_MEM password:1qaz!QAZ charset:utf8 redisIp:192.168.88.119 redisPassword:"" port:3306 user:fa_db database:FA_MEM redisPort:6379 redisDB:3]
SqlString  SELECT RTP,Amount,Bonus  FROM M_RtpSetting  WHERE Sid = 1   AND State = 1   AND LTG_Code = 5 AND Gid = 38
sqlResult   map[result: count:0 state:0]
[2020-01-02 12:36:53] rtpData ------->   map[result: count:0 state:0] 
sqlResult   map[result: count:0 state:0]
[GIN] 2020/01/02 - 12:36:53 | 200 |    2.680313ms |  192.168.66.115 | POST     /getResult
[2020-01-02 12:36:53] rtpData ------->   map[count:0 state:0 result:] 
[GIN] 2020/01/02 - 12:36:53 | 200 |    2.633405ms |  192.168.66.115 | POST     /getResult
[2020-01-02 12:36:53] 自開彩開獎  {202001020253 4 41 true} 
ConfigData  map[database:FA_MEM charset:utf8 redisPassword:"" ip:192.168.88.181 user:fa_db password:1qaz!QAZ redisPort:6379 redisDB:3 poolname:FA_MEM port:3306 redisIp:192.168.88.119]
SqlString  SELECT RTP,Amount,Bonus  FROM M_RtpSetting  WHERE Sid = 1   AND State = 1   AND LTG_Code = 4 AND Gid = 41
sqlResult   map[state:0 result: count:0]
[2020-01-02 12:36:53] rtpData ------->   map[result: count:0 state:0] 
[GIN] 2020/01/02 - 12:36:53 | 200 |    2.409151ms |  192.168.66.115 | POST     /getResult
[2020-01-02 12:36:53] 自開彩開獎  {202001020757 6 36 true} 
ConfigData  map[poolname:FA_MEM redisIp:192.168.88.119 redisPort:6379 redisPassword:"" redisDB:3 ip:192.168.88.181 port:3306 user:fa_db password:1qaz!QAZ database:FA_MEM charset:utf8]
SqlString  SELECT RTP,Amount,Bonus  FROM M_RtpSetting  WHERE Sid = 1   AND State = 1   AND LTG_Code = 6 AND Gid = 36
sqlResult   map[result: count:0 state:0]
[2020-01-02 12:36:53] rtpData ------->   map[result: count:0 state:0] 
[GIN] 2020/01/02 - 12:36:53 | 200 |    2.070564ms |  192.168.66.115 | POST     /getResult
[2020-01-02 12:36:54] 自開彩開獎  {202001020253 6 37 true} 
ConfigData  map[ip:192.168.88.181 user:fa_db password:1qaz!QAZ charset:utf8 redisPort:6379 redisPassword:"" poolname:FA_MEM port:3306 database:FA_MEM redisIp:192.168.88.119 redisDB:3]
SqlString  SELECT RTP,Amount,Bonus  FROM M_RtpSetting  WHERE Sid = 1   AND State = 1   AND LTG_Code = 6 AND Gid = 37
sqlResult   map[result: count:0 state:0]
[2020-01-02 12:36:54] rtpData ------->   map[result: count:0 state:0] 
[GIN] 2020/01/02 - 12:36:54 | 200 |    2.291783ms |  192.168.66.115 | POST     /getResult
[2020-01-02 12:36:57] 自開彩開獎  {202001020757 1 34 true} 
ConfigData  map[ip:192.168.88.181 poolname:FA_MEM port:3306 redisIp:192.168.88.119 redisPort:6379 redisPassword:"" redisDB:3 user:fa_db password:1qaz!QAZ database:FA_MEM charset:utf8]
SqlString  SELECT RTP,Amount,Bonus  FROM M_RtpSetting  WHERE Sid = 1   AND State = 1   AND LTG_Code = 1 AND Gid = 34
sqlResult   map[count:0 state:0 result:]
[2020-01-02 12:36:57] rtpData ------->   map[result: count:0 state:0] 
[GIN] 2020/01/02 - 12:36:57 | 200 |    2.731603ms |  192.168.66.115 | POST     /getResult
[2020-01-02 12:36:58] 自開彩開獎  {202001020253 1 35 true} 
ConfigData  map[poolname:FA_MEM user:fa_db database:FA_MEM redisIp:192.168.88.119 redisPassword:"" ip:192.168.88.181 port:3306 password:1qaz!QAZ charset:utf8 redisPort:6379 redisDB:3]
SqlString  SELECT RTP,Amount,Bonus  FROM M_RtpSetting  WHERE Sid = 1   AND State = 1   AND LTG_Code = 1 AND Gid = 35
sqlResult   map[state:0 result: count:0]
[2020-01-02 12:36:58] rtpData ------->   map[state:0 result: count:0] 
[GIN] 2020/01/02 - 12:36:58 | 200 |    2.657439ms |  192.168.66.115 | POST     /getResult
[2020-01-02 12:36:59] 自開彩開獎  {202001020757 4 40 true} 
ConfigData  map[redisPassword:"" ip:192.168.88.181 poolname:FA_MEM password:1qaz!QAZ redisIp:192.168.88.119 redisPort:6379 port:3306 user:fa_db database:FA_MEM charset:utf8 redisDB:3]
SqlString  SELECT RTP,Amount,Bonus  FROM M_RtpSetting  WHERE Sid = 1   AND State = 1   AND LTG_Code = 4 AND Gid = 40
[2020-01-02 12:36:59] 自開彩開獎  {202001020757 5 38 true} 
ConfigData  map[database:FA_MEM charset:utf8 redisIp:192.168.88.119 redisDB:3 redisPassword:"" ip:192.168.88.181 poolname:FA_MEM port:3306 user:fa_db password:1qaz!QAZ redisPort:6379]
SqlString  SELECT RTP,Amount,Bonus  FROM M_RtpSetting  WHERE Sid = 1   AND State = 1   AND LTG_Code = 5 AND Gid = 38
sqlResult   map[result: count:0 state:0]
sqlResult   map[result: count:0 state:0]
[2020-01-02 12:36:59] rtpData ------->   map[count:0 state:0 result:] 
[2020-01-02 12:36:59] rtpData ------->   map[result: count:0 state:0] 
[GIN] 2020/01/02 - 12:36:59 | 200 |     3.03706ms |  192.168.66.115 | POST     /getResult
[GIN] 2020/01/02 - 12:36:59 | 200 |    3.082642ms |  192.168.66.115 | POST     /getResult
[2020-01-02 12:36:59] 自開彩開獎  {202001020253 4 41 true} 
ConfigData  map[redisPort:6379 redisDB:3 ip:192.168.88.181 poolname:FA_MEM port:3306 user:fa_db password:1qaz!QAZ database:FA_MEM charset:utf8 redisIp:192.168.88.119 redisPassword:""]
SqlString  SELECT RTP,Amount,Bonus  FROM M_RtpSetting  WHERE Sid = 1   AND State = 1   AND LTG_Code = 4 AND Gid = 41
sqlResult   map[result: count:0 state:0]
[2020-01-02 12:36:59] rtpData ------->   map[count:0 state:0 result:] 
[GIN] 2020/01/02 - 12:36:59 | 200 |    3.077555ms |  192.168.66.115 | POST     /getResult
[2020-01-02 12:36:59] 自開彩開獎  {202001020757 6 36 true} 
ConfigData  map[user:fa_db database:FA_MEM charset:utf8 redisPort:6379 redisPassword:"" redisDB:3 ip:192.168.88.181 port:3306 redisIp:192.168.88.119 poolname:FA_MEM password:1qaz!QAZ]
SqlString  SELECT RTP,Amount,Bonus  FROM M_RtpSetting  WHERE Sid = 1   AND State = 1   AND LTG_Code = 6 AND Gid = 36
sqlResult   map[result: count:0 state:0]
[2020-01-02 12:36:59] rtpData ------->   map[result: count:0 state:0] 
[GIN] 2020/01/02 - 12:36:59 | 200 |    2.524718ms |  192.168.66.115 | POST     /getResult
[2020-01-02 12:37:00] 自開彩開獎  {202001020253 6 37 true} 
ConfigData  map[port:3306 user:fa_db password:1qaz!QAZ database:FA_MEM charset:utf8 redisIp:192.168.88.119 redisPort:6379 poolname:FA_MEM redisDB:3 redisPassword:"" ip:192.168.88.181]
SqlString  SELECT RTP,Amount,Bonus  FROM M_RtpSetting  WHERE Sid = 1   AND State = 1   AND LTG_Code = 6 AND Gid = 37
sqlResult   map[result: count:0 state:0]
[2020-01-02 12:37:00] rtpData ------->   map[result: count:0 state:0] 
[GIN] 2020/01/02 - 12:37:00 | 200 |     2.29903ms |  192.168.66.115 | POST     /getResult
[2020-01-02 12:37:01] 自開彩開獎  {202001020758 2 26 true} 
ConfigData  map[ip:192.168.88.181 poolname:FA_MEM database:FA_MEM charset:utf8 redisIp:192.168.88.119 redisPort:6379 redisPassword:"" redisDB:3 port:3306 user:fa_db password:1qaz!QAZ]
SqlString  SELECT RTP,Amount,Bonus  FROM M_RtpSetting  WHERE Sid = 1   AND State = 1   AND LTG_Code = 2 AND Gid = 26
sqlResult   map[amount:1.0069588e+06 bonus:908100.71 result:0.9600 count:1 state:1]
[2020-01-02 12:37:01] rtpData ------->   map[result:0.9600 count:1 state:1 amount:1.0069588e+06 bonus:908100.71] 
ConfigData  map[redisIp:192.168.88.119 redisPort:6379 redisDB:3 ip:192.168.88.181 port:3306 password:1qaz!QAZ charset:utf8 poolname:FA_MEM user:fa_db database:FA_MEM redisPassword:""]
SELECT BO_No, BO_OrderNo , BO_User , BO_Issue  , BO_LotteryTypeGroup, BO_LotteryType, BO_Mode, BO_LotteryPlayGroup, BO_LotteryPlay , BO_LotteryContent, BO_Price, BO_RealPrice, BO_Unit, BO_Multiple , BO_BetCount  , BO_Winnings, BO_Winnings2, BO_Winnings3, BO_WinningLimit  , BO_Water , BO_BW_SourceUserId, BO_BW_BackWater, BO_BW_LimitBetCount, BO_BW_MaxAmount, BO_BW_AuditMultiple  , BO_Odds, BO_Odds2, BO_Odds3 , BO_Type, BO_Chase , BO_OpenResult, BO_OpenResult2, BO_DateDraw, BO_DateDraw2, BO_DateUpdate  FROM TS_BetOrder  WHERE BO_Cancel = 0   AND BO_CancelBackend = 0   AND BO_LotteryTypeGroup = 2 AND BO_LotteryType = 26 AND BO_Issue = 202001020758 AND BO_Collect = 0 ORDER BY BO_DateDraw ASC, BO_DateCreate ASC, BO_DateUpdate ASC, BO_No ASC ;
[2020-01-02 12:37:01] LottteryTypeGroup 2 
[2020-01-02 12:37:01] 有期號 但無注單 -------> map[amount:0 bonus:0 thisOpenResult:[3 3 7 7 0]] 
[GIN] 2020/01/02 - 12:37:01 | 200 |    6.154633ms |  192.168.66.115 | POST     /getResult
[2020-01-02 12:37:03] 自開彩開獎  {202001020757 1 34 true} 
ConfigData  map[password:1qaz!QAZ database:FA_MEM charset:utf8 redisIp:192.168.88.119 ip:192.168.88.181 poolname:FA_MEM port:3306 user:fa_db redisPort:6379 redisPassword:"" redisDB:3]
SqlString  SELECT RTP,Amount,Bonus  FROM M_RtpSetting  WHERE Sid = 1   AND State = 1   AND LTG_Code = 1 AND Gid = 34
sqlResult   map[count:0 state:0 result:]
[2020-01-02 12:37:03] rtpData ------->   map[result: count:0 state:0] 
[GIN] 2020/01/02 - 12:37:03 | 200 |    4.059674ms |  192.168.66.115 | POST     /getResult
[2020-01-02 12:37:04] 自開彩開獎  {202001020253 1 35 true} 
ConfigData  map[password:1qaz!QAZ charset:utf8 redisIp:192.168.88.119 redisPort:6379 redisPassword:"" redisDB:3 port:3306 user:fa_db database:FA_MEM ip:192.168.88.181 poolname:FA_MEM]
SqlString  SELECT RTP,Amount,Bonus  FROM M_RtpSetting  WHERE Sid = 1   AND State = 1   AND LTG_Code = 1 AND Gid = 35
sqlResult   map[state:0 result: count:0]
[2020-01-02 12:37:04] rtpData ------->   map[result: count:0 state:0] 
[GIN] 2020/01/02 - 12:37:04 | 200 |    3.132534ms |  192.168.66.115 | POST     /getResult
[2020-01-02 12:37:05] 自開彩開獎  {202001020757 5 38 true} 
ConfigData  map[poolname:FA_MEM port:3306 database:FA_MEM charset:utf8 redisIp:192.168.88.119 redisPort:6379 redisPassword:"" ip:192.168.88.181 password:1qaz!QAZ redisDB:3 user:fa_db]
SqlString  SELECT RTP,Amount,Bonus  FROM M_RtpSetting  WHERE Sid = 1   AND State = 1   AND LTG_Code = 5 AND Gid = 38
[2020-01-02 12:37:05] 自開彩開獎  {202001020757 4 40 true} 
ConfigData  map[redisPort:6379 ip:192.168.88.181 user:fa_db password:1qaz!QAZ database:FA_MEM charset:utf8 redisIp:192.168.88.119 poolname:FA_MEM port:3306 redisPassword:"" redisDB:3]
SqlString  SELECT RTP,Amount,Bonus  FROM M_RtpSetting  WHERE Sid = 1   AND State = 1   AND LTG_Code = 4 AND Gid = 40
sqlResult   map[count:0 state:0 result:]
[2020-01-02 12:37:05] rtpData ------->   map[result: count:0 state:0] 
[GIN] 2020/01/02 - 12:37:05 | 200 |    2.903121ms |  192.168.66.115 | POST     /getResult
sqlResult   map[state:0 result: count:0]
[2020-01-02 12:37:05] rtpData ------->   map[result: count:0 state:0] 
[GIN] 2020/01/02 - 12:37:05 | 200 |     3.13502ms |  192.168.66.115 | POST     /getResult
[2020-01-02 12:37:05] 自開彩開獎  {202001020253 4 41 true} 
ConfigData  map[user:fa_db database:FA_MEM charset:utf8 redisIp:192.168.88.119 redisPassword:"" redisDB:3 ip:192.168.88.181 poolname:FA_MEM port:3306 password:1qaz!QAZ redisPort:6379]
SqlString  SELECT RTP,Amount,Bonus  FROM M_RtpSetting  WHERE Sid = 1   AND State = 1   AND LTG_Code = 4 AND Gid = 41
sqlResult   map[count:0 state:0 result:]
[2020-01-02 12:37:05] rtpData ------->   map[result: count:0 state:0] 
[GIN] 2020/01/02 - 12:37:05 | 200 |    2.724587ms |  192.168.66.115 | POST     /getResult
[2020-01-02 12:37:05] 自開彩開獎  {202001020757 6 36 true} 
ConfigData  map[port:3306 user:fa_db database:FA_MEM charset:utf8 redisPort:6379 redisDB:3 ip:192.168.88.181 poolname:FA_MEM password:1qaz!QAZ redisIp:192.168.88.119 redisPassword:""]
SqlString  SELECT RTP,Amount,Bonus  FROM M_RtpSetting  WHERE Sid = 1   AND State = 1   AND LTG_Code = 6 AND Gid = 36
sqlResult   map[result: count:0 state:0]
[2020-01-02 12:37:05] rtpData ------->   map[result: count:0 state:0] 
[GIN] 2020/01/02 - 12:37:05 | 200 |    2.467617ms |  192.168.66.115 | POST     /getResult
[2020-01-02 12:37:09] 自開彩開獎  {202001020758 1 34 true} 
ConfigData  map[database:FA_MEM redisIp:192.168.88.119 redisDB:3 ip:192.168.88.181 poolname:FA_MEM user:fa_db redisPort:6379 redisPassword:"" port:3306 password:1qaz!QAZ charset:utf8]
SqlString  SELECT RTP,Amount,Bonus  FROM M_RtpSetting  WHERE Sid = 1   AND State = 1   AND LTG_Code = 1 AND Gid = 34
sqlResult   map[result: count:0 state:0]
[2020-01-02 12:37:09] rtpData ------->   map[result: count:0 state:0] 
[GIN] 2020/01/02 - 12:37:09 | 200 |    2.728754ms |  192.168.66.115 | POST     /getResult
[2020-01-02 12:37:10] 自開彩開獎  {202001020253 1 35 true} 
ConfigData  map[redisPort:6379 redisPassword:"" ip:192.168.88.181 poolname:FA_MEM port:3306 user:fa_db password:1qaz!QAZ database:FA_MEM charset:utf8 redisIp:192.168.88.119 redisDB:3]
SqlString  SELECT RTP,Amount,Bonus  FROM M_RtpSetting  WHERE Sid = 1   AND State = 1   AND LTG_Code = 1 AND Gid = 35
sqlResult   map[result: count:0 state:0]
[2020-01-02 12:37:10] rtpData ------->   map[result: count:0 state:0] 
[GIN] 2020/01/02 - 12:37:10 | 200 |    2.386981ms |  192.168.66.115 | POST     /getResult
[2020-01-02 12:37:11] 自開彩開獎  {202001020758 5 38 true} 
ConfigData  map[poolname:FA_MEM charset:utf8 redisDB:3 password:1qaz!QAZ database:FA_MEM redisIp:192.168.88.119 redisPort:6379 redisPassword:"" ip:192.168.88.181 port:3306 user:fa_db]
SqlString  SELECT RTP,Amount,Bonus  FROM M_RtpSetting  WHERE Sid = 1   AND State = 1   AND LTG_Code = 5 AND Gid = 38
[2020-01-02 12:37:11] 自開彩開獎  {202001020758 4 40 true} 
ConfigData  map[redisPassword:"" ip:192.168.88.181 port:3306 user:fa_db password:1qaz!QAZ redisIp:192.168.88.119 redisPort:6379 poolname:FA_MEM database:FA_MEM charset:utf8 redisDB:3]
SqlString  SELECT RTP,Amount,Bonus  FROM M_RtpSetting  WHERE Sid = 1   AND State = 1   AND LTG_Code = 4 AND Gid = 40
sqlResult   map[state:0 result: count:0]
[2020-01-02 12:37:11] rtpData ------->   map[result: count:0 state:0] 
sqlResult   map[result: count:0 state:0]
[2020-01-02 12:37:11] rtpData ------->   map[state:0 result: count:0] 
[GIN] 2020/01/02 - 12:37:11 | 200 |    2.527457ms |  192.168.66.115 | POST     /getResult
[GIN] 2020/01/02 - 12:37:11 | 200 |    2.725953ms |  192.168.66.115 | POST     /getResult
[2020-01-02 12:37:11] 自開彩開獎  {202001020253 4 41 true} 
ConfigData  map[redisIp:192.168.88.119 redisPort:6379 redisDB:3 ip:192.168.88.181 poolname:FA_MEM port:3306 user:fa_db password:1qaz!QAZ database:FA_MEM charset:utf8 redisPassword:""]
SqlString  SELECT RTP,Amount,Bonus  FROM M_RtpSetting  WHERE Sid = 1   AND State = 1   AND LTG_Code = 4 AND Gid = 41
sqlResult   map[count:0 state:0 result:]
[2020-01-02 12:37:11] rtpData ------->   map[state:0 result: count:0] 
[GIN] 2020/01/02 - 12:37:11 | 200 |    8.394659ms |  192.168.66.115 | POST     /getResult
[2020-01-02 12:37:11] 自開彩開獎  {202001020758 6 36 true} 
ConfigData  map[charset:utf8 redisIp:192.168.88.119 redisPassword:"" ip:192.168.88.181 port:3306 user:fa_db password:1qaz!QAZ poolname:FA_MEM database:FA_MEM redisPort:6379 redisDB:3]
SqlString  SELECT RTP,Amount,Bonus  FROM M_RtpSetting  WHERE Sid = 1   AND State = 1   AND LTG_Code = 6 AND Gid = 36
sqlResult   map[count:0 state:0 result:]
[2020-01-02 12:37:11] rtpData ------->   map[count:0 state:0 result:] 
[GIN] 2020/01/02 - 12:37:11 | 200 |    2.282755ms |  192.168.66.115 | POST     /getResult
[2020-01-02 12:37:15] 自開彩開獎  {202001020758 1 34 true} 
ConfigData  map[port:3306 user:fa_db password:1qaz!QAZ charset:utf8 redisIp:192.168.88.119 redisPort:6379 redisPassword:"" redisDB:3 ip:192.168.88.181 poolname:FA_MEM database:FA_MEM]
SqlString  SELECT RTP,Amount,Bonus  FROM M_RtpSetting  WHERE Sid = 1   AND State = 1   AND LTG_Code = 1 AND Gid = 34
sqlResult   map[result: count:0 state:0]
[2020-01-02 12:37:15] rtpData ------->   map[result: count:0 state:0] 
[GIN] 2020/01/02 - 12:37:15 | 200 |    2.359642ms |  192.168.66.115 | POST     /getResult
[2020-01-02 12:37:16] 自開彩開獎  {202001020253 1 35 true} 
ConfigData  map[ip:192.168.88.181 password:1qaz!QAZ database:FA_MEM charset:utf8 redisIp:192.168.88.119 redisPort:6379 redisPassword:"" poolname:FA_MEM port:3306 user:fa_db redisDB:3]
SqlString  SELECT RTP,Amount,Bonus  FROM M_RtpSetting  WHERE Sid = 1   AND State = 1   AND LTG_Code = 1 AND Gid = 35
sqlResult   map[result: count:0 state:0]
[2020-01-02 12:37:16] rtpData ------->   map[result: count:0 state:0] 
[GIN] 2020/01/02 - 12:37:16 | 200 |    2.414037ms |  192.168.66.115 | POST     /getResult
[2020-01-02 12:37:17] 自開彩開獎  {202001020758 4 40 true} 
ConfigData  map[redisPort:6379 redisDB:3 poolname:FA_MEM port:3306 charset:utf8 redisIp:192.168.88.119 redisPassword:"" ip:192.168.88.181 user:fa_db password:1qaz!QAZ database:FA_MEM]
SqlString  SELECT RTP,Amount,Bonus  FROM M_RtpSetting  WHERE Sid = 1   AND State = 1   AND LTG_Code = 4 AND Gid = 40
[2020-01-02 12:37:17] 自開彩開獎  {202001020758 5 38 true} 
ConfigData  map[ip:192.168.88.181 poolname:FA_MEM port:3306 user:fa_db password:1qaz!QAZ database:FA_MEM charset:utf8 redisIp:192.168.88.119 redisPort:6379 redisPassword:"" redisDB:3]
SqlString  SELECT RTP,Amount,Bonus  FROM M_RtpSetting  WHERE Sid = 1   AND State = 1   AND LTG_Code = 5 AND Gid = 38
sqlResult   map[result: count:0 state:0]
[2020-01-02 12:37:17] rtpData ------->   map[count:0 state:0 result:] 
[GIN] 2020/01/02 - 12:37:17 | 200 |    2.276989ms |  192.168.66.115 | POST     /getResult
sqlResult   map[state:0 result: count:0]
[2020-01-02 12:37:17] rtpData ------->   map[result: count:0 state:0] 
[GIN] 2020/01/02 - 12:37:17 | 200 |    2.298338ms |  192.168.66.115 | POST     /getResult
[2020-01-02 12:37:17] 自開彩開獎  {202001020253 4 41 true} 
ConfigData  map[ip:192.168.88.181 port:3306 user:fa_db database:FA_MEM charset:utf8 poolname:FA_MEM password:1qaz!QAZ redisIp:192.168.88.119 redisPort:6379 redisPassword:"" redisDB:3]
SqlString  SELECT RTP,Amount,Bonus  FROM M_RtpSetting  WHERE Sid = 1   AND State = 1   AND LTG_Code = 4 AND Gid = 41
sqlResult   map[state:0 result: count:0]
[2020-01-02 12:37:17] rtpData ------->   map[state:0 result: count:0] 
[GIN] 2020/01/02 - 12:37:17 | 200 |    2.430111ms |  192.168.66.115 | POST     /getResult
[2020-01-02 12:37:17] 自開彩開獎  {202001020758 6 36 true} 
ConfigData  map[redisDB:3 poolname:FA_MEM password:1qaz!QAZ charset:utf8 database:FA_MEM redisIp:192.168.88.119 redisPort:6379 redisPassword:"" ip:192.168.88.181 port:3306 user:fa_db]
SqlString  SELECT RTP,Amount,Bonus  FROM M_RtpSetting  WHERE Sid = 1   AND State = 1   AND LTG_Code = 6 AND Gid = 36
sqlResult   map[result: count:0 state:0]
[2020-01-02 12:37:17] rtpData ------->   map[result: count:0 state:0] 
[GIN] 2020/01/02 - 12:37:17 | 200 |     2.61995ms |  192.168.66.115 | POST     /getResult
[2020-01-02 12:37:21] 自開彩開獎  {202001020758 1 34 true} 
ConfigData  map[user:fa_db redisIp:192.168.88.119 redisPort:6379 redisPassword:"" redisDB:3 poolname:FA_MEM port:3306 database:FA_MEM charset:utf8 ip:192.168.88.181 password:1qaz!QAZ]
SqlString  SELECT RTP,Amount,Bonus  FROM M_RtpSetting  WHERE Sid = 1   AND State = 1   AND LTG_Code = 1 AND Gid = 34
sqlResult   map[count:0 state:0 result:]
[2020-01-02 12:37:21] rtpData ------->   map[count:0 state:0 result:] 
[GIN] 2020/01/02 - 12:37:21 | 200 |    8.303163ms |  192.168.66.115 | POST     /getResult
[2020-01-02 12:37:22] 自開彩開獎  {202001020253 1 35 true} 
ConfigData  map[charset:utf8 redisIp:192.168.88.119 redisDB:3 password:1qaz!QAZ poolname:FA_MEM port:3306 user:fa_db database:FA_MEM redisPort:6379 redisPassword:"" ip:192.168.88.181]
SqlString  SELECT RTP,Amount,Bonus  FROM M_RtpSetting  WHERE Sid = 1   AND State = 1   AND LTG_Code = 1 AND Gid = 35
sqlResult   map[result: count:0 state:0]
[2020-01-02 12:37:22] rtpData ------->   map[result: count:0 state:0] 
[GIN] 2020/01/02 - 12:37:22 | 200 |    2.744706ms |  192.168.66.115 | POST     /getResult
[2020-01-02 12:37:23] 自開彩開獎  {202001020758 4 40 true} 
ConfigData  map[ip:192.168.88.181 poolname:FA_MEM user:fa_db charset:utf8 redisPort:6379 redisDB:3 port:3306 password:1qaz!QAZ database:FA_MEM redisIp:192.168.88.119 redisPassword:""]
SqlString  SELECT RTP,Amount,Bonus  FROM M_RtpSetting  WHERE Sid = 1   AND State = 1   AND LTG_Code = 4 AND Gid = 40
[2020-01-02 12:37:23] 自開彩開獎  {202001020758 5 38 true} 
ConfigData  map[ip:192.168.88.181 poolname:FA_MEM port:3306 database:FA_MEM user:fa_db password:1qaz!QAZ charset:utf8 redisIp:192.168.88.119 redisPort:6379 redisPassword:"" redisDB:3]
SqlString  SELECT RTP,Amount,Bonus  FROM M_RtpSetting  WHERE Sid = 1   AND State = 1   AND LTG_Code = 5 AND Gid = 38
sqlResult   map[state:0 result: count:0]
[2020-01-02 12:37:23] rtpData ------->   map[state:0 result: count:0] 
[GIN] 2020/01/02 - 12:37:23 | 200 |    2.995543ms |  192.168.66.115 | POST     /getResult
sqlResult   map[result: count:0 state:0]
[2020-01-02 12:37:23] rtpData ------->   map[count:0 state:0 result:] 
[GIN] 2020/01/02 - 12:37:23 | 200 |    3.328984ms |  192.168.66.115 | POST     /getResult
[2020-01-02 12:37:23] 自開彩開獎  {202001020253 4 41 true} 
ConfigData  map[redisPort:6379 redisPassword:"" redisDB:3 ip:192.168.88.181 port:3306 charset:utf8 redisIp:192.168.88.119 poolname:FA_MEM user:fa_db password:1qaz!QAZ database:FA_MEM]
SqlString  SELECT RTP,Amount,Bonus  FROM M_RtpSetting  WHERE Sid = 1   AND State = 1   AND LTG_Code = 4 AND Gid = 41
sqlResult   map[result: count:0 state:0]
[2020-01-02 12:37:23] rtpData ------->   map[count:0 state:0 result:] 
[GIN] 2020/01/02 - 12:37:23 | 200 |    3.237737ms |  192.168.66.115 | POST     /getResult
[2020-01-02 12:37:23] 自開彩開獎  {202001020758 6 36 true} 
ConfigData  map[port:3306 password:1qaz!QAZ database:FA_MEM redisPassword:"" redisDB:3 ip:192.168.88.181 poolname:FA_MEM user:fa_db charset:utf8 redisIp:192.168.88.119 redisPort:6379]
SqlString  SELECT RTP,Amount,Bonus  FROM M_RtpSetting  WHERE Sid = 1   AND State = 1   AND LTG_Code = 6 AND Gid = 36
sqlResult   map[count:0 state:0 result:]
[2020-01-02 12:37:23] rtpData ------->   map[state:0 result: count:0] 
[GIN] 2020/01/02 - 12:37:23 | 200 |    2.176584ms |  192.168.66.115 | POST     /getResult
[2020-01-02 12:37:27] 自開彩開獎  {202001020758 1 34 true} 
ConfigData  map[port:3306 user:fa_db database:FA_MEM redisIp:192.168.88.119 redisPort:6379 redisDB:3 ip:192.168.88.181 poolname:FA_MEM password:1qaz!QAZ charset:utf8 redisPassword:""]
SqlString  SELECT RTP,Amount,Bonus  FROM M_RtpSetting  WHERE Sid = 1   AND State = 1   AND LTG_Code = 1 AND Gid = 34
sqlResult   map[result: count:0 state:0]
[2020-01-02 12:37:27] rtpData ------->   map[result: count:0 state:0] 
[GIN] 2020/01/02 - 12:37:27 | 200 |   10.505255ms |  192.168.66.115 | POST     /getResult
[2020-01-02 12:37:28] 自開彩開獎  {202001020253 1 35 true} 
ConfigData  map[port:3306 user:fa_db password:1qaz!QAZ redisIp:192.168.88.119 redisPassword:"" redisDB:3 ip:192.168.88.181 poolname:FA_MEM database:FA_MEM charset:utf8 redisPort:6379]
SqlString  SELECT RTP,Amount,Bonus  FROM M_RtpSetting  WHERE Sid = 1   AND State = 1   AND LTG_Code = 1 AND Gid = 35
sqlResult   map[result: count:0 state:0]
[2020-01-02 12:37:28] rtpData ------->   map[result: count:0 state:0] 
[GIN] 2020/01/02 - 12:37:28 | 200 |    2.762443ms |  192.168.66.115 | POST     /getResult
[2020-01-02 12:37:29] 自開彩開獎  {202001020758 4 40 true} 
ConfigData  map[password:1qaz!QAZ charset:utf8 redisIp:192.168.88.119 redisPort:6379 redisDB:3 ip:192.168.88.181 poolname:FA_MEM port:3306 user:fa_db database:FA_MEM redisPassword:""]
SqlString  SELECT RTP,Amount,Bonus  FROM M_RtpSetting  WHERE Sid = 1   AND State = 1   AND LTG_Code = 4 AND Gid = 40
[2020-01-02 12:37:29] 自開彩開獎  {202001020758 5 38 true} 
ConfigData  map[redisPort:6379 port:3306 user:fa_db password:1qaz!QAZ redisIp:192.168.88.119 redisPassword:"" redisDB:3 ip:192.168.88.181 poolname:FA_MEM database:FA_MEM charset:utf8]
SqlString  SELECT RTP,Amount,Bonus  FROM M_RtpSetting  WHERE Sid = 1   AND State = 1   AND LTG_Code = 5 AND Gid = 38
sqlResult   map[result: count:0 state:0]
[2020-01-02 12:37:29] rtpData ------->   map[result: count:0 state:0] 
[GIN] 2020/01/02 - 12:37:29 | 200 |    2.499838ms |  192.168.66.115 | POST     /getResult
sqlResult   map[state:0 result: count:0]
[2020-01-02 12:37:29] rtpData ------->   map[result: count:0 state:0] 
[GIN] 2020/01/02 - 12:37:29 | 200 |    2.964724ms |  192.168.66.115 | POST     /getResult
[2020-01-02 12:37:29] 自開彩開獎  {202001020253 4 41 true} 
ConfigData  map[poolname:FA_MEM user:fa_db password:1qaz!QAZ redisDB:3 redisPort:6379 redisPassword:"" ip:192.168.88.181 port:3306 database:FA_MEM charset:utf8 redisIp:192.168.88.119]
SqlString  SELECT RTP,Amount,Bonus  FROM M_RtpSetting  WHERE Sid = 1   AND State = 1   AND LTG_Code = 4 AND Gid = 41
sqlResult   map[count:0 state:0 result:]
[2020-01-02 12:37:29] rtpData ------->   map[result: count:0 state:0] 
[GIN] 2020/01/02 - 12:37:29 | 200 |    3.419002ms |  192.168.66.115 | POST     /getResult
[2020-01-02 12:37:29] 自開彩開獎  {202001020758 6 36 true} 
ConfigData  map[ip:192.168.88.181 port:3306 database:FA_MEM redisPassword:"" redisDB:3 poolname:FA_MEM user:fa_db password:1qaz!QAZ charset:utf8 redisIp:192.168.88.119 redisPort:6379]
SqlString  SELECT RTP,Amount,Bonus  FROM M_RtpSetting  WHERE Sid = 1   AND State = 1   AND LTG_Code = 6 AND Gid = 36
sqlResult   map[result: count:0 state:0]
[2020-01-02 12:37:29] rtpData ------->   map[result: count:0 state:0] 
[GIN] 2020/01/02 - 12:37:29 | 200 |    2.413504ms |  192.168.66.115 | POST     /getResult
[2020-01-02 12:37:33] 自開彩開獎  {202001020758 1 34 true} 
ConfigData  map[database:FA_MEM charset:utf8 redisIp:192.168.88.119 redisPort:6379 redisDB:3 poolname:FA_MEM password:1qaz!QAZ user:fa_db redisPassword:"" ip:192.168.88.181 port:3306]
SqlString  SELECT RTP,Amount,Bonus  FROM M_RtpSetting  WHERE Sid = 1   AND State = 1   AND LTG_Code = 1 AND Gid = 34
sqlResult   map[result: count:0 state:0]
[2020-01-02 12:37:33] rtpData ------->   map[state:0 result: count:0] 
[GIN] 2020/01/02 - 12:37:33 | 200 |    2.694965ms |  192.168.66.115 | POST     /getResult
[2020-01-02 12:37:34] 自開彩開獎  {202001020253 1 35 true} 
ConfigData  map[ip:192.168.88.181 port:3306 user:fa_db password:1qaz!QAZ database:FA_MEM charset:utf8 poolname:FA_MEM redisIp:192.168.88.119 redisPort:6379 redisPassword:"" redisDB:3]
SqlString  SELECT RTP,Amount,Bonus  FROM M_RtpSetting  WHERE Sid = 1   AND State = 1   AND LTG_Code = 1 AND Gid = 35
sqlResult   map[result: count:0 state:0]
[2020-01-02 12:37:34] rtpData ------->   map[state:0 result: count:0] 
[GIN] 2020/01/02 - 12:37:34 | 200 |    2.094947ms |  192.168.66.115 | POST     /getResult
[2020-01-02 12:37:35] 自開彩開獎  {202001020758 4 40 true} 
ConfigData  map[poolname:FA_MEM user:fa_db password:1qaz!QAZ charset:utf8 redisPassword:"" redisDB:3 ip:192.168.88.181 port:3306 database:FA_MEM redisIp:192.168.88.119 redisPort:6379]
SqlString  SELECT RTP,Amount,Bonus  FROM M_RtpSetting  WHERE Sid = 1   AND State = 1   AND LTG_Code = 4 AND Gid = 40
[2020-01-02 12:37:35] 自開彩開獎  {202001020758 5 38 true} 
ConfigData  map[password:1qaz!QAZ redisIp:192.168.88.119 redisPort:6379 redisPassword:"" redisDB:3 port:3306 poolname:FA_MEM user:fa_db database:FA_MEM charset:utf8 ip:192.168.88.181]
SqlString  SELECT RTP,Amount,Bonus  FROM M_RtpSetting  WHERE Sid = 1   AND State = 1   AND LTG_Code = 5 AND Gid = 38
sqlResult   map[result: count:0 state:0]
[2020-01-02 12:37:35] rtpData ------->   map[result: count:0 state:0] 
sqlResult   map[result: count:0 state:0]
[GIN] 2020/01/02 - 12:37:35 | 200 |    2.830231ms |  192.168.66.115 | POST     /getResult
[2020-01-02 12:37:35] rtpData ------->   map[result: count:0 state:0] 
[GIN] 2020/01/02 - 12:37:35 | 200 |    3.065644ms |  192.168.66.115 | POST     /getResult
[2020-01-02 12:37:35] 自開彩開獎  {202001020253 4 41 true} 
ConfigData  map[redisDB:3 ip:192.168.88.181 poolname:FA_MEM port:3306 password:1qaz!QAZ database:FA_MEM charset:utf8 redisIp:192.168.88.119 user:fa_db redisPort:6379 redisPassword:""]
SqlString  SELECT RTP,Amount,Bonus  FROM M_RtpSetting  WHERE Sid = 1   AND State = 1   AND LTG_Code = 4 AND Gid = 41
sqlResult   map[result: count:0 state:0]
[2020-01-02 12:37:35] rtpData ------->   map[result: count:0 state:0] 
[GIN] 2020/01/02 - 12:37:35 | 200 |    2.385851ms |  192.168.66.115 | POST     /getResult
[2020-01-02 12:37:35] 自開彩開獎  {202001020758 6 36 true} 
ConfigData  map[port:3306 user:fa_db charset:utf8 redisIp:192.168.88.119 redisDB:3 redisPassword:"" ip:192.168.88.181 poolname:FA_MEM password:1qaz!QAZ database:FA_MEM redisPort:6379]
SqlString  SELECT RTP,Amount,Bonus  FROM M_RtpSetting  WHERE Sid = 1   AND State = 1   AND LTG_Code = 6 AND Gid = 36
sqlResult   map[result: count:0 state:0]
[2020-01-02 12:37:35] rtpData ------->   map[result: count:0 state:0] 
[GIN] 2020/01/02 - 12:37:35 | 200 |    2.437292ms |  192.168.66.115 | POST     /getResult
[2020-01-02 12:37:39] 自開彩開獎  {202001020758 1 34 true} 
ConfigData  map[redisPassword:"" redisDB:3 poolname:FA_MEM port:3306 user:fa_db password:1qaz!QAZ database:FA_MEM redisPort:6379 ip:192.168.88.181 charset:utf8 redisIp:192.168.88.119]
SqlString  SELECT RTP,Amount,Bonus  FROM M_RtpSetting  WHERE Sid = 1   AND State = 1   AND LTG_Code = 1 AND Gid = 34
sqlResult   map[result: count:0 state:0]
[2020-01-02 12:37:39] rtpData ------->   map[state:0 result: count:0] 
[GIN] 2020/01/02 - 12:37:39 | 200 |    2.203115ms |  192.168.66.115 | POST     /getResult
[2020-01-02 12:37:40] 自開彩開獎  {202001020253 1 35 true} 
ConfigData  map[poolname:FA_MEM port:3306 user:fa_db database:FA_MEM charset:utf8 redisDB:3 ip:192.168.88.181 password:1qaz!QAZ redisIp:192.168.88.119 redisPort:6379 redisPassword:""]
SqlString  SELECT RTP,Amount,Bonus  FROM M_RtpSetting  WHERE Sid = 1   AND State = 1   AND LTG_Code = 1 AND Gid = 35
sqlResult   map[result: count:0 state:0]
[2020-01-02 12:37:40] rtpData ------->   map[count:0 state:0 result:] 
[GIN] 2020/01/02 - 12:37:40 | 200 |    2.130725ms |  192.168.66.115 | POST     /getResult
[2020-01-02 12:37:41] 自開彩開獎  {202001020758 5 38 true} 
ConfigData  map[redisIp:192.168.88.119 redisPort:6379 redisPassword:"" poolname:FA_MEM password:1qaz!QAZ database:FA_MEM charset:utf8 ip:192.168.88.181 port:3306 user:fa_db redisDB:3]
SqlString  SELECT RTP,Amount,Bonus  FROM M_RtpSetting  WHERE Sid = 1   AND State = 1   AND LTG_Code = 5 AND Gid = 38
[2020-01-02 12:37:41] 自開彩開獎  {202001020758 4 40 true} 
ConfigData  map[password:1qaz!QAZ charset:utf8 redisIp:192.168.88.119 redisPort:6379 redisPassword:"" ip:192.168.88.181 poolname:FA_MEM port:3306 user:fa_db database:FA_MEM redisDB:3]
SqlString  SELECT RTP,Amount,Bonus  FROM M_RtpSetting  WHERE Sid = 1   AND State = 1   AND LTG_Code = 4 AND Gid = 40
sqlResult   map[result: count:0 state:0]
[2020-01-02 12:37:41] rtpData ------->   map[state:0 result: count:0] 
[GIN] 2020/01/02 - 12:37:41 | 200 |     2.77185ms |  192.168.66.115 | POST     /getResult
sqlResult   map[result: count:0 state:0]
[2020-01-02 12:37:41] rtpData ------->   map[result: count:0 state:0] 
[GIN] 2020/01/02 - 12:37:41 | 200 |    7.644307ms |  192.168.66.115 | POST     /getResult
[2020-01-02 12:37:41] 自開彩開獎  {202001020253 4 41 true} 
ConfigData  map[password:1qaz!QAZ database:FA_MEM redisPassword:"" redisDB:3 user:fa_db poolname:FA_MEM port:3306 charset:utf8 redisIp:192.168.88.119 redisPort:6379 ip:192.168.88.181]
SqlString  SELECT RTP,Amount,Bonus  FROM M_RtpSetting  WHERE Sid = 1   AND State = 1   AND LTG_Code = 4 AND Gid = 41
sqlResult   map[result: count:0 state:0]
[2020-01-02 12:37:41] rtpData ------->   map[count:0 state:0 result:] 
[GIN] 2020/01/02 - 12:37:41 | 200 |    2.077945ms |  192.168.66.115 | POST     /getResult
[2020-01-02 12:37:41] 自開彩開獎  {202001020758 6 36 true} 
ConfigData  map[redisPassword:"" redisDB:3 poolname:FA_MEM port:3306 password:1qaz!QAZ charset:utf8 redisPort:6379 ip:192.168.88.181 user:fa_db database:FA_MEM redisIp:192.168.88.119]
SqlString  SELECT RTP,Amount,Bonus  FROM M_RtpSetting  WHERE Sid = 1   AND State = 1   AND LTG_Code = 6 AND Gid = 36
sqlResult   map[result: count:0 state:0]
[2020-01-02 12:37:41] rtpData ------->   map[result: count:0 state:0] 
[GIN] 2020/01/02 - 12:37:41 | 200 |    2.864215ms |  192.168.66.115 | POST     /getResult
[2020-01-02 12:37:45] 自開彩開獎  {202001020758 1 34 true} 
ConfigData  map[password:1qaz!QAZ database:FA_MEM charset:utf8 redisPort:6379 redisPassword:"" ip:192.168.88.181 poolname:FA_MEM port:3306 user:fa_db redisIp:192.168.88.119 redisDB:3]
SqlString  SELECT RTP,Amount,Bonus  FROM M_RtpSetting  WHERE Sid = 1   AND State = 1   AND LTG_Code = 1 AND Gid = 34
sqlResult   map[state:0 result: count:0]
[2020-01-02 12:37:45] rtpData ------->   map[result: count:0 state:0] 
[GIN] 2020/01/02 - 12:37:45 | 200 |     2.82502ms |  192.168.66.115 | POST     /getResult
[2020-01-02 12:37:46] 自開彩開獎  {202001020253 1 35 true} 
ConfigData  map[database:FA_MEM charset:utf8 redisPort:6379 redisDB:3 password:1qaz!QAZ redisIp:192.168.88.119 redisPassword:"" ip:192.168.88.181 poolname:FA_MEM port:3306 user:fa_db]
SqlString  SELECT RTP,Amount,Bonus  FROM M_RtpSetting  WHERE Sid = 1   AND State = 1   AND LTG_Code = 1 AND Gid = 35
sqlResult   map[result: count:0 state:0]
[2020-01-02 12:37:46] rtpData ------->   map[result: count:0 state:0] 
[GIN] 2020/01/02 - 12:37:46 | 200 |    2.117073ms |  192.168.66.115 | POST     /getResult
[2020-01-02 12:37:47] 自開彩開獎  {202001020758 4 40 true} 
ConfigData  map[port:3306 charset:utf8 redisIp:192.168.88.119 redisPassword:"" ip:192.168.88.181 poolname:FA_MEM database:FA_MEM redisPort:6379 redisDB:3 user:fa_db password:1qaz!QAZ]
[2020-01-02 12:37:47] 自開彩開獎  {202001020758 5 38 true} 
ConfigData  map[user:fa_db database:FA_MEM charset:utf8 redisPassword:"" redisDB:3 ip:192.168.88.181 poolname:FA_MEM port:3306 password:1qaz!QAZ redisIp:192.168.88.119 redisPort:6379]
SqlString  SELECT RTP,Amount,Bonus  FROM M_RtpSetting  WHERE Sid = 1   AND State = 1   AND LTG_Code = 5 AND Gid = 38
SqlString  SELECT RTP,Amount,Bonus  FROM M_RtpSetting  WHERE Sid = 1   AND State = 1   AND LTG_Code = 4 AND Gid = 40
sqlResult   map[result: count:0 state:0]
[2020-01-02 12:37:47] rtpData ------->   map[result: count:0 state:0] 
[GIN] 2020/01/02 - 12:37:47 | 200 |    2.686619ms |  192.168.66.115 | POST     /getResult
sqlResult   map[result: count:0 state:0]
[2020-01-02 12:37:47] rtpData ------->   map[result: count:0 state:0] 
[GIN] 2020/01/02 - 12:37:47 | 200 |    2.904277ms |  192.168.66.115 | POST     /getResult
[2020-01-02 12:37:47] 自開彩開獎  {202001020253 4 41 true} 
ConfigData  map[redisDB:3 port:3306 user:fa_db database:FA_MEM redisIp:192.168.88.119 redisPort:6379 redisPassword:"" ip:192.168.88.181 poolname:FA_MEM password:1qaz!QAZ charset:utf8]
SqlString  SELECT RTP,Amount,Bonus  FROM M_RtpSetting  WHERE Sid = 1   AND State = 1   AND LTG_Code = 4 AND Gid = 41
sqlResult   map[result: count:0 state:0]
[2020-01-02 12:37:47] rtpData ------->   map[result: count:0 state:0] 
[GIN] 2020/01/02 - 12:37:47 | 200 |    3.431796ms |  192.168.66.115 | POST     /getResult
[2020-01-02 12:37:47] 自開彩開獎  {202001020758 6 36 true} 
ConfigData  map[poolname:FA_MEM port:3306 charset:utf8 redisDB:3 ip:192.168.88.181 password:1qaz!QAZ database:FA_MEM redisIp:192.168.88.119 redisPort:6379 redisPassword:"" user:fa_db]
SqlString  SELECT RTP,Amount,Bonus  FROM M_RtpSetting  WHERE Sid = 1   AND State = 1   AND LTG_Code = 6 AND Gid = 36
sqlResult   map[result: count:0 state:0]
[2020-01-02 12:37:47] rtpData ------->   map[result: count:0 state:0] 
[GIN] 2020/01/02 - 12:37:47 | 200 |    2.419645ms |  192.168.66.115 | POST     /getResult
[2020-01-02 12:37:51] 自開彩開獎  {202001020758 1 34 true} 
ConfigData  map[poolname:FA_MEM port:3306 user:fa_db password:1qaz!QAZ redisPort:6379 ip:192.168.88.181 charset:utf8 redisIp:192.168.88.119 redisPassword:"" redisDB:3 database:FA_MEM]
SqlString  SELECT RTP,Amount,Bonus  FROM M_RtpSetting  WHERE Sid = 1   AND State = 1   AND LTG_Code = 1 AND Gid = 34
sqlResult   map[result: count:0 state:0]
[2020-01-02 12:37:51] rtpData ------->   map[result: count:0 state:0] 
[GIN] 2020/01/02 - 12:37:51 | 200 |    2.028324ms |  192.168.66.115 | POST     /getResult
[2020-01-02 12:37:52] 自開彩開獎  {202001020253 1 35 true} 
ConfigData  map[database:FA_MEM charset:utf8 redisPassword:"" ip:192.168.88.181 port:3306 user:fa_db redisPort:6379 redisDB:3 poolname:FA_MEM password:1qaz!QAZ redisIp:192.168.88.119]
SqlString  SELECT RTP,Amount,Bonus  FROM M_RtpSetting  WHERE Sid = 1   AND State = 1   AND LTG_Code = 1 AND Gid = 35
sqlResult   map[result: count:0 state:0]
[2020-01-02 12:37:52] rtpData ------->   map[state:0 result: count:0] 
[GIN] 2020/01/02 - 12:37:52 | 200 |     2.03061ms |  192.168.66.115 | POST     /getResult
[2020-01-02 12:37:53] 自開彩開獎  {202001020758 4 40 true} 
ConfigData  map[password:1qaz!QAZ database:FA_MEM charset:utf8 redisIp:192.168.88.119 redisPort:6379 redisPassword:"" ip:192.168.88.181 poolname:FA_MEM port:3306 user:fa_db redisDB:3]
SqlString  SELECT RTP,Amount,Bonus  FROM M_RtpSetting  WHERE Sid = 1   AND State = 1   AND LTG_Code = 4 AND Gid = 40
[2020-01-02 12:37:53] 自開彩開獎  {202001020758 5 38 true} 
ConfigData  map[charset:utf8 redisPort:6379 redisPassword:"" redisDB:3 port:3306 password:1qaz!QAZ user:fa_db database:FA_MEM redisIp:192.168.88.119 ip:192.168.88.181 poolname:FA_MEM]
SqlString  SELECT RTP,Amount,Bonus  FROM M_RtpSetting  WHERE Sid = 1   AND State = 1   AND LTG_Code = 5 AND Gid = 38
sqlResult   map[result: count:0 state:0]
[2020-01-02 12:37:53] rtpData ------->   map[result: count:0 state:0] 
[GIN] 2020/01/02 - 12:37:53 | 200 |    2.636774ms |  192.168.66.115 | POST     /getResult
sqlResult   map[result: count:0 state:0]
[2020-01-02 12:37:53] rtpData ------->   map[state:0 result: count:0] 
[GIN] 2020/01/02 - 12:37:53 | 200 |    2.856148ms |  192.168.66.115 | POST     /getResult
[2020-01-02 12:37:53] 自開彩開獎  {202001020253 4 41 true} 
ConfigData  map[password:1qaz!QAZ database:FA_MEM redisIp:192.168.88.119 poolname:FA_MEM port:3306 user:fa_db redisPassword:"" redisDB:3 ip:192.168.88.181 charset:utf8 redisPort:6379]
SqlString  SELECT RTP,Amount,Bonus  FROM M_RtpSetting  WHERE Sid = 1   AND State = 1   AND LTG_Code = 4 AND Gid = 41
sqlResult   map[count:0 state:0 result:]
[2020-01-02 12:37:53] rtpData ------->   map[result: count:0 state:0] 
[GIN] 2020/01/02 - 12:37:53 | 200 |     2.25794ms |  192.168.66.115 | POST     /getResult
[2020-01-02 12:37:53] 自開彩開獎  {202001020758 6 36 true} 
ConfigData  map[redisPassword:"" ip:192.168.88.181 poolname:FA_MEM port:3306 user:fa_db charset:utf8 redisIp:192.168.88.119 redisPort:6379 password:1qaz!QAZ database:FA_MEM redisDB:3]
SqlString  SELECT RTP,Amount,Bonus  FROM M_RtpSetting  WHERE Sid = 1   AND State = 1   AND LTG_Code = 6 AND Gid = 36
sqlResult   map[count:0 state:0 result:]
[2020-01-02 12:37:53] rtpData ------->   map[result: count:0 state:0] 
[GIN] 2020/01/02 - 12:37:53 | 200 |     2.44543ms |  192.168.66.115 | POST     /getResult
[2020-01-02 12:37:57] 自開彩開獎  {202001020758 1 34 true} 
ConfigData  map[ip:192.168.88.181 database:FA_MEM redisPort:6379 redisPassword:"" redisDB:3 poolname:FA_MEM port:3306 user:fa_db password:1qaz!QAZ charset:utf8 redisIp:192.168.88.119]
SqlString  SELECT RTP,Amount,Bonus  FROM M_RtpSetting  WHERE Sid = 1   AND State = 1   AND LTG_Code = 1 AND Gid = 34
sqlResult   map[result: count:0 state:0]
[2020-01-02 12:37:57] rtpData ------->   map[result: count:0 state:0] 
[GIN] 2020/01/02 - 12:37:57 | 200 |    9.257479ms |  192.168.66.115 | POST     /getResult
[2020-01-02 12:37:58] 自開彩開獎  {202001020253 1 35 true} 
ConfigData  map[redisPassword:"" poolname:FA_MEM password:1qaz!QAZ database:FA_MEM redisIp:192.168.88.119 redisPort:6379 redisDB:3 ip:192.168.88.181 port:3306 user:fa_db charset:utf8]
SqlString  SELECT RTP,Amount,Bonus  FROM M_RtpSetting  WHERE Sid = 1   AND State = 1   AND LTG_Code = 1 AND Gid = 35
sqlResult   map[result: count:0 state:0]
[2020-01-02 12:37:58] rtpData ------->   map[result: count:0 state:0] 
[GIN] 2020/01/02 - 12:37:58 | 200 |    2.315808ms |  192.168.66.115 | POST     /getResult
[2020-01-02 12:37:59] 自開彩開獎  {202001020758 5 38 true} 
ConfigData  map[redisIp:192.168.88.119 redisPort:6379 ip:192.168.88.181 poolname:FA_MEM port:3306 password:1qaz!QAZ charset:utf8 user:fa_db database:FA_MEM redisPassword:"" redisDB:3]
SqlString  SELECT RTP,Amount,Bonus  FROM M_RtpSetting  WHERE Sid = 1   AND State = 1   AND LTG_Code = 5 AND Gid = 38
[2020-01-02 12:37:59] 自開彩開獎  {202001020758 4 40 true} 
ConfigData  map[database:FA_MEM charset:utf8 redisPort:6379 redisDB:3 port:3306 user:fa_db password:1qaz!QAZ redisIp:192.168.88.119 redisPassword:"" ip:192.168.88.181 poolname:FA_MEM]
SqlString  SELECT RTP,Amount,Bonus  FROM M_RtpSetting  WHERE Sid = 1   AND State = 1   AND LTG_Code = 4 AND Gid = 40
sqlResult   map[result: count:0 state:0]
[2020-01-02 12:37:59] rtpData ------->   map[result: count:0 state:0] 
[GIN] 2020/01/02 - 12:37:59 | 200 |    2.550596ms |  192.168.66.115 | POST     /getResult
sqlResult   map[result: count:0 state:0]
[2020-01-02 12:37:59] rtpData ------->   map[result: count:0 state:0] 
[GIN] 2020/01/02 - 12:37:59 | 200 |    2.822485ms |  192.168.66.115 | POST     /getResult
[2020-01-02 12:37:59] 自開彩開獎  {202001020253 4 41 true} 
ConfigData  map[poolname:FA_MEM charset:utf8 redisPort:6379 redisDB:3 ip:192.168.88.181 port:3306 user:fa_db password:1qaz!QAZ database:FA_MEM redisIp:192.168.88.119 redisPassword:""]
SqlString  SELECT RTP,Amount,Bonus  FROM M_RtpSetting  WHERE Sid = 1   AND State = 1   AND LTG_Code = 4 AND Gid = 41
sqlResult   map[result: count:0 state:0]
[2020-01-02 12:37:59] rtpData ------->   map[count:0 state:0 result:] 
[GIN] 2020/01/02 - 12:37:59 | 200 |    2.188101ms |  192.168.66.115 | POST     /getResult
[2020-01-02 12:37:59] 自開彩開獎  {202001020758 6 36 true} 
ConfigData  map[poolname:FA_MEM port:3306 user:fa_db password:1qaz!QAZ charset:utf8 redisIp:192.168.88.119 redisPassword:"" ip:192.168.88.181 database:FA_MEM redisPort:6379 redisDB:3]
SqlString  SELECT RTP,Amount,Bonus  FROM M_RtpSetting  WHERE Sid = 1   AND State = 1   AND LTG_Code = 6 AND Gid = 36
sqlResult   map[result: count:0 state:0]
[2020-01-02 12:37:59] rtpData ------->   map[result: count:0 state:0] 
[GIN] 2020/01/02 - 12:37:59 | 200 |    2.327462ms |  192.168.66.115 | POST     /getResult
[2020-01-02 12:38:01] 自開彩開獎  {202001020759 2 26 true} 
ConfigData  map[port:3306 user:fa_db redisPassword:"" redisDB:3 poolname:FA_MEM password:1qaz!QAZ database:FA_MEM charset:utf8 redisIp:192.168.88.119 redisPort:6379 ip:192.168.88.181]
SqlString  SELECT RTP,Amount,Bonus  FROM M_RtpSetting  WHERE Sid = 1   AND State = 1   AND LTG_Code = 2 AND Gid = 26
sqlResult   map[state:1 amount:1.0069588e+06 bonus:908100.71 result:0.9600 count:1]
[2020-01-02 12:38:01] rtpData ------->   map[state:1 amount:1.0069588e+06 bonus:908100.71 result:0.9600 count:1] 
ConfigData  map[poolname:FA_MEM password:1qaz!QAZ redisPassword:"" redisDB:3 ip:192.168.88.181 port:3306 user:fa_db database:FA_MEM charset:utf8 redisIp:192.168.88.119 redisPort:6379]
SELECT BO_No, BO_OrderNo , BO_User , BO_Issue  , BO_LotteryTypeGroup, BO_LotteryType, BO_Mode, BO_LotteryPlayGroup, BO_LotteryPlay , BO_LotteryContent, BO_Price, BO_RealPrice, BO_Unit, BO_Multiple , BO_BetCount  , BO_Winnings, BO_Winnings2, BO_Winnings3, BO_WinningLimit  , BO_Water , BO_BW_SourceUserId, BO_BW_BackWater, BO_BW_LimitBetCount, BO_BW_MaxAmount, BO_BW_AuditMultiple  , BO_Odds, BO_Odds2, BO_Odds3 , BO_Type, BO_Chase , BO_OpenResult, BO_OpenResult2, BO_DateDraw, BO_DateDraw2, BO_DateUpdate  FROM TS_BetOrder  WHERE BO_Cancel = 0   AND BO_CancelBackend = 0   AND BO_LotteryTypeGroup = 2 AND BO_LotteryType = 26 AND BO_Issue = 202001020759 AND BO_Collect = 0 ORDER BY BO_DateDraw ASC, BO_DateCreate ASC, BO_DateUpdate ASC, BO_No ASC ;
[2020-01-02 12:38:01] LottteryTypeGroup 2 
[2020-01-02 12:38:01] 有期號 但無注單 -------> map[bonus:0 thisOpenResult:[3 5 2 2 5] amount:0] 
[GIN] 2020/01/02 - 12:38:01 | 200 |    5.086004ms |  192.168.66.115 | POST     /getResult
[2020-01-02 12:38:03] 自開彩開獎  {202001020758 1 34 true} 
ConfigData  map[password:1qaz!QAZ database:FA_MEM redisIp:192.168.88.119 redisDB:3 ip:192.168.88.181 poolname:FA_MEM port:3306 user:fa_db charset:utf8 redisPort:6379 redisPassword:""]
SqlString  SELECT RTP,Amount,Bonus  FROM M_RtpSetting  WHERE Sid = 1   AND State = 1   AND LTG_Code = 1 AND Gid = 34
sqlResult   map[result: count:0 state:0]
[2020-01-02 12:38:03] rtpData ------->   map[count:0 state:0 result:] 
[GIN] 2020/01/02 - 12:38:03 | 200 |     2.65911ms |  192.168.66.115 | POST     /getResult
[2020-01-02 12:38:04] 自開彩開獎  {202001020253 1 35 true} 
ConfigData  map[password:1qaz!QAZ charset:utf8 redisIp:192.168.88.119 user:fa_db database:FA_MEM redisPort:6379 redisPassword:"" redisDB:3 ip:192.168.88.181 poolname:FA_MEM port:3306]
SqlString  SELECT RTP,Amount,Bonus  FROM M_RtpSetting  WHERE Sid = 1   AND State = 1   AND LTG_Code = 1 AND Gid = 35
sqlResult   map[result: count:0 state:0]
[2020-01-02 12:38:04] rtpData ------->   map[result: count:0 state:0] 
[GIN] 2020/01/02 - 12:38:04 | 200 |    2.322441ms |  192.168.66.115 | POST     /getResult
[2020-01-02 12:38:05] 自開彩開獎  {202001020758 5 38 true} 
ConfigData  map[database:FA_MEM charset:utf8 redisDB:3 poolname:FA_MEM password:1qaz!QAZ user:fa_db redisIp:192.168.88.119 redisPort:6379 redisPassword:"" ip:192.168.88.181 port:3306]
SqlString  SELECT RTP,Amount,Bonus  FROM M_RtpSetting  WHERE Sid = 1   AND State = 1   AND LTG_Code = 5 AND Gid = 38
[2020-01-02 12:38:05] 自開彩開獎  {202001020758 4 40 true} 
ConfigData  map[user:fa_db database:FA_MEM charset:utf8 redisIp:192.168.88.119 ip:192.168.88.181 poolname:FA_MEM port:3306 redisDB:3 password:1qaz!QAZ redisPort:6379 redisPassword:""]
SqlString  SELECT RTP,Amount,Bonus  FROM M_RtpSetting  WHERE Sid = 1   AND State = 1   AND LTG_Code = 4 AND Gid = 40
sqlResult   map[result: count:0 state:0]
[2020-01-02 12:38:05] rtpData ------->   map[state:0 result: count:0] 
[GIN] 2020/01/02 - 12:38:05 | 200 |    3.305898ms |  192.168.66.115 | POST     /getResult
sqlResult   map[state:0 result: count:0]
[2020-01-02 12:38:05] rtpData ------->   map[count:0 state:0 result:] 
[GIN] 2020/01/02 - 12:38:05 | 200 |    2.218667ms |  192.168.66.115 | POST     /getResult
[2020-01-02 12:38:05] 自開彩開獎  {202001020253 4 41 true} 
ConfigData  map[user:fa_db password:1qaz!QAZ redisIp:192.168.88.119 redisPort:6379 ip:192.168.88.181 poolname:FA_MEM port:3306 database:FA_MEM charset:utf8 redisPassword:"" redisDB:3]
SqlString  SELECT RTP,Amount,Bonus  FROM M_RtpSetting  WHERE Sid = 1   AND State = 1   AND LTG_Code = 4 AND Gid = 41
sqlResult   map[result: count:0 state:0]
[2020-01-02 12:38:05] rtpData ------->   map[count:0 state:0 result:] 
[GIN] 2020/01/02 - 12:38:05 | 200 |    3.074621ms |  192.168.66.115 | POST     /getResult
[2020-01-02 12:38:05] 自開彩開獎  {202001020758 6 36 true} 
ConfigData  map[redisPort:6379 redisPassword:"" redisDB:3 poolname:FA_MEM user:fa_db database:FA_MEM charset:utf8 redisIp:192.168.88.119 ip:192.168.88.181 port:3306 password:1qaz!QAZ]
SqlString  SELECT RTP,Amount,Bonus  FROM M_RtpSetting  WHERE Sid = 1   AND State = 1   AND LTG_Code = 6 AND Gid = 36
sqlResult   map[result: count:0 state:0]
[2020-01-02 12:38:05] rtpData ------->   map[result: count:0 state:0] 
[GIN] 2020/01/02 - 12:38:05 | 200 |    2.503328ms |  192.168.66.115 | POST     /getResult
[2020-01-02 12:38:09] 自開彩開獎  {202001020759 1 34 true} 
ConfigData  map[ip:192.168.88.181 poolname:FA_MEM port:3306 password:1qaz!QAZ redisIp:192.168.88.119 redisPort:6379 user:fa_db database:FA_MEM charset:utf8 redisPassword:"" redisDB:3]
SqlString  SELECT RTP,Amount,Bonus  FROM M_RtpSetting  WHERE Sid = 1   AND State = 1   AND LTG_Code = 1 AND Gid = 34
sqlResult   map[result: count:0 state:0]
[2020-01-02 12:38:09] rtpData ------->   map[count:0 state:0 result:] 
[GIN] 2020/01/02 - 12:38:09 | 200 |    2.380562ms |  192.168.66.115 | POST     /getResult
[2020-01-02 12:38:10] 自開彩開獎  {202001020253 1 35 true} 
ConfigData  map[poolname:FA_MEM user:fa_db password:1qaz!QAZ redisPassword:"" ip:192.168.88.181 port:3306 database:FA_MEM charset:utf8 redisIp:192.168.88.119 redisPort:6379 redisDB:3]
SqlString  SELECT RTP,Amount,Bonus  FROM M_RtpSetting  WHERE Sid = 1   AND State = 1   AND LTG_Code = 1 AND Gid = 35
sqlResult   map[state:0 result: count:0]
[2020-01-02 12:38:10] rtpData ------->   map[result: count:0 state:0] 
[GIN] 2020/01/02 - 12:38:10 | 200 |    2.590037ms |  192.168.66.115 | POST     /getResult
[2020-01-02 12:38:11] 自開彩開獎  {202001020759 4 40 true} 
ConfigData  map[redisPassword:"" ip:192.168.88.181 poolname:FA_MEM port:3306 database:FA_MEM redisPort:6379 redisDB:3 user:fa_db password:1qaz!QAZ charset:utf8 redisIp:192.168.88.119]
SqlString  SELECT RTP,Amount,Bonus  FROM M_RtpSetting  WHERE Sid = 1   AND State = 1   AND LTG_Code = 4 AND Gid = 40
[2020-01-02 12:38:11] 自開彩開獎  {202001020759 5 38 true} 
ConfigData  map[redisPassword:"" ip:192.168.88.181 poolname:FA_MEM port:3306 user:fa_db password:1qaz!QAZ database:FA_MEM charset:utf8 redisIp:192.168.88.119 redisPort:6379 redisDB:3]
SqlString  SELECT RTP,Amount,Bonus  FROM M_RtpSetting  WHERE Sid = 1   AND State = 1   AND LTG_Code = 5 AND Gid = 38
sqlResult   map[result: count:0 state:0]
[2020-01-02 12:38:11] rtpData ------->   map[result: count:0 state:0] 
[GIN] 2020/01/02 - 12:38:11 | 200 |    2.552149ms |  192.168.66.115 | POST     /getResult
sqlResult   map[count:0 state:0 result:]
[2020-01-02 12:38:11] rtpData ------->   map[result: count:0 state:0] 
[GIN] 2020/01/02 - 12:38:11 | 200 |    2.809853ms |  192.168.66.115 | POST     /getResult
[2020-01-02 12:38:11] 自開彩開獎  {202001020253 4 41 true} 
ConfigData  map[redisIp:192.168.88.119 ip:192.168.88.181 poolname:FA_MEM port:3306 user:fa_db password:1qaz!QAZ database:FA_MEM charset:utf8 redisPort:6379 redisPassword:"" redisDB:3]
SqlString  SELECT RTP,Amount,Bonus  FROM M_RtpSetting  WHERE Sid = 1   AND State = 1   AND LTG_Code = 4 AND Gid = 41
sqlResult   map[result: count:0 state:0]
[2020-01-02 12:38:11] rtpData ------->   map[result: count:0 state:0] 
[GIN] 2020/01/02 - 12:38:11 | 200 |    1.953059ms |  192.168.66.115 | POST     /getResult
[2020-01-02 12:38:11] 自開彩開獎  {202001020759 6 36 true} 
ConfigData  map[user:fa_db password:1qaz!QAZ redisDB:3 charset:utf8 redisIp:192.168.88.119 redisPort:6379 redisPassword:"" ip:192.168.88.181 poolname:FA_MEM port:3306 database:FA_MEM]
SqlString  SELECT RTP,Amount,Bonus  FROM M_RtpSetting  WHERE Sid = 1   AND State = 1   AND LTG_Code = 6 AND Gid = 36
sqlResult   map[result: count:0 state:0]
[2020-01-02 12:38:11] rtpData ------->   map[result: count:0 state:0] 
[GIN] 2020/01/02 - 12:38:11 | 200 |     2.30112ms |  192.168.66.115 | POST     /getResult
[2020-01-02 12:38:15] 自開彩開獎  {202001020759 1 34 true} 
ConfigData  map[password:1qaz!QAZ redisIp:192.168.88.119 redisPort:6379 redisDB:3 port:3306 user:fa_db database:FA_MEM charset:utf8 redisPassword:"" ip:192.168.88.181 poolname:FA_MEM]
SqlString  SELECT RTP,Amount,Bonus  FROM M_RtpSetting  WHERE Sid = 1   AND State = 1   AND LTG_Code = 1 AND Gid = 34
sqlResult   map[result: count:0 state:0]
[2020-01-02 12:38:15] rtpData ------->   map[count:0 state:0 result:] 
[GIN] 2020/01/02 - 12:38:15 | 200 |    2.723162ms |  192.168.66.115 | POST     /getResult
[2020-01-02 12:38:16] 自開彩開獎  {202001020253 1 35 true} 
ConfigData  map[user:fa_db database:FA_MEM charset:utf8 redisPort:6379 redisPassword:"" redisDB:3 ip:192.168.88.181 port:3306 password:1qaz!QAZ redisIp:192.168.88.119 poolname:FA_MEM]
SqlString  SELECT RTP,Amount,Bonus  FROM M_RtpSetting  WHERE Sid = 1   AND State = 1   AND LTG_Code = 1 AND Gid = 35
sqlResult   map[result: count:0 state:0]
[2020-01-02 12:38:16] rtpData ------->   map[result: count:0 state:0] 
[GIN] 2020/01/02 - 12:38:16 | 200 |    2.179936ms |  192.168.66.115 | POST     /getResult
[2020-01-02 12:38:17] 自開彩開獎  {202001020759 5 38 true} 
ConfigData  map[charset:utf8 poolname:FA_MEM user:fa_db password:1qaz!QAZ database:FA_MEM redisPassword:"" redisDB:3 ip:192.168.88.181 port:3306 redisIp:192.168.88.119 redisPort:6379]
SqlString  SELECT RTP,Amount,Bonus  FROM M_RtpSetting  WHERE Sid = 1   AND State = 1   AND LTG_Code = 5 AND Gid = 38
[2020-01-02 12:38:17] 自開彩開獎  {202001020759 4 40 true} 
ConfigData  map[password:1qaz!QAZ database:FA_MEM charset:utf8 redisPort:6379 redisDB:3 ip:192.168.88.181 port:3306 redisIp:192.168.88.119 redisPassword:"" poolname:FA_MEM user:fa_db]
SqlString  SELECT RTP,Amount,Bonus  FROM M_RtpSetting  WHERE Sid = 1   AND State = 1   AND LTG_Code = 4 AND Gid = 40
sqlResult   map[result: count:0 state:0]
[2020-01-02 12:38:17] rtpData ------->   map[count:0 state:0 result:] 
[GIN] 2020/01/02 - 12:38:17 | 200 |    2.934414ms |  192.168.66.115 | POST     /getResult
sqlResult   map[result: count:0 state:0]
[2020-01-02 12:38:17] rtpData ------->   map[state:0 result: count:0] 
[GIN] 2020/01/02 - 12:38:17 | 200 |    3.373146ms |  192.168.66.115 | POST     /getResult
[2020-01-02 12:38:17] 自開彩開獎  {202001020253 4 41 true} 
ConfigData  map[redisDB:3 poolname:FA_MEM port:3306 password:1qaz!QAZ database:FA_MEM charset:utf8 redisPassword:"" ip:192.168.88.181 user:fa_db redisIp:192.168.88.119 redisPort:6379]
SqlString  SELECT RTP,Amount,Bonus  FROM M_RtpSetting  WHERE Sid = 1   AND State = 1   AND LTG_Code = 4 AND Gid = 41
sqlResult   map[result: count:0 state:0]
[2020-01-02 12:38:17] rtpData ------->   map[result: count:0 state:0] 
[GIN] 2020/01/02 - 12:38:17 | 200 |    2.219809ms |  192.168.66.115 | POST     /getResult
[2020-01-02 12:38:17] 自開彩開獎  {202001020759 6 36 true} 
ConfigData  map[charset:utf8 redisPort:6379 redisDB:3 ip:192.168.88.181 poolname:FA_MEM port:3306 redisIp:192.168.88.119 redisPassword:"" user:fa_db password:1qaz!QAZ database:FA_MEM]
SqlString  SELECT RTP,Amount,Bonus  FROM M_RtpSetting  WHERE Sid = 1   AND State = 1   AND LTG_Code = 6 AND Gid = 36
sqlResult   map[result: count:0 state:0]
[2020-01-02 12:38:17] rtpData ------->   map[result: count:0 state:0] 
[GIN] 2020/01/02 - 12:38:17 | 200 |    2.197561ms |  192.168.66.115 | POST     /getResult
[2020-01-02 12:38:21] 自開彩開獎  {202001020759 1 34 true} 
ConfigData  map[charset:utf8 redisPort:6379 redisPassword:"" ip:192.168.88.181 poolname:FA_MEM port:3306 user:fa_db database:FA_MEM redisDB:3 password:1qaz!QAZ redisIp:192.168.88.119]
SqlString  SELECT RTP,Amount,Bonus  FROM M_RtpSetting  WHERE Sid = 1   AND State = 1   AND LTG_Code = 1 AND Gid = 34
sqlResult   map[result: count:0 state:0]
[2020-01-02 12:38:21] rtpData ------->   map[result: count:0 state:0] 
[GIN] 2020/01/02 - 12:38:21 | 200 |    2.840204ms |  192.168.66.115 | POST     /getResult
[2020-01-02 12:38:22] 自開彩開獎  {202001020253 1 35 true} 
ConfigData  map[redisPassword:"" ip:192.168.88.181 port:3306 user:fa_db charset:utf8 redisPort:6379 poolname:FA_MEM password:1qaz!QAZ database:FA_MEM redisIp:192.168.88.119 redisDB:3]
SqlString  SELECT RTP,Amount,Bonus  FROM M_RtpSetting  WHERE Sid = 1   AND State = 1   AND LTG_Code = 1 AND Gid = 35
sqlResult   map[result: count:0 state:0]
[2020-01-02 12:38:22] rtpData ------->   map[result: count:0 state:0] 
[GIN] 2020/01/02 - 12:38:22 | 200 |    2.202953ms |  192.168.66.115 | POST     /getResult
[2020-01-02 12:38:23] 自開彩開獎  {202001020759 4 40 true} 
ConfigData  map[ip:192.168.88.181 port:3306 user:fa_db charset:utf8 redisIp:192.168.88.119 redisPort:6379 redisPassword:"" poolname:FA_MEM password:1qaz!QAZ database:FA_MEM redisDB:3]
SqlString  SELECT RTP,Amount,Bonus  FROM M_RtpSetting  WHERE Sid = 1   AND State = 1   AND LTG_Code = 4 AND Gid = 40
[2020-01-02 12:38:23] 自開彩開獎  {202001020759 5 38 true} 
ConfigData  map[user:fa_db password:1qaz!QAZ redisIp:192.168.88.119 redisPort:6379 redisPassword:"" redisDB:3 ip:192.168.88.181 poolname:FA_MEM port:3306 database:FA_MEM charset:utf8]
SqlString  SELECT RTP,Amount,Bonus  FROM M_RtpSetting  WHERE Sid = 1   AND State = 1   AND LTG_Code = 5 AND Gid = 38
sqlResult   map[count:0 state:0 result:]
[2020-01-02 12:38:23] rtpData ------->   map[result: count:0 state:0] 
[GIN] 2020/01/02 - 12:38:23 | 200 |    2.836886ms |  192.168.66.115 | POST     /getResult
sqlResult   map[result: count:0 state:0]
[2020-01-02 12:38:23] rtpData ------->   map[result: count:0 state:0] 
[GIN] 2020/01/02 - 12:38:23 | 200 |    2.967006ms |  192.168.66.115 | POST     /getResult
[2020-01-02 12:38:23] 自開彩開獎  {202001020253 4 41 true} 
ConfigData  map[user:fa_db password:1qaz!QAZ database:FA_MEM charset:utf8 redisDB:3 poolname:FA_MEM port:3306 redisPort:6379 redisPassword:"" ip:192.168.88.181 redisIp:192.168.88.119]
SqlString  SELECT RTP,Amount,Bonus  FROM M_RtpSetting  WHERE Sid = 1   AND State = 1   AND LTG_Code = 4 AND Gid = 41
sqlResult   map[result: count:0 state:0]
[2020-01-02 12:38:23] rtpData ------->   map[state:0 result: count:0] 
[GIN] 2020/01/02 - 12:38:23 | 200 |    2.400585ms |  192.168.66.115 | POST     /getResult
[2020-01-02 12:38:23] 自開彩開獎  {202001020759 6 36 true} 
ConfigData  map[poolname:FA_MEM password:1qaz!QAZ charset:utf8 redisPassword:"" redisDB:3 redisPort:6379 ip:192.168.88.181 port:3306 user:fa_db database:FA_MEM redisIp:192.168.88.119]
SqlString  SELECT RTP,Amount,Bonus  FROM M_RtpSetting  WHERE Sid = 1   AND State = 1   AND LTG_Code = 6 AND Gid = 36
sqlResult   map[result: count:0 state:0]
[2020-01-02 12:38:23] rtpData ------->   map[result: count:0 state:0] 
[GIN] 2020/01/02 - 12:38:23 | 200 |    2.378127ms |  192.168.66.115 | POST     /getResult
[2020-01-02 12:38:27] 自開彩開獎  {202001020759 1 34 true} 
ConfigData  map[ip:192.168.88.181 user:fa_db charset:utf8 redisPort:6379 redisDB:3 poolname:FA_MEM port:3306 password:1qaz!QAZ database:FA_MEM redisIp:192.168.88.119 redisPassword:""]
SqlString  SELECT RTP,Amount,Bonus  FROM M_RtpSetting  WHERE Sid = 1   AND State = 1   AND LTG_Code = 1 AND Gid = 34
sqlResult   map[result: count:0 state:0]
[2020-01-02 12:38:27] rtpData ------->   map[result: count:0 state:0] 
[GIN] 2020/01/02 - 12:38:27 | 200 |    3.498095ms |  192.168.66.115 | POST     /getResult
[2020-01-02 12:38:28] 自開彩開獎  {202001020253 1 35 true} 
ConfigData  map[redisIp:192.168.88.119 redisPort:6379 redisPassword:"" ip:192.168.88.181 poolname:FA_MEM user:fa_db database:FA_MEM charset:utf8 port:3306 password:1qaz!QAZ redisDB:3]
SqlString  SELECT RTP,Amount,Bonus  FROM M_RtpSetting  WHERE Sid = 1   AND State = 1   AND LTG_Code = 1 AND Gid = 35
sqlResult   map[result: count:0 state:0]
[2020-01-02 12:38:28] rtpData ------->   map[result: count:0 state:0] 
[GIN] 2020/01/02 - 12:38:28 | 200 |    2.787926ms |  192.168.66.115 | POST     /getResult
[2020-01-02 12:38:29] 自開彩開獎  {202001020759 5 38 true} 
ConfigData  map[redisPort:6379 redisPassword:"" port:3306 user:fa_db redisIp:192.168.88.119 database:FA_MEM charset:utf8 redisDB:3 ip:192.168.88.181 poolname:FA_MEM password:1qaz!QAZ]
SqlString  SELECT RTP,Amount,Bonus  FROM M_RtpSetting  WHERE Sid = 1   AND State = 1   AND LTG_Code = 5 AND Gid = 38
[2020-01-02 12:38:29] 自開彩開獎  {202001020759 4 40 true} 
ConfigData  map[poolname:FA_MEM port:3306 user:fa_db password:1qaz!QAZ database:FA_MEM redisIp:192.168.88.119 redisPassword:"" ip:192.168.88.181 redisDB:3 redisPort:6379 charset:utf8]
SqlString  SELECT RTP,Amount,Bonus  FROM M_RtpSetting  WHERE Sid = 1   AND State = 1   AND LTG_Code = 4 AND Gid = 40
sqlResult   map[result: count:0 state:0]
[2020-01-02 12:38:29] rtpData ------->   map[result: count:0 state:0] 
sqlResult   map[state:0 result: count:0]
[2020-01-02 12:38:29] rtpData ------->   map[result: count:0 state:0] 
[GIN] 2020/01/02 - 12:38:29 | 200 |    2.345882ms |  192.168.66.115 | POST     /getResult
[GIN] 2020/01/02 - 12:38:29 | 200 |    2.570676ms |  192.168.66.115 | POST     /getResult
[2020-01-02 12:38:29] 自開彩開獎  {202001020253 4 41 true} 
ConfigData  map[charset:utf8 redisPassword:"" redisDB:3 ip:192.168.88.181 port:3306 database:FA_MEM redisIp:192.168.88.119 redisPort:6379 poolname:FA_MEM user:fa_db password:1qaz!QAZ]
SqlString  SELECT RTP,Amount,Bonus  FROM M_RtpSetting  WHERE Sid = 1   AND State = 1   AND LTG_Code = 4 AND Gid = 41
sqlResult   map[result: count:0 state:0]
[2020-01-02 12:38:29] rtpData ------->   map[result: count:0 state:0] 
[GIN] 2020/01/02 - 12:38:29 | 200 |    2.774744ms |  192.168.66.115 | POST     /getResult
[2020-01-02 12:38:29] 自開彩開獎  {202001020759 6 36 true} 
ConfigData  map[ip:192.168.88.181 password:1qaz!QAZ charset:utf8 redisPort:6379 redisDB:3 poolname:FA_MEM port:3306 user:fa_db database:FA_MEM redisIp:192.168.88.119 redisPassword:""]
SqlString  SELECT RTP,Amount,Bonus  FROM M_RtpSetting  WHERE Sid = 1   AND State = 1   AND LTG_Code = 6 AND Gid = 36
sqlResult   map[result: count:0 state:0]
[2020-01-02 12:38:29] rtpData ------->   map[count:0 state:0 result:] 
[GIN] 2020/01/02 - 12:38:29 | 200 |    3.014442ms |  192.168.66.115 | POST     /getResult
[2020-01-02 12:38:33] 自開彩開獎  {202001020759 1 34 true} 
ConfigData  map[port:3306 password:1qaz!QAZ redisPort:6379 redisPassword:"" charset:utf8 redisIp:192.168.88.119 redisDB:3 ip:192.168.88.181 poolname:FA_MEM user:fa_db database:FA_MEM]
SqlString  SELECT RTP,Amount,Bonus  FROM M_RtpSetting  WHERE Sid = 1   AND State = 1   AND LTG_Code = 1 AND Gid = 34
sqlResult   map[state:0 result: count:0]
[2020-01-02 12:38:33] rtpData ------->   map[state:0 result: count:0] 
[GIN] 2020/01/02 - 12:38:33 | 200 |    2.520226ms |  192.168.66.115 | POST     /getResult
[2020-01-02 12:38:34] 自開彩開獎  {202001020253 1 35 true} 
ConfigData  map[charset:utf8 redisDB:3 poolname:FA_MEM port:3306 password:1qaz!QAZ redisIp:192.168.88.119 redisPort:6379 redisPassword:"" ip:192.168.88.181 user:fa_db database:FA_MEM]
SqlString  SELECT RTP,Amount,Bonus  FROM M_RtpSetting  WHERE Sid = 1   AND State = 1   AND LTG_Code = 1 AND Gid = 35
sqlResult   map[result: count:0 state:0]
[2020-01-02 12:38:34] rtpData ------->   map[result: count:0 state:0] 
[GIN] 2020/01/02 - 12:38:34 | 200 |    2.570105ms |  192.168.66.115 | POST     /getResult
[2020-01-02 12:38:35] 自開彩開獎  {202001020759 5 38 true} 
ConfigData  map[charset:utf8 redisPort:6379 redisPassword:"" poolname:FA_MEM database:FA_MEM user:fa_db password:1qaz!QAZ redisIp:192.168.88.119 redisDB:3 ip:192.168.88.181 port:3306]
SqlString  SELECT RTP,Amount,Bonus  FROM M_RtpSetting  WHERE Sid = 1   AND State = 1   AND LTG_Code = 5 AND Gid = 38
[2020-01-02 12:38:35] 自開彩開獎  {202001020759 4 40 true} 
ConfigData  map[database:FA_MEM charset:utf8 redisIp:192.168.88.119 redisPassword:"" ip:192.168.88.181 poolname:FA_MEM port:3306 user:fa_db password:1qaz!QAZ redisPort:6379 redisDB:3]
SqlString  SELECT RTP,Amount,Bonus  FROM M_RtpSetting  WHERE Sid = 1   AND State = 1   AND LTG_Code = 4 AND Gid = 40
sqlResult   map[result: count:0 state:0]
[2020-01-02 12:38:35] rtpData ------->   map[result: count:0 state:0] 
[GIN] 2020/01/02 - 12:38:35 | 200 |    2.908367ms |  192.168.66.115 | POST     /getResult
sqlResult   map[state:0 result: count:0]
[2020-01-02 12:38:35] rtpData ------->   map[result: count:0 state:0] 
[GIN] 2020/01/02 - 12:38:35 | 200 |    2.847214ms |  192.168.66.115 | POST     /getResult
[2020-01-02 12:38:35] 自開彩開獎  {202001020253 4 41 true} 
ConfigData  map[ip:192.168.88.181 password:1qaz!QAZ redisIp:192.168.88.119 redisPassword:"" redisDB:3 poolname:FA_MEM port:3306 user:fa_db database:FA_MEM charset:utf8 redisPort:6379]
SqlString  SELECT RTP,Amount,Bonus  FROM M_RtpSetting  WHERE Sid = 1   AND State = 1   AND LTG_Code = 4 AND Gid = 41
sqlResult   map[result: count:0 state:0]
[2020-01-02 12:38:35] rtpData ------->   map[state:0 result: count:0] 
[GIN] 2020/01/02 - 12:38:35 | 200 |    2.858955ms |  192.168.66.115 | POST     /getResult
[2020-01-02 12:38:35] 自開彩開獎  {202001020759 6 36 true} 
ConfigData  map[poolname:FA_MEM charset:utf8 password:1qaz!QAZ database:FA_MEM redisIp:192.168.88.119 redisPort:6379 redisPassword:"" ip:192.168.88.181 port:3306 user:fa_db redisDB:3]
SqlString  SELECT RTP,Amount,Bonus  FROM M_RtpSetting  WHERE Sid = 1   AND State = 1   AND LTG_Code = 6 AND Gid = 36
sqlResult   map[result: count:0 state:0]
[2020-01-02 12:38:35] rtpData ------->   map[result: count:0 state:0] 
[GIN] 2020/01/02 - 12:38:35 | 200 |     2.88409ms |  192.168.66.115 | POST     /getResult
[2020-01-02 12:38:39] 自開彩開獎  {202001020759 1 34 true} 
ConfigData  map[redisPort:6379 ip:192.168.88.181 port:3306 user:fa_db password:1qaz!QAZ database:FA_MEM charset:utf8 redisIp:192.168.88.119 redisPassword:"" redisDB:3 poolname:FA_MEM]
SqlString  SELECT RTP,Amount,Bonus  FROM M_RtpSetting  WHERE Sid = 1   AND State = 1   AND LTG_Code = 1 AND Gid = 34
sqlResult   map[result: count:0 state:0]
[2020-01-02 12:38:39] rtpData ------->   map[state:0 result: count:0] 
[GIN] 2020/01/02 - 12:38:39 | 200 |    2.800344ms |  192.168.66.115 | POST     /getResult
[2020-01-02 12:38:40] 自開彩開獎  {202001020253 1 35 true} 
ConfigData  map[database:FA_MEM redisIp:192.168.88.119 redisPort:6379 redisPassword:"" ip:192.168.88.181 poolname:FA_MEM port:3306 password:1qaz!QAZ redisDB:3 user:fa_db charset:utf8]
SqlString  SELECT RTP,Amount,Bonus  FROM M_RtpSetting  WHERE Sid = 1   AND State = 1   AND LTG_Code = 1 AND Gid = 35
sqlResult   map[count:0 state:0 result:]
[2020-01-02 12:38:40] rtpData ------->   map[result: count:0 state:0] 
[GIN] 2020/01/02 - 12:38:40 | 200 |    3.065871ms |  192.168.66.115 | POST     /getResult
[2020-01-02 12:38:41] 自開彩開獎  {202001020759 5 38 true} 
ConfigData  map[redisPort:6379 poolname:FA_MEM port:3306 user:fa_db password:1qaz!QAZ charset:utf8 ip:192.168.88.181 database:FA_MEM redisIp:192.168.88.119 redisPassword:"" redisDB:3]
SqlString  SELECT RTP,Amount,Bonus  FROM M_RtpSetting  WHERE Sid = 1   AND State = 1   AND LTG_Code = 5 AND Gid = 38
[2020-01-02 12:38:41] 自開彩開獎  {202001020759 4 40 true} 
ConfigData  map[ip:192.168.88.181 port:3306 user:fa_db password:1qaz!QAZ redisPort:6379 redisDB:3 poolname:FA_MEM database:FA_MEM charset:utf8 redisIp:192.168.88.119 redisPassword:""]
SqlString  SELECT RTP,Amount,Bonus  FROM M_RtpSetting  WHERE Sid = 1   AND State = 1   AND LTG_Code = 4 AND Gid = 40
sqlResult   map[result: count:0 state:0]
[2020-01-02 12:38:41] rtpData ------->   map[result: count:0 state:0] 
[GIN] 2020/01/02 - 12:38:41 | 200 |    3.040308ms |  192.168.66.115 | POST     /getResult
sqlResult   map[count:0 state:0 result:]
[2020-01-02 12:38:41] rtpData ------->   map[result: count:0 state:0] 
[GIN] 2020/01/02 - 12:38:41 | 200 |     4.63135ms |  192.168.66.115 | POST     /getResult
[2020-01-02 12:38:41] 自開彩開獎  {202001020253 4 41 true} 
ConfigData  map[port:3306 password:1qaz!QAZ database:FA_MEM redisIp:192.168.88.119 redisPort:6379 redisPassword:"" ip:192.168.88.181 poolname:FA_MEM user:fa_db charset:utf8 redisDB:3]
SqlString  SELECT RTP,Amount,Bonus  FROM M_RtpSetting  WHERE Sid = 1   AND State = 1   AND LTG_Code = 4 AND Gid = 41
sqlResult   map[result: count:0 state:0]
[2020-01-02 12:38:41] rtpData ------->   map[result: count:0 state:0] 
[GIN] 2020/01/02 - 12:38:41 | 200 |    2.543449ms |  192.168.66.115 | POST     /getResult
[2020-01-02 12:38:41] 自開彩開獎  {202001020759 6 36 true} 
ConfigData  map[redisIp:192.168.88.119 ip:192.168.88.181 database:FA_MEM user:fa_db password:1qaz!QAZ charset:utf8 redisPort:6379 redisPassword:"" redisDB:3 poolname:FA_MEM port:3306]
SqlString  SELECT RTP,Amount,Bonus  FROM M_RtpSetting  WHERE Sid = 1   AND State = 1   AND LTG_Code = 6 AND Gid = 36
sqlResult   map[count:0 state:0 result:]
[2020-01-02 12:38:41] rtpData ------->   map[result: count:0 state:0] 
[GIN] 2020/01/02 - 12:38:41 | 200 |    2.902709ms |  192.168.66.115 | POST     /getResult
[2020-01-02 12:38:45] 自開彩開獎  {202001020759 1 34 true} 
ConfigData  map[ip:192.168.88.181 poolname:FA_MEM database:FA_MEM redisIp:192.168.88.119 redisPassword:"" port:3306 user:fa_db password:1qaz!QAZ charset:utf8 redisPort:6379 redisDB:3]
SqlString  SELECT RTP,Amount,Bonus  FROM M_RtpSetting  WHERE Sid = 1   AND State = 1   AND LTG_Code = 1 AND Gid = 34
sqlResult   map[state:0 result: count:0]
[2020-01-02 12:38:45] rtpData ------->   map[result: count:0 state:0] 
[GIN] 2020/01/02 - 12:38:45 | 200 |    2.084057ms |  192.168.66.115 | POST     /getResult
[2020-01-02 12:38:46] 自開彩開獎  {202001020253 1 35 true} 
ConfigData  map[port:3306 database:FA_MEM redisIp:192.168.88.119 redisDB:3 ip:192.168.88.181 poolname:FA_MEM user:fa_db password:1qaz!QAZ charset:utf8 redisPort:6379 redisPassword:""]
SqlString  SELECT RTP,Amount,Bonus  FROM M_RtpSetting  WHERE Sid = 1   AND State = 1   AND LTG_Code = 1 AND Gid = 35
sqlResult   map[result: count:0 state:0]
[2020-01-02 12:38:46] rtpData ------->   map[result: count:0 state:0] 
[GIN] 2020/01/02 - 12:38:46 | 200 |    2.309581ms |  192.168.66.115 | POST     /getResult
[2020-01-02 12:38:47] 自開彩開獎  {202001020759 4 40 true} 
ConfigData  map[ip:192.168.88.181 user:fa_db database:FA_MEM redisPort:6379 redisPassword:"" poolname:FA_MEM port:3306 password:1qaz!QAZ charset:utf8 redisIp:192.168.88.119 redisDB:3]
SqlString  SELECT RTP,Amount,Bonus  FROM M_RtpSetting  WHERE Sid = 1   AND State = 1   AND LTG_Code = 4 AND Gid = 40
[2020-01-02 12:38:47] 自開彩開獎  {202001020759 5 38 true} 
ConfigData  map[poolname:FA_MEM port:3306 redisIp:192.168.88.119 redisPort:6379 redisPassword:"" redisDB:3 ip:192.168.88.181 user:fa_db password:1qaz!QAZ database:FA_MEM charset:utf8]
SqlString  SELECT RTP,Amount,Bonus  FROM M_RtpSetting  WHERE Sid = 1   AND State = 1   AND LTG_Code = 5 AND Gid = 38
sqlResult   map[result: count:0 state:0]
[2020-01-02 12:38:47] rtpData ------->   map[result: count:0 state:0] 
[GIN] 2020/01/02 - 12:38:47 | 200 |    3.017398ms |  192.168.66.115 | POST     /getResult
sqlResult   map[result: count:0 state:0]
[2020-01-02 12:38:47] rtpData ------->   map[result: count:0 state:0] 
[GIN] 2020/01/02 - 12:38:47 | 200 |    3.082656ms |  192.168.66.115 | POST     /getResult
[2020-01-02 12:38:47] 自開彩開獎  {202001020253 4 41 true} 
ConfigData  map[redisIp:192.168.88.119 ip:192.168.88.181 poolname:FA_MEM user:fa_db password:1qaz!QAZ charset:utf8 port:3306 database:FA_MEM redisPort:6379 redisPassword:"" redisDB:3]
SqlString  SELECT RTP,Amount,Bonus  FROM M_RtpSetting  WHERE Sid = 1   AND State = 1   AND LTG_Code = 4 AND Gid = 41
sqlResult   map[result: count:0 state:0]
[2020-01-02 12:38:47] rtpData ------->   map[state:0 result: count:0] 
[GIN] 2020/01/02 - 12:38:47 | 200 |    2.108996ms |  192.168.66.115 | POST     /getResult
[2020-01-02 12:38:47] 自開彩開獎  {202001020759 6 36 true} 
ConfigData  map[port:3306 user:fa_db charset:utf8 redisPort:6379 redisPassword:"" redisDB:3 ip:192.168.88.181 poolname:FA_MEM password:1qaz!QAZ database:FA_MEM redisIp:192.168.88.119]
SqlString  SELECT RTP,Amount,Bonus  FROM M_RtpSetting  WHERE Sid = 1   AND State = 1   AND LTG_Code = 6 AND Gid = 36
sqlResult   map[state:0 result: count:0]
[2020-01-02 12:38:47] rtpData ------->   map[count:0 state:0 result:] 
[GIN] 2020/01/02 - 12:38:47 | 200 |     2.70573ms |  192.168.66.115 | POST     /getResult
[2020-01-02 12:38:51] 自開彩開獎  {202001020759 1 34 true} 
ConfigData  map[database:FA_MEM charset:utf8 redisIp:192.168.88.119 redisDB:3 ip:192.168.88.181 user:fa_db password:1qaz!QAZ redisPassword:"" poolname:FA_MEM port:3306 redisPort:6379]
SqlString  SELECT RTP,Amount,Bonus  FROM M_RtpSetting  WHERE Sid = 1   AND State = 1   AND LTG_Code = 1 AND Gid = 34
sqlResult   map[count:0 state:0 result:]
[2020-01-02 12:38:51] rtpData ------->   map[result: count:0 state:0] 
[GIN] 2020/01/02 - 12:38:51 | 200 |    2.434844ms |  192.168.66.115 | POST     /getResult
[2020-01-02 12:38:52] 自開彩開獎  {202001020253 1 35 true} 
ConfigData  map[poolname:FA_MEM charset:utf8 redisDB:3 password:1qaz!QAZ database:FA_MEM redisIp:192.168.88.119 redisPort:6379 redisPassword:"" ip:192.168.88.181 port:3306 user:fa_db]
SqlString  SELECT RTP,Amount,Bonus  FROM M_RtpSetting  WHERE Sid = 1   AND State = 1   AND LTG_Code = 1 AND Gid = 35
sqlResult   map[count:0 state:0 result:]
[2020-01-02 12:38:52] rtpData ------->   map[result: count:0 state:0] 
[GIN] 2020/01/02 - 12:38:52 | 200 |    2.426385ms |  192.168.66.115 | POST     /getResult
[2020-01-02 12:38:53] 自開彩開獎  {202001020759 4 40 true} 
ConfigData  map[user:fa_db password:1qaz!QAZ redisIp:192.168.88.119 redisPassword:"" redisDB:3 ip:192.168.88.181 poolname:FA_MEM charset:utf8 redisPort:6379 port:3306 database:FA_MEM]
SqlString  SELECT RTP,Amount,Bonus  FROM M_RtpSetting  WHERE Sid = 1   AND State = 1   AND LTG_Code = 4 AND Gid = 40
[2020-01-02 12:38:53] 自開彩開獎  {202001020759 5 38 true} 
ConfigData  map[database:FA_MEM charset:utf8 redisIp:192.168.88.119 redisPassword:"" port:3306 poolname:FA_MEM user:fa_db password:1qaz!QAZ redisPort:6379 redisDB:3 ip:192.168.88.181]
SqlString  SELECT RTP,Amount,Bonus  FROM M_RtpSetting  WHERE Sid = 1   AND State = 1   AND LTG_Code = 5 AND Gid = 38
sqlResult   map[result: count:0 state:0]
[2020-01-02 12:38:53] rtpData ------->   map[result: count:0 state:0] 
[GIN] 2020/01/02 - 12:38:53 | 200 |    2.910498ms |  192.168.66.115 | POST     /getResult
sqlResult   map[result: count:0 state:0]
[2020-01-02 12:38:53] rtpData ------->   map[state:0 result: count:0] 
[GIN] 2020/01/02 - 12:38:53 | 200 |    3.166721ms |  192.168.66.115 | POST     /getResult
[2020-01-02 12:38:53] 自開彩開獎  {202001020253 4 41 true} 
ConfigData  map[password:1qaz!QAZ charset:utf8 redisPort:6379 redisPassword:"" redisDB:3 poolname:FA_MEM port:3306 user:fa_db ip:192.168.88.181 database:FA_MEM redisIp:192.168.88.119]
SqlString  SELECT RTP,Amount,Bonus  FROM M_RtpSetting  WHERE Sid = 1   AND State = 1   AND LTG_Code = 4 AND Gid = 41
sqlResult   map[result: count:0 state:0]
[2020-01-02 12:38:53] rtpData ------->   map[result: count:0 state:0] 
[GIN] 2020/01/02 - 12:38:53 | 200 |    1.917968ms |  192.168.66.115 | POST     /getResult
[2020-01-02 12:38:53] 自開彩開獎  {202001020759 6 36 true} 
ConfigData  map[port:3306 password:1qaz!QAZ database:FA_MEM charset:utf8 redisIp:192.168.88.119 redisDB:3 ip:192.168.88.181 poolname:FA_MEM user:fa_db redisPort:6379 redisPassword:""]
SqlString  SELECT RTP,Amount,Bonus  FROM M_RtpSetting  WHERE Sid = 1   AND State = 1   AND LTG_Code = 6 AND Gid = 36
sqlResult   map[result: count:0 state:0]
[2020-01-02 12:38:53] rtpData ------->   map[result: count:0 state:0] 
[GIN] 2020/01/02 - 12:38:53 | 200 |    3.006956ms |  192.168.66.115 | POST     /getResult
[2020-01-02 12:38:57] 自開彩開獎  {202001020759 1 34 true} 
ConfigData  map[port:3306 user:fa_db password:1qaz!QAZ database:FA_MEM redisPort:6379 redisDB:3 ip:192.168.88.181 poolname:FA_MEM charset:utf8 redisIp:192.168.88.119 redisPassword:""]
SqlString  SELECT RTP,Amount,Bonus  FROM M_RtpSetting  WHERE Sid = 1   AND State = 1   AND LTG_Code = 1 AND Gid = 34
sqlResult   map[result: count:0 state:0]
[2020-01-02 12:38:57] rtpData ------->   map[state:0 result: count:0] 
[GIN] 2020/01/02 - 12:38:57 | 200 |    2.716098ms |  192.168.66.115 | POST     /getResult
[2020-01-02 12:38:58] 自開彩開獎  {202001020253 1 35 true} 
ConfigData  map[ip:192.168.88.181 database:FA_MEM redisIp:192.168.88.119 redisDB:3 poolname:FA_MEM port:3306 user:fa_db password:1qaz!QAZ charset:utf8 redisPort:6379 redisPassword:""]
SqlString  SELECT RTP,Amount,Bonus  FROM M_RtpSetting  WHERE Sid = 1   AND State = 1   AND LTG_Code = 1 AND Gid = 35
sqlResult   map[result: count:0 state:0]
[2020-01-02 12:38:58] rtpData ------->   map[result: count:0 state:0] 
[GIN] 2020/01/02 - 12:38:58 | 200 |    3.194945ms |  192.168.66.115 | POST     /getResult
[2020-01-02 12:38:59] 自開彩開獎  {202001020759 4 40 true} 
[2020-01-02 12:38:59] 自開彩開獎  {202001020759 5 38 true} 
ConfigData  map[poolname:FA_MEM database:FA_MEM charset:utf8 redisIp:192.168.88.119 redisPort:6379 ip:192.168.88.181 port:3306 user:fa_db password:1qaz!QAZ redisPassword:"" redisDB:3]
SqlString  SELECT RTP,Amount,Bonus  FROM M_RtpSetting  WHERE Sid = 1   AND State = 1   AND LTG_Code = 4 AND Gid = 40
ConfigData  map[password:1qaz!QAZ database:FA_MEM redisIp:192.168.88.119 redisPort:6379 poolname:FA_MEM port:3306 user:fa_db charset:utf8 redisPassword:"" redisDB:3 ip:192.168.88.181]
SqlString  SELECT RTP,Amount,Bonus  FROM M_RtpSetting  WHERE Sid = 1   AND State = 1   AND LTG_Code = 5 AND Gid = 38
sqlResult   map[count:0 state:0 result:]
[2020-01-02 12:38:59] rtpData ------->   map[result: count:0 state:0] 
sqlResult   map[result: count:0 state:0]
[GIN] 2020/01/02 - 12:38:59 | 200 |    2.780951ms |  192.168.66.115 | POST     /getResult
[2020-01-02 12:38:59] rtpData ------->   map[result: count:0 state:0] 
[GIN] 2020/01/02 - 12:38:59 | 200 |     2.86814ms |  192.168.66.115 | POST     /getResult
[2020-01-02 12:38:59] 自開彩開獎  {202001020253 4 41 true} 
ConfigData  map[redisIp:192.168.88.119 ip:192.168.88.181 user:fa_db password:1qaz!QAZ database:FA_MEM redisPassword:"" redisDB:3 poolname:FA_MEM port:3306 charset:utf8 redisPort:6379]
SqlString  SELECT RTP,Amount,Bonus  FROM M_RtpSetting  WHERE Sid = 1   AND State = 1   AND LTG_Code = 4 AND Gid = 41
sqlResult   map[result: count:0 state:0]
[2020-01-02 12:38:59] rtpData ------->   map[result: count:0 state:0] 
[GIN] 2020/01/02 - 12:38:59 | 200 |    2.407174ms |  192.168.66.115 | POST     /getResult
[2020-01-02 12:38:59] 自開彩開獎  {202001020759 6 36 true} 
ConfigData  map[ip:192.168.88.181 port:3306 charset:utf8 redisPassword:"" poolname:FA_MEM user:fa_db password:1qaz!QAZ database:FA_MEM redisIp:192.168.88.119 redisPort:6379 redisDB:3]
SqlString  SELECT RTP,Amount,Bonus  FROM M_RtpSetting  WHERE Sid = 1   AND State = 1   AND LTG_Code = 6 AND Gid = 36
sqlResult   map[result: count:0 state:0]
[2020-01-02 12:38:59] rtpData ------->   map[result: count:0 state:0] 
[GIN] 2020/01/02 - 12:38:59 | 200 |    3.195387ms |  192.168.66.115 | POST     /getResult
[2020-01-02 12:39:00] 自開彩開獎  {202001020254 6 37 true} 
ConfigData  map[poolname:FA_MEM charset:utf8 redisIp:192.168.88.119 redisPort:6379 ip:192.168.88.181 port:3306 user:fa_db password:1qaz!QAZ database:FA_MEM redisPassword:"" redisDB:3]
SqlString  SELECT RTP,Amount,Bonus  FROM M_RtpSetting  WHERE Sid = 1   AND State = 1   AND LTG_Code = 6 AND Gid = 37
sqlResult   map[result: count:0 state:0]
[2020-01-02 12:39:00] rtpData ------->   map[result: count:0 state:0] 
[GIN] 2020/01/02 - 12:39:00 | 200 |    2.098331ms |  192.168.66.115 | POST     /getResult
[2020-01-02 12:39:01] 自開彩開獎  {202001020760 2 26 true} 
ConfigData  map[port:3306 user:fa_db password:1qaz!QAZ database:FA_MEM charset:utf8 ip:192.168.88.181 poolname:FA_MEM redisIp:192.168.88.119 redisPort:6379 redisPassword:"" redisDB:3]
SqlString  SELECT RTP,Amount,Bonus  FROM M_RtpSetting  WHERE Sid = 1   AND State = 1   AND LTG_Code = 2 AND Gid = 26
[2020-01-02 12:39:01] 自開彩開獎  {20200102254 2 27 true} 
ConfigData  map[poolname:FA_MEM port:3306 user:fa_db password:1qaz!QAZ database:FA_MEM redisIp:192.168.88.119 redisPort:6379 ip:192.168.88.181 redisPassword:"" redisDB:3 charset:utf8]
SqlString  SELECT RTP,Amount,Bonus  FROM M_RtpSetting  WHERE Sid = 1   AND State = 1   AND LTG_Code = 2 AND Gid = 27
sqlResult   map[result:0.9600 count:1 state:1 amount:105208 bonus:58491.69]
[2020-01-02 12:39:01] rtpData ------->   map[state:1 amount:105208 bonus:58491.69 result:0.9600 count:1] 
ConfigData  map[redisPassword:"" redisDB:3 ip:192.168.88.181 poolname:FA_MEM port:3306 charset:utf8 redisIp:192.168.88.119 redisPort:6379 user:fa_db password:1qaz!QAZ database:FA_MEM]
SELECT BO_No, BO_OrderNo , BO_User , BO_Issue  , BO_LotteryTypeGroup, BO_LotteryType, BO_Mode, BO_LotteryPlayGroup, BO_LotteryPlay , BO_LotteryContent, BO_Price, BO_RealPrice, BO_Unit, BO_Multiple , BO_BetCount  , BO_Winnings, BO_Winnings2, BO_Winnings3, BO_WinningLimit  , BO_Water , BO_BW_SourceUserId, BO_BW_BackWater, BO_BW_LimitBetCount, BO_BW_MaxAmount, BO_BW_AuditMultiple  , BO_Odds, BO_Odds2, BO_Odds3 , BO_Type, BO_Chase , BO_OpenResult, BO_OpenResult2, BO_DateDraw, BO_DateDraw2, BO_DateUpdate  FROM TS_BetOrder  WHERE BO_Cancel = 0   AND BO_CancelBackend = 0   AND BO_LotteryTypeGroup = 2 AND BO_LotteryType = 27 AND BO_Issue = 20200102254 AND BO_Collect = 0 ORDER BY BO_DateDraw ASC, BO_DateCreate ASC, BO_DateUpdate ASC, BO_No ASC ;
sqlResult   map[result:0.9600 count:1 state:1 amount:1.0069588e+06 bonus:908100.71]
[2020-01-02 12:39:01] rtpData ------->   map[result:0.9600 count:1 state:1 amount:1.0069588e+06 bonus:908100.71] 
ConfigData  map[charset:utf8 redisIp:192.168.88.119 redisPort:6379 redisPassword:"" redisDB:3 poolname:FA_MEM user:fa_db password:1qaz!QAZ database:FA_MEM ip:192.168.88.181 port:3306]
SELECT BO_No, BO_OrderNo , BO_User , BO_Issue  , BO_LotteryTypeGroup, BO_LotteryType, BO_Mode, BO_LotteryPlayGroup, BO_LotteryPlay , BO_LotteryContent, BO_Price, BO_RealPrice, BO_Unit, BO_Multiple , BO_BetCount  , BO_Winnings, BO_Winnings2, BO_Winnings3, BO_WinningLimit  , BO_Water , BO_BW_SourceUserId, BO_BW_BackWater, BO_BW_LimitBetCount, BO_BW_MaxAmount, BO_BW_AuditMultiple  , BO_Odds, BO_Odds2, BO_Odds3 , BO_Type, BO_Chase , BO_OpenResult, BO_OpenResult2, BO_DateDraw, BO_DateDraw2, BO_DateUpdate  FROM TS_BetOrder  WHERE BO_Cancel = 0   AND BO_CancelBackend = 0   AND BO_LotteryTypeGroup = 2 AND BO_LotteryType = 26 AND BO_Issue = 202001020760 AND BO_Collect = 0 ORDER BY BO_DateDraw ASC, BO_DateCreate ASC, BO_DateUpdate ASC, BO_No ASC ;
[2020-01-02 12:39:01] LottteryTypeGroup 2 
[2020-01-02 12:39:01] 有期號 但無注單 -------> map[amount:0 bonus:0 thisOpenResult:[7 1 1 7 4]] 
[GIN] 2020/01/02 - 12:39:01 | 200 |    4.721117ms |  192.168.66.115 | POST     /getResult
[2020-01-02 12:39:01] LottteryTypeGroup 2 
[2020-01-02 12:39:01] 有期號 但無注單 -------> map[amount:0 bonus:0 thisOpenResult:[4 9 3 4 6]] 
[GIN] 2020/01/02 - 12:39:01 | 200 |    5.487682ms |  192.168.66.115 | POST     /getResult
[2020-01-02 12:39:03] 自開彩開獎  {202001020759 1 34 true} 
ConfigData  map[redisPassword:"" poolname:FA_MEM user:fa_db password:1qaz!QAZ charset:utf8 redisPort:6379 redisDB:3 ip:192.168.88.181 port:3306 database:FA_MEM redisIp:192.168.88.119]
SqlString  SELECT RTP,Amount,Bonus  FROM M_RtpSetting  WHERE Sid = 1   AND State = 1   AND LTG_Code = 1 AND Gid = 34
sqlResult   map[result: count:0 state:0]
[2020-01-02 12:39:03] rtpData ------->   map[result: count:0 state:0] 
[GIN] 2020/01/02 - 12:39:03 | 200 |    2.329716ms |  192.168.66.115 | POST     /getResult
[2020-01-02 12:39:04] 自開彩開獎  {202001020253 1 35 true} 
ConfigData  map[database:FA_MEM redisIp:192.168.88.119 redisPort:6379 ip:192.168.88.181 poolname:FA_MEM port:3306 user:fa_db password:1qaz!QAZ redisDB:3 charset:utf8 redisPassword:""]
SqlString  SELECT RTP,Amount,Bonus  FROM M_RtpSetting  WHERE Sid = 1   AND State = 1   AND LTG_Code = 1 AND Gid = 35
sqlResult   map[result: count:0 state:0]
[2020-01-02 12:39:04] rtpData ------->   map[result: count:0 state:0] 
[GIN] 2020/01/02 - 12:39:04 | 200 |    2.324829ms |  192.168.66.115 | POST     /getResult
[2020-01-02 12:39:05] 自開彩開獎  {202001020759 5 38 true} 
ConfigData  map[poolname:FA_MEM port:3306 database:FA_MEM redisIp:192.168.88.119 redisPort:6379 redisPassword:"" ip:192.168.88.181 password:1qaz!QAZ charset:utf8 redisDB:3 user:fa_db]
SqlString  SELECT RTP,Amount,Bonus  FROM M_RtpSetting  WHERE Sid = 1   AND State = 1   AND LTG_Code = 5 AND Gid = 38
[2020-01-02 12:39:05] 自開彩開獎  {202001020759 4 40 true} 
ConfigData  map[redisPort:6379 redisPassword:"" ip:192.168.88.181 database:FA_MEM redisIp:192.168.88.119 password:1qaz!QAZ charset:utf8 redisDB:3 poolname:FA_MEM port:3306 user:fa_db]
SqlString  SELECT RTP,Amount,Bonus  FROM M_RtpSetting  WHERE Sid = 1   AND State = 1   AND LTG_Code = 4 AND Gid = 40
sqlResult   map[result: count:0 state:0]
[2020-01-02 12:39:05] rtpData ------->   map[result: count:0 state:0] 
[GIN] 2020/01/02 - 12:39:05 | 200 |     2.15383ms |  192.168.66.115 | POST     /getResult
sqlResult   map[result: count:0 state:0]
[2020-01-02 12:39:05] rtpData ------->   map[result: count:0 state:0] 
[GIN] 2020/01/02 - 12:39:05 | 200 |    2.981111ms |  192.168.66.115 | POST     /getResult
[2020-01-02 12:39:05] 自開彩開獎  {202001020253 4 41 true} 
ConfigData  map[port:3306 password:1qaz!QAZ database:FA_MEM redisIp:192.168.88.119 redisPassword:"" ip:192.168.88.181 poolname:FA_MEM user:fa_db charset:utf8 redisPort:6379 redisDB:3]
SqlString  SELECT RTP,Amount,Bonus  FROM M_RtpSetting  WHERE Sid = 1   AND State = 1   AND LTG_Code = 4 AND Gid = 41
sqlResult   map[result: count:0 state:0]
[2020-01-02 12:39:05] rtpData ------->   map[result: count:0 state:0] 
[GIN] 2020/01/02 - 12:39:05 | 200 |    3.049044ms |  192.168.66.115 | POST     /getResult
[2020-01-02 12:39:05] 自開彩開獎  {202001020759 6 36 true} 
ConfigData  map[ip:192.168.88.181 port:3306 database:FA_MEM charset:utf8 redisPassword:"" redisDB:3 poolname:FA_MEM user:fa_db password:1qaz!QAZ redisIp:192.168.88.119 redisPort:6379]
SqlString  SELECT RTP,Amount,Bonus  FROM M_RtpSetting  WHERE Sid = 1   AND State = 1   AND LTG_Code = 6 AND Gid = 36
sqlResult   map[count:0 state:0 result:]
[2020-01-02 12:39:05] rtpData ------->   map[count:0 state:0 result:] 
[GIN] 2020/01/02 - 12:39:05 | 200 |    2.965259ms |  192.168.66.115 | POST     /getResult
[2020-01-02 12:39:06] 自開彩開獎  {202001020254 6 37 true} 
ConfigData  map[ip:192.168.88.181 port:3306 user:fa_db charset:utf8 redisIp:192.168.88.119 poolname:FA_MEM password:1qaz!QAZ database:FA_MEM redisPort:6379 redisPassword:"" redisDB:3]
SqlString  SELECT RTP,Amount,Bonus  FROM M_RtpSetting  WHERE Sid = 1   AND State = 1   AND LTG_Code = 6 AND Gid = 37
sqlResult   map[result: count:0 state:0]
[2020-01-02 12:39:06] rtpData ------->   map[result: count:0 state:0] 
[GIN] 2020/01/02 - 12:39:06 | 200 |    2.560451ms |  192.168.66.115 | POST     /getResult
[2020-01-02 12:39:09] 自開彩開獎  {202001020760 1 34 true} 
ConfigData  map[ip:192.168.88.181 poolname:FA_MEM port:3306 password:1qaz!QAZ database:FA_MEM redisIp:192.168.88.119 user:fa_db charset:utf8 redisPort:6379 redisPassword:"" redisDB:3]
SqlString  SELECT RTP,Amount,Bonus  FROM M_RtpSetting  WHERE Sid = 1   AND State = 1   AND LTG_Code = 1 AND Gid = 34
sqlResult   map[state:0 result: count:0]
[2020-01-02 12:39:09] rtpData ------->   map[result: count:0 state:0] 
[GIN] 2020/01/02 - 12:39:09 | 200 |    2.799926ms |  192.168.66.115 | POST     /getResult
[2020-01-02 12:39:10] 自開彩開獎  {202001020254 1 35 true} 
ConfigData  map[password:1qaz!QAZ redisIp:192.168.88.119 poolname:FA_MEM port:3306 database:FA_MEM charset:utf8 redisPort:6379 redisPassword:"" redisDB:3 ip:192.168.88.181 user:fa_db]
SqlString  SELECT RTP,Amount,Bonus  FROM M_RtpSetting  WHERE Sid = 1   AND State = 1   AND LTG_Code = 1 AND Gid = 35
sqlResult   map[result: count:0 state:0]
[2020-01-02 12:39:10] rtpData ------->   map[result: count:0 state:0] 
[GIN] 2020/01/02 - 12:39:10 | 200 |    2.811575ms |  192.168.66.115 | POST     /getResult
[2020-01-02 12:39:11] 自開彩開獎  {202001020760 5 38 true} 
ConfigData  map[port:3306 user:fa_db password:1qaz!QAZ redisPassword:"" poolname:FA_MEM database:FA_MEM charset:utf8 redisIp:192.168.88.119 redisPort:6379 redisDB:3 ip:192.168.88.181]
SqlString  SELECT RTP,Amount,Bonus  FROM M_RtpSetting  WHERE Sid = 1   AND State = 1   AND LTG_Code = 5 AND Gid = 38
[2020-01-02 12:39:11] 自開彩開獎  {202001020760 4 40 true} 
ConfigData  map[port:3306 user:fa_db database:FA_MEM redisIp:192.168.88.119 redisDB:3 ip:192.168.88.181 poolname:FA_MEM password:1qaz!QAZ charset:utf8 redisPort:6379 redisPassword:""]
SqlString  SELECT RTP,Amount,Bonus  FROM M_RtpSetting  WHERE Sid = 1   AND State = 1   AND LTG_Code = 4 AND Gid = 40
sqlResult   map[result: count:0 state:0]
[2020-01-02 12:39:11] rtpData ------->   map[result: count:0 state:0] 
[GIN] 2020/01/02 - 12:39:11 | 200 |    3.442521ms |  192.168.66.115 | POST     /getResult
sqlResult   map[result: count:0 state:0]
[2020-01-02 12:39:11] rtpData ------->   map[result: count:0 state:0] 
[GIN] 2020/01/02 - 12:39:11 | 200 |    3.459657ms |  192.168.66.115 | POST     /getResult
[2020-01-02 12:39:11] 自開彩開獎  {202001020254 4 41 true} 
ConfigData  map[user:fa_db redisPassword:"" redisDB:3 database:FA_MEM charset:utf8 redisIp:192.168.88.119 redisPort:6379 ip:192.168.88.181 poolname:FA_MEM port:3306 password:1qaz!QAZ]
SqlString  SELECT RTP,Amount,Bonus  FROM M_RtpSetting  WHERE Sid = 1   AND State = 1   AND LTG_Code = 4 AND Gid = 41
sqlResult   map[result: count:0 state:0]
[2020-01-02 12:39:11] rtpData ------->   map[count:0 state:0 result:] 
[GIN] 2020/01/02 - 12:39:11 | 200 |    2.110555ms |  192.168.66.115 | POST     /getResult
[2020-01-02 12:39:11] 自開彩開獎  {202001020760 6 36 true} 
ConfigData  map[password:1qaz!QAZ charset:utf8 redisIp:192.168.88.119 redisPort:6379 ip:192.168.88.181 port:3306 user:fa_db database:FA_MEM redisPassword:"" redisDB:3 poolname:FA_MEM]
SqlString  SELECT RTP,Amount,Bonus  FROM M_RtpSetting  WHERE Sid = 1   AND State = 1   AND LTG_Code = 6 AND Gid = 36
sqlResult   map[count:0 state:0 result:]
[2020-01-02 12:39:11] rtpData ------->   map[result: count:0 state:0] 
[GIN] 2020/01/02 - 12:39:11 | 200 |    2.473569ms |  192.168.66.115 | POST     /getResult
[2020-01-02 12:39:12] 自開彩開獎  {202001020254 6 37 true} 
ConfigData  map[poolname:FA_MEM port:3306 user:fa_db charset:utf8 redisIp:192.168.88.119 redisPort:6379 ip:192.168.88.181 password:1qaz!QAZ database:FA_MEM redisPassword:"" redisDB:3]
SqlString  SELECT RTP,Amount,Bonus  FROM M_RtpSetting  WHERE Sid = 1   AND State = 1   AND LTG_Code = 6 AND Gid = 37
sqlResult   map[result: count:0 state:0]
[2020-01-02 12:39:12] rtpData ------->   map[result: count:0 state:0] 
[GIN] 2020/01/02 - 12:39:12 | 200 |    3.261881ms |  192.168.66.115 | POST     /getResult
[2020-01-02 12:39:15] 自開彩開獎  {202001020760 1 34 true} 
ConfigData  map[poolname:FA_MEM user:fa_db charset:utf8 redisPassword:"" ip:192.168.88.181 password:1qaz!QAZ database:FA_MEM redisIp:192.168.88.119 redisPort:6379 redisDB:3 port:3306]
SqlString  SELECT RTP,Amount,Bonus  FROM M_RtpSetting  WHERE Sid = 1   AND State = 1   AND LTG_Code = 1 AND Gid = 34
sqlResult   map[result: count:0 state:0]
[2020-01-02 12:39:15] rtpData ------->   map[result: count:0 state:0] 
[GIN] 2020/01/02 - 12:39:15 | 200 |    2.756844ms |  192.168.66.115 | POST     /getResult
[2020-01-02 12:39:16] 自開彩開獎  {202001020254 1 35 true} 
ConfigData  map[poolname:FA_MEM port:3306 user:fa_db password:1qaz!QAZ database:FA_MEM redisIp:192.168.88.119 redisPassword:"" ip:192.168.88.181 charset:utf8 redisPort:6379 redisDB:3]
SqlString  SELECT RTP,Amount,Bonus  FROM M_RtpSetting  WHERE Sid = 1   AND State = 1   AND LTG_Code = 1 AND Gid = 35
sqlResult   map[result: count:0 state:0]
[2020-01-02 12:39:16] rtpData ------->   map[result: count:0 state:0] 
[GIN] 2020/01/02 - 12:39:16 | 200 |    2.546082ms |  192.168.66.115 | POST     /getResult
[2020-01-02 12:39:17] 自開彩開獎  {202001020760 4 40 true} 
ConfigData  map[redisIp:192.168.88.119 redisPort:6379 user:fa_db database:FA_MEM charset:utf8 password:1qaz!QAZ redisPassword:"" redisDB:3 ip:192.168.88.181 poolname:FA_MEM port:3306]
SqlString  SELECT RTP,Amount,Bonus  FROM M_RtpSetting  WHERE Sid = 1   AND State = 1   AND LTG_Code = 4 AND Gid = 40
[2020-01-02 12:39:17] 自開彩開獎  {202001020760 5 38 true} 
ConfigData  map[password:1qaz!QAZ database:FA_MEM redisIp:192.168.88.119 redisPassword:"" redisDB:3 ip:192.168.88.181 poolname:FA_MEM port:3306 user:fa_db charset:utf8 redisPort:6379]
SqlString  SELECT RTP,Amount,Bonus  FROM M_RtpSetting  WHERE Sid = 1   AND State = 1   AND LTG_Code = 5 AND Gid = 38
sqlResult   map[result: count:0 state:0]
[2020-01-02 12:39:17] rtpData ------->   map[result: count:0 state:0] 
[GIN] 2020/01/02 - 12:39:17 | 200 |    2.696419ms |  192.168.66.115 | POST     /getResult
sqlResult   map[state:0 result: count:0]
[2020-01-02 12:39:17] rtpData ------->   map[count:0 state:0 result:] 
[GIN] 2020/01/02 - 12:39:17 | 200 |    3.229656ms |  192.168.66.115 | POST     /getResult
[2020-01-02 12:39:17] 自開彩開獎  {202001020254 4 41 true} 
ConfigData  map[redisPassword:"" ip:192.168.88.181 port:3306 user:fa_db database:FA_MEM charset:utf8 poolname:FA_MEM password:1qaz!QAZ redisIp:192.168.88.119 redisPort:6379 redisDB:3]
SqlString  SELECT RTP,Amount,Bonus  FROM M_RtpSetting  WHERE Sid = 1   AND State = 1   AND LTG_Code = 4 AND Gid = 41
sqlResult   map[result: count:0 state:0]
[2020-01-02 12:39:17] rtpData ------->   map[result: count:0 state:0] 
[GIN] 2020/01/02 - 12:39:17 | 200 |    1.973011ms |  192.168.66.115 | POST     /getResult
[2020-01-02 12:39:17] 自開彩開獎  {202001020760 6 36 true} 
ConfigData  map[ip:192.168.88.181 poolname:FA_MEM charset:utf8 redisDB:3 port:3306 user:fa_db password:1qaz!QAZ database:FA_MEM redisIp:192.168.88.119 redisPort:6379 redisPassword:""]
SqlString  SELECT RTP,Amount,Bonus  FROM M_RtpSetting  WHERE Sid = 1   AND State = 1   AND LTG_Code = 6 AND Gid = 36
sqlResult   map[result: count:0 state:0]
[2020-01-02 12:39:17] rtpData ------->   map[state:0 result: count:0] 
[GIN] 2020/01/02 - 12:39:17 | 200 |    2.394611ms |  192.168.66.115 | POST     /getResult
[2020-01-02 12:39:18] 自開彩開獎  {202001020254 6 37 true} 
ConfigData  map[port:3306 password:1qaz!QAZ redisIp:192.168.88.119 redisPort:6379 redisPassword:"" redisDB:3 ip:192.168.88.181 poolname:FA_MEM user:fa_db database:FA_MEM charset:utf8]
SqlString  SELECT RTP,Amount,Bonus  FROM M_RtpSetting  WHERE Sid = 1   AND State = 1   AND LTG_Code = 6 AND Gid = 37
sqlResult   map[result: count:0 state:0]
[2020-01-02 12:39:18] rtpData ------->   map[result: count:0 state:0] 
[GIN] 2020/01/02 - 12:39:18 | 200 |    3.296224ms |  192.168.66.115 | POST     /getResult
[2020-01-02 12:39:21] 自開彩開獎  {202001020760 1 34 true} 
ConfigData  map[charset:utf8 redisPort:6379 redisDB:3 ip:192.168.88.181 poolname:FA_MEM password:1qaz!QAZ redisIp:192.168.88.119 redisPassword:"" port:3306 user:fa_db database:FA_MEM]
SqlString  SELECT RTP,Amount,Bonus  FROM M_RtpSetting  WHERE Sid = 1   AND State = 1   AND LTG_Code = 1 AND Gid = 34
sqlResult   map[result: count:0 state:0]
[2020-01-02 12:39:21] rtpData ------->   map[count:0 state:0 result:] 
[GIN] 2020/01/02 - 12:39:21 | 200 |    2.102365ms |  192.168.66.115 | POST     /getResult
[2020-01-02 12:39:22] 自開彩開獎  {202001020254 1 35 true} 
ConfigData  map[redisPassword:"" ip:192.168.88.181 poolname:FA_MEM port:3306 redisPort:6379 redisIp:192.168.88.119 redisDB:3 user:fa_db password:1qaz!QAZ database:FA_MEM charset:utf8]
SqlString  SELECT RTP,Amount,Bonus  FROM M_RtpSetting  WHERE Sid = 1   AND State = 1   AND LTG_Code = 1 AND Gid = 35
sqlResult   map[result: count:0 state:0]
[2020-01-02 12:39:22] rtpData ------->   map[result: count:0 state:0] 
[GIN] 2020/01/02 - 12:39:22 | 200 |    2.907085ms |  192.168.66.115 | POST     /getResult
[2020-01-02 12:39:23] 自開彩開獎  {202001020760 4 40 true} 
[2020-01-02 12:39:23] 自開彩開獎  {202001020760 5 38 true} 
ConfigData  map[poolname:FA_MEM password:1qaz!QAZ charset:utf8 redisIp:192.168.88.119 redisPassword:"" redisDB:3 ip:192.168.88.181 port:3306 user:fa_db database:FA_MEM redisPort:6379]
ConfigData  map[ip:192.168.88.181 poolname:FA_MEM user:fa_db database:FA_MEM charset:utf8 port:3306 password:1qaz!QAZ redisIp:192.168.88.119 redisPort:6379 redisPassword:"" redisDB:3]
SqlString  SELECT RTP,Amount,Bonus  FROM M_RtpSetting  WHERE Sid = 1   AND State = 1   AND LTG_Code = 5 AND Gid = 38
SqlString  SELECT RTP,Amount,Bonus  FROM M_RtpSetting  WHERE Sid = 1   AND State = 1   AND LTG_Code = 4 AND Gid = 40
sqlResult   map[result: count:0 state:0]
[2020-01-02 12:39:23] rtpData ------->   map[result: count:0 state:0] 
sqlResult   map[result: count:0 state:0]
[GIN] 2020/01/02 - 12:39:23 | 200 |    2.586995ms |  192.168.66.115 | POST     /getResult
[2020-01-02 12:39:23] rtpData ------->   map[result: count:0 state:0] 
[GIN] 2020/01/02 - 12:39:23 | 200 |    2.632575ms |  192.168.66.115 | POST     /getResult
[2020-01-02 12:39:23] 自開彩開獎  {202001020254 4 41 true} 
ConfigData  map[redisPassword:"" ip:192.168.88.181 port:3306 password:1qaz!QAZ charset:utf8 redisPort:6379 poolname:FA_MEM user:fa_db database:FA_MEM redisIp:192.168.88.119 redisDB:3]
SqlString  SELECT RTP,Amount,Bonus  FROM M_RtpSetting  WHERE Sid = 1   AND State = 1   AND LTG_Code = 4 AND Gid = 41
sqlResult   map[count:0 state:0 result:]
[2020-01-02 12:39:23] rtpData ------->   map[state:0 result: count:0] 
[GIN] 2020/01/02 - 12:39:23 | 200 |    2.230574ms |  192.168.66.115 | POST     /getResult
[2020-01-02 12:39:23] 自開彩開獎  {202001020760 6 36 true} 
ConfigData  map[database:FA_MEM redisPort:6379 charset:utf8 redisIp:192.168.88.119 redisPassword:"" ip:192.168.88.181 poolname:FA_MEM port:3306 user:fa_db password:1qaz!QAZ redisDB:3]
SqlString  SELECT RTP,Amount,Bonus  FROM M_RtpSetting  WHERE Sid = 1   AND State = 1   AND LTG_Code = 6 AND Gid = 36
sqlResult   map[count:0 state:0 result:]
[2020-01-02 12:39:23] rtpData ------->   map[result: count:0 state:0] 
[GIN] 2020/01/02 - 12:39:23 | 200 |    3.237428ms |  192.168.66.115 | POST     /getResult
[2020-01-02 12:39:24] 自開彩開獎  {202001020254 6 37 true} 
ConfigData  map[poolname:FA_MEM port:3306 user:fa_db password:1qaz!QAZ database:FA_MEM redisPassword:"" ip:192.168.88.181 charset:utf8 redisIp:192.168.88.119 redisPort:6379 redisDB:3]
SqlString  SELECT RTP,Amount,Bonus  FROM M_RtpSetting  WHERE Sid = 1   AND State = 1   AND LTG_Code = 6 AND Gid = 37
sqlResult   map[result: count:0 state:0]
[2020-01-02 12:39:24] rtpData ------->   map[result: count:0 state:0] 
[GIN] 2020/01/02 - 12:39:24 | 200 |     2.44492ms |  192.168.66.115 | POST     /getResult
[2020-01-02 12:39:27] 自開彩開獎  {202001020760 1 34 true} 
ConfigData  map[charset:utf8 redisPort:6379 redisPassword:"" poolname:FA_MEM password:1qaz!QAZ database:FA_MEM redisIp:192.168.88.119 redisDB:3 ip:192.168.88.181 port:3306 user:fa_db]
SqlString  SELECT RTP,Amount,Bonus  FROM M_RtpSetting  WHERE Sid = 1   AND State = 1   AND LTG_Code = 1 AND Gid = 34
sqlResult   map[result: count:0 state:0]
[2020-01-02 12:39:27] rtpData ------->   map[result: count:0 state:0] 
[GIN] 2020/01/02 - 12:39:27 | 200 |    3.144272ms |  192.168.66.115 | POST     /getResult
[2020-01-02 12:39:28] 自開彩開獎  {202001020254 1 35 true} 
ConfigData  map[database:FA_MEM password:1qaz!QAZ poolname:FA_MEM port:3306 user:fa_db charset:utf8 redisIp:192.168.88.119 redisPort:6379 redisPassword:"" ip:192.168.88.181 redisDB:3]
SqlString  SELECT RTP,Amount,Bonus  FROM M_RtpSetting  WHERE Sid = 1   AND State = 1   AND LTG_Code = 1 AND Gid = 35
sqlResult   map[result: count:0 state:0]
[2020-01-02 12:39:28] rtpData ------->   map[state:0 result: count:0] 
[GIN] 2020/01/02 - 12:39:28 | 200 |    2.638135ms |  192.168.66.115 | POST     /getResult
[2020-01-02 12:39:29] 自開彩開獎  {202001020760 4 40 true} 
[2020-01-02 12:39:29] 自開彩開獎  {202001020760 5 38 true} 
ConfigData  map[database:FA_MEM charset:utf8 redisDB:3 ip:192.168.88.181 poolname:FA_MEM user:fa_db password:1qaz!QAZ port:3306 redisIp:192.168.88.119 redisPort:6379 redisPassword:""]
SqlString  SELECT RTP,Amount,Bonus  FROM M_RtpSetting  WHERE Sid = 1   AND State = 1   AND LTG_Code = 5 AND Gid = 38
ConfigData  map[redisPassword:"" redisDB:3 poolname:FA_MEM user:fa_db password:1qaz!QAZ database:FA_MEM redisIp:192.168.88.119 redisPort:6379 ip:192.168.88.181 port:3306 charset:utf8]
SqlString  SELECT RTP,Amount,Bonus  FROM M_RtpSetting  WHERE Sid = 1   AND State = 1   AND LTG_Code = 4 AND Gid = 40
sqlResult   map[count:0 state:0 result:]
[2020-01-02 12:39:29] rtpData ------->   map[result: count:0 state:0] 
[GIN] 2020/01/02 - 12:39:29 | 200 |    2.798951ms |  192.168.66.115 | POST     /getResult
sqlResult   map[result: count:0 state:0]
[2020-01-02 12:39:29] rtpData ------->   map[result: count:0 state:0] 
[GIN] 2020/01/02 - 12:39:29 | 200 |    2.968291ms |  192.168.66.115 | POST     /getResult
[2020-01-02 12:39:29] 自開彩開獎  {202001020254 4 41 true} 
ConfigData  map[ip:192.168.88.181 poolname:FA_MEM password:1qaz!QAZ database:FA_MEM redisPort:6379 port:3306 user:fa_db charset:utf8 redisIp:192.168.88.119 redisPassword:"" redisDB:3]
SqlString  SELECT RTP,Amount,Bonus  FROM M_RtpSetting  WHERE Sid = 1   AND State = 1   AND LTG_Code = 4 AND Gid = 41
sqlResult   map[result: count:0 state:0]
[2020-01-02 12:39:29] rtpData ------->   map[result: count:0 state:0] 
[GIN] 2020/01/02 - 12:39:29 | 200 |    2.084917ms |  192.168.66.115 | POST     /getResult
[2020-01-02 12:39:29] 自開彩開獎  {202001020760 6 36 true} 
ConfigData  map[user:fa_db charset:utf8 redisIp:192.168.88.119 redisPassword:"" ip:192.168.88.181 port:3306 database:FA_MEM redisPort:6379 redisDB:3 poolname:FA_MEM password:1qaz!QAZ]
SqlString  SELECT RTP,Amount,Bonus  FROM M_RtpSetting  WHERE Sid = 1   AND State = 1   AND LTG_Code = 6 AND Gid = 36
sqlResult   map[count:0 state:0 result:]
[2020-01-02 12:39:29] rtpData ------->   map[result: count:0 state:0] 
[GIN] 2020/01/02 - 12:39:29 | 200 |    2.489449ms |  192.168.66.115 | POST     /getResult
[2020-01-02 12:39:30] 自開彩開獎  {202001020254 6 37 true} 
ConfigData  map[redisIp:192.168.88.119 user:fa_db password:1qaz!QAZ database:FA_MEM charset:utf8 redisPassword:"" redisDB:3 ip:192.168.88.181 poolname:FA_MEM port:3306 redisPort:6379]
SqlString  SELECT RTP,Amount,Bonus  FROM M_RtpSetting  WHERE Sid = 1   AND State = 1   AND LTG_Code = 6 AND Gid = 37
sqlResult   map[result: count:0 state:0]
[2020-01-02 12:39:30] rtpData ------->   map[result: count:0 state:0] 
[GIN] 2020/01/02 - 12:39:30 | 200 |    3.127159ms |  192.168.66.115 | POST     /getResult
[2020-01-02 12:39:33] 自開彩開獎  {202001020760 1 34 true} 
ConfigData  map[database:FA_MEM charset:utf8 redisPassword:"" ip:192.168.88.181 poolname:FA_MEM port:3306 user:fa_db password:1qaz!QAZ redisIp:192.168.88.119 redisPort:6379 redisDB:3]
SqlString  SELECT RTP,Amount,Bonus  FROM M_RtpSetting  WHERE Sid = 1   AND State = 1   AND LTG_Code = 1 AND Gid = 34
sqlResult   map[result: count:0 state:0]
[2020-01-02 12:39:33] rtpData ------->   map[state:0 result: count:0] 
[GIN] 2020/01/02 - 12:39:33 | 200 |    2.529821ms |  192.168.66.115 | POST     /getResult
[2020-01-02 12:39:34] 自開彩開獎  {202001020254 1 35 true} 
ConfigData  map[port:3306 password:1qaz!QAZ redisIp:192.168.88.119 redisPort:6379 redisPassword:"" ip:192.168.88.181 poolname:FA_MEM user:fa_db database:FA_MEM charset:utf8 redisDB:3]
SqlString  SELECT RTP,Amount,Bonus  FROM M_RtpSetting  WHERE Sid = 1   AND State = 1   AND LTG_Code = 1 AND Gid = 35
sqlResult   map[result: count:0 state:0]
[2020-01-02 12:39:34] rtpData ------->   map[state:0 result: count:0] 
[GIN] 2020/01/02 - 12:39:34 | 200 |    2.137636ms |  192.168.66.115 | POST     /getResult
[2020-01-02 12:39:35] 自開彩開獎  {202001020760 4 40 true} 
ConfigData  map[redisDB:3 ip:192.168.88.181 poolname:FA_MEM port:3306 user:fa_db redisIp:192.168.88.119 redisPort:6379 password:1qaz!QAZ database:FA_MEM charset:utf8 redisPassword:""]
SqlString  SELECT RTP,Amount,Bonus  FROM M_RtpSetting  WHERE Sid = 1   AND State = 1   AND LTG_Code = 4 AND Gid = 40
[2020-01-02 12:39:35] 自開彩開獎  {202001020760 5 38 true} 
ConfigData  map[ip:192.168.88.181 poolname:FA_MEM user:fa_db charset:utf8 redisPort:6379 redisPassword:"" port:3306 password:1qaz!QAZ database:FA_MEM redisIp:192.168.88.119 redisDB:3]
SqlString  SELECT RTP,Amount,Bonus  FROM M_RtpSetting  WHERE Sid = 1   AND State = 1   AND LTG_Code = 5 AND Gid = 38
sqlResult   map[count:0 state:0 result:]
[2020-01-02 12:39:35] rtpData ------->   map[count:0 state:0 result:] 
[GIN] 2020/01/02 - 12:39:35 | 200 |    2.937686ms |  192.168.66.115 | POST     /getResult
sqlResult   map[result: count:0 state:0]
[2020-01-02 12:39:35] rtpData ------->   map[result: count:0 state:0] 
[GIN] 2020/01/02 - 12:39:35 | 200 |    3.115913ms |  192.168.66.115 | POST     /getResult
[2020-01-02 12:39:35] 自開彩開獎  {202001020254 4 41 true} 
ConfigData  map[redisDB:3 user:fa_db password:1qaz!QAZ database:FA_MEM charset:utf8 redisPort:6379 ip:192.168.88.181 poolname:FA_MEM port:3306 redisIp:192.168.88.119 redisPassword:""]
SqlString  SELECT RTP,Amount,Bonus  FROM M_RtpSetting  WHERE Sid = 1   AND State = 1   AND LTG_Code = 4 AND Gid = 41
sqlResult   map[result: count:0 state:0]
[2020-01-02 12:39:35] rtpData ------->   map[result: count:0 state:0] 
[GIN] 2020/01/02 - 12:39:35 | 200 |    2.586544ms |  192.168.66.115 | POST     /getResult
[2020-01-02 12:39:35] 自開彩開獎  {202001020760 6 36 true} 
ConfigData  map[ip:192.168.88.181 poolname:FA_MEM database:FA_MEM redisPassword:"" redisPort:6379 redisDB:3 port:3306 user:fa_db password:1qaz!QAZ charset:utf8 redisIp:192.168.88.119]
SqlString  SELECT RTP,Amount,Bonus  FROM M_RtpSetting  WHERE Sid = 1   AND State = 1   AND LTG_Code = 6 AND Gid = 36
sqlResult   map[result: count:0 state:0]
[2020-01-02 12:39:35] rtpData ------->   map[result: count:0 state:0] 
[GIN] 2020/01/02 - 12:39:35 | 200 |    3.180998ms |  192.168.66.115 | POST     /getResult
[2020-01-02 12:39:36] 自開彩開獎  {202001020254 6 37 true} 
ConfigData  map[ip:192.168.88.181 port:3306 user:fa_db password:1qaz!QAZ redisPort:6379 redisPassword:"" poolname:FA_MEM database:FA_MEM charset:utf8 redisIp:192.168.88.119 redisDB:3]
SqlString  SELECT RTP,Amount,Bonus  FROM M_RtpSetting  WHERE Sid = 1   AND State = 1   AND LTG_Code = 6 AND Gid = 37
sqlResult   map[result: count:0 state:0]
[2020-01-02 12:39:36] rtpData ------->   map[count:0 state:0 result:] 
[GIN] 2020/01/02 - 12:39:36 | 200 |    2.215086ms |  192.168.66.115 | POST     /getResult
[2020-01-02 12:39:39] 自開彩開獎  {202001020760 1 34 true} 
ConfigData  map[poolname:FA_MEM port:3306 database:FA_MEM redisPassword:"" redisDB:3 ip:192.168.88.181 user:fa_db password:1qaz!QAZ charset:utf8 redisIp:192.168.88.119 redisPort:6379]
SqlString  SELECT RTP,Amount,Bonus  FROM M_RtpSetting  WHERE Sid = 1   AND State = 1   AND LTG_Code = 1 AND Gid = 34
sqlResult   map[result: count:0 state:0]
[2020-01-02 12:39:39] rtpData ------->   map[result: count:0 state:0] 
[GIN] 2020/01/02 - 12:39:39 | 200 |    2.522045ms |  192.168.66.115 | POST     /getResult
[2020-01-02 12:39:40] 自開彩開獎  {202001020254 1 35 true} 
ConfigData  map[redisPassword:"" redisDB:3 ip:192.168.88.181 port:3306 user:fa_db charset:utf8 redisPort:6379 poolname:FA_MEM password:1qaz!QAZ database:FA_MEM redisIp:192.168.88.119]
SqlString  SELECT RTP,Amount,Bonus  FROM M_RtpSetting  WHERE Sid = 1   AND State = 1   AND LTG_Code = 1 AND Gid = 35
sqlResult   map[count:0 state:0 result:]
[2020-01-02 12:39:40] rtpData ------->   map[result: count:0 state:0] 
[GIN] 2020/01/02 - 12:39:40 | 200 |    2.839599ms |  192.168.66.115 | POST     /getResult
[2020-01-02 12:39:41] 自開彩開獎  {202001020760 5 38 true} 
ConfigData  map[redisPort:6379 ip:192.168.88.181 port:3306 user:fa_db charset:utf8 redisIp:192.168.88.119 poolname:FA_MEM password:1qaz!QAZ database:FA_MEM redisPassword:"" redisDB:3]
SqlString  SELECT RTP,Amount,Bonus  FROM M_RtpSetting  WHERE Sid = 1   AND State = 1   AND LTG_Code = 5 AND Gid = 38
[2020-01-02 12:39:41] 自開彩開獎  {202001020760 4 40 true} 
ConfigData  map[user:fa_db password:1qaz!QAZ ip:192.168.88.181 poolname:FA_MEM port:3306 database:FA_MEM charset:utf8 redisIp:192.168.88.119 redisPort:6379 redisPassword:"" redisDB:3]
SqlString  SELECT RTP,Amount,Bonus  FROM M_RtpSetting  WHERE Sid = 1   AND State = 1   AND LTG_Code = 4 AND Gid = 40
sqlResult   map[result: count:0 state:0]
[2020-01-02 12:39:41] rtpData ------->   map[result: count:0 state:0] 
[GIN] 2020/01/02 - 12:39:41 | 200 |    1.863301ms |  192.168.66.115 | POST     /getResult
sqlResult   map[result: count:0 state:0]
[2020-01-02 12:39:41] rtpData ------->   map[result: count:0 state:0] 
[GIN] 2020/01/02 - 12:39:41 | 200 |    2.480825ms |  192.168.66.115 | POST     /getResult
[2020-01-02 12:39:41] 自開彩開獎  {202001020254 4 41 true} 
ConfigData  map[ip:192.168.88.181 poolname:FA_MEM port:3306 user:fa_db password:1qaz!QAZ redisPassword:"" redisDB:3 database:FA_MEM charset:utf8 redisIp:192.168.88.119 redisPort:6379]
SqlString  SELECT RTP,Amount,Bonus  FROM M_RtpSetting  WHERE Sid = 1   AND State = 1   AND LTG_Code = 4 AND Gid = 41
sqlResult   map[result: count:0 state:0]
[2020-01-02 12:39:41] rtpData ------->   map[count:0 state:0 result:] 
[GIN] 2020/01/02 - 12:39:41 | 200 |     2.14024ms |  192.168.66.115 | POST     /getResult
[2020-01-02 12:39:41] 自開彩開獎  {202001020760 6 36 true} 
ConfigData  map[ip:192.168.88.181 user:fa_db charset:utf8 redisIp:192.168.88.119 redisPort:6379 redisDB:3 poolname:FA_MEM port:3306 password:1qaz!QAZ database:FA_MEM redisPassword:""]
SqlString  SELECT RTP,Amount,Bonus  FROM M_RtpSetting  WHERE Sid = 1   AND State = 1   AND LTG_Code = 6 AND Gid = 36
sqlResult   map[result: count:0 state:0]
[2020-01-02 12:39:41] rtpData ------->   map[state:0 result: count:0] 
[GIN] 2020/01/02 - 12:39:41 | 200 |    2.694043ms |  192.168.66.115 | POST     /getResult
[2020-01-02 12:39:42] 自開彩開獎  {202001020254 6 37 true} 
ConfigData  map[ip:192.168.88.181 port:3306 password:1qaz!QAZ charset:utf8 redisPassword:"" redisDB:3 poolname:FA_MEM user:fa_db database:FA_MEM redisIp:192.168.88.119 redisPort:6379]
SqlString  SELECT RTP,Amount,Bonus  FROM M_RtpSetting  WHERE Sid = 1   AND State = 1   AND LTG_Code = 6 AND Gid = 37
sqlResult   map[result: count:0 state:0]
[2020-01-02 12:39:42] rtpData ------->   map[result: count:0 state:0] 
[GIN] 2020/01/02 - 12:39:42 | 200 |     2.89615ms |  192.168.66.115 | POST     /getResult
[2020-01-02 12:39:45] 自開彩開獎  {202001020760 1 34 true} 
ConfigData  map[poolname:FA_MEM database:FA_MEM charset:utf8 redisIp:192.168.88.119 redisPort:6379 redisPassword:"" redisDB:3 ip:192.168.88.181 port:3306 user:fa_db password:1qaz!QAZ]
SqlString  SELECT RTP,Amount,Bonus  FROM M_RtpSetting  WHERE Sid = 1   AND State = 1   AND LTG_Code = 1 AND Gid = 34
sqlResult   map[result: count:0 state:0]
[2020-01-02 12:39:45] rtpData ------->   map[result: count:0 state:0] 
[GIN] 2020/01/02 - 12:39:45 | 200 |    2.461234ms |  192.168.66.115 | POST     /getResult
[2020-01-02 12:39:46] 自開彩開獎  {202001020254 1 35 true} 
ConfigData  map[ip:192.168.88.181 port:3306 user:fa_db charset:utf8 redisPort:6379 poolname:FA_MEM password:1qaz!QAZ database:FA_MEM redisIp:192.168.88.119 redisPassword:"" redisDB:3]
SqlString  SELECT RTP,Amount,Bonus  FROM M_RtpSetting  WHERE Sid = 1   AND State = 1   AND LTG_Code = 1 AND Gid = 35
sqlResult   map[count:0 state:0 result:]
[2020-01-02 12:39:46] rtpData ------->   map[result: count:0 state:0] 
[GIN] 2020/01/02 - 12:39:46 | 200 |    2.907096ms |  192.168.66.115 | POST     /getResult
[2020-01-02 12:39:47] 自開彩開獎  {202001020760 5 38 true} 
ConfigData  map[ip:192.168.88.181 port:3306 password:1qaz!QAZ database:FA_MEM charset:utf8 redisPassword:"" poolname:FA_MEM user:fa_db redisIp:192.168.88.119 redisPort:6379 redisDB:3]
SqlString  SELECT RTP,Amount,Bonus  FROM M_RtpSetting  WHERE Sid = 1   AND State = 1   AND LTG_Code = 5 AND Gid = 38
[2020-01-02 12:39:47] 自開彩開獎  {202001020760 4 40 true} 
ConfigData  map[redisPort:6379 redisPassword:"" user:fa_db password:1qaz!QAZ database:FA_MEM charset:utf8 redisIp:192.168.88.119 redisDB:3 ip:192.168.88.181 poolname:FA_MEM port:3306]
SqlString  SELECT RTP,Amount,Bonus  FROM M_RtpSetting  WHERE Sid = 1   AND State = 1   AND LTG_Code = 4 AND Gid = 40
sqlResult   map[result: count:0 state:0]
[2020-01-02 12:39:47] rtpData ------->   map[result: count:0 state:0] 
[GIN] 2020/01/02 - 12:39:47 | 200 |    3.296262ms |  192.168.66.115 | POST     /getResult
sqlResult   map[result: count:0 state:0]
[2020-01-02 12:39:47] rtpData ------->   map[result: count:0 state:0] 
[GIN] 2020/01/02 - 12:39:47 | 200 |    3.604546ms |  192.168.66.115 | POST     /getResult
[2020-01-02 12:39:47] 自開彩開獎  {202001020254 4 41 true} 
ConfigData  map[user:fa_db password:1qaz!QAZ redisPassword:"" redisDB:3 charset:utf8 redisIp:192.168.88.119 redisPort:6379 ip:192.168.88.181 poolname:FA_MEM port:3306 database:FA_MEM]
SqlString  SELECT RTP,Amount,Bonus  FROM M_RtpSetting  WHERE Sid = 1   AND State = 1   AND LTG_Code = 4 AND Gid = 41
sqlResult   map[result: count:0 state:0]
[2020-01-02 12:39:47] rtpData ------->   map[result: count:0 state:0] 
[GIN] 2020/01/02 - 12:39:47 | 200 |    2.124491ms |  192.168.66.115 | POST     /getResult
[2020-01-02 12:39:47] 自開彩開獎  {202001020760 6 36 true} 
ConfigData  map[poolname:FA_MEM port:3306 user:fa_db redisIp:192.168.88.119 redisPort:6379 redisPassword:"" redisDB:3 ip:192.168.88.181 password:1qaz!QAZ database:FA_MEM charset:utf8]
SqlString  SELECT RTP,Amount,Bonus  FROM M_RtpSetting  WHERE Sid = 1   AND State = 1   AND LTG_Code = 6 AND Gid = 36
sqlResult   map[result: count:0 state:0]
[2020-01-02 12:39:47] rtpData ------->   map[count:0 state:0 result:] 
[GIN] 2020/01/02 - 12:39:47 | 200 |    2.748394ms |  192.168.66.115 | POST     /getResult
[2020-01-02 12:39:48] 自開彩開獎  {202001020254 6 37 true} 
ConfigData  map[ip:192.168.88.181 user:fa_db password:1qaz!QAZ redisPort:6379 redisDB:3 poolname:FA_MEM port:3306 database:FA_MEM charset:utf8 redisIp:192.168.88.119 redisPassword:""]
SqlString  SELECT RTP,Amount,Bonus  FROM M_RtpSetting  WHERE Sid = 1   AND State = 1   AND LTG_Code = 6 AND Gid = 37
sqlResult   map[result: count:0 state:0]
[2020-01-02 12:39:48] rtpData ------->   map[result: count:0 state:0] 
[GIN] 2020/01/02 - 12:39:48 | 200 |    2.394698ms |  192.168.66.115 | POST     /getResult
[2020-01-02 12:39:51] 自開彩開獎  {202001020760 1 34 true} 
ConfigData  map[ip:192.168.88.181 port:3306 password:1qaz!QAZ charset:utf8 redisPassword:"" redisDB:3 poolname:FA_MEM user:fa_db database:FA_MEM redisIp:192.168.88.119 redisPort:6379]
SqlString  SELECT RTP,Amount,Bonus  FROM M_RtpSetting  WHERE Sid = 1   AND State = 1   AND LTG_Code = 1 AND Gid = 34
sqlResult   map[result: count:0 state:0]
[2020-01-02 12:39:51] rtpData ------->   map[count:0 state:0 result:] 
[GIN] 2020/01/02 - 12:39:51 | 200 |    2.631365ms |  192.168.66.115 | POST     /getResult
[2020-01-02 12:39:52] 自開彩開獎  {202001020254 1 35 true} 
ConfigData  map[redisPort:6379 redisDB:3 port:3306 password:1qaz!QAZ user:fa_db database:FA_MEM charset:utf8 redisIp:192.168.88.119 redisPassword:"" ip:192.168.88.181 poolname:FA_MEM]
SqlString  SELECT RTP,Amount,Bonus  FROM M_RtpSetting  WHERE Sid = 1   AND State = 1   AND LTG_Code = 1 AND Gid = 35
sqlResult   map[result: count:0 state:0]
[2020-01-02 12:39:52] rtpData ------->   map[result: count:0 state:0] 
[GIN] 2020/01/02 - 12:39:52 | 200 |    2.440204ms |  192.168.66.115 | POST     /getResult
[2020-01-02 12:39:53] 自開彩開獎  {202001020760 5 38 true} 
ConfigData  map[port:3306 user:fa_db password:1qaz!QAZ database:FA_MEM charset:utf8 redisPassword:"" ip:192.168.88.181 redisIp:192.168.88.119 redisPort:6379 redisDB:3 poolname:FA_MEM]
SqlString  SELECT RTP,Amount,Bonus  FROM M_RtpSetting  WHERE Sid = 1   AND State = 1   AND LTG_Code = 5 AND Gid = 38
[2020-01-02 12:39:53] 自開彩開獎  {202001020760 4 40 true} 
ConfigData  map[poolname:FA_MEM database:FA_MEM charset:utf8 redisIp:192.168.88.119 redisDB:3 ip:192.168.88.181 port:3306 user:fa_db password:1qaz!QAZ redisPort:6379 redisPassword:""]
SqlString  SELECT RTP,Amount,Bonus  FROM M_RtpSetting  WHERE Sid = 1   AND State = 1   AND LTG_Code = 4 AND Gid = 40
sqlResult   map[count:0 state:0 result:]
[2020-01-02 12:39:53] rtpData ------->   map[count:0 state:0 result:] 
[GIN] 2020/01/02 - 12:39:53 | 200 |    3.298682ms |  192.168.66.115 | POST     /getResult
sqlResult   map[result: count:0 state:0]
[2020-01-02 12:39:53] rtpData ------->   map[count:0 state:0 result:] 
[GIN] 2020/01/02 - 12:39:53 | 200 |    2.418808ms |  192.168.66.115 | POST     /getResult
[2020-01-02 12:39:53] 自開彩開獎  {202001020254 4 41 true} 
ConfigData  map[port:3306 database:FA_MEM redisPort:6379 redisDB:3 redisPassword:"" ip:192.168.88.181 poolname:FA_MEM user:fa_db password:1qaz!QAZ charset:utf8 redisIp:192.168.88.119]
SqlString  SELECT RTP,Amount,Bonus  FROM M_RtpSetting  WHERE Sid = 1   AND State = 1   AND LTG_Code = 4 AND Gid = 41
sqlResult   map[state:0 result: count:0]
[2020-01-02 12:39:53] rtpData ------->   map[result: count:0 state:0] 
[GIN] 2020/01/02 - 12:39:53 | 200 |    1.949583ms |  192.168.66.115 | POST     /getResult
[2020-01-02 12:39:53] 自開彩開獎  {202001020760 6 36 true} 
ConfigData  map[ip:192.168.88.181 port:3306 user:fa_db redisPort:6379 redisDB:3 redisPassword:"" poolname:FA_MEM password:1qaz!QAZ database:FA_MEM charset:utf8 redisIp:192.168.88.119]
SqlString  SELECT RTP,Amount,Bonus  FROM M_RtpSetting  WHERE Sid = 1   AND State = 1   AND LTG_Code = 6 AND Gid = 36
sqlResult   map[result: count:0 state:0]
[2020-01-02 12:39:53] rtpData ------->   map[state:0 result: count:0] 
[GIN] 2020/01/02 - 12:39:53 | 200 |    2.708438ms |  192.168.66.115 | POST     /getResult
[2020-01-02 12:39:54] 自開彩開獎  {202001020254 6 37 true} 
ConfigData  map[charset:utf8 redisIp:192.168.88.119 redisPort:6379 ip:192.168.88.181 poolname:FA_MEM port:3306 database:FA_MEM user:fa_db password:1qaz!QAZ redisPassword:"" redisDB:3]
SqlString  SELECT RTP,Amount,Bonus  FROM M_RtpSetting  WHERE Sid = 1   AND State = 1   AND LTG_Code = 6 AND Gid = 37
sqlResult   map[result: count:0 state:0]
[2020-01-02 12:39:54] rtpData ------->   map[result: count:0 state:0] 
[GIN] 2020/01/02 - 12:39:54 | 200 |    2.747152ms |  192.168.66.115 | POST     /getResult
[2020-01-02 12:39:57] 自開彩開獎  {202001020760 1 34 true} 
ConfigData  map[port:3306 user:fa_db password:1qaz!QAZ charset:utf8 redisPort:6379 redisDB:3 ip:192.168.88.181 poolname:FA_MEM database:FA_MEM redisIp:192.168.88.119 redisPassword:""]
SqlString  SELECT RTP,Amount,Bonus  FROM M_RtpSetting  WHERE Sid = 1   AND State = 1   AND LTG_Code = 1 AND Gid = 34
sqlResult   map[result: count:0 state:0]
[2020-01-02 12:39:57] rtpData ------->   map[result: count:0 state:0] 
[GIN] 2020/01/02 - 12:39:57 | 200 |    2.608202ms |  192.168.66.115 | POST     /getResult
[2020-01-02 12:39:58] 自開彩開獎  {202001020254 1 35 true} 
ConfigData  map[user:fa_db password:1qaz!QAZ charset:utf8 redisPort:6379 redisPassword:"" ip:192.168.88.181 port:3306 redisIp:192.168.88.119 redisDB:3 poolname:FA_MEM database:FA_MEM]
SqlString  SELECT RTP,Amount,Bonus  FROM M_RtpSetting  WHERE Sid = 1   AND State = 1   AND LTG_Code = 1 AND Gid = 35
sqlResult   map[result: count:0 state:0]
[2020-01-02 12:39:58] rtpData ------->   map[result: count:0 state:0] 
[GIN] 2020/01/02 - 12:39:58 | 200 |    2.532222ms |  192.168.66.115 | POST     /getResult
[2020-01-02 12:39:59] 自開彩開獎  {202001020760 5 38 true} 
[2020-01-02 12:39:59] 自開彩開獎  {202001020760 4 40 true} 
ConfigData  map[ip:192.168.88.181 poolname:FA_MEM database:FA_MEM charset:utf8 redisPassword:"" redisDB:3 port:3306 user:fa_db password:1qaz!QAZ redisIp:192.168.88.119 redisPort:6379]
SqlString  SELECT RTP,Amount,Bonus  FROM M_RtpSetting  WHERE Sid = 1   AND State = 1   AND LTG_Code = 4 AND Gid = 40
ConfigData  map[ip:192.168.88.181 user:fa_db redisPort:6379 redisPassword:"" redisDB:3 poolname:FA_MEM port:3306 password:1qaz!QAZ database:FA_MEM charset:utf8 redisIp:192.168.88.119]
SqlString  SELECT RTP,Amount,Bonus  FROM M_RtpSetting  WHERE Sid = 1   AND State = 1   AND LTG_Code = 5 AND Gid = 38
sqlResult   map[result: count:0 state:0]
[2020-01-02 12:39:59] rtpData ------->   map[result: count:0 state:0] 
[GIN] 2020/01/02 - 12:39:59 | 200 |    2.871817ms |  192.168.66.115 | POST     /getResult
sqlResult   map[count:0 state:0 result:]
[2020-01-02 12:39:59] rtpData ------->   map[result: count:0 state:0] 
[GIN] 2020/01/02 - 12:39:59 | 200 |    2.923984ms |  192.168.66.115 | POST     /getResult
[2020-01-02 12:39:59] 自開彩開獎  {202001020254 4 41 true} 
ConfigData  map[ip:192.168.88.181 poolname:FA_MEM password:1qaz!QAZ database:FA_MEM redisIp:192.168.88.119 redisPassword:"" redisDB:3 port:3306 user:fa_db charset:utf8 redisPort:6379]
SqlString  SELECT RTP,Amount,Bonus  FROM M_RtpSetting  WHERE Sid = 1   AND State = 1   AND LTG_Code = 4 AND Gid = 41
sqlResult   map[result: count:0 state:0]
[2020-01-02 12:39:59] rtpData ------->   map[count:0 state:0 result:] 
[GIN] 2020/01/02 - 12:39:59 | 200 |     2.09019ms |  192.168.66.115 | POST     /getResult
[2020-01-02 12:39:59] 自開彩開獎  {202001020760 6 36 true} 
ConfigData  map[poolname:FA_MEM port:3306 redisDB:3 redisIp:192.168.88.119 redisPort:6379 redisPassword:"" ip:192.168.88.181 user:fa_db password:1qaz!QAZ database:FA_MEM charset:utf8]
SqlString  SELECT RTP,Amount,Bonus  FROM M_RtpSetting  WHERE Sid = 1   AND State = 1   AND LTG_Code = 6 AND Gid = 36
sqlResult   map[result: count:0 state:0]
[2020-01-02 12:39:59] rtpData ------->   map[result: count:0 state:0] 
[GIN] 2020/01/02 - 12:39:59 | 200 |    2.778765ms |  192.168.66.115 | POST     /getResult
[2020-01-02 12:40:00] 自開彩開獎  {202001020254 6 37 true} 
ConfigData  map[redisPassword:"" ip:192.168.88.181 password:1qaz!QAZ database:FA_MEM charset:utf8 redisIp:192.168.88.119 redisPort:6379 poolname:FA_MEM port:3306 user:fa_db redisDB:3]
SqlString  SELECT RTP,Amount,Bonus  FROM M_RtpSetting  WHERE Sid = 1   AND State = 1   AND LTG_Code = 6 AND Gid = 37
sqlResult   map[result: count:0 state:0]
[2020-01-02 12:40:00] rtpData ------->   map[result: count:0 state:0] 
[GIN] 2020/01/02 - 12:40:00 | 200 |    1.654749ms |  192.168.66.115 | POST     /getResult
[2020-01-02 12:40:01] 自開彩開獎  {202001020153 5 39 true} 
ConfigData  map[redisIp:192.168.88.119 redisDB:3 ip:192.168.88.181 poolname:FA_MEM database:FA_MEM charset:utf8 redisPassword:"" port:3306 user:fa_db password:1qaz!QAZ redisPort:6379]
SqlString  SELECT RTP,Amount,Bonus  FROM M_RtpSetting  WHERE Sid = 1   AND State = 1   AND LTG_Code = 5 AND Gid = 39
sqlResult   map[count:0 state:0 result:]
[2020-01-02 12:40:01] rtpData ------->   map[count:0 state:0 result:] 
[GIN] 2020/01/02 - 12:40:01 | 200 |    2.460922ms |  192.168.66.115 | POST     /getResult
[2020-01-02 12:40:01] 自開彩開獎  {202001020761 2 26 true} 
[2020-01-02 12:40:01] 自開彩開獎  {20200102153 2 28 true} 
ConfigData  map[poolname:FA_MEM user:fa_db password:1qaz!QAZ charset:utf8 redisIp:192.168.88.119 redisPort:6379 ip:192.168.88.181 port:3306 database:FA_MEM redisPassword:"" redisDB:3]
SqlString  SELECT RTP,Amount,Bonus  FROM M_RtpSetting  WHERE Sid = 1   AND State = 1   AND LTG_Code = 2 AND Gid = 26
ConfigData  map[user:fa_db password:1qaz!QAZ charset:utf8 redisPassword:"" poolname:FA_MEM port:3306 redisIp:192.168.88.119 redisPort:6379 redisDB:3 ip:192.168.88.181 database:FA_MEM]
SqlString  SELECT RTP,Amount,Bonus  FROM M_RtpSetting  WHERE Sid = 1   AND State = 1   AND LTG_Code = 2 AND Gid = 28
sqlResult   map[amount:234518 bonus:161148.41 result:0.9600 count:1 state:1]
[2020-01-02 12:40:01] rtpData ------->   map[result:0.9600 count:1 state:1 amount:234518 bonus:161148.41] 
sqlResult   map[result:0.9600 count:1 state:1 amount:1.0069588e+06 bonus:908100.71]
ConfigData  map[password:1qaz!QAZ charset:utf8 redisIp:192.168.88.119 redisPort:6379 ip:192.168.88.181 poolname:FA_MEM port:3306 redisDB:3 user:fa_db database:FA_MEM redisPassword:""]
SELECT BO_No, BO_OrderNo , BO_User , BO_Issue  , BO_LotteryTypeGroup, BO_LotteryType, BO_Mode, BO_LotteryPlayGroup, BO_LotteryPlay , BO_LotteryContent, BO_Price, BO_RealPrice, BO_Unit, BO_Multiple , BO_BetCount  , BO_Winnings, BO_Winnings2, BO_Winnings3, BO_WinningLimit  , BO_Water , BO_BW_SourceUserId, BO_BW_BackWater, BO_BW_LimitBetCount, BO_BW_MaxAmount, BO_BW_AuditMultiple  , BO_Odds, BO_Odds2, BO_Odds3 , BO_Type, BO_Chase , BO_OpenResult, BO_OpenResult2, BO_DateDraw, BO_DateDraw2, BO_DateUpdate  FROM TS_BetOrder  WHERE BO_Cancel = 0   AND BO_CancelBackend = 0   AND BO_LotteryTypeGroup = 2 AND BO_LotteryType = 28 AND BO_Issue = 20200102153 AND BO_Collect = 0 ORDER BY BO_DateDraw ASC, BO_DateCreate ASC, BO_DateUpdate ASC, BO_No ASC ;
[2020-01-02 12:40:01] rtpData ------->   map[amount:1.0069588e+06 bonus:908100.71 result:0.9600 count:1 state:1] 
ConfigData  map[redisDB:3 poolname:FA_MEM port:3306 database:FA_MEM charset:utf8 redisIp:192.168.88.119 ip:192.168.88.181 user:fa_db password:1qaz!QAZ redisPort:6379 redisPassword:""]
SELECT BO_No, BO_OrderNo , BO_User , BO_Issue  , BO_LotteryTypeGroup, BO_LotteryType, BO_Mode, BO_LotteryPlayGroup, BO_LotteryPlay , BO_LotteryContent, BO_Price, BO_RealPrice, BO_Unit, BO_Multiple , BO_BetCount  , BO_Winnings, BO_Winnings2, BO_Winnings3, BO_WinningLimit  , BO_Water , BO_BW_SourceUserId, BO_BW_BackWater, BO_BW_LimitBetCount, BO_BW_MaxAmount, BO_BW_AuditMultiple  , BO_Odds, BO_Odds2, BO_Odds3 , BO_Type, BO_Chase , BO_OpenResult, BO_OpenResult2, BO_DateDraw, BO_DateDraw2, BO_DateUpdate  FROM TS_BetOrder  WHERE BO_Cancel = 0   AND BO_CancelBackend = 0   AND BO_LotteryTypeGroup = 2 AND BO_LotteryType = 26 AND BO_Issue = 202001020761 AND BO_Collect = 0 ORDER BY BO_DateDraw ASC, BO_DateCreate ASC, BO_DateUpdate ASC, BO_No ASC ;
[2020-01-02 12:40:01] LottteryTypeGroup 2 
[2020-01-02 12:40:01] 有期號 但無注單 -------> map[thisOpenResult:[5 9 5 6 0] amount:0 bonus:0] 
[GIN] 2020/01/02 - 12:40:01 | 200 |    4.724209ms |  192.168.66.115 | POST     /getResult
[2020-01-02 12:40:01] LottteryTypeGroup 2 
[2020-01-02 12:40:01] 有期號 但無注單 -------> map[thisOpenResult:[0 8 3 7 5] amount:0 bonus:0] 
[GIN] 2020/01/02 - 12:40:01 | 200 |    5.465866ms |  192.168.66.115 | POST     /getResult
[2020-01-02 12:40:03] 自開彩開獎  {202001020760 1 34 true} 
ConfigData  map[port:3306 database:FA_MEM charset:utf8 redisIp:192.168.88.119 redisPassword:"" redisDB:3 ip:192.168.88.181 poolname:FA_MEM user:fa_db password:1qaz!QAZ redisPort:6379]
SqlString  SELECT RTP,Amount,Bonus  FROM M_RtpSetting  WHERE Sid = 1   AND State = 1   AND LTG_Code = 1 AND Gid = 34
sqlResult   map[state:0 result: count:0]
[2020-01-02 12:40:03] rtpData ------->   map[result: count:0 state:0] 
[GIN] 2020/01/02 - 12:40:03 | 200 |    2.324881ms |  192.168.66.115 | POST     /getResult
[2020-01-02 12:40:04] 自開彩開獎  {202001020254 1 35 true} 
ConfigData  map[user:fa_db password:1qaz!QAZ database:FA_MEM ip:192.168.88.181 port:3306 redisIp:192.168.88.119 redisPort:6379 redisPassword:"" redisDB:3 poolname:FA_MEM charset:utf8]
SqlString  SELECT RTP,Amount,Bonus  FROM M_RtpSetting  WHERE Sid = 1   AND State = 1   AND LTG_Code = 1 AND Gid = 35
sqlResult   map[result: count:0 state:0]
[2020-01-02 12:40:04] rtpData ------->   map[result: count:0 state:0] 
[GIN] 2020/01/02 - 12:40:04 | 200 |    2.620488ms |  192.168.66.115 | POST     /getResult
[2020-01-02 12:40:05] 自開彩開獎  {202001020760 5 38 true} 
ConfigData  map[poolname:FA_MEM port:3306 password:1qaz!QAZ database:FA_MEM charset:utf8 redisPassword:"" redisDB:3 ip:192.168.88.181 user:fa_db redisIp:192.168.88.119 redisPort:6379]
SqlString  SELECT RTP,Amount,Bonus  FROM M_RtpSetting  WHERE Sid = 1   AND State = 1   AND LTG_Code = 5 AND Gid = 38
[2020-01-02 12:40:05] 自開彩開獎  {202001020760 4 40 true} 
ConfigData  map[poolname:FA_MEM password:1qaz!QAZ charset:utf8 redisIp:192.168.88.119 redisPort:6379 redisPassword:"" ip:192.168.88.181 port:3306 user:fa_db database:FA_MEM redisDB:3]
SqlString  SELECT RTP,Amount,Bonus  FROM M_RtpSetting  WHERE Sid = 1   AND State = 1   AND LTG_Code = 4 AND Gid = 40
sqlResult   map[result: count:0 state:0]
[2020-01-02 12:40:05] rtpData ------->   map[result: count:0 state:0] 
[GIN] 2020/01/02 - 12:40:05 | 200 |    2.648723ms |  192.168.66.115 | POST     /getResult
sqlResult   map[result: count:0 state:0]
[2020-01-02 12:40:05] rtpData ------->   map[result: count:0 state:0] 
[GIN] 2020/01/02 - 12:40:05 | 200 |    3.385169ms |  192.168.66.115 | POST     /getResult
[2020-01-02 12:40:05] 自開彩開獎  {202001020254 4 41 true} 
ConfigData  map[ip:192.168.88.181 poolname:FA_MEM redisIp:192.168.88.119 redisPassword:"" redisDB:3 port:3306 user:fa_db password:1qaz!QAZ database:FA_MEM charset:utf8 redisPort:6379]
SqlString  SELECT RTP,Amount,Bonus  FROM M_RtpSetting  WHERE Sid = 1   AND State = 1   AND LTG_Code = 4 AND Gid = 41
sqlResult   map[result: count:0 state:0]
[2020-01-02 12:40:05] rtpData ------->   map[result: count:0 state:0] 
[GIN] 2020/01/02 - 12:40:05 | 200 |    2.733933ms |  192.168.66.115 | POST     /getResult
[2020-01-02 12:40:05] 自開彩開獎  {202001020760 6 36 true} 
ConfigData  map[database:FA_MEM redisPort:6379 poolname:FA_MEM port:3306 password:1qaz!QAZ charset:utf8 redisIp:192.168.88.119 redisPassword:"" redisDB:3 ip:192.168.88.181 user:fa_db]
SqlString  SELECT RTP,Amount,Bonus  FROM M_RtpSetting  WHERE Sid = 1   AND State = 1   AND LTG_Code = 6 AND Gid = 36
sqlResult   map[result: count:0 state:0]
[2020-01-02 12:40:05] rtpData ------->   map[result: count:0 state:0] 
[GIN] 2020/01/02 - 12:40:05 | 200 |    2.223156ms |  192.168.66.115 | POST     /getResult
[2020-01-02 12:40:07] 自開彩開獎  {202001020153 5 39 true} 
ConfigData  map[poolname:FA_MEM port:3306 user:fa_db database:FA_MEM charset:utf8 ip:192.168.88.181 password:1qaz!QAZ redisIp:192.168.88.119 redisPort:6379 redisPassword:"" redisDB:3]
SqlString  SELECT RTP,Amount,Bonus  FROM M_RtpSetting  WHERE Sid = 1   AND State = 1   AND LTG_Code = 5 AND Gid = 39
sqlResult   map[result: count:0 state:0]
[2020-01-02 12:40:07] rtpData ------->   map[result: count:0 state:0] 
[GIN] 2020/01/02 - 12:40:07 | 200 |    3.271636ms |  192.168.66.115 | POST     /getResult
[2020-01-02 12:40:09] 自開彩開獎  {202001020761 1 34 true} 
ConfigData  map[user:fa_db database:FA_MEM redisPassword:"" ip:192.168.88.181 poolname:FA_MEM port:3306 password:1qaz!QAZ charset:utf8 redisIp:192.168.88.119 redisPort:6379 redisDB:3]
SqlString  SELECT RTP,Amount,Bonus  FROM M_RtpSetting  WHERE Sid = 1   AND State = 1   AND LTG_Code = 1 AND Gid = 34
sqlResult   map[result: count:0 state:0]
[2020-01-02 12:40:09] rtpData ------->   map[result: count:0 state:0] 
[GIN] 2020/01/02 - 12:40:09 | 200 |    2.430414ms |  192.168.66.115 | POST     /getResult
[2020-01-02 12:40:10] 自開彩開獎  {202001020254 1 35 true} 
ConfigData  map[ip:192.168.88.181 poolname:FA_MEM redisDB:3 charset:utf8 redisIp:192.168.88.119 redisPort:6379 redisPassword:"" port:3306 user:fa_db password:1qaz!QAZ database:FA_MEM]
SqlString  SELECT RTP,Amount,Bonus  FROM M_RtpSetting  WHERE Sid = 1   AND State = 1   AND LTG_Code = 1 AND Gid = 35
sqlResult   map[result: count:0 state:0]
[2020-01-02 12:40:10] rtpData ------->   map[result: count:0 state:0] 
[GIN] 2020/01/02 - 12:40:10 | 200 |    3.303665ms |  192.168.66.115 | POST     /getResult
[2020-01-02 12:40:11] 自開彩開獎  {202001020761 5 38 true} 
ConfigData  map[ip:192.168.88.181 port:3306 password:1qaz!QAZ database:FA_MEM redisIp:192.168.88.119 redisPassword:"" redisDB:3 poolname:FA_MEM user:fa_db charset:utf8 redisPort:6379]
SqlString  SELECT RTP,Amount,Bonus  FROM M_RtpSetting  WHERE Sid = 1   AND State = 1   AND LTG_Code = 5 AND Gid = 38
[2020-01-02 12:40:11] 自開彩開獎  {202001020761 4 40 true} 
ConfigData  map[redisPort:6379 redisPassword:"" ip:192.168.88.181 poolname:FA_MEM port:3306 password:1qaz!QAZ database:FA_MEM redisIp:192.168.88.119 user:fa_db charset:utf8 redisDB:3]
SqlString  SELECT RTP,Amount,Bonus  FROM M_RtpSetting  WHERE Sid = 1   AND State = 1   AND LTG_Code = 4 AND Gid = 40
sqlResult   map[result: count:0 state:0]
[2020-01-02 12:40:11] rtpData ------->   map[count:0 state:0 result:] 
[GIN] 2020/01/02 - 12:40:11 | 200 |    2.652621ms |  192.168.66.115 | POST     /getResult
sqlResult   map[result: count:0 state:0]
[2020-01-02 12:40:11] rtpData ------->   map[result: count:0 state:0] 
[GIN] 2020/01/02 - 12:40:11 | 200 |    3.723946ms |  192.168.66.115 | POST     /getResult
[2020-01-02 12:40:11] 自開彩開獎  {202001020254 4 41 true} 
ConfigData  map[poolname:FA_MEM user:fa_db redisPort:6379 redisDB:3 redisIp:192.168.88.119 redisPassword:"" ip:192.168.88.181 port:3306 password:1qaz!QAZ database:FA_MEM charset:utf8]
SqlString  SELECT RTP,Amount,Bonus  FROM M_RtpSetting  WHERE Sid = 1   AND State = 1   AND LTG_Code = 4 AND Gid = 41
sqlResult   map[result: count:0 state:0]
[2020-01-02 12:40:11] rtpData ------->   map[count:0 state:0 result:] 
[GIN] 2020/01/02 - 12:40:11 | 200 |     2.28324ms |  192.168.66.115 | POST     /getResult
[2020-01-02 12:40:11] 自開彩開獎  {202001020761 6 36 true} 
ConfigData  map[redisPort:6379 redisDB:3 charset:utf8 redisIp:192.168.88.119 port:3306 user:fa_db password:1qaz!QAZ database:FA_MEM redisPassword:"" ip:192.168.88.181 poolname:FA_MEM]
SqlString  SELECT RTP,Amount,Bonus  FROM M_RtpSetting  WHERE Sid = 1   AND State = 1   AND LTG_Code = 6 AND Gid = 36
sqlResult   map[result: count:0 state:0]
[2020-01-02 12:40:11] rtpData ------->   map[result: count:0 state:0] 
[GIN] 2020/01/02 - 12:40:11 | 200 |    3.288914ms |  192.168.66.115 | POST     /getResult
[2020-01-02 12:40:13] 自開彩開獎  {202001020153 5 39 true} 
ConfigData  map[password:1qaz!QAZ database:FA_MEM redisIp:192.168.88.119 redisDB:3 redisPassword:"" ip:192.168.88.181 poolname:FA_MEM port:3306 user:fa_db charset:utf8 redisPort:6379]
SqlString  SELECT RTP,Amount,Bonus  FROM M_RtpSetting  WHERE Sid = 1   AND State = 1   AND LTG_Code = 5 AND Gid = 39
sqlResult   map[result: count:0 state:0]
[2020-01-02 12:40:13] rtpData ------->   map[result: count:0 state:0] 
[GIN] 2020/01/02 - 12:40:13 | 200 |    2.554588ms |  192.168.66.115 | POST     /getResult
[2020-01-02 12:40:15] 自開彩開獎  {202001020761 1 34 true} 
ConfigData  map[redisPassword:"" user:fa_db password:1qaz!QAZ redisIp:192.168.88.119 database:FA_MEM charset:utf8 redisPort:6379 redisDB:3 ip:192.168.88.181 poolname:FA_MEM port:3306]
SqlString  SELECT RTP,Amount,Bonus  FROM M_RtpSetting  WHERE Sid = 1   AND State = 1   AND LTG_Code = 1 AND Gid = 34
sqlResult   map[result: count:0 state:0]
[2020-01-02 12:40:15] rtpData ------->   map[state:0 result: count:0] 
[GIN] 2020/01/02 - 12:40:15 | 200 |    2.905077ms |  192.168.66.115 | POST     /getResult
[2020-01-02 12:40:16] 自開彩開獎  {202001020254 1 35 true} 
ConfigData  map[poolname:FA_MEM port:3306 redisDB:3 charset:utf8 redisIp:192.168.88.119 redisPort:6379 redisPassword:"" ip:192.168.88.181 user:fa_db password:1qaz!QAZ database:FA_MEM]
SqlString  SELECT RTP,Amount,Bonus  FROM M_RtpSetting  WHERE Sid = 1   AND State = 1   AND LTG_Code = 1 AND Gid = 35
sqlResult   map[state:0 result: count:0]
[2020-01-02 12:40:16] rtpData ------->   map[state:0 result: count:0] 
[GIN] 2020/01/02 - 12:40:16 | 200 |     2.46216ms |  192.168.66.115 | POST     /getResult
[2020-01-02 12:40:17] 自開彩開獎  {202001020761 5 38 true} 
[2020-01-02 12:40:17] 自開彩開獎  {202001020761 4 40 true} 
ConfigData  map[user:fa_db password:1qaz!QAZ database:FA_MEM redisIp:192.168.88.119 redisPort:6379 redisDB:3 poolname:FA_MEM port:3306 redisPassword:"" ip:192.168.88.181 charset:utf8]
SqlString  SELECT RTP,Amount,Bonus  FROM M_RtpSetting  WHERE Sid = 1   AND State = 1   AND LTG_Code = 4 AND Gid = 40
ConfigData  map[database:FA_MEM charset:utf8 redisPort:6379 redisPassword:"" redisDB:3 ip:192.168.88.181 poolname:FA_MEM port:3306 user:fa_db password:1qaz!QAZ redisIp:192.168.88.119]
SqlString  SELECT RTP,Amount,Bonus  FROM M_RtpSetting  WHERE Sid = 1   AND State = 1   AND LTG_Code = 5 AND Gid = 38
sqlResult   map[result: count:0 state:0]
[2020-01-02 12:40:17] rtpData ------->   map[result: count:0 state:0] 
[GIN] 2020/01/02 - 12:40:17 | 200 |    2.457066ms |  192.168.66.115 | POST     /getResult
sqlResult   map[result: count:0 state:0]
[2020-01-02 12:40:17] rtpData ------->   map[result: count:0 state:0] 
[GIN] 2020/01/02 - 12:40:17 | 200 |    2.630912ms |  192.168.66.115 | POST     /getResult
[2020-01-02 12:40:17] 自開彩開獎  {202001020254 4 41 true} 
ConfigData  map[ip:192.168.88.181 user:fa_db charset:utf8 redisIp:192.168.88.119 redisPort:6379 redisPassword:"" redisDB:3 poolname:FA_MEM port:3306 password:1qaz!QAZ database:FA_MEM]
SqlString  SELECT RTP,Amount,Bonus  FROM M_RtpSetting  WHERE Sid = 1   AND State = 1   AND LTG_Code = 4 AND Gid = 41
sqlResult   map[result: count:0 state:0]
[2020-01-02 12:40:17] rtpData ------->   map[result: count:0 state:0] 
[GIN] 2020/01/02 - 12:40:17 | 200 |    1.814436ms |  192.168.66.115 | POST     /getResult
[2020-01-02 12:40:17] 自開彩開獎  {202001020761 6 36 true} 
ConfigData  map[ip:192.168.88.181 poolname:FA_MEM user:fa_db database:FA_MEM redisPassword:"" port:3306 password:1qaz!QAZ charset:utf8 redisIp:192.168.88.119 redisPort:6379 redisDB:3]
SqlString  SELECT RTP,Amount,Bonus  FROM M_RtpSetting  WHERE Sid = 1   AND State = 1   AND LTG_Code = 6 AND Gid = 36
sqlResult   map[result: count:0 state:0]
[2020-01-02 12:40:17] rtpData ------->   map[result: count:0 state:0] 
[GIN] 2020/01/02 - 12:40:17 | 200 |    2.910156ms |  192.168.66.115 | POST     /getResult
[2020-01-02 12:40:19] 自開彩開獎  {202001020153 5 39 true} 
ConfigData  map[user:fa_db password:1qaz!QAZ database:FA_MEM charset:utf8 redisPort:6379 poolname:FA_MEM port:3306 redisPassword:"" redisDB:3 ip:192.168.88.181 redisIp:192.168.88.119]
SqlString  SELECT RTP,Amount,Bonus  FROM M_RtpSetting  WHERE Sid = 1   AND State = 1   AND LTG_Code = 5 AND Gid = 39
sqlResult   map[result: count:0 state:0]
[2020-01-02 12:40:19] rtpData ------->   map[result: count:0 state:0] 
[GIN] 2020/01/02 - 12:40:19 | 200 |     2.36824ms |  192.168.66.115 | POST     /getResult
[2020-01-02 12:40:21] 自開彩開獎  {202001020761 1 34 true} 
ConfigData  map[ip:192.168.88.181 user:fa_db charset:utf8 redisPort:6379 poolname:FA_MEM port:3306 password:1qaz!QAZ database:FA_MEM redisIp:192.168.88.119 redisPassword:"" redisDB:3]
SqlString  SELECT RTP,Amount,Bonus  FROM M_RtpSetting  WHERE Sid = 1   AND State = 1   AND LTG_Code = 1 AND Gid = 34
sqlResult   map[result: count:0 state:0]
[2020-01-02 12:40:21] rtpData ------->   map[state:0 result: count:0] 
[GIN] 2020/01/02 - 12:40:21 | 200 |    3.417219ms |  192.168.66.115 | POST     /getResult
[2020-01-02 12:40:22] 自開彩開獎  {202001020254 1 35 true} 
ConfigData  map[password:1qaz!QAZ redisIp:192.168.88.119 redisPort:6379 ip:192.168.88.181 user:fa_db database:FA_MEM charset:utf8 redisPassword:"" redisDB:3 poolname:FA_MEM port:3306]
SqlString  SELECT RTP,Amount,Bonus  FROM M_RtpSetting  WHERE Sid = 1   AND State = 1   AND LTG_Code = 1 AND Gid = 35
sqlResult   map[result: count:0 state:0]
[2020-01-02 12:40:22] rtpData ------->   map[result: count:0 state:0] 
[GIN] 2020/01/02 - 12:40:22 | 200 |    3.298975ms |  192.168.66.115 | POST     /getResult
[2020-01-02 12:40:23] 自開彩開獎  {202001020761 5 38 true} 
ConfigData  map[charset:utf8 redisPort:6379 redisPassword:"" redisDB:3 port:3306 password:1qaz!QAZ database:FA_MEM redisIp:192.168.88.119 ip:192.168.88.181 poolname:FA_MEM user:fa_db]
SqlString  SELECT RTP,Amount,Bonus  FROM M_RtpSetting  WHERE Sid = 1   AND State = 1   AND LTG_Code = 5 AND Gid = 38
[2020-01-02 12:40:23] 自開彩開獎  {202001020761 4 40 true} 
ConfigData  map[port:3306 user:fa_db database:FA_MEM redisPort:6379 redisPassword:"" ip:192.168.88.181 poolname:FA_MEM redisIp:192.168.88.119 redisDB:3 password:1qaz!QAZ charset:utf8]
SqlString  SELECT RTP,Amount,Bonus  FROM M_RtpSetting  WHERE Sid = 1   AND State = 1   AND LTG_Code = 4 AND Gid = 40
sqlResult   map[result: count:0 state:0]
[2020-01-02 12:40:23] rtpData ------->   map[result: count:0 state:0] 
[GIN] 2020/01/02 - 12:40:23 | 200 |     2.58587ms |  192.168.66.115 | POST     /getResult
sqlResult   map[count:0 state:0 result:]
[2020-01-02 12:40:23] rtpData ------->   map[result: count:0 state:0] 
[GIN] 2020/01/02 - 12:40:23 | 200 |    3.238776ms |  192.168.66.115 | POST     /getResult
[2020-01-02 12:40:23] 自開彩開獎  {202001020254 4 41 true} 
ConfigData  map[port:3306 user:fa_db database:FA_MEM redisPassword:"" redisDB:3 ip:192.168.88.181 poolname:FA_MEM redisIp:192.168.88.119 redisPort:6379 password:1qaz!QAZ charset:utf8]
SqlString  SELECT RTP,Amount,Bonus  FROM M_RtpSetting  WHERE Sid = 1   AND State = 1   AND LTG_Code = 4 AND Gid = 41
sqlResult   map[result: count:0 state:0]
[2020-01-02 12:40:23] rtpData ------->   map[result: count:0 state:0] 
[GIN] 2020/01/02 - 12:40:23 | 200 |    2.677268ms |  192.168.66.115 | POST     /getResult
[2020-01-02 12:40:23] 自開彩開獎  {202001020761 6 36 true} 
ConfigData  map[port:3306 user:fa_db password:1qaz!QAZ database:FA_MEM charset:utf8 ip:192.168.88.181 redisIp:192.168.88.119 redisPort:6379 redisPassword:"" redisDB:3 poolname:FA_MEM]
SqlString  SELECT RTP,Amount,Bonus  FROM M_RtpSetting  WHERE Sid = 1   AND State = 1   AND LTG_Code = 6 AND Gid = 36
sqlResult   map[result: count:0 state:0]
[2020-01-02 12:40:23] rtpData ------->   map[result: count:0 state:0] 
[GIN] 2020/01/02 - 12:40:23 | 200 |    2.883241ms |  192.168.66.115 | POST     /getResult
[2020-01-02 12:40:25] 自開彩開獎  {202001020153 5 39 true} 
ConfigData  map[ip:192.168.88.181 port:3306 user:fa_db database:FA_MEM redisIp:192.168.88.119 redisDB:3 poolname:FA_MEM password:1qaz!QAZ charset:utf8 redisPort:6379 redisPassword:""]
SqlString  SELECT RTP,Amount,Bonus  FROM M_RtpSetting  WHERE Sid = 1   AND State = 1   AND LTG_Code = 5 AND Gid = 39
sqlResult   map[count:0 state:0 result:]
[2020-01-02 12:40:25] rtpData ------->   map[result: count:0 state:0] 
[GIN] 2020/01/02 - 12:40:25 | 200 |    3.018882ms |  192.168.66.115 | POST     /getResult
[2020-01-02 12:40:27] 自開彩開獎  {202001020761 1 34 true} 
ConfigData  map[redisPort:6379 redisPassword:"" redisDB:3 poolname:FA_MEM port:3306 password:1qaz!QAZ database:FA_MEM redisIp:192.168.88.119 ip:192.168.88.181 user:fa_db charset:utf8]
SqlString  SELECT RTP,Amount,Bonus  FROM M_RtpSetting  WHERE Sid = 1   AND State = 1   AND LTG_Code = 1 AND Gid = 34
sqlResult   map[result: count:0 state:0]
[2020-01-02 12:40:27] rtpData ------->   map[count:0 state:0 result:] 
[GIN] 2020/01/02 - 12:40:27 | 200 |    3.085341ms |  192.168.66.115 | POST     /getResult
[2020-01-02 12:40:28] 自開彩開獎  {202001020254 1 35 true} 
ConfigData  map[redisPort:6379 redisPassword:"" ip:192.168.88.181 poolname:FA_MEM user:fa_db password:1qaz!QAZ database:FA_MEM charset:utf8 port:3306 redisIp:192.168.88.119 redisDB:3]
SqlString  SELECT RTP,Amount,Bonus  FROM M_RtpSetting  WHERE Sid = 1   AND State = 1   AND LTG_Code = 1 AND Gid = 35
sqlResult   map[state:0 result: count:0]
[2020-01-02 12:40:28] rtpData ------->   map[result: count:0 state:0] 
[GIN] 2020/01/02 - 12:40:28 | 200 |    2.306112ms |  192.168.66.115 | POST     /getResult
[2020-01-02 12:40:29] 自開彩開獎  {202001020761 5 38 true} 
ConfigData  map[user:fa_db password:1qaz!QAZ database:FA_MEM redisIp:192.168.88.119 redisPort:6379 redisPassword:"" ip:192.168.88.181 poolname:FA_MEM port:3306 charset:utf8 redisDB:3]
SqlString  SELECT RTP,Amount,Bonus  FROM M_RtpSetting  WHERE Sid = 1   AND State = 1   AND LTG_Code = 5 AND Gid = 38
[2020-01-02 12:40:29] 自開彩開獎  {202001020761 4 40 true} 
ConfigData  map[password:1qaz!QAZ database:FA_MEM redisDB:3 poolname:FA_MEM port:3306 user:fa_db redisPort:6379 redisPassword:"" ip:192.168.88.181 charset:utf8 redisIp:192.168.88.119]
SqlString  SELECT RTP,Amount,Bonus  FROM M_RtpSetting  WHERE Sid = 1   AND State = 1   AND LTG_Code = 4 AND Gid = 40
sqlResult   map[state:0 result: count:0]
[2020-01-02 12:40:29] rtpData ------->   map[result: count:0 state:0] 
[GIN] 2020/01/02 - 12:40:29 | 200 |    2.170907ms |  192.168.66.115 | POST     /getResult
sqlResult   map[result: count:0 state:0]
[2020-01-02 12:40:29] rtpData ------->   map[result: count:0 state:0] 
[GIN] 2020/01/02 - 12:40:29 | 200 |     2.54837ms |  192.168.66.115 | POST     /getResult
[2020-01-02 12:40:29] 自開彩開獎  {202001020254 4 41 true} 
ConfigData  map[user:fa_db password:1qaz!QAZ database:FA_MEM charset:utf8 redisIp:192.168.88.119 redisPort:6379 redisPassword:"" poolname:FA_MEM port:3306 redisDB:3 ip:192.168.88.181]
SqlString  SELECT RTP,Amount,Bonus  FROM M_RtpSetting  WHERE Sid = 1   AND State = 1   AND LTG_Code = 4 AND Gid = 41
sqlResult   map[result: count:0 state:0]
[2020-01-02 12:40:29] rtpData ------->   map[result: count:0 state:0] 
[GIN] 2020/01/02 - 12:40:29 | 200 |    3.054244ms |  192.168.66.115 | POST     /getResult
[2020-01-02 12:40:29] 自開彩開獎  {202001020761 6 36 true} 
ConfigData  map[ip:192.168.88.181 user:fa_db charset:utf8 redisPort:6379 redisPassword:"" poolname:FA_MEM port:3306 password:1qaz!QAZ database:FA_MEM redisIp:192.168.88.119 redisDB:3]
SqlString  SELECT RTP,Amount,Bonus  FROM M_RtpSetting  WHERE Sid = 1   AND State = 1   AND LTG_Code = 6 AND Gid = 36
sqlResult   map[result: count:0 state:0]
[2020-01-02 12:40:29] rtpData ------->   map[count:0 state:0 result:] 
[GIN] 2020/01/02 - 12:40:29 | 200 |    2.336964ms |  192.168.66.115 | POST     /getResult
[2020-01-02 12:40:31] 自開彩開獎  {202001020153 5 39 true} 
ConfigData  map[redisIp:192.168.88.119 redisPassword:"" redisDB:3 ip:192.168.88.181 poolname:FA_MEM port:3306 password:1qaz!QAZ user:fa_db database:FA_MEM charset:utf8 redisPort:6379]
SqlString  SELECT RTP,Amount,Bonus  FROM M_RtpSetting  WHERE Sid = 1   AND State = 1   AND LTG_Code = 5 AND Gid = 39
sqlResult   map[result: count:0 state:0]
[2020-01-02 12:40:31] rtpData ------->   map[result: count:0 state:0] 
[GIN] 2020/01/02 - 12:40:31 | 200 |    2.643385ms |  192.168.66.115 | POST     /getResult
[2020-01-02 12:40:33] 自開彩開獎  {202001020761 1 34 true} 
ConfigData  map[redisIp:192.168.88.119 redisPort:6379 redisDB:3 ip:192.168.88.181 user:fa_db password:1qaz!QAZ charset:utf8 redisPassword:"" poolname:FA_MEM port:3306 database:FA_MEM]
SqlString  SELECT RTP,Amount,Bonus  FROM M_RtpSetting  WHERE Sid = 1   AND State = 1   AND LTG_Code = 1 AND Gid = 34
sqlResult   map[count:0 state:0 result:]
[2020-01-02 12:40:33] rtpData ------->   map[result: count:0 state:0] 
[GIN] 2020/01/02 - 12:40:33 | 200 |    2.417721ms |  192.168.66.115 | POST     /getResult
[2020-01-02 12:40:34] 自開彩開獎  {202001020254 1 35 true} 
ConfigData  map[ip:192.168.88.181 port:3306 user:fa_db password:1qaz!QAZ database:FA_MEM redisDB:3 poolname:FA_MEM charset:utf8 redisIp:192.168.88.119 redisPort:6379 redisPassword:""]
SqlString  SELECT RTP,Amount,Bonus  FROM M_RtpSetting  WHERE Sid = 1   AND State = 1   AND LTG_Code = 1 AND Gid = 35
sqlResult   map[result: count:0 state:0]
[2020-01-02 12:40:34] rtpData ------->   map[result: count:0 state:0] 
[GIN] 2020/01/02 - 12:40:34 | 200 |    3.170625ms |  192.168.66.115 | POST     /getResult
[2020-01-02 12:40:35] 自開彩開獎  {202001020761 5 38 true} 
ConfigData  map[port:3306 user:fa_db database:FA_MEM redisIp:192.168.88.119 redisPort:6379 ip:192.168.88.181 poolname:FA_MEM password:1qaz!QAZ charset:utf8 redisPassword:"" redisDB:3]
SqlString  SELECT RTP,Amount,Bonus  FROM M_RtpSetting  WHERE Sid = 1   AND State = 1   AND LTG_Code = 5 AND Gid = 38
[2020-01-02 12:40:35] 自開彩開獎  {202001020761 4 40 true} 
ConfigData  map[redisPort:6379 redisPassword:"" redisDB:3 ip:192.168.88.181 poolname:FA_MEM port:3306 password:1qaz!QAZ database:FA_MEM user:fa_db charset:utf8 redisIp:192.168.88.119]
SqlString  SELECT RTP,Amount,Bonus  FROM M_RtpSetting  WHERE Sid = 1   AND State = 1   AND LTG_Code = 4 AND Gid = 40
sqlResult   map[result: count:0 state:0]
[2020-01-02 12:40:35] rtpData ------->   map[result: count:0 state:0] 
[GIN] 2020/01/02 - 12:40:35 | 200 |    2.827558ms |  192.168.66.115 | POST     /getResult
sqlResult   map[result: count:0 state:0]
[2020-01-02 12:40:35] rtpData ------->   map[result: count:0 state:0] 
[GIN] 2020/01/02 - 12:40:35 | 200 |    2.813783ms |  192.168.66.115 | POST     /getResult
[2020-01-02 12:40:35] 自開彩開獎  {202001020254 4 41 true} 
ConfigData  map[password:1qaz!QAZ database:FA_MEM redisIp:192.168.88.119 redisPort:6379 ip:192.168.88.181 poolname:FA_MEM port:3306 user:fa_db redisPassword:"" charset:utf8 redisDB:3]
SqlString  SELECT RTP,Amount,Bonus  FROM M_RtpSetting  WHERE Sid = 1   AND State = 1   AND LTG_Code = 4 AND Gid = 41
sqlResult   map[state:0 result: count:0]
[2020-01-02 12:40:35] rtpData ------->   map[state:0 result: count:0] 
[GIN] 2020/01/02 - 12:40:35 | 200 |    2.591627ms |  192.168.66.115 | POST     /getResult
[2020-01-02 12:40:35] 自開彩開獎  {202001020761 6 36 true} 
ConfigData  map[database:FA_MEM redisPort:6379 ip:192.168.88.181 poolname:FA_MEM password:1qaz!QAZ redisIp:192.168.88.119 redisPassword:"" redisDB:3 port:3306 user:fa_db charset:utf8]
SqlString  SELECT RTP,Amount,Bonus  FROM M_RtpSetting  WHERE Sid = 1   AND State = 1   AND LTG_Code = 6 AND Gid = 36
sqlResult   map[result: count:0 state:0]
[2020-01-02 12:40:35] rtpData ------->   map[result: count:0 state:0] 
[GIN] 2020/01/02 - 12:40:35 | 200 |    2.910617ms |  192.168.66.115 | POST     /getResult
[2020-01-02 12:40:37] 自開彩開獎  {202001020153 5 39 true} 
ConfigData  map[poolname:FA_MEM password:1qaz!QAZ charset:utf8 redisIp:192.168.88.119 redisDB:3 ip:192.168.88.181 port:3306 user:fa_db database:FA_MEM redisPort:6379 redisPassword:""]
SqlString  SELECT RTP,Amount,Bonus  FROM M_RtpSetting  WHERE Sid = 1   AND State = 1   AND LTG_Code = 5 AND Gid = 39
sqlResult   map[result: count:0 state:0]
[2020-01-02 12:40:37] rtpData ------->   map[result: count:0 state:0] 
[GIN] 2020/01/02 - 12:40:37 | 200 |    2.495265ms |  192.168.66.115 | POST     /getResult
[2020-01-02 12:40:39] 自開彩開獎  {202001020761 1 34 true} 
ConfigData  map[ip:192.168.88.181 password:1qaz!QAZ database:FA_MEM charset:utf8 redisIp:192.168.88.119 redisPort:6379 redisPassword:"" poolname:FA_MEM port:3306 user:fa_db redisDB:3]
SqlString  SELECT RTP,Amount,Bonus  FROM M_RtpSetting  WHERE Sid = 1   AND State = 1   AND LTG_Code = 1 AND Gid = 34
sqlResult   map[result: count:0 state:0]
[2020-01-02 12:40:39] rtpData ------->   map[result: count:0 state:0] 
[GIN] 2020/01/02 - 12:40:39 | 200 |     2.24118ms |  192.168.66.115 | POST     /getResult
[2020-01-02 12:40:40] 自開彩開獎  {202001020254 1 35 true} 
ConfigData  map[port:3306 charset:utf8 redisIp:192.168.88.119 redisPort:6379 database:FA_MEM redisPassword:"" redisDB:3 ip:192.168.88.181 poolname:FA_MEM user:fa_db password:1qaz!QAZ]
SqlString  SELECT RTP,Amount,Bonus  FROM M_RtpSetting  WHERE Sid = 1   AND State = 1   AND LTG_Code = 1 AND Gid = 35
sqlResult   map[result: count:0 state:0]
[2020-01-02 12:40:41] rtpData ------->   map[result: count:0 state:0] 
[GIN] 2020/01/02 - 12:40:41 | 200 |    3.055408ms |  192.168.66.115 | POST     /getResult
[2020-01-02 12:40:41] 自開彩開獎  {202001020761 5 38 true} 
ConfigData  map[ip:192.168.88.181 port:3306 password:1qaz!QAZ redisIp:192.168.88.119 redisPort:6379 poolname:FA_MEM user:fa_db database:FA_MEM charset:utf8 redisPassword:"" redisDB:3]
SqlString  SELECT RTP,Amount,Bonus  FROM M_RtpSetting  WHERE Sid = 1   AND State = 1   AND LTG_Code = 5 AND Gid = 38
[2020-01-02 12:40:41] 自開彩開獎  {202001020761 4 40 true} 
ConfigData  map[user:fa_db database:FA_MEM redisPort:6379 redisPassword:"" redisIp:192.168.88.119 redisDB:3 ip:192.168.88.181 poolname:FA_MEM port:3306 password:1qaz!QAZ charset:utf8]
SqlString  SELECT RTP,Amount,Bonus  FROM M_RtpSetting  WHERE Sid = 1   AND State = 1   AND LTG_Code = 4 AND Gid = 40
sqlResult   map[result: count:0 state:0]
[2020-01-02 12:40:41] rtpData ------->   map[result: count:0 state:0] 
[GIN] 2020/01/02 - 12:40:41 | 200 |    2.881479ms |  192.168.66.115 | POST     /getResult
sqlResult   map[result: count:0 state:0]
[2020-01-02 12:40:41] rtpData ------->   map[result: count:0 state:0] 
[GIN] 2020/01/02 - 12:40:41 | 200 |    2.044376ms |  192.168.66.115 | POST     /getResult
[2020-01-02 12:40:41] 自開彩開獎  {202001020254 4 41 true} 
ConfigData  map[poolname:FA_MEM password:1qaz!QAZ database:FA_MEM charset:utf8 redisIp:192.168.88.119 redisPort:6379 redisPassword:"" ip:192.168.88.181 user:fa_db redisDB:3 port:3306]
SqlString  SELECT RTP,Amount,Bonus  FROM M_RtpSetting  WHERE Sid = 1   AND State = 1   AND LTG_Code = 4 AND Gid = 41
sqlResult   map[result: count:0 state:0]
[2020-01-02 12:40:41] rtpData ------->   map[result: count:0 state:0] 
[GIN] 2020/01/02 - 12:40:41 | 200 |    2.289989ms |  192.168.66.115 | POST     /getResult
[2020-01-02 12:40:41] 自開彩開獎  {202001020761 6 36 true} 
ConfigData  map[redisPort:6379 redisDB:3 poolname:FA_MEM user:fa_db database:FA_MEM redisIp:192.168.88.119 redisPassword:"" ip:192.168.88.181 port:3306 password:1qaz!QAZ charset:utf8]
SqlString  SELECT RTP,Amount,Bonus  FROM M_RtpSetting  WHERE Sid = 1   AND State = 1   AND LTG_Code = 6 AND Gid = 36
sqlResult   map[result: count:0 state:0]
[2020-01-02 12:40:42] rtpData ------->   map[result: count:0 state:0] 
[GIN] 2020/01/02 - 12:40:42 | 200 |    3.066356ms |  192.168.66.115 | POST     /getResult
[2020-01-02 12:40:43] 自開彩開獎  {202001020153 5 39 true} 
ConfigData  map[charset:utf8 redisPort:6379 redisDB:3 redisIp:192.168.88.119 redisPassword:"" ip:192.168.88.181 poolname:FA_MEM port:3306 user:fa_db password:1qaz!QAZ database:FA_MEM]
SqlString  SELECT RTP,Amount,Bonus  FROM M_RtpSetting  WHERE Sid = 1   AND State = 1   AND LTG_Code = 5 AND Gid = 39
sqlResult   map[count:0 state:0 result:]
[2020-01-02 12:40:43] rtpData ------->   map[state:0 result: count:0] 
[GIN] 2020/01/02 - 12:40:43 | 200 |    2.713239ms |  192.168.66.115 | POST     /getResult
[2020-01-02 12:40:45] 自開彩開獎  {202001020761 1 34 true} 
ConfigData  map[redisPort:6379 redisPassword:"" redisDB:3 ip:192.168.88.181 user:fa_db password:1qaz!QAZ charset:utf8 redisIp:192.168.88.119 poolname:FA_MEM port:3306 database:FA_MEM]
SqlString  SELECT RTP,Amount,Bonus  FROM M_RtpSetting  WHERE Sid = 1   AND State = 1   AND LTG_Code = 1 AND Gid = 34
sqlResult   map[result: count:0 state:0]
[2020-01-02 12:40:45] rtpData ------->   map[result: count:0 state:0] 
[GIN] 2020/01/02 - 12:40:45 | 200 |    3.133835ms |  192.168.66.115 | POST     /getResult
[2020-01-02 12:40:47] 自開彩開獎  {202001020254 1 35 true} 
ConfigData  map[ip:192.168.88.181 port:3306 user:fa_db password:1qaz!QAZ database:FA_MEM redisPort:6379 redisDB:3 poolname:FA_MEM charset:utf8 redisIp:192.168.88.119 redisPassword:""]
SqlString  SELECT RTP,Amount,Bonus  FROM M_RtpSetting  WHERE Sid = 1   AND State = 1   AND LTG_Code = 1 AND Gid = 35
sqlResult   map[state:0 result: count:0]
[2020-01-02 12:40:47] rtpData ------->   map[state:0 result: count:0] 
[GIN] 2020/01/02 - 12:40:47 | 200 |    2.544289ms |  192.168.66.115 | POST     /getResult
[2020-01-02 12:40:47] 自開彩開獎  {202001020761 5 38 true} 
ConfigData  map[password:1qaz!QAZ charset:utf8 redisPassword:"" redisDB:3 ip:192.168.88.181 port:3306 user:fa_db redisPort:6379 poolname:FA_MEM database:FA_MEM redisIp:192.168.88.119]
SqlString  SELECT RTP,Amount,Bonus  FROM M_RtpSetting  WHERE Sid = 1   AND State = 1   AND LTG_Code = 5 AND Gid = 38
[2020-01-02 12:40:47] 自開彩開獎  {202001020761 4 40 true} 
ConfigData  map[port:3306 user:fa_db database:FA_MEM redisIp:192.168.88.119 redisPassword:"" ip:192.168.88.181 password:1qaz!QAZ charset:utf8 redisPort:6379 redisDB:3 poolname:FA_MEM]
SqlString  SELECT RTP,Amount,Bonus  FROM M_RtpSetting  WHERE Sid = 1   AND State = 1   AND LTG_Code = 4 AND Gid = 40
sqlResult   map[state:0 result: count:0]
[2020-01-02 12:40:47] rtpData ------->   map[result: count:0 state:0] 
sqlResult   map[result: count:0 state:0]
[2020-01-02 12:40:47] rtpData ------->   map[result: count:0 state:0] 
[GIN] 2020/01/02 - 12:40:47 | 200 |     2.71103ms |  192.168.66.115 | POST     /getResult
[GIN] 2020/01/02 - 12:40:47 | 200 |    1.951421ms |  192.168.66.115 | POST     /getResult
[2020-01-02 12:40:47] 自開彩開獎  {202001020254 4 41 true} 
ConfigData  map[ip:192.168.88.181 user:fa_db charset:utf8 redisPort:6379 poolname:FA_MEM port:3306 password:1qaz!QAZ database:FA_MEM redisIp:192.168.88.119 redisPassword:"" redisDB:3]
SqlString  SELECT RTP,Amount,Bonus  FROM M_RtpSetting  WHERE Sid = 1   AND State = 1   AND LTG_Code = 4 AND Gid = 41
sqlResult   map[result: count:0 state:0]
[2020-01-02 12:40:47] rtpData ------->   map[result: count:0 state:0] 
[GIN] 2020/01/02 - 12:40:47 | 200 |    2.505524ms |  192.168.66.115 | POST     /getResult
[2020-01-02 12:40:48] 自開彩開獎  {202001020761 6 36 true} 
ConfigData  map[port:3306 charset:utf8 redisPort:6379 redisPassword:"" redisDB:3 poolname:FA_MEM user:fa_db password:1qaz!QAZ database:FA_MEM redisIp:192.168.88.119 ip:192.168.88.181]
SqlString  SELECT RTP,Amount,Bonus  FROM M_RtpSetting  WHERE Sid = 1   AND State = 1   AND LTG_Code = 6 AND Gid = 36
sqlResult   map[count:0 state:0 result:]
[2020-01-02 12:40:48] rtpData ------->   map[result: count:0 state:0] 
[GIN] 2020/01/02 - 12:40:48 | 200 |    2.980972ms |  192.168.66.115 | POST     /getResult
[2020-01-02 12:40:49] 自開彩開獎  {202001020153 5 39 true} 
ConfigData  map[port:3306 user:fa_db database:FA_MEM redisPassword:"" redisDB:3 ip:192.168.88.181 poolname:FA_MEM password:1qaz!QAZ charset:utf8 redisIp:192.168.88.119 redisPort:6379]
SqlString  SELECT RTP,Amount,Bonus  FROM M_RtpSetting  WHERE Sid = 1   AND State = 1   AND LTG_Code = 5 AND Gid = 39
sqlResult   map[result: count:0 state:0]
[2020-01-02 12:40:49] rtpData ------->   map[result: count:0 state:0] 
[GIN] 2020/01/02 - 12:40:49 | 200 |    2.987901ms |  192.168.66.115 | POST     /getResult
[2020-01-02 12:40:51] 自開彩開獎  {202001020761 1 34 true} 
ConfigData  map[user:fa_db password:1qaz!QAZ database:FA_MEM redisPassword:"" redisIp:192.168.88.119 redisPort:6379 redisDB:3 ip:192.168.88.181 poolname:FA_MEM port:3306 charset:utf8]
SqlString  SELECT RTP,Amount,Bonus  FROM M_RtpSetting  WHERE Sid = 1   AND State = 1   AND LTG_Code = 1 AND Gid = 34
sqlResult   map[result: count:0 state:0]
[2020-01-02 12:40:51] rtpData ------->   map[count:0 state:0 result:] 
[GIN] 2020/01/02 - 12:40:51 | 200 |    3.157757ms |  192.168.66.115 | POST     /getResult
[2020-01-02 12:40:53] 自開彩開獎  {202001020254 1 35 true} 
ConfigData  map[redisPort:6379 ip:192.168.88.181 poolname:FA_MEM port:3306 password:1qaz!QAZ charset:utf8 redisIp:192.168.88.119 user:fa_db database:FA_MEM redisPassword:"" redisDB:3]
SqlString  SELECT RTP,Amount,Bonus  FROM M_RtpSetting  WHERE Sid = 1   AND State = 1   AND LTG_Code = 1 AND Gid = 35
sqlResult   map[count:0 state:0 result:]
[2020-01-02 12:40:53] rtpData ------->   map[state:0 result: count:0] 
[GIN] 2020/01/02 - 12:40:53 | 200 |    2.770504ms |  192.168.66.115 | POST     /getResult
[2020-01-02 12:40:53] 自開彩開獎  {202001020761 5 38 true} 
ConfigData  map[redisPassword:"" ip:192.168.88.181 port:3306 user:fa_db database:FA_MEM redisPort:6379 redisDB:3 poolname:FA_MEM password:1qaz!QAZ charset:utf8 redisIp:192.168.88.119]
SqlString  SELECT RTP,Amount,Bonus  FROM M_RtpSetting  WHERE Sid = 1   AND State = 1   AND LTG_Code = 5 AND Gid = 38
sqlResult   map[result: count:0 state:0]
[2020-01-02 12:40:53] rtpData ------->   map[result: count:0 state:0] 
[GIN] 2020/01/02 - 12:40:53 | 200 |     3.24718ms |  192.168.66.115 | POST     /getResult
[2020-01-02 12:40:53] 自開彩開獎  {202001020761 4 40 true} 
ConfigData  map[ip:192.168.88.181 port:3306 user:fa_db password:1qaz!QAZ charset:utf8 redisPort:6379 redisPassword:"" poolname:FA_MEM database:FA_MEM redisIp:192.168.88.119 redisDB:3]
SqlString  SELECT RTP,Amount,Bonus  FROM M_RtpSetting  WHERE Sid = 1   AND State = 1   AND LTG_Code = 4 AND Gid = 40
sqlResult   map[state:0 result: count:0]
[2020-01-02 12:40:53] rtpData ------->   map[result: count:0 state:0] 
[GIN] 2020/01/02 - 12:40:53 | 200 |    2.103821ms |  192.168.66.115 | POST     /getResult
[2020-01-02 12:40:53] 自開彩開獎  {202001020254 4 41 true} 
ConfigData  map[user:fa_db database:FA_MEM charset:utf8 redisDB:3 redisPassword:"" ip:192.168.88.181 poolname:FA_MEM port:3306 password:1qaz!QAZ redisIp:192.168.88.119 redisPort:6379]
SqlString  SELECT RTP,Amount,Bonus  FROM M_RtpSetting  WHERE Sid = 1   AND State = 1   AND LTG_Code = 4 AND Gid = 41
sqlResult   map[result: count:0 state:0]
[2020-01-02 12:40:53] rtpData ------->   map[result: count:0 state:0] 
[GIN] 2020/01/02 - 12:40:53 | 200 |    2.461249ms |  192.168.66.115 | POST     /getResult
[2020-01-02 12:40:54] 自開彩開獎  {202001020761 6 36 true} 
ConfigData  map[ip:192.168.88.181 user:fa_db password:1qaz!QAZ charset:utf8 redisIp:192.168.88.119 redisPort:6379 poolname:FA_MEM port:3306 database:FA_MEM redisPassword:"" redisDB:3]
SqlString  SELECT RTP,Amount,Bonus  FROM M_RtpSetting  WHERE Sid = 1   AND State = 1   AND LTG_Code = 6 AND Gid = 36
sqlResult   map[state:0 result: count:0]
[2020-01-02 12:40:54] rtpData ------->   map[result: count:0 state:0] 
[GIN] 2020/01/02 - 12:40:54 | 200 |    2.635631ms |  192.168.66.115 | POST     /getResult
[2020-01-02 12:40:55] 自開彩開獎  {202001020153 5 39 true} 
ConfigData  map[password:1qaz!QAZ redisPort:6379 redisPassword:"" redisDB:3 port:3306 user:fa_db database:FA_MEM charset:utf8 redisIp:192.168.88.119 ip:192.168.88.181 poolname:FA_MEM]
SqlString  SELECT RTP,Amount,Bonus  FROM M_RtpSetting  WHERE Sid = 1   AND State = 1   AND LTG_Code = 5 AND Gid = 39
sqlResult   map[result: count:0 state:0]
[2020-01-02 12:40:55] rtpData ------->   map[result: count:0 state:0] 
[GIN] 2020/01/02 - 12:40:55 | 200 |    2.381084ms |  192.168.66.115 | POST     /getResult
[2020-01-02 12:40:57] 自開彩開獎  {202001020761 1 34 true} 
ConfigData  map[redisPassword:"" ip:192.168.88.181 port:3306 password:1qaz!QAZ charset:utf8 redisIp:192.168.88.119 redisPort:6379 redisDB:3 poolname:FA_MEM user:fa_db database:FA_MEM]
SqlString  SELECT RTP,Amount,Bonus  FROM M_RtpSetting  WHERE Sid = 1   AND State = 1   AND LTG_Code = 1 AND Gid = 34
sqlResult   map[state:0 result: count:0]
[2020-01-02 12:40:57] rtpData ------->   map[state:0 result: count:0] 
[GIN] 2020/01/02 - 12:40:57 | 200 |    2.972398ms |  192.168.66.115 | POST     /getResult
[2020-01-02 12:40:59] 自開彩開獎  {202001020254 1 35 true} 
ConfigData  map[charset:utf8 redisDB:3 user:fa_db database:FA_MEM port:3306 password:1qaz!QAZ redisIp:192.168.88.119 redisPort:6379 redisPassword:"" ip:192.168.88.181 poolname:FA_MEM]
SqlString  SELECT RTP,Amount,Bonus  FROM M_RtpSetting  WHERE Sid = 1   AND State = 1   AND LTG_Code = 1 AND Gid = 35
sqlResult   map[result: count:0 state:0]
[2020-01-02 12:40:59] rtpData ------->   map[result: count:0 state:0] 
[GIN] 2020/01/02 - 12:40:59 | 200 |    1.993627ms |  192.168.66.115 | POST     /getResult
[2020-01-02 12:40:59] 自開彩開獎  {202001020761 5 38 true} 
ConfigData  map[poolname:FA_MEM user:fa_db database:FA_MEM charset:utf8 redisIp:192.168.88.119 redisPort:6379 ip:192.168.88.181 port:3306 password:1qaz!QAZ redisPassword:"" redisDB:3]
SqlString  SELECT RTP,Amount,Bonus  FROM M_RtpSetting  WHERE Sid = 1   AND State = 1   AND LTG_Code = 5 AND Gid = 38
sqlResult   map[result: count:0 state:0]
[2020-01-02 12:40:59] rtpData ------->   map[state:0 result: count:0] 
[GIN] 2020/01/02 - 12:40:59 | 200 |    2.920501ms |  192.168.66.115 | POST     /getResult
[2020-01-02 12:40:59] 自開彩開獎  {202001020761 4 40 true} 
ConfigData  map[charset:utf8 redisIp:192.168.88.119 redisPort:6379 redisPassword:"" ip:192.168.88.181 port:3306 user:fa_db password:1qaz!QAZ redisDB:3 poolname:FA_MEM database:FA_MEM]
SqlString  SELECT RTP,Amount,Bonus  FROM M_RtpSetting  WHERE Sid = 1   AND State = 1   AND LTG_Code = 4 AND Gid = 40
sqlResult   map[result: count:0 state:0]
[2020-01-02 12:40:59] rtpData ------->   map[result: count:0 state:0] 
[GIN] 2020/01/02 - 12:40:59 | 200 |    2.129068ms |  192.168.66.115 | POST     /getResult
[2020-01-02 12:40:59] 自開彩開獎  {202001020254 4 41 true} 
ConfigData  map[password:1qaz!QAZ redisIp:192.168.88.119 redisPassword:"" redisDB:3 ip:192.168.88.181 poolname:FA_MEM port:3306 redisPort:6379 user:fa_db database:FA_MEM charset:utf8]
SqlString  SELECT RTP,Amount,Bonus  FROM M_RtpSetting  WHERE Sid = 1   AND State = 1   AND LTG_Code = 4 AND Gid = 41
sqlResult   map[result: count:0 state:0]
[2020-01-02 12:40:59] rtpData ------->   map[result: count:0 state:0] 
[GIN] 2020/01/02 - 12:40:59 | 200 |    2.423961ms |  192.168.66.115 | POST     /getResult
[2020-01-02 12:41:00] 自開彩開獎  {202001020761 6 36 true} 
ConfigData  map[redisPassword:"" ip:192.168.88.181 poolname:FA_MEM password:1qaz!QAZ database:FA_MEM charset:utf8 redisIp:192.168.88.119 redisPort:6379 redisDB:3 port:3306 user:fa_db]
SqlString  SELECT RTP,Amount,Bonus  FROM M_RtpSetting  WHERE Sid = 1   AND State = 1   AND LTG_Code = 6 AND Gid = 36
sqlResult   map[count:0 state:0 result:]
[2020-01-02 12:41:00] rtpData ------->   map[state:0 result: count:0] 
[GIN] 2020/01/02 - 12:41:00 | 200 |    2.305479ms |  192.168.66.115 | POST     /getResult
[2020-01-02 12:41:01] 自開彩開獎  {202001020153 5 39 true} 
ConfigData  map[password:1qaz!QAZ redisPassword:"" redisDB:3 ip:192.168.88.181 port:3306 database:FA_MEM charset:utf8 redisIp:192.168.88.119 redisPort:6379 poolname:FA_MEM user:fa_db]
SqlString  SELECT RTP,Amount,Bonus  FROM M_RtpSetting  WHERE Sid = 1   AND State = 1   AND LTG_Code = 5 AND Gid = 39
sqlResult   map[result: count:0 state:0]
[2020-01-02 12:41:01] rtpData ------->   map[result: count:0 state:0] 
[GIN] 2020/01/02 - 12:41:01 | 200 |    2.537109ms |  192.168.66.115 | POST     /getResult
[2020-01-02 12:41:01] 自開彩開獎  {202001020762 2 26 true} 
ConfigData  map[ip:192.168.88.181 user:fa_db charset:utf8 redisIp:192.168.88.119 redisPassword:"" redisDB:3 poolname:FA_MEM port:3306 password:1qaz!QAZ database:FA_MEM redisPort:6379]
SqlString  SELECT RTP,Amount,Bonus  FROM M_RtpSetting  WHERE Sid = 1   AND State = 1   AND LTG_Code = 2 AND Gid = 26
sqlResult   map[amount:1.0069588e+06 bonus:908100.71 result:0.9600 count:1 state:1]
[2020-01-02 12:41:01] rtpData ------->   map[result:0.9600 count:1 state:1 amount:1.0069588e+06 bonus:908100.71] 
ConfigData  map[ip:192.168.88.181 port:3306 password:1qaz!QAZ redisIp:192.168.88.119 redisPassword:"" poolname:FA_MEM user:fa_db database:FA_MEM charset:utf8 redisPort:6379 redisDB:3]
SELECT BO_No, BO_OrderNo , BO_User , BO_Issue  , BO_LotteryTypeGroup, BO_LotteryType, BO_Mode, BO_LotteryPlayGroup, BO_LotteryPlay , BO_LotteryContent, BO_Price, BO_RealPrice, BO_Unit, BO_Multiple , BO_BetCount  , BO_Winnings, BO_Winnings2, BO_Winnings3, BO_WinningLimit  , BO_Water , BO_BW_SourceUserId, BO_BW_BackWater, BO_BW_LimitBetCount, BO_BW_MaxAmount, BO_BW_AuditMultiple  , BO_Odds, BO_Odds2, BO_Odds3 , BO_Type, BO_Chase , BO_OpenResult, BO_OpenResult2, BO_DateDraw, BO_DateDraw2, BO_DateUpdate  FROM TS_BetOrder  WHERE BO_Cancel = 0   AND BO_CancelBackend = 0   AND BO_LotteryTypeGroup = 2 AND BO_LotteryType = 26 AND BO_Issue = 202001020762 AND BO_Collect = 0 ORDER BY BO_DateDraw ASC, BO_DateCreate ASC, BO_DateUpdate ASC, BO_No ASC ;
[2020-01-02 12:41:01] LottteryTypeGroup 2 
[2020-01-02 12:41:01] 有期號 但無注單 -------> map[bonus:0 thisOpenResult:[2 5 5 5 0] amount:0] 
[GIN] 2020/01/02 - 12:41:01 | 200 |    5.047261ms |  192.168.66.115 | POST     /getResult
[2020-01-02 12:41:03] 自開彩開獎  {202001020761 1 34 true} 
ConfigData  map[user:fa_db charset:utf8 redisPassword:"" redisDB:3 poolname:FA_MEM port:3306 database:FA_MEM redisIp:192.168.88.119 redisPort:6379 ip:192.168.88.181 password:1qaz!QAZ]
SqlString  SELECT RTP,Amount,Bonus  FROM M_RtpSetting  WHERE Sid = 1   AND State = 1   AND LTG_Code = 1 AND Gid = 34
sqlResult   map[state:0 result: count:0]
[2020-01-02 12:41:03] rtpData ------->   map[state:0 result: count:0] 
[GIN] 2020/01/02 - 12:41:03 | 200 |    3.225467ms |  192.168.66.115 | POST     /getResult
[2020-01-02 12:41:05] 自開彩開獎  {202001020254 1 35 true} 
ConfigData  map[redisIp:192.168.88.119 redisPort:6379 poolname:FA_MEM password:1qaz!QAZ user:fa_db database:FA_MEM charset:utf8 redisPassword:"" redisDB:3 ip:192.168.88.181 port:3306]
SqlString  SELECT RTP,Amount,Bonus  FROM M_RtpSetting  WHERE Sid = 1   AND State = 1   AND LTG_Code = 1 AND Gid = 35
sqlResult   map[result: count:0 state:0]
[2020-01-02 12:41:05] rtpData ------->   map[result: count:0 state:0] 
[GIN] 2020/01/02 - 12:41:05 | 200 |    2.785005ms |  192.168.66.115 | POST     /getResult
[2020-01-02 12:41:05] 自開彩開獎  {202001020761 5 38 true} 
ConfigData  map[redisIp:192.168.88.119 redisPassword:"" ip:192.168.88.181 poolname:FA_MEM user:fa_db password:1qaz!QAZ database:FA_MEM charset:utf8 port:3306 redisPort:6379 redisDB:3]
SqlString  SELECT RTP,Amount,Bonus  FROM M_RtpSetting  WHERE Sid = 1   AND State = 1   AND LTG_Code = 5 AND Gid = 38
sqlResult   map[result: count:0 state:0]
[2020-01-02 12:41:05] rtpData ------->   map[result: count:0 state:0] 
[GIN] 2020/01/02 - 12:41:05 | 200 |     3.28498ms |  192.168.66.115 | POST     /getResult
[2020-01-02 12:41:05] 自開彩開獎  {202001020761 4 40 true} 
ConfigData  map[ip:192.168.88.181 user:fa_db charset:utf8 redisIp:192.168.88.119 redisPort:6379 redisDB:3 poolname:FA_MEM port:3306 password:1qaz!QAZ database:FA_MEM redisPassword:""]
SqlString  SELECT RTP,Amount,Bonus  FROM M_RtpSetting  WHERE Sid = 1   AND State = 1   AND LTG_Code = 4 AND Gid = 40
sqlResult   map[result: count:0 state:0]
[2020-01-02 12:41:05] rtpData ------->   map[result: count:0 state:0] 
[GIN] 2020/01/02 - 12:41:05 | 200 |    2.565553ms |  192.168.66.115 | POST     /getResult
[2020-01-02 12:41:05] 自開彩開獎  {202001020254 4 41 true} 
ConfigData  map[charset:utf8 redisIp:192.168.88.119 redisPort:6379 redisPassword:"" ip:192.168.88.181 poolname:FA_MEM user:fa_db database:FA_MEM redisDB:3 port:3306 password:1qaz!QAZ]
SqlString  SELECT RTP,Amount,Bonus  FROM M_RtpSetting  WHERE Sid = 1   AND State = 1   AND LTG_Code = 4 AND Gid = 41
sqlResult   map[result: count:0 state:0]
[2020-01-02 12:41:05] rtpData ------->   map[count:0 state:0 result:] 
[GIN] 2020/01/02 - 12:41:05 | 200 |    2.924534ms |  192.168.66.115 | POST     /getResult
[2020-01-02 12:41:06] 自開彩開獎  {202001020761 6 36 true} 
ConfigData  map[ip:192.168.88.181 port:3306 password:1qaz!QAZ database:FA_MEM redisPassword:"" redisDB:3 poolname:FA_MEM user:fa_db charset:utf8 redisIp:192.168.88.119 redisPort:6379]
SqlString  SELECT RTP,Amount,Bonus  FROM M_RtpSetting  WHERE Sid = 1   AND State = 1   AND LTG_Code = 6 AND Gid = 36
sqlResult   map[result: count:0 state:0]
[2020-01-02 12:41:06] rtpData ------->   map[state:0 result: count:0] 
[GIN] 2020/01/02 - 12:41:06 | 200 |    3.056528ms |  192.168.66.115 | POST     /getResult
[2020-01-02 12:41:09] 自開彩開獎  {202001020762 1 34 true} 
ConfigData  map[ip:192.168.88.181 poolname:FA_MEM charset:utf8 redisPassword:"" redisDB:3 redisPort:6379 port:3306 user:fa_db password:1qaz!QAZ database:FA_MEM redisIp:192.168.88.119]
SqlString  SELECT RTP,Amount,Bonus  FROM M_RtpSetting  WHERE Sid = 1   AND State = 1   AND LTG_Code = 1 AND Gid = 34
sqlResult   map[result: count:0 state:0]
[2020-01-02 12:41:09] rtpData ------->   map[count:0 state:0 result:] 
[GIN] 2020/01/02 - 12:41:09 | 200 |     2.93022ms |  192.168.66.115 | POST     /getResult
[2020-01-02 12:41:11] 自開彩開獎  {202001020254 1 35 true} 
ConfigData  map[user:fa_db database:FA_MEM ip:192.168.88.181 poolname:FA_MEM port:3306 password:1qaz!QAZ charset:utf8 redisIp:192.168.88.119 redisPort:6379 redisPassword:"" redisDB:3]
SqlString  SELECT RTP,Amount,Bonus  FROM M_RtpSetting  WHERE Sid = 1   AND State = 1   AND LTG_Code = 1 AND Gid = 35
sqlResult   map[result: count:0 state:0]
[2020-01-02 12:41:11] rtpData ------->   map[result: count:0 state:0] 
[GIN] 2020/01/02 - 12:41:11 | 200 |    2.660405ms |  192.168.66.115 | POST     /getResult
[2020-01-02 12:41:11] 自開彩開獎  {202001020762 5 38 true} 
ConfigData  map[redisPort:6379 redisDB:3 charset:utf8 redisIp:192.168.88.119 port:3306 user:fa_db password:1qaz!QAZ database:FA_MEM redisPassword:"" ip:192.168.88.181 poolname:FA_MEM]
SqlString  SELECT RTP,Amount,Bonus  FROM M_RtpSetting  WHERE Sid = 1   AND State = 1   AND LTG_Code = 5 AND Gid = 38
[2020-01-02 12:41:11] 自開彩開獎  {202001020762 4 40 true} 
ConfigData  map[redisPort:6379 redisPassword:"" ip:192.168.88.181 poolname:FA_MEM password:1qaz!QAZ charset:utf8 redisDB:3 port:3306 user:fa_db database:FA_MEM redisIp:192.168.88.119]
SqlString  SELECT RTP,Amount,Bonus  FROM M_RtpSetting  WHERE Sid = 1   AND State = 1   AND LTG_Code = 4 AND Gid = 40
sqlResult   map[result: count:0 state:0]
[2020-01-02 12:41:11] rtpData ------->   map[count:0 state:0 result:] 
[GIN] 2020/01/02 - 12:41:11 | 200 |    2.325123ms |  192.168.66.115 | POST     /getResult
sqlResult   map[result: count:0 state:0]
[2020-01-02 12:41:11] rtpData ------->   map[result: count:0 state:0] 
[GIN] 2020/01/02 - 12:41:11 | 200 |    2.245407ms |  192.168.66.115 | POST     /getResult
[2020-01-02 12:41:11] 自開彩開獎  {202001020254 4 41 true} 
ConfigData  map[port:3306 user:fa_db database:FA_MEM charset:utf8 redisPort:6379 redisPassword:"" ip:192.168.88.181 poolname:FA_MEM password:1qaz!QAZ redisIp:192.168.88.119 redisDB:3]
SqlString  SELECT RTP,Amount,Bonus  FROM M_RtpSetting  WHERE Sid = 1   AND State = 1   AND LTG_Code = 4 AND Gid = 41
sqlResult   map[count:0 state:0 result:]
[2020-01-02 12:41:11] rtpData ------->   map[result: count:0 state:0] 
[GIN] 2020/01/02 - 12:41:11 | 200 |    2.422673ms |  192.168.66.115 | POST     /getResult
[2020-01-02 12:41:12] 自開彩開獎  {202001020762 6 36 true} 
ConfigData  map[redisPort:6379 redisPassword:"" redisDB:3 ip:192.168.88.181 poolname:FA_MEM user:fa_db password:1qaz!QAZ database:FA_MEM port:3306 charset:utf8 redisIp:192.168.88.119]
SqlString  SELECT RTP,Amount,Bonus  FROM M_RtpSetting  WHERE Sid = 1   AND State = 1   AND LTG_Code = 6 AND Gid = 36
sqlResult   map[result: count:0 state:0]
[2020-01-02 12:41:12] rtpData ------->   map[result: count:0 state:0] 
[GIN] 2020/01/02 - 12:41:12 | 200 |    3.363263ms |  192.168.66.115 | POST     /getResult
[2020-01-02 12:41:15] 自開彩開獎  {202001020762 1 34 true} 
ConfigData  map[poolname:FA_MEM port:3306 user:fa_db database:FA_MEM charset:utf8 redisDB:3 ip:192.168.88.181 password:1qaz!QAZ redisIp:192.168.88.119 redisPort:6379 redisPassword:""]
SqlString  SELECT RTP,Amount,Bonus  FROM M_RtpSetting  WHERE Sid = 1   AND State = 1   AND LTG_Code = 1 AND Gid = 34
sqlResult   map[count:0 state:0 result:]
[2020-01-02 12:41:15] rtpData ------->   map[result: count:0 state:0] 
[GIN] 2020/01/02 - 12:41:15 | 200 |    7.851347ms |  192.168.66.115 | POST     /getResult
[2020-01-02 12:41:17] 自開彩開獎  {202001020254 1 35 true} 
ConfigData  map[redisIp:192.168.88.119 redisDB:3 ip:192.168.88.181 user:fa_db password:1qaz!QAZ charset:utf8 redisPort:6379 redisPassword:"" poolname:FA_MEM port:3306 database:FA_MEM]
SqlString  SELECT RTP,Amount,Bonus  FROM M_RtpSetting  WHERE Sid = 1   AND State = 1   AND LTG_Code = 1 AND Gid = 35
sqlResult   map[result: count:0 state:0]
[2020-01-02 12:41:17] rtpData ------->   map[result: count:0 state:0] 
[GIN] 2020/01/02 - 12:41:17 | 200 |    2.229638ms |  192.168.66.115 | POST     /getResult
[2020-01-02 12:41:17] 自開彩開獎  {202001020762 5 38 true} 
ConfigData  map[database:FA_MEM redisPassword:"" ip:192.168.88.181 poolname:FA_MEM port:3306 user:fa_db redisDB:3 password:1qaz!QAZ charset:utf8 redisIp:192.168.88.119 redisPort:6379]
SqlString  SELECT RTP,Amount,Bonus  FROM M_RtpSetting  WHERE Sid = 1   AND State = 1   AND LTG_Code = 5 AND Gid = 38
[2020-01-02 12:41:17] 自開彩開獎  {202001020762 4 40 true} 
ConfigData  map[user:fa_db password:1qaz!QAZ redisPassword:"" ip:192.168.88.181 poolname:FA_MEM port:3306 database:FA_MEM charset:utf8 redisIp:192.168.88.119 redisPort:6379 redisDB:3]
SqlString  SELECT RTP,Amount,Bonus  FROM M_RtpSetting  WHERE Sid = 1   AND State = 1   AND LTG_Code = 4 AND Gid = 40
sqlResult   map[result: count:0 state:0]
[2020-01-02 12:41:17] rtpData ------->   map[result: count:0 state:0] 
[GIN] 2020/01/02 - 12:41:17 | 200 |     2.70681ms |  192.168.66.115 | POST     /getResult
sqlResult   map[result: count:0 state:0]
[2020-01-02 12:41:17] rtpData ------->   map[result: count:0 state:0] 
[GIN] 2020/01/02 - 12:41:17 | 200 |    2.800988ms |  192.168.66.115 | POST     /getResult
[2020-01-02 12:41:17] 自開彩開獎  {202001020254 4 41 true} 
ConfigData  map[port:3306 password:1qaz!QAZ charset:utf8 redisPort:6379 ip:192.168.88.181 poolname:FA_MEM user:fa_db database:FA_MEM redisIp:192.168.88.119 redisPassword:"" redisDB:3]
SqlString  SELECT RTP,Amount,Bonus  FROM M_RtpSetting  WHERE Sid = 1   AND State = 1   AND LTG_Code = 4 AND Gid = 41
sqlResult   map[result: count:0 state:0]
[2020-01-02 12:41:17] rtpData ------->   map[result: count:0 state:0] 
[GIN] 2020/01/02 - 12:41:17 | 200 |    2.414253ms |  192.168.66.115 | POST     /getResult
[2020-01-02 12:41:18] 自開彩開獎  {202001020762 6 36 true} 
ConfigData  map[poolname:FA_MEM password:1qaz!QAZ redisPassword:"" ip:192.168.88.181 user:fa_db database:FA_MEM charset:utf8 redisIp:192.168.88.119 redisPort:6379 redisDB:3 port:3306]
SqlString  SELECT RTP,Amount,Bonus  FROM M_RtpSetting  WHERE Sid = 1   AND State = 1   AND LTG_Code = 6 AND Gid = 36
sqlResult   map[result: count:0 state:0]
[2020-01-02 12:41:18] rtpData ------->   map[result: count:0 state:0] 
[GIN] 2020/01/02 - 12:41:18 | 200 |    2.466697ms |  192.168.66.115 | POST     /getResult
[2020-01-02 12:41:21] 自開彩開獎  {202001020762 1 34 true} 
ConfigData  map[redisPassword:"" ip:192.168.88.181 port:3306 database:FA_MEM redisIp:192.168.88.119 redisPort:6379 redisDB:3 poolname:FA_MEM user:fa_db password:1qaz!QAZ charset:utf8]
SqlString  SELECT RTP,Amount,Bonus  FROM M_RtpSetting  WHERE Sid = 1   AND State = 1   AND LTG_Code = 1 AND Gid = 34
sqlResult   map[result: count:0 state:0]
[2020-01-02 12:41:21] rtpData ------->   map[result: count:0 state:0] 
[GIN] 2020/01/02 - 12:41:21 | 200 |    2.753649ms |  192.168.66.115 | POST     /getResult
[2020-01-02 12:41:23] 自開彩開獎  {202001020254 1 35 true} 
ConfigData  map[redisDB:3 ip:192.168.88.181 poolname:FA_MEM port:3306 database:FA_MEM redisPort:6379 redisPassword:"" user:fa_db password:1qaz!QAZ charset:utf8 redisIp:192.168.88.119]
SqlString  SELECT RTP,Amount,Bonus  FROM M_RtpSetting  WHERE Sid = 1   AND State = 1   AND LTG_Code = 1 AND Gid = 35
sqlResult   map[result: count:0 state:0]
[2020-01-02 12:41:23] rtpData ------->   map[result: count:0 state:0] 
[GIN] 2020/01/02 - 12:41:23 | 200 |    2.749735ms |  192.168.66.115 | POST     /getResult
[2020-01-02 12:41:23] 自開彩開獎  {202001020762 5 38 true} 
ConfigData  map[port:3306 password:1qaz!QAZ redisPort:6379 redisPassword:"" redisDB:3 redisIp:192.168.88.119 ip:192.168.88.181 poolname:FA_MEM user:fa_db database:FA_MEM charset:utf8]
SqlString  SELECT RTP,Amount,Bonus  FROM M_RtpSetting  WHERE Sid = 1   AND State = 1   AND LTG_Code = 5 AND Gid = 38
[2020-01-02 12:41:23] 自開彩開獎  {202001020762 4 40 true} 
ConfigData  map[redisPassword:"" ip:192.168.88.181 port:3306 charset:utf8 redisPort:6379 redisIp:192.168.88.119 redisDB:3 poolname:FA_MEM user:fa_db password:1qaz!QAZ database:FA_MEM]
SqlString  SELECT RTP,Amount,Bonus  FROM M_RtpSetting  WHERE Sid = 1   AND State = 1   AND LTG_Code = 4 AND Gid = 40
sqlResult   map[result: count:0 state:0]
[2020-01-02 12:41:23] rtpData ------->   map[result: count:0 state:0] 
[GIN] 2020/01/02 - 12:41:23 | 200 |    2.201854ms |  192.168.66.115 | POST     /getResult
sqlResult   map[result: count:0 state:0]
[2020-01-02 12:41:23] rtpData ------->   map[result: count:0 state:0] 
[GIN] 2020/01/02 - 12:41:23 | 200 |    2.171447ms |  192.168.66.115 | POST     /getResult
[2020-01-02 12:41:23] 自開彩開獎  {202001020254 4 41 true} 
ConfigData  map[database:FA_MEM charset:utf8 redisIp:192.168.88.119 redisPort:6379 redisPassword:"" ip:192.168.88.181 poolname:FA_MEM password:1qaz!QAZ redisDB:3 port:3306 user:fa_db]
SqlString  SELECT RTP,Amount,Bonus  FROM M_RtpSetting  WHERE Sid = 1   AND State = 1   AND LTG_Code = 4 AND Gid = 41
sqlResult   map[result: count:0 state:0]
[2020-01-02 12:41:23] rtpData ------->   map[result: count:0 state:0] 
[GIN] 2020/01/02 - 12:41:23 | 200 |    2.024657ms |  192.168.66.115 | POST     /getResult
[2020-01-02 12:41:24] 自開彩開獎  {202001020762 6 36 true} 
ConfigData  map[ip:192.168.88.181 user:fa_db database:FA_MEM charset:utf8 redisIp:192.168.88.119 redisPassword:"" poolname:FA_MEM port:3306 password:1qaz!QAZ redisPort:6379 redisDB:3]
SqlString  SELECT RTP,Amount,Bonus  FROM M_RtpSetting  WHERE Sid = 1   AND State = 1   AND LTG_Code = 6 AND Gid = 36
sqlResult   map[result: count:0 state:0]
[2020-01-02 12:41:24] rtpData ------->   map[result: count:0 state:0] 
[GIN] 2020/01/02 - 12:41:24 | 200 |    2.475837ms |  192.168.66.115 | POST     /getResult
[2020-01-02 12:41:27] 自開彩開獎  {202001020762 1 34 true} 
ConfigData  map[database:FA_MEM charset:utf8 redisIp:192.168.88.119 redisPort:6379 redisPassword:"" poolname:FA_MEM user:fa_db password:1qaz!QAZ redisDB:3 ip:192.168.88.181 port:3306]
SqlString  SELECT RTP,Amount,Bonus  FROM M_RtpSetting  WHERE Sid = 1   AND State = 1   AND LTG_Code = 1 AND Gid = 34
sqlResult   map[result: count:0 state:0]
[2020-01-02 12:41:27] rtpData ------->   map[result: count:0 state:0] 
[GIN] 2020/01/02 - 12:41:27 | 200 |    2.568439ms |  192.168.66.115 | POST     /getResult
[2020-01-02 12:41:29] 自開彩開獎  {202001020254 1 35 true} 
ConfigData  map[user:fa_db password:1qaz!QAZ database:FA_MEM charset:utf8 redisPort:6379 redisDB:3 port:3306 poolname:FA_MEM redisIp:192.168.88.119 redisPassword:"" ip:192.168.88.181]
SqlString  SELECT RTP,Amount,Bonus  FROM M_RtpSetting  WHERE Sid = 1   AND State = 1   AND LTG_Code = 1 AND Gid = 35
sqlResult   map[result: count:0 state:0]
[2020-01-02 12:41:29] rtpData ------->   map[result: count:0 state:0] 
[GIN] 2020/01/02 - 12:41:29 | 200 |    2.721998ms |  192.168.66.115 | POST     /getResult
[2020-01-02 12:41:29] 自開彩開獎  {202001020762 4 40 true} 
[2020-01-02 12:41:29] 自開彩開獎  {202001020762 5 38 true} 
ConfigData  map[password:1qaz!QAZ database:FA_MEM redisIp:192.168.88.119 redisPassword:"" ip:192.168.88.181 user:fa_db charset:utf8 redisPort:6379 redisDB:3 poolname:FA_MEM port:3306]
SqlString  SELECT RTP,Amount,Bonus  FROM M_RtpSetting  WHERE Sid = 1   AND State = 1   AND LTG_Code = 5 AND Gid = 38
ConfigData  map[user:fa_db charset:utf8 redisIp:192.168.88.119 redisPort:6379 ip:192.168.88.181 poolname:FA_MEM port:3306 redisDB:3 password:1qaz!QAZ database:FA_MEM redisPassword:""]
SqlString  SELECT RTP,Amount,Bonus  FROM M_RtpSetting  WHERE Sid = 1   AND State = 1   AND LTG_Code = 4 AND Gid = 40
sqlResult   map[count:0 state:0 result:]
[2020-01-02 12:41:29] rtpData ------->   map[result: count:0 state:0] 
sqlResult   map[result: count:0 state:0]
[2020-01-02 12:41:29] rtpData ------->   map[result: count:0 state:0] 
[GIN] 2020/01/02 - 12:41:29 | 200 |    2.987527ms |  192.168.66.115 | POST     /getResult
[GIN] 2020/01/02 - 12:41:29 | 200 |    2.959957ms |  192.168.66.115 | POST     /getResult
[2020-01-02 12:41:29] 自開彩開獎  {202001020254 4 41 true} 
ConfigData  map[redisDB:3 ip:192.168.88.181 poolname:FA_MEM user:fa_db database:FA_MEM redisPort:6379 redisPassword:"" port:3306 password:1qaz!QAZ charset:utf8 redisIp:192.168.88.119]
SqlString  SELECT RTP,Amount,Bonus  FROM M_RtpSetting  WHERE Sid = 1   AND State = 1   AND LTG_Code = 4 AND Gid = 41
sqlResult   map[result: count:0 state:0]
[2020-01-02 12:41:29] rtpData ------->   map[result: count:0 state:0] 
[GIN] 2020/01/02 - 12:41:29 | 200 |    2.771609ms |  192.168.66.115 | POST     /getResult
[2020-01-02 12:41:30] 自開彩開獎  {202001020762 6 36 true} 
ConfigData  map[ip:192.168.88.181 port:3306 user:fa_db database:FA_MEM poolname:FA_MEM password:1qaz!QAZ charset:utf8 redisIp:192.168.88.119 redisPort:6379 redisPassword:"" redisDB:3]
SqlString  SELECT RTP,Amount,Bonus  FROM M_RtpSetting  WHERE Sid = 1   AND State = 1   AND LTG_Code = 6 AND Gid = 36
sqlResult   map[result: count:0 state:0]
[2020-01-02 12:41:30] rtpData ------->   map[result: count:0 state:0] 
[GIN] 2020/01/02 - 12:41:30 | 200 |    2.865131ms |  192.168.66.115 | POST     /getResult
[2020-01-02 12:41:33] 自開彩開獎  {202001020762 1 34 true} 
ConfigData  map[ip:192.168.88.181 poolname:FA_MEM user:fa_db password:1qaz!QAZ redisIp:192.168.88.119 redisPort:6379 redisDB:3 port:3306 database:FA_MEM charset:utf8 redisPassword:""]
SqlString  SELECT RTP,Amount,Bonus  FROM M_RtpSetting  WHERE Sid = 1   AND State = 1   AND LTG_Code = 1 AND Gid = 34
sqlResult   map[result: count:0 state:0]
[2020-01-02 12:41:33] rtpData ------->   map[count:0 state:0 result:] 
[GIN] 2020/01/02 - 12:41:33 | 200 |    2.582895ms |  192.168.66.115 | POST     /getResult
[2020-01-02 12:41:35] 自開彩開獎  {202001020254 1 35 true} 
ConfigData  map[port:3306 database:FA_MEM redisPassword:"" ip:192.168.88.181 user:fa_db password:1qaz!QAZ charset:utf8 redisIp:192.168.88.119 redisPort:6379 redisDB:3 poolname:FA_MEM]
SqlString  SELECT RTP,Amount,Bonus  FROM M_RtpSetting  WHERE Sid = 1   AND State = 1   AND LTG_Code = 1 AND Gid = 35
sqlResult   map[result: count:0 state:0]
[2020-01-02 12:41:35] rtpData ------->   map[state:0 result: count:0] 
[GIN] 2020/01/02 - 12:41:35 | 200 |    2.643605ms |  192.168.66.115 | POST     /getResult
[2020-01-02 12:41:35] 自開彩開獎  {202001020762 5 38 true} 
ConfigData  map[redisPort:6379 redisDB:3 password:1qaz!QAZ database:FA_MEM charset:utf8 user:fa_db redisIp:192.168.88.119 redisPassword:"" ip:192.168.88.181 poolname:FA_MEM port:3306]
SqlString  SELECT RTP,Amount,Bonus  FROM M_RtpSetting  WHERE Sid = 1   AND State = 1   AND LTG_Code = 5 AND Gid = 38
[2020-01-02 12:41:35] 自開彩開獎  {202001020762 4 40 true} 
ConfigData  map[ip:192.168.88.181 poolname:FA_MEM port:3306 redisPassword:"" redisDB:3 user:fa_db password:1qaz!QAZ database:FA_MEM charset:utf8 redisIp:192.168.88.119 redisPort:6379]
SqlString  SELECT RTP,Amount,Bonus  FROM M_RtpSetting  WHERE Sid = 1   AND State = 1   AND LTG_Code = 4 AND Gid = 40
sqlResult   map[result: count:0 state:0]
[2020-01-02 12:41:35] rtpData ------->   map[result: count:0 state:0] 
[GIN] 2020/01/02 - 12:41:35 | 200 |    2.699005ms |  192.168.66.115 | POST     /getResult
sqlResult   map[result: count:0 state:0]
[2020-01-02 12:41:35] rtpData ------->   map[result: count:0 state:0] 
[GIN] 2020/01/02 - 12:41:35 | 200 |    3.181762ms |  192.168.66.115 | POST     /getResult
[2020-01-02 12:41:35] 自開彩開獎  {202001020254 4 41 true} 
ConfigData  map[port:3306 password:1qaz!QAZ database:FA_MEM ip:192.168.88.181 poolname:FA_MEM redisIp:192.168.88.119 redisPort:6379 redisPassword:"" redisDB:3 user:fa_db charset:utf8]
SqlString  SELECT RTP,Amount,Bonus  FROM M_RtpSetting  WHERE Sid = 1   AND State = 1   AND LTG_Code = 4 AND Gid = 41
sqlResult   map[count:0 state:0 result:]
[2020-01-02 12:41:35] rtpData ------->   map[result: count:0 state:0] 
[GIN] 2020/01/02 - 12:41:35 | 200 |    2.180028ms |  192.168.66.115 | POST     /getResult
[2020-01-02 12:41:36] 自開彩開獎  {202001020762 6 36 true} 
ConfigData  map[ip:192.168.88.181 charset:utf8 redisIp:192.168.88.119 redisPort:6379 poolname:FA_MEM port:3306 user:fa_db password:1qaz!QAZ database:FA_MEM redisPassword:"" redisDB:3]
SqlString  SELECT RTP,Amount,Bonus  FROM M_RtpSetting  WHERE Sid = 1   AND State = 1   AND LTG_Code = 6 AND Gid = 36
sqlResult   map[result: count:0 state:0]
[2020-01-02 12:41:36] rtpData ------->   map[state:0 result: count:0] 
[GIN] 2020/01/02 - 12:41:36 | 200 |    2.456591ms |  192.168.66.115 | POST     /getResult
[2020-01-02 12:41:39] 自開彩開獎  {202001020762 1 34 true} 
ConfigData  map[redisPort:6379 charset:utf8 redisIp:192.168.88.119 port:3306 user:fa_db password:1qaz!QAZ database:FA_MEM redisPassword:"" redisDB:3 ip:192.168.88.181 poolname:FA_MEM]
SqlString  SELECT RTP,Amount,Bonus  FROM M_RtpSetting  WHERE Sid = 1   AND State = 1   AND LTG_Code = 1 AND Gid = 34
sqlResult   map[result: count:0 state:0]
[2020-01-02 12:41:39] rtpData ------->   map[result: count:0 state:0] 
[GIN] 2020/01/02 - 12:41:39 | 200 |    2.735025ms |  192.168.66.115 | POST     /getResult
[2020-01-02 12:41:41] 自開彩開獎  {202001020254 1 35 true} 
ConfigData  map[redisDB:3 poolname:FA_MEM user:fa_db database:FA_MEM charset:utf8 redisPort:6379 ip:192.168.88.181 port:3306 password:1qaz!QAZ redisIp:192.168.88.119 redisPassword:""]
SqlString  SELECT RTP,Amount,Bonus  FROM M_RtpSetting  WHERE Sid = 1   AND State = 1   AND LTG_Code = 1 AND Gid = 35
sqlResult   map[state:0 result: count:0]
[2020-01-02 12:41:41] rtpData ------->   map[result: count:0 state:0] 
[GIN] 2020/01/02 - 12:41:41 | 200 |    2.648718ms |  192.168.66.115 | POST     /getResult
[2020-01-02 12:41:41] 自開彩開獎  {202001020762 5 38 true} 
ConfigData  map[poolname:FA_MEM password:1qaz!QAZ charset:utf8 redisDB:3 ip:192.168.88.181 user:fa_db database:FA_MEM redisIp:192.168.88.119 redisPort:6379 redisPassword:"" port:3306]
SqlString  SELECT RTP,Amount,Bonus  FROM M_RtpSetting  WHERE Sid = 1   AND State = 1   AND LTG_Code = 5 AND Gid = 38
[2020-01-02 12:41:41] 自開彩開獎  {202001020762 4 40 true} 
ConfigData  map[port:3306 user:fa_db password:1qaz!QAZ charset:utf8 redisIp:192.168.88.119 redisPassword:"" ip:192.168.88.181 database:FA_MEM redisPort:6379 redisDB:3 poolname:FA_MEM]
SqlString  SELECT RTP,Amount,Bonus  FROM M_RtpSetting  WHERE Sid = 1   AND State = 1   AND LTG_Code = 4 AND Gid = 40
sqlResult   map[state:0 result: count:0]
[2020-01-02 12:41:41] rtpData ------->   map[result: count:0 state:0] 
[GIN] 2020/01/02 - 12:41:41 | 200 |    2.633915ms |  192.168.66.115 | POST     /getResult
sqlResult   map[result: count:0 state:0]
[2020-01-02 12:41:41] rtpData ------->   map[state:0 result: count:0] 
[GIN] 2020/01/02 - 12:41:41 | 200 |    2.807852ms |  192.168.66.115 | POST     /getResult
[2020-01-02 12:41:41] 自開彩開獎  {202001020254 4 41 true} 
ConfigData  map[database:FA_MEM redisIp:192.168.88.119 redisPort:6379 redisDB:3 ip:192.168.88.181 poolname:FA_MEM password:1qaz!QAZ charset:utf8 redisPassword:"" port:3306 user:fa_db]
SqlString  SELECT RTP,Amount,Bonus  FROM M_RtpSetting  WHERE Sid = 1   AND State = 1   AND LTG_Code = 4 AND Gid = 41
sqlResult   map[result: count:0 state:0]
[2020-01-02 12:41:41] rtpData ------->   map[result: count:0 state:0] 
[GIN] 2020/01/02 - 12:41:41 | 200 |    2.355048ms |  192.168.66.115 | POST     /getResult
[2020-01-02 12:41:42] 自開彩開獎  {202001020762 6 36 true} 
ConfigData  map[ip:192.168.88.181 user:fa_db password:1qaz!QAZ charset:utf8 redisIp:192.168.88.119 redisPort:6379 redisDB:3 poolname:FA_MEM port:3306 database:FA_MEM redisPassword:""]
SqlString  SELECT RTP,Amount,Bonus  FROM M_RtpSetting  WHERE Sid = 1   AND State = 1   AND LTG_Code = 6 AND Gid = 36
sqlResult   map[result: count:0 state:0]
[2020-01-02 12:41:42] rtpData ------->   map[result: count:0 state:0] 
[GIN] 2020/01/02 - 12:41:42 | 200 |    2.604475ms |  192.168.66.115 | POST     /getResult
[2020-01-02 12:41:45] 自開彩開獎  {202001020762 1 34 true} 
ConfigData  map[poolname:FA_MEM user:fa_db database:FA_MEM redisIp:192.168.88.119 redisPort:6379 ip:192.168.88.181 password:1qaz!QAZ charset:utf8 redisPassword:"" redisDB:3 port:3306]
SqlString  SELECT RTP,Amount,Bonus  FROM M_RtpSetting  WHERE Sid = 1   AND State = 1   AND LTG_Code = 1 AND Gid = 34
sqlResult   map[state:0 result: count:0]
[2020-01-02 12:41:45] rtpData ------->   map[result: count:0 state:0] 
[GIN] 2020/01/02 - 12:41:45 | 200 |    2.955511ms |  192.168.66.115 | POST     /getResult
[2020-01-02 12:41:47] 自開彩開獎  {202001020254 1 35 true} 
ConfigData  map[poolname:FA_MEM redisIp:192.168.88.119 redisPort:6379 redisPassword:"" redisDB:3 ip:192.168.88.181 port:3306 user:fa_db password:1qaz!QAZ database:FA_MEM charset:utf8]
SqlString  SELECT RTP,Amount,Bonus  FROM M_RtpSetting  WHERE Sid = 1   AND State = 1   AND LTG_Code = 1 AND Gid = 35
sqlResult   map[count:0 state:0 result:]
[2020-01-02 12:41:47] rtpData ------->   map[result: count:0 state:0] 
[GIN] 2020/01/02 - 12:41:47 | 200 |    8.184008ms |  192.168.66.115 | POST     /getResult
[2020-01-02 12:41:47] 自開彩開獎  {202001020762 5 38 true} 
ConfigData  map[ip:192.168.88.181 database:FA_MEM redisPort:6379 redisPassword:"" poolname:FA_MEM port:3306 user:fa_db password:1qaz!QAZ charset:utf8 redisIp:192.168.88.119 redisDB:3]
SqlString  SELECT RTP,Amount,Bonus  FROM M_RtpSetting  WHERE Sid = 1   AND State = 1   AND LTG_Code = 5 AND Gid = 38
[2020-01-02 12:41:47] 自開彩開獎  {202001020762 4 40 true} 
ConfigData  map[port:3306 database:FA_MEM redisIp:192.168.88.119 redisPort:6379 ip:192.168.88.181 user:fa_db password:1qaz!QAZ charset:utf8 redisPassword:"" redisDB:3 poolname:FA_MEM]
SqlString  SELECT RTP,Amount,Bonus  FROM M_RtpSetting  WHERE Sid = 1   AND State = 1   AND LTG_Code = 4 AND Gid = 40
sqlResult   map[count:0 state:0 result:]
[2020-01-02 12:41:47] rtpData ------->   map[result: count:0 state:0] 
[GIN] 2020/01/02 - 12:41:47 | 200 |    2.258651ms |  192.168.66.115 | POST     /getResult
sqlResult   map[result: count:0 state:0]
[2020-01-02 12:41:47] rtpData ------->   map[result: count:0 state:0] 
[GIN] 2020/01/02 - 12:41:47 | 200 |    2.475913ms |  192.168.66.115 | POST     /getResult
[2020-01-02 12:41:47] 自開彩開獎  {202001020254 4 41 true} 
ConfigData  map[port:3306 charset:utf8 redisDB:3 database:FA_MEM redisIp:192.168.88.119 redisPort:6379 redisPassword:"" ip:192.168.88.181 poolname:FA_MEM user:fa_db password:1qaz!QAZ]
SqlString  SELECT RTP,Amount,Bonus  FROM M_RtpSetting  WHERE Sid = 1   AND State = 1   AND LTG_Code = 4 AND Gid = 41
sqlResult   map[result: count:0 state:0]
[2020-01-02 12:41:47] rtpData ------->   map[result: count:0 state:0] 
[GIN] 2020/01/02 - 12:41:47 | 200 |    2.301322ms |  192.168.66.115 | POST     /getResult
[2020-01-02 12:41:48] 自開彩開獎  {202001020762 6 36 true} 
ConfigData  map[user:fa_db database:FA_MEM redisPort:6379 redisDB:3 ip:192.168.88.181 poolname:FA_MEM port:3306 password:1qaz!QAZ charset:utf8 redisIp:192.168.88.119 redisPassword:""]
SqlString  SELECT RTP,Amount,Bonus  FROM M_RtpSetting  WHERE Sid = 1   AND State = 1   AND LTG_Code = 6 AND Gid = 36
sqlResult   map[count:0 state:0 result:]
[2020-01-02 12:41:48] rtpData ------->   map[state:0 result: count:0] 
[GIN] 2020/01/02 - 12:41:48 | 200 |    2.096951ms |  192.168.66.115 | POST     /getResult
[2020-01-02 12:41:51] 自開彩開獎  {202001020762 1 34 true} 
ConfigData  map[redisPassword:"" redisDB:3 ip:192.168.88.181 poolname:FA_MEM user:fa_db database:FA_MEM redisPort:6379 port:3306 password:1qaz!QAZ charset:utf8 redisIp:192.168.88.119]
SqlString  SELECT RTP,Amount,Bonus  FROM M_RtpSetting  WHERE Sid = 1   AND State = 1   AND LTG_Code = 1 AND Gid = 34
sqlResult   map[count:0 state:0 result:]
[2020-01-02 12:41:51] rtpData ------->   map[result: count:0 state:0] 
[GIN] 2020/01/02 - 12:41:51 | 200 |    3.047448ms |  192.168.66.115 | POST     /getResult
[2020-01-02 12:41:53] 自開彩開獎  {202001020254 1 35 true} 
ConfigData  map[redisPort:6379 redisDB:3 ip:192.168.88.181 port:3306 user:fa_db charset:utf8 redisIp:192.168.88.119 poolname:FA_MEM password:1qaz!QAZ database:FA_MEM redisPassword:""]
SqlString  SELECT RTP,Amount,Bonus  FROM M_RtpSetting  WHERE Sid = 1   AND State = 1   AND LTG_Code = 1 AND Gid = 35
sqlResult   map[result: count:0 state:0]
[2020-01-02 12:41:53] rtpData ------->   map[result: count:0 state:0] 
[GIN] 2020/01/02 - 12:41:53 | 200 |    3.498713ms |  192.168.66.115 | POST     /getResult
[2020-01-02 12:41:53] 自開彩開獎  {202001020762 4 40 true} 
ConfigData  map[poolname:FA_MEM port:3306 user:fa_db redisDB:3 redisPassword:"" ip:192.168.88.181 password:1qaz!QAZ database:FA_MEM charset:utf8 redisIp:192.168.88.119 redisPort:6379]
SqlString  SELECT RTP,Amount,Bonus  FROM M_RtpSetting  WHERE Sid = 1   AND State = 1   AND LTG_Code = 4 AND Gid = 40
[2020-01-02 12:41:53] 自開彩開獎  {202001020762 5 38 true} 
ConfigData  map[user:fa_db redisPort:6379 redisPassword:"" port:3306 poolname:FA_MEM password:1qaz!QAZ database:FA_MEM charset:utf8 redisIp:192.168.88.119 redisDB:3 ip:192.168.88.181]
SqlString  SELECT RTP,Amount,Bonus  FROM M_RtpSetting  WHERE Sid = 1   AND State = 1   AND LTG_Code = 5 AND Gid = 38
sqlResult   map[result: count:0 state:0]
[2020-01-02 12:41:53] rtpData ------->   map[result: count:0 state:0] 
sqlResult   map[count:0 state:0 result:]
[2020-01-02 12:41:53] rtpData ------->   map[result: count:0 state:0] 
[GIN] 2020/01/02 - 12:41:53 | 200 |    3.360805ms |  192.168.66.115 | POST     /getResult
[GIN] 2020/01/02 - 12:41:53 | 200 |    3.174346ms |  192.168.66.115 | POST     /getResult
[2020-01-02 12:41:53] 自開彩開獎  {202001020254 4 41 true} 
ConfigData  map[database:FA_MEM charset:utf8 redisPassword:"" ip:192.168.88.181 password:1qaz!QAZ user:fa_db redisIp:192.168.88.119 redisPort:6379 redisDB:3 poolname:FA_MEM port:3306]
SqlString  SELECT RTP,Amount,Bonus  FROM M_RtpSetting  WHERE Sid = 1   AND State = 1   AND LTG_Code = 4 AND Gid = 41
sqlResult   map[result: count:0 state:0]
[2020-01-02 12:41:53] rtpData ------->   map[result: count:0 state:0] 
[GIN] 2020/01/02 - 12:41:53 | 200 |    2.303889ms |  192.168.66.115 | POST     /getResult
[2020-01-02 12:41:54] 自開彩開獎  {202001020762 6 36 true} 
ConfigData  map[poolname:FA_MEM user:fa_db charset:utf8 ip:192.168.88.181 password:1qaz!QAZ database:FA_MEM redisIp:192.168.88.119 redisPort:6379 redisPassword:"" redisDB:3 port:3306]
SqlString  SELECT RTP,Amount,Bonus  FROM M_RtpSetting  WHERE Sid = 1   AND State = 1   AND LTG_Code = 6 AND Gid = 36
sqlResult   map[result: count:0 state:0]
[2020-01-02 12:41:54] rtpData ------->   map[state:0 result: count:0] 
[GIN] 2020/01/02 - 12:41:54 | 200 |    3.049354ms |  192.168.66.115 | POST     /getResult
[2020-01-02 12:41:57] 自開彩開獎  {202001020762 1 34 true} 
ConfigData  map[user:fa_db charset:utf8 redisPort:6379 redisPassword:"" poolname:FA_MEM port:3306 password:1qaz!QAZ database:FA_MEM redisIp:192.168.88.119 redisDB:3 ip:192.168.88.181]
SqlString  SELECT RTP,Amount,Bonus  FROM M_RtpSetting  WHERE Sid = 1   AND State = 1   AND LTG_Code = 1 AND Gid = 34
sqlResult   map[result: count:0 state:0]
[2020-01-02 12:41:57] rtpData ------->   map[result: count:0 state:0] 
[GIN] 2020/01/02 - 12:41:57 | 200 |    2.817631ms |  192.168.66.115 | POST     /getResult
[2020-01-02 12:41:59] 自開彩開獎  {202001020254 1 35 true} 
ConfigData  map[port:3306 password:1qaz!QAZ redisIp:192.168.88.119 redisPassword:"" redisDB:3 ip:192.168.88.181 poolname:FA_MEM user:fa_db database:FA_MEM charset:utf8 redisPort:6379]
SqlString  SELECT RTP,Amount,Bonus  FROM M_RtpSetting  WHERE Sid = 1   AND State = 1   AND LTG_Code = 1 AND Gid = 35
sqlResult   map[result: count:0 state:0]
[2020-01-02 12:41:59] rtpData ------->   map[state:0 result: count:0] 
[GIN] 2020/01/02 - 12:41:59 | 200 |     2.76347ms |  192.168.66.115 | POST     /getResult
[2020-01-02 12:41:59] 自開彩開獎  {202001020762 5 38 true} 
[2020-01-02 12:41:59] 自開彩開獎  {202001020762 4 40 true} 
ConfigData  map[charset:utf8 redisPort:6379 ip:192.168.88.181 poolname:FA_MEM port:3306 user:fa_db database:FA_MEM password:1qaz!QAZ redisIp:192.168.88.119 redisPassword:"" redisDB:3]
ConfigData  map[redisIp:192.168.88.119 redisPort:6379 ip:192.168.88.181 port:3306 password:1qaz!QAZ charset:utf8 redisPassword:"" redisDB:3 poolname:FA_MEM user:fa_db database:FA_MEM]
SqlString  SELECT RTP,Amount,Bonus  FROM M_RtpSetting  WHERE Sid = 1   AND State = 1   AND LTG_Code = 5 AND Gid = 38
SqlString  SELECT RTP,Amount,Bonus  FROM M_RtpSetting  WHERE Sid = 1   AND State = 1   AND LTG_Code = 4 AND Gid = 40
sqlResult   map[result: count:0 state:0]
[2020-01-02 12:41:59] rtpData ------->   map[result: count:0 state:0] 
[GIN] 2020/01/02 - 12:41:59 | 200 |     2.35984ms |  192.168.66.115 | POST     /getResult
sqlResult   map[count:0 state:0 result:]
[2020-01-02 12:41:59] rtpData ------->   map[result: count:0 state:0] 
[GIN] 2020/01/02 - 12:41:59 | 200 |    2.959991ms |  192.168.66.115 | POST     /getResult
[2020-01-02 12:41:59] 自開彩開獎  {202001020254 4 41 true} 
ConfigData  map[ip:192.168.88.181 database:FA_MEM redisIp:192.168.88.119 redisPort:6379 redisPassword:"" poolname:FA_MEM port:3306 user:fa_db password:1qaz!QAZ charset:utf8 redisDB:3]
SqlString  SELECT RTP,Amount,Bonus  FROM M_RtpSetting  WHERE Sid = 1   AND State = 1   AND LTG_Code = 4 AND Gid = 41
sqlResult   map[result: count:0 state:0]
[2020-01-02 12:41:59] rtpData ------->   map[state:0 result: count:0] 
[GIN] 2020/01/02 - 12:41:59 | 200 |     2.07303ms |  192.168.66.115 | POST     /getResult
[2020-01-02 12:42:00] 自開彩開獎  {202001020762 6 36 true} 
ConfigData  map[poolname:FA_MEM port:3306 password:1qaz!QAZ database:FA_MEM charset:utf8 ip:192.168.88.181 redisIp:192.168.88.119 redisPort:6379 redisPassword:"" redisDB:3 user:fa_db]
SqlString  SELECT RTP,Amount,Bonus  FROM M_RtpSetting  WHERE Sid = 1   AND State = 1   AND LTG_Code = 6 AND Gid = 36
sqlResult   map[result: count:0 state:0]
[2020-01-02 12:42:00] rtpData ------->   map[count:0 state:0 result:] 
[GIN] 2020/01/02 - 12:42:00 | 200 |    2.716632ms |  192.168.66.115 | POST     /getResult
[2020-01-02 12:42:00] 自開彩開獎  {202001020763 2 26 true} 
ConfigData  map[ip:192.168.88.181 poolname:FA_MEM port:3306 user:fa_db password:1qaz!QAZ database:FA_MEM charset:utf8 redisIp:192.168.88.119 redisDB:3 redisPort:6379 redisPassword:""]
SqlString  SELECT RTP,Amount,Bonus  FROM M_RtpSetting  WHERE Sid = 1   AND State = 1   AND LTG_Code = 2 AND Gid = 26
[2020-01-02 12:42:00] 自開彩開獎  {20200102255 2 27 true} 
ConfigData  map[database:FA_MEM redisPort:6379 ip:192.168.88.181 port:3306 user:fa_db redisIp:192.168.88.119 redisPassword:"" redisDB:3 poolname:FA_MEM password:1qaz!QAZ charset:utf8]
SqlString  SELECT RTP,Amount,Bonus  FROM M_RtpSetting  WHERE Sid = 1   AND State = 1   AND LTG_Code = 2 AND Gid = 27
sqlResult   map[amount:1.0069588e+06 bonus:908100.71 result:0.9600 count:1 state:1]
[2020-01-02 12:42:00] rtpData ------->   map[bonus:908100.71 result:0.9600 count:1 state:1 amount:1.0069588e+06] 
ConfigData  map[ip:192.168.88.181 port:3306 user:fa_db password:1qaz!QAZ database:FA_MEM charset:utf8 redisPassword:"" redisDB:3 poolname:FA_MEM redisIp:192.168.88.119 redisPort:6379]
SELECT BO_No, BO_OrderNo , BO_User , BO_Issue  , BO_LotteryTypeGroup, BO_LotteryType, BO_Mode, BO_LotteryPlayGroup, BO_LotteryPlay , BO_LotteryContent, BO_Price, BO_RealPrice, BO_Unit, BO_Multiple , BO_BetCount  , BO_Winnings, BO_Winnings2, BO_Winnings3, BO_WinningLimit  , BO_Water , BO_BW_SourceUserId, BO_BW_BackWater, BO_BW_LimitBetCount, BO_BW_MaxAmount, BO_BW_AuditMultiple  , BO_Odds, BO_Odds2, BO_Odds3 , BO_Type, BO_Chase , BO_OpenResult, BO_OpenResult2, BO_DateDraw, BO_DateDraw2, BO_DateUpdate  FROM TS_BetOrder  WHERE BO_Cancel = 0   AND BO_CancelBackend = 0   AND BO_LotteryTypeGroup = 2 AND BO_LotteryType = 26 AND BO_Issue = 202001020763 AND BO_Collect = 0 ORDER BY BO_DateDraw ASC, BO_DateCreate ASC, BO_DateUpdate ASC, BO_No ASC ;
sqlResult   map[result:0.9600 count:1 state:1 amount:105208 bonus:58491.69]
[2020-01-02 12:42:00] rtpData ------->   map[amount:105208 bonus:58491.69 result:0.9600 count:1 state:1] 
ConfigData  map[poolname:FA_MEM password:1qaz!QAZ charset:utf8 ip:192.168.88.181 user:fa_db database:FA_MEM redisIp:192.168.88.119 redisPort:6379 redisPassword:"" redisDB:3 port:3306]
SELECT BO_No, BO_OrderNo , BO_User , BO_Issue  , BO_LotteryTypeGroup, BO_LotteryType, BO_Mode, BO_LotteryPlayGroup, BO_LotteryPlay , BO_LotteryContent, BO_Price, BO_RealPrice, BO_Unit, BO_Multiple , BO_BetCount  , BO_Winnings, BO_Winnings2, BO_Winnings3, BO_WinningLimit  , BO_Water , BO_BW_SourceUserId, BO_BW_BackWater, BO_BW_LimitBetCount, BO_BW_MaxAmount, BO_BW_AuditMultiple  , BO_Odds, BO_Odds2, BO_Odds3 , BO_Type, BO_Chase , BO_OpenResult, BO_OpenResult2, BO_DateDraw, BO_DateDraw2, BO_DateUpdate  FROM TS_BetOrder  WHERE BO_Cancel = 0   AND BO_CancelBackend = 0   AND BO_LotteryTypeGroup = 2 AND BO_LotteryType = 27 AND BO_Issue = 20200102255 AND BO_Collect = 0 ORDER BY BO_DateDraw ASC, BO_DateCreate ASC, BO_DateUpdate ASC, BO_No ASC ;
[2020-01-02 12:42:00] LottteryTypeGroup 2 
[2020-01-02 12:42:00] 有期號 但無注單 -------> map[amount:0 bonus:0 thisOpenResult:[1 0 0 4 1]] 
[GIN] 2020/01/02 - 12:42:00 | 200 |    5.768593ms |  192.168.66.115 | POST     /getResult
[2020-01-02 12:42:00] LottteryTypeGroup 2 
[2020-01-02 12:42:00] 有期號 但無注單 -------> map[bonus:0 thisOpenResult:[5 7 3 5 1] amount:0] 
[GIN] 2020/01/02 - 12:42:00 | 200 |    5.814195ms |  192.168.66.115 | POST     /getResult
[2020-01-02 12:42:01] 自開彩開獎  {202001020255 6 37 true} 
ConfigData  map[redisPassword:"" redisDB:3 poolname:FA_MEM port:3306 password:1qaz!QAZ redisIp:192.168.88.119 redisPort:6379 ip:192.168.88.181 user:fa_db database:FA_MEM charset:utf8]
SqlString  SELECT RTP,Amount,Bonus  FROM M_RtpSetting  WHERE Sid = 1   AND State = 1   AND LTG_Code = 6 AND Gid = 37
sqlResult   map[result: count:0 state:0]
[2020-01-02 12:42:01] rtpData ------->   map[result: count:0 state:0] 
[GIN] 2020/01/02 - 12:42:01 | 200 |    2.019889ms |  192.168.66.115 | POST     /getResult
[2020-01-02 12:42:03] 自開彩開獎  {202001020762 1 34 true} 
ConfigData  map[redisDB:3 ip:192.168.88.181 password:1qaz!QAZ database:FA_MEM charset:utf8 redisIp:192.168.88.119 redisPort:6379 poolname:FA_MEM port:3306 user:fa_db redisPassword:""]
SqlString  SELECT RTP,Amount,Bonus  FROM M_RtpSetting  WHERE Sid = 1   AND State = 1   AND LTG_Code = 1 AND Gid = 34
sqlResult   map[result: count:0 state:0]
[2020-01-02 12:42:03] rtpData ------->   map[result: count:0 state:0] 
[GIN] 2020/01/02 - 12:42:03 | 200 |    3.003689ms |  192.168.66.115 | POST     /getResult
[2020-01-02 12:42:05] 自開彩開獎  {202001020254 1 35 true} 
ConfigData  map[redisIp:192.168.88.119 redisPassword:"" redisDB:3 port:3306 user:fa_db charset:utf8 database:FA_MEM redisPort:6379 ip:192.168.88.181 poolname:FA_MEM password:1qaz!QAZ]
SqlString  SELECT RTP,Amount,Bonus  FROM M_RtpSetting  WHERE Sid = 1   AND State = 1   AND LTG_Code = 1 AND Gid = 35
sqlResult   map[result: count:0 state:0]
[2020-01-02 12:42:05] rtpData ------->   map[result: count:0 state:0] 
[GIN] 2020/01/02 - 12:42:05 | 200 |    4.050572ms |  192.168.66.115 | POST     /getResult
[2020-01-02 12:42:05] 自開彩開獎  {202001020762 5 38 true} 
[2020-01-02 12:42:05] 自開彩開獎  {202001020762 4 40 true} 
ConfigData  map[redisPassword:"" redisDB:3 ip:192.168.88.181 poolname:FA_MEM port:3306 user:fa_db password:1qaz!QAZ database:FA_MEM charset:utf8 redisIp:192.168.88.119 redisPort:6379]
SqlString  SELECT RTP,Amount,Bonus  FROM M_RtpSetting  WHERE Sid = 1   AND State = 1   AND LTG_Code = 5 AND Gid = 38
ConfigData  map[user:fa_db redisDB:3 poolname:FA_MEM port:3306 database:FA_MEM charset:utf8 redisIp:192.168.88.119 redisPort:6379 redisPassword:"" ip:192.168.88.181 password:1qaz!QAZ]
SqlString  SELECT RTP,Amount,Bonus  FROM M_RtpSetting  WHERE Sid = 1   AND State = 1   AND LTG_Code = 4 AND Gid = 40
sqlResult   map[count:0 state:0 result:]
[2020-01-02 12:42:05] rtpData ------->   map[count:0 state:0 result:] 
sqlResult   map[state:0 result: count:0]
[2020-01-02 12:42:05] rtpData ------->   map[result: count:0 state:0] 
[GIN] 2020/01/02 - 12:42:05 | 200 |    3.058626ms |  192.168.66.115 | POST     /getResult
[GIN] 2020/01/02 - 12:42:05 | 200 |    3.018637ms |  192.168.66.115 | POST     /getResult
[2020-01-02 12:42:05] 自開彩開獎  {202001020254 4 41 true} 
ConfigData  map[poolname:FA_MEM database:FA_MEM redisIp:192.168.88.119 ip:192.168.88.181 user:fa_db password:1qaz!QAZ charset:utf8 redisPort:6379 redisPassword:"" redisDB:3 port:3306]
SqlString  SELECT RTP,Amount,Bonus  FROM M_RtpSetting  WHERE Sid = 1   AND State = 1   AND LTG_Code = 4 AND Gid = 41
sqlResult   map[state:0 result: count:0]
[2020-01-02 12:42:05] rtpData ------->   map[result: count:0 state:0] 
[GIN] 2020/01/02 - 12:42:05 | 200 |    2.299185ms |  192.168.66.115 | POST     /getResult
[2020-01-02 12:42:06] 自開彩開獎  {202001020763 6 36 true} 
ConfigData  map[redisPort:6379 redisPassword:"" poolname:FA_MEM port:3306 user:fa_db password:1qaz!QAZ redisIp:192.168.88.119 ip:192.168.88.181 database:FA_MEM charset:utf8 redisDB:3]
SqlString  SELECT RTP,Amount,Bonus  FROM M_RtpSetting  WHERE Sid = 1   AND State = 1   AND LTG_Code = 6 AND Gid = 36
sqlResult   map[result: count:0 state:0]
[2020-01-02 12:42:06] rtpData ------->   map[count:0 state:0 result:] 
[GIN] 2020/01/02 - 12:42:06 | 200 |    2.589244ms |  192.168.66.115 | POST     /getResult
[2020-01-02 12:42:07] 自開彩開獎  {202001020255 6 37 true} 
ConfigData  map[user:fa_db charset:utf8 redisPort:6379 redisPassword:"" redisDB:3 redisIp:192.168.88.119 ip:192.168.88.181 poolname:FA_MEM port:3306 password:1qaz!QAZ database:FA_MEM]
SqlString  SELECT RTP,Amount,Bonus  FROM M_RtpSetting  WHERE Sid = 1   AND State = 1   AND LTG_Code = 6 AND Gid = 37
sqlResult   map[result: count:0 state:0]
[2020-01-02 12:42:07] rtpData ------->   map[result: count:0 state:0] 
[GIN] 2020/01/02 - 12:42:07 | 200 |    2.571105ms |  192.168.66.115 | POST     /getResult
[2020-01-02 12:42:09] 自開彩開獎  {202001020763 1 34 true} 
ConfigData  map[password:1qaz!QAZ database:FA_MEM redisIp:192.168.88.119 redisDB:3 redisPort:6379 redisPassword:"" ip:192.168.88.181 poolname:FA_MEM port:3306 user:fa_db charset:utf8]
SqlString  SELECT RTP,Amount,Bonus  FROM M_RtpSetting  WHERE Sid = 1   AND State = 1   AND LTG_Code = 1 AND Gid = 34
sqlResult   map[result: count:0 state:0]
[2020-01-02 12:42:09] rtpData ------->   map[result: count:0 state:0] 
[GIN] 2020/01/02 - 12:42:09 | 200 |    2.058386ms |  192.168.66.115 | POST     /getResult
[2020-01-02 12:42:11] 自開彩開獎  {202001020255 1 35 true} 
ConfigData  map[port:3306 database:FA_MEM redisPassword:"" redisDB:3 ip:192.168.88.181 poolname:FA_MEM charset:utf8 redisIp:192.168.88.119 redisPort:6379 user:fa_db password:1qaz!QAZ]
SqlString  SELECT RTP,Amount,Bonus  FROM M_RtpSetting  WHERE Sid = 1   AND State = 1   AND LTG_Code = 1 AND Gid = 35
sqlResult   map[result: count:0 state:0]
[2020-01-02 12:42:11] rtpData ------->   map[result: count:0 state:0] 
[GIN] 2020/01/02 - 12:42:11 | 200 |    2.089913ms |  192.168.66.115 | POST     /getResult
[2020-01-02 12:42:11] 自開彩開獎  {202001020763 5 38 true} 
ConfigData  map[port:3306 database:FA_MEM charset:utf8 redisIp:192.168.88.119 redisPort:6379 redisPassword:"" ip:192.168.88.181 poolname:FA_MEM user:fa_db password:1qaz!QAZ redisDB:3]
SqlString  SELECT RTP,Amount,Bonus  FROM M_RtpSetting  WHERE Sid = 1   AND State = 1   AND LTG_Code = 5 AND Gid = 38
[2020-01-02 12:42:11] 自開彩開獎  {202001020763 4 40 true} 
ConfigData  map[redisDB:3 ip:192.168.88.181 port:3306 user:fa_db password:1qaz!QAZ database:FA_MEM redisIp:192.168.88.119 poolname:FA_MEM charset:utf8 redisPort:6379 redisPassword:""]
SqlString  SELECT RTP,Amount,Bonus  FROM M_RtpSetting  WHERE Sid = 1   AND State = 1   AND LTG_Code = 4 AND Gid = 40
sqlResult   map[result: count:0 state:0]
sqlResult   map[result: count:0 state:0]
[2020-01-02 12:42:11] rtpData ------->   map[result: count:0 state:0] 
[2020-01-02 12:42:11] rtpData ------->   map[result: count:0 state:0] 
[GIN] 2020/01/02 - 12:42:11 | 200 |    2.012809ms |  192.168.66.115 | POST     /getResult
[GIN] 2020/01/02 - 12:42:11 | 200 |     2.01233ms |  192.168.66.115 | POST     /getResult
[2020-01-02 12:42:11] 自開彩開獎  {202001020255 4 41 true} 
ConfigData  map[ip:192.168.88.181 poolname:FA_MEM user:fa_db password:1qaz!QAZ redisPassword:"" redisDB:3 port:3306 database:FA_MEM charset:utf8 redisIp:192.168.88.119 redisPort:6379]
SqlString  SELECT RTP,Amount,Bonus  FROM M_RtpSetting  WHERE Sid = 1   AND State = 1   AND LTG_Code = 4 AND Gid = 41
sqlResult   map[result: count:0 state:0]
[2020-01-02 12:42:11] rtpData ------->   map[result: count:0 state:0] 
[GIN] 2020/01/02 - 12:42:11 | 200 |    2.954884ms |  192.168.66.115 | POST     /getResult
[2020-01-02 12:42:12] 自開彩開獎  {202001020763 6 36 true} 
ConfigData  map[redisIp:192.168.88.119 redisPort:6379 redisDB:3 ip:192.168.88.181 poolname:FA_MEM user:fa_db database:FA_MEM port:3306 password:1qaz!QAZ charset:utf8 redisPassword:""]
SqlString  SELECT RTP,Amount,Bonus  FROM M_RtpSetting  WHERE Sid = 1   AND State = 1   AND LTG_Code = 6 AND Gid = 36
sqlResult   map[result: count:0 state:0]
[2020-01-02 12:42:12] rtpData ------->   map[result: count:0 state:0] 
[GIN] 2020/01/02 - 12:42:12 | 200 |    2.895975ms |  192.168.66.115 | POST     /getResult
[2020-01-02 12:42:13] 自開彩開獎  {202001020255 6 37 true} 
ConfigData  map[ip:192.168.88.181 user:fa_db charset:utf8 redisPort:6379 redisDB:3 poolname:FA_MEM port:3306 password:1qaz!QAZ database:FA_MEM redisIp:192.168.88.119 redisPassword:""]
SqlString  SELECT RTP,Amount,Bonus  FROM M_RtpSetting  WHERE Sid = 1   AND State = 1   AND LTG_Code = 6 AND Gid = 37
sqlResult   map[result: count:0 state:0]
[2020-01-02 12:42:13] rtpData ------->   map[result: count:0 state:0] 
[GIN] 2020/01/02 - 12:42:13 | 200 |    2.958554ms |  192.168.66.115 | POST     /getResult
[2020-01-02 12:42:15] 自開彩開獎  {202001020763 1 34 true} 
ConfigData  map[database:FA_MEM redisIp:192.168.88.119 redisDB:3 ip:192.168.88.181 poolname:FA_MEM user:fa_db password:1qaz!QAZ port:3306 charset:utf8 redisPort:6379 redisPassword:""]
SqlString  SELECT RTP,Amount,Bonus  FROM M_RtpSetting  WHERE Sid = 1   AND State = 1   AND LTG_Code = 1 AND Gid = 34
sqlResult   map[result: count:0 state:0]
[2020-01-02 12:42:15] rtpData ------->   map[count:0 state:0 result:] 
[GIN] 2020/01/02 - 12:42:15 | 200 |    3.380526ms |  192.168.66.115 | POST     /getResult
[2020-01-02 12:42:17] 自開彩開獎  {202001020255 1 35 true} 
ConfigData  map[ip:192.168.88.181 port:3306 password:1qaz!QAZ database:FA_MEM redisPassword:"" redisDB:3 poolname:FA_MEM user:fa_db charset:utf8 redisIp:192.168.88.119 redisPort:6379]
SqlString  SELECT RTP,Amount,Bonus  FROM M_RtpSetting  WHERE Sid = 1   AND State = 1   AND LTG_Code = 1 AND Gid = 35
sqlResult   map[result: count:0 state:0]
[2020-01-02 12:42:17] rtpData ------->   map[state:0 result: count:0] 
[GIN] 2020/01/02 - 12:42:17 | 200 |    3.031896ms |  192.168.66.115 | POST     /getResult
[2020-01-02 12:42:17] 自開彩開獎  {202001020763 4 40 true} 
ConfigData  map[port:3306 password:1qaz!QAZ redisIp:192.168.88.119 redisPassword:"" redisDB:3 poolname:FA_MEM user:fa_db database:FA_MEM charset:utf8 redisPort:6379 ip:192.168.88.181]
SqlString  SELECT RTP,Amount,Bonus  FROM M_RtpSetting  WHERE Sid = 1   AND State = 1   AND LTG_Code = 4 AND Gid = 40
[2020-01-02 12:42:17] 自開彩開獎  {202001020763 5 38 true} 
ConfigData  map[ip:192.168.88.181 poolname:FA_MEM user:fa_db redisIp:192.168.88.119 redisPort:6379 port:3306 password:1qaz!QAZ database:FA_MEM charset:utf8 redisPassword:"" redisDB:3]
SqlString  SELECT RTP,Amount,Bonus  FROM M_RtpSetting  WHERE Sid = 1   AND State = 1   AND LTG_Code = 5 AND Gid = 38
sqlResult   map[result: count:0 state:0]
sqlResult   map[count:0 state:0 result:]
[2020-01-02 12:42:17] rtpData ------->   map[result: count:0 state:0] 
[GIN] 2020/01/02 - 12:42:17 | 200 |    2.514509ms |  192.168.66.115 | POST     /getResult
[2020-01-02 12:42:17] rtpData ------->   map[state:0 result: count:0] 
[GIN] 2020/01/02 - 12:42:17 | 200 |    2.627844ms |  192.168.66.115 | POST     /getResult
[2020-01-02 12:42:17] 自開彩開獎  {202001020255 4 41 true} 
ConfigData  map[poolname:FA_MEM database:FA_MEM charset:utf8 redisPort:6379 redisDB:3 redisPassword:"" ip:192.168.88.181 port:3306 user:fa_db password:1qaz!QAZ redisIp:192.168.88.119]
SqlString  SELECT RTP,Amount,Bonus  FROM M_RtpSetting  WHERE Sid = 1   AND State = 1   AND LTG_Code = 4 AND Gid = 41
sqlResult   map[result: count:0 state:0]
[2020-01-02 12:42:17] rtpData ------->   map[result: count:0 state:0] 
[GIN] 2020/01/02 - 12:42:17 | 200 |    2.498595ms |  192.168.66.115 | POST     /getResult
[2020-01-02 12:42:18] 自開彩開獎  {202001020763 6 36 true} 
ConfigData  map[user:fa_db password:1qaz!QAZ charset:utf8 redisIp:192.168.88.119 redisPort:6379 redisPassword:"" ip:192.168.88.181 poolname:FA_MEM redisDB:3 port:3306 database:FA_MEM]
SqlString  SELECT RTP,Amount,Bonus  FROM M_RtpSetting  WHERE Sid = 1   AND State = 1   AND LTG_Code = 6 AND Gid = 36
sqlResult   map[result: count:0 state:0]
[2020-01-02 12:42:18] rtpData ------->   map[result: count:0 state:0] 
[GIN] 2020/01/02 - 12:42:18 | 200 |    2.633889ms |  192.168.66.115 | POST     /getResult
[2020-01-02 12:42:19] 自開彩開獎  {202001020255 6 37 true} 
ConfigData  map[user:fa_db password:1qaz!QAZ charset:utf8 redisIp:192.168.88.119 redisPassword:"" redisDB:3 ip:192.168.88.181 poolname:FA_MEM port:3306 database:FA_MEM redisPort:6379]
SqlString  SELECT RTP,Amount,Bonus  FROM M_RtpSetting  WHERE Sid = 1   AND State = 1   AND LTG_Code = 6 AND Gid = 37
sqlResult   map[count:0 state:0 result:]
[2020-01-02 12:42:19] rtpData ------->   map[result: count:0 state:0] 
[GIN] 2020/01/02 - 12:42:19 | 200 |    2.580133ms |  192.168.66.115 | POST     /getResult
[2020-01-02 12:42:21] 自開彩開獎  {202001020763 1 34 true} 
ConfigData  map[redisPort:6379 redisPassword:"" redisDB:3 poolname:FA_MEM user:fa_db password:1qaz!QAZ database:FA_MEM ip:192.168.88.181 port:3306 charset:utf8 redisIp:192.168.88.119]
SqlString  SELECT RTP,Amount,Bonus  FROM M_RtpSetting  WHERE Sid = 1   AND State = 1   AND LTG_Code = 1 AND Gid = 34
sqlResult   map[result: count:0 state:0]
[2020-01-02 12:42:21] rtpData ------->   map[count:0 state:0 result:] 
[GIN] 2020/01/02 - 12:42:21 | 200 |     2.68562ms |  192.168.66.115 | POST     /getResult
[2020-01-02 12:42:23] 自開彩開獎  {202001020255 1 35 true} 
ConfigData  map[ip:192.168.88.181 poolname:FA_MEM user:fa_db password:1qaz!QAZ redisPort:6379 port:3306 database:FA_MEM charset:utf8 redisIp:192.168.88.119 redisPassword:"" redisDB:3]
SqlString  SELECT RTP,Amount,Bonus  FROM M_RtpSetting  WHERE Sid = 1   AND State = 1   AND LTG_Code = 1 AND Gid = 35
sqlResult   map[state:0 result: count:0]
[2020-01-02 12:42:23] rtpData ------->   map[result: count:0 state:0] 
[GIN] 2020/01/02 - 12:42:23 | 200 |    2.241162ms |  192.168.66.115 | POST     /getResult
[2020-01-02 12:42:23] 自開彩開獎  {202001020763 5 38 true} 
ConfigData  map[poolname:FA_MEM user:fa_db database:FA_MEM redisDB:3 ip:192.168.88.181 port:3306 password:1qaz!QAZ charset:utf8 redisIp:192.168.88.119 redisPort:6379 redisPassword:""]
SqlString  SELECT RTP,Amount,Bonus  FROM M_RtpSetting  WHERE Sid = 1   AND State = 1   AND LTG_Code = 5 AND Gid = 38
[2020-01-02 12:42:23] 自開彩開獎  {202001020763 4 40 true} 
ConfigData  map[redisPort:6379 ip:192.168.88.181 poolname:FA_MEM port:3306 user:fa_db database:FA_MEM charset:utf8 redisIp:192.168.88.119 redisPassword:"" password:1qaz!QAZ redisDB:3]
SqlString  SELECT RTP,Amount,Bonus  FROM M_RtpSetting  WHERE Sid = 1   AND State = 1   AND LTG_Code = 4 AND Gid = 40
sqlResult   map[state:0 result: count:0]
[2020-01-02 12:42:23] rtpData ------->   map[state:0 result: count:0] 
[GIN] 2020/01/02 - 12:42:23 | 200 |    2.362174ms |  192.168.66.115 | POST     /getResult
sqlResult   map[result: count:0 state:0]
[2020-01-02 12:42:23] rtpData ------->   map[result: count:0 state:0] 
[GIN] 2020/01/02 - 12:42:23 | 200 |    2.651501ms |  192.168.66.115 | POST     /getResult
[2020-01-02 12:42:23] 自開彩開獎  {202001020255 4 41 true} 
ConfigData  map[password:1qaz!QAZ database:FA_MEM redisIp:192.168.88.119 redisPort:6379 redisDB:3 port:3306 poolname:FA_MEM user:fa_db charset:utf8 redisPassword:"" ip:192.168.88.181]
SqlString  SELECT RTP,Amount,Bonus  FROM M_RtpSetting  WHERE Sid = 1   AND State = 1   AND LTG_Code = 4 AND Gid = 41
sqlResult   map[result: count:0 state:0]
[2020-01-02 12:42:23] rtpData ------->   map[count:0 state:0 result:] 
[GIN] 2020/01/02 - 12:42:23 | 200 |    2.727261ms |  192.168.66.115 | POST     /getResult
[2020-01-02 12:42:24] 自開彩開獎  {202001020763 6 36 true} 
ConfigData  map[database:FA_MEM charset:utf8 redisPort:6379 redisDB:3 ip:192.168.88.181 poolname:FA_MEM password:1qaz!QAZ redisPassword:"" port:3306 user:fa_db redisIp:192.168.88.119]
SqlString  SELECT RTP,Amount,Bonus  FROM M_RtpSetting  WHERE Sid = 1   AND State = 1   AND LTG_Code = 6 AND Gid = 36
sqlResult   map[state:0 result: count:0]
[2020-01-02 12:42:24] rtpData ------->   map[result: count:0 state:0] 
[GIN] 2020/01/02 - 12:42:24 | 200 |    2.461297ms |  192.168.66.115 | POST     /getResult
[2020-01-02 12:42:25] 自開彩開獎  {202001020255 6 37 true} 
ConfigData  map[redisDB:3 ip:192.168.88.181 database:FA_MEM redisPort:6379 redisPassword:"" charset:utf8 redisIp:192.168.88.119 poolname:FA_MEM port:3306 user:fa_db password:1qaz!QAZ]
SqlString  SELECT RTP,Amount,Bonus  FROM M_RtpSetting  WHERE Sid = 1   AND State = 1   AND LTG_Code = 6 AND Gid = 37
sqlResult   map[result: count:0 state:0]
[2020-01-02 12:42:25] rtpData ------->   map[result: count:0 state:0] 
[GIN] 2020/01/02 - 12:42:25 | 200 |    2.217277ms |  192.168.66.115 | POST     /getResult
[2020-01-02 12:42:27] 自開彩開獎  {202001020763 1 34 true} 
ConfigData  map[password:1qaz!QAZ database:FA_MEM redisPort:6379 redisPassword:"" ip:192.168.88.181 poolname:FA_MEM port:3306 redisDB:3 user:fa_db charset:utf8 redisIp:192.168.88.119]
SqlString  SELECT RTP,Amount,Bonus  FROM M_RtpSetting  WHERE Sid = 1   AND State = 1   AND LTG_Code = 1 AND Gid = 34
sqlResult   map[count:0 state:0 result:]
[2020-01-02 12:42:27] rtpData ------->   map[result: count:0 state:0] 
[GIN] 2020/01/02 - 12:42:27 | 200 |    2.392533ms |  192.168.66.115 | POST     /getResult
[2020-01-02 12:42:29] 自開彩開獎  {202001020255 1 35 true} 
ConfigData  map[poolname:FA_MEM database:FA_MEM redisPassword:"" redisDB:3 ip:192.168.88.181 user:fa_db password:1qaz!QAZ charset:utf8 redisIp:192.168.88.119 redisPort:6379 port:3306]
SqlString  SELECT RTP,Amount,Bonus  FROM M_RtpSetting  WHERE Sid = 1   AND State = 1   AND LTG_Code = 1 AND Gid = 35
sqlResult   map[result: count:0 state:0]
[2020-01-02 12:42:29] rtpData ------->   map[result: count:0 state:0] 
[GIN] 2020/01/02 - 12:42:29 | 200 |    2.147893ms |  192.168.66.115 | POST     /getResult
[2020-01-02 12:42:29] 自開彩開獎  {202001020763 5 38 true} 
ConfigData  map[ip:192.168.88.181 poolname:FA_MEM user:fa_db database:FA_MEM charset:utf8 redisIp:192.168.88.119 redisPort:6379 port:3306 password:1qaz!QAZ redisPassword:"" redisDB:3]
SqlString  SELECT RTP,Amount,Bonus  FROM M_RtpSetting  WHERE Sid = 1   AND State = 1   AND LTG_Code = 5 AND Gid = 38
[2020-01-02 12:42:29] 自開彩開獎  {202001020763 4 40 true} 
ConfigData  map[redisDB:3 user:fa_db charset:utf8 redisIp:192.168.88.119 redisPassword:"" database:FA_MEM redisPort:6379 ip:192.168.88.181 poolname:FA_MEM port:3306 password:1qaz!QAZ]
SqlString  SELECT RTP,Amount,Bonus  FROM M_RtpSetting  WHERE Sid = 1   AND State = 1   AND LTG_Code = 4 AND Gid = 40
sqlResult   map[result: count:0 state:0]
sqlResult   map[result: count:0 state:0]
[2020-01-02 12:42:29] rtpData ------->   map[count:0 state:0 result:] 
[GIN] 2020/01/02 - 12:42:29 | 200 |    2.652948ms |  192.168.66.115 | POST     /getResult
[2020-01-02 12:42:29] rtpData ------->   map[count:0 state:0 result:] 
[GIN] 2020/01/02 - 12:42:29 | 200 |    2.894432ms |  192.168.66.115 | POST     /getResult
[2020-01-02 12:42:29] 自開彩開獎  {202001020255 4 41 true} 
ConfigData  map[database:FA_MEM charset:utf8 redisIp:192.168.88.119 redisPassword:"" redisDB:3 poolname:FA_MEM password:1qaz!QAZ user:fa_db redisPort:6379 ip:192.168.88.181 port:3306]
SqlString  SELECT RTP,Amount,Bonus  FROM M_RtpSetting  WHERE Sid = 1   AND State = 1   AND LTG_Code = 4 AND Gid = 41
sqlResult   map[state:0 result: count:0]
[2020-01-02 12:42:29] rtpData ------->   map[result: count:0 state:0] 
[GIN] 2020/01/02 - 12:42:29 | 200 |    2.634569ms |  192.168.66.115 | POST     /getResult
[2020-01-02 12:42:30] 自開彩開獎  {202001020763 6 36 true} 
ConfigData  map[port:3306 password:1qaz!QAZ database:FA_MEM redisIp:192.168.88.119 redisPort:6379 redisDB:3 ip:192.168.88.181 user:fa_db charset:utf8 redisPassword:"" poolname:FA_MEM]
SqlString  SELECT RTP,Amount,Bonus  FROM M_RtpSetting  WHERE Sid = 1   AND State = 1   AND LTG_Code = 6 AND Gid = 36
sqlResult   map[result: count:0 state:0]
[2020-01-02 12:42:30] rtpData ------->   map[result: count:0 state:0] 
[GIN] 2020/01/02 - 12:42:30 | 200 |    2.363993ms |  192.168.66.115 | POST     /getResult
[2020-01-02 12:42:31] 自開彩開獎  {202001020255 6 37 true} 
ConfigData  map[redisPassword:"" user:fa_db redisIp:192.168.88.119 redisPort:6379 password:1qaz!QAZ database:FA_MEM charset:utf8 redisDB:3 ip:192.168.88.181 poolname:FA_MEM port:3306]
SqlString  SELECT RTP,Amount,Bonus  FROM M_RtpSetting  WHERE Sid = 1   AND State = 1   AND LTG_Code = 6 AND Gid = 37
sqlResult   map[result: count:0 state:0]
[2020-01-02 12:42:31] rtpData ------->   map[result: count:0 state:0] 
[GIN] 2020/01/02 - 12:42:31 | 200 |     2.36334ms |  192.168.66.115 | POST     /getResult
[2020-01-02 12:42:33] 自開彩開獎  {202001020763 1 34 true} 
ConfigData  map[database:FA_MEM redisIp:192.168.88.119 redisPassword:"" password:1qaz!QAZ charset:utf8 redisPort:6379 redisDB:3 ip:192.168.88.181 poolname:FA_MEM port:3306 user:fa_db]
SqlString  SELECT RTP,Amount,Bonus  FROM M_RtpSetting  WHERE Sid = 1   AND State = 1   AND LTG_Code = 1 AND Gid = 34
sqlResult   map[count:0 state:0 result:]
[2020-01-02 12:42:33] rtpData ------->   map[state:0 result: count:0] 
[GIN] 2020/01/02 - 12:42:33 | 200 |    2.390907ms |  192.168.66.115 | POST     /getResult
[2020-01-02 12:42:35] 自開彩開獎  {202001020255 1 35 true} 
ConfigData  map[ip:192.168.88.181 user:fa_db charset:utf8 redisIp:192.168.88.119 poolname:FA_MEM port:3306 password:1qaz!QAZ database:FA_MEM redisPort:6379 redisPassword:"" redisDB:3]
SqlString  SELECT RTP,Amount,Bonus  FROM M_RtpSetting  WHERE Sid = 1   AND State = 1   AND LTG_Code = 1 AND Gid = 35
sqlResult   map[result: count:0 state:0]
[2020-01-02 12:42:35] rtpData ------->   map[state:0 result: count:0] 
[GIN] 2020/01/02 - 12:42:35 | 200 |    2.277152ms |  192.168.66.115 | POST     /getResult
[2020-01-02 12:42:35] 自開彩開獎  {202001020763 5 38 true} 
ConfigData  map[charset:utf8 redisIp:192.168.88.119 poolname:FA_MEM port:3306 user:fa_db database:FA_MEM redisDB:3 ip:192.168.88.181 password:1qaz!QAZ redisPort:6379 redisPassword:""]
SqlString  SELECT RTP,Amount,Bonus  FROM M_RtpSetting  WHERE Sid = 1   AND State = 1   AND LTG_Code = 5 AND Gid = 38
[2020-01-02 12:42:35] 自開彩開獎  {202001020763 4 40 true} 
ConfigData  map[password:1qaz!QAZ redisIp:192.168.88.119 redisPort:6379 port:3306 poolname:FA_MEM user:fa_db database:FA_MEM charset:utf8 redisPassword:"" redisDB:3 ip:192.168.88.181]
SqlString  SELECT RTP,Amount,Bonus  FROM M_RtpSetting  WHERE Sid = 1   AND State = 1   AND LTG_Code = 4 AND Gid = 40
sqlResult   map[result: count:0 state:0]
[2020-01-02 12:42:35] rtpData ------->   map[count:0 state:0 result:] 
[GIN] 2020/01/02 - 12:42:35 | 200 |    3.042604ms |  192.168.66.115 | POST     /getResult
sqlResult   map[state:0 result: count:0]
[2020-01-02 12:42:35] rtpData ------->   map[state:0 result: count:0] 
[GIN] 2020/01/02 - 12:42:35 | 200 |    3.146387ms |  192.168.66.115 | POST     /getResult
[2020-01-02 12:42:35] 自開彩開獎  {202001020255 4 41 true} 
ConfigData  map[port:3306 charset:utf8 redisPort:6379 database:FA_MEM redisIp:192.168.88.119 redisPassword:"" redisDB:3 ip:192.168.88.181 poolname:FA_MEM user:fa_db password:1qaz!QAZ]
SqlString  SELECT RTP,Amount,Bonus  FROM M_RtpSetting  WHERE Sid = 1   AND State = 1   AND LTG_Code = 4 AND Gid = 41
sqlResult   map[result: count:0 state:0]
[2020-01-02 12:42:35] rtpData ------->   map[result: count:0 state:0] 
[GIN] 2020/01/02 - 12:42:35 | 200 |    2.943378ms |  192.168.66.115 | POST     /getResult
[2020-01-02 12:42:36] 自開彩開獎  {202001020763 6 36 true} 
ConfigData  map[poolname:FA_MEM port:3306 user:fa_db password:1qaz!QAZ database:FA_MEM redisPassword:"" ip:192.168.88.181 charset:utf8 redisIp:192.168.88.119 redisPort:6379 redisDB:3]
SqlString  SELECT RTP,Amount,Bonus  FROM M_RtpSetting  WHERE Sid = 1   AND State = 1   AND LTG_Code = 6 AND Gid = 36
sqlResult   map[result: count:0 state:0]
[2020-01-02 12:42:36] rtpData ------->   map[state:0 result: count:0] 
[GIN] 2020/01/02 - 12:42:36 | 200 |    2.515902ms |  192.168.66.115 | POST     /getResult
[2020-01-02 12:42:37] 自開彩開獎  {202001020255 6 37 true} 
ConfigData  map[user:fa_db redisIp:192.168.88.119 redisDB:3 ip:192.168.88.181 poolname:FA_MEM port:3306 redisPort:6379 redisPassword:"" password:1qaz!QAZ database:FA_MEM charset:utf8]
SqlString  SELECT RTP,Amount,Bonus  FROM M_RtpSetting  WHERE Sid = 1   AND State = 1   AND LTG_Code = 6 AND Gid = 37
sqlResult   map[result: count:0 state:0]
[2020-01-02 12:42:37] rtpData ------->   map[count:0 state:0 result:] 
[GIN] 2020/01/02 - 12:42:37 | 200 |    2.625547ms |  192.168.66.115 | POST     /getResult
[2020-01-02 12:42:39] 自開彩開獎  {202001020763 1 34 true} 
ConfigData  map[database:FA_MEM charset:utf8 redisPort:6379 password:1qaz!QAZ redisIp:192.168.88.119 redisPassword:"" redisDB:3 ip:192.168.88.181 poolname:FA_MEM port:3306 user:fa_db]
SqlString  SELECT RTP,Amount,Bonus  FROM M_RtpSetting  WHERE Sid = 1   AND State = 1   AND LTG_Code = 1 AND Gid = 34
sqlResult   map[result: count:0 state:0]
[2020-01-02 12:42:39] rtpData ------->   map[result: count:0 state:0] 
[GIN] 2020/01/02 - 12:42:39 | 200 |    3.348856ms |  192.168.66.115 | POST     /getResult
[2020-01-02 12:42:41] 自開彩開獎  {202001020255 1 35 true} 
ConfigData  map[user:fa_db password:1qaz!QAZ redisIp:192.168.88.119 redisPassword:"" ip:192.168.88.181 poolname:FA_MEM charset:utf8 redisPort:6379 redisDB:3 port:3306 database:FA_MEM]
SqlString  SELECT RTP,Amount,Bonus  FROM M_RtpSetting  WHERE Sid = 1   AND State = 1   AND LTG_Code = 1 AND Gid = 35
sqlResult   map[result: count:0 state:0]
[2020-01-02 12:42:41] rtpData ------->   map[result: count:0 state:0] 
[GIN] 2020/01/02 - 12:42:41 | 200 |     5.59938ms |  192.168.66.115 | POST     /getResult
[2020-01-02 12:42:41] 自開彩開獎  {202001020763 5 38 true} 
ConfigData  map[port:3306 user:fa_db password:1qaz!QAZ database:FA_MEM redisPort:6379 redisPassword:"" poolname:FA_MEM charset:utf8 redisIp:192.168.88.119 redisDB:3 ip:192.168.88.181]
SqlString  SELECT RTP,Amount,Bonus  FROM M_RtpSetting  WHERE Sid = 1   AND State = 1   AND LTG_Code = 5 AND Gid = 38
[2020-01-02 12:42:41] 自開彩開獎  {202001020763 4 40 true} 
ConfigData  map[redisDB:3 password:1qaz!QAZ database:FA_MEM charset:utf8 redisIp:192.168.88.119 redisPort:6379 ip:192.168.88.181 poolname:FA_MEM port:3306 user:fa_db redisPassword:""]
SqlString  SELECT RTP,Amount,Bonus  FROM M_RtpSetting  WHERE Sid = 1   AND State = 1   AND LTG_Code = 4 AND Gid = 40
sqlResult   map[result: count:0 state:0]
[2020-01-02 12:42:41] rtpData ------->   map[result: count:0 state:0] 
[GIN] 2020/01/02 - 12:42:41 | 200 |    2.354042ms |  192.168.66.115 | POST     /getResult
sqlResult   map[state:0 result: count:0]
[2020-01-02 12:42:41] rtpData ------->   map[result: count:0 state:0] 
[GIN] 2020/01/02 - 12:42:41 | 200 |     2.54644ms |  192.168.66.115 | POST     /getResult
[2020-01-02 12:42:41] 自開彩開獎  {202001020255 4 41 true} 
ConfigData  map[redisDB:3 ip:192.168.88.181 port:3306 user:fa_db database:FA_MEM redisIp:192.168.88.119 poolname:FA_MEM password:1qaz!QAZ charset:utf8 redisPort:6379 redisPassword:""]
SqlString  SELECT RTP,Amount,Bonus  FROM M_RtpSetting  WHERE Sid = 1   AND State = 1   AND LTG_Code = 4 AND Gid = 41
sqlResult   map[count:0 state:0 result:]
[2020-01-02 12:42:41] rtpData ------->   map[count:0 state:0 result:] 
[GIN] 2020/01/02 - 12:42:41 | 200 |    2.567149ms |  192.168.66.115 | POST     /getResult
[2020-01-02 12:42:42] 自開彩開獎  {202001020763 6 36 true} 
ConfigData  map[redisPassword:"" redisDB:3 port:3306 user:fa_db password:1qaz!QAZ database:FA_MEM charset:utf8 redisIp:192.168.88.119 ip:192.168.88.181 poolname:FA_MEM redisPort:6379]
SqlString  SELECT RTP,Amount,Bonus  FROM M_RtpSetting  WHERE Sid = 1   AND State = 1   AND LTG_Code = 6 AND Gid = 36
sqlResult   map[result: count:0 state:0]
[2020-01-02 12:42:42] rtpData ------->   map[result: count:0 state:0] 
[GIN] 2020/01/02 - 12:42:42 | 200 |    2.609796ms |  192.168.66.115 | POST     /getResult
[2020-01-02 12:42:43] 自開彩開獎  {202001020255 6 37 true} 
ConfigData  map[redisIp:192.168.88.119 redisDB:3 poolname:FA_MEM port:3306 user:fa_db charset:utf8 redisPassword:"" ip:192.168.88.181 password:1qaz!QAZ database:FA_MEM redisPort:6379]
SqlString  SELECT RTP,Amount,Bonus  FROM M_RtpSetting  WHERE Sid = 1   AND State = 1   AND LTG_Code = 6 AND Gid = 37
sqlResult   map[result: count:0 state:0]
[2020-01-02 12:42:43] rtpData ------->   map[count:0 state:0 result:] 
[GIN] 2020/01/02 - 12:42:43 | 200 |    2.401625ms |  192.168.66.115 | POST     /getResult
[2020-01-02 12:42:45] 自開彩開獎  {202001020763 1 34 true} 
ConfigData  map[password:1qaz!QAZ database:FA_MEM redisPort:6379 redisDB:3 poolname:FA_MEM port:3306 user:fa_db charset:utf8 redisIp:192.168.88.119 redisPassword:"" ip:192.168.88.181]
SqlString  SELECT RTP,Amount,Bonus  FROM M_RtpSetting  WHERE Sid = 1   AND State = 1   AND LTG_Code = 1 AND Gid = 34
sqlResult   map[result: count:0 state:0]
[2020-01-02 12:42:45] rtpData ------->   map[result: count:0 state:0] 
[GIN] 2020/01/02 - 12:42:45 | 200 |    2.963085ms |  192.168.66.115 | POST     /getResult
[2020-01-02 12:42:47] 自開彩開獎  {202001020255 1 35 true} 
ConfigData  map[redisPort:6379 ip:192.168.88.181 poolname:FA_MEM database:FA_MEM charset:utf8 redisIp:192.168.88.119 redisPassword:"" redisDB:3 port:3306 user:fa_db password:1qaz!QAZ]
SqlString  SELECT RTP,Amount,Bonus  FROM M_RtpSetting  WHERE Sid = 1   AND State = 1   AND LTG_Code = 1 AND Gid = 35
sqlResult   map[count:0 state:0 result:]
[2020-01-02 12:42:47] rtpData ------->   map[result: count:0 state:0] 
[GIN] 2020/01/02 - 12:42:47 | 200 |    1.919211ms |  192.168.66.115 | POST     /getResult
[2020-01-02 12:42:47] 自開彩開獎  {202001020763 5 38 true} 
[2020-01-02 12:42:47] 自開彩開獎  {202001020763 4 40 true} 
ConfigData  map[ip:192.168.88.181 poolname:FA_MEM redisPort:6379 charset:utf8 redisIp:192.168.88.119 redisPassword:"" redisDB:3 port:3306 user:fa_db password:1qaz!QAZ database:FA_MEM]
SqlString  SELECT RTP,Amount,Bonus  FROM M_RtpSetting  WHERE Sid = 1   AND State = 1   AND LTG_Code = 5 AND Gid = 38
ConfigData  map[redisIp:192.168.88.119 redisPort:6379 redisPassword:"" ip:192.168.88.181 poolname:FA_MEM user:fa_db password:1qaz!QAZ charset:utf8 port:3306 database:FA_MEM redisDB:3]
SqlString  SELECT RTP,Amount,Bonus  FROM M_RtpSetting  WHERE Sid = 1   AND State = 1   AND LTG_Code = 4 AND Gid = 40
sqlResult   map[result: count:0 state:0]
[2020-01-02 12:42:47] rtpData ------->   map[count:0 state:0 result:] 
[GIN] 2020/01/02 - 12:42:47 | 200 |    2.449938ms |  192.168.66.115 | POST     /getResult
sqlResult   map[result: count:0 state:0]
[2020-01-02 12:42:47] rtpData ------->   map[result: count:0 state:0] 
[GIN] 2020/01/02 - 12:42:47 | 200 |    2.684986ms |  192.168.66.115 | POST     /getResult
[2020-01-02 12:42:47] 自開彩開獎  {202001020255 4 41 true} 
ConfigData  map[charset:utf8 redisIp:192.168.88.119 redisPort:6379 redisPassword:"" port:3306 user:fa_db database:FA_MEM redisDB:3 ip:192.168.88.181 poolname:FA_MEM password:1qaz!QAZ]
SqlString  SELECT RTP,Amount,Bonus  FROM M_RtpSetting  WHERE Sid = 1   AND State = 1   AND LTG_Code = 4 AND Gid = 41
sqlResult   map[result: count:0 state:0]
[2020-01-02 12:42:47] rtpData ------->   map[count:0 state:0 result:] 
[GIN] 2020/01/02 - 12:42:47 | 200 |    2.341364ms |  192.168.66.115 | POST     /getResult
[2020-01-02 12:42:48] 自開彩開獎  {202001020763 6 36 true} 
ConfigData  map[poolname:FA_MEM password:1qaz!QAZ database:FA_MEM redisDB:3 ip:192.168.88.181 port:3306 user:fa_db charset:utf8 redisIp:192.168.88.119 redisPort:6379 redisPassword:""]
SqlString  SELECT RTP,Amount,Bonus  FROM M_RtpSetting  WHERE Sid = 1   AND State = 1   AND LTG_Code = 6 AND Gid = 36
sqlResult   map[state:0 result: count:0]
[2020-01-02 12:42:48] rtpData ------->   map[state:0 result: count:0] 
[GIN] 2020/01/02 - 12:42:48 | 200 |    2.532719ms |  192.168.66.115 | POST     /getResult
[2020-01-02 12:42:49] 自開彩開獎  {202001020255 6 37 true} 
ConfigData  map[password:1qaz!QAZ database:FA_MEM redisIp:192.168.88.119 redisPassword:"" redisDB:3 ip:192.168.88.181 poolname:FA_MEM port:3306 user:fa_db charset:utf8 redisPort:6379]
SqlString  SELECT RTP,Amount,Bonus  FROM M_RtpSetting  WHERE Sid = 1   AND State = 1   AND LTG_Code = 6 AND Gid = 37
sqlResult   map[count:0 state:0 result:]
[2020-01-02 12:42:49] rtpData ------->   map[state:0 result: count:0] 
[GIN] 2020/01/02 - 12:42:49 | 200 |    2.039999ms |  192.168.66.115 | POST     /getResult
[2020-01-02 12:42:51] 自開彩開獎  {202001020763 1 34 true} 
ConfigData  map[port:3306 redisPort:6379 poolname:FA_MEM user:fa_db password:1qaz!QAZ database:FA_MEM charset:utf8 redisIp:192.168.88.119 redisPassword:"" redisDB:3 ip:192.168.88.181]
SqlString  SELECT RTP,Amount,Bonus  FROM M_RtpSetting  WHERE Sid = 1   AND State = 1   AND LTG_Code = 1 AND Gid = 34
sqlResult   map[result: count:0 state:0]
[2020-01-02 12:42:51] rtpData ------->   map[state:0 result: count:0] 
[GIN] 2020/01/02 - 12:42:51 | 200 |    3.094553ms |  192.168.66.115 | POST     /getResult
[2020-01-02 12:42:53] 自開彩開獎  {202001020255 1 35 true} 
ConfigData  map[poolname:FA_MEM password:1qaz!QAZ redisIp:192.168.88.119 charset:utf8 redisPort:6379 redisPassword:"" redisDB:3 ip:192.168.88.181 port:3306 user:fa_db database:FA_MEM]
SqlString  SELECT RTP,Amount,Bonus  FROM M_RtpSetting  WHERE Sid = 1   AND State = 1   AND LTG_Code = 1 AND Gid = 35
sqlResult   map[result: count:0 state:0]
[2020-01-02 12:42:53] rtpData ------->   map[result: count:0 state:0] 
[GIN] 2020/01/02 - 12:42:53 | 200 |     2.05691ms |  192.168.66.115 | POST     /getResult
[2020-01-02 12:42:53] 自開彩開獎  {202001020763 5 38 true} 
ConfigData  map[redisIp:192.168.88.119 redisPort:6379 ip:192.168.88.181 poolname:FA_MEM user:fa_db database:FA_MEM charset:utf8 port:3306 password:1qaz!QAZ redisPassword:"" redisDB:3]
SqlString  SELECT RTP,Amount,Bonus  FROM M_RtpSetting  WHERE Sid = 1   AND State = 1   AND LTG_Code = 5 AND Gid = 38
[2020-01-02 12:42:53] 自開彩開獎  {202001020763 4 40 true} 
ConfigData  map[database:FA_MEM charset:utf8 redisPort:6379 redisPassword:"" redisDB:3 port:3306 password:1qaz!QAZ user:fa_db redisIp:192.168.88.119 ip:192.168.88.181 poolname:FA_MEM]
SqlString  SELECT RTP,Amount,Bonus  FROM M_RtpSetting  WHERE Sid = 1   AND State = 1   AND LTG_Code = 4 AND Gid = 40
sqlResult   map[result: count:0 state:0]
[2020-01-02 12:42:53] rtpData ------->   map[result: count:0 state:0] 
[GIN] 2020/01/02 - 12:42:53 | 200 |    2.928842ms |  192.168.66.115 | POST     /getResult
sqlResult   map[result: count:0 state:0]
[2020-01-02 12:42:53] rtpData ------->   map[result: count:0 state:0] 
[GIN] 2020/01/02 - 12:42:53 | 200 |    3.129303ms |  192.168.66.115 | POST     /getResult
[2020-01-02 12:42:53] 自開彩開獎  {202001020255 4 41 true} 
ConfigData  map[ip:192.168.88.181 password:1qaz!QAZ database:FA_MEM redisPassword:"" poolname:FA_MEM port:3306 user:fa_db charset:utf8 redisIp:192.168.88.119 redisPort:6379 redisDB:3]
SqlString  SELECT RTP,Amount,Bonus  FROM M_RtpSetting  WHERE Sid = 1   AND State = 1   AND LTG_Code = 4 AND Gid = 41
sqlResult   map[result: count:0 state:0]
[2020-01-02 12:42:53] rtpData ------->   map[result: count:0 state:0] 
[GIN] 2020/01/02 - 12:42:53 | 200 |    3.249394ms |  192.168.66.115 | POST     /getResult
[2020-01-02 12:42:54] 自開彩開獎  {202001020763 6 36 true} 
ConfigData  map[ip:192.168.88.181 password:1qaz!QAZ charset:utf8 redisIp:192.168.88.119 redisPort:6379 redisDB:3 poolname:FA_MEM port:3306 user:fa_db database:FA_MEM redisPassword:""]
SqlString  SELECT RTP,Amount,Bonus  FROM M_RtpSetting  WHERE Sid = 1   AND State = 1   AND LTG_Code = 6 AND Gid = 36
sqlResult   map[result: count:0 state:0]
[2020-01-02 12:42:54] rtpData ------->   map[state:0 result: count:0] 
[GIN] 2020/01/02 - 12:42:54 | 200 |    2.813233ms |  192.168.66.115 | POST     /getResult
[2020-01-02 12:42:55] 自開彩開獎  {202001020255 6 37 true} 
ConfigData  map[ip:192.168.88.181 user:fa_db password:1qaz!QAZ redisPort:6379 poolname:FA_MEM port:3306 database:FA_MEM charset:utf8 redisIp:192.168.88.119 redisPassword:"" redisDB:3]
SqlString  SELECT RTP,Amount,Bonus  FROM M_RtpSetting  WHERE Sid = 1   AND State = 1   AND LTG_Code = 6 AND Gid = 37
sqlResult   map[result: count:0 state:0]
[2020-01-02 12:42:55] rtpData ------->   map[result: count:0 state:0] 
[GIN] 2020/01/02 - 12:42:55 | 200 |    2.385111ms |  192.168.66.115 | POST     /getResult
[2020-01-02 12:42:57] 自開彩開獎  {202001020763 1 34 true} 
ConfigData  map[ip:192.168.88.181 port:3306 password:1qaz!QAZ redisPort:6379 redisPassword:"" poolname:FA_MEM user:fa_db database:FA_MEM charset:utf8 redisIp:192.168.88.119 redisDB:3]
SqlString  SELECT RTP,Amount,Bonus  FROM M_RtpSetting  WHERE Sid = 1   AND State = 1   AND LTG_Code = 1 AND Gid = 34
sqlResult   map[result: count:0 state:0]
[2020-01-02 12:42:57] rtpData ------->   map[result: count:0 state:0] 
[GIN] 2020/01/02 - 12:42:57 | 200 |    2.478989ms |  192.168.66.115 | POST     /getResult
[2020-01-02 12:42:59] 自開彩開獎  {202001020255 1 35 true} 
ConfigData  map[ip:192.168.88.181 poolname:FA_MEM password:1qaz!QAZ charset:utf8 redisIp:192.168.88.119 port:3306 user:fa_db database:FA_MEM redisPort:6379 redisPassword:"" redisDB:3]
SqlString  SELECT RTP,Amount,Bonus  FROM M_RtpSetting  WHERE Sid = 1   AND State = 1   AND LTG_Code = 1 AND Gid = 35
sqlResult   map[state:0 result: count:0]
[2020-01-02 12:42:59] rtpData ------->   map[result: count:0 state:0] 
[GIN] 2020/01/02 - 12:42:59 | 200 |    2.476452ms |  192.168.66.115 | POST     /getResult
[2020-01-02 12:42:59] 自開彩開獎  {202001020763 5 38 true} 
ConfigData  map[ip:192.168.88.181 poolname:FA_MEM user:fa_db charset:utf8 redisPort:6379 redisDB:3 port:3306 password:1qaz!QAZ database:FA_MEM redisIp:192.168.88.119 redisPassword:""]
[2020-01-02 12:42:59] 自開彩開獎  {202001020763 4 40 true} 
ConfigData  map[user:fa_db password:1qaz!QAZ database:FA_MEM redisIp:192.168.88.119 redisDB:3 redisPassword:"" ip:192.168.88.181 poolname:FA_MEM port:3306 charset:utf8 redisPort:6379]
SqlString  SELECT RTP,Amount,Bonus  FROM M_RtpSetting  WHERE Sid = 1   AND State = 1   AND LTG_Code = 4 AND Gid = 40
SqlString  SELECT RTP,Amount,Bonus  FROM M_RtpSetting  WHERE Sid = 1   AND State = 1   AND LTG_Code = 5 AND Gid = 38
sqlResult   map[result: count:0 state:0]
[2020-01-02 12:42:59] rtpData ------->   map[result: count:0 state:0] 
[GIN] 2020/01/02 - 12:42:59 | 200 |    3.183628ms |  192.168.66.115 | POST     /getResult
sqlResult   map[result: count:0 state:0]
[2020-01-02 12:42:59] rtpData ------->   map[count:0 state:0 result:] 
[GIN] 2020/01/02 - 12:42:59 | 200 |    3.171096ms |  192.168.66.115 | POST     /getResult
[2020-01-02 12:42:59] 自開彩開獎  {202001020255 4 41 true} 
ConfigData  map[redisPassword:"" redisDB:3 poolname:FA_MEM password:1qaz!QAZ redisPort:6379 database:FA_MEM charset:utf8 redisIp:192.168.88.119 ip:192.168.88.181 port:3306 user:fa_db]
SqlString  SELECT RTP,Amount,Bonus  FROM M_RtpSetting  WHERE Sid = 1   AND State = 1   AND LTG_Code = 4 AND Gid = 41
sqlResult   map[result: count:0 state:0]
[2020-01-02 12:42:59] rtpData ------->   map[result: count:0 state:0] 
[GIN] 2020/01/02 - 12:42:59 | 200 |    2.057587ms |  192.168.66.115 | POST     /getResult
[2020-01-02 12:43:00] 自開彩開獎  {202001020763 6 36 true} 
ConfigData  map[user:fa_db database:FA_MEM redisIp:192.168.88.119 redisDB:3 charset:utf8 redisPort:6379 redisPassword:"" ip:192.168.88.181 poolname:FA_MEM port:3306 password:1qaz!QAZ]
SqlString  SELECT RTP,Amount,Bonus  FROM M_RtpSetting  WHERE Sid = 1   AND State = 1   AND LTG_Code = 6 AND Gid = 36
sqlResult   map[result: count:0 state:0]
[2020-01-02 12:43:00] rtpData ------->   map[count:0 state:0 result:] 
[GIN] 2020/01/02 - 12:43:00 | 200 |    2.552061ms |  192.168.66.115 | POST     /getResult
[2020-01-02 12:43:00] 自開彩開獎  {202001020764 2 26 true} 
ConfigData  map[ip:192.168.88.181 user:fa_db charset:utf8 redisPort:6379 poolname:FA_MEM port:3306 password:1qaz!QAZ database:FA_MEM redisIp:192.168.88.119 redisPassword:"" redisDB:3]
SqlString  SELECT RTP,Amount,Bonus  FROM M_RtpSetting  WHERE Sid = 1   AND State = 1   AND LTG_Code = 2 AND Gid = 26
sqlResult   map[result:0.9600 count:1 state:1 amount:1.0069588e+06 bonus:908100.71]
[2020-01-02 12:43:00] rtpData ------->   map[amount:1.0069588e+06 bonus:908100.71 result:0.9600 count:1 state:1] 
ConfigData  map[redisIp:192.168.88.119 redisDB:3 poolname:FA_MEM password:1qaz!QAZ charset:utf8 database:FA_MEM redisPort:6379 redisPassword:"" ip:192.168.88.181 port:3306 user:fa_db]
SELECT BO_No, BO_OrderNo , BO_User , BO_Issue  , BO_LotteryTypeGroup, BO_LotteryType, BO_Mode, BO_LotteryPlayGroup, BO_LotteryPlay , BO_LotteryContent, BO_Price, BO_RealPrice, BO_Unit, BO_Multiple , BO_BetCount  , BO_Winnings, BO_Winnings2, BO_Winnings3, BO_WinningLimit  , BO_Water , BO_BW_SourceUserId, BO_BW_BackWater, BO_BW_LimitBetCount, BO_BW_MaxAmount, BO_BW_AuditMultiple  , BO_Odds, BO_Odds2, BO_Odds3 , BO_Type, BO_Chase , BO_OpenResult, BO_OpenResult2, BO_DateDraw, BO_DateDraw2, BO_DateUpdate  FROM TS_BetOrder  WHERE BO_Cancel = 0   AND BO_CancelBackend = 0   AND BO_LotteryTypeGroup = 2 AND BO_LotteryType = 26 AND BO_Issue = 202001020764 AND BO_Collect = 0 ORDER BY BO_DateDraw ASC, BO_DateCreate ASC, BO_DateUpdate ASC, BO_No ASC ;
[2020-01-02 12:43:00] LottteryTypeGroup 2 
[2020-01-02 12:43:00] 有期號 但無注單 -------> map[amount:0 bonus:0 thisOpenResult:[1 9 5 2 3]] 
[GIN] 2020/01/02 - 12:43:00 | 200 |    5.478129ms |  192.168.66.115 | POST     /getResult
[2020-01-02 12:43:01] 自開彩開獎  {202001020255 6 37 true} 
ConfigData  map[redisPassword:"" redisDB:3 ip:192.168.88.181 poolname:FA_MEM user:fa_db password:1qaz!QAZ redisIp:192.168.88.119 port:3306 database:FA_MEM charset:utf8 redisPort:6379]
SqlString  SELECT RTP,Amount,Bonus  FROM M_RtpSetting  WHERE Sid = 1   AND State = 1   AND LTG_Code = 6 AND Gid = 37
sqlResult   map[result: count:0 state:0]
[2020-01-02 12:43:01] rtpData ------->   map[result: count:0 state:0] 
[GIN] 2020/01/02 - 12:43:01 | 200 |    2.435152ms |  192.168.66.115 | POST     /getResult
[2020-01-02 12:43:03] 自開彩開獎  {202001020763 1 34 true} 
ConfigData  map[ip:192.168.88.181 poolname:FA_MEM password:1qaz!QAZ database:FA_MEM charset:utf8 redisIp:192.168.88.119 redisPort:6379 redisPassword:"" port:3306 user:fa_db redisDB:3]
SqlString  SELECT RTP,Amount,Bonus  FROM M_RtpSetting  WHERE Sid = 1   AND State = 1   AND LTG_Code = 1 AND Gid = 34
sqlResult   map[result: count:0 state:0]
[2020-01-02 12:43:03] rtpData ------->   map[result: count:0 state:0] 
[GIN] 2020/01/02 - 12:43:03 | 200 |    2.661401ms |  192.168.66.115 | POST     /getResult
[2020-01-02 12:43:05] 自開彩開獎  {202001020255 1 35 true} 
ConfigData  map[redisDB:3 ip:192.168.88.181 poolname:FA_MEM user:fa_db charset:utf8 redisPort:6379 port:3306 password:1qaz!QAZ database:FA_MEM redisIp:192.168.88.119 redisPassword:""]
SqlString  SELECT RTP,Amount,Bonus  FROM M_RtpSetting  WHERE Sid = 1   AND State = 1   AND LTG_Code = 1 AND Gid = 35
sqlResult   map[result: count:0 state:0]
[2020-01-02 12:43:05] rtpData ------->   map[state:0 result: count:0] 
[GIN] 2020/01/02 - 12:43:05 | 200 |    2.160578ms |  192.168.66.115 | POST     /getResult
[2020-01-02 12:43:05] 自開彩開獎  {202001020763 4 40 true} 
ConfigData  map[password:1qaz!QAZ database:FA_MEM charset:utf8 redisPassword:"" redisDB:3 poolname:FA_MEM user:fa_db redisIp:192.168.88.119 redisPort:6379 ip:192.168.88.181 port:3306]
SqlString  SELECT RTP,Amount,Bonus  FROM M_RtpSetting  WHERE Sid = 1   AND State = 1   AND LTG_Code = 4 AND Gid = 40
[2020-01-02 12:43:05] 自開彩開獎  {202001020763 5 38 true} 
ConfigData  map[redisDB:3 ip:192.168.88.181 poolname:FA_MEM port:3306 charset:utf8 redisIp:192.168.88.119 redisPort:6379 redisPassword:"" user:fa_db password:1qaz!QAZ database:FA_MEM]
SqlString  SELECT RTP,Amount,Bonus  FROM M_RtpSetting  WHERE Sid = 1   AND State = 1   AND LTG_Code = 5 AND Gid = 38
sqlResult   map[count:0 state:0 result:]
[2020-01-02 12:43:05] rtpData ------->   map[result: count:0 state:0] 
[GIN] 2020/01/02 - 12:43:05 | 200 |    3.983646ms |  192.168.66.115 | POST     /getResult
sqlResult   map[result: count:0 state:0]
[2020-01-02 12:43:05] rtpData ------->   map[result: count:0 state:0] 
[GIN] 2020/01/02 - 12:43:05 | 200 |    4.268599ms |  192.168.66.115 | POST     /getResult
[2020-01-02 12:43:05] 自開彩開獎  {202001020255 4 41 true} 
ConfigData  map[redisPassword:"" poolname:FA_MEM port:3306 user:fa_db redisIp:192.168.88.119 redisPort:6379 ip:192.168.88.181 password:1qaz!QAZ database:FA_MEM charset:utf8 redisDB:3]
SqlString  SELECT RTP,Amount,Bonus  FROM M_RtpSetting  WHERE Sid = 1   AND State = 1   AND LTG_Code = 4 AND Gid = 41
sqlResult   map[result: count:0 state:0]
[2020-01-02 12:43:05] rtpData ------->   map[result: count:0 state:0] 
[GIN] 2020/01/02 - 12:43:05 | 200 |    3.967896ms |  192.168.66.115 | POST     /getResult
[2020-01-02 12:43:06] 自開彩開獎  {202001020764 6 36 true} 
ConfigData  map[charset:utf8 redisPort:6379 redisDB:3 database:FA_MEM poolname:FA_MEM port:3306 user:fa_db password:1qaz!QAZ redisIp:192.168.88.119 redisPassword:"" ip:192.168.88.181]
SqlString  SELECT RTP,Amount,Bonus  FROM M_RtpSetting  WHERE Sid = 1   AND State = 1   AND LTG_Code = 6 AND Gid = 36
sqlResult   map[count:0 state:0 result:]
[2020-01-02 12:43:06] rtpData ------->   map[result: count:0 state:0] 
[GIN] 2020/01/02 - 12:43:06 | 200 |    2.548539ms |  192.168.66.115 | POST     /getResult
[2020-01-02 12:43:09] 自開彩開獎  {202001020764 1 34 true} 
ConfigData  map[poolname:FA_MEM port:3306 user:fa_db password:1qaz!QAZ redisPassword:"" ip:192.168.88.181 database:FA_MEM charset:utf8 redisIp:192.168.88.119 redisPort:6379 redisDB:3]
SqlString  SELECT RTP,Amount,Bonus  FROM M_RtpSetting  WHERE Sid = 1   AND State = 1   AND LTG_Code = 1 AND Gid = 34
sqlResult   map[result: count:0 state:0]
[2020-01-02 12:43:09] rtpData ------->   map[count:0 state:0 result:] 
[GIN] 2020/01/02 - 12:43:09 | 200 |    2.481247ms |  192.168.66.115 | POST     /getResult
[2020-01-02 12:43:11] 自開彩開獎  {202001020255 1 35 true} 
ConfigData  map[poolname:FA_MEM redisIp:192.168.88.119 redisDB:3 redisPort:6379 redisPassword:"" ip:192.168.88.181 port:3306 user:fa_db password:1qaz!QAZ database:FA_MEM charset:utf8]
SqlString  SELECT RTP,Amount,Bonus  FROM M_RtpSetting  WHERE Sid = 1   AND State = 1   AND LTG_Code = 1 AND Gid = 35
sqlResult   map[result: count:0 state:0]
[2020-01-02 12:43:11] rtpData ------->   map[result: count:0 state:0] 
[GIN] 2020/01/02 - 12:43:11 | 200 |    2.684647ms |  192.168.66.115 | POST     /getResult
[2020-01-02 12:43:11] 自開彩開獎  {202001020764 4 40 true} 
ConfigData  map[password:1qaz!QAZ database:FA_MEM redisIp:192.168.88.119 redisPort:6379 redisPassword:"" redisDB:3 ip:192.168.88.181 poolname:FA_MEM port:3306 user:fa_db charset:utf8]
SqlString  SELECT RTP,Amount,Bonus  FROM M_RtpSetting  WHERE Sid = 1   AND State = 1   AND LTG_Code = 4 AND Gid = 40
[2020-01-02 12:43:11] 自開彩開獎  {202001020764 5 38 true} 
ConfigData  map[redisPassword:"" redisDB:3 user:fa_db password:1qaz!QAZ database:FA_MEM charset:utf8 redisPort:6379 ip:192.168.88.181 poolname:FA_MEM port:3306 redisIp:192.168.88.119]
SqlString  SELECT RTP,Amount,Bonus  FROM M_RtpSetting  WHERE Sid = 1   AND State = 1   AND LTG_Code = 5 AND Gid = 38
sqlResult   map[result: count:0 state:0]
[2020-01-02 12:43:11] rtpData ------->   map[result: count:0 state:0] 
[GIN] 2020/01/02 - 12:43:11 | 200 |    2.467304ms |  192.168.66.115 | POST     /getResult
sqlResult   map[state:0 result: count:0]
[2020-01-02 12:43:11] rtpData ------->   map[result: count:0 state:0] 
[GIN] 2020/01/02 - 12:43:11 | 200 |    2.613452ms |  192.168.66.115 | POST     /getResult
[2020-01-02 12:43:11] 自開彩開獎  {202001020255 4 41 true} 
ConfigData  map[redisIp:192.168.88.119 redisPort:6379 redisDB:3 ip:192.168.88.181 port:3306 database:FA_MEM charset:utf8 poolname:FA_MEM user:fa_db password:1qaz!QAZ redisPassword:""]
SqlString  SELECT RTP,Amount,Bonus  FROM M_RtpSetting  WHERE Sid = 1   AND State = 1   AND LTG_Code = 4 AND Gid = 41
sqlResult   map[result: count:0 state:0]
[2020-01-02 12:43:11] rtpData ------->   map[result: count:0 state:0] 
[GIN] 2020/01/02 - 12:43:11 | 200 |    3.333027ms |  192.168.66.115 | POST     /getResult
[2020-01-02 12:43:12] 自開彩開獎  {202001020764 6 36 true} 
ConfigData  map[ip:192.168.88.181 port:3306 password:1qaz!QAZ redisIp:192.168.88.119 redisPort:6379 poolname:FA_MEM user:fa_db database:FA_MEM charset:utf8 redisPassword:"" redisDB:3]
SqlString  SELECT RTP,Amount,Bonus  FROM M_RtpSetting  WHERE Sid = 1   AND State = 1   AND LTG_Code = 6 AND Gid = 36
sqlResult   map[result: count:0 state:0]
[2020-01-02 12:43:12] rtpData ------->   map[result: count:0 state:0] 
[GIN] 2020/01/02 - 12:43:12 | 200 |    3.792101ms |  192.168.66.115 | POST     /getResult
[2020-01-02 12:43:15] 自開彩開獎  {202001020764 1 34 true} 
ConfigData  map[redisPort:6379 redisPassword:"" poolname:FA_MEM user:fa_db charset:utf8 redisIp:192.168.88.119 redisDB:3 ip:192.168.88.181 port:3306 password:1qaz!QAZ database:FA_MEM]
SqlString  SELECT RTP,Amount,Bonus  FROM M_RtpSetting  WHERE Sid = 1   AND State = 1   AND LTG_Code = 1 AND Gid = 34
sqlResult   map[result: count:0 state:0]
[2020-01-02 12:43:15] rtpData ------->   map[result: count:0 state:0] 
[GIN] 2020/01/02 - 12:43:15 | 200 |    3.032365ms |  192.168.66.115 | POST     /getResult
[2020-01-02 12:43:17] 自開彩開獎  {202001020255 1 35 true} 
ConfigData  map[poolname:FA_MEM port:3306 password:1qaz!QAZ charset:utf8 redisPort:6379 redisPassword:"" ip:192.168.88.181 user:fa_db database:FA_MEM redisIp:192.168.88.119 redisDB:3]
SqlString  SELECT RTP,Amount,Bonus  FROM M_RtpSetting  WHERE Sid = 1   AND State = 1   AND LTG_Code = 1 AND Gid = 35
sqlResult   map[result: count:0 state:0]
[2020-01-02 12:43:17] rtpData ------->   map[result: count:0 state:0] 
[GIN] 2020/01/02 - 12:43:17 | 200 |    2.020492ms |  192.168.66.115 | POST     /getResult
[2020-01-02 12:43:17] 自開彩開獎  {202001020764 4 40 true} 
ConfigData  map[password:1qaz!QAZ charset:utf8 redisIp:192.168.88.119 redisDB:3 ip:192.168.88.181 port:3306 user:fa_db database:FA_MEM redisPort:6379 redisPassword:"" poolname:FA_MEM]
SqlString  SELECT RTP,Amount,Bonus  FROM M_RtpSetting  WHERE Sid = 1   AND State = 1   AND LTG_Code = 4 AND Gid = 40
sqlResult   map[state:0 result: count:0]
[2020-01-02 12:43:17] rtpData ------->   map[result: count:0 state:0] 
[GIN] 2020/01/02 - 12:43:17 | 200 |    3.384503ms |  192.168.66.115 | POST     /getResult
[2020-01-02 12:43:17] 自開彩開獎  {202001020255 4 41 true} 
ConfigData  map[charset:utf8 redisIp:192.168.88.119 redisPort:6379 redisPassword:"" redisDB:3 poolname:FA_MEM port:3306 user:fa_db ip:192.168.88.181 password:1qaz!QAZ database:FA_MEM]
SqlString  SELECT RTP,Amount,Bonus  FROM M_RtpSetting  WHERE Sid = 1   AND State = 1   AND LTG_Code = 4 AND Gid = 41
sqlResult   map[count:0 state:0 result:]
[2020-01-02 12:43:17] rtpData ------->   map[result: count:0 state:0] 
[GIN] 2020/01/02 - 12:43:17 | 200 |    2.505288ms |  192.168.66.115 | POST     /getResult
[2020-01-02 12:43:18] 自開彩開獎  {202001020764 6 36 true} 
ConfigData  map[poolname:FA_MEM database:FA_MEM redisPort:6379 redisPassword:"" ip:192.168.88.181 port:3306 user:fa_db password:1qaz!QAZ charset:utf8 redisIp:192.168.88.119 redisDB:3]
SqlString  SELECT RTP,Amount,Bonus  FROM M_RtpSetting  WHERE Sid = 1   AND State = 1   AND LTG_Code = 6 AND Gid = 36
sqlResult   map[result: count:0 state:0]
[2020-01-02 12:43:18] rtpData ------->   map[count:0 state:0 result:] 
[GIN] 2020/01/02 - 12:43:18 | 200 |    2.183045ms |  192.168.66.115 | POST     /getResult
[2020-01-02 12:43:18] 自開彩開獎  {202001020764 5 38 true} 
ConfigData  map[poolname:FA_MEM port:3306 password:1qaz!QAZ database:FA_MEM redisIp:192.168.88.119 redisPort:6379 redisPassword:"" redisDB:3 ip:192.168.88.181 user:fa_db charset:utf8]
SqlString  SELECT RTP,Amount,Bonus  FROM M_RtpSetting  WHERE Sid = 1   AND State = 1   AND LTG_Code = 5 AND Gid = 38
sqlResult   map[result: count:0 state:0]
[2020-01-02 12:43:18] rtpData ------->   map[result: count:0 state:0] 
[GIN] 2020/01/02 - 12:43:18 | 200 |    2.107325ms |  192.168.66.115 | POST     /getResult
[2020-01-02 12:43:21] 自開彩開獎  {202001020764 1 34 true} 
ConfigData  map[redisDB:3 port:3306 user:fa_db charset:utf8 redisIp:192.168.88.119 redisPassword:"" ip:192.168.88.181 poolname:FA_MEM password:1qaz!QAZ database:FA_MEM redisPort:6379]
SqlString  SELECT RTP,Amount,Bonus  FROM M_RtpSetting  WHERE Sid = 1   AND State = 1   AND LTG_Code = 1 AND Gid = 34
sqlResult   map[state:0 result: count:0]
[2020-01-02 12:43:21] rtpData ------->   map[result: count:0 state:0] 
[GIN] 2020/01/02 - 12:43:21 | 200 |    2.588754ms |  192.168.66.115 | POST     /getResult
[2020-01-02 12:43:23] 自開彩開獎  {202001020255 1 35 true} 
ConfigData  map[user:fa_db database:FA_MEM charset:utf8 redisPort:6379 redisPassword:"" redisDB:3 ip:192.168.88.181 poolname:FA_MEM port:3306 password:1qaz!QAZ redisIp:192.168.88.119]
SqlString  SELECT RTP,Amount,Bonus  FROM M_RtpSetting  WHERE Sid = 1   AND State = 1   AND LTG_Code = 1 AND Gid = 35
sqlResult   map[result: count:0 state:0]
[2020-01-02 12:43:23] rtpData ------->   map[state:0 result: count:0] 
[GIN] 2020/01/02 - 12:43:23 | 200 |    2.051822ms |  192.168.66.115 | POST     /getResult
[2020-01-02 12:43:23] 自開彩開獎  {202001020764 4 40 true} 
ConfigData  map[ip:192.168.88.181 user:fa_db charset:utf8 redisPort:6379 redisDB:3 poolname:FA_MEM port:3306 password:1qaz!QAZ database:FA_MEM redisIp:192.168.88.119 redisPassword:""]
SqlString  SELECT RTP,Amount,Bonus  FROM M_RtpSetting  WHERE Sid = 1   AND State = 1   AND LTG_Code = 4 AND Gid = 40
sqlResult   map[result: count:0 state:0]
[2020-01-02 12:43:23] rtpData ------->   map[count:0 state:0 result:] 
[GIN] 2020/01/02 - 12:43:23 | 200 |    2.523342ms |  192.168.66.115 | POST     /getResult
[2020-01-02 12:43:23] 自開彩開獎  {202001020255 4 41 true} 
ConfigData  map[redisPassword:"" redisDB:3 ip:192.168.88.181 user:fa_db database:FA_MEM charset:utf8 redisPort:6379 poolname:FA_MEM port:3306 password:1qaz!QAZ redisIp:192.168.88.119]
SqlString  SELECT RTP,Amount,Bonus  FROM M_RtpSetting  WHERE Sid = 1   AND State = 1   AND LTG_Code = 4 AND Gid = 41
sqlResult   map[result: count:0 state:0]
[2020-01-02 12:43:23] rtpData ------->   map[result: count:0 state:0] 
[GIN] 2020/01/02 - 12:43:23 | 200 |    2.500325ms |  192.168.66.115 | POST     /getResult
[2020-01-02 12:43:24] 自開彩開獎  {202001020764 6 36 true} 
ConfigData  map[password:1qaz!QAZ redisIp:192.168.88.119 redisPort:6379 redisPassword:"" ip:192.168.88.181 poolname:FA_MEM user:fa_db redisDB:3 port:3306 database:FA_MEM charset:utf8]
SqlString  SELECT RTP,Amount,Bonus  FROM M_RtpSetting  WHERE Sid = 1   AND State = 1   AND LTG_Code = 6 AND Gid = 36
sqlResult   map[result: count:0 state:0]
[2020-01-02 12:43:24] rtpData ------->   map[result: count:0 state:0] 
[GIN] 2020/01/02 - 12:43:24 | 200 |    2.157163ms |  192.168.66.115 | POST     /getResult
[2020-01-02 12:43:24] 自開彩開獎  {202001020764 5 38 true} 
ConfigData  map[password:1qaz!QAZ charset:utf8 redisIp:192.168.88.119 ip:192.168.88.181 poolname:FA_MEM port:3306 user:fa_db database:FA_MEM redisPort:6379 redisPassword:"" redisDB:3]
SqlString  SELECT RTP,Amount,Bonus  FROM M_RtpSetting  WHERE Sid = 1   AND State = 1   AND LTG_Code = 5 AND Gid = 38
sqlResult   map[state:0 result: count:0]
[2020-01-02 12:43:24] rtpData ------->   map[count:0 state:0 result:] 
[GIN] 2020/01/02 - 12:43:24 | 200 |    2.537295ms |  192.168.66.115 | POST     /getResult
[2020-01-02 12:43:27] 自開彩開獎  {202001020764 1 34 true} 
ConfigData  map[poolname:FA_MEM port:3306 password:1qaz!QAZ database:FA_MEM redisIp:192.168.88.119 ip:192.168.88.181 user:fa_db charset:utf8 redisPort:6379 redisPassword:"" redisDB:3]
SqlString  SELECT RTP,Amount,Bonus  FROM M_RtpSetting  WHERE Sid = 1   AND State = 1   AND LTG_Code = 1 AND Gid = 34
sqlResult   map[count:0 state:0 result:]
[2020-01-02 12:43:27] rtpData ------->   map[result: count:0 state:0] 
[GIN] 2020/01/02 - 12:43:27 | 200 |    3.081736ms |  192.168.66.115 | POST     /getResult
[2020-01-02 12:43:29] 自開彩開獎  {202001020255 1 35 true} 
ConfigData  map[password:1qaz!QAZ redisPort:6379 redisDB:3 redisIp:192.168.88.119 redisPassword:"" ip:192.168.88.181 poolname:FA_MEM port:3306 user:fa_db database:FA_MEM charset:utf8]
SqlString  SELECT RTP,Amount,Bonus  FROM M_RtpSetting  WHERE Sid = 1   AND State = 1   AND LTG_Code = 1 AND Gid = 35
sqlResult   map[result: count:0 state:0]
[2020-01-02 12:43:29] rtpData ------->   map[result: count:0 state:0] 
[GIN] 2020/01/02 - 12:43:29 | 200 |    2.786741ms |  192.168.66.115 | POST     /getResult
[2020-01-02 12:43:29] 自開彩開獎  {202001020764 4 40 true} 
ConfigData  map[port:3306 password:1qaz!QAZ redisPort:6379 redisDB:3 redisIp:192.168.88.119 redisPassword:"" ip:192.168.88.181 poolname:FA_MEM user:fa_db database:FA_MEM charset:utf8]
SqlString  SELECT RTP,Amount,Bonus  FROM M_RtpSetting  WHERE Sid = 1   AND State = 1   AND LTG_Code = 4 AND Gid = 40
sqlResult   map[state:0 result: count:0]
[2020-01-02 12:43:29] rtpData ------->   map[result: count:0 state:0] 
[GIN] 2020/01/02 - 12:43:29 | 200 |    2.598582ms |  192.168.66.115 | POST     /getResult
[2020-01-02 12:43:29] 自開彩開獎  {202001020255 4 41 true} 
ConfigData  map[redisPassword:"" ip:192.168.88.181 port:3306 user:fa_db password:1qaz!QAZ database:FA_MEM redisIp:192.168.88.119 redisPort:6379 redisDB:3 poolname:FA_MEM charset:utf8]
SqlString  SELECT RTP,Amount,Bonus  FROM M_RtpSetting  WHERE Sid = 1   AND State = 1   AND LTG_Code = 4 AND Gid = 41
sqlResult   map[result: count:0 state:0]
[2020-01-02 12:43:29] rtpData ------->   map[state:0 result: count:0] 
[GIN] 2020/01/02 - 12:43:29 | 200 |     2.54162ms |  192.168.66.115 | POST     /getResult
[2020-01-02 12:43:30] 自開彩開獎  {202001020764 6 36 true} 
ConfigData  map[user:fa_db charset:utf8 redisIp:192.168.88.119 redisPassword:"" redisDB:3 ip:192.168.88.181 poolname:FA_MEM port:3306 password:1qaz!QAZ database:FA_MEM redisPort:6379]
SqlString  SELECT RTP,Amount,Bonus  FROM M_RtpSetting  WHERE Sid = 1   AND State = 1   AND LTG_Code = 6 AND Gid = 36
sqlResult   map[result: count:0 state:0]
[2020-01-02 12:43:30] rtpData ------->   map[result: count:0 state:0] 
[GIN] 2020/01/02 - 12:43:30 | 200 |    2.562982ms |  192.168.66.115 | POST     /getResult
[2020-01-02 12:43:30] 自開彩開獎  {202001020764 5 38 true} 
ConfigData  map[ip:192.168.88.181 port:3306 user:fa_db charset:utf8 redisDB:3 poolname:FA_MEM password:1qaz!QAZ database:FA_MEM redisIp:192.168.88.119 redisPort:6379 redisPassword:""]
SqlString  SELECT RTP,Amount,Bonus  FROM M_RtpSetting  WHERE Sid = 1   AND State = 1   AND LTG_Code = 5 AND Gid = 38
sqlResult   map[result: count:0 state:0]
[2020-01-02 12:43:30] rtpData ------->   map[result: count:0 state:0] 
[GIN] 2020/01/02 - 12:43:30 | 200 |    2.782497ms |  192.168.66.115 | POST     /getResult
[2020-01-02 12:43:33] 自開彩開獎  {202001020764 1 34 true} 
ConfigData  map[user:fa_db database:FA_MEM redisIp:192.168.88.119 redisDB:3 redisPassword:"" ip:192.168.88.181 poolname:FA_MEM port:3306 password:1qaz!QAZ charset:utf8 redisPort:6379]
SqlString  SELECT RTP,Amount,Bonus  FROM M_RtpSetting  WHERE Sid = 1   AND State = 1   AND LTG_Code = 1 AND Gid = 34
sqlResult   map[result: count:0 state:0]
[2020-01-02 12:43:33] rtpData ------->   map[result: count:0 state:0] 
[GIN] 2020/01/02 - 12:43:33 | 200 |    2.450074ms |  192.168.66.115 | POST     /getResult
[2020-01-02 12:43:35] 自開彩開獎  {202001020255 1 35 true} 
ConfigData  map[ip:192.168.88.181 port:3306 user:fa_db redisIp:192.168.88.119 redisPassword:"" redisDB:3 poolname:FA_MEM password:1qaz!QAZ database:FA_MEM charset:utf8 redisPort:6379]
SqlString  SELECT RTP,Amount,Bonus  FROM M_RtpSetting  WHERE Sid = 1   AND State = 1   AND LTG_Code = 1 AND Gid = 35
sqlResult   map[result: count:0 state:0]
[2020-01-02 12:43:35] rtpData ------->   map[result: count:0 state:0] 
[GIN] 2020/01/02 - 12:43:35 | 200 |    2.453021ms |  192.168.66.115 | POST     /getResult
[2020-01-02 12:43:35] 自開彩開獎  {202001020764 4 40 true} 
ConfigData  map[ip:192.168.88.181 poolname:FA_MEM port:3306 database:FA_MEM redisPort:6379 redisPassword:"" user:fa_db password:1qaz!QAZ charset:utf8 redisIp:192.168.88.119 redisDB:3]
SqlString  SELECT RTP,Amount,Bonus  FROM M_RtpSetting  WHERE Sid = 1   AND State = 1   AND LTG_Code = 4 AND Gid = 40
sqlResult   map[result: count:0 state:0]
[2020-01-02 12:43:35] rtpData ------->   map[count:0 state:0 result:] 
[GIN] 2020/01/02 - 12:43:35 | 200 |    8.504078ms |  192.168.66.115 | POST     /getResult
[2020-01-02 12:43:35] 自開彩開獎  {202001020255 4 41 true} 
ConfigData  map[ip:192.168.88.181 port:3306 user:fa_db database:FA_MEM redisPassword:"" poolname:FA_MEM password:1qaz!QAZ charset:utf8 redisIp:192.168.88.119 redisPort:6379 redisDB:3]
SqlString  SELECT RTP,Amount,Bonus  FROM M_RtpSetting  WHERE Sid = 1   AND State = 1   AND LTG_Code = 4 AND Gid = 41
sqlResult   map[result: count:0 state:0]
[2020-01-02 12:43:35] rtpData ------->   map[result: count:0 state:0] 
[GIN] 2020/01/02 - 12:43:35 | 200 |     2.91216ms |  192.168.66.115 | POST     /getResult
[2020-01-02 12:43:36] 自開彩開獎  {202001020764 6 36 true} 
ConfigData  map[user:fa_db password:1qaz!QAZ database:FA_MEM charset:utf8 redisIp:192.168.88.119 redisPassword:"" redisDB:3 port:3306 poolname:FA_MEM redisPort:6379 ip:192.168.88.181]
SqlString  SELECT RTP,Amount,Bonus  FROM M_RtpSetting  WHERE Sid = 1   AND State = 1   AND LTG_Code = 6 AND Gid = 36
sqlResult   map[state:0 result: count:0]
[2020-01-02 12:43:36] rtpData ------->   map[result: count:0 state:0] 
[GIN] 2020/01/02 - 12:43:36 | 200 |    2.282894ms |  192.168.66.115 | POST     /getResult
[2020-01-02 12:43:36] 自開彩開獎  {202001020764 5 38 true} 
ConfigData  map[port:3306 user:fa_db database:FA_MEM redisIp:192.168.88.119 redisPort:6379 redisPassword:"" ip:192.168.88.181 password:1qaz!QAZ charset:utf8 redisDB:3 poolname:FA_MEM]
SqlString  SELECT RTP,Amount,Bonus  FROM M_RtpSetting  WHERE Sid = 1   AND State = 1   AND LTG_Code = 5 AND Gid = 38
sqlResult   map[result: count:0 state:0]
[2020-01-02 12:43:36] rtpData ------->   map[result: count:0 state:0] 
[GIN] 2020/01/02 - 12:43:36 | 200 |    2.409817ms |  192.168.66.115 | POST     /getResult
[2020-01-02 12:43:39] 自開彩開獎  {202001020764 1 34 true} 
ConfigData  map[ip:192.168.88.181 user:fa_db charset:utf8 redisDB:3 poolname:FA_MEM port:3306 password:1qaz!QAZ database:FA_MEM redisIp:192.168.88.119 redisPort:6379 redisPassword:""]
SqlString  SELECT RTP,Amount,Bonus  FROM M_RtpSetting  WHERE Sid = 1   AND State = 1   AND LTG_Code = 1 AND Gid = 34
sqlResult   map[result: count:0 state:0]
[2020-01-02 12:43:39] rtpData ------->   map[result: count:0 state:0] 
[GIN] 2020/01/02 - 12:43:39 | 200 |    3.003673ms |  192.168.66.115 | POST     /getResult
[2020-01-02 12:43:41] 自開彩開獎  {202001020255 1 35 true} 
ConfigData  map[ip:192.168.88.181 password:1qaz!QAZ charset:utf8 redisPort:6379 redisDB:3 poolname:FA_MEM port:3306 user:fa_db database:FA_MEM redisIp:192.168.88.119 redisPassword:""]
SqlString  SELECT RTP,Amount,Bonus  FROM M_RtpSetting  WHERE Sid = 1   AND State = 1   AND LTG_Code = 1 AND Gid = 35
sqlResult   map[result: count:0 state:0]
[2020-01-02 12:43:41] rtpData ------->   map[state:0 result: count:0] 
[GIN] 2020/01/02 - 12:43:41 | 200 |    2.424846ms |  192.168.66.115 | POST     /getResult
[2020-01-02 12:43:41] 自開彩開獎  {202001020764 4 40 true} 
ConfigData  map[port:3306 password:1qaz!QAZ redisIp:192.168.88.119 redisPort:6379 redisPassword:"" redisDB:3 ip:192.168.88.181 user:fa_db database:FA_MEM charset:utf8 poolname:FA_MEM]
SqlString  SELECT RTP,Amount,Bonus  FROM M_RtpSetting  WHERE Sid = 1   AND State = 1   AND LTG_Code = 4 AND Gid = 40
sqlResult   map[state:0 result: count:0]
[2020-01-02 12:43:41] rtpData ------->   map[result: count:0 state:0] 
[GIN] 2020/01/02 - 12:43:41 | 200 |    3.111607ms |  192.168.66.115 | POST     /getResult
[2020-01-02 12:43:41] 自開彩開獎  {202001020255 4 41 true} 
ConfigData  map[redisPort:6379 redisDB:3 poolname:FA_MEM user:fa_db password:1qaz!QAZ database:FA_MEM charset:utf8 ip:192.168.88.181 port:3306 redisIp:192.168.88.119 redisPassword:""]
SqlString  SELECT RTP,Amount,Bonus  FROM M_RtpSetting  WHERE Sid = 1   AND State = 1   AND LTG_Code = 4 AND Gid = 41
sqlResult   map[result: count:0 state:0]
[2020-01-02 12:43:41] rtpData ------->   map[result: count:0 state:0] 
[GIN] 2020/01/02 - 12:43:41 | 200 |    3.108449ms |  192.168.66.115 | POST     /getResult
[2020-01-02 12:43:42] 自開彩開獎  {202001020764 6 36 true} 
ConfigData  map[poolname:FA_MEM port:3306 password:1qaz!QAZ database:FA_MEM charset:utf8 redisPort:6379 redisDB:3 ip:192.168.88.181 user:fa_db redisIp:192.168.88.119 redisPassword:""]
SqlString  SELECT RTP,Amount,Bonus  FROM M_RtpSetting  WHERE Sid = 1   AND State = 1   AND LTG_Code = 6 AND Gid = 36
sqlResult   map[result: count:0 state:0]
[2020-01-02 12:43:42] rtpData ------->   map[result: count:0 state:0] 
[GIN] 2020/01/02 - 12:43:42 | 200 |     2.43608ms |  192.168.66.115 | POST     /getResult
[2020-01-02 12:43:42] 自開彩開獎  {202001020764 5 38 true} 
ConfigData  map[poolname:FA_MEM port:3306 database:FA_MEM charset:utf8 redisIp:192.168.88.119 ip:192.168.88.181 password:1qaz!QAZ redisPort:6379 redisPassword:"" redisDB:3 user:fa_db]
SqlString  SELECT RTP,Amount,Bonus  FROM M_RtpSetting  WHERE Sid = 1   AND State = 1   AND LTG_Code = 5 AND Gid = 38
sqlResult   map[result: count:0 state:0]
[2020-01-02 12:43:42] rtpData ------->   map[count:0 state:0 result:] 
[GIN] 2020/01/02 - 12:43:42 | 200 |    3.450898ms |  192.168.66.115 | POST     /getResult
[2020-01-02 12:43:45] 自開彩開獎  {202001020764 1 34 true} 
ConfigData  map[poolname:FA_MEM port:3306 user:fa_db database:FA_MEM redisIp:192.168.88.119 redisDB:3 ip:192.168.88.181 password:1qaz!QAZ charset:utf8 redisPort:6379 redisPassword:""]
SqlString  SELECT RTP,Amount,Bonus  FROM M_RtpSetting  WHERE Sid = 1   AND State = 1   AND LTG_Code = 1 AND Gid = 34
sqlResult   map[state:0 result: count:0]
[2020-01-02 12:43:45] rtpData ------->   map[result: count:0 state:0] 
[GIN] 2020/01/02 - 12:43:45 | 200 |    2.456569ms |  192.168.66.115 | POST     /getResult
[2020-01-02 12:43:47] 自開彩開獎  {202001020255 1 35 true} 
ConfigData  map[database:FA_MEM redisPort:6379 redisDB:3 poolname:FA_MEM port:3306 user:fa_db password:1qaz!QAZ ip:192.168.88.181 charset:utf8 redisIp:192.168.88.119 redisPassword:""]
SqlString  SELECT RTP,Amount,Bonus  FROM M_RtpSetting  WHERE Sid = 1   AND State = 1   AND LTG_Code = 1 AND Gid = 35
sqlResult   map[result: count:0 state:0]
[2020-01-02 12:43:47] rtpData ------->   map[result: count:0 state:0] 
[GIN] 2020/01/02 - 12:43:47 | 200 |    2.358843ms |  192.168.66.115 | POST     /getResult
[2020-01-02 12:43:47] 自開彩開獎  {202001020764 4 40 true} 
ConfigData  map[redisPassword:"" redisDB:3 poolname:FA_MEM port:3306 password:1qaz!QAZ database:FA_MEM charset:utf8 redisPort:6379 ip:192.168.88.181 user:fa_db redisIp:192.168.88.119]
SqlString  SELECT RTP,Amount,Bonus  FROM M_RtpSetting  WHERE Sid = 1   AND State = 1   AND LTG_Code = 4 AND Gid = 40
sqlResult   map[count:0 state:0 result:]
[2020-01-02 12:43:47] rtpData ------->   map[result: count:0 state:0] 
[GIN] 2020/01/02 - 12:43:47 | 200 |    2.591012ms |  192.168.66.115 | POST     /getResult
[2020-01-02 12:43:47] 自開彩開獎  {202001020255 4 41 true} 
ConfigData  map[charset:utf8 redisIp:192.168.88.119 user:fa_db database:FA_MEM port:3306 password:1qaz!QAZ redisPort:6379 redisPassword:"" redisDB:3 ip:192.168.88.181 poolname:FA_MEM]
SqlString  SELECT RTP,Amount,Bonus  FROM M_RtpSetting  WHERE Sid = 1   AND State = 1   AND LTG_Code = 4 AND Gid = 41
sqlResult   map[result: count:0 state:0]
[2020-01-02 12:43:47] rtpData ------->   map[result: count:0 state:0] 
[GIN] 2020/01/02 - 12:43:47 | 200 |    3.451623ms |  192.168.66.115 | POST     /getResult
[2020-01-02 12:43:48] 自開彩開獎  {202001020764 6 36 true} 
ConfigData  map[ip:192.168.88.181 password:1qaz!QAZ database:FA_MEM redisPassword:"" redisIp:192.168.88.119 redisPort:6379 redisDB:3 poolname:FA_MEM port:3306 user:fa_db charset:utf8]
SqlString  SELECT RTP,Amount,Bonus  FROM M_RtpSetting  WHERE Sid = 1   AND State = 1   AND LTG_Code = 6 AND Gid = 36
sqlResult   map[result: count:0 state:0]
[2020-01-02 12:43:48] rtpData ------->   map[result: count:0 state:0] 
[GIN] 2020/01/02 - 12:43:48 | 200 |    2.074698ms |  192.168.66.115 | POST     /getResult
[2020-01-02 12:43:48] 自開彩開獎  {202001020764 5 38 true} 
ConfigData  map[charset:utf8 redisIp:192.168.88.119 redisPort:6379 redisPassword:"" database:FA_MEM redisDB:3 ip:192.168.88.181 poolname:FA_MEM port:3306 user:fa_db password:1qaz!QAZ]
SqlString  SELECT RTP,Amount,Bonus  FROM M_RtpSetting  WHERE Sid = 1   AND State = 1   AND LTG_Code = 5 AND Gid = 38
sqlResult   map[state:0 result: count:0]
[2020-01-02 12:43:48] rtpData ------->   map[result: count:0 state:0] 
[GIN] 2020/01/02 - 12:43:48 | 200 |     2.31714ms |  192.168.66.115 | POST     /getResult
[2020-01-02 12:43:51] 自開彩開獎  {202001020764 1 34 true} 
ConfigData  map[redisPassword:"" poolname:FA_MEM port:3306 user:fa_db password:1qaz!QAZ database:FA_MEM redisIp:192.168.88.119 redisPort:6379 ip:192.168.88.181 charset:utf8 redisDB:3]
SqlString  SELECT RTP,Amount,Bonus  FROM M_RtpSetting  WHERE Sid = 1   AND State = 1   AND LTG_Code = 1 AND Gid = 34
sqlResult   map[result: count:0 state:0]
[2020-01-02 12:43:51] rtpData ------->   map[result: count:0 state:0] 
[GIN] 2020/01/02 - 12:43:51 | 200 |    2.830125ms |  192.168.66.115 | POST     /getResult
[2020-01-02 12:43:53] 自開彩開獎  {202001020255 1 35 true} 
ConfigData  map[database:FA_MEM redisPassword:"" redisDB:3 ip:192.168.88.181 poolname:FA_MEM port:3306 user:fa_db password:1qaz!QAZ charset:utf8 redisIp:192.168.88.119 redisPort:6379]
SqlString  SELECT RTP,Amount,Bonus  FROM M_RtpSetting  WHERE Sid = 1   AND State = 1   AND LTG_Code = 1 AND Gid = 35
sqlResult   map[state:0 result: count:0]
[2020-01-02 12:43:53] rtpData ------->   map[result: count:0 state:0] 
[GIN] 2020/01/02 - 12:43:53 | 200 |    2.247858ms |  192.168.66.115 | POST     /getResult
[2020-01-02 12:43:53] 自開彩開獎  {202001020764 4 40 true} 
ConfigData  map[port:3306 user:fa_db password:1qaz!QAZ database:FA_MEM redisIp:192.168.88.119 poolname:FA_MEM charset:utf8 redisPort:6379 redisPassword:"" redisDB:3 ip:192.168.88.181]
SqlString  SELECT RTP,Amount,Bonus  FROM M_RtpSetting  WHERE Sid = 1   AND State = 1   AND LTG_Code = 4 AND Gid = 40
sqlResult   map[count:0 state:0 result:]
[2020-01-02 12:43:53] rtpData ------->   map[result: count:0 state:0] 
[GIN] 2020/01/02 - 12:43:53 | 200 |    2.639601ms |  192.168.66.115 | POST     /getResult
[2020-01-02 12:43:53] 自開彩開獎  {202001020255 4 41 true} 
ConfigData  map[port:3306 password:1qaz!QAZ charset:utf8 redisIp:192.168.88.119 redisPort:6379 ip:192.168.88.181 poolname:FA_MEM redisPassword:"" redisDB:3 user:fa_db database:FA_MEM]
SqlString  SELECT RTP,Amount,Bonus  FROM M_RtpSetting  WHERE Sid = 1   AND State = 1   AND LTG_Code = 4 AND Gid = 41
sqlResult   map[count:0 state:0 result:]
[2020-01-02 12:43:53] rtpData ------->   map[result: count:0 state:0] 
[GIN] 2020/01/02 - 12:43:53 | 200 |    2.435312ms |  192.168.66.115 | POST     /getResult
[2020-01-02 12:43:54] 自開彩開獎  {202001020764 6 36 true} 
ConfigData  map[poolname:FA_MEM password:1qaz!QAZ redisIp:192.168.88.119 redisPort:6379 ip:192.168.88.181 port:3306 user:fa_db database:FA_MEM charset:utf8 redisPassword:"" redisDB:3]
SqlString  SELECT RTP,Amount,Bonus  FROM M_RtpSetting  WHERE Sid = 1   AND State = 1   AND LTG_Code = 6 AND Gid = 36
sqlResult   map[result: count:0 state:0]
[2020-01-02 12:43:54] rtpData ------->   map[result: count:0 state:0] 
[GIN] 2020/01/02 - 12:43:54 | 200 |    2.673773ms |  192.168.66.115 | POST     /getResult
[2020-01-02 12:43:54] 自開彩開獎  {202001020764 5 38 true} 
ConfigData  map[redisPort:6379 redisPassword:"" redisDB:3 ip:192.168.88.181 password:1qaz!QAZ charset:utf8 database:FA_MEM redisIp:192.168.88.119 poolname:FA_MEM port:3306 user:fa_db]
SqlString  SELECT RTP,Amount,Bonus  FROM M_RtpSetting  WHERE Sid = 1   AND State = 1   AND LTG_Code = 5 AND Gid = 38
sqlResult   map[result: count:0 state:0]
[2020-01-02 12:43:54] rtpData ------->   map[result: count:0 state:0] 
[GIN] 2020/01/02 - 12:43:54 | 200 |    2.449739ms |  192.168.66.115 | POST     /getResult
[2020-01-02 12:43:57] 自開彩開獎  {202001020764 1 34 true} 
ConfigData  map[redisPort:6379 redisPassword:"" ip:192.168.88.181 poolname:FA_MEM user:fa_db password:1qaz!QAZ database:FA_MEM charset:utf8 redisDB:3 port:3306 redisIp:192.168.88.119]
SqlString  SELECT RTP,Amount,Bonus  FROM M_RtpSetting  WHERE Sid = 1   AND State = 1   AND LTG_Code = 1 AND Gid = 34
sqlResult   map[result: count:0 state:0]
[2020-01-02 12:43:57] rtpData ------->   map[count:0 state:0 result:] 
[GIN] 2020/01/02 - 12:43:57 | 200 |    3.192756ms |  192.168.66.115 | POST     /getResult
[2020-01-02 12:43:59] 自開彩開獎  {202001020255 1 35 true} 
ConfigData  map[redisDB:3 poolname:FA_MEM database:FA_MEM redisIp:192.168.88.119 redisPassword:"" charset:utf8 redisPort:6379 ip:192.168.88.181 port:3306 user:fa_db password:1qaz!QAZ]
SqlString  SELECT RTP,Amount,Bonus  FROM M_RtpSetting  WHERE Sid = 1   AND State = 1   AND LTG_Code = 1 AND Gid = 35
sqlResult   map[result: count:0 state:0]
[2020-01-02 12:43:59] rtpData ------->   map[count:0 state:0 result:] 
[GIN] 2020/01/02 - 12:43:59 | 200 |    2.354309ms |  192.168.66.115 | POST     /getResult
[2020-01-02 12:43:59] 自開彩開獎  {202001020764 4 40 true} 
ConfigData  map[charset:utf8 redisIp:192.168.88.119 redisPassword:"" poolname:FA_MEM user:fa_db password:1qaz!QAZ database:FA_MEM redisPort:6379 redisDB:3 ip:192.168.88.181 port:3306]
SqlString  SELECT RTP,Amount,Bonus  FROM M_RtpSetting  WHERE Sid = 1   AND State = 1   AND LTG_Code = 4 AND Gid = 40
sqlResult   map[result: count:0 state:0]
[2020-01-02 12:43:59] rtpData ------->   map[count:0 state:0 result:] 
[GIN] 2020/01/02 - 12:43:59 | 200 |    3.290195ms |  192.168.66.115 | POST     /getResult
[2020-01-02 12:43:59] 自開彩開獎  {202001020255 4 41 true} 
ConfigData  map[port:3306 password:1qaz!QAZ database:FA_MEM redisIp:192.168.88.119 redisPort:6379 redisPassword:"" poolname:FA_MEM user:fa_db charset:utf8 redisDB:3 ip:192.168.88.181]
SqlString  SELECT RTP,Amount,Bonus  FROM M_RtpSetting  WHERE Sid = 1   AND State = 1   AND LTG_Code = 4 AND Gid = 41
sqlResult   map[result: count:0 state:0]
[2020-01-02 12:43:59] rtpData ------->   map[result: count:0 state:0] 
[GIN] 2020/01/02 - 12:43:59 | 200 |    2.058514ms |  192.168.66.115 | POST     /getResult
[2020-01-02 12:44:00] 自開彩開獎  {202001020764 6 36 true} 
ConfigData  map[redisIp:192.168.88.119 poolname:FA_MEM database:FA_MEM charset:utf8 password:1qaz!QAZ redisPort:6379 redisPassword:"" redisDB:3 ip:192.168.88.181 port:3306 user:fa_db]
SqlString  SELECT RTP,Amount,Bonus  FROM M_RtpSetting  WHERE Sid = 1   AND State = 1   AND LTG_Code = 6 AND Gid = 36
sqlResult   map[result: count:0 state:0]
[2020-01-02 12:44:00] rtpData ------->   map[result: count:0 state:0] 
[GIN] 2020/01/02 - 12:44:00 | 200 |    2.290383ms |  192.168.66.115 | POST     /getResult
[2020-01-02 12:44:00] 自開彩開獎  {202001020764 5 38 true} 
ConfigData  map[user:fa_db charset:utf8 redisDB:3 database:FA_MEM redisIp:192.168.88.119 redisPort:6379 redisPassword:"" ip:192.168.88.181 poolname:FA_MEM port:3306 password:1qaz!QAZ]
SqlString  SELECT RTP,Amount,Bonus  FROM M_RtpSetting  WHERE Sid = 1   AND State = 1   AND LTG_Code = 5 AND Gid = 38
sqlResult   map[result: count:0 state:0]
[2020-01-02 12:44:00] rtpData ------->   map[state:0 result: count:0] 
[GIN] 2020/01/02 - 12:44:00 | 200 |    2.505323ms |  192.168.66.115 | POST     /getResult
[2020-01-02 12:44:00] 自開彩開獎  {202001020765 2 26 true} 
ConfigData  map[poolname:FA_MEM port:3306 redisDB:3 charset:utf8 redisIp:192.168.88.119 redisPort:6379 redisPassword:"" ip:192.168.88.181 user:fa_db password:1qaz!QAZ database:FA_MEM]
SqlString  SELECT RTP,Amount,Bonus  FROM M_RtpSetting  WHERE Sid = 1   AND State = 1   AND LTG_Code = 2 AND Gid = 26
sqlResult   map[result:0.9600 count:1 state:1 amount:1.0069588e+06 bonus:908100.71]
[2020-01-02 12:44:00] rtpData ------->   map[count:1 state:1 amount:1.0069588e+06 bonus:908100.71 result:0.9600] 
ConfigData  map[redisDB:3 redisIp:192.168.88.119 redisPassword:"" port:3306 user:fa_db password:1qaz!QAZ database:FA_MEM charset:utf8 redisPort:6379 ip:192.168.88.181 poolname:FA_MEM]
SELECT BO_No, BO_OrderNo , BO_User , BO_Issue  , BO_LotteryTypeGroup, BO_LotteryType, BO_Mode, BO_LotteryPlayGroup, BO_LotteryPlay , BO_LotteryContent, BO_Price, BO_RealPrice, BO_Unit, BO_Multiple , BO_BetCount  , BO_Winnings, BO_Winnings2, BO_Winnings3, BO_WinningLimit  , BO_Water , BO_BW_SourceUserId, BO_BW_BackWater, BO_BW_LimitBetCount, BO_BW_MaxAmount, BO_BW_AuditMultiple  , BO_Odds, BO_Odds2, BO_Odds3 , BO_Type, BO_Chase , BO_OpenResult, BO_OpenResult2, BO_DateDraw, BO_DateDraw2, BO_DateUpdate  FROM TS_BetOrder  WHERE BO_Cancel = 0   AND BO_CancelBackend = 0   AND BO_LotteryTypeGroup = 2 AND BO_LotteryType = 26 AND BO_Issue = 202001020765 AND BO_Collect = 0 ORDER BY BO_DateDraw ASC, BO_DateCreate ASC, BO_DateUpdate ASC, BO_No ASC ;
[2020-01-02 12:44:00] LottteryTypeGroup 2 
[2020-01-02 12:44:00] 有期號 但無注單 -------> map[amount:0 bonus:0 thisOpenResult:[2 4 3 9 6]] 
[GIN] 2020/01/02 - 12:44:00 | 200 |    5.722881ms |  192.168.66.115 | POST     /getResult
[2020-01-02 12:44:03] 自開彩開獎  {202001020764 1 34 true} 
ConfigData  map[redisDB:3 ip:192.168.88.181 port:3306 password:1qaz!QAZ database:FA_MEM redisIp:192.168.88.119 redisPort:6379 redisPassword:"" poolname:FA_MEM user:fa_db charset:utf8]
SqlString  SELECT RTP,Amount,Bonus  FROM M_RtpSetting  WHERE Sid = 1   AND State = 1   AND LTG_Code = 1 AND Gid = 34
sqlResult   map[result: count:0 state:0]
[2020-01-02 12:44:03] rtpData ------->   map[result: count:0 state:0] 
[GIN] 2020/01/02 - 12:44:03 | 200 |    3.220717ms |  192.168.66.115 | POST     /getResult
[2020-01-02 12:44:05] 自開彩開獎  {202001020255 1 35 true} 
ConfigData  map[database:FA_MEM charset:utf8 redisIp:192.168.88.119 redisDB:3 redisPort:6379 redisPassword:"" ip:192.168.88.181 poolname:FA_MEM port:3306 user:fa_db password:1qaz!QAZ]
SqlString  SELECT RTP,Amount,Bonus  FROM M_RtpSetting  WHERE Sid = 1   AND State = 1   AND LTG_Code = 1 AND Gid = 35
sqlResult   map[result: count:0 state:0]
[2020-01-02 12:44:05] rtpData ------->   map[result: count:0 state:0] 
[GIN] 2020/01/02 - 12:44:05 | 200 |    2.651143ms |  192.168.66.115 | POST     /getResult
[2020-01-02 12:44:05] 自開彩開獎  {202001020764 4 40 true} 
ConfigData  map[poolname:FA_MEM charset:utf8 redisIp:192.168.88.119 redisPort:6379 redisDB:3 ip:192.168.88.181 port:3306 user:fa_db password:1qaz!QAZ database:FA_MEM redisPassword:""]
SqlString  SELECT RTP,Amount,Bonus  FROM M_RtpSetting  WHERE Sid = 1   AND State = 1   AND LTG_Code = 4 AND Gid = 40
sqlResult   map[result: count:0 state:0]
[2020-01-02 12:44:05] rtpData ------->   map[state:0 result: count:0] 
[GIN] 2020/01/02 - 12:44:05 | 200 |    2.904333ms |  192.168.66.115 | POST     /getResult
[2020-01-02 12:44:05] 自開彩開獎  {202001020255 4 41 true} 
ConfigData  map[database:FA_MEM redisIp:192.168.88.119 redisPassword:"" redisDB:3 port:3306 password:1qaz!QAZ user:fa_db charset:utf8 redisPort:6379 ip:192.168.88.181 poolname:FA_MEM]
SqlString  SELECT RTP,Amount,Bonus  FROM M_RtpSetting  WHERE Sid = 1   AND State = 1   AND LTG_Code = 4 AND Gid = 41
sqlResult   map[state:0 result: count:0]
[2020-01-02 12:44:05] rtpData ------->   map[count:0 state:0 result:] 
[GIN] 2020/01/02 - 12:44:05 | 200 |    3.471465ms |  192.168.66.115 | POST     /getResult
[2020-01-02 12:44:06] 自開彩開獎  {202001020765 6 36 true} 
ConfigData  map[database:FA_MEM charset:utf8 poolname:FA_MEM user:fa_db password:1qaz!QAZ redisPort:6379 redisPassword:"" redisDB:3 ip:192.168.88.181 port:3306 redisIp:192.168.88.119]
SqlString  SELECT RTP,Amount,Bonus  FROM M_RtpSetting  WHERE Sid = 1   AND State = 1   AND LTG_Code = 6 AND Gid = 36
sqlResult   map[result: count:0 state:0]
[2020-01-02 12:44:06] rtpData ------->   map[result: count:0 state:0] 
[GIN] 2020/01/02 - 12:44:06 | 200 |    2.498066ms |  192.168.66.115 | POST     /getResult
[2020-01-02 12:44:06] 自開彩開獎  {202001020765 5 38 true} 
ConfigData  map[ip:192.168.88.181 port:3306 user:fa_db password:1qaz!QAZ charset:utf8 redisIp:192.168.88.119 redisPort:6379 poolname:FA_MEM database:FA_MEM redisPassword:"" redisDB:3]
SqlString  SELECT RTP,Amount,Bonus  FROM M_RtpSetting  WHERE Sid = 1   AND State = 1   AND LTG_Code = 5 AND Gid = 38
sqlResult   map[result: count:0 state:0]
[2020-01-02 12:44:06] rtpData ------->   map[result: count:0 state:0] 
[GIN] 2020/01/02 - 12:44:06 | 200 |    2.336538ms |  192.168.66.115 | POST     /getResult
[2020-01-02 12:44:09] 自開彩開獎  {202001020765 1 34 true} 
ConfigData  map[database:FA_MEM charset:utf8 redisIp:192.168.88.119 poolname:FA_MEM password:1qaz!QAZ user:fa_db redisPort:6379 redisPassword:"" redisDB:3 ip:192.168.88.181 port:3306]
SqlString  SELECT RTP,Amount,Bonus  FROM M_RtpSetting  WHERE Sid = 1   AND State = 1   AND LTG_Code = 1 AND Gid = 34
sqlResult   map[result: count:0 state:0]
[2020-01-02 12:44:09] rtpData ------->   map[result: count:0 state:0] 
[GIN] 2020/01/02 - 12:44:09 | 200 |    2.761241ms |  192.168.66.115 | POST     /getResult
[2020-01-02 12:44:11] 自開彩開獎  {202001020255 1 35 true} 
ConfigData  map[database:FA_MEM redisIp:192.168.88.119 redisPort:6379 ip:192.168.88.181 poolname:FA_MEM port:3306 user:fa_db password:1qaz!QAZ charset:utf8 redisPassword:"" redisDB:3]
SqlString  SELECT RTP,Amount,Bonus  FROM M_RtpSetting  WHERE Sid = 1   AND State = 1   AND LTG_Code = 1 AND Gid = 35
sqlResult   map[result: count:0 state:0]
[2020-01-02 12:44:11] rtpData ------->   map[state:0 result: count:0] 
[GIN] 2020/01/02 - 12:44:11 | 200 |     2.37764ms |  192.168.66.115 | POST     /getResult
[2020-01-02 12:44:11] 自開彩開獎  {202001020765 4 40 true} 
ConfigData  map[poolname:FA_MEM database:FA_MEM redisIp:192.168.88.119 ip:192.168.88.181 port:3306 user:fa_db password:1qaz!QAZ charset:utf8 redisPort:6379 redisPassword:"" redisDB:3]
SqlString  SELECT RTP,Amount,Bonus  FROM M_RtpSetting  WHERE Sid = 1   AND State = 1   AND LTG_Code = 4 AND Gid = 40
sqlResult   map[state:0 result: count:0]
[2020-01-02 12:44:11] rtpData ------->   map[result: count:0 state:0] 
[GIN] 2020/01/02 - 12:44:11 | 200 |    2.756114ms |  192.168.66.115 | POST     /getResult
[2020-01-02 12:44:11] 自開彩開獎  {202001020255 4 41 true} 
ConfigData  map[database:FA_MEM charset:utf8 redisDB:3 redisPort:6379 redisPassword:"" ip:192.168.88.181 poolname:FA_MEM port:3306 user:fa_db password:1qaz!QAZ redisIp:192.168.88.119]
SqlString  SELECT RTP,Amount,Bonus  FROM M_RtpSetting  WHERE Sid = 1   AND State = 1   AND LTG_Code = 4 AND Gid = 41
sqlResult   map[result: count:0 state:0]
[2020-01-02 12:44:11] rtpData ------->   map[result: count:0 state:0] 
[GIN] 2020/01/02 - 12:44:11 | 200 |    2.139864ms |  192.168.66.115 | POST     /getResult
[2020-01-02 12:44:12] 自開彩開獎  {202001020765 6 36 true} 
ConfigData  map[redisDB:3 ip:192.168.88.181 password:1qaz!QAZ charset:utf8 redisIp:192.168.88.119 redisPort:6379 poolname:FA_MEM port:3306 user:fa_db database:FA_MEM redisPassword:""]
SqlString  SELECT RTP,Amount,Bonus  FROM M_RtpSetting  WHERE Sid = 1   AND State = 1   AND LTG_Code = 6 AND Gid = 36
sqlResult   map[result: count:0 state:0]
[2020-01-02 12:44:12] rtpData ------->   map[result: count:0 state:0] 
[GIN] 2020/01/02 - 12:44:12 | 200 |    2.734844ms |  192.168.66.115 | POST     /getResult
[2020-01-02 12:44:12] 自開彩開獎  {202001020765 5 38 true} 
ConfigData  map[password:1qaz!QAZ charset:utf8 redisIp:192.168.88.119 redisPort:6379 ip:192.168.88.181 poolname:FA_MEM port:3306 user:fa_db database:FA_MEM redisPassword:"" redisDB:3]
SqlString  SELECT RTP,Amount,Bonus  FROM M_RtpSetting  WHERE Sid = 1   AND State = 1   AND LTG_Code = 5 AND Gid = 38
sqlResult   map[result: count:0 state:0]
[2020-01-02 12:44:12] rtpData ------->   map[result: count:0 state:0] 
[GIN] 2020/01/02 - 12:44:12 | 200 |    2.701535ms |  192.168.66.115 | POST     /getResult
[2020-01-02 12:44:15] 自開彩開獎  {202001020765 1 34 true} 
ConfigData  map[redisDB:3 ip:192.168.88.181 poolname:FA_MEM port:3306 user:fa_db charset:utf8 redisPort:6379 password:1qaz!QAZ database:FA_MEM redisIp:192.168.88.119 redisPassword:""]
SqlString  SELECT RTP,Amount,Bonus  FROM M_RtpSetting  WHERE Sid = 1   AND State = 1   AND LTG_Code = 1 AND Gid = 34
sqlResult   map[result: count:0 state:0]
[2020-01-02 12:44:15] rtpData ------->   map[result: count:0 state:0] 
[GIN] 2020/01/02 - 12:44:15 | 200 |    2.977979ms |  192.168.66.115 | POST     /getResult
[2020-01-02 12:44:17] 自開彩開獎  {202001020255 1 35 true} 
ConfigData  map[charset:utf8 redisIp:192.168.88.119 redisPort:6379 redisPassword:"" user:fa_db password:1qaz!QAZ database:FA_MEM redisDB:3 ip:192.168.88.181 poolname:FA_MEM port:3306]
SqlString  SELECT RTP,Amount,Bonus  FROM M_RtpSetting  WHERE Sid = 1   AND State = 1   AND LTG_Code = 1 AND Gid = 35
sqlResult   map[result: count:0 state:0]
[2020-01-02 12:44:17] rtpData ------->   map[result: count:0 state:0] 
[GIN] 2020/01/02 - 12:44:17 | 200 |    2.445845ms |  192.168.66.115 | POST     /getResult
[2020-01-02 12:44:17] 自開彩開獎  {202001020765 4 40 true} 
ConfigData  map[poolname:FA_MEM password:1qaz!QAZ redisPassword:"" redisIp:192.168.88.119 redisPort:6379 redisDB:3 ip:192.168.88.181 port:3306 user:fa_db database:FA_MEM charset:utf8]
SqlString  SELECT RTP,Amount,Bonus  FROM M_RtpSetting  WHERE Sid = 1   AND State = 1   AND LTG_Code = 4 AND Gid = 40
sqlResult   map[result: count:0 state:0]
[2020-01-02 12:44:17] rtpData ------->   map[state:0 result: count:0] 
[GIN] 2020/01/02 - 12:44:17 | 200 |    2.675109ms |  192.168.66.115 | POST     /getResult
[2020-01-02 12:44:17] 自開彩開獎  {202001020255 4 41 true} 
ConfigData  map[ip:192.168.88.181 poolname:FA_MEM port:3306 user:fa_db password:1qaz!QAZ database:FA_MEM charset:utf8 redisIp:192.168.88.119 redisPort:6379 redisPassword:"" redisDB:3]
SqlString  SELECT RTP,Amount,Bonus  FROM M_RtpSetting  WHERE Sid = 1   AND State = 1   AND LTG_Code = 4 AND Gid = 41
sqlResult   map[count:0 state:0 result:]
[2020-01-02 12:44:17] rtpData ------->   map[result: count:0 state:0] 
[GIN] 2020/01/02 - 12:44:17 | 200 |    2.571553ms |  192.168.66.115 | POST     /getResult
[2020-01-02 12:44:18] 自開彩開獎  {202001020765 6 36 true} 
ConfigData  map[redisDB:3 password:1qaz!QAZ charset:utf8 redisIp:192.168.88.119 redisPort:6379 database:FA_MEM redisPassword:"" ip:192.168.88.181 poolname:FA_MEM port:3306 user:fa_db]
SqlString  SELECT RTP,Amount,Bonus  FROM M_RtpSetting  WHERE Sid = 1   AND State = 1   AND LTG_Code = 6 AND Gid = 36
sqlResult   map[result: count:0 state:0]
[2020-01-02 12:44:18] rtpData ------->   map[result: count:0 state:0] 
[GIN] 2020/01/02 - 12:44:18 | 200 |   13.992638ms |  192.168.66.115 | POST     /getResult
[2020-01-02 12:44:18] 自開彩開獎  {202001020765 5 38 true} 
ConfigData  map[ip:192.168.88.181 user:fa_db password:1qaz!QAZ database:FA_MEM redisIp:192.168.88.119 redisPort:6379 poolname:FA_MEM port:3306 charset:utf8 redisPassword:"" redisDB:3]
SqlString  SELECT RTP,Amount,Bonus  FROM M_RtpSetting  WHERE Sid = 1   AND State = 1   AND LTG_Code = 5 AND Gid = 38
sqlResult   map[result: count:0 state:0]
[2020-01-02 12:44:18] rtpData ------->   map[result: count:0 state:0] 
[GIN] 2020/01/02 - 12:44:18 | 200 |    2.212052ms |  192.168.66.115 | POST     /getResult
[2020-01-02 12:44:21] 自開彩開獎  {202001020765 1 34 true} 
ConfigData  map[redisPort:6379 redisDB:3 ip:192.168.88.181 poolname:FA_MEM user:fa_db database:FA_MEM redisPassword:"" port:3306 password:1qaz!QAZ charset:utf8 redisIp:192.168.88.119]
SqlString  SELECT RTP,Amount,Bonus  FROM M_RtpSetting  WHERE Sid = 1   AND State = 1   AND LTG_Code = 1 AND Gid = 34
sqlResult   map[result: count:0 state:0]
[2020-01-02 12:44:21] rtpData ------->   map[result: count:0 state:0] 
[GIN] 2020/01/02 - 12:44:21 | 200 |    2.383419ms |  192.168.66.115 | POST     /getResult
[2020-01-02 12:44:23] 自開彩開獎  {202001020255 1 35 true} 
ConfigData  map[ip:192.168.88.181 password:1qaz!QAZ redisIp:192.168.88.119 database:FA_MEM charset:utf8 redisPort:6379 redisPassword:"" redisDB:3 poolname:FA_MEM port:3306 user:fa_db]
SqlString  SELECT RTP,Amount,Bonus  FROM M_RtpSetting  WHERE Sid = 1   AND State = 1   AND LTG_Code = 1 AND Gid = 35
sqlResult   map[result: count:0 state:0]
[2020-01-02 12:44:23] rtpData ------->   map[state:0 result: count:0] 
[GIN] 2020/01/02 - 12:44:23 | 200 |    2.300068ms |  192.168.66.115 | POST     /getResult
[2020-01-02 12:44:23] 自開彩開獎  {202001020765 4 40 true} 
ConfigData  map[ip:192.168.88.181 redisPassword:"" charset:utf8 redisIp:192.168.88.119 redisPort:6379 poolname:FA_MEM port:3306 user:fa_db password:1qaz!QAZ database:FA_MEM redisDB:3]
SqlString  SELECT RTP,Amount,Bonus  FROM M_RtpSetting  WHERE Sid = 1   AND State = 1   AND LTG_Code = 4 AND Gid = 40
sqlResult   map[result: count:0 state:0]
[2020-01-02 12:44:23] rtpData ------->   map[result: count:0 state:0] 
[GIN] 2020/01/02 - 12:44:23 | 200 |    2.338137ms |  192.168.66.115 | POST     /getResult
[2020-01-02 12:44:23] 自開彩開獎  {202001020255 4 41 true} 
ConfigData  map[password:1qaz!QAZ database:FA_MEM redisIp:192.168.88.119 redisPort:6379 redisPassword:"" poolname:FA_MEM port:3306 user:fa_db redisDB:3 ip:192.168.88.181 charset:utf8]
SqlString  SELECT RTP,Amount,Bonus  FROM M_RtpSetting  WHERE Sid = 1   AND State = 1   AND LTG_Code = 4 AND Gid = 41
sqlResult   map[result: count:0 state:0]
[2020-01-02 12:44:23] rtpData ------->   map[result: count:0 state:0] 
[GIN] 2020/01/02 - 12:44:23 | 200 |    3.122805ms |  192.168.66.115 | POST     /getResult
[2020-01-02 12:44:24] 自開彩開獎  {202001020765 6 36 true} 
ConfigData  map[user:fa_db password:1qaz!QAZ redisPassword:"" ip:192.168.88.181 port:3306 database:FA_MEM charset:utf8 redisIp:192.168.88.119 redisPort:6379 redisDB:3 poolname:FA_MEM]
SqlString  SELECT RTP,Amount,Bonus  FROM M_RtpSetting  WHERE Sid = 1   AND State = 1   AND LTG_Code = 6 AND Gid = 36
sqlResult   map[result: count:0 state:0]
[2020-01-02 12:44:24] rtpData ------->   map[state:0 result: count:0] 
[GIN] 2020/01/02 - 12:44:24 | 200 |    6.554632ms |  192.168.66.115 | POST     /getResult
[2020-01-02 12:44:24] 自開彩開獎  {202001020765 5 38 true} 
ConfigData  map[ip:192.168.88.181 port:3306 redisPort:6379 redisPassword:"" poolname:FA_MEM user:fa_db password:1qaz!QAZ database:FA_MEM charset:utf8 redisIp:192.168.88.119 redisDB:3]
SqlString  SELECT RTP,Amount,Bonus  FROM M_RtpSetting  WHERE Sid = 1   AND State = 1   AND LTG_Code = 5 AND Gid = 38
sqlResult   map[result: count:0 state:0]
[2020-01-02 12:44:24] rtpData ------->   map[result: count:0 state:0] 
[GIN] 2020/01/02 - 12:44:24 | 200 |    2.640364ms |  192.168.66.115 | POST     /getResult
[2020-01-02 12:44:27] 自開彩開獎  {202001020765 1 34 true} 
ConfigData  map[port:3306 user:fa_db password:1qaz!QAZ redisPassword:"" redisIp:192.168.88.119 redisPort:6379 redisDB:3 ip:192.168.88.181 poolname:FA_MEM database:FA_MEM charset:utf8]
SqlString  SELECT RTP,Amount,Bonus  FROM M_RtpSetting  WHERE Sid = 1   AND State = 1   AND LTG_Code = 1 AND Gid = 34
sqlResult   map[count:0 state:0 result:]
[2020-01-02 12:44:27] rtpData ------->   map[result: count:0 state:0] 
[GIN] 2020/01/02 - 12:44:27 | 200 |    2.741445ms |  192.168.66.115 | POST     /getResult
[2020-01-02 12:44:29] 自開彩開獎  {202001020255 1 35 true} 
ConfigData  map[user:fa_db password:1qaz!QAZ database:FA_MEM charset:utf8 redisPassword:"" redisDB:3 poolname:FA_MEM port:3306 redisIp:192.168.88.119 redisPort:6379 ip:192.168.88.181]
SqlString  SELECT RTP,Amount,Bonus  FROM M_RtpSetting  WHERE Sid = 1   AND State = 1   AND LTG_Code = 1 AND Gid = 35
sqlResult   map[result: count:0 state:0]
[2020-01-02 12:44:29] rtpData ------->   map[result: count:0 state:0] 
[GIN] 2020/01/02 - 12:44:29 | 200 |    2.421581ms |  192.168.66.115 | POST     /getResult
[2020-01-02 12:44:29] 自開彩開獎  {202001020765 4 40 true} 
ConfigData  map[ip:192.168.88.181 port:3306 database:FA_MEM charset:utf8 redisIp:192.168.88.119 redisPort:6379 redisDB:3 poolname:FA_MEM user:fa_db password:1qaz!QAZ redisPassword:""]
SqlString  SELECT RTP,Amount,Bonus  FROM M_RtpSetting  WHERE Sid = 1   AND State = 1   AND LTG_Code = 4 AND Gid = 40
sqlResult   map[result: count:0 state:0]
[2020-01-02 12:44:29] rtpData ------->   map[result: count:0 state:0] 
[GIN] 2020/01/02 - 12:44:29 | 200 |      2.1817ms |  192.168.66.115 | POST     /getResult
[2020-01-02 12:44:29] 自開彩開獎  {202001020255 4 41 true} 
ConfigData  map[charset:utf8 redisIp:192.168.88.119 redisPort:6379 redisDB:3 redisPassword:"" ip:192.168.88.181 poolname:FA_MEM port:3306 user:fa_db password:1qaz!QAZ database:FA_MEM]
SqlString  SELECT RTP,Amount,Bonus  FROM M_RtpSetting  WHERE Sid = 1   AND State = 1   AND LTG_Code = 4 AND Gid = 41
sqlResult   map[result: count:0 state:0]
[2020-01-02 12:44:29] rtpData ------->   map[state:0 result: count:0] 
[GIN] 2020/01/02 - 12:44:29 | 200 |    2.052511ms |  192.168.66.115 | POST     /getResult
[2020-01-02 12:44:30] 自開彩開獎  {202001020765 6 36 true} 
ConfigData  map[charset:utf8 redisPort:6379 ip:192.168.88.181 poolname:FA_MEM port:3306 redisIp:192.168.88.119 redisPassword:"" redisDB:3 user:fa_db password:1qaz!QAZ database:FA_MEM]
SqlString  SELECT RTP,Amount,Bonus  FROM M_RtpSetting  WHERE Sid = 1   AND State = 1   AND LTG_Code = 6 AND Gid = 36
sqlResult   map[result: count:0 state:0]
[2020-01-02 12:44:30] rtpData ------->   map[state:0 result: count:0] 
[GIN] 2020/01/02 - 12:44:30 | 200 |    3.924764ms |  192.168.66.115 | POST     /getResult
[2020-01-02 12:44:30] 自開彩開獎  {202001020765 5 38 true} 
ConfigData  map[ip:192.168.88.181 port:3306 user:fa_db redisDB:3 redisIp:192.168.88.119 redisPort:6379 redisPassword:"" poolname:FA_MEM password:1qaz!QAZ database:FA_MEM charset:utf8]
SqlString  SELECT RTP,Amount,Bonus  FROM M_RtpSetting  WHERE Sid = 1   AND State = 1   AND LTG_Code = 5 AND Gid = 38
sqlResult   map[state:0 result: count:0]
[2020-01-02 12:44:30] rtpData ------->   map[count:0 state:0 result:] 
[GIN] 2020/01/02 - 12:44:30 | 200 |    2.813269ms |  192.168.66.115 | POST     /getResult
[2020-01-02 12:44:33] 自開彩開獎  {202001020765 1 34 true} 
ConfigData  map[user:fa_db password:1qaz!QAZ charset:utf8 redisPassword:"" redisDB:3 ip:192.168.88.181 poolname:FA_MEM redisIp:192.168.88.119 redisPort:6379 port:3306 database:FA_MEM]
SqlString  SELECT RTP,Amount,Bonus  FROM M_RtpSetting  WHERE Sid = 1   AND State = 1   AND LTG_Code = 1 AND Gid = 34
sqlResult   map[state:0 result: count:0]
[2020-01-02 12:44:33] rtpData ------->   map[result: count:0 state:0] 
[GIN] 2020/01/02 - 12:44:33 | 200 |    3.173924ms |  192.168.66.115 | POST     /getResult
[2020-01-02 12:44:35] 自開彩開獎  {202001020255 1 35 true} 
ConfigData  map[database:FA_MEM redisPort:6379 redisDB:3 poolname:FA_MEM port:3306 password:1qaz!QAZ redisIp:192.168.88.119 redisPassword:"" ip:192.168.88.181 user:fa_db charset:utf8]
SqlString  SELECT RTP,Amount,Bonus  FROM M_RtpSetting  WHERE Sid = 1   AND State = 1   AND LTG_Code = 1 AND Gid = 35
sqlResult   map[state:0 result: count:0]
[2020-01-02 12:44:35] rtpData ------->   map[result: count:0 state:0] 
[GIN] 2020/01/02 - 12:44:35 | 200 |    2.580431ms |  192.168.66.115 | POST     /getResult
[2020-01-02 12:44:35] 自開彩開獎  {202001020765 4 40 true} 
ConfigData  map[ip:192.168.88.181 port:3306 database:FA_MEM charset:utf8 redisIp:192.168.88.119 redisPort:6379 redisPassword:"" redisDB:3 poolname:FA_MEM user:fa_db password:1qaz!QAZ]
SqlString  SELECT RTP,Amount,Bonus  FROM M_RtpSetting  WHERE Sid = 1   AND State = 1   AND LTG_Code = 4 AND Gid = 40
sqlResult   map[result: count:0 state:0]
[2020-01-02 12:44:35] rtpData ------->   map[result: count:0 state:0] 
[GIN] 2020/01/02 - 12:44:35 | 200 |     2.18937ms |  192.168.66.115 | POST     /getResult
[2020-01-02 12:44:35] 自開彩開獎  {202001020255 4 41 true} 
ConfigData  map[redisIp:192.168.88.119 redisPort:6379 redisDB:3 poolname:FA_MEM port:3306 user:fa_db password:1qaz!QAZ ip:192.168.88.181 database:FA_MEM charset:utf8 redisPassword:""]
SqlString  SELECT RTP,Amount,Bonus  FROM M_RtpSetting  WHERE Sid = 1   AND State = 1   AND LTG_Code = 4 AND Gid = 41
sqlResult   map[result: count:0 state:0]
[2020-01-02 12:44:35] rtpData ------->   map[result: count:0 state:0] 
[GIN] 2020/01/02 - 12:44:35 | 200 |    2.175796ms |  192.168.66.115 | POST     /getResult
[2020-01-02 12:44:36] 自開彩開獎  {202001020765 6 36 true} 
ConfigData  map[redisIp:192.168.88.119 redisPort:6379 redisDB:3 ip:192.168.88.181 port:3306 user:fa_db password:1qaz!QAZ database:FA_MEM poolname:FA_MEM charset:utf8 redisPassword:""]
SqlString  SELECT RTP,Amount,Bonus  FROM M_RtpSetting  WHERE Sid = 1   AND State = 1   AND LTG_Code = 6 AND Gid = 36
sqlResult   map[result: count:0 state:0]
[2020-01-02 12:44:36] rtpData ------->   map[result: count:0 state:0] 
[GIN] 2020/01/02 - 12:44:36 | 200 |    2.456547ms |  192.168.66.115 | POST     /getResult
[2020-01-02 12:44:36] 自開彩開獎  {202001020765 5 38 true} 
ConfigData  map[poolname:FA_MEM port:3306 password:1qaz!QAZ database:FA_MEM charset:utf8 redisPassword:"" ip:192.168.88.181 user:fa_db redisIp:192.168.88.119 redisPort:6379 redisDB:3]
SqlString  SELECT RTP,Amount,Bonus  FROM M_RtpSetting  WHERE Sid = 1   AND State = 1   AND LTG_Code = 5 AND Gid = 38
sqlResult   map[result: count:0 state:0]
[2020-01-02 12:44:36] rtpData ------->   map[result: count:0 state:0] 
[GIN] 2020/01/02 - 12:44:36 | 200 |    3.613605ms |  192.168.66.115 | POST     /getResult
[2020-01-02 12:44:39] 自開彩開獎  {202001020765 1 34 true} 
ConfigData  map[charset:utf8 redisPort:6379 poolname:FA_MEM user:fa_db password:1qaz!QAZ redisIp:192.168.88.119 redisPassword:"" redisDB:3 ip:192.168.88.181 port:3306 database:FA_MEM]
SqlString  SELECT RTP,Amount,Bonus  FROM M_RtpSetting  WHERE Sid = 1   AND State = 1   AND LTG_Code = 1 AND Gid = 34
sqlResult   map[count:0 state:0 result:]
[2020-01-02 12:44:39] rtpData ------->   map[result: count:0 state:0] 
[GIN] 2020/01/02 - 12:44:39 | 200 |    2.504677ms |  192.168.66.115 | POST     /getResult
[2020-01-02 12:44:41] 自開彩開獎  {202001020255 1 35 true} 
ConfigData  map[user:fa_db database:FA_MEM redisPassword:"" redisDB:3 ip:192.168.88.181 poolname:FA_MEM port:3306 password:1qaz!QAZ charset:utf8 redisIp:192.168.88.119 redisPort:6379]
SqlString  SELECT RTP,Amount,Bonus  FROM M_RtpSetting  WHERE Sid = 1   AND State = 1   AND LTG_Code = 1 AND Gid = 35
sqlResult   map[state:0 result: count:0]
[2020-01-02 12:44:41] rtpData ------->   map[result: count:0 state:0] 
[GIN] 2020/01/02 - 12:44:41 | 200 |    2.525159ms |  192.168.66.115 | POST     /getResult
[2020-01-02 12:44:41] 自開彩開獎  {202001020765 4 40 true} 
ConfigData  map[ip:192.168.88.181 port:3306 user:fa_db password:1qaz!QAZ redisIp:192.168.88.119 poolname:FA_MEM database:FA_MEM charset:utf8 redisPort:6379 redisPassword:"" redisDB:3]
SqlString  SELECT RTP,Amount,Bonus  FROM M_RtpSetting  WHERE Sid = 1   AND State = 1   AND LTG_Code = 4 AND Gid = 40
sqlResult   map[result: count:0 state:0]
[2020-01-02 12:44:41] rtpData ------->   map[result: count:0 state:0] 
[GIN] 2020/01/02 - 12:44:41 | 200 |    2.984884ms |  192.168.66.115 | POST     /getResult
[2020-01-02 12:44:41] 自開彩開獎  {202001020255 4 41 true} 
ConfigData  map[password:1qaz!QAZ database:FA_MEM charset:utf8 redisDB:3 redisPassword:"" ip:192.168.88.181 poolname:FA_MEM port:3306 user:fa_db redisIp:192.168.88.119 redisPort:6379]
SqlString  SELECT RTP,Amount,Bonus  FROM M_RtpSetting  WHERE Sid = 1   AND State = 1   AND LTG_Code = 4 AND Gid = 41
sqlResult   map[result: count:0 state:0]
[2020-01-02 12:44:41] rtpData ------->   map[result: count:0 state:0] 
[GIN] 2020/01/02 - 12:44:41 | 200 |    3.205475ms |  192.168.66.115 | POST     /getResult
[2020-01-02 12:44:42] 自開彩開獎  {202001020765 6 36 true} 
ConfigData  map[redisIp:192.168.88.119 redisPassword:"" redisDB:3 port:3306 database:FA_MEM user:fa_db password:1qaz!QAZ charset:utf8 redisPort:6379 ip:192.168.88.181 poolname:FA_MEM]
SqlString  SELECT RTP,Amount,Bonus  FROM M_RtpSetting  WHERE Sid = 1   AND State = 1   AND LTG_Code = 6 AND Gid = 36
sqlResult   map[result: count:0 state:0]
[2020-01-02 12:44:42] rtpData ------->   map[result: count:0 state:0] 
[GIN] 2020/01/02 - 12:44:42 | 200 |    8.656681ms |  192.168.66.115 | POST     /getResult
[2020-01-02 12:44:42] 自開彩開獎  {202001020765 5 38 true} 
ConfigData  map[port:3306 database:FA_MEM charset:utf8 redisPassword:"" redisDB:3 poolname:FA_MEM user:fa_db password:1qaz!QAZ redisIp:192.168.88.119 redisPort:6379 ip:192.168.88.181]
SqlString  SELECT RTP,Amount,Bonus  FROM M_RtpSetting  WHERE Sid = 1   AND State = 1   AND LTG_Code = 5 AND Gid = 38
sqlResult   map[count:0 state:0 result:]
[2020-01-02 12:44:42] rtpData ------->   map[result: count:0 state:0] 
[GIN] 2020/01/02 - 12:44:42 | 200 |    2.215455ms |  192.168.66.115 | POST     /getResult
[2020-01-02 12:44:45] 自開彩開獎  {202001020765 1 34 true} 
ConfigData  map[ip:192.168.88.181 password:1qaz!QAZ database:FA_MEM redisIp:192.168.88.119 redisPassword:"" redisDB:3 poolname:FA_MEM port:3306 user:fa_db charset:utf8 redisPort:6379]
SqlString  SELECT RTP,Amount,Bonus  FROM M_RtpSetting  WHERE Sid = 1   AND State = 1   AND LTG_Code = 1 AND Gid = 34
sqlResult   map[result: count:0 state:0]
[2020-01-02 12:44:45] rtpData ------->   map[count:0 state:0 result:] 
[GIN] 2020/01/02 - 12:44:45 | 200 |    2.245775ms |  192.168.66.115 | POST     /getResult
[2020-01-02 12:44:47] 自開彩開獎  {202001020255 1 35 true} 
ConfigData  map[database:FA_MEM charset:utf8 redisIp:192.168.88.119 password:1qaz!QAZ poolname:FA_MEM port:3306 user:fa_db redisPort:6379 redisPassword:"" redisDB:3 ip:192.168.88.181]
SqlString  SELECT RTP,Amount,Bonus  FROM M_RtpSetting  WHERE Sid = 1   AND State = 1   AND LTG_Code = 1 AND Gid = 35
sqlResult   map[result: count:0 state:0]
[2020-01-02 12:44:47] rtpData ------->   map[state:0 result: count:0] 
[GIN] 2020/01/02 - 12:44:47 | 200 |    2.154952ms |  192.168.66.115 | POST     /getResult
[2020-01-02 12:44:47] 自開彩開獎  {202001020765 4 40 true} 
ConfigData  map[port:3306 password:1qaz!QAZ database:FA_MEM charset:utf8 redisPassword:"" redisDB:3 ip:192.168.88.181 poolname:FA_MEM user:fa_db redisIp:192.168.88.119 redisPort:6379]
SqlString  SELECT RTP,Amount,Bonus  FROM M_RtpSetting  WHERE Sid = 1   AND State = 1   AND LTG_Code = 4 AND Gid = 40
sqlResult   map[result: count:0 state:0]
[2020-01-02 12:44:47] rtpData ------->   map[state:0 result: count:0] 
[GIN] 2020/01/02 - 12:44:47 | 200 |    3.017264ms |  192.168.66.115 | POST     /getResult
[2020-01-02 12:44:47] 自開彩開獎  {202001020255 4 41 true} 
ConfigData  map[redisPort:6379 redisPassword:"" ip:192.168.88.181 poolname:FA_MEM port:3306 user:fa_db password:1qaz!QAZ redisIp:192.168.88.119 redisDB:3 database:FA_MEM charset:utf8]
SqlString  SELECT RTP,Amount,Bonus  FROM M_RtpSetting  WHERE Sid = 1   AND State = 1   AND LTG_Code = 4 AND Gid = 41
sqlResult   map[state:0 result: count:0]
[2020-01-02 12:44:47] rtpData ------->   map[state:0 result: count:0] 
[GIN] 2020/01/02 - 12:44:47 | 200 |    2.087703ms |  192.168.66.115 | POST     /getResult
[2020-01-02 12:44:48] 自開彩開獎  {202001020765 6 36 true} 
ConfigData  map[ip:192.168.88.181 port:3306 password:1qaz!QAZ redisPort:6379 poolname:FA_MEM user:fa_db database:FA_MEM charset:utf8 redisIp:192.168.88.119 redisPassword:"" redisDB:3]
SqlString  SELECT RTP,Amount,Bonus  FROM M_RtpSetting  WHERE Sid = 1   AND State = 1   AND LTG_Code = 6 AND Gid = 36
sqlResult   map[result: count:0 state:0]
[2020-01-02 12:44:48] rtpData ------->   map[result: count:0 state:0] 
[GIN] 2020/01/02 - 12:44:48 | 200 |    2.830766ms |  192.168.66.115 | POST     /getResult
[2020-01-02 12:44:48] 自開彩開獎  {202001020765 5 38 true} 
ConfigData  map[poolname:FA_MEM port:3306 database:FA_MEM charset:utf8 redisPort:6379 redisPassword:"" redisDB:3 ip:192.168.88.181 user:fa_db password:1qaz!QAZ redisIp:192.168.88.119]
SqlString  SELECT RTP,Amount,Bonus  FROM M_RtpSetting  WHERE Sid = 1   AND State = 1   AND LTG_Code = 5 AND Gid = 38
sqlResult   map[result: count:0 state:0]
[2020-01-02 12:44:48] rtpData ------->   map[result: count:0 state:0] 
[GIN] 2020/01/02 - 12:44:48 | 200 |    2.060049ms |  192.168.66.115 | POST     /getResult
[2020-01-02 12:44:51] 自開彩開獎  {202001020765 1 34 true} 
ConfigData  map[poolname:FA_MEM port:3306 charset:utf8 redisIp:192.168.88.119 redisPort:6379 ip:192.168.88.181 user:fa_db password:1qaz!QAZ database:FA_MEM redisPassword:"" redisDB:3]
SqlString  SELECT RTP,Amount,Bonus  FROM M_RtpSetting  WHERE Sid = 1   AND State = 1   AND LTG_Code = 1 AND Gid = 34
sqlResult   map[result: count:0 state:0]
[2020-01-02 12:44:51] rtpData ------->   map[result: count:0 state:0] 
[GIN] 2020/01/02 - 12:44:51 | 200 |    2.931999ms |  192.168.66.115 | POST     /getResult
[2020-01-02 12:44:53] 自開彩開獎  {202001020255 1 35 true} 
ConfigData  map[redisPassword:"" redisDB:3 poolname:FA_MEM password:1qaz!QAZ user:fa_db database:FA_MEM charset:utf8 redisIp:192.168.88.119 redisPort:6379 ip:192.168.88.181 port:3306]
SqlString  SELECT RTP,Amount,Bonus  FROM M_RtpSetting  WHERE Sid = 1   AND State = 1   AND LTG_Code = 1 AND Gid = 35
sqlResult   map[result: count:0 state:0]
[2020-01-02 12:44:53] rtpData ------->   map[state:0 result: count:0] 
[GIN] 2020/01/02 - 12:44:53 | 200 |    2.008518ms |  192.168.66.115 | POST     /getResult
[2020-01-02 12:44:53] 自開彩開獎  {202001020765 4 40 true} 
ConfigData  map[redisIp:192.168.88.119 redisDB:3 ip:192.168.88.181 poolname:FA_MEM user:fa_db database:FA_MEM redisPassword:"" port:3306 password:1qaz!QAZ charset:utf8 redisPort:6379]
SqlString  SELECT RTP,Amount,Bonus  FROM M_RtpSetting  WHERE Sid = 1   AND State = 1   AND LTG_Code = 4 AND Gid = 40
sqlResult   map[result: count:0 state:0]
[2020-01-02 12:44:53] rtpData ------->   map[state:0 result: count:0] 
[GIN] 2020/01/02 - 12:44:53 | 200 |    2.423968ms |  192.168.66.115 | POST     /getResult
[2020-01-02 12:44:53] 自開彩開獎  {202001020255 4 41 true} 
ConfigData  map[poolname:FA_MEM port:3306 password:1qaz!QAZ redisDB:3 redisIp:192.168.88.119 redisPort:6379 redisPassword:"" ip:192.168.88.181 user:fa_db database:FA_MEM charset:utf8]
SqlString  SELECT RTP,Amount,Bonus  FROM M_RtpSetting  WHERE Sid = 1   AND State = 1   AND LTG_Code = 4 AND Gid = 41
sqlResult   map[result: count:0 state:0]
[2020-01-02 12:44:53] rtpData ------->   map[count:0 state:0 result:] 
[GIN] 2020/01/02 - 12:44:53 | 200 |    1.959852ms |  192.168.66.115 | POST     /getResult
[2020-01-02 12:44:54] 自開彩開獎  {202001020765 6 36 true} 
ConfigData  map[port:3306 charset:utf8 redisIp:192.168.88.119 redisPort:6379 redisPassword:"" ip:192.168.88.181 poolname:FA_MEM user:fa_db password:1qaz!QAZ database:FA_MEM redisDB:3]
SqlString  SELECT RTP,Amount,Bonus  FROM M_RtpSetting  WHERE Sid = 1   AND State = 1   AND LTG_Code = 6 AND Gid = 36
sqlResult   map[result: count:0 state:0]
[2020-01-02 12:44:54] rtpData ------->   map[result: count:0 state:0] 
[GIN] 2020/01/02 - 12:44:54 | 200 |    2.699375ms |  192.168.66.115 | POST     /getResult
[2020-01-02 12:44:54] 自開彩開獎  {202001020765 5 38 true} 
ConfigData  map[port:3306 password:1qaz!QAZ charset:utf8 redisPassword:"" ip:192.168.88.181 poolname:FA_MEM redisIp:192.168.88.119 redisPort:6379 redisDB:3 user:fa_db database:FA_MEM]
SqlString  SELECT RTP,Amount,Bonus  FROM M_RtpSetting  WHERE Sid = 1   AND State = 1   AND LTG_Code = 5 AND Gid = 38
sqlResult   map[result: count:0 state:0]
[2020-01-02 12:44:54] rtpData ------->   map[state:0 result: count:0] 
[GIN] 2020/01/02 - 12:44:54 | 200 |    2.947752ms |  192.168.66.115 | POST     /getResult
[2020-01-02 12:44:57] 自開彩開獎  {202001020765 1 34 true} 
ConfigData  map[poolname:FA_MEM port:3306 user:fa_db password:1qaz!QAZ charset:utf8 redisIp:192.168.88.119 redisPort:6379 ip:192.168.88.181 redisPassword:"" redisDB:3 database:FA_MEM]
SqlString  SELECT RTP,Amount,Bonus  FROM M_RtpSetting  WHERE Sid = 1   AND State = 1   AND LTG_Code = 1 AND Gid = 34
sqlResult   map[result: count:0 state:0]
[2020-01-02 12:44:57] rtpData ------->   map[result: count:0 state:0] 
[GIN] 2020/01/02 - 12:44:57 | 200 |    2.893863ms |  192.168.66.115 | POST     /getResult
[2020-01-02 12:44:59] 自開彩開獎  {202001020255 1 35 true} 
ConfigData  map[poolname:FA_MEM port:3306 redisIp:192.168.88.119 redisPort:6379 redisDB:3 ip:192.168.88.181 user:fa_db password:1qaz!QAZ database:FA_MEM charset:utf8 redisPassword:""]
SqlString  SELECT RTP,Amount,Bonus  FROM M_RtpSetting  WHERE Sid = 1   AND State = 1   AND LTG_Code = 1 AND Gid = 35
sqlResult   map[result: count:0 state:0]
[2020-01-02 12:44:59] rtpData ------->   map[state:0 result: count:0] 
[GIN] 2020/01/02 - 12:44:59 | 200 |    2.205064ms |  192.168.66.115 | POST     /getResult
[2020-01-02 12:44:59] 自開彩開獎  {202001020765 4 40 true} 
ConfigData  map[redisIp:192.168.88.119 redisPort:6379 redisPassword:"" ip:192.168.88.181 port:3306 password:1qaz!QAZ database:FA_MEM charset:utf8 redisDB:3 poolname:FA_MEM user:fa_db]
SqlString  SELECT RTP,Amount,Bonus  FROM M_RtpSetting  WHERE Sid = 1   AND State = 1   AND LTG_Code = 4 AND Gid = 40
sqlResult   map[result: count:0 state:0]
[2020-01-02 12:44:59] rtpData ------->   map[result: count:0 state:0] 
[GIN] 2020/01/02 - 12:44:59 | 200 |    2.987218ms |  192.168.66.115 | POST     /getResult
[2020-01-02 12:44:59] 自開彩開獎  {202001020255 4 41 true} 
ConfigData  map[ip:192.168.88.181 port:3306 password:1qaz!QAZ database:FA_MEM redisPort:6379 redisDB:3 poolname:FA_MEM user:fa_db charset:utf8 redisIp:192.168.88.119 redisPassword:""]
SqlString  SELECT RTP,Amount,Bonus  FROM M_RtpSetting  WHERE Sid = 1   AND State = 1   AND LTG_Code = 4 AND Gid = 41
sqlResult   map[result: count:0 state:0]
[2020-01-02 12:44:59] rtpData ------->   map[result: count:0 state:0] 
[GIN] 2020/01/02 - 12:44:59 | 200 |    3.440047ms |  192.168.66.115 | POST     /getResult
[2020-01-02 12:45:00] 自開彩開獎  {202001020765 6 36 true} 
ConfigData  map[redisDB:3 ip:192.168.88.181 port:3306 database:FA_MEM charset:utf8 redisIp:192.168.88.119 redisPort:6379 redisPassword:"" poolname:FA_MEM user:fa_db password:1qaz!QAZ]
SqlString  SELECT RTP,Amount,Bonus  FROM M_RtpSetting  WHERE Sid = 1   AND State = 1   AND LTG_Code = 6 AND Gid = 36
sqlResult   map[result: count:0 state:0]
[2020-01-02 12:45:00] rtpData ------->   map[result: count:0 state:0] 
[GIN] 2020/01/02 - 12:45:00 | 200 |    2.257397ms |  192.168.66.115 | POST     /getResult
[2020-01-02 12:45:00] 自開彩開獎  {202001020154 5 39 true} 
ConfigData  map[ip:192.168.88.181 user:fa_db charset:utf8 redisPassword:"" redisDB:3 poolname:FA_MEM port:3306 password:1qaz!QAZ database:FA_MEM redisIp:192.168.88.119 redisPort:6379]
SqlString  SELECT RTP,Amount,Bonus  FROM M_RtpSetting  WHERE Sid = 1   AND State = 1   AND LTG_Code = 5 AND Gid = 39
[2020-01-02 12:45:00] 自開彩開獎  {202001020765 5 38 true} 
ConfigData  map[redisIp:192.168.88.119 redisPassword:"" poolname:FA_MEM user:fa_db password:1qaz!QAZ charset:utf8 redisPort:6379 redisDB:3 ip:192.168.88.181 port:3306 database:FA_MEM]
SqlString  SELECT RTP,Amount,Bonus  FROM M_RtpSetting  WHERE Sid = 1   AND State = 1   AND LTG_Code = 5 AND Gid = 38
sqlResult   map[result: count:0 state:0]
[2020-01-02 12:45:00] rtpData ------->   map[count:0 state:0 result:] 
[GIN] 2020/01/02 - 12:45:00 | 200 |    2.816202ms |  192.168.66.115 | POST     /getResult
sqlResult   map[result: count:0 state:0]
[2020-01-02 12:45:00] rtpData ------->   map[result: count:0 state:0] 
[GIN] 2020/01/02 - 12:45:00 | 200 |    2.995449ms |  192.168.66.115 | POST     /getResult
[2020-01-02 12:45:00] 自開彩開獎  {202001020766 2 26 true} 
[2020-01-02 12:45:00] 自開彩開獎  {20200102154 2 28 true} 
ConfigData  map[port:3306 user:fa_db password:1qaz!QAZ charset:utf8 redisPassword:"" ip:192.168.88.181 poolname:FA_MEM redisPort:6379 redisDB:3 database:FA_MEM redisIp:192.168.88.119]
ConfigData  map[redisPort:6379 redisPassword:"" redisDB:3 user:fa_db database:FA_MEM port:3306 password:1qaz!QAZ charset:utf8 redisIp:192.168.88.119 ip:192.168.88.181 poolname:FA_MEM]
[2020-01-02 12:45:00] 自開彩開獎  {20200102256 2 27 true} 
SqlString  SELECT RTP,Amount,Bonus  FROM M_RtpSetting  WHERE Sid = 1   AND State = 1   AND LTG_Code = 2 AND Gid = 28
ConfigData  map[ip:192.168.88.181 charset:utf8 redisPort:6379 redisDB:3 redisPassword:"" poolname:FA_MEM port:3306 user:fa_db password:1qaz!QAZ database:FA_MEM redisIp:192.168.88.119]
SqlString  SELECT RTP,Amount,Bonus  FROM M_RtpSetting  WHERE Sid = 1   AND State = 1   AND LTG_Code = 2 AND Gid = 27
SqlString  SELECT RTP,Amount,Bonus  FROM M_RtpSetting  WHERE Sid = 1   AND State = 1   AND LTG_Code = 2 AND Gid = 26
sqlResult   map[result:0.9600 count:1 state:1 amount:234518 bonus:161148.41]
sqlResult   map[count:1 state:1 amount:105208 bonus:58491.69 result:0.9600]
[2020-01-02 12:45:00] rtpData ------->   map[result:0.9600 count:1 state:1 amount:105208 bonus:58491.69] 
ConfigData  map[ip:192.168.88.181 poolname:FA_MEM user:fa_db charset:utf8 redisPort:6379 port:3306 password:1qaz!QAZ database:FA_MEM redisIp:192.168.88.119 redisPassword:"" redisDB:3]
SELECT BO_No, BO_OrderNo , BO_User , BO_Issue  , BO_LotteryTypeGroup, BO_LotteryType, BO_Mode, BO_LotteryPlayGroup, BO_LotteryPlay , BO_LotteryContent, BO_Price, BO_RealPrice, BO_Unit, BO_Multiple , BO_BetCount  , BO_Winnings, BO_Winnings2, BO_Winnings3, BO_WinningLimit  , BO_Water , BO_BW_SourceUserId, BO_BW_BackWater, BO_BW_LimitBetCount, BO_BW_MaxAmount, BO_BW_AuditMultiple  , BO_Odds, BO_Odds2, BO_Odds3 , BO_Type, BO_Chase , BO_OpenResult, BO_OpenResult2, BO_DateDraw, BO_DateDraw2, BO_DateUpdate  FROM TS_BetOrder  WHERE BO_Cancel = 0   AND BO_CancelBackend = 0   AND BO_LotteryTypeGroup = 2 AND BO_LotteryType = 27 AND BO_Issue = 20200102256 AND BO_Collect = 0 ORDER BY BO_DateDraw ASC, BO_DateCreate ASC, BO_DateUpdate ASC, BO_No ASC ;
[2020-01-02 12:45:00] rtpData ------->   map[bonus:161148.41 result:0.9600 count:1 state:1 amount:234518] 
ConfigData  map[redisPort:6379 ip:192.168.88.181 user:fa_db database:FA_MEM charset:utf8 redisPassword:"" redisDB:3 poolname:FA_MEM port:3306 password:1qaz!QAZ redisIp:192.168.88.119]
SELECT BO_No, BO_OrderNo , BO_User , BO_Issue  , BO_LotteryTypeGroup, BO_LotteryType, BO_Mode, BO_LotteryPlayGroup, BO_LotteryPlay , BO_LotteryContent, BO_Price, BO_RealPrice, BO_Unit, BO_Multiple , BO_BetCount  , BO_Winnings, BO_Winnings2, BO_Winnings3, BO_WinningLimit  , BO_Water , BO_BW_SourceUserId, BO_BW_BackWater, BO_BW_LimitBetCount, BO_BW_MaxAmount, BO_BW_AuditMultiple  , BO_Odds, BO_Odds2, BO_Odds3 , BO_Type, BO_Chase , BO_OpenResult, BO_OpenResult2, BO_DateDraw, BO_DateDraw2, BO_DateUpdate  FROM TS_BetOrder  WHERE BO_Cancel = 0   AND BO_CancelBackend = 0   AND BO_LotteryTypeGroup = 2 AND BO_LotteryType = 28 AND BO_Issue = 20200102154 AND BO_Collect = 0 ORDER BY BO_DateDraw ASC, BO_DateCreate ASC, BO_DateUpdate ASC, BO_No ASC ;
sqlResult   map[result:0.9600 count:1 state:1 amount:1.0069588e+06 bonus:908100.71]
[2020-01-02 12:45:00] rtpData ------->   map[result:0.9600 count:1 state:1 amount:1.0069588e+06 bonus:908100.71] 
ConfigData  map[redisIp:192.168.88.119 poolname:FA_MEM password:1qaz!QAZ charset:utf8 database:FA_MEM redisPort:6379 redisPassword:"" redisDB:3 ip:192.168.88.181 port:3306 user:fa_db]
SELECT BO_No, BO_OrderNo , BO_User , BO_Issue  , BO_LotteryTypeGroup, BO_LotteryType, BO_Mode, BO_LotteryPlayGroup, BO_LotteryPlay , BO_LotteryContent, BO_Price, BO_RealPrice, BO_Unit, BO_Multiple , BO_BetCount  , BO_Winnings, BO_Winnings2, BO_Winnings3, BO_WinningLimit  , BO_Water , BO_BW_SourceUserId, BO_BW_BackWater, BO_BW_LimitBetCount, BO_BW_MaxAmount, BO_BW_AuditMultiple  , BO_Odds, BO_Odds2, BO_Odds3 , BO_Type, BO_Chase , BO_OpenResult, BO_OpenResult2, BO_DateDraw, BO_DateDraw2, BO_DateUpdate  FROM TS_BetOrder  WHERE BO_Cancel = 0   AND BO_CancelBackend = 0   AND BO_LotteryTypeGroup = 2 AND BO_LotteryType = 26 AND BO_Issue = 202001020766 AND BO_Collect = 0 ORDER BY BO_DateDraw ASC, BO_DateCreate ASC, BO_DateUpdate ASC, BO_No ASC ;
[2020-01-02 12:45:00] LottteryTypeGroup 2 
[2020-01-02 12:45:00] LottteryTypeGroup 2 
[2020-01-02 12:45:00] 有期號 但無注單 -------> map[amount:0 bonus:0 thisOpenResult:[6 2 0 9 8]] 
[2020-01-02 12:45:00] 有期號 但無注單 -------> map[thisOpenResult:[7 0 4 8 3] amount:0 bonus:0] 
[GIN] 2020/01/02 - 12:45:00 | 200 |    5.343158ms |  192.168.66.115 | POST     /getResult
[GIN] 2020/01/02 - 12:45:00 | 200 |    5.367597ms |  192.168.66.115 | POST     /getResult
[2020-01-02 12:45:00] LottteryTypeGroup 2 
[2020-01-02 12:45:00] 有期號 但無注單 -------> map[amount:0 bonus:0 thisOpenResult:[7 5 8 3 5]] 
[GIN] 2020/01/02 - 12:45:00 | 200 |    5.537835ms |  192.168.66.115 | POST     /getResult
[2020-01-02 12:45:01] 自開彩開獎  {202001020256 6 37 true} 
ConfigData  map[database:FA_MEM charset:utf8 redisPassword:"" redisDB:3 user:fa_db poolname:FA_MEM port:3306 password:1qaz!QAZ redisIp:192.168.88.119 redisPort:6379 ip:192.168.88.181]
SqlString  SELECT RTP,Amount,Bonus  FROM M_RtpSetting  WHERE Sid = 1   AND State = 1   AND LTG_Code = 6 AND Gid = 37
sqlResult   map[result: count:0 state:0]
[2020-01-02 12:45:01] rtpData ------->   map[result: count:0 state:0] 
[GIN] 2020/01/02 - 12:45:01 | 200 |    1.480575ms |  192.168.66.115 | POST     /getResult
[2020-01-02 12:45:03] 自開彩開獎  {202001020765 1 34 true} 
ConfigData  map[redisPort:6379 redisPassword:"" redisDB:3 port:3306 password:1qaz!QAZ charset:utf8 database:FA_MEM redisIp:192.168.88.119 ip:192.168.88.181 poolname:FA_MEM user:fa_db]
SqlString  SELECT RTP,Amount,Bonus  FROM M_RtpSetting  WHERE Sid = 1   AND State = 1   AND LTG_Code = 1 AND Gid = 34
sqlResult   map[count:0 state:0 result:]
[2020-01-02 12:45:03] rtpData ------->   map[count:0 state:0 result:] 
[GIN] 2020/01/02 - 12:45:03 | 200 |    2.483445ms |  192.168.66.115 | POST     /getResult
[2020-01-02 12:45:05] 自開彩開獎  {202001020255 1 35 true} 
ConfigData  map[port:3306 password:1qaz!QAZ database:FA_MEM charset:utf8 redisIp:192.168.88.119 ip:192.168.88.181 poolname:FA_MEM user:fa_db redisPort:6379 redisPassword:"" redisDB:3]
SqlString  SELECT RTP,Amount,Bonus  FROM M_RtpSetting  WHERE Sid = 1   AND State = 1   AND LTG_Code = 1 AND Gid = 35
sqlResult   map[count:0 state:0 result:]
[2020-01-02 12:45:05] rtpData ------->   map[count:0 state:0 result:] 
[GIN] 2020/01/02 - 12:45:05 | 200 |    2.442297ms |  192.168.66.115 | POST     /getResult
[2020-01-02 12:45:05] 自開彩開獎  {202001020765 4 40 true} 
ConfigData  map[database:FA_MEM redisIp:192.168.88.119 redisPort:6379 redisPassword:"" poolname:FA_MEM port:3306 user:fa_db password:1qaz!QAZ redisDB:3 ip:192.168.88.181 charset:utf8]
SqlString  SELECT RTP,Amount,Bonus  FROM M_RtpSetting  WHERE Sid = 1   AND State = 1   AND LTG_Code = 4 AND Gid = 40
sqlResult   map[result: count:0 state:0]
[2020-01-02 12:45:05] rtpData ------->   map[state:0 result: count:0] 
[GIN] 2020/01/02 - 12:45:05 | 200 |    2.721218ms |  192.168.66.115 | POST     /getResult
[2020-01-02 12:45:05] 自開彩開獎  {202001020255 4 41 true} 
ConfigData  map[ip:192.168.88.181 password:1qaz!QAZ database:FA_MEM charset:utf8 redisPort:6379 redisDB:3 poolname:FA_MEM port:3306 user:fa_db redisIp:192.168.88.119 redisPassword:""]
SqlString  SELECT RTP,Amount,Bonus  FROM M_RtpSetting  WHERE Sid = 1   AND State = 1   AND LTG_Code = 4 AND Gid = 41
sqlResult   map[state:0 result: count:0]
[2020-01-02 12:45:05] rtpData ------->   map[result: count:0 state:0] 
[GIN] 2020/01/02 - 12:45:05 | 200 |     2.54541ms |  192.168.66.115 | POST     /getResult
[2020-01-02 12:45:06] 自開彩開獎  {202001020766 6 36 true} 
ConfigData  map[database:FA_MEM redisPort:6379 redisPassword:"" redisDB:3 ip:192.168.88.181 poolname:FA_MEM port:3306 user:fa_db password:1qaz!QAZ charset:utf8 redisIp:192.168.88.119]
SqlString  SELECT RTP,Amount,Bonus  FROM M_RtpSetting  WHERE Sid = 1   AND State = 1   AND LTG_Code = 6 AND Gid = 36
sqlResult   map[result: count:0 state:0]
[2020-01-02 12:45:06] rtpData ------->   map[state:0 result: count:0] 
[GIN] 2020/01/02 - 12:45:06 | 200 |    1.978042ms |  192.168.66.115 | POST     /getResult
[2020-01-02 12:45:06] 自開彩開獎  {202001020766 5 38 true} 
ConfigData  map[redisPassword:"" redisDB:3 ip:192.168.88.181 port:3306 database:FA_MEM redisIp:192.168.88.119 redisPort:6379 poolname:FA_MEM user:fa_db password:1qaz!QAZ charset:utf8]
SqlString  SELECT RTP,Amount,Bonus  FROM M_RtpSetting  WHERE Sid = 1   AND State = 1   AND LTG_Code = 5 AND Gid = 38
[2020-01-02 12:45:06] 自開彩開獎  {202001020154 5 39 true} 
ConfigData  map[database:FA_MEM charset:utf8 redisPassword:"" ip:192.168.88.181 password:1qaz!QAZ user:fa_db redisIp:192.168.88.119 redisPort:6379 redisDB:3 poolname:FA_MEM port:3306]
SqlString  SELECT RTP,Amount,Bonus  FROM M_RtpSetting  WHERE Sid = 1   AND State = 1   AND LTG_Code = 5 AND Gid = 39
sqlResult   map[result: count:0 state:0]
[2020-01-02 12:45:06] rtpData ------->   map[result: count:0 state:0] 
sqlResult   map[result: count:0 state:0]
[2020-01-02 12:45:06] rtpData ------->   map[count:0 state:0 result:] 
[GIN] 2020/01/02 - 12:45:06 | 200 |    2.209536ms |  192.168.66.115 | POST     /getResult
[GIN] 2020/01/02 - 12:45:06 | 200 |    2.364444ms |  192.168.66.115 | POST     /getResult
[2020-01-02 12:45:07] 自開彩開獎  {202001020256 6 37 true} 
ConfigData  map[poolname:FA_MEM port:3306 user:fa_db charset:utf8 redisIp:192.168.88.119 redisDB:3 ip:192.168.88.181 password:1qaz!QAZ database:FA_MEM redisPort:6379 redisPassword:""]
SqlString  SELECT RTP,Amount,Bonus  FROM M_RtpSetting  WHERE Sid = 1   AND State = 1   AND LTG_Code = 6 AND Gid = 37
sqlResult   map[result: count:0 state:0]
[2020-01-02 12:45:07] rtpData ------->   map[result: count:0 state:0] 
[GIN] 2020/01/02 - 12:45:07 | 200 |    2.488819ms |  192.168.66.115 | POST     /getResult
[2020-01-02 12:45:09] 自開彩開獎  {202001020766 1 34 true} 
ConfigData  map[redisDB:3 poolname:FA_MEM user:fa_db redisIp:192.168.88.119 redisPort:6379 redisPassword:"" ip:192.168.88.181 port:3306 password:1qaz!QAZ database:FA_MEM charset:utf8]
SqlString  SELECT RTP,Amount,Bonus  FROM M_RtpSetting  WHERE Sid = 1   AND State = 1   AND LTG_Code = 1 AND Gid = 34
sqlResult   map[result: count:0 state:0]
[2020-01-02 12:45:09] rtpData ------->   map[result: count:0 state:0] 
[GIN] 2020/01/02 - 12:45:09 | 200 |    3.167339ms |  192.168.66.115 | POST     /getResult
[2020-01-02 12:45:11] 自開彩開獎  {202001020256 1 35 true} 
ConfigData  map[user:fa_db password:1qaz!QAZ redisIp:192.168.88.119 redisPort:6379 redisDB:3 ip:192.168.88.181 poolname:FA_MEM port:3306 database:FA_MEM charset:utf8 redisPassword:""]
SqlString  SELECT RTP,Amount,Bonus  FROM M_RtpSetting  WHERE Sid = 1   AND State = 1   AND LTG_Code = 1 AND Gid = 35
sqlResult   map[result: count:0 state:0]
[2020-01-02 12:45:11] rtpData ------->   map[result: count:0 state:0] 
[GIN] 2020/01/02 - 12:45:11 | 200 |      2.6113ms |  192.168.66.115 | POST     /getResult
[2020-01-02 12:45:11] 自開彩開獎  {202001020766 4 40 true} 
ConfigData  map[password:1qaz!QAZ charset:utf8 redisIp:192.168.88.119 redisPort:6379 redisDB:3 ip:192.168.88.181 poolname:FA_MEM port:3306 user:fa_db database:FA_MEM redisPassword:""]
SqlString  SELECT RTP,Amount,Bonus  FROM M_RtpSetting  WHERE Sid = 1   AND State = 1   AND LTG_Code = 4 AND Gid = 40
sqlResult   map[result: count:0 state:0]
[2020-01-02 12:45:11] rtpData ------->   map[result: count:0 state:0] 
[GIN] 2020/01/02 - 12:45:11 | 200 |    3.342335ms |  192.168.66.115 | POST     /getResult
[2020-01-02 12:45:11] 自開彩開獎  {202001020256 4 41 true} 
ConfigData  map[redisPort:6379 redisDB:3 port:3306 user:fa_db charset:utf8 redisIp:192.168.88.119 redisPassword:"" ip:192.168.88.181 poolname:FA_MEM password:1qaz!QAZ database:FA_MEM]
SqlString  SELECT RTP,Amount,Bonus  FROM M_RtpSetting  WHERE Sid = 1   AND State = 1   AND LTG_Code = 4 AND Gid = 41
sqlResult   map[result: count:0 state:0]
[2020-01-02 12:45:11] rtpData ------->   map[result: count:0 state:0] 
[GIN] 2020/01/02 - 12:45:11 | 200 |    2.476918ms |  192.168.66.115 | POST     /getResult
[2020-01-02 12:45:12] 自開彩開獎  {202001020766 6 36 true} 
ConfigData  map[charset:utf8 redisDB:3 poolname:FA_MEM database:FA_MEM user:fa_db password:1qaz!QAZ redisIp:192.168.88.119 redisPort:6379 redisPassword:"" ip:192.168.88.181 port:3306]
SqlString  SELECT RTP,Amount,Bonus  FROM M_RtpSetting  WHERE Sid = 1   AND State = 1   AND LTG_Code = 6 AND Gid = 36
sqlResult   map[result: count:0 state:0]
[2020-01-02 12:45:12] rtpData ------->   map[count:0 state:0 result:] 
[GIN] 2020/01/02 - 12:45:12 | 200 |    2.388102ms |  192.168.66.115 | POST     /getResult
[2020-01-02 12:45:12] 自開彩開獎  {202001020766 5 38 true} 
ConfigData  map[poolname:FA_MEM port:3306 password:1qaz!QAZ redisPort:6379 redisDB:3 ip:192.168.88.181 user:fa_db database:FA_MEM charset:utf8 redisIp:192.168.88.119 redisPassword:""]
SqlString  SELECT RTP,Amount,Bonus  FROM M_RtpSetting  WHERE Sid = 1   AND State = 1   AND LTG_Code = 5 AND Gid = 38
[2020-01-02 12:45:12] 自開彩開獎  {202001020154 5 39 true} 
ConfigData  map[redisPassword:"" redisDB:3 ip:192.168.88.181 poolname:FA_MEM database:FA_MEM charset:utf8 redisIp:192.168.88.119 redisPort:6379 port:3306 user:fa_db password:1qaz!QAZ]
SqlString  SELECT RTP,Amount,Bonus  FROM M_RtpSetting  WHERE Sid = 1   AND State = 1   AND LTG_Code = 5 AND Gid = 39
sqlResult   map[result: count:0 state:0]
sqlResult   map[state:0 result: count:0]
[2020-01-02 12:45:12] rtpData ------->   map[result: count:0 state:0] 
[2020-01-02 12:45:12] rtpData ------->   map[result: count:0 state:0] 
[GIN] 2020/01/02 - 12:45:12 | 200 |    2.624847ms |  192.168.66.115 | POST     /getResult
[GIN] 2020/01/02 - 12:45:12 | 200 |    2.892876ms |  192.168.66.115 | POST     /getResult
[2020-01-02 12:45:13] 自開彩開獎  {202001020256 6 37 true} 
ConfigData  map[ip:192.168.88.181 poolname:FA_MEM port:3306 password:1qaz!QAZ redisIp:192.168.88.119 user:fa_db database:FA_MEM charset:utf8 redisPort:6379 redisPassword:"" redisDB:3]
SqlString  SELECT RTP,Amount,Bonus  FROM M_RtpSetting  WHERE Sid = 1   AND State = 1   AND LTG_Code = 6 AND Gid = 37
sqlResult   map[state:0 result: count:0]
[2020-01-02 12:45:13] rtpData ------->   map[result: count:0 state:0] 
[GIN] 2020/01/02 - 12:45:13 | 200 |    2.792483ms |  192.168.66.115 | POST     /getResult
[2020-01-02 12:45:15] 自開彩開獎  {202001020766 1 34 true} 
ConfigData  map[database:FA_MEM port:3306 password:1qaz!QAZ user:fa_db charset:utf8 redisIp:192.168.88.119 redisPort:6379 redisPassword:"" redisDB:3 ip:192.168.88.181 poolname:FA_MEM]
SqlString  SELECT RTP,Amount,Bonus  FROM M_RtpSetting  WHERE Sid = 1   AND State = 1   AND LTG_Code = 1 AND Gid = 34
sqlResult   map[result: count:0 state:0]
[2020-01-02 12:45:15] rtpData ------->   map[result: count:0 state:0] 
[GIN] 2020/01/02 - 12:45:15 | 200 |    3.023726ms |  192.168.66.115 | POST     /getResult
[2020-01-02 12:45:17] 自開彩開獎  {202001020256 1 35 true} 
ConfigData  map[database:FA_MEM redisDB:3 poolname:FA_MEM password:1qaz!QAZ user:fa_db charset:utf8 redisIp:192.168.88.119 redisPort:6379 redisPassword:"" ip:192.168.88.181 port:3306]
SqlString  SELECT RTP,Amount,Bonus  FROM M_RtpSetting  WHERE Sid = 1   AND State = 1   AND LTG_Code = 1 AND Gid = 35
sqlResult   map[count:0 state:0 result:]
[2020-01-02 12:45:17] rtpData ------->   map[count:0 state:0 result:] 
[GIN] 2020/01/02 - 12:45:17 | 200 |    2.041275ms |  192.168.66.115 | POST     /getResult
[2020-01-02 12:45:17] 自開彩開獎  {202001020766 4 40 true} 
ConfigData  map[redisPassword:"" redisDB:3 poolname:FA_MEM charset:utf8 user:fa_db password:1qaz!QAZ database:FA_MEM redisIp:192.168.88.119 redisPort:6379 ip:192.168.88.181 port:3306]
SqlString  SELECT RTP,Amount,Bonus  FROM M_RtpSetting  WHERE Sid = 1   AND State = 1   AND LTG_Code = 4 AND Gid = 40
sqlResult   map[result: count:0 state:0]
[2020-01-02 12:45:17] rtpData ------->   map[state:0 result: count:0] 
[GIN] 2020/01/02 - 12:45:17 | 200 |    2.544611ms |  192.168.66.115 | POST     /getResult
[2020-01-02 12:45:17] 自開彩開獎  {202001020256 4 41 true} 
ConfigData  map[user:fa_db database:FA_MEM charset:utf8 redisPassword:"" redisDB:3 poolname:FA_MEM port:3306 password:1qaz!QAZ redisIp:192.168.88.119 redisPort:6379 ip:192.168.88.181]
SqlString  SELECT RTP,Amount,Bonus  FROM M_RtpSetting  WHERE Sid = 1   AND State = 1   AND LTG_Code = 4 AND Gid = 41
sqlResult   map[result: count:0 state:0]
[2020-01-02 12:45:17] rtpData ------->   map[result: count:0 state:0] 
[GIN] 2020/01/02 - 12:45:17 | 200 |    2.909233ms |  192.168.66.115 | POST     /getResult
[2020-01-02 12:45:18] 自開彩開獎  {202001020766 6 36 true} 
ConfigData  map[poolname:FA_MEM port:3306 user:fa_db redisPort:6379 ip:192.168.88.181 database:FA_MEM charset:utf8 redisIp:192.168.88.119 redisPassword:"" redisDB:3 password:1qaz!QAZ]
SqlString  SELECT RTP,Amount,Bonus  FROM M_RtpSetting  WHERE Sid = 1   AND State = 1   AND LTG_Code = 6 AND Gid = 36
sqlResult   map[result: count:0 state:0]
[2020-01-02 12:45:18] rtpData ------->   map[result: count:0 state:0] 
[GIN] 2020/01/02 - 12:45:18 | 200 |    2.225811ms |  192.168.66.115 | POST     /getResult
[2020-01-02 12:45:18] 自開彩開獎  {202001020154 5 39 true} 
ConfigData  map[poolname:FA_MEM port:3306 redisPassword:"" redisPort:6379 redisDB:3 ip:192.168.88.181 user:fa_db password:1qaz!QAZ database:FA_MEM charset:utf8 redisIp:192.168.88.119]
SqlString  SELECT RTP,Amount,Bonus  FROM M_RtpSetting  WHERE Sid = 1   AND State = 1   AND LTG_Code = 5 AND Gid = 39
[2020-01-02 12:45:18] 自開彩開獎  {202001020766 5 38 true} 
ConfigData  map[user:fa_db password:1qaz!QAZ redisPassword:"" ip:192.168.88.181 poolname:FA_MEM port:3306 redisPort:6379 redisDB:3 database:FA_MEM charset:utf8 redisIp:192.168.88.119]
SqlString  SELECT RTP,Amount,Bonus  FROM M_RtpSetting  WHERE Sid = 1   AND State = 1   AND LTG_Code = 5 AND Gid = 38
sqlResult   map[result: count:0 state:0]
[2020-01-02 12:45:18] rtpData ------->   map[count:0 state:0 result:] 
[GIN] 2020/01/02 - 12:45:18 | 200 |    2.697616ms |  192.168.66.115 | POST     /getResult
sqlResult   map[result: count:0 state:0]
[2020-01-02 12:45:18] rtpData ------->   map[count:0 state:0 result:] 
[GIN] 2020/01/02 - 12:45:18 | 200 |    2.937571ms |  192.168.66.115 | POST     /getResult
[2020-01-02 12:45:19] 自開彩開獎  {202001020256 6 37 true} 
ConfigData  map[charset:utf8 redisIp:192.168.88.119 ip:192.168.88.181 poolname:FA_MEM port:3306 user:fa_db password:1qaz!QAZ database:FA_MEM redisPort:6379 redisDB:3 redisPassword:""]
SqlString  SELECT RTP,Amount,Bonus  FROM M_RtpSetting  WHERE Sid = 1   AND State = 1   AND LTG_Code = 6 AND Gid = 37
sqlResult   map[result: count:0 state:0]
[2020-01-02 12:45:19] rtpData ------->   map[count:0 state:0 result:] 
[GIN] 2020/01/02 - 12:45:19 | 200 |    2.492189ms |  192.168.66.115 | POST     /getResult
[2020-01-02 12:45:21] 自開彩開獎  {202001020766 1 34 true} 
ConfigData  map[redisPassword:"" ip:192.168.88.181 poolname:FA_MEM password:1qaz!QAZ database:FA_MEM charset:utf8 redisIp:192.168.88.119 redisPort:6379 redisDB:3 port:3306 user:fa_db]
SqlString  SELECT RTP,Amount,Bonus  FROM M_RtpSetting  WHERE Sid = 1   AND State = 1   AND LTG_Code = 1 AND Gid = 34
sqlResult   map[result: count:0 state:0]
[2020-01-02 12:45:21] rtpData ------->   map[result: count:0 state:0] 
[GIN] 2020/01/02 - 12:45:21 | 200 |    2.572749ms |  192.168.66.115 | POST     /getResult
[2020-01-02 12:45:23] 自開彩開獎  {202001020256 1 35 true} 
ConfigData  map[redisPassword:"" port:3306 database:FA_MEM redisIp:192.168.88.119 password:1qaz!QAZ charset:utf8 redisPort:6379 redisDB:3 ip:192.168.88.181 poolname:FA_MEM user:fa_db]
SqlString  SELECT RTP,Amount,Bonus  FROM M_RtpSetting  WHERE Sid = 1   AND State = 1   AND LTG_Code = 1 AND Gid = 35
sqlResult   map[result: count:0 state:0]
[2020-01-02 12:45:23] rtpData ------->   map[state:0 result: count:0] 
[GIN] 2020/01/02 - 12:45:23 | 200 |    2.389438ms |  192.168.66.115 | POST     /getResult
[2020-01-02 12:45:23] 自開彩開獎  {202001020766 4 40 true} 
ConfigData  map[ip:192.168.88.181 port:3306 database:FA_MEM redisIp:192.168.88.119 redisPort:6379 redisPassword:"" redisDB:3 poolname:FA_MEM user:fa_db password:1qaz!QAZ charset:utf8]
SqlString  SELECT RTP,Amount,Bonus  FROM M_RtpSetting  WHERE Sid = 1   AND State = 1   AND LTG_Code = 4 AND Gid = 40
sqlResult   map[result: count:0 state:0]
[2020-01-02 12:45:23] rtpData ------->   map[result: count:0 state:0] 
[GIN] 2020/01/02 - 12:45:23 | 200 |    3.444327ms |  192.168.66.115 | POST     /getResult
[2020-01-02 12:45:23] 自開彩開獎  {202001020256 4 41 true} 
ConfigData  map[ip:192.168.88.181 poolname:FA_MEM port:3306 user:fa_db charset:utf8 redisPort:6379 redisDB:3 password:1qaz!QAZ database:FA_MEM redisIp:192.168.88.119 redisPassword:""]
SqlString  SELECT RTP,Amount,Bonus  FROM M_RtpSetting  WHERE Sid = 1   AND State = 1   AND LTG_Code = 4 AND Gid = 41
sqlResult   map[count:0 state:0 result:]
[2020-01-02 12:45:23] rtpData ------->   map[state:0 result: count:0] 
[GIN] 2020/01/02 - 12:45:23 | 200 |    2.862141ms |  192.168.66.115 | POST     /getResult
[2020-01-02 12:45:24] 自開彩開獎  {202001020766 6 36 true} 
ConfigData  map[port:3306 user:fa_db database:FA_MEM charset:utf8 redisIp:192.168.88.119 redisPort:6379 ip:192.168.88.181 password:1qaz!QAZ redisPassword:"" redisDB:3 poolname:FA_MEM]
SqlString  SELECT RTP,Amount,Bonus  FROM M_RtpSetting  WHERE Sid = 1   AND State = 1   AND LTG_Code = 6 AND Gid = 36
sqlResult   map[result: count:0 state:0]
[2020-01-02 12:45:24] rtpData ------->   map[result: count:0 state:0] 
[GIN] 2020/01/02 - 12:45:24 | 200 |    2.387654ms |  192.168.66.115 | POST     /getResult
[2020-01-02 12:45:24] 自開彩開獎  {202001020154 5 39 true} 
ConfigData  map[database:FA_MEM redisIp:192.168.88.119 redisDB:3 ip:192.168.88.181 password:1qaz!QAZ user:fa_db charset:utf8 redisPort:6379 redisPassword:"" poolname:FA_MEM port:3306]
SqlString  SELECT RTP,Amount,Bonus  FROM M_RtpSetting  WHERE Sid = 1   AND State = 1   AND LTG_Code = 5 AND Gid = 39
[2020-01-02 12:45:24] 自開彩開獎  {202001020766 5 38 true} 
ConfigData  map[redisPort:6379 redisDB:3 poolname:FA_MEM user:fa_db password:1qaz!QAZ database:FA_MEM charset:utf8 redisIp:192.168.88.119 ip:192.168.88.181 port:3306 redisPassword:""]
SqlString  SELECT RTP,Amount,Bonus  FROM M_RtpSetting  WHERE Sid = 1   AND State = 1   AND LTG_Code = 5 AND Gid = 38
sqlResult   map[result: count:0 state:0]
[2020-01-02 12:45:24] rtpData ------->   map[result: count:0 state:0] 
sqlResult   map[result: count:0 state:0]
[2020-01-02 12:45:24] rtpData ------->   map[result: count:0 state:0] 
[GIN] 2020/01/02 - 12:45:24 | 200 |    3.158915ms |  192.168.66.115 | POST     /getResult
[GIN] 2020/01/02 - 12:45:24 | 200 |    3.006951ms |  192.168.66.115 | POST     /getResult
[2020-01-02 12:45:25] 自開彩開獎  {202001020256 6 37 true} 
ConfigData  map[redisIp:192.168.88.119 redisPort:6379 redisPassword:"" redisDB:3 ip:192.168.88.181 port:3306 password:1qaz!QAZ charset:utf8 poolname:FA_MEM user:fa_db database:FA_MEM]
SqlString  SELECT RTP,Amount,Bonus  FROM M_RtpSetting  WHERE Sid = 1   AND State = 1   AND LTG_Code = 6 AND Gid = 37
sqlResult   map[count:0 state:0 result:]
[2020-01-02 12:45:25] rtpData ------->   map[result: count:0 state:0] 
[GIN] 2020/01/02 - 12:45:25 | 200 |    2.523226ms |  192.168.66.115 | POST     /getResult
[2020-01-02 12:45:27] 自開彩開獎  {202001020766 1 34 true} 
ConfigData  map[poolname:FA_MEM charset:utf8 redisIp:192.168.88.119 redisPort:6379 redisDB:3 ip:192.168.88.181 port:3306 user:fa_db password:1qaz!QAZ database:FA_MEM redisPassword:""]
SqlString  SELECT RTP,Amount,Bonus  FROM M_RtpSetting  WHERE Sid = 1   AND State = 1   AND LTG_Code = 1 AND Gid = 34
sqlResult   map[result: count:0 state:0]
[2020-01-02 12:45:27] rtpData ------->   map[result: count:0 state:0] 
[GIN] 2020/01/02 - 12:45:27 | 200 |    2.960356ms |  192.168.66.115 | POST     /getResult
[2020-01-02 12:45:29] 自開彩開獎  {202001020256 1 35 true} 
ConfigData  map[redisPassword:"" ip:192.168.88.181 poolname:FA_MEM password:1qaz!QAZ charset:utf8 redisIp:192.168.88.119 redisPort:6379 redisDB:3 port:3306 user:fa_db database:FA_MEM]
SqlString  SELECT RTP,Amount,Bonus  FROM M_RtpSetting  WHERE Sid = 1   AND State = 1   AND LTG_Code = 1 AND Gid = 35
sqlResult   map[count:0 state:0 result:]
[2020-01-02 12:45:29] rtpData ------->   map[result: count:0 state:0] 
[GIN] 2020/01/02 - 12:45:29 | 200 |    2.353992ms |  192.168.66.115 | POST     /getResult
[2020-01-02 12:45:29] 自開彩開獎  {202001020766 4 40 true} 
ConfigData  map[poolname:FA_MEM user:fa_db redisPort:6379 redisPassword:"" redisDB:3 redisIp:192.168.88.119 ip:192.168.88.181 port:3306 password:1qaz!QAZ database:FA_MEM charset:utf8]
SqlString  SELECT RTP,Amount,Bonus  FROM M_RtpSetting  WHERE Sid = 1   AND State = 1   AND LTG_Code = 4 AND Gid = 40
sqlResult   map[result: count:0 state:0]
[2020-01-02 12:45:29] rtpData ------->   map[result: count:0 state:0] 
[GIN] 2020/01/02 - 12:45:29 | 200 |    2.970139ms |  192.168.66.115 | POST     /getResult
[2020-01-02 12:45:29] 自開彩開獎  {202001020256 4 41 true} 
ConfigData  map[port:3306 user:fa_db redisDB:3 charset:utf8 redisIp:192.168.88.119 redisPort:6379 redisPassword:"" ip:192.168.88.181 poolname:FA_MEM password:1qaz!QAZ database:FA_MEM]
SqlString  SELECT RTP,Amount,Bonus  FROM M_RtpSetting  WHERE Sid = 1   AND State = 1   AND LTG_Code = 4 AND Gid = 41
sqlResult   map[result: count:0 state:0]
[2020-01-02 12:45:29] rtpData ------->   map[result: count:0 state:0] 
[GIN] 2020/01/02 - 12:45:29 | 200 |    2.073655ms |  192.168.66.115 | POST     /getResult
[2020-01-02 12:45:30] 自開彩開獎  {202001020766 6 36 true} 
ConfigData  map[redisPassword:"" redisDB:3 poolname:FA_MEM port:3306 database:FA_MEM redisIp:192.168.88.119 redisPort:6379 ip:192.168.88.181 user:fa_db password:1qaz!QAZ charset:utf8]
SqlString  SELECT RTP,Amount,Bonus  FROM M_RtpSetting  WHERE Sid = 1   AND State = 1   AND LTG_Code = 6 AND Gid = 36
sqlResult   map[result: count:0 state:0]
[2020-01-02 12:45:30] rtpData ------->   map[result: count:0 state:0] 
[GIN] 2020/01/02 - 12:45:30 | 200 |    1.974638ms |  192.168.66.115 | POST     /getResult
[2020-01-02 12:45:30] 自開彩開獎  {202001020766 5 38 true} 
ConfigData  map[user:fa_db database:FA_MEM charset:utf8 redisPort:6379 redisPassword:"" redisDB:3 ip:192.168.88.181 poolname:FA_MEM port:3306 password:1qaz!QAZ redisIp:192.168.88.119]
SqlString  SELECT RTP,Amount,Bonus  FROM M_RtpSetting  WHERE Sid = 1   AND State = 1   AND LTG_Code = 5 AND Gid = 38
[2020-01-02 12:45:30] 自開彩開獎  {202001020154 5 39 true} 
ConfigData  map[redisPassword:"" poolname:FA_MEM user:fa_db password:1qaz!QAZ charset:utf8 redisPort:6379 redisDB:3 ip:192.168.88.181 port:3306 database:FA_MEM redisIp:192.168.88.119]
SqlString  SELECT RTP,Amount,Bonus  FROM M_RtpSetting  WHERE Sid = 1   AND State = 1   AND LTG_Code = 5 AND Gid = 39
sqlResult   map[result: count:0 state:0]
[2020-01-02 12:45:30] rtpData ------->   map[result: count:0 state:0] 
[GIN] 2020/01/02 - 12:45:30 | 200 |    2.814508ms |  192.168.66.115 | POST     /getResult
sqlResult   map[result: count:0 state:0]
[2020-01-02 12:45:30] rtpData ------->   map[state:0 result: count:0] 
[GIN] 2020/01/02 - 12:45:30 | 200 |    2.888829ms |  192.168.66.115 | POST     /getResult
[2020-01-02 12:45:31] 自開彩開獎  {202001020256 6 37 true} 
ConfigData  map[poolname:FA_MEM redisIp:192.168.88.119 redisPassword:"" redisDB:3 database:FA_MEM charset:utf8 redisPort:6379 ip:192.168.88.181 port:3306 user:fa_db password:1qaz!QAZ]
SqlString  SELECT RTP,Amount,Bonus  FROM M_RtpSetting  WHERE Sid = 1   AND State = 1   AND LTG_Code = 6 AND Gid = 37
sqlResult   map[result: count:0 state:0]
[2020-01-02 12:45:31] rtpData ------->   map[state:0 result: count:0] 
[GIN] 2020/01/02 - 12:45:31 | 200 |    2.538088ms |  192.168.66.115 | POST     /getResult
[2020-01-02 12:45:33] 自開彩開獎  {202001020766 1 34 true} 
ConfigData  map[ip:192.168.88.181 poolname:FA_MEM port:3306 database:FA_MEM redisIp:192.168.88.119 redisPort:6379 redisDB:3 user:fa_db password:1qaz!QAZ charset:utf8 redisPassword:""]
SqlString  SELECT RTP,Amount,Bonus  FROM M_RtpSetting  WHERE Sid = 1   AND State = 1   AND LTG_Code = 1 AND Gid = 34
sqlResult   map[result: count:0 state:0]
[2020-01-02 12:45:33] rtpData ------->   map[result: count:0 state:0] 
[GIN] 2020/01/02 - 12:45:33 | 200 |    2.377074ms |  192.168.66.115 | POST     /getResult
[2020-01-02 12:45:35] 自開彩開獎  {202001020256 1 35 true} 
ConfigData  map[poolname:FA_MEM port:3306 password:1qaz!QAZ charset:utf8 redisIp:192.168.88.119 ip:192.168.88.181 user:fa_db database:FA_MEM redisPort:6379 redisPassword:"" redisDB:3]
SqlString  SELECT RTP,Amount,Bonus  FROM M_RtpSetting  WHERE Sid = 1   AND State = 1   AND LTG_Code = 1 AND Gid = 35
sqlResult   map[result: count:0 state:0]
[2020-01-02 12:45:35] rtpData ------->   map[result: count:0 state:0] 
[GIN] 2020/01/02 - 12:45:35 | 200 |    2.379399ms |  192.168.66.115 | POST     /getResult
[2020-01-02 12:45:35] 自開彩開獎  {202001020766 4 40 true} 
ConfigData  map[redisPort:6379 redisPassword:"" redisDB:3 poolname:FA_MEM user:fa_db password:1qaz!QAZ charset:utf8 redisIp:192.168.88.119 ip:192.168.88.181 port:3306 database:FA_MEM]
SqlString  SELECT RTP,Amount,Bonus  FROM M_RtpSetting  WHERE Sid = 1   AND State = 1   AND LTG_Code = 4 AND Gid = 40
sqlResult   map[state:0 result: count:0]
[2020-01-02 12:45:35] rtpData ------->   map[result: count:0 state:0] 
[GIN] 2020/01/02 - 12:45:35 | 200 |    3.123032ms |  192.168.66.115 | POST     /getResult
[2020-01-02 12:45:35] 自開彩開獎  {202001020256 4 41 true} 
ConfigData  map[ip:192.168.88.181 redisIp:192.168.88.119 redisPort:6379 redisPassword:"" redisDB:3 charset:utf8 poolname:FA_MEM port:3306 user:fa_db password:1qaz!QAZ database:FA_MEM]
SqlString  SELECT RTP,Amount,Bonus  FROM M_RtpSetting  WHERE Sid = 1   AND State = 1   AND LTG_Code = 4 AND Gid = 41
sqlResult   map[result: count:0 state:0]
[2020-01-02 12:45:35] rtpData ------->   map[result: count:0 state:0] 
[GIN] 2020/01/02 - 12:45:35 | 200 |    2.456128ms |  192.168.66.115 | POST     /getResult
[2020-01-02 12:45:36] 自開彩開獎  {202001020766 6 36 true} 
ConfigData  map[port:3306 charset:utf8 redisIp:192.168.88.119 redisDB:3 ip:192.168.88.181 user:fa_db password:1qaz!QAZ database:FA_MEM redisPort:6379 redisPassword:"" poolname:FA_MEM]
SqlString  SELECT RTP,Amount,Bonus  FROM M_RtpSetting  WHERE Sid = 1   AND State = 1   AND LTG_Code = 6 AND Gid = 36
sqlResult   map[result: count:0 state:0]
[2020-01-02 12:45:36] rtpData ------->   map[result: count:0 state:0] 
[GIN] 2020/01/02 - 12:45:36 | 200 |    2.867304ms |  192.168.66.115 | POST     /getResult
[2020-01-02 12:45:36] 自開彩開獎  {202001020766 5 38 true} 
ConfigData  map[redisPort:6379 redisPassword:"" password:1qaz!QAZ database:FA_MEM port:3306 user:fa_db charset:utf8 redisIp:192.168.88.119 redisDB:3 ip:192.168.88.181 poolname:FA_MEM]
SqlString  SELECT RTP,Amount,Bonus  FROM M_RtpSetting  WHERE Sid = 1   AND State = 1   AND LTG_Code = 5 AND Gid = 38
[2020-01-02 12:45:36] 自開彩開獎  {202001020154 5 39 true} 
ConfigData  map[user:fa_db password:1qaz!QAZ charset:utf8 redisIp:192.168.88.119 redisPassword:"" ip:192.168.88.181 poolname:FA_MEM port:3306 redisDB:3 database:FA_MEM redisPort:6379]
SqlString  SELECT RTP,Amount,Bonus  FROM M_RtpSetting  WHERE Sid = 1   AND State = 1   AND LTG_Code = 5 AND Gid = 39
sqlResult   map[result: count:0 state:0]
[2020-01-02 12:45:36] rtpData ------->   map[state:0 result: count:0] 
[GIN] 2020/01/02 - 12:45:36 | 200 |     2.66075ms |  192.168.66.115 | POST     /getResult
sqlResult   map[result: count:0 state:0]
[2020-01-02 12:45:36] rtpData ------->   map[result: count:0 state:0] 
[GIN] 2020/01/02 - 12:45:36 | 200 |    2.684668ms |  192.168.66.115 | POST     /getResult
[2020-01-02 12:45:37] 自開彩開獎  {202001020256 6 37 true} 
ConfigData  map[port:3306 redisPassword:"" redisPort:6379 ip:192.168.88.181 poolname:FA_MEM user:fa_db password:1qaz!QAZ database:FA_MEM charset:utf8 redisIp:192.168.88.119 redisDB:3]
SqlString  SELECT RTP,Amount,Bonus  FROM M_RtpSetting  WHERE Sid = 1   AND State = 1   AND LTG_Code = 6 AND Gid = 37
sqlResult   map[result: count:0 state:0]
[2020-01-02 12:45:37] rtpData ------->   map[result: count:0 state:0] 
[GIN] 2020/01/02 - 12:45:37 | 200 |     2.91913ms |  192.168.66.115 | POST     /getResult
[2020-01-02 12:45:39] 自開彩開獎  {202001020766 1 34 true} 
ConfigData  map[database:FA_MEM redisPort:6379 redisDB:3 ip:192.168.88.181 user:fa_db password:1qaz!QAZ charset:utf8 redisIp:192.168.88.119 redisPassword:"" poolname:FA_MEM port:3306]
SqlString  SELECT RTP,Amount,Bonus  FROM M_RtpSetting  WHERE Sid = 1   AND State = 1   AND LTG_Code = 1 AND Gid = 34
sqlResult   map[result: count:0 state:0]
[2020-01-02 12:45:39] rtpData ------->   map[result: count:0 state:0] 
[GIN] 2020/01/02 - 12:45:39 | 200 |     3.04254ms |  192.168.66.115 | POST     /getResult
[2020-01-02 12:45:41] 自開彩開獎  {202001020256 1 35 true} 
ConfigData  map[redisPassword:"" user:fa_db database:FA_MEM redisIp:192.168.88.119 redisPort:6379 charset:utf8 redisDB:3 ip:192.168.88.181 poolname:FA_MEM port:3306 password:1qaz!QAZ]
SqlString  SELECT RTP,Amount,Bonus  FROM M_RtpSetting  WHERE Sid = 1   AND State = 1   AND LTG_Code = 1 AND Gid = 35
sqlResult   map[result: count:0 state:0]
[2020-01-02 12:45:41] rtpData ------->   map[result: count:0 state:0] 
[GIN] 2020/01/02 - 12:45:41 | 200 |    2.609694ms |  192.168.66.115 | POST     /getResult
[2020-01-02 12:45:41] 自開彩開獎  {202001020766 4 40 true} 
ConfigData  map[port:3306 charset:utf8 redisIp:192.168.88.119 redisDB:3 redisPassword:"" ip:192.168.88.181 poolname:FA_MEM user:fa_db password:1qaz!QAZ database:FA_MEM redisPort:6379]
SqlString  SELECT RTP,Amount,Bonus  FROM M_RtpSetting  WHERE Sid = 1   AND State = 1   AND LTG_Code = 4 AND Gid = 40
sqlResult   map[state:0 result: count:0]
[2020-01-02 12:45:41] rtpData ------->   map[result: count:0 state:0] 
[GIN] 2020/01/02 - 12:45:41 | 200 |    2.955844ms |  192.168.66.115 | POST     /getResult
[2020-01-02 12:45:41] 自開彩開獎  {202001020256 4 41 true} 
ConfigData  map[database:FA_MEM redisIp:192.168.88.119 redisDB:3 ip:192.168.88.181 poolname:FA_MEM user:fa_db redisPort:6379 redisPassword:"" port:3306 password:1qaz!QAZ charset:utf8]
SqlString  SELECT RTP,Amount,Bonus  FROM M_RtpSetting  WHERE Sid = 1   AND State = 1   AND LTG_Code = 4 AND Gid = 41
sqlResult   map[result: count:0 state:0]
[2020-01-02 12:45:41] rtpData ------->   map[result: count:0 state:0] 
[GIN] 2020/01/02 - 12:45:41 | 200 |     2.35027ms |  192.168.66.115 | POST     /getResult
[2020-01-02 12:45:42] 自開彩開獎  {202001020766 6 36 true} 
ConfigData  map[redisIp:192.168.88.119 redisPort:6379 redisPassword:"" redisDB:3 poolname:FA_MEM port:3306 password:1qaz!QAZ charset:utf8 ip:192.168.88.181 user:fa_db database:FA_MEM]
SqlString  SELECT RTP,Amount,Bonus  FROM M_RtpSetting  WHERE Sid = 1   AND State = 1   AND LTG_Code = 6 AND Gid = 36
sqlResult   map[result: count:0 state:0]
[2020-01-02 12:45:42] rtpData ------->   map[result: count:0 state:0] 
[GIN] 2020/01/02 - 12:45:42 | 200 |    2.445138ms |  192.168.66.115 | POST     /getResult
[2020-01-02 12:45:42] 自開彩開獎  {202001020154 5 39 true} 
ConfigData  map[poolname:FA_MEM user:fa_db password:1qaz!QAZ charset:utf8 redisPassword:"" ip:192.168.88.181 port:3306 database:FA_MEM redisIp:192.168.88.119 redisPort:6379 redisDB:3]
SqlString  SELECT RTP,Amount,Bonus  FROM M_RtpSetting  WHERE Sid = 1   AND State = 1   AND LTG_Code = 5 AND Gid = 39
[2020-01-02 12:45:42] 自開彩開獎  {202001020766 5 38 true} 
ConfigData  map[redisPassword:"" redisDB:3 port:3306 redisPort:6379 user:fa_db password:1qaz!QAZ database:FA_MEM charset:utf8 redisIp:192.168.88.119 ip:192.168.88.181 poolname:FA_MEM]
SqlString  SELECT RTP,Amount,Bonus  FROM M_RtpSetting  WHERE Sid = 1   AND State = 1   AND LTG_Code = 5 AND Gid = 38
sqlResult   map[result: count:0 state:0]
[2020-01-02 12:45:42] rtpData ------->   map[result: count:0 state:0] 
[GIN] 2020/01/02 - 12:45:42 | 200 |    2.826751ms |  192.168.66.115 | POST     /getResult
sqlResult   map[result: count:0 state:0]
[2020-01-02 12:45:42] rtpData ------->   map[state:0 result: count:0] 
[GIN] 2020/01/02 - 12:45:42 | 200 |    3.166207ms |  192.168.66.115 | POST     /getResult
[2020-01-02 12:45:43] 自開彩開獎  {202001020256 6 37 true} 
ConfigData  map[redisPassword:"" poolname:FA_MEM user:fa_db database:FA_MEM charset:utf8 redisPort:6379 redisDB:3 ip:192.168.88.181 port:3306 password:1qaz!QAZ redisIp:192.168.88.119]
SqlString  SELECT RTP,Amount,Bonus  FROM M_RtpSetting  WHERE Sid = 1   AND State = 1   AND LTG_Code = 6 AND Gid = 37
sqlResult   map[count:0 state:0 result:]
[2020-01-02 12:45:43] rtpData ------->   map[result: count:0 state:0] 
[GIN] 2020/01/02 - 12:45:43 | 200 |    2.164938ms |  192.168.66.115 | POST     /getResult
[2020-01-02 12:45:45] 自開彩開獎  {202001020766 1 34 true} 
ConfigData  map[user:fa_db redisIp:192.168.88.119 redisPort:6379 redisPassword:"" redisDB:3 ip:192.168.88.181 poolname:FA_MEM database:FA_MEM charset:utf8 port:3306 password:1qaz!QAZ]
SqlString  SELECT RTP,Amount,Bonus  FROM M_RtpSetting  WHERE Sid = 1   AND State = 1   AND LTG_Code = 1 AND Gid = 34
sqlResult   map[count:0 state:0 result:]
[2020-01-02 12:45:45] rtpData ------->   map[state:0 result: count:0] 
[GIN] 2020/01/02 - 12:45:45 | 200 |    3.204979ms |  192.168.66.115 | POST     /getResult
[2020-01-02 12:45:47] 自開彩開獎  {202001020256 1 35 true} 
ConfigData  map[database:FA_MEM charset:utf8 redisIp:192.168.88.119 redisPort:6379 redisDB:3 poolname:FA_MEM password:1qaz!QAZ user:fa_db redisPassword:"" ip:192.168.88.181 port:3306]
SqlString  SELECT RTP,Amount,Bonus  FROM M_RtpSetting  WHERE Sid = 1   AND State = 1   AND LTG_Code = 1 AND Gid = 35
sqlResult   map[state:0 result: count:0]
[2020-01-02 12:45:47] rtpData ------->   map[result: count:0 state:0] 
[GIN] 2020/01/02 - 12:45:47 | 200 |    2.053065ms |  192.168.66.115 | POST     /getResult
[2020-01-02 12:45:47] 自開彩開獎  {202001020766 4 40 true} 
ConfigData  map[user:fa_db database:FA_MEM charset:utf8 redisPort:6379 redisPassword:"" redisDB:3 ip:192.168.88.181 poolname:FA_MEM port:3306 password:1qaz!QAZ redisIp:192.168.88.119]
SqlString  SELECT RTP,Amount,Bonus  FROM M_RtpSetting  WHERE Sid = 1   AND State = 1   AND LTG_Code = 4 AND Gid = 40
sqlResult   map[result: count:0 state:0]
[2020-01-02 12:45:47] rtpData ------->   map[result: count:0 state:0] 
[GIN] 2020/01/02 - 12:45:47 | 200 |    2.778999ms |  192.168.66.115 | POST     /getResult
[2020-01-02 12:45:47] 自開彩開獎  {202001020256 4 41 true} 
ConfigData  map[poolname:FA_MEM password:1qaz!QAZ database:FA_MEM redisDB:3 ip:192.168.88.181 user:fa_db charset:utf8 redisIp:192.168.88.119 redisPort:6379 redisPassword:"" port:3306]
SqlString  SELECT RTP,Amount,Bonus  FROM M_RtpSetting  WHERE Sid = 1   AND State = 1   AND LTG_Code = 4 AND Gid = 41
sqlResult   map[count:0 state:0 result:]
[2020-01-02 12:45:47] rtpData ------->   map[result: count:0 state:0] 
[GIN] 2020/01/02 - 12:45:47 | 200 |    2.950929ms |  192.168.66.115 | POST     /getResult
[2020-01-02 12:45:48] 自開彩開獎  {202001020766 6 36 true} 
ConfigData  map[ip:192.168.88.181 charset:utf8 redisPort:6379 redisPassword:"" redisDB:3 poolname:FA_MEM port:3306 user:fa_db password:1qaz!QAZ database:FA_MEM redisIp:192.168.88.119]
SqlString  SELECT RTP,Amount,Bonus  FROM M_RtpSetting  WHERE Sid = 1   AND State = 1   AND LTG_Code = 6 AND Gid = 36
sqlResult   map[result: count:0 state:0]
[2020-01-02 12:45:48] rtpData ------->   map[result: count:0 state:0] 
[GIN] 2020/01/02 - 12:45:48 | 200 |    2.143927ms |  192.168.66.115 | POST     /getResult
[2020-01-02 12:45:48] 自開彩開獎  {202001020766 5 38 true} 
ConfigData  map[password:1qaz!QAZ charset:utf8 redisDB:3 poolname:FA_MEM port:3306 user:fa_db database:FA_MEM redisIp:192.168.88.119 redisPort:6379 redisPassword:"" ip:192.168.88.181]
SqlString  SELECT RTP,Amount,Bonus  FROM M_RtpSetting  WHERE Sid = 1   AND State = 1   AND LTG_Code = 5 AND Gid = 38
[2020-01-02 12:45:48] 自開彩開獎  {202001020154 5 39 true} 
ConfigData  map[user:fa_db database:FA_MEM charset:utf8 redisIp:192.168.88.119 redisPassword:"" ip:192.168.88.181 port:3306 password:1qaz!QAZ redisPort:6379 redisDB:3 poolname:FA_MEM]
SqlString  SELECT RTP,Amount,Bonus  FROM M_RtpSetting  WHERE Sid = 1   AND State = 1   AND LTG_Code = 5 AND Gid = 39
sqlResult   map[result: count:0 state:0]
[2020-01-02 12:45:48] rtpData ------->   map[count:0 state:0 result:] 
[GIN] 2020/01/02 - 12:45:48 | 200 |    2.872816ms |  192.168.66.115 | POST     /getResult
sqlResult   map[result: count:0 state:0]
[2020-01-02 12:45:48] rtpData ------->   map[count:0 state:0 result:] 
[GIN] 2020/01/02 - 12:45:48 | 200 |    3.152932ms |  192.168.66.115 | POST     /getResult
[2020-01-02 12:45:49] 自開彩開獎  {202001020256 6 37 true} 
ConfigData  map[ip:192.168.88.181 user:fa_db charset:utf8 redisPassword:"" poolname:FA_MEM port:3306 password:1qaz!QAZ database:FA_MEM redisIp:192.168.88.119 redisPort:6379 redisDB:3]
SqlString  SELECT RTP,Amount,Bonus  FROM M_RtpSetting  WHERE Sid = 1   AND State = 1   AND LTG_Code = 6 AND Gid = 37
sqlResult   map[result: count:0 state:0]
[2020-01-02 12:45:49] rtpData ------->   map[count:0 state:0 result:] 
[GIN] 2020/01/02 - 12:45:49 | 200 |    2.392322ms |  192.168.66.115 | POST     /getResult
[2020-01-02 12:45:51] 自開彩開獎  {202001020766 1 34 true} 
ConfigData  map[redisDB:3 ip:192.168.88.181 port:3306 password:1qaz!QAZ database:FA_MEM redisPassword:"" poolname:FA_MEM user:fa_db charset:utf8 redisIp:192.168.88.119 redisPort:6379]
SqlString  SELECT RTP,Amount,Bonus  FROM M_RtpSetting  WHERE Sid = 1   AND State = 1   AND LTG_Code = 1 AND Gid = 34
sqlResult   map[result: count:0 state:0]
[2020-01-02 12:45:51] rtpData ------->   map[result: count:0 state:0] 
[GIN] 2020/01/02 - 12:45:51 | 200 |     2.72583ms |  192.168.66.115 | POST     /getResult
[2020-01-02 12:45:53] 自開彩開獎  {202001020256 1 35 true} 
ConfigData  map[poolname:FA_MEM port:3306 user:fa_db redisPort:6379 redisPassword:"" redisDB:3 ip:192.168.88.181 password:1qaz!QAZ database:FA_MEM charset:utf8 redisIp:192.168.88.119]
SqlString  SELECT RTP,Amount,Bonus  FROM M_RtpSetting  WHERE Sid = 1   AND State = 1   AND LTG_Code = 1 AND Gid = 35
sqlResult   map[result: count:0 state:0]
[2020-01-02 12:45:53] rtpData ------->   map[result: count:0 state:0] 
[GIN] 2020/01/02 - 12:45:53 | 200 |    2.753555ms |  192.168.66.115 | POST     /getResult
[2020-01-02 12:45:53] 自開彩開獎  {202001020766 4 40 true} 
ConfigData  map[user:fa_db password:1qaz!QAZ database:FA_MEM redisPassword:"" ip:192.168.88.181 poolname:FA_MEM port:3306 charset:utf8 redisIp:192.168.88.119 redisPort:6379 redisDB:3]
SqlString  SELECT RTP,Amount,Bonus  FROM M_RtpSetting  WHERE Sid = 1   AND State = 1   AND LTG_Code = 4 AND Gid = 40
sqlResult   map[count:0 state:0 result:]
[2020-01-02 12:45:53] rtpData ------->   map[result: count:0 state:0] 
[GIN] 2020/01/02 - 12:45:53 | 200 |    2.586987ms |  192.168.66.115 | POST     /getResult
[2020-01-02 12:45:53] 自開彩開獎  {202001020256 4 41 true} 
ConfigData  map[charset:utf8 redisIp:192.168.88.119 redisPassword:"" user:fa_db poolname:FA_MEM port:3306 password:1qaz!QAZ database:FA_MEM redisPort:6379 redisDB:3 ip:192.168.88.181]
SqlString  SELECT RTP,Amount,Bonus  FROM M_RtpSetting  WHERE Sid = 1   AND State = 1   AND LTG_Code = 4 AND Gid = 41
sqlResult   map[result: count:0 state:0]
[2020-01-02 12:45:53] rtpData ------->   map[result: count:0 state:0] 
[GIN] 2020/01/02 - 12:45:53 | 200 |    2.837213ms |  192.168.66.115 | POST     /getResult
[2020-01-02 12:45:54] 自開彩開獎  {202001020766 6 36 true} 
ConfigData  map[redisPort:6379 poolname:FA_MEM port:3306 redisIp:192.168.88.119 database:FA_MEM charset:utf8 redisPassword:"" redisDB:3 ip:192.168.88.181 user:fa_db password:1qaz!QAZ]
SqlString  SELECT RTP,Amount,Bonus  FROM M_RtpSetting  WHERE Sid = 1   AND State = 1   AND LTG_Code = 6 AND Gid = 36
sqlResult   map[result: count:0 state:0]
[2020-01-02 12:45:54] rtpData ------->   map[result: count:0 state:0] 
[GIN] 2020/01/02 - 12:45:54 | 200 |     2.40128ms |  192.168.66.115 | POST     /getResult
[2020-01-02 12:45:54] 自開彩開獎  {202001020766 5 38 true} 
ConfigData  map[redisPassword:"" poolname:FA_MEM port:3306 user:fa_db password:1qaz!QAZ charset:utf8 redisIp:192.168.88.119 redisPort:6379 ip:192.168.88.181 database:FA_MEM redisDB:3]
SqlString  SELECT RTP,Amount,Bonus  FROM M_RtpSetting  WHERE Sid = 1   AND State = 1   AND LTG_Code = 5 AND Gid = 38
[2020-01-02 12:45:54] 自開彩開獎  {202001020154 5 39 true} 
ConfigData  map[user:fa_db password:1qaz!QAZ redisPort:6379 redisPassword:"" redisDB:3 poolname:FA_MEM port:3306 database:FA_MEM charset:utf8 redisIp:192.168.88.119 ip:192.168.88.181]
SqlString  SELECT RTP,Amount,Bonus  FROM M_RtpSetting  WHERE Sid = 1   AND State = 1   AND LTG_Code = 5 AND Gid = 39
sqlResult   map[result: count:0 state:0]
sqlResult   map[count:0 state:0 result:]
[2020-01-02 12:45:54] rtpData ------->   map[result: count:0 state:0] 
[2020-01-02 12:45:54] rtpData ------->   map[state:0 result: count:0] 
[GIN] 2020/01/02 - 12:45:54 | 200 |    2.779513ms |  192.168.66.115 | POST     /getResult
[GIN] 2020/01/02 - 12:45:54 | 200 |    2.636065ms |  192.168.66.115 | POST     /getResult
[2020-01-02 12:45:55] 自開彩開獎  {202001020256 6 37 true} 
ConfigData  map[redisIp:192.168.88.119 redisPort:6379 redisDB:3 ip:192.168.88.181 charset:utf8 user:fa_db password:1qaz!QAZ database:FA_MEM redisPassword:"" poolname:FA_MEM port:3306]
SqlString  SELECT RTP,Amount,Bonus  FROM M_RtpSetting  WHERE Sid = 1   AND State = 1   AND LTG_Code = 6 AND Gid = 37
sqlResult   map[result: count:0 state:0]
[2020-01-02 12:45:55] rtpData ------->   map[count:0 state:0 result:] 
[GIN] 2020/01/02 - 12:45:55 | 200 |    2.843851ms |  192.168.66.115 | POST     /getResult
[2020-01-02 12:45:57] 自開彩開獎  {202001020766 1 34 true} 
ConfigData  map[port:3306 charset:utf8 redisPassword:"" ip:192.168.88.181 poolname:FA_MEM database:FA_MEM redisIp:192.168.88.119 redisPort:6379 redisDB:3 user:fa_db password:1qaz!QAZ]
SqlString  SELECT RTP,Amount,Bonus  FROM M_RtpSetting  WHERE Sid = 1   AND State = 1   AND LTG_Code = 1 AND Gid = 34
sqlResult   map[result: count:0 state:0]
[2020-01-02 12:45:57] rtpData ------->   map[state:0 result: count:0] 
[GIN] 2020/01/02 - 12:45:57 | 200 |    2.477069ms |  192.168.66.115 | POST     /getResult
[2020-01-02 12:45:59] 自開彩開獎  {202001020256 1 35 true} 
ConfigData  map[user:fa_db redisIp:192.168.88.119 redisPort:6379 redisDB:3 ip:192.168.88.181 poolname:FA_MEM port:3306 password:1qaz!QAZ database:FA_MEM charset:utf8 redisPassword:""]
SqlString  SELECT RTP,Amount,Bonus  FROM M_RtpSetting  WHERE Sid = 1   AND State = 1   AND LTG_Code = 1 AND Gid = 35
sqlResult   map[result: count:0 state:0]
[2020-01-02 12:45:59] rtpData ------->   map[result: count:0 state:0] 
[GIN] 2020/01/02 - 12:45:59 | 200 |    2.557519ms |  192.168.66.115 | POST     /getResult
[2020-01-02 12:45:59] 自開彩開獎  {202001020766 4 40 true} 
ConfigData  map[user:fa_db password:1qaz!QAZ database:FA_MEM charset:utf8 redisIp:192.168.88.119 redisPort:6379 redisDB:3 ip:192.168.88.181 poolname:FA_MEM port:3306 redisPassword:""]
SqlString  SELECT RTP,Amount,Bonus  FROM M_RtpSetting  WHERE Sid = 1   AND State = 1   AND LTG_Code = 4 AND Gid = 40
sqlResult   map[result: count:0 state:0]
[2020-01-02 12:45:59] rtpData ------->   map[result: count:0 state:0] 
[GIN] 2020/01/02 - 12:45:59 | 200 |    3.133301ms |  192.168.66.115 | POST     /getResult
[2020-01-02 12:45:59] 自開彩開獎  {202001020256 4 41 true} 
ConfigData  map[redisPassword:"" redisDB:3 poolname:FA_MEM password:1qaz!QAZ database:FA_MEM redisIp:192.168.88.119 redisPort:6379 ip:192.168.88.181 port:3306 user:fa_db charset:utf8]
SqlString  SELECT RTP,Amount,Bonus  FROM M_RtpSetting  WHERE Sid = 1   AND State = 1   AND LTG_Code = 4 AND Gid = 41
sqlResult   map[count:0 state:0 result:]
[2020-01-02 12:45:59] rtpData ------->   map[state:0 result: count:0] 
[GIN] 2020/01/02 - 12:45:59 | 200 |    1.751914ms |  192.168.66.115 | POST     /getResult
[2020-01-02 12:46:00] 自開彩開獎  {202001020766 6 36 true} 
ConfigData  map[user:fa_db database:FA_MEM charset:utf8 redisIp:192.168.88.119 redisPassword:"" ip:192.168.88.181 poolname:FA_MEM port:3306 password:1qaz!QAZ redisPort:6379 redisDB:3]
SqlString  SELECT RTP,Amount,Bonus  FROM M_RtpSetting  WHERE Sid = 1   AND State = 1   AND LTG_Code = 6 AND Gid = 36
sqlResult   map[result: count:0 state:0]
[2020-01-02 12:46:00] rtpData ------->   map[count:0 state:0 result:] 
[GIN] 2020/01/02 - 12:46:00 | 200 |    2.841539ms |  192.168.66.115 | POST     /getResult
[2020-01-02 12:46:00] 自開彩開獎  {202001020154 5 39 true} 
ConfigData  map[poolname:FA_MEM port:3306 database:FA_MEM charset:utf8 redisIp:192.168.88.119 redisPort:6379 ip:192.168.88.181 user:fa_db password:1qaz!QAZ redisPassword:"" redisDB:3]
SqlString  SELECT RTP,Amount,Bonus  FROM M_RtpSetting  WHERE Sid = 1   AND State = 1   AND LTG_Code = 5 AND Gid = 39
[2020-01-02 12:46:00] 自開彩開獎  {202001020766 5 38 true} 
ConfigData  map[port:3306 user:fa_db database:FA_MEM redisDB:3 poolname:FA_MEM password:1qaz!QAZ charset:utf8 redisIp:192.168.88.119 redisPort:6379 redisPassword:"" ip:192.168.88.181]
SqlString  SELECT RTP,Amount,Bonus  FROM M_RtpSetting  WHERE Sid = 1   AND State = 1   AND LTG_Code = 5 AND Gid = 38
sqlResult   map[result: count:0 state:0]
[2020-01-02 12:46:00] rtpData ------->   map[result: count:0 state:0] 
sqlResult   map[result: count:0 state:0]
[GIN] 2020/01/02 - 12:46:00 | 200 |    2.279008ms |  192.168.66.115 | POST     /getResult
[2020-01-02 12:46:00] rtpData ------->   map[result: count:0 state:0] 
[GIN] 2020/01/02 - 12:46:00 | 200 |    2.224396ms |  192.168.66.115 | POST     /getResult
[2020-01-02 12:46:00] 自開彩開獎  {202001020767 2 26 true} 
ConfigData  map[redisPassword:"" redisDB:3 ip:192.168.88.181 user:fa_db charset:utf8 database:FA_MEM redisIp:192.168.88.119 redisPort:6379 poolname:FA_MEM port:3306 password:1qaz!QAZ]
SqlString  SELECT RTP,Amount,Bonus  FROM M_RtpSetting  WHERE Sid = 1   AND State = 1   AND LTG_Code = 2 AND Gid = 26
sqlResult   map[state:1 amount:1.0069588e+06 bonus:908100.71 result:0.9600 count:1]
[2020-01-02 12:46:00] rtpData ------->   map[state:1 amount:1.0069588e+06 bonus:908100.71 result:0.9600 count:1] 
ConfigData  map[ip:192.168.88.181 poolname:FA_MEM user:fa_db password:1qaz!QAZ charset:utf8 port:3306 database:FA_MEM redisIp:192.168.88.119 redisPort:6379 redisPassword:"" redisDB:3]
SELECT BO_No, BO_OrderNo , BO_User , BO_Issue  , BO_LotteryTypeGroup, BO_LotteryType, BO_Mode, BO_LotteryPlayGroup, BO_LotteryPlay , BO_LotteryContent, BO_Price, BO_RealPrice, BO_Unit, BO_Multiple , BO_BetCount  , BO_Winnings, BO_Winnings2, BO_Winnings3, BO_WinningLimit  , BO_Water , BO_BW_SourceUserId, BO_BW_BackWater, BO_BW_LimitBetCount, BO_BW_MaxAmount, BO_BW_AuditMultiple  , BO_Odds, BO_Odds2, BO_Odds3 , BO_Type, BO_Chase , BO_OpenResult, BO_OpenResult2, BO_DateDraw, BO_DateDraw2, BO_DateUpdate  FROM TS_BetOrder  WHERE BO_Cancel = 0   AND BO_CancelBackend = 0   AND BO_LotteryTypeGroup = 2 AND BO_LotteryType = 26 AND BO_Issue = 202001020767 AND BO_Collect = 0 ORDER BY BO_DateDraw ASC, BO_DateCreate ASC, BO_DateUpdate ASC, BO_No ASC ;
[2020-01-02 12:46:00] LottteryTypeGroup 2 
[2020-01-02 12:46:00] 有期號 但無注單 -------> map[amount:0 bonus:0 thisOpenResult:[5 3 8 4 1]] 
[GIN] 2020/01/02 - 12:46:00 | 200 |    6.314818ms |  192.168.66.115 | POST     /getResult
[2020-01-02 12:46:01] 自開彩開獎  {202001020256 6 37 true} 
ConfigData  map[user:fa_db redisIp:192.168.88.119 redisPort:6379 poolname:FA_MEM port:3306 database:FA_MEM charset:utf8 redisPassword:"" redisDB:3 ip:192.168.88.181 password:1qaz!QAZ]
SqlString  SELECT RTP,Amount,Bonus  FROM M_RtpSetting  WHERE Sid = 1   AND State = 1   AND LTG_Code = 6 AND Gid = 37
sqlResult   map[result: count:0 state:0]
[2020-01-02 12:46:01] rtpData ------->   map[result: count:0 state:0] 
[GIN] 2020/01/02 - 12:46:01 | 200 |    2.747567ms |  192.168.66.115 | POST     /getResult
[2020-01-02 12:46:03] 自開彩開獎  {202001020766 1 34 true} 
ConfigData  map[port:3306 user:fa_db password:1qaz!QAZ database:FA_MEM redisPassword:"" ip:192.168.88.181 poolname:FA_MEM redisPort:6379 redisDB:3 charset:utf8 redisIp:192.168.88.119]
SqlString  SELECT RTP,Amount,Bonus  FROM M_RtpSetting  WHERE Sid = 1   AND State = 1   AND LTG_Code = 1 AND Gid = 34
sqlResult   map[result: count:0 state:0]
[2020-01-02 12:46:03] rtpData ------->   map[result: count:0 state:0] 
[GIN] 2020/01/02 - 12:46:03 | 200 |    2.512997ms |  192.168.66.115 | POST     /getResult
[2020-01-02 12:46:05] 自開彩開獎  {202001020256 1 35 true} 
ConfigData  map[redisPort:6379 redisDB:3 ip:192.168.88.181 poolname:FA_MEM charset:utf8 database:FA_MEM redisIp:192.168.88.119 redisPassword:"" port:3306 user:fa_db password:1qaz!QAZ]
SqlString  SELECT RTP,Amount,Bonus  FROM M_RtpSetting  WHERE Sid = 1   AND State = 1   AND LTG_Code = 1 AND Gid = 35
sqlResult   map[count:0 state:0 result:]
[2020-01-02 12:46:05] rtpData ------->   map[state:0 result: count:0] 
[GIN] 2020/01/02 - 12:46:05 | 200 |     2.42244ms |  192.168.66.115 | POST     /getResult
[2020-01-02 12:46:05] 自開彩開獎  {202001020766 4 40 true} 
ConfigData  map[redisIp:192.168.88.119 redisPassword:"" ip:192.168.88.181 poolname:FA_MEM database:FA_MEM charset:utf8 redisDB:3 port:3306 user:fa_db password:1qaz!QAZ redisPort:6379]
SqlString  SELECT RTP,Amount,Bonus  FROM M_RtpSetting  WHERE Sid = 1   AND State = 1   AND LTG_Code = 4 AND Gid = 40
sqlResult   map[count:0 state:0 result:]
[2020-01-02 12:46:05] rtpData ------->   map[result: count:0 state:0] 
[GIN] 2020/01/02 - 12:46:05 | 200 |    3.145716ms |  192.168.66.115 | POST     /getResult
[2020-01-02 12:46:05] 自開彩開獎  {202001020256 4 41 true} 
ConfigData  map[charset:utf8 redisIp:192.168.88.119 redisPort:6379 redisDB:3 password:1qaz!QAZ database:FA_MEM redisPassword:"" ip:192.168.88.181 poolname:FA_MEM port:3306 user:fa_db]
SqlString  SELECT RTP,Amount,Bonus  FROM M_RtpSetting  WHERE Sid = 1   AND State = 1   AND LTG_Code = 4 AND Gid = 41
sqlResult   map[count:0 state:0 result:]
[2020-01-02 12:46:05] rtpData ------->   map[count:0 state:0 result:] 
[GIN] 2020/01/02 - 12:46:05 | 200 |    3.096525ms |  192.168.66.115 | POST     /getResult
[2020-01-02 12:46:06] 自開彩開獎  {202001020767 6 36 true} 
ConfigData  map[redisIp:192.168.88.119 redisPort:6379 ip:192.168.88.181 port:3306 password:1qaz!QAZ charset:utf8 redisPassword:"" redisDB:3 poolname:FA_MEM user:fa_db database:FA_MEM]
SqlString  SELECT RTP,Amount,Bonus  FROM M_RtpSetting  WHERE Sid = 1   AND State = 1   AND LTG_Code = 6 AND Gid = 36
sqlResult   map[result: count:0 state:0]
[2020-01-02 12:46:06] rtpData ------->   map[result: count:0 state:0] 
[GIN] 2020/01/02 - 12:46:06 | 200 |    2.535153ms |  192.168.66.115 | POST     /getResult
[2020-01-02 12:46:06] 自開彩開獎  {202001020767 5 38 true} 
ConfigData  map[password:1qaz!QAZ database:FA_MEM redisIp:192.168.88.119 redisPassword:"" ip:192.168.88.181 port:3306 user:fa_db charset:utf8 redisPort:6379 redisDB:3 poolname:FA_MEM]
SqlString  SELECT RTP,Amount,Bonus  FROM M_RtpSetting  WHERE Sid = 1   AND State = 1   AND LTG_Code = 5 AND Gid = 38
sqlResult   map[result: count:0 state:0]
[2020-01-02 12:46:06] rtpData ------->   map[count:0 state:0 result:] 
[GIN] 2020/01/02 - 12:46:06 | 200 |    2.599116ms |  192.168.66.115 | POST     /getResult
[2020-01-02 12:46:09] 自開彩開獎  {202001020767 1 34 true} 
ConfigData  map[poolname:FA_MEM database:FA_MEM charset:utf8 redisIp:192.168.88.119 redisDB:3 ip:192.168.88.181 port:3306 user:fa_db password:1qaz!QAZ redisPort:6379 redisPassword:""]
SqlString  SELECT RTP,Amount,Bonus  FROM M_RtpSetting  WHERE Sid = 1   AND State = 1   AND LTG_Code = 1 AND Gid = 34
sqlResult   map[count:0 state:0 result:]
[2020-01-02 12:46:09] rtpData ------->   map[count:0 state:0 result:] 
[GIN] 2020/01/02 - 12:46:09 | 200 |    1.979471ms |  192.168.66.115 | POST     /getResult
[2020-01-02 12:46:11] 自開彩開獎  {202001020256 1 35 true} 
ConfigData  map[ip:192.168.88.181 database:FA_MEM redisPassword:"" redisDB:3 redisIp:192.168.88.119 redisPort:6379 poolname:FA_MEM port:3306 user:fa_db password:1qaz!QAZ charset:utf8]
SqlString  SELECT RTP,Amount,Bonus  FROM M_RtpSetting  WHERE Sid = 1   AND State = 1   AND LTG_Code = 1 AND Gid = 35
sqlResult   map[state:0 result: count:0]
[2020-01-02 12:46:11] rtpData ------->   map[result: count:0 state:0] 
[GIN] 2020/01/02 - 12:46:11 | 200 |    2.868638ms |  192.168.66.115 | POST     /getResult
[2020-01-02 12:46:11] 自開彩開獎  {202001020767 4 40 true} 
ConfigData  map[ip:192.168.88.181 database:FA_MEM charset:utf8 redisIp:192.168.88.119 redisPort:6379 redisPassword:"" poolname:FA_MEM port:3306 user:fa_db password:1qaz!QAZ redisDB:3]
SqlString  SELECT RTP,Amount,Bonus  FROM M_RtpSetting  WHERE Sid = 1   AND State = 1   AND LTG_Code = 4 AND Gid = 40
sqlResult   map[count:0 state:0 result:]
[2020-01-02 12:46:11] rtpData ------->   map[result: count:0 state:0] 
[GIN] 2020/01/02 - 12:46:11 | 200 |    2.639758ms |  192.168.66.115 | POST     /getResult
[2020-01-02 12:46:11] 自開彩開獎  {202001020256 4 41 true} 
ConfigData  map[port:3306 password:1qaz!QAZ database:FA_MEM charset:utf8 redisIp:192.168.88.119 redisPort:6379 redisDB:3 ip:192.168.88.181 poolname:FA_MEM user:fa_db redisPassword:""]
SqlString  SELECT RTP,Amount,Bonus  FROM M_RtpSetting  WHERE Sid = 1   AND State = 1   AND LTG_Code = 4 AND Gid = 41
sqlResult   map[result: count:0 state:0]
[2020-01-02 12:46:11] rtpData ------->   map[result: count:0 state:0] 
[GIN] 2020/01/02 - 12:46:11 | 200 |    2.273805ms |  192.168.66.115 | POST     /getResult
[2020-01-02 12:46:12] 自開彩開獎  {202001020767 6 36 true} 
ConfigData  map[poolname:FA_MEM user:fa_db database:FA_MEM charset:utf8 redisIp:192.168.88.119 ip:192.168.88.181 port:3306 password:1qaz!QAZ redisPort:6379 redisPassword:"" redisDB:3]
SqlString  SELECT RTP,Amount,Bonus  FROM M_RtpSetting  WHERE Sid = 1   AND State = 1   AND LTG_Code = 6 AND Gid = 36
sqlResult   map[state:0 result: count:0]
[2020-01-02 12:46:12] rtpData ------->   map[result: count:0 state:0] 
[GIN] 2020/01/02 - 12:46:12 | 200 |    2.491603ms |  192.168.66.115 | POST     /getResult
[2020-01-02 12:46:12] 自開彩開獎  {202001020767 5 38 true} 
ConfigData  map[poolname:FA_MEM port:3306 user:fa_db redisPassword:"" redisDB:3 ip:192.168.88.181 password:1qaz!QAZ database:FA_MEM charset:utf8 redisIp:192.168.88.119 redisPort:6379]
SqlString  SELECT RTP,Amount,Bonus  FROM M_RtpSetting  WHERE Sid = 1   AND State = 1   AND LTG_Code = 5 AND Gid = 38
sqlResult   map[result: count:0 state:0]
[2020-01-02 12:46:12] rtpData ------->   map[result: count:0 state:0] 
[GIN] 2020/01/02 - 12:46:12 | 200 |    2.905799ms |  192.168.66.115 | POST     /getResult
[2020-01-02 12:46:15] 自開彩開獎  {202001020767 1 34 true} 
ConfigData  map[user:fa_db password:1qaz!QAZ charset:utf8 redisIp:192.168.88.119 redisPassword:"" poolname:FA_MEM port:3306 database:FA_MEM redisPort:6379 redisDB:3 ip:192.168.88.181]
SqlString  SELECT RTP,Amount,Bonus  FROM M_RtpSetting  WHERE Sid = 1   AND State = 1   AND LTG_Code = 1 AND Gid = 34
sqlResult   map[result: count:0 state:0]
[2020-01-02 12:46:15] rtpData ------->   map[result: count:0 state:0] 
[GIN] 2020/01/02 - 12:46:15 | 200 |    2.708231ms |  192.168.66.115 | POST     /getResult
[2020-01-02 12:46:17] 自開彩開獎  {202001020256 1 35 true} 
ConfigData  map[ip:192.168.88.181 user:fa_db database:FA_MEM charset:utf8 redisPort:6379 redisDB:3 poolname:FA_MEM port:3306 password:1qaz!QAZ redisIp:192.168.88.119 redisPassword:""]
SqlString  SELECT RTP,Amount,Bonus  FROM M_RtpSetting  WHERE Sid = 1   AND State = 1   AND LTG_Code = 1 AND Gid = 35
sqlResult   map[count:0 state:0 result:]
[2020-01-02 12:46:17] rtpData ------->   map[result: count:0 state:0] 
[GIN] 2020/01/02 - 12:46:17 | 200 |    2.781873ms |  192.168.66.115 | POST     /getResult
[2020-01-02 12:46:17] 自開彩開獎  {202001020767 4 40 true} 
ConfigData  map[redisIp:192.168.88.119 redisPort:6379 user:fa_db password:1qaz!QAZ charset:utf8 database:FA_MEM redisPassword:"" redisDB:3 ip:192.168.88.181 poolname:FA_MEM port:3306]
SqlString  SELECT RTP,Amount,Bonus  FROM M_RtpSetting  WHERE Sid = 1   AND State = 1   AND LTG_Code = 4 AND Gid = 40
sqlResult   map[result: count:0 state:0]
[2020-01-02 12:46:17] rtpData ------->   map[result: count:0 state:0] 
[GIN] 2020/01/02 - 12:46:17 | 200 |    2.874392ms |  192.168.66.115 | POST     /getResult
[2020-01-02 12:46:17] 自開彩開獎  {202001020256 4 41 true} 
ConfigData  map[port:3306 user:fa_db password:1qaz!QAZ redisPort:6379 redisDB:3 ip:192.168.88.181 database:FA_MEM charset:utf8 redisIp:192.168.88.119 redisPassword:"" poolname:FA_MEM]
SqlString  SELECT RTP,Amount,Bonus  FROM M_RtpSetting  WHERE Sid = 1   AND State = 1   AND LTG_Code = 4 AND Gid = 41
sqlResult   map[result: count:0 state:0]
[2020-01-02 12:46:17] rtpData ------->   map[result: count:0 state:0] 
[GIN] 2020/01/02 - 12:46:17 | 200 |    2.271303ms |  192.168.66.115 | POST     /getResult
[2020-01-02 12:46:18] 自開彩開獎  {202001020767 6 36 true} 
ConfigData  map[database:FA_MEM redisPort:6379 redisPassword:"" port:3306 poolname:FA_MEM user:fa_db password:1qaz!QAZ charset:utf8 redisIp:192.168.88.119 redisDB:3 ip:192.168.88.181]
SqlString  SELECT RTP,Amount,Bonus  FROM M_RtpSetting  WHERE Sid = 1   AND State = 1   AND LTG_Code = 6 AND Gid = 36
sqlResult   map[state:0 result: count:0]
[2020-01-02 12:46:18] rtpData ------->   map[result: count:0 state:0] 
[GIN] 2020/01/02 - 12:46:18 | 200 |     2.40655ms |  192.168.66.115 | POST     /getResult
[2020-01-02 12:46:18] 自開彩開獎  {202001020767 5 38 true} 
ConfigData  map[ip:192.168.88.181 port:3306 user:fa_db charset:utf8 redisDB:3 poolname:FA_MEM password:1qaz!QAZ database:FA_MEM redisIp:192.168.88.119 redisPort:6379 redisPassword:""]
SqlString  SELECT RTP,Amount,Bonus  FROM M_RtpSetting  WHERE Sid = 1   AND State = 1   AND LTG_Code = 5 AND Gid = 38
sqlResult   map[result: count:0 state:0]
[2020-01-02 12:46:18] rtpData ------->   map[result: count:0 state:0] 
[GIN] 2020/01/02 - 12:46:18 | 200 |    2.996503ms |  192.168.66.115 | POST     /getResult
[2020-01-02 12:46:21] 自開彩開獎  {202001020767 1 34 true} 
ConfigData  map[redisIp:192.168.88.119 redisPort:6379 redisPassword:"" redisDB:3 password:1qaz!QAZ database:FA_MEM charset:utf8 user:fa_db ip:192.168.88.181 poolname:FA_MEM port:3306]
SqlString  SELECT RTP,Amount,Bonus  FROM M_RtpSetting  WHERE Sid = 1   AND State = 1   AND LTG_Code = 1 AND Gid = 34
sqlResult   map[result: count:0 state:0]
[2020-01-02 12:46:21] rtpData ------->   map[result: count:0 state:0] 
[GIN] 2020/01/02 - 12:46:21 | 200 |    3.044054ms |  192.168.66.115 | POST     /getResult
[2020-01-02 12:46:23] 自開彩開獎  {202001020256 1 35 true} 
ConfigData  map[password:1qaz!QAZ database:FA_MEM redisPort:6379 poolname:FA_MEM port:3306 user:fa_db charset:utf8 redisIp:192.168.88.119 redisPassword:"" redisDB:3 ip:192.168.88.181]
SqlString  SELECT RTP,Amount,Bonus  FROM M_RtpSetting  WHERE Sid = 1   AND State = 1   AND LTG_Code = 1 AND Gid = 35
sqlResult   map[result: count:0 state:0]
[2020-01-02 12:46:23] rtpData ------->   map[result: count:0 state:0] 
[GIN] 2020/01/02 - 12:46:23 | 200 |    2.561698ms |  192.168.66.115 | POST     /getResult
[2020-01-02 12:46:23] 自開彩開獎  {202001020767 4 40 true} 
ConfigData  map[port:3306 user:fa_db database:FA_MEM redisIp:192.168.88.119 redisPassword:"" ip:192.168.88.181 poolname:FA_MEM password:1qaz!QAZ charset:utf8 redisPort:6379 redisDB:3]
SqlString  SELECT RTP,Amount,Bonus  FROM M_RtpSetting  WHERE Sid = 1   AND State = 1   AND LTG_Code = 4 AND Gid = 40
sqlResult   map[result: count:0 state:0]
[2020-01-02 12:46:23] rtpData ------->   map[result: count:0 state:0] 
[GIN] 2020/01/02 - 12:46:23 | 200 |    2.603593ms |  192.168.66.115 | POST     /getResult
[2020-01-02 12:46:23] 自開彩開獎  {202001020256 4 41 true} 
ConfigData  map[charset:utf8 redisPort:6379 redisDB:3 redisPassword:"" ip:192.168.88.181 poolname:FA_MEM port:3306 user:fa_db password:1qaz!QAZ database:FA_MEM redisIp:192.168.88.119]
SqlString  SELECT RTP,Amount,Bonus  FROM M_RtpSetting  WHERE Sid = 1   AND State = 1   AND LTG_Code = 4 AND Gid = 41
sqlResult   map[result: count:0 state:0]
[2020-01-02 12:46:23] rtpData ------->   map[result: count:0 state:0] 
[GIN] 2020/01/02 - 12:46:23 | 200 |    2.039448ms |  192.168.66.115 | POST     /getResult
[2020-01-02 12:46:24] 自開彩開獎  {202001020767 6 36 true} 
ConfigData  map[poolname:FA_MEM port:3306 user:fa_db password:1qaz!QAZ redisIp:192.168.88.119 redisPort:6379 redisDB:3 ip:192.168.88.181 database:FA_MEM charset:utf8 redisPassword:""]
SqlString  SELECT RTP,Amount,Bonus  FROM M_RtpSetting  WHERE Sid = 1   AND State = 1   AND LTG_Code = 6 AND Gid = 36
sqlResult   map[result: count:0 state:0]
[2020-01-02 12:46:24] rtpData ------->   map[result: count:0 state:0] 
[GIN] 2020/01/02 - 12:46:24 | 200 |    2.637486ms |  192.168.66.115 | POST     /getResult
[2020-01-02 12:46:24] 自開彩開獎  {202001020767 5 38 true} 
ConfigData  map[database:FA_MEM redisIp:192.168.88.119 redisPassword:"" ip:192.168.88.181 user:fa_db password:1qaz!QAZ redisPort:6379 redisDB:3 poolname:FA_MEM port:3306 charset:utf8]
SqlString  SELECT RTP,Amount,Bonus  FROM M_RtpSetting  WHERE Sid = 1   AND State = 1   AND LTG_Code = 5 AND Gid = 38
sqlResult   map[result: count:0 state:0]
[2020-01-02 12:46:24] rtpData ------->   map[result: count:0 state:0] 
[GIN] 2020/01/02 - 12:46:24 | 200 |    2.586568ms |  192.168.66.115 | POST     /getResult
[2020-01-02 12:46:27] 自開彩開獎  {202001020767 1 34 true} 
ConfigData  map[password:1qaz!QAZ database:FA_MEM charset:utf8 redisPort:6379 ip:192.168.88.181 poolname:FA_MEM port:3306 user:fa_db redisIp:192.168.88.119 redisPassword:"" redisDB:3]
SqlString  SELECT RTP,Amount,Bonus  FROM M_RtpSetting  WHERE Sid = 1   AND State = 1   AND LTG_Code = 1 AND Gid = 34
sqlResult   map[result: count:0 state:0]
[2020-01-02 12:46:27] rtpData ------->   map[result: count:0 state:0] 
[GIN] 2020/01/02 - 12:46:27 | 200 |    2.621373ms |  192.168.66.115 | POST     /getResult
[2020-01-02 12:46:29] 自開彩開獎  {202001020256 1 35 true} 
ConfigData  map[redisPassword:"" poolname:FA_MEM port:3306 password:1qaz!QAZ database:FA_MEM charset:utf8 ip:192.168.88.181 user:fa_db redisIp:192.168.88.119 redisPort:6379 redisDB:3]
SqlString  SELECT RTP,Amount,Bonus  FROM M_RtpSetting  WHERE Sid = 1   AND State = 1   AND LTG_Code = 1 AND Gid = 35
sqlResult   map[result: count:0 state:0]
[2020-01-02 12:46:29] rtpData ------->   map[result: count:0 state:0] 
[GIN] 2020/01/02 - 12:46:29 | 200 |    2.517125ms |  192.168.66.115 | POST     /getResult
[2020-01-02 12:46:29] 自開彩開獎  {202001020767 4 40 true} 
ConfigData  map[redisIp:192.168.88.119 port:3306 user:fa_db database:FA_MEM charset:utf8 redisPassword:"" redisDB:3 ip:192.168.88.181 poolname:FA_MEM password:1qaz!QAZ redisPort:6379]
SqlString  SELECT RTP,Amount,Bonus  FROM M_RtpSetting  WHERE Sid = 1   AND State = 1   AND LTG_Code = 4 AND Gid = 40
sqlResult   map[count:0 state:0 result:]
[2020-01-02 12:46:29] rtpData ------->   map[result: count:0 state:0] 
[GIN] 2020/01/02 - 12:46:29 | 200 |     2.46182ms |  192.168.66.115 | POST     /getResult
[2020-01-02 12:46:29] 自開彩開獎  {202001020256 4 41 true} 
ConfigData  map[ip:192.168.88.181 poolname:FA_MEM database:FA_MEM charset:utf8 redisDB:3 redisPassword:"" port:3306 user:fa_db password:1qaz!QAZ redisIp:192.168.88.119 redisPort:6379]
SqlString  SELECT RTP,Amount,Bonus  FROM M_RtpSetting  WHERE Sid = 1   AND State = 1   AND LTG_Code = 4 AND Gid = 41
sqlResult   map[result: count:0 state:0]
[2020-01-02 12:46:29] rtpData ------->   map[result: count:0 state:0] 
[GIN] 2020/01/02 - 12:46:29 | 200 |    2.197298ms |  192.168.66.115 | POST     /getResult
[2020-01-02 12:46:30] 自開彩開獎  {202001020767 6 36 true} 
ConfigData  map[ip:192.168.88.181 charset:utf8 redisPort:6379 redisPassword:"" redisDB:3 poolname:FA_MEM port:3306 user:fa_db password:1qaz!QAZ database:FA_MEM redisIp:192.168.88.119]
SqlString  SELECT RTP,Amount,Bonus  FROM M_RtpSetting  WHERE Sid = 1   AND State = 1   AND LTG_Code = 6 AND Gid = 36
sqlResult   map[result: count:0 state:0]
[2020-01-02 12:46:30] rtpData ------->   map[state:0 result: count:0] 
[GIN] 2020/01/02 - 12:46:30 | 200 |    2.417816ms |  192.168.66.115 | POST     /getResult
[2020-01-02 12:46:30] 自開彩開獎  {202001020767 5 38 true} 
ConfigData  map[user:fa_db password:1qaz!QAZ redisPort:6379 redisDB:3 ip:192.168.88.181 port:3306 database:FA_MEM charset:utf8 redisIp:192.168.88.119 redisPassword:"" poolname:FA_MEM]
SqlString  SELECT RTP,Amount,Bonus  FROM M_RtpSetting  WHERE Sid = 1   AND State = 1   AND LTG_Code = 5 AND Gid = 38
sqlResult   map[count:0 state:0 result:]
[2020-01-02 12:46:30] rtpData ------->   map[result: count:0 state:0] 
[GIN] 2020/01/02 - 12:46:30 | 200 |    2.436231ms |  192.168.66.115 | POST     /getResult
[2020-01-02 12:46:33] 自開彩開獎  {202001020767 1 34 true} 
ConfigData  map[user:fa_db database:FA_MEM redisIp:192.168.88.119 redisPort:6379 redisDB:3 poolname:FA_MEM port:3306 charset:utf8 redisPassword:"" ip:192.168.88.181 password:1qaz!QAZ]
SqlString  SELECT RTP,Amount,Bonus  FROM M_RtpSetting  WHERE Sid = 1   AND State = 1   AND LTG_Code = 1 AND Gid = 34
sqlResult   map[count:0 state:0 result:]
[2020-01-02 12:46:33] rtpData ------->   map[result: count:0 state:0] 
[GIN] 2020/01/02 - 12:46:33 | 200 |     2.12911ms |  192.168.66.115 | POST     /getResult
[2020-01-02 12:46:35] 自開彩開獎  {202001020256 1 35 true} 
ConfigData  map[ip:192.168.88.181 poolname:FA_MEM user:fa_db password:1qaz!QAZ database:FA_MEM redisPassword:"" redisDB:3 port:3306 charset:utf8 redisIp:192.168.88.119 redisPort:6379]
SqlString  SELECT RTP,Amount,Bonus  FROM M_RtpSetting  WHERE Sid = 1   AND State = 1   AND LTG_Code = 1 AND Gid = 35
sqlResult   map[result: count:0 state:0]
[2020-01-02 12:46:35] rtpData ------->   map[state:0 result: count:0] 
[GIN] 2020/01/02 - 12:46:35 | 200 |     2.74978ms |  192.168.66.115 | POST     /getResult
[2020-01-02 12:46:35] 自開彩開獎  {202001020767 4 40 true} 
ConfigData  map[redisIp:192.168.88.119 redisPort:6379 redisDB:3 poolname:FA_MEM port:3306 user:fa_db password:1qaz!QAZ charset:utf8 ip:192.168.88.181 database:FA_MEM redisPassword:""]
SqlString  SELECT RTP,Amount,Bonus  FROM M_RtpSetting  WHERE Sid = 1   AND State = 1   AND LTG_Code = 4 AND Gid = 40
sqlResult   map[result: count:0 state:0]
[2020-01-02 12:46:35] rtpData ------->   map[result: count:0 state:0] 
[GIN] 2020/01/02 - 12:46:35 | 200 |    2.487775ms |  192.168.66.115 | POST     /getResult
[2020-01-02 12:46:35] 自開彩開獎  {202001020256 4 41 true} 
ConfigData  map[poolname:FA_MEM user:fa_db database:FA_MEM ip:192.168.88.181 port:3306 password:1qaz!QAZ charset:utf8 redisIp:192.168.88.119 redisPort:6379 redisPassword:"" redisDB:3]
SqlString  SELECT RTP,Amount,Bonus  FROM M_RtpSetting  WHERE Sid = 1   AND State = 1   AND LTG_Code = 4 AND Gid = 41
sqlResult   map[result: count:0 state:0]
[2020-01-02 12:46:35] rtpData ------->   map[result: count:0 state:0] 
[GIN] 2020/01/02 - 12:46:35 | 200 |    3.697914ms |  192.168.66.115 | POST     /getResult
[2020-01-02 12:46:36] 自開彩開獎  {202001020767 6 36 true} 
ConfigData  map[charset:utf8 redisPort:6379 ip:192.168.88.181 port:3306 user:fa_db password:1qaz!QAZ database:FA_MEM poolname:FA_MEM redisIp:192.168.88.119 redisPassword:"" redisDB:3]
SqlString  SELECT RTP,Amount,Bonus  FROM M_RtpSetting  WHERE Sid = 1   AND State = 1   AND LTG_Code = 6 AND Gid = 36
sqlResult   map[result: count:0 state:0]
[2020-01-02 12:46:36] rtpData ------->   map[result: count:0 state:0] 
[GIN] 2020/01/02 - 12:46:36 | 200 |    2.328234ms |  192.168.66.115 | POST     /getResult
[2020-01-02 12:46:36] 自開彩開獎  {202001020767 5 38 true} 
ConfigData  map[ip:192.168.88.181 user:fa_db password:1qaz!QAZ redisIp:192.168.88.119 redisPort:6379 poolname:FA_MEM port:3306 database:FA_MEM charset:utf8 redisPassword:"" redisDB:3]
SqlString  SELECT RTP,Amount,Bonus  FROM M_RtpSetting  WHERE Sid = 1   AND State = 1   AND LTG_Code = 5 AND Gid = 38
sqlResult   map[result: count:0 state:0]
[2020-01-02 12:46:36] rtpData ------->   map[result: count:0 state:0] 
[GIN] 2020/01/02 - 12:46:36 | 200 |    2.757869ms |  192.168.66.115 | POST     /getResult
[2020-01-02 12:46:39] 自開彩開獎  {202001020767 1 34 true} 
ConfigData  map[password:1qaz!QAZ redisIp:192.168.88.119 redisPort:6379 redisDB:3 ip:192.168.88.181 port:3306 database:FA_MEM charset:utf8 redisPassword:"" poolname:FA_MEM user:fa_db]
SqlString  SELECT RTP,Amount,Bonus  FROM M_RtpSetting  WHERE Sid = 1   AND State = 1   AND LTG_Code = 1 AND Gid = 34
sqlResult   map[result: count:0 state:0]
[2020-01-02 12:46:39] rtpData ------->   map[count:0 state:0 result:] 
[GIN] 2020/01/02 - 12:46:39 | 200 |    3.016136ms |  192.168.66.115 | POST     /getResult
[2020-01-02 12:46:41] 自開彩開獎  {202001020256 1 35 true} 
ConfigData  map[ip:192.168.88.181 poolname:FA_MEM password:1qaz!QAZ charset:utf8 redisDB:3 port:3306 user:fa_db database:FA_MEM redisIp:192.168.88.119 redisPort:6379 redisPassword:""]
SqlString  SELECT RTP,Amount,Bonus  FROM M_RtpSetting  WHERE Sid = 1   AND State = 1   AND LTG_Code = 1 AND Gid = 35
sqlResult   map[result: count:0 state:0]
[2020-01-02 12:46:41] rtpData ------->   map[result: count:0 state:0] 
[GIN] 2020/01/02 - 12:46:41 | 200 |    2.740837ms |  192.168.66.115 | POST     /getResult
[2020-01-02 12:46:41] 自開彩開獎  {202001020767 4 40 true} 
ConfigData  map[user:fa_db database:FA_MEM charset:utf8 redisPort:6379 redisDB:3 ip:192.168.88.181 poolname:FA_MEM redisIp:192.168.88.119 redisPassword:"" port:3306 password:1qaz!QAZ]
SqlString  SELECT RTP,Amount,Bonus  FROM M_RtpSetting  WHERE Sid = 1   AND State = 1   AND LTG_Code = 4 AND Gid = 40
sqlResult   map[result: count:0 state:0]
[2020-01-02 12:46:41] rtpData ------->   map[result: count:0 state:0] 
[GIN] 2020/01/02 - 12:46:41 | 200 |    2.540396ms |  192.168.66.115 | POST     /getResult
[2020-01-02 12:46:41] 自開彩開獎  {202001020256 4 41 true} 
ConfigData  map[charset:utf8 redisIp:192.168.88.119 redisPort:6379 ip:192.168.88.181 port:3306 user:fa_db password:1qaz!QAZ database:FA_MEM redisPassword:"" poolname:FA_MEM redisDB:3]
SqlString  SELECT RTP,Amount,Bonus  FROM M_RtpSetting  WHERE Sid = 1   AND State = 1   AND LTG_Code = 4 AND Gid = 41
sqlResult   map[result: count:0 state:0]
[2020-01-02 12:46:41] rtpData ------->   map[result: count:0 state:0] 
[GIN] 2020/01/02 - 12:46:41 | 200 |    2.949901ms |  192.168.66.115 | POST     /getResult
[2020-01-02 12:46:42] 自開彩開獎  {202001020767 6 36 true} 
ConfigData  map[redisPassword:"" redisDB:3 ip:192.168.88.181 user:fa_db password:1qaz!QAZ redisIp:192.168.88.119 redisPort:6379 poolname:FA_MEM port:3306 database:FA_MEM charset:utf8]
SqlString  SELECT RTP,Amount,Bonus  FROM M_RtpSetting  WHERE Sid = 1   AND State = 1   AND LTG_Code = 6 AND Gid = 36
sqlResult   map[count:0 state:0 result:]
[2020-01-02 12:46:42] rtpData ------->   map[count:0 state:0 result:] 
[GIN] 2020/01/02 - 12:46:42 | 200 |    2.370404ms |  192.168.66.115 | POST     /getResult
[2020-01-02 12:46:42] 自開彩開獎  {202001020767 5 38 true} 
ConfigData  map[redisIp:192.168.88.119 redisDB:3 ip:192.168.88.181 port:3306 password:1qaz!QAZ database:FA_MEM charset:utf8 poolname:FA_MEM user:fa_db redisPort:6379 redisPassword:""]
SqlString  SELECT RTP,Amount,Bonus  FROM M_RtpSetting  WHERE Sid = 1   AND State = 1   AND LTG_Code = 5 AND Gid = 38
sqlResult   map[result: count:0 state:0]
[2020-01-02 12:46:42] rtpData ------->   map[result: count:0 state:0] 
[GIN] 2020/01/02 - 12:46:42 | 200 |    2.778299ms |  192.168.66.115 | POST     /getResult
[2020-01-02 12:46:45] 自開彩開獎  {202001020767 1 34 true} 
ConfigData  map[port:3306 database:FA_MEM redisIp:192.168.88.119 redisPassword:"" ip:192.168.88.181 poolname:FA_MEM user:fa_db password:1qaz!QAZ charset:utf8 redisPort:6379 redisDB:3]
SqlString  SELECT RTP,Amount,Bonus  FROM M_RtpSetting  WHERE Sid = 1   AND State = 1   AND LTG_Code = 1 AND Gid = 34
sqlResult   map[result: count:0 state:0]
[2020-01-02 12:46:45] rtpData ------->   map[result: count:0 state:0] 
[GIN] 2020/01/02 - 12:46:45 | 200 |    2.751926ms |  192.168.66.115 | POST     /getResult
[2020-01-02 12:46:47] 自開彩開獎  {202001020256 1 35 true} 
ConfigData  map[ip:192.168.88.181 user:fa_db database:FA_MEM redisIp:192.168.88.119 redisDB:3 poolname:FA_MEM port:3306 password:1qaz!QAZ charset:utf8 redisPort:6379 redisPassword:""]
SqlString  SELECT RTP,Amount,Bonus  FROM M_RtpSetting  WHERE Sid = 1   AND State = 1   AND LTG_Code = 1 AND Gid = 35
sqlResult   map[count:0 state:0 result:]
[2020-01-02 12:46:47] rtpData ------->   map[count:0 state:0 result:] 
[GIN] 2020/01/02 - 12:46:47 | 200 |     2.43126ms |  192.168.66.115 | POST     /getResult
[2020-01-02 12:46:47] 自開彩開獎  {202001020767 4 40 true} 
ConfigData  map[redisPassword:"" redisDB:3 port:3306 password:1qaz!QAZ database:FA_MEM charset:utf8 redisIp:192.168.88.119 redisPort:6379 ip:192.168.88.181 poolname:FA_MEM user:fa_db]
SqlString  SELECT RTP,Amount,Bonus  FROM M_RtpSetting  WHERE Sid = 1   AND State = 1   AND LTG_Code = 4 AND Gid = 40
sqlResult   map[result: count:0 state:0]
[2020-01-02 12:46:47] rtpData ------->   map[state:0 result: count:0] 
[GIN] 2020/01/02 - 12:46:47 | 200 |    2.589502ms |  192.168.66.115 | POST     /getResult
[2020-01-02 12:46:47] 自開彩開獎  {202001020256 4 41 true} 
ConfigData  map[ip:192.168.88.181 port:3306 user:fa_db database:FA_MEM redisPort:6379 poolname:FA_MEM password:1qaz!QAZ charset:utf8 redisIp:192.168.88.119 redisPassword:"" redisDB:3]
SqlString  SELECT RTP,Amount,Bonus  FROM M_RtpSetting  WHERE Sid = 1   AND State = 1   AND LTG_Code = 4 AND Gid = 41
sqlResult   map[result: count:0 state:0]
[2020-01-02 12:46:47] rtpData ------->   map[result: count:0 state:0] 
[GIN] 2020/01/02 - 12:46:47 | 200 |    2.227065ms |  192.168.66.115 | POST     /getResult
[2020-01-02 12:46:48] 自開彩開獎  {202001020767 6 36 true} 
ConfigData  map[charset:utf8 redisPassword:"" port:3306 user:fa_db password:1qaz!QAZ redisIp:192.168.88.119 redisPort:6379 redisDB:3 ip:192.168.88.181 poolname:FA_MEM database:FA_MEM]
SqlString  SELECT RTP,Amount,Bonus  FROM M_RtpSetting  WHERE Sid = 1   AND State = 1   AND LTG_Code = 6 AND Gid = 36
sqlResult   map[result: count:0 state:0]
[2020-01-02 12:46:48] rtpData ------->   map[result: count:0 state:0] 
[GIN] 2020/01/02 - 12:46:48 | 200 |    3.567034ms |  192.168.66.115 | POST     /getResult
[2020-01-02 12:46:48] 自開彩開獎  {202001020767 5 38 true} 
ConfigData  map[ip:192.168.88.181 user:fa_db password:1qaz!QAZ redisPort:6379 redisDB:3 poolname:FA_MEM port:3306 database:FA_MEM charset:utf8 redisIp:192.168.88.119 redisPassword:""]
SqlString  SELECT RTP,Amount,Bonus  FROM M_RtpSetting  WHERE Sid = 1   AND State = 1   AND LTG_Code = 5 AND Gid = 38
sqlResult   map[result: count:0 state:0]
[2020-01-02 12:46:48] rtpData ------->   map[result: count:0 state:0] 
[GIN] 2020/01/02 - 12:46:48 | 200 |    3.088697ms |  192.168.66.115 | POST     /getResult
[2020-01-02 12:46:51] 自開彩開獎  {202001020767 1 34 true} 
ConfigData  map[ip:192.168.88.181 redisPort:6379 redisDB:3 redisPassword:"" poolname:FA_MEM port:3306 user:fa_db password:1qaz!QAZ database:FA_MEM charset:utf8 redisIp:192.168.88.119]
SqlString  SELECT RTP,Amount,Bonus  FROM M_RtpSetting  WHERE Sid = 1   AND State = 1   AND LTG_Code = 1 AND Gid = 34
sqlResult   map[result: count:0 state:0]
[2020-01-02 12:46:51] rtpData ------->   map[result: count:0 state:0] 
[GIN] 2020/01/02 - 12:46:51 | 200 |    2.536814ms |  192.168.66.115 | POST     /getResult
[2020-01-02 12:46:53] 自開彩開獎  {202001020256 1 35 true} 
ConfigData  map[password:1qaz!QAZ redisPassword:"" redisDB:3 ip:192.168.88.181 poolname:FA_MEM port:3306 user:fa_db database:FA_MEM charset:utf8 redisIp:192.168.88.119 redisPort:6379]
SqlString  SELECT RTP,Amount,Bonus  FROM M_RtpSetting  WHERE Sid = 1   AND State = 1   AND LTG_Code = 1 AND Gid = 35
sqlResult   map[result: count:0 state:0]
[2020-01-02 12:46:53] rtpData ------->   map[result: count:0 state:0] 
[GIN] 2020/01/02 - 12:46:53 | 200 |    2.756379ms |  192.168.66.115 | POST     /getResult
[2020-01-02 12:46:53] 自開彩開獎  {202001020767 4 40 true} 
ConfigData  map[poolname:FA_MEM port:3306 password:1qaz!QAZ charset:utf8 redisIp:192.168.88.119 ip:192.168.88.181 user:fa_db database:FA_MEM redisPort:6379 redisPassword:"" redisDB:3]
SqlString  SELECT RTP,Amount,Bonus  FROM M_RtpSetting  WHERE Sid = 1   AND State = 1   AND LTG_Code = 4 AND Gid = 40
sqlResult   map[result: count:0 state:0]
[2020-01-02 12:46:53] rtpData ------->   map[result: count:0 state:0] 
[GIN] 2020/01/02 - 12:46:53 | 200 |    3.470704ms |  192.168.66.115 | POST     /getResult
[2020-01-02 12:46:53] 自開彩開獎  {202001020256 4 41 true} 
ConfigData  map[ip:192.168.88.181 poolname:FA_MEM port:3306 user:fa_db password:1qaz!QAZ database:FA_MEM charset:utf8 redisIp:192.168.88.119 redisPort:6379 redisPassword:"" redisDB:3]
SqlString  SELECT RTP,Amount,Bonus  FROM M_RtpSetting  WHERE Sid = 1   AND State = 1   AND LTG_Code = 4 AND Gid = 41
sqlResult   map[result: count:0 state:0]
[2020-01-02 12:46:53] rtpData ------->   map[count:0 state:0 result:] 
[GIN] 2020/01/02 - 12:46:53 | 200 |    2.110514ms |  192.168.66.115 | POST     /getResult
[2020-01-02 12:46:54] 自開彩開獎  {202001020767 6 36 true} 
ConfigData  map[poolname:FA_MEM port:3306 user:fa_db charset:utf8 redisIp:192.168.88.119 redisDB:3 ip:192.168.88.181 password:1qaz!QAZ database:FA_MEM redisPort:6379 redisPassword:""]
SqlString  SELECT RTP,Amount,Bonus  FROM M_RtpSetting  WHERE Sid = 1   AND State = 1   AND LTG_Code = 6 AND Gid = 36
sqlResult   map[result: count:0 state:0]
[2020-01-02 12:46:54] rtpData ------->   map[result: count:0 state:0] 
[GIN] 2020/01/02 - 12:46:54 | 200 |    2.279886ms |  192.168.66.115 | POST     /getResult
[2020-01-02 12:46:54] 自開彩開獎  {202001020767 5 38 true} 
ConfigData  map[ip:192.168.88.181 user:fa_db password:1qaz!QAZ charset:utf8 redisIp:192.168.88.119 redisPassword:"" poolname:FA_MEM port:3306 database:FA_MEM redisPort:6379 redisDB:3]
SqlString  SELECT RTP,Amount,Bonus  FROM M_RtpSetting  WHERE Sid = 1   AND State = 1   AND LTG_Code = 5 AND Gid = 38
sqlResult   map[state:0 result: count:0]
[2020-01-02 12:46:54] rtpData ------->   map[result: count:0 state:0] 
[GIN] 2020/01/02 - 12:46:54 | 200 |    3.245028ms |  192.168.66.115 | POST     /getResult
[2020-01-02 12:46:57] 自開彩開獎  {202001020767 1 34 true} 
ConfigData  map[password:1qaz!QAZ charset:utf8 redisIp:192.168.88.119 redisPassword:"" poolname:FA_MEM port:3306 database:FA_MEM redisPort:6379 redisDB:3 ip:192.168.88.181 user:fa_db]
SqlString  SELECT RTP,Amount,Bonus  FROM M_RtpSetting  WHERE Sid = 1   AND State = 1   AND LTG_Code = 1 AND Gid = 34
sqlResult   map[result: count:0 state:0]
[2020-01-02 12:46:57] rtpData ------->   map[result: count:0 state:0] 
[GIN] 2020/01/02 - 12:46:57 | 200 |    2.483401ms |  192.168.66.115 | POST     /getResult
[2020-01-02 12:46:59] 自開彩開獎  {202001020256 1 35 true} 
ConfigData  map[ip:192.168.88.181 port:3306 charset:utf8 redisPassword:"" redisDB:3 poolname:FA_MEM user:fa_db password:1qaz!QAZ database:FA_MEM redisIp:192.168.88.119 redisPort:6379]
SqlString  SELECT RTP,Amount,Bonus  FROM M_RtpSetting  WHERE Sid = 1   AND State = 1   AND LTG_Code = 1 AND Gid = 35
sqlResult   map[result: count:0 state:0]
[2020-01-02 12:46:59] rtpData ------->   map[result: count:0 state:0] 
[GIN] 2020/01/02 - 12:46:59 | 200 |    3.311966ms |  192.168.66.115 | POST     /getResult
[2020-01-02 12:46:59] 自開彩開獎  {202001020767 4 40 true} 
ConfigData  map[user:fa_db password:1qaz!QAZ charset:utf8 redisIp:192.168.88.119 redisPort:6379 ip:192.168.88.181 port:3306 redisPassword:"" redisDB:3 poolname:FA_MEM database:FA_MEM]
SqlString  SELECT RTP,Amount,Bonus  FROM M_RtpSetting  WHERE Sid = 1   AND State = 1   AND LTG_Code = 4 AND Gid = 40
sqlResult   map[state:0 result: count:0]
[2020-01-02 12:46:59] rtpData ------->   map[result: count:0 state:0] 
[GIN] 2020/01/02 - 12:46:59 | 200 |    2.773696ms |  192.168.66.115 | POST     /getResult
[2020-01-02 12:46:59] 自開彩開獎  {202001020256 4 41 true} 
ConfigData  map[port:3306 redisPort:6379 redisPassword:"" ip:192.168.88.181 poolname:FA_MEM user:fa_db password:1qaz!QAZ database:FA_MEM charset:utf8 redisIp:192.168.88.119 redisDB:3]
SqlString  SELECT RTP,Amount,Bonus  FROM M_RtpSetting  WHERE Sid = 1   AND State = 1   AND LTG_Code = 4 AND Gid = 41
sqlResult   map[result: count:0 state:0]
[2020-01-02 12:46:59] rtpData ------->   map[count:0 state:0 result:] 
[GIN] 2020/01/02 - 12:46:59 | 200 |    2.663615ms |  192.168.66.115 | POST     /getResult
[2020-01-02 12:47:00] 自開彩開獎  {202001020767 6 36 true} 
ConfigData  map[database:FA_MEM redisPassword:"" port:3306 user:fa_db password:1qaz!QAZ redisIp:192.168.88.119 redisPort:6379 redisDB:3 ip:192.168.88.181 poolname:FA_MEM charset:utf8]
SqlString  SELECT RTP,Amount,Bonus  FROM M_RtpSetting  WHERE Sid = 1   AND State = 1   AND LTG_Code = 6 AND Gid = 36
sqlResult   map[result: count:0 state:0]
[2020-01-02 12:47:00] rtpData ------->   map[result: count:0 state:0] 
[GIN] 2020/01/02 - 12:47:00 | 200 |    3.103588ms |  192.168.66.115 | POST     /getResult
[2020-01-02 12:47:00] 自開彩開獎  {202001020767 5 38 true} 
ConfigData  map[poolname:FA_MEM database:FA_MEM charset:utf8 redisIp:192.168.88.119 redisPort:6379 redisPassword:"" redisDB:3 ip:192.168.88.181 user:fa_db password:1qaz!QAZ port:3306]
SqlString  SELECT RTP,Amount,Bonus  FROM M_RtpSetting  WHERE Sid = 1   AND State = 1   AND LTG_Code = 5 AND Gid = 38
sqlResult   map[result: count:0 state:0]
[2020-01-02 12:47:00] rtpData ------->   map[result: count:0 state:0] 
[GIN] 2020/01/02 - 12:47:00 | 200 |    2.381268ms |  192.168.66.115 | POST     /getResult
[2020-01-02 12:47:00] 自開彩開獎  {202001020768 2 26 true} 
ConfigData  map[redisPort:6379 redisPassword:"" ip:192.168.88.181 poolname:FA_MEM port:3306 database:FA_MEM charset:utf8 user:fa_db password:1qaz!QAZ redisIp:192.168.88.119 redisDB:3]
SqlString  SELECT RTP,Amount,Bonus  FROM M_RtpSetting  WHERE Sid = 1   AND State = 1   AND LTG_Code = 2 AND Gid = 26
sqlResult   map[result:0.9600 count:1 state:1 amount:1.0069588e+06 bonus:908100.71]
[2020-01-02 12:47:00] rtpData ------->   map[result:0.9600 count:1 state:1 amount:1.0069588e+06 bonus:908100.71] 
ConfigData  map[database:FA_MEM charset:utf8 redisIp:192.168.88.119 redisPassword:"" ip:192.168.88.181 poolname:FA_MEM user:fa_db redisDB:3 port:3306 password:1qaz!QAZ redisPort:6379]
SELECT BO_No, BO_OrderNo , BO_User , BO_Issue  , BO_LotteryTypeGroup, BO_LotteryType, BO_Mode, BO_LotteryPlayGroup, BO_LotteryPlay , BO_LotteryContent, BO_Price, BO_RealPrice, BO_Unit, BO_Multiple , BO_BetCount  , BO_Winnings, BO_Winnings2, BO_Winnings3, BO_WinningLimit  , BO_Water , BO_BW_SourceUserId, BO_BW_BackWater, BO_BW_LimitBetCount, BO_BW_MaxAmount, BO_BW_AuditMultiple  , BO_Odds, BO_Odds2, BO_Odds3 , BO_Type, BO_Chase , BO_OpenResult, BO_OpenResult2, BO_DateDraw, BO_DateDraw2, BO_DateUpdate  FROM TS_BetOrder  WHERE BO_Cancel = 0   AND BO_CancelBackend = 0   AND BO_LotteryTypeGroup = 2 AND BO_LotteryType = 26 AND BO_Issue = 202001020768 AND BO_Collect = 0 ORDER BY BO_DateDraw ASC, BO_DateCreate ASC, BO_DateUpdate ASC, BO_No ASC ;
[2020-01-02 12:47:00] LottteryTypeGroup 2 
[2020-01-02 12:47:00] 有期號 但無注單 -------> map[bonus:0 thisOpenResult:[4 0 7 3 8] amount:0] 
[GIN] 2020/01/02 - 12:47:00 | 200 |    4.695328ms |  192.168.66.115 | POST     /getResult
[2020-01-02 12:47:03] 自開彩開獎  {202001020767 1 34 true} 
ConfigData  map[redisDB:3 user:fa_db password:1qaz!QAZ database:FA_MEM charset:utf8 redisPort:6379 redisPassword:"" ip:192.168.88.181 poolname:FA_MEM port:3306 redisIp:192.168.88.119]
SqlString  SELECT RTP,Amount,Bonus  FROM M_RtpSetting  WHERE Sid = 1   AND State = 1   AND LTG_Code = 1 AND Gid = 34
sqlResult   map[result: count:0 state:0]
[2020-01-02 12:47:03] rtpData ------->   map[result: count:0 state:0] 
[GIN] 2020/01/02 - 12:47:03 | 200 |    2.921397ms |  192.168.66.115 | POST     /getResult
[2020-01-02 12:47:05] 自開彩開獎  {202001020256 1 35 true} 
ConfigData  map[redisDB:3 ip:192.168.88.181 poolname:FA_MEM user:fa_db database:FA_MEM charset:utf8 redisPort:6379 redisPassword:"" port:3306 password:1qaz!QAZ redisIp:192.168.88.119]
SqlString  SELECT RTP,Amount,Bonus  FROM M_RtpSetting  WHERE Sid = 1   AND State = 1   AND LTG_Code = 1 AND Gid = 35
sqlResult   map[result: count:0 state:0]
[2020-01-02 12:47:05] rtpData ------->   map[result: count:0 state:0] 
[GIN] 2020/01/02 - 12:47:05 | 200 |    2.458348ms |  192.168.66.115 | POST     /getResult
[2020-01-02 12:47:05] 自開彩開獎  {202001020767 4 40 true} 
ConfigData  map[database:FA_MEM redisPort:6379 redisDB:3 password:1qaz!QAZ poolname:FA_MEM port:3306 user:fa_db charset:utf8 redisIp:192.168.88.119 redisPassword:"" ip:192.168.88.181]
SqlString  SELECT RTP,Amount,Bonus  FROM M_RtpSetting  WHERE Sid = 1   AND State = 1   AND LTG_Code = 4 AND Gid = 40
sqlResult   map[count:0 state:0 result:]
[2020-01-02 12:47:05] rtpData ------->   map[result: count:0 state:0] 
[GIN] 2020/01/02 - 12:47:05 | 200 |    2.567614ms |  192.168.66.115 | POST     /getResult
[2020-01-02 12:47:05] 自開彩開獎  {202001020256 4 41 true} 
ConfigData  map[database:FA_MEM redisDB:3 ip:192.168.88.181 poolname:FA_MEM port:3306 password:1qaz!QAZ redisPassword:"" user:fa_db charset:utf8 redisIp:192.168.88.119 redisPort:6379]
SqlString  SELECT RTP,Amount,Bonus  FROM M_RtpSetting  WHERE Sid = 1   AND State = 1   AND LTG_Code = 4 AND Gid = 41
sqlResult   map[result: count:0 state:0]
[2020-01-02 12:47:05] rtpData ------->   map[result: count:0 state:0] 
[GIN] 2020/01/02 - 12:47:05 | 200 |    3.001662ms |  192.168.66.115 | POST     /getResult
[2020-01-02 12:47:06] 自開彩開獎  {202001020768 6 36 true} 
ConfigData  map[ip:192.168.88.181 port:3306 redisPassword:"" poolname:FA_MEM user:fa_db password:1qaz!QAZ database:FA_MEM charset:utf8 redisIp:192.168.88.119 redisPort:6379 redisDB:3]
SqlString  SELECT RTP,Amount,Bonus  FROM M_RtpSetting  WHERE Sid = 1   AND State = 1   AND LTG_Code = 6 AND Gid = 36
sqlResult   map[count:0 state:0 result:]
[2020-01-02 12:47:06] rtpData ------->   map[result: count:0 state:0] 
[GIN] 2020/01/02 - 12:47:06 | 200 |    2.069674ms |  192.168.66.115 | POST     /getResult
[2020-01-02 12:47:06] 自開彩開獎  {202001020768 5 38 true} 
ConfigData  map[redisPort:6379 redisPassword:"" redisDB:3 ip:192.168.88.181 port:3306 redisIp:192.168.88.119 database:FA_MEM charset:utf8 poolname:FA_MEM user:fa_db password:1qaz!QAZ]
SqlString  SELECT RTP,Amount,Bonus  FROM M_RtpSetting  WHERE Sid = 1   AND State = 1   AND LTG_Code = 5 AND Gid = 38
sqlResult   map[result: count:0 state:0]
[2020-01-02 12:47:06] rtpData ------->   map[result: count:0 state:0] 
[GIN] 2020/01/02 - 12:47:06 | 200 |    2.209269ms |  192.168.66.115 | POST     /getResult
[2020-01-02 12:47:09] 自開彩開獎  {202001020768 1 34 true} 
ConfigData  map[redisIp:192.168.88.119 redisDB:3 ip:192.168.88.181 port:3306 password:1qaz!QAZ database:FA_MEM redisPassword:"" poolname:FA_MEM user:fa_db charset:utf8 redisPort:6379]
SqlString  SELECT RTP,Amount,Bonus  FROM M_RtpSetting  WHERE Sid = 1   AND State = 1   AND LTG_Code = 1 AND Gid = 34
sqlResult   map[result: count:0 state:0]
[2020-01-02 12:47:09] rtpData ------->   map[result: count:0 state:0] 
[GIN] 2020/01/02 - 12:47:09 | 200 |    3.339015ms |  192.168.66.115 | POST     /getResult
[2020-01-02 12:47:11] 自開彩開獎  {202001020256 1 35 true} 
ConfigData  map[ip:192.168.88.181 port:3306 user:fa_db password:1qaz!QAZ database:FA_MEM redisIp:192.168.88.119 redisPort:6379 poolname:FA_MEM charset:utf8 redisPassword:"" redisDB:3]
SqlString  SELECT RTP,Amount,Bonus  FROM M_RtpSetting  WHERE Sid = 1   AND State = 1   AND LTG_Code = 1 AND Gid = 35
sqlResult   map[result: count:0 state:0]
[2020-01-02 12:47:11] rtpData ------->   map[result: count:0 state:0] 
[GIN] 2020/01/02 - 12:47:11 | 200 |    3.742272ms |  192.168.66.115 | POST     /getResult
[2020-01-02 12:47:11] 自開彩開獎  {202001020768 4 40 true} 
ConfigData  map[poolname:FA_MEM port:3306 database:FA_MEM charset:utf8 redisDB:3 ip:192.168.88.181 user:fa_db password:1qaz!QAZ redisIp:192.168.88.119 redisPort:6379 redisPassword:""]
SqlString  SELECT RTP,Amount,Bonus  FROM M_RtpSetting  WHERE Sid = 1   AND State = 1   AND LTG_Code = 4 AND Gid = 40
sqlResult   map[result: count:0 state:0]
[2020-01-02 12:47:11] rtpData ------->   map[state:0 result: count:0] 
[GIN] 2020/01/02 - 12:47:11 | 200 |    2.714424ms |  192.168.66.115 | POST     /getResult
[2020-01-02 12:47:11] 自開彩開獎  {202001020256 4 41 true} 
ConfigData  map[password:1qaz!QAZ charset:utf8 redisIp:192.168.88.119 redisPort:6379 redisPassword:"" ip:192.168.88.181 poolname:FA_MEM database:FA_MEM redisDB:3 port:3306 user:fa_db]
SqlString  SELECT RTP,Amount,Bonus  FROM M_RtpSetting  WHERE Sid = 1   AND State = 1   AND LTG_Code = 4 AND Gid = 41
sqlResult   map[result: count:0 state:0]
[2020-01-02 12:47:11] rtpData ------->   map[result: count:0 state:0] 
[GIN] 2020/01/02 - 12:47:11 | 200 |    2.200188ms |  192.168.66.115 | POST     /getResult
[2020-01-02 12:47:12] 自開彩開獎  {202001020768 6 36 true} 
ConfigData  map[redisIp:192.168.88.119 redisPassword:"" redisDB:3 ip:192.168.88.181 port:3306 password:1qaz!QAZ database:FA_MEM poolname:FA_MEM user:fa_db charset:utf8 redisPort:6379]
SqlString  SELECT RTP,Amount,Bonus  FROM M_RtpSetting  WHERE Sid = 1   AND State = 1   AND LTG_Code = 6 AND Gid = 36
sqlResult   map[result: count:0 state:0]
[2020-01-02 12:47:12] rtpData ------->   map[result: count:0 state:0] 
[GIN] 2020/01/02 - 12:47:12 | 200 |    3.023354ms |  192.168.66.115 | POST     /getResult
[2020-01-02 12:47:12] 自開彩開獎  {202001020768 5 38 true} 
ConfigData  map[database:FA_MEM redisDB:3 ip:192.168.88.181 poolname:FA_MEM user:fa_db redisIp:192.168.88.119 redisPort:6379 redisPassword:"" port:3306 password:1qaz!QAZ charset:utf8]
SqlString  SELECT RTP,Amount,Bonus  FROM M_RtpSetting  WHERE Sid = 1   AND State = 1   AND LTG_Code = 5 AND Gid = 38
sqlResult   map[state:0 result: count:0]
[2020-01-02 12:47:12] rtpData ------->   map[result: count:0 state:0] 
[GIN] 2020/01/02 - 12:47:12 | 200 |    2.780099ms |  192.168.66.115 | POST     /getResult
[2020-01-02 12:47:15] 自開彩開獎  {202001020768 1 34 true} 
ConfigData  map[poolname:FA_MEM user:fa_db password:1qaz!QAZ database:FA_MEM redisDB:3 ip:192.168.88.181 charset:utf8 redisIp:192.168.88.119 redisPort:6379 redisPassword:"" port:3306]
SqlString  SELECT RTP,Amount,Bonus  FROM M_RtpSetting  WHERE Sid = 1   AND State = 1   AND LTG_Code = 1 AND Gid = 34
sqlResult   map[result: count:0 state:0]
[2020-01-02 12:47:15] rtpData ------->   map[result: count:0 state:0] 
[GIN] 2020/01/02 - 12:47:15 | 200 |    2.900952ms |  192.168.66.115 | POST     /getResult
[2020-01-02 12:47:17] 自開彩開獎  {202001020256 1 35 true} 
ConfigData  map[password:1qaz!QAZ charset:utf8 redisIp:192.168.88.119 port:3306 user:fa_db database:FA_MEM redisPort:6379 redisPassword:"" redisDB:3 ip:192.168.88.181 poolname:FA_MEM]
SqlString  SELECT RTP,Amount,Bonus  FROM M_RtpSetting  WHERE Sid = 1   AND State = 1   AND LTG_Code = 1 AND Gid = 35
sqlResult   map[result: count:0 state:0]
[2020-01-02 12:47:17] rtpData ------->   map[state:0 result: count:0] 
[GIN] 2020/01/02 - 12:47:17 | 200 |    2.579639ms |  192.168.66.115 | POST     /getResult
[2020-01-02 12:47:17] 自開彩開獎  {202001020768 4 40 true} 
ConfigData  map[charset:utf8 redisIp:192.168.88.119 redisPassword:"" redisDB:3 poolname:FA_MEM port:3306 user:fa_db database:FA_MEM ip:192.168.88.181 password:1qaz!QAZ redisPort:6379]
SqlString  SELECT RTP,Amount,Bonus  FROM M_RtpSetting  WHERE Sid = 1   AND State = 1   AND LTG_Code = 4 AND Gid = 40
sqlResult   map[result: count:0 state:0]
[2020-01-02 12:47:17] rtpData ------->   map[result: count:0 state:0] 
[GIN] 2020/01/02 - 12:47:17 | 200 |    3.215035ms |  192.168.66.115 | POST     /getResult
[2020-01-02 12:47:17] 自開彩開獎  {202001020256 4 41 true} 
ConfigData  map[redisDB:3 poolname:FA_MEM password:1qaz!QAZ database:FA_MEM charset:utf8 redisPort:6379 redisPassword:"" ip:192.168.88.181 port:3306 user:fa_db redisIp:192.168.88.119]
SqlString  SELECT RTP,Amount,Bonus  FROM M_RtpSetting  WHERE Sid = 1   AND State = 1   AND LTG_Code = 4 AND Gid = 41
sqlResult   map[result: count:0 state:0]
[2020-01-02 12:47:17] rtpData ------->   map[result: count:0 state:0] 
[GIN] 2020/01/02 - 12:47:17 | 200 |    2.456958ms |  192.168.66.115 | POST     /getResult
[2020-01-02 12:47:18] 自開彩開獎  {202001020768 6 36 true} 
ConfigData  map[redisPassword:"" redisDB:3 poolname:FA_MEM port:3306 user:fa_db password:1qaz!QAZ database:FA_MEM redisPort:6379 ip:192.168.88.181 charset:utf8 redisIp:192.168.88.119]
SqlString  SELECT RTP,Amount,Bonus  FROM M_RtpSetting  WHERE Sid = 1   AND State = 1   AND LTG_Code = 6 AND Gid = 36
sqlResult   map[result: count:0 state:0]
[2020-01-02 12:47:18] rtpData ------->   map[result: count:0 state:0] 
[GIN] 2020/01/02 - 12:47:18 | 200 |     2.07873ms |  192.168.66.115 | POST     /getResult
[2020-01-02 12:47:18] 自開彩開獎  {202001020768 5 38 true} 
ConfigData  map[user:fa_db database:FA_MEM redisPassword:"" ip:192.168.88.181 poolname:FA_MEM charset:utf8 redisIp:192.168.88.119 redisPort:6379 redisDB:3 port:3306 password:1qaz!QAZ]
SqlString  SELECT RTP,Amount,Bonus  FROM M_RtpSetting  WHERE Sid = 1   AND State = 1   AND LTG_Code = 5 AND Gid = 38
sqlResult   map[count:0 state:0 result:]
[2020-01-02 12:47:18] rtpData ------->   map[result: count:0 state:0] 
[GIN] 2020/01/02 - 12:47:18 | 200 |    2.942273ms |  192.168.66.115 | POST     /getResult
[2020-01-02 12:47:21] 自開彩開獎  {202001020768 1 34 true} 
ConfigData  map[charset:utf8 redisIp:192.168.88.119 redisPort:6379 redisDB:3 password:1qaz!QAZ database:FA_MEM redisPassword:"" ip:192.168.88.181 poolname:FA_MEM port:3306 user:fa_db]
SqlString  SELECT RTP,Amount,Bonus  FROM M_RtpSetting  WHERE Sid = 1   AND State = 1   AND LTG_Code = 1 AND Gid = 34
sqlResult   map[result: count:0 state:0]
[2020-01-02 12:47:21] rtpData ------->   map[count:0 state:0 result:] 
[GIN] 2020/01/02 - 12:47:21 | 200 |    3.099754ms |  192.168.66.115 | POST     /getResult
[2020-01-02 12:47:23] 自開彩開獎  {202001020256 1 35 true} 
ConfigData  map[password:1qaz!QAZ database:FA_MEM charset:utf8 redisIp:192.168.88.119 redisPort:6379 poolname:FA_MEM port:3306 user:fa_db redisPassword:"" redisDB:3 ip:192.168.88.181]
SqlString  SELECT RTP,Amount,Bonus  FROM M_RtpSetting  WHERE Sid = 1   AND State = 1   AND LTG_Code = 1 AND Gid = 35
sqlResult   map[state:0 result: count:0]
[2020-01-02 12:47:23] rtpData ------->   map[result: count:0 state:0] 
[GIN] 2020/01/02 - 12:47:23 | 200 |    2.542178ms |  192.168.66.115 | POST     /getResult
[2020-01-02 12:47:23] 自開彩開獎  {202001020768 4 40 true} 
ConfigData  map[port:3306 user:fa_db database:FA_MEM charset:utf8 redisPassword:"" ip:192.168.88.181 password:1qaz!QAZ redisIp:192.168.88.119 redisPort:6379 redisDB:3 poolname:FA_MEM]
SqlString  SELECT RTP,Amount,Bonus  FROM M_RtpSetting  WHERE Sid = 1   AND State = 1   AND LTG_Code = 4 AND Gid = 40
sqlResult   map[state:0 result: count:0]
[2020-01-02 12:47:23] rtpData ------->   map[state:0 result: count:0] 
[GIN] 2020/01/02 - 12:47:23 | 200 |    2.728967ms |  192.168.66.115 | POST     /getResult
[2020-01-02 12:47:23] 自開彩開獎  {202001020256 4 41 true} 
ConfigData  map[poolname:FA_MEM port:3306 charset:utf8 redisIp:192.168.88.119 redisPort:6379 redisDB:3 ip:192.168.88.181 user:fa_db password:1qaz!QAZ database:FA_MEM redisPassword:""]
SqlString  SELECT RTP,Amount,Bonus  FROM M_RtpSetting  WHERE Sid = 1   AND State = 1   AND LTG_Code = 4 AND Gid = 41
sqlResult   map[state:0 result: count:0]
[2020-01-02 12:47:23] rtpData ------->   map[count:0 state:0 result:] 
[GIN] 2020/01/02 - 12:47:23 | 200 |    2.925212ms |  192.168.66.115 | POST     /getResult
[2020-01-02 12:47:24] 自開彩開獎  {202001020768 6 36 true} 
ConfigData  map[database:FA_MEM redisPort:6379 redisPassword:"" redisDB:3 poolname:FA_MEM port:3306 user:fa_db password:1qaz!QAZ ip:192.168.88.181 charset:utf8 redisIp:192.168.88.119]
SqlString  SELECT RTP,Amount,Bonus  FROM M_RtpSetting  WHERE Sid = 1   AND State = 1   AND LTG_Code = 6 AND Gid = 36
sqlResult   map[result: count:0 state:0]
[2020-01-02 12:47:24] rtpData ------->   map[result: count:0 state:0] 
[GIN] 2020/01/02 - 12:47:24 | 200 |    2.367411ms |  192.168.66.115 | POST     /getResult
[2020-01-02 12:47:24] 自開彩開獎  {202001020768 5 38 true} 
ConfigData  map[password:1qaz!QAZ redisPort:6379 redisDB:3 charset:utf8 redisIp:192.168.88.119 redisPassword:"" ip:192.168.88.181 poolname:FA_MEM port:3306 user:fa_db database:FA_MEM]
SqlString  SELECT RTP,Amount,Bonus  FROM M_RtpSetting  WHERE Sid = 1   AND State = 1   AND LTG_Code = 5 AND Gid = 38
sqlResult   map[result: count:0 state:0]
[2020-01-02 12:47:24] rtpData ------->   map[state:0 result: count:0] 
[GIN] 2020/01/02 - 12:47:24 | 200 |    2.545325ms |  192.168.66.115 | POST     /getResult
[2020-01-02 12:47:27] 自開彩開獎  {202001020768 1 34 true} 
ConfigData  map[database:FA_MEM charset:utf8 redisIp:192.168.88.119 ip:192.168.88.181 poolname:FA_MEM port:3306 user:fa_db password:1qaz!QAZ redisPassword:"" redisDB:3 redisPort:6379]
SqlString  SELECT RTP,Amount,Bonus  FROM M_RtpSetting  WHERE Sid = 1   AND State = 1   AND LTG_Code = 1 AND Gid = 34
sqlResult   map[state:0 result: count:0]
[2020-01-02 12:47:27] rtpData ------->   map[state:0 result: count:0] 
[GIN] 2020/01/02 - 12:47:27 | 200 |    2.402951ms |  192.168.66.115 | POST     /getResult
[2020-01-02 12:47:29] 自開彩開獎  {202001020256 1 35 true} 
ConfigData  map[port:3306 user:fa_db password:1qaz!QAZ redisPort:6379 redisPassword:"" ip:192.168.88.181 database:FA_MEM charset:utf8 redisIp:192.168.88.119 redisDB:3 poolname:FA_MEM]
SqlString  SELECT RTP,Amount,Bonus  FROM M_RtpSetting  WHERE Sid = 1   AND State = 1   AND LTG_Code = 1 AND Gid = 35
sqlResult   map[result: count:0 state:0]
[2020-01-02 12:47:29] rtpData ------->   map[result: count:0 state:0] 
[GIN] 2020/01/02 - 12:47:29 | 200 |    3.259862ms |  192.168.66.115 | POST     /getResult
[2020-01-02 12:47:29] 自開彩開獎  {202001020768 4 40 true} 
ConfigData  map[redisDB:3 port:3306 charset:utf8 redisPassword:"" password:1qaz!QAZ database:FA_MEM redisIp:192.168.88.119 redisPort:6379 ip:192.168.88.181 poolname:FA_MEM user:fa_db]
SqlString  SELECT RTP,Amount,Bonus  FROM M_RtpSetting  WHERE Sid = 1   AND State = 1   AND LTG_Code = 4 AND Gid = 40
sqlResult   map[result: count:0 state:0]
[2020-01-02 12:47:29] rtpData ------->   map[result: count:0 state:0] 
[GIN] 2020/01/02 - 12:47:29 | 200 |     2.85732ms |  192.168.66.115 | POST     /getResult
[2020-01-02 12:47:29] 自開彩開獎  {202001020256 4 41 true} 
ConfigData  map[poolname:FA_MEM port:3306 user:fa_db database:FA_MEM charset:utf8 redisIp:192.168.88.119 ip:192.168.88.181 redisPort:6379 redisPassword:"" redisDB:3 password:1qaz!QAZ]
SqlString  SELECT RTP,Amount,Bonus  FROM M_RtpSetting  WHERE Sid = 1   AND State = 1   AND LTG_Code = 4 AND Gid = 41
sqlResult   map[count:0 state:0 result:]
[2020-01-02 12:47:29] rtpData ------->   map[state:0 result: count:0] 
[GIN] 2020/01/02 - 12:47:29 | 200 |    2.171879ms |  192.168.66.115 | POST     /getResult
[2020-01-02 12:47:30] 自開彩開獎  {202001020768 6 36 true} 
ConfigData  map[charset:utf8 redisIp:192.168.88.119 redisPassword:"" ip:192.168.88.181 port:3306 user:fa_db password:1qaz!QAZ poolname:FA_MEM database:FA_MEM redisPort:6379 redisDB:3]
SqlString  SELECT RTP,Amount,Bonus  FROM M_RtpSetting  WHERE Sid = 1   AND State = 1   AND LTG_Code = 6 AND Gid = 36
sqlResult   map[result: count:0 state:0]
[2020-01-02 12:47:30] rtpData ------->   map[state:0 result: count:0] 
[GIN] 2020/01/02 - 12:47:30 | 200 |    2.615868ms |  192.168.66.115 | POST     /getResult
[2020-01-02 12:47:30] 自開彩開獎  {202001020768 5 38 true} 
ConfigData  map[port:3306 password:1qaz!QAZ database:FA_MEM charset:utf8 ip:192.168.88.181 user:fa_db redisIp:192.168.88.119 redisPort:6379 redisPassword:"" redisDB:3 poolname:FA_MEM]
SqlString  SELECT RTP,Amount,Bonus  FROM M_RtpSetting  WHERE Sid = 1   AND State = 1   AND LTG_Code = 5 AND Gid = 38
sqlResult   map[state:0 result: count:0]
[2020-01-02 12:47:30] rtpData ------->   map[result: count:0 state:0] 
[GIN] 2020/01/02 - 12:47:30 | 200 |    3.015348ms |  192.168.66.115 | POST     /getResult
[2020-01-02 12:47:33] 自開彩開獎  {202001020768 1 34 true} 
ConfigData  map[password:1qaz!QAZ database:FA_MEM redisIp:192.168.88.119 redisPassword:"" ip:192.168.88.181 poolname:FA_MEM port:3306 user:fa_db charset:utf8 redisPort:6379 redisDB:3]
SqlString  SELECT RTP,Amount,Bonus  FROM M_RtpSetting  WHERE Sid = 1   AND State = 1   AND LTG_Code = 1 AND Gid = 34
sqlResult   map[result: count:0 state:0]
[2020-01-02 12:47:33] rtpData ------->   map[result: count:0 state:0] 
[GIN] 2020/01/02 - 12:47:33 | 200 |    1.904539ms |  192.168.66.115 | POST     /getResult
[2020-01-02 12:47:35] 自開彩開獎  {202001020256 1 35 true} 
ConfigData  map[database:FA_MEM redisIp:192.168.88.119 redisDB:3 poolname:FA_MEM port:3306 password:1qaz!QAZ charset:utf8 redisPort:6379 redisPassword:"" ip:192.168.88.181 user:fa_db]
SqlString  SELECT RTP,Amount,Bonus  FROM M_RtpSetting  WHERE Sid = 1   AND State = 1   AND LTG_Code = 1 AND Gid = 35
sqlResult   map[result: count:0 state:0]
[2020-01-02 12:47:35] rtpData ------->   map[count:0 state:0 result:] 
[GIN] 2020/01/02 - 12:47:35 | 200 |    2.466324ms |  192.168.66.115 | POST     /getResult
[2020-01-02 12:47:35] 自開彩開獎  {202001020768 4 40 true} 
ConfigData  map[charset:utf8 redisIp:192.168.88.119 ip:192.168.88.181 poolname:FA_MEM port:3306 user:fa_db password:1qaz!QAZ database:FA_MEM redisPort:6379 redisDB:3 redisPassword:""]
SqlString  SELECT RTP,Amount,Bonus  FROM M_RtpSetting  WHERE Sid = 1   AND State = 1   AND LTG_Code = 4 AND Gid = 40
sqlResult   map[count:0 state:0 result:]
[2020-01-02 12:47:35] rtpData ------->   map[result: count:0 state:0] 
[GIN] 2020/01/02 - 12:47:35 | 200 |    2.910972ms |  192.168.66.115 | POST     /getResult
[2020-01-02 12:47:35] 自開彩開獎  {202001020256 4 41 true} 
ConfigData  map[ip:192.168.88.181 user:fa_db password:1qaz!QAZ redisPort:6379 redisPassword:"" redisDB:3 poolname:FA_MEM port:3306 database:FA_MEM charset:utf8 redisIp:192.168.88.119]
SqlString  SELECT RTP,Amount,Bonus  FROM M_RtpSetting  WHERE Sid = 1   AND State = 1   AND LTG_Code = 4 AND Gid = 41
sqlResult   map[result: count:0 state:0]
[2020-01-02 12:47:35] rtpData ------->   map[result: count:0 state:0] 
[GIN] 2020/01/02 - 12:47:35 | 200 |    1.935568ms |  192.168.66.115 | POST     /getResult
[2020-01-02 12:47:36] 自開彩開獎  {202001020768 6 36 true} 
ConfigData  map[charset:utf8 redisIp:192.168.88.119 redisPort:6379 poolname:FA_MEM user:fa_db password:1qaz!QAZ database:FA_MEM ip:192.168.88.181 port:3306 redisPassword:"" redisDB:3]
SqlString  SELECT RTP,Amount,Bonus  FROM M_RtpSetting  WHERE Sid = 1   AND State = 1   AND LTG_Code = 6 AND Gid = 36
sqlResult   map[result: count:0 state:0]
[2020-01-02 12:47:36] rtpData ------->   map[result: count:0 state:0] 
[GIN] 2020/01/02 - 12:47:36 | 200 |    2.454803ms |  192.168.66.115 | POST     /getResult
[2020-01-02 12:47:36] 自開彩開獎  {202001020768 5 38 true} 
ConfigData  map[poolname:FA_MEM port:3306 user:fa_db database:FA_MEM charset:utf8 redisIp:192.168.88.119 redisPort:6379 ip:192.168.88.181 redisDB:3 redisPassword:"" password:1qaz!QAZ]
SqlString  SELECT RTP,Amount,Bonus  FROM M_RtpSetting  WHERE Sid = 1   AND State = 1   AND LTG_Code = 5 AND Gid = 38
sqlResult   map[state:0 result: count:0]
[2020-01-02 12:47:36] rtpData ------->   map[result: count:0 state:0] 
[GIN] 2020/01/02 - 12:47:36 | 200 |     2.85366ms |  192.168.66.115 | POST     /getResult
[2020-01-02 12:47:39] 自開彩開獎  {202001020768 1 34 true} 
ConfigData  map[poolname:FA_MEM port:3306 user:fa_db database:FA_MEM redisPort:6379 ip:192.168.88.181 password:1qaz!QAZ charset:utf8 redisIp:192.168.88.119 redisPassword:"" redisDB:3]
SqlString  SELECT RTP,Amount,Bonus  FROM M_RtpSetting  WHERE Sid = 1   AND State = 1   AND LTG_Code = 1 AND Gid = 34
sqlResult   map[result: count:0 state:0]
[2020-01-02 12:47:39] rtpData ------->   map[result: count:0 state:0] 
[GIN] 2020/01/02 - 12:47:39 | 200 |    2.171583ms |  192.168.66.115 | POST     /getResult
[2020-01-02 12:47:41] 自開彩開獎  {202001020256 1 35 true} 
ConfigData  map[redisPort:6379 redisPassword:"" redisDB:3 port:3306 password:1qaz!QAZ database:FA_MEM redisIp:192.168.88.119 ip:192.168.88.181 poolname:FA_MEM user:fa_db charset:utf8]
SqlString  SELECT RTP,Amount,Bonus  FROM M_RtpSetting  WHERE Sid = 1   AND State = 1   AND LTG_Code = 1 AND Gid = 35
sqlResult   map[result: count:0 state:0]
[2020-01-02 12:47:41] rtpData ------->   map[result: count:0 state:0] 
[GIN] 2020/01/02 - 12:47:41 | 200 |    4.037715ms |  192.168.66.115 | POST     /getResult
[2020-01-02 12:47:41] 自開彩開獎  {202001020768 4 40 true} 
ConfigData  map[redisPassword:"" port:3306 redisIp:192.168.88.119 user:fa_db password:1qaz!QAZ database:FA_MEM charset:utf8 redisPort:6379 redisDB:3 ip:192.168.88.181 poolname:FA_MEM]
SqlString  SELECT RTP,Amount,Bonus  FROM M_RtpSetting  WHERE Sid = 1   AND State = 1   AND LTG_Code = 4 AND Gid = 40
sqlResult   map[result: count:0 state:0]
[2020-01-02 12:47:41] rtpData ------->   map[result: count:0 state:0] 
[GIN] 2020/01/02 - 12:47:41 | 200 |     2.42595ms |  192.168.66.115 | POST     /getResult
[2020-01-02 12:47:41] 自開彩開獎  {202001020256 4 41 true} 
ConfigData  map[charset:utf8 redisPort:6379 poolname:FA_MEM port:3306 password:1qaz!QAZ database:FA_MEM redisDB:3 ip:192.168.88.181 user:fa_db redisIp:192.168.88.119 redisPassword:""]
SqlString  SELECT RTP,Amount,Bonus  FROM M_RtpSetting  WHERE Sid = 1   AND State = 1   AND LTG_Code = 4 AND Gid = 41
sqlResult   map[result: count:0 state:0]
[2020-01-02 12:47:41] rtpData ------->   map[result: count:0 state:0] 
[GIN] 2020/01/02 - 12:47:41 | 200 |    2.522151ms |  192.168.66.115 | POST     /getResult
[2020-01-02 12:47:42] 自開彩開獎  {202001020768 6 36 true} 
ConfigData  map[user:fa_db database:FA_MEM redisPort:6379 ip:192.168.88.181 poolname:FA_MEM port:3306 password:1qaz!QAZ charset:utf8 redisIp:192.168.88.119 redisPassword:"" redisDB:3]
SqlString  SELECT RTP,Amount,Bonus  FROM M_RtpSetting  WHERE Sid = 1   AND State = 1   AND LTG_Code = 6 AND Gid = 36
sqlResult   map[count:0 state:0 result:]
[2020-01-02 12:47:42] rtpData ------->   map[result: count:0 state:0] 
[GIN] 2020/01/02 - 12:47:42 | 200 |    2.509234ms |  192.168.66.115 | POST     /getResult
[2020-01-02 12:47:42] 自開彩開獎  {202001020768 5 38 true} 
ConfigData  map[user:fa_db password:1qaz!QAZ charset:utf8 poolname:FA_MEM port:3306 database:FA_MEM redisIp:192.168.88.119 redisPort:6379 redisPassword:"" redisDB:3 ip:192.168.88.181]
SqlString  SELECT RTP,Amount,Bonus  FROM M_RtpSetting  WHERE Sid = 1   AND State = 1   AND LTG_Code = 5 AND Gid = 38
sqlResult   map[result: count:0 state:0]
[2020-01-02 12:47:42] rtpData ------->   map[count:0 state:0 result:] 
[GIN] 2020/01/02 - 12:47:42 | 200 |    2.594429ms |  192.168.66.115 | POST     /getResult
[2020-01-02 12:47:45] 自開彩開獎  {202001020768 1 34 true} 
ConfigData  map[port:3306 user:fa_db password:1qaz!QAZ database:FA_MEM charset:utf8 redisPassword:"" poolname:FA_MEM redisIp:192.168.88.119 redisPort:6379 redisDB:3 ip:192.168.88.181]
SqlString  SELECT RTP,Amount,Bonus  FROM M_RtpSetting  WHERE Sid = 1   AND State = 1   AND LTG_Code = 1 AND Gid = 34
sqlResult   map[result: count:0 state:0]
[2020-01-02 12:47:45] rtpData ------->   map[result: count:0 state:0] 
[GIN] 2020/01/02 - 12:47:45 | 200 |    2.824571ms |  192.168.66.115 | POST     /getResult
[2020-01-02 12:47:47] 自開彩開獎  {202001020256 1 35 true} 
ConfigData  map[poolname:FA_MEM port:3306 user:fa_db charset:utf8 redisPassword:"" ip:192.168.88.181 password:1qaz!QAZ database:FA_MEM redisIp:192.168.88.119 redisPort:6379 redisDB:3]
SqlString  SELECT RTP,Amount,Bonus  FROM M_RtpSetting  WHERE Sid = 1   AND State = 1   AND LTG_Code = 1 AND Gid = 35
sqlResult   map[result: count:0 state:0]
[2020-01-02 12:47:47] rtpData ------->   map[result: count:0 state:0] 
[GIN] 2020/01/02 - 12:47:47 | 200 |    3.194682ms |  192.168.66.115 | POST     /getResult
[2020-01-02 12:47:47] 自開彩開獎  {202001020768 4 40 true} 
ConfigData  map[redisIp:192.168.88.119 redisDB:3 redisPort:6379 ip:192.168.88.181 poolname:FA_MEM port:3306 user:fa_db password:1qaz!QAZ database:FA_MEM charset:utf8 redisPassword:""]
SqlString  SELECT RTP,Amount,Bonus  FROM M_RtpSetting  WHERE Sid = 1   AND State = 1   AND LTG_Code = 4 AND Gid = 40
sqlResult   map[result: count:0 state:0]
[2020-01-02 12:47:47] rtpData ------->   map[result: count:0 state:0] 
[GIN] 2020/01/02 - 12:47:47 | 200 |    2.881279ms |  192.168.66.115 | POST     /getResult
[2020-01-02 12:47:47] 自開彩開獎  {202001020256 4 41 true} 
ConfigData  map[poolname:FA_MEM port:3306 user:fa_db password:1qaz!QAZ redisIp:192.168.88.119 ip:192.168.88.181 database:FA_MEM charset:utf8 redisPort:6379 redisPassword:"" redisDB:3]
SqlString  SELECT RTP,Amount,Bonus  FROM M_RtpSetting  WHERE Sid = 1   AND State = 1   AND LTG_Code = 4 AND Gid = 41
sqlResult   map[result: count:0 state:0]
[2020-01-02 12:47:47] rtpData ------->   map[result: count:0 state:0] 
[GIN] 2020/01/02 - 12:47:47 | 200 |    2.328363ms |  192.168.66.115 | POST     /getResult
[2020-01-02 12:47:48] 自開彩開獎  {202001020768 6 36 true} 
ConfigData  map[redisPassword:"" port:3306 database:FA_MEM charset:utf8 password:1qaz!QAZ redisIp:192.168.88.119 redisPort:6379 redisDB:3 ip:192.168.88.181 poolname:FA_MEM user:fa_db]
SqlString  SELECT RTP,Amount,Bonus  FROM M_RtpSetting  WHERE Sid = 1   AND State = 1   AND LTG_Code = 6 AND Gid = 36
sqlResult   map[result: count:0 state:0]
[2020-01-02 12:47:48] rtpData ------->   map[count:0 state:0 result:] 
[GIN] 2020/01/02 - 12:47:48 | 200 |      2.6493ms |  192.168.66.115 | POST     /getResult
[2020-01-02 12:47:48] 自開彩開獎  {202001020768 5 38 true} 
ConfigData  map[password:1qaz!QAZ database:FA_MEM charset:utf8 redisIp:192.168.88.119 redisPassword:"" redisDB:3 poolname:FA_MEM user:fa_db redisPort:6379 ip:192.168.88.181 port:3306]
SqlString  SELECT RTP,Amount,Bonus  FROM M_RtpSetting  WHERE Sid = 1   AND State = 1   AND LTG_Code = 5 AND Gid = 38
sqlResult   map[result: count:0 state:0]
[2020-01-02 12:47:48] rtpData ------->   map[result: count:0 state:0] 
[GIN] 2020/01/02 - 12:47:48 | 200 |    2.608408ms |  192.168.66.115 | POST     /getResult
[2020-01-02 12:47:51] 自開彩開獎  {202001020768 1 34 true} 
ConfigData  map[redisDB:3 user:fa_db password:1qaz!QAZ database:FA_MEM charset:utf8 redisPassword:"" ip:192.168.88.181 poolname:FA_MEM port:3306 redisIp:192.168.88.119 redisPort:6379]
SqlString  SELECT RTP,Amount,Bonus  FROM M_RtpSetting  WHERE Sid = 1   AND State = 1   AND LTG_Code = 1 AND Gid = 34
sqlResult   map[state:0 result: count:0]
[2020-01-02 12:47:51] rtpData ------->   map[result: count:0 state:0] 
[GIN] 2020/01/02 - 12:47:51 | 200 |    2.703667ms |  192.168.66.115 | POST     /getResult
[2020-01-02 12:47:53] 自開彩開獎  {202001020256 1 35 true} 
ConfigData  map[ip:192.168.88.181 user:fa_db password:1qaz!QAZ database:FA_MEM redisPassword:"" poolname:FA_MEM port:3306 charset:utf8 redisIp:192.168.88.119 redisPort:6379 redisDB:3]
SqlString  SELECT RTP,Amount,Bonus  FROM M_RtpSetting  WHERE Sid = 1   AND State = 1   AND LTG_Code = 1 AND Gid = 35
sqlResult   map[result: count:0 state:0]
[2020-01-02 12:47:53] rtpData ------->   map[result: count:0 state:0] 
[GIN] 2020/01/02 - 12:47:53 | 200 |     2.44946ms |  192.168.66.115 | POST     /getResult
[2020-01-02 12:47:53] 自開彩開獎  {202001020768 4 40 true} 
ConfigData  map[redisDB:3 port:3306 user:fa_db charset:utf8 redisPort:6379 redisPassword:"" ip:192.168.88.181 poolname:FA_MEM password:1qaz!QAZ database:FA_MEM redisIp:192.168.88.119]
SqlString  SELECT RTP,Amount,Bonus  FROM M_RtpSetting  WHERE Sid = 1   AND State = 1   AND LTG_Code = 4 AND Gid = 40
sqlResult   map[result: count:0 state:0]
[2020-01-02 12:47:53] rtpData ------->   map[state:0 result: count:0] 
[GIN] 2020/01/02 - 12:47:53 | 200 |    2.451947ms |  192.168.66.115 | POST     /getResult
[2020-01-02 12:47:53] 自開彩開獎  {202001020256 4 41 true} 
ConfigData  map[user:fa_db redisPassword:"" poolname:FA_MEM port:3306 database:FA_MEM charset:utf8 redisIp:192.168.88.119 redisPort:6379 redisDB:3 ip:192.168.88.181 password:1qaz!QAZ]
SqlString  SELECT RTP,Amount,Bonus  FROM M_RtpSetting  WHERE Sid = 1   AND State = 1   AND LTG_Code = 4 AND Gid = 41
sqlResult   map[result: count:0 state:0]
[2020-01-02 12:47:53] rtpData ------->   map[result: count:0 state:0] 
[GIN] 2020/01/02 - 12:47:53 | 200 |    2.139863ms |  192.168.66.115 | POST     /getResult
[2020-01-02 12:47:54] 自開彩開獎  {202001020768 6 36 true} 
ConfigData  map[charset:utf8 redisIp:192.168.88.119 port:3306 poolname:FA_MEM user:fa_db password:1qaz!QAZ database:FA_MEM redisPort:6379 redisPassword:"" redisDB:3 ip:192.168.88.181]
SqlString  SELECT RTP,Amount,Bonus  FROM M_RtpSetting  WHERE Sid = 1   AND State = 1   AND LTG_Code = 6 AND Gid = 36
sqlResult   map[result: count:0 state:0]
[2020-01-02 12:47:54] rtpData ------->   map[result: count:0 state:0] 
[GIN] 2020/01/02 - 12:47:54 | 200 |    2.578622ms |  192.168.66.115 | POST     /getResult
[2020-01-02 12:47:54] 自開彩開獎  {202001020768 5 38 true} 
ConfigData  map[ip:192.168.88.181 port:3306 redisIp:192.168.88.119 redisDB:3 poolname:FA_MEM user:fa_db password:1qaz!QAZ database:FA_MEM charset:utf8 redisPort:6379 redisPassword:""]
SqlString  SELECT RTP,Amount,Bonus  FROM M_RtpSetting  WHERE Sid = 1   AND State = 1   AND LTG_Code = 5 AND Gid = 38
sqlResult   map[result: count:0 state:0]
[2020-01-02 12:47:54] rtpData ------->   map[result: count:0 state:0] 
[GIN] 2020/01/02 - 12:47:54 | 200 |     2.36165ms |  192.168.66.115 | POST     /getResult
[2020-01-02 12:47:57] 自開彩開獎  {202001020768 1 34 true} 
ConfigData  map[user:fa_db database:FA_MEM redisIp:192.168.88.119 ip:192.168.88.181 poolname:FA_MEM port:3306 redisPassword:"" redisDB:3 password:1qaz!QAZ charset:utf8 redisPort:6379]
SqlString  SELECT RTP,Amount,Bonus  FROM M_RtpSetting  WHERE Sid = 1   AND State = 1   AND LTG_Code = 1 AND Gid = 34
sqlResult   map[result: count:0 state:0]
[2020-01-02 12:47:57] rtpData ------->   map[result: count:0 state:0] 
[GIN] 2020/01/02 - 12:47:57 | 200 |    2.252288ms |  192.168.66.115 | POST     /getResult
[2020-01-02 12:47:59] 自開彩開獎  {202001020256 1 35 true} 
ConfigData  map[poolname:FA_MEM password:1qaz!QAZ redisIp:192.168.88.119 redisPassword:"" ip:192.168.88.181 port:3306 user:fa_db database:FA_MEM charset:utf8 redisPort:6379 redisDB:3]
SqlString  SELECT RTP,Amount,Bonus  FROM M_RtpSetting  WHERE Sid = 1   AND State = 1   AND LTG_Code = 1 AND Gid = 35
sqlResult   map[state:0 result: count:0]
[2020-01-02 12:47:59] rtpData ------->   map[result: count:0 state:0] 
[GIN] 2020/01/02 - 12:47:59 | 200 |    2.492362ms |  192.168.66.115 | POST     /getResult
[2020-01-02 12:47:59] 自開彩開獎  {202001020768 4 40 true} 
ConfigData  map[charset:utf8 ip:192.168.88.181 poolname:FA_MEM port:3306 user:fa_db database:FA_MEM password:1qaz!QAZ redisIp:192.168.88.119 redisPort:6379 redisPassword:"" redisDB:3]
SqlString  SELECT RTP,Amount,Bonus  FROM M_RtpSetting  WHERE Sid = 1   AND State = 1   AND LTG_Code = 4 AND Gid = 40
sqlResult   map[result: count:0 state:0]
[2020-01-02 12:47:59] rtpData ------->   map[result: count:0 state:0] 
[GIN] 2020/01/02 - 12:47:59 | 200 |    1.967044ms |  192.168.66.115 | POST     /getResult
[2020-01-02 12:47:59] 自開彩開獎  {202001020256 4 41 true} 
ConfigData  map[port:3306 redisPort:6379 redisPassword:"" redisDB:3 redisIp:192.168.88.119 ip:192.168.88.181 poolname:FA_MEM user:fa_db password:1qaz!QAZ database:FA_MEM charset:utf8]
SqlString  SELECT RTP,Amount,Bonus  FROM M_RtpSetting  WHERE Sid = 1   AND State = 1   AND LTG_Code = 4 AND Gid = 41
sqlResult   map[result: count:0 state:0]
[2020-01-02 12:47:59] rtpData ------->   map[result: count:0 state:0] 
[GIN] 2020/01/02 - 12:47:59 | 200 |    1.985294ms |  192.168.66.115 | POST     /getResult
[2020-01-02 12:48:00] 自開彩開獎  {202001020768 6 36 true} 
ConfigData  map[database:FA_MEM charset:utf8 redisPort:6379 ip:192.168.88.181 password:1qaz!QAZ user:fa_db redisIp:192.168.88.119 redisPassword:"" redisDB:3 poolname:FA_MEM port:3306]
SqlString  SELECT RTP,Amount,Bonus  FROM M_RtpSetting  WHERE Sid = 1   AND State = 1   AND LTG_Code = 6 AND Gid = 36
sqlResult   map[count:0 state:0 result:]
[2020-01-02 12:48:00] rtpData ------->   map[result: count:0 state:0] 
[GIN] 2020/01/02 - 12:48:00 | 200 |    2.612939ms |  192.168.66.115 | POST     /getResult
[2020-01-02 12:48:00] 自開彩開獎  {202001020768 5 38 true} 
ConfigData  map[charset:utf8 redisPassword:"" redisDB:3 password:1qaz!QAZ poolname:FA_MEM port:3306 user:fa_db database:FA_MEM redisIp:192.168.88.119 redisPort:6379 ip:192.168.88.181]
SqlString  SELECT RTP,Amount,Bonus  FROM M_RtpSetting  WHERE Sid = 1   AND State = 1   AND LTG_Code = 5 AND Gid = 38
sqlResult   map[result: count:0 state:0]
[2020-01-02 12:48:00] rtpData ------->   map[result: count:0 state:0] 
[GIN] 2020/01/02 - 12:48:00 | 200 |    2.354465ms |  192.168.66.115 | POST     /getResult
[2020-01-02 12:48:00] 自開彩開獎  {202001020769 2 26 true} 
ConfigData  map[poolname:FA_MEM password:1qaz!QAZ charset:utf8 redisIp:192.168.88.119 redisDB:3 ip:192.168.88.181 port:3306 user:fa_db database:FA_MEM redisPort:6379 redisPassword:""]
SqlString  SELECT RTP,Amount,Bonus  FROM M_RtpSetting  WHERE Sid = 1   AND State = 1   AND LTG_Code = 2 AND Gid = 26
[2020-01-02 12:48:00] 自開彩開獎  {20200102257 2 27 true} 
ConfigData  map[redisDB:3 ip:192.168.88.181 poolname:FA_MEM charset:utf8 redisIp:192.168.88.119 redisPort:6379 redisPassword:"" port:3306 user:fa_db password:1qaz!QAZ database:FA_MEM]
SqlString  SELECT RTP,Amount,Bonus  FROM M_RtpSetting  WHERE Sid = 1   AND State = 1   AND LTG_Code = 2 AND Gid = 27
sqlResult   map[result:0.9600 count:1 state:1 amount:105208 bonus:58491.69]
[2020-01-02 12:48:00] rtpData ------->   map[result:0.9600 count:1 state:1 amount:105208 bonus:58491.69] 
ConfigData  map[ip:192.168.88.181 poolname:FA_MEM port:3306 redisPort:6379 redisPassword:"" redisDB:3 user:fa_db password:1qaz!QAZ database:FA_MEM charset:utf8 redisIp:192.168.88.119]
SELECT BO_No, BO_OrderNo , BO_User , BO_Issue  , BO_LotteryTypeGroup, BO_LotteryType, BO_Mode, BO_LotteryPlayGroup, BO_LotteryPlay , BO_LotteryContent, BO_Price, BO_RealPrice, BO_Unit, BO_Multiple , BO_BetCount  , BO_Winnings, BO_Winnings2, BO_Winnings3, BO_WinningLimit  , BO_Water , BO_BW_SourceUserId, BO_BW_BackWater, BO_BW_LimitBetCount, BO_BW_MaxAmount, BO_BW_AuditMultiple  , BO_Odds, BO_Odds2, BO_Odds3 , BO_Type, BO_Chase , BO_OpenResult, BO_OpenResult2, BO_DateDraw, BO_DateDraw2, BO_DateUpdate  FROM TS_BetOrder  WHERE BO_Cancel = 0   AND BO_CancelBackend = 0   AND BO_LotteryTypeGroup = 2 AND BO_LotteryType = 27 AND BO_Issue = 20200102257 AND BO_Collect = 0 ORDER BY BO_DateDraw ASC, BO_DateCreate ASC, BO_DateUpdate ASC, BO_No ASC ;
sqlResult   map[result:0.9600 count:1 state:1 amount:1.0069588e+06 bonus:908100.71]
[2020-01-02 12:48:00] rtpData ------->   map[result:0.9600 count:1 state:1 amount:1.0069588e+06 bonus:908100.71] 
ConfigData  map[port:3306 user:fa_db password:1qaz!QAZ database:FA_MEM redisIp:192.168.88.119 redisPort:6379 ip:192.168.88.181 poolname:FA_MEM redisPassword:"" redisDB:3 charset:utf8]
SELECT BO_No, BO_OrderNo , BO_User , BO_Issue  , BO_LotteryTypeGroup, BO_LotteryType, BO_Mode, BO_LotteryPlayGroup, BO_LotteryPlay , BO_LotteryContent, BO_Price, BO_RealPrice, BO_Unit, BO_Multiple , BO_BetCount  , BO_Winnings, BO_Winnings2, BO_Winnings3, BO_WinningLimit  , BO_Water , BO_BW_SourceUserId, BO_BW_BackWater, BO_BW_LimitBetCount, BO_BW_MaxAmount, BO_BW_AuditMultiple  , BO_Odds, BO_Odds2, BO_Odds3 , BO_Type, BO_Chase , BO_OpenResult, BO_OpenResult2, BO_DateDraw, BO_DateDraw2, BO_DateUpdate  FROM TS_BetOrder  WHERE BO_Cancel = 0   AND BO_CancelBackend = 0   AND BO_LotteryTypeGroup = 2 AND BO_LotteryType = 26 AND BO_Issue = 202001020769 AND BO_Collect = 0 ORDER BY BO_DateDraw ASC, BO_DateCreate ASC, BO_DateUpdate ASC, BO_No ASC ;
[2020-01-02 12:48:00] LottteryTypeGroup 2 
[2020-01-02 12:48:00] 有期號 但無注單 -------> map[thisOpenResult:[0 8 0 9 3] amount:0 bonus:0] 
[GIN] 2020/01/02 - 12:48:00 | 200 |    4.987613ms |  192.168.66.115 | POST     /getResult
[2020-01-02 12:48:00] LottteryTypeGroup 2 
[2020-01-02 12:48:00] 有期號 但無注單 -------> map[amount:0 bonus:0 thisOpenResult:[6 8 5 2 8]] 
[GIN] 2020/01/02 - 12:48:00 | 200 |    5.192828ms |  192.168.66.115 | POST     /getResult
[2020-01-02 12:48:01] 自開彩開獎  {202001020257 6 37 true} 
ConfigData  map[ip:192.168.88.181 poolname:FA_MEM password:1qaz!QAZ redisIp:192.168.88.119 redisPort:6379 redisPassword:"" redisDB:3 port:3306 user:fa_db database:FA_MEM charset:utf8]
SqlString  SELECT RTP,Amount,Bonus  FROM M_RtpSetting  WHERE Sid = 1   AND State = 1   AND LTG_Code = 6 AND Gid = 37
sqlResult   map[result: count:0 state:0]
[2020-01-02 12:48:01] rtpData ------->   map[result: count:0 state:0] 
[GIN] 2020/01/02 - 12:48:01 | 200 |    7.649263ms |  192.168.66.115 | POST     /getResult
[2020-01-02 12:48:03] 自開彩開獎  {202001020768 1 34 true} 
ConfigData  map[user:fa_db redisPassword:"" ip:192.168.88.181 port:3306 password:1qaz!QAZ database:FA_MEM charset:utf8 redisIp:192.168.88.119 redisPort:6379 redisDB:3 poolname:FA_MEM]
SqlString  SELECT RTP,Amount,Bonus  FROM M_RtpSetting  WHERE Sid = 1   AND State = 1   AND LTG_Code = 1 AND Gid = 34
sqlResult   map[result: count:0 state:0]
[2020-01-02 12:48:03] rtpData ------->   map[result: count:0 state:0] 
[GIN] 2020/01/02 - 12:48:03 | 200 |    2.222144ms |  192.168.66.115 | POST     /getResult
[2020-01-02 12:48:05] 自開彩開獎  {202001020256 1 35 true} 
ConfigData  map[database:FA_MEM charset:utf8 redisIp:192.168.88.119 redisPassword:"" poolname:FA_MEM password:1qaz!QAZ user:fa_db redisPort:6379 redisDB:3 ip:192.168.88.181 port:3306]
SqlString  SELECT RTP,Amount,Bonus  FROM M_RtpSetting  WHERE Sid = 1   AND State = 1   AND LTG_Code = 1 AND Gid = 35
sqlResult   map[result: count:0 state:0]
[2020-01-02 12:48:05] rtpData ------->   map[result: count:0 state:0] 
[GIN] 2020/01/02 - 12:48:05 | 200 |    3.057735ms |  192.168.66.115 | POST     /getResult
[2020-01-02 12:48:05] 自開彩開獎  {202001020768 4 40 true} 
ConfigData  map[user:fa_db password:1qaz!QAZ database:FA_MEM charset:utf8 redisPort:6379 redisPassword:"" poolname:FA_MEM port:3306 redisDB:3 ip:192.168.88.181 redisIp:192.168.88.119]
SqlString  SELECT RTP,Amount,Bonus  FROM M_RtpSetting  WHERE Sid = 1   AND State = 1   AND LTG_Code = 4 AND Gid = 40
sqlResult   map[result: count:0 state:0]
[2020-01-02 12:48:05] rtpData ------->   map[result: count:0 state:0] 
[GIN] 2020/01/02 - 12:48:05 | 200 |    2.290167ms |  192.168.66.115 | POST     /getResult
[2020-01-02 12:48:05] 自開彩開獎  {202001020256 4 41 true} 
ConfigData  map[poolname:FA_MEM database:FA_MEM redisPort:6379 redisPassword:"" charset:utf8 redisIp:192.168.88.119 redisDB:3 ip:192.168.88.181 port:3306 user:fa_db password:1qaz!QAZ]
SqlString  SELECT RTP,Amount,Bonus  FROM M_RtpSetting  WHERE Sid = 1   AND State = 1   AND LTG_Code = 4 AND Gid = 41
sqlResult   map[count:0 state:0 result:]
[2020-01-02 12:48:05] rtpData ------->   map[result: count:0 state:0] 
[GIN] 2020/01/02 - 12:48:05 | 200 |    2.664148ms |  192.168.66.115 | POST     /getResult
[2020-01-02 12:48:06] 自開彩開獎  {202001020769 6 36 true} 
ConfigData  map[port:3306 user:fa_db charset:utf8 redisPort:6379 redisPassword:"" ip:192.168.88.181 poolname:FA_MEM password:1qaz!QAZ database:FA_MEM redisIp:192.168.88.119 redisDB:3]
SqlString  SELECT RTP,Amount,Bonus  FROM M_RtpSetting  WHERE Sid = 1   AND State = 1   AND LTG_Code = 6 AND Gid = 36
sqlResult   map[result: count:0 state:0]
[2020-01-02 12:48:06] rtpData ------->   map[state:0 result: count:0] 
[GIN] 2020/01/02 - 12:48:06 | 200 |    2.520319ms |  192.168.66.115 | POST     /getResult
[2020-01-02 12:48:06] 自開彩開獎  {202001020769 5 38 true} 
ConfigData  map[poolname:FA_MEM port:3306 charset:utf8 redisIp:192.168.88.119 redisPort:6379 redisPassword:"" redisDB:3 ip:192.168.88.181 password:1qaz!QAZ database:FA_MEM user:fa_db]
SqlString  SELECT RTP,Amount,Bonus  FROM M_RtpSetting  WHERE Sid = 1   AND State = 1   AND LTG_Code = 5 AND Gid = 38
sqlResult   map[result: count:0 state:0]
[2020-01-02 12:48:06] rtpData ------->   map[result: count:0 state:0] 
[GIN] 2020/01/02 - 12:48:06 | 200 |     2.60983ms |  192.168.66.115 | POST     /getResult
[2020-01-02 12:48:07] 自開彩開獎  {202001020257 6 37 true} 
ConfigData  map[user:fa_db database:FA_MEM charset:utf8 redisPort:6379 redisPassword:"" port:3306 poolname:FA_MEM password:1qaz!QAZ redisIp:192.168.88.119 redisDB:3 ip:192.168.88.181]
SqlString  SELECT RTP,Amount,Bonus  FROM M_RtpSetting  WHERE Sid = 1   AND State = 1   AND LTG_Code = 6 AND Gid = 37
sqlResult   map[result: count:0 state:0]
[2020-01-02 12:48:07] rtpData ------->   map[result: count:0 state:0] 
[GIN] 2020/01/02 - 12:48:07 | 200 |    2.598934ms |  192.168.66.115 | POST     /getResult
[2020-01-02 12:48:09] 自開彩開獎  {202001020769 1 34 true} 
ConfigData  map[ip:192.168.88.181 user:fa_db charset:utf8 redisPassword:"" redisDB:3 redisPort:6379 poolname:FA_MEM port:3306 password:1qaz!QAZ database:FA_MEM redisIp:192.168.88.119]
SqlString  SELECT RTP,Amount,Bonus  FROM M_RtpSetting  WHERE Sid = 1   AND State = 1   AND LTG_Code = 1 AND Gid = 34
sqlResult   map[result: count:0 state:0]
[2020-01-02 12:48:09] rtpData ------->   map[state:0 result: count:0] 
[GIN] 2020/01/02 - 12:48:09 | 200 |    2.185483ms |  192.168.66.115 | POST     /getResult
[2020-01-02 12:48:11] 自開彩開獎  {202001020257 1 35 true} 
ConfigData  map[redisPort:6379 ip:192.168.88.181 poolname:FA_MEM user:fa_db password:1qaz!QAZ database:FA_MEM charset:utf8 redisIp:192.168.88.119 redisPassword:"" redisDB:3 port:3306]
SqlString  SELECT RTP,Amount,Bonus  FROM M_RtpSetting  WHERE Sid = 1   AND State = 1   AND LTG_Code = 1 AND Gid = 35
sqlResult   map[result: count:0 state:0]
[2020-01-02 12:48:11] rtpData ------->   map[result: count:0 state:0] 
[GIN] 2020/01/02 - 12:48:11 | 200 |    4.547145ms |  192.168.66.115 | POST     /getResult
[2020-01-02 12:48:11] 自開彩開獎  {202001020769 4 40 true} 
ConfigData  map[redisIp:192.168.88.119 redisPort:6379 charset:utf8 poolname:FA_MEM port:3306 user:fa_db password:1qaz!QAZ database:FA_MEM redisPassword:"" redisDB:3 ip:192.168.88.181]
SqlString  SELECT RTP,Amount,Bonus  FROM M_RtpSetting  WHERE Sid = 1   AND State = 1   AND LTG_Code = 4 AND Gid = 40
sqlResult   map[result: count:0 state:0]
[2020-01-02 12:48:11] rtpData ------->   map[result: count:0 state:0] 
[GIN] 2020/01/02 - 12:48:11 | 200 |    2.899663ms |  192.168.66.115 | POST     /getResult
[2020-01-02 12:48:11] 自開彩開獎  {202001020257 4 41 true} 
ConfigData  map[charset:utf8 redisIp:192.168.88.119 redisPort:6379 poolname:FA_MEM user:fa_db password:1qaz!QAZ redisPassword:"" redisDB:3 ip:192.168.88.181 port:3306 database:FA_MEM]
SqlString  SELECT RTP,Amount,Bonus  FROM M_RtpSetting  WHERE Sid = 1   AND State = 1   AND LTG_Code = 4 AND Gid = 41
sqlResult   map[result: count:0 state:0]
[2020-01-02 12:48:11] rtpData ------->   map[result: count:0 state:0] 
[GIN] 2020/01/02 - 12:48:11 | 200 |    2.689424ms |  192.168.66.115 | POST     /getResult
[2020-01-02 12:48:12] 自開彩開獎  {202001020769 6 36 true} 
ConfigData  map[port:3306 password:1qaz!QAZ redisIp:192.168.88.119 redisPort:6379 redisDB:3 ip:192.168.88.181 user:fa_db database:FA_MEM charset:utf8 redisPassword:"" poolname:FA_MEM]
SqlString  SELECT RTP,Amount,Bonus  FROM M_RtpSetting  WHERE Sid = 1   AND State = 1   AND LTG_Code = 6 AND Gid = 36
sqlResult   map[result: count:0 state:0]
[2020-01-02 12:48:12] rtpData ------->   map[result: count:0 state:0] 
[GIN] 2020/01/02 - 12:48:12 | 200 |    2.736438ms |  192.168.66.115 | POST     /getResult
[2020-01-02 12:48:12] 自開彩開獎  {202001020769 5 38 true} 
ConfigData  map[charset:utf8 redisPort:6379 redisPassword:"" ip:192.168.88.181 poolname:FA_MEM port:3306 database:FA_MEM user:fa_db password:1qaz!QAZ redisIp:192.168.88.119 redisDB:3]
SqlString  SELECT RTP,Amount,Bonus  FROM M_RtpSetting  WHERE Sid = 1   AND State = 1   AND LTG_Code = 5 AND Gid = 38
sqlResult   map[result: count:0 state:0]
[2020-01-02 12:48:12] rtpData ------->   map[result: count:0 state:0] 
[GIN] 2020/01/02 - 12:48:12 | 200 |    2.627513ms |  192.168.66.115 | POST     /getResult
[2020-01-02 12:48:13] 自開彩開獎  {202001020257 6 37 true} 
ConfigData  map[redisIp:192.168.88.119 redisPort:6379 redisPassword:"" redisDB:3 ip:192.168.88.181 poolname:FA_MEM port:3306 charset:utf8 user:fa_db password:1qaz!QAZ database:FA_MEM]
SqlString  SELECT RTP,Amount,Bonus  FROM M_RtpSetting  WHERE Sid = 1   AND State = 1   AND LTG_Code = 6 AND Gid = 37
sqlResult   map[result: count:0 state:0]
[2020-01-02 12:48:13] rtpData ------->   map[count:0 state:0 result:] 
[GIN] 2020/01/02 - 12:48:13 | 200 |    2.499312ms |  192.168.66.115 | POST     /getResult
[2020-01-02 12:48:15] 自開彩開獎  {202001020769 1 34 true} 
ConfigData  map[charset:utf8 redisDB:3 port:3306 user:fa_db password:1qaz!QAZ redisIp:192.168.88.119 redisPort:6379 redisPassword:"" ip:192.168.88.181 poolname:FA_MEM database:FA_MEM]
SqlString  SELECT RTP,Amount,Bonus  FROM M_RtpSetting  WHERE Sid = 1   AND State = 1   AND LTG_Code = 1 AND Gid = 34
sqlResult   map[result: count:0 state:0]
[2020-01-02 12:48:15] rtpData ------->   map[count:0 state:0 result:] 
[GIN] 2020/01/02 - 12:48:15 | 200 |    2.495871ms |  192.168.66.115 | POST     /getResult
[2020-01-02 12:48:17] 自開彩開獎  {202001020257 1 35 true} 
ConfigData  map[user:fa_db redisIp:192.168.88.119 redisPort:6379 redisDB:3 database:FA_MEM charset:utf8 redisPassword:"" ip:192.168.88.181 poolname:FA_MEM port:3306 password:1qaz!QAZ]
SqlString  SELECT RTP,Amount,Bonus  FROM M_RtpSetting  WHERE Sid = 1   AND State = 1   AND LTG_Code = 1 AND Gid = 35
sqlResult   map[result: count:0 state:0]
[2020-01-02 12:48:17] rtpData ------->   map[state:0 result: count:0] 
[GIN] 2020/01/02 - 12:48:17 | 200 |    2.844324ms |  192.168.66.115 | POST     /getResult
[2020-01-02 12:48:17] 自開彩開獎  {202001020769 4 40 true} 
ConfigData  map[ip:192.168.88.181 poolname:FA_MEM port:3306 user:fa_db database:FA_MEM redisDB:3 password:1qaz!QAZ charset:utf8 redisIp:192.168.88.119 redisPort:6379 redisPassword:""]
SqlString  SELECT RTP,Amount,Bonus  FROM M_RtpSetting  WHERE Sid = 1   AND State = 1   AND LTG_Code = 4 AND Gid = 40
sqlResult   map[result: count:0 state:0]
[2020-01-02 12:48:17] rtpData ------->   map[result: count:0 state:0] 
[GIN] 2020/01/02 - 12:48:17 | 200 |    3.205873ms |  192.168.66.115 | POST     /getResult
[2020-01-02 12:48:17] 自開彩開獎  {202001020257 4 41 true} 
ConfigData  map[port:3306 password:1qaz!QAZ database:FA_MEM redisPassword:"" redisDB:3 ip:192.168.88.181 poolname:FA_MEM user:fa_db charset:utf8 redisIp:192.168.88.119 redisPort:6379]
SqlString  SELECT RTP,Amount,Bonus  FROM M_RtpSetting  WHERE Sid = 1   AND State = 1   AND LTG_Code = 4 AND Gid = 41
sqlResult   map[result: count:0 state:0]
[2020-01-02 12:48:17] rtpData ------->   map[result: count:0 state:0] 
[GIN] 2020/01/02 - 12:48:17 | 200 |     2.29935ms |  192.168.66.115 | POST     /getResult
[2020-01-02 12:48:18] 自開彩開獎  {202001020769 6 36 true} 
ConfigData  map[database:FA_MEM charset:utf8 redisIp:192.168.88.119 redisDB:3 user:fa_db poolname:FA_MEM port:3306 password:1qaz!QAZ redisPort:6379 redisPassword:"" ip:192.168.88.181]
SqlString  SELECT RTP,Amount,Bonus  FROM M_RtpSetting  WHERE Sid = 1   AND State = 1   AND LTG_Code = 6 AND Gid = 36
sqlResult   map[result: count:0 state:0]
[2020-01-02 12:48:18] rtpData ------->   map[result: count:0 state:0] 
[GIN] 2020/01/02 - 12:48:18 | 200 |    2.179421ms |  192.168.66.115 | POST     /getResult
[2020-01-02 12:48:18] 自開彩開獎  {202001020769 5 38 true} 
ConfigData  map[ip:192.168.88.181 port:3306 user:fa_db charset:utf8 redisIp:192.168.88.119 redisPort:6379 poolname:FA_MEM password:1qaz!QAZ database:FA_MEM redisPassword:"" redisDB:3]
SqlString  SELECT RTP,Amount,Bonus  FROM M_RtpSetting  WHERE Sid = 1   AND State = 1   AND LTG_Code = 5 AND Gid = 38
sqlResult   map[result: count:0 state:0]
[2020-01-02 12:48:18] rtpData ------->   map[result: count:0 state:0] 
[GIN] 2020/01/02 - 12:48:18 | 200 |    2.109868ms |  192.168.66.115 | POST     /getResult
[2020-01-02 12:48:19] 自開彩開獎  {202001020257 6 37 true} 
ConfigData  map[port:3306 user:fa_db password:1qaz!QAZ database:FA_MEM charset:utf8 redisPort:6379 redisPassword:"" ip:192.168.88.181 poolname:FA_MEM redisIp:192.168.88.119 redisDB:3]
SqlString  SELECT RTP,Amount,Bonus  FROM M_RtpSetting  WHERE Sid = 1   AND State = 1   AND LTG_Code = 6 AND Gid = 37
sqlResult   map[count:0 state:0 result:]
[2020-01-02 12:48:19] rtpData ------->   map[result: count:0 state:0] 
[GIN] 2020/01/02 - 12:48:19 | 200 |    2.267882ms |  192.168.66.115 | POST     /getResult
[2020-01-02 12:48:21] 自開彩開獎  {202001020769 1 34 true} 
ConfigData  map[poolname:FA_MEM user:fa_db redisIp:192.168.88.119 redisPort:6379 redisPassword:"" redisDB:3 ip:192.168.88.181 port:3306 password:1qaz!QAZ database:FA_MEM charset:utf8]
SqlString  SELECT RTP,Amount,Bonus  FROM M_RtpSetting  WHERE Sid = 1   AND State = 1   AND LTG_Code = 1 AND Gid = 34
sqlResult   map[result: count:0 state:0]
[2020-01-02 12:48:21] rtpData ------->   map[count:0 state:0 result:] 
[GIN] 2020/01/02 - 12:48:21 | 200 |    2.635395ms |  192.168.66.115 | POST     /getResult
[2020-01-02 12:48:23] 自開彩開獎  {202001020257 1 35 true} 
ConfigData  map[redisIp:192.168.88.119 redisPort:6379 redisPassword:"" ip:192.168.88.181 user:fa_db password:1qaz!QAZ database:FA_MEM charset:utf8 poolname:FA_MEM port:3306 redisDB:3]
SqlString  SELECT RTP,Amount,Bonus  FROM M_RtpSetting  WHERE Sid = 1   AND State = 1   AND LTG_Code = 1 AND Gid = 35
sqlResult   map[state:0 result: count:0]
[2020-01-02 12:48:23] rtpData ------->   map[result: count:0 state:0] 
[GIN] 2020/01/02 - 12:48:23 | 200 |    3.662124ms |  192.168.66.115 | POST     /getResult
[2020-01-02 12:48:23] 自開彩開獎  {202001020769 4 40 true} 
ConfigData  map[poolname:FA_MEM user:fa_db password:1qaz!QAZ charset:utf8 redisIp:192.168.88.119 redisPassword:"" ip:192.168.88.181 port:3306 database:FA_MEM redisPort:6379 redisDB:3]
SqlString  SELECT RTP,Amount,Bonus  FROM M_RtpSetting  WHERE Sid = 1   AND State = 1   AND LTG_Code = 4 AND Gid = 40
sqlResult   map[result: count:0 state:0]
[2020-01-02 12:48:23] rtpData ------->   map[result: count:0 state:0] 
[GIN] 2020/01/02 - 12:48:23 | 200 |    2.384747ms |  192.168.66.115 | POST     /getResult
[2020-01-02 12:48:23] 自開彩開獎  {202001020257 4 41 true} 
ConfigData  map[user:fa_db redisIp:192.168.88.119 redisPort:6379 redisPassword:"" redisDB:3 ip:192.168.88.181 poolname:FA_MEM port:3306 password:1qaz!QAZ database:FA_MEM charset:utf8]
SqlString  SELECT RTP,Amount,Bonus  FROM M_RtpSetting  WHERE Sid = 1   AND State = 1   AND LTG_Code = 4 AND Gid = 41
sqlResult   map[state:0 result: count:0]
[2020-01-02 12:48:23] rtpData ------->   map[state:0 result: count:0] 
[GIN] 2020/01/02 - 12:48:23 | 200 |      2.5009ms |  192.168.66.115 | POST     /getResult
[2020-01-02 12:48:24] 自開彩開獎  {202001020769 6 36 true} 
ConfigData  map[ip:192.168.88.181 port:3306 user:fa_db redisIp:192.168.88.119 redisPort:6379 redisDB:3 poolname:FA_MEM password:1qaz!QAZ database:FA_MEM charset:utf8 redisPassword:""]
SqlString  SELECT RTP,Amount,Bonus  FROM M_RtpSetting  WHERE Sid = 1   AND State = 1   AND LTG_Code = 6 AND Gid = 36
sqlResult   map[result: count:0 state:0]
[2020-01-02 12:48:24] rtpData ------->   map[result: count:0 state:0] 
[GIN] 2020/01/02 - 12:48:24 | 200 |     2.12649ms |  192.168.66.115 | POST     /getResult
[2020-01-02 12:48:24] 自開彩開獎  {202001020769 5 38 true} 
ConfigData  map[port:3306 user:fa_db password:1qaz!QAZ charset:utf8 redisIp:192.168.88.119 redisPort:6379 redisPassword:"" ip:192.168.88.181 database:FA_MEM redisDB:3 poolname:FA_MEM]
SqlString  SELECT RTP,Amount,Bonus  FROM M_RtpSetting  WHERE Sid = 1   AND State = 1   AND LTG_Code = 5 AND Gid = 38
sqlResult   map[result: count:0 state:0]
[2020-01-02 12:48:24] rtpData ------->   map[result: count:0 state:0] 
[GIN] 2020/01/02 - 12:48:24 | 200 |    3.079591ms |  192.168.66.115 | POST     /getResult
[2020-01-02 12:48:25] 自開彩開獎  {202001020257 6 37 true} 
ConfigData  map[port:3306 database:FA_MEM charset:utf8 poolname:FA_MEM user:fa_db password:1qaz!QAZ redisIp:192.168.88.119 redisPort:6379 redisPassword:"" redisDB:3 ip:192.168.88.181]
SqlString  SELECT RTP,Amount,Bonus  FROM M_RtpSetting  WHERE Sid = 1   AND State = 1   AND LTG_Code = 6 AND Gid = 37
sqlResult   map[count:0 state:0 result:]
[2020-01-02 12:48:25] rtpData ------->   map[result: count:0 state:0] 
[GIN] 2020/01/02 - 12:48:25 | 200 |    2.385761ms |  192.168.66.115 | POST     /getResult
[2020-01-02 12:48:27] 自開彩開獎  {202001020769 1 34 true} 
ConfigData  map[poolname:FA_MEM redisPort:6379 redisPassword:"" redisIp:192.168.88.119 redisDB:3 ip:192.168.88.181 port:3306 user:fa_db password:1qaz!QAZ database:FA_MEM charset:utf8]
SqlString  SELECT RTP,Amount,Bonus  FROM M_RtpSetting  WHERE Sid = 1   AND State = 1   AND LTG_Code = 1 AND Gid = 34
sqlResult   map[result: count:0 state:0]
[2020-01-02 12:48:27] rtpData ------->   map[result: count:0 state:0] 
[GIN] 2020/01/02 - 12:48:27 | 200 |    2.390226ms |  192.168.66.115 | POST     /getResult
[2020-01-02 12:48:29] 自開彩開獎  {202001020257 1 35 true} 
ConfigData  map[poolname:FA_MEM redisDB:3 user:fa_db password:1qaz!QAZ database:FA_MEM charset:utf8 redisIp:192.168.88.119 redisPort:6379 ip:192.168.88.181 port:3306 redisPassword:""]
SqlString  SELECT RTP,Amount,Bonus  FROM M_RtpSetting  WHERE Sid = 1   AND State = 1   AND LTG_Code = 1 AND Gid = 35
sqlResult   map[result: count:0 state:0]
[2020-01-02 12:48:29] rtpData ------->   map[result: count:0 state:0] 
[GIN] 2020/01/02 - 12:48:29 | 200 |    3.096576ms |  192.168.66.115 | POST     /getResult
[2020-01-02 12:48:29] 自開彩開獎  {202001020769 4 40 true} 
ConfigData  map[ip:192.168.88.181 user:fa_db password:1qaz!QAZ charset:utf8 redisPort:6379 redisPassword:"" poolname:FA_MEM port:3306 database:FA_MEM redisIp:192.168.88.119 redisDB:3]
SqlString  SELECT RTP,Amount,Bonus  FROM M_RtpSetting  WHERE Sid = 1   AND State = 1   AND LTG_Code = 4 AND Gid = 40
sqlResult   map[result: count:0 state:0]
[2020-01-02 12:48:29] rtpData ------->   map[result: count:0 state:0] 
[GIN] 2020/01/02 - 12:48:29 | 200 |    2.625395ms |  192.168.66.115 | POST     /getResult
[2020-01-02 12:48:29] 自開彩開獎  {202001020257 4 41 true} 
ConfigData  map[ip:192.168.88.181 poolname:FA_MEM port:3306 password:1qaz!QAZ redisIp:192.168.88.119 redisPort:6379 redisDB:3 user:fa_db database:FA_MEM charset:utf8 redisPassword:""]
SqlString  SELECT RTP,Amount,Bonus  FROM M_RtpSetting  WHERE Sid = 1   AND State = 1   AND LTG_Code = 4 AND Gid = 41
sqlResult   map[result: count:0 state:0]
[2020-01-02 12:48:29] rtpData ------->   map[result: count:0 state:0] 
[GIN] 2020/01/02 - 12:48:29 | 200 |    2.459054ms |  192.168.66.115 | POST     /getResult
[2020-01-02 12:48:30] 自開彩開獎  {202001020769 6 36 true} 
ConfigData  map[redisIp:192.168.88.119 redisPassword:"" redisDB:3 port:3306 charset:utf8 user:fa_db password:1qaz!QAZ database:FA_MEM redisPort:6379 ip:192.168.88.181 poolname:FA_MEM]
SqlString  SELECT RTP,Amount,Bonus  FROM M_RtpSetting  WHERE Sid = 1   AND State = 1   AND LTG_Code = 6 AND Gid = 36
sqlResult   map[count:0 state:0 result:]
[2020-01-02 12:48:30] rtpData ------->   map[result: count:0 state:0] 
[GIN] 2020/01/02 - 12:48:30 | 200 |    2.456521ms |  192.168.66.115 | POST     /getResult
[2020-01-02 12:48:30] 自開彩開獎  {202001020769 5 38 true} 
ConfigData  map[redisIp:192.168.88.119 redisPort:6379 redisPassword:"" redisDB:3 database:FA_MEM charset:utf8 ip:192.168.88.181 poolname:FA_MEM port:3306 user:fa_db password:1qaz!QAZ]
SqlString  SELECT RTP,Amount,Bonus  FROM M_RtpSetting  WHERE Sid = 1   AND State = 1   AND LTG_Code = 5 AND Gid = 38
sqlResult   map[result: count:0 state:0]
[2020-01-02 12:48:30] rtpData ------->   map[result: count:0 state:0] 
[GIN] 2020/01/02 - 12:48:30 | 200 |    2.785083ms |  192.168.66.115 | POST     /getResult
[2020-01-02 12:48:31] 自開彩開獎  {202001020257 6 37 true} 
ConfigData  map[ip:192.168.88.181 poolname:FA_MEM port:3306 user:fa_db database:FA_MEM charset:utf8 redisDB:3 password:1qaz!QAZ redisIp:192.168.88.119 redisPort:6379 redisPassword:""]
SqlString  SELECT RTP,Amount,Bonus  FROM M_RtpSetting  WHERE Sid = 1   AND State = 1   AND LTG_Code = 6 AND Gid = 37
sqlResult   map[result: count:0 state:0]
[2020-01-02 12:48:31] rtpData ------->   map[result: count:0 state:0] 
[GIN] 2020/01/02 - 12:48:31 | 200 |    4.327811ms |  192.168.66.115 | POST     /getResult
[2020-01-02 12:48:33] 自開彩開獎  {202001020769 1 34 true} 
ConfigData  map[user:fa_db redisIp:192.168.88.119 redisDB:3 password:1qaz!QAZ database:FA_MEM charset:utf8 redisPort:6379 redisPassword:"" ip:192.168.88.181 poolname:FA_MEM port:3306]
SqlString  SELECT RTP,Amount,Bonus  FROM M_RtpSetting  WHERE Sid = 1   AND State = 1   AND LTG_Code = 1 AND Gid = 34
sqlResult   map[result: count:0 state:0]
[2020-01-02 12:48:33] rtpData ------->   map[state:0 result: count:0] 
[GIN] 2020/01/02 - 12:48:33 | 200 |    2.774126ms |  192.168.66.115 | POST     /getResult
[2020-01-02 12:48:35] 自開彩開獎  {202001020257 1 35 true} 
ConfigData  map[ip:192.168.88.181 password:1qaz!QAZ charset:utf8 redisPort:6379 redisDB:3 poolname:FA_MEM port:3306 user:fa_db database:FA_MEM redisIp:192.168.88.119 redisPassword:""]
SqlString  SELECT RTP,Amount,Bonus  FROM M_RtpSetting  WHERE Sid = 1   AND State = 1   AND LTG_Code = 1 AND Gid = 35
sqlResult   map[result: count:0 state:0]
[2020-01-02 12:48:35] rtpData ------->   map[result: count:0 state:0] 
[GIN] 2020/01/02 - 12:48:35 | 200 |    3.310601ms |  192.168.66.115 | POST     /getResult
[2020-01-02 12:48:35] 自開彩開獎  {202001020769 4 40 true} 
ConfigData  map[redisPort:6379 ip:192.168.88.181 database:FA_MEM redisIp:192.168.88.119 password:1qaz!QAZ charset:utf8 redisPassword:"" redisDB:3 poolname:FA_MEM port:3306 user:fa_db]
SqlString  SELECT RTP,Amount,Bonus  FROM M_RtpSetting  WHERE Sid = 1   AND State = 1   AND LTG_Code = 4 AND Gid = 40
sqlResult   map[state:0 result: count:0]
[2020-01-02 12:48:35] rtpData ------->   map[result: count:0 state:0] 
[GIN] 2020/01/02 - 12:48:35 | 200 |    3.234953ms |  192.168.66.115 | POST     /getResult
[2020-01-02 12:48:35] 自開彩開獎  {202001020257 4 41 true} 
ConfigData  map[redisDB:3 ip:192.168.88.181 port:3306 user:fa_db database:FA_MEM charset:utf8 redisPassword:"" poolname:FA_MEM password:1qaz!QAZ redisIp:192.168.88.119 redisPort:6379]
SqlString  SELECT RTP,Amount,Bonus  FROM M_RtpSetting  WHERE Sid = 1   AND State = 1   AND LTG_Code = 4 AND Gid = 41
sqlResult   map[count:0 state:0 result:]
[2020-01-02 12:48:35] rtpData ------->   map[result: count:0 state:0] 
[GIN] 2020/01/02 - 12:48:35 | 200 |    2.705052ms |  192.168.66.115 | POST     /getResult
[2020-01-02 12:48:36] 自開彩開獎  {202001020769 6 36 true} 
ConfigData  map[redisIp:192.168.88.119 redisPort:6379 redisDB:3 port:3306 database:FA_MEM charset:utf8 password:1qaz!QAZ redisPassword:"" ip:192.168.88.181 poolname:FA_MEM user:fa_db]
SqlString  SELECT RTP,Amount,Bonus  FROM M_RtpSetting  WHERE Sid = 1   AND State = 1   AND LTG_Code = 6 AND Gid = 36
sqlResult   map[count:0 state:0 result:]
[2020-01-02 12:48:36] rtpData ------->   map[result: count:0 state:0] 
[GIN] 2020/01/02 - 12:48:36 | 200 |    3.058888ms |  192.168.66.115 | POST     /getResult
[2020-01-02 12:48:36] 自開彩開獎  {202001020769 5 38 true} 
ConfigData  map[redisIp:192.168.88.119 redisDB:3 ip:192.168.88.181 poolname:FA_MEM port:3306 user:fa_db password:1qaz!QAZ charset:utf8 database:FA_MEM redisPort:6379 redisPassword:""]
SqlString  SELECT RTP,Amount,Bonus  FROM M_RtpSetting  WHERE Sid = 1   AND State = 1   AND LTG_Code = 5 AND Gid = 38
sqlResult   map[result: count:0 state:0]
[2020-01-02 12:48:36] rtpData ------->   map[result: count:0 state:0] 
[GIN] 2020/01/02 - 12:48:36 | 200 |    2.895852ms |  192.168.66.115 | POST     /getResult
[2020-01-02 12:48:37] 自開彩開獎  {202001020257 6 37 true} 
ConfigData  map[database:FA_MEM redisIp:192.168.88.119 redisDB:3 ip:192.168.88.181 user:fa_db password:1qaz!QAZ redisPort:6379 redisPassword:"" poolname:FA_MEM port:3306 charset:utf8]
SqlString  SELECT RTP,Amount,Bonus  FROM M_RtpSetting  WHERE Sid = 1   AND State = 1   AND LTG_Code = 6 AND Gid = 37
sqlResult   map[result: count:0 state:0]
[2020-01-02 12:48:37] rtpData ------->   map[result: count:0 state:0] 
[GIN] 2020/01/02 - 12:48:37 | 200 |    2.370249ms |  192.168.66.115 | POST     /getResult
[2020-01-02 12:48:39] 自開彩開獎  {202001020769 1 34 true} 
ConfigData  map[redisPassword:"" redisDB:3 user:fa_db password:1qaz!QAZ database:FA_MEM redisIp:192.168.88.119 redisPort:6379 ip:192.168.88.181 poolname:FA_MEM port:3306 charset:utf8]
SqlString  SELECT RTP,Amount,Bonus  FROM M_RtpSetting  WHERE Sid = 1   AND State = 1   AND LTG_Code = 1 AND Gid = 34
sqlResult   map[result: count:0 state:0]
[2020-01-02 12:48:39] rtpData ------->   map[result: count:0 state:0] 
[GIN] 2020/01/02 - 12:48:39 | 200 |    2.969581ms |  192.168.66.115 | POST     /getResult
[2020-01-02 12:48:41] 自開彩開獎  {202001020257 1 35 true} 
ConfigData  map[password:1qaz!QAZ charset:utf8 redisIp:192.168.88.119 ip:192.168.88.181 poolname:FA_MEM port:3306 redisPassword:"" redisDB:3 user:fa_db database:FA_MEM redisPort:6379]
SqlString  SELECT RTP,Amount,Bonus  FROM M_RtpSetting  WHERE Sid = 1   AND State = 1   AND LTG_Code = 1 AND Gid = 35
sqlResult   map[result: count:0 state:0]
[2020-01-02 12:48:41] rtpData ------->   map[state:0 result: count:0] 
[GIN] 2020/01/02 - 12:48:41 | 200 |    3.098363ms |  192.168.66.115 | POST     /getResult
[2020-01-02 12:48:41] 自開彩開獎  {202001020769 4 40 true} 
ConfigData  map[database:FA_MEM charset:utf8 redisPassword:"" poolname:FA_MEM password:1qaz!QAZ user:fa_db redisIp:192.168.88.119 redisPort:6379 redisDB:3 ip:192.168.88.181 port:3306]
SqlString  SELECT RTP,Amount,Bonus  FROM M_RtpSetting  WHERE Sid = 1   AND State = 1   AND LTG_Code = 4 AND Gid = 40
sqlResult   map[result: count:0 state:0]
[2020-01-02 12:48:41] rtpData ------->   map[result: count:0 state:0] 
[GIN] 2020/01/02 - 12:48:41 | 200 |    2.960406ms |  192.168.66.115 | POST     /getResult
[2020-01-02 12:48:41] 自開彩開獎  {202001020257 4 41 true} 
ConfigData  map[redisDB:3 charset:utf8 poolname:FA_MEM port:3306 user:fa_db password:1qaz!QAZ database:FA_MEM redisIp:192.168.88.119 redisPort:6379 ip:192.168.88.181 redisPassword:""]
SqlString  SELECT RTP,Amount,Bonus  FROM M_RtpSetting  WHERE Sid = 1   AND State = 1   AND LTG_Code = 4 AND Gid = 41
sqlResult   map[count:0 state:0 result:]
[2020-01-02 12:48:41] rtpData ------->   map[result: count:0 state:0] 
[GIN] 2020/01/02 - 12:48:41 | 200 |    2.369853ms |  192.168.66.115 | POST     /getResult
[2020-01-02 12:48:42] 自開彩開獎  {202001020769 6 36 true} 
ConfigData  map[charset:utf8 redisIp:192.168.88.119 redisPassword:"" poolname:FA_MEM user:fa_db password:1qaz!QAZ database:FA_MEM ip:192.168.88.181 port:3306 redisPort:6379 redisDB:3]
SqlString  SELECT RTP,Amount,Bonus  FROM M_RtpSetting  WHERE Sid = 1   AND State = 1   AND LTG_Code = 6 AND Gid = 36
sqlResult   map[result: count:0 state:0]
[2020-01-02 12:48:42] rtpData ------->   map[result: count:0 state:0] 
[GIN] 2020/01/02 - 12:48:42 | 200 |      2.7957ms |  192.168.66.115 | POST     /getResult
[2020-01-02 12:48:42] 自開彩開獎  {202001020769 5 38 true} 
ConfigData  map[port:3306 user:fa_db password:1qaz!QAZ redisPort:6379 redisPassword:"" redisDB:3 ip:192.168.88.181 poolname:FA_MEM database:FA_MEM charset:utf8 redisIp:192.168.88.119]
SqlString  SELECT RTP,Amount,Bonus  FROM M_RtpSetting  WHERE Sid = 1   AND State = 1   AND LTG_Code = 5 AND Gid = 38
sqlResult   map[result: count:0 state:0]
[2020-01-02 12:48:42] rtpData ------->   map[result: count:0 state:0] 
[GIN] 2020/01/02 - 12:48:42 | 200 |    2.929299ms |  192.168.66.115 | POST     /getResult
[2020-01-02 12:48:43] 自開彩開獎  {202001020257 6 37 true} 
ConfigData  map[ip:192.168.88.181 password:1qaz!QAZ redisPort:6379 redisIp:192.168.88.119 redisPassword:"" redisDB:3 poolname:FA_MEM port:3306 user:fa_db database:FA_MEM charset:utf8]
SqlString  SELECT RTP,Amount,Bonus  FROM M_RtpSetting  WHERE Sid = 1   AND State = 1   AND LTG_Code = 6 AND Gid = 37
sqlResult   map[count:0 state:0 result:]
[2020-01-02 12:48:43] rtpData ------->   map[result: count:0 state:0] 
[GIN] 2020/01/02 - 12:48:43 | 200 |    2.441515ms |  192.168.66.115 | POST     /getResult
[2020-01-02 12:48:45] 自開彩開獎  {202001020769 1 34 true} 
ConfigData  map[charset:utf8 redisPort:6379 redisPassword:"" redisDB:3 poolname:FA_MEM password:1qaz!QAZ database:FA_MEM redisIp:192.168.88.119 ip:192.168.88.181 port:3306 user:fa_db]
SqlString  SELECT RTP,Amount,Bonus  FROM M_RtpSetting  WHERE Sid = 1   AND State = 1   AND LTG_Code = 1 AND Gid = 34
sqlResult   map[result: count:0 state:0]
[2020-01-02 12:48:45] rtpData ------->   map[result: count:0 state:0] 
[GIN] 2020/01/02 - 12:48:45 | 200 |      2.6299ms |  192.168.66.115 | POST     /getResult
[2020-01-02 12:48:47] 自開彩開獎  {202001020257 1 35 true} 
ConfigData  map[poolname:FA_MEM port:3306 user:fa_db ip:192.168.88.181 database:FA_MEM charset:utf8 redisIp:192.168.88.119 redisPort:6379 redisPassword:"" redisDB:3 password:1qaz!QAZ]
SqlString  SELECT RTP,Amount,Bonus  FROM M_RtpSetting  WHERE Sid = 1   AND State = 1   AND LTG_Code = 1 AND Gid = 35
sqlResult   map[result: count:0 state:0]
[2020-01-02 12:48:47] rtpData ------->   map[result: count:0 state:0] 
[GIN] 2020/01/02 - 12:48:47 | 200 |    2.480326ms |  192.168.66.115 | POST     /getResult
[2020-01-02 12:48:47] 自開彩開獎  {202001020769 4 40 true} 
ConfigData  map[charset:utf8 redisPort:6379 redisPassword:"" ip:192.168.88.181 port:3306 user:fa_db redisIp:192.168.88.119 redisDB:3 poolname:FA_MEM password:1qaz!QAZ database:FA_MEM]
SqlString  SELECT RTP,Amount,Bonus  FROM M_RtpSetting  WHERE Sid = 1   AND State = 1   AND LTG_Code = 4 AND Gid = 40
sqlResult   map[result: count:0 state:0]
[2020-01-02 12:48:47] rtpData ------->   map[result: count:0 state:0] 
[GIN] 2020/01/02 - 12:48:47 | 200 |    2.350201ms |  192.168.66.115 | POST     /getResult
[2020-01-02 12:48:47] 自開彩開獎  {202001020257 4 41 true} 
ConfigData  map[ip:192.168.88.181 poolname:FA_MEM user:fa_db database:FA_MEM redisIp:192.168.88.119 port:3306 password:1qaz!QAZ charset:utf8 redisPort:6379 redisPassword:"" redisDB:3]
SqlString  SELECT RTP,Amount,Bonus  FROM M_RtpSetting  WHERE Sid = 1   AND State = 1   AND LTG_Code = 4 AND Gid = 41
sqlResult   map[result: count:0 state:0]
[2020-01-02 12:48:47] rtpData ------->   map[result: count:0 state:0] 
[GIN] 2020/01/02 - 12:48:47 | 200 |     2.63872ms |  192.168.66.115 | POST     /getResult
[2020-01-02 12:48:48] 自開彩開獎  {202001020769 6 36 true} 
ConfigData  map[ip:192.168.88.181 poolname:FA_MEM password:1qaz!QAZ port:3306 user:fa_db database:FA_MEM charset:utf8 redisIp:192.168.88.119 redisPort:6379 redisPassword:"" redisDB:3]
SqlString  SELECT RTP,Amount,Bonus  FROM M_RtpSetting  WHERE Sid = 1   AND State = 1   AND LTG_Code = 6 AND Gid = 36
sqlResult   map[result: count:0 state:0]
[2020-01-02 12:48:48] rtpData ------->   map[result: count:0 state:0] 
[GIN] 2020/01/02 - 12:48:48 | 200 |    2.625196ms |  192.168.66.115 | POST     /getResult
[2020-01-02 12:48:48] 自開彩開獎  {202001020769 5 38 true} 
ConfigData  map[redisPort:6379 redisPassword:"" redisDB:3 ip:192.168.88.181 poolname:FA_MEM port:3306 password:1qaz!QAZ redisIp:192.168.88.119 user:fa_db database:FA_MEM charset:utf8]
SqlString  SELECT RTP,Amount,Bonus  FROM M_RtpSetting  WHERE Sid = 1   AND State = 1   AND LTG_Code = 5 AND Gid = 38
sqlResult   map[result: count:0 state:0]
[2020-01-02 12:48:48] rtpData ------->   map[result: count:0 state:0] 
[GIN] 2020/01/02 - 12:48:48 | 200 |    2.550915ms |  192.168.66.115 | POST     /getResult
[2020-01-02 12:48:49] 自開彩開獎  {202001020257 6 37 true} 
ConfigData  map[ip:192.168.88.181 redisPassword:"" redisDB:3 redisIp:192.168.88.119 redisPort:6379 poolname:FA_MEM port:3306 user:fa_db password:1qaz!QAZ database:FA_MEM charset:utf8]
SqlString  SELECT RTP,Amount,Bonus  FROM M_RtpSetting  WHERE Sid = 1   AND State = 1   AND LTG_Code = 6 AND Gid = 37
sqlResult   map[result: count:0 state:0]
[2020-01-02 12:48:49] rtpData ------->   map[result: count:0 state:0] 
[GIN] 2020/01/02 - 12:48:49 | 200 |    2.626028ms |  192.168.66.115 | POST     /getResult
[2020-01-02 12:48:51] 自開彩開獎  {202001020769 1 34 true} 
ConfigData  map[database:FA_MEM charset:utf8 redisPort:6379 redisPassword:"" redisDB:3 ip:192.168.88.181 port:3306 user:fa_db password:1qaz!QAZ redisIp:192.168.88.119 poolname:FA_MEM]
SqlString  SELECT RTP,Amount,Bonus  FROM M_RtpSetting  WHERE Sid = 1   AND State = 1   AND LTG_Code = 1 AND Gid = 34
sqlResult   map[result: count:0 state:0]
[2020-01-02 12:48:51] rtpData ------->   map[result: count:0 state:0] 
[GIN] 2020/01/02 - 12:48:51 | 200 |    2.329937ms |  192.168.66.115 | POST     /getResult
[2020-01-02 12:48:53] 自開彩開獎  {202001020257 1 35 true} 
ConfigData  map[charset:utf8 redisPort:6379 user:fa_db poolname:FA_MEM port:3306 password:1qaz!QAZ database:FA_MEM redisIp:192.168.88.119 redisPassword:"" redisDB:3 ip:192.168.88.181]
SqlString  SELECT RTP,Amount,Bonus  FROM M_RtpSetting  WHERE Sid = 1   AND State = 1   AND LTG_Code = 1 AND Gid = 35
sqlResult   map[result: count:0 state:0]
[2020-01-02 12:48:53] rtpData ------->   map[result: count:0 state:0] 
[GIN] 2020/01/02 - 12:48:53 | 200 |    2.658467ms |  192.168.66.115 | POST     /getResult
[2020-01-02 12:48:53] 自開彩開獎  {202001020769 4 40 true} 
ConfigData  map[ip:192.168.88.181 user:fa_db password:1qaz!QAZ charset:utf8 redisIp:192.168.88.119 redisPassword:"" poolname:FA_MEM port:3306 database:FA_MEM redisPort:6379 redisDB:3]
SqlString  SELECT RTP,Amount,Bonus  FROM M_RtpSetting  WHERE Sid = 1   AND State = 1   AND LTG_Code = 4 AND Gid = 40
sqlResult   map[result: count:0 state:0]
[2020-01-02 12:48:53] rtpData ------->   map[result: count:0 state:0] 
[GIN] 2020/01/02 - 12:48:53 | 200 |     3.07102ms |  192.168.66.115 | POST     /getResult
[2020-01-02 12:48:53] 自開彩開獎  {202001020257 4 41 true} 
ConfigData  map[poolname:FA_MEM charset:utf8 redisPassword:"" redisDB:3 ip:192.168.88.181 port:3306 user:fa_db password:1qaz!QAZ database:FA_MEM redisIp:192.168.88.119 redisPort:6379]
SqlString  SELECT RTP,Amount,Bonus  FROM M_RtpSetting  WHERE Sid = 1   AND State = 1   AND LTG_Code = 4 AND Gid = 41
sqlResult   map[result: count:0 state:0]
[2020-01-02 12:48:53] rtpData ------->   map[state:0 result: count:0] 
[GIN] 2020/01/02 - 12:48:53 | 200 |    2.457262ms |  192.168.66.115 | POST     /getResult
[2020-01-02 12:48:54] 自開彩開獎  {202001020769 6 36 true} 
ConfigData  map[port:3306 password:1qaz!QAZ database:FA_MEM charset:utf8 redisDB:3 ip:192.168.88.181 poolname:FA_MEM user:fa_db redisIp:192.168.88.119 redisPort:6379 redisPassword:""]
SqlString  SELECT RTP,Amount,Bonus  FROM M_RtpSetting  WHERE Sid = 1   AND State = 1   AND LTG_Code = 6 AND Gid = 36
sqlResult   map[result: count:0 state:0]
[2020-01-02 12:48:54] rtpData ------->   map[result: count:0 state:0] 
[GIN] 2020/01/02 - 12:48:54 | 200 |    2.605781ms |  192.168.66.115 | POST     /getResult
[2020-01-02 12:48:54] 自開彩開獎  {202001020769 5 38 true} 
ConfigData  map[database:FA_MEM redisPort:6379 ip:192.168.88.181 poolname:FA_MEM password:1qaz!QAZ redisIp:192.168.88.119 redisPassword:"" redisDB:3 port:3306 user:fa_db charset:utf8]
SqlString  SELECT RTP,Amount,Bonus  FROM M_RtpSetting  WHERE Sid = 1   AND State = 1   AND LTG_Code = 5 AND Gid = 38
sqlResult   map[result: count:0 state:0]
[2020-01-02 12:48:54] rtpData ------->   map[count:0 state:0 result:] 
[GIN] 2020/01/02 - 12:48:54 | 200 |    2.723423ms |  192.168.66.115 | POST     /getResult
[2020-01-02 12:48:55] 自開彩開獎  {202001020257 6 37 true} 
ConfigData  map[redisIp:192.168.88.119 redisPassword:"" redisDB:3 ip:192.168.88.181 port:3306 user:fa_db password:1qaz!QAZ poolname:FA_MEM database:FA_MEM charset:utf8 redisPort:6379]
SqlString  SELECT RTP,Amount,Bonus  FROM M_RtpSetting  WHERE Sid = 1   AND State = 1   AND LTG_Code = 6 AND Gid = 37
sqlResult   map[result: count:0 state:0]
[2020-01-02 12:48:55] rtpData ------->   map[result: count:0 state:0] 
[GIN] 2020/01/02 - 12:48:55 | 200 |    3.130035ms |  192.168.66.115 | POST     /getResult
[2020-01-02 12:48:57] 自開彩開獎  {202001020769 1 34 true} 
ConfigData  map[database:FA_MEM redisPort:6379 redisPassword:"" redisDB:3 port:3306 poolname:FA_MEM user:fa_db password:1qaz!QAZ charset:utf8 redisIp:192.168.88.119 ip:192.168.88.181]
SqlString  SELECT RTP,Amount,Bonus  FROM M_RtpSetting  WHERE Sid = 1   AND State = 1   AND LTG_Code = 1 AND Gid = 34
sqlResult   map[result: count:0 state:0]
[2020-01-02 12:48:57] rtpData ------->   map[result: count:0 state:0] 
[GIN] 2020/01/02 - 12:48:57 | 200 |    2.727122ms |  192.168.66.115 | POST     /getResult
[2020-01-02 12:48:59] 自開彩開獎  {202001020257 1 35 true} 
ConfigData  map[poolname:FA_MEM password:1qaz!QAZ charset:utf8 redisIp:192.168.88.119 redisPort:6379 redisPassword:"" redisDB:3 ip:192.168.88.181 port:3306 user:fa_db database:FA_MEM]
SqlString  SELECT RTP,Amount,Bonus  FROM M_RtpSetting  WHERE Sid = 1   AND State = 1   AND LTG_Code = 1 AND Gid = 35
sqlResult   map[result: count:0 state:0]
[2020-01-02 12:48:59] rtpData ------->   map[result: count:0 state:0] 
[GIN] 2020/01/02 - 12:48:59 | 200 |    3.027848ms |  192.168.66.115 | POST     /getResult
[2020-01-02 12:48:59] 自開彩開獎  {202001020769 4 40 true} 
ConfigData  map[redisDB:3 redisPassword:"" poolname:FA_MEM port:3306 user:fa_db password:1qaz!QAZ database:FA_MEM charset:utf8 redisIp:192.168.88.119 ip:192.168.88.181 redisPort:6379]
SqlString  SELECT RTP,Amount,Bonus  FROM M_RtpSetting  WHERE Sid = 1   AND State = 1   AND LTG_Code = 4 AND Gid = 40
sqlResult   map[result: count:0 state:0]
[2020-01-02 12:48:59] rtpData ------->   map[result: count:0 state:0] 
[GIN] 2020/01/02 - 12:48:59 | 200 |    2.436871ms |  192.168.66.115 | POST     /getResult
[2020-01-02 12:48:59] 自開彩開獎  {202001020257 4 41 true} 
ConfigData  map[redisPort:6379 redisDB:3 ip:192.168.88.181 database:FA_MEM user:fa_db password:1qaz!QAZ charset:utf8 redisIp:192.168.88.119 redisPassword:"" poolname:FA_MEM port:3306]
SqlString  SELECT RTP,Amount,Bonus  FROM M_RtpSetting  WHERE Sid = 1   AND State = 1   AND LTG_Code = 4 AND Gid = 41
sqlResult   map[result: count:0 state:0]
[2020-01-02 12:48:59] rtpData ------->   map[result: count:0 state:0] 
[GIN] 2020/01/02 - 12:48:59 | 200 |    2.404628ms |  192.168.66.115 | POST     /getResult
[2020-01-02 12:49:00] 自開彩開獎  {202001020769 6 36 true} 
ConfigData  map[user:fa_db database:FA_MEM charset:utf8 redisIp:192.168.88.119 redisPort:6379 port:3306 poolname:FA_MEM password:1qaz!QAZ redisPassword:"" redisDB:3 ip:192.168.88.181]
SqlString  SELECT RTP,Amount,Bonus  FROM M_RtpSetting  WHERE Sid = 1   AND State = 1   AND LTG_Code = 6 AND Gid = 36
sqlResult   map[state:0 result: count:0]
[2020-01-02 12:49:00] rtpData ------->   map[state:0 result: count:0] 
[GIN] 2020/01/02 - 12:49:00 | 200 |     2.07491ms |  192.168.66.115 | POST     /getResult
[2020-01-02 12:49:00] 自開彩開獎  {202001020769 5 38 true} 
ConfigData  map[poolname:FA_MEM port:3306 redisIp:192.168.88.119 redisPort:6379 redisDB:3 ip:192.168.88.181 password:1qaz!QAZ database:FA_MEM charset:utf8 redisPassword:"" user:fa_db]
SqlString  SELECT RTP,Amount,Bonus  FROM M_RtpSetting  WHERE Sid = 1   AND State = 1   AND LTG_Code = 5 AND Gid = 38
sqlResult   map[result: count:0 state:0]
[2020-01-02 12:49:00] rtpData ------->   map[result: count:0 state:0] 
[GIN] 2020/01/02 - 12:49:00 | 200 |    2.532147ms |  192.168.66.115 | POST     /getResult
[2020-01-02 12:49:00] 自開彩開獎  {202001020770 2 26 true} 
ConfigData  map[ip:192.168.88.181 password:1qaz!QAZ database:FA_MEM redisIp:192.168.88.119 redisPort:6379 redisPassword:"" poolname:FA_MEM port:3306 user:fa_db charset:utf8 redisDB:3]
SqlString  SELECT RTP,Amount,Bonus  FROM M_RtpSetting  WHERE Sid = 1   AND State = 1   AND LTG_Code = 2 AND Gid = 26
sqlResult   map[state:1 amount:1.0069588e+06 bonus:908100.71 result:0.9600 count:1]
[2020-01-02 12:49:00] rtpData ------->   map[result:0.9600 count:1 state:1 amount:1.0069588e+06 bonus:908100.71] 
ConfigData  map[poolname:FA_MEM port:3306 database:FA_MEM redisIp:192.168.88.119 redisDB:3 ip:192.168.88.181 user:fa_db password:1qaz!QAZ charset:utf8 redisPort:6379 redisPassword:""]
SELECT BO_No, BO_OrderNo , BO_User , BO_Issue  , BO_LotteryTypeGroup, BO_LotteryType, BO_Mode, BO_LotteryPlayGroup, BO_LotteryPlay , BO_LotteryContent, BO_Price, BO_RealPrice, BO_Unit, BO_Multiple , BO_BetCount  , BO_Winnings, BO_Winnings2, BO_Winnings3, BO_WinningLimit  , BO_Water , BO_BW_SourceUserId, BO_BW_BackWater, BO_BW_LimitBetCount, BO_BW_MaxAmount, BO_BW_AuditMultiple  , BO_Odds, BO_Odds2, BO_Odds3 , BO_Type, BO_Chase , BO_OpenResult, BO_OpenResult2, BO_DateDraw, BO_DateDraw2, BO_DateUpdate  FROM TS_BetOrder  WHERE BO_Cancel = 0   AND BO_CancelBackend = 0   AND BO_LotteryTypeGroup = 2 AND BO_LotteryType = 26 AND BO_Issue = 202001020770 AND BO_Collect = 0 ORDER BY BO_DateDraw ASC, BO_DateCreate ASC, BO_DateUpdate ASC, BO_No ASC ;
[2020-01-02 12:49:00] LottteryTypeGroup 2 
[2020-01-02 12:49:00] 有期號 但無注單 -------> map[amount:0 bonus:0 thisOpenResult:[7 1 8 8 5]] 
[GIN] 2020/01/02 - 12:49:00 | 200 |    4.671824ms |  192.168.66.115 | POST     /getResult
[2020-01-02 12:49:01] 自開彩開獎  {202001020257 6 37 true} 
ConfigData  map[redisIp:192.168.88.119 redisDB:3 port:3306 password:1qaz!QAZ database:FA_MEM charset:utf8 redisPassword:"" ip:192.168.88.181 poolname:FA_MEM user:fa_db redisPort:6379]
SqlString  SELECT RTP,Amount,Bonus  FROM M_RtpSetting  WHERE Sid = 1   AND State = 1   AND LTG_Code = 6 AND Gid = 37
sqlResult   map[state:0 result: count:0]
[2020-01-02 12:49:01] rtpData ------->   map[count:0 state:0 result:] 
[GIN] 2020/01/02 - 12:49:01 | 200 |    4.414276ms |  192.168.66.115 | POST     /getResult
[2020-01-02 12:49:03] 自開彩開獎  {202001020769 1 34 true} 
ConfigData  map[port:3306 user:fa_db redisPort:6379 redisPassword:"" ip:192.168.88.181 password:1qaz!QAZ database:FA_MEM charset:utf8 redisIp:192.168.88.119 redisDB:3 poolname:FA_MEM]
SqlString  SELECT RTP,Amount,Bonus  FROM M_RtpSetting  WHERE Sid = 1   AND State = 1   AND LTG_Code = 1 AND Gid = 34
sqlResult   map[result: count:0 state:0]
[2020-01-02 12:49:03] rtpData ------->   map[count:0 state:0 result:] 
[GIN] 2020/01/02 - 12:49:03 | 200 |    2.239038ms |  192.168.66.115 | POST     /getResult
[2020-01-02 12:49:05] 自開彩開獎  {202001020257 1 35 true} 
ConfigData  map[port:3306 password:1qaz!QAZ charset:utf8 redisPassword:"" redisDB:3 ip:192.168.88.181 poolname:FA_MEM user:fa_db database:FA_MEM redisIp:192.168.88.119 redisPort:6379]
SqlString  SELECT RTP,Amount,Bonus  FROM M_RtpSetting  WHERE Sid = 1   AND State = 1   AND LTG_Code = 1 AND Gid = 35
sqlResult   map[count:0 state:0 result:]
[2020-01-02 12:49:05] rtpData ------->   map[result: count:0 state:0] 
[GIN] 2020/01/02 - 12:49:05 | 200 |    2.370892ms |  192.168.66.115 | POST     /getResult
[2020-01-02 12:49:05] 自開彩開獎  {202001020769 4 40 true} 
ConfigData  map[password:1qaz!QAZ redisPort:6379 redisPassword:"" redisIp:192.168.88.119 redisDB:3 ip:192.168.88.181 poolname:FA_MEM port:3306 user:fa_db database:FA_MEM charset:utf8]
SqlString  SELECT RTP,Amount,Bonus  FROM M_RtpSetting  WHERE Sid = 1   AND State = 1   AND LTG_Code = 4 AND Gid = 40
sqlResult   map[state:0 result: count:0]
[2020-01-02 12:49:05] rtpData ------->   map[state:0 result: count:0] 
[GIN] 2020/01/02 - 12:49:05 | 200 |    3.093559ms |  192.168.66.115 | POST     /getResult
[2020-01-02 12:49:05] 自開彩開獎  {202001020257 4 41 true} 
ConfigData  map[port:3306 user:fa_db charset:utf8 redisPort:6379 redisDB:3 ip:192.168.88.181 poolname:FA_MEM password:1qaz!QAZ database:FA_MEM redisIp:192.168.88.119 redisPassword:""]
SqlString  SELECT RTP,Amount,Bonus  FROM M_RtpSetting  WHERE Sid = 1   AND State = 1   AND LTG_Code = 4 AND Gid = 41
sqlResult   map[state:0 result: count:0]
[2020-01-02 12:49:05] rtpData ------->   map[result: count:0 state:0] 
[GIN] 2020/01/02 - 12:49:05 | 200 |    2.403408ms |  192.168.66.115 | POST     /getResult
[2020-01-02 12:49:06] 自開彩開獎  {202001020770 6 36 true} 
ConfigData  map[ip:192.168.88.181 charset:utf8 redisPort:6379 redisPassword:"" redisDB:3 poolname:FA_MEM port:3306 user:fa_db password:1qaz!QAZ database:FA_MEM redisIp:192.168.88.119]
SqlString  SELECT RTP,Amount,Bonus  FROM M_RtpSetting  WHERE Sid = 1   AND State = 1   AND LTG_Code = 6 AND Gid = 36
sqlResult   map[count:0 state:0 result:]
[2020-01-02 12:49:06] rtpData ------->   map[state:0 result: count:0] 
[GIN] 2020/01/02 - 12:49:06 | 200 |    2.544359ms |  192.168.66.115 | POST     /getResult
[2020-01-02 12:49:06] 自開彩開獎  {202001020770 5 38 true} 
ConfigData  map[ip:192.168.88.181 poolname:FA_MEM port:3306 password:1qaz!QAZ redisPort:6379 redisDB:3 user:fa_db database:FA_MEM charset:utf8 redisIp:192.168.88.119 redisPassword:""]
SqlString  SELECT RTP,Amount,Bonus  FROM M_RtpSetting  WHERE Sid = 1   AND State = 1   AND LTG_Code = 5 AND Gid = 38
sqlResult   map[result: count:0 state:0]
[2020-01-02 12:49:06] rtpData ------->   map[state:0 result: count:0] 
[GIN] 2020/01/02 - 12:49:06 | 200 |    2.766043ms |  192.168.66.115 | POST     /getResult
[2020-01-02 12:49:09] 自開彩開獎  {202001020770 1 34 true} 
ConfigData  map[ip:192.168.88.181 port:3306 redisIp:192.168.88.119 redisPort:6379 redisPassword:"" redisDB:3 poolname:FA_MEM user:fa_db password:1qaz!QAZ database:FA_MEM charset:utf8]
SqlString  SELECT RTP,Amount,Bonus  FROM M_RtpSetting  WHERE Sid = 1   AND State = 1   AND LTG_Code = 1 AND Gid = 34
sqlResult   map[result: count:0 state:0]
[2020-01-02 12:49:09] rtpData ------->   map[result: count:0 state:0] 
[GIN] 2020/01/02 - 12:49:09 | 200 |    2.943391ms |  192.168.66.115 | POST     /getResult
[2020-01-02 12:49:11] 自開彩開獎  {202001020257 1 35 true} 
ConfigData  map[user:fa_db database:FA_MEM charset:utf8 redisDB:3 ip:192.168.88.181 poolname:FA_MEM port:3306 redisPassword:"" password:1qaz!QAZ redisIp:192.168.88.119 redisPort:6379]
SqlString  SELECT RTP,Amount,Bonus  FROM M_RtpSetting  WHERE Sid = 1   AND State = 1   AND LTG_Code = 1 AND Gid = 35
sqlResult   map[state:0 result: count:0]
[2020-01-02 12:49:11] rtpData ------->   map[result: count:0 state:0] 
[GIN] 2020/01/02 - 12:49:11 | 200 |    3.768487ms |  192.168.66.115 | POST     /getResult
[2020-01-02 12:49:11] 自開彩開獎  {202001020770 4 40 true} 
ConfigData  map[password:1qaz!QAZ database:FA_MEM charset:utf8 redisIp:192.168.88.119 redisPort:6379 redisPassword:"" port:3306 user:fa_db redisDB:3 ip:192.168.88.181 poolname:FA_MEM]
SqlString  SELECT RTP,Amount,Bonus  FROM M_RtpSetting  WHERE Sid = 1   AND State = 1   AND LTG_Code = 4 AND Gid = 40
sqlResult   map[result: count:0 state:0]
[2020-01-02 12:49:11] rtpData ------->   map[state:0 result: count:0] 
[GIN] 2020/01/02 - 12:49:11 | 200 |    3.318892ms |  192.168.66.115 | POST     /getResult
[2020-01-02 12:49:11] 自開彩開獎  {202001020257 4 41 true} 
ConfigData  map[port:3306 user:fa_db password:1qaz!QAZ charset:utf8 redisPassword:"" redisDB:3 ip:192.168.88.181 poolname:FA_MEM database:FA_MEM redisIp:192.168.88.119 redisPort:6379]
SqlString  SELECT RTP,Amount,Bonus  FROM M_RtpSetting  WHERE Sid = 1   AND State = 1   AND LTG_Code = 4 AND Gid = 41
sqlResult   map[result: count:0 state:0]
[2020-01-02 12:49:11] rtpData ------->   map[result: count:0 state:0] 
[GIN] 2020/01/02 - 12:49:11 | 200 |    2.296797ms |  192.168.66.115 | POST     /getResult
[2020-01-02 12:49:12] 自開彩開獎  {202001020770 6 36 true} 
ConfigData  map[password:1qaz!QAZ database:FA_MEM charset:utf8 redisIp:192.168.88.119 redisPassword:"" ip:192.168.88.181 port:3306 user:fa_db poolname:FA_MEM redisPort:6379 redisDB:3]
SqlString  SELECT RTP,Amount,Bonus  FROM M_RtpSetting  WHERE Sid = 1   AND State = 1   AND LTG_Code = 6 AND Gid = 36
sqlResult   map[result: count:0 state:0]
[2020-01-02 12:49:12] rtpData ------->   map[result: count:0 state:0] 
[GIN] 2020/01/02 - 12:49:12 | 200 |    2.588771ms |  192.168.66.115 | POST     /getResult
[2020-01-02 12:49:12] 自開彩開獎  {202001020770 5 38 true} 
ConfigData  map[ip:192.168.88.181 port:3306 charset:utf8 poolname:FA_MEM user:fa_db password:1qaz!QAZ database:FA_MEM redisIp:192.168.88.119 redisPort:6379 redisPassword:"" redisDB:3]
SqlString  SELECT RTP,Amount,Bonus  FROM M_RtpSetting  WHERE Sid = 1   AND State = 1   AND LTG_Code = 5 AND Gid = 38
sqlResult   map[result: count:0 state:0]
[2020-01-02 12:49:12] rtpData ------->   map[count:0 state:0 result:] 
[GIN] 2020/01/02 - 12:49:12 | 200 |     2.80937ms |  192.168.66.115 | POST     /getResult
[2020-01-02 12:49:15] 自開彩開獎  {202001020770 1 34 true} 
ConfigData  map[ip:192.168.88.181 port:3306 charset:utf8 redisIp:192.168.88.119 redisPort:6379 redisPassword:"" redisDB:3 poolname:FA_MEM user:fa_db password:1qaz!QAZ database:FA_MEM]
SqlString  SELECT RTP,Amount,Bonus  FROM M_RtpSetting  WHERE Sid = 1   AND State = 1   AND LTG_Code = 1 AND Gid = 34
sqlResult   map[result: count:0 state:0]
[2020-01-02 12:49:15] rtpData ------->   map[result: count:0 state:0] 
[GIN] 2020/01/02 - 12:49:15 | 200 |    2.911459ms |  192.168.66.115 | POST     /getResult
[2020-01-02 12:49:17] 自開彩開獎  {202001020257 1 35 true} 
ConfigData  map[port:3306 password:1qaz!QAZ charset:utf8 redisPort:6379 redisPassword:"" ip:192.168.88.181 poolname:FA_MEM redisIp:192.168.88.119 redisDB:3 user:fa_db database:FA_MEM]
SqlString  SELECT RTP,Amount,Bonus  FROM M_RtpSetting  WHERE Sid = 1   AND State = 1   AND LTG_Code = 1 AND Gid = 35
sqlResult   map[state:0 result: count:0]
[2020-01-02 12:49:17] rtpData ------->   map[result: count:0 state:0] 
[GIN] 2020/01/02 - 12:49:17 | 200 |    3.491741ms |  192.168.66.115 | POST     /getResult
[2020-01-02 12:49:17] 自開彩開獎  {202001020770 4 40 true} 
ConfigData  map[ip:192.168.88.181 poolname:FA_MEM database:FA_MEM redisDB:3 port:3306 user:fa_db password:1qaz!QAZ charset:utf8 redisIp:192.168.88.119 redisPort:6379 redisPassword:""]
SqlString  SELECT RTP,Amount,Bonus  FROM M_RtpSetting  WHERE Sid = 1   AND State = 1   AND LTG_Code = 4 AND Gid = 40
sqlResult   map[count:0 state:0 result:]
[2020-01-02 12:49:17] rtpData ------->   map[result: count:0 state:0] 
[GIN] 2020/01/02 - 12:49:17 | 200 |    2.764206ms |  192.168.66.115 | POST     /getResult
[2020-01-02 12:49:17] 自開彩開獎  {202001020257 4 41 true} 
ConfigData  map[redisDB:3 poolname:FA_MEM user:fa_db password:1qaz!QAZ database:FA_MEM redisPort:6379 ip:192.168.88.181 port:3306 charset:utf8 redisIp:192.168.88.119 redisPassword:""]
SqlString  SELECT RTP,Amount,Bonus  FROM M_RtpSetting  WHERE Sid = 1   AND State = 1   AND LTG_Code = 4 AND Gid = 41
sqlResult   map[result: count:0 state:0]
[2020-01-02 12:49:17] rtpData ------->   map[result: count:0 state:0] 
[GIN] 2020/01/02 - 12:49:17 | 200 |    1.955869ms |  192.168.66.115 | POST     /getResult
[2020-01-02 12:49:18] 自開彩開獎  {202001020770 6 36 true} 
ConfigData  map[redisIp:192.168.88.119 redisPort:6379 redisDB:3 ip:192.168.88.181 poolname:FA_MEM user:fa_db password:1qaz!QAZ charset:utf8 port:3306 database:FA_MEM redisPassword:""]
SqlString  SELECT RTP,Amount,Bonus  FROM M_RtpSetting  WHERE Sid = 1   AND State = 1   AND LTG_Code = 6 AND Gid = 36
sqlResult   map[result: count:0 state:0]
[2020-01-02 12:49:18] rtpData ------->   map[state:0 result: count:0] 
[GIN] 2020/01/02 - 12:49:18 | 200 |    2.771401ms |  192.168.66.115 | POST     /getResult
[2020-01-02 12:49:18] 自開彩開獎  {202001020770 5 38 true} 
ConfigData  map[ip:192.168.88.181 port:3306 password:1qaz!QAZ database:FA_MEM redisPassword:"" poolname:FA_MEM user:fa_db charset:utf8 redisIp:192.168.88.119 redisPort:6379 redisDB:3]
SqlString  SELECT RTP,Amount,Bonus  FROM M_RtpSetting  WHERE Sid = 1   AND State = 1   AND LTG_Code = 5 AND Gid = 38
sqlResult   map[result: count:0 state:0]
[2020-01-02 12:49:18] rtpData ------->   map[state:0 result: count:0] 
[GIN] 2020/01/02 - 12:49:18 | 200 |    2.948267ms |  192.168.66.115 | POST     /getResult
[2020-01-02 12:49:21] 自開彩開獎  {202001020770 1 34 true} 
ConfigData  map[port:3306 password:1qaz!QAZ database:FA_MEM redisPort:6379 redisPassword:"" redisDB:3 ip:192.168.88.181 poolname:FA_MEM user:fa_db charset:utf8 redisIp:192.168.88.119]
SqlString  SELECT RTP,Amount,Bonus  FROM M_RtpSetting  WHERE Sid = 1   AND State = 1   AND LTG_Code = 1 AND Gid = 34
sqlResult   map[result: count:0 state:0]
[2020-01-02 12:49:21] rtpData ------->   map[result: count:0 state:0] 
[GIN] 2020/01/02 - 12:49:21 | 200 |    2.525019ms |  192.168.66.115 | POST     /getResult
[2020-01-02 12:49:23] 自開彩開獎  {202001020257 1 35 true} 
ConfigData  map[ip:192.168.88.181 port:3306 password:1qaz!QAZ database:FA_MEM charset:utf8 redisPort:6379 redisPassword:"" poolname:FA_MEM user:fa_db redisIp:192.168.88.119 redisDB:3]
SqlString  SELECT RTP,Amount,Bonus  FROM M_RtpSetting  WHERE Sid = 1   AND State = 1   AND LTG_Code = 1 AND Gid = 35
sqlResult   map[state:0 result: count:0]
[2020-01-02 12:49:23] rtpData ------->   map[state:0 result: count:0] 
[GIN] 2020/01/02 - 12:49:23 | 200 |    2.942108ms |  192.168.66.115 | POST     /getResult
[2020-01-02 12:49:23] 自開彩開獎  {202001020770 4 40 true} 
ConfigData  map[redisIp:192.168.88.119 redisPort:6379 redisPassword:"" redisDB:3 ip:192.168.88.181 port:3306 user:fa_db database:FA_MEM poolname:FA_MEM password:1qaz!QAZ charset:utf8]
SqlString  SELECT RTP,Amount,Bonus  FROM M_RtpSetting  WHERE Sid = 1   AND State = 1   AND LTG_Code = 4 AND Gid = 40
sqlResult   map[result: count:0 state:0]
[2020-01-02 12:49:23] rtpData ------->   map[result: count:0 state:0] 
[GIN] 2020/01/02 - 12:49:23 | 200 |    3.006845ms |  192.168.66.115 | POST     /getResult
[2020-01-02 12:49:23] 自開彩開獎  {202001020257 4 41 true} 
ConfigData  map[user:fa_db password:1qaz!QAZ redisIp:192.168.88.119 redisPort:6379 redisPassword:"" redisDB:3 port:3306 poolname:FA_MEM database:FA_MEM charset:utf8 ip:192.168.88.181]
SqlString  SELECT RTP,Amount,Bonus  FROM M_RtpSetting  WHERE Sid = 1   AND State = 1   AND LTG_Code = 4 AND Gid = 41
sqlResult   map[result: count:0 state:0]
[2020-01-02 12:49:23] rtpData ------->   map[count:0 state:0 result:] 
[GIN] 2020/01/02 - 12:49:23 | 200 |    2.230582ms |  192.168.66.115 | POST     /getResult
[2020-01-02 12:49:24] 自開彩開獎  {202001020770 6 36 true} 
ConfigData  map[user:fa_db password:1qaz!QAZ redisPassword:"" poolname:FA_MEM port:3306 database:FA_MEM charset:utf8 redisIp:192.168.88.119 redisPort:6379 redisDB:3 ip:192.168.88.181]
SqlString  SELECT RTP,Amount,Bonus  FROM M_RtpSetting  WHERE Sid = 1   AND State = 1   AND LTG_Code = 6 AND Gid = 36
sqlResult   map[result: count:0 state:0]
[2020-01-02 12:49:24] rtpData ------->   map[state:0 result: count:0] 
[GIN] 2020/01/02 - 12:49:24 | 200 |    2.358306ms |  192.168.66.115 | POST     /getResult
[2020-01-02 12:49:24] 自開彩開獎  {202001020770 5 38 true} 
ConfigData  map[ip:192.168.88.181 poolname:FA_MEM port:3306 database:FA_MEM redisDB:3 user:fa_db password:1qaz!QAZ charset:utf8 redisIp:192.168.88.119 redisPort:6379 redisPassword:""]
SqlString  SELECT RTP,Amount,Bonus  FROM M_RtpSetting  WHERE Sid = 1   AND State = 1   AND LTG_Code = 5 AND Gid = 38
sqlResult   map[result: count:0 state:0]
[2020-01-02 12:49:24] rtpData ------->   map[count:0 state:0 result:] 
[GIN] 2020/01/02 - 12:49:24 | 200 |    3.251307ms |  192.168.66.115 | POST     /getResult
[2020-01-02 12:49:27] 自開彩開獎  {202001020770 1 34 true} 
ConfigData  map[redisIp:192.168.88.119 redisPort:6379 ip:192.168.88.181 user:fa_db database:FA_MEM charset:utf8 redisPassword:"" redisDB:3 poolname:FA_MEM port:3306 password:1qaz!QAZ]
SqlString  SELECT RTP,Amount,Bonus  FROM M_RtpSetting  WHERE Sid = 1   AND State = 1   AND LTG_Code = 1 AND Gid = 34
sqlResult   map[result: count:0 state:0]
[2020-01-02 12:49:27] rtpData ------->   map[result: count:0 state:0] 
[GIN] 2020/01/02 - 12:49:27 | 200 |    3.125556ms |  192.168.66.115 | POST     /getResult
[2020-01-02 12:49:29] 自開彩開獎  {202001020257 1 35 true} 
ConfigData  map[charset:utf8 redisPort:6379 port:3306 user:fa_db password:1qaz!QAZ database:FA_MEM redisDB:3 ip:192.168.88.181 poolname:FA_MEM redisIp:192.168.88.119 redisPassword:""]
SqlString  SELECT RTP,Amount,Bonus  FROM M_RtpSetting  WHERE Sid = 1   AND State = 1   AND LTG_Code = 1 AND Gid = 35
sqlResult   map[count:0 state:0 result:]
[2020-01-02 12:49:29] rtpData ------->   map[state:0 result: count:0] 
[GIN] 2020/01/02 - 12:49:29 | 200 |    2.646762ms |  192.168.66.115 | POST     /getResult
[2020-01-02 12:49:29] 自開彩開獎  {202001020770 4 40 true} 
ConfigData  map[poolname:FA_MEM port:3306 password:1qaz!QAZ database:FA_MEM redisPassword:"" ip:192.168.88.181 user:fa_db charset:utf8 redisIp:192.168.88.119 redisPort:6379 redisDB:3]
SqlString  SELECT RTP,Amount,Bonus  FROM M_RtpSetting  WHERE Sid = 1   AND State = 1   AND LTG_Code = 4 AND Gid = 40
sqlResult   map[result: count:0 state:0]
[2020-01-02 12:49:29] rtpData ------->   map[state:0 result: count:0] 
[GIN] 2020/01/02 - 12:49:29 | 200 |     2.56699ms |  192.168.66.115 | POST     /getResult
[2020-01-02 12:49:29] 自開彩開獎  {202001020257 4 41 true} 
ConfigData  map[redisPort:6379 port:3306 user:fa_db password:1qaz!QAZ database:FA_MEM redisIp:192.168.88.119 ip:192.168.88.181 poolname:FA_MEM charset:utf8 redisPassword:"" redisDB:3]
SqlString  SELECT RTP,Amount,Bonus  FROM M_RtpSetting  WHERE Sid = 1   AND State = 1   AND LTG_Code = 4 AND Gid = 41
sqlResult   map[result: count:0 state:0]
[2020-01-02 12:49:29] rtpData ------->   map[result: count:0 state:0] 
[GIN] 2020/01/02 - 12:49:29 | 200 |     2.39034ms |  192.168.66.115 | POST     /getResult
[2020-01-02 12:49:30] 自開彩開獎  {202001020770 6 36 true} 
ConfigData  map[password:1qaz!QAZ charset:utf8 redisIp:192.168.88.119 redisPort:6379 redisPassword:"" port:3306 poolname:FA_MEM user:fa_db database:FA_MEM redisDB:3 ip:192.168.88.181]
SqlString  SELECT RTP,Amount,Bonus  FROM M_RtpSetting  WHERE Sid = 1   AND State = 1   AND LTG_Code = 6 AND Gid = 36
sqlResult   map[result: count:0 state:0]
[2020-01-02 12:49:30] rtpData ------->   map[result: count:0 state:0] 
[GIN] 2020/01/02 - 12:49:30 | 200 |    2.802901ms |  192.168.66.115 | POST     /getResult
[2020-01-02 12:49:30] 自開彩開獎  {202001020770 5 38 true} 
ConfigData  map[charset:utf8 redisPassword:"" ip:192.168.88.181 port:3306 password:1qaz!QAZ database:FA_MEM redisDB:3 poolname:FA_MEM user:fa_db redisIp:192.168.88.119 redisPort:6379]
SqlString  SELECT RTP,Amount,Bonus  FROM M_RtpSetting  WHERE Sid = 1   AND State = 1   AND LTG_Code = 5 AND Gid = 38
sqlResult   map[result: count:0 state:0]
[2020-01-02 12:49:30] rtpData ------->   map[result: count:0 state:0] 
[GIN] 2020/01/02 - 12:49:30 | 200 |    2.512357ms |  192.168.66.115 | POST     /getResult
[2020-01-02 12:49:33] 自開彩開獎  {202001020770 1 34 true} 
ConfigData  map[redisPort:6379 user:fa_db database:FA_MEM charset:utf8 password:1qaz!QAZ redisIp:192.168.88.119 redisPassword:"" redisDB:3 ip:192.168.88.181 poolname:FA_MEM port:3306]
SqlString  SELECT RTP,Amount,Bonus  FROM M_RtpSetting  WHERE Sid = 1   AND State = 1   AND LTG_Code = 1 AND Gid = 34
sqlResult   map[result: count:0 state:0]
[2020-01-02 12:49:33] rtpData ------->   map[result: count:0 state:0] 
[GIN] 2020/01/02 - 12:49:33 | 200 |    2.615936ms |  192.168.66.115 | POST     /getResult
[2020-01-02 12:49:35] 自開彩開獎  {202001020257 1 35 true} 
ConfigData  map[port:3306 database:FA_MEM charset:utf8 redisPassword:"" redisDB:3 redisPort:6379 ip:192.168.88.181 poolname:FA_MEM user:fa_db password:1qaz!QAZ redisIp:192.168.88.119]
SqlString  SELECT RTP,Amount,Bonus  FROM M_RtpSetting  WHERE Sid = 1   AND State = 1   AND LTG_Code = 1 AND Gid = 35
sqlResult   map[result: count:0 state:0]
[2020-01-02 12:49:35] rtpData ------->   map[result: count:0 state:0] 
[GIN] 2020/01/02 - 12:49:35 | 200 |    2.346354ms |  192.168.66.115 | POST     /getResult
[2020-01-02 12:49:35] 自開彩開獎  {202001020770 4 40 true} 
ConfigData  map[charset:utf8 redisDB:3 poolname:FA_MEM user:fa_db password:1qaz!QAZ database:FA_MEM redisPassword:"" ip:192.168.88.181 port:3306 redisIp:192.168.88.119 redisPort:6379]
SqlString  SELECT RTP,Amount,Bonus  FROM M_RtpSetting  WHERE Sid = 1   AND State = 1   AND LTG_Code = 4 AND Gid = 40
sqlResult   map[result: count:0 state:0]
[2020-01-02 12:49:35] rtpData ------->   map[result: count:0 state:0] 
[GIN] 2020/01/02 - 12:49:35 | 200 |    2.271089ms |  192.168.66.115 | POST     /getResult
[2020-01-02 12:49:35] 自開彩開獎  {202001020257 4 41 true} 
ConfigData  map[password:1qaz!QAZ database:FA_MEM redisPassword:"" redisDB:3 charset:utf8 redisIp:192.168.88.119 redisPort:6379 ip:192.168.88.181 poolname:FA_MEM port:3306 user:fa_db]
SqlString  SELECT RTP,Amount,Bonus  FROM M_RtpSetting  WHERE Sid = 1   AND State = 1   AND LTG_Code = 4 AND Gid = 41
sqlResult   map[result: count:0 state:0]
[2020-01-02 12:49:35] rtpData ------->   map[result: count:0 state:0] 
[GIN] 2020/01/02 - 12:49:35 | 200 |    2.457127ms |  192.168.66.115 | POST     /getResult
[2020-01-02 12:49:36] 自開彩開獎  {202001020770 6 36 true} 
ConfigData  map[redisPassword:"" ip:192.168.88.181 password:1qaz!QAZ database:FA_MEM redisIp:192.168.88.119 redisPort:6379 poolname:FA_MEM port:3306 user:fa_db charset:utf8 redisDB:3]
SqlString  SELECT RTP,Amount,Bonus  FROM M_RtpSetting  WHERE Sid = 1   AND State = 1   AND LTG_Code = 6 AND Gid = 36
sqlResult   map[count:0 state:0 result:]
[2020-01-02 12:49:36] rtpData ------->   map[result: count:0 state:0] 
[GIN] 2020/01/02 - 12:49:36 | 200 |    2.358669ms |  192.168.66.115 | POST     /getResult
[2020-01-02 12:49:36] 自開彩開獎  {202001020770 5 38 true} 
ConfigData  map[poolname:FA_MEM database:FA_MEM charset:utf8 redisIp:192.168.88.119 redisPort:6379 ip:192.168.88.181 port:3306 user:fa_db password:1qaz!QAZ redisPassword:"" redisDB:3]
SqlString  SELECT RTP,Amount,Bonus  FROM M_RtpSetting  WHERE Sid = 1   AND State = 1   AND LTG_Code = 5 AND Gid = 38
sqlResult   map[result: count:0 state:0]
[2020-01-02 12:49:36] rtpData ------->   map[count:0 state:0 result:] 
[GIN] 2020/01/02 - 12:49:36 | 200 |    2.323322ms |  192.168.66.115 | POST     /getResult
[2020-01-02 12:49:39] 自開彩開獎  {202001020770 1 34 true} 
ConfigData  map[database:FA_MEM redisIp:192.168.88.119 redisPassword:"" ip:192.168.88.181 port:3306 user:fa_db password:1qaz!QAZ poolname:FA_MEM charset:utf8 redisPort:6379 redisDB:3]
SqlString  SELECT RTP,Amount,Bonus  FROM M_RtpSetting  WHERE Sid = 1   AND State = 1   AND LTG_Code = 1 AND Gid = 34
sqlResult   map[result: count:0 state:0]
[2020-01-02 12:49:39] rtpData ------->   map[result: count:0 state:0] 
[GIN] 2020/01/02 - 12:49:39 | 200 |    2.397126ms |  192.168.66.115 | POST     /getResult
[2020-01-02 12:49:41] 自開彩開獎  {202001020257 1 35 true} 
ConfigData  map[redisPassword:"" redisDB:3 ip:192.168.88.181 port:3306 user:fa_db password:1qaz!QAZ charset:utf8 poolname:FA_MEM database:FA_MEM redisIp:192.168.88.119 redisPort:6379]
SqlString  SELECT RTP,Amount,Bonus  FROM M_RtpSetting  WHERE Sid = 1   AND State = 1   AND LTG_Code = 1 AND Gid = 35
sqlResult   map[count:0 state:0 result:]
[2020-01-02 12:49:41] rtpData ------->   map[result: count:0 state:0] 
[GIN] 2020/01/02 - 12:49:41 | 200 |    2.463145ms |  192.168.66.115 | POST     /getResult
[2020-01-02 12:49:41] 自開彩開獎  {202001020770 4 40 true} 
ConfigData  map[database:FA_MEM redisIp:192.168.88.119 redisPassword:"" user:fa_db poolname:FA_MEM port:3306 password:1qaz!QAZ charset:utf8 redisPort:6379 redisDB:3 ip:192.168.88.181]
SqlString  SELECT RTP,Amount,Bonus  FROM M_RtpSetting  WHERE Sid = 1   AND State = 1   AND LTG_Code = 4 AND Gid = 40
sqlResult   map[result: count:0 state:0]
[2020-01-02 12:49:41] rtpData ------->   map[result: count:0 state:0] 
[GIN] 2020/01/02 - 12:49:41 | 200 |    2.800402ms |  192.168.66.115 | POST     /getResult
[2020-01-02 12:49:41] 自開彩開獎  {202001020257 4 41 true} 
ConfigData  map[user:fa_db password:1qaz!QAZ database:FA_MEM redisIp:192.168.88.119 redisDB:3 ip:192.168.88.181 poolname:FA_MEM port:3306 charset:utf8 redisPort:6379 redisPassword:""]
SqlString  SELECT RTP,Amount,Bonus  FROM M_RtpSetting  WHERE Sid = 1   AND State = 1   AND LTG_Code = 4 AND Gid = 41
sqlResult   map[result: count:0 state:0]
[2020-01-02 12:49:41] rtpData ------->   map[result: count:0 state:0] 
[GIN] 2020/01/02 - 12:49:41 | 200 |    2.135684ms |  192.168.66.115 | POST     /getResult
[2020-01-02 12:49:42] 自開彩開獎  {202001020770 6 36 true} 
ConfigData  map[user:fa_db redisIp:192.168.88.119 redisPort:6379 redisPassword:"" database:FA_MEM charset:utf8 redisDB:3 ip:192.168.88.181 poolname:FA_MEM port:3306 password:1qaz!QAZ]
SqlString  SELECT RTP,Amount,Bonus  FROM M_RtpSetting  WHERE Sid = 1   AND State = 1   AND LTG_Code = 6 AND Gid = 36
sqlResult   map[result: count:0 state:0]
[2020-01-02 12:49:42] rtpData ------->   map[result: count:0 state:0] 
[GIN] 2020/01/02 - 12:49:42 | 200 |    3.560939ms |  192.168.66.115 | POST     /getResult
[2020-01-02 12:49:42] 自開彩開獎  {202001020770 5 38 true} 
ConfigData  map[ip:192.168.88.181 port:3306 user:fa_db database:FA_MEM charset:utf8 redisIp:192.168.88.119 poolname:FA_MEM password:1qaz!QAZ redisPort:6379 redisPassword:"" redisDB:3]
SqlString  SELECT RTP,Amount,Bonus  FROM M_RtpSetting  WHERE Sid = 1   AND State = 1   AND LTG_Code = 5 AND Gid = 38
sqlResult   map[count:0 state:0 result:]
[2020-01-02 12:49:42] rtpData ------->   map[result: count:0 state:0] 
[GIN] 2020/01/02 - 12:49:42 | 200 |    3.073716ms |  192.168.66.115 | POST     /getResult
[2020-01-02 12:49:45] 自開彩開獎  {202001020770 1 34 true} 
ConfigData  map[port:3306 password:1qaz!QAZ database:FA_MEM redisPort:6379 redisDB:3 ip:192.168.88.181 poolname:FA_MEM user:fa_db charset:utf8 redisIp:192.168.88.119 redisPassword:""]
SqlString  SELECT RTP,Amount,Bonus  FROM M_RtpSetting  WHERE Sid = 1   AND State = 1   AND LTG_Code = 1 AND Gid = 34
sqlResult   map[count:0 state:0 result:]
[2020-01-02 12:49:45] rtpData ------->   map[count:0 state:0 result:] 
[GIN] 2020/01/02 - 12:49:45 | 200 |    3.418094ms |  192.168.66.115 | POST     /getResult
[2020-01-02 12:49:47] 自開彩開獎  {202001020257 1 35 true} 
ConfigData  map[redisDB:3 redisPassword:"" poolname:FA_MEM port:3306 user:fa_db password:1qaz!QAZ database:FA_MEM charset:utf8 redisIp:192.168.88.119 ip:192.168.88.181 redisPort:6379]
SqlString  SELECT RTP,Amount,Bonus  FROM M_RtpSetting  WHERE Sid = 1   AND State = 1   AND LTG_Code = 1 AND Gid = 35
sqlResult   map[result: count:0 state:0]
[2020-01-02 12:49:47] rtpData ------->   map[result: count:0 state:0] 
[GIN] 2020/01/02 - 12:49:47 | 200 |    2.706154ms |  192.168.66.115 | POST     /getResult
[2020-01-02 12:49:47] 自開彩開獎  {202001020770 4 40 true} 
ConfigData  map[ip:192.168.88.181 poolname:FA_MEM redisPassword:"" database:FA_MEM charset:utf8 redisIp:192.168.88.119 redisPort:6379 redisDB:3 port:3306 user:fa_db password:1qaz!QAZ]
SqlString  SELECT RTP,Amount,Bonus  FROM M_RtpSetting  WHERE Sid = 1   AND State = 1   AND LTG_Code = 4 AND Gid = 40
sqlResult   map[result: count:0 state:0]
[2020-01-02 12:49:47] rtpData ------->   map[result: count:0 state:0] 
[GIN] 2020/01/02 - 12:49:47 | 200 |    3.277951ms |  192.168.66.115 | POST     /getResult
[2020-01-02 12:49:47] 自開彩開獎  {202001020257 4 41 true} 
ConfigData  map[poolname:FA_MEM charset:utf8 redisIp:192.168.88.119 redisPort:6379 ip:192.168.88.181 user:fa_db password:1qaz!QAZ database:FA_MEM redisPassword:"" redisDB:3 port:3306]
SqlString  SELECT RTP,Amount,Bonus  FROM M_RtpSetting  WHERE Sid = 1   AND State = 1   AND LTG_Code = 4 AND Gid = 41
sqlResult   map[result: count:0 state:0]
[2020-01-02 12:49:47] rtpData ------->   map[result: count:0 state:0] 
[GIN] 2020/01/02 - 12:49:47 | 200 |    2.058608ms |  192.168.66.115 | POST     /getResult
[2020-01-02 12:49:48] 自開彩開獎  {202001020770 6 36 true} 
ConfigData  map[redisIp:192.168.88.119 ip:192.168.88.181 poolname:FA_MEM port:3306 user:fa_db password:1qaz!QAZ database:FA_MEM charset:utf8 redisPort:6379 redisPassword:"" redisDB:3]
SqlString  SELECT RTP,Amount,Bonus  FROM M_RtpSetting  WHERE Sid = 1   AND State = 1   AND LTG_Code = 6 AND Gid = 36
sqlResult   map[result: count:0 state:0]
[2020-01-02 12:49:48] rtpData ------->   map[result: count:0 state:0] 
[GIN] 2020/01/02 - 12:49:48 | 200 |    3.062217ms |  192.168.66.115 | POST     /getResult
[2020-01-02 12:49:48] 自開彩開獎  {202001020770 5 38 true} 
ConfigData  map[charset:utf8 redisPort:6379 redisDB:3 ip:192.168.88.181 password:1qaz!QAZ database:FA_MEM redisIp:192.168.88.119 redisPassword:"" poolname:FA_MEM port:3306 user:fa_db]
SqlString  SELECT RTP,Amount,Bonus  FROM M_RtpSetting  WHERE Sid = 1   AND State = 1   AND LTG_Code = 5 AND Gid = 38
sqlResult   map[result: count:0 state:0]
[2020-01-02 12:49:48] rtpData ------->   map[count:0 state:0 result:] 
[GIN] 2020/01/02 - 12:49:48 | 200 |    3.038316ms |  192.168.66.115 | POST     /getResult
[2020-01-02 12:49:51] 自開彩開獎  {202001020770 1 34 true} 
ConfigData  map[ip:192.168.88.181 user:fa_db password:1qaz!QAZ database:FA_MEM charset:utf8 redisIp:192.168.88.119 redisPort:6379 redisDB:3 poolname:FA_MEM port:3306 redisPassword:""]
SqlString  SELECT RTP,Amount,Bonus  FROM M_RtpSetting  WHERE Sid = 1   AND State = 1   AND LTG_Code = 1 AND Gid = 34
sqlResult   map[result: count:0 state:0]
[2020-01-02 12:49:51] rtpData ------->   map[result: count:0 state:0] 
[GIN] 2020/01/02 - 12:49:51 | 200 |    2.583787ms |  192.168.66.115 | POST     /getResult
[2020-01-02 12:49:53] 自開彩開獎  {202001020257 1 35 true} 
ConfigData  map[poolname:FA_MEM user:fa_db password:1qaz!QAZ redisIp:192.168.88.119 redisPassword:"" redisDB:3 ip:192.168.88.181 database:FA_MEM charset:utf8 redisPort:6379 port:3306]
SqlString  SELECT RTP,Amount,Bonus  FROM M_RtpSetting  WHERE Sid = 1   AND State = 1   AND LTG_Code = 1 AND Gid = 35
sqlResult   map[count:0 state:0 result:]
[2020-01-02 12:49:53] rtpData ------->   map[count:0 state:0 result:] 
[GIN] 2020/01/02 - 12:49:53 | 200 |    2.414312ms |  192.168.66.115 | POST     /getResult
[2020-01-02 12:49:53] 自開彩開獎  {202001020770 4 40 true} 
ConfigData  map[redisDB:3 poolname:FA_MEM password:1qaz!QAZ database:FA_MEM charset:utf8 redisIp:192.168.88.119 redisPort:6379 redisPassword:"" ip:192.168.88.181 port:3306 user:fa_db]
SqlString  SELECT RTP,Amount,Bonus  FROM M_RtpSetting  WHERE Sid = 1   AND State = 1   AND LTG_Code = 4 AND Gid = 40
sqlResult   map[result: count:0 state:0]
[2020-01-02 12:49:53] rtpData ------->   map[state:0 result: count:0] 
[GIN] 2020/01/02 - 12:49:53 | 200 |    2.492501ms |  192.168.66.115 | POST     /getResult
[2020-01-02 12:49:53] 自開彩開獎  {202001020257 4 41 true} 
ConfigData  map[database:FA_MEM charset:utf8 redisPassword:"" redisDB:3 ip:192.168.88.181 poolname:FA_MEM port:3306 user:fa_db password:1qaz!QAZ redisIp:192.168.88.119 redisPort:6379]
SqlString  SELECT RTP,Amount,Bonus  FROM M_RtpSetting  WHERE Sid = 1   AND State = 1   AND LTG_Code = 4 AND Gid = 41
sqlResult   map[count:0 state:0 result:]
[2020-01-02 12:49:53] rtpData ------->   map[result: count:0 state:0] 
[GIN] 2020/01/02 - 12:49:53 | 200 |    3.097148ms |  192.168.66.115 | POST     /getResult
[2020-01-02 12:49:54] 自開彩開獎  {202001020770 6 36 true} 
ConfigData  map[poolname:FA_MEM port:3306 database:FA_MEM charset:utf8 redisIp:192.168.88.119 redisDB:3 ip:192.168.88.181 user:fa_db password:1qaz!QAZ redisPort:6379 redisPassword:""]
SqlString  SELECT RTP,Amount,Bonus  FROM M_RtpSetting  WHERE Sid = 1   AND State = 1   AND LTG_Code = 6 AND Gid = 36
sqlResult   map[state:0 result: count:0]
[2020-01-02 12:49:54] rtpData ------->   map[result: count:0 state:0] 
[GIN] 2020/01/02 - 12:49:54 | 200 |    2.575964ms |  192.168.66.115 | POST     /getResult
[2020-01-02 12:49:54] 自開彩開獎  {202001020770 5 38 true} 
ConfigData  map[ip:192.168.88.181 poolname:FA_MEM password:1qaz!QAZ redisIp:192.168.88.119 redisPort:6379 redisPassword:"" port:3306 user:fa_db database:FA_MEM charset:utf8 redisDB:3]
SqlString  SELECT RTP,Amount,Bonus  FROM M_RtpSetting  WHERE Sid = 1   AND State = 1   AND LTG_Code = 5 AND Gid = 38
sqlResult   map[result: count:0 state:0]
[2020-01-02 12:49:54] rtpData ------->   map[result: count:0 state:0] 
[GIN] 2020/01/02 - 12:49:54 | 200 |    2.341771ms |  192.168.66.115 | POST     /getResult
[2020-01-02 12:49:57] 自開彩開獎  {202001020770 1 34 true} 
ConfigData  map[redisIp:192.168.88.119 password:1qaz!QAZ database:FA_MEM charset:utf8 user:fa_db redisPort:6379 redisPassword:"" redisDB:3 ip:192.168.88.181 poolname:FA_MEM port:3306]
SqlString  SELECT RTP,Amount,Bonus  FROM M_RtpSetting  WHERE Sid = 1   AND State = 1   AND LTG_Code = 1 AND Gid = 34
sqlResult   map[result: count:0 state:0]
[2020-01-02 12:49:57] rtpData ------->   map[result: count:0 state:0] 
[GIN] 2020/01/02 - 12:49:57 | 200 |    2.298515ms |  192.168.66.115 | POST     /getResult
[2020-01-02 12:49:59] 自開彩開獎  {202001020257 1 35 true} 
ConfigData  map[poolname:FA_MEM password:1qaz!QAZ database:FA_MEM charset:utf8 redisPassword:"" redisDB:3 ip:192.168.88.181 port:3306 user:fa_db redisIp:192.168.88.119 redisPort:6379]
SqlString  SELECT RTP,Amount,Bonus  FROM M_RtpSetting  WHERE Sid = 1   AND State = 1   AND LTG_Code = 1 AND Gid = 35
sqlResult   map[count:0 state:0 result:]
[2020-01-02 12:49:59] rtpData ------->   map[result: count:0 state:0] 
[GIN] 2020/01/02 - 12:49:59 | 200 |    3.445826ms |  192.168.66.115 | POST     /getResult
[2020-01-02 12:49:59] 自開彩開獎  {202001020770 4 40 true} 
ConfigData  map[charset:utf8 redisPassword:"" ip:192.168.88.181 poolname:FA_MEM port:3306 user:fa_db password:1qaz!QAZ database:FA_MEM redisIp:192.168.88.119 redisPort:6379 redisDB:3]
SqlString  SELECT RTP,Amount,Bonus  FROM M_RtpSetting  WHERE Sid = 1   AND State = 1   AND LTG_Code = 4 AND Gid = 40
sqlResult   map[result: count:0 state:0]
[2020-01-02 12:49:59] rtpData ------->   map[result: count:0 state:0] 
[GIN] 2020/01/02 - 12:49:59 | 200 |    2.435281ms |  192.168.66.115 | POST     /getResult
[2020-01-02 12:49:59] 自開彩開獎  {202001020257 4 41 true} 
ConfigData  map[redisIp:192.168.88.119 redisPort:6379 redisPassword:"" ip:192.168.88.181 poolname:FA_MEM port:3306 user:fa_db password:1qaz!QAZ database:FA_MEM charset:utf8 redisDB:3]
SqlString  SELECT RTP,Amount,Bonus  FROM M_RtpSetting  WHERE Sid = 1   AND State = 1   AND LTG_Code = 4 AND Gid = 41
sqlResult   map[result: count:0 state:0]
[2020-01-02 12:49:59] rtpData ------->   map[result: count:0 state:0] 
[GIN] 2020/01/02 - 12:49:59 | 200 |    2.408961ms |  192.168.66.115 | POST     /getResult
[2020-01-02 12:50:00] 自開彩開獎  {202001020770 6 36 true} 
ConfigData  map[port:3306 user:fa_db database:FA_MEM redisPort:6379 ip:192.168.88.181 poolname:FA_MEM redisIp:192.168.88.119 redisPassword:"" redisDB:3 password:1qaz!QAZ charset:utf8]
SqlString  SELECT RTP,Amount,Bonus  FROM M_RtpSetting  WHERE Sid = 1   AND State = 1   AND LTG_Code = 6 AND Gid = 36
sqlResult   map[result: count:0 state:0]
[2020-01-02 12:50:00] rtpData ------->   map[result: count:0 state:0] 
[GIN] 2020/01/02 - 12:50:00 | 200 |    2.530349ms |  192.168.66.115 | POST     /getResult
[2020-01-02 12:50:00] 自開彩開獎  {202001020770 5 38 true} 
ConfigData  map[redisPort:6379 poolname:FA_MEM user:fa_db password:1qaz!QAZ charset:utf8 redisIp:192.168.88.119 redisPassword:"" redisDB:3 ip:192.168.88.181 port:3306 database:FA_MEM]
SqlString  SELECT RTP,Amount,Bonus  FROM M_RtpSetting  WHERE Sid = 1   AND State = 1   AND LTG_Code = 5 AND Gid = 38
[2020-01-02 12:50:00] 自開彩開獎  {202001020155 5 39 true} 
ConfigData  map[redisDB:3 ip:192.168.88.181 redisIp:192.168.88.119 redisPassword:"" password:1qaz!QAZ database:FA_MEM charset:utf8 redisPort:6379 poolname:FA_MEM port:3306 user:fa_db]
SqlString  SELECT RTP,Amount,Bonus  FROM M_RtpSetting  WHERE Sid = 1   AND State = 1   AND LTG_Code = 5 AND Gid = 39
sqlResult   map[result: count:0 state:0]
[2020-01-02 12:50:00] rtpData ------->   map[result: count:0 state:0] 
[GIN] 2020/01/02 - 12:50:00 | 200 |    2.567174ms |  192.168.66.115 | POST     /getResult
sqlResult   map[result: count:0 state:0]
[2020-01-02 12:50:00] rtpData ------->   map[count:0 state:0 result:] 
[GIN] 2020/01/02 - 12:50:00 | 200 |    2.638454ms |  192.168.66.115 | POST     /getResult
[2020-01-02 12:50:00] 自開彩開獎  {20200102155 2 28 true} 
ConfigData  map[redisIp:192.168.88.119 redisPort:6379 redisDB:3 ip:192.168.88.181 user:fa_db password:1qaz!QAZ charset:utf8 redisPassword:"" poolname:FA_MEM port:3306 database:FA_MEM]
SqlString  SELECT RTP,Amount,Bonus  FROM M_RtpSetting  WHERE Sid = 1   AND State = 1   AND LTG_Code = 2 AND Gid = 28
[2020-01-02 12:50:00] 自開彩開獎  {202001020771 2 26 true} 
ConfigData  map[ip:192.168.88.181 port:3306 user:fa_db password:1qaz!QAZ database:FA_MEM redisIp:192.168.88.119 redisPassword:"" poolname:FA_MEM charset:utf8 redisPort:6379 redisDB:3]
SqlString  SELECT RTP,Amount,Bonus  FROM M_RtpSetting  WHERE Sid = 1   AND State = 1   AND LTG_Code = 2 AND Gid = 26
sqlResult   map[bonus:908100.71 result:0.9600 count:1 state:1 amount:1.0069588e+06]
[2020-01-02 12:50:00] rtpData ------->   map[amount:1.0069588e+06 bonus:908100.71 result:0.9600 count:1 state:1] 
ConfigData  map[password:1qaz!QAZ charset:utf8 redisIp:192.168.88.119 redisDB:3 ip:192.168.88.181 port:3306 database:FA_MEM redisPort:6379 redisPassword:"" poolname:FA_MEM user:fa_db]
SELECT BO_No, BO_OrderNo , BO_User , BO_Issue  , BO_LotteryTypeGroup, BO_LotteryType, BO_Mode, BO_LotteryPlayGroup, BO_LotteryPlay , BO_LotteryContent, BO_Price, BO_RealPrice, BO_Unit, BO_Multiple , BO_BetCount  , BO_Winnings, BO_Winnings2, BO_Winnings3, BO_WinningLimit  , BO_Water , BO_BW_SourceUserId, BO_BW_BackWater, BO_BW_LimitBetCount, BO_BW_MaxAmount, BO_BW_AuditMultiple  , BO_Odds, BO_Odds2, BO_Odds3 , BO_Type, BO_Chase , BO_OpenResult, BO_OpenResult2, BO_DateDraw, BO_DateDraw2, BO_DateUpdate  FROM TS_BetOrder  WHERE BO_Cancel = 0   AND BO_CancelBackend = 0   AND BO_LotteryTypeGroup = 2 AND BO_LotteryType = 26 AND BO_Issue = 202001020771 AND BO_Collect = 0 ORDER BY BO_DateDraw ASC, BO_DateCreate ASC, BO_DateUpdate ASC, BO_No ASC ;
sqlResult   map[result:0.9600 count:1 state:1 amount:234518 bonus:161148.41]
[2020-01-02 12:50:00] rtpData ------->   map[state:1 amount:234518 bonus:161148.41 result:0.9600 count:1] 
ConfigData  map[user:fa_db redisIp:192.168.88.119 ip:192.168.88.181 poolname:FA_MEM database:FA_MEM charset:utf8 redisPort:6379 redisPassword:"" redisDB:3 port:3306 password:1qaz!QAZ]
SELECT BO_No, BO_OrderNo , BO_User , BO_Issue  , BO_LotteryTypeGroup, BO_LotteryType, BO_Mode, BO_LotteryPlayGroup, BO_LotteryPlay , BO_LotteryContent, BO_Price, BO_RealPrice, BO_Unit, BO_Multiple , BO_BetCount  , BO_Winnings, BO_Winnings2, BO_Winnings3, BO_WinningLimit  , BO_Water , BO_BW_SourceUserId, BO_BW_BackWater, BO_BW_LimitBetCount, BO_BW_MaxAmount, BO_BW_AuditMultiple  , BO_Odds, BO_Odds2, BO_Odds3 , BO_Type, BO_Chase , BO_OpenResult, BO_OpenResult2, BO_DateDraw, BO_DateDraw2, BO_DateUpdate  FROM TS_BetOrder  WHERE BO_Cancel = 0   AND BO_CancelBackend = 0   AND BO_LotteryTypeGroup = 2 AND BO_LotteryType = 28 AND BO_Issue = 20200102155 AND BO_Collect = 0 ORDER BY BO_DateDraw ASC, BO_DateCreate ASC, BO_DateUpdate ASC, BO_No ASC ;
[2020-01-02 12:50:00] LottteryTypeGroup 2 
[2020-01-02 12:50:00] 有期號 但無注單 -------> map[amount:0 bonus:0 thisOpenResult:[7 9 2 4 6]] 
[GIN] 2020/01/02 - 12:50:00 | 200 |    5.098336ms |  192.168.66.115 | POST     /getResult
[2020-01-02 12:50:00] LottteryTypeGroup 2 
[2020-01-02 12:50:00] 有期號 但無注單 -------> map[bonus:0 thisOpenResult:[4 0 7 9 1] amount:0] 
[GIN] 2020/01/02 - 12:50:00 | 200 |    5.296585ms |  192.168.66.115 | POST     /getResult
[2020-01-02 12:50:03] 自開彩開獎  {202001020770 1 34 true} 
ConfigData  map[user:fa_db database:FA_MEM redisPassword:"" redisDB:3 ip:192.168.88.181 poolname:FA_MEM port:3306 password:1qaz!QAZ charset:utf8 redisIp:192.168.88.119 redisPort:6379]
SqlString  SELECT RTP,Amount,Bonus  FROM M_RtpSetting  WHERE Sid = 1   AND State = 1   AND LTG_Code = 1 AND Gid = 34
sqlResult   map[state:0 result: count:0]
[2020-01-02 12:50:03] rtpData ------->   map[result: count:0 state:0] 
[GIN] 2020/01/02 - 12:50:03 | 200 |    3.110405ms |  192.168.66.115 | POST     /getResult
[2020-01-02 12:50:05] 自開彩開獎  {202001020257 1 35 true} 
ConfigData  map[poolname:FA_MEM charset:utf8 redisIp:192.168.88.119 redisPassword:"" redisDB:3 ip:192.168.88.181 port:3306 user:fa_db password:1qaz!QAZ database:FA_MEM redisPort:6379]
SqlString  SELECT RTP,Amount,Bonus  FROM M_RtpSetting  WHERE Sid = 1   AND State = 1   AND LTG_Code = 1 AND Gid = 35
sqlResult   map[result: count:0 state:0]
[2020-01-02 12:50:05] rtpData ------->   map[state:0 result: count:0] 
[GIN] 2020/01/02 - 12:50:05 | 200 |    3.849842ms |  192.168.66.115 | POST     /getResult
[2020-01-02 12:50:05] 自開彩開獎  {202001020770 4 40 true} 
ConfigData  map[poolname:FA_MEM password:1qaz!QAZ charset:utf8 database:FA_MEM redisIp:192.168.88.119 redisPort:6379 redisPassword:"" redisDB:3 ip:192.168.88.181 port:3306 user:fa_db]
SqlString  SELECT RTP,Amount,Bonus  FROM M_RtpSetting  WHERE Sid = 1   AND State = 1   AND LTG_Code = 4 AND Gid = 40
sqlResult   map[result: count:0 state:0]
[2020-01-02 12:50:05] rtpData ------->   map[result: count:0 state:0] 
[GIN] 2020/01/02 - 12:50:05 | 200 |    2.773863ms |  192.168.66.115 | POST     /getResult
[2020-01-02 12:50:05] 自開彩開獎  {202001020257 4 41 true} 
ConfigData  map[port:3306 password:1qaz!QAZ database:FA_MEM redisPort:6379 redisPassword:"" redisDB:3 poolname:FA_MEM user:fa_db charset:utf8 redisIp:192.168.88.119 ip:192.168.88.181]
SqlString  SELECT RTP,Amount,Bonus  FROM M_RtpSetting  WHERE Sid = 1   AND State = 1   AND LTG_Code = 4 AND Gid = 41
sqlResult   map[result: count:0 state:0]
[2020-01-02 12:50:05] rtpData ------->   map[result: count:0 state:0] 
[GIN] 2020/01/02 - 12:50:05 | 200 |     2.47837ms |  192.168.66.115 | POST     /getResult
[2020-01-02 12:50:06] 自開彩開獎  {202001020771 6 36 true} 
ConfigData  map[password:1qaz!QAZ database:FA_MEM redisIp:192.168.88.119 redisPort:6379 redisPassword:"" redisDB:3 poolname:FA_MEM port:3306 charset:utf8 ip:192.168.88.181 user:fa_db]
SqlString  SELECT RTP,Amount,Bonus  FROM M_RtpSetting  WHERE Sid = 1   AND State = 1   AND LTG_Code = 6 AND Gid = 36
sqlResult   map[result: count:0 state:0]
[2020-01-02 12:50:06] rtpData ------->   map[result: count:0 state:0] 
[GIN] 2020/01/02 - 12:50:06 | 200 |    2.562405ms |  192.168.66.115 | POST     /getResult
[2020-01-02 12:50:06] 自開彩開獎  {202001020771 5 38 true} 
ConfigData  map[redisPassword:"" redisDB:3 ip:192.168.88.181 poolname:FA_MEM port:3306 user:fa_db charset:utf8 password:1qaz!QAZ database:FA_MEM redisIp:192.168.88.119 redisPort:6379]
SqlString  SELECT RTP,Amount,Bonus  FROM M_RtpSetting  WHERE Sid = 1   AND State = 1   AND LTG_Code = 5 AND Gid = 38
[2020-01-02 12:50:06] 自開彩開獎  {202001020155 5 39 true} 
ConfigData  map[user:fa_db password:1qaz!QAZ redisIp:192.168.88.119 port:3306 poolname:FA_MEM database:FA_MEM charset:utf8 redisPort:6379 redisPassword:"" redisDB:3 ip:192.168.88.181]
SqlString  SELECT RTP,Amount,Bonus  FROM M_RtpSetting  WHERE Sid = 1   AND State = 1   AND LTG_Code = 5 AND Gid = 39
sqlResult   map[result: count:0 state:0]
[2020-01-02 12:50:06] rtpData ------->   map[count:0 state:0 result:] 
sqlResult   map[result: count:0 state:0]
[2020-01-02 12:50:06] rtpData ------->   map[result: count:0 state:0] 
[GIN] 2020/01/02 - 12:50:06 | 200 |    2.762544ms |  192.168.66.115 | POST     /getResult
[GIN] 2020/01/02 - 12:50:06 | 200 |    2.502965ms |  192.168.66.115 | POST     /getResult
[2020-01-02 12:50:09] 自開彩開獎  {202001020771 1 34 true} 
ConfigData  map[user:fa_db password:1qaz!QAZ database:FA_MEM redisIp:192.168.88.119 redisDB:3 ip:192.168.88.181 poolname:FA_MEM port:3306 charset:utf8 redisPort:6379 redisPassword:""]
SqlString  SELECT RTP,Amount,Bonus  FROM M_RtpSetting  WHERE Sid = 1   AND State = 1   AND LTG_Code = 1 AND Gid = 34
sqlResult   map[result: count:0 state:0]
[2020-01-02 12:50:09] rtpData ------->   map[result: count:0 state:0] 
[GIN] 2020/01/02 - 12:50:09 | 200 |    2.932428ms |  192.168.66.115 | POST     /getResult
[2020-01-02 12:50:11] 自開彩開獎  {202001020257 1 35 true} 
ConfigData  map[poolname:FA_MEM port:3306 password:1qaz!QAZ redisPort:6379 redisPassword:"" redisDB:3 ip:192.168.88.181 user:fa_db database:FA_MEM charset:utf8 redisIp:192.168.88.119]
SqlString  SELECT RTP,Amount,Bonus  FROM M_RtpSetting  WHERE Sid = 1   AND State = 1   AND LTG_Code = 1 AND Gid = 35
sqlResult   map[count:0 state:0 result:]
[2020-01-02 12:50:11] rtpData ------->   map[result: count:0 state:0] 
[GIN] 2020/01/02 - 12:50:11 | 200 |    3.169961ms |  192.168.66.115 | POST     /getResult
[2020-01-02 12:50:11] 自開彩開獎  {202001020771 4 40 true} 
ConfigData  map[ip:192.168.88.181 port:3306 user:fa_db password:1qaz!QAZ database:FA_MEM redisPort:6379 poolname:FA_MEM charset:utf8 redisIp:192.168.88.119 redisPassword:"" redisDB:3]
SqlString  SELECT RTP,Amount,Bonus  FROM M_RtpSetting  WHERE Sid = 1   AND State = 1   AND LTG_Code = 4 AND Gid = 40
sqlResult   map[result: count:0 state:0]
[2020-01-02 12:50:11] rtpData ------->   map[result: count:0 state:0] 
[GIN] 2020/01/02 - 12:50:11 | 200 |    2.644665ms |  192.168.66.115 | POST     /getResult
[2020-01-02 12:50:11] 自開彩開獎  {202001020257 4 41 true} 
ConfigData  map[redisPassword:"" ip:192.168.88.181 user:fa_db charset:utf8 database:FA_MEM redisIp:192.168.88.119 redisPort:6379 redisDB:3 poolname:FA_MEM port:3306 password:1qaz!QAZ]
SqlString  SELECT RTP,Amount,Bonus  FROM M_RtpSetting  WHERE Sid = 1   AND State = 1   AND LTG_Code = 4 AND Gid = 41
sqlResult   map[result: count:0 state:0]
[2020-01-02 12:50:11] rtpData ------->   map[result: count:0 state:0] 
[GIN] 2020/01/02 - 12:50:11 | 200 |     2.87432ms |  192.168.66.115 | POST     /getResult
[2020-01-02 12:50:12] 自開彩開獎  {202001020771 6 36 true} 
ConfigData  map[port:3306 password:1qaz!QAZ database:FA_MEM charset:utf8 ip:192.168.88.181 poolname:FA_MEM user:fa_db redisIp:192.168.88.119 redisPort:6379 redisPassword:"" redisDB:3]
SqlString  SELECT RTP,Amount,Bonus  FROM M_RtpSetting  WHERE Sid = 1   AND State = 1   AND LTG_Code = 6 AND Gid = 36
sqlResult   map[state:0 result: count:0]
[2020-01-02 12:50:12] rtpData ------->   map[result: count:0 state:0] 
[GIN] 2020/01/02 - 12:50:12 | 200 |    3.113454ms |  192.168.66.115 | POST     /getResult
[2020-01-02 12:50:12] 自開彩開獎  {202001020771 5 38 true} 
ConfigData  map[ip:192.168.88.181 database:FA_MEM redisPort:6379 redisDB:3 redisPassword:"" poolname:FA_MEM port:3306 user:fa_db password:1qaz!QAZ charset:utf8 redisIp:192.168.88.119]
SqlString  SELECT RTP,Amount,Bonus  FROM M_RtpSetting  WHERE Sid = 1   AND State = 1   AND LTG_Code = 5 AND Gid = 38
sqlResult   map[state:0 result: count:0]
[2020-01-02 12:50:12] rtpData ------->   map[result: count:0 state:0] 
[GIN] 2020/01/02 - 12:50:12 | 200 |     2.93488ms |  192.168.66.115 | POST     /getResult
[2020-01-02 12:50:12] 自開彩開獎  {202001020155 5 39 true} 
ConfigData  map[ip:192.168.88.181 port:3306 user:fa_db password:1qaz!QAZ redisPort:6379 redisPassword:"" redisDB:3 poolname:FA_MEM database:FA_MEM charset:utf8 redisIp:192.168.88.119]
SqlString  SELECT RTP,Amount,Bonus  FROM M_RtpSetting  WHERE Sid = 1   AND State = 1   AND LTG_Code = 5 AND Gid = 39
sqlResult   map[count:0 state:0 result:]
[2020-01-02 12:50:12] rtpData ------->   map[count:0 state:0 result:] 
[GIN] 2020/01/02 - 12:50:12 | 200 |    1.787263ms |  192.168.66.115 | POST     /getResult
[2020-01-02 12:50:15] 自開彩開獎  {202001020771 1 34 true} 
ConfigData  map[database:FA_MEM charset:utf8 redisIp:192.168.88.119 redisPort:6379 redisPassword:"" redisDB:3 user:fa_db poolname:FA_MEM port:3306 password:1qaz!QAZ ip:192.168.88.181]
SqlString  SELECT RTP,Amount,Bonus  FROM M_RtpSetting  WHERE Sid = 1   AND State = 1   AND LTG_Code = 1 AND Gid = 34
sqlResult   map[result: count:0 state:0]
[2020-01-02 12:50:15] rtpData ------->   map[result: count:0 state:0] 
[GIN] 2020/01/02 - 12:50:15 | 200 |    2.449983ms |  192.168.66.115 | POST     /getResult
[2020-01-02 12:50:17] 自開彩開獎  {202001020257 1 35 true} 
ConfigData  map[redisPassword:"" ip:192.168.88.181 poolname:FA_MEM password:1qaz!QAZ charset:utf8 redisIp:192.168.88.119 redisPort:6379 redisDB:3 port:3306 user:fa_db database:FA_MEM]
SqlString  SELECT RTP,Amount,Bonus  FROM M_RtpSetting  WHERE Sid = 1   AND State = 1   AND LTG_Code = 1 AND Gid = 35
sqlResult   map[state:0 result: count:0]
[2020-01-02 12:50:17] rtpData ------->   map[result: count:0 state:0] 
[GIN] 2020/01/02 - 12:50:17 | 200 |    2.713662ms |  192.168.66.115 | POST     /getResult
[2020-01-02 12:50:17] 自開彩開獎  {202001020771 4 40 true} 
ConfigData  map[redisPort:6379 redisPassword:"" redisIp:192.168.88.119 poolname:FA_MEM port:3306 user:fa_db password:1qaz!QAZ database:FA_MEM charset:utf8 redisDB:3 ip:192.168.88.181]
SqlString  SELECT RTP,Amount,Bonus  FROM M_RtpSetting  WHERE Sid = 1   AND State = 1   AND LTG_Code = 4 AND Gid = 40
sqlResult   map[state:0 result: count:0]
[2020-01-02 12:50:17] rtpData ------->   map[result: count:0 state:0] 
[GIN] 2020/01/02 - 12:50:17 | 200 |    1.904643ms |  192.168.66.115 | POST     /getResult
[2020-01-02 12:50:17] 自開彩開獎  {202001020257 4 41 true} 
ConfigData  map[password:1qaz!QAZ database:FA_MEM charset:utf8 redisPort:6379 redisPassword:"" ip:192.168.88.181 poolname:FA_MEM redisIp:192.168.88.119 redisDB:3 port:3306 user:fa_db]
SqlString  SELECT RTP,Amount,Bonus  FROM M_RtpSetting  WHERE Sid = 1   AND State = 1   AND LTG_Code = 4 AND Gid = 41
sqlResult   map[result: count:0 state:0]
[2020-01-02 12:50:17] rtpData ------->   map[result: count:0 state:0] 
[GIN] 2020/01/02 - 12:50:17 | 200 |    2.290407ms |  192.168.66.115 | POST     /getResult
[2020-01-02 12:50:18] 自開彩開獎  {202001020771 6 36 true} 
ConfigData  map[redisDB:3 ip:192.168.88.181 port:3306 user:fa_db database:FA_MEM redisIp:192.168.88.119 redisPassword:"" poolname:FA_MEM password:1qaz!QAZ charset:utf8 redisPort:6379]
SqlString  SELECT RTP,Amount,Bonus  FROM M_RtpSetting  WHERE Sid = 1   AND State = 1   AND LTG_Code = 6 AND Gid = 36
sqlResult   map[count:0 state:0 result:]
[2020-01-02 12:50:18] rtpData ------->   map[result: count:0 state:0] 
[GIN] 2020/01/02 - 12:50:18 | 200 |     2.53982ms |  192.168.66.115 | POST     /getResult
[2020-01-02 12:50:18] 自開彩開獎  {202001020771 5 38 true} 
ConfigData  map[redisDB:3 ip:192.168.88.181 poolname:FA_MEM port:3306 password:1qaz!QAZ redisIp:192.168.88.119 redisPort:6379 user:fa_db database:FA_MEM charset:utf8 redisPassword:""]
SqlString  SELECT RTP,Amount,Bonus  FROM M_RtpSetting  WHERE Sid = 1   AND State = 1   AND LTG_Code = 5 AND Gid = 38
sqlResult   map[state:0 result: count:0]
[2020-01-02 12:50:18] rtpData ------->   map[state:0 result: count:0] 
[GIN] 2020/01/02 - 12:50:18 | 200 |    3.190067ms |  192.168.66.115 | POST     /getResult
[2020-01-02 12:50:18] 自開彩開獎  {202001020155 5 39 true} 
ConfigData  map[port:3306 password:1qaz!QAZ charset:utf8 redisPassword:"" redisDB:3 ip:192.168.88.181 poolname:FA_MEM user:fa_db database:FA_MEM redisIp:192.168.88.119 redisPort:6379]
SqlString  SELECT RTP,Amount,Bonus  FROM M_RtpSetting  WHERE Sid = 1   AND State = 1   AND LTG_Code = 5 AND Gid = 39
sqlResult   map[result: count:0 state:0]
[2020-01-02 12:50:18] rtpData ------->   map[state:0 result: count:0] 
[GIN] 2020/01/02 - 12:50:18 | 200 |    2.067446ms |  192.168.66.115 | POST     /getResult
[2020-01-02 12:50:21] 自開彩開獎  {202001020771 1 34 true} 
ConfigData  map[port:3306 password:1qaz!QAZ redisIp:192.168.88.119 redisPort:6379 redisDB:3 redisPassword:"" ip:192.168.88.181 poolname:FA_MEM user:fa_db database:FA_MEM charset:utf8]
SqlString  SELECT RTP,Amount,Bonus  FROM M_RtpSetting  WHERE Sid = 1   AND State = 1   AND LTG_Code = 1 AND Gid = 34
sqlResult   map[result: count:0 state:0]
[2020-01-02 12:50:21] rtpData ------->   map[result: count:0 state:0] 
[GIN] 2020/01/02 - 12:50:21 | 200 |      3.3102ms |  192.168.66.115 | POST     /getResult
[2020-01-02 12:50:23] 自開彩開獎  {202001020257 1 35 true} 
ConfigData  map[redisIp:192.168.88.119 redisDB:3 ip:192.168.88.181 poolname:FA_MEM user:fa_db password:1qaz!QAZ database:FA_MEM port:3306 charset:utf8 redisPort:6379 redisPassword:""]
SqlString  SELECT RTP,Amount,Bonus  FROM M_RtpSetting  WHERE Sid = 1   AND State = 1   AND LTG_Code = 1 AND Gid = 35
sqlResult   map[result: count:0 state:0]
[2020-01-02 12:50:23] rtpData ------->   map[result: count:0 state:0] 
[GIN] 2020/01/02 - 12:50:23 | 200 |    2.557424ms |  192.168.66.115 | POST     /getResult
[2020-01-02 12:50:23] 自開彩開獎  {202001020771 4 40 true} 
ConfigData  map[charset:utf8 redisIp:192.168.88.119 redisPassword:"" redisDB:3 poolname:FA_MEM database:FA_MEM user:fa_db password:1qaz!QAZ redisPort:6379 ip:192.168.88.181 port:3306]
SqlString  SELECT RTP,Amount,Bonus  FROM M_RtpSetting  WHERE Sid = 1   AND State = 1   AND LTG_Code = 4 AND Gid = 40
sqlResult   map[result: count:0 state:0]
[2020-01-02 12:50:23] rtpData ------->   map[result: count:0 state:0] 
[GIN] 2020/01/02 - 12:50:23 | 200 |    2.111309ms |  192.168.66.115 | POST     /getResult
[2020-01-02 12:50:23] 自開彩開獎  {202001020257 4 41 true} 
ConfigData  map[ip:192.168.88.181 poolname:FA_MEM port:3306 database:FA_MEM redisIp:192.168.88.119 user:fa_db password:1qaz!QAZ charset:utf8 redisPort:6379 redisPassword:"" redisDB:3]
SqlString  SELECT RTP,Amount,Bonus  FROM M_RtpSetting  WHERE Sid = 1   AND State = 1   AND LTG_Code = 4 AND Gid = 41
sqlResult   map[result: count:0 state:0]
[2020-01-02 12:50:23] rtpData ------->   map[result: count:0 state:0] 
[GIN] 2020/01/02 - 12:50:23 | 200 |    1.918292ms |  192.168.66.115 | POST     /getResult
[2020-01-02 12:50:24] 自開彩開獎  {202001020771 6 36 true} 
ConfigData  map[database:FA_MEM redisPort:6379 poolname:FA_MEM user:fa_db password:1qaz!QAZ charset:utf8 redisIp:192.168.88.119 redisPassword:"" redisDB:3 ip:192.168.88.181 port:3306]
SqlString  SELECT RTP,Amount,Bonus  FROM M_RtpSetting  WHERE Sid = 1   AND State = 1   AND LTG_Code = 6 AND Gid = 36
sqlResult   map[count:0 state:0 result:]
[2020-01-02 12:50:24] rtpData ------->   map[result: count:0 state:0] 
[GIN] 2020/01/02 - 12:50:24 | 200 |    3.116451ms |  192.168.66.115 | POST     /getResult
[2020-01-02 12:50:24] 自開彩開獎  {202001020771 5 38 true} 
ConfigData  map[redisPort:6379 poolname:FA_MEM port:3306 database:FA_MEM charset:utf8 redisIp:192.168.88.119 redisPassword:"" redisDB:3 ip:192.168.88.181 user:fa_db password:1qaz!QAZ]
SqlString  SELECT RTP,Amount,Bonus  FROM M_RtpSetting  WHERE Sid = 1   AND State = 1   AND LTG_Code = 5 AND Gid = 38
sqlResult   map[result: count:0 state:0]
[2020-01-02 12:50:24] rtpData ------->   map[result: count:0 state:0] 
[GIN] 2020/01/02 - 12:50:24 | 200 |    2.282191ms |  192.168.66.115 | POST     /getResult
[2020-01-02 12:50:24] 自開彩開獎  {202001020155 5 39 true} 
ConfigData  map[redisDB:3 ip:192.168.88.181 password:1qaz!QAZ charset:utf8 database:FA_MEM redisIp:192.168.88.119 redisPort:6379 redisPassword:"" poolname:FA_MEM port:3306 user:fa_db]
SqlString  SELECT RTP,Amount,Bonus  FROM M_RtpSetting  WHERE Sid = 1   AND State = 1   AND LTG_Code = 5 AND Gid = 39
sqlResult   map[result: count:0 state:0]
[2020-01-02 12:50:24] rtpData ------->   map[result: count:0 state:0] 
[GIN] 2020/01/02 - 12:50:24 | 200 |    2.020013ms |  192.168.66.115 | POST     /getResult
[2020-01-02 12:50:27] 自開彩開獎  {202001020771 1 34 true} 
ConfigData  map[redisDB:3 user:fa_db password:1qaz!QAZ charset:utf8 redisPort:6379 redisPassword:"" ip:192.168.88.181 poolname:FA_MEM port:3306 database:FA_MEM redisIp:192.168.88.119]
SqlString  SELECT RTP,Amount,Bonus  FROM M_RtpSetting  WHERE Sid = 1   AND State = 1   AND LTG_Code = 1 AND Gid = 34
sqlResult   map[result: count:0 state:0]
[2020-01-02 12:50:27] rtpData ------->   map[state:0 result: count:0] 
[GIN] 2020/01/02 - 12:50:27 | 200 |    2.428415ms |  192.168.66.115 | POST     /getResult
[2020-01-02 12:50:29] 自開彩開獎  {202001020257 1 35 true} 
ConfigData  map[poolname:FA_MEM database:FA_MEM redisDB:3 ip:192.168.88.181 port:3306 user:fa_db password:1qaz!QAZ charset:utf8 redisIp:192.168.88.119 redisPort:6379 redisPassword:""]
SqlString  SELECT RTP,Amount,Bonus  FROM M_RtpSetting  WHERE Sid = 1   AND State = 1   AND LTG_Code = 1 AND Gid = 35
sqlResult   map[result: count:0 state:0]
[2020-01-02 12:50:29] rtpData ------->   map[state:0 result: count:0] 
[GIN] 2020/01/02 - 12:50:29 | 200 |    2.879972ms |  192.168.66.115 | POST     /getResult
[2020-01-02 12:50:29] 自開彩開獎  {202001020771 4 40 true} 
ConfigData  map[poolname:FA_MEM port:3306 database:FA_MEM redisIp:192.168.88.119 redisPort:6379 ip:192.168.88.181 user:fa_db password:1qaz!QAZ charset:utf8 redisPassword:"" redisDB:3]
SqlString  SELECT RTP,Amount,Bonus  FROM M_RtpSetting  WHERE Sid = 1   AND State = 1   AND LTG_Code = 4 AND Gid = 40
sqlResult   map[result: count:0 state:0]
[2020-01-02 12:50:29] rtpData ------->   map[result: count:0 state:0] 
[GIN] 2020/01/02 - 12:50:29 | 200 |    2.040493ms |  192.168.66.115 | POST     /getResult
[2020-01-02 12:50:29] 自開彩開獎  {202001020257 4 41 true} 
ConfigData  map[database:FA_MEM charset:utf8 redisPort:6379 redisPassword:"" poolname:FA_MEM port:3306 password:1qaz!QAZ redisIp:192.168.88.119 redisDB:3 ip:192.168.88.181 user:fa_db]
SqlString  SELECT RTP,Amount,Bonus  FROM M_RtpSetting  WHERE Sid = 1   AND State = 1   AND LTG_Code = 4 AND Gid = 41
sqlResult   map[result: count:0 state:0]
[2020-01-02 12:50:29] rtpData ------->   map[result: count:0 state:0] 
[GIN] 2020/01/02 - 12:50:29 | 200 |    2.803747ms |  192.168.66.115 | POST     /getResult
[2020-01-02 12:50:30] 自開彩開獎  {202001020771 6 36 true} 
ConfigData  map[user:fa_db charset:utf8 redisPassword:"" redisDB:3 ip:192.168.88.181 poolname:FA_MEM port:3306 password:1qaz!QAZ database:FA_MEM redisIp:192.168.88.119 redisPort:6379]
SqlString  SELECT RTP,Amount,Bonus  FROM M_RtpSetting  WHERE Sid = 1   AND State = 1   AND LTG_Code = 6 AND Gid = 36
sqlResult   map[state:0 result: count:0]
[2020-01-02 12:50:30] rtpData ------->   map[count:0 state:0 result:] 
[GIN] 2020/01/02 - 12:50:30 | 200 |    3.123694ms |  192.168.66.115 | POST     /getResult
[2020-01-02 12:50:30] 自開彩開獎  {202001020771 5 38 true} 
ConfigData  map[password:1qaz!QAZ redisIp:192.168.88.119 redisPort:6379 redisPassword:"" port:3306 user:fa_db database:FA_MEM charset:utf8 redisDB:3 ip:192.168.88.181 poolname:FA_MEM]
SqlString  SELECT RTP,Amount,Bonus  FROM M_RtpSetting  WHERE Sid = 1   AND State = 1   AND LTG_Code = 5 AND Gid = 38
sqlResult   map[result: count:0 state:0]
[2020-01-02 12:50:30] rtpData ------->   map[result: count:0 state:0] 
[GIN] 2020/01/02 - 12:50:30 | 200 |    2.538085ms |  192.168.66.115 | POST     /getResult
[2020-01-02 12:50:30] 自開彩開獎  {202001020155 5 39 true} 
ConfigData  map[ip:192.168.88.181 poolname:FA_MEM user:fa_db password:1qaz!QAZ port:3306 database:FA_MEM charset:utf8 redisIp:192.168.88.119 redisPort:6379 redisPassword:"" redisDB:3]
SqlString  SELECT RTP,Amount,Bonus  FROM M_RtpSetting  WHERE Sid = 1   AND State = 1   AND LTG_Code = 5 AND Gid = 39
sqlResult   map[result: count:0 state:0]
[2020-01-02 12:50:30] rtpData ------->   map[result: count:0 state:0] 
[GIN] 2020/01/02 - 12:50:30 | 200 |    1.733513ms |  192.168.66.115 | POST     /getResult
[2020-01-02 12:50:33] 自開彩開獎  {202001020771 1 34 true} 
ConfigData  map[port:3306 user:fa_db password:1qaz!QAZ database:FA_MEM charset:utf8 redisIp:192.168.88.119 redisPort:6379 ip:192.168.88.181 poolname:FA_MEM redisPassword:"" redisDB:3]
SqlString  SELECT RTP,Amount,Bonus  FROM M_RtpSetting  WHERE Sid = 1   AND State = 1   AND LTG_Code = 1 AND Gid = 34
sqlResult   map[result: count:0 state:0]
[2020-01-02 12:50:33] rtpData ------->   map[result: count:0 state:0] 
[GIN] 2020/01/02 - 12:50:33 | 200 |    2.391805ms |  192.168.66.115 | POST     /getResult
[2020-01-02 12:50:35] 自開彩開獎  {202001020771 4 40 true} 
ConfigData  map[port:3306 user:fa_db database:FA_MEM redisPort:6379 redisDB:3 ip:192.168.88.181 poolname:FA_MEM redisIp:192.168.88.119 redisPassword:"" password:1qaz!QAZ charset:utf8]
SqlString  SELECT RTP,Amount,Bonus  FROM M_RtpSetting  WHERE Sid = 1   AND State = 1   AND LTG_Code = 4 AND Gid = 40
sqlResult   map[result: count:0 state:0]
[2020-01-02 12:50:35] rtpData ------->   map[result: count:0 state:0] 
[GIN] 2020/01/02 - 12:50:35 | 200 |    2.265017ms |  192.168.66.115 | POST     /getResult
[2020-01-02 12:50:35] 自開彩開獎  {202001020257 4 41 true} 
ConfigData  map[user:fa_db database:FA_MEM charset:utf8 redisIp:192.168.88.119 redisPort:6379 redisPassword:"" ip:192.168.88.181 port:3306 redisDB:3 poolname:FA_MEM password:1qaz!QAZ]
SqlString  SELECT RTP,Amount,Bonus  FROM M_RtpSetting  WHERE Sid = 1   AND State = 1   AND LTG_Code = 4 AND Gid = 41
sqlResult   map[result: count:0 state:0]
[2020-01-02 12:50:35] rtpData ------->   map[result: count:0 state:0] 
[GIN] 2020/01/02 - 12:50:35 | 200 |    2.796584ms |  192.168.66.115 | POST     /getResult
[2020-01-02 12:50:36] 自開彩開獎  {202001020257 1 35 true} 
ConfigData  map[port:3306 database:FA_MEM charset:utf8 redisIp:192.168.88.119 redisPassword:"" redisDB:3 ip:192.168.88.181 poolname:FA_MEM user:fa_db password:1qaz!QAZ redisPort:6379]
SqlString  SELECT RTP,Amount,Bonus  FROM M_RtpSetting  WHERE Sid = 1   AND State = 1   AND LTG_Code = 1 AND Gid = 35
sqlResult   map[result: count:0 state:0]
[2020-01-02 12:50:36] rtpData ------->   map[state:0 result: count:0] 
[GIN] 2020/01/02 - 12:50:36 | 200 |    2.784447ms |  192.168.66.115 | POST     /getResult
[2020-01-02 12:50:36] 自開彩開獎  {202001020771 5 38 true} 
ConfigData  map[password:1qaz!QAZ redisPort:6379 ip:192.168.88.181 poolname:FA_MEM port:3306 user:fa_db database:FA_MEM charset:utf8 redisIp:192.168.88.119 redisPassword:"" redisDB:3]
SqlString  SELECT RTP,Amount,Bonus  FROM M_RtpSetting  WHERE Sid = 1   AND State = 1   AND LTG_Code = 5 AND Gid = 38
sqlResult   map[count:0 state:0 result:]
[2020-01-02 12:50:36] rtpData ------->   map[result: count:0 state:0] 
[GIN] 2020/01/02 - 12:50:36 | 200 |    2.524425ms |  192.168.66.115 | POST     /getResult
[2020-01-02 12:50:36] 自開彩開獎  {202001020155 5 39 true} 
ConfigData  map[user:fa_db password:1qaz!QAZ redisPort:6379 redisDB:3 ip:192.168.88.181 poolname:FA_MEM port:3306 database:FA_MEM charset:utf8 redisIp:192.168.88.119 redisPassword:""]
SqlString  SELECT RTP,Amount,Bonus  FROM M_RtpSetting  WHERE Sid = 1   AND State = 1   AND LTG_Code = 5 AND Gid = 39
sqlResult   map[result: count:0 state:0]
[2020-01-02 12:50:36] rtpData ------->   map[result: count:0 state:0] 
[GIN] 2020/01/02 - 12:50:36 | 200 |    2.416422ms |  192.168.66.115 | POST     /getResult
[2020-01-02 12:50:37] 自開彩開獎  {202001020771 6 36 true} 
ConfigData  map[redisPassword:"" password:1qaz!QAZ database:FA_MEM port:3306 user:fa_db charset:utf8 redisIp:192.168.88.119 redisPort:6379 redisDB:3 ip:192.168.88.181 poolname:FA_MEM]
SqlString  SELECT RTP,Amount,Bonus  FROM M_RtpSetting  WHERE Sid = 1   AND State = 1   AND LTG_Code = 6 AND Gid = 36
sqlResult   map[result: count:0 state:0]
[2020-01-02 12:50:37] rtpData ------->   map[result: count:0 state:0] 
[GIN] 2020/01/02 - 12:50:37 | 200 |    3.710425ms |  192.168.66.115 | POST     /getResult
[2020-01-02 12:50:39] 自開彩開獎  {202001020771 1 34 true} 
ConfigData  map[ip:192.168.88.181 port:3306 user:fa_db password:1qaz!QAZ database:FA_MEM redisIp:192.168.88.119 redisPort:6379 poolname:FA_MEM charset:utf8 redisPassword:"" redisDB:3]
SqlString  SELECT RTP,Amount,Bonus  FROM M_RtpSetting  WHERE Sid = 1   AND State = 1   AND LTG_Code = 1 AND Gid = 34
sqlResult   map[count:0 state:0 result:]
[2020-01-02 12:50:39] rtpData ------->   map[state:0 result: count:0] 
[GIN] 2020/01/02 - 12:50:39 | 200 |    2.804506ms |  192.168.66.115 | POST     /getResult
[2020-01-02 12:50:41] 自開彩開獎  {202001020771 4 40 true} 
ConfigData  map[port:3306 user:fa_db password:1qaz!QAZ database:FA_MEM redisIp:192.168.88.119 redisPassword:"" redisDB:3 ip:192.168.88.181 poolname:FA_MEM charset:utf8 redisPort:6379]
SqlString  SELECT RTP,Amount,Bonus  FROM M_RtpSetting  WHERE Sid = 1   AND State = 1   AND LTG_Code = 4 AND Gid = 40
sqlResult   map[result: count:0 state:0]
[2020-01-02 12:50:41] rtpData ------->   map[result: count:0 state:0] 
[GIN] 2020/01/02 - 12:50:41 | 200 |    2.618351ms |  192.168.66.115 | POST     /getResult
[2020-01-02 12:50:41] 自開彩開獎  {202001020257 4 41 true} 
ConfigData  map[database:FA_MEM charset:utf8 redisIp:192.168.88.119 redisPassword:"" redisPort:6379 redisDB:3 ip:192.168.88.181 poolname:FA_MEM port:3306 user:fa_db password:1qaz!QAZ]
SqlString  SELECT RTP,Amount,Bonus  FROM M_RtpSetting  WHERE Sid = 1   AND State = 1   AND LTG_Code = 4 AND Gid = 41
sqlResult   map[result: count:0 state:0]
[2020-01-02 12:50:41] rtpData ------->   map[count:0 state:0 result:] 
[GIN] 2020/01/02 - 12:50:41 | 200 |    2.654824ms |  192.168.66.115 | POST     /getResult
[2020-01-02 12:50:42] 自開彩開獎  {202001020771 5 38 true} 
ConfigData  map[database:FA_MEM redisPort:6379 redisPassword:"" redisDB:3 poolname:FA_MEM port:3306 password:1qaz!QAZ redisIp:192.168.88.119 ip:192.168.88.181 user:fa_db charset:utf8]
SqlString  SELECT RTP,Amount,Bonus  FROM M_RtpSetting  WHERE Sid = 1   AND State = 1   AND LTG_Code = 5 AND Gid = 38
sqlResult   map[result: count:0 state:0]
[2020-01-02 12:50:42] rtpData ------->   map[result: count:0 state:0] 
[GIN] 2020/01/02 - 12:50:42 | 200 |    2.165584ms |  192.168.66.115 | POST     /getResult
[2020-01-02 12:50:42] 自開彩開獎  {202001020155 5 39 true} 
ConfigData  map[database:FA_MEM charset:utf8 redisPassword:"" redisDB:3 poolname:FA_MEM port:3306 user:fa_db password:1qaz!QAZ ip:192.168.88.181 redisIp:192.168.88.119 redisPort:6379]
SqlString  SELECT RTP,Amount,Bonus  FROM M_RtpSetting  WHERE Sid = 1   AND State = 1   AND LTG_Code = 5 AND Gid = 39
sqlResult   map[result: count:0 state:0]
[2020-01-02 12:50:42] rtpData ------->   map[result: count:0 state:0] 
[GIN] 2020/01/02 - 12:50:42 | 200 |    2.135985ms |  192.168.66.115 | POST     /getResult
[2020-01-02 12:50:43] 自開彩開獎  {202001020257 1 35 true} 
ConfigData  map[ip:192.168.88.181 password:1qaz!QAZ redisPassword:"" database:FA_MEM charset:utf8 redisIp:192.168.88.119 redisPort:6379 redisDB:3 poolname:FA_MEM port:3306 user:fa_db]
SqlString  SELECT RTP,Amount,Bonus  FROM M_RtpSetting  WHERE Sid = 1   AND State = 1   AND LTG_Code = 1 AND Gid = 35
[2020-01-02 12:50:43] 自開彩開獎  {202001020771 6 36 true} 
ConfigData  map[user:fa_db redisPort:6379 redisPassword:"" redisDB:3 ip:192.168.88.181 poolname:FA_MEM port:3306 password:1qaz!QAZ database:FA_MEM charset:utf8 redisIp:192.168.88.119]
SqlString  SELECT RTP,Amount,Bonus  FROM M_RtpSetting  WHERE Sid = 1   AND State = 1   AND LTG_Code = 6 AND Gid = 36
sqlResult   map[result: count:0 state:0]
[2020-01-02 12:50:43] rtpData ------->   map[result: count:0 state:0] 
[GIN] 2020/01/02 - 12:50:43 | 200 |    3.089173ms |  192.168.66.115 | POST     /getResult
sqlResult   map[count:0 state:0 result:]
[2020-01-02 12:50:43] rtpData ------->   map[result: count:0 state:0] 
[GIN] 2020/01/02 - 12:50:43 | 200 |    2.097548ms |  192.168.66.115 | POST     /getResult
[2020-01-02 12:50:45] 自開彩開獎  {202001020771 1 34 true} 
ConfigData  map[ip:192.168.88.181 poolname:FA_MEM password:1qaz!QAZ database:FA_MEM redisIp:192.168.88.119 redisPassword:"" port:3306 user:fa_db charset:utf8 redisPort:6379 redisDB:3]
SqlString  SELECT RTP,Amount,Bonus  FROM M_RtpSetting  WHERE Sid = 1   AND State = 1   AND LTG_Code = 1 AND Gid = 34
sqlResult   map[result: count:0 state:0]
[2020-01-02 12:50:45] rtpData ------->   map[result: count:0 state:0] 
[GIN] 2020/01/02 - 12:50:45 | 200 |    2.927573ms |  192.168.66.115 | POST     /getResult
[2020-01-02 12:50:47] 自開彩開獎  {202001020771 4 40 true} 
ConfigData  map[redisPort:6379 redisDB:3 poolname:FA_MEM port:3306 password:1qaz!QAZ database:FA_MEM charset:utf8 redisIp:192.168.88.119 redisPassword:"" ip:192.168.88.181 user:fa_db]
SqlString  SELECT RTP,Amount,Bonus  FROM M_RtpSetting  WHERE Sid = 1   AND State = 1   AND LTG_Code = 4 AND Gid = 40
sqlResult   map[result: count:0 state:0]
[2020-01-02 12:50:47] rtpData ------->   map[result: count:0 state:0] 
[GIN] 2020/01/02 - 12:50:47 | 200 |    2.461302ms |  192.168.66.115 | POST     /getResult
[2020-01-02 12:50:47] 自開彩開獎  {202001020257 4 41 true} 
ConfigData  map[password:1qaz!QAZ database:FA_MEM charset:utf8 redisPort:6379 port:3306 poolname:FA_MEM user:fa_db redisIp:192.168.88.119 redisPassword:"" redisDB:3 ip:192.168.88.181]
SqlString  SELECT RTP,Amount,Bonus  FROM M_RtpSetting  WHERE Sid = 1   AND State = 1   AND LTG_Code = 4 AND Gid = 41
sqlResult   map[state:0 result: count:0]
[2020-01-02 12:50:47] rtpData ------->   map[result: count:0 state:0] 
[GIN] 2020/01/02 - 12:50:47 | 200 |    2.264379ms |  192.168.66.115 | POST     /getResult
[2020-01-02 12:50:48] 自開彩開獎  {202001020771 5 38 true} 
ConfigData  map[ip:192.168.88.181 user:fa_db charset:utf8 redisIp:192.168.88.119 redisPassword:"" redisDB:3 poolname:FA_MEM port:3306 password:1qaz!QAZ database:FA_MEM redisPort:6379]
SqlString  SELECT RTP,Amount,Bonus  FROM M_RtpSetting  WHERE Sid = 1   AND State = 1   AND LTG_Code = 5 AND Gid = 38
sqlResult   map[result: count:0 state:0]
[2020-01-02 12:50:48] rtpData ------->   map[result: count:0 state:0] 
[GIN] 2020/01/02 - 12:50:48 | 200 |    2.369987ms |  192.168.66.115 | POST     /getResult
[2020-01-02 12:50:48] 自開彩開獎  {202001020155 5 39 true} 
ConfigData  map[poolname:FA_MEM charset:utf8 redisIp:192.168.88.119 redisPassword:"" database:FA_MEM redisPort:6379 redisDB:3 ip:192.168.88.181 port:3306 user:fa_db password:1qaz!QAZ]
SqlString  SELECT RTP,Amount,Bonus  FROM M_RtpSetting  WHERE Sid = 1   AND State = 1   AND LTG_Code = 5 AND Gid = 39
sqlResult   map[result: count:0 state:0]
[2020-01-02 12:50:48] rtpData ------->   map[result: count:0 state:0] 
[GIN] 2020/01/02 - 12:50:48 | 200 |    2.195895ms |  192.168.66.115 | POST     /getResult
[2020-01-02 12:50:49] 自開彩開獎  {202001020257 1 35 true} 
ConfigData  map[database:FA_MEM redisPort:6379 redisDB:3 user:fa_db poolname:FA_MEM port:3306 password:1qaz!QAZ charset:utf8 redisIp:192.168.88.119 redisPassword:"" ip:192.168.88.181]
SqlString  SELECT RTP,Amount,Bonus  FROM M_RtpSetting  WHERE Sid = 1   AND State = 1   AND LTG_Code = 1 AND Gid = 35
[2020-01-02 12:50:49] 自開彩開獎  {202001020771 6 36 true} 
ConfigData  map[user:fa_db password:1qaz!QAZ database:FA_MEM charset:utf8 redisIp:192.168.88.119 redisPassword:"" poolname:FA_MEM port:3306 redisDB:3 ip:192.168.88.181 redisPort:6379]
SqlString  SELECT RTP,Amount,Bonus  FROM M_RtpSetting  WHERE Sid = 1   AND State = 1   AND LTG_Code = 6 AND Gid = 36
sqlResult   map[result: count:0 state:0]
[2020-01-02 12:50:49] rtpData ------->   map[result: count:0 state:0] 
sqlResult   map[result: count:0 state:0]
[GIN] 2020/01/02 - 12:50:49 | 200 |    2.748921ms |  192.168.66.115 | POST     /getResult
[2020-01-02 12:50:49] rtpData ------->   map[result: count:0 state:0] 
[GIN] 2020/01/02 - 12:50:49 | 200 |    2.510794ms |  192.168.66.115 | POST     /getResult
[2020-01-02 12:50:51] 自開彩開獎  {202001020771 1 34 true} 
ConfigData  map[redisDB:3 poolname:FA_MEM redisIp:192.168.88.119 user:fa_db password:1qaz!QAZ database:FA_MEM charset:utf8 redisPort:6379 redisPassword:"" ip:192.168.88.181 port:3306]
SqlString  SELECT RTP,Amount,Bonus  FROM M_RtpSetting  WHERE Sid = 1   AND State = 1   AND LTG_Code = 1 AND Gid = 34
sqlResult   map[result: count:0 state:0]
[2020-01-02 12:50:51] rtpData ------->   map[state:0 result: count:0] 
[GIN] 2020/01/02 - 12:50:51 | 200 |     2.91655ms |  192.168.66.115 | POST     /getResult
[2020-01-02 12:50:53] 自開彩開獎  {202001020771 4 40 true} 
ConfigData  map[database:FA_MEM charset:utf8 redisIp:192.168.88.119 redisDB:3 password:1qaz!QAZ redisPort:6379 redisPassword:"" ip:192.168.88.181 poolname:FA_MEM port:3306 user:fa_db]
SqlString  SELECT RTP,Amount,Bonus  FROM M_RtpSetting  WHERE Sid = 1   AND State = 1   AND LTG_Code = 4 AND Gid = 40
sqlResult   map[result: count:0 state:0]
[2020-01-02 12:50:53] rtpData ------->   map[result: count:0 state:0] 
[GIN] 2020/01/02 - 12:50:53 | 200 |    2.584276ms |  192.168.66.115 | POST     /getResult
[2020-01-02 12:50:53] 自開彩開獎  {202001020257 4 41 true} 
ConfigData  map[password:1qaz!QAZ database:FA_MEM redisPassword:"" redisDB:3 poolname:FA_MEM user:fa_db charset:utf8 redisIp:192.168.88.119 redisPort:6379 ip:192.168.88.181 port:3306]
SqlString  SELECT RTP,Amount,Bonus  FROM M_RtpSetting  WHERE Sid = 1   AND State = 1   AND LTG_Code = 4 AND Gid = 41
sqlResult   map[result: count:0 state:0]
[2020-01-02 12:50:53] rtpData ------->   map[result: count:0 state:0] 
[GIN] 2020/01/02 - 12:50:53 | 200 |    2.322929ms |  192.168.66.115 | POST     /getResult
[2020-01-02 12:50:54] 自開彩開獎  {202001020771 5 38 true} 
ConfigData  map[ip:192.168.88.181 poolname:FA_MEM user:fa_db charset:utf8 redisIp:192.168.88.119 redisPassword:"" port:3306 password:1qaz!QAZ database:FA_MEM redisPort:6379 redisDB:3]
SqlString  SELECT RTP,Amount,Bonus  FROM M_RtpSetting  WHERE Sid = 1   AND State = 1   AND LTG_Code = 5 AND Gid = 38
sqlResult   map[result: count:0 state:0]
[2020-01-02 12:50:54] rtpData ------->   map[state:0 result: count:0] 
[GIN] 2020/01/02 - 12:50:54 | 200 |    2.116947ms |  192.168.66.115 | POST     /getResult
[2020-01-02 12:50:54] 自開彩開獎  {202001020155 5 39 true} 
ConfigData  map[database:FA_MEM charset:utf8 redisPort:6379 redisPassword:"" poolname:FA_MEM user:fa_db password:1qaz!QAZ redisIp:192.168.88.119 redisDB:3 ip:192.168.88.181 port:3306]
SqlString  SELECT RTP,Amount,Bonus  FROM M_RtpSetting  WHERE Sid = 1   AND State = 1   AND LTG_Code = 5 AND Gid = 39
sqlResult   map[result: count:0 state:0]
[2020-01-02 12:50:54] rtpData ------->   map[result: count:0 state:0] 
[GIN] 2020/01/02 - 12:50:54 | 200 |    1.671347ms |  192.168.66.115 | POST     /getResult
[2020-01-02 12:50:55] 自開彩開獎  {202001020257 1 35 true} 
ConfigData  map[redisIp:192.168.88.119 ip:192.168.88.181 port:3306 user:fa_db charset:utf8 redisPassword:"" redisDB:3 poolname:FA_MEM password:1qaz!QAZ database:FA_MEM redisPort:6379]
SqlString  SELECT RTP,Amount,Bonus  FROM M_RtpSetting  WHERE Sid = 1   AND State = 1   AND LTG_Code = 1 AND Gid = 35
[2020-01-02 12:50:55] 自開彩開獎  {202001020771 6 36 true} 
ConfigData  map[redisPassword:"" poolname:FA_MEM port:3306 charset:utf8 database:FA_MEM redisIp:192.168.88.119 redisPort:6379 redisDB:3 ip:192.168.88.181 user:fa_db password:1qaz!QAZ]
SqlString  SELECT RTP,Amount,Bonus  FROM M_RtpSetting  WHERE Sid = 1   AND State = 1   AND LTG_Code = 6 AND Gid = 36
sqlResult   map[result: count:0 state:0]
[2020-01-02 12:50:55] rtpData ------->   map[result: count:0 state:0] 
[GIN] 2020/01/02 - 12:50:55 | 200 |    1.899269ms |  192.168.66.115 | POST     /getResult
sqlResult   map[state:0 result: count:0]
[2020-01-02 12:50:55] rtpData ------->   map[result: count:0 state:0] 
[GIN] 2020/01/02 - 12:50:55 | 200 |    1.691171ms |  192.168.66.115 | POST     /getResult
[2020-01-02 12:50:57] 自開彩開獎  {202001020771 1 34 true} 
ConfigData  map[ip:192.168.88.181 charset:utf8 redisDB:3 redisIp:192.168.88.119 redisPort:6379 redisPassword:"" poolname:FA_MEM port:3306 user:fa_db password:1qaz!QAZ database:FA_MEM]
SqlString  SELECT RTP,Amount,Bonus  FROM M_RtpSetting  WHERE Sid = 1   AND State = 1   AND LTG_Code = 1 AND Gid = 34
sqlResult   map[result: count:0 state:0]
[2020-01-02 12:50:57] rtpData ------->   map[result: count:0 state:0] 
[GIN] 2020/01/02 - 12:50:57 | 200 |    3.425183ms |  192.168.66.115 | POST     /getResult
[2020-01-02 12:50:59] 自開彩開獎  {202001020771 4 40 true} 
ConfigData  map[redisPort:6379 redisPassword:"" port:3306 user:fa_db database:FA_MEM charset:utf8 redisIp:192.168.88.119 ip:192.168.88.181 poolname:FA_MEM password:1qaz!QAZ redisDB:3]
SqlString  SELECT RTP,Amount,Bonus  FROM M_RtpSetting  WHERE Sid = 1   AND State = 1   AND LTG_Code = 4 AND Gid = 40
sqlResult   map[result: count:0 state:0]
[2020-01-02 12:50:59] rtpData ------->   map[result: count:0 state:0] 
[GIN] 2020/01/02 - 12:50:59 | 200 |    2.471206ms |  192.168.66.115 | POST     /getResult
[2020-01-02 12:50:59] 自開彩開獎  {202001020257 4 41 true} 
ConfigData  map[database:FA_MEM charset:utf8 redisIp:192.168.88.119 redisDB:3 ip:192.168.88.181 poolname:FA_MEM port:3306 redisPassword:"" user:fa_db password:1qaz!QAZ redisPort:6379]
SqlString  SELECT RTP,Amount,Bonus  FROM M_RtpSetting  WHERE Sid = 1   AND State = 1   AND LTG_Code = 4 AND Gid = 41
sqlResult   map[state:0 result: count:0]
[2020-01-02 12:50:59] rtpData ------->   map[result: count:0 state:0] 
[GIN] 2020/01/02 - 12:50:59 | 200 |    2.592909ms |  192.168.66.115 | POST     /getResult
[2020-01-02 12:51:00] 自開彩開獎  {202001020258 6 37 true} 
ConfigData  map[charset:utf8 redisPort:6379 password:1qaz!QAZ database:FA_MEM redisIp:192.168.88.119 redisPassword:"" ip:192.168.88.181 poolname:FA_MEM port:3306 user:fa_db redisDB:3]
SqlString  SELECT RTP,Amount,Bonus  FROM M_RtpSetting  WHERE Sid = 1   AND State = 1   AND LTG_Code = 6 AND Gid = 37
sqlResult   map[result: count:0 state:0]
[2020-01-02 12:51:00] rtpData ------->   map[result: count:0 state:0] 
[GIN] 2020/01/02 - 12:51:00 | 200 |    2.270264ms |  192.168.66.115 | POST     /getResult
[2020-01-02 12:51:00] 自開彩開獎  {202001020771 5 38 true} 
ConfigData  map[port:3306 password:1qaz!QAZ database:FA_MEM charset:utf8 poolname:FA_MEM user:fa_db redisIp:192.168.88.119 redisPort:6379 redisPassword:"" redisDB:3 ip:192.168.88.181]
SqlString  SELECT RTP,Amount,Bonus  FROM M_RtpSetting  WHERE Sid = 1   AND State = 1   AND LTG_Code = 5 AND Gid = 38
sqlResult   map[result: count:0 state:0]
[2020-01-02 12:51:00] rtpData ------->   map[count:0 state:0 result:] 
[GIN] 2020/01/02 - 12:51:00 | 200 |    3.102131ms |  192.168.66.115 | POST     /getResult
[2020-01-02 12:51:00] 自開彩開獎  {202001020155 5 39 true} 
ConfigData  map[password:1qaz!QAZ charset:utf8 redisIp:192.168.88.119 redisPassword:"" poolname:FA_MEM port:3306 database:FA_MEM redisPort:6379 redisDB:3 ip:192.168.88.181 user:fa_db]
SqlString  SELECT RTP,Amount,Bonus  FROM M_RtpSetting  WHERE Sid = 1   AND State = 1   AND LTG_Code = 5 AND Gid = 39
sqlResult   map[result: count:0 state:0]
[2020-01-02 12:51:00] rtpData ------->   map[result: count:0 state:0] 
[GIN] 2020/01/02 - 12:51:00 | 200 |    2.215178ms |  192.168.66.115 | POST     /getResult
[2020-01-02 12:51:00] 自開彩開獎  {20200102258 2 27 true} 
ConfigData  map[redisDB:3 poolname:FA_MEM port:3306 redisIp:192.168.88.119 redisPort:6379 redisPassword:"" ip:192.168.88.181 user:fa_db password:1qaz!QAZ database:FA_MEM charset:utf8]
SqlString  SELECT RTP,Amount,Bonus  FROM M_RtpSetting  WHERE Sid = 1   AND State = 1   AND LTG_Code = 2 AND Gid = 27
[2020-01-02 12:51:00] 自開彩開獎  {202001020772 2 26 true} 
ConfigData  map[charset:utf8 redisPort:6379 redisPassword:"" redisDB:3 ip:192.168.88.181 poolname:FA_MEM user:fa_db password:1qaz!QAZ port:3306 database:FA_MEM redisIp:192.168.88.119]
SqlString  SELECT RTP,Amount,Bonus  FROM M_RtpSetting  WHERE Sid = 1   AND State = 1   AND LTG_Code = 2 AND Gid = 26
sqlResult   map[result:0.9600 count:1 state:1 amount:1.0069588e+06 bonus:908100.71]
[2020-01-02 12:51:00] rtpData ------->   map[result:0.9600 count:1 state:1 amount:1.0069588e+06 bonus:908100.71] 
ConfigData  map[redisPassword:"" ip:192.168.88.181 port:3306 database:FA_MEM charset:utf8 redisIp:192.168.88.119 redisPort:6379 poolname:FA_MEM user:fa_db password:1qaz!QAZ redisDB:3]
SELECT BO_No, BO_OrderNo , BO_User , BO_Issue  , BO_LotteryTypeGroup, BO_LotteryType, BO_Mode, BO_LotteryPlayGroup, BO_LotteryPlay , BO_LotteryContent, BO_Price, BO_RealPrice, BO_Unit, BO_Multiple , BO_BetCount  , BO_Winnings, BO_Winnings2, BO_Winnings3, BO_WinningLimit  , BO_Water , BO_BW_SourceUserId, BO_BW_BackWater, BO_BW_LimitBetCount, BO_BW_MaxAmount, BO_BW_AuditMultiple  , BO_Odds, BO_Odds2, BO_Odds3 , BO_Type, BO_Chase , BO_OpenResult, BO_OpenResult2, BO_DateDraw, BO_DateDraw2, BO_DateUpdate  FROM TS_BetOrder  WHERE BO_Cancel = 0   AND BO_CancelBackend = 0   AND BO_LotteryTypeGroup = 2 AND BO_LotteryType = 26 AND BO_Issue = 202001020772 AND BO_Collect = 0 ORDER BY BO_DateDraw ASC, BO_DateCreate ASC, BO_DateUpdate ASC, BO_No ASC ;
sqlResult   map[amount:105208 bonus:58491.69 result:0.9600 count:1 state:1]
[2020-01-02 12:51:00] rtpData ------->   map[result:0.9600 count:1 state:1 amount:105208 bonus:58491.69] 
ConfigData  map[poolname:FA_MEM database:FA_MEM charset:utf8 redisPassword:"" redisDB:3 ip:192.168.88.181 port:3306 user:fa_db password:1qaz!QAZ redisIp:192.168.88.119 redisPort:6379]
SELECT BO_No, BO_OrderNo , BO_User , BO_Issue  , BO_LotteryTypeGroup, BO_LotteryType, BO_Mode, BO_LotteryPlayGroup, BO_LotteryPlay , BO_LotteryContent, BO_Price, BO_RealPrice, BO_Unit, BO_Multiple , BO_BetCount  , BO_Winnings, BO_Winnings2, BO_Winnings3, BO_WinningLimit  , BO_Water , BO_BW_SourceUserId, BO_BW_BackWater, BO_BW_LimitBetCount, BO_BW_MaxAmount, BO_BW_AuditMultiple  , BO_Odds, BO_Odds2, BO_Odds3 , BO_Type, BO_Chase , BO_OpenResult, BO_OpenResult2, BO_DateDraw, BO_DateDraw2, BO_DateUpdate  FROM TS_BetOrder  WHERE BO_Cancel = 0   AND BO_CancelBackend = 0   AND BO_LotteryTypeGroup = 2 AND BO_LotteryType = 27 AND BO_Issue = 20200102258 AND BO_Collect = 0 ORDER BY BO_DateDraw ASC, BO_DateCreate ASC, BO_DateUpdate ASC, BO_No ASC ;
[2020-01-02 12:51:00] LottteryTypeGroup 2 
[2020-01-02 12:51:00] 有期號 但無注單 -------> map[amount:0 bonus:0 thisOpenResult:[4 1 7 7 9]] 
[GIN] 2020/01/02 - 12:51:00 | 200 |    5.002132ms |  192.168.66.115 | POST     /getResult
[2020-01-02 12:51:00] LottteryTypeGroup 2 
[2020-01-02 12:51:00] 有期號 但無注單 -------> map[amount:0 bonus:0 thisOpenResult:[3 8 7 2 1]] 
[GIN] 2020/01/02 - 12:51:00 | 200 |    4.999836ms |  192.168.66.115 | POST     /getResult
[2020-01-02 12:51:01] 自開彩開獎  {202001020257 1 35 true} 
ConfigData  map[poolname:FA_MEM password:1qaz!QAZ redisPort:6379 redisPassword:"" charset:utf8 redisIp:192.168.88.119 redisDB:3 ip:192.168.88.181 port:3306 user:fa_db database:FA_MEM]
SqlString  SELECT RTP,Amount,Bonus  FROM M_RtpSetting  WHERE Sid = 1   AND State = 1   AND LTG_Code = 1 AND Gid = 35
[2020-01-02 12:51:01] 自開彩開獎  {202001020771 6 36 true} 
ConfigData  map[port:3306 password:1qaz!QAZ database:FA_MEM charset:utf8 redisPassword:"" redisDB:3 ip:192.168.88.181 poolname:FA_MEM user:fa_db redisIp:192.168.88.119 redisPort:6379]
SqlString  SELECT RTP,Amount,Bonus  FROM M_RtpSetting  WHERE Sid = 1   AND State = 1   AND LTG_Code = 6 AND Gid = 36
sqlResult   map[result: count:0 state:0]
[2020-01-02 12:51:01] rtpData ------->   map[result: count:0 state:0] 
[GIN] 2020/01/02 - 12:51:01 | 200 |    2.158761ms |  192.168.66.115 | POST     /getResult
sqlResult   map[result: count:0 state:0]
[2020-01-02 12:51:01] rtpData ------->   map[result: count:0 state:0] 
[GIN] 2020/01/02 - 12:51:01 | 200 |    2.226735ms |  192.168.66.115 | POST     /getResult
[2020-01-02 12:51:03] 自開彩開獎  {202001020771 1 34 true} 
ConfigData  map[poolname:FA_MEM password:1qaz!QAZ redisPort:6379 ip:192.168.88.181 user:fa_db database:FA_MEM charset:utf8 redisIp:192.168.88.119 redisPassword:"" redisDB:3 port:3306]
SqlString  SELECT RTP,Amount,Bonus  FROM M_RtpSetting  WHERE Sid = 1   AND State = 1   AND LTG_Code = 1 AND Gid = 34
sqlResult   map[result: count:0 state:0]
[2020-01-02 12:51:03] rtpData ------->   map[state:0 result: count:0] 
[GIN] 2020/01/02 - 12:51:03 | 200 |     2.55748ms |  192.168.66.115 | POST     /getResult
[2020-01-02 12:51:05] 自開彩開獎  {202001020771 4 40 true} 
ConfigData  map[port:3306 user:fa_db password:1qaz!QAZ database:FA_MEM redisPassword:"" redisDB:3 ip:192.168.88.181 poolname:FA_MEM charset:utf8 redisIp:192.168.88.119 redisPort:6379]
SqlString  SELECT RTP,Amount,Bonus  FROM M_RtpSetting  WHERE Sid = 1   AND State = 1   AND LTG_Code = 4 AND Gid = 40
sqlResult   map[result: count:0 state:0]
[2020-01-02 12:51:05] rtpData ------->   map[result: count:0 state:0] 
[GIN] 2020/01/02 - 12:51:05 | 200 |     3.71679ms |  192.168.66.115 | POST     /getResult
[2020-01-02 12:51:05] 自開彩開獎  {202001020257 4 41 true} 
ConfigData  map[redisPort:6379 redisDB:3 port:3306 user:fa_db password:1qaz!QAZ database:FA_MEM charset:utf8 redisIp:192.168.88.119 redisPassword:"" ip:192.168.88.181 poolname:FA_MEM]
SqlString  SELECT RTP,Amount,Bonus  FROM M_RtpSetting  WHERE Sid = 1   AND State = 1   AND LTG_Code = 4 AND Gid = 41
sqlResult   map[count:0 state:0 result:]
[2020-01-02 12:51:05] rtpData ------->   map[state:0 result: count:0] 
[GIN] 2020/01/02 - 12:51:05 | 200 |    2.799309ms |  192.168.66.115 | POST     /getResult
[2020-01-02 12:51:06] 自開彩開獎  {202001020258 6 37 true} 
ConfigData  map[redisPort:6379 redisPassword:"" ip:192.168.88.181 poolname:FA_MEM user:fa_db charset:utf8 redisIp:192.168.88.119 port:3306 password:1qaz!QAZ database:FA_MEM redisDB:3]
SqlString  SELECT RTP,Amount,Bonus  FROM M_RtpSetting  WHERE Sid = 1   AND State = 1   AND LTG_Code = 6 AND Gid = 37
sqlResult   map[result: count:0 state:0]
[2020-01-02 12:51:06] rtpData ------->   map[result: count:0 state:0] 
[GIN] 2020/01/02 - 12:51:06 | 200 |    2.792088ms |  192.168.66.115 | POST     /getResult
[2020-01-02 12:51:06] 自開彩開獎  {202001020772 5 38 true} 
ConfigData  map[poolname:FA_MEM user:fa_db redisPassword:"" ip:192.168.88.181 port:3306 password:1qaz!QAZ database:FA_MEM charset:utf8 redisIp:192.168.88.119 redisPort:6379 redisDB:3]
SqlString  SELECT RTP,Amount,Bonus  FROM M_RtpSetting  WHERE Sid = 1   AND State = 1   AND LTG_Code = 5 AND Gid = 38
sqlResult   map[result: count:0 state:0]
[2020-01-02 12:51:06] rtpData ------->   map[result: count:0 state:0] 
[GIN] 2020/01/02 - 12:51:06 | 200 |    3.246021ms |  192.168.66.115 | POST     /getResult
[2020-01-02 12:51:07] 自開彩開獎  {202001020258 1 35 true} 
ConfigData  map[redisPassword:"" ip:192.168.88.181 poolname:FA_MEM user:fa_db charset:utf8 redisPort:6379 port:3306 password:1qaz!QAZ database:FA_MEM redisIp:192.168.88.119 redisDB:3]
SqlString  SELECT RTP,Amount,Bonus  FROM M_RtpSetting  WHERE Sid = 1   AND State = 1   AND LTG_Code = 1 AND Gid = 35
[2020-01-02 12:51:07] 自開彩開獎  {202001020772 6 36 true} 
ConfigData  map[poolname:FA_MEM password:1qaz!QAZ redisIp:192.168.88.119 redisPort:6379 redisPassword:"" ip:192.168.88.181 port:3306 user:fa_db database:FA_MEM charset:utf8 redisDB:3]
SqlString  SELECT RTP,Amount,Bonus  FROM M_RtpSetting  WHERE Sid = 1   AND State = 1   AND LTG_Code = 6 AND Gid = 36
sqlResult   map[count:0 state:0 result:]
[2020-01-02 12:51:07] rtpData ------->   map[result: count:0 state:0] 
sqlResult   map[state:0 result: count:0]
[2020-01-02 12:51:07] rtpData ------->   map[result: count:0 state:0] 
[GIN] 2020/01/02 - 12:51:07 | 200 |    3.018691ms |  192.168.66.115 | POST     /getResult
[GIN] 2020/01/02 - 12:51:07 | 200 |    3.266676ms |  192.168.66.115 | POST     /getResult
[2020-01-02 12:51:09] 自開彩開獎  {202001020772 1 34 true} 
ConfigData  map[user:fa_db password:1qaz!QAZ database:FA_MEM redisDB:3 ip:192.168.88.181 poolname:FA_MEM port:3306 redisPassword:"" charset:utf8 redisIp:192.168.88.119 redisPort:6379]
SqlString  SELECT RTP,Amount,Bonus  FROM M_RtpSetting  WHERE Sid = 1   AND State = 1   AND LTG_Code = 1 AND Gid = 34
sqlResult   map[count:0 state:0 result:]
[2020-01-02 12:51:09] rtpData ------->   map[count:0 state:0 result:] 
[GIN] 2020/01/02 - 12:51:09 | 200 |    2.941368ms |  192.168.66.115 | POST     /getResult
[2020-01-02 12:51:11] 自開彩開獎  {202001020772 4 40 true} 
ConfigData  map[poolname:FA_MEM port:3306 database:FA_MEM redisIp:192.168.88.119 redisPort:6379 ip:192.168.88.181 user:fa_db password:1qaz!QAZ charset:utf8 redisPassword:"" redisDB:3]
SqlString  SELECT RTP,Amount,Bonus  FROM M_RtpSetting  WHERE Sid = 1   AND State = 1   AND LTG_Code = 4 AND Gid = 40
sqlResult   map[result: count:0 state:0]
[2020-01-02 12:51:11] rtpData ------->   map[state:0 result: count:0] 
[GIN] 2020/01/02 - 12:51:11 | 200 |    2.053606ms |  192.168.66.115 | POST     /getResult
[2020-01-02 12:51:11] 自開彩開獎  {202001020258 4 41 true} 
ConfigData  map[port:3306 database:FA_MEM redisIp:192.168.88.119 redisPort:6379 redisPassword:"" redisDB:3 ip:192.168.88.181 poolname:FA_MEM user:fa_db password:1qaz!QAZ charset:utf8]
SqlString  SELECT RTP,Amount,Bonus  FROM M_RtpSetting  WHERE Sid = 1   AND State = 1   AND LTG_Code = 4 AND Gid = 41
sqlResult   map[result: count:0 state:0]
[2020-01-02 12:51:11] rtpData ------->   map[result: count:0 state:0] 
[GIN] 2020/01/02 - 12:51:11 | 200 |     2.52764ms |  192.168.66.115 | POST     /getResult
[2020-01-02 12:51:12] 自開彩開獎  {202001020258 6 37 true} 
ConfigData  map[redisDB:3 password:1qaz!QAZ redisIp:192.168.88.119 port:3306 user:fa_db database:FA_MEM charset:utf8 redisPort:6379 redisPassword:"" ip:192.168.88.181 poolname:FA_MEM]
SqlString  SELECT RTP,Amount,Bonus  FROM M_RtpSetting  WHERE Sid = 1   AND State = 1   AND LTG_Code = 6 AND Gid = 37
sqlResult   map[result: count:0 state:0]
[2020-01-02 12:51:12] rtpData ------->   map[result: count:0 state:0] 
[GIN] 2020/01/02 - 12:51:12 | 200 |    3.085458ms |  192.168.66.115 | POST     /getResult
[2020-01-02 12:51:12] 自開彩開獎  {202001020772 5 38 true} 
ConfigData  map[charset:utf8 redisDB:3 ip:192.168.88.181 user:fa_db password:1qaz!QAZ database:FA_MEM redisIp:192.168.88.119 redisPort:6379 redisPassword:"" poolname:FA_MEM port:3306]
SqlString  SELECT RTP,Amount,Bonus  FROM M_RtpSetting  WHERE Sid = 1   AND State = 1   AND LTG_Code = 5 AND Gid = 38
sqlResult   map[result: count:0 state:0]
[2020-01-02 12:51:12] rtpData ------->   map[result: count:0 state:0] 
[GIN] 2020/01/02 - 12:51:12 | 200 |     2.17673ms |  192.168.66.115 | POST     /getResult
[2020-01-02 12:51:13] 自開彩開獎  {202001020772 6 36 true} 
ConfigData  map[redisPassword:"" redisDB:3 poolname:FA_MEM password:1qaz!QAZ charset:utf8 redisIp:192.168.88.119 redisPort:6379 ip:192.168.88.181 port:3306 user:fa_db database:FA_MEM]
SqlString  SELECT RTP,Amount,Bonus  FROM M_RtpSetting  WHERE Sid = 1   AND State = 1   AND LTG_Code = 6 AND Gid = 36
[2020-01-02 12:51:13] 自開彩開獎  {202001020258 1 35 true} 
ConfigData  map[port:3306 password:1qaz!QAZ charset:utf8 redisIp:192.168.88.119 redisDB:3 ip:192.168.88.181 poolname:FA_MEM user:fa_db database:FA_MEM redisPort:6379 redisPassword:""]
SqlString  SELECT RTP,Amount,Bonus  FROM M_RtpSetting  WHERE Sid = 1   AND State = 1   AND LTG_Code = 1 AND Gid = 35
sqlResult   map[result: count:0 state:0]
[2020-01-02 12:51:13] rtpData ------->   map[result: count:0 state:0] 
[GIN] 2020/01/02 - 12:51:13 | 200 |    2.548633ms |  192.168.66.115 | POST     /getResult
sqlResult   map[result: count:0 state:0]
[2020-01-02 12:51:13] rtpData ------->   map[result: count:0 state:0] 
[GIN] 2020/01/02 - 12:51:13 | 200 |    2.890781ms |  192.168.66.115 | POST     /getResult
[2020-01-02 12:51:15] 自開彩開獎  {202001020772 1 34 true} 
ConfigData  map[port:3306 database:FA_MEM charset:utf8 redisDB:3 ip:192.168.88.181 poolname:FA_MEM user:fa_db password:1qaz!QAZ redisIp:192.168.88.119 redisPort:6379 redisPassword:""]
SqlString  SELECT RTP,Amount,Bonus  FROM M_RtpSetting  WHERE Sid = 1   AND State = 1   AND LTG_Code = 1 AND Gid = 34
sqlResult   map[count:0 state:0 result:]
[2020-01-02 12:51:15] rtpData ------->   map[result: count:0 state:0] 
[GIN] 2020/01/02 - 12:51:15 | 200 |    4.344232ms |  192.168.66.115 | POST     /getResult
[2020-01-02 12:51:17] 自開彩開獎  {202001020772 4 40 true} 
ConfigData  map[ip:192.168.88.181 poolname:FA_MEM port:3306 user:fa_db redisIp:192.168.88.119 redisPassword:"" redisDB:3 password:1qaz!QAZ database:FA_MEM charset:utf8 redisPort:6379]
SqlString  SELECT RTP,Amount,Bonus  FROM M_RtpSetting  WHERE Sid = 1   AND State = 1   AND LTG_Code = 4 AND Gid = 40
sqlResult   map[result: count:0 state:0]
[2020-01-02 12:51:17] rtpData ------->   map[result: count:0 state:0] 
[GIN] 2020/01/02 - 12:51:17 | 200 |    2.587199ms |  192.168.66.115 | POST     /getResult
[2020-01-02 12:51:17] 自開彩開獎  {202001020258 4 41 true} 
ConfigData  map[redisPort:6379 redisPassword:"" ip:192.168.88.181 port:3306 user:fa_db charset:utf8 redisDB:3 poolname:FA_MEM password:1qaz!QAZ database:FA_MEM redisIp:192.168.88.119]
SqlString  SELECT RTP,Amount,Bonus  FROM M_RtpSetting  WHERE Sid = 1   AND State = 1   AND LTG_Code = 4 AND Gid = 41
sqlResult   map[result: count:0 state:0]
[2020-01-02 12:51:17] rtpData ------->   map[result: count:0 state:0] 
[GIN] 2020/01/02 - 12:51:17 | 200 |    2.897803ms |  192.168.66.115 | POST     /getResult
[2020-01-02 12:51:18] 自開彩開獎  {202001020258 6 37 true} 
ConfigData  map[password:1qaz!QAZ redisPort:6379 redisPassword:"" database:FA_MEM charset:utf8 redisIp:192.168.88.119 redisDB:3 ip:192.168.88.181 poolname:FA_MEM port:3306 user:fa_db]
SqlString  SELECT RTP,Amount,Bonus  FROM M_RtpSetting  WHERE Sid = 1   AND State = 1   AND LTG_Code = 6 AND Gid = 37
sqlResult   map[result: count:0 state:0]
[2020-01-02 12:51:18] rtpData ------->   map[result: count:0 state:0] 
[GIN] 2020/01/02 - 12:51:18 | 200 |    2.543208ms |  192.168.66.115 | POST     /getResult
[2020-01-02 12:51:18] 自開彩開獎  {202001020772 5 38 true} 
ConfigData  map[charset:utf8 redisIp:192.168.88.119 redisPassword:"" redisDB:3 poolname:FA_MEM user:fa_db password:1qaz!QAZ database:FA_MEM redisPort:6379 ip:192.168.88.181 port:3306]
SqlString  SELECT RTP,Amount,Bonus  FROM M_RtpSetting  WHERE Sid = 1   AND State = 1   AND LTG_Code = 5 AND Gid = 38
sqlResult   map[result: count:0 state:0]
[2020-01-02 12:51:18] rtpData ------->   map[result: count:0 state:0] 
[GIN] 2020/01/02 - 12:51:18 | 200 |    2.732582ms |  192.168.66.115 | POST     /getResult
[2020-01-02 12:51:19] 自開彩開獎  {202001020772 6 36 true} 
ConfigData  map[poolname:FA_MEM password:1qaz!QAZ charset:utf8 redisPort:6379 redisDB:3 ip:192.168.88.181 port:3306 user:fa_db database:FA_MEM redisIp:192.168.88.119 redisPassword:""]
SqlString  SELECT RTP,Amount,Bonus  FROM M_RtpSetting  WHERE Sid = 1   AND State = 1   AND LTG_Code = 6 AND Gid = 36
[2020-01-02 12:51:19] 自開彩開獎  {202001020258 1 35 true} 
ConfigData  map[redisPassword:"" redisDB:3 poolname:FA_MEM port:3306 user:fa_db charset:utf8 redisPort:6379 ip:192.168.88.181 password:1qaz!QAZ database:FA_MEM redisIp:192.168.88.119]
SqlString  SELECT RTP,Amount,Bonus  FROM M_RtpSetting  WHERE Sid = 1   AND State = 1   AND LTG_Code = 1 AND Gid = 35
sqlResult   map[result: count:0 state:0]
[2020-01-02 12:51:19] rtpData ------->   map[result: count:0 state:0] 
[GIN] 2020/01/02 - 12:51:19 | 200 |    2.617231ms |  192.168.66.115 | POST     /getResult
sqlResult   map[state:0 result: count:0]
[2020-01-02 12:51:19] rtpData ------->   map[state:0 result: count:0] 
[GIN] 2020/01/02 - 12:51:19 | 200 |    2.730828ms |  192.168.66.115 | POST     /getResult
[2020-01-02 12:51:21] 自開彩開獎  {202001020772 1 34 true} 
ConfigData  map[poolname:FA_MEM password:1qaz!QAZ charset:utf8 redisDB:3 ip:192.168.88.181 user:fa_db database:FA_MEM redisIp:192.168.88.119 redisPort:6379 redisPassword:"" port:3306]
SqlString  SELECT RTP,Amount,Bonus  FROM M_RtpSetting  WHERE Sid = 1   AND State = 1   AND LTG_Code = 1 AND Gid = 34
sqlResult   map[count:0 state:0 result:]
[2020-01-02 12:51:21] rtpData ------->   map[count:0 state:0 result:] 
[GIN] 2020/01/02 - 12:51:21 | 200 |    3.150678ms |  192.168.66.115 | POST     /getResult
[2020-01-02 12:51:23] 自開彩開獎  {202001020772 4 40 true} 
ConfigData  map[charset:utf8 redisIp:192.168.88.119 redisPort:6379 redisPassword:"" port:3306 poolname:FA_MEM user:fa_db password:1qaz!QAZ database:FA_MEM redisDB:3 ip:192.168.88.181]
SqlString  SELECT RTP,Amount,Bonus  FROM M_RtpSetting  WHERE Sid = 1   AND State = 1   AND LTG_Code = 4 AND Gid = 40
sqlResult   map[count:0 state:0 result:]
[2020-01-02 12:51:23] rtpData ------->   map[count:0 state:0 result:] 
[GIN] 2020/01/02 - 12:51:23 | 200 |    2.428042ms |  192.168.66.115 | POST     /getResult
[2020-01-02 12:51:23] 自開彩開獎  {202001020258 4 41 true} 
ConfigData  map[redisPort:6379 redisPassword:"" redisDB:3 ip:192.168.88.181 user:fa_db password:1qaz!QAZ charset:utf8 redisIp:192.168.88.119 poolname:FA_MEM port:3306 database:FA_MEM]
SqlString  SELECT RTP,Amount,Bonus  FROM M_RtpSetting  WHERE Sid = 1   AND State = 1   AND LTG_Code = 4 AND Gid = 41
sqlResult   map[result: count:0 state:0]
[2020-01-02 12:51:23] rtpData ------->   map[result: count:0 state:0] 
[GIN] 2020/01/02 - 12:51:23 | 200 |    3.072318ms |  192.168.66.115 | POST     /getResult
[2020-01-02 12:51:24] 自開彩開獎  {202001020258 6 37 true} 
ConfigData  map[poolname:FA_MEM user:fa_db database:FA_MEM redisPassword:"" redisDB:3 ip:192.168.88.181 password:1qaz!QAZ charset:utf8 redisIp:192.168.88.119 redisPort:6379 port:3306]
SqlString  SELECT RTP,Amount,Bonus  FROM M_RtpSetting  WHERE Sid = 1   AND State = 1   AND LTG_Code = 6 AND Gid = 37
sqlResult   map[result: count:0 state:0]
[2020-01-02 12:51:24] rtpData ------->   map[result: count:0 state:0] 
[GIN] 2020/01/02 - 12:51:24 | 200 |    3.791333ms |  192.168.66.115 | POST     /getResult
[2020-01-02 12:51:24] 自開彩開獎  {202001020772 5 38 true} 
ConfigData  map[ip:192.168.88.181 poolname:FA_MEM port:3306 redisIp:192.168.88.119 redisPassword:"" redisDB:3 user:fa_db password:1qaz!QAZ database:FA_MEM charset:utf8 redisPort:6379]
SqlString  SELECT RTP,Amount,Bonus  FROM M_RtpSetting  WHERE Sid = 1   AND State = 1   AND LTG_Code = 5 AND Gid = 38
sqlResult   map[result: count:0 state:0]
[2020-01-02 12:51:24] rtpData ------->   map[state:0 result: count:0] 
[GIN] 2020/01/02 - 12:51:24 | 200 |    2.232896ms |  192.168.66.115 | POST     /getResult
[2020-01-02 12:51:25] 自開彩開獎  {202001020772 6 36 true} 
ConfigData  map[database:FA_MEM redisPort:6379 redisPassword:"" ip:192.168.88.181 poolname:FA_MEM password:1qaz!QAZ redisIp:192.168.88.119 redisDB:3 port:3306 user:fa_db charset:utf8]
SqlString  SELECT RTP,Amount,Bonus  FROM M_RtpSetting  WHERE Sid = 1   AND State = 1   AND LTG_Code = 6 AND Gid = 36
[2020-01-02 12:51:25] 自開彩開獎  {202001020258 1 35 true} 
ConfigData  map[charset:utf8 redisPort:6379 redisPassword:"" user:fa_db database:FA_MEM port:3306 password:1qaz!QAZ redisIp:192.168.88.119 redisDB:3 ip:192.168.88.181 poolname:FA_MEM]
SqlString  SELECT RTP,Amount,Bonus  FROM M_RtpSetting  WHERE Sid = 1   AND State = 1   AND LTG_Code = 1 AND Gid = 35
sqlResult   map[result: count:0 state:0]
[2020-01-02 12:51:25] rtpData ------->   map[result: count:0 state:0] 
sqlResult   map[state:0 result: count:0]
[2020-01-02 12:51:25] rtpData ------->   map[state:0 result: count:0] 
[GIN] 2020/01/02 - 12:51:25 | 200 |    2.963621ms |  192.168.66.115 | POST     /getResult
[GIN] 2020/01/02 - 12:51:25 | 200 |    2.703564ms |  192.168.66.115 | POST     /getResult
[2020-01-02 12:51:27] 自開彩開獎  {202001020772 1 34 true} 
ConfigData  map[redisDB:3 ip:192.168.88.181 poolname:FA_MEM port:3306 user:fa_db database:FA_MEM password:1qaz!QAZ charset:utf8 redisIp:192.168.88.119 redisPort:6379 redisPassword:""]
SqlString  SELECT RTP,Amount,Bonus  FROM M_RtpSetting  WHERE Sid = 1   AND State = 1   AND LTG_Code = 1 AND Gid = 34
sqlResult   map[result: count:0 state:0]
[2020-01-02 12:51:27] rtpData ------->   map[count:0 state:0 result:] 
[GIN] 2020/01/02 - 12:51:27 | 200 |    3.223957ms |  192.168.66.115 | POST     /getResult
[2020-01-02 12:51:29] 自開彩開獎  {202001020772 4 40 true} 
ConfigData  map[redisPort:6379 redisDB:3 poolname:FA_MEM user:fa_db password:1qaz!QAZ charset:utf8 redisIp:192.168.88.119 ip:192.168.88.181 port:3306 database:FA_MEM redisPassword:""]
SqlString  SELECT RTP,Amount,Bonus  FROM M_RtpSetting  WHERE Sid = 1   AND State = 1   AND LTG_Code = 4 AND Gid = 40
sqlResult   map[state:0 result: count:0]
[2020-01-02 12:51:29] rtpData ------->   map[result: count:0 state:0] 
[GIN] 2020/01/02 - 12:51:29 | 200 |    2.538603ms |  192.168.66.115 | POST     /getResult
[2020-01-02 12:51:29] 自開彩開獎  {202001020258 4 41 true} 
ConfigData  map[ip:192.168.88.181 poolname:FA_MEM port:3306 redisIp:192.168.88.119 redisPassword:"" user:fa_db password:1qaz!QAZ database:FA_MEM charset:utf8 redisPort:6379 redisDB:3]
SqlString  SELECT RTP,Amount,Bonus  FROM M_RtpSetting  WHERE Sid = 1   AND State = 1   AND LTG_Code = 4 AND Gid = 41
sqlResult   map[state:0 result: count:0]
[2020-01-02 12:51:29] rtpData ------->   map[result: count:0 state:0] 
[GIN] 2020/01/02 - 12:51:29 | 200 |    2.408843ms |  192.168.66.115 | POST     /getResult
[2020-01-02 12:51:30] 自開彩開獎  {202001020258 6 37 true} 
ConfigData  map[password:1qaz!QAZ charset:utf8 redisIp:192.168.88.119 redisPassword:"" redisDB:3 ip:192.168.88.181 poolname:FA_MEM port:3306 user:fa_db database:FA_MEM redisPort:6379]
SqlString  SELECT RTP,Amount,Bonus  FROM M_RtpSetting  WHERE Sid = 1   AND State = 1   AND LTG_Code = 6 AND Gid = 37
sqlResult   map[result: count:0 state:0]
[2020-01-02 12:51:30] rtpData ------->   map[state:0 result: count:0] 
[GIN] 2020/01/02 - 12:51:30 | 200 |    3.593679ms |  192.168.66.115 | POST     /getResult
[2020-01-02 12:51:30] 自開彩開獎  {202001020772 5 38 true} 
ConfigData  map[port:3306 user:fa_db redisPort:6379 redisPassword:"" redisDB:3 ip:192.168.88.181 password:1qaz!QAZ database:FA_MEM charset:utf8 redisIp:192.168.88.119 poolname:FA_MEM]
SqlString  SELECT RTP,Amount,Bonus  FROM M_RtpSetting  WHERE Sid = 1   AND State = 1   AND LTG_Code = 5 AND Gid = 38
sqlResult   map[result: count:0 state:0]
[2020-01-02 12:51:30] rtpData ------->   map[result: count:0 state:0] 
[GIN] 2020/01/02 - 12:51:30 | 200 |    2.868319ms |  192.168.66.115 | POST     /getResult
[2020-01-02 12:51:31] 自開彩開獎  {202001020258 1 35 true} 
ConfigData  map[ip:192.168.88.181 database:FA_MEM charset:utf8 redisIp:192.168.88.119 poolname:FA_MEM port:3306 user:fa_db password:1qaz!QAZ redisPort:6379 redisPassword:"" redisDB:3]
SqlString  SELECT RTP,Amount,Bonus  FROM M_RtpSetting  WHERE Sid = 1   AND State = 1   AND LTG_Code = 1 AND Gid = 35
[2020-01-02 12:51:31] 自開彩開獎  {202001020772 6 36 true} 
ConfigData  map[password:1qaz!QAZ database:FA_MEM charset:utf8 redisIp:192.168.88.119 redisPort:6379 ip:192.168.88.181 poolname:FA_MEM user:fa_db redisPassword:"" redisDB:3 port:3306]
SqlString  SELECT RTP,Amount,Bonus  FROM M_RtpSetting  WHERE Sid = 1   AND State = 1   AND LTG_Code = 6 AND Gid = 36
sqlResult   map[result: count:0 state:0]
[2020-01-02 12:51:31] rtpData ------->   map[result: count:0 state:0] 
sqlResult   map[result: count:0 state:0]
[2020-01-02 12:51:31] rtpData ------->   map[result: count:0 state:0] 
[GIN] 2020/01/02 - 12:51:31 | 200 |    2.440085ms |  192.168.66.115 | POST     /getResult
[GIN] 2020/01/02 - 12:51:31 | 200 |    2.280808ms |  192.168.66.115 | POST     /getResult
[2020-01-02 12:51:33] 自開彩開獎  {202001020772 1 34 true} 
ConfigData  map[poolname:FA_MEM password:1qaz!QAZ redisDB:3 redisPort:6379 redisPassword:"" ip:192.168.88.181 port:3306 user:fa_db database:FA_MEM charset:utf8 redisIp:192.168.88.119]
SqlString  SELECT RTP,Amount,Bonus  FROM M_RtpSetting  WHERE Sid = 1   AND State = 1   AND LTG_Code = 1 AND Gid = 34
sqlResult   map[result: count:0 state:0]
[2020-01-02 12:51:33] rtpData ------->   map[result: count:0 state:0] 
[GIN] 2020/01/02 - 12:51:33 | 200 |    2.578843ms |  192.168.66.115 | POST     /getResult
[2020-01-02 12:51:35] 自開彩開獎  {202001020772 4 40 true} 
ConfigData  map[ip:192.168.88.181 poolname:FA_MEM charset:utf8 redisIp:192.168.88.119 redisPort:6379 redisPassword:"" redisDB:3 port:3306 user:fa_db password:1qaz!QAZ database:FA_MEM]
SqlString  SELECT RTP,Amount,Bonus  FROM M_RtpSetting  WHERE Sid = 1   AND State = 1   AND LTG_Code = 4 AND Gid = 40
sqlResult   map[count:0 state:0 result:]
[2020-01-02 12:51:35] rtpData ------->   map[result: count:0 state:0] 
[GIN] 2020/01/02 - 12:51:35 | 200 |    3.122019ms |  192.168.66.115 | POST     /getResult
[2020-01-02 12:51:35] 自開彩開獎  {202001020258 4 41 true} 
ConfigData  map[redisDB:3 ip:192.168.88.181 poolname:FA_MEM charset:utf8 redisIp:192.168.88.119 redisPort:6379 redisPassword:"" port:3306 user:fa_db password:1qaz!QAZ database:FA_MEM]
SqlString  SELECT RTP,Amount,Bonus  FROM M_RtpSetting  WHERE Sid = 1   AND State = 1   AND LTG_Code = 4 AND Gid = 41
sqlResult   map[state:0 result: count:0]
[2020-01-02 12:51:35] rtpData ------->   map[result: count:0 state:0] 
[GIN] 2020/01/02 - 12:51:35 | 200 |    2.753803ms |  192.168.66.115 | POST     /getResult
[2020-01-02 12:51:36] 自開彩開獎  {202001020258 6 37 true} 
ConfigData  map[password:1qaz!QAZ charset:utf8 redisIp:192.168.88.119 redisDB:3 ip:192.168.88.181 poolname:FA_MEM port:3306 redisPassword:"" user:fa_db database:FA_MEM redisPort:6379]
SqlString  SELECT RTP,Amount,Bonus  FROM M_RtpSetting  WHERE Sid = 1   AND State = 1   AND LTG_Code = 6 AND Gid = 37
sqlResult   map[result: count:0 state:0]
[2020-01-02 12:51:36] rtpData ------->   map[count:0 state:0 result:] 
[GIN] 2020/01/02 - 12:51:36 | 200 |    2.705061ms |  192.168.66.115 | POST     /getResult
[2020-01-02 12:51:36] 自開彩開獎  {202001020772 5 38 true} 
ConfigData  map[redisPort:6379 poolname:FA_MEM port:3306 user:fa_db redisIp:192.168.88.119 redisPassword:"" redisDB:3 ip:192.168.88.181 password:1qaz!QAZ database:FA_MEM charset:utf8]
SqlString  SELECT RTP,Amount,Bonus  FROM M_RtpSetting  WHERE Sid = 1   AND State = 1   AND LTG_Code = 5 AND Gid = 38
sqlResult   map[result: count:0 state:0]
[2020-01-02 12:51:36] rtpData ------->   map[result: count:0 state:0] 
[GIN] 2020/01/02 - 12:51:36 | 200 |    2.592489ms |  192.168.66.115 | POST     /getResult
[2020-01-02 12:51:37] 自開彩開獎  {202001020258 1 35 true} 
[2020-01-02 12:51:37] 自開彩開獎  {202001020772 6 36 true} 
ConfigData  map[redisIp:192.168.88.119 redisPassword:"" port:3306 user:fa_db password:1qaz!QAZ database:FA_MEM charset:utf8 redisPort:6379 ip:192.168.88.181 poolname:FA_MEM redisDB:3]
SqlString  SELECT RTP,Amount,Bonus  FROM M_RtpSetting  WHERE Sid = 1   AND State = 1   AND LTG_Code = 1 AND Gid = 35
ConfigData  map[redisIp:192.168.88.119 redisPort:6379 redisPassword:"" ip:192.168.88.181 port:3306 password:1qaz!QAZ database:FA_MEM charset:utf8 poolname:FA_MEM user:fa_db redisDB:3]
SqlString  SELECT RTP,Amount,Bonus  FROM M_RtpSetting  WHERE Sid = 1   AND State = 1   AND LTG_Code = 6 AND Gid = 36
sqlResult   map[result: count:0 state:0]
[2020-01-02 12:51:37] rtpData ------->   map[result: count:0 state:0] 
[GIN] 2020/01/02 - 12:51:37 | 200 |    2.641203ms |  192.168.66.115 | POST     /getResult
sqlResult   map[result: count:0 state:0]
[2020-01-02 12:51:37] rtpData ------->   map[result: count:0 state:0] 
[GIN] 2020/01/02 - 12:51:37 | 200 |    2.711652ms |  192.168.66.115 | POST     /getResult
[2020-01-02 12:51:39] 自開彩開獎  {202001020772 1 34 true} 
ConfigData  map[poolname:FA_MEM user:fa_db password:1qaz!QAZ charset:utf8 redisPort:6379 ip:192.168.88.181 database:FA_MEM redisIp:192.168.88.119 redisPassword:"" redisDB:3 port:3306]
SqlString  SELECT RTP,Amount,Bonus  FROM M_RtpSetting  WHERE Sid = 1   AND State = 1   AND LTG_Code = 1 AND Gid = 34
sqlResult   map[result: count:0 state:0]
[2020-01-02 12:51:39] rtpData ------->   map[result: count:0 state:0] 
[GIN] 2020/01/02 - 12:51:39 | 200 |    2.754751ms |  192.168.66.115 | POST     /getResult
[2020-01-02 12:51:41] 自開彩開獎  {202001020772 4 40 true} 
ConfigData  map[poolname:FA_MEM user:fa_db password:1qaz!QAZ redisIp:192.168.88.119 redisDB:3 ip:192.168.88.181 port:3306 database:FA_MEM charset:utf8 redisPort:6379 redisPassword:""]
SqlString  SELECT RTP,Amount,Bonus  FROM M_RtpSetting  WHERE Sid = 1   AND State = 1   AND LTG_Code = 4 AND Gid = 40
sqlResult   map[result: count:0 state:0]
[2020-01-02 12:51:41] rtpData ------->   map[result: count:0 state:0] 
[GIN] 2020/01/02 - 12:51:41 | 200 |    2.367986ms |  192.168.66.115 | POST     /getResult
[2020-01-02 12:51:41] 自開彩開獎  {202001020258 4 41 true} 
ConfigData  map[redisIp:192.168.88.119 port:3306 user:fa_db password:1qaz!QAZ database:FA_MEM charset:utf8 redisPort:6379 ip:192.168.88.181 poolname:FA_MEM redisPassword:"" redisDB:3]
SqlString  SELECT RTP,Amount,Bonus  FROM M_RtpSetting  WHERE Sid = 1   AND State = 1   AND LTG_Code = 4 AND Gid = 41
sqlResult   map[result: count:0 state:0]
[2020-01-02 12:51:41] rtpData ------->   map[result: count:0 state:0] 
[GIN] 2020/01/02 - 12:51:41 | 200 |    2.825662ms |  192.168.66.115 | POST     /getResult
[2020-01-02 12:51:42] 自開彩開獎  {202001020258 6 37 true} 
ConfigData  map[ip:192.168.88.181 poolname:FA_MEM user:fa_db password:1qaz!QAZ redisPort:6379 redisPassword:"" port:3306 database:FA_MEM charset:utf8 redisIp:192.168.88.119 redisDB:3]
SqlString  SELECT RTP,Amount,Bonus  FROM M_RtpSetting  WHERE Sid = 1   AND State = 1   AND LTG_Code = 6 AND Gid = 37
sqlResult   map[count:0 state:0 result:]
[2020-01-02 12:51:42] rtpData ------->   map[result: count:0 state:0] 
[GIN] 2020/01/02 - 12:51:42 | 200 |    3.998255ms |  192.168.66.115 | POST     /getResult
[2020-01-02 12:51:42] 自開彩開獎  {202001020772 5 38 true} 
ConfigData  map[port:3306 database:FA_MEM charset:utf8 redisIp:192.168.88.119 redisPort:6379 redisPassword:"" redisDB:3 ip:192.168.88.181 user:fa_db password:1qaz!QAZ poolname:FA_MEM]
SqlString  SELECT RTP,Amount,Bonus  FROM M_RtpSetting  WHERE Sid = 1   AND State = 1   AND LTG_Code = 5 AND Gid = 38
sqlResult   map[state:0 result: count:0]
[2020-01-02 12:51:42] rtpData ------->   map[result: count:0 state:0] 
[GIN] 2020/01/02 - 12:51:42 | 200 |    2.769531ms |  192.168.66.115 | POST     /getResult
[2020-01-02 12:51:43] 自開彩開獎  {202001020772 6 36 true} 
ConfigData  map[charset:utf8 redisPassword:"" ip:192.168.88.181 port:3306 user:fa_db redisIp:192.168.88.119 redisPort:6379 redisDB:3 poolname:FA_MEM password:1qaz!QAZ database:FA_MEM]
SqlString  SELECT RTP,Amount,Bonus  FROM M_RtpSetting  WHERE Sid = 1   AND State = 1   AND LTG_Code = 6 AND Gid = 36
[2020-01-02 12:51:43] 自開彩開獎  {202001020258 1 35 true} 
ConfigData  map[ip:192.168.88.181 user:fa_db database:FA_MEM redisDB:3 redisPassword:"" poolname:FA_MEM port:3306 password:1qaz!QAZ charset:utf8 redisIp:192.168.88.119 redisPort:6379]
SqlString  SELECT RTP,Amount,Bonus  FROM M_RtpSetting  WHERE Sid = 1   AND State = 1   AND LTG_Code = 1 AND Gid = 35
sqlResult   map[result: count:0 state:0]
[2020-01-02 12:51:43] rtpData ------->   map[result: count:0 state:0] 
[GIN] 2020/01/02 - 12:51:43 | 200 |    2.691847ms |  192.168.66.115 | POST     /getResult
sqlResult   map[result: count:0 state:0]
[2020-01-02 12:51:43] rtpData ------->   map[result: count:0 state:0] 
[GIN] 2020/01/02 - 12:51:43 | 200 |    2.903786ms |  192.168.66.115 | POST     /getResult
[2020-01-02 12:51:45] 自開彩開獎  {202001020772 1 34 true} 
ConfigData  map[redisDB:3 ip:192.168.88.181 port:3306 user:fa_db database:FA_MEM redisPassword:"" poolname:FA_MEM password:1qaz!QAZ charset:utf8 redisIp:192.168.88.119 redisPort:6379]
SqlString  SELECT RTP,Amount,Bonus  FROM M_RtpSetting  WHERE Sid = 1   AND State = 1   AND LTG_Code = 1 AND Gid = 34
sqlResult   map[result: count:0 state:0]
[2020-01-02 12:51:46] rtpData ------->   map[result: count:0 state:0] 
[GIN] 2020/01/02 - 12:51:46 | 200 |    3.420523ms |  192.168.66.115 | POST     /getResult
[2020-01-02 12:51:47] 自開彩開獎  {202001020772 4 40 true} 
ConfigData  map[redisPassword:"" redisDB:3 poolname:FA_MEM port:3306 redisIp:192.168.88.119 database:FA_MEM charset:utf8 redisPort:6379 ip:192.168.88.181 user:fa_db password:1qaz!QAZ]
SqlString  SELECT RTP,Amount,Bonus  FROM M_RtpSetting  WHERE Sid = 1   AND State = 1   AND LTG_Code = 4 AND Gid = 40
sqlResult   map[result: count:0 state:0]
[2020-01-02 12:51:47] rtpData ------->   map[result: count:0 state:0] 
[GIN] 2020/01/02 - 12:51:47 | 200 |    2.280262ms |  192.168.66.115 | POST     /getResult
[2020-01-02 12:51:47] 自開彩開獎  {202001020258 4 41 true} 
ConfigData  map[poolname:FA_MEM port:3306 password:1qaz!QAZ redisPort:6379 redisIp:192.168.88.119 redisPassword:"" redisDB:3 ip:192.168.88.181 user:fa_db database:FA_MEM charset:utf8]
SqlString  SELECT RTP,Amount,Bonus  FROM M_RtpSetting  WHERE Sid = 1   AND State = 1   AND LTG_Code = 4 AND Gid = 41
sqlResult   map[result: count:0 state:0]
[2020-01-02 12:51:47] rtpData ------->   map[result: count:0 state:0] 
[GIN] 2020/01/02 - 12:51:47 | 200 |    2.255304ms |  192.168.66.115 | POST     /getResult
[2020-01-02 12:51:48] 自開彩開獎  {202001020258 6 37 true} 
ConfigData  map[ip:192.168.88.181 password:1qaz!QAZ redisIp:192.168.88.119 redisPort:6379 redisPassword:"" redisDB:3 poolname:FA_MEM port:3306 user:fa_db database:FA_MEM charset:utf8]
SqlString  SELECT RTP,Amount,Bonus  FROM M_RtpSetting  WHERE Sid = 1   AND State = 1   AND LTG_Code = 6 AND Gid = 37
sqlResult   map[result: count:0 state:0]
[2020-01-02 12:51:48] rtpData ------->   map[result: count:0 state:0] 
[GIN] 2020/01/02 - 12:51:48 | 200 |    2.613853ms |  192.168.66.115 | POST     /getResult
[2020-01-02 12:51:48] 自開彩開獎  {202001020772 5 38 true} 
ConfigData  map[port:3306 password:1qaz!QAZ charset:utf8 ip:192.168.88.181 user:fa_db database:FA_MEM redisIp:192.168.88.119 redisPort:6379 redisPassword:"" redisDB:3 poolname:FA_MEM]
SqlString  SELECT RTP,Amount,Bonus  FROM M_RtpSetting  WHERE Sid = 1   AND State = 1   AND LTG_Code = 5 AND Gid = 38
sqlResult   map[result: count:0 state:0]
[2020-01-02 12:51:48] rtpData ------->   map[result: count:0 state:0] 
[GIN] 2020/01/02 - 12:51:48 | 200 |    2.192967ms |  192.168.66.115 | POST     /getResult
[2020-01-02 12:51:49] 自開彩開獎  {202001020772 6 36 true} 
[2020-01-02 12:51:49] 自開彩開獎  {202001020258 1 35 true} 
ConfigData  map[redisPort:6379 redisPassword:"" redisDB:3 ip:192.168.88.181 poolname:FA_MEM port:3306 user:fa_db password:1qaz!QAZ database:FA_MEM charset:utf8 redisIp:192.168.88.119]
ConfigData  map[redisDB:3 ip:192.168.88.181 port:3306 user:fa_db password:1qaz!QAZ charset:utf8 redisPort:6379 poolname:FA_MEM database:FA_MEM redisIp:192.168.88.119 redisPassword:""]
SqlString  SELECT RTP,Amount,Bonus  FROM M_RtpSetting  WHERE Sid = 1   AND State = 1   AND LTG_Code = 1 AND Gid = 35
SqlString  SELECT RTP,Amount,Bonus  FROM M_RtpSetting  WHERE Sid = 1   AND State = 1   AND LTG_Code = 6 AND Gid = 36
sqlResult   map[result: count:0 state:0]
[2020-01-02 12:51:49] rtpData ------->   map[result: count:0 state:0] 
[GIN] 2020/01/02 - 12:51:49 | 200 |     2.93289ms |  192.168.66.115 | POST     /getResult
sqlResult   map[result: count:0 state:0]
[2020-01-02 12:51:49] rtpData ------->   map[result: count:0 state:0] 
[GIN] 2020/01/02 - 12:51:49 | 200 |    3.031501ms |  192.168.66.115 | POST     /getResult
[2020-01-02 12:51:52] 自開彩開獎  {202001020772 1 34 true} 
ConfigData  map[port:3306 password:1qaz!QAZ database:FA_MEM redisDB:3 redisPassword:"" ip:192.168.88.181 poolname:FA_MEM user:fa_db charset:utf8 redisIp:192.168.88.119 redisPort:6379]
SqlString  SELECT RTP,Amount,Bonus  FROM M_RtpSetting  WHERE Sid = 1   AND State = 1   AND LTG_Code = 1 AND Gid = 34
sqlResult   map[count:0 state:0 result:]
[2020-01-02 12:51:52] rtpData ------->   map[result: count:0 state:0] 
[GIN] 2020/01/02 - 12:51:52 | 200 |    3.083194ms |  192.168.66.115 | POST     /getResult
[2020-01-02 12:51:53] 自開彩開獎  {202001020772 4 40 true} 
ConfigData  map[charset:utf8 redisIp:192.168.88.119 redisPassword:"" redisDB:3 ip:192.168.88.181 poolname:FA_MEM port:3306 user:fa_db password:1qaz!QAZ database:FA_MEM redisPort:6379]
SqlString  SELECT RTP,Amount,Bonus  FROM M_RtpSetting  WHERE Sid = 1   AND State = 1   AND LTG_Code = 4 AND Gid = 40
sqlResult   map[result: count:0 state:0]
[2020-01-02 12:51:53] rtpData ------->   map[state:0 result: count:0] 
[GIN] 2020/01/02 - 12:51:53 | 200 |    2.514678ms |  192.168.66.115 | POST     /getResult
[2020-01-02 12:51:54] 自開彩開獎  {202001020258 4 41 true} 
ConfigData  map[password:1qaz!QAZ database:FA_MEM charset:utf8 redisIp:192.168.88.119 redisPassword:"" redisDB:3 ip:192.168.88.181 user:fa_db redisPort:6379 poolname:FA_MEM port:3306]
SqlString  SELECT RTP,Amount,Bonus  FROM M_RtpSetting  WHERE Sid = 1   AND State = 1   AND LTG_Code = 4 AND Gid = 41
sqlResult   map[result: count:0 state:0]
[2020-01-02 12:51:54] rtpData ------->   map[state:0 result: count:0] 
[GIN] 2020/01/02 - 12:51:54 | 200 |    3.165895ms |  192.168.66.115 | POST     /getResult
[2020-01-02 12:51:54] 自開彩開獎  {202001020258 6 37 true} 
ConfigData  map[ip:192.168.88.181 port:3306 user:fa_db charset:utf8 redisDB:3 poolname:FA_MEM password:1qaz!QAZ database:FA_MEM redisIp:192.168.88.119 redisPort:6379 redisPassword:""]
SqlString  SELECT RTP,Amount,Bonus  FROM M_RtpSetting  WHERE Sid = 1   AND State = 1   AND LTG_Code = 6 AND Gid = 37
sqlResult   map[count:0 state:0 result:]
[2020-01-02 12:51:54] rtpData ------->   map[result: count:0 state:0] 
[GIN] 2020/01/02 - 12:51:54 | 200 |    3.159761ms |  192.168.66.115 | POST     /getResult
[2020-01-02 12:51:54] 自開彩開獎  {202001020772 5 38 true} 
ConfigData  map[charset:utf8 redisPort:6379 ip:192.168.88.181 poolname:FA_MEM password:1qaz!QAZ database:FA_MEM redisDB:3 port:3306 user:fa_db redisIp:192.168.88.119 redisPassword:""]
SqlString  SELECT RTP,Amount,Bonus  FROM M_RtpSetting  WHERE Sid = 1   AND State = 1   AND LTG_Code = 5 AND Gid = 38
sqlResult   map[result: count:0 state:0]
[2020-01-02 12:51:54] rtpData ------->   map[result: count:0 state:0] 
[GIN] 2020/01/02 - 12:51:54 | 200 |    2.778731ms |  192.168.66.115 | POST     /getResult
[2020-01-02 12:51:55] 自開彩開獎  {202001020772 6 36 true} 
[2020-01-02 12:51:55] 自開彩開獎  {202001020258 1 35 true} 
ConfigData  map[database:FA_MEM redisPort:6379 redisPassword:"" ip:192.168.88.181 port:3306 password:1qaz!QAZ redisIp:192.168.88.119 redisDB:3 poolname:FA_MEM user:fa_db charset:utf8]
SqlString  SELECT RTP,Amount,Bonus  FROM M_RtpSetting  WHERE Sid = 1   AND State = 1   AND LTG_Code = 6 AND Gid = 36
ConfigData  map[password:1qaz!QAZ database:FA_MEM ip:192.168.88.181 poolname:FA_MEM port:3306 user:fa_db charset:utf8 redisIp:192.168.88.119 redisPort:6379 redisPassword:"" redisDB:3]
SqlString  SELECT RTP,Amount,Bonus  FROM M_RtpSetting  WHERE Sid = 1   AND State = 1   AND LTG_Code = 1 AND Gid = 35
sqlResult   map[result: count:0 state:0]
[2020-01-02 12:51:55] rtpData ------->   map[result: count:0 state:0] 
[GIN] 2020/01/02 - 12:51:55 | 200 |    2.669115ms |  192.168.66.115 | POST     /getResult
sqlResult   map[result: count:0 state:0]
[2020-01-02 12:51:55] rtpData ------->   map[result: count:0 state:0] 
[GIN] 2020/01/02 - 12:51:55 | 200 |    2.902913ms |  192.168.66.115 | POST     /getResult
[2020-01-02 12:51:58] 自開彩開獎  {202001020772 1 34 true} 
ConfigData  map[user:fa_db charset:utf8 redisIp:192.168.88.119 ip:192.168.88.181 poolname:FA_MEM port:3306 redisPassword:"" redisDB:3 password:1qaz!QAZ database:FA_MEM redisPort:6379]
SqlString  SELECT RTP,Amount,Bonus  FROM M_RtpSetting  WHERE Sid = 1   AND State = 1   AND LTG_Code = 1 AND Gid = 34
sqlResult   map[state:0 result: count:0]
[2020-01-02 12:51:58] rtpData ------->   map[result: count:0 state:0] 
[GIN] 2020/01/02 - 12:51:58 | 200 |    2.929255ms |  192.168.66.115 | POST     /getResult
[2020-01-02 12:51:59] 自開彩開獎  {202001020772 4 40 true} 
ConfigData  map[redisPassword:"" redisDB:3 poolname:FA_MEM port:3306 password:1qaz!QAZ redisIp:192.168.88.119 redisPort:6379 ip:192.168.88.181 user:fa_db database:FA_MEM charset:utf8]
SqlString  SELECT RTP,Amount,Bonus  FROM M_RtpSetting  WHERE Sid = 1   AND State = 1   AND LTG_Code = 4 AND Gid = 40
sqlResult   map[count:0 state:0 result:]
[2020-01-02 12:51:59] rtpData ------->   map[result: count:0 state:0] 
[GIN] 2020/01/02 - 12:51:59 | 200 |    3.022521ms |  192.168.66.115 | POST     /getResult
[2020-01-02 12:52:00] 自開彩開獎  {202001020258 4 41 true} 
ConfigData  map[database:FA_MEM charset:utf8 redisDB:3 ip:192.168.88.181 poolname:FA_MEM port:3306 redisPort:6379 redisPassword:"" user:fa_db password:1qaz!QAZ redisIp:192.168.88.119]
SqlString  SELECT RTP,Amount,Bonus  FROM M_RtpSetting  WHERE Sid = 1   AND State = 1   AND LTG_Code = 4 AND Gid = 41
sqlResult   map[state:0 result: count:0]
[2020-01-02 12:52:00] rtpData ------->   map[result: count:0 state:0] 
[GIN] 2020/01/02 - 12:52:00 | 200 |    3.523168ms |  192.168.66.115 | POST     /getResult
[2020-01-02 12:52:00] 自開彩開獎  {202001020258 6 37 true} 
ConfigData  map[ip:192.168.88.181 password:1qaz!QAZ database:FA_MEM charset:utf8 redisIp:192.168.88.119 redisPassword:"" redisDB:3 poolname:FA_MEM port:3306 user:fa_db redisPort:6379]
SqlString  SELECT RTP,Amount,Bonus  FROM M_RtpSetting  WHERE Sid = 1   AND State = 1   AND LTG_Code = 6 AND Gid = 37
sqlResult   map[result: count:0 state:0]
[2020-01-02 12:52:00] rtpData ------->   map[result: count:0 state:0] 
[GIN] 2020/01/02 - 12:52:00 | 200 |    2.056494ms |  192.168.66.115 | POST     /getResult
[2020-01-02 12:52:00] 自開彩開獎  {202001020772 5 38 true} 
ConfigData  map[redisIp:192.168.88.119 redisPort:6379 redisPassword:"" user:fa_db password:1qaz!QAZ database:FA_MEM charset:utf8 redisDB:3 ip:192.168.88.181 poolname:FA_MEM port:3306]
SqlString  SELECT RTP,Amount,Bonus  FROM M_RtpSetting  WHERE Sid = 1   AND State = 1   AND LTG_Code = 5 AND Gid = 38
sqlResult   map[result: count:0 state:0]
[2020-01-02 12:52:00] rtpData ------->   map[result: count:0 state:0] 
[GIN] 2020/01/02 - 12:52:00 | 200 |    2.251695ms |  192.168.66.115 | POST     /getResult
[2020-01-02 12:52:01] 自開彩開獎  {202001020773 2 26 true} 
ConfigData  map[poolname:FA_MEM user:fa_db password:1qaz!QAZ database:FA_MEM charset:utf8 redisIp:192.168.88.119 redisDB:3 ip:192.168.88.181 port:3306 redisPort:6379 redisPassword:""]
SqlString  SELECT RTP,Amount,Bonus  FROM M_RtpSetting  WHERE Sid = 1   AND State = 1   AND LTG_Code = 2 AND Gid = 26
sqlResult   map[result:0.9600 count:1 state:1 amount:1.0069588e+06 bonus:908100.71]
[2020-01-02 12:52:01] rtpData ------->   map[amount:1.0069588e+06 bonus:908100.71 result:0.9600 count:1 state:1] 
ConfigData  map[redisPort:6379 ip:192.168.88.181 password:1qaz!QAZ user:fa_db database:FA_MEM charset:utf8 redisIp:192.168.88.119 redisPassword:"" redisDB:3 poolname:FA_MEM port:3306]
SELECT BO_No, BO_OrderNo , BO_User , BO_Issue  , BO_LotteryTypeGroup, BO_LotteryType, BO_Mode, BO_LotteryPlayGroup, BO_LotteryPlay , BO_LotteryContent, BO_Price, BO_RealPrice, BO_Unit, BO_Multiple , BO_BetCount  , BO_Winnings, BO_Winnings2, BO_Winnings3, BO_WinningLimit  , BO_Water , BO_BW_SourceUserId, BO_BW_BackWater, BO_BW_LimitBetCount, BO_BW_MaxAmount, BO_BW_AuditMultiple  , BO_Odds, BO_Odds2, BO_Odds3 , BO_Type, BO_Chase , BO_OpenResult, BO_OpenResult2, BO_DateDraw, BO_DateDraw2, BO_DateUpdate  FROM TS_BetOrder  WHERE BO_Cancel = 0   AND BO_CancelBackend = 0   AND BO_LotteryTypeGroup = 2 AND BO_LotteryType = 26 AND BO_Issue = 202001020773 AND BO_Collect = 0 ORDER BY BO_DateDraw ASC, BO_DateCreate ASC, BO_DateUpdate ASC, BO_No ASC ;
[2020-01-02 12:52:01] LottteryTypeGroup 2 
[2020-01-02 12:52:01] 有期號 但無注單 -------> map[thisOpenResult:[0 7 6 2 6] amount:0 bonus:0] 
[GIN] 2020/01/02 - 12:52:01 | 200 |    5.316511ms |  192.168.66.115 | POST     /getResult
[2020-01-02 12:52:01] 自開彩開獎  {202001020258 1 35 true} 
ConfigData  map[redisPort:6379 redisDB:3 user:fa_db password:1qaz!QAZ database:FA_MEM charset:utf8 redisIp:192.168.88.119 ip:192.168.88.181 poolname:FA_MEM port:3306 redisPassword:""]
SqlString  SELECT RTP,Amount,Bonus  FROM M_RtpSetting  WHERE Sid = 1   AND State = 1   AND LTG_Code = 1 AND Gid = 35
[2020-01-02 12:52:01] 自開彩開獎  {202001020772 6 36 true} 
ConfigData  map[database:FA_MEM charset:utf8 redisIp:192.168.88.119 redisPort:6379 redisPassword:"" ip:192.168.88.181 user:fa_db password:1qaz!QAZ redisDB:3 poolname:FA_MEM port:3306]
SqlString  SELECT RTP,Amount,Bonus  FROM M_RtpSetting  WHERE Sid = 1   AND State = 1   AND LTG_Code = 6 AND Gid = 36
sqlResult   map[result: count:0 state:0]
[2020-01-02 12:52:01] rtpData ------->   map[count:0 state:0 result:] 
sqlResult   map[result: count:0 state:0]
[2020-01-02 12:52:01] rtpData ------->   map[result: count:0 state:0] 
[GIN] 2020/01/02 - 12:52:01 | 200 |    2.527692ms |  192.168.66.115 | POST     /getResult
[GIN] 2020/01/02 - 12:52:01 | 200 |    2.439955ms |  192.168.66.115 | POST     /getResult
[2020-01-02 12:52:04] 自開彩開獎  {202001020772 1 34 true} 
ConfigData  map[poolname:FA_MEM password:1qaz!QAZ redisPort:6379 database:FA_MEM charset:utf8 redisIp:192.168.88.119 redisPassword:"" redisDB:3 ip:192.168.88.181 port:3306 user:fa_db]
SqlString  SELECT RTP,Amount,Bonus  FROM M_RtpSetting  WHERE Sid = 1   AND State = 1   AND LTG_Code = 1 AND Gid = 34
sqlResult   map[result: count:0 state:0]
[2020-01-02 12:52:04] rtpData ------->   map[result: count:0 state:0] 
[GIN] 2020/01/02 - 12:52:04 | 200 |    3.324415ms |  192.168.66.115 | POST     /getResult
[2020-01-02 12:52:05] 自開彩開獎  {202001020772 4 40 true} 
ConfigData  map[redisPassword:"" redisDB:3 ip:192.168.88.181 poolname:FA_MEM port:3306 password:1qaz!QAZ redisPort:6379 user:fa_db database:FA_MEM charset:utf8 redisIp:192.168.88.119]
SqlString  SELECT RTP,Amount,Bonus  FROM M_RtpSetting  WHERE Sid = 1   AND State = 1   AND LTG_Code = 4 AND Gid = 40
sqlResult   map[result: count:0 state:0]
[2020-01-02 12:52:05] rtpData ------->   map[result: count:0 state:0] 
[GIN] 2020/01/02 - 12:52:05 | 200 |    2.973837ms |  192.168.66.115 | POST     /getResult
[2020-01-02 12:52:06] 自開彩開獎  {202001020258 4 41 true} 
ConfigData  map[redisPort:6379 redisDB:3 poolname:FA_MEM port:3306 password:1qaz!QAZ database:FA_MEM redisPassword:"" ip:192.168.88.181 user:fa_db charset:utf8 redisIp:192.168.88.119]
SqlString  SELECT RTP,Amount,Bonus  FROM M_RtpSetting  WHERE Sid = 1   AND State = 1   AND LTG_Code = 4 AND Gid = 41
sqlResult   map[state:0 result: count:0]
[2020-01-02 12:52:06] rtpData ------->   map[result: count:0 state:0] 
[GIN] 2020/01/02 - 12:52:06 | 200 |    2.728287ms |  192.168.66.115 | POST     /getResult
[2020-01-02 12:52:06] 自開彩開獎  {202001020773 5 38 true} 
ConfigData  map[poolname:FA_MEM user:fa_db password:1qaz!QAZ database:FA_MEM charset:utf8 redisIp:192.168.88.119 redisPassword:"" ip:192.168.88.181 port:3306 redisPort:6379 redisDB:3]
SqlString  SELECT RTP,Amount,Bonus  FROM M_RtpSetting  WHERE Sid = 1   AND State = 1   AND LTG_Code = 5 AND Gid = 38
sqlResult   map[result: count:0 state:0]
[2020-01-02 12:52:06] rtpData ------->   map[result: count:0 state:0] 
[GIN] 2020/01/02 - 12:52:06 | 200 |    2.549328ms |  192.168.66.115 | POST     /getResult
[2020-01-02 12:52:07] 自開彩開獎  {202001020258 1 35 true} 
ConfigData  map[redisPassword:"" poolname:FA_MEM port:3306 user:fa_db password:1qaz!QAZ charset:utf8 redisPort:6379 ip:192.168.88.181 database:FA_MEM redisIp:192.168.88.119 redisDB:3]
SqlString  SELECT RTP,Amount,Bonus  FROM M_RtpSetting  WHERE Sid = 1   AND State = 1   AND LTG_Code = 1 AND Gid = 35
[2020-01-02 12:52:07] 自開彩開獎  {202001020773 6 36 true} 
ConfigData  map[ip:192.168.88.181 poolname:FA_MEM user:fa_db charset:utf8 redisIp:192.168.88.119 redisPassword:"" port:3306 password:1qaz!QAZ database:FA_MEM redisPort:6379 redisDB:3]
SqlString  SELECT RTP,Amount,Bonus  FROM M_RtpSetting  WHERE Sid = 1   AND State = 1   AND LTG_Code = 6 AND Gid = 36
sqlResult   map[result: count:0 state:0]
[2020-01-02 12:52:07] rtpData ------->   map[count:0 state:0 result:] 
sqlResult   map[result: count:0 state:0]
[2020-01-02 12:52:07] rtpData ------->   map[result: count:0 state:0] 
[GIN] 2020/01/02 - 12:52:07 | 200 |    2.859815ms |  192.168.66.115 | POST     /getResult
[GIN] 2020/01/02 - 12:52:07 | 200 |    2.764308ms |  192.168.66.115 | POST     /getResult
[2020-01-02 12:52:10] 自開彩開獎  {202001020773 1 34 true} 
ConfigData  map[user:fa_db password:1qaz!QAZ charset:utf8 redisIp:192.168.88.119 redisPassword:"" redisDB:3 ip:192.168.88.181 poolname:FA_MEM port:3306 database:FA_MEM redisPort:6379]
SqlString  SELECT RTP,Amount,Bonus  FROM M_RtpSetting  WHERE Sid = 1   AND State = 1   AND LTG_Code = 1 AND Gid = 34
sqlResult   map[count:0 state:0 result:]
[2020-01-02 12:52:10] rtpData ------->   map[result: count:0 state:0] 
[GIN] 2020/01/02 - 12:52:10 | 200 |    2.738828ms |  192.168.66.115 | POST     /getResult
[2020-01-02 12:52:11] 自開彩開獎  {202001020773 4 40 true} 
ConfigData  map[redisPassword:"" redisDB:3 ip:192.168.88.181 user:fa_db charset:utf8 redisIp:192.168.88.119 redisPort:6379 poolname:FA_MEM port:3306 password:1qaz!QAZ database:FA_MEM]
SqlString  SELECT RTP,Amount,Bonus  FROM M_RtpSetting  WHERE Sid = 1   AND State = 1   AND LTG_Code = 4 AND Gid = 40
sqlResult   map[result: count:0 state:0]
[2020-01-02 12:52:11] rtpData ------->   map[result: count:0 state:0] 
[GIN] 2020/01/02 - 12:52:11 | 200 |    2.335379ms |  192.168.66.115 | POST     /getResult
[2020-01-02 12:52:12] 自開彩開獎  {202001020258 4 41 true} 
ConfigData  map[port:3306 user:fa_db password:1qaz!QAZ database:FA_MEM charset:utf8 redisIp:192.168.88.119 redisPort:6379 ip:192.168.88.181 redisDB:3 redisPassword:"" poolname:FA_MEM]
SqlString  SELECT RTP,Amount,Bonus  FROM M_RtpSetting  WHERE Sid = 1   AND State = 1   AND LTG_Code = 4 AND Gid = 41
sqlResult   map[result: count:0 state:0]
[2020-01-02 12:52:12] rtpData ------->   map[result: count:0 state:0] 
[GIN] 2020/01/02 - 12:52:12 | 200 |    3.675771ms |  192.168.66.115 | POST     /getResult
[2020-01-02 12:52:12] 自開彩開獎  {202001020773 5 38 true} 
ConfigData  map[poolname:FA_MEM port:3306 password:1qaz!QAZ database:FA_MEM ip:192.168.88.181 user:fa_db charset:utf8 redisIp:192.168.88.119 redisPort:6379 redisPassword:"" redisDB:3]
SqlString  SELECT RTP,Amount,Bonus  FROM M_RtpSetting  WHERE Sid = 1   AND State = 1   AND LTG_Code = 5 AND Gid = 38
sqlResult   map[result: count:0 state:0]
[2020-01-02 12:52:12] rtpData ------->   map[state:0 result: count:0] 
[GIN] 2020/01/02 - 12:52:12 | 200 |    2.102859ms |  192.168.66.115 | POST     /getResult
[2020-01-02 12:52:13] 自開彩開獎  {202001020773 6 36 true} 
ConfigData  map[password:1qaz!QAZ redisPassword:"" user:fa_db poolname:FA_MEM port:3306 database:FA_MEM charset:utf8 redisIp:192.168.88.119 redisPort:6379 redisDB:3 ip:192.168.88.181]
[2020-01-02 12:52:13] 自開彩開獎  {202001020258 1 35 true} 
ConfigData  map[ip:192.168.88.181 poolname:FA_MEM port:3306 charset:utf8 redisIp:192.168.88.119 redisDB:3 user:fa_db password:1qaz!QAZ database:FA_MEM redisPort:6379 redisPassword:""]
SqlString  SELECT RTP,Amount,Bonus  FROM M_RtpSetting  WHERE Sid = 1   AND State = 1   AND LTG_Code = 1 AND Gid = 35
SqlString  SELECT RTP,Amount,Bonus  FROM M_RtpSetting  WHERE Sid = 1   AND State = 1   AND LTG_Code = 6 AND Gid = 36
sqlResult   map[result: count:0 state:0]
[2020-01-02 12:52:13] rtpData ------->   map[result: count:0 state:0] 
[GIN] 2020/01/02 - 12:52:13 | 200 |    2.824658ms |  192.168.66.115 | POST     /getResult
sqlResult   map[result: count:0 state:0]
[2020-01-02 12:52:13] rtpData ------->   map[result: count:0 state:0] 
[GIN] 2020/01/02 - 12:52:13 | 200 |    3.234485ms |  192.168.66.115 | POST     /getResult
[2020-01-02 12:52:16] 自開彩開獎  {202001020773 1 34 true} 
ConfigData  map[ip:192.168.88.181 port:3306 password:1qaz!QAZ database:FA_MEM redisIp:192.168.88.119 redisPassword:"" redisDB:3 poolname:FA_MEM user:fa_db charset:utf8 redisPort:6379]
SqlString  SELECT RTP,Amount,Bonus  FROM M_RtpSetting  WHERE Sid = 1   AND State = 1   AND LTG_Code = 1 AND Gid = 34
sqlResult   map[result: count:0 state:0]
[2020-01-02 12:52:16] rtpData ------->   map[result: count:0 state:0] 
[GIN] 2020/01/02 - 12:52:16 | 200 |    2.841631ms |  192.168.66.115 | POST     /getResult
[2020-01-02 12:52:17] 自開彩開獎  {202001020773 4 40 true} 
ConfigData  map[ip:192.168.88.181 user:fa_db redisPort:6379 redisDB:3 poolname:FA_MEM port:3306 password:1qaz!QAZ database:FA_MEM charset:utf8 redisIp:192.168.88.119 redisPassword:""]
SqlString  SELECT RTP,Amount,Bonus  FROM M_RtpSetting  WHERE Sid = 1   AND State = 1   AND LTG_Code = 4 AND Gid = 40
sqlResult   map[result: count:0 state:0]
[2020-01-02 12:52:17] rtpData ------->   map[result: count:0 state:0] 
[GIN] 2020/01/02 - 12:52:17 | 200 |    3.008545ms |  192.168.66.115 | POST     /getResult
[2020-01-02 12:52:18] 自開彩開獎  {202001020258 4 41 true} 
ConfigData  map[poolname:FA_MEM port:3306 user:fa_db password:1qaz!QAZ database:FA_MEM redisDB:3 ip:192.168.88.181 charset:utf8 redisIp:192.168.88.119 redisPort:6379 redisPassword:""]
SqlString  SELECT RTP,Amount,Bonus  FROM M_RtpSetting  WHERE Sid = 1   AND State = 1   AND LTG_Code = 4 AND Gid = 41
sqlResult   map[state:0 result: count:0]
[2020-01-02 12:52:18] rtpData ------->   map[result: count:0 state:0] 
[GIN] 2020/01/02 - 12:52:18 | 200 |     2.59612ms |  192.168.66.115 | POST     /getResult
[2020-01-02 12:52:18] 自開彩開獎  {202001020773 5 38 true} 
ConfigData  map[user:fa_db database:FA_MEM redisIp:192.168.88.119 redisPort:6379 ip:192.168.88.181 port:3306 password:1qaz!QAZ charset:utf8 redisPassword:"" redisDB:3 poolname:FA_MEM]
SqlString  SELECT RTP,Amount,Bonus  FROM M_RtpSetting  WHERE Sid = 1   AND State = 1   AND LTG_Code = 5 AND Gid = 38
sqlResult   map[result: count:0 state:0]
[2020-01-02 12:52:18] rtpData ------->   map[count:0 state:0 result:] 
[GIN] 2020/01/02 - 12:52:18 | 200 |    2.149639ms |  192.168.66.115 | POST     /getResult
[2020-01-02 12:52:19] 自開彩開獎  {202001020258 1 35 true} 
ConfigData  map[user:fa_db password:1qaz!QAZ database:FA_MEM charset:utf8 redisIp:192.168.88.119 redisPort:6379 ip:192.168.88.181 port:3306 redisPassword:"" redisDB:3 poolname:FA_MEM]
SqlString  SELECT RTP,Amount,Bonus  FROM M_RtpSetting  WHERE Sid = 1   AND State = 1   AND LTG_Code = 1 AND Gid = 35
[2020-01-02 12:52:19] 自開彩開獎  {202001020773 6 36 true} 
ConfigData  map[poolname:FA_MEM port:3306 charset:utf8 redisIp:192.168.88.119 redisPort:6379 redisPassword:"" redisDB:3 ip:192.168.88.181 user:fa_db password:1qaz!QAZ database:FA_MEM]
SqlString  SELECT RTP,Amount,Bonus  FROM M_RtpSetting  WHERE Sid = 1   AND State = 1   AND LTG_Code = 6 AND Gid = 36
sqlResult   map[count:0 state:0 result:]
[2020-01-02 12:52:19] rtpData ------->   map[state:0 result: count:0] 
[GIN] 2020/01/02 - 12:52:19 | 200 |    2.225477ms |  192.168.66.115 | POST     /getResult
sqlResult   map[result: count:0 state:0]
[2020-01-02 12:52:19] rtpData ------->   map[result: count:0 state:0] 
[GIN] 2020/01/02 - 12:52:19 | 200 |    2.223534ms |  192.168.66.115 | POST     /getResult
[2020-01-02 12:52:22] 自開彩開獎  {202001020773 1 34 true} 
ConfigData  map[redisIp:192.168.88.119 redisPort:6379 redisPassword:"" user:fa_db password:1qaz!QAZ charset:utf8 database:FA_MEM redisDB:3 ip:192.168.88.181 poolname:FA_MEM port:3306]
SqlString  SELECT RTP,Amount,Bonus  FROM M_RtpSetting  WHERE Sid = 1   AND State = 1   AND LTG_Code = 1 AND Gid = 34
sqlResult   map[result: count:0 state:0]
[2020-01-02 12:52:22] rtpData ------->   map[result: count:0 state:0] 
[GIN] 2020/01/02 - 12:52:22 | 200 |    2.600673ms |  192.168.66.115 | POST     /getResult
[2020-01-02 12:52:23] 自開彩開獎  {202001020773 4 40 true} 
ConfigData  map[password:1qaz!QAZ charset:utf8 redisIp:192.168.88.119 redisPassword:"" user:fa_db poolname:FA_MEM port:3306 database:FA_MEM redisPort:6379 redisDB:3 ip:192.168.88.181]
SqlString  SELECT RTP,Amount,Bonus  FROM M_RtpSetting  WHERE Sid = 1   AND State = 1   AND LTG_Code = 4 AND Gid = 40
sqlResult   map[state:0 result: count:0]
[2020-01-02 12:52:23] rtpData ------->   map[result: count:0 state:0] 
[GIN] 2020/01/02 - 12:52:23 | 200 |     2.47264ms |  192.168.66.115 | POST     /getResult
[2020-01-02 12:52:24] 自開彩開獎  {202001020258 4 41 true} 
ConfigData  map[redisPassword:"" redisDB:3 poolname:FA_MEM port:3306 user:fa_db password:1qaz!QAZ redisIp:192.168.88.119 ip:192.168.88.181 database:FA_MEM charset:utf8 redisPort:6379]
SqlString  SELECT RTP,Amount,Bonus  FROM M_RtpSetting  WHERE Sid = 1   AND State = 1   AND LTG_Code = 4 AND Gid = 41
sqlResult   map[result: count:0 state:0]
[2020-01-02 12:52:24] rtpData ------->   map[result: count:0 state:0] 
[GIN] 2020/01/02 - 12:52:24 | 200 |    2.552163ms |  192.168.66.115 | POST     /getResult
[2020-01-02 12:52:24] 自開彩開獎  {202001020773 5 38 true} 
ConfigData  map[user:fa_db redisPort:6379 redisPassword:"" ip:192.168.88.181 poolname:FA_MEM port:3306 password:1qaz!QAZ database:FA_MEM charset:utf8 redisIp:192.168.88.119 redisDB:3]
SqlString  SELECT RTP,Amount,Bonus  FROM M_RtpSetting  WHERE Sid = 1   AND State = 1   AND LTG_Code = 5 AND Gid = 38
sqlResult   map[state:0 result: count:0]
[2020-01-02 12:52:24] rtpData ------->   map[result: count:0 state:0] 
[GIN] 2020/01/02 - 12:52:24 | 200 |    2.564347ms |  192.168.66.115 | POST     /getResult
[2020-01-02 12:52:25] 自開彩開獎  {202001020773 6 36 true} 
ConfigData  map[ip:192.168.88.181 user:fa_db charset:utf8 redisPassword:"" redisPort:6379 redisDB:3 poolname:FA_MEM port:3306 password:1qaz!QAZ database:FA_MEM redisIp:192.168.88.119]
SqlString  SELECT RTP,Amount,Bonus  FROM M_RtpSetting  WHERE Sid = 1   AND State = 1   AND LTG_Code = 6 AND Gid = 36
[2020-01-02 12:52:25] 自開彩開獎  {202001020258 1 35 true} 
ConfigData  map[database:FA_MEM charset:utf8 redisIp:192.168.88.119 redisDB:3 port:3306 password:1qaz!QAZ user:fa_db redisPort:6379 redisPassword:"" ip:192.168.88.181 poolname:FA_MEM]
SqlString  SELECT RTP,Amount,Bonus  FROM M_RtpSetting  WHERE Sid = 1   AND State = 1   AND LTG_Code = 1 AND Gid = 35
sqlResult   map[result: count:0 state:0]
[2020-01-02 12:52:25] rtpData ------->   map[result: count:0 state:0] 
sqlResult   map[state:0 result: count:0]
[2020-01-02 12:52:25] rtpData ------->   map[result: count:0 state:0] 
[GIN] 2020/01/02 - 12:52:25 | 200 |      2.9429ms |  192.168.66.115 | POST     /getResult
[GIN] 2020/01/02 - 12:52:25 | 200 |    2.902632ms |  192.168.66.115 | POST     /getResult
[2020-01-02 12:52:28] 自開彩開獎  {202001020773 1 34 true} 
ConfigData  map[port:3306 user:fa_db password:1qaz!QAZ redisIp:192.168.88.119 redisPassword:"" ip:192.168.88.181 poolname:FA_MEM redisPort:6379 redisDB:3 database:FA_MEM charset:utf8]
SqlString  SELECT RTP,Amount,Bonus  FROM M_RtpSetting  WHERE Sid = 1   AND State = 1   AND LTG_Code = 1 AND Gid = 34
sqlResult   map[count:0 state:0 result:]
[2020-01-02 12:52:28] rtpData ------->   map[result: count:0 state:0] 
[GIN] 2020/01/02 - 12:52:28 | 200 |    2.612343ms |  192.168.66.115 | POST     /getResult
[2020-01-02 12:52:29] 自開彩開獎  {202001020773 4 40 true} 
ConfigData  map[port:3306 password:1qaz!QAZ redisDB:3 ip:192.168.88.181 poolname:FA_MEM user:fa_db database:FA_MEM charset:utf8 redisIp:192.168.88.119 redisPort:6379 redisPassword:""]
SqlString  SELECT RTP,Amount,Bonus  FROM M_RtpSetting  WHERE Sid = 1   AND State = 1   AND LTG_Code = 4 AND Gid = 40
sqlResult   map[result: count:0 state:0]
[2020-01-02 12:52:29] rtpData ------->   map[result: count:0 state:0] 
[GIN] 2020/01/02 - 12:52:29 | 200 |    2.176012ms |  192.168.66.115 | POST     /getResult
[2020-01-02 12:52:30] 自開彩開獎  {202001020258 4 41 true} 
ConfigData  map[redisIp:192.168.88.119 redisPassword:"" password:1qaz!QAZ database:FA_MEM charset:utf8 redisPort:6379 ip:192.168.88.181 poolname:FA_MEM port:3306 user:fa_db redisDB:3]
SqlString  SELECT RTP,Amount,Bonus  FROM M_RtpSetting  WHERE Sid = 1   AND State = 1   AND LTG_Code = 4 AND Gid = 41
sqlResult   map[result: count:0 state:0]
[2020-01-02 12:52:30] rtpData ------->   map[result: count:0 state:0] 
[GIN] 2020/01/02 - 12:52:30 | 200 |    2.598407ms |  192.168.66.115 | POST     /getResult
[2020-01-02 12:52:30] 自開彩開獎  {202001020773 5 38 true} 
ConfigData  map[ip:192.168.88.181 poolname:FA_MEM user:fa_db redisIp:192.168.88.119 redisPort:6379 port:3306 password:1qaz!QAZ database:FA_MEM charset:utf8 redisPassword:"" redisDB:3]
SqlString  SELECT RTP,Amount,Bonus  FROM M_RtpSetting  WHERE Sid = 1   AND State = 1   AND LTG_Code = 5 AND Gid = 38
sqlResult   map[result: count:0 state:0]
[2020-01-02 12:52:30] rtpData ------->   map[result: count:0 state:0] 
[GIN] 2020/01/02 - 12:52:30 | 200 |    2.117478ms |  192.168.66.115 | POST     /getResult
[2020-01-02 12:52:31] 自開彩開獎  {202001020258 1 35 true} 
ConfigData  map[database:FA_MEM charset:utf8 redisDB:3 poolname:FA_MEM user:fa_db password:1qaz!QAZ redisIp:192.168.88.119 redisPort:6379 redisPassword:"" ip:192.168.88.181 port:3306]
SqlString  SELECT RTP,Amount,Bonus  FROM M_RtpSetting  WHERE Sid = 1   AND State = 1   AND LTG_Code = 1 AND Gid = 35
[2020-01-02 12:52:31] 自開彩開獎  {202001020773 6 36 true} 
ConfigData  map[redisIp:192.168.88.119 redisPort:6379 redisPassword:"" ip:192.168.88.181 port:3306 password:1qaz!QAZ database:FA_MEM charset:utf8 redisDB:3 poolname:FA_MEM user:fa_db]
SqlString  SELECT RTP,Amount,Bonus  FROM M_RtpSetting  WHERE Sid = 1   AND State = 1   AND LTG_Code = 6 AND Gid = 36
sqlResult   map[result: count:0 state:0]
[2020-01-02 12:52:31] rtpData ------->   map[count:0 state:0 result:] 
[GIN] 2020/01/02 - 12:52:31 | 200 |    2.370601ms |  192.168.66.115 | POST     /getResult
sqlResult   map[result: count:0 state:0]
[2020-01-02 12:52:31] rtpData ------->   map[state:0 result: count:0] 
[GIN] 2020/01/02 - 12:52:31 | 200 |    2.811836ms |  192.168.66.115 | POST     /getResult
[2020-01-02 12:52:34] 自開彩開獎  {202001020773 1 34 true} 
ConfigData  map[user:fa_db password:1qaz!QAZ database:FA_MEM charset:utf8 redisIp:192.168.88.119 redisPort:6379 redisPassword:"" redisDB:3 ip:192.168.88.181 poolname:FA_MEM port:3306]
SqlString  SELECT RTP,Amount,Bonus  FROM M_RtpSetting  WHERE Sid = 1   AND State = 1   AND LTG_Code = 1 AND Gid = 34
sqlResult   map[result: count:0 state:0]
[2020-01-02 12:52:34] rtpData ------->   map[count:0 state:0 result:] 
[GIN] 2020/01/02 - 12:52:34 | 200 |    2.835841ms |  192.168.66.115 | POST     /getResult
[2020-01-02 12:52:35] 自開彩開獎  {202001020773 4 40 true} 
ConfigData  map[poolname:FA_MEM database:FA_MEM redisPassword:"" redisIp:192.168.88.119 redisPort:6379 redisDB:3 ip:192.168.88.181 port:3306 user:fa_db password:1qaz!QAZ charset:utf8]
SqlString  SELECT RTP,Amount,Bonus  FROM M_RtpSetting  WHERE Sid = 1   AND State = 1   AND LTG_Code = 4 AND Gid = 40
sqlResult   map[result: count:0 state:0]
[2020-01-02 12:52:35] rtpData ------->   map[result: count:0 state:0] 
[GIN] 2020/01/02 - 12:52:35 | 200 |    2.919949ms |  192.168.66.115 | POST     /getResult
[2020-01-02 12:52:36] 自開彩開獎  {202001020258 4 41 true} 
ConfigData  map[user:fa_db password:1qaz!QAZ database:FA_MEM redisPort:6379 redisPassword:"" poolname:FA_MEM port:3306 redisIp:192.168.88.119 redisDB:3 ip:192.168.88.181 charset:utf8]
SqlString  SELECT RTP,Amount,Bonus  FROM M_RtpSetting  WHERE Sid = 1   AND State = 1   AND LTG_Code = 4 AND Gid = 41
sqlResult   map[result: count:0 state:0]
[2020-01-02 12:52:36] rtpData ------->   map[result: count:0 state:0] 
[GIN] 2020/01/02 - 12:52:36 | 200 |    2.408008ms |  192.168.66.115 | POST     /getResult
[2020-01-02 12:52:36] 自開彩開獎  {202001020773 5 38 true} 
ConfigData  map[password:1qaz!QAZ redisIp:192.168.88.119 redisPort:6379 redisPassword:"" ip:192.168.88.181 poolname:FA_MEM port:3306 user:fa_db database:FA_MEM charset:utf8 redisDB:3]
SqlString  SELECT RTP,Amount,Bonus  FROM M_RtpSetting  WHERE Sid = 1   AND State = 1   AND LTG_Code = 5 AND Gid = 38
sqlResult   map[result: count:0 state:0]
[2020-01-02 12:52:36] rtpData ------->   map[result: count:0 state:0] 
[GIN] 2020/01/02 - 12:52:36 | 200 |    2.281384ms |  192.168.66.115 | POST     /getResult
[2020-01-02 12:52:37] 自開彩開獎  {202001020773 6 36 true} 
ConfigData  map[port:3306 database:FA_MEM charset:utf8 redisIp:192.168.88.119 redisPort:6379 redisPassword:"" ip:192.168.88.181 poolname:FA_MEM user:fa_db password:1qaz!QAZ redisDB:3]
SqlString  SELECT RTP,Amount,Bonus  FROM M_RtpSetting  WHERE Sid = 1   AND State = 1   AND LTG_Code = 6 AND Gid = 36
[2020-01-02 12:52:37] 自開彩開獎  {202001020258 1 35 true} 
ConfigData  map[ip:192.168.88.181 poolname:FA_MEM port:3306 user:fa_db password:1qaz!QAZ redisIp:192.168.88.119 redisPassword:"" database:FA_MEM charset:utf8 redisPort:6379 redisDB:3]
SqlString  SELECT RTP,Amount,Bonus  FROM M_RtpSetting  WHERE Sid = 1   AND State = 1   AND LTG_Code = 1 AND Gid = 35
sqlResult   map[result: count:0 state:0]
[2020-01-02 12:52:37] rtpData ------->   map[result: count:0 state:0] 
[GIN] 2020/01/02 - 12:52:37 | 200 |    2.489574ms |  192.168.66.115 | POST     /getResult
sqlResult   map[result: count:0 state:0]
[2020-01-02 12:52:37] rtpData ------->   map[result: count:0 state:0] 
[GIN] 2020/01/02 - 12:52:37 | 200 |    2.679125ms |  192.168.66.115 | POST     /getResult
[2020-01-02 12:52:40] 自開彩開獎  {202001020773 1 34 true} 
ConfigData  map[password:1qaz!QAZ redisIp:192.168.88.119 redisPort:6379 redisPassword:"" redisDB:3 ip:192.168.88.181 port:3306 user:fa_db database:FA_MEM charset:utf8 poolname:FA_MEM]
SqlString  SELECT RTP,Amount,Bonus  FROM M_RtpSetting  WHERE Sid = 1   AND State = 1   AND LTG_Code = 1 AND Gid = 34
sqlResult   map[result: count:0 state:0]
[2020-01-02 12:52:40] rtpData ------->   map[result: count:0 state:0] 
[GIN] 2020/01/02 - 12:52:40 | 200 |    2.255229ms |  192.168.66.115 | POST     /getResult
[2020-01-02 12:52:41] 自開彩開獎  {202001020773 4 40 true} 
ConfigData  map[ip:192.168.88.181 password:1qaz!QAZ database:FA_MEM charset:utf8 redisIp:192.168.88.119 redisDB:3 poolname:FA_MEM port:3306 user:fa_db redisPort:6379 redisPassword:""]
SqlString  SELECT RTP,Amount,Bonus  FROM M_RtpSetting  WHERE Sid = 1   AND State = 1   AND LTG_Code = 4 AND Gid = 40
sqlResult   map[result: count:0 state:0]
[2020-01-02 12:52:41] rtpData ------->   map[result: count:0 state:0] 
[GIN] 2020/01/02 - 12:52:41 | 200 |    2.624536ms |  192.168.66.115 | POST     /getResult
[2020-01-02 12:52:42] 自開彩開獎  {202001020258 4 41 true} 
ConfigData  map[charset:utf8 redisPort:6379 redisDB:3 ip:192.168.88.181 poolname:FA_MEM password:1qaz!QAZ database:FA_MEM port:3306 user:fa_db redisIp:192.168.88.119 redisPassword:""]
SqlString  SELECT RTP,Amount,Bonus  FROM M_RtpSetting  WHERE Sid = 1   AND State = 1   AND LTG_Code = 4 AND Gid = 41
sqlResult   map[result: count:0 state:0]
[2020-01-02 12:52:42] rtpData ------->   map[count:0 state:0 result:] 
[GIN] 2020/01/02 - 12:52:42 | 200 |    2.739426ms |  192.168.66.115 | POST     /getResult
[2020-01-02 12:52:42] 自開彩開獎  {202001020773 5 38 true} 
ConfigData  map[poolname:FA_MEM redisIp:192.168.88.119 redisPassword:"" ip:192.168.88.181 port:3306 user:fa_db password:1qaz!QAZ database:FA_MEM charset:utf8 redisPort:6379 redisDB:3]
SqlString  SELECT RTP,Amount,Bonus  FROM M_RtpSetting  WHERE Sid = 1   AND State = 1   AND LTG_Code = 5 AND Gid = 38
sqlResult   map[result: count:0 state:0]
[2020-01-02 12:52:42] rtpData ------->   map[result: count:0 state:0] 
[GIN] 2020/01/02 - 12:52:42 | 200 |    2.329745ms |  192.168.66.115 | POST     /getResult
[2020-01-02 12:52:43] 自開彩開獎  {202001020258 1 35 true} 
ConfigData  map[database:FA_MEM charset:utf8 redisPort:6379 redisPassword:"" redisIp:192.168.88.119 redisDB:3 ip:192.168.88.181 poolname:FA_MEM port:3306 user:fa_db password:1qaz!QAZ]
SqlString  SELECT RTP,Amount,Bonus  FROM M_RtpSetting  WHERE Sid = 1   AND State = 1   AND LTG_Code = 1 AND Gid = 35
[2020-01-02 12:52:43] 自開彩開獎  {202001020773 6 36 true} 
ConfigData  map[poolname:FA_MEM port:3306 charset:utf8 redisIp:192.168.88.119 redisPort:6379 redisPassword:"" ip:192.168.88.181 password:1qaz!QAZ database:FA_MEM redisDB:3 user:fa_db]
SqlString  SELECT RTP,Amount,Bonus  FROM M_RtpSetting  WHERE Sid = 1   AND State = 1   AND LTG_Code = 6 AND Gid = 36
sqlResult   map[count:0 state:0 result:]
[2020-01-02 12:52:43] rtpData ------->   map[result: count:0 state:0] 
[GIN] 2020/01/02 - 12:52:43 | 200 |    2.334265ms |  192.168.66.115 | POST     /getResult
sqlResult   map[result: count:0 state:0]
[2020-01-02 12:52:43] rtpData ------->   map[result: count:0 state:0] 
[GIN] 2020/01/02 - 12:52:43 | 200 |    2.312943ms |  192.168.66.115 | POST     /getResult
[2020-01-02 12:52:46] 自開彩開獎  {202001020773 1 34 true} 
ConfigData  map[redisDB:3 port:3306 database:FA_MEM redisPort:6379 password:1qaz!QAZ charset:utf8 redisIp:192.168.88.119 redisPassword:"" ip:192.168.88.181 poolname:FA_MEM user:fa_db]
SqlString  SELECT RTP,Amount,Bonus  FROM M_RtpSetting  WHERE Sid = 1   AND State = 1   AND LTG_Code = 1 AND Gid = 34
sqlResult   map[result: count:0 state:0]
[2020-01-02 12:52:46] rtpData ------->   map[result: count:0 state:0] 
[GIN] 2020/01/02 - 12:52:46 | 200 |    3.699517ms |  192.168.66.115 | POST     /getResult
[2020-01-02 12:52:47] 自開彩開獎  {202001020773 4 40 true} 
ConfigData  map[ip:192.168.88.181 port:3306 user:fa_db database:FA_MEM charset:utf8 redisPassword:"" poolname:FA_MEM password:1qaz!QAZ redisIp:192.168.88.119 redisPort:6379 redisDB:3]
SqlString  SELECT RTP,Amount,Bonus  FROM M_RtpSetting  WHERE Sid = 1   AND State = 1   AND LTG_Code = 4 AND Gid = 40
sqlResult   map[result: count:0 state:0]
[2020-01-02 12:52:47] rtpData ------->   map[result: count:0 state:0] 
[GIN] 2020/01/02 - 12:52:47 | 200 |    3.121587ms |  192.168.66.115 | POST     /getResult
[2020-01-02 12:52:48] 自開彩開獎  {202001020258 4 41 true} 
ConfigData  map[redisDB:3 port:3306 database:FA_MEM charset:utf8 redisIp:192.168.88.119 redisPort:6379 redisPassword:"" ip:192.168.88.181 poolname:FA_MEM user:fa_db password:1qaz!QAZ]
SqlString  SELECT RTP,Amount,Bonus  FROM M_RtpSetting  WHERE Sid = 1   AND State = 1   AND LTG_Code = 4 AND Gid = 41
sqlResult   map[result: count:0 state:0]
[2020-01-02 12:52:48] rtpData ------->   map[result: count:0 state:0] 
[GIN] 2020/01/02 - 12:52:48 | 200 |     2.14794ms |  192.168.66.115 | POST     /getResult
[2020-01-02 12:52:48] 自開彩開獎  {202001020773 5 38 true} 
ConfigData  map[redisDB:3 poolname:FA_MEM port:3306 database:FA_MEM redisIp:192.168.88.119 redisPort:6379 redisPassword:"" ip:192.168.88.181 user:fa_db password:1qaz!QAZ charset:utf8]
SqlString  SELECT RTP,Amount,Bonus  FROM M_RtpSetting  WHERE Sid = 1   AND State = 1   AND LTG_Code = 5 AND Gid = 38
sqlResult   map[state:0 result: count:0]
[2020-01-02 12:52:48] rtpData ------->   map[result: count:0 state:0] 
[GIN] 2020/01/02 - 12:52:48 | 200 |    2.710941ms |  192.168.66.115 | POST     /getResult
[2020-01-02 12:52:49] 自開彩開獎  {202001020258 1 35 true} 
ConfigData  map[user:fa_db database:FA_MEM charset:utf8 redisPort:6379 redisPassword:"" ip:192.168.88.181 poolname:FA_MEM port:3306 password:1qaz!QAZ redisIp:192.168.88.119 redisDB:3]
SqlString  SELECT RTP,Amount,Bonus  FROM M_RtpSetting  WHERE Sid = 1   AND State = 1   AND LTG_Code = 1 AND Gid = 35
[2020-01-02 12:52:49] 自開彩開獎  {202001020773 6 36 true} 
ConfigData  map[redisIp:192.168.88.119 redisPassword:"" redisDB:3 ip:192.168.88.181 user:fa_db password:1qaz!QAZ charset:utf8 poolname:FA_MEM port:3306 database:FA_MEM redisPort:6379]
SqlString  SELECT RTP,Amount,Bonus  FROM M_RtpSetting  WHERE Sid = 1   AND State = 1   AND LTG_Code = 6 AND Gid = 36
sqlResult   map[state:0 result: count:0]
[2020-01-02 12:52:49] rtpData ------->   map[result: count:0 state:0] 
sqlResult   map[result: count:0 state:0]
[2020-01-02 12:52:49] rtpData ------->   map[result: count:0 state:0] 
[GIN] 2020/01/02 - 12:52:49 | 200 |    2.867285ms |  192.168.66.115 | POST     /getResult
[GIN] 2020/01/02 - 12:52:49 | 200 |    3.290447ms |  192.168.66.115 | POST     /getResult
[2020-01-02 12:52:52] 自開彩開獎  {202001020773 1 34 true} 
ConfigData  map[user:fa_db database:FA_MEM redisIp:192.168.88.119 redisPort:6379 redisPassword:"" poolname:FA_MEM port:3306 password:1qaz!QAZ charset:utf8 redisDB:3 ip:192.168.88.181]
SqlString  SELECT RTP,Amount,Bonus  FROM M_RtpSetting  WHERE Sid = 1   AND State = 1   AND LTG_Code = 1 AND Gid = 34
sqlResult   map[state:0 result: count:0]
[2020-01-02 12:52:52] rtpData ------->   map[result: count:0 state:0] 
[GIN] 2020/01/02 - 12:52:52 | 200 |    2.370895ms |  192.168.66.115 | POST     /getResult
[2020-01-02 12:52:53] 自開彩開獎  {202001020773 4 40 true} 
ConfigData  map[redisDB:3 poolname:FA_MEM port:3306 user:fa_db charset:utf8 redisIp:192.168.88.119 redisPort:6379 redisPassword:"" ip:192.168.88.181 password:1qaz!QAZ database:FA_MEM]
SqlString  SELECT RTP,Amount,Bonus  FROM M_RtpSetting  WHERE Sid = 1   AND State = 1   AND LTG_Code = 4 AND Gid = 40
sqlResult   map[result: count:0 state:0]
[2020-01-02 12:52:53] rtpData ------->   map[result: count:0 state:0] 
[GIN] 2020/01/02 - 12:52:53 | 200 |    2.493473ms |  192.168.66.115 | POST     /getResult
[2020-01-02 12:52:54] 自開彩開獎  {202001020258 4 41 true} 
ConfigData  map[redisPassword:"" ip:192.168.88.181 user:fa_db password:1qaz!QAZ database:FA_MEM charset:utf8 redisIp:192.168.88.119 poolname:FA_MEM port:3306 redisPort:6379 redisDB:3]
SqlString  SELECT RTP,Amount,Bonus  FROM M_RtpSetting  WHERE Sid = 1   AND State = 1   AND LTG_Code = 4 AND Gid = 41
sqlResult   map[result: count:0 state:0]
[2020-01-02 12:52:54] rtpData ------->   map[result: count:0 state:0] 
[GIN] 2020/01/02 - 12:52:54 | 200 |    2.956112ms |  192.168.66.115 | POST     /getResult
[2020-01-02 12:52:54] 自開彩開獎  {202001020773 5 38 true} 
ConfigData  map[database:FA_MEM charset:utf8 redisIp:192.168.88.119 redisPassword:"" ip:192.168.88.181 poolname:FA_MEM port:3306 user:fa_db password:1qaz!QAZ redisPort:6379 redisDB:3]
SqlString  SELECT RTP,Amount,Bonus  FROM M_RtpSetting  WHERE Sid = 1   AND State = 1   AND LTG_Code = 5 AND Gid = 38
sqlResult   map[result: count:0 state:0]
[2020-01-02 12:52:54] rtpData ------->   map[state:0 result: count:0] 
[GIN] 2020/01/02 - 12:52:54 | 200 |    2.684615ms |  192.168.66.115 | POST     /getResult
[2020-01-02 12:52:55] 自開彩開獎  {202001020773 6 36 true} 
[2020-01-02 12:52:55] 自開彩開獎  {202001020258 1 35 true} 
ConfigData  map[charset:utf8 redisPort:6379 redisPassword:"" ip:192.168.88.181 poolname:FA_MEM port:3306 password:1qaz!QAZ database:FA_MEM user:fa_db redisIp:192.168.88.119 redisDB:3]
SqlString  SELECT RTP,Amount,Bonus  FROM M_RtpSetting  WHERE Sid = 1   AND State = 1   AND LTG_Code = 1 AND Gid = 35
ConfigData  map[redisPassword:"" ip:192.168.88.181 poolname:FA_MEM user:fa_db password:1qaz!QAZ database:FA_MEM charset:utf8 redisIp:192.168.88.119 redisDB:3 port:3306 redisPort:6379]
SqlString  SELECT RTP,Amount,Bonus  FROM M_RtpSetting  WHERE Sid = 1   AND State = 1   AND LTG_Code = 6 AND Gid = 36
sqlResult   map[count:0 state:0 result:]
[2020-01-02 12:52:55] rtpData ------->   map[result: count:0 state:0] 
[GIN] 2020/01/02 - 12:52:55 | 200 |    3.003468ms |  192.168.66.115 | POST     /getResult
sqlResult   map[result: count:0 state:0]
[2020-01-02 12:52:55] rtpData ------->   map[count:0 state:0 result:] 
[GIN] 2020/01/02 - 12:52:55 | 200 |    3.210076ms |  192.168.66.115 | POST     /getResult
[2020-01-02 12:52:58] 自開彩開獎  {202001020773 1 34 true} 
ConfigData  map[user:fa_db database:FA_MEM charset:utf8 poolname:FA_MEM port:3306 password:1qaz!QAZ redisIp:192.168.88.119 redisPort:6379 redisPassword:"" redisDB:3 ip:192.168.88.181]
SqlString  SELECT RTP,Amount,Bonus  FROM M_RtpSetting  WHERE Sid = 1   AND State = 1   AND LTG_Code = 1 AND Gid = 34
sqlResult   map[result: count:0 state:0]
[2020-01-02 12:52:58] rtpData ------->   map[result: count:0 state:0] 
[GIN] 2020/01/02 - 12:52:58 | 200 |    2.210123ms |  192.168.66.115 | POST     /getResult
[2020-01-02 12:52:59] 自開彩開獎  {202001020773 4 40 true} 
ConfigData  map[ip:192.168.88.181 redisIp:192.168.88.119 redisPort:6379 redisPassword:"" poolname:FA_MEM port:3306 user:fa_db password:1qaz!QAZ database:FA_MEM charset:utf8 redisDB:3]
SqlString  SELECT RTP,Amount,Bonus  FROM M_RtpSetting  WHERE Sid = 1   AND State = 1   AND LTG_Code = 4 AND Gid = 40
sqlResult   map[result: count:0 state:0]
[2020-01-02 12:52:59] rtpData ------->   map[result: count:0 state:0] 
[GIN] 2020/01/02 - 12:52:59 | 200 |    2.508061ms |  192.168.66.115 | POST     /getResult
[2020-01-02 12:53:00] 自開彩開獎  {202001020258 4 41 true} 
ConfigData  map[poolname:FA_MEM user:fa_db database:FA_MEM charset:utf8 redisIp:192.168.88.119 redisPassword:"" redisDB:3 ip:192.168.88.181 password:1qaz!QAZ redisPort:6379 port:3306]
SqlString  SELECT RTP,Amount,Bonus  FROM M_RtpSetting  WHERE Sid = 1   AND State = 1   AND LTG_Code = 4 AND Gid = 41
sqlResult   map[result: count:0 state:0]
[2020-01-02 12:53:00] rtpData ------->   map[result: count:0 state:0] 
[GIN] 2020/01/02 - 12:53:00 | 200 |    2.503293ms |  192.168.66.115 | POST     /getResult
[2020-01-02 12:53:00] 自開彩開獎  {202001020773 5 38 true} 
ConfigData  map[user:fa_db redisPassword:"" port:3306 poolname:FA_MEM password:1qaz!QAZ database:FA_MEM charset:utf8 redisIp:192.168.88.119 redisPort:6379 redisDB:3 ip:192.168.88.181]
SqlString  SELECT RTP,Amount,Bonus  FROM M_RtpSetting  WHERE Sid = 1   AND State = 1   AND LTG_Code = 5 AND Gid = 38
sqlResult   map[result: count:0 state:0]
[2020-01-02 12:53:00] rtpData ------->   map[state:0 result: count:0] 
[GIN] 2020/01/02 - 12:53:00 | 200 |    2.440749ms |  192.168.66.115 | POST     /getResult
[2020-01-02 12:53:01] 自開彩開獎  {202001020774 2 26 true} 
ConfigData  map[poolname:FA_MEM database:FA_MEM charset:utf8 redisIp:192.168.88.119 redisPassword:"" ip:192.168.88.181 port:3306 user:fa_db password:1qaz!QAZ redisPort:6379 redisDB:3]
SqlString  SELECT RTP,Amount,Bonus  FROM M_RtpSetting  WHERE Sid = 1   AND State = 1   AND LTG_Code = 2 AND Gid = 26
sqlResult   map[count:1 state:1 amount:1.0069588e+06 bonus:908100.71 result:0.9600]
[2020-01-02 12:53:01] rtpData ------->   map[bonus:908100.71 result:0.9600 count:1 state:1 amount:1.0069588e+06] 
ConfigData  map[charset:utf8 redisIp:192.168.88.119 redisPort:6379 redisDB:3 poolname:FA_MEM port:3306 user:fa_db redisPassword:"" ip:192.168.88.181 password:1qaz!QAZ database:FA_MEM]
SELECT BO_No, BO_OrderNo , BO_User , BO_Issue  , BO_LotteryTypeGroup, BO_LotteryType, BO_Mode, BO_LotteryPlayGroup, BO_LotteryPlay , BO_LotteryContent, BO_Price, BO_RealPrice, BO_Unit, BO_Multiple , BO_BetCount  , BO_Winnings, BO_Winnings2, BO_Winnings3, BO_WinningLimit  , BO_Water , BO_BW_SourceUserId, BO_BW_BackWater, BO_BW_LimitBetCount, BO_BW_MaxAmount, BO_BW_AuditMultiple  , BO_Odds, BO_Odds2, BO_Odds3 , BO_Type, BO_Chase , BO_OpenResult, BO_OpenResult2, BO_DateDraw, BO_DateDraw2, BO_DateUpdate  FROM TS_BetOrder  WHERE BO_Cancel = 0   AND BO_CancelBackend = 0   AND BO_LotteryTypeGroup = 2 AND BO_LotteryType = 26 AND BO_Issue = 202001020774 AND BO_Collect = 0 ORDER BY BO_DateDraw ASC, BO_DateCreate ASC, BO_DateUpdate ASC, BO_No ASC ;
[2020-01-02 12:53:01] LottteryTypeGroup 2 
[2020-01-02 12:53:01] 有期號 但無注單 -------> map[amount:0 bonus:0 thisOpenResult:[8 2 9 5 3]] 
[GIN] 2020/01/02 - 12:53:01 | 200 |    4.207597ms |  192.168.66.115 | POST     /getResult
[2020-01-02 12:53:01] 自開彩開獎  {202001020258 1 35 true} 
ConfigData  map[port:3306 user:fa_db password:1qaz!QAZ database:FA_MEM charset:utf8 redisPort:6379 ip:192.168.88.181 poolname:FA_MEM redisDB:3 redisIp:192.168.88.119 redisPassword:""]
SqlString  SELECT RTP,Amount,Bonus  FROM M_RtpSetting  WHERE Sid = 1   AND State = 1   AND LTG_Code = 1 AND Gid = 35
[2020-01-02 12:53:01] 自開彩開獎  {202001020773 6 36 true} 
ConfigData  map[charset:utf8 redisPort:6379 redisPassword:"" user:fa_db password:1qaz!QAZ port:3306 database:FA_MEM redisIp:192.168.88.119 redisDB:3 ip:192.168.88.181 poolname:FA_MEM]
SqlString  SELECT RTP,Amount,Bonus  FROM M_RtpSetting  WHERE Sid = 1   AND State = 1   AND LTG_Code = 6 AND Gid = 36
sqlResult   map[result: count:0 state:0]
[2020-01-02 12:53:01] rtpData ------->   map[count:0 state:0 result:] 
[GIN] 2020/01/02 - 12:53:01 | 200 |    2.769994ms |  192.168.66.115 | POST     /getResult
sqlResult   map[state:0 result: count:0]
[2020-01-02 12:53:01] rtpData ------->   map[state:0 result: count:0] 
[GIN] 2020/01/02 - 12:53:01 | 200 |    2.528824ms |  192.168.66.115 | POST     /getResult
[2020-01-02 12:53:04] 自開彩開獎  {202001020773 1 34 true} 
ConfigData  map[charset:utf8 redisPassword:"" redisDB:3 ip:192.168.88.181 port:3306 database:FA_MEM redisIp:192.168.88.119 redisPort:6379 poolname:FA_MEM user:fa_db password:1qaz!QAZ]
SqlString  SELECT RTP,Amount,Bonus  FROM M_RtpSetting  WHERE Sid = 1   AND State = 1   AND LTG_Code = 1 AND Gid = 34
sqlResult   map[result: count:0 state:0]
[2020-01-02 12:53:04] rtpData ------->   map[count:0 state:0 result:] 
[GIN] 2020/01/02 - 12:53:04 | 200 |    2.802595ms |  192.168.66.115 | POST     /getResult
[2020-01-02 12:53:05] 自開彩開獎  {202001020773 4 40 true} 
ConfigData  map[password:1qaz!QAZ database:FA_MEM charset:utf8 redisPassword:"" redisDB:3 user:fa_db poolname:FA_MEM port:3306 redisIp:192.168.88.119 redisPort:6379 ip:192.168.88.181]
SqlString  SELECT RTP,Amount,Bonus  FROM M_RtpSetting  WHERE Sid = 1   AND State = 1   AND LTG_Code = 4 AND Gid = 40
sqlResult   map[result: count:0 state:0]
[2020-01-02 12:53:05] rtpData ------->   map[result: count:0 state:0] 
[GIN] 2020/01/02 - 12:53:05 | 200 |     2.67509ms |  192.168.66.115 | POST     /getResult
[2020-01-02 12:53:06] 自開彩開獎  {202001020258 4 41 true} 
ConfigData  map[redisPort:6379 redisPassword:"" poolname:FA_MEM port:3306 user:fa_db charset:utf8 redisDB:3 ip:192.168.88.181 password:1qaz!QAZ database:FA_MEM redisIp:192.168.88.119]
SqlString  SELECT RTP,Amount,Bonus  FROM M_RtpSetting  WHERE Sid = 1   AND State = 1   AND LTG_Code = 4 AND Gid = 41
sqlResult   map[result: count:0 state:0]
[2020-01-02 12:53:06] rtpData ------->   map[result: count:0 state:0] 
[GIN] 2020/01/02 - 12:53:06 | 200 |    2.729624ms |  192.168.66.115 | POST     /getResult
[2020-01-02 12:53:06] 自開彩開獎  {202001020774 5 38 true} 
ConfigData  map[user:fa_db password:1qaz!QAZ database:FA_MEM charset:utf8 ip:192.168.88.181 poolname:FA_MEM port:3306 redisIp:192.168.88.119 redisPort:6379 redisPassword:"" redisDB:3]
SqlString  SELECT RTP,Amount,Bonus  FROM M_RtpSetting  WHERE Sid = 1   AND State = 1   AND LTG_Code = 5 AND Gid = 38
sqlResult   map[state:0 result: count:0]
[2020-01-02 12:53:06] rtpData ------->   map[result: count:0 state:0] 
[GIN] 2020/01/02 - 12:53:06 | 200 |    2.618998ms |  192.168.66.115 | POST     /getResult
[2020-01-02 12:53:07] 自開彩開獎  {202001020258 1 35 true} 
ConfigData  map[ip:192.168.88.181 port:3306 database:FA_MEM redisIp:192.168.88.119 redisDB:3 poolname:FA_MEM user:fa_db password:1qaz!QAZ charset:utf8 redisPort:6379 redisPassword:""]
SqlString  SELECT RTP,Amount,Bonus  FROM M_RtpSetting  WHERE Sid = 1   AND State = 1   AND LTG_Code = 1 AND Gid = 35
[2020-01-02 12:53:07] 自開彩開獎  {202001020774 6 36 true} 
ConfigData  map[redisPassword:"" ip:192.168.88.181 database:FA_MEM charset:utf8 redisIp:192.168.88.119 redisPort:6379 poolname:FA_MEM port:3306 user:fa_db password:1qaz!QAZ redisDB:3]
SqlString  SELECT RTP,Amount,Bonus  FROM M_RtpSetting  WHERE Sid = 1   AND State = 1   AND LTG_Code = 6 AND Gid = 36
sqlResult   map[result: count:0 state:0]
[2020-01-02 12:53:07] rtpData ------->   map[result: count:0 state:0] 
sqlResult   map[result: count:0 state:0]
[2020-01-02 12:53:07] rtpData ------->   map[result: count:0 state:0] 
[GIN] 2020/01/02 - 12:53:07 | 200 |    2.489222ms |  192.168.66.115 | POST     /getResult
[GIN] 2020/01/02 - 12:53:07 | 200 |    2.630495ms |  192.168.66.115 | POST     /getResult
[2020-01-02 12:53:10] 自開彩開獎  {202001020774 1 34 true} 
ConfigData  map[poolname:FA_MEM user:fa_db database:FA_MEM redisIp:192.168.88.119 redisPassword:"" ip:192.168.88.181 password:1qaz!QAZ charset:utf8 redisPort:6379 redisDB:3 port:3306]
SqlString  SELECT RTP,Amount,Bonus  FROM M_RtpSetting  WHERE Sid = 1   AND State = 1   AND LTG_Code = 1 AND Gid = 34
sqlResult   map[count:0 state:0 result:]
[2020-01-02 12:53:10] rtpData ------->   map[result: count:0 state:0] 
[GIN] 2020/01/02 - 12:53:10 | 200 |    2.496606ms |  192.168.66.115 | POST     /getResult
[2020-01-02 12:53:11] 自開彩開獎  {202001020774 4 40 true} 
ConfigData  map[poolname:FA_MEM password:1qaz!QAZ database:FA_MEM charset:utf8 redisPassword:"" ip:192.168.88.181 user:fa_db redisIp:192.168.88.119 redisPort:6379 redisDB:3 port:3306]
SqlString  SELECT RTP,Amount,Bonus  FROM M_RtpSetting  WHERE Sid = 1   AND State = 1   AND LTG_Code = 4 AND Gid = 40
sqlResult   map[count:0 state:0 result:]
[2020-01-02 12:53:11] rtpData ------->   map[result: count:0 state:0] 
[GIN] 2020/01/02 - 12:53:11 | 200 |    2.472564ms |  192.168.66.115 | POST     /getResult
[2020-01-02 12:53:12] 自開彩開獎  {202001020258 4 41 true} 
ConfigData  map[ip:192.168.88.181 database:FA_MEM charset:utf8 redisDB:3 poolname:FA_MEM port:3306 user:fa_db password:1qaz!QAZ redisIp:192.168.88.119 redisPort:6379 redisPassword:""]
SqlString  SELECT RTP,Amount,Bonus  FROM M_RtpSetting  WHERE Sid = 1   AND State = 1   AND LTG_Code = 4 AND Gid = 41
sqlResult   map[result: count:0 state:0]
[2020-01-02 12:53:12] rtpData ------->   map[result: count:0 state:0] 
[GIN] 2020/01/02 - 12:53:12 | 200 |    2.164257ms |  192.168.66.115 | POST     /getResult
[2020-01-02 12:53:12] 自開彩開獎  {202001020774 5 38 true} 
ConfigData  map[ip:192.168.88.181 redisIp:192.168.88.119 redisPort:6379 redisPassword:"" redisDB:3 poolname:FA_MEM port:3306 user:fa_db password:1qaz!QAZ database:FA_MEM charset:utf8]
SqlString  SELECT RTP,Amount,Bonus  FROM M_RtpSetting  WHERE Sid = 1   AND State = 1   AND LTG_Code = 5 AND Gid = 38
sqlResult   map[result: count:0 state:0]
[2020-01-02 12:53:12] rtpData ------->   map[count:0 state:0 result:] 
[GIN] 2020/01/02 - 12:53:12 | 200 |    2.349479ms |  192.168.66.115 | POST     /getResult
[2020-01-02 12:53:13] 自開彩開獎  {202001020774 6 36 true} 
ConfigData  map[ip:192.168.88.181 port:3306 database:FA_MEM redisIp:192.168.88.119 redisPort:6379 redisPassword:"" poolname:FA_MEM user:fa_db password:1qaz!QAZ charset:utf8 redisDB:3]
SqlString  SELECT RTP,Amount,Bonus  FROM M_RtpSetting  WHERE Sid = 1   AND State = 1   AND LTG_Code = 6 AND Gid = 36
[2020-01-02 12:53:13] 自開彩開獎  {202001020258 1 35 true} 
ConfigData  map[password:1qaz!QAZ charset:utf8 redisIp:192.168.88.119 redisPort:6379 redisPassword:"" ip:192.168.88.181 user:fa_db database:FA_MEM redisDB:3 poolname:FA_MEM port:3306]
SqlString  SELECT RTP,Amount,Bonus  FROM M_RtpSetting  WHERE Sid = 1   AND State = 1   AND LTG_Code = 1 AND Gid = 35
sqlResult   map[result: count:0 state:0]
[2020-01-02 12:53:13] rtpData ------->   map[result: count:0 state:0] 
[GIN] 2020/01/02 - 12:53:13 | 200 |     2.47228ms |  192.168.66.115 | POST     /getResult
sqlResult   map[count:0 state:0 result:]
[2020-01-02 12:53:13] rtpData ------->   map[result: count:0 state:0] 
[GIN] 2020/01/02 - 12:53:13 | 200 |    2.368372ms |  192.168.66.115 | POST     /getResult
[2020-01-02 12:53:16] 自開彩開獎  {202001020774 1 34 true} 
ConfigData  map[database:FA_MEM charset:utf8 redisDB:3 ip:192.168.88.181 poolname:FA_MEM password:1qaz!QAZ redisPort:6379 redisPassword:"" port:3306 user:fa_db redisIp:192.168.88.119]
SqlString  SELECT RTP,Amount,Bonus  FROM M_RtpSetting  WHERE Sid = 1   AND State = 1   AND LTG_Code = 1 AND Gid = 34
sqlResult   map[result: count:0 state:0]
[2020-01-02 12:53:16] rtpData ------->   map[result: count:0 state:0] 
[GIN] 2020/01/02 - 12:53:16 | 200 |    2.470272ms |  192.168.66.115 | POST     /getResult
[2020-01-02 12:53:17] 自開彩開獎  {202001020774 4 40 true} 
ConfigData  map[redisDB:3 user:fa_db password:1qaz!QAZ redisIp:192.168.88.119 database:FA_MEM charset:utf8 redisPort:6379 redisPassword:"" ip:192.168.88.181 poolname:FA_MEM port:3306]
SqlString  SELECT RTP,Amount,Bonus  FROM M_RtpSetting  WHERE Sid = 1   AND State = 1   AND LTG_Code = 4 AND Gid = 40
sqlResult   map[result: count:0 state:0]
[2020-01-02 12:53:17] rtpData ------->   map[result: count:0 state:0] 
[GIN] 2020/01/02 - 12:53:17 | 200 |    2.438369ms |  192.168.66.115 | POST     /getResult
[2020-01-02 12:53:18] 自開彩開獎  {202001020258 4 41 true} 
ConfigData  map[ip:192.168.88.181 port:3306 password:1qaz!QAZ database:FA_MEM redisIp:192.168.88.119 redisPassword:"" poolname:FA_MEM user:fa_db charset:utf8 redisPort:6379 redisDB:3]
SqlString  SELECT RTP,Amount,Bonus  FROM M_RtpSetting  WHERE Sid = 1   AND State = 1   AND LTG_Code = 4 AND Gid = 41
sqlResult   map[result: count:0 state:0]
[2020-01-02 12:53:18] rtpData ------->   map[result: count:0 state:0] 
[GIN] 2020/01/02 - 12:53:18 | 200 |    2.536519ms |  192.168.66.115 | POST     /getResult
[2020-01-02 12:53:18] 自開彩開獎  {202001020774 5 38 true} 
ConfigData  map[charset:utf8 redisIp:192.168.88.119 ip:192.168.88.181 poolname:FA_MEM port:3306 user:fa_db password:1qaz!QAZ database:FA_MEM redisPort:6379 redisPassword:"" redisDB:3]
SqlString  SELECT RTP,Amount,Bonus  FROM M_RtpSetting  WHERE Sid = 1   AND State = 1   AND LTG_Code = 5 AND Gid = 38
sqlResult   map[result: count:0 state:0]
[2020-01-02 12:53:18] rtpData ------->   map[result: count:0 state:0] 
[GIN] 2020/01/02 - 12:53:18 | 200 |    2.576864ms |  192.168.66.115 | POST     /getResult
[2020-01-02 12:53:19] 自開彩開獎  {202001020258 1 35 true} 
ConfigData  map[charset:utf8 redisIp:192.168.88.119 redisPassword:"" ip:192.168.88.181 poolname:FA_MEM database:FA_MEM redisPort:6379 redisDB:3 port:3306 user:fa_db password:1qaz!QAZ]
SqlString  SELECT RTP,Amount,Bonus  FROM M_RtpSetting  WHERE Sid = 1   AND State = 1   AND LTG_Code = 1 AND Gid = 35
[2020-01-02 12:53:19] 自開彩開獎  {202001020774 6 36 true} 
ConfigData  map[port:3306 charset:utf8 redisIp:192.168.88.119 redisPort:6379 redisDB:3 ip:192.168.88.181 poolname:FA_MEM user:fa_db password:1qaz!QAZ database:FA_MEM redisPassword:""]
SqlString  SELECT RTP,Amount,Bonus  FROM M_RtpSetting  WHERE Sid = 1   AND State = 1   AND LTG_Code = 6 AND Gid = 36
sqlResult   map[result: count:0 state:0]
[2020-01-02 12:53:19] rtpData ------->   map[result: count:0 state:0] 
[GIN] 2020/01/02 - 12:53:19 | 200 |    2.216235ms |  192.168.66.115 | POST     /getResult
sqlResult   map[result: count:0 state:0]
[2020-01-02 12:53:19] rtpData ------->   map[result: count:0 state:0] 
[GIN] 2020/01/02 - 12:53:19 | 200 |    2.417146ms |  192.168.66.115 | POST     /getResult
[2020-01-02 12:53:22] 自開彩開獎  {202001020774 1 34 true} 
ConfigData  map[port:3306 database:FA_MEM charset:utf8 password:1qaz!QAZ redisIp:192.168.88.119 redisPort:6379 redisPassword:"" redisDB:3 ip:192.168.88.181 poolname:FA_MEM user:fa_db]
SqlString  SELECT RTP,Amount,Bonus  FROM M_RtpSetting  WHERE Sid = 1   AND State = 1   AND LTG_Code = 1 AND Gid = 34
sqlResult   map[state:0 result: count:0]
[2020-01-02 12:53:22] rtpData ------->   map[result: count:0 state:0] 
[GIN] 2020/01/02 - 12:53:22 | 200 |    2.826403ms |  192.168.66.115 | POST     /getResult
[2020-01-02 12:53:23] 自開彩開獎  {202001020774 4 40 true} 
ConfigData  map[port:3306 password:1qaz!QAZ database:FA_MEM redisIp:192.168.88.119 ip:192.168.88.181 user:fa_db charset:utf8 redisPort:6379 redisPassword:"" redisDB:3 poolname:FA_MEM]
SqlString  SELECT RTP,Amount,Bonus  FROM M_RtpSetting  WHERE Sid = 1   AND State = 1   AND LTG_Code = 4 AND Gid = 40
sqlResult   map[result: count:0 state:0]
[2020-01-02 12:53:23] rtpData ------->   map[result: count:0 state:0] 
[GIN] 2020/01/02 - 12:53:23 | 200 |    2.385117ms |  192.168.66.115 | POST     /getResult
[2020-01-02 12:53:24] 自開彩開獎  {202001020258 4 41 true} 
ConfigData  map[database:FA_MEM redisPort:6379 ip:192.168.88.181 user:fa_db password:1qaz!QAZ charset:utf8 redisIp:192.168.88.119 redisPassword:"" redisDB:3 poolname:FA_MEM port:3306]
SqlString  SELECT RTP,Amount,Bonus  FROM M_RtpSetting  WHERE Sid = 1   AND State = 1   AND LTG_Code = 4 AND Gid = 41
sqlResult   map[result: count:0 state:0]
[2020-01-02 12:53:24] rtpData ------->   map[count:0 state:0 result:] 
[GIN] 2020/01/02 - 12:53:24 | 200 |     2.26214ms |  192.168.66.115 | POST     /getResult
[2020-01-02 12:53:24] 自開彩開獎  {202001020774 5 38 true} 
ConfigData  map[ip:192.168.88.181 password:1qaz!QAZ redisIp:192.168.88.119 redisPort:6379 charset:utf8 redisPassword:"" redisDB:3 poolname:FA_MEM port:3306 user:fa_db database:FA_MEM]
SqlString  SELECT RTP,Amount,Bonus  FROM M_RtpSetting  WHERE Sid = 1   AND State = 1   AND LTG_Code = 5 AND Gid = 38
sqlResult   map[result: count:0 state:0]
[2020-01-02 12:53:24] rtpData ------->   map[result: count:0 state:0] 
[GIN] 2020/01/02 - 12:53:24 | 200 |    2.737324ms |  192.168.66.115 | POST     /getResult
[2020-01-02 12:53:25] 自開彩開獎  {202001020774 6 36 true} 
[2020-01-02 12:53:25] 自開彩開獎  {202001020258 1 35 true} 
ConfigData  map[redisPort:6379 redisPassword:"" poolname:FA_MEM redisIp:192.168.88.119 user:fa_db password:1qaz!QAZ database:FA_MEM charset:utf8 redisDB:3 ip:192.168.88.181 port:3306]
SqlString  SELECT RTP,Amount,Bonus  FROM M_RtpSetting  WHERE Sid = 1   AND State = 1   AND LTG_Code = 1 AND Gid = 35
ConfigData  map[poolname:FA_MEM database:FA_MEM redisPassword:"" redisDB:3 charset:utf8 redisIp:192.168.88.119 redisPort:6379 ip:192.168.88.181 port:3306 user:fa_db password:1qaz!QAZ]
SqlString  SELECT RTP,Amount,Bonus  FROM M_RtpSetting  WHERE Sid = 1   AND State = 1   AND LTG_Code = 6 AND Gid = 36
sqlResult   map[result: count:0 state:0]
[2020-01-02 12:53:25] rtpData ------->   map[result: count:0 state:0] 
sqlResult   map[result: count:0 state:0]
[2020-01-02 12:53:25] rtpData ------->   map[result: count:0 state:0] 
[GIN] 2020/01/02 - 12:53:25 | 200 |    2.853277ms |  192.168.66.115 | POST     /getResult
[GIN] 2020/01/02 - 12:53:25 | 200 |    2.782728ms |  192.168.66.115 | POST     /getResult
[2020-01-02 12:53:28] 自開彩開獎  {202001020774 1 34 true} 
ConfigData  map[redisIp:192.168.88.119 redisPassword:"" redisDB:3 ip:192.168.88.181 database:FA_MEM user:fa_db password:1qaz!QAZ charset:utf8 redisPort:6379 poolname:FA_MEM port:3306]
SqlString  SELECT RTP,Amount,Bonus  FROM M_RtpSetting  WHERE Sid = 1   AND State = 1   AND LTG_Code = 1 AND Gid = 34
sqlResult   map[result: count:0 state:0]
[2020-01-02 12:53:28] rtpData ------->   map[result: count:0 state:0] 
[GIN] 2020/01/02 - 12:53:28 | 200 |    2.414792ms |  192.168.66.115 | POST     /getResult
[2020-01-02 12:53:29] 自開彩開獎  {202001020774 4 40 true} 
ConfigData  map[port:3306 user:fa_db charset:utf8 redisIp:192.168.88.119 redisPort:6379 poolname:FA_MEM password:1qaz!QAZ database:FA_MEM redisPassword:"" redisDB:3 ip:192.168.88.181]
SqlString  SELECT RTP,Amount,Bonus  FROM M_RtpSetting  WHERE Sid = 1   AND State = 1   AND LTG_Code = 4 AND Gid = 40
sqlResult   map[result: count:0 state:0]
[2020-01-02 12:53:29] rtpData ------->   map[state:0 result: count:0] 
[GIN] 2020/01/02 - 12:53:29 | 200 |    2.771521ms |  192.168.66.115 | POST     /getResult
[2020-01-02 12:53:30] 自開彩開獎  {202001020258 4 41 true} 
ConfigData  map[redisDB:3 ip:192.168.88.181 user:fa_db password:1qaz!QAZ charset:utf8 redisPort:6379 poolname:FA_MEM port:3306 database:FA_MEM redisIp:192.168.88.119 redisPassword:""]
SqlString  SELECT RTP,Amount,Bonus  FROM M_RtpSetting  WHERE Sid = 1   AND State = 1   AND LTG_Code = 4 AND Gid = 41
sqlResult   map[result: count:0 state:0]
[2020-01-02 12:53:30] rtpData ------->   map[result: count:0 state:0] 
[GIN] 2020/01/02 - 12:53:30 | 200 |    2.463604ms |  192.168.66.115 | POST     /getResult
[2020-01-02 12:53:30] 自開彩開獎  {202001020774 5 38 true} 
ConfigData  map[port:3306 password:1qaz!QAZ database:FA_MEM charset:utf8 redisIp:192.168.88.119 redisPassword:"" ip:192.168.88.181 poolname:FA_MEM user:fa_db redisPort:6379 redisDB:3]
SqlString  SELECT RTP,Amount,Bonus  FROM M_RtpSetting  WHERE Sid = 1   AND State = 1   AND LTG_Code = 5 AND Gid = 38
sqlResult   map[result: count:0 state:0]
[2020-01-02 12:53:30] rtpData ------->   map[result: count:0 state:0] 
[GIN] 2020/01/02 - 12:53:30 | 200 |    2.426562ms |  192.168.66.115 | POST     /getResult
[2020-01-02 12:53:31] 自開彩開獎  {202001020258 1 35 true} 
ConfigData  map[database:FA_MEM poolname:FA_MEM port:3306 user:fa_db password:1qaz!QAZ redisPassword:"" redisDB:3 ip:192.168.88.181 charset:utf8 redisIp:192.168.88.119 redisPort:6379]
SqlString  SELECT RTP,Amount,Bonus  FROM M_RtpSetting  WHERE Sid = 1   AND State = 1   AND LTG_Code = 1 AND Gid = 35
[2020-01-02 12:53:31] 自開彩開獎  {202001020774 6 36 true} 
ConfigData  map[database:FA_MEM charset:utf8 redisIp:192.168.88.119 redisPassword:"" redisPort:6379 redisDB:3 ip:192.168.88.181 poolname:FA_MEM port:3306 user:fa_db password:1qaz!QAZ]
SqlString  SELECT RTP,Amount,Bonus  FROM M_RtpSetting  WHERE Sid = 1   AND State = 1   AND LTG_Code = 6 AND Gid = 36
sqlResult   map[result: count:0 state:0]
[2020-01-02 12:53:31] rtpData ------->   map[result: count:0 state:0] 
sqlResult   map[count:0 state:0 result:]
[2020-01-02 12:53:31] rtpData ------->   map[result: count:0 state:0] 
[GIN] 2020/01/02 - 12:53:31 | 200 |    2.426763ms |  192.168.66.115 | POST     /getResult
[GIN] 2020/01/02 - 12:53:31 | 200 |    2.620866ms |  192.168.66.115 | POST     /getResult
[2020-01-02 12:53:34] 自開彩開獎  {202001020774 1 34 true} 
ConfigData  map[ip:192.168.88.181 port:3306 password:1qaz!QAZ redisIp:192.168.88.119 redisPort:6379 redisDB:3 poolname:FA_MEM user:fa_db database:FA_MEM charset:utf8 redisPassword:""]
SqlString  SELECT RTP,Amount,Bonus  FROM M_RtpSetting  WHERE Sid = 1   AND State = 1   AND LTG_Code = 1 AND Gid = 34
sqlResult   map[result: count:0 state:0]
[2020-01-02 12:53:34] rtpData ------->   map[result: count:0 state:0] 
[GIN] 2020/01/02 - 12:53:34 | 200 |    2.536509ms |  192.168.66.115 | POST     /getResult
[2020-01-02 12:53:35] 自開彩開獎  {202001020774 4 40 true} 
ConfigData  map[port:3306 password:1qaz!QAZ database:FA_MEM redisPort:6379 redisDB:3 ip:192.168.88.181 poolname:FA_MEM user:fa_db charset:utf8 redisIp:192.168.88.119 redisPassword:""]
SqlString  SELECT RTP,Amount,Bonus  FROM M_RtpSetting  WHERE Sid = 1   AND State = 1   AND LTG_Code = 4 AND Gid = 40
sqlResult   map[result: count:0 state:0]
[2020-01-02 12:53:35] rtpData ------->   map[state:0 result: count:0] 
[GIN] 2020/01/02 - 12:53:35 | 200 |    3.493489ms |  192.168.66.115 | POST     /getResult
[2020-01-02 12:53:36] 自開彩開獎  {202001020258 4 41 true} 
ConfigData  map[ip:192.168.88.181 poolname:FA_MEM port:3306 password:1qaz!QAZ charset:utf8 redisPort:6379 user:fa_db database:FA_MEM redisIp:192.168.88.119 redisPassword:"" redisDB:3]
SqlString  SELECT RTP,Amount,Bonus  FROM M_RtpSetting  WHERE Sid = 1   AND State = 1   AND LTG_Code = 4 AND Gid = 41
sqlResult   map[result: count:0 state:0]
[2020-01-02 12:53:36] rtpData ------->   map[result: count:0 state:0] 
[GIN] 2020/01/02 - 12:53:36 | 200 |      2.3812ms |  192.168.66.115 | POST     /getResult
[2020-01-02 12:53:36] 自開彩開獎  {202001020774 5 38 true} 
ConfigData  map[poolname:FA_MEM database:FA_MEM charset:utf8 redisIp:192.168.88.119 redisPassword:"" ip:192.168.88.181 port:3306 user:fa_db password:1qaz!QAZ redisPort:6379 redisDB:3]
SqlString  SELECT RTP,Amount,Bonus  FROM M_RtpSetting  WHERE Sid = 1   AND State = 1   AND LTG_Code = 5 AND Gid = 38
sqlResult   map[result: count:0 state:0]
[2020-01-02 12:53:36] rtpData ------->   map[result: count:0 state:0] 
[GIN] 2020/01/02 - 12:53:36 | 200 |    2.016398ms |  192.168.66.115 | POST     /getResult
[2020-01-02 12:53:37] 自開彩開獎  {202001020258 1 35 true} 
ConfigData  map[password:1qaz!QAZ database:FA_MEM charset:utf8 redisPort:6379 redisPassword:"" redisDB:3 port:3306 user:fa_db redisIp:192.168.88.119 ip:192.168.88.181 poolname:FA_MEM]
SqlString  SELECT RTP,Amount,Bonus  FROM M_RtpSetting  WHERE Sid = 1   AND State = 1   AND LTG_Code = 1 AND Gid = 35
[2020-01-02 12:53:37] 自開彩開獎  {202001020774 6 36 true} 
ConfigData  map[ip:192.168.88.181 user:fa_db password:1qaz!QAZ redisIp:192.168.88.119 redisPort:6379 redisPassword:"" poolname:FA_MEM port:3306 database:FA_MEM charset:utf8 redisDB:3]
SqlString  SELECT RTP,Amount,Bonus  FROM M_RtpSetting  WHERE Sid = 1   AND State = 1   AND LTG_Code = 6 AND Gid = 36
sqlResult   map[result: count:0 state:0]
[2020-01-02 12:53:37] rtpData ------->   map[count:0 state:0 result:] 
[GIN] 2020/01/02 - 12:53:37 | 200 |    2.582834ms |  192.168.66.115 | POST     /getResult
sqlResult   map[result: count:0 state:0]
[2020-01-02 12:53:37] rtpData ------->   map[result: count:0 state:0] 
[GIN] 2020/01/02 - 12:53:37 | 200 |    2.825529ms |  192.168.66.115 | POST     /getResult
[2020-01-02 12:53:40] 自開彩開獎  {202001020774 1 34 true} 
ConfigData  map[user:fa_db charset:utf8 redisIp:192.168.88.119 redisPassword:"" redisDB:3 ip:192.168.88.181 poolname:FA_MEM port:3306 password:1qaz!QAZ database:FA_MEM redisPort:6379]
SqlString  SELECT RTP,Amount,Bonus  FROM M_RtpSetting  WHERE Sid = 1   AND State = 1   AND LTG_Code = 1 AND Gid = 34
sqlResult   map[result: count:0 state:0]
[2020-01-02 12:53:40] rtpData ------->   map[count:0 state:0 result:] 
[GIN] 2020/01/02 - 12:53:40 | 200 |    2.561139ms |  192.168.66.115 | POST     /getResult
[2020-01-02 12:53:41] 自開彩開獎  {202001020774 4 40 true} 
ConfigData  map[database:FA_MEM charset:utf8 redisIp:192.168.88.119 ip:192.168.88.181 poolname:FA_MEM port:3306 user:fa_db password:1qaz!QAZ redisPassword:"" redisPort:6379 redisDB:3]
SqlString  SELECT RTP,Amount,Bonus  FROM M_RtpSetting  WHERE Sid = 1   AND State = 1   AND LTG_Code = 4 AND Gid = 40
sqlResult   map[state:0 result: count:0]
[2020-01-02 12:53:41] rtpData ------->   map[result: count:0 state:0] 
[GIN] 2020/01/02 - 12:53:41 | 200 |     3.48583ms |  192.168.66.115 | POST     /getResult
[2020-01-02 12:53:42] 自開彩開獎  {202001020258 4 41 true} 
ConfigData  map[poolname:FA_MEM port:3306 user:fa_db password:1qaz!QAZ charset:utf8 redisPort:6379 redisPassword:"" ip:192.168.88.181 database:FA_MEM redisIp:192.168.88.119 redisDB:3]
SqlString  SELECT RTP,Amount,Bonus  FROM M_RtpSetting  WHERE Sid = 1   AND State = 1   AND LTG_Code = 4 AND Gid = 41
sqlResult   map[result: count:0 state:0]
[2020-01-02 12:53:42] rtpData ------->   map[result: count:0 state:0] 
[GIN] 2020/01/02 - 12:53:42 | 200 |    2.092176ms |  192.168.66.115 | POST     /getResult
[2020-01-02 12:53:42] 自開彩開獎  {202001020774 5 38 true} 
ConfigData  map[user:fa_db redisPort:6379 redisDB:3 ip:192.168.88.181 port:3306 database:FA_MEM charset:utf8 redisIp:192.168.88.119 redisPassword:"" poolname:FA_MEM password:1qaz!QAZ]
SqlString  SELECT RTP,Amount,Bonus  FROM M_RtpSetting  WHERE Sid = 1   AND State = 1   AND LTG_Code = 5 AND Gid = 38
sqlResult   map[state:0 result: count:0]
[2020-01-02 12:53:42] rtpData ------->   map[result: count:0 state:0] 
[GIN] 2020/01/02 - 12:53:42 | 200 |    2.946463ms |  192.168.66.115 | POST     /getResult
[2020-01-02 12:53:43] 自開彩開獎  {202001020258 1 35 true} 
ConfigData  map[redisIp:192.168.88.119 redisDB:3 ip:192.168.88.181 poolname:FA_MEM user:fa_db password:1qaz!QAZ database:FA_MEM charset:utf8 port:3306 redisPort:6379 redisPassword:""]
SqlString  SELECT RTP,Amount,Bonus  FROM M_RtpSetting  WHERE Sid = 1   AND State = 1   AND LTG_Code = 1 AND Gid = 35
[2020-01-02 12:53:43] 自開彩開獎  {202001020774 6 36 true} 
ConfigData  map[redisPassword:"" ip:192.168.88.181 port:3306 password:1qaz!QAZ database:FA_MEM charset:utf8 redisIp:192.168.88.119 redisPort:6379 redisDB:3 poolname:FA_MEM user:fa_db]
SqlString  SELECT RTP,Amount,Bonus  FROM M_RtpSetting  WHERE Sid = 1   AND State = 1   AND LTG_Code = 6 AND Gid = 36
sqlResult   map[count:0 state:0 result:]
[2020-01-02 12:53:43] rtpData ------->   map[count:0 state:0 result:] 
[GIN] 2020/01/02 - 12:53:43 | 200 |    2.427968ms |  192.168.66.115 | POST     /getResult
sqlResult   map[result: count:0 state:0]
[2020-01-02 12:53:43] rtpData ------->   map[state:0 result: count:0] 
[GIN] 2020/01/02 - 12:53:43 | 200 |    2.542258ms |  192.168.66.115 | POST     /getResult
[2020-01-02 12:53:46] 自開彩開獎  {202001020774 1 34 true} 
ConfigData  map[port:3306 user:fa_db redisIp:192.168.88.119 ip:192.168.88.181 password:1qaz!QAZ database:FA_MEM charset:utf8 redisPort:6379 redisPassword:"" redisDB:3 poolname:FA_MEM]
SqlString  SELECT RTP,Amount,Bonus  FROM M_RtpSetting  WHERE Sid = 1   AND State = 1   AND LTG_Code = 1 AND Gid = 34
sqlResult   map[result: count:0 state:0]
[2020-01-02 12:53:46] rtpData ------->   map[state:0 result: count:0] 
[GIN] 2020/01/02 - 12:53:46 | 200 |    2.768939ms |  192.168.66.115 | POST     /getResult
[2020-01-02 12:53:47] 自開彩開獎  {202001020774 4 40 true} 
ConfigData  map[redisDB:3 ip:192.168.88.181 port:3306 user:fa_db password:1qaz!QAZ redisIp:192.168.88.119 redisPassword:"" poolname:FA_MEM database:FA_MEM charset:utf8 redisPort:6379]
SqlString  SELECT RTP,Amount,Bonus  FROM M_RtpSetting  WHERE Sid = 1   AND State = 1   AND LTG_Code = 4 AND Gid = 40
sqlResult   map[result: count:0 state:0]
[2020-01-02 12:53:47] rtpData ------->   map[result: count:0 state:0] 
[GIN] 2020/01/02 - 12:53:47 | 200 |    2.642988ms |  192.168.66.115 | POST     /getResult
[2020-01-02 12:53:48] 自開彩開獎  {202001020258 4 41 true} 
ConfigData  map[charset:utf8 redisIp:192.168.88.119 redisPort:6379 redisPassword:"" ip:192.168.88.181 user:fa_db password:1qaz!QAZ database:FA_MEM poolname:FA_MEM port:3306 redisDB:3]
SqlString  SELECT RTP,Amount,Bonus  FROM M_RtpSetting  WHERE Sid = 1   AND State = 1   AND LTG_Code = 4 AND Gid = 41
sqlResult   map[result: count:0 state:0]
[2020-01-02 12:53:48] rtpData ------->   map[result: count:0 state:0] 
[GIN] 2020/01/02 - 12:53:48 | 200 |     1.98489ms |  192.168.66.115 | POST     /getResult
[2020-01-02 12:53:48] 自開彩開獎  {202001020774 5 38 true} 
ConfigData  map[user:fa_db password:1qaz!QAZ charset:utf8 redisPassword:"" redisIp:192.168.88.119 redisPort:6379 redisDB:3 ip:192.168.88.181 poolname:FA_MEM port:3306 database:FA_MEM]
SqlString  SELECT RTP,Amount,Bonus  FROM M_RtpSetting  WHERE Sid = 1   AND State = 1   AND LTG_Code = 5 AND Gid = 38
sqlResult   map[result: count:0 state:0]
[2020-01-02 12:53:48] rtpData ------->   map[state:0 result: count:0] 
[GIN] 2020/01/02 - 12:53:48 | 200 |    2.442387ms |  192.168.66.115 | POST     /getResult
[2020-01-02 12:53:49] 自開彩開獎  {202001020774 6 36 true} 
ConfigData  map[poolname:FA_MEM password:1qaz!QAZ charset:utf8 redisPort:6379 redisPassword:"" redisDB:3 ip:192.168.88.181 port:3306 user:fa_db database:FA_MEM redisIp:192.168.88.119]
SqlString  SELECT RTP,Amount,Bonus  FROM M_RtpSetting  WHERE Sid = 1   AND State = 1   AND LTG_Code = 6 AND Gid = 36
[2020-01-02 12:53:49] 自開彩開獎  {202001020258 1 35 true} 
ConfigData  map[poolname:FA_MEM database:FA_MEM redisIp:192.168.88.119 redisPort:6379 redisDB:3 ip:192.168.88.181 port:3306 user:fa_db password:1qaz!QAZ charset:utf8 redisPassword:""]
SqlString  SELECT RTP,Amount,Bonus  FROM M_RtpSetting  WHERE Sid = 1   AND State = 1   AND LTG_Code = 1 AND Gid = 35
sqlResult   map[result: count:0 state:0]
[2020-01-02 12:53:49] rtpData ------->   map[result: count:0 state:0] 
sqlResult   map[result: count:0 state:0]
[GIN] 2020/01/02 - 12:53:49 | 200 |    2.694832ms |  192.168.66.115 | POST     /getResult
[2020-01-02 12:53:49] rtpData ------->   map[result: count:0 state:0] 
[GIN] 2020/01/02 - 12:53:49 | 200 |    2.588144ms |  192.168.66.115 | POST     /getResult
[2020-01-02 12:53:52] 自開彩開獎  {202001020774 1 34 true} 
ConfigData  map[port:3306 redisIp:192.168.88.119 redisPassword:"" redisDB:3 ip:192.168.88.181 poolname:FA_MEM user:fa_db password:1qaz!QAZ database:FA_MEM charset:utf8 redisPort:6379]
SqlString  SELECT RTP,Amount,Bonus  FROM M_RtpSetting  WHERE Sid = 1   AND State = 1   AND LTG_Code = 1 AND Gid = 34
sqlResult   map[result: count:0 state:0]
[2020-01-02 12:53:52] rtpData ------->   map[count:0 state:0 result:] 
[GIN] 2020/01/02 - 12:53:52 | 200 |    2.311689ms |  192.168.66.115 | POST     /getResult
[2020-01-02 12:53:53] 自開彩開獎  {202001020774 4 40 true} 
ConfigData  map[redisDB:3 ip:192.168.88.181 poolname:FA_MEM user:fa_db password:1qaz!QAZ database:FA_MEM port:3306 charset:utf8 redisIp:192.168.88.119 redisPort:6379 redisPassword:""]
SqlString  SELECT RTP,Amount,Bonus  FROM M_RtpSetting  WHERE Sid = 1   AND State = 1   AND LTG_Code = 4 AND Gid = 40
sqlResult   map[count:0 state:0 result:]
[2020-01-02 12:53:53] rtpData ------->   map[count:0 state:0 result:] 
[GIN] 2020/01/02 - 12:53:53 | 200 |    2.758558ms |  192.168.66.115 | POST     /getResult
[2020-01-02 12:53:54] 自開彩開獎  {202001020258 4 41 true} 
ConfigData  map[database:FA_MEM charset:utf8 redisIp:192.168.88.119 redisPassword:"" redisDB:3 port:3306 password:1qaz!QAZ user:fa_db redisPort:6379 ip:192.168.88.181 poolname:FA_MEM]
SqlString  SELECT RTP,Amount,Bonus  FROM M_RtpSetting  WHERE Sid = 1   AND State = 1   AND LTG_Code = 4 AND Gid = 41
sqlResult   map[result: count:0 state:0]
[2020-01-02 12:53:54] rtpData ------->   map[result: count:0 state:0] 
[GIN] 2020/01/02 - 12:53:54 | 200 |    2.120623ms |  192.168.66.115 | POST     /getResult
[2020-01-02 12:53:54] 自開彩開獎  {202001020774 5 38 true} 
ConfigData  map[ip:192.168.88.181 poolname:FA_MEM port:3306 password:1qaz!QAZ database:FA_MEM redisPassword:"" user:fa_db charset:utf8 redisIp:192.168.88.119 redisPort:6379 redisDB:3]
SqlString  SELECT RTP,Amount,Bonus  FROM M_RtpSetting  WHERE Sid = 1   AND State = 1   AND LTG_Code = 5 AND Gid = 38
sqlResult   map[state:0 result: count:0]
[2020-01-02 12:53:54] rtpData ------->   map[result: count:0 state:0] 
[GIN] 2020/01/02 - 12:53:54 | 200 |    2.277815ms |  192.168.66.115 | POST     /getResult
[2020-01-02 12:53:55] 自開彩開獎  {202001020774 6 36 true} 
ConfigData  map[redisPort:6379 redisPassword:"" redisDB:3 poolname:FA_MEM port:3306 user:fa_db password:1qaz!QAZ database:FA_MEM charset:utf8 redisIp:192.168.88.119 ip:192.168.88.181]
SqlString  SELECT RTP,Amount,Bonus  FROM M_RtpSetting  WHERE Sid = 1   AND State = 1   AND LTG_Code = 6 AND Gid = 36
[2020-01-02 12:53:55] 自開彩開獎  {202001020258 1 35 true} 
ConfigData  map[redisPort:6379 redisPassword:"" ip:192.168.88.181 poolname:FA_MEM port:3306 user:fa_db database:FA_MEM charset:utf8 redisDB:3 password:1qaz!QAZ redisIp:192.168.88.119]
SqlString  SELECT RTP,Amount,Bonus  FROM M_RtpSetting  WHERE Sid = 1   AND State = 1   AND LTG_Code = 1 AND Gid = 35
sqlResult   map[result: count:0 state:0]
[2020-01-02 12:53:55] rtpData ------->   map[state:0 result: count:0] 
[GIN] 2020/01/02 - 12:53:55 | 200 |    2.500338ms |  192.168.66.115 | POST     /getResult
sqlResult   map[result: count:0 state:0]
[2020-01-02 12:53:55] rtpData ------->   map[state:0 result: count:0] 
[GIN] 2020/01/02 - 12:53:55 | 200 |    2.711655ms |  192.168.66.115 | POST     /getResult
[2020-01-02 12:53:58] 自開彩開獎  {202001020774 1 34 true} 
ConfigData  map[charset:utf8 redisDB:3 database:FA_MEM redisIp:192.168.88.119 redisPort:6379 ip:192.168.88.181 poolname:FA_MEM port:3306 user:fa_db password:1qaz!QAZ redisPassword:""]
SqlString  SELECT RTP,Amount,Bonus  FROM M_RtpSetting  WHERE Sid = 1   AND State = 1   AND LTG_Code = 1 AND Gid = 34
sqlResult   map[result: count:0 state:0]
[2020-01-02 12:53:58] rtpData ------->   map[result: count:0 state:0] 
[GIN] 2020/01/02 - 12:53:58 | 200 |    2.445064ms |  192.168.66.115 | POST     /getResult
[2020-01-02 12:53:59] 自開彩開獎  {202001020774 4 40 true} 
ConfigData  map[ip:192.168.88.181 port:3306 user:fa_db charset:utf8 redisIp:192.168.88.119 redisPassword:"" redisDB:3 poolname:FA_MEM password:1qaz!QAZ database:FA_MEM redisPort:6379]
SqlString  SELECT RTP,Amount,Bonus  FROM M_RtpSetting  WHERE Sid = 1   AND State = 1   AND LTG_Code = 4 AND Gid = 40
sqlResult   map[result: count:0 state:0]
[2020-01-02 12:53:59] rtpData ------->   map[result: count:0 state:0] 
[GIN] 2020/01/02 - 12:53:59 | 200 |    2.357681ms |  192.168.66.115 | POST     /getResult
[2020-01-02 12:54:00] 自開彩開獎  {202001020258 4 41 true} 
ConfigData  map[password:1qaz!QAZ database:FA_MEM charset:utf8 redisPort:6379 redisPassword:"" redisDB:3 user:fa_db poolname:FA_MEM port:3306 redisIp:192.168.88.119 ip:192.168.88.181]
SqlString  SELECT RTP,Amount,Bonus  FROM M_RtpSetting  WHERE Sid = 1   AND State = 1   AND LTG_Code = 4 AND Gid = 41
sqlResult   map[result: count:0 state:0]
[2020-01-02 12:54:00] rtpData ------->   map[result: count:0 state:0] 
[GIN] 2020/01/02 - 12:54:00 | 200 |    2.102655ms |  192.168.66.115 | POST     /getResult
[2020-01-02 12:54:00] 自開彩開獎  {202001020259 6 37 true} 
ConfigData  map[redisDB:3 ip:192.168.88.181 poolname:FA_MEM port:3306 redisPort:6379 redisPassword:"" user:fa_db password:1qaz!QAZ database:FA_MEM charset:utf8 redisIp:192.168.88.119]
SqlString  SELECT RTP,Amount,Bonus  FROM M_RtpSetting  WHERE Sid = 1   AND State = 1   AND LTG_Code = 6 AND Gid = 37
sqlResult   map[count:0 state:0 result:]
[2020-01-02 12:54:00] rtpData ------->   map[result: count:0 state:0] 
[GIN] 2020/01/02 - 12:54:00 | 200 |    3.541212ms |  192.168.66.115 | POST     /getResult
[2020-01-02 12:54:00] 自開彩開獎  {202001020774 5 38 true} 
ConfigData  map[port:3306 user:fa_db redisIp:192.168.88.119 redisPassword:"" redisDB:3 ip:192.168.88.181 poolname:FA_MEM password:1qaz!QAZ database:FA_MEM charset:utf8 redisPort:6379]
SqlString  SELECT RTP,Amount,Bonus  FROM M_RtpSetting  WHERE Sid = 1   AND State = 1   AND LTG_Code = 5 AND Gid = 38
sqlResult   map[state:0 result: count:0]
[2020-01-02 12:54:00] rtpData ------->   map[result: count:0 state:0] 
[GIN] 2020/01/02 - 12:54:00 | 200 |    2.820552ms |  192.168.66.115 | POST     /getResult
[2020-01-02 12:54:01] 自開彩開獎  {202001020775 2 26 true} 
[2020-01-02 12:54:01] 自開彩開獎  {20200102259 2 27 true} 
ConfigData  map[redisPort:6379 redisPassword:"" redisDB:3 poolname:FA_MEM user:fa_db password:1qaz!QAZ database:FA_MEM charset:utf8 redisIp:192.168.88.119 ip:192.168.88.181 port:3306]
SqlString  SELECT RTP,Amount,Bonus  FROM M_RtpSetting  WHERE Sid = 1   AND State = 1   AND LTG_Code = 2 AND Gid = 27
ConfigData  map[redisPort:6379 redisDB:3 poolname:FA_MEM port:3306 user:fa_db charset:utf8 redisIp:192.168.88.119 redisPassword:"" ip:192.168.88.181 password:1qaz!QAZ database:FA_MEM]
SqlString  SELECT RTP,Amount,Bonus  FROM M_RtpSetting  WHERE Sid = 1   AND State = 1   AND LTG_Code = 2 AND Gid = 26
sqlResult   map[result:0.9600 count:1 state:1 amount:1.0069588e+06 bonus:908100.71]
[2020-01-02 12:54:01] rtpData ------->   map[count:1 state:1 amount:1.0069588e+06 bonus:908100.71 result:0.9600] 
ConfigData  map[poolname:FA_MEM port:3306 password:1qaz!QAZ charset:utf8 redisIp:192.168.88.119 redisPassword:"" ip:192.168.88.181 user:fa_db database:FA_MEM redisPort:6379 redisDB:3]
SELECT BO_No, BO_OrderNo , BO_User , BO_Issue  , BO_LotteryTypeGroup, BO_LotteryType, BO_Mode, BO_LotteryPlayGroup, BO_LotteryPlay , BO_LotteryContent, BO_Price, BO_RealPrice, BO_Unit, BO_Multiple , BO_BetCount  , BO_Winnings, BO_Winnings2, BO_Winnings3, BO_WinningLimit  , BO_Water , BO_BW_SourceUserId, BO_BW_BackWater, BO_BW_LimitBetCount, BO_BW_MaxAmount, BO_BW_AuditMultiple  , BO_Odds, BO_Odds2, BO_Odds3 , BO_Type, BO_Chase , BO_OpenResult, BO_OpenResult2, BO_DateDraw, BO_DateDraw2, BO_DateUpdate  FROM TS_BetOrder  WHERE BO_Cancel = 0   AND BO_CancelBackend = 0   AND BO_LotteryTypeGroup = 2 AND BO_LotteryType = 26 AND BO_Issue = 202001020775 AND BO_Collect = 0 ORDER BY BO_DateDraw ASC, BO_DateCreate ASC, BO_DateUpdate ASC, BO_No ASC ;
sqlResult   map[result:0.9600 count:1 state:1 amount:105208 bonus:58491.69]
[2020-01-02 12:54:01] rtpData ------->   map[result:0.9600 count:1 state:1 amount:105208 bonus:58491.69] 
ConfigData  map[ip:192.168.88.181 poolname:FA_MEM user:fa_db password:1qaz!QAZ charset:utf8 redisPort:6379 redisDB:3 port:3306 database:FA_MEM redisIp:192.168.88.119 redisPassword:""]
SELECT BO_No, BO_OrderNo , BO_User , BO_Issue  , BO_LotteryTypeGroup, BO_LotteryType, BO_Mode, BO_LotteryPlayGroup, BO_LotteryPlay , BO_LotteryContent, BO_Price, BO_RealPrice, BO_Unit, BO_Multiple , BO_BetCount  , BO_Winnings, BO_Winnings2, BO_Winnings3, BO_WinningLimit  , BO_Water , BO_BW_SourceUserId, BO_BW_BackWater, BO_BW_LimitBetCount, BO_BW_MaxAmount, BO_BW_AuditMultiple  , BO_Odds, BO_Odds2, BO_Odds3 , BO_Type, BO_Chase , BO_OpenResult, BO_OpenResult2, BO_DateDraw, BO_DateDraw2, BO_DateUpdate  FROM TS_BetOrder  WHERE BO_Cancel = 0   AND BO_CancelBackend = 0   AND BO_LotteryTypeGroup = 2 AND BO_LotteryType = 27 AND BO_Issue = 20200102259 AND BO_Collect = 0 ORDER BY BO_DateDraw ASC, BO_DateCreate ASC, BO_DateUpdate ASC, BO_No ASC ;
[2020-01-02 12:54:01] LottteryTypeGroup 2 
[2020-01-02 12:54:01] 有期號 但無注單 -------> map[thisOpenResult:[5 0 9 1 2] amount:0 bonus:0] 
[GIN] 2020/01/02 - 12:54:01 | 200 |    4.553153ms |  192.168.66.115 | POST     /getResult
[2020-01-02 12:54:01] LottteryTypeGroup 2 
[2020-01-02 12:54:01] 有期號 但無注單 -------> map[thisOpenResult:[2 0 6 9 2] amount:0 bonus:0] 
[GIN] 2020/01/02 - 12:54:01 | 200 |    4.608854ms |  192.168.66.115 | POST     /getResult
[2020-01-02 12:54:01] 自開彩開獎  {202001020258 1 35 true} 
[2020-01-02 12:54:01] 自開彩開獎  {202001020774 6 36 true} 
ConfigData  map[port:3306 charset:utf8 redisIp:192.168.88.119 database:FA_MEM redisPort:6379 redisPassword:"" redisDB:3 ip:192.168.88.181 poolname:FA_MEM user:fa_db password:1qaz!QAZ]
SqlString  SELECT RTP,Amount,Bonus  FROM M_RtpSetting  WHERE Sid = 1   AND State = 1   AND LTG_Code = 1 AND Gid = 35
ConfigData  map[poolname:FA_MEM redisIp:192.168.88.119 charset:utf8 redisPort:6379 redisPassword:"" ip:192.168.88.181 port:3306 user:fa_db password:1qaz!QAZ database:FA_MEM redisDB:3]
SqlString  SELECT RTP,Amount,Bonus  FROM M_RtpSetting  WHERE Sid = 1   AND State = 1   AND LTG_Code = 6 AND Gid = 36
sqlResult   map[result: count:0 state:0]
[2020-01-02 12:54:01] rtpData ------->   map[result: count:0 state:0] 
[GIN] 2020/01/02 - 12:54:01 | 200 |    2.579373ms |  192.168.66.115 | POST     /getResult
sqlResult   map[state:0 result: count:0]
[2020-01-02 12:54:01] rtpData ------->   map[result: count:0 state:0] 
[GIN] 2020/01/02 - 12:54:01 | 200 |    3.283742ms |  192.168.66.115 | POST     /getResult
[2020-01-02 12:54:04] 自開彩開獎  {202001020774 1 34 true} 
ConfigData  map[ip:192.168.88.181 password:1qaz!QAZ redisPassword:"" poolname:FA_MEM port:3306 user:fa_db database:FA_MEM charset:utf8 redisIp:192.168.88.119 redisPort:6379 redisDB:3]
SqlString  SELECT RTP,Amount,Bonus  FROM M_RtpSetting  WHERE Sid = 1   AND State = 1   AND LTG_Code = 1 AND Gid = 34
sqlResult   map[result: count:0 state:0]
[2020-01-02 12:54:04] rtpData ------->   map[result: count:0 state:0] 
[GIN] 2020/01/02 - 12:54:04 | 200 |    2.489428ms |  192.168.66.115 | POST     /getResult
[2020-01-02 12:54:05] 自開彩開獎  {202001020774 4 40 true} 
ConfigData  map[poolname:FA_MEM user:fa_db password:1qaz!QAZ database:FA_MEM charset:utf8 redisPort:6379 redisPassword:"" ip:192.168.88.181 port:3306 redisIp:192.168.88.119 redisDB:3]
SqlString  SELECT RTP,Amount,Bonus  FROM M_RtpSetting  WHERE Sid = 1   AND State = 1   AND LTG_Code = 4 AND Gid = 40
sqlResult   map[count:0 state:0 result:]
[2020-01-02 12:54:05] rtpData ------->   map[result: count:0 state:0] 
[GIN] 2020/01/02 - 12:54:05 | 200 |     2.82868ms |  192.168.66.115 | POST     /getResult
[2020-01-02 12:54:06] 自開彩開獎  {202001020258 4 41 true} 
ConfigData  map[ip:192.168.88.181 port:3306 password:1qaz!QAZ database:FA_MEM charset:utf8 redisIp:192.168.88.119 redisPassword:"" redisDB:3 poolname:FA_MEM user:fa_db redisPort:6379]
SqlString  SELECT RTP,Amount,Bonus  FROM M_RtpSetting  WHERE Sid = 1   AND State = 1   AND LTG_Code = 4 AND Gid = 41
sqlResult   map[state:0 result: count:0]
[2020-01-02 12:54:06] rtpData ------->   map[result: count:0 state:0] 
[GIN] 2020/01/02 - 12:54:06 | 200 |    2.402936ms |  192.168.66.115 | POST     /getResult
[2020-01-02 12:54:06] 自開彩開獎  {202001020259 6 37 true} 
ConfigData  map[charset:utf8 redisPort:6379 redisPassword:"" ip:192.168.88.181 user:fa_db password:1qaz!QAZ redisIp:192.168.88.119 redisDB:3 poolname:FA_MEM port:3306 database:FA_MEM]
SqlString  SELECT RTP,Amount,Bonus  FROM M_RtpSetting  WHERE Sid = 1   AND State = 1   AND LTG_Code = 6 AND Gid = 37
sqlResult   map[result: count:0 state:0]
[2020-01-02 12:54:06] rtpData ------->   map[state:0 result: count:0] 
[GIN] 2020/01/02 - 12:54:06 | 200 |    2.772614ms |  192.168.66.115 | POST     /getResult
[2020-01-02 12:54:06] 自開彩開獎  {202001020775 5 38 true} 
ConfigData  map[poolname:FA_MEM user:fa_db password:1qaz!QAZ database:FA_MEM redisIp:192.168.88.119 redisPort:6379 redisPassword:"" ip:192.168.88.181 port:3306 charset:utf8 redisDB:3]
SqlString  SELECT RTP,Amount,Bonus  FROM M_RtpSetting  WHERE Sid = 1   AND State = 1   AND LTG_Code = 5 AND Gid = 38
sqlResult   map[result: count:0 state:0]
[2020-01-02 12:54:06] rtpData ------->   map[result: count:0 state:0] 
[GIN] 2020/01/02 - 12:54:06 | 200 |    2.396551ms |  192.168.66.115 | POST     /getResult
[2020-01-02 12:54:07] 自開彩開獎  {202001020259 1 35 true} 
ConfigData  map[database:FA_MEM charset:utf8 redisDB:3 ip:192.168.88.181 port:3306 user:fa_db password:1qaz!QAZ redisIp:192.168.88.119 redisPort:6379 redisPassword:"" poolname:FA_MEM]
SqlString  SELECT RTP,Amount,Bonus  FROM M_RtpSetting  WHERE Sid = 1   AND State = 1   AND LTG_Code = 1 AND Gid = 35
[2020-01-02 12:54:07] 自開彩開獎  {202001020775 6 36 true} 
ConfigData  map[ip:192.168.88.181 user:fa_db password:1qaz!QAZ database:FA_MEM redisIp:192.168.88.119 redisDB:3 poolname:FA_MEM port:3306 charset:utf8 redisPort:6379 redisPassword:""]
SqlString  SELECT RTP,Amount,Bonus  FROM M_RtpSetting  WHERE Sid = 1   AND State = 1   AND LTG_Code = 6 AND Gid = 36
sqlResult   map[result: count:0 state:0]
[2020-01-02 12:54:07] rtpData ------->   map[result: count:0 state:0] 
[GIN] 2020/01/02 - 12:54:07 | 200 |    3.041924ms |  192.168.66.115 | POST     /getResult
sqlResult   map[result: count:0 state:0]
[2020-01-02 12:54:07] rtpData ------->   map[result: count:0 state:0] 
[GIN] 2020/01/02 - 12:54:07 | 200 |    2.936349ms |  192.168.66.115 | POST     /getResult
[2020-01-02 12:54:10] 自開彩開獎  {202001020775 1 34 true} 
ConfigData  map[user:fa_db charset:utf8 redisIp:192.168.88.119 redisPort:6379 redisDB:3 ip:192.168.88.181 poolname:FA_MEM port:3306 password:1qaz!QAZ database:FA_MEM redisPassword:""]
SqlString  SELECT RTP,Amount,Bonus  FROM M_RtpSetting  WHERE Sid = 1   AND State = 1   AND LTG_Code = 1 AND Gid = 34
sqlResult   map[state:0 result: count:0]
[2020-01-02 12:54:10] rtpData ------->   map[result: count:0 state:0] 
[GIN] 2020/01/02 - 12:54:10 | 200 |    2.923923ms |  192.168.66.115 | POST     /getResult
[2020-01-02 12:54:11] 自開彩開獎  {202001020775 4 40 true} 
ConfigData  map[port:3306 charset:utf8 redisIp:192.168.88.119 redisPort:6379 redisPassword:"" redisDB:3 ip:192.168.88.181 poolname:FA_MEM user:fa_db password:1qaz!QAZ database:FA_MEM]
SqlString  SELECT RTP,Amount,Bonus  FROM M_RtpSetting  WHERE Sid = 1   AND State = 1   AND LTG_Code = 4 AND Gid = 40
sqlResult   map[result: count:0 state:0]
[2020-01-02 12:54:11] rtpData ------->   map[result: count:0 state:0] 
[GIN] 2020/01/02 - 12:54:11 | 200 |    2.994175ms |  192.168.66.115 | POST     /getResult
[2020-01-02 12:54:12] 自開彩開獎  {202001020259 4 41 true} 
ConfigData  map[port:3306 user:fa_db redisIp:192.168.88.119 redisPassword:"" ip:192.168.88.181 poolname:FA_MEM password:1qaz!QAZ database:FA_MEM charset:utf8 redisPort:6379 redisDB:3]
SqlString  SELECT RTP,Amount,Bonus  FROM M_RtpSetting  WHERE Sid = 1   AND State = 1   AND LTG_Code = 4 AND Gid = 41
sqlResult   map[result: count:0 state:0]
[2020-01-02 12:54:12] rtpData ------->   map[state:0 result: count:0] 
[GIN] 2020/01/02 - 12:54:12 | 200 |    2.468686ms |  192.168.66.115 | POST     /getResult
[2020-01-02 12:54:12] 自開彩開獎  {202001020259 6 37 true} 
ConfigData  map[user:fa_db password:1qaz!QAZ redisIp:192.168.88.119 redisPort:6379 redisPassword:"" ip:192.168.88.181 poolname:FA_MEM port:3306 database:FA_MEM charset:utf8 redisDB:3]
SqlString  SELECT RTP,Amount,Bonus  FROM M_RtpSetting  WHERE Sid = 1   AND State = 1   AND LTG_Code = 6 AND Gid = 37
sqlResult   map[result: count:0 state:0]
[2020-01-02 12:54:12] rtpData ------->   map[result: count:0 state:0] 
[GIN] 2020/01/02 - 12:54:12 | 200 |    2.897054ms |  192.168.66.115 | POST     /getResult
[2020-01-02 12:54:12] 自開彩開獎  {202001020775 5 38 true} 
ConfigData  map[redisPort:6379 ip:192.168.88.181 poolname:FA_MEM port:3306 user:fa_db database:FA_MEM charset:utf8 redisIp:192.168.88.119 password:1qaz!QAZ redisPassword:"" redisDB:3]
SqlString  SELECT RTP,Amount,Bonus  FROM M_RtpSetting  WHERE Sid = 1   AND State = 1   AND LTG_Code = 5 AND Gid = 38
sqlResult   map[result: count:0 state:0]
[2020-01-02 12:54:12] rtpData ------->   map[result: count:0 state:0] 
[GIN] 2020/01/02 - 12:54:12 | 200 |    2.290469ms |  192.168.66.115 | POST     /getResult
[2020-01-02 12:54:13] 自開彩開獎  {202001020775 6 36 true} 
ConfigData  map[ip:192.168.88.181 port:3306 password:1qaz!QAZ database:FA_MEM redisIp:192.168.88.119 poolname:FA_MEM user:fa_db charset:utf8 redisPort:6379 redisPassword:"" redisDB:3]
SqlString  SELECT RTP,Amount,Bonus  FROM M_RtpSetting  WHERE Sid = 1   AND State = 1   AND LTG_Code = 6 AND Gid = 36
[2020-01-02 12:54:13] 自開彩開獎  {202001020259 1 35 true} 
ConfigData  map[ip:192.168.88.181 poolname:FA_MEM port:3306 user:fa_db charset:utf8 redisPassword:"" password:1qaz!QAZ database:FA_MEM redisIp:192.168.88.119 redisPort:6379 redisDB:3]
SqlString  SELECT RTP,Amount,Bonus  FROM M_RtpSetting  WHERE Sid = 1   AND State = 1   AND LTG_Code = 1 AND Gid = 35
sqlResult   map[result: count:0 state:0]
[2020-01-02 12:54:13] rtpData ------->   map[result: count:0 state:0] 
[GIN] 2020/01/02 - 12:54:13 | 200 |    2.231388ms |  192.168.66.115 | POST     /getResult
sqlResult   map[count:0 state:0 result:]
[2020-01-02 12:54:13] rtpData ------->   map[result: count:0 state:0] 
[GIN] 2020/01/02 - 12:54:13 | 200 |    2.475697ms |  192.168.66.115 | POST     /getResult
[2020-01-02 12:54:16] 自開彩開獎  {202001020775 1 34 true} 
ConfigData  map[redisIp:192.168.88.119 redisPort:6379 redisPassword:"" port:3306 user:fa_db password:1qaz!QAZ database:FA_MEM charset:utf8 redisDB:3 ip:192.168.88.181 poolname:FA_MEM]
SqlString  SELECT RTP,Amount,Bonus  FROM M_RtpSetting  WHERE Sid = 1   AND State = 1   AND LTG_Code = 1 AND Gid = 34
sqlResult   map[result: count:0 state:0]
[2020-01-02 12:54:16] rtpData ------->   map[result: count:0 state:0] 
[GIN] 2020/01/02 - 12:54:16 | 200 |    2.573465ms |  192.168.66.115 | POST     /getResult
[2020-01-02 12:54:17] 自開彩開獎  {202001020775 4 40 true} 
ConfigData  map[redisDB:3 poolname:FA_MEM user:fa_db password:1qaz!QAZ database:FA_MEM redisPort:6379 ip:192.168.88.181 port:3306 charset:utf8 redisIp:192.168.88.119 redisPassword:""]
SqlString  SELECT RTP,Amount,Bonus  FROM M_RtpSetting  WHERE Sid = 1   AND State = 1   AND LTG_Code = 4 AND Gid = 40
sqlResult   map[result: count:0 state:0]
[2020-01-02 12:54:17] rtpData ------->   map[result: count:0 state:0] 
[GIN] 2020/01/02 - 12:54:17 | 200 |     2.69167ms |  192.168.66.115 | POST     /getResult
[2020-01-02 12:54:18] 自開彩開獎  {202001020259 4 41 true} 
ConfigData  map[charset:utf8 redisPort:6379 redisPassword:"" redisDB:3 ip:192.168.88.181 user:fa_db password:1qaz!QAZ database:FA_MEM poolname:FA_MEM port:3306 redisIp:192.168.88.119]
SqlString  SELECT RTP,Amount,Bonus  FROM M_RtpSetting  WHERE Sid = 1   AND State = 1   AND LTG_Code = 4 AND Gid = 41
sqlResult   map[result: count:0 state:0]
[2020-01-02 12:54:18] rtpData ------->   map[result: count:0 state:0] 
[GIN] 2020/01/02 - 12:54:18 | 200 |    2.346483ms |  192.168.66.115 | POST     /getResult
[2020-01-02 12:54:18] 自開彩開獎  {202001020259 6 37 true} 
ConfigData  map[redisIp:192.168.88.119 redisDB:3 ip:192.168.88.181 poolname:FA_MEM user:fa_db password:1qaz!QAZ redisPassword:"" port:3306 database:FA_MEM charset:utf8 redisPort:6379]
SqlString  SELECT RTP,Amount,Bonus  FROM M_RtpSetting  WHERE Sid = 1   AND State = 1   AND LTG_Code = 6 AND Gid = 37
sqlResult   map[result: count:0 state:0]
[2020-01-02 12:54:18] rtpData ------->   map[count:0 state:0 result:] 
[GIN] 2020/01/02 - 12:54:18 | 200 |    2.753076ms |  192.168.66.115 | POST     /getResult
[2020-01-02 12:54:18] 自開彩開獎  {202001020775 5 38 true} 
ConfigData  map[password:1qaz!QAZ database:FA_MEM charset:utf8 redisIp:192.168.88.119 redisPort:6379 ip:192.168.88.181 poolname:FA_MEM user:fa_db redisPassword:"" redisDB:3 port:3306]
SqlString  SELECT RTP,Amount,Bonus  FROM M_RtpSetting  WHERE Sid = 1   AND State = 1   AND LTG_Code = 5 AND Gid = 38
sqlResult   map[count:0 state:0 result:]
[2020-01-02 12:54:18] rtpData ------->   map[result: count:0 state:0] 
[GIN] 2020/01/02 - 12:54:18 | 200 |     2.50152ms |  192.168.66.115 | POST     /getResult
[2020-01-02 12:54:19] 自開彩開獎  {202001020775 6 36 true} 
ConfigData  map[poolname:FA_MEM port:3306 password:1qaz!QAZ database:FA_MEM charset:utf8 ip:192.168.88.181 user:fa_db redisIp:192.168.88.119 redisPort:6379 redisPassword:"" redisDB:3]
SqlString  SELECT RTP,Amount,Bonus  FROM M_RtpSetting  WHERE Sid = 1   AND State = 1   AND LTG_Code = 6 AND Gid = 36
[2020-01-02 12:54:19] 自開彩開獎  {202001020259 1 35 true} 
ConfigData  map[user:fa_db redisIp:192.168.88.119 redisPort:6379 redisPassword:"" redisDB:3 ip:192.168.88.181 poolname:FA_MEM port:3306 password:1qaz!QAZ database:FA_MEM charset:utf8]
SqlString  SELECT RTP,Amount,Bonus  FROM M_RtpSetting  WHERE Sid = 1   AND State = 1   AND LTG_Code = 1 AND Gid = 35
sqlResult   map[result: count:0 state:0]
[2020-01-02 12:54:19] rtpData ------->   map[result: count:0 state:0] 
[GIN] 2020/01/02 - 12:54:19 | 200 |    2.533605ms |  192.168.66.115 | POST     /getResult
sqlResult   map[result: count:0 state:0]
[2020-01-02 12:54:19] rtpData ------->   map[result: count:0 state:0] 
[GIN] 2020/01/02 - 12:54:19 | 200 |    2.996018ms |  192.168.66.115 | POST     /getResult
[2020-01-02 12:54:22] 自開彩開獎  {202001020775 1 34 true} 
ConfigData  map[redisPort:6379 redisPassword:"" ip:192.168.88.181 poolname:FA_MEM user:fa_db redisIp:192.168.88.119 redisDB:3 port:3306 password:1qaz!QAZ database:FA_MEM charset:utf8]
SqlString  SELECT RTP,Amount,Bonus  FROM M_RtpSetting  WHERE Sid = 1   AND State = 1   AND LTG_Code = 1 AND Gid = 34
sqlResult   map[result: count:0 state:0]
[2020-01-02 12:54:22] rtpData ------->   map[result: count:0 state:0] 
[GIN] 2020/01/02 - 12:54:22 | 200 |     2.73186ms |  192.168.66.115 | POST     /getResult
[2020-01-02 12:54:23] 自開彩開獎  {202001020775 4 40 true} 
ConfigData  map[ip:192.168.88.181 poolname:FA_MEM port:3306 charset:utf8 redisDB:3 user:fa_db password:1qaz!QAZ database:FA_MEM redisIp:192.168.88.119 redisPort:6379 redisPassword:""]
SqlString  SELECT RTP,Amount,Bonus  FROM M_RtpSetting  WHERE Sid = 1   AND State = 1   AND LTG_Code = 4 AND Gid = 40
sqlResult   map[result: count:0 state:0]
[2020-01-02 12:54:23] rtpData ------->   map[result: count:0 state:0] 
[GIN] 2020/01/02 - 12:54:23 | 200 |    2.723134ms |  192.168.66.115 | POST     /getResult
[2020-01-02 12:54:24] 自開彩開獎  {202001020259 4 41 true} 
ConfigData  map[ip:192.168.88.181 user:fa_db database:FA_MEM charset:utf8 redisIp:192.168.88.119 poolname:FA_MEM port:3306 password:1qaz!QAZ redisPort:6379 redisPassword:"" redisDB:3]
SqlString  SELECT RTP,Amount,Bonus  FROM M_RtpSetting  WHERE Sid = 1   AND State = 1   AND LTG_Code = 4 AND Gid = 41
sqlResult   map[result: count:0 state:0]
[2020-01-02 12:54:24] rtpData ------->   map[count:0 state:0 result:] 
[GIN] 2020/01/02 - 12:54:24 | 200 |    2.098554ms |  192.168.66.115 | POST     /getResult
[2020-01-02 12:54:24] 自開彩開獎  {202001020259 6 37 true} 
ConfigData  map[ip:192.168.88.181 poolname:FA_MEM port:3306 redisIp:192.168.88.119 redisPort:6379 user:fa_db password:1qaz!QAZ database:FA_MEM charset:utf8 redisPassword:"" redisDB:3]
SqlString  SELECT RTP,Amount,Bonus  FROM M_RtpSetting  WHERE Sid = 1   AND State = 1   AND LTG_Code = 6 AND Gid = 37
sqlResult   map[result: count:0 state:0]
[2020-01-02 12:54:24] rtpData ------->   map[result: count:0 state:0] 
[GIN] 2020/01/02 - 12:54:24 | 200 |    2.546424ms |  192.168.66.115 | POST     /getResult
[2020-01-02 12:54:24] 自開彩開獎  {202001020775 5 38 true} 
ConfigData  map[user:fa_db database:FA_MEM charset:utf8 redisPassword:"" redisDB:3 ip:192.168.88.181 port:3306 password:1qaz!QAZ redisIp:192.168.88.119 redisPort:6379 poolname:FA_MEM]
SqlString  SELECT RTP,Amount,Bonus  FROM M_RtpSetting  WHERE Sid = 1   AND State = 1   AND LTG_Code = 5 AND Gid = 38
sqlResult   map[result: count:0 state:0]
[2020-01-02 12:54:24] rtpData ------->   map[result: count:0 state:0] 
[GIN] 2020/01/02 - 12:54:24 | 200 |     2.91958ms |  192.168.66.115 | POST     /getResult
[2020-01-02 12:54:25] 自開彩開獎  {202001020259 1 35 true} 
[2020-01-02 12:54:25] 自開彩開獎  {202001020775 6 36 true} 
ConfigData  map[database:FA_MEM redisIp:192.168.88.119 redisPort:6379 redisPassword:"" poolname:FA_MEM user:fa_db password:1qaz!QAZ charset:utf8 redisDB:3 ip:192.168.88.181 port:3306]
SqlString  SELECT RTP,Amount,Bonus  FROM M_RtpSetting  WHERE Sid = 1   AND State = 1   AND LTG_Code = 6 AND Gid = 36
ConfigData  map[user:fa_db password:1qaz!QAZ charset:utf8 redisIp:192.168.88.119 redisPort:6379 redisPassword:"" ip:192.168.88.181 poolname:FA_MEM redisDB:3 port:3306 database:FA_MEM]
SqlString  SELECT RTP,Amount,Bonus  FROM M_RtpSetting  WHERE Sid = 1   AND State = 1   AND LTG_Code = 1 AND Gid = 35
sqlResult   map[result: count:0 state:0]
[2020-01-02 12:54:25] rtpData ------->   map[count:0 state:0 result:] 
[GIN] 2020/01/02 - 12:54:25 | 200 |    2.868375ms |  192.168.66.115 | POST     /getResult
sqlResult   map[result: count:0 state:0]
[2020-01-02 12:54:25] rtpData ------->   map[result: count:0 state:0] 
[GIN] 2020/01/02 - 12:54:25 | 200 |      2.8667ms |  192.168.66.115 | POST     /getResult
[2020-01-02 12:54:28] 自開彩開獎  {202001020775 1 34 true} 
ConfigData  map[poolname:FA_MEM port:3306 redisPort:6379 redisPassword:"" ip:192.168.88.181 user:fa_db password:1qaz!QAZ database:FA_MEM charset:utf8 redisIp:192.168.88.119 redisDB:3]
SqlString  SELECT RTP,Amount,Bonus  FROM M_RtpSetting  WHERE Sid = 1   AND State = 1   AND LTG_Code = 1 AND Gid = 34
sqlResult   map[count:0 state:0 result:]
[2020-01-02 12:54:28] rtpData ------->   map[result: count:0 state:0] 
[GIN] 2020/01/02 - 12:54:28 | 200 |    2.794026ms |  192.168.66.115 | POST     /getResult
[2020-01-02 12:54:29] 自開彩開獎  {202001020775 4 40 true} 
ConfigData  map[redisDB:3 ip:192.168.88.181 password:1qaz!QAZ charset:utf8 redisPort:6379 redisPassword:"" poolname:FA_MEM port:3306 user:fa_db database:FA_MEM redisIp:192.168.88.119]
SqlString  SELECT RTP,Amount,Bonus  FROM M_RtpSetting  WHERE Sid = 1   AND State = 1   AND LTG_Code = 4 AND Gid = 40
sqlResult   map[count:0 state:0 result:]
[2020-01-02 12:54:29] rtpData ------->   map[result: count:0 state:0] 
[GIN] 2020/01/02 - 12:54:29 | 200 |    2.641865ms |  192.168.66.115 | POST     /getResult
[2020-01-02 12:54:30] 自開彩開獎  {202001020259 4 41 true} 
ConfigData  map[redisIp:192.168.88.119 redisDB:3 user:fa_db poolname:FA_MEM port:3306 password:1qaz!QAZ database:FA_MEM charset:utf8 redisPort:6379 redisPassword:"" ip:192.168.88.181]
SqlString  SELECT RTP,Amount,Bonus  FROM M_RtpSetting  WHERE Sid = 1   AND State = 1   AND LTG_Code = 4 AND Gid = 41
sqlResult   map[result: count:0 state:0]
[2020-01-02 12:54:30] rtpData ------->   map[result: count:0 state:0] 
[GIN] 2020/01/02 - 12:54:30 | 200 |    1.953156ms |  192.168.66.115 | POST     /getResult
[2020-01-02 12:54:30] 自開彩開獎  {202001020259 6 37 true} 
ConfigData  map[poolname:FA_MEM port:3306 database:FA_MEM redisPassword:"" redisDB:3 ip:192.168.88.181 user:fa_db password:1qaz!QAZ charset:utf8 redisIp:192.168.88.119 redisPort:6379]
SqlString  SELECT RTP,Amount,Bonus  FROM M_RtpSetting  WHERE Sid = 1   AND State = 1   AND LTG_Code = 6 AND Gid = 37
sqlResult   map[result: count:0 state:0]
[2020-01-02 12:54:30] rtpData ------->   map[result: count:0 state:0] 
[GIN] 2020/01/02 - 12:54:30 | 200 |    2.811176ms |  192.168.66.115 | POST     /getResult
[2020-01-02 12:54:30] 自開彩開獎  {202001020775 5 38 true} 
ConfigData  map[port:3306 user:fa_db password:1qaz!QAZ redisPort:6379 redisPassword:"" ip:192.168.88.181 poolname:FA_MEM redisIp:192.168.88.119 redisDB:3 database:FA_MEM charset:utf8]
SqlString  SELECT RTP,Amount,Bonus  FROM M_RtpSetting  WHERE Sid = 1   AND State = 1   AND LTG_Code = 5 AND Gid = 38
sqlResult   map[result: count:0 state:0]
[2020-01-02 12:54:30] rtpData ------->   map[count:0 state:0 result:] 
[GIN] 2020/01/02 - 12:54:30 | 200 |       2.459ms |  192.168.66.115 | POST     /getResult
[2020-01-02 12:54:31] 自開彩開獎  {202001020775 6 36 true} 
ConfigData  map[redisPort:6379 port:3306 database:FA_MEM charset:utf8 password:1qaz!QAZ redisIp:192.168.88.119 redisPassword:"" redisDB:3 ip:192.168.88.181 poolname:FA_MEM user:fa_db]
SqlString  SELECT RTP,Amount,Bonus  FROM M_RtpSetting  WHERE Sid = 1   AND State = 1   AND LTG_Code = 6 AND Gid = 36
[2020-01-02 12:54:31] 自開彩開獎  {202001020259 1 35 true} 
ConfigData  map[port:3306 charset:utf8 redisIp:192.168.88.119 redisPassword:"" redisDB:3 redisPort:6379 ip:192.168.88.181 poolname:FA_MEM user:fa_db password:1qaz!QAZ database:FA_MEM]
SqlString  SELECT RTP,Amount,Bonus  FROM M_RtpSetting  WHERE Sid = 1   AND State = 1   AND LTG_Code = 1 AND Gid = 35
sqlResult   map[state:0 result: count:0]
[2020-01-02 12:54:31] rtpData ------->   map[result: count:0 state:0] 
[GIN] 2020/01/02 - 12:54:31 | 200 |    2.473095ms |  192.168.66.115 | POST     /getResult
sqlResult   map[state:0 result: count:0]
[2020-01-02 12:54:31] rtpData ------->   map[result: count:0 state:0] 
[GIN] 2020/01/02 - 12:54:31 | 200 |    2.477411ms |  192.168.66.115 | POST     /getResult
[2020-01-02 12:54:34] 自開彩開獎  {202001020775 1 34 true} 
ConfigData  map[poolname:FA_MEM port:3306 user:fa_db password:1qaz!QAZ redisPort:6379 redisDB:3 ip:192.168.88.181 charset:utf8 redisIp:192.168.88.119 redisPassword:"" database:FA_MEM]
SqlString  SELECT RTP,Amount,Bonus  FROM M_RtpSetting  WHERE Sid = 1   AND State = 1   AND LTG_Code = 1 AND Gid = 34
sqlResult   map[result: count:0 state:0]
[2020-01-02 12:54:34] rtpData ------->   map[result: count:0 state:0] 
[GIN] 2020/01/02 - 12:54:34 | 200 |    2.514406ms |  192.168.66.115 | POST     /getResult
[2020-01-02 12:54:35] 自開彩開獎  {202001020775 4 40 true} 
ConfigData  map[ip:192.168.88.181 user:fa_db password:1qaz!QAZ database:FA_MEM charset:utf8 poolname:FA_MEM port:3306 redisIp:192.168.88.119 redisPort:6379 redisPassword:"" redisDB:3]
SqlString  SELECT RTP,Amount,Bonus  FROM M_RtpSetting  WHERE Sid = 1   AND State = 1   AND LTG_Code = 4 AND Gid = 40
sqlResult   map[result: count:0 state:0]
[2020-01-02 12:54:35] rtpData ------->   map[result: count:0 state:0] 
[GIN] 2020/01/02 - 12:54:35 | 200 |    2.752507ms |  192.168.66.115 | POST     /getResult
[2020-01-02 12:54:36] 自開彩開獎  {202001020259 4 41 true} 
ConfigData  map[ip:192.168.88.181 poolname:FA_MEM user:fa_db password:1qaz!QAZ charset:utf8 redisPort:6379 port:3306 database:FA_MEM redisIp:192.168.88.119 redisPassword:"" redisDB:3]
SqlString  SELECT RTP,Amount,Bonus  FROM M_RtpSetting  WHERE Sid = 1   AND State = 1   AND LTG_Code = 4 AND Gid = 41
sqlResult   map[result: count:0 state:0]
[2020-01-02 12:54:36] rtpData ------->   map[result: count:0 state:0] 
[GIN] 2020/01/02 - 12:54:36 | 200 |    2.718325ms |  192.168.66.115 | POST     /getResult
[2020-01-02 12:54:36] 自開彩開獎  {202001020259 6 37 true} 
ConfigData  map[ip:192.168.88.181 poolname:FA_MEM password:1qaz!QAZ redisPort:6379 port:3306 user:fa_db database:FA_MEM charset:utf8 redisIp:192.168.88.119 redisPassword:"" redisDB:3]
SqlString  SELECT RTP,Amount,Bonus  FROM M_RtpSetting  WHERE Sid = 1   AND State = 1   AND LTG_Code = 6 AND Gid = 37
sqlResult   map[result: count:0 state:0]
[2020-01-02 12:54:36] rtpData ------->   map[result: count:0 state:0] 
[GIN] 2020/01/02 - 12:54:36 | 200 |    2.408549ms |  192.168.66.115 | POST     /getResult
[2020-01-02 12:54:36] 自開彩開獎  {202001020775 5 38 true} 
ConfigData  map[redisPassword:"" redisDB:3 ip:192.168.88.181 user:fa_db database:FA_MEM charset:utf8 redisIp:192.168.88.119 redisPort:6379 poolname:FA_MEM port:3306 password:1qaz!QAZ]
SqlString  SELECT RTP,Amount,Bonus  FROM M_RtpSetting  WHERE Sid = 1   AND State = 1   AND LTG_Code = 5 AND Gid = 38
sqlResult   map[result: count:0 state:0]
[2020-01-02 12:54:36] rtpData ------->   map[result: count:0 state:0] 
[GIN] 2020/01/02 - 12:54:36 | 200 |     2.96508ms |  192.168.66.115 | POST     /getResult
[2020-01-02 12:54:37] 自開彩開獎  {202001020259 1 35 true} 
ConfigData  map[poolname:FA_MEM user:fa_db password:1qaz!QAZ charset:utf8 ip:192.168.88.181 port:3306 database:FA_MEM redisIp:192.168.88.119 redisPort:6379 redisPassword:"" redisDB:3]
SqlString  SELECT RTP,Amount,Bonus  FROM M_RtpSetting  WHERE Sid = 1   AND State = 1   AND LTG_Code = 1 AND Gid = 35
[2020-01-02 12:54:37] 自開彩開獎  {202001020775 6 36 true} 
ConfigData  map[password:1qaz!QAZ redisPassword:"" redisDB:3 redisIp:192.168.88.119 redisPort:6379 ip:192.168.88.181 poolname:FA_MEM port:3306 user:fa_db database:FA_MEM charset:utf8]
SqlString  SELECT RTP,Amount,Bonus  FROM M_RtpSetting  WHERE Sid = 1   AND State = 1   AND LTG_Code = 6 AND Gid = 36
sqlResult   map[result: count:0 state:0]
[2020-01-02 12:54:37] rtpData ------->   map[result: count:0 state:0] 
sqlResult   map[count:0 state:0 result:]
[2020-01-02 12:54:37] rtpData ------->   map[result: count:0 state:0] 
[GIN] 2020/01/02 - 12:54:37 | 200 |    2.542726ms |  192.168.66.115 | POST     /getResult
[GIN] 2020/01/02 - 12:54:37 | 200 |    2.297834ms |  192.168.66.115 | POST     /getResult
[2020-01-02 12:54:40] 自開彩開獎  {202001020775 1 34 true} 
ConfigData  map[user:fa_db password:1qaz!QAZ charset:utf8 redisIp:192.168.88.119 redisPort:6379 poolname:FA_MEM port:3306 database:FA_MEM redisPassword:"" redisDB:3 ip:192.168.88.181]
SqlString  SELECT RTP,Amount,Bonus  FROM M_RtpSetting  WHERE Sid = 1   AND State = 1   AND LTG_Code = 1 AND Gid = 34
sqlResult   map[result: count:0 state:0]
[2020-01-02 12:54:40] rtpData ------->   map[state:0 result: count:0] 
[GIN] 2020/01/02 - 12:54:40 | 200 |    2.528867ms |  192.168.66.115 | POST     /getResult
[2020-01-02 12:54:41] 自開彩開獎  {202001020775 4 40 true} 
ConfigData  map[user:fa_db database:FA_MEM redisIp:192.168.88.119 redisPort:6379 redisDB:3 ip:192.168.88.181 poolname:FA_MEM port:3306 password:1qaz!QAZ charset:utf8 redisPassword:""]
SqlString  SELECT RTP,Amount,Bonus  FROM M_RtpSetting  WHERE Sid = 1   AND State = 1   AND LTG_Code = 4 AND Gid = 40
sqlResult   map[state:0 result: count:0]
[2020-01-02 12:54:41] rtpData ------->   map[count:0 state:0 result:] 
[GIN] 2020/01/02 - 12:54:41 | 200 |    2.926707ms |  192.168.66.115 | POST     /getResult
[2020-01-02 12:54:42] 自開彩開獎  {202001020259 4 41 true} 
ConfigData  map[user:fa_db database:FA_MEM redisIp:192.168.88.119 ip:192.168.88.181 poolname:FA_MEM charset:utf8 redisPort:6379 redisPassword:"" redisDB:3 port:3306 password:1qaz!QAZ]
SqlString  SELECT RTP,Amount,Bonus  FROM M_RtpSetting  WHERE Sid = 1   AND State = 1   AND LTG_Code = 4 AND Gid = 41
sqlResult   map[state:0 result: count:0]
[2020-01-02 12:54:42] rtpData ------->   map[result: count:0 state:0] 
[GIN] 2020/01/02 - 12:54:42 | 200 |    2.334463ms |  192.168.66.115 | POST     /getResult
[2020-01-02 12:54:42] 自開彩開獎  {202001020259 6 37 true} 
ConfigData  map[ip:192.168.88.181 poolname:FA_MEM user:fa_db password:1qaz!QAZ charset:utf8 redisDB:3 port:3306 database:FA_MEM redisIp:192.168.88.119 redisPort:6379 redisPassword:""]
SqlString  SELECT RTP,Amount,Bonus  FROM M_RtpSetting  WHERE Sid = 1   AND State = 1   AND LTG_Code = 6 AND Gid = 37
sqlResult   map[state:0 result: count:0]
[2020-01-02 12:54:42] rtpData ------->   map[result: count:0 state:0] 
[GIN] 2020/01/02 - 12:54:42 | 200 |    3.016015ms |  192.168.66.115 | POST     /getResult
[2020-01-02 12:54:42] 自開彩開獎  {202001020775 5 38 true} 
ConfigData  map[port:3306 user:fa_db password:1qaz!QAZ redisPassword:"" redisDB:3 ip:192.168.88.181 poolname:FA_MEM database:FA_MEM charset:utf8 redisIp:192.168.88.119 redisPort:6379]
SqlString  SELECT RTP,Amount,Bonus  FROM M_RtpSetting  WHERE Sid = 1   AND State = 1   AND LTG_Code = 5 AND Gid = 38
sqlResult   map[result: count:0 state:0]
[2020-01-02 12:54:42] rtpData ------->   map[result: count:0 state:0] 
[GIN] 2020/01/02 - 12:54:42 | 200 |    2.453793ms |  192.168.66.115 | POST     /getResult
[2020-01-02 12:54:43] 自開彩開獎  {202001020259 1 35 true} 
[2020-01-02 12:54:43] 自開彩開獎  {202001020775 6 36 true} 
ConfigData  map[redisDB:3 ip:192.168.88.181 port:3306 password:1qaz!QAZ charset:utf8 redisIp:192.168.88.119 redisPort:6379 redisPassword:"" poolname:FA_MEM user:fa_db database:FA_MEM]
SqlString  SELECT RTP,Amount,Bonus  FROM M_RtpSetting  WHERE Sid = 1   AND State = 1   AND LTG_Code = 1 AND Gid = 35
ConfigData  map[database:FA_MEM charset:utf8 redisIp:192.168.88.119 redisPassword:"" ip:192.168.88.181 poolname:FA_MEM port:3306 user:fa_db redisDB:3 password:1qaz!QAZ redisPort:6379]
SqlString  SELECT RTP,Amount,Bonus  FROM M_RtpSetting  WHERE Sid = 1   AND State = 1   AND LTG_Code = 6 AND Gid = 36
sqlResult   map[result: count:0 state:0]
[2020-01-02 12:54:43] rtpData ------->   map[result: count:0 state:0] 
[GIN] 2020/01/02 - 12:54:43 | 200 |    2.672777ms |  192.168.66.115 | POST     /getResult
sqlResult   map[result: count:0 state:0]
[2020-01-02 12:54:43] rtpData ------->   map[result: count:0 state:0] 
[GIN] 2020/01/02 - 12:54:43 | 200 |    2.810655ms |  192.168.66.115 | POST     /getResult
[2020-01-02 12:54:46] 自開彩開獎  {202001020775 1 34 true} 
ConfigData  map[password:1qaz!QAZ database:FA_MEM redisPort:6379 redisPassword:"" redisDB:3 ip:192.168.88.181 poolname:FA_MEM port:3306 user:fa_db charset:utf8 redisIp:192.168.88.119]
SqlString  SELECT RTP,Amount,Bonus  FROM M_RtpSetting  WHERE Sid = 1   AND State = 1   AND LTG_Code = 1 AND Gid = 34
sqlResult   map[state:0 result: count:0]
[2020-01-02 12:54:46] rtpData ------->   map[result: count:0 state:0] 
[GIN] 2020/01/02 - 12:54:46 | 200 |    2.347317ms |  192.168.66.115 | POST     /getResult
[2020-01-02 12:54:47] 自開彩開獎  {202001020775 4 40 true} 
ConfigData  map[redisDB:3 poolname:FA_MEM user:fa_db password:1qaz!QAZ database:FA_MEM redisIp:192.168.88.119 ip:192.168.88.181 port:3306 charset:utf8 redisPort:6379 redisPassword:""]
SqlString  SELECT RTP,Amount,Bonus  FROM M_RtpSetting  WHERE Sid = 1   AND State = 1   AND LTG_Code = 4 AND Gid = 40
sqlResult   map[result: count:0 state:0]
[2020-01-02 12:54:48] rtpData ------->   map[state:0 result: count:0] 
[GIN] 2020/01/02 - 12:54:48 | 200 |    2.676387ms |  192.168.66.115 | POST     /getResult
[2020-01-02 12:54:48] 自開彩開獎  {202001020259 4 41 true} 
ConfigData  map[redisPort:6379 redisPassword:"" database:FA_MEM charset:utf8 redisIp:192.168.88.119 ip:192.168.88.181 poolname:FA_MEM port:3306 user:fa_db password:1qaz!QAZ redisDB:3]
SqlString  SELECT RTP,Amount,Bonus  FROM M_RtpSetting  WHERE Sid = 1   AND State = 1   AND LTG_Code = 4 AND Gid = 41
sqlResult   map[count:0 state:0 result:]
[2020-01-02 12:54:48] rtpData ------->   map[result: count:0 state:0] 
[GIN] 2020/01/02 - 12:54:48 | 200 |    1.707949ms |  192.168.66.115 | POST     /getResult
[2020-01-02 12:54:48] 自開彩開獎  {202001020259 6 37 true} 
ConfigData  map[user:fa_db charset:utf8 redisIp:192.168.88.119 redisPort:6379 redisPassword:"" redisDB:3 ip:192.168.88.181 port:3306 database:FA_MEM poolname:FA_MEM password:1qaz!QAZ]
SqlString  SELECT RTP,Amount,Bonus  FROM M_RtpSetting  WHERE Sid = 1   AND State = 1   AND LTG_Code = 6 AND Gid = 37
sqlResult   map[result: count:0 state:0]
[2020-01-02 12:54:48] rtpData ------->   map[result: count:0 state:0] 
[GIN] 2020/01/02 - 12:54:48 | 200 |    3.212548ms |  192.168.66.115 | POST     /getResult
[2020-01-02 12:54:48] 自開彩開獎  {202001020775 5 38 true} 
ConfigData  map[password:1qaz!QAZ charset:utf8 redisIp:192.168.88.119 ip:192.168.88.181 poolname:FA_MEM port:3306 user:fa_db database:FA_MEM redisPort:6379 redisPassword:"" redisDB:3]
SqlString  SELECT RTP,Amount,Bonus  FROM M_RtpSetting  WHERE Sid = 1   AND State = 1   AND LTG_Code = 5 AND Gid = 38
sqlResult   map[result: count:0 state:0]
[2020-01-02 12:54:48] rtpData ------->   map[result: count:0 state:0] 
[GIN] 2020/01/02 - 12:54:48 | 200 |    2.398237ms |  192.168.66.115 | POST     /getResult
[2020-01-02 12:54:49] 自開彩開獎  {202001020775 6 36 true} 
[2020-01-02 12:54:49] 自開彩開獎  {202001020259 1 35 true} 
ConfigData  map[ip:192.168.88.181 poolname:FA_MEM port:3306 user:fa_db password:1qaz!QAZ database:FA_MEM charset:utf8 redisPort:6379 redisIp:192.168.88.119 redisPassword:"" redisDB:3]
SqlString  SELECT RTP,Amount,Bonus  FROM M_RtpSetting  WHERE Sid = 1   AND State = 1   AND LTG_Code = 6 AND Gid = 36
ConfigData  map[password:1qaz!QAZ charset:utf8 redisPort:6379 redisPassword:"" redisDB:3 ip:192.168.88.181 poolname:FA_MEM port:3306 user:fa_db database:FA_MEM redisIp:192.168.88.119]
SqlString  SELECT RTP,Amount,Bonus  FROM M_RtpSetting  WHERE Sid = 1   AND State = 1   AND LTG_Code = 1 AND Gid = 35
sqlResult   map[result: count:0 state:0]
[2020-01-02 12:54:49] rtpData ------->   map[result: count:0 state:0] 
sqlResult   map[result: count:0 state:0]
[GIN] 2020/01/02 - 12:54:49 | 200 |    2.407968ms |  192.168.66.115 | POST     /getResult
[2020-01-02 12:54:49] rtpData ------->   map[result: count:0 state:0] 
[GIN] 2020/01/02 - 12:54:49 | 200 |    2.464779ms |  192.168.66.115 | POST     /getResult
[2020-01-02 12:54:52] 自開彩開獎  {202001020775 1 34 true} 
ConfigData  map[redisDB:3 password:1qaz!QAZ database:FA_MEM redisIp:192.168.88.119 redisPassword:"" charset:utf8 redisPort:6379 ip:192.168.88.181 poolname:FA_MEM port:3306 user:fa_db]
SqlString  SELECT RTP,Amount,Bonus  FROM M_RtpSetting  WHERE Sid = 1   AND State = 1   AND LTG_Code = 1 AND Gid = 34
sqlResult   map[result: count:0 state:0]
[2020-01-02 12:54:52] rtpData ------->   map[result: count:0 state:0] 
[GIN] 2020/01/02 - 12:54:52 | 200 |    2.788809ms |  192.168.66.115 | POST     /getResult
[2020-01-02 12:54:54] 自開彩開獎  {202001020775 4 40 true} 
ConfigData  map[ip:192.168.88.181 redisIp:192.168.88.119 redisPort:6379 redisDB:3 poolname:FA_MEM port:3306 user:fa_db password:1qaz!QAZ database:FA_MEM charset:utf8 redisPassword:""]
SqlString  SELECT RTP,Amount,Bonus  FROM M_RtpSetting  WHERE Sid = 1   AND State = 1   AND LTG_Code = 4 AND Gid = 40
sqlResult   map[result: count:0 state:0]
[2020-01-02 12:54:54] rtpData ------->   map[result: count:0 state:0] 
[GIN] 2020/01/02 - 12:54:54 | 200 |    2.232335ms |  192.168.66.115 | POST     /getResult
[2020-01-02 12:54:54] 自開彩開獎  {202001020259 4 41 true} 
ConfigData  map[port:3306 user:fa_db redisIp:192.168.88.119 redisDB:3 poolname:FA_MEM password:1qaz!QAZ database:FA_MEM charset:utf8 redisPort:6379 redisPassword:"" ip:192.168.88.181]
SqlString  SELECT RTP,Amount,Bonus  FROM M_RtpSetting  WHERE Sid = 1   AND State = 1   AND LTG_Code = 4 AND Gid = 41
sqlResult   map[result: count:0 state:0]
[2020-01-02 12:54:54] rtpData ------->   map[count:0 state:0 result:] 
[GIN] 2020/01/02 - 12:54:54 | 200 |    2.180921ms |  192.168.66.115 | POST     /getResult
[2020-01-02 12:54:54] 自開彩開獎  {202001020259 6 37 true} 
ConfigData  map[redisPort:6379 ip:192.168.88.181 poolname:FA_MEM password:1qaz!QAZ database:FA_MEM charset:utf8 redisIp:192.168.88.119 redisPassword:"" redisDB:3 port:3306 user:fa_db]
SqlString  SELECT RTP,Amount,Bonus  FROM M_RtpSetting  WHERE Sid = 1   AND State = 1   AND LTG_Code = 6 AND Gid = 37
sqlResult   map[result: count:0 state:0]
[2020-01-02 12:54:54] rtpData ------->   map[result: count:0 state:0] 
[GIN] 2020/01/02 - 12:54:54 | 200 |    2.454417ms |  192.168.66.115 | POST     /getResult
[2020-01-02 12:54:54] 自開彩開獎  {202001020775 5 38 true} 
ConfigData  map[password:1qaz!QAZ database:FA_MEM redisPort:6379 redisPassword:"" redisDB:3 ip:192.168.88.181 poolname:FA_MEM port:3306 user:fa_db charset:utf8 redisIp:192.168.88.119]
SqlString  SELECT RTP,Amount,Bonus  FROM M_RtpSetting  WHERE Sid = 1   AND State = 1   AND LTG_Code = 5 AND Gid = 38
sqlResult   map[result: count:0 state:0]
[2020-01-02 12:54:54] rtpData ------->   map[count:0 state:0 result:] 
[GIN] 2020/01/02 - 12:54:54 | 200 |    3.277512ms |  192.168.66.115 | POST     /getResult
[2020-01-02 12:54:55] 自開彩開獎  {202001020775 6 36 true} 
ConfigData  map[ip:192.168.88.181 port:3306 database:FA_MEM redisPort:6379 redisDB:3 poolname:FA_MEM user:fa_db password:1qaz!QAZ charset:utf8 redisIp:192.168.88.119 redisPassword:""]
SqlString  SELECT RTP,Amount,Bonus  FROM M_RtpSetting  WHERE Sid = 1   AND State = 1   AND LTG_Code = 6 AND Gid = 36
[2020-01-02 12:54:55] 自開彩開獎  {202001020259 1 35 true} 
ConfigData  map[redisDB:3 ip:192.168.88.181 user:fa_db redisPort:6379 database:FA_MEM charset:utf8 redisIp:192.168.88.119 redisPassword:"" poolname:FA_MEM port:3306 password:1qaz!QAZ]
SqlString  SELECT RTP,Amount,Bonus  FROM M_RtpSetting  WHERE Sid = 1   AND State = 1   AND LTG_Code = 1 AND Gid = 35
sqlResult   map[result: count:0 state:0]
[2020-01-02 12:54:55] rtpData ------->   map[result: count:0 state:0] 
[GIN] 2020/01/02 - 12:54:55 | 200 |    2.607158ms |  192.168.66.115 | POST     /getResult
sqlResult   map[result: count:0 state:0]
[2020-01-02 12:54:55] rtpData ------->   map[result: count:0 state:0] 
[GIN] 2020/01/02 - 12:54:55 | 200 |    2.838728ms |  192.168.66.115 | POST     /getResult
[2020-01-02 12:54:58] 自開彩開獎  {202001020775 1 34 true} 
ConfigData  map[redisIp:192.168.88.119 redisPassword:"" redisDB:3 ip:192.168.88.181 poolname:FA_MEM port:3306 user:fa_db password:1qaz!QAZ database:FA_MEM charset:utf8 redisPort:6379]
SqlString  SELECT RTP,Amount,Bonus  FROM M_RtpSetting  WHERE Sid = 1   AND State = 1   AND LTG_Code = 1 AND Gid = 34
sqlResult   map[state:0 result: count:0]
[2020-01-02 12:54:58] rtpData ------->   map[result: count:0 state:0] 
[GIN] 2020/01/02 - 12:54:58 | 200 |    2.283186ms |  192.168.66.115 | POST     /getResult
[2020-01-02 12:55:00] 自開彩開獎  {202001020775 4 40 true} 
ConfigData  map[poolname:FA_MEM password:1qaz!QAZ charset:utf8 redisPassword:"" redisPort:6379 redisDB:3 ip:192.168.88.181 port:3306 user:fa_db database:FA_MEM redisIp:192.168.88.119]
SqlString  SELECT RTP,Amount,Bonus  FROM M_RtpSetting  WHERE Sid = 1   AND State = 1   AND LTG_Code = 4 AND Gid = 40
sqlResult   map[count:0 state:0 result:]
[2020-01-02 12:55:00] rtpData ------->   map[count:0 state:0 result:] 
[GIN] 2020/01/02 - 12:55:00 | 200 |    2.694712ms |  192.168.66.115 | POST     /getResult
[2020-01-02 12:55:00] 自開彩開獎  {202001020259 4 41 true} 
ConfigData  map[user:fa_db database:FA_MEM redisIp:192.168.88.119 redisPassword:"" ip:192.168.88.181 poolname:FA_MEM port:3306 password:1qaz!QAZ charset:utf8 redisPort:6379 redisDB:3]
SqlString  SELECT RTP,Amount,Bonus  FROM M_RtpSetting  WHERE Sid = 1   AND State = 1   AND LTG_Code = 4 AND Gid = 41
sqlResult   map[result: count:0 state:0]
[2020-01-02 12:55:00] rtpData ------->   map[result: count:0 state:0] 
[GIN] 2020/01/02 - 12:55:00 | 200 |    2.338063ms |  192.168.66.115 | POST     /getResult
[2020-01-02 12:55:00] 自開彩開獎  {202001020259 6 37 true} 
ConfigData  map[ip:192.168.88.181 user:fa_db redisIp:192.168.88.119 redisPassword:"" redisDB:3 poolname:FA_MEM port:3306 password:1qaz!QAZ database:FA_MEM charset:utf8 redisPort:6379]
SqlString  SELECT RTP,Amount,Bonus  FROM M_RtpSetting  WHERE Sid = 1   AND State = 1   AND LTG_Code = 6 AND Gid = 37
sqlResult   map[result: count:0 state:0]
[2020-01-02 12:55:00] rtpData ------->   map[result: count:0 state:0] 
[GIN] 2020/01/02 - 12:55:00 | 200 |    2.985779ms |  192.168.66.115 | POST     /getResult
[2020-01-02 12:55:00] 自開彩開獎  {202001020775 5 38 true} 
ConfigData  map[password:1qaz!QAZ charset:utf8 redisIp:192.168.88.119 redisPort:6379 redisPassword:"" redisDB:3 poolname:FA_MEM port:3306 user:fa_db database:FA_MEM ip:192.168.88.181]
SqlString  SELECT RTP,Amount,Bonus  FROM M_RtpSetting  WHERE Sid = 1   AND State = 1   AND LTG_Code = 5 AND Gid = 38
[2020-01-02 12:55:00] 自開彩開獎  {202001020156 5 39 true} 
ConfigData  map[redisDB:3 ip:192.168.88.181 poolname:FA_MEM user:fa_db redisPassword:"" redisIp:192.168.88.119 redisPort:6379 port:3306 password:1qaz!QAZ database:FA_MEM charset:utf8]
SqlString  SELECT RTP,Amount,Bonus  FROM M_RtpSetting  WHERE Sid = 1   AND State = 1   AND LTG_Code = 5 AND Gid = 39
sqlResult   map[result: count:0 state:0]
[2020-01-02 12:55:01] rtpData ------->   map[result: count:0 state:0] 
[GIN] 2020/01/02 - 12:55:01 | 200 |    2.642082ms |  192.168.66.115 | POST     /getResult
sqlResult   map[result: count:0 state:0]
[2020-01-02 12:55:01] rtpData ------->   map[result: count:0 state:0] 
[GIN] 2020/01/02 - 12:55:01 | 200 |    2.925601ms |  192.168.66.115 | POST     /getResult
[2020-01-02 12:55:01] 自開彩開獎  {20200102156 2 28 true} 
[2020-01-02 12:55:01] 自開彩開獎  {202001020776 2 26 true} 
ConfigData  map[charset:utf8 redisIp:192.168.88.119 poolname:FA_MEM port:3306 password:1qaz!QAZ database:FA_MEM redisPort:6379 redisPassword:"" redisDB:3 ip:192.168.88.181 user:fa_db]
SqlString  SELECT RTP,Amount,Bonus  FROM M_RtpSetting  WHERE Sid = 1   AND State = 1   AND LTG_Code = 2 AND Gid = 28
ConfigData  map[charset:utf8 redisIp:192.168.88.119 redisPort:6379 ip:192.168.88.181 poolname:FA_MEM port:3306 redisPassword:"" redisDB:3 user:fa_db password:1qaz!QAZ database:FA_MEM]
SqlString  SELECT RTP,Amount,Bonus  FROM M_RtpSetting  WHERE Sid = 1   AND State = 1   AND LTG_Code = 2 AND Gid = 26
sqlResult   map[bonus:908100.71 result:0.9600 count:1 state:1 amount:1.0069588e+06]
[2020-01-02 12:55:01] rtpData ------->   map[result:0.9600 count:1 state:1 amount:1.0069588e+06 bonus:908100.71] 
ConfigData  map[redisPort:6379 redisPassword:"" redisDB:3 password:1qaz!QAZ poolname:FA_MEM port:3306 user:fa_db database:FA_MEM charset:utf8 redisIp:192.168.88.119 ip:192.168.88.181]
SELECT BO_No, BO_OrderNo , BO_User , BO_Issue  , BO_LotteryTypeGroup, BO_LotteryType, BO_Mode, BO_LotteryPlayGroup, BO_LotteryPlay , BO_LotteryContent, BO_Price, BO_RealPrice, BO_Unit, BO_Multiple , BO_BetCount  , BO_Winnings, BO_Winnings2, BO_Winnings3, BO_WinningLimit  , BO_Water , BO_BW_SourceUserId, BO_BW_BackWater, BO_BW_LimitBetCount, BO_BW_MaxAmount, BO_BW_AuditMultiple  , BO_Odds, BO_Odds2, BO_Odds3 , BO_Type, BO_Chase , BO_OpenResult, BO_OpenResult2, BO_DateDraw, BO_DateDraw2, BO_DateUpdate  FROM TS_BetOrder  WHERE BO_Cancel = 0   AND BO_CancelBackend = 0   AND BO_LotteryTypeGroup = 2 AND BO_LotteryType = 26 AND BO_Issue = 202001020776 AND BO_Collect = 0 ORDER BY BO_DateDraw ASC, BO_DateCreate ASC, BO_DateUpdate ASC, BO_No ASC ;
[2020-01-02 12:55:01] LottteryTypeGroup 2 
[2020-01-02 12:55:01] 有期號 但無注單 -------> map[amount:0 bonus:0 thisOpenResult:[2 4 5 7 0]] 
[GIN] 2020/01/02 - 12:55:01 | 200 |    5.032795ms |  192.168.66.115 | POST     /getResult
sqlResult   map[state:1 amount:234518 bonus:161148.41 result:0.9600 count:1]
[2020-01-02 12:55:01] rtpData ------->   map[result:0.9600 count:1 state:1 amount:234518 bonus:161148.41] 
ConfigData  map[redisIp:192.168.88.119 ip:192.168.88.181 poolname:FA_MEM port:3306 user:fa_db password:1qaz!QAZ database:FA_MEM charset:utf8 redisPort:6379 redisDB:3 redisPassword:""]
SELECT BO_No, BO_OrderNo , BO_User , BO_Issue  , BO_LotteryTypeGroup, BO_LotteryType, BO_Mode, BO_LotteryPlayGroup, BO_LotteryPlay , BO_LotteryContent, BO_Price, BO_RealPrice, BO_Unit, BO_Multiple , BO_BetCount  , BO_Winnings, BO_Winnings2, BO_Winnings3, BO_WinningLimit  , BO_Water , BO_BW_SourceUserId, BO_BW_BackWater, BO_BW_LimitBetCount, BO_BW_MaxAmount, BO_BW_AuditMultiple  , BO_Odds, BO_Odds2, BO_Odds3 , BO_Type, BO_Chase , BO_OpenResult, BO_OpenResult2, BO_DateDraw, BO_DateDraw2, BO_DateUpdate  FROM TS_BetOrder  WHERE BO_Cancel = 0   AND BO_CancelBackend = 0   AND BO_LotteryTypeGroup = 2 AND BO_LotteryType = 28 AND BO_Issue = 20200102156 AND BO_Collect = 0 ORDER BY BO_DateDraw ASC, BO_DateCreate ASC, BO_DateUpdate ASC, BO_No ASC ;
[2020-01-02 12:55:01] LottteryTypeGroup 2 
[2020-01-02 12:55:01] 有期號 但無注單 -------> map[amount:0 bonus:0 thisOpenResult:[2 3 3 0 9]] 
[GIN] 2020/01/02 - 12:55:01 | 200 |    7.538707ms |  192.168.66.115 | POST     /getResult
[2020-01-02 12:55:01] 自開彩開獎  {202001020775 6 36 true} 
[2020-01-02 12:55:01] 自開彩開獎  {202001020259 1 35 true} 
ConfigData  map[password:1qaz!QAZ charset:utf8 redisIp:192.168.88.119 redisPassword:"" redisDB:3 ip:192.168.88.181 poolname:FA_MEM database:FA_MEM redisPort:6379 port:3306 user:fa_db]
SqlString  SELECT RTP,Amount,Bonus  FROM M_RtpSetting  WHERE Sid = 1   AND State = 1   AND LTG_Code = 1 AND Gid = 35
ConfigData  map[port:3306 redisPort:6379 redisPassword:"" redisDB:3 redisIp:192.168.88.119 ip:192.168.88.181 poolname:FA_MEM user:fa_db password:1qaz!QAZ database:FA_MEM charset:utf8]
SqlString  SELECT RTP,Amount,Bonus  FROM M_RtpSetting  WHERE Sid = 1   AND State = 1   AND LTG_Code = 6 AND Gid = 36
sqlResult   map[result: count:0 state:0]
[2020-01-02 12:55:01] rtpData ------->   map[result: count:0 state:0] 
[GIN] 2020/01/02 - 12:55:01 | 200 |    3.084931ms |  192.168.66.115 | POST     /getResult
sqlResult   map[result: count:0 state:0]
[2020-01-02 12:55:01] rtpData ------->   map[result: count:0 state:0] 
[GIN] 2020/01/02 - 12:55:01 | 200 |    3.516293ms |  192.168.66.115 | POST     /getResult
[2020-01-02 12:55:04] 自開彩開獎  {202001020775 1 34 true} 
ConfigData  map[port:3306 user:fa_db password:1qaz!QAZ database:FA_MEM redisPort:6379 redisPassword:"" ip:192.168.88.181 charset:utf8 redisIp:192.168.88.119 redisDB:3 poolname:FA_MEM]
SqlString  SELECT RTP,Amount,Bonus  FROM M_RtpSetting  WHERE Sid = 1   AND State = 1   AND LTG_Code = 1 AND Gid = 34
sqlResult   map[result: count:0 state:0]
[2020-01-02 12:55:04] rtpData ------->   map[result: count:0 state:0] 
[GIN] 2020/01/02 - 12:55:04 | 200 |     1.87311ms |  192.168.66.115 | POST     /getResult
[2020-01-02 12:55:06] 自開彩開獎  {202001020775 4 40 true} 
ConfigData  map[ip:192.168.88.181 user:fa_db password:1qaz!QAZ charset:utf8 poolname:FA_MEM port:3306 database:FA_MEM redisIp:192.168.88.119 redisPort:6379 redisPassword:"" redisDB:3]
SqlString  SELECT RTP,Amount,Bonus  FROM M_RtpSetting  WHERE Sid = 1   AND State = 1   AND LTG_Code = 4 AND Gid = 40
sqlResult   map[result: count:0 state:0]
[2020-01-02 12:55:06] rtpData ------->   map[result: count:0 state:0] 
[GIN] 2020/01/02 - 12:55:06 | 200 |    3.401223ms |  192.168.66.115 | POST     /getResult
[2020-01-02 12:55:06] 自開彩開獎  {202001020259 4 41 true} 
ConfigData  map[redisDB:3 ip:192.168.88.181 password:1qaz!QAZ database:FA_MEM charset:utf8 redisPassword:"" poolname:FA_MEM port:3306 user:fa_db redisIp:192.168.88.119 redisPort:6379]
SqlString  SELECT RTP,Amount,Bonus  FROM M_RtpSetting  WHERE Sid = 1   AND State = 1   AND LTG_Code = 4 AND Gid = 41
sqlResult   map[count:0 state:0 result:]
[2020-01-02 12:55:06] rtpData ------->   map[result: count:0 state:0] 
[GIN] 2020/01/02 - 12:55:06 | 200 |    1.778586ms |  192.168.66.115 | POST     /getResult
[2020-01-02 12:55:07] 自開彩開獎  {202001020776 5 38 true} 
ConfigData  map[user:fa_db charset:utf8 redisIp:192.168.88.119 redisPort:6379 redisDB:3 ip:192.168.88.181 poolname:FA_MEM port:3306 password:1qaz!QAZ database:FA_MEM redisPassword:""]
SqlString  SELECT RTP,Amount,Bonus  FROM M_RtpSetting  WHERE Sid = 1   AND State = 1   AND LTG_Code = 5 AND Gid = 38
[2020-01-02 12:55:07] 自開彩開獎  {202001020156 5 39 true} 
ConfigData  map[database:FA_MEM redisPort:6379 ip:192.168.88.181 port:3306 user:fa_db password:1qaz!QAZ redisDB:3 poolname:FA_MEM charset:utf8 redisIp:192.168.88.119 redisPassword:""]
SqlString  SELECT RTP,Amount,Bonus  FROM M_RtpSetting  WHERE Sid = 1   AND State = 1   AND LTG_Code = 5 AND Gid = 39
sqlResult   map[result: count:0 state:0]
[2020-01-02 12:55:07] rtpData ------->   map[result: count:0 state:0] 
[GIN] 2020/01/02 - 12:55:07 | 200 |    2.497898ms |  192.168.66.115 | POST     /getResult
sqlResult   map[count:0 state:0 result:]
[2020-01-02 12:55:07] rtpData ------->   map[result: count:0 state:0] 
[GIN] 2020/01/02 - 12:55:07 | 200 |    2.535737ms |  192.168.66.115 | POST     /getResult
[2020-01-02 12:55:07] 自開彩開獎  {202001020259 1 35 true} 
ConfigData  map[ip:192.168.88.181 poolname:FA_MEM password:1qaz!QAZ charset:utf8 redisIp:192.168.88.119 redisDB:3 port:3306 user:fa_db database:FA_MEM redisPort:6379 redisPassword:""]
SqlString  SELECT RTP,Amount,Bonus  FROM M_RtpSetting  WHERE Sid = 1   AND State = 1   AND LTG_Code = 1 AND Gid = 35
[2020-01-02 12:55:07] 自開彩開獎  {202001020776 6 36 true} 
ConfigData  map[user:fa_db database:FA_MEM charset:utf8 redisIp:192.168.88.119 redisPort:6379 redisDB:3 ip:192.168.88.181 poolname:FA_MEM redisPassword:"" port:3306 password:1qaz!QAZ]
SqlString  SELECT RTP,Amount,Bonus  FROM M_RtpSetting  WHERE Sid = 1   AND State = 1   AND LTG_Code = 6 AND Gid = 36
sqlResult   map[result: count:0 state:0]
[2020-01-02 12:55:07] rtpData ------->   map[result: count:0 state:0] 
[GIN] 2020/01/02 - 12:55:07 | 200 |    2.614418ms |  192.168.66.115 | POST     /getResult
sqlResult   map[result: count:0 state:0]
[2020-01-02 12:55:07] rtpData ------->   map[result: count:0 state:0] 
[GIN] 2020/01/02 - 12:55:07 | 200 |    2.727005ms |  192.168.66.115 | POST     /getResult
[2020-01-02 12:55:10] 自開彩開獎  {202001020776 1 34 true} 
ConfigData  map[poolname:FA_MEM database:FA_MEM charset:utf8 redisPassword:"" redisDB:3 ip:192.168.88.181 port:3306 user:fa_db password:1qaz!QAZ redisIp:192.168.88.119 redisPort:6379]
SqlString  SELECT RTP,Amount,Bonus  FROM M_RtpSetting  WHERE Sid = 1   AND State = 1   AND LTG_Code = 1 AND Gid = 34
sqlResult   map[result: count:0 state:0]
[2020-01-02 12:55:10] rtpData ------->   map[result: count:0 state:0] 
[GIN] 2020/01/02 - 12:55:10 | 200 |    2.665827ms |  192.168.66.115 | POST     /getResult
[2020-01-02 12:55:12] 自開彩開獎  {202001020776 4 40 true} 
ConfigData  map[poolname:FA_MEM port:3306 database:FA_MEM redisPassword:"" redisDB:3 ip:192.168.88.181 user:fa_db password:1qaz!QAZ charset:utf8 redisIp:192.168.88.119 redisPort:6379]
SqlString  SELECT RTP,Amount,Bonus  FROM M_RtpSetting  WHERE Sid = 1   AND State = 1   AND LTG_Code = 4 AND Gid = 40
sqlResult   map[result: count:0 state:0]
[2020-01-02 12:55:12] rtpData ------->   map[result: count:0 state:0] 
[GIN] 2020/01/02 - 12:55:12 | 200 |    2.845397ms |  192.168.66.115 | POST     /getResult
[2020-01-02 12:55:12] 自開彩開獎  {202001020259 4 41 true} 
ConfigData  map[password:1qaz!QAZ database:FA_MEM charset:utf8 redisIp:192.168.88.119 redisDB:3 user:fa_db poolname:FA_MEM port:3306 redisPort:6379 redisPassword:"" ip:192.168.88.181]
SqlString  SELECT RTP,Amount,Bonus  FROM M_RtpSetting  WHERE Sid = 1   AND State = 1   AND LTG_Code = 4 AND Gid = 41
sqlResult   map[result: count:0 state:0]
[2020-01-02 12:55:12] rtpData ------->   map[result: count:0 state:0] 
[GIN] 2020/01/02 - 12:55:12 | 200 |    2.199565ms |  192.168.66.115 | POST     /getResult
[2020-01-02 12:55:13] 自開彩開獎  {202001020156 5 39 true} 
ConfigData  map[ip:192.168.88.181 poolname:FA_MEM database:FA_MEM charset:utf8 redisDB:3 port:3306 user:fa_db password:1qaz!QAZ redisIp:192.168.88.119 redisPort:6379 redisPassword:""]
SqlString  SELECT RTP,Amount,Bonus  FROM M_RtpSetting  WHERE Sid = 1   AND State = 1   AND LTG_Code = 5 AND Gid = 39
[2020-01-02 12:55:13] 自開彩開獎  {202001020776 5 38 true} 
ConfigData  map[password:1qaz!QAZ redisPort:6379 poolname:FA_MEM port:3306 user:fa_db database:FA_MEM charset:utf8 redisIp:192.168.88.119 redisPassword:"" redisDB:3 ip:192.168.88.181]
SqlString  SELECT RTP,Amount,Bonus  FROM M_RtpSetting  WHERE Sid = 1   AND State = 1   AND LTG_Code = 5 AND Gid = 38
sqlResult   map[result: count:0 state:0]
[2020-01-02 12:55:13] rtpData ------->   map[result: count:0 state:0] 
[GIN] 2020/01/02 - 12:55:13 | 200 |    2.850692ms |  192.168.66.115 | POST     /getResult
sqlResult   map[result: count:0 state:0]
[2020-01-02 12:55:13] rtpData ------->   map[result: count:0 state:0] 
[GIN] 2020/01/02 - 12:55:13 | 200 |     2.86253ms |  192.168.66.115 | POST     /getResult
[2020-01-02 12:55:13] 自開彩開獎  {202001020776 6 36 true} 
ConfigData  map[redisIp:192.168.88.119 redisPassword:"" redisDB:3 poolname:FA_MEM database:FA_MEM user:fa_db password:1qaz!QAZ charset:utf8 redisPort:6379 ip:192.168.88.181 port:3306]
SqlString  SELECT RTP,Amount,Bonus  FROM M_RtpSetting  WHERE Sid = 1   AND State = 1   AND LTG_Code = 6 AND Gid = 36
[2020-01-02 12:55:13] 自開彩開獎  {202001020259 1 35 true} 
ConfigData  map[ip:192.168.88.181 port:3306 password:1qaz!QAZ database:FA_MEM redisDB:3 poolname:FA_MEM user:fa_db charset:utf8 redisIp:192.168.88.119 redisPort:6379 redisPassword:""]
SqlString  SELECT RTP,Amount,Bonus  FROM M_RtpSetting  WHERE Sid = 1   AND State = 1   AND LTG_Code = 1 AND Gid = 35
sqlResult   map[result: count:0 state:0]
[2020-01-02 12:55:13] rtpData ------->   map[result: count:0 state:0] 
sqlResult   map[result: count:0 state:0]
[2020-01-02 12:55:13] rtpData ------->   map[result: count:0 state:0] 
[GIN] 2020/01/02 - 12:55:13 | 200 |    3.222448ms |  192.168.66.115 | POST     /getResult
[GIN] 2020/01/02 - 12:55:13 | 200 |    3.198226ms |  192.168.66.115 | POST     /getResult
[2020-01-02 12:55:16] 自開彩開獎  {202001020776 1 34 true} 
ConfigData  map[user:fa_db password:1qaz!QAZ database:FA_MEM redisIp:192.168.88.119 redisPort:6379 redisDB:3 ip:192.168.88.181 poolname:FA_MEM port:3306 charset:utf8 redisPassword:""]
SqlString  SELECT RTP,Amount,Bonus  FROM M_RtpSetting  WHERE Sid = 1   AND State = 1   AND LTG_Code = 1 AND Gid = 34
sqlResult   map[result: count:0 state:0]
[2020-01-02 12:55:16] rtpData ------->   map[count:0 state:0 result:] 
[GIN] 2020/01/02 - 12:55:16 | 200 |    2.012558ms |  192.168.66.115 | POST     /getResult
[2020-01-02 12:55:18] 自開彩開獎  {202001020776 4 40 true} 
ConfigData  map[database:FA_MEM charset:utf8 redisIp:192.168.88.119 redisPort:6379 redisPassword:"" redisDB:3 port:3306 user:fa_db password:1qaz!QAZ ip:192.168.88.181 poolname:FA_MEM]
SqlString  SELECT RTP,Amount,Bonus  FROM M_RtpSetting  WHERE Sid = 1   AND State = 1   AND LTG_Code = 4 AND Gid = 40
sqlResult   map[result: count:0 state:0]
[2020-01-02 12:55:18] rtpData ------->   map[result: count:0 state:0] 
[GIN] 2020/01/02 - 12:55:18 | 200 |    3.645552ms |  192.168.66.115 | POST     /getResult
[2020-01-02 12:55:18] 自開彩開獎  {202001020259 4 41 true} 
ConfigData  map[port:3306 user:fa_db redisDB:3 poolname:FA_MEM password:1qaz!QAZ database:FA_MEM charset:utf8 redisIp:192.168.88.119 redisPort:6379 redisPassword:"" ip:192.168.88.181]
SqlString  SELECT RTP,Amount,Bonus  FROM M_RtpSetting  WHERE Sid = 1   AND State = 1   AND LTG_Code = 4 AND Gid = 41
sqlResult   map[result: count:0 state:0]
[2020-01-02 12:55:18] rtpData ------->   map[result: count:0 state:0] 
[GIN] 2020/01/02 - 12:55:18 | 200 |     5.97303ms |  192.168.66.115 | POST     /getResult
[2020-01-02 12:55:19] 自開彩開獎  {202001020776 5 38 true} 
ConfigData  map[charset:utf8 redisPort:6379 redisPassword:"" password:1qaz!QAZ database:FA_MEM redisIp:192.168.88.119 redisDB:3 ip:192.168.88.181 poolname:FA_MEM port:3306 user:fa_db]
SqlString  SELECT RTP,Amount,Bonus  FROM M_RtpSetting  WHERE Sid = 1   AND State = 1   AND LTG_Code = 5 AND Gid = 38
[2020-01-02 12:55:19] 自開彩開獎  {202001020156 5 39 true} 
ConfigData  map[database:FA_MEM redisIp:192.168.88.119 redisPort:6379 redisPassword:"" redisDB:3 ip:192.168.88.181 poolname:FA_MEM port:3306 user:fa_db password:1qaz!QAZ charset:utf8]
SqlString  SELECT RTP,Amount,Bonus  FROM M_RtpSetting  WHERE Sid = 1   AND State = 1   AND LTG_Code = 5 AND Gid = 39
sqlResult   map[state:0 result: count:0]
[2020-01-02 12:55:19] rtpData ------->   map[result: count:0 state:0] 
[GIN] 2020/01/02 - 12:55:19 | 200 |    2.624093ms |  192.168.66.115 | POST     /getResult
sqlResult   map[result: count:0 state:0]
[2020-01-02 12:55:19] rtpData ------->   map[result: count:0 state:0] 
[GIN] 2020/01/02 - 12:55:19 | 200 |    2.489972ms |  192.168.66.115 | POST     /getResult
[2020-01-02 12:55:19] 自開彩開獎  {202001020259 1 35 true} 
ConfigData  map[ip:192.168.88.181 redisIp:192.168.88.119 redisPort:6379 redisPassword:"" redisDB:3 poolname:FA_MEM port:3306 user:fa_db password:1qaz!QAZ database:FA_MEM charset:utf8]
SqlString  SELECT RTP,Amount,Bonus  FROM M_RtpSetting  WHERE Sid = 1   AND State = 1   AND LTG_Code = 1 AND Gid = 35
[2020-01-02 12:55:19] 自開彩開獎  {202001020776 6 36 true} 
ConfigData  map[port:3306 password:1qaz!QAZ database:FA_MEM redisIp:192.168.88.119 redisPassword:"" redisDB:3 ip:192.168.88.181 user:fa_db charset:utf8 redisPort:6379 poolname:FA_MEM]
SqlString  SELECT RTP,Amount,Bonus  FROM M_RtpSetting  WHERE Sid = 1   AND State = 1   AND LTG_Code = 6 AND Gid = 36
sqlResult   map[result: count:0 state:0]
[2020-01-02 12:55:19] rtpData ------->   map[result: count:0 state:0] 
[GIN] 2020/01/02 - 12:55:19 | 200 |    2.412487ms |  192.168.66.115 | POST     /getResult
sqlResult   map[result: count:0 state:0]
[2020-01-02 12:55:19] rtpData ------->   map[result: count:0 state:0] 
[GIN] 2020/01/02 - 12:55:19 | 200 |    2.516486ms |  192.168.66.115 | POST     /getResult
[2020-01-02 12:55:22] 自開彩開獎  {202001020776 1 34 true} 
ConfigData  map[redisDB:3 ip:192.168.88.181 poolname:FA_MEM password:1qaz!QAZ database:FA_MEM redisPassword:"" port:3306 user:fa_db charset:utf8 redisIp:192.168.88.119 redisPort:6379]
SqlString  SELECT RTP,Amount,Bonus  FROM M_RtpSetting  WHERE Sid = 1   AND State = 1   AND LTG_Code = 1 AND Gid = 34
sqlResult   map[result: count:0 state:0]
[2020-01-02 12:55:22] rtpData ------->   map[result: count:0 state:0] 
[GIN] 2020/01/02 - 12:55:22 | 200 |     2.26191ms |  192.168.66.115 | POST     /getResult
[2020-01-02 12:55:24] 自開彩開獎  {202001020776 4 40 true} 
ConfigData  map[user:fa_db password:1qaz!QAZ database:FA_MEM charset:utf8 redisPort:6379 ip:192.168.88.181 port:3306 redisPassword:"" redisDB:3 poolname:FA_MEM redisIp:192.168.88.119]
SqlString  SELECT RTP,Amount,Bonus  FROM M_RtpSetting  WHERE Sid = 1   AND State = 1   AND LTG_Code = 4 AND Gid = 40
sqlResult   map[result: count:0 state:0]
[2020-01-02 12:55:24] rtpData ------->   map[state:0 result: count:0] 
[GIN] 2020/01/02 - 12:55:24 | 200 |    3.140192ms |  192.168.66.115 | POST     /getResult
[2020-01-02 12:55:24] 自開彩開獎  {202001020259 4 41 true} 
ConfigData  map[poolname:FA_MEM user:fa_db password:1qaz!QAZ database:FA_MEM redisDB:3 ip:192.168.88.181 charset:utf8 redisIp:192.168.88.119 redisPort:6379 redisPassword:"" port:3306]
SqlString  SELECT RTP,Amount,Bonus  FROM M_RtpSetting  WHERE Sid = 1   AND State = 1   AND LTG_Code = 4 AND Gid = 41
sqlResult   map[result: count:0 state:0]
[2020-01-02 12:55:24] rtpData ------->   map[result: count:0 state:0] 
[GIN] 2020/01/02 - 12:55:24 | 200 |    2.079703ms |  192.168.66.115 | POST     /getResult
[2020-01-02 12:55:25] 自開彩開獎  {202001020776 5 38 true} 
[2020-01-02 12:55:25] 自開彩開獎  {202001020156 5 39 true} 
ConfigData  map[redisPort:6379 redisPassword:"" redisDB:3 password:1qaz!QAZ database:FA_MEM redisIp:192.168.88.119 user:fa_db charset:utf8 ip:192.168.88.181 poolname:FA_MEM port:3306]
SqlString  SELECT RTP,Amount,Bonus  FROM M_RtpSetting  WHERE Sid = 1   AND State = 1   AND LTG_Code = 5 AND Gid = 39
ConfigData  map[user:fa_db password:1qaz!QAZ redisPort:6379 redisDB:3 ip:192.168.88.181 port:3306 charset:utf8 redisIp:192.168.88.119 redisPassword:"" poolname:FA_MEM database:FA_MEM]
SqlString  SELECT RTP,Amount,Bonus  FROM M_RtpSetting  WHERE Sid = 1   AND State = 1   AND LTG_Code = 5 AND Gid = 38
sqlResult   map[result: count:0 state:0]
[2020-01-02 12:55:25] rtpData ------->   map[result: count:0 state:0] 
sqlResult   map[result: count:0 state:0]
[2020-01-02 12:55:25] rtpData ------->   map[state:0 result: count:0] 
[GIN] 2020/01/02 - 12:55:25 | 200 |    2.987385ms |  192.168.66.115 | POST     /getResult
[GIN] 2020/01/02 - 12:55:25 | 200 |    3.013169ms |  192.168.66.115 | POST     /getResult
[2020-01-02 12:55:25] 自開彩開獎  {202001020259 1 35 true} 
[2020-01-02 12:55:25] 自開彩開獎  {202001020776 6 36 true} 
ConfigData  map[redisDB:3 ip:192.168.88.181 poolname:FA_MEM port:3306 password:1qaz!QAZ redisIp:192.168.88.119 redisPort:6379 redisPassword:"" user:fa_db database:FA_MEM charset:utf8]
SqlString  SELECT RTP,Amount,Bonus  FROM M_RtpSetting  WHERE Sid = 1   AND State = 1   AND LTG_Code = 6 AND Gid = 36
ConfigData  map[port:3306 user:fa_db password:1qaz!QAZ database:FA_MEM redisPassword:"" redisDB:3 ip:192.168.88.181 poolname:FA_MEM charset:utf8 redisIp:192.168.88.119 redisPort:6379]
SqlString  SELECT RTP,Amount,Bonus  FROM M_RtpSetting  WHERE Sid = 1   AND State = 1   AND LTG_Code = 1 AND Gid = 35
sqlResult   map[result: count:0 state:0]
[2020-01-02 12:55:25] rtpData ------->   map[result: count:0 state:0] 
[GIN] 2020/01/02 - 12:55:25 | 200 |    2.814228ms |  192.168.66.115 | POST     /getResult
sqlResult   map[result: count:0 state:0]
[2020-01-02 12:55:25] rtpData ------->   map[result: count:0 state:0] 
[GIN] 2020/01/02 - 12:55:25 | 200 |    3.278259ms |  192.168.66.115 | POST     /getResult
[2020-01-02 12:55:28] 自開彩開獎  {202001020776 1 34 true} 
ConfigData  map[ip:192.168.88.181 port:3306 redisIp:192.168.88.119 redisPort:6379 redisPassword:"" poolname:FA_MEM user:fa_db password:1qaz!QAZ database:FA_MEM charset:utf8 redisDB:3]
SqlString  SELECT RTP,Amount,Bonus  FROM M_RtpSetting  WHERE Sid = 1   AND State = 1   AND LTG_Code = 1 AND Gid = 34
sqlResult   map[result: count:0 state:0]
[2020-01-02 12:55:28] rtpData ------->   map[result: count:0 state:0] 
[GIN] 2020/01/02 - 12:55:28 | 200 |     2.37578ms |  192.168.66.115 | POST     /getResult
[2020-01-02 12:55:30] 自開彩開獎  {202001020776 4 40 true} 
ConfigData  map[ip:192.168.88.181 user:fa_db password:1qaz!QAZ database:FA_MEM redisIp:192.168.88.119 poolname:FA_MEM port:3306 charset:utf8 redisPort:6379 redisPassword:"" redisDB:3]
SqlString  SELECT RTP,Amount,Bonus  FROM M_RtpSetting  WHERE Sid = 1   AND State = 1   AND LTG_Code = 4 AND Gid = 40
sqlResult   map[result: count:0 state:0]
[2020-01-02 12:55:30] rtpData ------->   map[count:0 state:0 result:] 
[GIN] 2020/01/02 - 12:55:30 | 200 |    2.488835ms |  192.168.66.115 | POST     /getResult
[2020-01-02 12:55:30] 自開彩開獎  {202001020259 4 41 true} 
ConfigData  map[password:1qaz!QAZ redisDB:3 ip:192.168.88.181 poolname:FA_MEM user:fa_db redisIp:192.168.88.119 redisPort:6379 redisPassword:"" port:3306 database:FA_MEM charset:utf8]
SqlString  SELECT RTP,Amount,Bonus  FROM M_RtpSetting  WHERE Sid = 1   AND State = 1   AND LTG_Code = 4 AND Gid = 41
sqlResult   map[state:0 result: count:0]
[2020-01-02 12:55:30] rtpData ------->   map[state:0 result: count:0] 
[GIN] 2020/01/02 - 12:55:30 | 200 |    2.418749ms |  192.168.66.115 | POST     /getResult
[2020-01-02 12:55:31] 自開彩開獎  {202001020156 5 39 true} 
ConfigData  map[charset:utf8 redisPort:6379 redisDB:3 ip:192.168.88.181 user:fa_db password:1qaz!QAZ database:FA_MEM poolname:FA_MEM port:3306 redisIp:192.168.88.119 redisPassword:""]
SqlString  SELECT RTP,Amount,Bonus  FROM M_RtpSetting  WHERE Sid = 1   AND State = 1   AND LTG_Code = 5 AND Gid = 39
[2020-01-02 12:55:31] 自開彩開獎  {202001020776 5 38 true} 
ConfigData  map[redisDB:3 ip:192.168.88.181 poolname:FA_MEM user:fa_db redisPassword:"" redisIp:192.168.88.119 redisPort:6379 port:3306 password:1qaz!QAZ database:FA_MEM charset:utf8]
SqlString  SELECT RTP,Amount,Bonus  FROM M_RtpSetting  WHERE Sid = 1   AND State = 1   AND LTG_Code = 5 AND Gid = 38
sqlResult   map[result: count:0 state:0]
[2020-01-02 12:55:31] rtpData ------->   map[result: count:0 state:0] 
[GIN] 2020/01/02 - 12:55:31 | 200 |    2.719379ms |  192.168.66.115 | POST     /getResult
sqlResult   map[result: count:0 state:0]
[2020-01-02 12:55:31] rtpData ------->   map[result: count:0 state:0] 
[GIN] 2020/01/02 - 12:55:31 | 200 |    3.105273ms |  192.168.66.115 | POST     /getResult
[2020-01-02 12:55:31] 自開彩開獎  {202001020776 6 36 true} 
ConfigData  map[port:3306 password:1qaz!QAZ charset:utf8 redisPassword:"" ip:192.168.88.181 poolname:FA_MEM user:fa_db database:FA_MEM redisIp:192.168.88.119 redisPort:6379 redisDB:3]
SqlString  SELECT RTP,Amount,Bonus  FROM M_RtpSetting  WHERE Sid = 1   AND State = 1   AND LTG_Code = 6 AND Gid = 36
[2020-01-02 12:55:31] 自開彩開獎  {202001020259 1 35 true} 
ConfigData  map[charset:utf8 port:3306 password:1qaz!QAZ database:FA_MEM redisIp:192.168.88.119 redisPort:6379 redisPassword:"" redisDB:3 ip:192.168.88.181 poolname:FA_MEM user:fa_db]
SqlString  SELECT RTP,Amount,Bonus  FROM M_RtpSetting  WHERE Sid = 1   AND State = 1   AND LTG_Code = 1 AND Gid = 35
sqlResult   map[state:0 result: count:0]
[2020-01-02 12:55:31] rtpData ------->   map[result: count:0 state:0] 
sqlResult   map[result: count:0 state:0]
[GIN] 2020/01/02 - 12:55:31 | 200 |     2.47009ms |  192.168.66.115 | POST     /getResult
[2020-01-02 12:55:31] rtpData ------->   map[result: count:0 state:0] 
[GIN] 2020/01/02 - 12:55:31 | 200 |     2.85312ms |  192.168.66.115 | POST     /getResult
[2020-01-02 12:55:34] 自開彩開獎  {202001020776 1 34 true} 
ConfigData  map[database:FA_MEM charset:utf8 redisPort:6379 password:1qaz!QAZ poolname:FA_MEM port:3306 user:fa_db redisIp:192.168.88.119 redisPassword:"" redisDB:3 ip:192.168.88.181]
SqlString  SELECT RTP,Amount,Bonus  FROM M_RtpSetting  WHERE Sid = 1   AND State = 1   AND LTG_Code = 1 AND Gid = 34
sqlResult   map[result: count:0 state:0]
[2020-01-02 12:55:34] rtpData ------->   map[result: count:0 state:0] 
[GIN] 2020/01/02 - 12:55:34 | 200 |    2.115666ms |  192.168.66.115 | POST     /getResult
[2020-01-02 12:55:36] 自開彩開獎  {202001020776 4 40 true} 
ConfigData  map[poolname:FA_MEM user:fa_db database:FA_MEM charset:utf8 redisPassword:"" ip:192.168.88.181 port:3306 password:1qaz!QAZ redisIp:192.168.88.119 redisPort:6379 redisDB:3]
SqlString  SELECT RTP,Amount,Bonus  FROM M_RtpSetting  WHERE Sid = 1   AND State = 1   AND LTG_Code = 4 AND Gid = 40
sqlResult   map[result: count:0 state:0]
[2020-01-02 12:55:36] rtpData ------->   map[result: count:0 state:0] 
[GIN] 2020/01/02 - 12:55:36 | 200 |    3.088138ms |  192.168.66.115 | POST     /getResult
[2020-01-02 12:55:36] 自開彩開獎  {202001020259 4 41 true} 
ConfigData  map[redisIp:192.168.88.119 redisPort:6379 redisDB:3 user:fa_db poolname:FA_MEM port:3306 password:1qaz!QAZ database:FA_MEM charset:utf8 redisPassword:"" ip:192.168.88.181]
SqlString  SELECT RTP,Amount,Bonus  FROM M_RtpSetting  WHERE Sid = 1   AND State = 1   AND LTG_Code = 4 AND Gid = 41
sqlResult   map[result: count:0 state:0]
[2020-01-02 12:55:36] rtpData ------->   map[result: count:0 state:0] 
[GIN] 2020/01/02 - 12:55:36 | 200 |    2.159827ms |  192.168.66.115 | POST     /getResult
[2020-01-02 12:55:37] 自開彩開獎  {202001020156 5 39 true} 
ConfigData  map[database:FA_MEM redisPassword:"" redisDB:3 poolname:FA_MEM user:fa_db password:1qaz!QAZ redisIp:192.168.88.119 redisPort:6379 ip:192.168.88.181 port:3306 charset:utf8]
SqlString  SELECT RTP,Amount,Bonus  FROM M_RtpSetting  WHERE Sid = 1   AND State = 1   AND LTG_Code = 5 AND Gid = 39
[2020-01-02 12:55:37] 自開彩開獎  {202001020776 5 38 true} 
ConfigData  map[poolname:FA_MEM port:3306 user:fa_db redisIp:192.168.88.119 redisPassword:"" ip:192.168.88.181 password:1qaz!QAZ database:FA_MEM charset:utf8 redisPort:6379 redisDB:3]
SqlString  SELECT RTP,Amount,Bonus  FROM M_RtpSetting  WHERE Sid = 1   AND State = 1   AND LTG_Code = 5 AND Gid = 38
sqlResult   map[result: count:0 state:0]
[2020-01-02 12:55:37] rtpData ------->   map[result: count:0 state:0] 
[GIN] 2020/01/02 - 12:55:37 | 200 |    2.756646ms |  192.168.66.115 | POST     /getResult
sqlResult   map[result: count:0 state:0]
[2020-01-02 12:55:37] rtpData ------->   map[result: count:0 state:0] 
[GIN] 2020/01/02 - 12:55:37 | 200 |    3.492949ms |  192.168.66.115 | POST     /getResult
[2020-01-02 12:55:37] 自開彩開獎  {202001020259 1 35 true} 
ConfigData  map[redisDB:3 ip:192.168.88.181 poolname:FA_MEM charset:utf8 redisIp:192.168.88.119 redisPort:6379 redisPassword:"" port:3306 user:fa_db password:1qaz!QAZ database:FA_MEM]
SqlString  SELECT RTP,Amount,Bonus  FROM M_RtpSetting  WHERE Sid = 1   AND State = 1   AND LTG_Code = 1 AND Gid = 35
[2020-01-02 12:55:37] 自開彩開獎  {202001020776 6 36 true} 
ConfigData  map[ip:192.168.88.181 poolname:FA_MEM user:fa_db password:1qaz!QAZ charset:utf8 redisIp:192.168.88.119 redisDB:3 port:3306 database:FA_MEM redisPort:6379 redisPassword:""]
SqlString  SELECT RTP,Amount,Bonus  FROM M_RtpSetting  WHERE Sid = 1   AND State = 1   AND LTG_Code = 6 AND Gid = 36
sqlResult   map[result: count:0 state:0]
[2020-01-02 12:55:37] rtpData ------->   map[result: count:0 state:0] 
[GIN] 2020/01/02 - 12:55:37 | 200 |    2.581941ms |  192.168.66.115 | POST     /getResult
sqlResult   map[result: count:0 state:0]
[2020-01-02 12:55:37] rtpData ------->   map[count:0 state:0 result:] 
[GIN] 2020/01/02 - 12:55:37 | 200 |    3.042892ms |  192.168.66.115 | POST     /getResult
[2020-01-02 12:55:40] 自開彩開獎  {202001020776 1 34 true} 
ConfigData  map[ip:192.168.88.181 poolname:FA_MEM database:FA_MEM charset:utf8 redisPassword:"" port:3306 user:fa_db password:1qaz!QAZ redisIp:192.168.88.119 redisPort:6379 redisDB:3]
SqlString  SELECT RTP,Amount,Bonus  FROM M_RtpSetting  WHERE Sid = 1   AND State = 1   AND LTG_Code = 1 AND Gid = 34
sqlResult   map[result: count:0 state:0]
[2020-01-02 12:55:40] rtpData ------->   map[state:0 result: count:0] 
[GIN] 2020/01/02 - 12:55:40 | 200 |    2.744884ms |  192.168.66.115 | POST     /getResult
[2020-01-02 12:55:42] 自開彩開獎  {202001020776 4 40 true} 
ConfigData  map[charset:utf8 redisPassword:"" port:3306 user:fa_db password:1qaz!QAZ database:FA_MEM redisIp:192.168.88.119 redisPort:6379 redisDB:3 ip:192.168.88.181 poolname:FA_MEM]
SqlString  SELECT RTP,Amount,Bonus  FROM M_RtpSetting  WHERE Sid = 1   AND State = 1   AND LTG_Code = 4 AND Gid = 40
sqlResult   map[result: count:0 state:0]
[2020-01-02 12:55:42] rtpData ------->   map[result: count:0 state:0] 
[GIN] 2020/01/02 - 12:55:42 | 200 |    2.743531ms |  192.168.66.115 | POST     /getResult
[2020-01-02 12:55:42] 自開彩開獎  {202001020259 4 41 true} 
ConfigData  map[ip:192.168.88.181 poolname:FA_MEM database:FA_MEM redisIp:192.168.88.119 redisPort:6379 port:3306 user:fa_db password:1qaz!QAZ charset:utf8 redisPassword:"" redisDB:3]
SqlString  SELECT RTP,Amount,Bonus  FROM M_RtpSetting  WHERE Sid = 1   AND State = 1   AND LTG_Code = 4 AND Gid = 41
sqlResult   map[result: count:0 state:0]
[2020-01-02 12:55:42] rtpData ------->   map[count:0 state:0 result:] 
[GIN] 2020/01/02 - 12:55:42 | 200 |    2.298741ms |  192.168.66.115 | POST     /getResult
[2020-01-02 12:55:43] 自開彩開獎  {202001020776 5 38 true} 
[2020-01-02 12:55:43] 自開彩開獎  {202001020156 5 39 true} 
ConfigData  map[charset:utf8 port:3306 user:fa_db database:FA_MEM redisIp:192.168.88.119 redisPort:6379 redisPassword:"" redisDB:3 ip:192.168.88.181 poolname:FA_MEM password:1qaz!QAZ]
SqlString  SELECT RTP,Amount,Bonus  FROM M_RtpSetting  WHERE Sid = 1   AND State = 1   AND LTG_Code = 5 AND Gid = 38
ConfigData  map[database:FA_MEM charset:utf8 redisPassword:"" user:fa_db password:1qaz!QAZ port:3306 redisIp:192.168.88.119 redisPort:6379 redisDB:3 ip:192.168.88.181 poolname:FA_MEM]
SqlString  SELECT RTP,Amount,Bonus  FROM M_RtpSetting  WHERE Sid = 1   AND State = 1   AND LTG_Code = 5 AND Gid = 39
sqlResult   map[count:0 state:0 result:]
[2020-01-02 12:55:43] rtpData ------->   map[result: count:0 state:0] 
[GIN] 2020/01/02 - 12:55:43 | 200 |     2.79945ms |  192.168.66.115 | POST     /getResult
sqlResult   map[count:0 state:0 result:]
[2020-01-02 12:55:43] rtpData ------->   map[count:0 state:0 result:] 
[GIN] 2020/01/02 - 12:55:43 | 200 |    2.973929ms |  192.168.66.115 | POST     /getResult
[2020-01-02 12:55:43] 自開彩開獎  {202001020259 1 35 true} 
[2020-01-02 12:55:43] 自開彩開獎  {202001020776 6 36 true} 
ConfigData  map[port:3306 password:1qaz!QAZ database:FA_MEM redisPassword:"" ip:192.168.88.181 user:fa_db charset:utf8 redisIp:192.168.88.119 redisPort:6379 redisDB:3 poolname:FA_MEM]
SqlString  SELECT RTP,Amount,Bonus  FROM M_RtpSetting  WHERE Sid = 1   AND State = 1   AND LTG_Code = 6 AND Gid = 36
ConfigData  map[ip:192.168.88.181 database:FA_MEM redisIp:192.168.88.119 redisPassword:"" redisDB:3 redisPort:6379 poolname:FA_MEM port:3306 user:fa_db password:1qaz!QAZ charset:utf8]
SqlString  SELECT RTP,Amount,Bonus  FROM M_RtpSetting  WHERE Sid = 1   AND State = 1   AND LTG_Code = 1 AND Gid = 35
sqlResult   map[result: count:0 state:0]
[2020-01-02 12:55:43] rtpData ------->   map[result: count:0 state:0] 
sqlResult   map[count:0 state:0 result:]
[GIN] 2020/01/02 - 12:55:43 | 200 |    2.733056ms |  192.168.66.115 | POST     /getResult
[2020-01-02 12:55:43] rtpData ------->   map[result: count:0 state:0] 
[GIN] 2020/01/02 - 12:55:43 | 200 |    2.967609ms |  192.168.66.115 | POST     /getResult
[2020-01-02 12:55:46] 自開彩開獎  {202001020776 1 34 true} 
ConfigData  map[poolname:FA_MEM user:fa_db redisIp:192.168.88.119 redisPort:6379 charset:utf8 redisPassword:"" redisDB:3 ip:192.168.88.181 port:3306 password:1qaz!QAZ database:FA_MEM]
SqlString  SELECT RTP,Amount,Bonus  FROM M_RtpSetting  WHERE Sid = 1   AND State = 1   AND LTG_Code = 1 AND Gid = 34
sqlResult   map[result: count:0 state:0]
[2020-01-02 12:55:46] rtpData ------->   map[result: count:0 state:0] 
[GIN] 2020/01/02 - 12:55:46 | 200 |    2.174971ms |  192.168.66.115 | POST     /getResult
[2020-01-02 12:55:48] 自開彩開獎  {202001020776 4 40 true} 
ConfigData  map[ip:192.168.88.181 poolname:FA_MEM port:3306 database:FA_MEM charset:utf8 redisPassword:"" redisDB:3 user:fa_db password:1qaz!QAZ redisIp:192.168.88.119 redisPort:6379]
SqlString  SELECT RTP,Amount,Bonus  FROM M_RtpSetting  WHERE Sid = 1   AND State = 1   AND LTG_Code = 4 AND Gid = 40
sqlResult   map[state:0 result: count:0]
[2020-01-02 12:55:48] rtpData ------->   map[state:0 result: count:0] 
[GIN] 2020/01/02 - 12:55:48 | 200 |    3.379076ms |  192.168.66.115 | POST     /getResult
[2020-01-02 12:55:48] 自開彩開獎  {202001020259 4 41 true} 
ConfigData  map[charset:utf8 redisPassword:"" ip:192.168.88.181 user:fa_db password:1qaz!QAZ database:FA_MEM redisDB:3 poolname:FA_MEM port:3306 redisIp:192.168.88.119 redisPort:6379]
SqlString  SELECT RTP,Amount,Bonus  FROM M_RtpSetting  WHERE Sid = 1   AND State = 1   AND LTG_Code = 4 AND Gid = 41
sqlResult   map[result: count:0 state:0]
[2020-01-02 12:55:48] rtpData ------->   map[state:0 result: count:0] 
[GIN] 2020/01/02 - 12:55:48 | 200 |    2.770061ms |  192.168.66.115 | POST     /getResult
[2020-01-02 12:55:49] 自開彩開獎  {202001020156 5 39 true} 
ConfigData  map[password:1qaz!QAZ user:fa_db poolname:FA_MEM port:3306 database:FA_MEM charset:utf8 redisIp:192.168.88.119 redisPort:6379 redisPassword:"" ip:192.168.88.181 redisDB:3]
SqlString  SELECT RTP,Amount,Bonus  FROM M_RtpSetting  WHERE Sid = 1   AND State = 1   AND LTG_Code = 5 AND Gid = 39
[2020-01-02 12:55:49] 自開彩開獎  {202001020776 5 38 true} 
ConfigData  map[port:3306 redisPort:6379 ip:192.168.88.181 poolname:FA_MEM user:fa_db password:1qaz!QAZ database:FA_MEM charset:utf8 redisIp:192.168.88.119 redisPassword:"" redisDB:3]
SqlString  SELECT RTP,Amount,Bonus  FROM M_RtpSetting  WHERE Sid = 1   AND State = 1   AND LTG_Code = 5 AND Gid = 38
sqlResult   map[result: count:0 state:0]
[2020-01-02 12:55:49] rtpData ------->   map[count:0 state:0 result:] 
[GIN] 2020/01/02 - 12:55:49 | 200 |    2.683739ms |  192.168.66.115 | POST     /getResult
sqlResult   map[result: count:0 state:0]
[2020-01-02 12:55:49] rtpData ------->   map[state:0 result: count:0] 
[GIN] 2020/01/02 - 12:55:49 | 200 |    2.772727ms |  192.168.66.115 | POST     /getResult
[2020-01-02 12:55:49] 自開彩開獎  {202001020776 6 36 true} 
ConfigData  map[ip:192.168.88.181 port:3306 password:1qaz!QAZ charset:utf8 redisIp:192.168.88.119 redisPort:6379 poolname:FA_MEM user:fa_db database:FA_MEM redisPassword:"" redisDB:3]
SqlString  SELECT RTP,Amount,Bonus  FROM M_RtpSetting  WHERE Sid = 1   AND State = 1   AND LTG_Code = 6 AND Gid = 36
[2020-01-02 12:55:49] 自開彩開獎  {202001020259 1 35 true} 
ConfigData  map[redisDB:3 ip:192.168.88.181 password:1qaz!QAZ database:FA_MEM charset:utf8 redisIp:192.168.88.119 redisPort:6379 poolname:FA_MEM port:3306 user:fa_db redisPassword:""]
SqlString  SELECT RTP,Amount,Bonus  FROM M_RtpSetting  WHERE Sid = 1   AND State = 1   AND LTG_Code = 1 AND Gid = 35
sqlResult   map[result: count:0 state:0]
[2020-01-02 12:55:49] rtpData ------->   map[result: count:0 state:0] 
[GIN] 2020/01/02 - 12:55:49 | 200 |    3.133545ms |  192.168.66.115 | POST     /getResult
sqlResult   map[count:0 state:0 result:]
[2020-01-02 12:55:49] rtpData ------->   map[result: count:0 state:0] 
[GIN] 2020/01/02 - 12:55:49 | 200 |    3.265602ms |  192.168.66.115 | POST     /getResult
[2020-01-02 12:55:52] 自開彩開獎  {202001020776 1 34 true} 
ConfigData  map[redisPassword:"" ip:192.168.88.181 user:fa_db password:1qaz!QAZ database:FA_MEM charset:utf8 poolname:FA_MEM port:3306 redisIp:192.168.88.119 redisPort:6379 redisDB:3]
SqlString  SELECT RTP,Amount,Bonus  FROM M_RtpSetting  WHERE Sid = 1   AND State = 1   AND LTG_Code = 1 AND Gid = 34
sqlResult   map[result: count:0 state:0]
[2020-01-02 12:55:52] rtpData ------->   map[result: count:0 state:0] 
[GIN] 2020/01/02 - 12:55:52 | 200 |    2.019381ms |  192.168.66.115 | POST     /getResult
[2020-01-02 12:55:54] 自開彩開獎  {202001020776 4 40 true} 
ConfigData  map[ip:192.168.88.181 password:1qaz!QAZ database:FA_MEM charset:utf8 redisPort:6379 poolname:FA_MEM port:3306 user:fa_db redisIp:192.168.88.119 redisPassword:"" redisDB:3]
SqlString  SELECT RTP,Amount,Bonus  FROM M_RtpSetting  WHERE Sid = 1   AND State = 1   AND LTG_Code = 4 AND Gid = 40
sqlResult   map[count:0 state:0 result:]
[2020-01-02 12:55:54] rtpData ------->   map[result: count:0 state:0] 
[GIN] 2020/01/02 - 12:55:54 | 200 |    2.747663ms |  192.168.66.115 | POST     /getResult
[2020-01-02 12:55:54] 自開彩開獎  {202001020259 4 41 true} 
ConfigData  map[poolname:FA_MEM password:1qaz!QAZ database:FA_MEM charset:utf8 redisIp:192.168.88.119 redisPort:6379 redisDB:3 ip:192.168.88.181 port:3306 user:fa_db redisPassword:""]
SqlString  SELECT RTP,Amount,Bonus  FROM M_RtpSetting  WHERE Sid = 1   AND State = 1   AND LTG_Code = 4 AND Gid = 41
sqlResult   map[result: count:0 state:0]
[2020-01-02 12:55:54] rtpData ------->   map[result: count:0 state:0] 
[GIN] 2020/01/02 - 12:55:54 | 200 |    1.668965ms |  192.168.66.115 | POST     /getResult
[2020-01-02 12:55:55] 自開彩開獎  {202001020776 5 38 true} 
ConfigData  map[redisPassword:"" redisDB:3 port:3306 user:fa_db charset:utf8 redisPort:6379 redisIp:192.168.88.119 ip:192.168.88.181 poolname:FA_MEM password:1qaz!QAZ database:FA_MEM]
SqlString  SELECT RTP,Amount,Bonus  FROM M_RtpSetting  WHERE Sid = 1   AND State = 1   AND LTG_Code = 5 AND Gid = 38
[2020-01-02 12:55:55] 自開彩開獎  {202001020156 5 39 true} 
ConfigData  map[poolname:FA_MEM password:1qaz!QAZ database:FA_MEM redisIp:192.168.88.119 redisPort:6379 redisPassword:"" redisDB:3 ip:192.168.88.181 port:3306 user:fa_db charset:utf8]
SqlString  SELECT RTP,Amount,Bonus  FROM M_RtpSetting  WHERE Sid = 1   AND State = 1   AND LTG_Code = 5 AND Gid = 39
sqlResult   map[result: count:0 state:0]
[2020-01-02 12:55:55] rtpData ------->   map[state:0 result: count:0] 
sqlResult   map[result: count:0 state:0]
[2020-01-02 12:55:55] rtpData ------->   map[result: count:0 state:0] 
[GIN] 2020/01/02 - 12:55:55 | 200 |    2.605178ms |  192.168.66.115 | POST     /getResult
[GIN] 2020/01/02 - 12:55:55 | 200 |    2.702515ms |  192.168.66.115 | POST     /getResult
[2020-01-02 12:55:55] 自開彩開獎  {202001020776 6 36 true} 
[2020-01-02 12:55:55] 自開彩開獎  {202001020259 1 35 true} 
ConfigData  map[redisPort:6379 redisPassword:"" ip:192.168.88.181 password:1qaz!QAZ database:FA_MEM charset:utf8 redisIp:192.168.88.119 redisDB:3 poolname:FA_MEM port:3306 user:fa_db]
SqlString  SELECT RTP,Amount,Bonus  FROM M_RtpSetting  WHERE Sid = 1   AND State = 1   AND LTG_Code = 1 AND Gid = 35
ConfigData  map[redisPassword:"" poolname:FA_MEM user:fa_db database:FA_MEM charset:utf8 redisPort:6379 ip:192.168.88.181 port:3306 password:1qaz!QAZ redisIp:192.168.88.119 redisDB:3]
SqlString  SELECT RTP,Amount,Bonus  FROM M_RtpSetting  WHERE Sid = 1   AND State = 1   AND LTG_Code = 6 AND Gid = 36
sqlResult   map[result: count:0 state:0]
[2020-01-02 12:55:55] rtpData ------->   map[result: count:0 state:0] 
[GIN] 2020/01/02 - 12:55:55 | 200 |    2.307139ms |  192.168.66.115 | POST     /getResult
sqlResult   map[result: count:0 state:0]
[2020-01-02 12:55:55] rtpData ------->   map[result: count:0 state:0] 
[GIN] 2020/01/02 - 12:55:55 | 200 |    2.605447ms |  192.168.66.115 | POST     /getResult
[2020-01-02 12:55:58] 自開彩開獎  {202001020776 1 34 true} 
ConfigData  map[redisDB:3 port:3306 database:FA_MEM redisIp:192.168.88.119 password:1qaz!QAZ charset:utf8 redisPort:6379 redisPassword:"" ip:192.168.88.181 poolname:FA_MEM user:fa_db]
SqlString  SELECT RTP,Amount,Bonus  FROM M_RtpSetting  WHERE Sid = 1   AND State = 1   AND LTG_Code = 1 AND Gid = 34
sqlResult   map[result: count:0 state:0]
[2020-01-02 12:55:58] rtpData ------->   map[result: count:0 state:0] 
[GIN] 2020/01/02 - 12:55:58 | 200 |    5.045823ms |  192.168.66.115 | POST     /getResult
[2020-01-02 12:56:00] 自開彩開獎  {202001020776 4 40 true} 
ConfigData  map[ip:192.168.88.181 user:fa_db database:FA_MEM redisIp:192.168.88.119 redisPort:6379 redisDB:3 poolname:FA_MEM port:3306 password:1qaz!QAZ charset:utf8 redisPassword:""]
SqlString  SELECT RTP,Amount,Bonus  FROM M_RtpSetting  WHERE Sid = 1   AND State = 1   AND LTG_Code = 4 AND Gid = 40
sqlResult   map[state:0 result: count:0]
[2020-01-02 12:56:00] rtpData ------->   map[count:0 state:0 result:] 
[GIN] 2020/01/02 - 12:56:00 | 200 |    2.650689ms |  192.168.66.115 | POST     /getResult
[2020-01-02 12:56:00] 自開彩開獎  {202001020259 4 41 true} 
ConfigData  map[user:fa_db password:1qaz!QAZ charset:utf8 redisIp:192.168.88.119 redisPassword:"" ip:192.168.88.181 poolname:FA_MEM port:3306 database:FA_MEM redisPort:6379 redisDB:3]
SqlString  SELECT RTP,Amount,Bonus  FROM M_RtpSetting  WHERE Sid = 1   AND State = 1   AND LTG_Code = 4 AND Gid = 41
sqlResult   map[result: count:0 state:0]
[2020-01-02 12:56:00] rtpData ------->   map[result: count:0 state:0] 
[GIN] 2020/01/02 - 12:56:00 | 200 |     2.75131ms |  192.168.66.115 | POST     /getResult
[2020-01-02 12:56:01] 自開彩開獎  {202001020776 5 38 true} 
ConfigData  map[redisDB:3 ip:192.168.88.181 port:3306 password:1qaz!QAZ database:FA_MEM redisPort:6379 redisPassword:"" poolname:FA_MEM user:fa_db charset:utf8 redisIp:192.168.88.119]
SqlString  SELECT RTP,Amount,Bonus  FROM M_RtpSetting  WHERE Sid = 1   AND State = 1   AND LTG_Code = 5 AND Gid = 38
[2020-01-02 12:56:01] 自開彩開獎  {202001020156 5 39 true} 
ConfigData  map[redisIp:192.168.88.119 redisPort:6379 redisDB:3 poolname:FA_MEM port:3306 password:1qaz!QAZ charset:utf8 ip:192.168.88.181 user:fa_db database:FA_MEM redisPassword:""]
SqlString  SELECT RTP,Amount,Bonus  FROM M_RtpSetting  WHERE Sid = 1   AND State = 1   AND LTG_Code = 5 AND Gid = 39
sqlResult   map[state:0 result: count:0]
[2020-01-02 12:56:01] rtpData ------->   map[state:0 result: count:0] 
[GIN] 2020/01/02 - 12:56:01 | 200 |    3.131836ms |  192.168.66.115 | POST     /getResult
sqlResult   map[result: count:0 state:0]
[2020-01-02 12:56:01] rtpData ------->   map[result: count:0 state:0] 
[GIN] 2020/01/02 - 12:56:01 | 200 |    3.255572ms |  192.168.66.115 | POST     /getResult
[2020-01-02 12:56:01] 自開彩開獎  {202001020777 2 26 true} 
ConfigData  map[ip:192.168.88.181 poolname:FA_MEM password:1qaz!QAZ redisIp:192.168.88.119 redisPassword:"" port:3306 user:fa_db database:FA_MEM charset:utf8 redisPort:6379 redisDB:3]
SqlString  SELECT RTP,Amount,Bonus  FROM M_RtpSetting  WHERE Sid = 1   AND State = 1   AND LTG_Code = 2 AND Gid = 26
sqlResult   map[amount:1.0069588e+06 bonus:908100.71 result:0.9600 count:1 state:1]
[2020-01-02 12:56:01] rtpData ------->   map[result:0.9600 count:1 state:1 amount:1.0069588e+06 bonus:908100.71] 
ConfigData  map[poolname:FA_MEM database:FA_MEM charset:utf8 redisIp:192.168.88.119 redisDB:3 ip:192.168.88.181 port:3306 user:fa_db password:1qaz!QAZ redisPort:6379 redisPassword:""]
SELECT BO_No, BO_OrderNo , BO_User , BO_Issue  , BO_LotteryTypeGroup, BO_LotteryType, BO_Mode, BO_LotteryPlayGroup, BO_LotteryPlay , BO_LotteryContent, BO_Price, BO_RealPrice, BO_Unit, BO_Multiple , BO_BetCount  , BO_Winnings, BO_Winnings2, BO_Winnings3, BO_WinningLimit  , BO_Water , BO_BW_SourceUserId, BO_BW_BackWater, BO_BW_LimitBetCount, BO_BW_MaxAmount, BO_BW_AuditMultiple  , BO_Odds, BO_Odds2, BO_Odds3 , BO_Type, BO_Chase , BO_OpenResult, BO_OpenResult2, BO_DateDraw, BO_DateDraw2, BO_DateUpdate  FROM TS_BetOrder  WHERE BO_Cancel = 0   AND BO_CancelBackend = 0   AND BO_LotteryTypeGroup = 2 AND BO_LotteryType = 26 AND BO_Issue = 202001020777 AND BO_Collect = 0 ORDER BY BO_DateDraw ASC, BO_DateCreate ASC, BO_DateUpdate ASC, BO_No ASC ;
[2020-01-02 12:56:01] LottteryTypeGroup 2 
[2020-01-02 12:56:01] 有期號 但無注單 -------> map[amount:0 bonus:0 thisOpenResult:[5 8 0 0 7]] 
[GIN] 2020/01/02 - 12:56:01 | 200 |    4.849034ms |  192.168.66.115 | POST     /getResult
[2020-01-02 12:56:01] 自開彩開獎  {202001020776 6 36 true} 
ConfigData  map[password:1qaz!QAZ database:FA_MEM redisIp:192.168.88.119 redisPassword:"" ip:192.168.88.181 port:3306 charset:utf8 redisPort:6379 redisDB:3 poolname:FA_MEM user:fa_db]
SqlString  SELECT RTP,Amount,Bonus  FROM M_RtpSetting  WHERE Sid = 1   AND State = 1   AND LTG_Code = 6 AND Gid = 36
[2020-01-02 12:56:01] 自開彩開獎  {202001020259 1 35 true} 
ConfigData  map[database:FA_MEM redisIp:192.168.88.119 redisPassword:"" redisDB:3 redisPort:6379 ip:192.168.88.181 poolname:FA_MEM port:3306 user:fa_db password:1qaz!QAZ charset:utf8]
SqlString  SELECT RTP,Amount,Bonus  FROM M_RtpSetting  WHERE Sid = 1   AND State = 1   AND LTG_Code = 1 AND Gid = 35
sqlResult   map[result: count:0 state:0]
[2020-01-02 12:56:01] rtpData ------->   map[result: count:0 state:0] 
sqlResult   map[result: count:0 state:0]
[2020-01-02 12:56:01] rtpData ------->   map[result: count:0 state:0] 
[GIN] 2020/01/02 - 12:56:01 | 200 |     2.61432ms |  192.168.66.115 | POST     /getResult
[GIN] 2020/01/02 - 12:56:01 | 200 |    2.535718ms |  192.168.66.115 | POST     /getResult
[2020-01-02 12:56:04] 自開彩開獎  {202001020776 1 34 true} 
ConfigData  map[user:fa_db redisDB:3 ip:192.168.88.181 port:3306 database:FA_MEM charset:utf8 redisIp:192.168.88.119 redisPort:6379 redisPassword:"" poolname:FA_MEM password:1qaz!QAZ]
SqlString  SELECT RTP,Amount,Bonus  FROM M_RtpSetting  WHERE Sid = 1   AND State = 1   AND LTG_Code = 1 AND Gid = 34
sqlResult   map[result: count:0 state:0]
[2020-01-02 12:56:04] rtpData ------->   map[count:0 state:0 result:] 
[GIN] 2020/01/02 - 12:56:04 | 200 |    2.114607ms |  192.168.66.115 | POST     /getResult
[2020-01-02 12:56:06] 自開彩開獎  {202001020776 4 40 true} 
ConfigData  map[redisPassword:"" ip:192.168.88.181 password:1qaz!QAZ user:fa_db database:FA_MEM charset:utf8 redisIp:192.168.88.119 redisPort:6379 redisDB:3 poolname:FA_MEM port:3306]
SqlString  SELECT RTP,Amount,Bonus  FROM M_RtpSetting  WHERE Sid = 1   AND State = 1   AND LTG_Code = 4 AND Gid = 40
sqlResult   map[result: count:0 state:0]
[2020-01-02 12:56:06] rtpData ------->   map[count:0 state:0 result:] 
[GIN] 2020/01/02 - 12:56:06 | 200 |    2.398316ms |  192.168.66.115 | POST     /getResult
[2020-01-02 12:56:06] 自開彩開獎  {202001020259 4 41 true} 
ConfigData  map[redisPassword:"" poolname:FA_MEM port:3306 user:fa_db redisPort:6379 redisIp:192.168.88.119 redisDB:3 ip:192.168.88.181 password:1qaz!QAZ database:FA_MEM charset:utf8]
SqlString  SELECT RTP,Amount,Bonus  FROM M_RtpSetting  WHERE Sid = 1   AND State = 1   AND LTG_Code = 4 AND Gid = 41
sqlResult   map[result: count:0 state:0]
[2020-01-02 12:56:06] rtpData ------->   map[result: count:0 state:0] 
[GIN] 2020/01/02 - 12:56:06 | 200 |    3.804043ms |  192.168.66.115 | POST     /getResult
[2020-01-02 12:56:07] 自開彩開獎  {202001020777 5 38 true} 
ConfigData  map[redisIp:192.168.88.119 redisPassword:"" poolname:FA_MEM port:3306 user:fa_db password:1qaz!QAZ database:FA_MEM charset:utf8 redisPort:6379 redisDB:3 ip:192.168.88.181]
SqlString  SELECT RTP,Amount,Bonus  FROM M_RtpSetting  WHERE Sid = 1   AND State = 1   AND LTG_Code = 5 AND Gid = 38
sqlResult   map[state:0 result: count:0]
[2020-01-02 12:56:07] rtpData ------->   map[result: count:0 state:0] 
[GIN] 2020/01/02 - 12:56:07 | 200 |    2.524994ms |  192.168.66.115 | POST     /getResult
[2020-01-02 12:56:07] 自開彩開獎  {202001020259 1 35 true} 
ConfigData  map[ip:192.168.88.181 port:3306 user:fa_db database:FA_MEM redisPassword:"" poolname:FA_MEM password:1qaz!QAZ charset:utf8 redisIp:192.168.88.119 redisPort:6379 redisDB:3]
SqlString  SELECT RTP,Amount,Bonus  FROM M_RtpSetting  WHERE Sid = 1   AND State = 1   AND LTG_Code = 1 AND Gid = 35
[2020-01-02 12:56:07] 自開彩開獎  {202001020777 6 36 true} 
ConfigData  map[ip:192.168.88.181 poolname:FA_MEM port:3306 charset:utf8 redisPort:6379 user:fa_db password:1qaz!QAZ database:FA_MEM redisIp:192.168.88.119 redisPassword:"" redisDB:3]
SqlString  SELECT RTP,Amount,Bonus  FROM M_RtpSetting  WHERE Sid = 1   AND State = 1   AND LTG_Code = 6 AND Gid = 36
sqlResult   map[result: count:0 state:0]
[2020-01-02 12:56:07] rtpData ------->   map[result: count:0 state:0] 
sqlResult   map[result: count:0 state:0]
[2020-01-02 12:56:07] rtpData ------->   map[result: count:0 state:0] 
[GIN] 2020/01/02 - 12:56:07 | 200 |    2.408838ms |  192.168.66.115 | POST     /getResult
[GIN] 2020/01/02 - 12:56:07 | 200 |     2.22636ms |  192.168.66.115 | POST     /getResult
[2020-01-02 12:56:10] 自開彩開獎  {202001020777 1 34 true} 
ConfigData  map[redisDB:3 port:3306 password:1qaz!QAZ database:FA_MEM redisIp:192.168.88.119 redisPort:6379 redisPassword:"" ip:192.168.88.181 poolname:FA_MEM user:fa_db charset:utf8]
SqlString  SELECT RTP,Amount,Bonus  FROM M_RtpSetting  WHERE Sid = 1   AND State = 1   AND LTG_Code = 1 AND Gid = 34
sqlResult   map[result: count:0 state:0]
[2020-01-02 12:56:10] rtpData ------->   map[result: count:0 state:0] 
[GIN] 2020/01/02 - 12:56:10 | 200 |    1.862975ms |  192.168.66.115 | POST     /getResult
[2020-01-02 12:56:12] 自開彩開獎  {202001020777 4 40 true} 
ConfigData  map[password:1qaz!QAZ charset:utf8 redisIp:192.168.88.119 redisPassword:"" poolname:FA_MEM port:3306 user:fa_db database:FA_MEM redisPort:6379 redisDB:3 ip:192.168.88.181]
SqlString  SELECT RTP,Amount,Bonus  FROM M_RtpSetting  WHERE Sid = 1   AND State = 1   AND LTG_Code = 4 AND Gid = 40
sqlResult   map[result: count:0 state:0]
[2020-01-02 12:56:12] rtpData ------->   map[result: count:0 state:0] 
[GIN] 2020/01/02 - 12:56:12 | 200 |    2.462518ms |  192.168.66.115 | POST     /getResult
[2020-01-02 12:56:12] 自開彩開獎  {202001020259 4 41 true} 
ConfigData  map[port:3306 charset:utf8 redisPort:6379 database:FA_MEM redisIp:192.168.88.119 redisPassword:"" redisDB:3 ip:192.168.88.181 poolname:FA_MEM user:fa_db password:1qaz!QAZ]
SqlString  SELECT RTP,Amount,Bonus  FROM M_RtpSetting  WHERE Sid = 1   AND State = 1   AND LTG_Code = 4 AND Gid = 41
sqlResult   map[result: count:0 state:0]
[2020-01-02 12:56:12] rtpData ------->   map[result: count:0 state:0] 
[GIN] 2020/01/02 - 12:56:12 | 200 |      2.1706ms |  192.168.66.115 | POST     /getResult
[2020-01-02 12:56:13] 自開彩開獎  {202001020777 5 38 true} 
ConfigData  map[ip:192.168.88.181 port:3306 database:FA_MEM redisPort:6379 redisDB:3 poolname:FA_MEM user:fa_db password:1qaz!QAZ charset:utf8 redisIp:192.168.88.119 redisPassword:""]
SqlString  SELECT RTP,Amount,Bonus  FROM M_RtpSetting  WHERE Sid = 1   AND State = 1   AND LTG_Code = 5 AND Gid = 38
sqlResult   map[result: count:0 state:0]
[2020-01-02 12:56:13] rtpData ------->   map[result: count:0 state:0] 
[GIN] 2020/01/02 - 12:56:13 | 200 |    2.804081ms |  192.168.66.115 | POST     /getResult
[2020-01-02 12:56:13] 自開彩開獎  {202001020259 1 35 true} 
ConfigData  map[port:3306 password:1qaz!QAZ redisIp:192.168.88.119 redisPort:6379 redisDB:3 ip:192.168.88.181 poolname:FA_MEM charset:utf8 redisPassword:"" user:fa_db database:FA_MEM]
SqlString  SELECT RTP,Amount,Bonus  FROM M_RtpSetting  WHERE Sid = 1   AND State = 1   AND LTG_Code = 1 AND Gid = 35
[2020-01-02 12:56:13] 自開彩開獎  {202001020777 6 36 true} 
ConfigData  map[database:FA_MEM charset:utf8 redisIp:192.168.88.119 redisPort:6379 ip:192.168.88.181 poolname:FA_MEM port:3306 user:fa_db redisPassword:"" password:1qaz!QAZ redisDB:3]
SqlString  SELECT RTP,Amount,Bonus  FROM M_RtpSetting  WHERE Sid = 1   AND State = 1   AND LTG_Code = 6 AND Gid = 36
sqlResult   map[result: count:0 state:0]
[2020-01-02 12:56:13] rtpData ------->   map[state:0 result: count:0] 
[GIN] 2020/01/02 - 12:56:13 | 200 |    2.189188ms |  192.168.66.115 | POST     /getResult
sqlResult   map[result: count:0 state:0]
[2020-01-02 12:56:13] rtpData ------->   map[state:0 result: count:0] 
[GIN] 2020/01/02 - 12:56:13 | 200 |    2.372173ms |  192.168.66.115 | POST     /getResult
[2020-01-02 12:56:16] 自開彩開獎  {202001020777 1 34 true} 
ConfigData  map[ip:192.168.88.181 user:fa_db database:FA_MEM redisPassword:"" redisDB:3 poolname:FA_MEM port:3306 password:1qaz!QAZ charset:utf8 redisIp:192.168.88.119 redisPort:6379]
SqlString  SELECT RTP,Amount,Bonus  FROM M_RtpSetting  WHERE Sid = 1   AND State = 1   AND LTG_Code = 1 AND Gid = 34
sqlResult   map[result: count:0 state:0]
[2020-01-02 12:56:16] rtpData ------->   map[state:0 result: count:0] 
[GIN] 2020/01/02 - 12:56:16 | 200 |    2.622952ms |  192.168.66.115 | POST     /getResult
[2020-01-02 12:56:18] 自開彩開獎  {202001020777 4 40 true} 
ConfigData  map[redisDB:3 ip:192.168.88.181 port:3306 password:1qaz!QAZ database:FA_MEM charset:utf8 redisIp:192.168.88.119 redisPort:6379 poolname:FA_MEM user:fa_db redisPassword:""]
SqlString  SELECT RTP,Amount,Bonus  FROM M_RtpSetting  WHERE Sid = 1   AND State = 1   AND LTG_Code = 4 AND Gid = 40
sqlResult   map[result: count:0 state:0]
[2020-01-02 12:56:18] rtpData ------->   map[result: count:0 state:0] 
[GIN] 2020/01/02 - 12:56:18 | 200 |    2.590166ms |  192.168.66.115 | POST     /getResult
[2020-01-02 12:56:18] 自開彩開獎  {202001020259 4 41 true} 
ConfigData  map[redisDB:3 ip:192.168.88.181 database:FA_MEM charset:utf8 redisIp:192.168.88.119 redisPort:6379 poolname:FA_MEM port:3306 user:fa_db password:1qaz!QAZ redisPassword:""]
SqlString  SELECT RTP,Amount,Bonus  FROM M_RtpSetting  WHERE Sid = 1   AND State = 1   AND LTG_Code = 4 AND Gid = 41
sqlResult   map[result: count:0 state:0]
[2020-01-02 12:56:18] rtpData ------->   map[result: count:0 state:0] 
[GIN] 2020/01/02 - 12:56:18 | 200 |    2.016703ms |  192.168.66.115 | POST     /getResult
[2020-01-02 12:56:19] 自開彩開獎  {202001020777 5 38 true} 
ConfigData  map[redisPassword:"" redisDB:3 port:3306 charset:utf8 redisIp:192.168.88.119 redisPort:6379 database:FA_MEM ip:192.168.88.181 poolname:FA_MEM user:fa_db password:1qaz!QAZ]
SqlString  SELECT RTP,Amount,Bonus  FROM M_RtpSetting  WHERE Sid = 1   AND State = 1   AND LTG_Code = 5 AND Gid = 38
sqlResult   map[result: count:0 state:0]
[2020-01-02 12:56:19] rtpData ------->   map[result: count:0 state:0] 
[GIN] 2020/01/02 - 12:56:19 | 200 |     3.49939ms |  192.168.66.115 | POST     /getResult
[2020-01-02 12:56:19] 自開彩開獎  {202001020259 1 35 true} 
[2020-01-02 12:56:19] 自開彩開獎  {202001020777 6 36 true} 
ConfigData  map[charset:utf8 redisIp:192.168.88.119 redisPort:6379 redisDB:3 poolname:FA_MEM database:FA_MEM user:fa_db password:1qaz!QAZ redisPassword:"" ip:192.168.88.181 port:3306]
SqlString  SELECT RTP,Amount,Bonus  FROM M_RtpSetting  WHERE Sid = 1   AND State = 1   AND LTG_Code = 6 AND Gid = 36
ConfigData  map[redisDB:3 poolname:FA_MEM port:3306 user:fa_db password:1qaz!QAZ database:FA_MEM redisIp:192.168.88.119 ip:192.168.88.181 charset:utf8 redisPort:6379 redisPassword:""]
SqlString  SELECT RTP,Amount,Bonus  FROM M_RtpSetting  WHERE Sid = 1   AND State = 1   AND LTG_Code = 1 AND Gid = 35
sqlResult   map[result: count:0 state:0]
[2020-01-02 12:56:19] rtpData ------->   map[result: count:0 state:0] 
[GIN] 2020/01/02 - 12:56:19 | 200 |    2.203054ms |  192.168.66.115 | POST     /getResult
sqlResult   map[result: count:0 state:0]
[2020-01-02 12:56:19] rtpData ------->   map[result: count:0 state:0] 
[GIN] 2020/01/02 - 12:56:19 | 200 |    2.178277ms |  192.168.66.115 | POST     /getResult
[2020-01-02 12:56:22] 自開彩開獎  {202001020777 1 34 true} 
ConfigData  map[user:fa_db database:FA_MEM charset:utf8 redisIp:192.168.88.119 redisDB:3 ip:192.168.88.181 poolname:FA_MEM port:3306 password:1qaz!QAZ redisPort:6379 redisPassword:""]
SqlString  SELECT RTP,Amount,Bonus  FROM M_RtpSetting  WHERE Sid = 1   AND State = 1   AND LTG_Code = 1 AND Gid = 34
sqlResult   map[result: count:0 state:0]
[2020-01-02 12:56:22] rtpData ------->   map[result: count:0 state:0] 
[GIN] 2020/01/02 - 12:56:22 | 200 |    2.263929ms |  192.168.66.115 | POST     /getResult
[2020-01-02 12:56:24] 自開彩開獎  {202001020777 4 40 true} 
ConfigData  map[user:fa_db redisIp:192.168.88.119 redisPort:6379 redisDB:3 ip:192.168.88.181 poolname:FA_MEM port:3306 redisPassword:"" password:1qaz!QAZ database:FA_MEM charset:utf8]
SqlString  SELECT RTP,Amount,Bonus  FROM M_RtpSetting  WHERE Sid = 1   AND State = 1   AND LTG_Code = 4 AND Gid = 40
sqlResult   map[result: count:0 state:0]
[2020-01-02 12:56:24] rtpData ------->   map[result: count:0 state:0] 
[GIN] 2020/01/02 - 12:56:24 | 200 |    2.473338ms |  192.168.66.115 | POST     /getResult
[2020-01-02 12:56:24] 自開彩開獎  {202001020259 4 41 true} 
ConfigData  map[charset:utf8 redisPassword:"" redisDB:3 database:FA_MEM poolname:FA_MEM port:3306 user:fa_db password:1qaz!QAZ redisIp:192.168.88.119 redisPort:6379 ip:192.168.88.181]
SqlString  SELECT RTP,Amount,Bonus  FROM M_RtpSetting  WHERE Sid = 1   AND State = 1   AND LTG_Code = 4 AND Gid = 41
sqlResult   map[result: count:0 state:0]
[2020-01-02 12:56:24] rtpData ------->   map[result: count:0 state:0] 
[GIN] 2020/01/02 - 12:56:24 | 200 |    1.959179ms |  192.168.66.115 | POST     /getResult
[2020-01-02 12:56:25] 自開彩開獎  {202001020777 5 38 true} 
ConfigData  map[poolname:FA_MEM user:fa_db charset:utf8 redisIp:192.168.88.119 redisPort:6379 redisDB:3 ip:192.168.88.181 password:1qaz!QAZ database:FA_MEM redisPassword:"" port:3306]
SqlString  SELECT RTP,Amount,Bonus  FROM M_RtpSetting  WHERE Sid = 1   AND State = 1   AND LTG_Code = 5 AND Gid = 38
sqlResult   map[result: count:0 state:0]
[2020-01-02 12:56:25] rtpData ------->   map[result: count:0 state:0] 
[GIN] 2020/01/02 - 12:56:25 | 200 |    2.958408ms |  192.168.66.115 | POST     /getResult
[2020-01-02 12:56:25] 自開彩開獎  {202001020259 1 35 true} 
ConfigData  map[redisIp:192.168.88.119 redisPort:6379 redisDB:3 ip:192.168.88.181 user:fa_db password:1qaz!QAZ charset:utf8 poolname:FA_MEM port:3306 database:FA_MEM redisPassword:""]
SqlString  SELECT RTP,Amount,Bonus  FROM M_RtpSetting  WHERE Sid = 1   AND State = 1   AND LTG_Code = 1 AND Gid = 35
[2020-01-02 12:56:25] 自開彩開獎  {202001020777 6 36 true} 
ConfigData  map[ip:192.168.88.181 poolname:FA_MEM user:fa_db charset:utf8 redisDB:3 port:3306 password:1qaz!QAZ database:FA_MEM redisIp:192.168.88.119 redisPort:6379 redisPassword:""]
SqlString  SELECT RTP,Amount,Bonus  FROM M_RtpSetting  WHERE Sid = 1   AND State = 1   AND LTG_Code = 6 AND Gid = 36
sqlResult   map[result: count:0 state:0]
[2020-01-02 12:56:25] rtpData ------->   map[state:0 result: count:0] 
[GIN] 2020/01/02 - 12:56:25 | 200 |    2.610884ms |  192.168.66.115 | POST     /getResult
sqlResult   map[result: count:0 state:0]
[2020-01-02 12:56:25] rtpData ------->   map[result: count:0 state:0] 
[GIN] 2020/01/02 - 12:56:25 | 200 |    2.857691ms |  192.168.66.115 | POST     /getResult
[2020-01-02 12:56:28] 自開彩開獎  {202001020777 1 34 true} 
ConfigData  map[password:1qaz!QAZ database:FA_MEM charset:utf8 redisDB:3 user:fa_db poolname:FA_MEM port:3306 redisIp:192.168.88.119 redisPort:6379 redisPassword:"" ip:192.168.88.181]
SqlString  SELECT RTP,Amount,Bonus  FROM M_RtpSetting  WHERE Sid = 1   AND State = 1   AND LTG_Code = 1 AND Gid = 34
sqlResult   map[state:0 result: count:0]
[2020-01-02 12:56:28] rtpData ------->   map[result: count:0 state:0] 
[GIN] 2020/01/02 - 12:56:28 | 200 |     2.48496ms |  192.168.66.115 | POST     /getResult
[2020-01-02 12:56:30] 自開彩開獎  {202001020777 4 40 true} 
ConfigData  map[charset:utf8 redisIp:192.168.88.119 redisPort:6379 redisPassword:"" ip:192.168.88.181 password:1qaz!QAZ database:FA_MEM redisDB:3 poolname:FA_MEM port:3306 user:fa_db]
SqlString  SELECT RTP,Amount,Bonus  FROM M_RtpSetting  WHERE Sid = 1   AND State = 1   AND LTG_Code = 4 AND Gid = 40
sqlResult   map[result: count:0 state:0]
[2020-01-02 12:56:30] rtpData ------->   map[count:0 state:0 result:] 
[GIN] 2020/01/02 - 12:56:30 | 200 |     2.14072ms |  192.168.66.115 | POST     /getResult
[2020-01-02 12:56:30] 自開彩開獎  {202001020259 4 41 true} 
ConfigData  map[ip:192.168.88.181 poolname:FA_MEM user:fa_db database:FA_MEM redisIp:192.168.88.119 redisPort:6379 redisPassword:"" redisDB:3 port:3306 password:1qaz!QAZ charset:utf8]
SqlString  SELECT RTP,Amount,Bonus  FROM M_RtpSetting  WHERE Sid = 1   AND State = 1   AND LTG_Code = 4 AND Gid = 41
sqlResult   map[result: count:0 state:0]
[2020-01-02 12:56:30] rtpData ------->   map[result: count:0 state:0] 
[GIN] 2020/01/02 - 12:56:30 | 200 |     2.47691ms |  192.168.66.115 | POST     /getResult
[2020-01-02 12:56:31] 自開彩開獎  {202001020777 5 38 true} 
ConfigData  map[charset:utf8 redisPassword:"" redisDB:3 ip:192.168.88.181 poolname:FA_MEM port:3306 password:1qaz!QAZ user:fa_db database:FA_MEM redisIp:192.168.88.119 redisPort:6379]
SqlString  SELECT RTP,Amount,Bonus  FROM M_RtpSetting  WHERE Sid = 1   AND State = 1   AND LTG_Code = 5 AND Gid = 38
sqlResult   map[result: count:0 state:0]
[2020-01-02 12:56:31] rtpData ------->   map[result: count:0 state:0] 
[GIN] 2020/01/02 - 12:56:31 | 200 |    2.888666ms |  192.168.66.115 | POST     /getResult
[2020-01-02 12:56:31] 自開彩開獎  {202001020777 6 36 true} 
ConfigData  map[password:1qaz!QAZ charset:utf8 redisPort:6379 ip:192.168.88.181 port:3306 user:fa_db redisPassword:"" redisDB:3 poolname:FA_MEM database:FA_MEM redisIp:192.168.88.119]
SqlString  SELECT RTP,Amount,Bonus  FROM M_RtpSetting  WHERE Sid = 1   AND State = 1   AND LTG_Code = 6 AND Gid = 36
[2020-01-02 12:56:31] 自開彩開獎  {202001020259 1 35 true} 
ConfigData  map[ip:192.168.88.181 port:3306 database:FA_MEM charset:utf8 redisDB:3 poolname:FA_MEM user:fa_db password:1qaz!QAZ redisIp:192.168.88.119 redisPort:6379 redisPassword:""]
SqlString  SELECT RTP,Amount,Bonus  FROM M_RtpSetting  WHERE Sid = 1   AND State = 1   AND LTG_Code = 1 AND Gid = 35
sqlResult   map[result: count:0 state:0]
[2020-01-02 12:56:31] rtpData ------->   map[result: count:0 state:0] 
[GIN] 2020/01/02 - 12:56:31 | 200 |    2.552882ms |  192.168.66.115 | POST     /getResult
sqlResult   map[result: count:0 state:0]
[2020-01-02 12:56:31] rtpData ------->   map[result: count:0 state:0] 
[GIN] 2020/01/02 - 12:56:31 | 200 |    2.639434ms |  192.168.66.115 | POST     /getResult
[2020-01-02 12:56:34] 自開彩開獎  {202001020777 1 34 true} 
ConfigData  map[password:1qaz!QAZ database:FA_MEM charset:utf8 redisPort:6379 redisPassword:"" redisDB:3 user:fa_db poolname:FA_MEM port:3306 redisIp:192.168.88.119 ip:192.168.88.181]
SqlString  SELECT RTP,Amount,Bonus  FROM M_RtpSetting  WHERE Sid = 1   AND State = 1   AND LTG_Code = 1 AND Gid = 34
sqlResult   map[result: count:0 state:0]
[2020-01-02 12:56:34] rtpData ------->   map[result: count:0 state:0] 
[GIN] 2020/01/02 - 12:56:34 | 200 |    2.159931ms |  192.168.66.115 | POST     /getResult
[2020-01-02 12:56:36] 自開彩開獎  {202001020777 4 40 true} 
ConfigData  map[redisDB:3 user:fa_db redisPassword:"" port:3306 password:1qaz!QAZ database:FA_MEM charset:utf8 redisIp:192.168.88.119 redisPort:6379 ip:192.168.88.181 poolname:FA_MEM]
SqlString  SELECT RTP,Amount,Bonus  FROM M_RtpSetting  WHERE Sid = 1   AND State = 1   AND LTG_Code = 4 AND Gid = 40
sqlResult   map[result: count:0 state:0]
[2020-01-02 12:56:36] rtpData ------->   map[result: count:0 state:0] 
[GIN] 2020/01/02 - 12:56:36 | 200 |    2.301111ms |  192.168.66.115 | POST     /getResult
[2020-01-02 12:56:36] 自開彩開獎  {202001020259 4 41 true} 
ConfigData  map[database:FA_MEM charset:utf8 redisIp:192.168.88.119 redisPort:6379 ip:192.168.88.181 poolname:FA_MEM port:3306 password:1qaz!QAZ redisPassword:"" redisDB:3 user:fa_db]
SqlString  SELECT RTP,Amount,Bonus  FROM M_RtpSetting  WHERE Sid = 1   AND State = 1   AND LTG_Code = 4 AND Gid = 41
sqlResult   map[result: count:0 state:0]
[2020-01-02 12:56:36] rtpData ------->   map[result: count:0 state:0] 
[GIN] 2020/01/02 - 12:56:36 | 200 |    2.398272ms |  192.168.66.115 | POST     /getResult
[2020-01-02 12:56:37] 自開彩開獎  {202001020777 5 38 true} 
ConfigData  map[database:FA_MEM charset:utf8 redisIp:192.168.88.119 redisPort:6379 ip:192.168.88.181 port:3306 user:fa_db password:1qaz!QAZ redisPassword:"" redisDB:3 poolname:FA_MEM]
SqlString  SELECT RTP,Amount,Bonus  FROM M_RtpSetting  WHERE Sid = 1   AND State = 1   AND LTG_Code = 5 AND Gid = 38
sqlResult   map[result: count:0 state:0]
[2020-01-02 12:56:37] rtpData ------->   map[result: count:0 state:0] 
[GIN] 2020/01/02 - 12:56:37 | 200 |     3.65655ms |  192.168.66.115 | POST     /getResult
[2020-01-02 12:56:37] 自開彩開獎  {202001020259 1 35 true} 
ConfigData  map[port:3306 database:FA_MEM redisIp:192.168.88.119 redisPort:6379 redisDB:3 poolname:FA_MEM user:fa_db password:1qaz!QAZ charset:utf8 redisPassword:"" ip:192.168.88.181]
SqlString  SELECT RTP,Amount,Bonus  FROM M_RtpSetting  WHERE Sid = 1   AND State = 1   AND LTG_Code = 1 AND Gid = 35
[2020-01-02 12:56:37] 自開彩開獎  {202001020777 6 36 true} 
ConfigData  map[poolname:FA_MEM password:1qaz!QAZ redisIp:192.168.88.119 redisPassword:"" redisDB:3 ip:192.168.88.181 port:3306 user:fa_db database:FA_MEM charset:utf8 redisPort:6379]
SqlString  SELECT RTP,Amount,Bonus  FROM M_RtpSetting  WHERE Sid = 1   AND State = 1   AND LTG_Code = 6 AND Gid = 36
sqlResult   map[result: count:0 state:0]
sqlResult   map[result: count:0 state:0]
[2020-01-02 12:56:37] rtpData ------->   map[result: count:0 state:0] 
[2020-01-02 12:56:37] rtpData ------->   map[result: count:0 state:0] 
[GIN] 2020/01/02 - 12:56:37 | 200 |    2.183504ms |  192.168.66.115 | POST     /getResult
[GIN] 2020/01/02 - 12:56:37 | 200 |    2.015729ms |  192.168.66.115 | POST     /getResult
[2020-01-02 12:56:40] 自開彩開獎  {202001020777 1 34 true} 
ConfigData  map[user:fa_db password:1qaz!QAZ redisDB:3 ip:192.168.88.181 poolname:FA_MEM charset:utf8 redisIp:192.168.88.119 redisPort:6379 redisPassword:"" port:3306 database:FA_MEM]
SqlString  SELECT RTP,Amount,Bonus  FROM M_RtpSetting  WHERE Sid = 1   AND State = 1   AND LTG_Code = 1 AND Gid = 34
sqlResult   map[result: count:0 state:0]
[2020-01-02 12:56:40] rtpData ------->   map[result: count:0 state:0] 
[GIN] 2020/01/02 - 12:56:40 | 200 |    1.987241ms |  192.168.66.115 | POST     /getResult
[2020-01-02 12:56:42] 自開彩開獎  {202001020777 4 40 true} 
ConfigData  map[password:1qaz!QAZ database:FA_MEM redisIp:192.168.88.119 redisPort:6379 redisPassword:"" ip:192.168.88.181 poolname:FA_MEM user:fa_db redisDB:3 port:3306 charset:utf8]
SqlString  SELECT RTP,Amount,Bonus  FROM M_RtpSetting  WHERE Sid = 1   AND State = 1   AND LTG_Code = 4 AND Gid = 40
sqlResult   map[result: count:0 state:0]
[2020-01-02 12:56:42] rtpData ------->   map[result: count:0 state:0] 
[GIN] 2020/01/02 - 12:56:42 | 200 |    2.338021ms |  192.168.66.115 | POST     /getResult
[2020-01-02 12:56:42] 自開彩開獎  {202001020259 4 41 true} 
ConfigData  map[redisPassword:"" ip:192.168.88.181 database:FA_MEM charset:utf8 redisPort:6379 redisIp:192.168.88.119 redisDB:3 poolname:FA_MEM port:3306 user:fa_db password:1qaz!QAZ]
SqlString  SELECT RTP,Amount,Bonus  FROM M_RtpSetting  WHERE Sid = 1   AND State = 1   AND LTG_Code = 4 AND Gid = 41
sqlResult   map[result: count:0 state:0]
[2020-01-02 12:56:42] rtpData ------->   map[state:0 result: count:0] 
[GIN] 2020/01/02 - 12:56:42 | 200 |    2.697115ms |  192.168.66.115 | POST     /getResult
[2020-01-02 12:56:43] 自開彩開獎  {202001020777 5 38 true} 
ConfigData  map[port:3306 user:fa_db password:1qaz!QAZ database:FA_MEM charset:utf8 redisIp:192.168.88.119 ip:192.168.88.181 poolname:FA_MEM redisPort:6379 redisDB:3 redisPassword:""]
SqlString  SELECT RTP,Amount,Bonus  FROM M_RtpSetting  WHERE Sid = 1   AND State = 1   AND LTG_Code = 5 AND Gid = 38
sqlResult   map[count:0 state:0 result:]
[2020-01-02 12:56:43] rtpData ------->   map[result: count:0 state:0] 
[GIN] 2020/01/02 - 12:56:43 | 200 |    2.314631ms |  192.168.66.115 | POST     /getResult
[2020-01-02 12:56:43] 自開彩開獎  {202001020259 1 35 true} 
ConfigData  map[user:fa_db password:1qaz!QAZ database:FA_MEM charset:utf8 redisPassword:"" redisDB:3 ip:192.168.88.181 port:3306 redisPort:6379 poolname:FA_MEM redisIp:192.168.88.119]
SqlString  SELECT RTP,Amount,Bonus  FROM M_RtpSetting  WHERE Sid = 1   AND State = 1   AND LTG_Code = 1 AND Gid = 35
[2020-01-02 12:56:43] 自開彩開獎  {202001020777 6 36 true} 
ConfigData  map[port:3306 password:1qaz!QAZ database:FA_MEM charset:utf8 redisPort:6379 redisPassword:"" ip:192.168.88.181 poolname:FA_MEM user:fa_db redisIp:192.168.88.119 redisDB:3]
SqlString  SELECT RTP,Amount,Bonus  FROM M_RtpSetting  WHERE Sid = 1   AND State = 1   AND LTG_Code = 6 AND Gid = 36
sqlResult   map[result: count:0 state:0]
[2020-01-02 12:56:43] rtpData ------->   map[result: count:0 state:0] 
[GIN] 2020/01/02 - 12:56:43 | 200 |    2.090468ms |  192.168.66.115 | POST     /getResult
sqlResult   map[result: count:0 state:0]
[2020-01-02 12:56:43] rtpData ------->   map[state:0 result: count:0] 
[GIN] 2020/01/02 - 12:56:43 | 200 |    2.202431ms |  192.168.66.115 | POST     /getResult
[2020-01-02 12:56:46] 自開彩開獎  {202001020777 1 34 true} 
ConfigData  map[password:1qaz!QAZ database:FA_MEM charset:utf8 redisPort:6379 ip:192.168.88.181 poolname:FA_MEM redisIp:192.168.88.119 redisPassword:"" redisDB:3 port:3306 user:fa_db]
SqlString  SELECT RTP,Amount,Bonus  FROM M_RtpSetting  WHERE Sid = 1   AND State = 1   AND LTG_Code = 1 AND Gid = 34
sqlResult   map[count:0 state:0 result:]
[2020-01-02 12:56:46] rtpData ------->   map[result: count:0 state:0] 
[GIN] 2020/01/02 - 12:56:46 | 200 |    2.334717ms |  192.168.66.115 | POST     /getResult
[2020-01-02 12:56:48] 自開彩開獎  {202001020777 4 40 true} 
ConfigData  map[port:3306 user:fa_db redisPassword:"" redisDB:3 ip:192.168.88.181 poolname:FA_MEM password:1qaz!QAZ database:FA_MEM charset:utf8 redisIp:192.168.88.119 redisPort:6379]
SqlString  SELECT RTP,Amount,Bonus  FROM M_RtpSetting  WHERE Sid = 1   AND State = 1   AND LTG_Code = 4 AND Gid = 40
sqlResult   map[count:0 state:0 result:]
[2020-01-02 12:56:48] rtpData ------->   map[count:0 state:0 result:] 
[GIN] 2020/01/02 - 12:56:48 | 200 |    2.228943ms |  192.168.66.115 | POST     /getResult
[2020-01-02 12:56:48] 自開彩開獎  {202001020259 4 41 true} 
ConfigData  map[poolname:FA_MEM port:3306 user:fa_db charset:utf8 redisIp:192.168.88.119 redisDB:3 ip:192.168.88.181 password:1qaz!QAZ database:FA_MEM redisPort:6379 redisPassword:""]
SqlString  SELECT RTP,Amount,Bonus  FROM M_RtpSetting  WHERE Sid = 1   AND State = 1   AND LTG_Code = 4 AND Gid = 41
sqlResult   map[result: count:0 state:0]
[2020-01-02 12:56:48] rtpData ------->   map[result: count:0 state:0] 
[GIN] 2020/01/02 - 12:56:48 | 200 |    2.109334ms |  192.168.66.115 | POST     /getResult
[2020-01-02 12:56:49] 自開彩開獎  {202001020777 5 38 true} 
ConfigData  map[redisDB:3 poolname:FA_MEM port:3306 user:fa_db password:1qaz!QAZ redisPort:6379 redisPassword:"" ip:192.168.88.181 database:FA_MEM charset:utf8 redisIp:192.168.88.119]
SqlString  SELECT RTP,Amount,Bonus  FROM M_RtpSetting  WHERE Sid = 1   AND State = 1   AND LTG_Code = 5 AND Gid = 38
sqlResult   map[result: count:0 state:0]
[2020-01-02 12:56:49] rtpData ------->   map[result: count:0 state:0] 
[GIN] 2020/01/02 - 12:56:49 | 200 |    2.332412ms |  192.168.66.115 | POST     /getResult
[2020-01-02 12:56:49] 自開彩開獎  {202001020259 1 35 true} 
ConfigData  map[ip:192.168.88.181 poolname:FA_MEM user:fa_db redisIp:192.168.88.119 redisPassword:"" redisDB:3 port:3306 password:1qaz!QAZ database:FA_MEM charset:utf8 redisPort:6379]
SqlString  SELECT RTP,Amount,Bonus  FROM M_RtpSetting  WHERE Sid = 1   AND State = 1   AND LTG_Code = 1 AND Gid = 35
[2020-01-02 12:56:49] 自開彩開獎  {202001020777 6 36 true} 
ConfigData  map[user:fa_db password:1qaz!QAZ redisPort:6379 redisPassword:"" ip:192.168.88.181 poolname:FA_MEM port:3306 database:FA_MEM charset:utf8 redisIp:192.168.88.119 redisDB:3]
SqlString  SELECT RTP,Amount,Bonus  FROM M_RtpSetting  WHERE Sid = 1   AND State = 1   AND LTG_Code = 6 AND Gid = 36
sqlResult   map[count:0 state:0 result:]
[2020-01-02 12:56:49] rtpData ------->   map[result: count:0 state:0] 
[GIN] 2020/01/02 - 12:56:49 | 200 |    2.312371ms |  192.168.66.115 | POST     /getResult
sqlResult   map[state:0 result: count:0]
[2020-01-02 12:56:49] rtpData ------->   map[result: count:0 state:0] 
[GIN] 2020/01/02 - 12:56:49 | 200 |    2.656266ms |  192.168.66.115 | POST     /getResult
[2020-01-02 12:56:52] 自開彩開獎  {202001020777 1 34 true} 
ConfigData  map[poolname:FA_MEM user:fa_db password:1qaz!QAZ database:FA_MEM redisPassword:"" ip:192.168.88.181 port:3306 charset:utf8 redisIp:192.168.88.119 redisPort:6379 redisDB:3]
SqlString  SELECT RTP,Amount,Bonus  FROM M_RtpSetting  WHERE Sid = 1   AND State = 1   AND LTG_Code = 1 AND Gid = 34
sqlResult   map[count:0 state:0 result:]
[2020-01-02 12:56:52] rtpData ------->   map[state:0 result: count:0] 
[GIN] 2020/01/02 - 12:56:52 | 200 |    2.711838ms |  192.168.66.115 | POST     /getResult
[2020-01-02 12:56:54] 自開彩開獎  {202001020777 4 40 true} 
ConfigData  map[port:3306 redisPassword:"" redisDB:3 ip:192.168.88.181 user:fa_db password:1qaz!QAZ database:FA_MEM charset:utf8 redisIp:192.168.88.119 redisPort:6379 poolname:FA_MEM]
SqlString  SELECT RTP,Amount,Bonus  FROM M_RtpSetting  WHERE Sid = 1   AND State = 1   AND LTG_Code = 4 AND Gid = 40
sqlResult   map[result: count:0 state:0]
[2020-01-02 12:56:54] rtpData ------->   map[count:0 state:0 result:] 
[GIN] 2020/01/02 - 12:56:54 | 200 |    2.452488ms |  192.168.66.115 | POST     /getResult
[2020-01-02 12:56:54] 自開彩開獎  {202001020259 4 41 true} 
ConfigData  map[redisPassword:"" poolname:FA_MEM database:FA_MEM charset:utf8 redisIp:192.168.88.119 redisPort:6379 ip:192.168.88.181 port:3306 user:fa_db password:1qaz!QAZ redisDB:3]
SqlString  SELECT RTP,Amount,Bonus  FROM M_RtpSetting  WHERE Sid = 1   AND State = 1   AND LTG_Code = 4 AND Gid = 41
sqlResult   map[result: count:0 state:0]
[2020-01-02 12:56:54] rtpData ------->   map[state:0 result: count:0] 
[GIN] 2020/01/02 - 12:56:54 | 200 |    2.125652ms |  192.168.66.115 | POST     /getResult
[2020-01-02 12:56:55] 自開彩開獎  {202001020777 5 38 true} 
ConfigData  map[user:fa_db password:1qaz!QAZ database:FA_MEM charset:utf8 redisPassword:"" redisDB:3 port:3306 poolname:FA_MEM redisIp:192.168.88.119 redisPort:6379 ip:192.168.88.181]
SqlString  SELECT RTP,Amount,Bonus  FROM M_RtpSetting  WHERE Sid = 1   AND State = 1   AND LTG_Code = 5 AND Gid = 38
sqlResult   map[result: count:0 state:0]
[2020-01-02 12:56:55] rtpData ------->   map[result: count:0 state:0] 
[GIN] 2020/01/02 - 12:56:55 | 200 |    2.201847ms |  192.168.66.115 | POST     /getResult
[2020-01-02 12:56:55] 自開彩開獎  {202001020259 1 35 true} 
ConfigData  map[ip:192.168.88.181 poolname:FA_MEM port:3306 user:fa_db database:FA_MEM charset:utf8 redisPort:6379 redisPassword:"" redisDB:3 password:1qaz!QAZ redisIp:192.168.88.119]
SqlString  SELECT RTP,Amount,Bonus  FROM M_RtpSetting  WHERE Sid = 1   AND State = 1   AND LTG_Code = 1 AND Gid = 35
[2020-01-02 12:56:55] 自開彩開獎  {202001020777 6 36 true} 
ConfigData  map[ip:192.168.88.181 poolname:FA_MEM charset:utf8 redisIp:192.168.88.119 redisPort:6379 redisPassword:"" port:3306 user:fa_db password:1qaz!QAZ database:FA_MEM redisDB:3]
SqlString  SELECT RTP,Amount,Bonus  FROM M_RtpSetting  WHERE Sid = 1   AND State = 1   AND LTG_Code = 6 AND Gid = 36
sqlResult   map[result: count:0 state:0]
[2020-01-02 12:56:55] rtpData ------->   map[result: count:0 state:0] 
sqlResult   map[count:0 state:0 result:]
[2020-01-02 12:56:55] rtpData ------->   map[result: count:0 state:0] 
[GIN] 2020/01/02 - 12:56:55 | 200 |    2.191355ms |  192.168.66.115 | POST     /getResult
[GIN] 2020/01/02 - 12:56:55 | 200 |    1.912696ms |  192.168.66.115 | POST     /getResult
[2020-01-02 12:56:58] 自開彩開獎  {202001020777 1 34 true} 
ConfigData  map[ip:192.168.88.181 port:3306 user:fa_db password:1qaz!QAZ redisIp:192.168.88.119 redisPassword:"" poolname:FA_MEM database:FA_MEM charset:utf8 redisPort:6379 redisDB:3]
SqlString  SELECT RTP,Amount,Bonus  FROM M_RtpSetting  WHERE Sid = 1   AND State = 1   AND LTG_Code = 1 AND Gid = 34
sqlResult   map[result: count:0 state:0]
[2020-01-02 12:56:58] rtpData ------->   map[result: count:0 state:0] 
[GIN] 2020/01/02 - 12:56:58 | 200 |    2.219413ms |  192.168.66.115 | POST     /getResult
[2020-01-02 12:57:00] 自開彩開獎  {202001020777 4 40 true} 
ConfigData  map[port:3306 user:fa_db database:FA_MEM charset:utf8 redisIp:192.168.88.119 redisPassword:"" ip:192.168.88.181 poolname:FA_MEM redisDB:3 password:1qaz!QAZ redisPort:6379]
SqlString  SELECT RTP,Amount,Bonus  FROM M_RtpSetting  WHERE Sid = 1   AND State = 1   AND LTG_Code = 4 AND Gid = 40
sqlResult   map[result: count:0 state:0]
[2020-01-02 12:57:00] rtpData ------->   map[state:0 result: count:0] 
[GIN] 2020/01/02 - 12:57:00 | 200 |    2.232563ms |  192.168.66.115 | POST     /getResult
[2020-01-02 12:57:00] 自開彩開獎  {202001020259 4 41 true} 
ConfigData  map[charset:utf8 redisPassword:"" password:1qaz!QAZ poolname:FA_MEM port:3306 user:fa_db database:FA_MEM redisIp:192.168.88.119 redisPort:6379 redisDB:3 ip:192.168.88.181]
SqlString  SELECT RTP,Amount,Bonus  FROM M_RtpSetting  WHERE Sid = 1   AND State = 1   AND LTG_Code = 4 AND Gid = 41
sqlResult   map[result: count:0 state:0]
[2020-01-02 12:57:00] rtpData ------->   map[state:0 result: count:0] 
[GIN] 2020/01/02 - 12:57:00 | 200 |    8.559899ms |  192.168.66.115 | POST     /getResult
[2020-01-02 12:57:00] 自開彩開獎  {202001020260 6 37 true} 
ConfigData  map[poolname:FA_MEM port:3306 user:fa_db database:FA_MEM charset:utf8 redisDB:3 ip:192.168.88.181 password:1qaz!QAZ redisIp:192.168.88.119 redisPort:6379 redisPassword:""]
SqlString  SELECT RTP,Amount,Bonus  FROM M_RtpSetting  WHERE Sid = 1   AND State = 1   AND LTG_Code = 6 AND Gid = 37
sqlResult   map[result: count:0 state:0]
[2020-01-02 12:57:00] rtpData ------->   map[result: count:0 state:0] 
[GIN] 2020/01/02 - 12:57:00 | 200 |    2.432152ms |  192.168.66.115 | POST     /getResult
[2020-01-02 12:57:01] 自開彩開獎  {202001020777 5 38 true} 
ConfigData  map[ip:192.168.88.181 poolname:FA_MEM port:3306 password:1qaz!QAZ redisIp:192.168.88.119 redisDB:3 user:fa_db database:FA_MEM charset:utf8 redisPort:6379 redisPassword:""]
SqlString  SELECT RTP,Amount,Bonus  FROM M_RtpSetting  WHERE Sid = 1   AND State = 1   AND LTG_Code = 5 AND Gid = 38
sqlResult   map[result: count:0 state:0]
[2020-01-02 12:57:01] rtpData ------->   map[result: count:0 state:0] 
[GIN] 2020/01/02 - 12:57:01 | 200 |    2.608183ms |  192.168.66.115 | POST     /getResult
[2020-01-02 12:57:01] 自開彩開獎  {202001020778 2 26 true} 
ConfigData  map[redisPort:6379 redisDB:3 poolname:FA_MEM port:3306 user:fa_db database:FA_MEM redisPassword:"" ip:192.168.88.181 password:1qaz!QAZ charset:utf8 redisIp:192.168.88.119]
SqlString  SELECT RTP,Amount,Bonus  FROM M_RtpSetting  WHERE Sid = 1   AND State = 1   AND LTG_Code = 2 AND Gid = 26
[2020-01-02 12:57:01] 自開彩開獎  {20200102260 2 27 true} 
ConfigData  map[database:FA_MEM redisIp:192.168.88.119 redisPort:6379 redisDB:3 charset:utf8 redisPassword:"" ip:192.168.88.181 poolname:FA_MEM port:3306 user:fa_db password:1qaz!QAZ]
SqlString  SELECT RTP,Amount,Bonus  FROM M_RtpSetting  WHERE Sid = 1   AND State = 1   AND LTG_Code = 2 AND Gid = 27
sqlResult   map[state:1 amount:1.0069588e+06 bonus:908100.71 result:0.9600 count:1]
[2020-01-02 12:57:01] rtpData ------->   map[result:0.9600 count:1 state:1 amount:1.0069588e+06 bonus:908100.71] 
ConfigData  map[poolname:FA_MEM redisIp:192.168.88.119 charset:utf8 redisPort:6379 redisPassword:"" ip:192.168.88.181 port:3306 user:fa_db password:1qaz!QAZ database:FA_MEM redisDB:3]
SELECT BO_No, BO_OrderNo , BO_User , BO_Issue  , BO_LotteryTypeGroup, BO_LotteryType, BO_Mode, BO_LotteryPlayGroup, BO_LotteryPlay , BO_LotteryContent, BO_Price, BO_RealPrice, BO_Unit, BO_Multiple , BO_BetCount  , BO_Winnings, BO_Winnings2, BO_Winnings3, BO_WinningLimit  , BO_Water , BO_BW_SourceUserId, BO_BW_BackWater, BO_BW_LimitBetCount, BO_BW_MaxAmount, BO_BW_AuditMultiple  , BO_Odds, BO_Odds2, BO_Odds3 , BO_Type, BO_Chase , BO_OpenResult, BO_OpenResult2, BO_DateDraw, BO_DateDraw2, BO_DateUpdate  FROM TS_BetOrder  WHERE BO_Cancel = 0   AND BO_CancelBackend = 0   AND BO_LotteryTypeGroup = 2 AND BO_LotteryType = 26 AND BO_Issue = 202001020778 AND BO_Collect = 0 ORDER BY BO_DateDraw ASC, BO_DateCreate ASC, BO_DateUpdate ASC, BO_No ASC ;
sqlResult   map[bonus:58491.69 result:0.9600 count:1 state:1 amount:105208]
[2020-01-02 12:57:01] rtpData ------->   map[bonus:58491.69 result:0.9600 count:1 state:1 amount:105208] 
ConfigData  map[poolname:FA_MEM port:3306 redisIp:192.168.88.119 redisPort:6379 redisPassword:"" ip:192.168.88.181 user:fa_db password:1qaz!QAZ database:FA_MEM charset:utf8 redisDB:3]
SELECT BO_No, BO_OrderNo , BO_User , BO_Issue  , BO_LotteryTypeGroup, BO_LotteryType, BO_Mode, BO_LotteryPlayGroup, BO_LotteryPlay , BO_LotteryContent, BO_Price, BO_RealPrice, BO_Unit, BO_Multiple , BO_BetCount  , BO_Winnings, BO_Winnings2, BO_Winnings3, BO_WinningLimit  , BO_Water , BO_BW_SourceUserId, BO_BW_BackWater, BO_BW_LimitBetCount, BO_BW_MaxAmount, BO_BW_AuditMultiple  , BO_Odds, BO_Odds2, BO_Odds3 , BO_Type, BO_Chase , BO_OpenResult, BO_OpenResult2, BO_DateDraw, BO_DateDraw2, BO_DateUpdate  FROM TS_BetOrder  WHERE BO_Cancel = 0   AND BO_CancelBackend = 0   AND BO_LotteryTypeGroup = 2 AND BO_LotteryType = 27 AND BO_Issue = 20200102260 AND BO_Collect = 0 ORDER BY BO_DateDraw ASC, BO_DateCreate ASC, BO_DateUpdate ASC, BO_No ASC ;
[2020-01-02 12:57:01] LottteryTypeGroup 2 
[2020-01-02 12:57:01] 有期號 但無注單 -------> map[amount:0 bonus:0 thisOpenResult:[4 2 6 4 7]] 
[GIN] 2020/01/02 - 12:57:01 | 200 |    4.168943ms |  192.168.66.115 | POST     /getResult
[2020-01-02 12:57:01] LottteryTypeGroup 2 
[2020-01-02 12:57:01] 有期號 但無注單 -------> map[amount:0 bonus:0 thisOpenResult:[7 9 0 1 6]] 
[GIN] 2020/01/02 - 12:57:01 | 200 |    4.890417ms |  192.168.66.115 | POST     /getResult
[2020-01-02 12:57:01] 自開彩開獎  {202001020259 1 35 true} 
ConfigData  map[poolname:FA_MEM database:FA_MEM charset:utf8 redisIp:192.168.88.119 redisPort:6379 ip:192.168.88.181 port:3306 user:fa_db password:1qaz!QAZ redisPassword:"" redisDB:3]
SqlString  SELECT RTP,Amount,Bonus  FROM M_RtpSetting  WHERE Sid = 1   AND State = 1   AND LTG_Code = 1 AND Gid = 35
[2020-01-02 12:57:01] 自開彩開獎  {202001020777 6 36 true} 
ConfigData  map[poolname:FA_MEM port:3306 database:FA_MEM charset:utf8 redisPassword:"" ip:192.168.88.181 user:fa_db password:1qaz!QAZ redisIp:192.168.88.119 redisPort:6379 redisDB:3]
SqlString  SELECT RTP,Amount,Bonus  FROM M_RtpSetting  WHERE Sid = 1   AND State = 1   AND LTG_Code = 6 AND Gid = 36
sqlResult   map[state:0 result: count:0]
[2020-01-02 12:57:01] rtpData ------->   map[result: count:0 state:0] 
[GIN] 2020/01/02 - 12:57:01 | 200 |     2.84082ms |  192.168.66.115 | POST     /getResult
sqlResult   map[result: count:0 state:0]
[2020-01-02 12:57:01] rtpData ------->   map[result: count:0 state:0] 
[GIN] 2020/01/02 - 12:57:01 | 200 |    3.148779ms |  192.168.66.115 | POST     /getResult
[2020-01-02 12:57:04] 自開彩開獎  {202001020777 1 34 true} 
ConfigData  map[redisDB:3 port:3306 password:1qaz!QAZ charset:utf8 redisPort:6379 redisIp:192.168.88.119 redisPassword:"" ip:192.168.88.181 poolname:FA_MEM user:fa_db database:FA_MEM]
SqlString  SELECT RTP,Amount,Bonus  FROM M_RtpSetting  WHERE Sid = 1   AND State = 1   AND LTG_Code = 1 AND Gid = 34
sqlResult   map[state:0 result: count:0]
[2020-01-02 12:57:04] rtpData ------->   map[result: count:0 state:0] 
[GIN] 2020/01/02 - 12:57:04 | 200 |    2.367518ms |  192.168.66.115 | POST     /getResult
[2020-01-02 12:57:06] 自開彩開獎  {202001020777 4 40 true} 
ConfigData  map[ip:192.168.88.181 user:fa_db charset:utf8 redisPort:6379 redisPassword:"" redisDB:3 poolname:FA_MEM port:3306 password:1qaz!QAZ database:FA_MEM redisIp:192.168.88.119]
SqlString  SELECT RTP,Amount,Bonus  FROM M_RtpSetting  WHERE Sid = 1   AND State = 1   AND LTG_Code = 4 AND Gid = 40
sqlResult   map[result: count:0 state:0]
[2020-01-02 12:57:06] rtpData ------->   map[result: count:0 state:0] 
[GIN] 2020/01/02 - 12:57:06 | 200 |     2.30204ms |  192.168.66.115 | POST     /getResult
[2020-01-02 12:57:06] 自開彩開獎  {202001020260 4 41 true} 
ConfigData  map[password:1qaz!QAZ charset:utf8 redisIp:192.168.88.119 redisPort:6379 redisDB:3 redisPassword:"" ip:192.168.88.181 poolname:FA_MEM port:3306 user:fa_db database:FA_MEM]
SqlString  SELECT RTP,Amount,Bonus  FROM M_RtpSetting  WHERE Sid = 1   AND State = 1   AND LTG_Code = 4 AND Gid = 41
sqlResult   map[result: count:0 state:0]
[2020-01-02 12:57:06] rtpData ------->   map[count:0 state:0 result:] 
[GIN] 2020/01/02 - 12:57:06 | 200 |    2.416927ms |  192.168.66.115 | POST     /getResult
[2020-01-02 12:57:06] 自開彩開獎  {202001020260 6 37 true} 
ConfigData  map[ip:192.168.88.181 user:fa_db charset:utf8 redisIp:192.168.88.119 redisDB:3 poolname:FA_MEM port:3306 password:1qaz!QAZ database:FA_MEM redisPort:6379 redisPassword:""]
SqlString  SELECT RTP,Amount,Bonus  FROM M_RtpSetting  WHERE Sid = 1   AND State = 1   AND LTG_Code = 6 AND Gid = 37
sqlResult   map[state:0 result: count:0]
[2020-01-02 12:57:06] rtpData ------->   map[result: count:0 state:0] 
[GIN] 2020/01/02 - 12:57:06 | 200 |    2.393951ms |  192.168.66.115 | POST     /getResult
[2020-01-02 12:57:07] 自開彩開獎  {202001020778 5 38 true} 
ConfigData  map[poolname:FA_MEM port:3306 database:FA_MEM charset:utf8 redisPort:6379 redisDB:3 ip:192.168.88.181 user:fa_db password:1qaz!QAZ redisIp:192.168.88.119 redisPassword:""]
SqlString  SELECT RTP,Amount,Bonus  FROM M_RtpSetting  WHERE Sid = 1   AND State = 1   AND LTG_Code = 5 AND Gid = 38
sqlResult   map[count:0 state:0 result:]
[2020-01-02 12:57:07] rtpData ------->   map[result: count:0 state:0] 
[GIN] 2020/01/02 - 12:57:07 | 200 |    2.289192ms |  192.168.66.115 | POST     /getResult
[2020-01-02 12:57:07] 自開彩開獎  {202001020260 1 35 true} 
ConfigData  map[redisPort:6379 redisDB:3 ip:192.168.88.181 poolname:FA_MEM port:3306 password:1qaz!QAZ database:FA_MEM user:fa_db charset:utf8 redisIp:192.168.88.119 redisPassword:""]
SqlString  SELECT RTP,Amount,Bonus  FROM M_RtpSetting  WHERE Sid = 1   AND State = 1   AND LTG_Code = 1 AND Gid = 35
[2020-01-02 12:57:07] 自開彩開獎  {202001020778 6 36 true} 
ConfigData  map[ip:192.168.88.181 port:3306 password:1qaz!QAZ charset:utf8 redisIp:192.168.88.119 redisPassword:"" poolname:FA_MEM user:fa_db database:FA_MEM redisPort:6379 redisDB:3]
SqlString  SELECT RTP,Amount,Bonus  FROM M_RtpSetting  WHERE Sid = 1   AND State = 1   AND LTG_Code = 6 AND Gid = 36
sqlResult   map[result: count:0 state:0]
[2020-01-02 12:57:07] rtpData ------->   map[result: count:0 state:0] 
[GIN] 2020/01/02 - 12:57:07 | 200 |    2.503401ms |  192.168.66.115 | POST     /getResult
sqlResult   map[result: count:0 state:0]
[2020-01-02 12:57:07] rtpData ------->   map[result: count:0 state:0] 
[GIN] 2020/01/02 - 12:57:07 | 200 |     2.80906ms |  192.168.66.115 | POST     /getResult
[2020-01-02 12:57:10] 自開彩開獎  {202001020778 1 34 true} 
ConfigData  map[user:fa_db database:FA_MEM redisIp:192.168.88.119 redisDB:3 ip:192.168.88.181 poolname:FA_MEM charset:utf8 redisPort:6379 redisPassword:"" port:3306 password:1qaz!QAZ]
SqlString  SELECT RTP,Amount,Bonus  FROM M_RtpSetting  WHERE Sid = 1   AND State = 1   AND LTG_Code = 1 AND Gid = 34
sqlResult   map[result: count:0 state:0]
[2020-01-02 12:57:10] rtpData ------->   map[result: count:0 state:0] 
[GIN] 2020/01/02 - 12:57:10 | 200 |    6.274897ms |  192.168.66.115 | POST     /getResult
[2020-01-02 12:57:12] 自開彩開獎  {202001020778 4 40 true} 
ConfigData  map[port:3306 redisIp:192.168.88.119 redisPort:6379 ip:192.168.88.181 poolname:FA_MEM user:fa_db password:1qaz!QAZ database:FA_MEM charset:utf8 redisPassword:"" redisDB:3]
SqlString  SELECT RTP,Amount,Bonus  FROM M_RtpSetting  WHERE Sid = 1   AND State = 1   AND LTG_Code = 4 AND Gid = 40
sqlResult   map[count:0 state:0 result:]
[2020-01-02 12:57:12] rtpData ------->   map[result: count:0 state:0] 
[GIN] 2020/01/02 - 12:57:12 | 200 |    2.237652ms |  192.168.66.115 | POST     /getResult
[2020-01-02 12:57:12] 自開彩開獎  {202001020260 4 41 true} 
ConfigData  map[password:1qaz!QAZ redisIp:192.168.88.119 redisPort:6379 ip:192.168.88.181 poolname:FA_MEM port:3306 user:fa_db database:FA_MEM charset:utf8 redisPassword:"" redisDB:3]
SqlString  SELECT RTP,Amount,Bonus  FROM M_RtpSetting  WHERE Sid = 1   AND State = 1   AND LTG_Code = 4 AND Gid = 41
sqlResult   map[count:0 state:0 result:]
[2020-01-02 12:57:12] rtpData ------->   map[result: count:0 state:0] 
[GIN] 2020/01/02 - 12:57:12 | 200 |    2.077976ms |  192.168.66.115 | POST     /getResult
[2020-01-02 12:57:12] 自開彩開獎  {202001020260 6 37 true} 
ConfigData  map[poolname:FA_MEM user:fa_db password:1qaz!QAZ charset:utf8 redisDB:3 ip:192.168.88.181 database:FA_MEM redisIp:192.168.88.119 redisPort:6379 redisPassword:"" port:3306]
SqlString  SELECT RTP,Amount,Bonus  FROM M_RtpSetting  WHERE Sid = 1   AND State = 1   AND LTG_Code = 6 AND Gid = 37
sqlResult   map[count:0 state:0 result:]
[2020-01-02 12:57:12] rtpData ------->   map[result: count:0 state:0] 
[GIN] 2020/01/02 - 12:57:12 | 200 |    2.451883ms |  192.168.66.115 | POST     /getResult
[2020-01-02 12:57:13] 自開彩開獎  {202001020778 5 38 true} 
ConfigData  map[redisIp:192.168.88.119 redisPort:6379 redisPassword:"" ip:192.168.88.181 poolname:FA_MEM port:3306 password:1qaz!QAZ user:fa_db database:FA_MEM charset:utf8 redisDB:3]
SqlString  SELECT RTP,Amount,Bonus  FROM M_RtpSetting  WHERE Sid = 1   AND State = 1   AND LTG_Code = 5 AND Gid = 38
sqlResult   map[result: count:0 state:0]
[2020-01-02 12:57:13] rtpData ------->   map[result: count:0 state:0] 
[GIN] 2020/01/02 - 12:57:13 | 200 |     2.27102ms |  192.168.66.115 | POST     /getResult
[2020-01-02 12:57:13] 自開彩開獎  {202001020260 1 35 true} 
ConfigData  map[charset:utf8 redisIp:192.168.88.119 redisDB:3 poolname:FA_MEM port:3306 password:1qaz!QAZ database:FA_MEM redisPort:6379 redisPassword:"" ip:192.168.88.181 user:fa_db]
SqlString  SELECT RTP,Amount,Bonus  FROM M_RtpSetting  WHERE Sid = 1   AND State = 1   AND LTG_Code = 1 AND Gid = 35
[2020-01-02 12:57:13] 自開彩開獎  {202001020778 6 36 true} 
ConfigData  map[user:fa_db database:FA_MEM charset:utf8 redisIp:192.168.88.119 redisPort:6379 redisPassword:"" redisDB:3 ip:192.168.88.181 poolname:FA_MEM port:3306 password:1qaz!QAZ]
SqlString  SELECT RTP,Amount,Bonus  FROM M_RtpSetting  WHERE Sid = 1   AND State = 1   AND LTG_Code = 6 AND Gid = 36
sqlResult   map[result: count:0 state:0]
[2020-01-02 12:57:13] rtpData ------->   map[count:0 state:0 result:] 
[GIN] 2020/01/02 - 12:57:13 | 200 |    2.653728ms |  192.168.66.115 | POST     /getResult
sqlResult   map[state:0 result: count:0]
[2020-01-02 12:57:13] rtpData ------->   map[count:0 state:0 result:] 
[GIN] 2020/01/02 - 12:57:13 | 200 |     2.65813ms |  192.168.66.115 | POST     /getResult
[2020-01-02 12:57:16] 自開彩開獎  {202001020778 1 34 true} 
ConfigData  map[poolname:FA_MEM port:3306 user:fa_db password:1qaz!QAZ redisIp:192.168.88.119 redisPassword:"" redisDB:3 ip:192.168.88.181 charset:utf8 redisPort:6379 database:FA_MEM]
SqlString  SELECT RTP,Amount,Bonus  FROM M_RtpSetting  WHERE Sid = 1   AND State = 1   AND LTG_Code = 1 AND Gid = 34
sqlResult   map[count:0 state:0 result:]
[2020-01-02 12:57:16] rtpData ------->   map[result: count:0 state:0] 
[GIN] 2020/01/02 - 12:57:16 | 200 |    3.033164ms |  192.168.66.115 | POST     /getResult
[2020-01-02 12:57:18] 自開彩開獎  {202001020778 4 40 true} 
ConfigData  map[port:3306 user:fa_db database:FA_MEM redisIp:192.168.88.119 redisPort:6379 ip:192.168.88.181 password:1qaz!QAZ charset:utf8 redisPassword:"" redisDB:3 poolname:FA_MEM]
SqlString  SELECT RTP,Amount,Bonus  FROM M_RtpSetting  WHERE Sid = 1   AND State = 1   AND LTG_Code = 4 AND Gid = 40
sqlResult   map[result: count:0 state:0]
[2020-01-02 12:57:18] rtpData ------->   map[result: count:0 state:0] 
[GIN] 2020/01/02 - 12:57:18 | 200 |    2.575865ms |  192.168.66.115 | POST     /getResult
[2020-01-02 12:57:18] 自開彩開獎  {202001020260 4 41 true} 
ConfigData  map[redisPort:6379 ip:192.168.88.181 poolname:FA_MEM user:fa_db database:FA_MEM redisPassword:"" redisDB:3 port:3306 password:1qaz!QAZ charset:utf8 redisIp:192.168.88.119]
SqlString  SELECT RTP,Amount,Bonus  FROM M_RtpSetting  WHERE Sid = 1   AND State = 1   AND LTG_Code = 4 AND Gid = 41
sqlResult   map[result: count:0 state:0]
[2020-01-02 12:57:18] rtpData ------->   map[result: count:0 state:0] 
[GIN] 2020/01/02 - 12:57:18 | 200 |    3.270494ms |  192.168.66.115 | POST     /getResult
[2020-01-02 12:57:18] 自開彩開獎  {202001020260 6 37 true} 
ConfigData  map[ip:192.168.88.181 redisIp:192.168.88.119 redisPort:6379 redisPassword:"" poolname:FA_MEM port:3306 user:fa_db password:1qaz!QAZ database:FA_MEM charset:utf8 redisDB:3]
SqlString  SELECT RTP,Amount,Bonus  FROM M_RtpSetting  WHERE Sid = 1   AND State = 1   AND LTG_Code = 6 AND Gid = 37
sqlResult   map[result: count:0 state:0]
[2020-01-02 12:57:18] rtpData ------->   map[result: count:0 state:0] 
[GIN] 2020/01/02 - 12:57:18 | 200 |    2.228412ms |  192.168.66.115 | POST     /getResult
[2020-01-02 12:57:19] 自開彩開獎  {202001020778 5 38 true} 
ConfigData  map[poolname:FA_MEM user:fa_db password:1qaz!QAZ redisIp:192.168.88.119 redisPort:6379 redisPassword:"" redisDB:3 ip:192.168.88.181 database:FA_MEM charset:utf8 port:3306]
SqlString  SELECT RTP,Amount,Bonus  FROM M_RtpSetting  WHERE Sid = 1   AND State = 1   AND LTG_Code = 5 AND Gid = 38
sqlResult   map[result: count:0 state:0]
[2020-01-02 12:57:19] rtpData ------->   map[result: count:0 state:0] 
[GIN] 2020/01/02 - 12:57:19 | 200 |    1.837963ms |  192.168.66.115 | POST     /getResult
[2020-01-02 12:57:19] 自開彩開獎  {202001020260 1 35 true} 
ConfigData  map[charset:utf8 redisPort:6379 redisPassword:"" redisDB:3 poolname:FA_MEM password:1qaz!QAZ user:fa_db database:FA_MEM redisIp:192.168.88.119 ip:192.168.88.181 port:3306]
SqlString  SELECT RTP,Amount,Bonus  FROM M_RtpSetting  WHERE Sid = 1   AND State = 1   AND LTG_Code = 1 AND Gid = 35
[2020-01-02 12:57:19] 自開彩開獎  {202001020778 6 36 true} 
ConfigData  map[user:fa_db password:1qaz!QAZ database:FA_MEM charset:utf8 redisPort:6379 redisDB:3 ip:192.168.88.181 port:3306 redisIp:192.168.88.119 redisPassword:"" poolname:FA_MEM]
SqlString  SELECT RTP,Amount,Bonus  FROM M_RtpSetting  WHERE Sid = 1   AND State = 1   AND LTG_Code = 6 AND Gid = 36
sqlResult   map[result: count:0 state:0]
[2020-01-02 12:57:19] rtpData ------->   map[result: count:0 state:0] 
sqlResult   map[state:0 result: count:0]
[2020-01-02 12:57:19] rtpData ------->   map[result: count:0 state:0] 
[GIN] 2020/01/02 - 12:57:19 | 200 |    1.963211ms |  192.168.66.115 | POST     /getResult
[GIN] 2020/01/02 - 12:57:19 | 200 |    2.155627ms |  192.168.66.115 | POST     /getResult
[2020-01-02 12:57:22] 自開彩開獎  {202001020778 1 34 true} 
ConfigData  map[charset:utf8 redisPort:6379 redisPassword:"" poolname:FA_MEM port:3306 password:1qaz!QAZ database:FA_MEM redisIp:192.168.88.119 redisDB:3 ip:192.168.88.181 user:fa_db]
SqlString  SELECT RTP,Amount,Bonus  FROM M_RtpSetting  WHERE Sid = 1   AND State = 1   AND LTG_Code = 1 AND Gid = 34
sqlResult   map[result: count:0 state:0]
[2020-01-02 12:57:22] rtpData ------->   map[result: count:0 state:0] 
[GIN] 2020/01/02 - 12:57:22 | 200 |     2.00765ms |  192.168.66.115 | POST     /getResult
[2020-01-02 12:57:24] 自開彩開獎  {202001020778 4 40 true} 
ConfigData  map[port:3306 password:1qaz!QAZ database:FA_MEM redisPort:6379 redisPassword:"" ip:192.168.88.181 poolname:FA_MEM user:fa_db charset:utf8 redisIp:192.168.88.119 redisDB:3]
SqlString  SELECT RTP,Amount,Bonus  FROM M_RtpSetting  WHERE Sid = 1   AND State = 1   AND LTG_Code = 4 AND Gid = 40
sqlResult   map[result: count:0 state:0]
[2020-01-02 12:57:24] rtpData ------->   map[result: count:0 state:0] 
[GIN] 2020/01/02 - 12:57:24 | 200 |    2.257624ms |  192.168.66.115 | POST     /getResult
[2020-01-02 12:57:24] 自開彩開獎  {202001020260 4 41 true} 
ConfigData  map[ip:192.168.88.181 poolname:FA_MEM user:fa_db password:1qaz!QAZ database:FA_MEM port:3306 charset:utf8 redisIp:192.168.88.119 redisPort:6379 redisPassword:"" redisDB:3]
SqlString  SELECT RTP,Amount,Bonus  FROM M_RtpSetting  WHERE Sid = 1   AND State = 1   AND LTG_Code = 4 AND Gid = 41
sqlResult   map[result: count:0 state:0]
[2020-01-02 12:57:24] rtpData ------->   map[count:0 state:0 result:] 
[GIN] 2020/01/02 - 12:57:24 | 200 |    2.457543ms |  192.168.66.115 | POST     /getResult
[2020-01-02 12:57:24] 自開彩開獎  {202001020260 6 37 true} 
ConfigData  map[user:fa_db password:1qaz!QAZ redisPort:6379 redisPassword:"" redisDB:3 ip:192.168.88.181 poolname:FA_MEM port:3306 database:FA_MEM charset:utf8 redisIp:192.168.88.119]
SqlString  SELECT RTP,Amount,Bonus  FROM M_RtpSetting  WHERE Sid = 1   AND State = 1   AND LTG_Code = 6 AND Gid = 37
sqlResult   map[result: count:0 state:0]
[2020-01-02 12:57:24] rtpData ------->   map[result: count:0 state:0] 
[GIN] 2020/01/02 - 12:57:24 | 200 |    2.131969ms |  192.168.66.115 | POST     /getResult
[2020-01-02 12:57:25] 自開彩開獎  {202001020778 5 38 true} 
ConfigData  map[password:1qaz!QAZ database:FA_MEM redisIp:192.168.88.119 redisPort:6379 redisDB:3 poolname:FA_MEM port:3306 user:fa_db ip:192.168.88.181 charset:utf8 redisPassword:""]
SqlString  SELECT RTP,Amount,Bonus  FROM M_RtpSetting  WHERE Sid = 1   AND State = 1   AND LTG_Code = 5 AND Gid = 38
sqlResult   map[state:0 result: count:0]
[2020-01-02 12:57:25] rtpData ------->   map[result: count:0 state:0] 
[GIN] 2020/01/02 - 12:57:25 | 200 |    2.272115ms |  192.168.66.115 | POST     /getResult
[2020-01-02 12:57:25] 自開彩開獎  {202001020778 6 36 true} 
[2020-01-02 12:57:25] 自開彩開獎  {202001020260 1 35 true} 
ConfigData  map[ip:192.168.88.181 charset:utf8 redisPort:6379 redisPassword:"" redisDB:3 poolname:FA_MEM port:3306 user:fa_db password:1qaz!QAZ database:FA_MEM redisIp:192.168.88.119]
SqlString  SELECT RTP,Amount,Bonus  FROM M_RtpSetting  WHERE Sid = 1   AND State = 1   AND LTG_Code = 6 AND Gid = 36
ConfigData  map[port:3306 user:fa_db password:1qaz!QAZ redisPassword:"" redisDB:3 ip:192.168.88.181 poolname:FA_MEM database:FA_MEM charset:utf8 redisIp:192.168.88.119 redisPort:6379]
SqlString  SELECT RTP,Amount,Bonus  FROM M_RtpSetting  WHERE Sid = 1   AND State = 1   AND LTG_Code = 1 AND Gid = 35
sqlResult   map[result: count:0 state:0]
sqlResult   map[result: count:0 state:0]
[2020-01-02 12:57:25] rtpData ------->   map[result: count:0 state:0] 
[GIN] 2020/01/02 - 12:57:25 | 200 |    2.240838ms |  192.168.66.115 | POST     /getResult
[2020-01-02 12:57:25] rtpData ------->   map[result: count:0 state:0] 
[GIN] 2020/01/02 - 12:57:25 | 200 |    2.459867ms |  192.168.66.115 | POST     /getResult
[2020-01-02 12:57:28] 自開彩開獎  {202001020778 1 34 true} 
ConfigData  map[ip:192.168.88.181 poolname:FA_MEM user:fa_db redisIp:192.168.88.119 redisPort:6379 redisDB:3 port:3306 password:1qaz!QAZ database:FA_MEM charset:utf8 redisPassword:""]
SqlString  SELECT RTP,Amount,Bonus  FROM M_RtpSetting  WHERE Sid = 1   AND State = 1   AND LTG_Code = 1 AND Gid = 34
sqlResult   map[result: count:0 state:0]
[2020-01-02 12:57:28] rtpData ------->   map[result: count:0 state:0] 
[GIN] 2020/01/02 - 12:57:28 | 200 |    2.279754ms |  192.168.66.115 | POST     /getResult
[2020-01-02 12:57:30] 自開彩開獎  {202001020778 4 40 true} 
ConfigData  map[port:3306 database:FA_MEM charset:utf8 redisPort:6379 redisPassword:"" poolname:FA_MEM user:fa_db password:1qaz!QAZ redisIp:192.168.88.119 redisDB:3 ip:192.168.88.181]
SqlString  SELECT RTP,Amount,Bonus  FROM M_RtpSetting  WHERE Sid = 1   AND State = 1   AND LTG_Code = 4 AND Gid = 40
sqlResult   map[result: count:0 state:0]
[2020-01-02 12:57:30] rtpData ------->   map[result: count:0 state:0] 
[GIN] 2020/01/02 - 12:57:30 | 200 |    2.654784ms |  192.168.66.115 | POST     /getResult
[2020-01-02 12:57:30] 自開彩開獎  {202001020260 4 41 true} 
ConfigData  map[user:fa_db redisIp:192.168.88.119 ip:192.168.88.181 port:3306 password:1qaz!QAZ database:FA_MEM charset:utf8 redisPort:6379 redisPassword:"" redisDB:3 poolname:FA_MEM]
SqlString  SELECT RTP,Amount,Bonus  FROM M_RtpSetting  WHERE Sid = 1   AND State = 1   AND LTG_Code = 4 AND Gid = 41
sqlResult   map[result: count:0 state:0]
[2020-01-02 12:57:30] rtpData ------->   map[result: count:0 state:0] 
[GIN] 2020/01/02 - 12:57:30 | 200 |    1.795759ms |  192.168.66.115 | POST     /getResult
[2020-01-02 12:57:30] 自開彩開獎  {202001020260 6 37 true} 
ConfigData  map[redisPassword:"" redisDB:3 ip:192.168.88.181 poolname:FA_MEM user:fa_db database:FA_MEM redisPort:6379 port:3306 password:1qaz!QAZ charset:utf8 redisIp:192.168.88.119]
SqlString  SELECT RTP,Amount,Bonus  FROM M_RtpSetting  WHERE Sid = 1   AND State = 1   AND LTG_Code = 6 AND Gid = 37
sqlResult   map[count:0 state:0 result:]
[2020-01-02 12:57:30] rtpData ------->   map[state:0 result: count:0] 
[GIN] 2020/01/02 - 12:57:30 | 200 |    2.447481ms |  192.168.66.115 | POST     /getResult
[2020-01-02 12:57:31] 自開彩開獎  {202001020778 5 38 true} 
ConfigData  map[port:3306 user:fa_db password:1qaz!QAZ redisPort:6379 redisDB:3 ip:192.168.88.181 poolname:FA_MEM redisIp:192.168.88.119 redisPassword:"" database:FA_MEM charset:utf8]
SqlString  SELECT RTP,Amount,Bonus  FROM M_RtpSetting  WHERE Sid = 1   AND State = 1   AND LTG_Code = 5 AND Gid = 38
sqlResult   map[state:0 result: count:0]
[2020-01-02 12:57:31] rtpData ------->   map[result: count:0 state:0] 
[GIN] 2020/01/02 - 12:57:31 | 200 |    1.983343ms |  192.168.66.115 | POST     /getResult
[2020-01-02 12:57:31] 自開彩開獎  {202001020260 1 35 true} 
ConfigData  map[port:3306 user:fa_db password:1qaz!QAZ database:FA_MEM charset:utf8 redisIp:192.168.88.119 ip:192.168.88.181 poolname:FA_MEM redisPort:6379 redisPassword:"" redisDB:3]
SqlString  SELECT RTP,Amount,Bonus  FROM M_RtpSetting  WHERE Sid = 1   AND State = 1   AND LTG_Code = 1 AND Gid = 35
[2020-01-02 12:57:31] 自開彩開獎  {202001020778 6 36 true} 
ConfigData  map[database:FA_MEM charset:utf8 redisPort:6379 redisPassword:"" redisDB:3 ip:192.168.88.181 poolname:FA_MEM port:3306 user:fa_db password:1qaz!QAZ redisIp:192.168.88.119]
SqlString  SELECT RTP,Amount,Bonus  FROM M_RtpSetting  WHERE Sid = 1   AND State = 1   AND LTG_Code = 6 AND Gid = 36
sqlResult   map[state:0 result: count:0]
[2020-01-02 12:57:31] rtpData ------->   map[result: count:0 state:0] 
[GIN] 2020/01/02 - 12:57:31 | 200 |     3.19213ms |  192.168.66.115 | POST     /getResult
sqlResult   map[state:0 result: count:0]
[2020-01-02 12:57:31] rtpData ------->   map[result: count:0 state:0] 
[GIN] 2020/01/02 - 12:57:31 | 200 |    2.144947ms |  192.168.66.115 | POST     /getResult
[2020-01-02 12:57:34] 自開彩開獎  {202001020778 1 34 true} 
ConfigData  map[charset:utf8 redisPassword:"" poolname:FA_MEM port:3306 user:fa_db password:1qaz!QAZ database:FA_MEM ip:192.168.88.181 redisIp:192.168.88.119 redisPort:6379 redisDB:3]
SqlString  SELECT RTP,Amount,Bonus  FROM M_RtpSetting  WHERE Sid = 1   AND State = 1   AND LTG_Code = 1 AND Gid = 34
sqlResult   map[result: count:0 state:0]
[2020-01-02 12:57:34] rtpData ------->   map[state:0 result: count:0] 
[GIN] 2020/01/02 - 12:57:34 | 200 |    2.396577ms |  192.168.66.115 | POST     /getResult
[2020-01-02 12:57:36] 自開彩開獎  {202001020778 4 40 true} 
ConfigData  map[ip:192.168.88.181 charset:utf8 redisPassword:"" redisDB:3 redisPort:6379 poolname:FA_MEM port:3306 user:fa_db password:1qaz!QAZ database:FA_MEM redisIp:192.168.88.119]
SqlString  SELECT RTP,Amount,Bonus  FROM M_RtpSetting  WHERE Sid = 1   AND State = 1   AND LTG_Code = 4 AND Gid = 40
sqlResult   map[state:0 result: count:0]
[2020-01-02 12:57:36] rtpData ------->   map[result: count:0 state:0] 
[GIN] 2020/01/02 - 12:57:36 | 200 |    2.577199ms |  192.168.66.115 | POST     /getResult
[2020-01-02 12:57:36] 自開彩開獎  {202001020260 4 41 true} 
ConfigData  map[poolname:FA_MEM port:3306 user:fa_db password:1qaz!QAZ database:FA_MEM charset:utf8 redisPort:6379 redisPassword:"" redisDB:3 ip:192.168.88.181 redisIp:192.168.88.119]
SqlString  SELECT RTP,Amount,Bonus  FROM M_RtpSetting  WHERE Sid = 1   AND State = 1   AND LTG_Code = 4 AND Gid = 41
sqlResult   map[result: count:0 state:0]
[2020-01-02 12:57:36] rtpData ------->   map[result: count:0 state:0] 
[GIN] 2020/01/02 - 12:57:36 | 200 |    2.413205ms |  192.168.66.115 | POST     /getResult
[2020-01-02 12:57:36] 自開彩開獎  {202001020260 6 37 true} 
ConfigData  map[port:3306 user:fa_db database:FA_MEM charset:utf8 redisIp:192.168.88.119 redisPort:6379 ip:192.168.88.181 poolname:FA_MEM redisDB:3 password:1qaz!QAZ redisPassword:""]
SqlString  SELECT RTP,Amount,Bonus  FROM M_RtpSetting  WHERE Sid = 1   AND State = 1   AND LTG_Code = 6 AND Gid = 37
sqlResult   map[result: count:0 state:0]
[2020-01-02 12:57:36] rtpData ------->   map[count:0 state:0 result:] 
[GIN] 2020/01/02 - 12:57:36 | 200 |    2.345114ms |  192.168.66.115 | POST     /getResult
[2020-01-02 12:57:37] 自開彩開獎  {202001020778 5 38 true} 
ConfigData  map[poolname:FA_MEM user:fa_db password:1qaz!QAZ database:FA_MEM charset:utf8 redisPort:6379 redisPassword:"" ip:192.168.88.181 port:3306 redisIp:192.168.88.119 redisDB:3]
SqlString  SELECT RTP,Amount,Bonus  FROM M_RtpSetting  WHERE Sid = 1   AND State = 1   AND LTG_Code = 5 AND Gid = 38
sqlResult   map[result: count:0 state:0]
[2020-01-02 12:57:37] rtpData ------->   map[result: count:0 state:0] 
[GIN] 2020/01/02 - 12:57:37 | 200 |    2.234419ms |  192.168.66.115 | POST     /getResult
[2020-01-02 12:57:37] 自開彩開獎  {202001020778 6 36 true} 
ConfigData  map[database:FA_MEM redisIp:192.168.88.119 redisPort:6379 redisPassword:"" ip:192.168.88.181 poolname:FA_MEM user:fa_db password:1qaz!QAZ redisDB:3 port:3306 charset:utf8]
SqlString  SELECT RTP,Amount,Bonus  FROM M_RtpSetting  WHERE Sid = 1   AND State = 1   AND LTG_Code = 6 AND Gid = 36
[2020-01-02 12:57:37] 自開彩開獎  {202001020260 1 35 true} 
ConfigData  map[ip:192.168.88.181 poolname:FA_MEM port:3306 password:1qaz!QAZ redisIp:192.168.88.119 user:fa_db database:FA_MEM charset:utf8 redisPort:6379 redisPassword:"" redisDB:3]
SqlString  SELECT RTP,Amount,Bonus  FROM M_RtpSetting  WHERE Sid = 1   AND State = 1   AND LTG_Code = 1 AND Gid = 35
sqlResult   map[result: count:0 state:0]
sqlResult   map[result: count:0 state:0]
[2020-01-02 12:57:37] rtpData ------->   map[result: count:0 state:0] 
[2020-01-02 12:57:37] rtpData ------->   map[result: count:0 state:0] 
[GIN] 2020/01/02 - 12:57:37 | 200 |    2.367346ms |  192.168.66.115 | POST     /getResult
[GIN] 2020/01/02 - 12:57:37 | 200 |    2.541359ms |  192.168.66.115 | POST     /getResult
[2020-01-02 12:57:40] 自開彩開獎  {202001020778 1 34 true} 
ConfigData  map[database:FA_MEM redisPort:6379 ip:192.168.88.181 poolname:FA_MEM port:3306 redisIp:192.168.88.119 redisPassword:"" redisDB:3 user:fa_db password:1qaz!QAZ charset:utf8]
SqlString  SELECT RTP,Amount,Bonus  FROM M_RtpSetting  WHERE Sid = 1   AND State = 1   AND LTG_Code = 1 AND Gid = 34
sqlResult   map[state:0 result: count:0]
[2020-01-02 12:57:40] rtpData ------->   map[count:0 state:0 result:] 
[GIN] 2020/01/02 - 12:57:40 | 200 |    2.699732ms |  192.168.66.115 | POST     /getResult
[2020-01-02 12:57:42] 自開彩開獎  {202001020778 4 40 true} 
ConfigData  map[port:3306 password:1qaz!QAZ database:FA_MEM redisPassword:"" redisDB:3 ip:192.168.88.181 poolname:FA_MEM user:fa_db charset:utf8 redisIp:192.168.88.119 redisPort:6379]
SqlString  SELECT RTP,Amount,Bonus  FROM M_RtpSetting  WHERE Sid = 1   AND State = 1   AND LTG_Code = 4 AND Gid = 40
sqlResult   map[count:0 state:0 result:]
[2020-01-02 12:57:42] rtpData ------->   map[result: count:0 state:0] 
[GIN] 2020/01/02 - 12:57:42 | 200 |    2.448962ms |  192.168.66.115 | POST     /getResult
[2020-01-02 12:57:42] 自開彩開獎  {202001020260 4 41 true} 
ConfigData  map[password:1qaz!QAZ charset:utf8 redisIp:192.168.88.119 ip:192.168.88.181 poolname:FA_MEM port:3306 user:fa_db database:FA_MEM redisPort:6379 redisPassword:"" redisDB:3]
SqlString  SELECT RTP,Amount,Bonus  FROM M_RtpSetting  WHERE Sid = 1   AND State = 1   AND LTG_Code = 4 AND Gid = 41
sqlResult   map[result: count:0 state:0]
[2020-01-02 12:57:42] rtpData ------->   map[count:0 state:0 result:] 
[GIN] 2020/01/02 - 12:57:42 | 200 |    2.085553ms |  192.168.66.115 | POST     /getResult
[2020-01-02 12:57:42] 自開彩開獎  {202001020260 6 37 true} 
ConfigData  map[charset:utf8 redisIp:192.168.88.119 ip:192.168.88.181 poolname:FA_MEM port:3306 user:fa_db password:1qaz!QAZ database:FA_MEM redisPassword:"" redisPort:6379 redisDB:3]
SqlString  SELECT RTP,Amount,Bonus  FROM M_RtpSetting  WHERE Sid = 1   AND State = 1   AND LTG_Code = 6 AND Gid = 37
sqlResult   map[result: count:0 state:0]
[2020-01-02 12:57:42] rtpData ------->   map[result: count:0 state:0] 
[GIN] 2020/01/02 - 12:57:42 | 200 |    2.917767ms |  192.168.66.115 | POST     /getResult
[2020-01-02 12:57:43] 自開彩開獎  {202001020778 5 38 true} 
ConfigData  map[ip:192.168.88.181 poolname:FA_MEM user:fa_db charset:utf8 redisPassword:"" port:3306 password:1qaz!QAZ database:FA_MEM redisIp:192.168.88.119 redisPort:6379 redisDB:3]
SqlString  SELECT RTP,Amount,Bonus  FROM M_RtpSetting  WHERE Sid = 1   AND State = 1   AND LTG_Code = 5 AND Gid = 38
sqlResult   map[result: count:0 state:0]
[2020-01-02 12:57:43] rtpData ------->   map[result: count:0 state:0] 
[GIN] 2020/01/02 - 12:57:43 | 200 |    2.418031ms |  192.168.66.115 | POST     /getResult
[2020-01-02 12:57:43] 自開彩開獎  {202001020778 6 36 true} 
[2020-01-02 12:57:43] 自開彩開獎  {202001020260 1 35 true} 
ConfigData  map[poolname:FA_MEM user:fa_db redisIp:192.168.88.119 redisPort:6379 redisPassword:"" ip:192.168.88.181 port:3306 password:1qaz!QAZ database:FA_MEM charset:utf8 redisDB:3]
SqlString  SELECT RTP,Amount,Bonus  FROM M_RtpSetting  WHERE Sid = 1   AND State = 1   AND LTG_Code = 6 AND Gid = 36
ConfigData  map[poolname:FA_MEM port:3306 user:fa_db password:1qaz!QAZ charset:utf8 redisIp:192.168.88.119 redisPassword:"" ip:192.168.88.181 redisDB:3 redisPort:6379 database:FA_MEM]
SqlString  SELECT RTP,Amount,Bonus  FROM M_RtpSetting  WHERE Sid = 1   AND State = 1   AND LTG_Code = 1 AND Gid = 35
sqlResult   map[result: count:0 state:0]
[2020-01-02 12:57:43] rtpData ------->   map[result: count:0 state:0] 
[GIN] 2020/01/02 - 12:57:43 | 200 |    2.138786ms |  192.168.66.115 | POST     /getResult
sqlResult   map[result: count:0 state:0]
[2020-01-02 12:57:43] rtpData ------->   map[result: count:0 state:0] 
[GIN] 2020/01/02 - 12:57:43 | 200 |     2.28445ms |  192.168.66.115 | POST     /getResult
[2020-01-02 12:57:46] 自開彩開獎  {202001020778 1 34 true} 
ConfigData  map[redisPassword:"" redisDB:3 ip:192.168.88.181 user:fa_db database:FA_MEM charset:utf8 redisPort:6379 poolname:FA_MEM port:3306 password:1qaz!QAZ redisIp:192.168.88.119]
SqlString  SELECT RTP,Amount,Bonus  FROM M_RtpSetting  WHERE Sid = 1   AND State = 1   AND LTG_Code = 1 AND Gid = 34
sqlResult   map[result: count:0 state:0]
[2020-01-02 12:57:46] rtpData ------->   map[result: count:0 state:0] 
[GIN] 2020/01/02 - 12:57:46 | 200 |    2.098048ms |  192.168.66.115 | POST     /getResult
[2020-01-02 12:57:48] 自開彩開獎  {202001020778 4 40 true} 
ConfigData  map[port:3306 password:1qaz!QAZ charset:utf8 redisIp:192.168.88.119 redisPassword:"" redisDB:3 ip:192.168.88.181 user:fa_db database:FA_MEM redisPort:6379 poolname:FA_MEM]
SqlString  SELECT RTP,Amount,Bonus  FROM M_RtpSetting  WHERE Sid = 1   AND State = 1   AND LTG_Code = 4 AND Gid = 40
sqlResult   map[result: count:0 state:0]
[2020-01-02 12:57:48] rtpData ------->   map[result: count:0 state:0] 
[GIN] 2020/01/02 - 12:57:48 | 200 |    2.901183ms |  192.168.66.115 | POST     /getResult
[2020-01-02 12:57:48] 自開彩開獎  {202001020260 4 41 true} 
ConfigData  map[charset:utf8 redisIp:192.168.88.119 redisPort:6379 ip:192.168.88.181 poolname:FA_MEM user:fa_db database:FA_MEM port:3306 password:1qaz!QAZ redisPassword:"" redisDB:3]
SqlString  SELECT RTP,Amount,Bonus  FROM M_RtpSetting  WHERE Sid = 1   AND State = 1   AND LTG_Code = 4 AND Gid = 41
sqlResult   map[result: count:0 state:0]
[2020-01-02 12:57:48] rtpData ------->   map[count:0 state:0 result:] 
[GIN] 2020/01/02 - 12:57:48 | 200 |    2.463186ms |  192.168.66.115 | POST     /getResult
[2020-01-02 12:57:48] 自開彩開獎  {202001020260 6 37 true} 
ConfigData  map[ip:192.168.88.181 user:fa_db redisIp:192.168.88.119 redisPort:6379 redisPassword:"" poolname:FA_MEM port:3306 password:1qaz!QAZ database:FA_MEM charset:utf8 redisDB:3]
SqlString  SELECT RTP,Amount,Bonus  FROM M_RtpSetting  WHERE Sid = 1   AND State = 1   AND LTG_Code = 6 AND Gid = 37
sqlResult   map[result: count:0 state:0]
[2020-01-02 12:57:48] rtpData ------->   map[state:0 result: count:0] 
[GIN] 2020/01/02 - 12:57:48 | 200 |    2.363904ms |  192.168.66.115 | POST     /getResult
[2020-01-02 12:57:49] 自開彩開獎  {202001020778 5 38 true} 
ConfigData  map[user:fa_db password:1qaz!QAZ charset:utf8 redisIp:192.168.88.119 redisDB:3 ip:192.168.88.181 poolname:FA_MEM port:3306 database:FA_MEM redisPort:6379 redisPassword:""]
SqlString  SELECT RTP,Amount,Bonus  FROM M_RtpSetting  WHERE Sid = 1   AND State = 1   AND LTG_Code = 5 AND Gid = 38
sqlResult   map[result: count:0 state:0]
[2020-01-02 12:57:49] rtpData ------->   map[result: count:0 state:0] 
[GIN] 2020/01/02 - 12:57:49 | 200 |    2.239415ms |  192.168.66.115 | POST     /getResult
[2020-01-02 12:57:49] 自開彩開獎  {202001020260 1 35 true} 
[2020-01-02 12:57:49] 自開彩開獎  {202001020778 6 36 true} 
ConfigData  map[redisPort:6379 redisDB:3 ip:192.168.88.181 database:FA_MEM charset:utf8 password:1qaz!QAZ redisIp:192.168.88.119 redisPassword:"" poolname:FA_MEM port:3306 user:fa_db]
SqlString  SELECT RTP,Amount,Bonus  FROM M_RtpSetting  WHERE Sid = 1   AND State = 1   AND LTG_Code = 6 AND Gid = 36
ConfigData  map[ip:192.168.88.181 port:3306 user:fa_db redisPort:6379 redisDB:3 poolname:FA_MEM password:1qaz!QAZ database:FA_MEM charset:utf8 redisIp:192.168.88.119 redisPassword:""]
SqlString  SELECT RTP,Amount,Bonus  FROM M_RtpSetting  WHERE Sid = 1   AND State = 1   AND LTG_Code = 1 AND Gid = 35
sqlResult   map[result: count:0 state:0]
[2020-01-02 12:57:49] rtpData ------->   map[result: count:0 state:0] 
[GIN] 2020/01/02 - 12:57:49 | 200 |    2.741458ms |  192.168.66.115 | POST     /getResult
sqlResult   map[result: count:0 state:0]
[2020-01-02 12:57:49] rtpData ------->   map[result: count:0 state:0] 
[GIN] 2020/01/02 - 12:57:49 | 200 |    2.957629ms |  192.168.66.115 | POST     /getResult
[2020-01-02 12:57:52] 自開彩開獎  {202001020778 1 34 true} 
ConfigData  map[poolname:FA_MEM port:3306 password:1qaz!QAZ redisIp:192.168.88.119 redisPassword:"" redisDB:3 ip:192.168.88.181 user:fa_db database:FA_MEM charset:utf8 redisPort:6379]
SqlString  SELECT RTP,Amount,Bonus  FROM M_RtpSetting  WHERE Sid = 1   AND State = 1   AND LTG_Code = 1 AND Gid = 34
sqlResult   map[result: count:0 state:0]
[2020-01-02 12:57:52] rtpData ------->   map[result: count:0 state:0] 
[GIN] 2020/01/02 - 12:57:52 | 200 |    2.166966ms |  192.168.66.115 | POST     /getResult
[2020-01-02 12:57:54] 自開彩開獎  {202001020778 4 40 true} 
ConfigData  map[ip:192.168.88.181 port:3306 user:fa_db redisIp:192.168.88.119 redisPassword:"" poolname:FA_MEM password:1qaz!QAZ database:FA_MEM charset:utf8 redisPort:6379 redisDB:3]
SqlString  SELECT RTP,Amount,Bonus  FROM M_RtpSetting  WHERE Sid = 1   AND State = 1   AND LTG_Code = 4 AND Gid = 40
sqlResult   map[result: count:0 state:0]
[2020-01-02 12:57:54] rtpData ------->   map[result: count:0 state:0] 
[GIN] 2020/01/02 - 12:57:54 | 200 |    2.010815ms |  192.168.66.115 | POST     /getResult
[2020-01-02 12:57:54] 自開彩開獎  {202001020260 4 41 true} 
ConfigData  map[poolname:FA_MEM user:fa_db password:1qaz!QAZ redisIp:192.168.88.119 redisPort:6379 ip:192.168.88.181 database:FA_MEM charset:utf8 redisPassword:"" redisDB:3 port:3306]
SqlString  SELECT RTP,Amount,Bonus  FROM M_RtpSetting  WHERE Sid = 1   AND State = 1   AND LTG_Code = 4 AND Gid = 41
sqlResult   map[count:0 state:0 result:]
[2020-01-02 12:57:54] rtpData ------->   map[result: count:0 state:0] 
[GIN] 2020/01/02 - 12:57:54 | 200 |    2.096562ms |  192.168.66.115 | POST     /getResult
[2020-01-02 12:57:54] 自開彩開獎  {202001020260 6 37 true} 
ConfigData  map[port:3306 user:fa_db password:1qaz!QAZ redisPassword:"" redisDB:3 ip:192.168.88.181 poolname:FA_MEM database:FA_MEM charset:utf8 redisIp:192.168.88.119 redisPort:6379]
SqlString  SELECT RTP,Amount,Bonus  FROM M_RtpSetting  WHERE Sid = 1   AND State = 1   AND LTG_Code = 6 AND Gid = 37
sqlResult   map[result: count:0 state:0]
[2020-01-02 12:57:54] rtpData ------->   map[result: count:0 state:0] 
[GIN] 2020/01/02 - 12:57:54 | 200 |    2.298143ms |  192.168.66.115 | POST     /getResult
[2020-01-02 12:57:55] 自開彩開獎  {202001020778 5 38 true} 
ConfigData  map[ip:192.168.88.181 user:fa_db password:1qaz!QAZ redisIp:192.168.88.119 redisPort:6379 redisPassword:"" redisDB:3 poolname:FA_MEM port:3306 database:FA_MEM charset:utf8]
SqlString  SELECT RTP,Amount,Bonus  FROM M_RtpSetting  WHERE Sid = 1   AND State = 1   AND LTG_Code = 5 AND Gid = 38
sqlResult   map[result: count:0 state:0]
[2020-01-02 12:57:55] rtpData ------->   map[result: count:0 state:0] 
[GIN] 2020/01/02 - 12:57:55 | 200 |    2.236509ms |  192.168.66.115 | POST     /getResult
[2020-01-02 12:57:55] 自開彩開獎  {202001020778 6 36 true} 
ConfigData  map[ip:192.168.88.181 user:fa_db password:1qaz!QAZ database:FA_MEM charset:utf8 redisPort:6379 poolname:FA_MEM port:3306 redisIp:192.168.88.119 redisPassword:"" redisDB:3]
SqlString  SELECT RTP,Amount,Bonus  FROM M_RtpSetting  WHERE Sid = 1   AND State = 1   AND LTG_Code = 6 AND Gid = 36
[2020-01-02 12:57:55] 自開彩開獎  {202001020260 1 35 true} 
ConfigData  map[user:fa_db password:1qaz!QAZ charset:utf8 redisIp:192.168.88.119 redisPort:6379 redisPassword:"" redisDB:3 ip:192.168.88.181 poolname:FA_MEM port:3306 database:FA_MEM]
SqlString  SELECT RTP,Amount,Bonus  FROM M_RtpSetting  WHERE Sid = 1   AND State = 1   AND LTG_Code = 1 AND Gid = 35
sqlResult   map[count:0 state:0 result:]
[2020-01-02 12:57:55] rtpData ------->   map[result: count:0 state:0] 
sqlResult   map[result: count:0 state:0]
[2020-01-02 12:57:55] rtpData ------->   map[result: count:0 state:0] 
[GIN] 2020/01/02 - 12:57:55 | 200 |    2.637019ms |  192.168.66.115 | POST     /getResult
[GIN] 2020/01/02 - 12:57:55 | 200 |    2.732696ms |  192.168.66.115 | POST     /getResult
[2020-01-02 12:57:58] 自開彩開獎  {202001020778 1 34 true} 
ConfigData  map[password:1qaz!QAZ database:FA_MEM charset:utf8 redisIp:192.168.88.119 ip:192.168.88.181 user:fa_db redisPort:6379 redisPassword:"" redisDB:3 poolname:FA_MEM port:3306]
SqlString  SELECT RTP,Amount,Bonus  FROM M_RtpSetting  WHERE Sid = 1   AND State = 1   AND LTG_Code = 1 AND Gid = 34
sqlResult   map[result: count:0 state:0]
[2020-01-02 12:57:58] rtpData ------->   map[state:0 result: count:0] 
[GIN] 2020/01/02 - 12:57:58 | 200 |    2.662465ms |  192.168.66.115 | POST     /getResult
[2020-01-02 12:58:00] 自開彩開獎  {202001020778 4 40 true} 
ConfigData  map[redisDB:3 poolname:FA_MEM user:fa_db charset:utf8 redisPassword:"" redisIp:192.168.88.119 redisPort:6379 ip:192.168.88.181 port:3306 password:1qaz!QAZ database:FA_MEM]
SqlString  SELECT RTP,Amount,Bonus  FROM M_RtpSetting  WHERE Sid = 1   AND State = 1   AND LTG_Code = 4 AND Gid = 40
sqlResult   map[result: count:0 state:0]
[2020-01-02 12:58:00] rtpData ------->   map[result: count:0 state:0] 
[GIN] 2020/01/02 - 12:58:00 | 200 |    2.575057ms |  192.168.66.115 | POST     /getResult
[2020-01-02 12:58:00] 自開彩開獎  {202001020260 4 41 true} 
ConfigData  map[poolname:FA_MEM database:FA_MEM charset:utf8 redisIp:192.168.88.119 redisPort:6379 redisPassword:"" ip:192.168.88.181 port:3306 user:fa_db password:1qaz!QAZ redisDB:3]
SqlString  SELECT RTP,Amount,Bonus  FROM M_RtpSetting  WHERE Sid = 1   AND State = 1   AND LTG_Code = 4 AND Gid = 41
sqlResult   map[state:0 result: count:0]
[2020-01-02 12:58:00] rtpData ------->   map[state:0 result: count:0] 
[GIN] 2020/01/02 - 12:58:00 | 200 |    2.184632ms |  192.168.66.115 | POST     /getResult
[2020-01-02 12:58:00] 自開彩開獎  {202001020260 6 37 true} 
ConfigData  map[password:1qaz!QAZ redisIp:192.168.88.119 redisPort:6379 poolname:FA_MEM port:3306 database:FA_MEM charset:utf8 redisPassword:"" redisDB:3 ip:192.168.88.181 user:fa_db]
SqlString  SELECT RTP,Amount,Bonus  FROM M_RtpSetting  WHERE Sid = 1   AND State = 1   AND LTG_Code = 6 AND Gid = 37
sqlResult   map[result: count:0 state:0]
[2020-01-02 12:58:00] rtpData ------->   map[result: count:0 state:0] 
[GIN] 2020/01/02 - 12:58:00 | 200 |    3.355748ms |  192.168.66.115 | POST     /getResult
[2020-01-02 12:58:01] 自開彩開獎  {202001020778 5 38 true} 
ConfigData  map[redisDB:3 ip:192.168.88.181 poolname:FA_MEM user:fa_db database:FA_MEM charset:utf8 redisPort:6379 port:3306 password:1qaz!QAZ redisIp:192.168.88.119 redisPassword:""]
SqlString  SELECT RTP,Amount,Bonus  FROM M_RtpSetting  WHERE Sid = 1   AND State = 1   AND LTG_Code = 5 AND Gid = 38
sqlResult   map[result: count:0 state:0]
[2020-01-02 12:58:01] rtpData ------->   map[count:0 state:0 result:] 
[GIN] 2020/01/02 - 12:58:01 | 200 |    2.465629ms |  192.168.66.115 | POST     /getResult
[2020-01-02 12:58:01] 自開彩開獎  {202001020779 2 26 true} 
ConfigData  map[password:1qaz!QAZ charset:utf8 redisDB:3 user:fa_db database:FA_MEM redisIp:192.168.88.119 redisPort:6379 redisPassword:"" ip:192.168.88.181 poolname:FA_MEM port:3306]
SqlString  SELECT RTP,Amount,Bonus  FROM M_RtpSetting  WHERE Sid = 1   AND State = 1   AND LTG_Code = 2 AND Gid = 26
sqlResult   map[result:0.9600 count:1 state:1 amount:1.0069588e+06 bonus:908100.71]
[2020-01-02 12:58:01] rtpData ------->   map[result:0.9600 count:1 state:1 amount:1.0069588e+06 bonus:908100.71] 
ConfigData  map[ip:192.168.88.181 poolname:FA_MEM port:3306 charset:utf8 redisDB:3 user:fa_db password:1qaz!QAZ database:FA_MEM redisIp:192.168.88.119 redisPort:6379 redisPassword:""]
SELECT BO_No, BO_OrderNo , BO_User , BO_Issue  , BO_LotteryTypeGroup, BO_LotteryType, BO_Mode, BO_LotteryPlayGroup, BO_LotteryPlay , BO_LotteryContent, BO_Price, BO_RealPrice, BO_Unit, BO_Multiple , BO_BetCount  , BO_Winnings, BO_Winnings2, BO_Winnings3, BO_WinningLimit  , BO_Water , BO_BW_SourceUserId, BO_BW_BackWater, BO_BW_LimitBetCount, BO_BW_MaxAmount, BO_BW_AuditMultiple  , BO_Odds, BO_Odds2, BO_Odds3 , BO_Type, BO_Chase , BO_OpenResult, BO_OpenResult2, BO_DateDraw, BO_DateDraw2, BO_DateUpdate  FROM TS_BetOrder  WHERE BO_Cancel = 0   AND BO_CancelBackend = 0   AND BO_LotteryTypeGroup = 2 AND BO_LotteryType = 26 AND BO_Issue = 202001020779 AND BO_Collect = 0 ORDER BY BO_DateDraw ASC, BO_DateCreate ASC, BO_DateUpdate ASC, BO_No ASC ;
[2020-01-02 12:58:01] LottteryTypeGroup 2 
[2020-01-02 12:58:01] 有期號 但無注單 -------> map[bonus:0 thisOpenResult:[5 8 2 2 8] amount:0] 
[GIN] 2020/01/02 - 12:58:01 | 200 |    4.699106ms |  192.168.66.115 | POST     /getResult
[2020-01-02 12:58:01] 自開彩開獎  {202001020778 6 36 true} 
ConfigData  map[port:3306 database:FA_MEM charset:utf8 redisDB:3 ip:192.168.88.181 poolname:FA_MEM user:fa_db password:1qaz!QAZ redisIp:192.168.88.119 redisPort:6379 redisPassword:""]
SqlString  SELECT RTP,Amount,Bonus  FROM M_RtpSetting  WHERE Sid = 1   AND State = 1   AND LTG_Code = 6 AND Gid = 36
[2020-01-02 12:58:01] 自開彩開獎  {202001020260 1 35 true} 
ConfigData  map[user:fa_db password:1qaz!QAZ database:FA_MEM redisIp:192.168.88.119 redisPassword:"" redisDB:3 poolname:FA_MEM port:3306 charset:utf8 redisPort:6379 ip:192.168.88.181]
SqlString  SELECT RTP,Amount,Bonus  FROM M_RtpSetting  WHERE Sid = 1   AND State = 1   AND LTG_Code = 1 AND Gid = 35
sqlResult   map[result: count:0 state:0]
[2020-01-02 12:58:01] rtpData ------->   map[result: count:0 state:0] 
[GIN] 2020/01/02 - 12:58:01 | 200 |    2.281382ms |  192.168.66.115 | POST     /getResult
sqlResult   map[result: count:0 state:0]
[2020-01-02 12:58:01] rtpData ------->   map[result: count:0 state:0] 
[GIN] 2020/01/02 - 12:58:01 | 200 |    2.247597ms |  192.168.66.115 | POST     /getResult
[2020-01-02 12:58:04] 自開彩開獎  {202001020778 1 34 true} 
ConfigData  map[redisPassword:"" password:1qaz!QAZ charset:utf8 redisIp:192.168.88.119 redisPort:6379 database:FA_MEM redisDB:3 ip:192.168.88.181 poolname:FA_MEM port:3306 user:fa_db]
SqlString  SELECT RTP,Amount,Bonus  FROM M_RtpSetting  WHERE Sid = 1   AND State = 1   AND LTG_Code = 1 AND Gid = 34
sqlResult   map[result: count:0 state:0]
[2020-01-02 12:58:04] rtpData ------->   map[count:0 state:0 result:] 
[GIN] 2020/01/02 - 12:58:04 | 200 |    2.007893ms |  192.168.66.115 | POST     /getResult
[2020-01-02 12:58:06] 自開彩開獎  {202001020779 4 40 true} 
ConfigData  map[port:3306 user:fa_db charset:utf8 redisPassword:"" redisDB:3 ip:192.168.88.181 poolname:FA_MEM password:1qaz!QAZ database:FA_MEM redisIp:192.168.88.119 redisPort:6379]
SqlString  SELECT RTP,Amount,Bonus  FROM M_RtpSetting  WHERE Sid = 1   AND State = 1   AND LTG_Code = 4 AND Gid = 40
sqlResult   map[result: count:0 state:0]
[2020-01-02 12:58:06] rtpData ------->   map[result: count:0 state:0] 
[GIN] 2020/01/02 - 12:58:06 | 200 |    3.169976ms |  192.168.66.115 | POST     /getResult
[2020-01-02 12:58:06] 自開彩開獎  {202001020260 4 41 true} 
ConfigData  map[redisDB:3 ip:192.168.88.181 password:1qaz!QAZ database:FA_MEM redisIp:192.168.88.119 redisPassword:"" poolname:FA_MEM port:3306 user:fa_db charset:utf8 redisPort:6379]
SqlString  SELECT RTP,Amount,Bonus  FROM M_RtpSetting  WHERE Sid = 1   AND State = 1   AND LTG_Code = 4 AND Gid = 41
sqlResult   map[result: count:0 state:0]
[2020-01-02 12:58:06] rtpData ------->   map[result: count:0 state:0] 
[GIN] 2020/01/02 - 12:58:06 | 200 |    2.628115ms |  192.168.66.115 | POST     /getResult
[2020-01-02 12:58:07] 自開彩開獎  {202001020779 5 38 true} 
ConfigData  map[port:3306 password:1qaz!QAZ database:FA_MEM charset:utf8 redisIp:192.168.88.119 redisPort:6379 poolname:FA_MEM user:fa_db redisPassword:"" redisDB:3 ip:192.168.88.181]
SqlString  SELECT RTP,Amount,Bonus  FROM M_RtpSetting  WHERE Sid = 1   AND State = 1   AND LTG_Code = 5 AND Gid = 38
sqlResult   map[result: count:0 state:0]
[2020-01-02 12:58:07] rtpData ------->   map[result: count:0 state:0] 
[GIN] 2020/01/02 - 12:58:07 | 200 |    2.521273ms |  192.168.66.115 | POST     /getResult
[2020-01-02 12:58:07] 自開彩開獎  {202001020779 6 36 true} 
[2020-01-02 12:58:07] 自開彩開獎  {202001020260 1 35 true} 
ConfigData  map[user:fa_db database:FA_MEM redisIp:192.168.88.119 redisPort:6379 redisPassword:"" redisDB:3 ip:192.168.88.181 poolname:FA_MEM port:3306 password:1qaz!QAZ charset:utf8]
SqlString  SELECT RTP,Amount,Bonus  FROM M_RtpSetting  WHERE Sid = 1   AND State = 1   AND LTG_Code = 1 AND Gid = 35
ConfigData  map[port:3306 password:1qaz!QAZ redisIp:192.168.88.119 redisPort:6379 redisDB:3 ip:192.168.88.181 poolname:FA_MEM user:fa_db database:FA_MEM charset:utf8 redisPassword:""]
SqlString  SELECT RTP,Amount,Bonus  FROM M_RtpSetting  WHERE Sid = 1   AND State = 1   AND LTG_Code = 6 AND Gid = 36
sqlResult   map[state:0 result: count:0]
[2020-01-02 12:58:07] rtpData ------->   map[result: count:0 state:0] 
[GIN] 2020/01/02 - 12:58:07 | 200 |    2.288689ms |  192.168.66.115 | POST     /getResult
sqlResult   map[result: count:0 state:0]
[2020-01-02 12:58:07] rtpData ------->   map[result: count:0 state:0] 
[GIN] 2020/01/02 - 12:58:07 | 200 |    2.606067ms |  192.168.66.115 | POST     /getResult
[2020-01-02 12:58:10] 自開彩開獎  {202001020779 1 34 true} 
ConfigData  map[poolname:FA_MEM user:fa_db database:FA_MEM redisPassword:"" redisDB:3 ip:192.168.88.181 port:3306 password:1qaz!QAZ charset:utf8 redisIp:192.168.88.119 redisPort:6379]
SqlString  SELECT RTP,Amount,Bonus  FROM M_RtpSetting  WHERE Sid = 1   AND State = 1   AND LTG_Code = 1 AND Gid = 34
sqlResult   map[result: count:0 state:0]
[2020-01-02 12:58:10] rtpData ------->   map[result: count:0 state:0] 
[GIN] 2020/01/02 - 12:58:10 | 200 |    1.939175ms |  192.168.66.115 | POST     /getResult
[2020-01-02 12:58:12] 自開彩開獎  {202001020779 4 40 true} 
ConfigData  map[password:1qaz!QAZ database:FA_MEM redisDB:3 poolname:FA_MEM port:3306 charset:utf8 redisIp:192.168.88.119 redisPort:6379 redisPassword:"" ip:192.168.88.181 user:fa_db]
SqlString  SELECT RTP,Amount,Bonus  FROM M_RtpSetting  WHERE Sid = 1   AND State = 1   AND LTG_Code = 4 AND Gid = 40
sqlResult   map[result: count:0 state:0]
[2020-01-02 12:58:12] rtpData ------->   map[count:0 state:0 result:] 
[GIN] 2020/01/02 - 12:58:12 | 200 |    2.845504ms |  192.168.66.115 | POST     /getResult
[2020-01-02 12:58:12] 自開彩開獎  {202001020260 4 41 true} 
ConfigData  map[redisDB:3 port:3306 user:fa_db database:FA_MEM redisIp:192.168.88.119 redisPort:6379 redisPassword:"" ip:192.168.88.181 poolname:FA_MEM password:1qaz!QAZ charset:utf8]
SqlString  SELECT RTP,Amount,Bonus  FROM M_RtpSetting  WHERE Sid = 1   AND State = 1   AND LTG_Code = 4 AND Gid = 41
sqlResult   map[result: count:0 state:0]
[2020-01-02 12:58:12] rtpData ------->   map[count:0 state:0 result:] 
[GIN] 2020/01/02 - 12:58:12 | 200 |    2.081928ms |  192.168.66.115 | POST     /getResult
[2020-01-02 12:58:13] 自開彩開獎  {202001020779 5 38 true} 
ConfigData  map[charset:utf8 redisIp:192.168.88.119 redisPort:6379 redisPassword:"" ip:192.168.88.181 poolname:FA_MEM password:1qaz!QAZ database:FA_MEM redisDB:3 port:3306 user:fa_db]
SqlString  SELECT RTP,Amount,Bonus  FROM M_RtpSetting  WHERE Sid = 1   AND State = 1   AND LTG_Code = 5 AND Gid = 38
sqlResult   map[state:0 result: count:0]
[2020-01-02 12:58:13] rtpData ------->   map[result: count:0 state:0] 
[GIN] 2020/01/02 - 12:58:13 | 200 |    2.552068ms |  192.168.66.115 | POST     /getResult
[2020-01-02 12:58:13] 自開彩開獎  {202001020260 1 35 true} 
ConfigData  map[redisIp:192.168.88.119 redisPort:6379 redisPassword:"" ip:192.168.88.181 user:fa_db password:1qaz!QAZ charset:utf8 redisDB:3 poolname:FA_MEM port:3306 database:FA_MEM]
SqlString  SELECT RTP,Amount,Bonus  FROM M_RtpSetting  WHERE Sid = 1   AND State = 1   AND LTG_Code = 1 AND Gid = 35
[2020-01-02 12:58:13] 自開彩開獎  {202001020779 6 36 true} 
ConfigData  map[ip:192.168.88.181 password:1qaz!QAZ database:FA_MEM redisIp:192.168.88.119 redisPort:6379 redisPassword:"" poolname:FA_MEM port:3306 user:fa_db charset:utf8 redisDB:3]
SqlString  SELECT RTP,Amount,Bonus  FROM M_RtpSetting  WHERE Sid = 1   AND State = 1   AND LTG_Code = 6 AND Gid = 36
sqlResult   map[result: count:0 state:0]
[2020-01-02 12:58:13] rtpData ------->   map[result: count:0 state:0] 
[GIN] 2020/01/02 - 12:58:13 | 200 |    3.272985ms |  192.168.66.115 | POST     /getResult
sqlResult   map[count:0 state:0 result:]
[2020-01-02 12:58:13] rtpData ------->   map[result: count:0 state:0] 
[GIN] 2020/01/02 - 12:58:13 | 200 |    3.473749ms |  192.168.66.115 | POST     /getResult
[2020-01-02 12:58:16] 自開彩開獎  {202001020779 1 34 true} 
ConfigData  map[ip:192.168.88.181 port:3306 user:fa_db database:FA_MEM redisPort:6379 poolname:FA_MEM password:1qaz!QAZ charset:utf8 redisIp:192.168.88.119 redisPassword:"" redisDB:3]
SqlString  SELECT RTP,Amount,Bonus  FROM M_RtpSetting  WHERE Sid = 1   AND State = 1   AND LTG_Code = 1 AND Gid = 34
sqlResult   map[state:0 result: count:0]
[2020-01-02 12:58:16] rtpData ------->   map[result: count:0 state:0] 
[GIN] 2020/01/02 - 12:58:16 | 200 |    2.216194ms |  192.168.66.115 | POST     /getResult
[2020-01-02 12:58:18] 自開彩開獎  {202001020779 4 40 true} 
ConfigData  map[ip:192.168.88.181 poolname:FA_MEM password:1qaz!QAZ database:FA_MEM charset:utf8 redisDB:3 port:3306 user:fa_db redisIp:192.168.88.119 redisPort:6379 redisPassword:""]
SqlString  SELECT RTP,Amount,Bonus  FROM M_RtpSetting  WHERE Sid = 1   AND State = 1   AND LTG_Code = 4 AND Gid = 40
sqlResult   map[result: count:0 state:0]
[2020-01-02 12:58:18] rtpData ------->   map[result: count:0 state:0] 
[GIN] 2020/01/02 - 12:58:18 | 200 |    2.506994ms |  192.168.66.115 | POST     /getResult
[2020-01-02 12:58:18] 自開彩開獎  {202001020260 4 41 true} 
ConfigData  map[redisPassword:"" redisDB:3 ip:192.168.88.181 poolname:FA_MEM port:3306 user:fa_db charset:utf8 password:1qaz!QAZ database:FA_MEM redisIp:192.168.88.119 redisPort:6379]
SqlString  SELECT RTP,Amount,Bonus  FROM M_RtpSetting  WHERE Sid = 1   AND State = 1   AND LTG_Code = 4 AND Gid = 41
sqlResult   map[result: count:0 state:0]
[2020-01-02 12:58:18] rtpData ------->   map[result: count:0 state:0] 
[GIN] 2020/01/02 - 12:58:18 | 200 |    2.451189ms |  192.168.66.115 | POST     /getResult
[2020-01-02 12:58:19] 自開彩開獎  {202001020779 5 38 true} 
ConfigData  map[redisPassword:"" ip:192.168.88.181 poolname:FA_MEM charset:utf8 database:FA_MEM redisIp:192.168.88.119 redisPort:6379 redisDB:3 port:3306 user:fa_db password:1qaz!QAZ]
SqlString  SELECT RTP,Amount,Bonus  FROM M_RtpSetting  WHERE Sid = 1   AND State = 1   AND LTG_Code = 5 AND Gid = 38
sqlResult   map[result: count:0 state:0]
[2020-01-02 12:58:19] rtpData ------->   map[result: count:0 state:0] 
[GIN] 2020/01/02 - 12:58:19 | 200 |    2.807381ms |  192.168.66.115 | POST     /getResult
[2020-01-02 12:58:19] 自開彩開獎  {202001020779 6 36 true} 
ConfigData  map[redisPort:6379 port:3306 user:fa_db database:FA_MEM charset:utf8 redisIp:192.168.88.119 redisPassword:"" redisDB:3 ip:192.168.88.181 poolname:FA_MEM password:1qaz!QAZ]
SqlString  SELECT RTP,Amount,Bonus  FROM M_RtpSetting  WHERE Sid = 1   AND State = 1   AND LTG_Code = 6 AND Gid = 36
[2020-01-02 12:58:19] 自開彩開獎  {202001020260 1 35 true} 
ConfigData  map[poolname:FA_MEM user:fa_db password:1qaz!QAZ database:FA_MEM charset:utf8 redisIp:192.168.88.119 ip:192.168.88.181 redisPort:6379 redisPassword:"" redisDB:3 port:3306]
SqlString  SELECT RTP,Amount,Bonus  FROM M_RtpSetting  WHERE Sid = 1   AND State = 1   AND LTG_Code = 1 AND Gid = 35
sqlResult   map[result: count:0 state:0]
[2020-01-02 12:58:19] rtpData ------->   map[result: count:0 state:0] 
[GIN] 2020/01/02 - 12:58:19 | 200 |    2.513214ms |  192.168.66.115 | POST     /getResult
sqlResult   map[result: count:0 state:0]
[2020-01-02 12:58:19] rtpData ------->   map[state:0 result: count:0] 
[GIN] 2020/01/02 - 12:58:19 | 200 |    2.540481ms |  192.168.66.115 | POST     /getResult
[2020-01-02 12:58:22] 自開彩開獎  {202001020779 1 34 true} 
ConfigData  map[redisPort:6379 port:3306 redisIp:192.168.88.119 user:fa_db password:1qaz!QAZ database:FA_MEM charset:utf8 redisPassword:"" redisDB:3 ip:192.168.88.181 poolname:FA_MEM]
SqlString  SELECT RTP,Amount,Bonus  FROM M_RtpSetting  WHERE Sid = 1   AND State = 1   AND LTG_Code = 1 AND Gid = 34
sqlResult   map[result: count:0 state:0]
[2020-01-02 12:58:22] rtpData ------->   map[result: count:0 state:0] 
[GIN] 2020/01/02 - 12:58:22 | 200 |    3.075241ms |  192.168.66.115 | POST     /getResult
[2020-01-02 12:58:24] 自開彩開獎  {202001020779 4 40 true} 
ConfigData  map[redisPort:6379 poolname:FA_MEM port:3306 user:fa_db password:1qaz!QAZ database:FA_MEM charset:utf8 redisIp:192.168.88.119 redisDB:3 ip:192.168.88.181 redisPassword:""]
SqlString  SELECT RTP,Amount,Bonus  FROM M_RtpSetting  WHERE Sid = 1   AND State = 1   AND LTG_Code = 4 AND Gid = 40
sqlResult   map[result: count:0 state:0]
[2020-01-02 12:58:24] rtpData ------->   map[result: count:0 state:0] 
[GIN] 2020/01/02 - 12:58:24 | 200 |    2.846028ms |  192.168.66.115 | POST     /getResult
[2020-01-02 12:58:24] 自開彩開獎  {202001020260 4 41 true} 
ConfigData  map[database:FA_MEM charset:utf8 redisPort:6379 redisDB:3 port:3306 user:fa_db password:1qaz!QAZ redisIp:192.168.88.119 redisPassword:"" ip:192.168.88.181 poolname:FA_MEM]
SqlString  SELECT RTP,Amount,Bonus  FROM M_RtpSetting  WHERE Sid = 1   AND State = 1   AND LTG_Code = 4 AND Gid = 41
sqlResult   map[result: count:0 state:0]
[2020-01-02 12:58:24] rtpData ------->   map[result: count:0 state:0] 
[GIN] 2020/01/02 - 12:58:24 | 200 |     2.73476ms |  192.168.66.115 | POST     /getResult
[2020-01-02 12:58:25] 自開彩開獎  {202001020779 5 38 true} 
ConfigData  map[charset:utf8 redisPassword:"" ip:192.168.88.181 poolname:FA_MEM port:3306 user:fa_db password:1qaz!QAZ database:FA_MEM redisIp:192.168.88.119 redisPort:6379 redisDB:3]
SqlString  SELECT RTP,Amount,Bonus  FROM M_RtpSetting  WHERE Sid = 1   AND State = 1   AND LTG_Code = 5 AND Gid = 38
sqlResult   map[result: count:0 state:0]
[2020-01-02 12:58:25] rtpData ------->   map[count:0 state:0 result:] 
[GIN] 2020/01/02 - 12:58:25 | 200 |    2.300098ms |  192.168.66.115 | POST     /getResult
[2020-01-02 12:58:25] 自開彩開獎  {202001020260 1 35 true} 
ConfigData  map[ip:192.168.88.181 poolname:FA_MEM port:3306 user:fa_db password:1qaz!QAZ charset:utf8 redisIp:192.168.88.119 redisPort:6379 database:FA_MEM redisPassword:"" redisDB:3]
SqlString  SELECT RTP,Amount,Bonus  FROM M_RtpSetting  WHERE Sid = 1   AND State = 1   AND LTG_Code = 1 AND Gid = 35
[2020-01-02 12:58:25] 自開彩開獎  {202001020779 6 36 true} 
ConfigData  map[ip:192.168.88.181 port:3306 redisIp:192.168.88.119 poolname:FA_MEM user:fa_db password:1qaz!QAZ database:FA_MEM charset:utf8 redisPort:6379 redisPassword:"" redisDB:3]
SqlString  SELECT RTP,Amount,Bonus  FROM M_RtpSetting  WHERE Sid = 1   AND State = 1   AND LTG_Code = 6 AND Gid = 36
sqlResult   map[result: count:0 state:0]
[2020-01-02 12:58:25] rtpData ------->   map[result: count:0 state:0] 
sqlResult   map[result: count:0 state:0]
[GIN] 2020/01/02 - 12:58:25 | 200 |    2.903533ms |  192.168.66.115 | POST     /getResult
[2020-01-02 12:58:25] rtpData ------->   map[result: count:0 state:0] 
[GIN] 2020/01/02 - 12:58:25 | 200 |    2.810257ms |  192.168.66.115 | POST     /getResult
[2020-01-02 12:58:28] 自開彩開獎  {202001020779 1 34 true} 
ConfigData  map[redisDB:3 password:1qaz!QAZ charset:utf8 redisPassword:"" user:fa_db database:FA_MEM redisIp:192.168.88.119 redisPort:6379 ip:192.168.88.181 poolname:FA_MEM port:3306]
SqlString  SELECT RTP,Amount,Bonus  FROM M_RtpSetting  WHERE Sid = 1   AND State = 1   AND LTG_Code = 1 AND Gid = 34
sqlResult   map[result: count:0 state:0]
[2020-01-02 12:58:28] rtpData ------->   map[state:0 result: count:0] 
[GIN] 2020/01/02 - 12:58:28 | 200 |    2.367718ms |  192.168.66.115 | POST     /getResult
[2020-01-02 12:58:30] 自開彩開獎  {202001020779 4 40 true} 
ConfigData  map[redisPassword:"" ip:192.168.88.181 port:3306 redisIp:192.168.88.119 database:FA_MEM charset:utf8 redisPort:6379 redisDB:3 poolname:FA_MEM user:fa_db password:1qaz!QAZ]
SqlString  SELECT RTP,Amount,Bonus  FROM M_RtpSetting  WHERE Sid = 1   AND State = 1   AND LTG_Code = 4 AND Gid = 40
sqlResult   map[result: count:0 state:0]
[2020-01-02 12:58:30] rtpData ------->   map[state:0 result: count:0] 
[GIN] 2020/01/02 - 12:58:30 | 200 |    2.787213ms |  192.168.66.115 | POST     /getResult
[2020-01-02 12:58:30] 自開彩開獎  {202001020260 4 41 true} 
ConfigData  map[ip:192.168.88.181 poolname:FA_MEM port:3306 password:1qaz!QAZ database:FA_MEM charset:utf8 user:fa_db redisIp:192.168.88.119 redisPort:6379 redisPassword:"" redisDB:3]
SqlString  SELECT RTP,Amount,Bonus  FROM M_RtpSetting  WHERE Sid = 1   AND State = 1   AND LTG_Code = 4 AND Gid = 41
sqlResult   map[state:0 result: count:0]
[2020-01-02 12:58:30] rtpData ------->   map[result: count:0 state:0] 
[GIN] 2020/01/02 - 12:58:30 | 200 |    2.475155ms |  192.168.66.115 | POST     /getResult
[2020-01-02 12:58:31] 自開彩開獎  {202001020779 5 38 true} 
ConfigData  map[charset:utf8 redisPort:6379 redisDB:3 ip:192.168.88.181 poolname:FA_MEM port:3306 database:FA_MEM user:fa_db password:1qaz!QAZ redisIp:192.168.88.119 redisPassword:""]
SqlString  SELECT RTP,Amount,Bonus  FROM M_RtpSetting  WHERE Sid = 1   AND State = 1   AND LTG_Code = 5 AND Gid = 38
sqlResult   map[result: count:0 state:0]
[2020-01-02 12:58:31] rtpData ------->   map[result: count:0 state:0] 
[GIN] 2020/01/02 - 12:58:31 | 200 |    2.932081ms |  192.168.66.115 | POST     /getResult
[2020-01-02 12:58:31] 自開彩開獎  {202001020779 6 36 true} 
[2020-01-02 12:58:31] 自開彩開獎  {202001020260 1 35 true} 
ConfigData  map[redisIp:192.168.88.119 redisPort:6379 redisDB:3 port:3306 user:fa_db password:1qaz!QAZ charset:utf8 ip:192.168.88.181 poolname:FA_MEM database:FA_MEM redisPassword:""]
ConfigData  map[database:FA_MEM redisIp:192.168.88.119 redisPort:6379 ip:192.168.88.181 port:3306 password:1qaz!QAZ redisPassword:"" redisDB:3 poolname:FA_MEM user:fa_db charset:utf8]
SqlString  SELECT RTP,Amount,Bonus  FROM M_RtpSetting  WHERE Sid = 1   AND State = 1   AND LTG_Code = 1 AND Gid = 35
SqlString  SELECT RTP,Amount,Bonus  FROM M_RtpSetting  WHERE Sid = 1   AND State = 1   AND LTG_Code = 6 AND Gid = 36
sqlResult   map[count:0 state:0 result:]
[2020-01-02 12:58:31] rtpData ------->   map[result: count:0 state:0] 
[GIN] 2020/01/02 - 12:58:31 | 200 |     2.65635ms |  192.168.66.115 | POST     /getResult
sqlResult   map[result: count:0 state:0]
[2020-01-02 12:58:31] rtpData ------->   map[result: count:0 state:0] 
[GIN] 2020/01/02 - 12:58:31 | 200 |    2.829871ms |  192.168.66.115 | POST     /getResult
[2020-01-02 12:58:34] 自開彩開獎  {202001020779 1 34 true} 
ConfigData  map[ip:192.168.88.181 poolname:FA_MEM port:3306 password:1qaz!QAZ database:FA_MEM redisPort:6379 user:fa_db charset:utf8 redisIp:192.168.88.119 redisPassword:"" redisDB:3]
SqlString  SELECT RTP,Amount,Bonus  FROM M_RtpSetting  WHERE Sid = 1   AND State = 1   AND LTG_Code = 1 AND Gid = 34
sqlResult   map[result: count:0 state:0]
[2020-01-02 12:58:34] rtpData ------->   map[result: count:0 state:0] 
[GIN] 2020/01/02 - 12:58:34 | 200 |    2.980772ms |  192.168.66.115 | POST     /getResult
[2020-01-02 12:58:36] 自開彩開獎  {202001020779 4 40 true} 
ConfigData  map[poolname:FA_MEM password:1qaz!QAZ database:FA_MEM redisIp:192.168.88.119 redisDB:3 ip:192.168.88.181 port:3306 user:fa_db charset:utf8 redisPort:6379 redisPassword:""]
SqlString  SELECT RTP,Amount,Bonus  FROM M_RtpSetting  WHERE Sid = 1   AND State = 1   AND LTG_Code = 4 AND Gid = 40
sqlResult   map[result: count:0 state:0]
[2020-01-02 12:58:36] rtpData ------->   map[result: count:0 state:0] 
[GIN] 2020/01/02 - 12:58:36 | 200 |    2.412771ms |  192.168.66.115 | POST     /getResult
[2020-01-02 12:58:36] 自開彩開獎  {202001020260 4 41 true} 
ConfigData  map[ip:192.168.88.181 port:3306 password:1qaz!QAZ charset:utf8 redisPort:6379 redisDB:3 poolname:FA_MEM user:fa_db database:FA_MEM redisIp:192.168.88.119 redisPassword:""]
SqlString  SELECT RTP,Amount,Bonus  FROM M_RtpSetting  WHERE Sid = 1   AND State = 1   AND LTG_Code = 4 AND Gid = 41
sqlResult   map[result: count:0 state:0]
[2020-01-02 12:58:36] rtpData ------->   map[result: count:0 state:0] 
[GIN] 2020/01/02 - 12:58:36 | 200 |    2.794375ms |  192.168.66.115 | POST     /getResult
[2020-01-02 12:58:37] 自開彩開獎  {202001020779 5 38 true} 
ConfigData  map[user:fa_db password:1qaz!QAZ database:FA_MEM charset:utf8 redisIp:192.168.88.119 redisPort:6379 ip:192.168.88.181 poolname:FA_MEM redisDB:3 port:3306 redisPassword:""]
SqlString  SELECT RTP,Amount,Bonus  FROM M_RtpSetting  WHERE Sid = 1   AND State = 1   AND LTG_Code = 5 AND Gid = 38
sqlResult   map[result: count:0 state:0]
[2020-01-02 12:58:37] rtpData ------->   map[result: count:0 state:0] 
[GIN] 2020/01/02 - 12:58:37 | 200 |    2.154303ms |  192.168.66.115 | POST     /getResult
[2020-01-02 12:58:37] 自開彩開獎  {202001020260 1 35 true} 
[2020-01-02 12:58:37] 自開彩開獎  {202001020779 6 36 true} 
ConfigData  map[port:3306 password:1qaz!QAZ charset:utf8 redisIp:192.168.88.119 redisPassword:"" ip:192.168.88.181 user:fa_db database:FA_MEM redisPort:6379 redisDB:3 poolname:FA_MEM]
SqlString  SELECT RTP,Amount,Bonus  FROM M_RtpSetting  WHERE Sid = 1   AND State = 1   AND LTG_Code = 6 AND Gid = 36
ConfigData  map[password:1qaz!QAZ redisPassword:"" redisDB:3 redisPort:6379 ip:192.168.88.181 poolname:FA_MEM port:3306 user:fa_db database:FA_MEM charset:utf8 redisIp:192.168.88.119]
SqlString  SELECT RTP,Amount,Bonus  FROM M_RtpSetting  WHERE Sid = 1   AND State = 1   AND LTG_Code = 1 AND Gid = 35
sqlResult   map[state:0 result: count:0]
[2020-01-02 12:58:37] rtpData ------->   map[state:0 result: count:0] 
sqlResult   map[result: count:0 state:0]
[2020-01-02 12:58:37] rtpData ------->   map[result: count:0 state:0] 
[GIN] 2020/01/02 - 12:58:37 | 200 |    2.004629ms |  192.168.66.115 | POST     /getResult
[GIN] 2020/01/02 - 12:58:37 | 200 |     1.90555ms |  192.168.66.115 | POST     /getResult
[2020-01-02 12:58:40] 自開彩開獎  {202001020779 1 34 true} 
ConfigData  map[poolname:FA_MEM port:3306 user:fa_db redisIp:192.168.88.119 redisPort:6379 redisPassword:"" ip:192.168.88.181 password:1qaz!QAZ database:FA_MEM charset:utf8 redisDB:3]
SqlString  SELECT RTP,Amount,Bonus  FROM M_RtpSetting  WHERE Sid = 1   AND State = 1   AND LTG_Code = 1 AND Gid = 34
sqlResult   map[result: count:0 state:0]
[2020-01-02 12:58:40] rtpData ------->   map[result: count:0 state:0] 
[GIN] 2020/01/02 - 12:58:40 | 200 |    2.252113ms |  192.168.66.115 | POST     /getResult
[2020-01-02 12:58:42] 自開彩開獎  {202001020779 4 40 true} 
ConfigData  map[ip:192.168.88.181 database:FA_MEM redisPort:6379 redisDB:3 poolname:FA_MEM port:3306 user:fa_db password:1qaz!QAZ charset:utf8 redisIp:192.168.88.119 redisPassword:""]
SqlString  SELECT RTP,Amount,Bonus  FROM M_RtpSetting  WHERE Sid = 1   AND State = 1   AND LTG_Code = 4 AND Gid = 40
sqlResult   map[result: count:0 state:0]
[2020-01-02 12:58:42] rtpData ------->   map[result: count:0 state:0] 
[GIN] 2020/01/02 - 12:58:42 | 200 |    2.495624ms |  192.168.66.115 | POST     /getResult
[2020-01-02 12:58:42] 自開彩開獎  {202001020260 4 41 true} 
ConfigData  map[user:fa_db database:FA_MEM charset:utf8 redisIp:192.168.88.119 redisPassword:"" redisDB:3 port:3306 poolname:FA_MEM password:1qaz!QAZ redisPort:6379 ip:192.168.88.181]
SqlString  SELECT RTP,Amount,Bonus  FROM M_RtpSetting  WHERE Sid = 1   AND State = 1   AND LTG_Code = 4 AND Gid = 41
sqlResult   map[result: count:0 state:0]
[2020-01-02 12:58:42] rtpData ------->   map[state:0 result: count:0] 
[GIN] 2020/01/02 - 12:58:42 | 200 |    1.954339ms |  192.168.66.115 | POST     /getResult
[2020-01-02 12:58:43] 自開彩開獎  {202001020779 5 38 true} 
ConfigData  map[database:FA_MEM charset:utf8 redisIp:192.168.88.119 redisPort:6379 ip:192.168.88.181 port:3306 user:fa_db password:1qaz!QAZ redisDB:3 poolname:FA_MEM redisPassword:""]
SqlString  SELECT RTP,Amount,Bonus  FROM M_RtpSetting  WHERE Sid = 1   AND State = 1   AND LTG_Code = 5 AND Gid = 38
sqlResult   map[result: count:0 state:0]
[2020-01-02 12:58:43] rtpData ------->   map[result: count:0 state:0] 
[GIN] 2020/01/02 - 12:58:43 | 200 |    2.591086ms |  192.168.66.115 | POST     /getResult
[2020-01-02 12:58:43] 自開彩開獎  {202001020260 1 35 true} 
ConfigData  map[redisIp:192.168.88.119 redisPort:6379 redisDB:3 ip:192.168.88.181 poolname:FA_MEM user:fa_db password:1qaz!QAZ charset:utf8 port:3306 database:FA_MEM redisPassword:""]
[2020-01-02 12:58:43] 自開彩開獎  {202001020779 6 36 true} 
ConfigData  map[password:1qaz!QAZ database:FA_MEM ip:192.168.88.181 port:3306 user:fa_db charset:utf8 redisIp:192.168.88.119 redisPort:6379 redisPassword:"" redisDB:3 poolname:FA_MEM]
SqlString  SELECT RTP,Amount,Bonus  FROM M_RtpSetting  WHERE Sid = 1   AND State = 1   AND LTG_Code = 6 AND Gid = 36
SqlString  SELECT RTP,Amount,Bonus  FROM M_RtpSetting  WHERE Sid = 1   AND State = 1   AND LTG_Code = 1 AND Gid = 35
sqlResult   map[result: count:0 state:0]
[2020-01-02 12:58:43] rtpData ------->   map[result: count:0 state:0] 
[GIN] 2020/01/02 - 12:58:43 | 200 |    2.326394ms |  192.168.66.115 | POST     /getResult
sqlResult   map[result: count:0 state:0]
[2020-01-02 12:58:43] rtpData ------->   map[state:0 result: count:0] 
[GIN] 2020/01/02 - 12:58:43 | 200 |    2.304491ms |  192.168.66.115 | POST     /getResult
[2020-01-02 12:58:46] 自開彩開獎  {202001020779 1 34 true} 
ConfigData  map[redisDB:3 ip:192.168.88.181 user:fa_db password:1qaz!QAZ charset:utf8 redisPort:6379 redisPassword:"" poolname:FA_MEM port:3306 database:FA_MEM redisIp:192.168.88.119]
SqlString  SELECT RTP,Amount,Bonus  FROM M_RtpSetting  WHERE Sid = 1   AND State = 1   AND LTG_Code = 1 AND Gid = 34
sqlResult   map[result: count:0 state:0]
[2020-01-02 12:58:46] rtpData ------->   map[result: count:0 state:0] 
[GIN] 2020/01/02 - 12:58:46 | 200 |    2.376366ms |  192.168.66.115 | POST     /getResult
[2020-01-02 12:58:48] 自開彩開獎  {202001020779 4 40 true} 
ConfigData  map[user:fa_db password:1qaz!QAZ charset:utf8 port:3306 poolname:FA_MEM database:FA_MEM redisIp:192.168.88.119 redisPort:6379 redisPassword:"" redisDB:3 ip:192.168.88.181]
SqlString  SELECT RTP,Amount,Bonus  FROM M_RtpSetting  WHERE Sid = 1   AND State = 1   AND LTG_Code = 4 AND Gid = 40
sqlResult   map[state:0 result: count:0]
[2020-01-02 12:58:48] rtpData ------->   map[result: count:0 state:0] 
[GIN] 2020/01/02 - 12:58:48 | 200 |    3.176212ms |  192.168.66.115 | POST     /getResult
[2020-01-02 12:58:48] 自開彩開獎  {202001020260 4 41 true} 
ConfigData  map[ip:192.168.88.181 port:3306 password:1qaz!QAZ redisPassword:"" redisDB:3 redisPort:6379 poolname:FA_MEM user:fa_db database:FA_MEM charset:utf8 redisIp:192.168.88.119]
SqlString  SELECT RTP,Amount,Bonus  FROM M_RtpSetting  WHERE Sid = 1   AND State = 1   AND LTG_Code = 4 AND Gid = 41
sqlResult   map[count:0 state:0 result:]
[2020-01-02 12:58:48] rtpData ------->   map[state:0 result: count:0] 
[GIN] 2020/01/02 - 12:58:48 | 200 |    3.433094ms |  192.168.66.115 | POST     /getResult
[2020-01-02 12:58:49] 自開彩開獎  {202001020779 5 38 true} 
ConfigData  map[ip:192.168.88.181 port:3306 redisIp:192.168.88.119 redisDB:3 poolname:FA_MEM user:fa_db password:1qaz!QAZ database:FA_MEM charset:utf8 redisPort:6379 redisPassword:""]
SqlString  SELECT RTP,Amount,Bonus  FROM M_RtpSetting  WHERE Sid = 1   AND State = 1   AND LTG_Code = 5 AND Gid = 38
sqlResult   map[result: count:0 state:0]
[2020-01-02 12:58:49] rtpData ------->   map[result: count:0 state:0] 
[GIN] 2020/01/02 - 12:58:49 | 200 |    2.548422ms |  192.168.66.115 | POST     /getResult
[2020-01-02 12:58:49] 自開彩開獎  {202001020260 1 35 true} 
ConfigData  map[password:1qaz!QAZ redisIp:192.168.88.119 redisPort:6379 port:3306 poolname:FA_MEM user:fa_db database:FA_MEM charset:utf8 redisPassword:"" redisDB:3 ip:192.168.88.181]
[2020-01-02 12:58:49] 自開彩開獎  {202001020779 6 36 true} 
ConfigData  map[database:FA_MEM charset:utf8 redisPassword:"" ip:192.168.88.181 poolname:FA_MEM user:fa_db password:1qaz!QAZ port:3306 redisIp:192.168.88.119 redisPort:6379 redisDB:3]
SqlString  SELECT RTP,Amount,Bonus  FROM M_RtpSetting  WHERE Sid = 1   AND State = 1   AND LTG_Code = 6 AND Gid = 36
SqlString  SELECT RTP,Amount,Bonus  FROM M_RtpSetting  WHERE Sid = 1   AND State = 1   AND LTG_Code = 1 AND Gid = 35
sqlResult   map[result: count:0 state:0]
[2020-01-02 12:58:49] rtpData ------->   map[result: count:0 state:0] 
sqlResult   map[result: count:0 state:0]
[2020-01-02 12:58:49] rtpData ------->   map[count:0 state:0 result:] 
[GIN] 2020/01/02 - 12:58:49 | 200 |    2.256502ms |  192.168.66.115 | POST     /getResult
[GIN] 2020/01/02 - 12:58:49 | 200 |    2.257877ms |  192.168.66.115 | POST     /getResult
[2020-01-02 12:58:52] 自開彩開獎  {202001020779 1 34 true} 
ConfigData  map[ip:192.168.88.181 poolname:FA_MEM port:3306 database:FA_MEM redisPassword:"" redisDB:3 user:fa_db password:1qaz!QAZ charset:utf8 redisIp:192.168.88.119 redisPort:6379]
SqlString  SELECT RTP,Amount,Bonus  FROM M_RtpSetting  WHERE Sid = 1   AND State = 1   AND LTG_Code = 1 AND Gid = 34
sqlResult   map[count:0 state:0 result:]
[2020-01-02 12:58:52] rtpData ------->   map[result: count:0 state:0] 
[GIN] 2020/01/02 - 12:58:52 | 200 |    2.758284ms |  192.168.66.115 | POST     /getResult
[2020-01-02 12:58:54] 自開彩開獎  {202001020779 4 40 true} 
ConfigData  map[poolname:FA_MEM redisPort:6379 redisIp:192.168.88.119 redisPassword:"" ip:192.168.88.181 port:3306 user:fa_db password:1qaz!QAZ database:FA_MEM charset:utf8 redisDB:3]
SqlString  SELECT RTP,Amount,Bonus  FROM M_RtpSetting  WHERE Sid = 1   AND State = 1   AND LTG_Code = 4 AND Gid = 40
sqlResult   map[count:0 state:0 result:]
[2020-01-02 12:58:54] rtpData ------->   map[result: count:0 state:0] 
[GIN] 2020/01/02 - 12:58:54 | 200 |    2.718923ms |  192.168.66.115 | POST     /getResult
[2020-01-02 12:58:54] 自開彩開獎  {202001020260 4 41 true} 
ConfigData  map[database:FA_MEM redisIp:192.168.88.119 redisPort:6379 redisPassword:"" ip:192.168.88.181 port:3306 user:fa_db password:1qaz!QAZ poolname:FA_MEM charset:utf8 redisDB:3]
SqlString  SELECT RTP,Amount,Bonus  FROM M_RtpSetting  WHERE Sid = 1   AND State = 1   AND LTG_Code = 4 AND Gid = 41
sqlResult   map[count:0 state:0 result:]
[2020-01-02 12:58:54] rtpData ------->   map[result: count:0 state:0] 
[GIN] 2020/01/02 - 12:58:54 | 200 |    2.784085ms |  192.168.66.115 | POST     /getResult
[2020-01-02 12:58:55] 自開彩開獎  {202001020779 5 38 true} 
ConfigData  map[ip:192.168.88.181 charset:utf8 redisIp:192.168.88.119 redisPort:6379 redisPassword:"" redisDB:3 poolname:FA_MEM port:3306 user:fa_db password:1qaz!QAZ database:FA_MEM]
SqlString  SELECT RTP,Amount,Bonus  FROM M_RtpSetting  WHERE Sid = 1   AND State = 1   AND LTG_Code = 5 AND Gid = 38
sqlResult   map[result: count:0 state:0]
[2020-01-02 12:58:55] rtpData ------->   map[result: count:0 state:0] 
[GIN] 2020/01/02 - 12:58:55 | 200 |    2.300645ms |  192.168.66.115 | POST     /getResult
[2020-01-02 12:58:55] 自開彩開獎  {202001020779 6 36 true} 
ConfigData  map[redisPassword:"" redisDB:3 user:fa_db database:FA_MEM charset:utf8 redisIp:192.168.88.119 redisPort:6379 ip:192.168.88.181 poolname:FA_MEM port:3306 password:1qaz!QAZ]
SqlString  SELECT RTP,Amount,Bonus  FROM M_RtpSetting  WHERE Sid = 1   AND State = 1   AND LTG_Code = 6 AND Gid = 36
[2020-01-02 12:58:55] 自開彩開獎  {202001020260 1 35 true} 
ConfigData  map[redisDB:3 ip:192.168.88.181 user:fa_db password:1qaz!QAZ database:FA_MEM redisPort:6379 redisPassword:"" poolname:FA_MEM port:3306 charset:utf8 redisIp:192.168.88.119]
SqlString  SELECT RTP,Amount,Bonus  FROM M_RtpSetting  WHERE Sid = 1   AND State = 1   AND LTG_Code = 1 AND Gid = 35
sqlResult   map[result: count:0 state:0]
[2020-01-02 12:58:55] rtpData ------->   map[result: count:0 state:0] 
[GIN] 2020/01/02 - 12:58:55 | 200 |    2.812389ms |  192.168.66.115 | POST     /getResult
sqlResult   map[result: count:0 state:0]
[2020-01-02 12:58:55] rtpData ------->   map[state:0 result: count:0] 
[GIN] 2020/01/02 - 12:58:55 | 200 |    2.752001ms |  192.168.66.115 | POST     /getResult
[2020-01-02 12:58:58] 自開彩開獎  {202001020779 1 34 true} 
ConfigData  map[ip:192.168.88.181 port:3306 user:fa_db password:1qaz!QAZ redisPort:6379 redisPassword:"" poolname:FA_MEM database:FA_MEM charset:utf8 redisIp:192.168.88.119 redisDB:3]
SqlString  SELECT RTP,Amount,Bonus  FROM M_RtpSetting  WHERE Sid = 1   AND State = 1   AND LTG_Code = 1 AND Gid = 34
sqlResult   map[result: count:0 state:0]
[2020-01-02 12:58:58] rtpData ------->   map[result: count:0 state:0] 
[GIN] 2020/01/02 - 12:58:58 | 200 |     2.52596ms |  192.168.66.115 | POST     /getResult
[2020-01-02 12:59:00] 自開彩開獎  {202001020779 4 40 true} 
ConfigData  map[ip:192.168.88.181 port:3306 user:fa_db charset:utf8 redisIp:192.168.88.119 poolname:FA_MEM password:1qaz!QAZ database:FA_MEM redisPort:6379 redisPassword:"" redisDB:3]
SqlString  SELECT RTP,Amount,Bonus  FROM M_RtpSetting  WHERE Sid = 1   AND State = 1   AND LTG_Code = 4 AND Gid = 40
sqlResult   map[result: count:0 state:0]
[2020-01-02 12:59:00] rtpData ------->   map[result: count:0 state:0] 
[GIN] 2020/01/02 - 12:59:00 | 200 |    2.352157ms |  192.168.66.115 | POST     /getResult
[2020-01-02 12:59:00] 自開彩開獎  {202001020260 4 41 true} 
ConfigData  map[ip:192.168.88.181 user:fa_db password:1qaz!QAZ redisDB:3 redisIp:192.168.88.119 redisPort:6379 redisPassword:"" poolname:FA_MEM port:3306 database:FA_MEM charset:utf8]
SqlString  SELECT RTP,Amount,Bonus  FROM M_RtpSetting  WHERE Sid = 1   AND State = 1   AND LTG_Code = 4 AND Gid = 41
sqlResult   map[result: count:0 state:0]
[2020-01-02 12:59:00] rtpData ------->   map[result: count:0 state:0] 
[GIN] 2020/01/02 - 12:59:00 | 200 |    3.219953ms |  192.168.66.115 | POST     /getResult
[2020-01-02 12:59:01] 自開彩開獎  {202001020779 5 38 true} 
ConfigData  map[user:fa_db password:1qaz!QAZ redisIp:192.168.88.119 redisPassword:"" ip:192.168.88.181 port:3306 database:FA_MEM charset:utf8 redisPort:6379 redisDB:3 poolname:FA_MEM]
SqlString  SELECT RTP,Amount,Bonus  FROM M_RtpSetting  WHERE Sid = 1   AND State = 1   AND LTG_Code = 5 AND Gid = 38
sqlResult   map[result: count:0 state:0]
[2020-01-02 12:59:01] rtpData ------->   map[result: count:0 state:0] 
[GIN] 2020/01/02 - 12:59:01 | 200 |    2.172649ms |  192.168.66.115 | POST     /getResult
[2020-01-02 12:59:01] 自開彩開獎  {202001020780 2 26 true} 
ConfigData  map[database:FA_MEM charset:utf8 redisIp:192.168.88.119 redisPort:6379 redisPassword:"" port:3306 password:1qaz!QAZ user:fa_db redisDB:3 ip:192.168.88.181 poolname:FA_MEM]
SqlString  SELECT RTP,Amount,Bonus  FROM M_RtpSetting  WHERE Sid = 1   AND State = 1   AND LTG_Code = 2 AND Gid = 26
sqlResult   map[count:1 state:1 amount:1.0069588e+06 bonus:908100.71 result:0.9600]
[2020-01-02 12:59:01] rtpData ------->   map[result:0.9600 count:1 state:1 amount:1.0069588e+06 bonus:908100.71] 
ConfigData  map[poolname:FA_MEM port:3306 user:fa_db password:1qaz!QAZ charset:utf8 redisPassword:"" ip:192.168.88.181 database:FA_MEM redisIp:192.168.88.119 redisPort:6379 redisDB:3]
SELECT BO_No, BO_OrderNo , BO_User , BO_Issue  , BO_LotteryTypeGroup, BO_LotteryType, BO_Mode, BO_LotteryPlayGroup, BO_LotteryPlay , BO_LotteryContent, BO_Price, BO_RealPrice, BO_Unit, BO_Multiple , BO_BetCount  , BO_Winnings, BO_Winnings2, BO_Winnings3, BO_WinningLimit  , BO_Water , BO_BW_SourceUserId, BO_BW_BackWater, BO_BW_LimitBetCount, BO_BW_MaxAmount, BO_BW_AuditMultiple  , BO_Odds, BO_Odds2, BO_Odds3 , BO_Type, BO_Chase , BO_OpenResult, BO_OpenResult2, BO_DateDraw, BO_DateDraw2, BO_DateUpdate  FROM TS_BetOrder  WHERE BO_Cancel = 0   AND BO_CancelBackend = 0   AND BO_LotteryTypeGroup = 2 AND BO_LotteryType = 26 AND BO_Issue = 202001020780 AND BO_Collect = 0 ORDER BY BO_DateDraw ASC, BO_DateCreate ASC, BO_DateUpdate ASC, BO_No ASC ;
[2020-01-02 12:59:01] LottteryTypeGroup 2 
[2020-01-02 12:59:01] 有期號 但無注單 -------> map[amount:0 bonus:0 thisOpenResult:[3 9 6 9 8]] 
[GIN] 2020/01/02 - 12:59:01 | 200 |    5.119052ms |  192.168.66.115 | POST     /getResult
[2020-01-02 12:59:01] 自開彩開獎  {202001020260 1 35 true} 
ConfigData  map[redisPassword:"" poolname:FA_MEM user:fa_db charset:utf8 database:FA_MEM redisIp:192.168.88.119 redisPort:6379 redisDB:3 ip:192.168.88.181 port:3306 password:1qaz!QAZ]
SqlString  SELECT RTP,Amount,Bonus  FROM M_RtpSetting  WHERE Sid = 1   AND State = 1   AND LTG_Code = 1 AND Gid = 35
[2020-01-02 12:59:01] 自開彩開獎  {202001020779 6 36 true} 
ConfigData  map[user:fa_db password:1qaz!QAZ database:FA_MEM charset:utf8 redisDB:3 ip:192.168.88.181 port:3306 redisIp:192.168.88.119 redisPort:6379 redisPassword:"" poolname:FA_MEM]
SqlString  SELECT RTP,Amount,Bonus  FROM M_RtpSetting  WHERE Sid = 1   AND State = 1   AND LTG_Code = 6 AND Gid = 36
sqlResult   map[result: count:0 state:0]
[2020-01-02 12:59:01] rtpData ------->   map[result: count:0 state:0] 
sqlResult   map[result: count:0 state:0]
[2020-01-02 12:59:01] rtpData ------->   map[result: count:0 state:0] 
[GIN] 2020/01/02 - 12:59:01 | 200 |    2.982368ms |  192.168.66.115 | POST     /getResult
[GIN] 2020/01/02 - 12:59:01 | 200 |    2.935303ms |  192.168.66.115 | POST     /getResult
[2020-01-02 12:59:04] 自開彩開獎  {202001020779 1 34 true} 
ConfigData  map[redisDB:3 ip:192.168.88.181 port:3306 user:fa_db charset:utf8 redisIp:192.168.88.119 poolname:FA_MEM password:1qaz!QAZ database:FA_MEM redisPort:6379 redisPassword:""]
SqlString  SELECT RTP,Amount,Bonus  FROM M_RtpSetting  WHERE Sid = 1   AND State = 1   AND LTG_Code = 1 AND Gid = 34
sqlResult   map[result: count:0 state:0]
[2020-01-02 12:59:04] rtpData ------->   map[count:0 state:0 result:] 
[GIN] 2020/01/02 - 12:59:04 | 200 |    2.593251ms |  192.168.66.115 | POST     /getResult
[2020-01-02 12:59:06] 自開彩開獎  {202001020780 4 40 true} 
ConfigData  map[user:fa_db password:1qaz!QAZ charset:utf8 redisIp:192.168.88.119 redisPort:6379 redisPassword:"" ip:192.168.88.181 port:3306 database:FA_MEM redisDB:3 poolname:FA_MEM]
SqlString  SELECT RTP,Amount,Bonus  FROM M_RtpSetting  WHERE Sid = 1   AND State = 1   AND LTG_Code = 4 AND Gid = 40
sqlResult   map[result: count:0 state:0]
[2020-01-02 12:59:06] rtpData ------->   map[result: count:0 state:0] 
[GIN] 2020/01/02 - 12:59:06 | 200 |    2.970986ms |  192.168.66.115 | POST     /getResult
[2020-01-02 12:59:06] 自開彩開獎  {202001020260 4 41 true} 
ConfigData  map[charset:utf8 redisPassword:"" ip:192.168.88.181 port:3306 user:fa_db password:1qaz!QAZ database:FA_MEM poolname:FA_MEM redisIp:192.168.88.119 redisPort:6379 redisDB:3]
SqlString  SELECT RTP,Amount,Bonus  FROM M_RtpSetting  WHERE Sid = 1   AND State = 1   AND LTG_Code = 4 AND Gid = 41
sqlResult   map[result: count:0 state:0]
[2020-01-02 12:59:06] rtpData ------->   map[count:0 state:0 result:] 
[GIN] 2020/01/02 - 12:59:06 | 200 |    2.375983ms |  192.168.66.115 | POST     /getResult
[2020-01-02 12:59:07] 自開彩開獎  {202001020780 5 38 true} 
ConfigData  map[password:1qaz!QAZ database:FA_MEM charset:utf8 redisIp:192.168.88.119 ip:192.168.88.181 poolname:FA_MEM redisPort:6379 redisPassword:"" redisDB:3 port:3306 user:fa_db]
SqlString  SELECT RTP,Amount,Bonus  FROM M_RtpSetting  WHERE Sid = 1   AND State = 1   AND LTG_Code = 5 AND Gid = 38
sqlResult   map[result: count:0 state:0]
[2020-01-02 12:59:07] rtpData ------->   map[result: count:0 state:0] 
[GIN] 2020/01/02 - 12:59:07 | 200 |    2.421633ms |  192.168.66.115 | POST     /getResult
[2020-01-02 12:59:07] 自開彩開獎  {202001020780 6 36 true} 
ConfigData  map[user:fa_db password:1qaz!QAZ charset:utf8 redisPort:6379 redisPassword:"" ip:192.168.88.181 poolname:FA_MEM port:3306 database:FA_MEM redisIp:192.168.88.119 redisDB:3]
SqlString  SELECT RTP,Amount,Bonus  FROM M_RtpSetting  WHERE Sid = 1   AND State = 1   AND LTG_Code = 6 AND Gid = 36
[2020-01-02 12:59:07] 自開彩開獎  {202001020260 1 35 true} 
ConfigData  map[ip:192.168.88.181 database:FA_MEM redisIp:192.168.88.119 redisPassword:"" poolname:FA_MEM port:3306 user:fa_db password:1qaz!QAZ charset:utf8 redisPort:6379 redisDB:3]
SqlString  SELECT RTP,Amount,Bonus  FROM M_RtpSetting  WHERE Sid = 1   AND State = 1   AND LTG_Code = 1 AND Gid = 35
sqlResult   map[count:0 state:0 result:]
[2020-01-02 12:59:07] rtpData ------->   map[result: count:0 state:0] 
sqlResult   map[result: count:0 state:0]
[2020-01-02 12:59:07] rtpData ------->   map[count:0 state:0 result:] 
[GIN] 2020/01/02 - 12:59:07 | 200 |    2.575271ms |  192.168.66.115 | POST     /getResult
[GIN] 2020/01/02 - 12:59:07 | 200 |    2.858639ms |  192.168.66.115 | POST     /getResult
[2020-01-02 12:59:10] 自開彩開獎  {202001020780 1 34 true} 
ConfigData  map[ip:192.168.88.181 poolname:FA_MEM port:3306 user:fa_db database:FA_MEM redisPort:6379 redisDB:3 password:1qaz!QAZ charset:utf8 redisIp:192.168.88.119 redisPassword:""]
SqlString  SELECT RTP,Amount,Bonus  FROM M_RtpSetting  WHERE Sid = 1   AND State = 1   AND LTG_Code = 1 AND Gid = 34
sqlResult   map[result: count:0 state:0]
[2020-01-02 12:59:10] rtpData ------->   map[result: count:0 state:0] 
[GIN] 2020/01/02 - 12:59:10 | 200 |    2.677594ms |  192.168.66.115 | POST     /getResult
[2020-01-02 12:59:12] 自開彩開獎  {202001020780 4 40 true} 
ConfigData  map[redisDB:3 ip:192.168.88.181 poolname:FA_MEM user:fa_db password:1qaz!QAZ charset:utf8 port:3306 database:FA_MEM redisIp:192.168.88.119 redisPort:6379 redisPassword:""]
SqlString  SELECT RTP,Amount,Bonus  FROM M_RtpSetting  WHERE Sid = 1   AND State = 1   AND LTG_Code = 4 AND Gid = 40
sqlResult   map[state:0 result: count:0]
[2020-01-02 12:59:12] rtpData ------->   map[result: count:0 state:0] 
[GIN] 2020/01/02 - 12:59:12 | 200 |     2.93007ms |  192.168.66.115 | POST     /getResult
[2020-01-02 12:59:12] 自開彩開獎  {202001020260 4 41 true} 
ConfigData  map[redisIp:192.168.88.119 redisDB:3 ip:192.168.88.181 poolname:FA_MEM user:fa_db password:1qaz!QAZ redisPassword:"" port:3306 database:FA_MEM charset:utf8 redisPort:6379]
SqlString  SELECT RTP,Amount,Bonus  FROM M_RtpSetting  WHERE Sid = 1   AND State = 1   AND LTG_Code = 4 AND Gid = 41
sqlResult   map[result: count:0 state:0]
[2020-01-02 12:59:12] rtpData ------->   map[result: count:0 state:0] 
[GIN] 2020/01/02 - 12:59:12 | 200 |    2.615676ms |  192.168.66.115 | POST     /getResult
[2020-01-02 12:59:13] 自開彩開獎  {202001020780 5 38 true} 
ConfigData  map[database:FA_MEM charset:utf8 redisIp:192.168.88.119 redisPort:6379 ip:192.168.88.181 poolname:FA_MEM port:3306 user:fa_db password:1qaz!QAZ redisPassword:"" redisDB:3]
SqlString  SELECT RTP,Amount,Bonus  FROM M_RtpSetting  WHERE Sid = 1   AND State = 1   AND LTG_Code = 5 AND Gid = 38
sqlResult   map[result: count:0 state:0]
[2020-01-02 12:59:13] rtpData ------->   map[result: count:0 state:0] 
[GIN] 2020/01/02 - 12:59:13 | 200 |    2.491071ms |  192.168.66.115 | POST     /getResult
[2020-01-02 12:59:13] 自開彩開獎  {202001020260 1 35 true} 
ConfigData  map[database:FA_MEM redisPort:6379 redisPassword:"" ip:192.168.88.181 port:3306 user:fa_db password:1qaz!QAZ poolname:FA_MEM charset:utf8 redisIp:192.168.88.119 redisDB:3]
SqlString  SELECT RTP,Amount,Bonus  FROM M_RtpSetting  WHERE Sid = 1   AND State = 1   AND LTG_Code = 1 AND Gid = 35
[2020-01-02 12:59:13] 自開彩開獎  {202001020780 6 36 true} 
ConfigData  map[redisIp:192.168.88.119 redisPort:6379 redisDB:3 poolname:FA_MEM user:fa_db database:FA_MEM charset:utf8 ip:192.168.88.181 port:3306 password:1qaz!QAZ redisPassword:""]
SqlString  SELECT RTP,Amount,Bonus  FROM M_RtpSetting  WHERE Sid = 1   AND State = 1   AND LTG_Code = 6 AND Gid = 36
sqlResult   map[result: count:0 state:0]
[2020-01-02 12:59:13] rtpData ------->   map[result: count:0 state:0] 
[GIN] 2020/01/02 - 12:59:13 | 200 |    2.175151ms |  192.168.66.115 | POST     /getResult
sqlResult   map[count:0 state:0 result:]
[2020-01-02 12:59:13] rtpData ------->   map[result: count:0 state:0] 
[GIN] 2020/01/02 - 12:59:13 | 200 |    2.557185ms |  192.168.66.115 | POST     /getResult
[2020-01-02 12:59:16] 自開彩開獎  {202001020780 1 34 true} 
ConfigData  map[ip:192.168.88.181 port:3306 database:FA_MEM charset:utf8 redisIp:192.168.88.119 redisPort:6379 redisPassword:"" poolname:FA_MEM user:fa_db password:1qaz!QAZ redisDB:3]
SqlString  SELECT RTP,Amount,Bonus  FROM M_RtpSetting  WHERE Sid = 1   AND State = 1   AND LTG_Code = 1 AND Gid = 34
sqlResult   map[count:0 state:0 result:]
[2020-01-02 12:59:16] rtpData ------->   map[count:0 state:0 result:] 
[GIN] 2020/01/02 - 12:59:16 | 200 |    3.287716ms |  192.168.66.115 | POST     /getResult
[2020-01-02 12:59:18] 自開彩開獎  {202001020780 4 40 true} 
ConfigData  map[port:3306 redisIp:192.168.88.119 redisPassword:"" redisDB:3 redisPort:6379 ip:192.168.88.181 poolname:FA_MEM user:fa_db password:1qaz!QAZ database:FA_MEM charset:utf8]
SqlString  SELECT RTP,Amount,Bonus  FROM M_RtpSetting  WHERE Sid = 1   AND State = 1   AND LTG_Code = 4 AND Gid = 40
sqlResult   map[state:0 result: count:0]
[2020-01-02 12:59:18] rtpData ------->   map[result: count:0 state:0] 
[GIN] 2020/01/02 - 12:59:18 | 200 |    3.227287ms |  192.168.66.115 | POST     /getResult
[2020-01-02 12:59:18] 自開彩開獎  {202001020260 4 41 true} 
ConfigData  map[database:FA_MEM charset:utf8 redisDB:3 port:3306 user:fa_db password:1qaz!QAZ redisIp:192.168.88.119 redisPort:6379 redisPassword:"" ip:192.168.88.181 poolname:FA_MEM]
SqlString  SELECT RTP,Amount,Bonus  FROM M_RtpSetting  WHERE Sid = 1   AND State = 1   AND LTG_Code = 4 AND Gid = 41
sqlResult   map[count:0 state:0 result:]
[2020-01-02 12:59:18] rtpData ------->   map[result: count:0 state:0] 
[GIN] 2020/01/02 - 12:59:18 | 200 |    8.395954ms |  192.168.66.115 | POST     /getResult
[2020-01-02 12:59:19] 自開彩開獎  {202001020780 5 38 true} 
ConfigData  map[poolname:FA_MEM database:FA_MEM charset:utf8 redisIp:192.168.88.119 redisPort:6379 redisDB:3 ip:192.168.88.181 port:3306 user:fa_db password:1qaz!QAZ redisPassword:""]
SqlString  SELECT RTP,Amount,Bonus  FROM M_RtpSetting  WHERE Sid = 1   AND State = 1   AND LTG_Code = 5 AND Gid = 38
sqlResult   map[result: count:0 state:0]
[2020-01-02 12:59:19] rtpData ------->   map[result: count:0 state:0] 
[GIN] 2020/01/02 - 12:59:19 | 200 |    2.285795ms |  192.168.66.115 | POST     /getResult
[2020-01-02 12:59:19] 自開彩開獎  {202001020260 1 35 true} 
[2020-01-02 12:59:19] 自開彩開獎  {202001020780 6 36 true} 
ConfigData  map[ip:192.168.88.181 poolname:FA_MEM port:3306 user:fa_db redisPassword:"" redisDB:3 password:1qaz!QAZ database:FA_MEM charset:utf8 redisIp:192.168.88.119 redisPort:6379]
SqlString  SELECT RTP,Amount,Bonus  FROM M_RtpSetting  WHERE Sid = 1   AND State = 1   AND LTG_Code = 6 AND Gid = 36
ConfigData  map[password:1qaz!QAZ database:FA_MEM redisPort:6379 redisPassword:"" port:3306 user:fa_db charset:utf8 redisIp:192.168.88.119 redisDB:3 ip:192.168.88.181 poolname:FA_MEM]
SqlString  SELECT RTP,Amount,Bonus  FROM M_RtpSetting  WHERE Sid = 1   AND State = 1   AND LTG_Code = 1 AND Gid = 35
sqlResult   map[result: count:0 state:0]
[2020-01-02 12:59:19] rtpData ------->   map[state:0 result: count:0] 
sqlResult   map[result: count:0 state:0]
[GIN] 2020/01/02 - 12:59:19 | 200 |    2.949059ms |  192.168.66.115 | POST     /getResult
[2020-01-02 12:59:19] rtpData ------->   map[result: count:0 state:0] 
[GIN] 2020/01/02 - 12:59:19 | 200 |    2.939833ms |  192.168.66.115 | POST     /getResult
[2020-01-02 12:59:22] 自開彩開獎  {202001020780 1 34 true} 
ConfigData  map[port:3306 user:fa_db password:1qaz!QAZ charset:utf8 redisIp:192.168.88.119 ip:192.168.88.181 poolname:FA_MEM database:FA_MEM redisPort:6379 redisPassword:"" redisDB:3]
SqlString  SELECT RTP,Amount,Bonus  FROM M_RtpSetting  WHERE Sid = 1   AND State = 1   AND LTG_Code = 1 AND Gid = 34
sqlResult   map[result: count:0 state:0]
[2020-01-02 12:59:22] rtpData ------->   map[state:0 result: count:0] 
[GIN] 2020/01/02 - 12:59:22 | 200 |     2.45357ms |  192.168.66.115 | POST     /getResult
[2020-01-02 12:59:24] 自開彩開獎  {202001020780 4 40 true} 
ConfigData  map[charset:utf8 redisIp:192.168.88.119 poolname:FA_MEM password:1qaz!QAZ user:fa_db database:FA_MEM redisPort:6379 redisPassword:"" redisDB:3 ip:192.168.88.181 port:3306]
SqlString  SELECT RTP,Amount,Bonus  FROM M_RtpSetting  WHERE Sid = 1   AND State = 1   AND LTG_Code = 4 AND Gid = 40
sqlResult   map[state:0 result: count:0]
[2020-01-02 12:59:24] rtpData ------->   map[result: count:0 state:0] 
[GIN] 2020/01/02 - 12:59:24 | 200 |    3.102848ms |  192.168.66.115 | POST     /getResult
[2020-01-02 12:59:24] 自開彩開獎  {202001020260 4 41 true} 
ConfigData  map[redisPort:6379 ip:192.168.88.181 poolname:FA_MEM port:3306 user:fa_db password:1qaz!QAZ database:FA_MEM charset:utf8 redisPassword:"" redisDB:3 redisIp:192.168.88.119]
SqlString  SELECT RTP,Amount,Bonus  FROM M_RtpSetting  WHERE Sid = 1   AND State = 1   AND LTG_Code = 4 AND Gid = 41
sqlResult   map[state:0 result: count:0]
[2020-01-02 12:59:24] rtpData ------->   map[result: count:0 state:0] 
[GIN] 2020/01/02 - 12:59:24 | 200 |    3.764499ms |  192.168.66.115 | POST     /getResult
[2020-01-02 12:59:25] 自開彩開獎  {202001020780 5 38 true} 
ConfigData  map[ip:192.168.88.181 poolname:FA_MEM port:3306 user:fa_db password:1qaz!QAZ redisIp:192.168.88.119 redisPort:6379 redisPassword:"" redisDB:3 database:FA_MEM charset:utf8]
SqlString  SELECT RTP,Amount,Bonus  FROM M_RtpSetting  WHERE Sid = 1   AND State = 1   AND LTG_Code = 5 AND Gid = 38
sqlResult   map[state:0 result: count:0]
[2020-01-02 12:59:25] rtpData ------->   map[result: count:0 state:0] 
[GIN] 2020/01/02 - 12:59:25 | 200 |    3.036034ms |  192.168.66.115 | POST     /getResult
[2020-01-02 12:59:25] 自開彩開獎  {202001020780 6 36 true} 
[2020-01-02 12:59:25] 自開彩開獎  {202001020260 1 35 true} 
ConfigData  map[redisPort:6379 redisDB:3 poolname:FA_MEM user:fa_db password:1qaz!QAZ database:FA_MEM redisPassword:"" ip:192.168.88.181 port:3306 charset:utf8 redisIp:192.168.88.119]
SqlString  SELECT RTP,Amount,Bonus  FROM M_RtpSetting  WHERE Sid = 1   AND State = 1   AND LTG_Code = 1 AND Gid = 35
ConfigData  map[password:1qaz!QAZ charset:utf8 redisPort:6379 redisPassword:"" ip:192.168.88.181 port:3306 user:fa_db redisDB:3 poolname:FA_MEM database:FA_MEM redisIp:192.168.88.119]
SqlString  SELECT RTP,Amount,Bonus  FROM M_RtpSetting  WHERE Sid = 1   AND State = 1   AND LTG_Code = 6 AND Gid = 36
sqlResult   map[result: count:0 state:0]
[2020-01-02 12:59:25] rtpData ------->   map[result: count:0 state:0] 
sqlResult   map[state:0 result: count:0]
[2020-01-02 12:59:25] rtpData ------->   map[count:0 state:0 result:] 
[GIN] 2020/01/02 - 12:59:25 | 200 |    2.559058ms |  192.168.66.115 | POST     /getResult
[GIN] 2020/01/02 - 12:59:25 | 200 |    2.390586ms |  192.168.66.115 | POST     /getResult
[2020-01-02 12:59:28] 自開彩開獎  {202001020780 1 34 true} 
ConfigData  map[redisPassword:"" redisDB:3 port:3306 password:1qaz!QAZ database:FA_MEM charset:utf8 redisPort:6379 ip:192.168.88.181 poolname:FA_MEM user:fa_db redisIp:192.168.88.119]
SqlString  SELECT RTP,Amount,Bonus  FROM M_RtpSetting  WHERE Sid = 1   AND State = 1   AND LTG_Code = 1 AND Gid = 34
sqlResult   map[result: count:0 state:0]
[2020-01-02 12:59:28] rtpData ------->   map[state:0 result: count:0] 
[GIN] 2020/01/02 - 12:59:28 | 200 |    2.105234ms |  192.168.66.115 | POST     /getResult
[2020-01-02 12:59:30] 自開彩開獎  {202001020780 4 40 true} 
ConfigData  map[charset:utf8 redisPort:6379 redisDB:3 ip:192.168.88.181 database:FA_MEM user:fa_db password:1qaz!QAZ redisIp:192.168.88.119 redisPassword:"" poolname:FA_MEM port:3306]
SqlString  SELECT RTP,Amount,Bonus  FROM M_RtpSetting  WHERE Sid = 1   AND State = 1   AND LTG_Code = 4 AND Gid = 40
sqlResult   map[state:0 result: count:0]
[2020-01-02 12:59:30] rtpData ------->   map[result: count:0 state:0] 
[GIN] 2020/01/02 - 12:59:30 | 200 |    2.591084ms |  192.168.66.115 | POST     /getResult
[2020-01-02 12:59:30] 自開彩開獎  {202001020260 4 41 true} 
ConfigData  map[poolname:FA_MEM database:FA_MEM redisPassword:"" ip:192.168.88.181 port:3306 user:fa_db password:1qaz!QAZ charset:utf8 redisIp:192.168.88.119 redisPort:6379 redisDB:3]
SqlString  SELECT RTP,Amount,Bonus  FROM M_RtpSetting  WHERE Sid = 1   AND State = 1   AND LTG_Code = 4 AND Gid = 41
sqlResult   map[result: count:0 state:0]
[2020-01-02 12:59:30] rtpData ------->   map[result: count:0 state:0] 
[GIN] 2020/01/02 - 12:59:30 | 200 |   11.622976ms |  192.168.66.115 | POST     /getResult
[2020-01-02 12:59:31] 自開彩開獎  {202001020780 5 38 true} 
ConfigData  map[ip:192.168.88.181 poolname:FA_MEM port:3306 charset:utf8 redisIp:192.168.88.119 redisDB:3 user:fa_db password:1qaz!QAZ database:FA_MEM redisPort:6379 redisPassword:""]
SqlString  SELECT RTP,Amount,Bonus  FROM M_RtpSetting  WHERE Sid = 1   AND State = 1   AND LTG_Code = 5 AND Gid = 38
sqlResult   map[count:0 state:0 result:]
[2020-01-02 12:59:31] rtpData ------->   map[result: count:0 state:0] 
[GIN] 2020/01/02 - 12:59:31 | 200 |    2.187238ms |  192.168.66.115 | POST     /getResult
[2020-01-02 12:59:31] 自開彩開獎  {202001020260 1 35 true} 
ConfigData  map[charset:utf8 redisDB:3 poolname:FA_MEM user:fa_db password:1qaz!QAZ redisIp:192.168.88.119 redisPort:6379 redisPassword:"" ip:192.168.88.181 port:3306 database:FA_MEM]
SqlString  SELECT RTP,Amount,Bonus  FROM M_RtpSetting  WHERE Sid = 1   AND State = 1   AND LTG_Code = 1 AND Gid = 35
[2020-01-02 12:59:31] 自開彩開獎  {202001020780 6 36 true} 
ConfigData  map[user:fa_db password:1qaz!QAZ charset:utf8 redisPort:6379 redisPassword:"" ip:192.168.88.181 port:3306 redisIp:192.168.88.119 redisDB:3 poolname:FA_MEM database:FA_MEM]
SqlString  SELECT RTP,Amount,Bonus  FROM M_RtpSetting  WHERE Sid = 1   AND State = 1   AND LTG_Code = 6 AND Gid = 36
sqlResult   map[result: count:0 state:0]
[2020-01-02 12:59:31] rtpData ------->   map[result: count:0 state:0] 
[GIN] 2020/01/02 - 12:59:31 | 200 |    2.409724ms |  192.168.66.115 | POST     /getResult
sqlResult   map[result: count:0 state:0]
[2020-01-02 12:59:31] rtpData ------->   map[result: count:0 state:0] 
[GIN] 2020/01/02 - 12:59:31 | 200 |    2.445488ms |  192.168.66.115 | POST     /getResult
[2020-01-02 12:59:34] 自開彩開獎  {202001020780 1 34 true} 
ConfigData  map[redisDB:3 ip:192.168.88.181 poolname:FA_MEM database:FA_MEM redisIp:192.168.88.119 redisPassword:"" port:3306 user:fa_db password:1qaz!QAZ charset:utf8 redisPort:6379]
SqlString  SELECT RTP,Amount,Bonus  FROM M_RtpSetting  WHERE Sid = 1   AND State = 1   AND LTG_Code = 1 AND Gid = 34
sqlResult   map[result: count:0 state:0]
[2020-01-02 12:59:34] rtpData ------->   map[result: count:0 state:0] 
[GIN] 2020/01/02 - 12:59:34 | 200 |    2.629787ms |  192.168.66.115 | POST     /getResult
[2020-01-02 12:59:36] 自開彩開獎  {202001020780 4 40 true} 
ConfigData  map[redisIp:192.168.88.119 redisPort:6379 redisPassword:"" port:3306 password:1qaz!QAZ charset:utf8 database:FA_MEM redisDB:3 ip:192.168.88.181 poolname:FA_MEM user:fa_db]
SqlString  SELECT RTP,Amount,Bonus  FROM M_RtpSetting  WHERE Sid = 1   AND State = 1   AND LTG_Code = 4 AND Gid = 40
sqlResult   map[result: count:0 state:0]
[2020-01-02 12:59:36] rtpData ------->   map[result: count:0 state:0] 
[GIN] 2020/01/02 - 12:59:36 | 200 |    2.692216ms |  192.168.66.115 | POST     /getResult
[2020-01-02 12:59:36] 自開彩開獎  {202001020260 4 41 true} 
ConfigData  map[redisIp:192.168.88.119 redisPort:6379 ip:192.168.88.181 poolname:FA_MEM user:fa_db charset:utf8 redisPassword:"" redisDB:3 port:3306 password:1qaz!QAZ database:FA_MEM]
SqlString  SELECT RTP,Amount,Bonus  FROM M_RtpSetting  WHERE Sid = 1   AND State = 1   AND LTG_Code = 4 AND Gid = 41
sqlResult   map[result: count:0 state:0]
[2020-01-02 12:59:36] rtpData ------->   map[result: count:0 state:0] 
[GIN] 2020/01/02 - 12:59:36 | 200 |    2.541714ms |  192.168.66.115 | POST     /getResult
[2020-01-02 12:59:37] 自開彩開獎  {202001020780 5 38 true} 
ConfigData  map[redisDB:3 ip:192.168.88.181 poolname:FA_MEM port:3306 user:fa_db database:FA_MEM redisIp:192.168.88.119 password:1qaz!QAZ charset:utf8 redisPort:6379 redisPassword:""]
SqlString  SELECT RTP,Amount,Bonus  FROM M_RtpSetting  WHERE Sid = 1   AND State = 1   AND LTG_Code = 5 AND Gid = 38
sqlResult   map[result: count:0 state:0]
[2020-01-02 12:59:37] rtpData ------->   map[result: count:0 state:0] 
[GIN] 2020/01/02 - 12:59:37 | 200 |    2.897759ms |  192.168.66.115 | POST     /getResult
[2020-01-02 12:59:38] 自開彩開獎  {202001020260 1 35 true} 
ConfigData  map[charset:utf8 redisPort:6379 redisPassword:"" ip:192.168.88.181 poolname:FA_MEM user:fa_db password:1qaz!QAZ database:FA_MEM redisDB:3 port:3306 redisIp:192.168.88.119]
SqlString  SELECT RTP,Amount,Bonus  FROM M_RtpSetting  WHERE Sid = 1   AND State = 1   AND LTG_Code = 1 AND Gid = 35
[2020-01-02 12:59:38] 自開彩開獎  {202001020780 6 36 true} 
ConfigData  map[database:FA_MEM redisPassword:"" ip:192.168.88.181 port:3306 password:1qaz!QAZ redisIp:192.168.88.119 redisPort:6379 redisDB:3 poolname:FA_MEM user:fa_db charset:utf8]
SqlString  SELECT RTP,Amount,Bonus  FROM M_RtpSetting  WHERE Sid = 1   AND State = 1   AND LTG_Code = 6 AND Gid = 36
sqlResult   map[result: count:0 state:0]
[2020-01-02 12:59:38] rtpData ------->   map[result: count:0 state:0] 
[GIN] 2020/01/02 - 12:59:38 | 200 |     2.62281ms |  192.168.66.115 | POST     /getResult
sqlResult   map[result: count:0 state:0]
[2020-01-02 12:59:38] rtpData ------->   map[result: count:0 state:0] 
[GIN] 2020/01/02 - 12:59:38 | 200 |    2.840066ms |  192.168.66.115 | POST     /getResult
[2020-01-02 12:59:40] 自開彩開獎  {202001020780 1 34 true} 
ConfigData  map[poolname:FA_MEM port:3306 user:fa_db password:1qaz!QAZ charset:utf8 redisPort:6379 ip:192.168.88.181 database:FA_MEM redisIp:192.168.88.119 redisPassword:"" redisDB:3]
SqlString  SELECT RTP,Amount,Bonus  FROM M_RtpSetting  WHERE Sid = 1   AND State = 1   AND LTG_Code = 1 AND Gid = 34
sqlResult   map[count:0 state:0 result:]
[2020-01-02 12:59:40] rtpData ------->   map[result: count:0 state:0] 
[GIN] 2020/01/02 - 12:59:40 | 200 |    2.345907ms |  192.168.66.115 | POST     /getResult
[2020-01-02 12:59:42] 自開彩開獎  {202001020780 4 40 true} 
ConfigData  map[poolname:FA_MEM port:3306 user:fa_db password:1qaz!QAZ database:FA_MEM redisPassword:"" redisDB:3 ip:192.168.88.181 redisIp:192.168.88.119 redisPort:6379 charset:utf8]
SqlString  SELECT RTP,Amount,Bonus  FROM M_RtpSetting  WHERE Sid = 1   AND State = 1   AND LTG_Code = 4 AND Gid = 40
sqlResult   map[result: count:0 state:0]
[2020-01-02 12:59:42] rtpData ------->   map[result: count:0 state:0] 
[GIN] 2020/01/02 - 12:59:42 | 200 |    3.042396ms |  192.168.66.115 | POST     /getResult
[2020-01-02 12:59:42] 自開彩開獎  {202001020260 4 41 true} 
ConfigData  map[port:3306 user:fa_db database:FA_MEM charset:utf8 redisPort:6379 redisDB:3 poolname:FA_MEM password:1qaz!QAZ redisIp:192.168.88.119 redisPassword:"" ip:192.168.88.181]
SqlString  SELECT RTP,Amount,Bonus  FROM M_RtpSetting  WHERE Sid = 1   AND State = 1   AND LTG_Code = 4 AND Gid = 41
sqlResult   map[result: count:0 state:0]
[2020-01-02 12:59:42] rtpData ------->   map[result: count:0 state:0] 
[GIN] 2020/01/02 - 12:59:42 | 200 |    3.295356ms |  192.168.66.115 | POST     /getResult
[2020-01-02 12:59:43] 自開彩開獎  {202001020780 5 38 true} 
ConfigData  map[poolname:FA_MEM port:3306 user:fa_db charset:utf8 redisIp:192.168.88.119 redisPort:6379 redisDB:3 ip:192.168.88.181 password:1qaz!QAZ database:FA_MEM redisPassword:""]
SqlString  SELECT RTP,Amount,Bonus  FROM M_RtpSetting  WHERE Sid = 1   AND State = 1   AND LTG_Code = 5 AND Gid = 38
sqlResult   map[result: count:0 state:0]
[2020-01-02 12:59:43] rtpData ------->   map[result: count:0 state:0] 
[GIN] 2020/01/02 - 12:59:43 | 200 |    2.526964ms |  192.168.66.115 | POST     /getResult
[2020-01-02 12:59:44] 自開彩開獎  {202001020260 1 35 true} 
[2020-01-02 12:59:44] 自開彩開獎  {202001020780 6 36 true} 
ConfigData  map[user:fa_db charset:utf8 redisIp:192.168.88.119 redisPassword:"" redisDB:3 ip:192.168.88.181 poolname:FA_MEM port:3306 password:1qaz!QAZ database:FA_MEM redisPort:6379]
SqlString  SELECT RTP,Amount,Bonus  FROM M_RtpSetting  WHERE Sid = 1   AND State = 1   AND LTG_Code = 6 AND Gid = 36
ConfigData  map[redisIp:192.168.88.119 redisPassword:"" poolname:FA_MEM port:3306 password:1qaz!QAZ database:FA_MEM redisDB:3 ip:192.168.88.181 user:fa_db charset:utf8 redisPort:6379]
SqlString  SELECT RTP,Amount,Bonus  FROM M_RtpSetting  WHERE Sid = 1   AND State = 1   AND LTG_Code = 1 AND Gid = 35
sqlResult   map[result: count:0 state:0]
[2020-01-02 12:59:44] rtpData ------->   map[result: count:0 state:0] 
sqlResult   map[result: count:0 state:0]
[GIN] 2020/01/02 - 12:59:44 | 200 |    2.454742ms |  192.168.66.115 | POST     /getResult
[2020-01-02 12:59:44] rtpData ------->   map[result: count:0 state:0] 
[GIN] 2020/01/02 - 12:59:44 | 200 |     2.55741ms |  192.168.66.115 | POST     /getResult
[2020-01-02 12:59:46] 自開彩開獎  {202001020780 1 34 true} 
ConfigData  map[redisIp:192.168.88.119 redisPort:6379 redisPassword:"" redisDB:3 port:3306 user:fa_db database:FA_MEM charset:utf8 ip:192.168.88.181 poolname:FA_MEM password:1qaz!QAZ]
SqlString  SELECT RTP,Amount,Bonus  FROM M_RtpSetting  WHERE Sid = 1   AND State = 1   AND LTG_Code = 1 AND Gid = 34
sqlResult   map[result: count:0 state:0]
[2020-01-02 12:59:46] rtpData ------->   map[result: count:0 state:0] 
[GIN] 2020/01/02 - 12:59:46 | 200 |    2.234446ms |  192.168.66.115 | POST     /getResult
[2020-01-02 12:59:48] 自開彩開獎  {202001020780 4 40 true} 
ConfigData  map[user:fa_db database:FA_MEM charset:utf8 redisIp:192.168.88.119 redisPort:6379 redisDB:3 ip:192.168.88.181 poolname:FA_MEM port:3306 password:1qaz!QAZ redisPassword:""]
SqlString  SELECT RTP,Amount,Bonus  FROM M_RtpSetting  WHERE Sid = 1   AND State = 1   AND LTG_Code = 4 AND Gid = 40
sqlResult   map[result: count:0 state:0]
[2020-01-02 12:59:48] rtpData ------->   map[result: count:0 state:0] 
[GIN] 2020/01/02 - 12:59:48 | 200 |    2.847828ms |  192.168.66.115 | POST     /getResult
[2020-01-02 12:59:48] 自開彩開獎  {202001020260 4 41 true} 
ConfigData  map[redisPort:6379 redisDB:3 ip:192.168.88.181 port:3306 user:fa_db password:1qaz!QAZ database:FA_MEM charset:utf8 poolname:FA_MEM redisIp:192.168.88.119 redisPassword:""]
SqlString  SELECT RTP,Amount,Bonus  FROM M_RtpSetting  WHERE Sid = 1   AND State = 1   AND LTG_Code = 4 AND Gid = 41
sqlResult   map[result: count:0 state:0]
[2020-01-02 12:59:48] rtpData ------->   map[state:0 result: count:0] 
[GIN] 2020/01/02 - 12:59:48 | 200 |    2.846965ms |  192.168.66.115 | POST     /getResult
[2020-01-02 12:59:49] 自開彩開獎  {202001020780 5 38 true} 
ConfigData  map[ip:192.168.88.181 user:fa_db charset:utf8 redisPassword:"" redisDB:3 poolname:FA_MEM port:3306 password:1qaz!QAZ database:FA_MEM redisIp:192.168.88.119 redisPort:6379]
SqlString  SELECT RTP,Amount,Bonus  FROM M_RtpSetting  WHERE Sid = 1   AND State = 1   AND LTG_Code = 5 AND Gid = 38
sqlResult   map[count:0 state:0 result:]
[2020-01-02 12:59:49] rtpData ------->   map[result: count:0 state:0] 
[GIN] 2020/01/02 - 12:59:49 | 200 |     2.13851ms |  192.168.66.115 | POST     /getResult
[2020-01-02 12:59:50] 自開彩開獎  {202001020260 1 35 true} 
ConfigData  map[redisPort:6379 database:FA_MEM charset:utf8 redisIp:192.168.88.119 ip:192.168.88.181 poolname:FA_MEM port:3306 user:fa_db password:1qaz!QAZ redisPassword:"" redisDB:3]
SqlString  SELECT RTP,Amount,Bonus  FROM M_RtpSetting  WHERE Sid = 1   AND State = 1   AND LTG_Code = 1 AND Gid = 35
[2020-01-02 12:59:50] 自開彩開獎  {202001020780 6 36 true} 
ConfigData  map[redisIp:192.168.88.119 redisPassword:"" redisDB:3 poolname:FA_MEM database:FA_MEM user:fa_db password:1qaz!QAZ charset:utf8 redisPort:6379 ip:192.168.88.181 port:3306]
SqlString  SELECT RTP,Amount,Bonus  FROM M_RtpSetting  WHERE Sid = 1   AND State = 1   AND LTG_Code = 6 AND Gid = 36
sqlResult   map[result: count:0 state:0]
[2020-01-02 12:59:50] rtpData ------->   map[result: count:0 state:0] 
sqlResult   map[result: count:0 state:0]
[2020-01-02 12:59:50] rtpData ------->   map[result: count:0 state:0] 
[GIN] 2020/01/02 - 12:59:50 | 200 |    2.838841ms |  192.168.66.115 | POST     /getResult
[GIN] 2020/01/02 - 12:59:50 | 200 |    2.840791ms |  192.168.66.115 | POST     /getResult
[2020-01-02 12:59:52] 自開彩開獎  {202001020780 1 34 true} 
ConfigData  map[user:fa_db redisPort:6379 redisPassword:"" redisDB:3 charset:utf8 redisIp:192.168.88.119 ip:192.168.88.181 poolname:FA_MEM port:3306 password:1qaz!QAZ database:FA_MEM]
SqlString  SELECT RTP,Amount,Bonus  FROM M_RtpSetting  WHERE Sid = 1   AND State = 1   AND LTG_Code = 1 AND Gid = 34
sqlResult   map[result: count:0 state:0]
[2020-01-02 12:59:52] rtpData ------->   map[result: count:0 state:0] 
[GIN] 2020/01/02 - 12:59:52 | 200 |    2.434361ms |  192.168.66.115 | POST     /getResult
[2020-01-02 12:59:54] 自開彩開獎  {202001020780 4 40 true} 
ConfigData  map[redisIp:192.168.88.119 redisDB:3 poolname:FA_MEM user:fa_db password:1qaz!QAZ database:FA_MEM charset:utf8 ip:192.168.88.181 port:3306 redisPort:6379 redisPassword:""]
SqlString  SELECT RTP,Amount,Bonus  FROM M_RtpSetting  WHERE Sid = 1   AND State = 1   AND LTG_Code = 4 AND Gid = 40
sqlResult   map[result: count:0 state:0]
[2020-01-02 12:59:54] rtpData ------->   map[result: count:0 state:0] 
[GIN] 2020/01/02 - 12:59:54 | 200 |    2.213962ms |  192.168.66.115 | POST     /getResult
[2020-01-02 12:59:54] 自開彩開獎  {202001020260 4 41 true} 
ConfigData  map[ip:192.168.88.181 database:FA_MEM charset:utf8 redisPort:6379 redisDB:3 poolname:FA_MEM port:3306 user:fa_db password:1qaz!QAZ redisIp:192.168.88.119 redisPassword:""]
SqlString  SELECT RTP,Amount,Bonus  FROM M_RtpSetting  WHERE Sid = 1   AND State = 1   AND LTG_Code = 4 AND Gid = 41
sqlResult   map[state:0 result: count:0]
[2020-01-02 12:59:54] rtpData ------->   map[result: count:0 state:0] 
[GIN] 2020/01/02 - 12:59:54 | 200 |    5.991395ms |  192.168.66.115 | POST     /getResult
[2020-01-02 12:59:55] 自開彩開獎  {202001020780 5 38 true} 
ConfigData  map[redisPassword:"" redisDB:3 poolname:FA_MEM port:3306 password:1qaz!QAZ database:FA_MEM redisPort:6379 ip:192.168.88.181 user:fa_db charset:utf8 redisIp:192.168.88.119]
SqlString  SELECT RTP,Amount,Bonus  FROM M_RtpSetting  WHERE Sid = 1   AND State = 1   AND LTG_Code = 5 AND Gid = 38
sqlResult   map[result: count:0 state:0]
[2020-01-02 12:59:55] rtpData ------->   map[result: count:0 state:0] 
[GIN] 2020/01/02 - 12:59:55 | 200 |    2.670601ms |  192.168.66.115 | POST     /getResult
[2020-01-02 12:59:56] 自開彩開獎  {202001020260 1 35 true} 
[2020-01-02 12:59:56] 自開彩開獎  {202001020780 6 36 true} 
ConfigData  map[user:fa_db charset:utf8 port:3306 poolname:FA_MEM password:1qaz!QAZ database:FA_MEM redisIp:192.168.88.119 redisPort:6379 redisPassword:"" redisDB:3 ip:192.168.88.181]
SqlString  SELECT RTP,Amount,Bonus  FROM M_RtpSetting  WHERE Sid = 1   AND State = 1   AND LTG_Code = 6 AND Gid = 36
ConfigData  map[user:fa_db password:1qaz!QAZ charset:utf8 redisPassword:"" redisDB:3 poolname:FA_MEM port:3306 redisIp:192.168.88.119 redisPort:6379 ip:192.168.88.181 database:FA_MEM]
SqlString  SELECT RTP,Amount,Bonus  FROM M_RtpSetting  WHERE Sid = 1   AND State = 1   AND LTG_Code = 1 AND Gid = 35
sqlResult   map[result: count:0 state:0]
[2020-01-02 12:59:56] rtpData ------->   map[count:0 state:0 result:] 
[GIN] 2020/01/02 - 12:59:56 | 200 |    2.648769ms |  192.168.66.115 | POST     /getResult
sqlResult   map[state:0 result: count:0]
[2020-01-02 12:59:56] rtpData ------->   map[count:0 state:0 result:] 
[GIN] 2020/01/02 - 12:59:56 | 200 |    2.661163ms |  192.168.66.115 | POST     /getResult
[2020-01-02 12:59:58] 自開彩開獎  {202001020780 1 34 true} 
ConfigData  map[poolname:FA_MEM port:3306 password:1qaz!QAZ database:FA_MEM redisIp:192.168.88.119 ip:192.168.88.181 charset:utf8 redisPort:6379 redisPassword:"" redisDB:3 user:fa_db]
SqlString  SELECT RTP,Amount,Bonus  FROM M_RtpSetting  WHERE Sid = 1   AND State = 1   AND LTG_Code = 1 AND Gid = 34
sqlResult   map[result: count:0 state:0]
[2020-01-02 12:59:58] rtpData ------->   map[result: count:0 state:0] 
[GIN] 2020/01/02 - 12:59:58 | 200 |    2.287632ms |  192.168.66.115 | POST     /getResult
[2020-01-02 13:00:00] 自開彩開獎  {202001020780 4 40 true} 
ConfigData  map[port:3306 password:1qaz!QAZ database:FA_MEM charset:utf8 redisIp:192.168.88.119 redisPort:6379 redisPassword:"" ip:192.168.88.181 redisDB:3 user:fa_db poolname:FA_MEM]
SqlString  SELECT RTP,Amount,Bonus  FROM M_RtpSetting  WHERE Sid = 1   AND State = 1   AND LTG_Code = 4 AND Gid = 40
sqlResult   map[result: count:0 state:0]
[2020-01-02 13:00:00] rtpData ------->   map[result: count:0 state:0] 
[GIN] 2020/01/02 - 13:00:00 | 200 |    3.255786ms |  192.168.66.115 | POST     /getResult
[2020-01-02 13:00:00] 自開彩開獎  {202001020260 4 41 true} 
ConfigData  map[ip:192.168.88.181 port:3306 user:fa_db database:FA_MEM redisIp:192.168.88.119 redisPort:6379 redisDB:3 poolname:FA_MEM password:1qaz!QAZ charset:utf8 redisPassword:""]
SqlString  SELECT RTP,Amount,Bonus  FROM M_RtpSetting  WHERE Sid = 1   AND State = 1   AND LTG_Code = 4 AND Gid = 41
sqlResult   map[result: count:0 state:0]
[2020-01-02 13:00:00] rtpData ------->   map[result: count:0 state:0] 
[GIN] 2020/01/02 - 13:00:00 | 200 |    2.707341ms |  192.168.66.115 | POST     /getResult
[2020-01-02 13:00:01] 自開彩開獎  {202001020261 6 37 true} 
ConfigData  map[poolname:FA_MEM port:3306 database:FA_MEM redisIp:192.168.88.119 redisDB:3 ip:192.168.88.181 password:1qaz!QAZ charset:utf8 redisPort:6379 redisPassword:"" user:fa_db]
SqlString  SELECT RTP,Amount,Bonus  FROM M_RtpSetting  WHERE Sid = 1   AND State = 1   AND LTG_Code = 6 AND Gid = 37
sqlResult   map[result: count:0 state:0]
[2020-01-02 13:00:01] rtpData ------->   map[result: count:0 state:0] 
[GIN] 2020/01/02 - 13:00:01 | 200 |    3.080258ms |  192.168.66.115 | POST     /getResult
[2020-01-02 13:00:01] 自開彩開獎  {202001020780 5 38 true} 
ConfigData  map[user:fa_db password:1qaz!QAZ database:FA_MEM redisIp:192.168.88.119 redisPort:6379 redisPassword:"" redisDB:3 ip:192.168.88.181 port:3306 charset:utf8 poolname:FA_MEM]
SqlString  SELECT RTP,Amount,Bonus  FROM M_RtpSetting  WHERE Sid = 1   AND State = 1   AND LTG_Code = 5 AND Gid = 38
[2020-01-02 13:00:01] 自開彩開獎  {202001020157 5 39 true} 
ConfigData  map[ip:192.168.88.181 user:fa_db password:1qaz!QAZ redisPort:6379 redisPassword:"" poolname:FA_MEM port:3306 database:FA_MEM charset:utf8 redisIp:192.168.88.119 redisDB:3]
SqlString  SELECT RTP,Amount,Bonus  FROM M_RtpSetting  WHERE Sid = 1   AND State = 1   AND LTG_Code = 5 AND Gid = 39
sqlResult   map[result: count:0 state:0]
[2020-01-02 13:00:01] rtpData ------->   map[result: count:0 state:0] 
[GIN] 2020/01/02 - 13:00:01 | 200 |    1.942152ms |  192.168.66.115 | POST     /getResult
sqlResult   map[result: count:0 state:0]
[2020-01-02 13:00:01] rtpData ------->   map[result: count:0 state:0] 
[GIN] 2020/01/02 - 13:00:01 | 200 |    4.781667ms |  192.168.66.115 | POST     /getResult
[2020-01-02 13:00:01] 自開彩開獎  {202001020781 2 26 true} 
ConfigData  map[charset:utf8 redisIp:192.168.88.119 redisDB:3 ip:192.168.88.181 poolname:FA_MEM port:3306 user:fa_db password:1qaz!QAZ database:FA_MEM redisPort:6379 redisPassword:""]
SqlString  SELECT RTP,Amount,Bonus  FROM M_RtpSetting  WHERE Sid = 1   AND State = 1   AND LTG_Code = 2 AND Gid = 26
[2020-01-02 13:00:01] 自開彩開獎  {20200102261 2 27 true} 
ConfigData  map[port:3306 password:1qaz!QAZ redisIp:192.168.88.119 redisPort:6379 redisPassword:"" redisDB:3 ip:192.168.88.181 poolname:FA_MEM user:fa_db database:FA_MEM charset:utf8]
SqlString  SELECT RTP,Amount,Bonus  FROM M_RtpSetting  WHERE Sid = 1   AND State = 1   AND LTG_Code = 2 AND Gid = 27
[2020-01-02 13:00:01] 自開彩開獎  {20200102157 2 28 true} 
ConfigData  map[user:fa_db password:1qaz!QAZ charset:utf8 redisPassword:"" poolname:FA_MEM port:3306 redisIp:192.168.88.119 redisPort:6379 redisDB:3 ip:192.168.88.181 database:FA_MEM]
SqlString  SELECT RTP,Amount,Bonus  FROM M_RtpSetting  WHERE Sid = 1   AND State = 1   AND LTG_Code = 2 AND Gid = 28
sqlResult   map[bonus:161148.41 result:0.9600 count:1 state:1 amount:234518]
[2020-01-02 13:00:01] rtpData ------->   map[result:0.9600 count:1 state:1 amount:234518 bonus:161148.41] 
ConfigData  map[database:FA_MEM charset:utf8 redisPort:6379 redisPassword:"" redisDB:3 port:3306 password:1qaz!QAZ user:fa_db redisIp:192.168.88.119 ip:192.168.88.181 poolname:FA_MEM]
SELECT BO_No, BO_OrderNo , BO_User , BO_Issue  , BO_LotteryTypeGroup, BO_LotteryType, BO_Mode, BO_LotteryPlayGroup, BO_LotteryPlay , BO_LotteryContent, BO_Price, BO_RealPrice, BO_Unit, BO_Multiple , BO_BetCount  , BO_Winnings, BO_Winnings2, BO_Winnings3, BO_WinningLimit  , BO_Water , BO_BW_SourceUserId, BO_BW_BackWater, BO_BW_LimitBetCount, BO_BW_MaxAmount, BO_BW_AuditMultiple  , BO_Odds, BO_Odds2, BO_Odds3 , BO_Type, BO_Chase , BO_OpenResult, BO_OpenResult2, BO_DateDraw, BO_DateDraw2, BO_DateUpdate  FROM TS_BetOrder  WHERE BO_Cancel = 0   AND BO_CancelBackend = 0   AND BO_LotteryTypeGroup = 2 AND BO_LotteryType = 28 AND BO_Issue = 20200102157 AND BO_Collect = 0 ORDER BY BO_DateDraw ASC, BO_DateCreate ASC, BO_DateUpdate ASC, BO_No ASC ;
sqlResult   map[count:1 state:1 amount:105208 bonus:58491.69 result:0.9600]
[2020-01-02 13:00:01] rtpData ------->   map[result:0.9600 count:1 state:1 amount:105208 bonus:58491.69] 
sqlResult   map[state:1 amount:1.0069588e+06 bonus:908100.71 result:0.9600 count:1]
[2020-01-02 13:00:01] rtpData ------->   map[result:0.9600 count:1 state:1 amount:1.0069588e+06 bonus:908100.71] 
ConfigData  map[redisIp:192.168.88.119 redisDB:3 user:fa_db database:FA_MEM port:3306 password:1qaz!QAZ charset:utf8 redisPort:6379 redisPassword:"" ip:192.168.88.181 poolname:FA_MEM]
SELECT BO_No, BO_OrderNo , BO_User , BO_Issue  , BO_LotteryTypeGroup, BO_LotteryType, BO_Mode, BO_LotteryPlayGroup, BO_LotteryPlay , BO_LotteryContent, BO_Price, BO_RealPrice, BO_Unit, BO_Multiple , BO_BetCount  , BO_Winnings, BO_Winnings2, BO_Winnings3, BO_WinningLimit  , BO_Water , BO_BW_SourceUserId, BO_BW_BackWater, BO_BW_LimitBetCount, BO_BW_MaxAmount, BO_BW_AuditMultiple  , BO_Odds, BO_Odds2, BO_Odds3 , BO_Type, BO_Chase , BO_OpenResult, BO_OpenResult2, BO_DateDraw, BO_DateDraw2, BO_DateUpdate  FROM TS_BetOrder  WHERE BO_Cancel = 0   AND BO_CancelBackend = 0   AND BO_LotteryTypeGroup = 2 AND BO_LotteryType = 26 AND BO_Issue = 202001020781 AND BO_Collect = 0 ORDER BY BO_DateDraw ASC, BO_DateCreate ASC, BO_DateUpdate ASC, BO_No ASC ;
ConfigData  map[charset:utf8 redisPort:6379 redisPassword:"" port:3306 user:fa_db password:1qaz!QAZ database:FA_MEM redisIp:192.168.88.119 redisDB:3 ip:192.168.88.181 poolname:FA_MEM]
SELECT BO_No, BO_OrderNo , BO_User , BO_Issue  , BO_LotteryTypeGroup, BO_LotteryType, BO_Mode, BO_LotteryPlayGroup, BO_LotteryPlay , BO_LotteryContent, BO_Price, BO_RealPrice, BO_Unit, BO_Multiple , BO_BetCount  , BO_Winnings, BO_Winnings2, BO_Winnings3, BO_WinningLimit  , BO_Water , BO_BW_SourceUserId, BO_BW_BackWater, BO_BW_LimitBetCount, BO_BW_MaxAmount, BO_BW_AuditMultiple  , BO_Odds, BO_Odds2, BO_Odds3 , BO_Type, BO_Chase , BO_OpenResult, BO_OpenResult2, BO_DateDraw, BO_DateDraw2, BO_DateUpdate  FROM TS_BetOrder  WHERE BO_Cancel = 0   AND BO_CancelBackend = 0   AND BO_LotteryTypeGroup = 2 AND BO_LotteryType = 27 AND BO_Issue = 20200102261 AND BO_Collect = 0 ORDER BY BO_DateDraw ASC, BO_DateCreate ASC, BO_DateUpdate ASC, BO_No ASC ;
[2020-01-02 13:00:01] LottteryTypeGroup 2 
[2020-01-02 13:00:01] 有期號 但無注單 -------> map[thisOpenResult:[5 8 5 7 3] amount:0 bonus:0] 
[GIN] 2020/01/02 - 13:00:01 | 200 |    4.863996ms |  192.168.66.115 | POST     /getResult
[2020-01-02 13:00:01] LottteryTypeGroup 2 
[2020-01-02 13:00:01] LottteryTypeGroup 2 
[2020-01-02 13:00:01] 有期號 但無注單 -------> map[bonus:0 thisOpenResult:[1 4 0 4 6] amount:0] 
[GIN] 2020/01/02 - 13:00:01 | 200 |     5.33901ms |  192.168.66.115 | POST     /getResult
[2020-01-02 13:00:01] 有期號 但無注單 -------> map[amount:0 bonus:0 thisOpenResult:[5 3 2 5 3]] 
[GIN] 2020/01/02 - 13:00:01 | 200 |    5.293058ms |  192.168.66.115 | POST     /getResult
[2020-01-02 13:00:02] 自開彩開獎  {202001020260 1 35 true} 
ConfigData  map[ip:192.168.88.181 poolname:FA_MEM user:fa_db password:1qaz!QAZ database:FA_MEM redisDB:3 port:3306 charset:utf8 redisIp:192.168.88.119 redisPort:6379 redisPassword:""]
SqlString  SELECT RTP,Amount,Bonus  FROM M_RtpSetting  WHERE Sid = 1   AND State = 1   AND LTG_Code = 1 AND Gid = 35
sqlResult   map[result: count:0 state:0]
[2020-01-02 13:00:02] rtpData ------->   map[result: count:0 state:0] 
[GIN] 2020/01/02 - 13:00:02 | 200 |    2.595414ms |  192.168.66.115 | POST     /getResult
[2020-01-02 13:00:02] 自開彩開獎  {202001020780 6 36 true} 
ConfigData  map[charset:utf8 redisPort:6379 redisPassword:"" poolname:FA_MEM port:3306 user:fa_db database:FA_MEM ip:192.168.88.181 password:1qaz!QAZ redisIp:192.168.88.119 redisDB:3]
SqlString  SELECT RTP,Amount,Bonus  FROM M_RtpSetting  WHERE Sid = 1   AND State = 1   AND LTG_Code = 6 AND Gid = 36
sqlResult   map[count:0 state:0 result:]
[2020-01-02 13:00:02] rtpData ------->   map[result: count:0 state:0] 
[GIN] 2020/01/02 - 13:00:02 | 200 |    2.840723ms |  192.168.66.115 | POST     /getResult
[2020-01-02 13:00:04] 自開彩開獎  {202001020780 1 34 true} 
ConfigData  map[database:FA_MEM redisIp:192.168.88.119 ip:192.168.88.181 poolname:FA_MEM user:fa_db password:1qaz!QAZ redisDB:3 port:3306 charset:utf8 redisPort:6379 redisPassword:""]
SqlString  SELECT RTP,Amount,Bonus  FROM M_RtpSetting  WHERE Sid = 1   AND State = 1   AND LTG_Code = 1 AND Gid = 34
sqlResult   map[state:0 result: count:0]
[2020-01-02 13:00:04] rtpData ------->   map[result: count:0 state:0] 
[GIN] 2020/01/02 - 13:00:04 | 200 |     3.07698ms |  192.168.66.115 | POST     /getResult
[2020-01-02 13:00:06] 自開彩開獎  {202001020781 4 40 true} 
ConfigData  map[user:fa_db database:FA_MEM charset:utf8 redisPort:6379 redisDB:3 ip:192.168.88.181 poolname:FA_MEM port:3306 password:1qaz!QAZ redisIp:192.168.88.119 redisPassword:""]
SqlString  SELECT RTP,Amount,Bonus  FROM M_RtpSetting  WHERE Sid = 1   AND State = 1   AND LTG_Code = 4 AND Gid = 40
sqlResult   map[result: count:0 state:0]
[2020-01-02 13:00:06] rtpData ------->   map[result: count:0 state:0] 
[GIN] 2020/01/02 - 13:00:06 | 200 |    2.436368ms |  192.168.66.115 | POST     /getResult
[2020-01-02 13:00:06] 自開彩開獎  {202001020261 4 41 true} 
ConfigData  map[redisIp:192.168.88.119 redisDB:3 port:3306 user:fa_db password:1qaz!QAZ charset:utf8 redisPassword:"" ip:192.168.88.181 poolname:FA_MEM database:FA_MEM redisPort:6379]
SqlString  SELECT RTP,Amount,Bonus  FROM M_RtpSetting  WHERE Sid = 1   AND State = 1   AND LTG_Code = 4 AND Gid = 41
sqlResult   map[result: count:0 state:0]
[2020-01-02 13:00:06] rtpData ------->   map[result: count:0 state:0] 
[GIN] 2020/01/02 - 13:00:06 | 200 |    2.343114ms |  192.168.66.115 | POST     /getResult
[2020-01-02 13:00:07] 自開彩開獎  {202001020261 6 37 true} 
ConfigData  map[ip:192.168.88.181 user:fa_db password:1qaz!QAZ redisPassword:"" redisDB:3 poolname:FA_MEM port:3306 database:FA_MEM charset:utf8 redisIp:192.168.88.119 redisPort:6379]
SqlString  SELECT RTP,Amount,Bonus  FROM M_RtpSetting  WHERE Sid = 1   AND State = 1   AND LTG_Code = 6 AND Gid = 37
sqlResult   map[count:0 state:0 result:]
[2020-01-02 13:00:07] rtpData ------->   map[state:0 result: count:0] 
[GIN] 2020/01/02 - 13:00:07 | 200 |    2.024424ms |  192.168.66.115 | POST     /getResult
[2020-01-02 13:00:07] 自開彩開獎  {202001020781 5 38 true} 
ConfigData  map[password:1qaz!QAZ redisIp:192.168.88.119 redisPort:6379 redisDB:3 poolname:FA_MEM port:3306 database:FA_MEM charset:utf8 redisPassword:"" ip:192.168.88.181 user:fa_db]
SqlString  SELECT RTP,Amount,Bonus  FROM M_RtpSetting  WHERE Sid = 1   AND State = 1   AND LTG_Code = 5 AND Gid = 38
[2020-01-02 13:00:07] 自開彩開獎  {202001020157 5 39 true} 
ConfigData  map[user:fa_db password:1qaz!QAZ charset:utf8 redisPort:6379 redisDB:3 ip:192.168.88.181 poolname:FA_MEM port:3306 database:FA_MEM redisIp:192.168.88.119 redisPassword:""]
SqlString  SELECT RTP,Amount,Bonus  FROM M_RtpSetting  WHERE Sid = 1   AND State = 1   AND LTG_Code = 5 AND Gid = 39
sqlResult   map[state:0 result: count:0]
[2020-01-02 13:00:07] rtpData ------->   map[result: count:0 state:0] 
[GIN] 2020/01/02 - 13:00:07 | 200 |    2.238156ms |  192.168.66.115 | POST     /getResult
sqlResult   map[result: count:0 state:0]
[2020-01-02 13:00:07] rtpData ------->   map[result: count:0 state:0] 
[GIN] 2020/01/02 - 13:00:07 | 200 |    2.549288ms |  192.168.66.115 | POST     /getResult
[2020-01-02 13:00:08] 自開彩開獎  {202001020261 1 35 true} 
ConfigData  map[redisDB:3 poolname:FA_MEM port:3306 user:fa_db redisPassword:"" redisIp:192.168.88.119 redisPort:6379 ip:192.168.88.181 password:1qaz!QAZ database:FA_MEM charset:utf8]
SqlString  SELECT RTP,Amount,Bonus  FROM M_RtpSetting  WHERE Sid = 1   AND State = 1   AND LTG_Code = 1 AND Gid = 35
sqlResult   map[count:0 state:0 result:]
[2020-01-02 13:00:08] rtpData ------->   map[result: count:0 state:0] 
[GIN] 2020/01/02 - 13:00:08 | 200 |    2.733006ms |  192.168.66.115 | POST     /getResult
[2020-01-02 13:00:08] 自開彩開獎  {202001020781 6 36 true} 
ConfigData  map[redisPort:6379 redisPassword:"" ip:192.168.88.181 port:3306 password:1qaz!QAZ database:FA_MEM charset:utf8 redisIp:192.168.88.119 poolname:FA_MEM user:fa_db redisDB:3]
SqlString  SELECT RTP,Amount,Bonus  FROM M_RtpSetting  WHERE Sid = 1   AND State = 1   AND LTG_Code = 6 AND Gid = 36
sqlResult   map[result: count:0 state:0]
[2020-01-02 13:00:08] rtpData ------->   map[result: count:0 state:0] 
[GIN] 2020/01/02 - 13:00:08 | 200 |    2.755242ms |  192.168.66.115 | POST     /getResult
[2020-01-02 13:00:10] 自開彩開獎  {202001020781 1 34 true} 
ConfigData  map[redisIp:192.168.88.119 redisDB:3 ip:192.168.88.181 poolname:FA_MEM port:3306 user:fa_db charset:utf8 password:1qaz!QAZ database:FA_MEM redisPort:6379 redisPassword:""]
SqlString  SELECT RTP,Amount,Bonus  FROM M_RtpSetting  WHERE Sid = 1   AND State = 1   AND LTG_Code = 1 AND Gid = 34
sqlResult   map[result: count:0 state:0]
[2020-01-02 13:00:10] rtpData ------->   map[result: count:0 state:0] 
[GIN] 2020/01/02 - 13:00:10 | 200 |    2.993484ms |  192.168.66.115 | POST     /getResult
[2020-01-02 13:00:12] 自開彩開獎  {202001020781 4 40 true} 
ConfigData  map[poolname:FA_MEM port:3306 charset:utf8 redisPort:6379 redisPassword:"" redisDB:3 ip:192.168.88.181 user:fa_db password:1qaz!QAZ database:FA_MEM redisIp:192.168.88.119]
SqlString  SELECT RTP,Amount,Bonus  FROM M_RtpSetting  WHERE Sid = 1   AND State = 1   AND LTG_Code = 4 AND Gid = 40
sqlResult   map[count:0 state:0 result:]
[2020-01-02 13:00:12] rtpData ------->   map[result: count:0 state:0] 
[GIN] 2020/01/02 - 13:00:12 | 200 |    3.176429ms |  192.168.66.115 | POST     /getResult
[2020-01-02 13:00:12] 自開彩開獎  {202001020261 4 41 true} 
ConfigData  map[redisPort:6379 redisPassword:"" poolname:FA_MEM port:3306 user:fa_db database:FA_MEM charset:utf8 redisIp:192.168.88.119 ip:192.168.88.181 password:1qaz!QAZ redisDB:3]
SqlString  SELECT RTP,Amount,Bonus  FROM M_RtpSetting  WHERE Sid = 1   AND State = 1   AND LTG_Code = 4 AND Gid = 41
sqlResult   map[result: count:0 state:0]
[2020-01-02 13:00:12] rtpData ------->   map[result: count:0 state:0] 
[GIN] 2020/01/02 - 13:00:12 | 200 |     2.40826ms |  192.168.66.115 | POST     /getResult
[2020-01-02 13:00:13] 自開彩開獎  {202001020261 6 37 true} 
ConfigData  map[port:3306 user:fa_db password:1qaz!QAZ database:FA_MEM redisIp:192.168.88.119 redisPort:6379 redisDB:3 ip:192.168.88.181 charset:utf8 redisPassword:"" poolname:FA_MEM]
SqlString  SELECT RTP,Amount,Bonus  FROM M_RtpSetting  WHERE Sid = 1   AND State = 1   AND LTG_Code = 6 AND Gid = 37
sqlResult   map[result: count:0 state:0]
[2020-01-02 13:00:13] rtpData ------->   map[result: count:0 state:0] 
[GIN] 2020/01/02 - 13:00:13 | 200 |    2.424248ms |  192.168.66.115 | POST     /getResult
[2020-01-02 13:00:13] 自開彩開獎  {202001020781 5 38 true} 
ConfigData  map[user:fa_db redisPassword:"" redisDB:3 redisIp:192.168.88.119 redisPort:6379 ip:192.168.88.181 poolname:FA_MEM port:3306 password:1qaz!QAZ database:FA_MEM charset:utf8]
SqlString  SELECT RTP,Amount,Bonus  FROM M_RtpSetting  WHERE Sid = 1   AND State = 1   AND LTG_Code = 5 AND Gid = 38
[2020-01-02 13:00:13] 自開彩開獎  {202001020157 5 39 true} 
ConfigData  map[charset:utf8 redisDB:3 ip:192.168.88.181 poolname:FA_MEM user:fa_db database:FA_MEM redisPassword:"" port:3306 password:1qaz!QAZ redisIp:192.168.88.119 redisPort:6379]
SqlString  SELECT RTP,Amount,Bonus  FROM M_RtpSetting  WHERE Sid = 1   AND State = 1   AND LTG_Code = 5 AND Gid = 39
sqlResult   map[result: count:0 state:0]
[2020-01-02 13:00:13] rtpData ------->   map[result: count:0 state:0] 
[GIN] 2020/01/02 - 13:00:13 | 200 |    2.694927ms |  192.168.66.115 | POST     /getResult
sqlResult   map[result: count:0 state:0]
[2020-01-02 13:00:13] rtpData ------->   map[result: count:0 state:0] 
[GIN] 2020/01/02 - 13:00:13 | 200 |    2.010173ms |  192.168.66.115 | POST     /getResult
[2020-01-02 13:00:14] 自開彩開獎  {202001020261 1 35 true} 
ConfigData  map[poolname:FA_MEM port:3306 redisIp:192.168.88.119 redisPort:6379 charset:utf8 redisPassword:"" redisDB:3 ip:192.168.88.181 user:fa_db password:1qaz!QAZ database:FA_MEM]
SqlString  SELECT RTP,Amount,Bonus  FROM M_RtpSetting  WHERE Sid = 1   AND State = 1   AND LTG_Code = 1 AND Gid = 35
[2020-01-02 13:00:14] 自開彩開獎  {202001020781 6 36 true} 
ConfigData  map[database:FA_MEM redisPassword:"" redisDB:3 port:3306 password:1qaz!QAZ user:fa_db charset:utf8 redisIp:192.168.88.119 redisPort:6379 ip:192.168.88.181 poolname:FA_MEM]
SqlString  SELECT RTP,Amount,Bonus  FROM M_RtpSetting  WHERE Sid = 1   AND State = 1   AND LTG_Code = 6 AND Gid = 36
sqlResult   map[result: count:0 state:0]
[2020-01-02 13:00:14] rtpData ------->   map[count:0 state:0 result:] 
sqlResult   map[result: count:0 state:0]
[2020-01-02 13:00:14] rtpData ------->   map[result: count:0 state:0] 
[GIN] 2020/01/02 - 13:00:14 | 200 |    2.291223ms |  192.168.66.115 | POST     /getResult
[GIN] 2020/01/02 - 13:00:14 | 200 |    2.549221ms |  192.168.66.115 | POST     /getResult
[2020-01-02 13:00:16] 自開彩開獎  {202001020781 1 34 true} 
ConfigData  map[redisPort:6379 redisPassword:"" ip:192.168.88.181 password:1qaz!QAZ database:FA_MEM redisIp:192.168.88.119 redisDB:3 poolname:FA_MEM port:3306 user:fa_db charset:utf8]
SqlString  SELECT RTP,Amount,Bonus  FROM M_RtpSetting  WHERE Sid = 1   AND State = 1   AND LTG_Code = 1 AND Gid = 34
sqlResult   map[result: count:0 state:0]
[2020-01-02 13:00:16] rtpData ------->   map[result: count:0 state:0] 
[GIN] 2020/01/02 - 13:00:16 | 200 |    3.058058ms |  192.168.66.115 | POST     /getResult
[2020-01-02 13:00:18] 自開彩開獎  {202001020781 4 40 true} 
ConfigData  map[charset:utf8 redisPort:6379 redisPassword:"" redisDB:3 user:fa_db poolname:FA_MEM port:3306 password:1qaz!QAZ database:FA_MEM redisIp:192.168.88.119 ip:192.168.88.181]
SqlString  SELECT RTP,Amount,Bonus  FROM M_RtpSetting  WHERE Sid = 1   AND State = 1   AND LTG_Code = 4 AND Gid = 40
sqlResult   map[result: count:0 state:0]
[2020-01-02 13:00:18] rtpData ------->   map[state:0 result: count:0] 
[GIN] 2020/01/02 - 13:00:18 | 200 |     4.17215ms |  192.168.66.115 | POST     /getResult
[2020-01-02 13:00:18] 自開彩開獎  {202001020261 4 41 true} 
ConfigData  map[charset:utf8 redisIp:192.168.88.119 redisPort:6379 redisPassword:"" ip:192.168.88.181 poolname:FA_MEM user:fa_db password:1qaz!QAZ port:3306 database:FA_MEM redisDB:3]
SqlString  SELECT RTP,Amount,Bonus  FROM M_RtpSetting  WHERE Sid = 1   AND State = 1   AND LTG_Code = 4 AND Gid = 41
sqlResult   map[result: count:0 state:0]
[2020-01-02 13:00:18] rtpData ------->   map[result: count:0 state:0] 
[GIN] 2020/01/02 - 13:00:18 | 200 |    2.292505ms |  192.168.66.115 | POST     /getResult
[2020-01-02 13:00:19] 自開彩開獎  {202001020261 6 37 true} 
ConfigData  map[redisPort:6379 poolname:FA_MEM port:3306 user:fa_db password:1qaz!QAZ database:FA_MEM charset:utf8 redisIp:192.168.88.119 redisPassword:"" redisDB:3 ip:192.168.88.181]
SqlString  SELECT RTP,Amount,Bonus  FROM M_RtpSetting  WHERE Sid = 1   AND State = 1   AND LTG_Code = 6 AND Gid = 37
sqlResult   map[count:0 state:0 result:]
[2020-01-02 13:00:19] rtpData ------->   map[result: count:0 state:0] 
[GIN] 2020/01/02 - 13:00:19 | 200 |    2.481139ms |  192.168.66.115 | POST     /getResult
[2020-01-02 13:00:19] 自開彩開獎  {202001020781 5 38 true} 
ConfigData  map[poolname:FA_MEM port:3306 user:fa_db password:1qaz!QAZ redisDB:3 ip:192.168.88.181 database:FA_MEM charset:utf8 redisIp:192.168.88.119 redisPort:6379 redisPassword:""]
SqlString  SELECT RTP,Amount,Bonus  FROM M_RtpSetting  WHERE Sid = 1   AND State = 1   AND LTG_Code = 5 AND Gid = 38
[2020-01-02 13:00:19] 自開彩開獎  {202001020157 5 39 true} 
ConfigData  map[password:1qaz!QAZ charset:utf8 redisIp:192.168.88.119 ip:192.168.88.181 poolname:FA_MEM port:3306 user:fa_db database:FA_MEM redisPort:6379 redisPassword:"" redisDB:3]
SqlString  SELECT RTP,Amount,Bonus  FROM M_RtpSetting  WHERE Sid = 1   AND State = 1   AND LTG_Code = 5 AND Gid = 39
sqlResult   map[state:0 result: count:0]
[2020-01-02 13:00:19] rtpData ------->   map[result: count:0 state:0] 
[GIN] 2020/01/02 - 13:00:19 | 200 |    2.435416ms |  192.168.66.115 | POST     /getResult
sqlResult   map[count:0 state:0 result:]
[2020-01-02 13:00:19] rtpData ------->   map[count:0 state:0 result:] 
[GIN] 2020/01/02 - 13:00:19 | 200 |    2.378999ms |  192.168.66.115 | POST     /getResult
[2020-01-02 13:00:20] 自開彩開獎  {202001020261 1 35 true} 
ConfigData  map[redisPort:6379 port:3306 password:1qaz!QAZ database:FA_MEM charset:utf8 redisIp:192.168.88.119 ip:192.168.88.181 poolname:FA_MEM user:fa_db redisPassword:"" redisDB:3]
SqlString  SELECT RTP,Amount,Bonus  FROM M_RtpSetting  WHERE Sid = 1   AND State = 1   AND LTG_Code = 1 AND Gid = 35
[2020-01-02 13:00:20] 自開彩開獎  {202001020781 6 36 true} 
ConfigData  map[port:3306 user:fa_db password:1qaz!QAZ charset:utf8 redisIp:192.168.88.119 redisPort:6379 ip:192.168.88.181 poolname:FA_MEM database:FA_MEM redisPassword:"" redisDB:3]
SqlString  SELECT RTP,Amount,Bonus  FROM M_RtpSetting  WHERE Sid = 1   AND State = 1   AND LTG_Code = 6 AND Gid = 36
sqlResult   map[result: count:0 state:0]
[2020-01-02 13:00:20] rtpData ------->   map[result: count:0 state:0] 
[GIN] 2020/01/02 - 13:00:20 | 200 |    2.285148ms |  192.168.66.115 | POST     /getResult
sqlResult   map[state:0 result: count:0]
[2020-01-02 13:00:20] rtpData ------->   map[result: count:0 state:0] 
[GIN] 2020/01/02 - 13:00:20 | 200 |    2.588511ms |  192.168.66.115 | POST     /getResult
[2020-01-02 13:00:22] 自開彩開獎  {202001020781 1 34 true} 
ConfigData  map[ip:192.168.88.181 port:3306 user:fa_db password:1qaz!QAZ poolname:FA_MEM database:FA_MEM charset:utf8 redisIp:192.168.88.119 redisPort:6379 redisPassword:"" redisDB:3]
SqlString  SELECT RTP,Amount,Bonus  FROM M_RtpSetting  WHERE Sid = 1   AND State = 1   AND LTG_Code = 1 AND Gid = 34
sqlResult   map[result: count:0 state:0]
[2020-01-02 13:00:22] rtpData ------->   map[result: count:0 state:0] 
[GIN] 2020/01/02 - 13:00:22 | 200 |    2.204852ms |  192.168.66.115 | POST     /getResult
[2020-01-02 13:00:24] 自開彩開獎  {202001020781 4 40 true} 
ConfigData  map[password:1qaz!QAZ database:FA_MEM charset:utf8 redisIp:192.168.88.119 redisPassword:"" poolname:FA_MEM port:3306 user:fa_db ip:192.168.88.181 redisPort:6379 redisDB:3]
SqlString  SELECT RTP,Amount,Bonus  FROM M_RtpSetting  WHERE Sid = 1   AND State = 1   AND LTG_Code = 4 AND Gid = 40
sqlResult   map[state:0 result: count:0]
[2020-01-02 13:00:24] rtpData ------->   map[result: count:0 state:0] 
[GIN] 2020/01/02 - 13:00:24 | 200 |     2.68807ms |  192.168.66.115 | POST     /getResult
[2020-01-02 13:00:24] 自開彩開獎  {202001020261 4 41 true} 
ConfigData  map[redisDB:3 ip:192.168.88.181 poolname:FA_MEM user:fa_db password:1qaz!QAZ database:FA_MEM port:3306 charset:utf8 redisIp:192.168.88.119 redisPort:6379 redisPassword:""]
SqlString  SELECT RTP,Amount,Bonus  FROM M_RtpSetting  WHERE Sid = 1   AND State = 1   AND LTG_Code = 4 AND Gid = 41
sqlResult   map[result: count:0 state:0]
[2020-01-02 13:00:24] rtpData ------->   map[count:0 state:0 result:] 
[GIN] 2020/01/02 - 13:00:24 | 200 |    2.437017ms |  192.168.66.115 | POST     /getResult
[2020-01-02 13:00:25] 自開彩開獎  {202001020261 6 37 true} 
ConfigData  map[user:fa_db redisPassword:"" redisIp:192.168.88.119 redisPort:6379 ip:192.168.88.181 poolname:FA_MEM port:3306 password:1qaz!QAZ database:FA_MEM charset:utf8 redisDB:3]
SqlString  SELECT RTP,Amount,Bonus  FROM M_RtpSetting  WHERE Sid = 1   AND State = 1   AND LTG_Code = 6 AND Gid = 37
sqlResult   map[result: count:0 state:0]
[2020-01-02 13:00:25] rtpData ------->   map[result: count:0 state:0] 
[GIN] 2020/01/02 - 13:00:25 | 200 |    3.358941ms |  192.168.66.115 | POST     /getResult
[2020-01-02 13:00:25] 自開彩開獎  {202001020781 5 38 true} 
ConfigData  map[port:3306 user:fa_db password:1qaz!QAZ database:FA_MEM charset:utf8 redisIp:192.168.88.119 ip:192.168.88.181 poolname:FA_MEM redisPort:6379 redisPassword:"" redisDB:3]
SqlString  SELECT RTP,Amount,Bonus  FROM M_RtpSetting  WHERE Sid = 1   AND State = 1   AND LTG_Code = 5 AND Gid = 38
[2020-01-02 13:00:25] 自開彩開獎  {202001020157 5 39 true} 
ConfigData  map[user:fa_db password:1qaz!QAZ database:FA_MEM redisPort:6379 redisDB:3 redisPassword:"" ip:192.168.88.181 poolname:FA_MEM port:3306 charset:utf8 redisIp:192.168.88.119]
SqlString  SELECT RTP,Amount,Bonus  FROM M_RtpSetting  WHERE Sid = 1   AND State = 1   AND LTG_Code = 5 AND Gid = 39
sqlResult   map[result: count:0 state:0]
[2020-01-02 13:00:25] rtpData ------->   map[result: count:0 state:0] 
[GIN] 2020/01/02 - 13:00:25 | 200 |    2.436362ms |  192.168.66.115 | POST     /getResult
sqlResult   map[count:0 state:0 result:]
[2020-01-02 13:00:25] rtpData ------->   map[result: count:0 state:0] 
[GIN] 2020/01/02 - 13:00:25 | 200 |     2.62654ms |  192.168.66.115 | POST     /getResult
[2020-01-02 13:00:26] 自開彩開獎  {202001020781 6 36 true} 
[2020-01-02 13:00:26] 自開彩開獎  {202001020261 1 35 true} 
ConfigData  map[password:1qaz!QAZ redisIp:192.168.88.119 redisPassword:"" redisDB:3 poolname:FA_MEM port:3306 user:fa_db redisPort:6379 ip:192.168.88.181 database:FA_MEM charset:utf8]
SqlString  SELECT RTP,Amount,Bonus  FROM M_RtpSetting  WHERE Sid = 1   AND State = 1   AND LTG_Code = 1 AND Gid = 35
ConfigData  map[redisPort:6379 ip:192.168.88.181 port:3306 user:fa_db password:1qaz!QAZ database:FA_MEM charset:utf8 redisIp:192.168.88.119 redisDB:3 poolname:FA_MEM redisPassword:""]
SqlString  SELECT RTP,Amount,Bonus  FROM M_RtpSetting  WHERE Sid = 1   AND State = 1   AND LTG_Code = 6 AND Gid = 36
sqlResult   map[result: count:0 state:0]
[2020-01-02 13:00:26] rtpData ------->   map[result: count:0 state:0] 
sqlResult   map[count:0 state:0 result:]
[2020-01-02 13:00:26] rtpData ------->   map[state:0 result: count:0] 
[GIN] 2020/01/02 - 13:00:26 | 200 |    2.912246ms |  192.168.66.115 | POST     /getResult
[GIN] 2020/01/02 - 13:00:26 | 200 |    2.816448ms |  192.168.66.115 | POST     /getResult
[2020-01-02 13:00:28] 自開彩開獎  {202001020781 1 34 true} 
ConfigData  map[ip:192.168.88.181 poolname:FA_MEM user:fa_db password:1qaz!QAZ redisPort:6379 port:3306 database:FA_MEM charset:utf8 redisIp:192.168.88.119 redisPassword:"" redisDB:3]
SqlString  SELECT RTP,Amount,Bonus  FROM M_RtpSetting  WHERE Sid = 1   AND State = 1   AND LTG_Code = 1 AND Gid = 34
sqlResult   map[count:0 state:0 result:]
[2020-01-02 13:00:28] rtpData ------->   map[result: count:0 state:0] 
[GIN] 2020/01/02 - 13:00:28 | 200 |    2.350908ms |  192.168.66.115 | POST     /getResult
[2020-01-02 13:00:30] 自開彩開獎  {202001020781 4 40 true} 
ConfigData  map[database:FA_MEM redisIp:192.168.88.119 redisDB:3 ip:192.168.88.181 poolname:FA_MEM port:3306 user:fa_db password:1qaz!QAZ charset:utf8 redisPort:6379 redisPassword:""]
SqlString  SELECT RTP,Amount,Bonus  FROM M_RtpSetting  WHERE Sid = 1   AND State = 1   AND LTG_Code = 4 AND Gid = 40
sqlResult   map[count:0 state:0 result:]
[2020-01-02 13:00:30] rtpData ------->   map[count:0 state:0 result:] 
[GIN] 2020/01/02 - 13:00:30 | 200 |    2.774383ms |  192.168.66.115 | POST     /getResult
[2020-01-02 13:00:30] 自開彩開獎  {202001020261 4 41 true} 
ConfigData  map[poolname:FA_MEM port:3306 charset:utf8 ip:192.168.88.181 user:fa_db password:1qaz!QAZ database:FA_MEM redisIp:192.168.88.119 redisPort:6379 redisPassword:"" redisDB:3]
SqlString  SELECT RTP,Amount,Bonus  FROM M_RtpSetting  WHERE Sid = 1   AND State = 1   AND LTG_Code = 4 AND Gid = 41
sqlResult   map[result: count:0 state:0]
[2020-01-02 13:00:30] rtpData ------->   map[result: count:0 state:0] 
[GIN] 2020/01/02 - 13:00:30 | 200 |    2.145036ms |  192.168.66.115 | POST     /getResult
[2020-01-02 13:00:31] 自開彩開獎  {202001020261 6 37 true} 
ConfigData  map[ip:192.168.88.181 port:3306 user:fa_db redisPort:6379 redisPassword:"" redisDB:3 poolname:FA_MEM password:1qaz!QAZ database:FA_MEM charset:utf8 redisIp:192.168.88.119]
SqlString  SELECT RTP,Amount,Bonus  FROM M_RtpSetting  WHERE Sid = 1   AND State = 1   AND LTG_Code = 6 AND Gid = 37
sqlResult   map[result: count:0 state:0]
[2020-01-02 13:00:31] rtpData ------->   map[result: count:0 state:0] 
[GIN] 2020/01/02 - 13:00:31 | 200 |    2.572953ms |  192.168.66.115 | POST     /getResult
[2020-01-02 13:00:31] 自開彩開獎  {202001020781 5 38 true} 
ConfigData  map[password:1qaz!QAZ database:FA_MEM redisIp:192.168.88.119 redisPort:6379 ip:192.168.88.181 poolname:FA_MEM port:3306 redisDB:3 user:fa_db charset:utf8 redisPassword:""]
SqlString  SELECT RTP,Amount,Bonus  FROM M_RtpSetting  WHERE Sid = 1   AND State = 1   AND LTG_Code = 5 AND Gid = 38
[2020-01-02 13:00:31] 自開彩開獎  {202001020157 5 39 true} 
ConfigData  map[redisDB:3 port:3306 user:fa_db database:FA_MEM redisIp:192.168.88.119 redisPassword:"" ip:192.168.88.181 poolname:FA_MEM password:1qaz!QAZ charset:utf8 redisPort:6379]
SqlString  SELECT RTP,Amount,Bonus  FROM M_RtpSetting  WHERE Sid = 1   AND State = 1   AND LTG_Code = 5 AND Gid = 39
sqlResult   map[result: count:0 state:0]
[2020-01-02 13:00:31] rtpData ------->   map[result: count:0 state:0] 
sqlResult   map[result: count:0 state:0]
[2020-01-02 13:00:31] rtpData ------->   map[result: count:0 state:0] 
[GIN] 2020/01/02 - 13:00:31 | 200 |     2.44482ms |  192.168.66.115 | POST     /getResult
[GIN] 2020/01/02 - 13:00:31 | 200 |    2.383203ms |  192.168.66.115 | POST     /getResult
[2020-01-02 13:00:32] 自開彩開獎  {202001020781 6 36 true} 
ConfigData  map[user:fa_db charset:utf8 redisPort:6379 poolname:FA_MEM port:3306 database:FA_MEM redisIp:192.168.88.119 redisPassword:"" redisDB:3 ip:192.168.88.181 password:1qaz!QAZ]
SqlString  SELECT RTP,Amount,Bonus  FROM M_RtpSetting  WHERE Sid = 1   AND State = 1   AND LTG_Code = 6 AND Gid = 36
[2020-01-02 13:00:32] 自開彩開獎  {202001020261 1 35 true} 
ConfigData  map[redisIp:192.168.88.119 redisDB:3 ip:192.168.88.181 user:fa_db database:FA_MEM charset:utf8 redisPassword:"" poolname:FA_MEM port:3306 password:1qaz!QAZ redisPort:6379]
SqlString  SELECT RTP,Amount,Bonus  FROM M_RtpSetting  WHERE Sid = 1   AND State = 1   AND LTG_Code = 1 AND Gid = 35
sqlResult   map[result: count:0 state:0]
[2020-01-02 13:00:32] rtpData ------->   map[count:0 state:0 result:] 
[GIN] 2020/01/02 - 13:00:32 | 200 |    2.541191ms |  192.168.66.115 | POST     /getResult
sqlResult   map[result: count:0 state:0]
[2020-01-02 13:00:32] rtpData ------->   map[result: count:0 state:0] 
[GIN] 2020/01/02 - 13:00:32 | 200 |    2.745127ms |  192.168.66.115 | POST     /getResult
[2020-01-02 13:00:34] 自開彩開獎  {202001020781 1 34 true} 
ConfigData  map[poolname:FA_MEM password:1qaz!QAZ redisIp:192.168.88.119 redisPort:6379 charset:utf8 redisPassword:"" redisDB:3 ip:192.168.88.181 port:3306 user:fa_db database:FA_MEM]
SqlString  SELECT RTP,Amount,Bonus  FROM M_RtpSetting  WHERE Sid = 1   AND State = 1   AND LTG_Code = 1 AND Gid = 34
sqlResult   map[result: count:0 state:0]
[2020-01-02 13:00:34] rtpData ------->   map[count:0 state:0 result:] 
[GIN] 2020/01/02 - 13:00:34 | 200 |    2.754675ms |  192.168.66.115 | POST     /getResult
[2020-01-02 13:00:36] 自開彩開獎  {202001020781 4 40 true} 
ConfigData  map[redisPort:6379 redisDB:3 ip:192.168.88.181 password:1qaz!QAZ database:FA_MEM charset:utf8 redisIp:192.168.88.119 redisPassword:"" poolname:FA_MEM port:3306 user:fa_db]
SqlString  SELECT RTP,Amount,Bonus  FROM M_RtpSetting  WHERE Sid = 1   AND State = 1   AND LTG_Code = 4 AND Gid = 40
sqlResult   map[result: count:0 state:0]
[2020-01-02 13:00:36] rtpData ------->   map[result: count:0 state:0] 
[GIN] 2020/01/02 - 13:00:36 | 200 |     2.47762ms |  192.168.66.115 | POST     /getResult
[2020-01-02 13:00:36] 自開彩開獎  {202001020261 4 41 true} 
ConfigData  map[redisPort:6379 redisPassword:"" redisDB:3 ip:192.168.88.181 poolname:FA_MEM port:3306 charset:utf8 redisIp:192.168.88.119 user:fa_db password:1qaz!QAZ database:FA_MEM]
SqlString  SELECT RTP,Amount,Bonus  FROM M_RtpSetting  WHERE Sid = 1   AND State = 1   AND LTG_Code = 4 AND Gid = 41
sqlResult   map[count:0 state:0 result:]
[2020-01-02 13:00:36] rtpData ------->   map[result: count:0 state:0] 
[GIN] 2020/01/02 - 13:00:36 | 200 |    2.916622ms |  192.168.66.115 | POST     /getResult
[2020-01-02 13:00:37] 自開彩開獎  {202001020261 6 37 true} 
ConfigData  map[password:1qaz!QAZ database:FA_MEM redisPort:6379 redisPassword:"" redisDB:3 port:3306 poolname:FA_MEM user:fa_db charset:utf8 redisIp:192.168.88.119 ip:192.168.88.181]
SqlString  SELECT RTP,Amount,Bonus  FROM M_RtpSetting  WHERE Sid = 1   AND State = 1   AND LTG_Code = 6 AND Gid = 37
sqlResult   map[result: count:0 state:0]
[2020-01-02 13:00:37] rtpData ------->   map[result: count:0 state:0] 
[GIN] 2020/01/02 - 13:00:37 | 200 |    2.420512ms |  192.168.66.115 | POST     /getResult
[2020-01-02 13:00:37] 自開彩開獎  {202001020157 5 39 true} 
ConfigData  map[ip:192.168.88.181 port:3306 charset:utf8 redisIp:192.168.88.119 redisPort:6379 poolname:FA_MEM user:fa_db password:1qaz!QAZ database:FA_MEM redisPassword:"" redisDB:3]
SqlString  SELECT RTP,Amount,Bonus  FROM M_RtpSetting  WHERE Sid = 1   AND State = 1   AND LTG_Code = 5 AND Gid = 39
[2020-01-02 13:00:37] 自開彩開獎  {202001020781 5 38 true} 
ConfigData  map[database:FA_MEM charset:utf8 redisPort:6379 redisPassword:"" redisDB:3 ip:192.168.88.181 poolname:FA_MEM password:1qaz!QAZ port:3306 user:fa_db redisIp:192.168.88.119]
SqlString  SELECT RTP,Amount,Bonus  FROM M_RtpSetting  WHERE Sid = 1   AND State = 1   AND LTG_Code = 5 AND Gid = 38
sqlResult   map[result: count:0 state:0]
[2020-01-02 13:00:37] rtpData ------->   map[result: count:0 state:0] 
sqlResult   map[state:0 result: count:0]
[2020-01-02 13:00:37] rtpData ------->   map[result: count:0 state:0] 
[GIN] 2020/01/02 - 13:00:37 | 200 |    2.561109ms |  192.168.66.115 | POST     /getResult
[GIN] 2020/01/02 - 13:00:37 | 200 |    2.616589ms |  192.168.66.115 | POST     /getResult
[2020-01-02 13:00:38] 自開彩開獎  {202001020781 6 36 true} 
[2020-01-02 13:00:38] 自開彩開獎  {202001020261 1 35 true} 
ConfigData  map[port:3306 password:1qaz!QAZ charset:utf8 redisPort:6379 redisPassword:"" ip:192.168.88.181 poolname:FA_MEM user:fa_db database:FA_MEM redisIp:192.168.88.119 redisDB:3]
SqlString  SELECT RTP,Amount,Bonus  FROM M_RtpSetting  WHERE Sid = 1   AND State = 1   AND LTG_Code = 6 AND Gid = 36
ConfigData  map[password:1qaz!QAZ redisPort:6379 redisPassword:"" redisIp:192.168.88.119 redisDB:3 ip:192.168.88.181 poolname:FA_MEM port:3306 user:fa_db database:FA_MEM charset:utf8]
SqlString  SELECT RTP,Amount,Bonus  FROM M_RtpSetting  WHERE Sid = 1   AND State = 1   AND LTG_Code = 1 AND Gid = 35
sqlResult   map[result: count:0 state:0]
[2020-01-02 13:00:38] rtpData ------->   map[count:0 state:0 result:] 
[GIN] 2020/01/02 - 13:00:38 | 200 |    2.673619ms |  192.168.66.115 | POST     /getResult
sqlResult   map[result: count:0 state:0]
[2020-01-02 13:00:38] rtpData ------->   map[result: count:0 state:0] 
[GIN] 2020/01/02 - 13:00:38 | 200 |    2.761489ms |  192.168.66.115 | POST     /getResult
[2020-01-02 13:00:40] 自開彩開獎  {202001020781 1 34 true} 
ConfigData  map[user:fa_db password:1qaz!QAZ database:FA_MEM redisIp:192.168.88.119 redisPort:6379 poolname:FA_MEM port:3306 redisPassword:"" redisDB:3 ip:192.168.88.181 charset:utf8]
SqlString  SELECT RTP,Amount,Bonus  FROM M_RtpSetting  WHERE Sid = 1   AND State = 1   AND LTG_Code = 1 AND Gid = 34
sqlResult   map[result: count:0 state:0]
[2020-01-02 13:00:40] rtpData ------->   map[result: count:0 state:0] 
[GIN] 2020/01/02 - 13:00:40 | 200 |    2.125685ms |  192.168.66.115 | POST     /getResult
[2020-01-02 13:00:42] 自開彩開獎  {202001020781 4 40 true} 
ConfigData  map[password:1qaz!QAZ charset:utf8 redisPassword:"" ip:192.168.88.181 poolname:FA_MEM port:3306 redisPort:6379 redisDB:3 user:fa_db database:FA_MEM redisIp:192.168.88.119]
SqlString  SELECT RTP,Amount,Bonus  FROM M_RtpSetting  WHERE Sid = 1   AND State = 1   AND LTG_Code = 4 AND Gid = 40
sqlResult   map[count:0 state:0 result:]
[2020-01-02 13:00:42] rtpData ------->   map[result: count:0 state:0] 
[GIN] 2020/01/02 - 13:00:42 | 200 |     2.72283ms |  192.168.66.115 | POST     /getResult
[2020-01-02 13:00:42] 自開彩開獎  {202001020261 4 41 true} 
ConfigData  map[database:FA_MEM redisPassword:"" ip:192.168.88.181 password:1qaz!QAZ user:fa_db charset:utf8 redisIp:192.168.88.119 redisPort:6379 redisDB:3 poolname:FA_MEM port:3306]
SqlString  SELECT RTP,Amount,Bonus  FROM M_RtpSetting  WHERE Sid = 1   AND State = 1   AND LTG_Code = 4 AND Gid = 41
sqlResult   map[count:0 state:0 result:]
[2020-01-02 13:00:42] rtpData ------->   map[result: count:0 state:0] 
[GIN] 2020/01/02 - 13:00:42 | 200 |    2.308038ms |  192.168.66.115 | POST     /getResult
[2020-01-02 13:00:43] 自開彩開獎  {202001020261 6 37 true} 
ConfigData  map[poolname:FA_MEM port:3306 password:1qaz!QAZ redisPassword:"" ip:192.168.88.181 database:FA_MEM charset:utf8 redisIp:192.168.88.119 redisPort:6379 redisDB:3 user:fa_db]
SqlString  SELECT RTP,Amount,Bonus  FROM M_RtpSetting  WHERE Sid = 1   AND State = 1   AND LTG_Code = 6 AND Gid = 37
sqlResult   map[count:0 state:0 result:]
[2020-01-02 13:00:43] rtpData ------->   map[state:0 result: count:0] 
[GIN] 2020/01/02 - 13:00:43 | 200 |    2.685142ms |  192.168.66.115 | POST     /getResult
[2020-01-02 13:00:43] 自開彩開獎  {202001020781 5 38 true} 
ConfigData  map[ip:192.168.88.181 poolname:FA_MEM user:fa_db charset:utf8 redisIp:192.168.88.119 redisPort:6379 redisPassword:"" redisDB:3 port:3306 password:1qaz!QAZ database:FA_MEM]
SqlString  SELECT RTP,Amount,Bonus  FROM M_RtpSetting  WHERE Sid = 1   AND State = 1   AND LTG_Code = 5 AND Gid = 38
[2020-01-02 13:00:43] 自開彩開獎  {202001020157 5 39 true} 
ConfigData  map[redisPassword:"" redisDB:3 poolname:FA_MEM user:fa_db redisPort:6379 database:FA_MEM charset:utf8 redisIp:192.168.88.119 ip:192.168.88.181 port:3306 password:1qaz!QAZ]
SqlString  SELECT RTP,Amount,Bonus  FROM M_RtpSetting  WHERE Sid = 1   AND State = 1   AND LTG_Code = 5 AND Gid = 39
sqlResult   map[result: count:0 state:0]
[2020-01-02 13:00:43] rtpData ------->   map[result: count:0 state:0] 
[GIN] 2020/01/02 - 13:00:43 | 200 |    2.526986ms |  192.168.66.115 | POST     /getResult
sqlResult   map[result: count:0 state:0]
[2020-01-02 13:00:43] rtpData ------->   map[result: count:0 state:0] 
[GIN] 2020/01/02 - 13:00:43 | 200 |    3.000791ms |  192.168.66.115 | POST     /getResult
[2020-01-02 13:00:44] 自開彩開獎  {202001020781 6 36 true} 
[2020-01-02 13:00:44] 自開彩開獎  {202001020261 1 35 true} 
ConfigData  map[ip:192.168.88.181 poolname:FA_MEM port:3306 user:fa_db password:1qaz!QAZ database:FA_MEM redisIp:192.168.88.119 redisPort:6379 redisPassword:"" redisDB:3 charset:utf8]
ConfigData  map[redisIp:192.168.88.119 redisPort:6379 redisPassword:"" redisDB:3 ip:192.168.88.181 poolname:FA_MEM password:1qaz!QAZ database:FA_MEM charset:utf8 port:3306 user:fa_db]
SqlString  SELECT RTP,Amount,Bonus  FROM M_RtpSetting  WHERE Sid = 1   AND State = 1   AND LTG_Code = 6 AND Gid = 36
SqlString  SELECT RTP,Amount,Bonus  FROM M_RtpSetting  WHERE Sid = 1   AND State = 1   AND LTG_Code = 1 AND Gid = 35
sqlResult   map[result: count:0 state:0]
[2020-01-02 13:00:44] rtpData ------->   map[state:0 result: count:0] 
sqlResult   map[result: count:0 state:0]
[2020-01-02 13:00:44] rtpData ------->   map[result: count:0 state:0] 
[GIN] 2020/01/02 - 13:00:44 | 200 |    2.729648ms |  192.168.66.115 | POST     /getResult
[GIN] 2020/01/02 - 13:00:44 | 200 |    2.776513ms |  192.168.66.115 | POST     /getResult
[2020-01-02 13:00:46] 自開彩開獎  {202001020781 1 34 true} 
ConfigData  map[redisDB:3 redisIp:192.168.88.119 redisPassword:"" port:3306 user:fa_db password:1qaz!QAZ database:FA_MEM charset:utf8 redisPort:6379 ip:192.168.88.181 poolname:FA_MEM]
SqlString  SELECT RTP,Amount,Bonus  FROM M_RtpSetting  WHERE Sid = 1   AND State = 1   AND LTG_Code = 1 AND Gid = 34
sqlResult   map[result: count:0 state:0]
[2020-01-02 13:00:46] rtpData ------->   map[result: count:0 state:0] 
[GIN] 2020/01/02 - 13:00:46 | 200 |     2.69175ms |  192.168.66.115 | POST     /getResult
[2020-01-02 13:00:48] 自開彩開獎  {202001020781 4 40 true} 
ConfigData  map[user:fa_db password:1qaz!QAZ charset:utf8 redisDB:3 redisIp:192.168.88.119 redisPort:6379 redisPassword:"" ip:192.168.88.181 poolname:FA_MEM port:3306 database:FA_MEM]
SqlString  SELECT RTP,Amount,Bonus  FROM M_RtpSetting  WHERE Sid = 1   AND State = 1   AND LTG_Code = 4 AND Gid = 40
sqlResult   map[result: count:0 state:0]
[2020-01-02 13:00:48] rtpData ------->   map[result: count:0 state:0] 
[GIN] 2020/01/02 - 13:00:48 | 200 |    2.393966ms |  192.168.66.115 | POST     /getResult
[2020-01-02 13:00:48] 自開彩開獎  {202001020261 4 41 true} 
ConfigData  map[port:3306 password:1qaz!QAZ redisIp:192.168.88.119 redisPassword:"" ip:192.168.88.181 poolname:FA_MEM user:fa_db database:FA_MEM charset:utf8 redisPort:6379 redisDB:3]
SqlString  SELECT RTP,Amount,Bonus  FROM M_RtpSetting  WHERE Sid = 1   AND State = 1   AND LTG_Code = 4 AND Gid = 41
sqlResult   map[result: count:0 state:0]
[2020-01-02 13:00:48] rtpData ------->   map[result: count:0 state:0] 
[GIN] 2020/01/02 - 13:00:48 | 200 |     2.48427ms |  192.168.66.115 | POST     /getResult
[2020-01-02 13:00:49] 自開彩開獎  {202001020261 6 37 true} 
ConfigData  map[port:3306 charset:utf8 redisIp:192.168.88.119 redisPort:6379 redisDB:3 ip:192.168.88.181 poolname:FA_MEM database:FA_MEM redisPassword:"" user:fa_db password:1qaz!QAZ]
SqlString  SELECT RTP,Amount,Bonus  FROM M_RtpSetting  WHERE Sid = 1   AND State = 1   AND LTG_Code = 6 AND Gid = 37
sqlResult   map[state:0 result: count:0]
[2020-01-02 13:00:49] rtpData ------->   map[result: count:0 state:0] 
[GIN] 2020/01/02 - 13:00:49 | 200 |    3.376677ms |  192.168.66.115 | POST     /getResult
[2020-01-02 13:00:49] 自開彩開獎  {202001020157 5 39 true} 
ConfigData  map[password:1qaz!QAZ database:FA_MEM redisIp:192.168.88.119 poolname:FA_MEM port:3306 user:fa_db redisPassword:"" redisDB:3 ip:192.168.88.181 charset:utf8 redisPort:6379]
SqlString  SELECT RTP,Amount,Bonus  FROM M_RtpSetting  WHERE Sid = 1   AND State = 1   AND LTG_Code = 5 AND Gid = 39
[2020-01-02 13:00:49] 自開彩開獎  {202001020781 5 38 true} 
ConfigData  map[poolname:FA_MEM database:FA_MEM redisPort:6379 redisPassword:"" redisDB:3 ip:192.168.88.181 port:3306 user:fa_db password:1qaz!QAZ charset:utf8 redisIp:192.168.88.119]
SqlString  SELECT RTP,Amount,Bonus  FROM M_RtpSetting  WHERE Sid = 1   AND State = 1   AND LTG_Code = 5 AND Gid = 38
sqlResult   map[result: count:0 state:0]
[2020-01-02 13:00:49] rtpData ------->   map[result: count:0 state:0] 
[GIN] 2020/01/02 - 13:00:49 | 200 |    2.304887ms |  192.168.66.115 | POST     /getResult
sqlResult   map[result: count:0 state:0]
[2020-01-02 13:00:49] rtpData ------->   map[result: count:0 state:0] 
[GIN] 2020/01/02 - 13:00:49 | 200 |    3.522796ms |  192.168.66.115 | POST     /getResult
[2020-01-02 13:00:50] 自開彩開獎  {202001020261 1 35 true} 
ConfigData  map[redisIp:192.168.88.119 redisPort:6379 redisPassword:"" user:fa_db password:1qaz!QAZ database:FA_MEM charset:utf8 redisDB:3 ip:192.168.88.181 poolname:FA_MEM port:3306]
SqlString  SELECT RTP,Amount,Bonus  FROM M_RtpSetting  WHERE Sid = 1   AND State = 1   AND LTG_Code = 1 AND Gid = 35
[2020-01-02 13:00:50] 自開彩開獎  {202001020781 6 36 true} 
ConfigData  map[password:1qaz!QAZ charset:utf8 redisIp:192.168.88.119 redisPassword:"" redisDB:3 ip:192.168.88.181 poolname:FA_MEM port:3306 user:fa_db database:FA_MEM redisPort:6379]
SqlString  SELECT RTP,Amount,Bonus  FROM M_RtpSetting  WHERE Sid = 1   AND State = 1   AND LTG_Code = 6 AND Gid = 36
sqlResult   map[result: count:0 state:0]
[2020-01-02 13:00:50] rtpData ------->   map[result: count:0 state:0] 
[GIN] 2020/01/02 - 13:00:50 | 200 |    2.915119ms |  192.168.66.115 | POST     /getResult
sqlResult   map[result: count:0 state:0]
[2020-01-02 13:00:50] rtpData ------->   map[result: count:0 state:0] 
[GIN] 2020/01/02 - 13:00:50 | 200 |    2.963295ms |  192.168.66.115 | POST     /getResult
[2020-01-02 13:00:52] 自開彩開獎  {202001020781 1 34 true} 
ConfigData  map[ip:192.168.88.181 port:3306 password:1qaz!QAZ database:FA_MEM redisPort:6379 poolname:FA_MEM user:fa_db charset:utf8 redisIp:192.168.88.119 redisPassword:"" redisDB:3]
SqlString  SELECT RTP,Amount,Bonus  FROM M_RtpSetting  WHERE Sid = 1   AND State = 1   AND LTG_Code = 1 AND Gid = 34
sqlResult   map[result: count:0 state:0]
[2020-01-02 13:00:52] rtpData ------->   map[count:0 state:0 result:] 
[GIN] 2020/01/02 - 13:00:52 | 200 |    2.527613ms |  192.168.66.115 | POST     /getResult
[2020-01-02 13:00:54] 自開彩開獎  {202001020781 4 40 true} 
ConfigData  map[redisDB:3 ip:192.168.88.181 poolname:FA_MEM port:3306 password:1qaz!QAZ charset:utf8 redisPassword:"" user:fa_db database:FA_MEM redisIp:192.168.88.119 redisPort:6379]
SqlString  SELECT RTP,Amount,Bonus  FROM M_RtpSetting  WHERE Sid = 1   AND State = 1   AND LTG_Code = 4 AND Gid = 40
sqlResult   map[result: count:0 state:0]
[2020-01-02 13:00:54] rtpData ------->   map[result: count:0 state:0] 
[GIN] 2020/01/02 - 13:00:54 | 200 |    2.805703ms |  192.168.66.115 | POST     /getResult
[2020-01-02 13:00:54] 自開彩開獎  {202001020261 4 41 true} 
ConfigData  map[redisPort:6379 redisPassword:"" poolname:FA_MEM port:3306 user:fa_db database:FA_MEM charset:utf8 redisIp:192.168.88.119 redisDB:3 ip:192.168.88.181 password:1qaz!QAZ]
SqlString  SELECT RTP,Amount,Bonus  FROM M_RtpSetting  WHERE Sid = 1   AND State = 1   AND LTG_Code = 4 AND Gid = 41
sqlResult   map[state:0 result: count:0]
[2020-01-02 13:00:54] rtpData ------->   map[result: count:0 state:0] 
[GIN] 2020/01/02 - 13:00:54 | 200 |    3.159257ms |  192.168.66.115 | POST     /getResult
[2020-01-02 13:00:55] 自開彩開獎  {202001020261 6 37 true} 
ConfigData  map[ip:192.168.88.181 port:3306 redisIp:192.168.88.119 redisPassword:"" charset:utf8 redisPort:6379 redisDB:3 poolname:FA_MEM user:fa_db password:1qaz!QAZ database:FA_MEM]
SqlString  SELECT RTP,Amount,Bonus  FROM M_RtpSetting  WHERE Sid = 1   AND State = 1   AND LTG_Code = 6 AND Gid = 37
sqlResult   map[state:0 result: count:0]
[2020-01-02 13:00:55] rtpData ------->   map[state:0 result: count:0] 
[GIN] 2020/01/02 - 13:00:55 | 200 |    3.691326ms |  192.168.66.115 | POST     /getResult
[2020-01-02 13:00:55] 自開彩開獎  {202001020781 5 38 true} 
ConfigData  map[port:3306 user:fa_db redisPassword:"" ip:192.168.88.181 poolname:FA_MEM password:1qaz!QAZ database:FA_MEM charset:utf8 redisIp:192.168.88.119 redisPort:6379 redisDB:3]
SqlString  SELECT RTP,Amount,Bonus  FROM M_RtpSetting  WHERE Sid = 1   AND State = 1   AND LTG_Code = 5 AND Gid = 38
[2020-01-02 13:00:55] 自開彩開獎  {202001020157 5 39 true} 
ConfigData  map[user:fa_db password:1qaz!QAZ charset:utf8 redisPort:6379 ip:192.168.88.181 poolname:FA_MEM port:3306 redisDB:3 database:FA_MEM redisIp:192.168.88.119 redisPassword:""]
SqlString  SELECT RTP,Amount,Bonus  FROM M_RtpSetting  WHERE Sid = 1   AND State = 1   AND LTG_Code = 5 AND Gid = 39
sqlResult   map[result: count:0 state:0]
[2020-01-02 13:00:55] rtpData ------->   map[result: count:0 state:0] 
[GIN] 2020/01/02 - 13:00:55 | 200 |    3.025118ms |  192.168.66.115 | POST     /getResult
sqlResult   map[result: count:0 state:0]
[2020-01-02 13:00:55] rtpData ------->   map[count:0 state:0 result:] 
[GIN] 2020/01/02 - 13:00:55 | 200 |    3.250354ms |  192.168.66.115 | POST     /getResult
[2020-01-02 13:00:56] 自開彩開獎  {202001020781 6 36 true} 
ConfigData  map[port:3306 redisIp:192.168.88.119 redisPort:6379 redisDB:3 redisPassword:"" ip:192.168.88.181 poolname:FA_MEM user:fa_db password:1qaz!QAZ database:FA_MEM charset:utf8]
SqlString  SELECT RTP,Amount,Bonus  FROM M_RtpSetting  WHERE Sid = 1   AND State = 1   AND LTG_Code = 6 AND Gid = 36
[2020-01-02 13:00:56] 自開彩開獎  {202001020261 1 35 true} 
ConfigData  map[redisPort:6379 ip:192.168.88.181 port:3306 user:fa_db password:1qaz!QAZ database:FA_MEM charset:utf8 redisIp:192.168.88.119 poolname:FA_MEM redisPassword:"" redisDB:3]
SqlString  SELECT RTP,Amount,Bonus  FROM M_RtpSetting  WHERE Sid = 1   AND State = 1   AND LTG_Code = 1 AND Gid = 35
sqlResult   map[result: count:0 state:0]
[2020-01-02 13:00:56] rtpData ------->   map[result: count:0 state:0] 
[GIN] 2020/01/02 - 13:00:56 | 200 |    2.774551ms |  192.168.66.115 | POST     /getResult
sqlResult   map[result: count:0 state:0]
[2020-01-02 13:00:56] rtpData ------->   map[result: count:0 state:0] 
[GIN] 2020/01/02 - 13:00:56 | 200 |    3.040054ms |  192.168.66.115 | POST     /getResult
[2020-01-02 13:00:58] 自開彩開獎  {202001020781 1 34 true} 
ConfigData  map[charset:utf8 redisIp:192.168.88.119 redisPort:6379 redisDB:3 ip:192.168.88.181 poolname:FA_MEM password:1qaz!QAZ database:FA_MEM port:3306 user:fa_db redisPassword:""]
SqlString  SELECT RTP,Amount,Bonus  FROM M_RtpSetting  WHERE Sid = 1   AND State = 1   AND LTG_Code = 1 AND Gid = 34
sqlResult   map[state:0 result: count:0]
[2020-01-02 13:00:58] rtpData ------->   map[result: count:0 state:0] 
[GIN] 2020/01/02 - 13:00:58 | 200 |    2.608255ms |  192.168.66.115 | POST     /getResult
[2020-01-02 13:01:00] 自開彩開獎  {202001020781 4 40 true} 
ConfigData  map[charset:utf8 redisIp:192.168.88.119 redisPassword:"" ip:192.168.88.181 poolname:FA_MEM user:fa_db redisPort:6379 redisDB:3 port:3306 password:1qaz!QAZ database:FA_MEM]
SqlString  SELECT RTP,Amount,Bonus  FROM M_RtpSetting  WHERE Sid = 1   AND State = 1   AND LTG_Code = 4 AND Gid = 40
sqlResult   map[result: count:0 state:0]
[2020-01-02 13:01:00] rtpData ------->   map[result: count:0 state:0] 
[GIN] 2020/01/02 - 13:01:00 | 200 |    2.900393ms |  192.168.66.115 | POST     /getResult
[2020-01-02 13:01:00] 自開彩開獎  {202001020261 4 41 true} 
ConfigData  map[password:1qaz!QAZ redisPort:6379 redisPassword:"" redisDB:3 poolname:FA_MEM port:3306 user:fa_db redisIp:192.168.88.119 ip:192.168.88.181 database:FA_MEM charset:utf8]
SqlString  SELECT RTP,Amount,Bonus  FROM M_RtpSetting  WHERE Sid = 1   AND State = 1   AND LTG_Code = 4 AND Gid = 41
sqlResult   map[result: count:0 state:0]
[2020-01-02 13:01:00] rtpData ------->   map[result: count:0 state:0] 
[GIN] 2020/01/02 - 13:01:00 | 200 |    2.597772ms |  192.168.66.115 | POST     /getResult
[2020-01-02 13:01:01] 自開彩開獎  {202001020261 6 37 true} 
ConfigData  map[port:3306 user:fa_db password:1qaz!QAZ charset:utf8 redisPort:6379 redisPassword:"" redisDB:3 ip:192.168.88.181 database:FA_MEM redisIp:192.168.88.119 poolname:FA_MEM]
SqlString  SELECT RTP,Amount,Bonus  FROM M_RtpSetting  WHERE Sid = 1   AND State = 1   AND LTG_Code = 6 AND Gid = 37
sqlResult   map[result: count:0 state:0]
[2020-01-02 13:01:01] rtpData ------->   map[result: count:0 state:0] 
[GIN] 2020/01/02 - 13:01:01 | 200 |    3.040198ms |  192.168.66.115 | POST     /getResult
[2020-01-02 13:01:01] 自開彩開獎  {202001020781 5 38 true} 
[2020-01-02 13:01:01] 自開彩開獎  {202001020157 5 39 true} 
ConfigData  map[ip:192.168.88.181 port:3306 user:fa_db redisIp:192.168.88.119 redisPort:6379 redisPassword:"" redisDB:3 poolname:FA_MEM password:1qaz!QAZ database:FA_MEM charset:utf8]
SqlString  SELECT RTP,Amount,Bonus  FROM M_RtpSetting  WHERE Sid = 1   AND State = 1   AND LTG_Code = 5 AND Gid = 38
ConfigData  map[poolname:FA_MEM port:3306 user:fa_db password:1qaz!QAZ redisIp:192.168.88.119 redisPassword:"" ip:192.168.88.181 database:FA_MEM charset:utf8 redisPort:6379 redisDB:3]
SqlString  SELECT RTP,Amount,Bonus  FROM M_RtpSetting  WHERE Sid = 1   AND State = 1   AND LTG_Code = 5 AND Gid = 39
sqlResult   map[result: count:0 state:0]
[2020-01-02 13:01:01] rtpData ------->   map[result: count:0 state:0] 
[GIN] 2020/01/02 - 13:01:01 | 200 |    2.395454ms |  192.168.66.115 | POST     /getResult
sqlResult   map[result: count:0 state:0]
[2020-01-02 13:01:01] rtpData ------->   map[result: count:0 state:0] 
[GIN] 2020/01/02 - 13:01:01 | 200 |    2.593802ms |  192.168.66.115 | POST     /getResult
[2020-01-02 13:01:01] 自開彩開獎  {202001020782 2 26 true} 
ConfigData  map[redisPassword:"" redisDB:3 ip:192.168.88.181 poolname:FA_MEM port:3306 password:1qaz!QAZ redisIp:192.168.88.119 user:fa_db database:FA_MEM charset:utf8 redisPort:6379]
SqlString  SELECT RTP,Amount,Bonus  FROM M_RtpSetting  WHERE Sid = 1   AND State = 1   AND LTG_Code = 2 AND Gid = 26
sqlResult   map[state:1 amount:1.0069588e+06 bonus:908100.71 result:0.9600 count:1]
[2020-01-02 13:01:01] rtpData ------->   map[result:0.9600 count:1 state:1 amount:1.0069588e+06 bonus:908100.71] 
ConfigData  map[port:3306 charset:utf8 redisPassword:"" database:FA_MEM redisIp:192.168.88.119 redisPort:6379 redisDB:3 ip:192.168.88.181 poolname:FA_MEM user:fa_db password:1qaz!QAZ]
SELECT BO_No, BO_OrderNo , BO_User , BO_Issue  , BO_LotteryTypeGroup, BO_LotteryType, BO_Mode, BO_LotteryPlayGroup, BO_LotteryPlay , BO_LotteryContent, BO_Price, BO_RealPrice, BO_Unit, BO_Multiple , BO_BetCount  , BO_Winnings, BO_Winnings2, BO_Winnings3, BO_WinningLimit  , BO_Water , BO_BW_SourceUserId, BO_BW_BackWater, BO_BW_LimitBetCount, BO_BW_MaxAmount, BO_BW_AuditMultiple  , BO_Odds, BO_Odds2, BO_Odds3 , BO_Type, BO_Chase , BO_OpenResult, BO_OpenResult2, BO_DateDraw, BO_DateDraw2, BO_DateUpdate  FROM TS_BetOrder  WHERE BO_Cancel = 0   AND BO_CancelBackend = 0   AND BO_LotteryTypeGroup = 2 AND BO_LotteryType = 26 AND BO_Issue = 202001020782 AND BO_Collect = 0 ORDER BY BO_DateDraw ASC, BO_DateCreate ASC, BO_DateUpdate ASC, BO_No ASC ;
[2020-01-02 13:01:01] LottteryTypeGroup 2 
[2020-01-02 13:01:01] 有期號 但無注單 -------> map[thisOpenResult:[4 7 9 1 2] amount:0 bonus:0] 
[GIN] 2020/01/02 - 13:01:01 | 200 |    5.093895ms |  192.168.66.115 | POST     /getResult
[2020-01-02 13:01:02] 自開彩開獎  {202001020261 1 35 true} 
ConfigData  map[ip:192.168.88.181 port:3306 redisPort:6379 redisPassword:"" redisDB:3 poolname:FA_MEM user:fa_db password:1qaz!QAZ database:FA_MEM charset:utf8 redisIp:192.168.88.119]
SqlString  SELECT RTP,Amount,Bonus  FROM M_RtpSetting  WHERE Sid = 1   AND State = 1   AND LTG_Code = 1 AND Gid = 35
[2020-01-02 13:01:02] 自開彩開獎  {202001020781 6 36 true} 
ConfigData  map[redisPassword:"" poolname:FA_MEM user:fa_db password:1qaz!QAZ charset:utf8 redisIp:192.168.88.119 redisPort:6379 redisDB:3 ip:192.168.88.181 port:3306 database:FA_MEM]
SqlString  SELECT RTP,Amount,Bonus  FROM M_RtpSetting  WHERE Sid = 1   AND State = 1   AND LTG_Code = 6 AND Gid = 36
sqlResult   map[result: count:0 state:0]
[2020-01-02 13:01:02] rtpData ------->   map[state:0 result: count:0] 
[GIN] 2020/01/02 - 13:01:02 | 200 |    3.168908ms |  192.168.66.115 | POST     /getResult
sqlResult   map[result: count:0 state:0]
[2020-01-02 13:01:02] rtpData ------->   map[result: count:0 state:0] 
[GIN] 2020/01/02 - 13:01:02 | 200 |    3.748012ms |  192.168.66.115 | POST     /getResult
[2020-01-02 13:01:04] 自開彩開獎  {202001020781 1 34 true} 
ConfigData  map[user:fa_db charset:utf8 redisPassword:"" redisDB:3 ip:192.168.88.181 poolname:FA_MEM database:FA_MEM redisIp:192.168.88.119 redisPort:6379 port:3306 password:1qaz!QAZ]
SqlString  SELECT RTP,Amount,Bonus  FROM M_RtpSetting  WHERE Sid = 1   AND State = 1   AND LTG_Code = 1 AND Gid = 34
sqlResult   map[result: count:0 state:0]
[2020-01-02 13:01:04] rtpData ------->   map[state:0 result: count:0] 
[GIN] 2020/01/02 - 13:01:04 | 200 |    2.619515ms |  192.168.66.115 | POST     /getResult
[2020-01-02 13:01:06] 自開彩開獎  {202001020782 4 40 true} 
ConfigData  map[password:1qaz!QAZ database:FA_MEM redisIp:192.168.88.119 redisPort:6379 ip:192.168.88.181 poolname:FA_MEM port:3306 user:fa_db charset:utf8 redisPassword:"" redisDB:3]
SqlString  SELECT RTP,Amount,Bonus  FROM M_RtpSetting  WHERE Sid = 1   AND State = 1   AND LTG_Code = 4 AND Gid = 40
sqlResult   map[result: count:0 state:0]
[2020-01-02 13:01:06] rtpData ------->   map[result: count:0 state:0] 
[GIN] 2020/01/02 - 13:01:06 | 200 |    2.885628ms |  192.168.66.115 | POST     /getResult
[2020-01-02 13:01:06] 自開彩開獎  {202001020261 4 41 true} 
ConfigData  map[poolname:FA_MEM port:3306 user:fa_db database:FA_MEM redisDB:3 ip:192.168.88.181 password:1qaz!QAZ charset:utf8 redisIp:192.168.88.119 redisPort:6379 redisPassword:""]
SqlString  SELECT RTP,Amount,Bonus  FROM M_RtpSetting  WHERE Sid = 1   AND State = 1   AND LTG_Code = 4 AND Gid = 41
sqlResult   map[count:0 state:0 result:]
[2020-01-02 13:01:06] rtpData ------->   map[result: count:0 state:0] 
[GIN] 2020/01/02 - 13:01:06 | 200 |    2.319993ms |  192.168.66.115 | POST     /getResult
[2020-01-02 13:01:07] 自開彩開獎  {202001020782 5 38 true} 
ConfigData  map[ip:192.168.88.181 port:3306 password:1qaz!QAZ database:FA_MEM redisIp:192.168.88.119 redisPort:6379 redisDB:3 poolname:FA_MEM user:fa_db charset:utf8 redisPassword:""]
SqlString  SELECT RTP,Amount,Bonus  FROM M_RtpSetting  WHERE Sid = 1   AND State = 1   AND LTG_Code = 5 AND Gid = 38
sqlResult   map[result: count:0 state:0]
[2020-01-02 13:01:07] rtpData ------->   map[state:0 result: count:0] 
[GIN] 2020/01/02 - 13:01:07 | 200 |    2.895807ms |  192.168.66.115 | POST     /getResult
[2020-01-02 13:01:08] 自開彩開獎  {202001020261 1 35 true} 
ConfigData  map[redisDB:3 password:1qaz!QAZ charset:utf8 redisPassword:"" user:fa_db database:FA_MEM redisIp:192.168.88.119 redisPort:6379 ip:192.168.88.181 poolname:FA_MEM port:3306]
SqlString  SELECT RTP,Amount,Bonus  FROM M_RtpSetting  WHERE Sid = 1   AND State = 1   AND LTG_Code = 1 AND Gid = 35
[2020-01-02 13:01:08] 自開彩開獎  {202001020782 6 36 true} 
ConfigData  map[redisPort:6379 redisDB:3 poolname:FA_MEM port:3306 user:fa_db password:1qaz!QAZ charset:utf8 redisIp:192.168.88.119 ip:192.168.88.181 database:FA_MEM redisPassword:""]
SqlString  SELECT RTP,Amount,Bonus  FROM M_RtpSetting  WHERE Sid = 1   AND State = 1   AND LTG_Code = 6 AND Gid = 36
sqlResult   map[result: count:0 state:0]
[2020-01-02 13:01:08] rtpData ------->   map[result: count:0 state:0] 
[GIN] 2020/01/02 - 13:01:08 | 200 |    1.924112ms |  192.168.66.115 | POST     /getResult
sqlResult   map[result: count:0 state:0]
[2020-01-02 13:01:08] rtpData ------->   map[count:0 state:0 result:] 
[GIN] 2020/01/02 - 13:01:08 | 200 |    2.216515ms |  192.168.66.115 | POST     /getResult
[2020-01-02 13:01:10] 自開彩開獎  {202001020782 1 34 true} 
ConfigData  map[ip:192.168.88.181 poolname:FA_MEM port:3306 password:1qaz!QAZ redisIp:192.168.88.119 redisPassword:"" user:fa_db database:FA_MEM charset:utf8 redisPort:6379 redisDB:3]
SqlString  SELECT RTP,Amount,Bonus  FROM M_RtpSetting  WHERE Sid = 1   AND State = 1   AND LTG_Code = 1 AND Gid = 34
sqlResult   map[result: count:0 state:0]
[2020-01-02 13:01:10] rtpData ------->   map[state:0 result: count:0] 
[GIN] 2020/01/02 - 13:01:10 | 200 |    2.612425ms |  192.168.66.115 | POST     /getResult
[2020-01-02 13:01:12] 自開彩開獎  {202001020782 4 40 true} 
ConfigData  map[ip:192.168.88.181 poolname:FA_MEM port:3306 user:fa_db password:1qaz!QAZ database:FA_MEM redisIp:192.168.88.119 redisPort:6379 redisPassword:"" charset:utf8 redisDB:3]
SqlString  SELECT RTP,Amount,Bonus  FROM M_RtpSetting  WHERE Sid = 1   AND State = 1   AND LTG_Code = 4 AND Gid = 40
sqlResult   map[result: count:0 state:0]
[2020-01-02 13:01:12] rtpData ------->   map[result: count:0 state:0] 
[GIN] 2020/01/02 - 13:01:12 | 200 |    3.361109ms |  192.168.66.115 | POST     /getResult
[2020-01-02 13:01:12] 自開彩開獎  {202001020261 4 41 true} 
ConfigData  map[ip:192.168.88.181 poolname:FA_MEM password:1qaz!QAZ database:FA_MEM redisIp:192.168.88.119 redisPassword:"" redisDB:3 port:3306 user:fa_db charset:utf8 redisPort:6379]
SqlString  SELECT RTP,Amount,Bonus  FROM M_RtpSetting  WHERE Sid = 1   AND State = 1   AND LTG_Code = 4 AND Gid = 41
sqlResult   map[result: count:0 state:0]
[2020-01-02 13:01:12] rtpData ------->   map[result: count:0 state:0] 
[GIN] 2020/01/02 - 13:01:12 | 200 |     2.54335ms |  192.168.66.115 | POST     /getResult
[2020-01-02 13:01:13] 自開彩開獎  {202001020782 5 38 true} 
ConfigData  map[ip:192.168.88.181 port:3306 redisPort:6379 redisPassword:"" redisDB:3 poolname:FA_MEM user:fa_db password:1qaz!QAZ database:FA_MEM charset:utf8 redisIp:192.168.88.119]
SqlString  SELECT RTP,Amount,Bonus  FROM M_RtpSetting  WHERE Sid = 1   AND State = 1   AND LTG_Code = 5 AND Gid = 38
sqlResult   map[result: count:0 state:0]
[2020-01-02 13:01:13] rtpData ------->   map[result: count:0 state:0] 
[GIN] 2020/01/02 - 13:01:13 | 200 |     4.64985ms |  192.168.66.115 | POST     /getResult
[2020-01-02 13:01:14] 自開彩開獎  {202001020261 1 35 true} 
[2020-01-02 13:01:14] 自開彩開獎  {202001020782 6 36 true} 
ConfigData  map[redisDB:3 poolname:FA_MEM user:fa_db password:1qaz!QAZ database:FA_MEM charset:utf8 ip:192.168.88.181 port:3306 redisIp:192.168.88.119 redisPort:6379 redisPassword:""]
SqlString  SELECT RTP,Amount,Bonus  FROM M_RtpSetting  WHERE Sid = 1   AND State = 1   AND LTG_Code = 1 AND Gid = 35
ConfigData  map[ip:192.168.88.181 poolname:FA_MEM user:fa_db password:1qaz!QAZ redisPort:6379 redisPassword:"" port:3306 database:FA_MEM charset:utf8 redisIp:192.168.88.119 redisDB:3]
SqlString  SELECT RTP,Amount,Bonus  FROM M_RtpSetting  WHERE Sid = 1   AND State = 1   AND LTG_Code = 6 AND Gid = 36
sqlResult   map[result: count:0 state:0]
[2020-01-02 13:01:14] rtpData ------->   map[count:0 state:0 result:] 
[GIN] 2020/01/02 - 13:01:14 | 200 |    2.149639ms |  192.168.66.115 | POST     /getResult
sqlResult   map[result: count:0 state:0]
[2020-01-02 13:01:14] rtpData ------->   map[result: count:0 state:0] 
[GIN] 2020/01/02 - 13:01:14 | 200 |    2.363642ms |  192.168.66.115 | POST     /getResult
[2020-01-02 13:01:16] 自開彩開獎  {202001020782 1 34 true} 
ConfigData  map[redisPassword:"" redisDB:3 ip:192.168.88.181 database:FA_MEM charset:utf8 redisIp:192.168.88.119 redisPort:6379 poolname:FA_MEM port:3306 user:fa_db password:1qaz!QAZ]
SqlString  SELECT RTP,Amount,Bonus  FROM M_RtpSetting  WHERE Sid = 1   AND State = 1   AND LTG_Code = 1 AND Gid = 34
sqlResult   map[result: count:0 state:0]
[2020-01-02 13:01:16] rtpData ------->   map[result: count:0 state:0] 
[GIN] 2020/01/02 - 13:01:16 | 200 |    2.487027ms |  192.168.66.115 | POST     /getResult
[2020-01-02 13:01:18] 自開彩開獎  {202001020782 4 40 true} 
ConfigData  map[port:3306 user:fa_db password:1qaz!QAZ charset:utf8 redisPort:6379 redisDB:3 ip:192.168.88.181 poolname:FA_MEM database:FA_MEM redisIp:192.168.88.119 redisPassword:""]
SqlString  SELECT RTP,Amount,Bonus  FROM M_RtpSetting  WHERE Sid = 1   AND State = 1   AND LTG_Code = 4 AND Gid = 40
sqlResult   map[result: count:0 state:0]
[2020-01-02 13:01:18] rtpData ------->   map[result: count:0 state:0] 
[GIN] 2020/01/02 - 13:01:18 | 200 |    2.945036ms |  192.168.66.115 | POST     /getResult
[2020-01-02 13:01:18] 自開彩開獎  {202001020261 4 41 true} 
ConfigData  map[database:FA_MEM redisIp:192.168.88.119 redisDB:3 ip:192.168.88.181 port:3306 user:fa_db password:1qaz!QAZ charset:utf8 redisPort:6379 redisPassword:"" poolname:FA_MEM]
SqlString  SELECT RTP,Amount,Bonus  FROM M_RtpSetting  WHERE Sid = 1   AND State = 1   AND LTG_Code = 4 AND Gid = 41
sqlResult   map[result: count:0 state:0]
[2020-01-02 13:01:18] rtpData ------->   map[result: count:0 state:0] 
[GIN] 2020/01/02 - 13:01:18 | 200 |    2.762057ms |  192.168.66.115 | POST     /getResult
[2020-01-02 13:01:19] 自開彩開獎  {202001020782 5 38 true} 
ConfigData  map[database:FA_MEM charset:utf8 redisPassword:"" ip:192.168.88.181 poolname:FA_MEM port:3306 password:1qaz!QAZ user:fa_db redisIp:192.168.88.119 redisPort:6379 redisDB:3]
SqlString  SELECT RTP,Amount,Bonus  FROM M_RtpSetting  WHERE Sid = 1   AND State = 1   AND LTG_Code = 5 AND Gid = 38
sqlResult   map[count:0 state:0 result:]
[2020-01-02 13:01:19] rtpData ------->   map[result: count:0 state:0] 
[GIN] 2020/01/02 - 13:01:19 | 200 |    2.578419ms |  192.168.66.115 | POST     /getResult
[2020-01-02 13:01:20] 自開彩開獎  {202001020261 1 35 true} 
[2020-01-02 13:01:20] 自開彩開獎  {202001020782 6 36 true} 
ConfigData  map[redisDB:3 port:3306 database:FA_MEM redisIp:192.168.88.119 password:1qaz!QAZ charset:utf8 redisPort:6379 redisPassword:"" ip:192.168.88.181 poolname:FA_MEM user:fa_db]
ConfigData  map[poolname:FA_MEM port:3306 user:fa_db password:1qaz!QAZ redisIp:192.168.88.119 redisPassword:"" ip:192.168.88.181 database:FA_MEM charset:utf8 redisPort:6379 redisDB:3]
SqlString  SELECT RTP,Amount,Bonus  FROM M_RtpSetting  WHERE Sid = 1   AND State = 1   AND LTG_Code = 1 AND Gid = 35
SqlString  SELECT RTP,Amount,Bonus  FROM M_RtpSetting  WHERE Sid = 1   AND State = 1   AND LTG_Code = 6 AND Gid = 36
sqlResult   map[result: count:0 state:0]
[2020-01-02 13:01:20] rtpData ------->   map[result: count:0 state:0] 
[GIN] 2020/01/02 - 13:01:20 | 200 |     2.14987ms |  192.168.66.115 | POST     /getResult
sqlResult   map[result: count:0 state:0]
[2020-01-02 13:01:20] rtpData ------->   map[result: count:0 state:0] 
[GIN] 2020/01/02 - 13:01:20 | 200 |    2.197917ms |  192.168.66.115 | POST     /getResult
[2020-01-02 13:01:22] 自開彩開獎  {202001020782 1 34 true} 
ConfigData  map[ip:192.168.88.181 password:1qaz!QAZ redisPassword:"" database:FA_MEM charset:utf8 redisIp:192.168.88.119 redisPort:6379 redisDB:3 poolname:FA_MEM port:3306 user:fa_db]
SqlString  SELECT RTP,Amount,Bonus  FROM M_RtpSetting  WHERE Sid = 1   AND State = 1   AND LTG_Code = 1 AND Gid = 34
sqlResult   map[result: count:0 state:0]
[2020-01-02 13:01:22] rtpData ------->   map[state:0 result: count:0] 
[GIN] 2020/01/02 - 13:01:22 | 200 |    2.330541ms |  192.168.66.115 | POST     /getResult
[2020-01-02 13:01:24] 自開彩開獎  {202001020782 4 40 true} 
ConfigData  map[ip:192.168.88.181 port:3306 database:FA_MEM charset:utf8 redisIp:192.168.88.119 poolname:FA_MEM user:fa_db password:1qaz!QAZ redisPort:6379 redisPassword:"" redisDB:3]
SqlString  SELECT RTP,Amount,Bonus  FROM M_RtpSetting  WHERE Sid = 1   AND State = 1   AND LTG_Code = 4 AND Gid = 40
sqlResult   map[result: count:0 state:0]
[2020-01-02 13:01:24] rtpData ------->   map[result: count:0 state:0] 
[GIN] 2020/01/02 - 13:01:24 | 200 |    3.417511ms |  192.168.66.115 | POST     /getResult
[2020-01-02 13:01:24] 自開彩開獎  {202001020261 4 41 true} 
ConfigData  map[poolname:FA_MEM password:1qaz!QAZ charset:utf8 redisPassword:"" redisDB:3 ip:192.168.88.181 port:3306 user:fa_db database:FA_MEM redisIp:192.168.88.119 redisPort:6379]
SqlString  SELECT RTP,Amount,Bonus  FROM M_RtpSetting  WHERE Sid = 1   AND State = 1   AND LTG_Code = 4 AND Gid = 41
sqlResult   map[result: count:0 state:0]
[2020-01-02 13:01:24] rtpData ------->   map[result: count:0 state:0] 
[GIN] 2020/01/02 - 13:01:24 | 200 |    2.408569ms |  192.168.66.115 | POST     /getResult
[2020-01-02 13:01:25] 自開彩開獎  {202001020782 5 38 true} 
ConfigData  map[ip:192.168.88.181 poolname:FA_MEM redisIp:192.168.88.119 redisPassword:"" redisDB:3 port:3306 user:fa_db password:1qaz!QAZ database:FA_MEM charset:utf8 redisPort:6379]
SqlString  SELECT RTP,Amount,Bonus  FROM M_RtpSetting  WHERE Sid = 1   AND State = 1   AND LTG_Code = 5 AND Gid = 38
sqlResult   map[state:0 result: count:0]
[2020-01-02 13:01:25] rtpData ------->   map[result: count:0 state:0] 
[GIN] 2020/01/02 - 13:01:25 | 200 |    2.786439ms |  192.168.66.115 | POST     /getResult
[2020-01-02 13:01:26] 自開彩開獎  {202001020261 1 35 true} 
ConfigData  map[redisDB:3 ip:192.168.88.181 poolname:FA_MEM user:fa_db password:1qaz!QAZ database:FA_MEM redisIp:192.168.88.119 port:3306 charset:utf8 redisPort:6379 redisPassword:""]
SqlString  SELECT RTP,Amount,Bonus  FROM M_RtpSetting  WHERE Sid = 1   AND State = 1   AND LTG_Code = 1 AND Gid = 35
[2020-01-02 13:01:26] 自開彩開獎  {202001020782 6 36 true} 
ConfigData  map[redisPassword:"" redisDB:3 poolname:FA_MEM port:3306 charset:utf8 redisIp:192.168.88.119 redisPort:6379 ip:192.168.88.181 user:fa_db password:1qaz!QAZ database:FA_MEM]
SqlString  SELECT RTP,Amount,Bonus  FROM M_RtpSetting  WHERE Sid = 1   AND State = 1   AND LTG_Code = 6 AND Gid = 36
sqlResult   map[result: count:0 state:0]
[2020-01-02 13:01:26] rtpData ------->   map[result: count:0 state:0] 
[GIN] 2020/01/02 - 13:01:26 | 200 |    2.053618ms |  192.168.66.115 | POST     /getResult
sqlResult   map[result: count:0 state:0]
[2020-01-02 13:01:26] rtpData ------->   map[count:0 state:0 result:] 
[GIN] 2020/01/02 - 13:01:26 | 200 |    7.785221ms |  192.168.66.115 | POST     /getResult
[2020-01-02 13:01:28] 自開彩開獎  {202001020782 1 34 true} 
ConfigData  map[port:3306 user:fa_db password:1qaz!QAZ database:FA_MEM redisIp:192.168.88.119 redisPassword:"" ip:192.168.88.181 poolname:FA_MEM charset:utf8 redisPort:6379 redisDB:3]
SqlString  SELECT RTP,Amount,Bonus  FROM M_RtpSetting  WHERE Sid = 1   AND State = 1   AND LTG_Code = 1 AND Gid = 34
sqlResult   map[state:0 result: count:0]
[2020-01-02 13:01:28] rtpData ------->   map[result: count:0 state:0] 
[GIN] 2020/01/02 - 13:01:28 | 200 |    2.771568ms |  192.168.66.115 | POST     /getResult
[2020-01-02 13:01:30] 自開彩開獎  {202001020782 4 40 true} 
ConfigData  map[ip:192.168.88.181 port:3306 user:fa_db password:1qaz!QAZ redisIp:192.168.88.119 redisDB:3 poolname:FA_MEM database:FA_MEM charset:utf8 redisPort:6379 redisPassword:""]
SqlString  SELECT RTP,Amount,Bonus  FROM M_RtpSetting  WHERE Sid = 1   AND State = 1   AND LTG_Code = 4 AND Gid = 40
sqlResult   map[result: count:0 state:0]
[2020-01-02 13:01:30] rtpData ------->   map[result: count:0 state:0] 
[GIN] 2020/01/02 - 13:01:30 | 200 |    2.670584ms |  192.168.66.115 | POST     /getResult
[2020-01-02 13:01:30] 自開彩開獎  {202001020261 4 41 true} 
ConfigData  map[redisPort:6379 redisDB:3 port:3306 poolname:FA_MEM user:fa_db password:1qaz!QAZ database:FA_MEM charset:utf8 redisIp:192.168.88.119 redisPassword:"" ip:192.168.88.181]
SqlString  SELECT RTP,Amount,Bonus  FROM M_RtpSetting  WHERE Sid = 1   AND State = 1   AND LTG_Code = 4 AND Gid = 41
sqlResult   map[result: count:0 state:0]
[2020-01-02 13:01:30] rtpData ------->   map[count:0 state:0 result:] 
[GIN] 2020/01/02 - 13:01:30 | 200 |    2.475164ms |  192.168.66.115 | POST     /getResult
[2020-01-02 13:01:31] 自開彩開獎  {202001020782 5 38 true} 
ConfigData  map[password:1qaz!QAZ database:FA_MEM charset:utf8 redisIp:192.168.88.119 ip:192.168.88.181 port:3306 user:fa_db redisPort:6379 redisPassword:"" redisDB:3 poolname:FA_MEM]
SqlString  SELECT RTP,Amount,Bonus  FROM M_RtpSetting  WHERE Sid = 1   AND State = 1   AND LTG_Code = 5 AND Gid = 38
sqlResult   map[result: count:0 state:0]
[2020-01-02 13:01:31] rtpData ------->   map[result: count:0 state:0] 
[GIN] 2020/01/02 - 13:01:31 | 200 |    2.963289ms |  192.168.66.115 | POST     /getResult
[2020-01-02 13:01:32] 自開彩開獎  {202001020261 1 35 true} 
ConfigData  map[password:1qaz!QAZ charset:utf8 redisIp:192.168.88.119 redisPort:6379 ip:192.168.88.181 port:3306 database:FA_MEM redisPassword:"" redisDB:3 poolname:FA_MEM user:fa_db]
SqlString  SELECT RTP,Amount,Bonus  FROM M_RtpSetting  WHERE Sid = 1   AND State = 1   AND LTG_Code = 1 AND Gid = 35
[2020-01-02 13:01:32] 自開彩開獎  {202001020782 6 36 true} 
ConfigData  map[poolname:FA_MEM redisPassword:"" database:FA_MEM charset:utf8 redisIp:192.168.88.119 redisPort:6379 ip:192.168.88.181 port:3306 user:fa_db password:1qaz!QAZ redisDB:3]
SqlString  SELECT RTP,Amount,Bonus  FROM M_RtpSetting  WHERE Sid = 1   AND State = 1   AND LTG_Code = 6 AND Gid = 36
sqlResult   map[result: count:0 state:0]
[2020-01-02 13:01:32] rtpData ------->   map[count:0 state:0 result:] 
[GIN] 2020/01/02 - 13:01:32 | 200 |    2.264778ms |  192.168.66.115 | POST     /getResult
sqlResult   map[count:0 state:0 result:]
[2020-01-02 13:01:32] rtpData ------->   map[result: count:0 state:0] 
[GIN] 2020/01/02 - 13:01:32 | 200 |    2.671736ms |  192.168.66.115 | POST     /getResult
[2020-01-02 13:01:34] 自開彩開獎  {202001020782 1 34 true} 
ConfigData  map[charset:utf8 redisPort:6379 ip:192.168.88.181 port:3306 user:fa_db password:1qaz!QAZ database:FA_MEM redisIp:192.168.88.119 redisPassword:"" redisDB:3 poolname:FA_MEM]
SqlString  SELECT RTP,Amount,Bonus  FROM M_RtpSetting  WHERE Sid = 1   AND State = 1   AND LTG_Code = 1 AND Gid = 34
sqlResult   map[result: count:0 state:0]
[2020-01-02 13:01:34] rtpData ------->   map[result: count:0 state:0] 
[GIN] 2020/01/02 - 13:01:34 | 200 |    2.082389ms |  192.168.66.115 | POST     /getResult
[2020-01-02 13:01:36] 自開彩開獎  {202001020782 4 40 true} 
ConfigData  map[poolname:FA_MEM database:FA_MEM redisIp:192.168.88.119 redisPort:6379 ip:192.168.88.181 user:fa_db password:1qaz!QAZ charset:utf8 redisPassword:"" redisDB:3 port:3306]
SqlString  SELECT RTP,Amount,Bonus  FROM M_RtpSetting  WHERE Sid = 1   AND State = 1   AND LTG_Code = 4 AND Gid = 40
sqlResult   map[result: count:0 state:0]
[2020-01-02 13:01:36] rtpData ------->   map[result: count:0 state:0] 
[GIN] 2020/01/02 - 13:01:36 | 200 |     2.42514ms |  192.168.66.115 | POST     /getResult
[2020-01-02 13:01:36] 自開彩開獎  {202001020261 4 41 true} 
ConfigData  map[charset:utf8 redisPort:6379 redisDB:3 ip:192.168.88.181 database:FA_MEM user:fa_db password:1qaz!QAZ redisIp:192.168.88.119 redisPassword:"" poolname:FA_MEM port:3306]
SqlString  SELECT RTP,Amount,Bonus  FROM M_RtpSetting  WHERE Sid = 1   AND State = 1   AND LTG_Code = 4 AND Gid = 41
sqlResult   map[result: count:0 state:0]
[2020-01-02 13:01:36] rtpData ------->   map[result: count:0 state:0] 
[GIN] 2020/01/02 - 13:01:36 | 200 |    2.403654ms |  192.168.66.115 | POST     /getResult
[2020-01-02 13:01:37] 自開彩開獎  {202001020782 5 38 true} 
ConfigData  map[ip:192.168.88.181 poolname:FA_MEM user:fa_db redisIp:192.168.88.119 redisPort:6379 port:3306 password:1qaz!QAZ database:FA_MEM charset:utf8 redisPassword:"" redisDB:3]
SqlString  SELECT RTP,Amount,Bonus  FROM M_RtpSetting  WHERE Sid = 1   AND State = 1   AND LTG_Code = 5 AND Gid = 38
sqlResult   map[result: count:0 state:0]
[2020-01-02 13:01:37] rtpData ------->   map[result: count:0 state:0] 
[GIN] 2020/01/02 - 13:01:37 | 200 |    2.393952ms |  192.168.66.115 | POST     /getResult
[2020-01-02 13:01:38] 自開彩開獎  {202001020261 1 35 true} 
ConfigData  map[poolname:FA_MEM database:FA_MEM redisPassword:"" redisDB:3 ip:192.168.88.181 port:3306 user:fa_db password:1qaz!QAZ charset:utf8 redisIp:192.168.88.119 redisPort:6379]
SqlString  SELECT RTP,Amount,Bonus  FROM M_RtpSetting  WHERE Sid = 1   AND State = 1   AND LTG_Code = 1 AND Gid = 35
[2020-01-02 13:01:38] 自開彩開獎  {202001020782 6 36 true} 
ConfigData  map[user:fa_db charset:utf8 redisIp:192.168.88.119 redisPort:6379 redisPassword:"" ip:192.168.88.181 poolname:FA_MEM port:3306 password:1qaz!QAZ database:FA_MEM redisDB:3]
SqlString  SELECT RTP,Amount,Bonus  FROM M_RtpSetting  WHERE Sid = 1   AND State = 1   AND LTG_Code = 6 AND Gid = 36
sqlResult   map[count:0 state:0 result:]
[2020-01-02 13:01:38] rtpData ------->   map[result: count:0 state:0] 
[GIN] 2020/01/02 - 13:01:38 | 200 |    2.159351ms |  192.168.66.115 | POST     /getResult
sqlResult   map[state:0 result: count:0]
[2020-01-02 13:01:38] rtpData ------->   map[state:0 result: count:0] 
[GIN] 2020/01/02 - 13:01:38 | 200 |    2.320166ms |  192.168.66.115 | POST     /getResult
[2020-01-02 13:01:40] 自開彩開獎  {202001020782 1 34 true} 
ConfigData  map[database:FA_MEM redisPort:6379 ip:192.168.88.181 user:fa_db password:1qaz!QAZ charset:utf8 redisIp:192.168.88.119 redisPassword:"" redisDB:3 poolname:FA_MEM port:3306]
SqlString  SELECT RTP,Amount,Bonus  FROM M_RtpSetting  WHERE Sid = 1   AND State = 1   AND LTG_Code = 1 AND Gid = 34
sqlResult   map[result: count:0 state:0]
[2020-01-02 13:01:40] rtpData ------->   map[state:0 result: count:0] 
[GIN] 2020/01/02 - 13:01:40 | 200 |    2.995574ms |  192.168.66.115 | POST     /getResult
[2020-01-02 13:01:42] 自開彩開獎  {202001020782 4 40 true} 
ConfigData  map[poolname:FA_MEM port:3306 user:fa_db charset:utf8 redisIp:192.168.88.119 redisDB:3 ip:192.168.88.181 password:1qaz!QAZ database:FA_MEM redisPort:6379 redisPassword:""]
SqlString  SELECT RTP,Amount,Bonus  FROM M_RtpSetting  WHERE Sid = 1   AND State = 1   AND LTG_Code = 4 AND Gid = 40
sqlResult   map[result: count:0 state:0]
[2020-01-02 13:01:42] rtpData ------->   map[result: count:0 state:0] 
[GIN] 2020/01/02 - 13:01:42 | 200 |    3.438046ms |  192.168.66.115 | POST     /getResult
[2020-01-02 13:01:42] 自開彩開獎  {202001020261 4 41 true} 
ConfigData  map[password:1qaz!QAZ database:FA_MEM charset:utf8 redisPort:6379 port:3306 poolname:FA_MEM user:fa_db redisIp:192.168.88.119 redisPassword:"" redisDB:3 ip:192.168.88.181]
SqlString  SELECT RTP,Amount,Bonus  FROM M_RtpSetting  WHERE Sid = 1   AND State = 1   AND LTG_Code = 4 AND Gid = 41
sqlResult   map[result: count:0 state:0]
[2020-01-02 13:01:42] rtpData ------->   map[result: count:0 state:0] 
[GIN] 2020/01/02 - 13:01:42 | 200 |    2.720239ms |  192.168.66.115 | POST     /getResult
[2020-01-02 13:01:43] 自開彩開獎  {202001020782 5 38 true} 
ConfigData  map[redisIp:192.168.88.119 redisPort:6379 poolname:FA_MEM password:1qaz!QAZ database:FA_MEM charset:utf8 redisPassword:"" redisDB:3 ip:192.168.88.181 port:3306 user:fa_db]
SqlString  SELECT RTP,Amount,Bonus  FROM M_RtpSetting  WHERE Sid = 1   AND State = 1   AND LTG_Code = 5 AND Gid = 38
sqlResult   map[result: count:0 state:0]
[2020-01-02 13:01:43] rtpData ------->   map[result: count:0 state:0] 
[GIN] 2020/01/02 - 13:01:43 | 200 |     2.86554ms |  192.168.66.115 | POST     /getResult
[2020-01-02 13:01:44] 自開彩開獎  {202001020782 6 36 true} 
ConfigData  map[port:3306 user:fa_db redisIp:192.168.88.119 redisPort:6379 redisPassword:"" poolname:FA_MEM password:1qaz!QAZ database:FA_MEM charset:utf8 redisDB:3 ip:192.168.88.181]
SqlString  SELECT RTP,Amount,Bonus  FROM M_RtpSetting  WHERE Sid = 1   AND State = 1   AND LTG_Code = 6 AND Gid = 36
[2020-01-02 13:01:44] 自開彩開獎  {202001020261 1 35 true} 
ConfigData  map[password:1qaz!QAZ redisIp:192.168.88.119 redisDB:3 ip:192.168.88.181 user:fa_db database:FA_MEM charset:utf8 redisPort:6379 redisPassword:"" poolname:FA_MEM port:3306]
SqlString  SELECT RTP,Amount,Bonus  FROM M_RtpSetting  WHERE Sid = 1   AND State = 1   AND LTG_Code = 1 AND Gid = 35
sqlResult   map[state:0 result: count:0]
[2020-01-02 13:01:44] rtpData ------->   map[count:0 state:0 result:] 
[GIN] 2020/01/02 - 13:01:44 | 200 |    2.188175ms |  192.168.66.115 | POST     /getResult
sqlResult   map[result: count:0 state:0]
[2020-01-02 13:01:44] rtpData ------->   map[count:0 state:0 result:] 
[GIN] 2020/01/02 - 13:01:44 | 200 |    2.255626ms |  192.168.66.115 | POST     /getResult
[2020-01-02 13:01:46] 自開彩開獎  {202001020782 1 34 true} 
ConfigData  map[ip:192.168.88.181 user:fa_db password:1qaz!QAZ charset:utf8 redisIp:192.168.88.119 redisPassword:"" redisDB:3 poolname:FA_MEM port:3306 database:FA_MEM redisPort:6379]
SqlString  SELECT RTP,Amount,Bonus  FROM M_RtpSetting  WHERE Sid = 1   AND State = 1   AND LTG_Code = 1 AND Gid = 34
sqlResult   map[result: count:0 state:0]
[2020-01-02 13:01:46] rtpData ------->   map[state:0 result: count:0] 
[GIN] 2020/01/02 - 13:01:46 | 200 |    2.971029ms |  192.168.66.115 | POST     /getResult
[2020-01-02 13:01:48] 自開彩開獎  {202001020782 4 40 true} 
ConfigData  map[redisIp:192.168.88.119 redisPort:6379 redisPassword:"" ip:192.168.88.181 poolname:FA_MEM user:fa_db password:1qaz!QAZ charset:utf8 port:3306 database:FA_MEM redisDB:3]
SqlString  SELECT RTP,Amount,Bonus  FROM M_RtpSetting  WHERE Sid = 1   AND State = 1   AND LTG_Code = 4 AND Gid = 40
sqlResult   map[result: count:0 state:0]
[2020-01-02 13:01:48] rtpData ------->   map[result: count:0 state:0] 
[GIN] 2020/01/02 - 13:01:48 | 200 |    2.749805ms |  192.168.66.115 | POST     /getResult
[2020-01-02 13:01:48] 自開彩開獎  {202001020261 4 41 true} 
ConfigData  map[redisDB:3 ip:192.168.88.181 port:3306 user:fa_db password:1qaz!QAZ database:FA_MEM charset:utf8 redisPort:6379 poolname:FA_MEM redisIp:192.168.88.119 redisPassword:""]
SqlString  SELECT RTP,Amount,Bonus  FROM M_RtpSetting  WHERE Sid = 1   AND State = 1   AND LTG_Code = 4 AND Gid = 41
sqlResult   map[state:0 result: count:0]
[2020-01-02 13:01:48] rtpData ------->   map[result: count:0 state:0] 
[GIN] 2020/01/02 - 13:01:48 | 200 |    2.224164ms |  192.168.66.115 | POST     /getResult
[2020-01-02 13:01:49] 自開彩開獎  {202001020782 5 38 true} 
ConfigData  map[database:FA_MEM redisPort:6379 redisPassword:"" redisDB:3 poolname:FA_MEM port:3306 user:fa_db redisIp:192.168.88.119 ip:192.168.88.181 password:1qaz!QAZ charset:utf8]
SqlString  SELECT RTP,Amount,Bonus  FROM M_RtpSetting  WHERE Sid = 1   AND State = 1   AND LTG_Code = 5 AND Gid = 38
sqlResult   map[state:0 result: count:0]
[2020-01-02 13:01:49] rtpData ------->   map[result: count:0 state:0] 
[GIN] 2020/01/02 - 13:01:49 | 200 |    2.689816ms |  192.168.66.115 | POST     /getResult
[2020-01-02 13:01:50] 自開彩開獎  {202001020261 1 35 true} 
ConfigData  map[database:FA_MEM charset:utf8 redisIp:192.168.88.119 redisPort:6379 redisDB:3 port:3306 password:1qaz!QAZ user:fa_db redisPassword:"" ip:192.168.88.181 poolname:FA_MEM]
SqlString  SELECT RTP,Amount,Bonus  FROM M_RtpSetting  WHERE Sid = 1   AND State = 1   AND LTG_Code = 1 AND Gid = 35
[2020-01-02 13:01:50] 自開彩開獎  {202001020782 6 36 true} 
ConfigData  map[poolname:FA_MEM port:3306 charset:utf8 redisPort:6379 ip:192.168.88.181 password:1qaz!QAZ database:FA_MEM redisIp:192.168.88.119 redisPassword:"" redisDB:3 user:fa_db]
SqlString  SELECT RTP,Amount,Bonus  FROM M_RtpSetting  WHERE Sid = 1   AND State = 1   AND LTG_Code = 6 AND Gid = 36
sqlResult   map[result: count:0 state:0]
[2020-01-02 13:01:50] rtpData ------->   map[result: count:0 state:0] 
[GIN] 2020/01/02 - 13:01:50 | 200 |    2.411811ms |  192.168.66.115 | POST     /getResult
sqlResult   map[result: count:0 state:0]
[2020-01-02 13:01:50] rtpData ------->   map[result: count:0 state:0] 
[GIN] 2020/01/02 - 13:01:50 | 200 |    2.499483ms |  192.168.66.115 | POST     /getResult
[2020-01-02 13:01:52] 自開彩開獎  {202001020782 1 34 true} 
ConfigData  map[redisPort:6379 redisDB:3 poolname:FA_MEM port:3306 password:1qaz!QAZ database:FA_MEM charset:utf8 redisIp:192.168.88.119 ip:192.168.88.181 user:fa_db redisPassword:""]
SqlString  SELECT RTP,Amount,Bonus  FROM M_RtpSetting  WHERE Sid = 1   AND State = 1   AND LTG_Code = 1 AND Gid = 34
sqlResult   map[state:0 result: count:0]
[2020-01-02 13:01:52] rtpData ------->   map[result: count:0 state:0] 
[GIN] 2020/01/02 - 13:01:52 | 200 |    2.403596ms |  192.168.66.115 | POST     /getResult
[2020-01-02 13:01:54] 自開彩開獎  {202001020782 4 40 true} 
ConfigData  map[user:fa_db password:1qaz!QAZ charset:utf8 redisPassword:"" redisDB:3 poolname:FA_MEM port:3306 database:FA_MEM redisIp:192.168.88.119 redisPort:6379 ip:192.168.88.181]
SqlString  SELECT RTP,Amount,Bonus  FROM M_RtpSetting  WHERE Sid = 1   AND State = 1   AND LTG_Code = 4 AND Gid = 40
sqlResult   map[state:0 result: count:0]
[2020-01-02 13:01:54] rtpData ------->   map[state:0 result: count:0] 
[GIN] 2020/01/02 - 13:01:54 | 200 |    2.448556ms |  192.168.66.115 | POST     /getResult
[2020-01-02 13:01:54] 自開彩開獎  {202001020261 4 41 true} 
ConfigData  map[charset:utf8 redisIp:192.168.88.119 redisPort:6379 redisPassword:"" redisDB:3 port:3306 user:fa_db password:1qaz!QAZ database:FA_MEM ip:192.168.88.181 poolname:FA_MEM]
SqlString  SELECT RTP,Amount,Bonus  FROM M_RtpSetting  WHERE Sid = 1   AND State = 1   AND LTG_Code = 4 AND Gid = 41
sqlResult   map[result: count:0 state:0]
[2020-01-02 13:01:54] rtpData ------->   map[result: count:0 state:0] 
[GIN] 2020/01/02 - 13:01:54 | 200 |    2.998032ms |  192.168.66.115 | POST     /getResult
[2020-01-02 13:01:55] 自開彩開獎  {202001020782 5 38 true} 
ConfigData  map[ip:192.168.88.181 user:fa_db charset:utf8 redisDB:3 redisPort:6379 redisPassword:"" poolname:FA_MEM port:3306 password:1qaz!QAZ database:FA_MEM redisIp:192.168.88.119]
SqlString  SELECT RTP,Amount,Bonus  FROM M_RtpSetting  WHERE Sid = 1   AND State = 1   AND LTG_Code = 5 AND Gid = 38
sqlResult   map[result: count:0 state:0]
[2020-01-02 13:01:55] rtpData ------->   map[state:0 result: count:0] 
[GIN] 2020/01/02 - 13:01:55 | 200 |    3.229042ms |  192.168.66.115 | POST     /getResult
[2020-01-02 13:01:56] 自開彩開獎  {202001020261 1 35 true} 
ConfigData  map[poolname:FA_MEM user:fa_db password:1qaz!QAZ redisIp:192.168.88.119 redisDB:3 ip:192.168.88.181 port:3306 database:FA_MEM charset:utf8 redisPort:6379 redisPassword:""]
SqlString  SELECT RTP,Amount,Bonus  FROM M_RtpSetting  WHERE Sid = 1   AND State = 1   AND LTG_Code = 1 AND Gid = 35
[2020-01-02 13:01:56] 自開彩開獎  {202001020782 6 36 true} 
ConfigData  map[port:3306 user:fa_db database:FA_MEM charset:utf8 redisPort:6379 redisPassword:"" poolname:FA_MEM password:1qaz!QAZ redisIp:192.168.88.119 redisDB:3 ip:192.168.88.181]
SqlString  SELECT RTP,Amount,Bonus  FROM M_RtpSetting  WHERE Sid = 1   AND State = 1   AND LTG_Code = 6 AND Gid = 36
sqlResult   map[result: count:0 state:0]
[2020-01-02 13:01:56] rtpData ------->   map[result: count:0 state:0] 
[GIN] 2020/01/02 - 13:01:56 | 200 |      2.2161ms |  192.168.66.115 | POST     /getResult
sqlResult   map[result: count:0 state:0]
[2020-01-02 13:01:56] rtpData ------->   map[result: count:0 state:0] 
[GIN] 2020/01/02 - 13:01:56 | 200 |    2.496686ms |  192.168.66.115 | POST     /getResult
[2020-01-02 13:01:58] 自開彩開獎  {202001020782 1 34 true} 
ConfigData  map[ip:192.168.88.181 poolname:FA_MEM user:fa_db password:1qaz!QAZ redisPort:6379 redisDB:3 port:3306 database:FA_MEM charset:utf8 redisIp:192.168.88.119 redisPassword:""]
SqlString  SELECT RTP,Amount,Bonus  FROM M_RtpSetting  WHERE Sid = 1   AND State = 1   AND LTG_Code = 1 AND Gid = 34
sqlResult   map[count:0 state:0 result:]
[2020-01-02 13:01:58] rtpData ------->   map[result: count:0 state:0] 
[GIN] 2020/01/02 - 13:01:58 | 200 |    2.011618ms |  192.168.66.115 | POST     /getResult
[2020-01-02 13:02:00] 自開彩開獎  {202001020782 4 40 true} 
ConfigData  map[ip:192.168.88.181 poolname:FA_MEM port:3306 password:1qaz!QAZ charset:utf8 redisPort:6379 redisDB:3 user:fa_db database:FA_MEM redisIp:192.168.88.119 redisPassword:""]
SqlString  SELECT RTP,Amount,Bonus  FROM M_RtpSetting  WHERE Sid = 1   AND State = 1   AND LTG_Code = 4 AND Gid = 40
sqlResult   map[state:0 result: count:0]
[2020-01-02 13:02:00] rtpData ------->   map[result: count:0 state:0] 
[GIN] 2020/01/02 - 13:02:00 | 200 |    2.774968ms |  192.168.66.115 | POST     /getResult
[2020-01-02 13:02:00] 自開彩開獎  {202001020261 4 41 true} 
ConfigData  map[charset:utf8 redisIp:192.168.88.119 redisPort:6379 ip:192.168.88.181 poolname:FA_MEM password:1qaz!QAZ database:FA_MEM redisPassword:"" redisDB:3 port:3306 user:fa_db]
SqlString  SELECT RTP,Amount,Bonus  FROM M_RtpSetting  WHERE Sid = 1   AND State = 1   AND LTG_Code = 4 AND Gid = 41
sqlResult   map[state:0 result: count:0]
[2020-01-02 13:02:00] rtpData ------->   map[result: count:0 state:0] 
[GIN] 2020/01/02 - 13:02:00 | 200 |    2.648313ms |  192.168.66.115 | POST     /getResult
[2020-01-02 13:02:01] 自開彩開獎  {202001020782 5 38 true} 
ConfigData  map[user:fa_db password:1qaz!QAZ database:FA_MEM charset:utf8 redisIp:192.168.88.119 redisPort:6379 ip:192.168.88.181 poolname:FA_MEM redisDB:3 port:3306 redisPassword:""]
SqlString  SELECT RTP,Amount,Bonus  FROM M_RtpSetting  WHERE Sid = 1   AND State = 1   AND LTG_Code = 5 AND Gid = 38
sqlResult   map[result: count:0 state:0]
[2020-01-02 13:02:01] rtpData ------->   map[result: count:0 state:0] 
[GIN] 2020/01/02 - 13:02:01 | 200 |    2.474961ms |  192.168.66.115 | POST     /getResult
[2020-01-02 13:02:01] 自開彩開獎  {202001020783 2 26 true} 
ConfigData  map[poolname:FA_MEM port:3306 database:FA_MEM charset:utf8 redisIp:192.168.88.119 redisPort:6379 redisDB:3 ip:192.168.88.181 user:fa_db password:1qaz!QAZ redisPassword:""]
SqlString  SELECT RTP,Amount,Bonus  FROM M_RtpSetting  WHERE Sid = 1   AND State = 1   AND LTG_Code = 2 AND Gid = 26
sqlResult   map[bonus:908100.71 result:0.9600 count:1 state:1 amount:1.0069588e+06]
[2020-01-02 13:02:01] rtpData ------->   map[bonus:908100.71 result:0.9600 count:1 state:1 amount:1.0069588e+06] 
ConfigData  map[port:3306 password:1qaz!QAZ charset:utf8 redisPort:6379 ip:192.168.88.181 poolname:FA_MEM user:fa_db database:FA_MEM redisIp:192.168.88.119 redisPassword:"" redisDB:3]
SELECT BO_No, BO_OrderNo , BO_User , BO_Issue  , BO_LotteryTypeGroup, BO_LotteryType, BO_Mode, BO_LotteryPlayGroup, BO_LotteryPlay , BO_LotteryContent, BO_Price, BO_RealPrice, BO_Unit, BO_Multiple , BO_BetCount  , BO_Winnings, BO_Winnings2, BO_Winnings3, BO_WinningLimit  , BO_Water , BO_BW_SourceUserId, BO_BW_BackWater, BO_BW_LimitBetCount, BO_BW_MaxAmount, BO_BW_AuditMultiple  , BO_Odds, BO_Odds2, BO_Odds3 , BO_Type, BO_Chase , BO_OpenResult, BO_OpenResult2, BO_DateDraw, BO_DateDraw2, BO_DateUpdate  FROM TS_BetOrder  WHERE BO_Cancel = 0   AND BO_CancelBackend = 0   AND BO_LotteryTypeGroup = 2 AND BO_LotteryType = 26 AND BO_Issue = 202001020783 AND BO_Collect = 0 ORDER BY BO_DateDraw ASC, BO_DateCreate ASC, BO_DateUpdate ASC, BO_No ASC ;
[2020-01-02 13:02:01] LottteryTypeGroup 2 
[2020-01-02 13:02:01] 有期號 但無注單 -------> map[amount:0 bonus:0 thisOpenResult:[5 7 7 8 9]] 
[GIN] 2020/01/02 - 13:02:01 | 200 |    6.712358ms |  192.168.66.115 | POST     /getResult
[2020-01-02 13:02:02] 自開彩開獎  {202001020261 1 35 true} 
ConfigData  map[password:1qaz!QAZ redisIp:192.168.88.119 redisPort:6379 poolname:FA_MEM port:3306 database:FA_MEM charset:utf8 redisPassword:"" redisDB:3 ip:192.168.88.181 user:fa_db]
SqlString  SELECT RTP,Amount,Bonus  FROM M_RtpSetting  WHERE Sid = 1   AND State = 1   AND LTG_Code = 1 AND Gid = 35
[2020-01-02 13:02:02] 自開彩開獎  {202001020782 6 36 true} 
ConfigData  map[poolname:FA_MEM port:3306 redisIp:192.168.88.119 redisDB:3 ip:192.168.88.181 user:fa_db password:1qaz!QAZ database:FA_MEM charset:utf8 redisPort:6379 redisPassword:""]
SqlString  SELECT RTP,Amount,Bonus  FROM M_RtpSetting  WHERE Sid = 1   AND State = 1   AND LTG_Code = 6 AND Gid = 36
sqlResult   map[result: count:0 state:0]
[2020-01-02 13:02:02] rtpData ------->   map[result: count:0 state:0] 
[GIN] 2020/01/02 - 13:02:02 | 200 |    2.133592ms |  192.168.66.115 | POST     /getResult
sqlResult   map[result: count:0 state:0]
[2020-01-02 13:02:02] rtpData ------->   map[result: count:0 state:0] 
[GIN] 2020/01/02 - 13:02:02 | 200 |    2.329144ms |  192.168.66.115 | POST     /getResult
[2020-01-02 13:02:04] 自開彩開獎  {202001020782 1 34 true} 
ConfigData  map[redisIp:192.168.88.119 redisPort:6379 redisPassword:"" ip:192.168.88.181 port:3306 password:1qaz!QAZ database:FA_MEM charset:utf8 redisDB:3 poolname:FA_MEM user:fa_db]
SqlString  SELECT RTP,Amount,Bonus  FROM M_RtpSetting  WHERE Sid = 1   AND State = 1   AND LTG_Code = 1 AND Gid = 34
sqlResult   map[result: count:0 state:0]
[2020-01-02 13:02:04] rtpData ------->   map[result: count:0 state:0] 
[GIN] 2020/01/02 - 13:02:04 | 200 |    2.339448ms |  192.168.66.115 | POST     /getResult
[2020-01-02 13:02:06] 自開彩開獎  {202001020783 4 40 true} 
ConfigData  map[ip:192.168.88.181 database:FA_MEM charset:utf8 redisIp:192.168.88.119 redisPort:6379 redisDB:3 poolname:FA_MEM port:3306 user:fa_db password:1qaz!QAZ redisPassword:""]
SqlString  SELECT RTP,Amount,Bonus  FROM M_RtpSetting  WHERE Sid = 1   AND State = 1   AND LTG_Code = 4 AND Gid = 40
sqlResult   map[result: count:0 state:0]
[2020-01-02 13:02:06] rtpData ------->   map[count:0 state:0 result:] 
[GIN] 2020/01/02 - 13:02:06 | 200 |    2.415937ms |  192.168.66.115 | POST     /getResult
[2020-01-02 13:02:06] 自開彩開獎  {202001020261 4 41 true} 
ConfigData  map[redisPort:6379 redisDB:3 ip:192.168.88.181 port:3306 user:fa_db password:1qaz!QAZ database:FA_MEM poolname:FA_MEM charset:utf8 redisIp:192.168.88.119 redisPassword:""]
SqlString  SELECT RTP,Amount,Bonus  FROM M_RtpSetting  WHERE Sid = 1   AND State = 1   AND LTG_Code = 4 AND Gid = 41
sqlResult   map[result: count:0 state:0]
[2020-01-02 13:02:06] rtpData ------->   map[state:0 result: count:0] 
[GIN] 2020/01/02 - 13:02:06 | 200 |    2.674534ms |  192.168.66.115 | POST     /getResult
[2020-01-02 13:02:07] 自開彩開獎  {202001020783 5 38 true} 
ConfigData  map[redisDB:3 port:3306 password:1qaz!QAZ redisPassword:"" database:FA_MEM charset:utf8 redisIp:192.168.88.119 redisPort:6379 ip:192.168.88.181 poolname:FA_MEM user:fa_db]
SqlString  SELECT RTP,Amount,Bonus  FROM M_RtpSetting  WHERE Sid = 1   AND State = 1   AND LTG_Code = 5 AND Gid = 38
sqlResult   map[state:0 result: count:0]
[2020-01-02 13:02:07] rtpData ------->   map[result: count:0 state:0] 
[GIN] 2020/01/02 - 13:02:07 | 200 |    2.422317ms |  192.168.66.115 | POST     /getResult
[2020-01-02 13:02:08] 自開彩開獎  {202001020261 1 35 true} 
[2020-01-02 13:02:08] 自開彩開獎  {202001020783 6 36 true} 
ConfigData  map[poolname:FA_MEM port:3306 user:fa_db password:1qaz!QAZ database:FA_MEM redisIp:192.168.88.119 redisPort:6379 redisDB:3 ip:192.168.88.181 charset:utf8 redisPassword:""]
SqlString  SELECT RTP,Amount,Bonus  FROM M_RtpSetting  WHERE Sid = 1   AND State = 1   AND LTG_Code = 6 AND Gid = 36
ConfigData  map[redisPassword:"" redisDB:3 ip:192.168.88.181 port:3306 redisIp:192.168.88.119 database:FA_MEM charset:utf8 redisPort:6379 poolname:FA_MEM user:fa_db password:1qaz!QAZ]
SqlString  SELECT RTP,Amount,Bonus  FROM M_RtpSetting  WHERE Sid = 1   AND State = 1   AND LTG_Code = 1 AND Gid = 35
sqlResult   map[result: count:0 state:0]
[2020-01-02 13:02:08] rtpData ------->   map[result: count:0 state:0] 
sqlResult   map[result: count:0 state:0]
[2020-01-02 13:02:08] rtpData ------->   map[result: count:0 state:0] 
[GIN] 2020/01/02 - 13:02:08 | 200 |    2.365284ms |  192.168.66.115 | POST     /getResult
[GIN] 2020/01/02 - 13:02:08 | 200 |    2.360475ms |  192.168.66.115 | POST     /getResult
[2020-01-02 13:02:10] 自開彩開獎  {202001020783 1 34 true} 
ConfigData  map[charset:utf8 redisPassword:"" redisDB:3 user:fa_db poolname:FA_MEM port:3306 password:1qaz!QAZ database:FA_MEM redisIp:192.168.88.119 redisPort:6379 ip:192.168.88.181]
SqlString  SELECT RTP,Amount,Bonus  FROM M_RtpSetting  WHERE Sid = 1   AND State = 1   AND LTG_Code = 1 AND Gid = 34
sqlResult   map[result: count:0 state:0]
[2020-01-02 13:02:10] rtpData ------->   map[count:0 state:0 result:] 
[GIN] 2020/01/02 - 13:02:10 | 200 |    3.176988ms |  192.168.66.115 | POST     /getResult
[2020-01-02 13:02:12] 自開彩開獎  {202001020783 4 40 true} 
ConfigData  map[redisPassword:"" poolname:FA_MEM port:3306 user:fa_db password:1qaz!QAZ database:FA_MEM charset:utf8 redisIp:192.168.88.119 ip:192.168.88.181 redisPort:6379 redisDB:3]
SqlString  SELECT RTP,Amount,Bonus  FROM M_RtpSetting  WHERE Sid = 1   AND State = 1   AND LTG_Code = 4 AND Gid = 40
sqlResult   map[result: count:0 state:0]
[2020-01-02 13:02:12] rtpData ------->   map[result: count:0 state:0] 
[GIN] 2020/01/02 - 13:02:12 | 200 |    2.897095ms |  192.168.66.115 | POST     /getResult
[2020-01-02 13:02:12] 自開彩開獎  {202001020261 4 41 true} 
ConfigData  map[poolname:FA_MEM charset:utf8 redisDB:3 ip:192.168.88.181 port:3306 user:fa_db password:1qaz!QAZ database:FA_MEM redisIp:192.168.88.119 redisPort:6379 redisPassword:""]
SqlString  SELECT RTP,Amount,Bonus  FROM M_RtpSetting  WHERE Sid = 1   AND State = 1   AND LTG_Code = 4 AND Gid = 41
sqlResult   map[result: count:0 state:0]
[2020-01-02 13:02:12] rtpData ------->   map[result: count:0 state:0] 
[GIN] 2020/01/02 - 13:02:12 | 200 |    2.146331ms |  192.168.66.115 | POST     /getResult
[2020-01-02 13:02:13] 自開彩開獎  {202001020783 5 38 true} 
ConfigData  map[redisPassword:"" ip:192.168.88.181 poolname:FA_MEM user:fa_db database:FA_MEM charset:utf8 redisPort:6379 port:3306 password:1qaz!QAZ redisIp:192.168.88.119 redisDB:3]
SqlString  SELECT RTP,Amount,Bonus  FROM M_RtpSetting  WHERE Sid = 1   AND State = 1   AND LTG_Code = 5 AND Gid = 38
sqlResult   map[result: count:0 state:0]
[2020-01-02 13:02:13] rtpData ------->   map[result: count:0 state:0] 
[GIN] 2020/01/02 - 13:02:13 | 200 |    2.835276ms |  192.168.66.115 | POST     /getResult
[2020-01-02 13:02:14] 自開彩開獎  {202001020261 1 35 true} 
ConfigData  map[redisDB:3 ip:192.168.88.181 user:fa_db redisIp:192.168.88.119 redisPort:6379 redisPassword:"" poolname:FA_MEM port:3306 password:1qaz!QAZ database:FA_MEM charset:utf8]
SqlString  SELECT RTP,Amount,Bonus  FROM M_RtpSetting  WHERE Sid = 1   AND State = 1   AND LTG_Code = 1 AND Gid = 35
sqlResult   map[result: count:0 state:0]
[2020-01-02 13:02:14] rtpData ------->   map[count:0 state:0 result:] 
[2020-01-02 13:02:14] 自開彩開獎  {202001020783 6 36 true} 
ConfigData  map[ip:192.168.88.181 database:FA_MEM charset:utf8 redisPassword:"" redisDB:3 poolname:FA_MEM port:3306 user:fa_db password:1qaz!QAZ redisIp:192.168.88.119 redisPort:6379]
SqlString  SELECT RTP,Amount,Bonus  FROM M_RtpSetting  WHERE Sid = 1   AND State = 1   AND LTG_Code = 6 AND Gid = 36
[GIN] 2020/01/02 - 13:02:14 | 200 |    2.277983ms |  192.168.66.115 | POST     /getResult
sqlResult   map[result: count:0 state:0]
[2020-01-02 13:02:14] rtpData ------->   map[result: count:0 state:0] 
[GIN] 2020/01/02 - 13:02:14 | 200 |    1.977001ms |  192.168.66.115 | POST     /getResult
[2020-01-02 13:02:17] 自開彩開獎  {202001020783 1 34 true} 
ConfigData  map[database:FA_MEM redisPort:6379 redisPassword:"" port:3306 poolname:FA_MEM user:fa_db password:1qaz!QAZ charset:utf8 redisIp:192.168.88.119 redisDB:3 ip:192.168.88.181]
SqlString  SELECT RTP,Amount,Bonus  FROM M_RtpSetting  WHERE Sid = 1   AND State = 1   AND LTG_Code = 1 AND Gid = 34
sqlResult   map[count:0 state:0 result:]
[2020-01-02 13:02:17] rtpData ------->   map[result: count:0 state:0] 
[GIN] 2020/01/02 - 13:02:17 | 200 |    2.564883ms |  192.168.66.115 | POST     /getResult
[2020-01-02 13:02:18] 自開彩開獎  {202001020783 4 40 true} 
ConfigData  map[ip:192.168.88.181 poolname:FA_MEM port:3306 password:1qaz!QAZ charset:utf8 redisDB:3 user:fa_db database:FA_MEM redisIp:192.168.88.119 redisPort:6379 redisPassword:""]
SqlString  SELECT RTP,Amount,Bonus  FROM M_RtpSetting  WHERE Sid = 1   AND State = 1   AND LTG_Code = 4 AND Gid = 40
sqlResult   map[result: count:0 state:0]
[2020-01-02 13:02:18] rtpData ------->   map[count:0 state:0 result:] 
[GIN] 2020/01/02 - 13:02:18 | 200 |    3.378941ms |  192.168.66.115 | POST     /getResult
[2020-01-02 13:02:19] 自開彩開獎  {202001020783 5 38 true} 
ConfigData  map[charset:utf8 redisPassword:"" redisDB:3 user:fa_db password:1qaz!QAZ database:FA_MEM redisIp:192.168.88.119 redisPort:6379 ip:192.168.88.181 poolname:FA_MEM port:3306]
SqlString  SELECT RTP,Amount,Bonus  FROM M_RtpSetting  WHERE Sid = 1   AND State = 1   AND LTG_Code = 5 AND Gid = 38
sqlResult   map[result: count:0 state:0]
[2020-01-02 13:02:19] rtpData ------->   map[count:0 state:0 result:] 
[GIN] 2020/01/02 - 13:02:19 | 200 |    2.423947ms |  192.168.66.115 | POST     /getResult
[2020-01-02 13:02:19] 自開彩開獎  {202001020261 4 41 true} 
ConfigData  map[redisPassword:"" poolname:FA_MEM port:3306 password:1qaz!QAZ database:FA_MEM charset:utf8 redisIp:192.168.88.119 redisPort:6379 redisDB:3 ip:192.168.88.181 user:fa_db]
SqlString  SELECT RTP,Amount,Bonus  FROM M_RtpSetting  WHERE Sid = 1   AND State = 1   AND LTG_Code = 4 AND Gid = 41
sqlResult   map[result: count:0 state:0]
[2020-01-02 13:02:19] rtpData ------->   map[result: count:0 state:0] 
[GIN] 2020/01/02 - 13:02:19 | 200 |    2.451318ms |  192.168.66.115 | POST     /getResult
[2020-01-02 13:02:20] 自開彩開獎  {202001020261 1 35 true} 
ConfigData  map[redisDB:3 poolname:FA_MEM password:1qaz!QAZ database:FA_MEM redisPort:6379 redisIp:192.168.88.119 redisPassword:"" ip:192.168.88.181 port:3306 user:fa_db charset:utf8]
[2020-01-02 13:02:20] 自開彩開獎  {202001020783 6 36 true} 
ConfigData  map[redisPassword:"" poolname:FA_MEM port:3306 user:fa_db database:FA_MEM charset:utf8 redisIp:192.168.88.119 redisPort:6379 ip:192.168.88.181 password:1qaz!QAZ redisDB:3]
SqlString  SELECT RTP,Amount,Bonus  FROM M_RtpSetting  WHERE Sid = 1   AND State = 1   AND LTG_Code = 6 AND Gid = 36
SqlString  SELECT RTP,Amount,Bonus  FROM M_RtpSetting  WHERE Sid = 1   AND State = 1   AND LTG_Code = 1 AND Gid = 35
sqlResult   map[result: count:0 state:0]
[2020-01-02 13:02:20] rtpData ------->   map[result: count:0 state:0] 
[GIN] 2020/01/02 - 13:02:20 | 200 |    2.511731ms |  192.168.66.115 | POST     /getResult
sqlResult   map[count:0 state:0 result:]
[2020-01-02 13:02:20] rtpData ------->   map[count:0 state:0 result:] 
[GIN] 2020/01/02 - 13:02:20 | 200 |    2.467061ms |  192.168.66.115 | POST     /getResult
[2020-01-02 13:02:23] 自開彩開獎  {202001020783 1 34 true} 
ConfigData  map[redisPort:6379 poolname:FA_MEM port:3306 password:1qaz!QAZ charset:utf8 redisIp:192.168.88.119 redisPassword:"" redisDB:3 ip:192.168.88.181 user:fa_db database:FA_MEM]
SqlString  SELECT RTP,Amount,Bonus  FROM M_RtpSetting  WHERE Sid = 1   AND State = 1   AND LTG_Code = 1 AND Gid = 34
sqlResult   map[result: count:0 state:0]
[2020-01-02 13:02:23] rtpData ------->   map[state:0 result: count:0] 
[GIN] 2020/01/02 - 13:02:23 | 200 |    3.151688ms |  192.168.66.115 | POST     /getResult
[2020-01-02 13:02:24] 自開彩開獎  {202001020783 4 40 true} 
ConfigData  map[port:3306 charset:utf8 redisPort:6379 ip:192.168.88.181 poolname:FA_MEM database:FA_MEM redisIp:192.168.88.119 redisPassword:"" redisDB:3 user:fa_db password:1qaz!QAZ]
SqlString  SELECT RTP,Amount,Bonus  FROM M_RtpSetting  WHERE Sid = 1   AND State = 1   AND LTG_Code = 4 AND Gid = 40
sqlResult   map[state:0 result: count:0]
[2020-01-02 13:02:24] rtpData ------->   map[result: count:0 state:0] 
[GIN] 2020/01/02 - 13:02:24 | 200 |    2.666112ms |  192.168.66.115 | POST     /getResult
[2020-01-02 13:02:25] 自開彩開獎  {202001020783 5 38 true} 
ConfigData  map[port:3306 user:fa_db password:1qaz!QAZ charset:utf8 redisDB:3 ip:192.168.88.181 database:FA_MEM redisIp:192.168.88.119 redisPort:6379 redisPassword:"" poolname:FA_MEM]
SqlString  SELECT RTP,Amount,Bonus  FROM M_RtpSetting  WHERE Sid = 1   AND State = 1   AND LTG_Code = 5 AND Gid = 38
sqlResult   map[result: count:0 state:0]
[2020-01-02 13:02:25] rtpData ------->   map[count:0 state:0 result:] 
[GIN] 2020/01/02 - 13:02:25 | 200 |    2.782733ms |  192.168.66.115 | POST     /getResult
[2020-01-02 13:02:25] 自開彩開獎  {202001020261 4 41 true} 
ConfigData  map[poolname:FA_MEM port:3306 user:fa_db database:FA_MEM redisIp:192.168.88.119 redisPort:6379 ip:192.168.88.181 password:1qaz!QAZ charset:utf8 redisPassword:"" redisDB:3]
SqlString  SELECT RTP,Amount,Bonus  FROM M_RtpSetting  WHERE Sid = 1   AND State = 1   AND LTG_Code = 4 AND Gid = 41
sqlResult   map[result: count:0 state:0]
[2020-01-02 13:02:25] rtpData ------->   map[result: count:0 state:0] 
[GIN] 2020/01/02 - 13:02:25 | 200 |     2.44322ms |  192.168.66.115 | POST     /getResult
[2020-01-02 13:02:26] 自開彩開獎  {202001020261 1 35 true} 
ConfigData  map[password:1qaz!QAZ database:FA_MEM charset:utf8 redisPort:6379 redisPassword:"" ip:192.168.88.181 port:3306 user:fa_db redisIp:192.168.88.119 redisDB:3 poolname:FA_MEM]
SqlString  SELECT RTP,Amount,Bonus  FROM M_RtpSetting  WHERE Sid = 1   AND State = 1   AND LTG_Code = 1 AND Gid = 35
[2020-01-02 13:02:26] 自開彩開獎  {202001020783 6 36 true} 
ConfigData  map[password:1qaz!QAZ redisPassword:"" ip:192.168.88.181 port:3306 database:FA_MEM charset:utf8 redisIp:192.168.88.119 redisPort:6379 redisDB:3 poolname:FA_MEM user:fa_db]
SqlString  SELECT RTP,Amount,Bonus  FROM M_RtpSetting  WHERE Sid = 1   AND State = 1   AND LTG_Code = 6 AND Gid = 36
sqlResult   map[result: count:0 state:0]
[2020-01-02 13:02:26] rtpData ------->   map[result: count:0 state:0] 
[GIN] 2020/01/02 - 13:02:26 | 200 |    2.462329ms |  192.168.66.115 | POST     /getResult
sqlResult   map[state:0 result: count:0]
[2020-01-02 13:02:26] rtpData ------->   map[result: count:0 state:0] 
[GIN] 2020/01/02 - 13:02:26 | 200 |     2.48972ms |  192.168.66.115 | POST     /getResult
[2020-01-02 13:02:29] 自開彩開獎  {202001020783 1 34 true} 
ConfigData  map[charset:utf8 redisPort:6379 ip:192.168.88.181 poolname:FA_MEM password:1qaz!QAZ redisIp:192.168.88.119 redisPassword:"" redisDB:3 port:3306 user:fa_db database:FA_MEM]
SqlString  SELECT RTP,Amount,Bonus  FROM M_RtpSetting  WHERE Sid = 1   AND State = 1   AND LTG_Code = 1 AND Gid = 34
sqlResult   map[result: count:0 state:0]
[2020-01-02 13:02:29] rtpData ------->   map[result: count:0 state:0] 
[GIN] 2020/01/02 - 13:02:29 | 200 |    2.498666ms |  192.168.66.115 | POST     /getResult
[2020-01-02 13:02:30] 自開彩開獎  {202001020783 4 40 true} 
ConfigData  map[port:3306 password:1qaz!QAZ redisIp:192.168.88.119 redisDB:3 ip:192.168.88.181 poolname:FA_MEM charset:utf8 redisPort:6379 redisPassword:"" user:fa_db database:FA_MEM]
SqlString  SELECT RTP,Amount,Bonus  FROM M_RtpSetting  WHERE Sid = 1   AND State = 1   AND LTG_Code = 4 AND Gid = 40
sqlResult   map[count:0 state:0 result:]
[2020-01-02 13:02:30] rtpData ------->   map[state:0 result: count:0] 
[GIN] 2020/01/02 - 13:02:30 | 200 |    2.872369ms |  192.168.66.115 | POST     /getResult
[2020-01-02 13:02:31] 自開彩開獎  {202001020783 5 38 true} 
ConfigData  map[redisPassword:"" port:3306 charset:utf8 redisPort:6379 password:1qaz!QAZ database:FA_MEM redisIp:192.168.88.119 redisDB:3 ip:192.168.88.181 poolname:FA_MEM user:fa_db]
SqlString  SELECT RTP,Amount,Bonus  FROM M_RtpSetting  WHERE Sid = 1   AND State = 1   AND LTG_Code = 5 AND Gid = 38
sqlResult   map[count:0 state:0 result:]
[2020-01-02 13:02:31] rtpData ------->   map[result: count:0 state:0] 
[GIN] 2020/01/02 - 13:02:31 | 200 |    2.566099ms |  192.168.66.115 | POST     /getResult
[2020-01-02 13:02:31] 自開彩開獎  {202001020261 4 41 true} 
ConfigData  map[ip:192.168.88.181 user:fa_db password:1qaz!QAZ redisPort:6379 redisDB:3 redisPassword:"" poolname:FA_MEM port:3306 database:FA_MEM charset:utf8 redisIp:192.168.88.119]
SqlString  SELECT RTP,Amount,Bonus  FROM M_RtpSetting  WHERE Sid = 1   AND State = 1   AND LTG_Code = 4 AND Gid = 41
sqlResult   map[result: count:0 state:0]
[2020-01-02 13:02:31] rtpData ------->   map[result: count:0 state:0] 
[GIN] 2020/01/02 - 13:02:31 | 200 |    3.176614ms |  192.168.66.115 | POST     /getResult
[2020-01-02 13:02:32] 自開彩開獎  {202001020261 1 35 true} 
ConfigData  map[password:1qaz!QAZ charset:utf8 redisIp:192.168.88.119 redisPort:6379 redisPassword:"" redisDB:3 poolname:FA_MEM port:3306 user:fa_db database:FA_MEM ip:192.168.88.181]
SqlString  SELECT RTP,Amount,Bonus  FROM M_RtpSetting  WHERE Sid = 1   AND State = 1   AND LTG_Code = 1 AND Gid = 35
[2020-01-02 13:02:32] 自開彩開獎  {202001020783 6 36 true} 
ConfigData  map[port:3306 database:FA_MEM redisPort:6379 redisPassword:"" redisDB:3 ip:192.168.88.181 user:fa_db password:1qaz!QAZ charset:utf8 redisIp:192.168.88.119 poolname:FA_MEM]
SqlString  SELECT RTP,Amount,Bonus  FROM M_RtpSetting  WHERE Sid = 1   AND State = 1   AND LTG_Code = 6 AND Gid = 36
sqlResult   map[count:0 state:0 result:]
[2020-01-02 13:02:32] rtpData ------->   map[result: count:0 state:0] 
[GIN] 2020/01/02 - 13:02:32 | 200 |     2.44854ms |  192.168.66.115 | POST     /getResult
sqlResult   map[result: count:0 state:0]
[2020-01-02 13:02:32] rtpData ------->   map[result: count:0 state:0] 
[GIN] 2020/01/02 - 13:02:32 | 200 |    2.313582ms |  192.168.66.115 | POST     /getResult
[2020-01-02 13:02:35] 自開彩開獎  {202001020783 1 34 true} 
ConfigData  map[redisIp:192.168.88.119 redisPort:6379 redisPassword:"" ip:192.168.88.181 port:3306 password:1qaz!QAZ charset:utf8 redisDB:3 poolname:FA_MEM user:fa_db database:FA_MEM]
SqlString  SELECT RTP,Amount,Bonus  FROM M_RtpSetting  WHERE Sid = 1   AND State = 1   AND LTG_Code = 1 AND Gid = 34
sqlResult   map[result: count:0 state:0]
[2020-01-02 13:02:35] rtpData ------->   map[count:0 state:0 result:] 
[GIN] 2020/01/02 - 13:02:35 | 200 |    8.130275ms |  192.168.66.115 | POST     /getResult
[2020-01-02 13:02:36] 自開彩開獎  {202001020783 4 40 true} 
ConfigData  map[redisIp:192.168.88.119 redisPort:6379 redisPassword:"" ip:192.168.88.181 port:3306 password:1qaz!QAZ charset:utf8 redisDB:3 poolname:FA_MEM user:fa_db database:FA_MEM]
SqlString  SELECT RTP,Amount,Bonus  FROM M_RtpSetting  WHERE Sid = 1   AND State = 1   AND LTG_Code = 4 AND Gid = 40
sqlResult   map[result: count:0 state:0]
[2020-01-02 13:02:36] rtpData ------->   map[state:0 result: count:0] 
[GIN] 2020/01/02 - 13:02:36 | 200 |    2.484527ms |  192.168.66.115 | POST     /getResult
[2020-01-02 13:02:37] 自開彩開獎  {202001020783 5 38 true} 
ConfigData  map[charset:utf8 redisDB:3 ip:192.168.88.181 poolname:FA_MEM port:3306 database:FA_MEM redisPassword:"" user:fa_db password:1qaz!QAZ redisIp:192.168.88.119 redisPort:6379]
SqlString  SELECT RTP,Amount,Bonus  FROM M_RtpSetting  WHERE Sid = 1   AND State = 1   AND LTG_Code = 5 AND Gid = 38
sqlResult   map[result: count:0 state:0]
[2020-01-02 13:02:37] rtpData ------->   map[result: count:0 state:0] 
[GIN] 2020/01/02 - 13:02:37 | 200 |    2.608773ms |  192.168.66.115 | POST     /getResult
[2020-01-02 13:02:37] 自開彩開獎  {202001020261 4 41 true} 
ConfigData  map[poolname:FA_MEM database:FA_MEM redisIp:192.168.88.119 redisPort:6379 redisPassword:"" redisDB:3 ip:192.168.88.181 port:3306 user:fa_db password:1qaz!QAZ charset:utf8]
SqlString  SELECT RTP,Amount,Bonus  FROM M_RtpSetting  WHERE Sid = 1   AND State = 1   AND LTG_Code = 4 AND Gid = 41
sqlResult   map[result: count:0 state:0]
[2020-01-02 13:02:37] rtpData ------->   map[result: count:0 state:0] 
[GIN] 2020/01/02 - 13:02:37 | 200 |    2.426457ms |  192.168.66.115 | POST     /getResult
[2020-01-02 13:02:38] 自開彩開獎  {202001020261 1 35 true} 
ConfigData  map[password:1qaz!QAZ redisIp:192.168.88.119 redisPort:6379 user:fa_db database:FA_MEM charset:utf8 redisPassword:"" redisDB:3 ip:192.168.88.181 poolname:FA_MEM port:3306]
SqlString  SELECT RTP,Amount,Bonus  FROM M_RtpSetting  WHERE Sid = 1   AND State = 1   AND LTG_Code = 1 AND Gid = 35
[2020-01-02 13:02:38] 自開彩開獎  {202001020783 6 36 true} 
ConfigData  map[database:FA_MEM charset:utf8 poolname:FA_MEM port:3306 user:fa_db password:1qaz!QAZ redisIp:192.168.88.119 redisPort:6379 redisPassword:"" redisDB:3 ip:192.168.88.181]
SqlString  SELECT RTP,Amount,Bonus  FROM M_RtpSetting  WHERE Sid = 1   AND State = 1   AND LTG_Code = 6 AND Gid = 36
sqlResult   map[result: count:0 state:0]
sqlResult   map[result: count:0 state:0]
[2020-01-02 13:02:38] rtpData ------->   map[result: count:0 state:0] 
[GIN] 2020/01/02 - 13:02:38 | 200 |    2.356859ms |  192.168.66.115 | POST     /getResult
[2020-01-02 13:02:38] rtpData ------->   map[result: count:0 state:0] 
[GIN] 2020/01/02 - 13:02:38 | 200 |    2.330473ms |  192.168.66.115 | POST     /getResult
[2020-01-02 13:02:41] 自開彩開獎  {202001020783 1 34 true} 
ConfigData  map[redisPassword:"" ip:192.168.88.181 poolname:FA_MEM port:3306 user:fa_db charset:utf8 redisIp:192.168.88.119 redisPort:6379 redisDB:3 password:1qaz!QAZ database:FA_MEM]
SqlString  SELECT RTP,Amount,Bonus  FROM M_RtpSetting  WHERE Sid = 1   AND State = 1   AND LTG_Code = 1 AND Gid = 34
sqlResult   map[count:0 state:0 result:]
[2020-01-02 13:02:41] rtpData ------->   map[result: count:0 state:0] 
[GIN] 2020/01/02 - 13:02:41 | 200 |    8.949733ms |  192.168.66.115 | POST     /getResult
[2020-01-02 13:02:42] 自開彩開獎  {202001020783 4 40 true} 
ConfigData  map[poolname:FA_MEM port:3306 database:FA_MEM redisIp:192.168.88.119 redisPort:6379 redisPassword:"" redisDB:3 ip:192.168.88.181 user:fa_db password:1qaz!QAZ charset:utf8]
SqlString  SELECT RTP,Amount,Bonus  FROM M_RtpSetting  WHERE Sid = 1   AND State = 1   AND LTG_Code = 4 AND Gid = 40
sqlResult   map[result: count:0 state:0]
[2020-01-02 13:02:42] rtpData ------->   map[result: count:0 state:0] 
[GIN] 2020/01/02 - 13:02:42 | 200 |    5.416543ms |  192.168.66.115 | POST     /getResult
[2020-01-02 13:02:43] 自開彩開獎  {202001020783 5 38 true} 
ConfigData  map[redisPassword:"" port:3306 database:FA_MEM charset:utf8 password:1qaz!QAZ redisIp:192.168.88.119 redisPort:6379 redisDB:3 ip:192.168.88.181 poolname:FA_MEM user:fa_db]
SqlString  SELECT RTP,Amount,Bonus  FROM M_RtpSetting  WHERE Sid = 1   AND State = 1   AND LTG_Code = 5 AND Gid = 38
sqlResult   map[result: count:0 state:0]
[2020-01-02 13:02:43] rtpData ------->   map[result: count:0 state:0] 
[GIN] 2020/01/02 - 13:02:43 | 200 |    2.875963ms |  192.168.66.115 | POST     /getResult
[2020-01-02 13:02:43] 自開彩開獎  {202001020261 4 41 true} 
ConfigData  map[ip:192.168.88.181 poolname:FA_MEM charset:utf8 redisIp:192.168.88.119 redisPort:6379 redisDB:3 port:3306 user:fa_db password:1qaz!QAZ database:FA_MEM redisPassword:""]
SqlString  SELECT RTP,Amount,Bonus  FROM M_RtpSetting  WHERE Sid = 1   AND State = 1   AND LTG_Code = 4 AND Gid = 41
sqlResult   map[result: count:0 state:0]
[2020-01-02 13:02:43] rtpData ------->   map[result: count:0 state:0] 
[GIN] 2020/01/02 - 13:02:43 | 200 |     2.83902ms |  192.168.66.115 | POST     /getResult
[2020-01-02 13:02:44] 自開彩開獎  {202001020261 1 35 true} 
ConfigData  map[redisIp:192.168.88.119 redisPassword:"" poolname:FA_MEM port:3306 database:FA_MEM charset:utf8 redisDB:3 ip:192.168.88.181 user:fa_db password:1qaz!QAZ redisPort:6379]
[2020-01-02 13:02:44] 自開彩開獎  {202001020783 6 36 true} 
ConfigData  map[user:fa_db password:1qaz!QAZ database:FA_MEM redisDB:3 ip:192.168.88.181 poolname:FA_MEM port:3306 charset:utf8 redisIp:192.168.88.119 redisPort:6379 redisPassword:""]
SqlString  SELECT RTP,Amount,Bonus  FROM M_RtpSetting  WHERE Sid = 1   AND State = 1   AND LTG_Code = 6 AND Gid = 36
SqlString  SELECT RTP,Amount,Bonus  FROM M_RtpSetting  WHERE Sid = 1   AND State = 1   AND LTG_Code = 1 AND Gid = 35
sqlResult   map[result: count:0 state:0]
[2020-01-02 13:02:44] rtpData ------->   map[result: count:0 state:0] 
[GIN] 2020/01/02 - 13:02:44 | 200 |    2.263925ms |  192.168.66.115 | POST     /getResult
sqlResult   map[count:0 state:0 result:]
[2020-01-02 13:02:44] rtpData ------->   map[state:0 result: count:0] 
[GIN] 2020/01/02 - 13:02:44 | 200 |    2.509116ms |  192.168.66.115 | POST     /getResult
[2020-01-02 13:02:47] 自開彩開獎  {202001020783 1 34 true} 
ConfigData  map[poolname:FA_MEM user:fa_db charset:utf8 redisPassword:"" redisDB:3 ip:192.168.88.181 port:3306 password:1qaz!QAZ database:FA_MEM redisIp:192.168.88.119 redisPort:6379]
SqlString  SELECT RTP,Amount,Bonus  FROM M_RtpSetting  WHERE Sid = 1   AND State = 1   AND LTG_Code = 1 AND Gid = 34
sqlResult   map[count:0 state:0 result:]
[2020-01-02 13:02:47] rtpData ------->   map[result: count:0 state:0] 
[GIN] 2020/01/02 - 13:02:47 | 200 |    3.004253ms |  192.168.66.115 | POST     /getResult
[2020-01-02 13:02:48] 自開彩開獎  {202001020783 4 40 true} 
ConfigData  map[user:fa_db password:1qaz!QAZ database:FA_MEM redisIp:192.168.88.119 redisPort:6379 redisPassword:"" ip:192.168.88.181 port:3306 charset:utf8 redisDB:3 poolname:FA_MEM]
SqlString  SELECT RTP,Amount,Bonus  FROM M_RtpSetting  WHERE Sid = 1   AND State = 1   AND LTG_Code = 4 AND Gid = 40
sqlResult   map[result: count:0 state:0]
[2020-01-02 13:02:48] rtpData ------->   map[state:0 result: count:0] 
[GIN] 2020/01/02 - 13:02:48 | 200 |    5.884244ms |  192.168.66.115 | POST     /getResult
[2020-01-02 13:02:49] 自開彩開獎  {202001020783 5 38 true} 
ConfigData  map[redisPassword:"" redisDB:3 ip:192.168.88.181 port:3306 user:fa_db database:FA_MEM redisPort:6379 poolname:FA_MEM password:1qaz!QAZ charset:utf8 redisIp:192.168.88.119]
SqlString  SELECT RTP,Amount,Bonus  FROM M_RtpSetting  WHERE Sid = 1   AND State = 1   AND LTG_Code = 5 AND Gid = 38
sqlResult   map[result: count:0 state:0]
[2020-01-02 13:02:49] rtpData ------->   map[result: count:0 state:0] 
[GIN] 2020/01/02 - 13:02:49 | 200 |    2.555102ms |  192.168.66.115 | POST     /getResult
[2020-01-02 13:02:49] 自開彩開獎  {202001020261 4 41 true} 
ConfigData  map[port:3306 user:fa_db charset:utf8 redisIp:192.168.88.119 redisDB:3 redisPassword:"" ip:192.168.88.181 poolname:FA_MEM password:1qaz!QAZ database:FA_MEM redisPort:6379]
SqlString  SELECT RTP,Amount,Bonus  FROM M_RtpSetting  WHERE Sid = 1   AND State = 1   AND LTG_Code = 4 AND Gid = 41
sqlResult   map[result: count:0 state:0]
[2020-01-02 13:02:49] rtpData ------->   map[result: count:0 state:0] 
[GIN] 2020/01/02 - 13:02:49 | 200 |     2.82929ms |  192.168.66.115 | POST     /getResult
[2020-01-02 13:02:50] 自開彩開獎  {202001020261 1 35 true} 
ConfigData  map[poolname:FA_MEM port:3306 user:fa_db database:FA_MEM charset:utf8 redisIp:192.168.88.119 redisPassword:"" ip:192.168.88.181 redisPort:6379 redisDB:3 password:1qaz!QAZ]
SqlString  SELECT RTP,Amount,Bonus  FROM M_RtpSetting  WHERE Sid = 1   AND State = 1   AND LTG_Code = 1 AND Gid = 35
[2020-01-02 13:02:50] 自開彩開獎  {202001020783 6 36 true} 
ConfigData  map[charset:utf8 redisIp:192.168.88.119 redisPassword:"" ip:192.168.88.181 port:3306 user:fa_db password:1qaz!QAZ database:FA_MEM poolname:FA_MEM redisPort:6379 redisDB:3]
SqlString  SELECT RTP,Amount,Bonus  FROM M_RtpSetting  WHERE Sid = 1   AND State = 1   AND LTG_Code = 6 AND Gid = 36
sqlResult   map[count:0 state:0 result:]
sqlResult   map[result: count:0 state:0]
[2020-01-02 13:02:50] rtpData ------->   map[count:0 state:0 result:] 
[GIN] 2020/01/02 - 13:02:50 | 200 |    2.762685ms |  192.168.66.115 | POST     /getResult
[2020-01-02 13:02:50] rtpData ------->   map[result: count:0 state:0] 
[GIN] 2020/01/02 - 13:02:50 | 200 |    2.884472ms |  192.168.66.115 | POST     /getResult
[2020-01-02 13:02:53] 自開彩開獎  {202001020783 1 34 true} 
ConfigData  map[charset:utf8 redisIp:192.168.88.119 redisPassword:"" redisPort:6379 redisDB:3 ip:192.168.88.181 poolname:FA_MEM port:3306 user:fa_db password:1qaz!QAZ database:FA_MEM]
SqlString  SELECT RTP,Amount,Bonus  FROM M_RtpSetting  WHERE Sid = 1   AND State = 1   AND LTG_Code = 1 AND Gid = 34
sqlResult   map[result: count:0 state:0]
[2020-01-02 13:02:53] rtpData ------->   map[result: count:0 state:0] 
[GIN] 2020/01/02 - 13:02:53 | 200 |    2.777926ms |  192.168.66.115 | POST     /getResult
[2020-01-02 13:02:54] 自開彩開獎  {202001020783 4 40 true} 
ConfigData  map[password:1qaz!QAZ redisPort:6379 ip:192.168.88.181 user:fa_db database:FA_MEM charset:utf8 redisIp:192.168.88.119 redisPassword:"" redisDB:3 poolname:FA_MEM port:3306]
SqlString  SELECT RTP,Amount,Bonus  FROM M_RtpSetting  WHERE Sid = 1   AND State = 1   AND LTG_Code = 4 AND Gid = 40
sqlResult   map[result: count:0 state:0]
[2020-01-02 13:02:54] rtpData ------->   map[result: count:0 state:0] 
[GIN] 2020/01/02 - 13:02:54 | 200 |    2.534283ms |  192.168.66.115 | POST     /getResult
[2020-01-02 13:02:55] 自開彩開獎  {202001020783 5 38 true} 
ConfigData  map[ip:192.168.88.181 poolname:FA_MEM user:fa_db database:FA_MEM charset:utf8 redisDB:3 port:3306 password:1qaz!QAZ redisIp:192.168.88.119 redisPort:6379 redisPassword:""]
SqlString  SELECT RTP,Amount,Bonus  FROM M_RtpSetting  WHERE Sid = 1   AND State = 1   AND LTG_Code = 5 AND Gid = 38
sqlResult   map[result: count:0 state:0]
[2020-01-02 13:02:55] rtpData ------->   map[result: count:0 state:0] 
[GIN] 2020/01/02 - 13:02:55 | 200 |    3.439994ms |  192.168.66.115 | POST     /getResult
[2020-01-02 13:02:55] 自開彩開獎  {202001020261 4 41 true} 
ConfigData  map[user:fa_db database:FA_MEM charset:utf8 redisIp:192.168.88.119 redisPort:6379 redisPassword:"" ip:192.168.88.181 poolname:FA_MEM port:3306 password:1qaz!QAZ redisDB:3]
SqlString  SELECT RTP,Amount,Bonus  FROM M_RtpSetting  WHERE Sid = 1   AND State = 1   AND LTG_Code = 4 AND Gid = 41
sqlResult   map[state:0 result: count:0]
[2020-01-02 13:02:55] rtpData ------->   map[result: count:0 state:0] 
[GIN] 2020/01/02 - 13:02:55 | 200 |    3.285119ms |  192.168.66.115 | POST     /getResult
[2020-01-02 13:02:56] 自開彩開獎  {202001020261 1 35 true} 
ConfigData  map[redisPassword:"" redisDB:3 user:fa_db password:1qaz!QAZ redisIp:192.168.88.119 database:FA_MEM charset:utf8 redisPort:6379 ip:192.168.88.181 poolname:FA_MEM port:3306]
SqlString  SELECT RTP,Amount,Bonus  FROM M_RtpSetting  WHERE Sid = 1   AND State = 1   AND LTG_Code = 1 AND Gid = 35
[2020-01-02 13:02:56] 自開彩開獎  {202001020783 6 36 true} 
ConfigData  map[redisPassword:"" redisDB:3 ip:192.168.88.181 port:3306 database:FA_MEM charset:utf8 redisPort:6379 poolname:FA_MEM user:fa_db password:1qaz!QAZ redisIp:192.168.88.119]
SqlString  SELECT RTP,Amount,Bonus  FROM M_RtpSetting  WHERE Sid = 1   AND State = 1   AND LTG_Code = 6 AND Gid = 36
sqlResult   map[count:0 state:0 result:]
[2020-01-02 13:02:56] rtpData ------->   map[result: count:0 state:0] 
sqlResult   map[result: count:0 state:0]
[2020-01-02 13:02:56] rtpData ------->   map[result: count:0 state:0] 
[GIN] 2020/01/02 - 13:02:56 | 200 |    2.212281ms |  192.168.66.115 | POST     /getResult
[GIN] 2020/01/02 - 13:02:56 | 200 |    2.406315ms |  192.168.66.115 | POST     /getResult
[2020-01-02 13:02:59] 自開彩開獎  {202001020783 1 34 true} 
ConfigData  map[redisDB:3 poolname:FA_MEM port:3306 user:fa_db database:FA_MEM charset:utf8 redisPassword:"" ip:192.168.88.181 password:1qaz!QAZ redisIp:192.168.88.119 redisPort:6379]
SqlString  SELECT RTP,Amount,Bonus  FROM M_RtpSetting  WHERE Sid = 1   AND State = 1   AND LTG_Code = 1 AND Gid = 34
sqlResult   map[result: count:0 state:0]
[2020-01-02 13:02:59] rtpData ------->   map[state:0 result: count:0] 
[GIN] 2020/01/02 - 13:02:59 | 200 |    2.769614ms |  192.168.66.115 | POST     /getResult
[2020-01-02 13:03:00] 自開彩開獎  {202001020783 4 40 true} 
ConfigData  map[user:fa_db database:FA_MEM redisIp:192.168.88.119 redisPort:6379 redisPassword:"" redisDB:3 ip:192.168.88.181 poolname:FA_MEM port:3306 password:1qaz!QAZ charset:utf8]
SqlString  SELECT RTP,Amount,Bonus  FROM M_RtpSetting  WHERE Sid = 1   AND State = 1   AND LTG_Code = 4 AND Gid = 40
sqlResult   map[count:0 state:0 result:]
[2020-01-02 13:03:00] rtpData ------->   map[result: count:0 state:0] 
[GIN] 2020/01/02 - 13:03:00 | 200 |    6.006285ms |  192.168.66.115 | POST     /getResult
[2020-01-02 13:03:00] 自開彩開獎  {202001020784 2 26 true} 
ConfigData  map[poolname:FA_MEM port:3306 user:fa_db database:FA_MEM charset:utf8 redisPassword:"" redisDB:3 ip:192.168.88.181 password:1qaz!QAZ redisIp:192.168.88.119 redisPort:6379]
SqlString  SELECT RTP,Amount,Bonus  FROM M_RtpSetting  WHERE Sid = 1   AND State = 1   AND LTG_Code = 2 AND Gid = 26
[2020-01-02 13:03:00] 自開彩開獎  {20200102262 2 27 true} 
ConfigData  map[redisDB:3 user:fa_db database:FA_MEM charset:utf8 redisPort:6379 redisPassword:"" ip:192.168.88.181 poolname:FA_MEM port:3306 password:1qaz!QAZ redisIp:192.168.88.119]
SqlString  SELECT RTP,Amount,Bonus  FROM M_RtpSetting  WHERE Sid = 1   AND State = 1   AND LTG_Code = 2 AND Gid = 27
sqlResult   map[result:0.9600 count:1 state:1 amount:1.0069588e+06 bonus:908100.71]
[2020-01-02 13:03:00] rtpData ------->   map[amount:1.0069588e+06 bonus:908100.71 result:0.9600 count:1 state:1] 
ConfigData  map[password:1qaz!QAZ database:FA_MEM redisPort:6379 redisDB:3 redisPassword:"" ip:192.168.88.181 poolname:FA_MEM port:3306 user:fa_db charset:utf8 redisIp:192.168.88.119]
SELECT BO_No, BO_OrderNo , BO_User , BO_Issue  , BO_LotteryTypeGroup, BO_LotteryType, BO_Mode, BO_LotteryPlayGroup, BO_LotteryPlay , BO_LotteryContent, BO_Price, BO_RealPrice, BO_Unit, BO_Multiple , BO_BetCount  , BO_Winnings, BO_Winnings2, BO_Winnings3, BO_WinningLimit  , BO_Water , BO_BW_SourceUserId, BO_BW_BackWater, BO_BW_LimitBetCount, BO_BW_MaxAmount, BO_BW_AuditMultiple  , BO_Odds, BO_Odds2, BO_Odds3 , BO_Type, BO_Chase , BO_OpenResult, BO_OpenResult2, BO_DateDraw, BO_DateDraw2, BO_DateUpdate  FROM TS_BetOrder  WHERE BO_Cancel = 0   AND BO_CancelBackend = 0   AND BO_LotteryTypeGroup = 2 AND BO_LotteryType = 26 AND BO_Issue = 202001020784 AND BO_Collect = 0 ORDER BY BO_DateDraw ASC, BO_DateCreate ASC, BO_DateUpdate ASC, BO_No ASC ;
sqlResult   map[amount:105208 bonus:58491.69 result:0.9600 count:1 state:1]
[2020-01-02 13:03:00] rtpData ------->   map[state:1 amount:105208 bonus:58491.69 result:0.9600 count:1] 
ConfigData  map[poolname:FA_MEM user:fa_db password:1qaz!QAZ charset:utf8 redisIp:192.168.88.119 redisPort:6379 redisDB:3 ip:192.168.88.181 port:3306 database:FA_MEM redisPassword:""]
SELECT BO_No, BO_OrderNo , BO_User , BO_Issue  , BO_LotteryTypeGroup, BO_LotteryType, BO_Mode, BO_LotteryPlayGroup, BO_LotteryPlay , BO_LotteryContent, BO_Price, BO_RealPrice, BO_Unit, BO_Multiple , BO_BetCount  , BO_Winnings, BO_Winnings2, BO_Winnings3, BO_WinningLimit  , BO_Water , BO_BW_SourceUserId, BO_BW_BackWater, BO_BW_LimitBetCount, BO_BW_MaxAmount, BO_BW_AuditMultiple  , BO_Odds, BO_Odds2, BO_Odds3 , BO_Type, BO_Chase , BO_OpenResult, BO_OpenResult2, BO_DateDraw, BO_DateDraw2, BO_DateUpdate  FROM TS_BetOrder  WHERE BO_Cancel = 0   AND BO_CancelBackend = 0   AND BO_LotteryTypeGroup = 2 AND BO_LotteryType = 27 AND BO_Issue = 20200102262 AND BO_Collect = 0 ORDER BY BO_DateDraw ASC, BO_DateCreate ASC, BO_DateUpdate ASC, BO_No ASC ;
[2020-01-02 13:03:00] LottteryTypeGroup 2 
[2020-01-02 13:03:00] 有期號 但無注單 -------> map[amount:0 bonus:0 thisOpenResult:[7 2 9 8 9]] 
[GIN] 2020/01/02 - 13:03:00 | 200 |     4.71355ms |  192.168.66.115 | POST     /getResult
[2020-01-02 13:03:00] LottteryTypeGroup 2 
[2020-01-02 13:03:00] 有期號 但無注單 -------> map[amount:0 bonus:0 thisOpenResult:[4 9 7 4 6]] 
[GIN] 2020/01/02 - 13:03:00 | 200 |    4.869002ms |  192.168.66.115 | POST     /getResult
[2020-01-02 13:03:01] 自開彩開獎  {202001020262 6 37 true} 
ConfigData  map[poolname:FA_MEM user:fa_db password:1qaz!QAZ database:FA_MEM charset:utf8 redisPort:6379 ip:192.168.88.181 port:3306 redisIp:192.168.88.119 redisPassword:"" redisDB:3]
SqlString  SELECT RTP,Amount,Bonus  FROM M_RtpSetting  WHERE Sid = 1   AND State = 1   AND LTG_Code = 6 AND Gid = 37
sqlResult   map[count:0 state:0 result:]
[2020-01-02 13:03:01] rtpData ------->   map[state:0 result: count:0] 
[GIN] 2020/01/02 - 13:03:01 | 200 |    1.949859ms |  192.168.66.115 | POST     /getResult
[2020-01-02 13:03:01] 自開彩開獎  {202001020783 5 38 true} 
ConfigData  map[password:1qaz!QAZ charset:utf8 redisIp:192.168.88.119 user:fa_db database:FA_MEM redisPort:6379 redisPassword:"" redisDB:3 ip:192.168.88.181 poolname:FA_MEM port:3306]
SqlString  SELECT RTP,Amount,Bonus  FROM M_RtpSetting  WHERE Sid = 1   AND State = 1   AND LTG_Code = 5 AND Gid = 38
sqlResult   map[count:0 state:0 result:]
[2020-01-02 13:03:01] rtpData ------->   map[result: count:0 state:0] 
[GIN] 2020/01/02 - 13:03:01 | 200 |    2.874322ms |  192.168.66.115 | POST     /getResult
[2020-01-02 13:03:01] 自開彩開獎  {202001020261 4 41 true} 
ConfigData  map[user:fa_db password:1qaz!QAZ redisPort:6379 redisDB:3 ip:192.168.88.181 port:3306 database:FA_MEM charset:utf8 redisIp:192.168.88.119 redisPassword:"" poolname:FA_MEM]
SqlString  SELECT RTP,Amount,Bonus  FROM M_RtpSetting  WHERE Sid = 1   AND State = 1   AND LTG_Code = 4 AND Gid = 41
sqlResult   map[result: count:0 state:0]
[2020-01-02 13:03:01] rtpData ------->   map[count:0 state:0 result:] 
[GIN] 2020/01/02 - 13:03:01 | 200 |    2.538039ms |  192.168.66.115 | POST     /getResult
[2020-01-02 13:03:02] 自開彩開獎  {202001020783 6 36 true} 
[2020-01-02 13:03:02] 自開彩開獎  {202001020261 1 35 true} 
ConfigData  map[password:1qaz!QAZ redisIp:192.168.88.119 redisPort:6379 redisDB:3 database:FA_MEM charset:utf8 redisPassword:"" ip:192.168.88.181 poolname:FA_MEM port:3306 user:fa_db]
SqlString  SELECT RTP,Amount,Bonus  FROM M_RtpSetting  WHERE Sid = 1   AND State = 1   AND LTG_Code = 6 AND Gid = 36
ConfigData  map[redisPort:6379 redisPassword:"" redisDB:3 ip:192.168.88.181 user:fa_db password:1qaz!QAZ database:FA_MEM charset:utf8 poolname:FA_MEM port:3306 redisIp:192.168.88.119]
SqlString  SELECT RTP,Amount,Bonus  FROM M_RtpSetting  WHERE Sid = 1   AND State = 1   AND LTG_Code = 1 AND Gid = 35
sqlResult   map[state:0 result: count:0]
sqlResult   map[result: count:0 state:0]
[2020-01-02 13:03:02] rtpData ------->   map[result: count:0 state:0] 
[2020-01-02 13:03:02] rtpData ------->   map[result: count:0 state:0] 
[GIN] 2020/01/02 - 13:03:02 | 200 |    2.576454ms |  192.168.66.115 | POST     /getResult
[GIN] 2020/01/02 - 13:03:02 | 200 |    2.618604ms |  192.168.66.115 | POST     /getResult
[2020-01-02 13:03:05] 自開彩開獎  {202001020783 1 34 true} 
ConfigData  map[redisDB:3 port:3306 database:FA_MEM charset:utf8 redisPort:6379 redisPassword:"" ip:192.168.88.181 poolname:FA_MEM user:fa_db password:1qaz!QAZ redisIp:192.168.88.119]
SqlString  SELECT RTP,Amount,Bonus  FROM M_RtpSetting  WHERE Sid = 1   AND State = 1   AND LTG_Code = 1 AND Gid = 34
sqlResult   map[state:0 result: count:0]
[2020-01-02 13:03:05] rtpData ------->   map[result: count:0 state:0] 
[GIN] 2020/01/02 - 13:03:05 | 200 |    2.228211ms |  192.168.66.115 | POST     /getResult
[2020-01-02 13:03:06] 自開彩開獎  {202001020784 4 40 true} 
ConfigData  map[user:fa_db database:FA_MEM redisIp:192.168.88.119 redisPort:6379 redisDB:3 redisPassword:"" ip:192.168.88.181 poolname:FA_MEM port:3306 password:1qaz!QAZ charset:utf8]
SqlString  SELECT RTP,Amount,Bonus  FROM M_RtpSetting  WHERE Sid = 1   AND State = 1   AND LTG_Code = 4 AND Gid = 40
sqlResult   map[result: count:0 state:0]
[2020-01-02 13:03:06] rtpData ------->   map[result: count:0 state:0] 
[GIN] 2020/01/02 - 13:03:06 | 200 |    4.726816ms |  192.168.66.115 | POST     /getResult
[2020-01-02 13:03:07] 自開彩開獎  {202001020262 6 37 true} 
ConfigData  map[poolname:FA_MEM user:fa_db charset:utf8 ip:192.168.88.181 port:3306 password:1qaz!QAZ database:FA_MEM redisIp:192.168.88.119 redisPort:6379 redisPassword:"" redisDB:3]
SqlString  SELECT RTP,Amount,Bonus  FROM M_RtpSetting  WHERE Sid = 1   AND State = 1   AND LTG_Code = 6 AND Gid = 37
sqlResult   map[result: count:0 state:0]
[2020-01-02 13:03:07] rtpData ------->   map[result: count:0 state:0] 
[GIN] 2020/01/02 - 13:03:07 | 200 |    4.038333ms |  192.168.66.115 | POST     /getResult
[2020-01-02 13:03:07] 自開彩開獎  {202001020784 5 38 true} 
ConfigData  map[poolname:FA_MEM port:3306 user:fa_db password:1qaz!QAZ charset:utf8 redisIp:192.168.88.119 redisPort:6379 redisDB:3 ip:192.168.88.181 database:FA_MEM redisPassword:""]
SqlString  SELECT RTP,Amount,Bonus  FROM M_RtpSetting  WHERE Sid = 1   AND State = 1   AND LTG_Code = 5 AND Gid = 38
sqlResult   map[result: count:0 state:0]
[2020-01-02 13:03:07] rtpData ------->   map[result: count:0 state:0] 
[GIN] 2020/01/02 - 13:03:07 | 200 |    2.419199ms |  192.168.66.115 | POST     /getResult
[2020-01-02 13:03:07] 自開彩開獎  {202001020262 4 41 true} 
ConfigData  map[ip:192.168.88.181 port:3306 password:1qaz!QAZ redisIp:192.168.88.119 redisPort:6379 redisDB:3 poolname:FA_MEM user:fa_db database:FA_MEM charset:utf8 redisPassword:""]
SqlString  SELECT RTP,Amount,Bonus  FROM M_RtpSetting  WHERE Sid = 1   AND State = 1   AND LTG_Code = 4 AND Gid = 41
sqlResult   map[result: count:0 state:0]
[2020-01-02 13:03:07] rtpData ------->   map[result: count:0 state:0] 
[GIN] 2020/01/02 - 13:03:07 | 200 |    2.266334ms |  192.168.66.115 | POST     /getResult
[2020-01-02 13:03:08] 自開彩開獎  {202001020262 1 35 true} 
[2020-01-02 13:03:08] 自開彩開獎  {202001020784 6 36 true} 
ConfigData  map[ip:192.168.88.181 password:1qaz!QAZ redisIp:192.168.88.119 redisPort:6379 redisDB:3 poolname:FA_MEM port:3306 user:fa_db database:FA_MEM charset:utf8 redisPassword:""]
SqlString  SELECT RTP,Amount,Bonus  FROM M_RtpSetting  WHERE Sid = 1   AND State = 1   AND LTG_Code = 1 AND Gid = 35
ConfigData  map[port:3306 user:fa_db password:1qaz!QAZ charset:utf8 redisPort:6379 redisPassword:"" redisDB:3 ip:192.168.88.181 database:FA_MEM redisIp:192.168.88.119 poolname:FA_MEM]
SqlString  SELECT RTP,Amount,Bonus  FROM M_RtpSetting  WHERE Sid = 1   AND State = 1   AND LTG_Code = 6 AND Gid = 36
sqlResult   map[count:0 state:0 result:]
[2020-01-02 13:03:08] rtpData ------->   map[result: count:0 state:0] 
sqlResult   map[result: count:0 state:0]
[2020-01-02 13:03:08] rtpData ------->   map[result: count:0 state:0] 
[GIN] 2020/01/02 - 13:03:08 | 200 |    2.339169ms |  192.168.66.115 | POST     /getResult
[GIN] 2020/01/02 - 13:03:08 | 200 |    2.494592ms |  192.168.66.115 | POST     /getResult
[2020-01-02 13:03:11] 自開彩開獎  {202001020784 1 34 true} 
ConfigData  map[port:3306 user:fa_db password:1qaz!QAZ redisIp:192.168.88.119 redisDB:3 ip:192.168.88.181 poolname:FA_MEM redisPort:6379 redisPassword:"" database:FA_MEM charset:utf8]
SqlString  SELECT RTP,Amount,Bonus  FROM M_RtpSetting  WHERE Sid = 1   AND State = 1   AND LTG_Code = 1 AND Gid = 34
sqlResult   map[count:0 state:0 result:]
[2020-01-02 13:03:11] rtpData ------->   map[result: count:0 state:0] 
[GIN] 2020/01/02 - 13:03:11 | 200 |     2.16777ms |  192.168.66.115 | POST     /getResult
[2020-01-02 13:03:12] 自開彩開獎  {202001020784 4 40 true} 
ConfigData  map[poolname:FA_MEM port:3306 user:fa_db password:1qaz!QAZ charset:utf8 redisIp:192.168.88.119 redisDB:3 ip:192.168.88.181 database:FA_MEM redisPort:6379 redisPassword:""]
SqlString  SELECT RTP,Amount,Bonus  FROM M_RtpSetting  WHERE Sid = 1   AND State = 1   AND LTG_Code = 4 AND Gid = 40
sqlResult   map[result: count:0 state:0]
[2020-01-02 13:03:12] rtpData ------->   map[count:0 state:0 result:] 
[GIN] 2020/01/02 - 13:03:12 | 200 |     2.48004ms |  192.168.66.115 | POST     /getResult
[2020-01-02 13:03:13] 自開彩開獎  {202001020262 6 37 true} 
ConfigData  map[poolname:FA_MEM database:FA_MEM charset:utf8 redisDB:3 ip:192.168.88.181 port:3306 user:fa_db password:1qaz!QAZ redisIp:192.168.88.119 redisPort:6379 redisPassword:""]
SqlString  SELECT RTP,Amount,Bonus  FROM M_RtpSetting  WHERE Sid = 1   AND State = 1   AND LTG_Code = 6 AND Gid = 37
sqlResult   map[result: count:0 state:0]
[2020-01-02 13:03:13] rtpData ------->   map[result: count:0 state:0] 
[GIN] 2020/01/02 - 13:03:13 | 200 |    2.326126ms |  192.168.66.115 | POST     /getResult
[2020-01-02 13:03:13] 自開彩開獎  {202001020784 5 38 true} 
ConfigData  map[ip:192.168.88.181 port:3306 password:1qaz!QAZ charset:utf8 redisDB:3 poolname:FA_MEM user:fa_db database:FA_MEM redisIp:192.168.88.119 redisPort:6379 redisPassword:""]
SqlString  SELECT RTP,Amount,Bonus  FROM M_RtpSetting  WHERE Sid = 1   AND State = 1   AND LTG_Code = 5 AND Gid = 38
sqlResult   map[result: count:0 state:0]
[2020-01-02 13:03:13] rtpData ------->   map[count:0 state:0 result:] 
[GIN] 2020/01/02 - 13:03:13 | 200 |    3.131078ms |  192.168.66.115 | POST     /getResult
[2020-01-02 13:03:13] 自開彩開獎  {202001020262 4 41 true} 
ConfigData  map[redisDB:3 user:fa_db database:FA_MEM charset:utf8 password:1qaz!QAZ redisIp:192.168.88.119 redisPort:6379 redisPassword:"" ip:192.168.88.181 poolname:FA_MEM port:3306]
SqlString  SELECT RTP,Amount,Bonus  FROM M_RtpSetting  WHERE Sid = 1   AND State = 1   AND LTG_Code = 4 AND Gid = 41
sqlResult   map[state:0 result: count:0]
[2020-01-02 13:03:13] rtpData ------->   map[state:0 result: count:0] 
[GIN] 2020/01/02 - 13:03:13 | 200 |    2.402993ms |  192.168.66.115 | POST     /getResult
[2020-01-02 13:03:14] 自開彩開獎  {202001020784 6 36 true} 
[2020-01-02 13:03:14] 自開彩開獎  {202001020262 1 35 true} 
ConfigData  map[ip:192.168.88.181 poolname:FA_MEM charset:utf8 redisIp:192.168.88.119 redisPort:6379 port:3306 user:fa_db password:1qaz!QAZ database:FA_MEM redisPassword:"" redisDB:3]
SqlString  SELECT RTP,Amount,Bonus  FROM M_RtpSetting  WHERE Sid = 1   AND State = 1   AND LTG_Code = 1 AND Gid = 35
ConfigData  map[database:FA_MEM redisPassword:"" ip:192.168.88.181 port:3306 user:fa_db redisIp:192.168.88.119 redisPort:6379 redisDB:3 poolname:FA_MEM password:1qaz!QAZ charset:utf8]
SqlString  SELECT RTP,Amount,Bonus  FROM M_RtpSetting  WHERE Sid = 1   AND State = 1   AND LTG_Code = 6 AND Gid = 36
sqlResult   map[result: count:0 state:0]
[2020-01-02 13:03:14] rtpData ------->   map[result: count:0 state:0] 
[GIN] 2020/01/02 - 13:03:14 | 200 |    2.604918ms |  192.168.66.115 | POST     /getResult
sqlResult   map[result: count:0 state:0]
[2020-01-02 13:03:14] rtpData ------->   map[result: count:0 state:0] 
[GIN] 2020/01/02 - 13:03:14 | 200 |    2.811307ms |  192.168.66.115 | POST     /getResult
[2020-01-02 13:03:17] 自開彩開獎  {202001020784 1 34 true} 
ConfigData  map[charset:utf8 redisIp:192.168.88.119 redisDB:3 poolname:FA_MEM user:fa_db password:1qaz!QAZ database:FA_MEM ip:192.168.88.181 port:3306 redisPort:6379 redisPassword:""]
SqlString  SELECT RTP,Amount,Bonus  FROM M_RtpSetting  WHERE Sid = 1   AND State = 1   AND LTG_Code = 1 AND Gid = 34
sqlResult   map[result: count:0 state:0]
[2020-01-02 13:03:17] rtpData ------->   map[result: count:0 state:0] 
[GIN] 2020/01/02 - 13:03:17 | 200 |      2.7277ms |  192.168.66.115 | POST     /getResult
[2020-01-02 13:03:18] 自開彩開獎  {202001020784 4 40 true} 
ConfigData  map[redisPassword:"" poolname:FA_MEM user:fa_db database:FA_MEM charset:utf8 redisPort:6379 redisDB:3 ip:192.168.88.181 port:3306 password:1qaz!QAZ redisIp:192.168.88.119]
SqlString  SELECT RTP,Amount,Bonus  FROM M_RtpSetting  WHERE Sid = 1   AND State = 1   AND LTG_Code = 4 AND Gid = 40
sqlResult   map[result: count:0 state:0]
[2020-01-02 13:03:18] rtpData ------->   map[result: count:0 state:0] 
[GIN] 2020/01/02 - 13:03:18 | 200 |    7.973903ms |  192.168.66.115 | POST     /getResult
[2020-01-02 13:03:19] 自開彩開獎  {202001020262 6 37 true} 
ConfigData  map[charset:utf8 redisIp:192.168.88.119 redisPort:6379 redisPassword:"" ip:192.168.88.181 poolname:FA_MEM port:3306 user:fa_db password:1qaz!QAZ database:FA_MEM redisDB:3]
SqlString  SELECT RTP,Amount,Bonus  FROM M_RtpSetting  WHERE Sid = 1   AND State = 1   AND LTG_Code = 6 AND Gid = 37
sqlResult   map[count:0 state:0 result:]
[2020-01-02 13:03:19] rtpData ------->   map[result: count:0 state:0] 
[GIN] 2020/01/02 - 13:03:19 | 200 |    2.643489ms |  192.168.66.115 | POST     /getResult
[2020-01-02 13:03:19] 自開彩開獎  {202001020784 5 38 true} 
ConfigData  map[database:FA_MEM redisIp:192.168.88.119 redisPort:6379 ip:192.168.88.181 poolname:FA_MEM port:3306 user:fa_db password:1qaz!QAZ redisPassword:"" charset:utf8 redisDB:3]
SqlString  SELECT RTP,Amount,Bonus  FROM M_RtpSetting  WHERE Sid = 1   AND State = 1   AND LTG_Code = 5 AND Gid = 38
sqlResult   map[result: count:0 state:0]
[2020-01-02 13:03:19] rtpData ------->   map[count:0 state:0 result:] 
[GIN] 2020/01/02 - 13:03:19 | 200 |    2.508396ms |  192.168.66.115 | POST     /getResult
[2020-01-02 13:03:19] 自開彩開獎  {202001020262 4 41 true} 
ConfigData  map[password:1qaz!QAZ redisPassword:"" redisDB:3 poolname:FA_MEM port:3306 user:fa_db database:FA_MEM charset:utf8 redisIp:192.168.88.119 redisPort:6379 ip:192.168.88.181]
SqlString  SELECT RTP,Amount,Bonus  FROM M_RtpSetting  WHERE Sid = 1   AND State = 1   AND LTG_Code = 4 AND Gid = 41
sqlResult   map[result: count:0 state:0]
[2020-01-02 13:03:19] rtpData ------->   map[count:0 state:0 result:] 
[GIN] 2020/01/02 - 13:03:19 | 200 |    2.846934ms |  192.168.66.115 | POST     /getResult
[2020-01-02 13:03:20] 自開彩開獎  {202001020784 6 36 true} 
[2020-01-02 13:03:20] 自開彩開獎  {202001020262 1 35 true} 
ConfigData  map[user:fa_db password:1qaz!QAZ redisIp:192.168.88.119 redisPort:6379 redisPassword:"" redisDB:3 ip:192.168.88.181 poolname:FA_MEM port:3306 database:FA_MEM charset:utf8]
SqlString  SELECT RTP,Amount,Bonus  FROM M_RtpSetting  WHERE Sid = 1   AND State = 1   AND LTG_Code = 6 AND Gid = 36
ConfigData  map[redisPort:6379 redisPassword:"" charset:utf8 redisIp:192.168.88.119 ip:192.168.88.181 poolname:FA_MEM port:3306 user:fa_db password:1qaz!QAZ database:FA_MEM redisDB:3]
SqlString  SELECT RTP,Amount,Bonus  FROM M_RtpSetting  WHERE Sid = 1   AND State = 1   AND LTG_Code = 1 AND Gid = 35
sqlResult   map[state:0 result: count:0]
[2020-01-02 13:03:20] rtpData ------->   map[result: count:0 state:0] 
[GIN] 2020/01/02 - 13:03:20 | 200 |    2.598576ms |  192.168.66.115 | POST     /getResult
sqlResult   map[result: count:0 state:0]
[2020-01-02 13:03:20] rtpData ------->   map[result: count:0 state:0] 
[GIN] 2020/01/02 - 13:03:20 | 200 |     2.70811ms |  192.168.66.115 | POST     /getResult
[2020-01-02 13:03:23] 自開彩開獎  {202001020784 1 34 true} 
ConfigData  map[poolname:FA_MEM port:3306 user:fa_db password:1qaz!QAZ database:FA_MEM redisDB:3 ip:192.168.88.181 redisIp:192.168.88.119 redisPort:6379 redisPassword:"" charset:utf8]
SqlString  SELECT RTP,Amount,Bonus  FROM M_RtpSetting  WHERE Sid = 1   AND State = 1   AND LTG_Code = 1 AND Gid = 34
sqlResult   map[result: count:0 state:0]
[2020-01-02 13:03:23] rtpData ------->   map[state:0 result: count:0] 
[GIN] 2020/01/02 - 13:03:23 | 200 |    2.179594ms |  192.168.66.115 | POST     /getResult
[2020-01-02 13:03:24] 自開彩開獎  {202001020784 4 40 true} 
ConfigData  map[user:fa_db database:FA_MEM redisPassword:"" poolname:FA_MEM port:3306 charset:utf8 redisIp:192.168.88.119 redisPort:6379 redisDB:3 ip:192.168.88.181 password:1qaz!QAZ]
SqlString  SELECT RTP,Amount,Bonus  FROM M_RtpSetting  WHERE Sid = 1   AND State = 1   AND LTG_Code = 4 AND Gid = 40
sqlResult   map[result: count:0 state:0]
[2020-01-02 13:03:24] rtpData ------->   map[result: count:0 state:0] 
[GIN] 2020/01/02 - 13:03:24 | 200 |     2.15516ms |  192.168.66.115 | POST     /getResult
[2020-01-02 13:03:25] 自開彩開獎  {202001020262 6 37 true} 
ConfigData  map[redisPort:6379 redisDB:3 port:3306 user:fa_db password:1qaz!QAZ database:FA_MEM charset:utf8 ip:192.168.88.181 poolname:FA_MEM redisIp:192.168.88.119 redisPassword:""]
SqlString  SELECT RTP,Amount,Bonus  FROM M_RtpSetting  WHERE Sid = 1   AND State = 1   AND LTG_Code = 6 AND Gid = 37
sqlResult   map[result: count:0 state:0]
[2020-01-02 13:03:25] rtpData ------->   map[result: count:0 state:0] 
[GIN] 2020/01/02 - 13:03:25 | 200 |    3.172545ms |  192.168.66.115 | POST     /getResult
[2020-01-02 13:03:25] 自開彩開獎  {202001020784 5 38 true} 
ConfigData  map[ip:192.168.88.181 user:fa_db password:1qaz!QAZ database:FA_MEM charset:utf8 redisIp:192.168.88.119 poolname:FA_MEM port:3306 redisPort:6379 redisPassword:"" redisDB:3]
SqlString  SELECT RTP,Amount,Bonus  FROM M_RtpSetting  WHERE Sid = 1   AND State = 1   AND LTG_Code = 5 AND Gid = 38
sqlResult   map[result: count:0 state:0]
[2020-01-02 13:03:25] rtpData ------->   map[result: count:0 state:0] 
[GIN] 2020/01/02 - 13:03:25 | 200 |    2.714334ms |  192.168.66.115 | POST     /getResult
[2020-01-02 13:03:25] 自開彩開獎  {202001020262 4 41 true} 
ConfigData  map[ip:192.168.88.181 user:fa_db redisPort:6379 redisDB:3 redisIp:192.168.88.119 redisPassword:"" poolname:FA_MEM port:3306 password:1qaz!QAZ database:FA_MEM charset:utf8]
SqlString  SELECT RTP,Amount,Bonus  FROM M_RtpSetting  WHERE Sid = 1   AND State = 1   AND LTG_Code = 4 AND Gid = 41
sqlResult   map[result: count:0 state:0]
[2020-01-02 13:03:25] rtpData ------->   map[state:0 result: count:0] 
[GIN] 2020/01/02 - 13:03:25 | 200 |    2.310152ms |  192.168.66.115 | POST     /getResult
[2020-01-02 13:03:26] 自開彩開獎  {202001020784 6 36 true} 
ConfigData  map[poolname:FA_MEM user:fa_db redisPassword:"" ip:192.168.88.181 port:3306 password:1qaz!QAZ database:FA_MEM charset:utf8 redisIp:192.168.88.119 redisPort:6379 redisDB:3]
SqlString  SELECT RTP,Amount,Bonus  FROM M_RtpSetting  WHERE Sid = 1   AND State = 1   AND LTG_Code = 6 AND Gid = 36
[2020-01-02 13:03:26] 自開彩開獎  {202001020262 1 35 true} 
ConfigData  map[redisPort:6379 poolname:FA_MEM port:3306 user:fa_db password:1qaz!QAZ database:FA_MEM ip:192.168.88.181 charset:utf8 redisIp:192.168.88.119 redisPassword:"" redisDB:3]
SqlString  SELECT RTP,Amount,Bonus  FROM M_RtpSetting  WHERE Sid = 1   AND State = 1   AND LTG_Code = 1 AND Gid = 35
sqlResult   map[result: count:0 state:0]
[2020-01-02 13:03:26] rtpData ------->   map[result: count:0 state:0] 
sqlResult   map[result: count:0 state:0]
[2020-01-02 13:03:26] rtpData ------->   map[result: count:0 state:0] 
[GIN] 2020/01/02 - 13:03:26 | 200 |    2.751548ms |  192.168.66.115 | POST     /getResult
[GIN] 2020/01/02 - 13:03:26 | 200 |    2.832482ms |  192.168.66.115 | POST     /getResult
[2020-01-02 13:03:29] 自開彩開獎  {202001020784 1 34 true} 
ConfigData  map[port:3306 user:fa_db password:1qaz!QAZ redisIp:192.168.88.119 redisPort:6379 poolname:FA_MEM database:FA_MEM charset:utf8 redisPassword:"" redisDB:3 ip:192.168.88.181]
SqlString  SELECT RTP,Amount,Bonus  FROM M_RtpSetting  WHERE Sid = 1   AND State = 1   AND LTG_Code = 1 AND Gid = 34
sqlResult   map[result: count:0 state:0]
[2020-01-02 13:03:29] rtpData ------->   map[result: count:0 state:0] 
[GIN] 2020/01/02 - 13:03:29 | 200 |    3.160281ms |  192.168.66.115 | POST     /getResult
[2020-01-02 13:03:30] 自開彩開獎  {202001020784 4 40 true} 
ConfigData  map[redisIp:192.168.88.119 redisPassword:"" redisDB:3 poolname:FA_MEM user:fa_db password:1qaz!QAZ database:FA_MEM charset:utf8 ip:192.168.88.181 port:3306 redisPort:6379]
SqlString  SELECT RTP,Amount,Bonus  FROM M_RtpSetting  WHERE Sid = 1   AND State = 1   AND LTG_Code = 4 AND Gid = 40
sqlResult   map[result: count:0 state:0]
[2020-01-02 13:03:30] rtpData ------->   map[result: count:0 state:0] 
[GIN] 2020/01/02 - 13:03:30 | 200 |    2.387258ms |  192.168.66.115 | POST     /getResult
[2020-01-02 13:03:31] 自開彩開獎  {202001020262 6 37 true} 
ConfigData  map[poolname:FA_MEM user:fa_db database:FA_MEM redisIp:192.168.88.119 redisDB:3 ip:192.168.88.181 port:3306 password:1qaz!QAZ charset:utf8 redisPort:6379 redisPassword:""]
SqlString  SELECT RTP,Amount,Bonus  FROM M_RtpSetting  WHERE Sid = 1   AND State = 1   AND LTG_Code = 6 AND Gid = 37
sqlResult   map[result: count:0 state:0]
[2020-01-02 13:03:31] rtpData ------->   map[result: count:0 state:0] 
[GIN] 2020/01/02 - 13:03:31 | 200 |    2.780785ms |  192.168.66.115 | POST     /getResult
[2020-01-02 13:03:31] 自開彩開獎  {202001020784 5 38 true} 
ConfigData  map[charset:utf8 redisPort:6379 redisPassword:"" redisDB:3 ip:192.168.88.181 port:3306 user:fa_db password:1qaz!QAZ poolname:FA_MEM database:FA_MEM redisIp:192.168.88.119]
SqlString  SELECT RTP,Amount,Bonus  FROM M_RtpSetting  WHERE Sid = 1   AND State = 1   AND LTG_Code = 5 AND Gid = 38
sqlResult   map[result: count:0 state:0]
[2020-01-02 13:03:31] rtpData ------->   map[result: count:0 state:0] 
[GIN] 2020/01/02 - 13:03:31 | 200 |    2.894391ms |  192.168.66.115 | POST     /getResult
[2020-01-02 13:03:31] 自開彩開獎  {202001020262 4 41 true} 
ConfigData  map[ip:192.168.88.181 redisPassword:"" redisDB:3 poolname:FA_MEM port:3306 user:fa_db password:1qaz!QAZ database:FA_MEM charset:utf8 redisIp:192.168.88.119 redisPort:6379]
SqlString  SELECT RTP,Amount,Bonus  FROM M_RtpSetting  WHERE Sid = 1   AND State = 1   AND LTG_Code = 4 AND Gid = 41
sqlResult   map[result: count:0 state:0]
[2020-01-02 13:03:31] rtpData ------->   map[result: count:0 state:0] 
[GIN] 2020/01/02 - 13:03:31 | 200 |    4.990225ms |  192.168.66.115 | POST     /getResult
[2020-01-02 13:03:32] 自開彩開獎  {202001020784 6 36 true} 
ConfigData  map[port:3306 user:fa_db database:FA_MEM redisPassword:"" redisDB:3 redisPort:6379 ip:192.168.88.181 poolname:FA_MEM password:1qaz!QAZ charset:utf8 redisIp:192.168.88.119]
[2020-01-02 13:03:32] 自開彩開獎  {202001020262 1 35 true} 
ConfigData  map[port:3306 password:1qaz!QAZ redisPort:6379 redisDB:3 redisPassword:"" ip:192.168.88.181 poolname:FA_MEM user:fa_db database:FA_MEM charset:utf8 redisIp:192.168.88.119]
SqlString  SELECT RTP,Amount,Bonus  FROM M_RtpSetting  WHERE Sid = 1   AND State = 1   AND LTG_Code = 1 AND Gid = 35
SqlString  SELECT RTP,Amount,Bonus  FROM M_RtpSetting  WHERE Sid = 1   AND State = 1   AND LTG_Code = 6 AND Gid = 36
sqlResult   map[result: count:0 state:0]
[2020-01-02 13:03:32] rtpData ------->   map[result: count:0 state:0] 
sqlResult   map[result: count:0 state:0]
[2020-01-02 13:03:32] rtpData ------->   map[state:0 result: count:0] 
[GIN] 2020/01/02 - 13:03:32 | 200 |    2.957827ms |  192.168.66.115 | POST     /getResult
[GIN] 2020/01/02 - 13:03:32 | 200 |    3.062107ms |  192.168.66.115 | POST     /getResult
[2020-01-02 13:03:35] 自開彩開獎  {202001020784 1 34 true} 
ConfigData  map[redisIp:192.168.88.119 redisPassword:"" redisDB:3 user:fa_db password:1qaz!QAZ port:3306 database:FA_MEM charset:utf8 redisPort:6379 ip:192.168.88.181 poolname:FA_MEM]
SqlString  SELECT RTP,Amount,Bonus  FROM M_RtpSetting  WHERE Sid = 1   AND State = 1   AND LTG_Code = 1 AND Gid = 34
sqlResult   map[result: count:0 state:0]
[2020-01-02 13:03:35] rtpData ------->   map[result: count:0 state:0] 
[GIN] 2020/01/02 - 13:03:35 | 200 |    2.948381ms |  192.168.66.115 | POST     /getResult
[2020-01-02 13:03:36] 自開彩開獎  {202001020784 4 40 true} 
ConfigData  map[database:FA_MEM redisPort:6379 redisPassword:"" redisDB:3 poolname:FA_MEM port:3306 password:1qaz!QAZ charset:utf8 redisIp:192.168.88.119 ip:192.168.88.181 user:fa_db]
SqlString  SELECT RTP,Amount,Bonus  FROM M_RtpSetting  WHERE Sid = 1   AND State = 1   AND LTG_Code = 4 AND Gid = 40
sqlResult   map[result: count:0 state:0]
[2020-01-02 13:03:36] rtpData ------->   map[result: count:0 state:0] 
[GIN] 2020/01/02 - 13:03:36 | 200 |    5.589979ms |  192.168.66.115 | POST     /getResult
[2020-01-02 13:03:37] 自開彩開獎  {202001020262 6 37 true} 
ConfigData  map[charset:utf8 redisDB:3 ip:192.168.88.181 poolname:FA_MEM port:3306 user:fa_db password:1qaz!QAZ database:FA_MEM redisIp:192.168.88.119 redisPort:6379 redisPassword:""]
SqlString  SELECT RTP,Amount,Bonus  FROM M_RtpSetting  WHERE Sid = 1   AND State = 1   AND LTG_Code = 6 AND Gid = 37
sqlResult   map[result: count:0 state:0]
[2020-01-02 13:03:37] rtpData ------->   map[result: count:0 state:0] 
[GIN] 2020/01/02 - 13:03:37 | 200 |    3.106594ms |  192.168.66.115 | POST     /getResult
[2020-01-02 13:03:37] 自開彩開獎  {202001020784 5 38 true} 
ConfigData  map[user:fa_db charset:utf8 redisPassword:"" poolname:FA_MEM port:3306 password:1qaz!QAZ database:FA_MEM redisIp:192.168.88.119 redisPort:6379 redisDB:3 ip:192.168.88.181]
SqlString  SELECT RTP,Amount,Bonus  FROM M_RtpSetting  WHERE Sid = 1   AND State = 1   AND LTG_Code = 5 AND Gid = 38
sqlResult   map[state:0 result: count:0]
[2020-01-02 13:03:37] rtpData ------->   map[result: count:0 state:0] 
[GIN] 2020/01/02 - 13:03:37 | 200 |    2.779318ms |  192.168.66.115 | POST     /getResult
[2020-01-02 13:03:37] 自開彩開獎  {202001020262 4 41 true} 
ConfigData  map[charset:utf8 redisPort:6379 redisPassword:"" user:fa_db password:1qaz!QAZ database:FA_MEM redisIp:192.168.88.119 redisDB:3 ip:192.168.88.181 poolname:FA_MEM port:3306]
SqlString  SELECT RTP,Amount,Bonus  FROM M_RtpSetting  WHERE Sid = 1   AND State = 1   AND LTG_Code = 4 AND Gid = 41
sqlResult   map[result: count:0 state:0]
[2020-01-02 13:03:37] rtpData ------->   map[result: count:0 state:0] 
[GIN] 2020/01/02 - 13:03:37 | 200 |    2.749894ms |  192.168.66.115 | POST     /getResult
[2020-01-02 13:03:38] 自開彩開獎  {202001020784 6 36 true} 
ConfigData  map[poolname:FA_MEM user:fa_db password:1qaz!QAZ redisIp:192.168.88.119 redisPort:6379 redisPassword:"" redisDB:3 ip:192.168.88.181 port:3306 database:FA_MEM charset:utf8]
SqlString  SELECT RTP,Amount,Bonus  FROM M_RtpSetting  WHERE Sid = 1   AND State = 1   AND LTG_Code = 6 AND Gid = 36
[2020-01-02 13:03:38] 自開彩開獎  {202001020262 1 35 true} 
ConfigData  map[poolname:FA_MEM password:1qaz!QAZ database:FA_MEM charset:utf8 redisIp:192.168.88.119 redisPassword:"" ip:192.168.88.181 port:3306 user:fa_db redisPort:6379 redisDB:3]
SqlString  SELECT RTP,Amount,Bonus  FROM M_RtpSetting  WHERE Sid = 1   AND State = 1   AND LTG_Code = 1 AND Gid = 35
sqlResult   map[result: count:0 state:0]
[2020-01-02 13:03:38] rtpData ------->   map[state:0 result: count:0] 
[GIN] 2020/01/02 - 13:03:38 | 200 |    2.655509ms |  192.168.66.115 | POST     /getResult
sqlResult   map[result: count:0 state:0]
[2020-01-02 13:03:38] rtpData ------->   map[state:0 result: count:0] 
[GIN] 2020/01/02 - 13:03:38 | 200 |    2.904432ms |  192.168.66.115 | POST     /getResult
[2020-01-02 13:03:41] 自開彩開獎  {202001020784 1 34 true} 
ConfigData  map[redisDB:3 ip:192.168.88.181 poolname:FA_MEM redisPort:6379 redisPassword:"" charset:utf8 redisIp:192.168.88.119 port:3306 user:fa_db password:1qaz!QAZ database:FA_MEM]
SqlString  SELECT RTP,Amount,Bonus  FROM M_RtpSetting  WHERE Sid = 1   AND State = 1   AND LTG_Code = 1 AND Gid = 34
sqlResult   map[state:0 result: count:0]
[2020-01-02 13:03:41] rtpData ------->   map[result: count:0 state:0] 
[GIN] 2020/01/02 - 13:03:41 | 200 |    2.794749ms |  192.168.66.115 | POST     /getResult
[2020-01-02 13:03:42] 自開彩開獎  {202001020784 4 40 true} 
ConfigData  map[charset:utf8 redisPassword:"" redisDB:3 ip:192.168.88.181 poolname:FA_MEM port:3306 redisIp:192.168.88.119 redisPort:6379 user:fa_db password:1qaz!QAZ database:FA_MEM]
SqlString  SELECT RTP,Amount,Bonus  FROM M_RtpSetting  WHERE Sid = 1   AND State = 1   AND LTG_Code = 4 AND Gid = 40
sqlResult   map[result: count:0 state:0]
[2020-01-02 13:03:42] rtpData ------->   map[count:0 state:0 result:] 
[GIN] 2020/01/02 - 13:03:42 | 200 |    2.409323ms |  192.168.66.115 | POST     /getResult
[2020-01-02 13:03:43] 自開彩開獎  {202001020262 6 37 true} 
ConfigData  map[redisDB:3 database:FA_MEM poolname:FA_MEM port:3306 user:fa_db password:1qaz!QAZ charset:utf8 redisIp:192.168.88.119 redisPort:6379 ip:192.168.88.181 redisPassword:""]
SqlString  SELECT RTP,Amount,Bonus  FROM M_RtpSetting  WHERE Sid = 1   AND State = 1   AND LTG_Code = 6 AND Gid = 37
sqlResult   map[count:0 state:0 result:]
[2020-01-02 13:03:43] rtpData ------->   map[result: count:0 state:0] 
[GIN] 2020/01/02 - 13:03:43 | 200 |    2.666653ms |  192.168.66.115 | POST     /getResult
[2020-01-02 13:03:43] 自開彩開獎  {202001020784 5 38 true} 
ConfigData  map[port:3306 redisIp:192.168.88.119 user:fa_db password:1qaz!QAZ database:FA_MEM charset:utf8 redisPort:6379 redisPassword:"" ip:192.168.88.181 poolname:FA_MEM redisDB:3]
SqlString  SELECT RTP,Amount,Bonus  FROM M_RtpSetting  WHERE Sid = 1   AND State = 1   AND LTG_Code = 5 AND Gid = 38
sqlResult   map[result: count:0 state:0]
[2020-01-02 13:03:43] rtpData ------->   map[result: count:0 state:0] 
[GIN] 2020/01/02 - 13:03:43 | 200 |    2.744082ms |  192.168.66.115 | POST     /getResult
[2020-01-02 13:03:43] 自開彩開獎  {202001020262 4 41 true} 
ConfigData  map[database:FA_MEM charset:utf8 redisPort:6379 redisPassword:"" ip:192.168.88.181 port:3306 password:1qaz!QAZ redisDB:3 poolname:FA_MEM user:fa_db redisIp:192.168.88.119]
SqlString  SELECT RTP,Amount,Bonus  FROM M_RtpSetting  WHERE Sid = 1   AND State = 1   AND LTG_Code = 4 AND Gid = 41
sqlResult   map[result: count:0 state:0]
[2020-01-02 13:03:43] rtpData ------->   map[result: count:0 state:0] 
[GIN] 2020/01/02 - 13:03:43 | 200 |    2.154266ms |  192.168.66.115 | POST     /getResult
[2020-01-02 13:03:44] 自開彩開獎  {202001020262 1 35 true} 
ConfigData  map[port:3306 user:fa_db password:1qaz!QAZ redisPort:6379 redisPassword:"" poolname:FA_MEM database:FA_MEM charset:utf8 redisIp:192.168.88.119 redisDB:3 ip:192.168.88.181]
SqlString  SELECT RTP,Amount,Bonus  FROM M_RtpSetting  WHERE Sid = 1   AND State = 1   AND LTG_Code = 1 AND Gid = 35
[2020-01-02 13:03:44] 自開彩開獎  {202001020784 6 36 true} 
ConfigData  map[poolname:FA_MEM password:1qaz!QAZ redisIp:192.168.88.119 redisPassword:"" redisPort:6379 redisDB:3 ip:192.168.88.181 port:3306 user:fa_db database:FA_MEM charset:utf8]
SqlString  SELECT RTP,Amount,Bonus  FROM M_RtpSetting  WHERE Sid = 1   AND State = 1   AND LTG_Code = 6 AND Gid = 36
sqlResult   map[result: count:0 state:0]
[2020-01-02 13:03:44] rtpData ------->   map[result: count:0 state:0] 
[GIN] 2020/01/02 - 13:03:44 | 200 |    2.049657ms |  192.168.66.115 | POST     /getResult
sqlResult   map[result: count:0 state:0]
[2020-01-02 13:03:44] rtpData ------->   map[result: count:0 state:0] 
[GIN] 2020/01/02 - 13:03:44 | 200 |    2.498629ms |  192.168.66.115 | POST     /getResult
[2020-01-02 13:03:47] 自開彩開獎  {202001020784 1 34 true} 
ConfigData  map[poolname:FA_MEM port:3306 password:1qaz!QAZ redisIp:192.168.88.119 redisDB:3 ip:192.168.88.181 user:fa_db database:FA_MEM charset:utf8 redisPort:6379 redisPassword:""]
SqlString  SELECT RTP,Amount,Bonus  FROM M_RtpSetting  WHERE Sid = 1   AND State = 1   AND LTG_Code = 1 AND Gid = 34
sqlResult   map[result: count:0 state:0]
[2020-01-02 13:03:47] rtpData ------->   map[result: count:0 state:0] 
[GIN] 2020/01/02 - 13:03:47 | 200 |    2.701271ms |  192.168.66.115 | POST     /getResult
[2020-01-02 13:03:48] 自開彩開獎  {202001020784 4 40 true} 
ConfigData  map[user:fa_db redisIp:192.168.88.119 redisPassword:"" redisDB:3 database:FA_MEM charset:utf8 redisPort:6379 ip:192.168.88.181 poolname:FA_MEM port:3306 password:1qaz!QAZ]
SqlString  SELECT RTP,Amount,Bonus  FROM M_RtpSetting  WHERE Sid = 1   AND State = 1   AND LTG_Code = 4 AND Gid = 40
sqlResult   map[count:0 state:0 result:]
[2020-01-02 13:03:48] rtpData ------->   map[result: count:0 state:0] 
[GIN] 2020/01/02 - 13:03:48 | 200 |    3.308024ms |  192.168.66.115 | POST     /getResult
[2020-01-02 13:03:49] 自開彩開獎  {202001020262 6 37 true} 
ConfigData  map[charset:utf8 redisDB:3 poolname:FA_MEM port:3306 user:fa_db password:1qaz!QAZ database:FA_MEM redisIp:192.168.88.119 redisPort:6379 redisPassword:"" ip:192.168.88.181]
SqlString  SELECT RTP,Amount,Bonus  FROM M_RtpSetting  WHERE Sid = 1   AND State = 1   AND LTG_Code = 6 AND Gid = 37
sqlResult   map[count:0 state:0 result:]
[2020-01-02 13:03:49] rtpData ------->   map[result: count:0 state:0] 
[GIN] 2020/01/02 - 13:03:49 | 200 |    2.379575ms |  192.168.66.115 | POST     /getResult
[2020-01-02 13:03:49] 自開彩開獎  {202001020784 5 38 true} 
ConfigData  map[charset:utf8 redisIp:192.168.88.119 redisPort:6379 redisDB:3 port:3306 database:FA_MEM user:fa_db password:1qaz!QAZ redisPassword:"" ip:192.168.88.181 poolname:FA_MEM]
SqlString  SELECT RTP,Amount,Bonus  FROM M_RtpSetting  WHERE Sid = 1   AND State = 1   AND LTG_Code = 5 AND Gid = 38
sqlResult   map[result: count:0 state:0]
[2020-01-02 13:03:49] rtpData ------->   map[result: count:0 state:0] 
[GIN] 2020/01/02 - 13:03:49 | 200 |    2.788786ms |  192.168.66.115 | POST     /getResult
[2020-01-02 13:03:49] 自開彩開獎  {202001020262 4 41 true} 
ConfigData  map[redisIp:192.168.88.119 redisPort:6379 redisPassword:"" redisDB:3 poolname:FA_MEM port:3306 charset:utf8 database:FA_MEM ip:192.168.88.181 user:fa_db password:1qaz!QAZ]
SqlString  SELECT RTP,Amount,Bonus  FROM M_RtpSetting  WHERE Sid = 1   AND State = 1   AND LTG_Code = 4 AND Gid = 41
sqlResult   map[state:0 result: count:0]
[2020-01-02 13:03:49] rtpData ------->   map[result: count:0 state:0] 
[GIN] 2020/01/02 - 13:03:49 | 200 |    3.158664ms |  192.168.66.115 | POST     /getResult
[2020-01-02 13:03:50] 自開彩開獎  {202001020262 1 35 true} 
ConfigData  map[ip:192.168.88.181 poolname:FA_MEM password:1qaz!QAZ redisDB:3 redisPassword:"" port:3306 user:fa_db database:FA_MEM charset:utf8 redisIp:192.168.88.119 redisPort:6379]
[2020-01-02 13:03:50] 自開彩開獎  {202001020784 6 36 true} 
ConfigData  map[password:1qaz!QAZ database:FA_MEM charset:utf8 redisIp:192.168.88.119 redisPort:6379 port:3306 user:fa_db redisPassword:"" redisDB:3 ip:192.168.88.181 poolname:FA_MEM]
SqlString  SELECT RTP,Amount,Bonus  FROM M_RtpSetting  WHERE Sid = 1   AND State = 1   AND LTG_Code = 6 AND Gid = 36
SqlString  SELECT RTP,Amount,Bonus  FROM M_RtpSetting  WHERE Sid = 1   AND State = 1   AND LTG_Code = 1 AND Gid = 35
sqlResult   map[result: count:0 state:0]
[2020-01-02 13:03:50] rtpData ------->   map[result: count:0 state:0] 
[GIN] 2020/01/02 - 13:03:50 | 200 |    3.002257ms |  192.168.66.115 | POST     /getResult
sqlResult   map[count:0 state:0 result:]
[2020-01-02 13:03:50] rtpData ------->   map[result: count:0 state:0] 
[GIN] 2020/01/02 - 13:03:50 | 200 |    3.129029ms |  192.168.66.115 | POST     /getResult
[2020-01-02 13:03:53] 自開彩開獎  {202001020784 1 34 true} 
ConfigData  map[poolname:FA_MEM port:3306 user:fa_db password:1qaz!QAZ database:FA_MEM charset:utf8 redisIp:192.168.88.119 ip:192.168.88.181 redisPassword:"" redisDB:3 redisPort:6379]
SqlString  SELECT RTP,Amount,Bonus  FROM M_RtpSetting  WHERE Sid = 1   AND State = 1   AND LTG_Code = 1 AND Gid = 34
sqlResult   map[count:0 state:0 result:]
[2020-01-02 13:03:53] rtpData ------->   map[result: count:0 state:0] 
[GIN] 2020/01/02 - 13:03:53 | 200 |    2.726446ms |  192.168.66.115 | POST     /getResult
[2020-01-02 13:03:54] 自開彩開獎  {202001020784 4 40 true} 
ConfigData  map[ip:192.168.88.181 port:3306 user:fa_db password:1qaz!QAZ database:FA_MEM redisPort:6379 redisPassword:"" poolname:FA_MEM charset:utf8 redisIp:192.168.88.119 redisDB:3]
SqlString  SELECT RTP,Amount,Bonus  FROM M_RtpSetting  WHERE Sid = 1   AND State = 1   AND LTG_Code = 4 AND Gid = 40
sqlResult   map[count:0 state:0 result:]
[2020-01-02 13:03:54] rtpData ------->   map[result: count:0 state:0] 
[GIN] 2020/01/02 - 13:03:54 | 200 |    3.078182ms |  192.168.66.115 | POST     /getResult
[2020-01-02 13:03:55] 自開彩開獎  {202001020262 6 37 true} 
ConfigData  map[redisPort:6379 redisPassword:"" redisDB:3 ip:192.168.88.181 poolname:FA_MEM port:3306 database:FA_MEM charset:utf8 user:fa_db password:1qaz!QAZ redisIp:192.168.88.119]
SqlString  SELECT RTP,Amount,Bonus  FROM M_RtpSetting  WHERE Sid = 1   AND State = 1   AND LTG_Code = 6 AND Gid = 37
sqlResult   map[state:0 result: count:0]
[2020-01-02 13:03:55] rtpData ------->   map[result: count:0 state:0] 
[GIN] 2020/01/02 - 13:03:55 | 200 |    2.427817ms |  192.168.66.115 | POST     /getResult
[2020-01-02 13:03:55] 自開彩開獎  {202001020784 5 38 true} 
ConfigData  map[ip:192.168.88.181 user:fa_db password:1qaz!QAZ redisIp:192.168.88.119 redisPort:6379 poolname:FA_MEM port:3306 database:FA_MEM charset:utf8 redisPassword:"" redisDB:3]
SqlString  SELECT RTP,Amount,Bonus  FROM M_RtpSetting  WHERE Sid = 1   AND State = 1   AND LTG_Code = 5 AND Gid = 38
sqlResult   map[count:0 state:0 result:]
[2020-01-02 13:03:55] rtpData ------->   map[count:0 state:0 result:] 
[GIN] 2020/01/02 - 13:03:55 | 200 |    2.205919ms |  192.168.66.115 | POST     /getResult
[2020-01-02 13:03:55] 自開彩開獎  {202001020262 4 41 true} 
ConfigData  map[redisIp:192.168.88.119 redisPassword:"" redisDB:3 ip:192.168.88.181 poolname:FA_MEM database:FA_MEM charset:utf8 port:3306 user:fa_db password:1qaz!QAZ redisPort:6379]
SqlString  SELECT RTP,Amount,Bonus  FROM M_RtpSetting  WHERE Sid = 1   AND State = 1   AND LTG_Code = 4 AND Gid = 41
sqlResult   map[count:0 state:0 result:]
[2020-01-02 13:03:55] rtpData ------->   map[result: count:0 state:0] 
[GIN] 2020/01/02 - 13:03:55 | 200 |    2.751934ms |  192.168.66.115 | POST     /getResult
[2020-01-02 13:03:56] 自開彩開獎  {202001020262 1 35 true} 
ConfigData  map[user:fa_db database:FA_MEM redisDB:3 ip:192.168.88.181 port:3306 charset:utf8 redisIp:192.168.88.119 redisPort:6379 redisPassword:"" poolname:FA_MEM password:1qaz!QAZ]
SqlString  SELECT RTP,Amount,Bonus  FROM M_RtpSetting  WHERE Sid = 1   AND State = 1   AND LTG_Code = 1 AND Gid = 35
[2020-01-02 13:03:56] 自開彩開獎  {202001020784 6 36 true} 
ConfigData  map[user:fa_db redisPassword:"" port:3306 password:1qaz!QAZ database:FA_MEM charset:utf8 redisIp:192.168.88.119 redisPort:6379 ip:192.168.88.181 poolname:FA_MEM redisDB:3]
SqlString  SELECT RTP,Amount,Bonus  FROM M_RtpSetting  WHERE Sid = 1   AND State = 1   AND LTG_Code = 6 AND Gid = 36
sqlResult   map[result: count:0 state:0]
[2020-01-02 13:03:56] rtpData ------->   map[result: count:0 state:0] 
sqlResult   map[count:0 state:0 result:]
[GIN] 2020/01/02 - 13:03:56 | 200 |     2.60148ms |  192.168.66.115 | POST     /getResult
[2020-01-02 13:03:56] rtpData ------->   map[state:0 result: count:0] 
[GIN] 2020/01/02 - 13:03:56 | 200 |    2.885364ms |  192.168.66.115 | POST     /getResult
[2020-01-02 13:03:59] 自開彩開獎  {202001020784 1 34 true} 
ConfigData  map[poolname:FA_MEM user:fa_db password:1qaz!QAZ database:FA_MEM charset:utf8 redisIp:192.168.88.119 redisPort:6379 ip:192.168.88.181 port:3306 redisPassword:"" redisDB:3]
SqlString  SELECT RTP,Amount,Bonus  FROM M_RtpSetting  WHERE Sid = 1   AND State = 1   AND LTG_Code = 1 AND Gid = 34
sqlResult   map[result: count:0 state:0]
[2020-01-02 13:03:59] rtpData ------->   map[state:0 result: count:0] 
[GIN] 2020/01/02 - 13:03:59 | 200 |    2.824801ms |  192.168.66.115 | POST     /getResult
[2020-01-02 13:04:00] 自開彩開獎  {202001020784 4 40 true} 
ConfigData  map[redisPort:6379 redisDB:3 ip:192.168.88.181 poolname:FA_MEM password:1qaz!QAZ database:FA_MEM redisIp:192.168.88.119 port:3306 user:fa_db charset:utf8 redisPassword:""]
SqlString  SELECT RTP,Amount,Bonus  FROM M_RtpSetting  WHERE Sid = 1   AND State = 1   AND LTG_Code = 4 AND Gid = 40
sqlResult   map[result: count:0 state:0]
[2020-01-02 13:04:00] rtpData ------->   map[result: count:0 state:0] 
[GIN] 2020/01/02 - 13:04:00 | 200 |    3.854979ms |  192.168.66.115 | POST     /getResult
[2020-01-02 13:04:00] 自開彩開獎  {202001020785 2 26 true} 
ConfigData  map[redisDB:3 poolname:FA_MEM charset:utf8 redisPassword:"" password:1qaz!QAZ database:FA_MEM redisIp:192.168.88.119 redisPort:6379 ip:192.168.88.181 port:3306 user:fa_db]
SqlString  SELECT RTP,Amount,Bonus  FROM M_RtpSetting  WHERE Sid = 1   AND State = 1   AND LTG_Code = 2 AND Gid = 26
sqlResult   map[bonus:908100.71 result:0.9600 count:1 state:1 amount:1.0069588e+06]
[2020-01-02 13:04:00] rtpData ------->   map[result:0.9600 count:1 state:1 amount:1.0069588e+06 bonus:908100.71] 
ConfigData  map[ip:192.168.88.181 poolname:FA_MEM port:3306 database:FA_MEM redisIp:192.168.88.119 redisPort:6379 user:fa_db password:1qaz!QAZ charset:utf8 redisPassword:"" redisDB:3]
SELECT BO_No, BO_OrderNo , BO_User , BO_Issue  , BO_LotteryTypeGroup, BO_LotteryType, BO_Mode, BO_LotteryPlayGroup, BO_LotteryPlay , BO_LotteryContent, BO_Price, BO_RealPrice, BO_Unit, BO_Multiple , BO_BetCount  , BO_Winnings, BO_Winnings2, BO_Winnings3, BO_WinningLimit  , BO_Water , BO_BW_SourceUserId, BO_BW_BackWater, BO_BW_LimitBetCount, BO_BW_MaxAmount, BO_BW_AuditMultiple  , BO_Odds, BO_Odds2, BO_Odds3 , BO_Type, BO_Chase , BO_OpenResult, BO_OpenResult2, BO_DateDraw, BO_DateDraw2, BO_DateUpdate  FROM TS_BetOrder  WHERE BO_Cancel = 0   AND BO_CancelBackend = 0   AND BO_LotteryTypeGroup = 2 AND BO_LotteryType = 26 AND BO_Issue = 202001020785 AND BO_Collect = 0 ORDER BY BO_DateDraw ASC, BO_DateCreate ASC, BO_DateUpdate ASC, BO_No ASC ;
[2020-01-02 13:04:00] LottteryTypeGroup 2 
[2020-01-02 13:04:00] 有期號 但無注單 -------> map[amount:0 bonus:0 thisOpenResult:[2 1 4 1 2]] 
[GIN] 2020/01/02 - 13:04:00 | 200 |    4.900436ms |  192.168.66.115 | POST     /getResult
[2020-01-02 13:04:01] 自開彩開獎  {202001020262 6 37 true} 
ConfigData  map[redisPort:6379 redisPassword:"" ip:192.168.88.181 poolname:FA_MEM database:FA_MEM charset:utf8 redisIp:192.168.88.119 port:3306 user:fa_db password:1qaz!QAZ redisDB:3]
SqlString  SELECT RTP,Amount,Bonus  FROM M_RtpSetting  WHERE Sid = 1   AND State = 1   AND LTG_Code = 6 AND Gid = 37
sqlResult   map[state:0 result: count:0]
[2020-01-02 13:04:01] rtpData ------->   map[result: count:0 state:0] 
[GIN] 2020/01/02 - 13:04:01 | 200 |    2.617001ms |  192.168.66.115 | POST     /getResult
[2020-01-02 13:04:01] 自開彩開獎  {202001020784 5 38 true} 
ConfigData  map[redisPort:6379 redisPassword:"" redisDB:3 password:1qaz!QAZ database:FA_MEM redisIp:192.168.88.119 user:fa_db charset:utf8 ip:192.168.88.181 poolname:FA_MEM port:3306]
SqlString  SELECT RTP,Amount,Bonus  FROM M_RtpSetting  WHERE Sid = 1   AND State = 1   AND LTG_Code = 5 AND Gid = 38
sqlResult   map[result: count:0 state:0]
[2020-01-02 13:04:01] rtpData ------->   map[count:0 state:0 result:] 
[GIN] 2020/01/02 - 13:04:01 | 200 |    2.754849ms |  192.168.66.115 | POST     /getResult
[2020-01-02 13:04:01] 自開彩開獎  {202001020262 4 41 true} 
ConfigData  map[ip:192.168.88.181 port:3306 user:fa_db redisPort:6379 redisPassword:"" redisDB:3 poolname:FA_MEM password:1qaz!QAZ database:FA_MEM charset:utf8 redisIp:192.168.88.119]
SqlString  SELECT RTP,Amount,Bonus  FROM M_RtpSetting  WHERE Sid = 1   AND State = 1   AND LTG_Code = 4 AND Gid = 41
sqlResult   map[result: count:0 state:0]
[2020-01-02 13:04:01] rtpData ------->   map[result: count:0 state:0] 
[GIN] 2020/01/02 - 13:04:01 | 200 |    2.613514ms |  192.168.66.115 | POST     /getResult
[2020-01-02 13:04:02] 自開彩開獎  {202001020262 1 35 true} 
ConfigData  map[port:3306 password:1qaz!QAZ redisPassword:"" redisDB:3 redisIp:192.168.88.119 redisPort:6379 ip:192.168.88.181 poolname:FA_MEM user:fa_db database:FA_MEM charset:utf8]
SqlString  SELECT RTP,Amount,Bonus  FROM M_RtpSetting  WHERE Sid = 1   AND State = 1   AND LTG_Code = 1 AND Gid = 35
[2020-01-02 13:04:02] 自開彩開獎  {202001020784 6 36 true} 
ConfigData  map[ip:192.168.88.181 poolname:FA_MEM user:fa_db redisPort:6379 redisPassword:"" redisDB:3 port:3306 password:1qaz!QAZ database:FA_MEM charset:utf8 redisIp:192.168.88.119]
SqlString  SELECT RTP,Amount,Bonus  FROM M_RtpSetting  WHERE Sid = 1   AND State = 1   AND LTG_Code = 6 AND Gid = 36
sqlResult   map[result: count:0 state:0]
[2020-01-02 13:04:02] rtpData ------->   map[result: count:0 state:0] 
[GIN] 2020/01/02 - 13:04:02 | 200 |    2.868796ms |  192.168.66.115 | POST     /getResult
sqlResult   map[result: count:0 state:0]
[2020-01-02 13:04:02] rtpData ------->   map[count:0 state:0 result:] 
[GIN] 2020/01/02 - 13:04:02 | 200 |    2.839738ms |  192.168.66.115 | POST     /getResult
[2020-01-02 13:04:05] 自開彩開獎  {202001020784 1 34 true} 
ConfigData  map[redisDB:3 ip:192.168.88.181 poolname:FA_MEM port:3306 user:fa_db password:1qaz!QAZ redisIp:192.168.88.119 redisPort:6379 database:FA_MEM charset:utf8 redisPassword:""]
SqlString  SELECT RTP,Amount,Bonus  FROM M_RtpSetting  WHERE Sid = 1   AND State = 1   AND LTG_Code = 1 AND Gid = 34
sqlResult   map[result: count:0 state:0]
[2020-01-02 13:04:05] rtpData ------->   map[result: count:0 state:0] 
[GIN] 2020/01/02 - 13:04:05 | 200 |    2.898044ms |  192.168.66.115 | POST     /getResult
[2020-01-02 13:04:06] 自開彩開獎  {202001020785 4 40 true} 
ConfigData  map[redisPassword:"" user:fa_db database:FA_MEM redisIp:192.168.88.119 password:1qaz!QAZ charset:utf8 redisPort:6379 redisDB:3 ip:192.168.88.181 poolname:FA_MEM port:3306]
SqlString  SELECT RTP,Amount,Bonus  FROM M_RtpSetting  WHERE Sid = 1   AND State = 1   AND LTG_Code = 4 AND Gid = 40
sqlResult   map[result: count:0 state:0]
[2020-01-02 13:04:06] rtpData ------->   map[result: count:0 state:0] 
[GIN] 2020/01/02 - 13:04:06 | 200 |    2.536227ms |  192.168.66.115 | POST     /getResult
[2020-01-02 13:04:07] 自開彩開獎  {202001020785 5 38 true} 
ConfigData  map[database:FA_MEM charset:utf8 redisDB:3 ip:192.168.88.181 port:3306 user:fa_db password:1qaz!QAZ redisIp:192.168.88.119 redisPort:6379 redisPassword:"" poolname:FA_MEM]
SqlString  SELECT RTP,Amount,Bonus  FROM M_RtpSetting  WHERE Sid = 1   AND State = 1   AND LTG_Code = 5 AND Gid = 38
sqlResult   map[result: count:0 state:0]
[2020-01-02 13:04:07] rtpData ------->   map[result: count:0 state:0] 
[GIN] 2020/01/02 - 13:04:07 | 200 |    2.911121ms |  192.168.66.115 | POST     /getResult
[2020-01-02 13:04:07] 自開彩開獎  {202001020262 4 41 true} 
ConfigData  map[poolname:FA_MEM port:3306 user:fa_db database:FA_MEM redisIp:192.168.88.119 redisPort:6379 ip:192.168.88.181 password:1qaz!QAZ charset:utf8 redisPassword:"" redisDB:3]
SqlString  SELECT RTP,Amount,Bonus  FROM M_RtpSetting  WHERE Sid = 1   AND State = 1   AND LTG_Code = 4 AND Gid = 41
sqlResult   map[result: count:0 state:0]
[2020-01-02 13:04:07] rtpData ------->   map[result: count:0 state:0] 
[GIN] 2020/01/02 - 13:04:07 | 200 |      2.3809ms |  192.168.66.115 | POST     /getResult
[2020-01-02 13:04:08] 自開彩開獎  {202001020262 1 35 true} 
ConfigData  map[port:3306 password:1qaz!QAZ database:FA_MEM redisIp:192.168.88.119 ip:192.168.88.181 poolname:FA_MEM redisPort:6379 redisPassword:"" redisDB:3 user:fa_db charset:utf8]
SqlString  SELECT RTP,Amount,Bonus  FROM M_RtpSetting  WHERE Sid = 1   AND State = 1   AND LTG_Code = 1 AND Gid = 35
[2020-01-02 13:04:08] 自開彩開獎  {202001020785 6 36 true} 
ConfigData  map[user:fa_db database:FA_MEM redisPassword:"" redisDB:3 ip:192.168.88.181 port:3306 password:1qaz!QAZ charset:utf8 redisIp:192.168.88.119 redisPort:6379 poolname:FA_MEM]
SqlString  SELECT RTP,Amount,Bonus  FROM M_RtpSetting  WHERE Sid = 1   AND State = 1   AND LTG_Code = 6 AND Gid = 36
sqlResult   map[result: count:0 state:0]
[2020-01-02 13:04:08] rtpData ------->   map[count:0 state:0 result:] 
[GIN] 2020/01/02 - 13:04:08 | 200 |    2.809995ms |  192.168.66.115 | POST     /getResult
sqlResult   map[result: count:0 state:0]
[2020-01-02 13:04:08] rtpData ------->   map[result: count:0 state:0] 
[GIN] 2020/01/02 - 13:04:08 | 200 |    3.252456ms |  192.168.66.115 | POST     /getResult
[2020-01-02 13:04:11] 自開彩開獎  {202001020785 1 34 true} 
ConfigData  map[database:FA_MEM charset:utf8 redisIp:192.168.88.119 redisPort:6379 poolname:FA_MEM port:3306 user:fa_db password:1qaz!QAZ redisPassword:"" ip:192.168.88.181 redisDB:3]
SqlString  SELECT RTP,Amount,Bonus  FROM M_RtpSetting  WHERE Sid = 1   AND State = 1   AND LTG_Code = 1 AND Gid = 34
sqlResult   map[result: count:0 state:0]
[2020-01-02 13:04:11] rtpData ------->   map[result: count:0 state:0] 
[GIN] 2020/01/02 - 13:04:11 | 200 |    2.391592ms |  192.168.66.115 | POST     /getResult
[2020-01-02 13:04:12] 自開彩開獎  {202001020785 4 40 true} 
ConfigData  map[poolname:FA_MEM user:fa_db password:1qaz!QAZ database:FA_MEM redisDB:3 ip:192.168.88.181 port:3306 charset:utf8 redisIp:192.168.88.119 redisPort:6379 redisPassword:""]
SqlString  SELECT RTP,Amount,Bonus  FROM M_RtpSetting  WHERE Sid = 1   AND State = 1   AND LTG_Code = 4 AND Gid = 40
sqlResult   map[result: count:0 state:0]
[2020-01-02 13:04:12] rtpData ------->   map[result: count:0 state:0] 
[GIN] 2020/01/02 - 13:04:12 | 200 |    2.068631ms |  192.168.66.115 | POST     /getResult
[2020-01-02 13:04:13] 自開彩開獎  {202001020785 5 38 true} 
ConfigData  map[ip:192.168.88.181 poolname:FA_MEM port:3306 password:1qaz!QAZ database:FA_MEM redisIp:192.168.88.119 redisPort:6379 redisDB:3 user:fa_db charset:utf8 redisPassword:""]
SqlString  SELECT RTP,Amount,Bonus  FROM M_RtpSetting  WHERE Sid = 1   AND State = 1   AND LTG_Code = 5 AND Gid = 38
sqlResult   map[count:0 state:0 result:]
[2020-01-02 13:04:13] rtpData ------->   map[result: count:0 state:0] 
[GIN] 2020/01/02 - 13:04:13 | 200 |    2.838399ms |  192.168.66.115 | POST     /getResult
[2020-01-02 13:04:13] 自開彩開獎  {202001020262 4 41 true} 
ConfigData  map[poolname:FA_MEM port:3306 user:fa_db password:1qaz!QAZ database:FA_MEM redisPassword:"" ip:192.168.88.181 charset:utf8 redisIp:192.168.88.119 redisPort:6379 redisDB:3]
SqlString  SELECT RTP,Amount,Bonus  FROM M_RtpSetting  WHERE Sid = 1   AND State = 1   AND LTG_Code = 4 AND Gid = 41
sqlResult   map[count:0 state:0 result:]
[2020-01-02 13:04:13] rtpData ------->   map[result: count:0 state:0] 
[GIN] 2020/01/02 - 13:04:13 | 200 |      2.6959ms |  192.168.66.115 | POST     /getResult
[2020-01-02 13:04:14] 自開彩開獎  {202001020262 1 35 true} 
ConfigData  map[redisIp:192.168.88.119 redisPort:6379 redisPassword:"" redisDB:3 ip:192.168.88.181 port:3306 database:FA_MEM charset:utf8 poolname:FA_MEM user:fa_db password:1qaz!QAZ]
SqlString  SELECT RTP,Amount,Bonus  FROM M_RtpSetting  WHERE Sid = 1   AND State = 1   AND LTG_Code = 1 AND Gid = 35
[2020-01-02 13:04:14] 自開彩開獎  {202001020785 6 36 true} 
ConfigData  map[ip:192.168.88.181 charset:utf8 redisIp:192.168.88.119 redisPassword:"" redisDB:3 poolname:FA_MEM port:3306 user:fa_db password:1qaz!QAZ database:FA_MEM redisPort:6379]
SqlString  SELECT RTP,Amount,Bonus  FROM M_RtpSetting  WHERE Sid = 1   AND State = 1   AND LTG_Code = 6 AND Gid = 36
sqlResult   map[result: count:0 state:0]
[2020-01-02 13:04:14] rtpData ------->   map[state:0 result: count:0] 
[GIN] 2020/01/02 - 13:04:14 | 200 |     2.40242ms |  192.168.66.115 | POST     /getResult
sqlResult   map[result: count:0 state:0]
[2020-01-02 13:04:14] rtpData ------->   map[result: count:0 state:0] 
[GIN] 2020/01/02 - 13:04:14 | 200 |    2.478005ms |  192.168.66.115 | POST     /getResult
[2020-01-02 13:04:17] 自開彩開獎  {202001020785 1 34 true} 
ConfigData  map[redisIp:192.168.88.119 redisPort:6379 redisPassword:"" poolname:FA_MEM port:3306 password:1qaz!QAZ database:FA_MEM ip:192.168.88.181 user:fa_db charset:utf8 redisDB:3]
SqlString  SELECT RTP,Amount,Bonus  FROM M_RtpSetting  WHERE Sid = 1   AND State = 1   AND LTG_Code = 1 AND Gid = 34
sqlResult   map[result: count:0 state:0]
[2020-01-02 13:04:17] rtpData ------->   map[result: count:0 state:0] 
[GIN] 2020/01/02 - 13:04:17 | 200 |    2.232859ms |  192.168.66.115 | POST     /getResult
[2020-01-02 13:04:18] 自開彩開獎  {202001020785 4 40 true} 
ConfigData  map[port:3306 redisPassword:"" poolname:FA_MEM user:fa_db password:1qaz!QAZ database:FA_MEM charset:utf8 redisIp:192.168.88.119 redisPort:6379 redisDB:3 ip:192.168.88.181]
SqlString  SELECT RTP,Amount,Bonus  FROM M_RtpSetting  WHERE Sid = 1   AND State = 1   AND LTG_Code = 4 AND Gid = 40
sqlResult   map[state:0 result: count:0]
[2020-01-02 13:04:18] rtpData ------->   map[count:0 state:0 result:] 
[GIN] 2020/01/02 - 13:04:18 | 200 |    2.800794ms |  192.168.66.115 | POST     /getResult
[2020-01-02 13:04:19] 自開彩開獎  {202001020785 5 38 true} 
ConfigData  map[port:3306 user:fa_db redisIp:192.168.88.119 redisPort:6379 poolname:FA_MEM password:1qaz!QAZ database:FA_MEM charset:utf8 redisPassword:"" redisDB:3 ip:192.168.88.181]
SqlString  SELECT RTP,Amount,Bonus  FROM M_RtpSetting  WHERE Sid = 1   AND State = 1   AND LTG_Code = 5 AND Gid = 38
sqlResult   map[result: count:0 state:0]
[2020-01-02 13:04:19] rtpData ------->   map[count:0 state:0 result:] 
[GIN] 2020/01/02 - 13:04:19 | 200 |    2.276365ms |  192.168.66.115 | POST     /getResult
[2020-01-02 13:04:19] 自開彩開獎  {202001020262 4 41 true} 
ConfigData  map[ip:192.168.88.181 port:3306 database:FA_MEM redisIp:192.168.88.119 redisPort:6379 redisDB:3 poolname:FA_MEM user:fa_db password:1qaz!QAZ charset:utf8 redisPassword:""]
SqlString  SELECT RTP,Amount,Bonus  FROM M_RtpSetting  WHERE Sid = 1   AND State = 1   AND LTG_Code = 4 AND Gid = 41
sqlResult   map[result: count:0 state:0]
[2020-01-02 13:04:19] rtpData ------->   map[result: count:0 state:0] 
[GIN] 2020/01/02 - 13:04:19 | 200 |    2.535314ms |  192.168.66.115 | POST     /getResult
[2020-01-02 13:04:20] 自開彩開獎  {202001020785 6 36 true} 
ConfigData  map[poolname:FA_MEM redisIp:192.168.88.119 redisPort:6379 redisPassword:"" redisDB:3 ip:192.168.88.181 user:fa_db password:1qaz!QAZ database:FA_MEM charset:utf8 port:3306]
SqlString  SELECT RTP,Amount,Bonus  FROM M_RtpSetting  WHERE Sid = 1   AND State = 1   AND LTG_Code = 6 AND Gid = 36
[2020-01-02 13:04:20] 自開彩開獎  {202001020262 1 35 true} 
ConfigData  map[port:3306 password:1qaz!QAZ database:FA_MEM redisIp:192.168.88.119 redisDB:3 ip:192.168.88.181 poolname:FA_MEM user:fa_db charset:utf8 redisPort:6379 redisPassword:""]
SqlString  SELECT RTP,Amount,Bonus  FROM M_RtpSetting  WHERE Sid = 1   AND State = 1   AND LTG_Code = 1 AND Gid = 35
sqlResult   map[result: count:0 state:0]
[2020-01-02 13:04:20] rtpData ------->   map[state:0 result: count:0] 
sqlResult   map[result: count:0 state:0]
[2020-01-02 13:04:20] rtpData ------->   map[state:0 result: count:0] 
[GIN] 2020/01/02 - 13:04:20 | 200 |    2.623743ms |  192.168.66.115 | POST     /getResult
[GIN] 2020/01/02 - 13:04:20 | 200 |    2.536633ms |  192.168.66.115 | POST     /getResult
[2020-01-02 13:04:23] 自開彩開獎  {202001020785 1 34 true} 
ConfigData  map[redisPort:6379 redisPassword:"" redisDB:3 ip:192.168.88.181 user:fa_db password:1qaz!QAZ charset:utf8 redisIp:192.168.88.119 poolname:FA_MEM port:3306 database:FA_MEM]
SqlString  SELECT RTP,Amount,Bonus  FROM M_RtpSetting  WHERE Sid = 1   AND State = 1   AND LTG_Code = 1 AND Gid = 34
sqlResult   map[result: count:0 state:0]
[2020-01-02 13:04:23] rtpData ------->   map[result: count:0 state:0] 
[GIN] 2020/01/02 - 13:04:23 | 200 |     2.98116ms |  192.168.66.115 | POST     /getResult
[2020-01-02 13:04:24] 自開彩開獎  {202001020785 4 40 true} 
ConfigData  map[redisPort:6379 ip:192.168.88.181 poolname:FA_MEM user:fa_db database:FA_MEM charset:utf8 port:3306 password:1qaz!QAZ redisIp:192.168.88.119 redisPassword:"" redisDB:3]
SqlString  SELECT RTP,Amount,Bonus  FROM M_RtpSetting  WHERE Sid = 1   AND State = 1   AND LTG_Code = 4 AND Gid = 40
sqlResult   map[result: count:0 state:0]
[2020-01-02 13:04:24] rtpData ------->   map[result: count:0 state:0] 
[GIN] 2020/01/02 - 13:04:24 | 200 |    2.205086ms |  192.168.66.115 | POST     /getResult
[2020-01-02 13:04:25] 自開彩開獎  {202001020785 5 38 true} 
ConfigData  map[ip:192.168.88.181 poolname:FA_MEM port:3306 user:fa_db charset:utf8 redisPassword:"" password:1qaz!QAZ database:FA_MEM redisIp:192.168.88.119 redisPort:6379 redisDB:3]
SqlString  SELECT RTP,Amount,Bonus  FROM M_RtpSetting  WHERE Sid = 1   AND State = 1   AND LTG_Code = 5 AND Gid = 38
sqlResult   map[count:0 state:0 result:]
[2020-01-02 13:04:25] rtpData ------->   map[result: count:0 state:0] 
[GIN] 2020/01/02 - 13:04:25 | 200 |    2.573674ms |  192.168.66.115 | POST     /getResult
[2020-01-02 13:04:25] 自開彩開獎  {202001020262 4 41 true} 
ConfigData  map[poolname:FA_MEM port:3306 password:1qaz!QAZ redisIp:192.168.88.119 redisPassword:"" redisDB:3 ip:192.168.88.181 user:fa_db database:FA_MEM charset:utf8 redisPort:6379]
SqlString  SELECT RTP,Amount,Bonus  FROM M_RtpSetting  WHERE Sid = 1   AND State = 1   AND LTG_Code = 4 AND Gid = 41
sqlResult   map[state:0 result: count:0]
[2020-01-02 13:04:25] rtpData ------->   map[count:0 state:0 result:] 
[GIN] 2020/01/02 - 13:04:25 | 200 |    2.153917ms |  192.168.66.115 | POST     /getResult
[2020-01-02 13:04:26] 自開彩開獎  {202001020262 1 35 true} 
ConfigData  map[ip:192.168.88.181 user:fa_db redisPort:6379 redisIp:192.168.88.119 redisPassword:"" redisDB:3 poolname:FA_MEM port:3306 password:1qaz!QAZ database:FA_MEM charset:utf8]
SqlString  SELECT RTP,Amount,Bonus  FROM M_RtpSetting  WHERE Sid = 1   AND State = 1   AND LTG_Code = 1 AND Gid = 35
[2020-01-02 13:04:26] 自開彩開獎  {202001020785 6 36 true} 
ConfigData  map[poolname:FA_MEM user:fa_db password:1qaz!QAZ redisIp:192.168.88.119 redisPassword:"" ip:192.168.88.181 database:FA_MEM charset:utf8 redisPort:6379 redisDB:3 port:3306]
SqlString  SELECT RTP,Amount,Bonus  FROM M_RtpSetting  WHERE Sid = 1   AND State = 1   AND LTG_Code = 6 AND Gid = 36
sqlResult   map[count:0 state:0 result:]
[2020-01-02 13:04:26] rtpData ------->   map[count:0 state:0 result:] 
sqlResult   map[state:0 result: count:0]
[2020-01-02 13:04:26] rtpData ------->   map[state:0 result: count:0] 
[GIN] 2020/01/02 - 13:04:26 | 200 |      2.7725ms |  192.168.66.115 | POST     /getResult
[GIN] 2020/01/02 - 13:04:26 | 200 |    2.982478ms |  192.168.66.115 | POST     /getResult
[2020-01-02 13:04:29] 自開彩開獎  {202001020785 1 34 true} 
ConfigData  map[poolname:FA_MEM redisPort:6379 redisPassword:"" redisDB:3 charset:utf8 redisIp:192.168.88.119 ip:192.168.88.181 port:3306 user:fa_db password:1qaz!QAZ database:FA_MEM]
SqlString  SELECT RTP,Amount,Bonus  FROM M_RtpSetting  WHERE Sid = 1   AND State = 1   AND LTG_Code = 1 AND Gid = 34
sqlResult   map[result: count:0 state:0]
[2020-01-02 13:04:29] rtpData ------->   map[state:0 result: count:0] 
[GIN] 2020/01/02 - 13:04:29 | 200 |    2.755629ms |  192.168.66.115 | POST     /getResult
[2020-01-02 13:04:30] 自開彩開獎  {202001020785 4 40 true} 
ConfigData  map[ip:192.168.88.181 user:fa_db redisIp:192.168.88.119 redisPassword:"" redisDB:3 redisPort:6379 poolname:FA_MEM port:3306 password:1qaz!QAZ database:FA_MEM charset:utf8]
SqlString  SELECT RTP,Amount,Bonus  FROM M_RtpSetting  WHERE Sid = 1   AND State = 1   AND LTG_Code = 4 AND Gid = 40
sqlResult   map[result: count:0 state:0]
[2020-01-02 13:04:30] rtpData ------->   map[result: count:0 state:0] 
[GIN] 2020/01/02 - 13:04:30 | 200 |    2.803138ms |  192.168.66.115 | POST     /getResult
[2020-01-02 13:04:31] 自開彩開獎  {202001020785 5 38 true} 
ConfigData  map[ip:192.168.88.181 poolname:FA_MEM port:3306 password:1qaz!QAZ redisPassword:"" redisDB:3 user:fa_db database:FA_MEM charset:utf8 redisIp:192.168.88.119 redisPort:6379]
SqlString  SELECT RTP,Amount,Bonus  FROM M_RtpSetting  WHERE Sid = 1   AND State = 1   AND LTG_Code = 5 AND Gid = 38
sqlResult   map[count:0 state:0 result:]
[2020-01-02 13:04:31] rtpData ------->   map[result: count:0 state:0] 
[GIN] 2020/01/02 - 13:04:31 | 200 |    3.904714ms |  192.168.66.115 | POST     /getResult
[2020-01-02 13:04:31] 自開彩開獎  {202001020262 4 41 true} 
ConfigData  map[redisPassword:"" user:fa_db database:FA_MEM redisPort:6379 password:1qaz!QAZ charset:utf8 redisIp:192.168.88.119 redisDB:3 ip:192.168.88.181 poolname:FA_MEM port:3306]
SqlString  SELECT RTP,Amount,Bonus  FROM M_RtpSetting  WHERE Sid = 1   AND State = 1   AND LTG_Code = 4 AND Gid = 41
sqlResult   map[result: count:0 state:0]
[2020-01-02 13:04:31] rtpData ------->   map[state:0 result: count:0] 
[GIN] 2020/01/02 - 13:04:31 | 200 |    3.389878ms |  192.168.66.115 | POST     /getResult
[2020-01-02 13:04:32] 自開彩開獎  {202001020262 1 35 true} 
ConfigData  map[password:1qaz!QAZ charset:utf8 redisPort:6379 redisPassword:"" ip:192.168.88.181 poolname:FA_MEM port:3306 redisDB:3 user:fa_db database:FA_MEM redisIp:192.168.88.119]
SqlString  SELECT RTP,Amount,Bonus  FROM M_RtpSetting  WHERE Sid = 1   AND State = 1   AND LTG_Code = 1 AND Gid = 35
[2020-01-02 13:04:32] 自開彩開獎  {202001020785 6 36 true} 
ConfigData  map[redisIp:192.168.88.119 redisDB:3 ip:192.168.88.181 poolname:FA_MEM user:fa_db charset:utf8 redisPassword:"" port:3306 password:1qaz!QAZ database:FA_MEM redisPort:6379]
SqlString  SELECT RTP,Amount,Bonus  FROM M_RtpSetting  WHERE Sid = 1   AND State = 1   AND LTG_Code = 6 AND Gid = 36
sqlResult   map[result: count:0 state:0]
[2020-01-02 13:04:32] rtpData ------->   map[result: count:0 state:0] 
[GIN] 2020/01/02 - 13:04:32 | 200 |    2.315838ms |  192.168.66.115 | POST     /getResult
sqlResult   map[result: count:0 state:0]
[2020-01-02 13:04:32] rtpData ------->   map[count:0 state:0 result:] 
[GIN] 2020/01/02 - 13:04:32 | 200 |    2.443067ms |  192.168.66.115 | POST     /getResult
[2020-01-02 13:04:35] 自開彩開獎  {202001020785 1 34 true} 
ConfigData  map[charset:utf8 redisPort:6379 ip:192.168.88.181 poolname:FA_MEM password:1qaz!QAZ database:FA_MEM redisIp:192.168.88.119 redisPassword:"" redisDB:3 port:3306 user:fa_db]
SqlString  SELECT RTP,Amount,Bonus  FROM M_RtpSetting  WHERE Sid = 1   AND State = 1   AND LTG_Code = 1 AND Gid = 34
sqlResult   map[result: count:0 state:0]
[2020-01-02 13:04:35] rtpData ------->   map[result: count:0 state:0] 
[GIN] 2020/01/02 - 13:04:35 | 200 |    3.240812ms |  192.168.66.115 | POST     /getResult
[2020-01-02 13:04:36] 自開彩開獎  {202001020785 4 40 true} 
ConfigData  map[database:FA_MEM redisPassword:"" redisDB:3 password:1qaz!QAZ poolname:FA_MEM port:3306 user:fa_db charset:utf8 redisIp:192.168.88.119 redisPort:6379 ip:192.168.88.181]
SqlString  SELECT RTP,Amount,Bonus  FROM M_RtpSetting  WHERE Sid = 1   AND State = 1   AND LTG_Code = 4 AND Gid = 40
sqlResult   map[result: count:0 state:0]
[2020-01-02 13:04:36] rtpData ------->   map[result: count:0 state:0] 
[GIN] 2020/01/02 - 13:04:36 | 200 |    2.198368ms |  192.168.66.115 | POST     /getResult
[2020-01-02 13:04:37] 自開彩開獎  {202001020785 5 38 true} 
ConfigData  map[ip:192.168.88.181 user:fa_db database:FA_MEM redisPort:6379 redisPassword:"" poolname:FA_MEM port:3306 password:1qaz!QAZ charset:utf8 redisIp:192.168.88.119 redisDB:3]
SqlString  SELECT RTP,Amount,Bonus  FROM M_RtpSetting  WHERE Sid = 1   AND State = 1   AND LTG_Code = 5 AND Gid = 38
sqlResult   map[count:0 state:0 result:]
[2020-01-02 13:04:37] rtpData ------->   map[state:0 result: count:0] 
[GIN] 2020/01/02 - 13:04:37 | 200 |    2.948597ms |  192.168.66.115 | POST     /getResult
[2020-01-02 13:04:37] 自開彩開獎  {202001020262 4 41 true} 
ConfigData  map[redisPassword:"" ip:192.168.88.181 user:fa_db password:1qaz!QAZ database:FA_MEM redisPort:6379 poolname:FA_MEM port:3306 charset:utf8 redisIp:192.168.88.119 redisDB:3]
SqlString  SELECT RTP,Amount,Bonus  FROM M_RtpSetting  WHERE Sid = 1   AND State = 1   AND LTG_Code = 4 AND Gid = 41
sqlResult   map[result: count:0 state:0]
[2020-01-02 13:04:37] rtpData ------->   map[result: count:0 state:0] 
[GIN] 2020/01/02 - 13:04:37 | 200 |    2.681011ms |  192.168.66.115 | POST     /getResult
[2020-01-02 13:04:38] 自開彩開獎  {202001020785 6 36 true} 
ConfigData  map[charset:utf8 redisIp:192.168.88.119 ip:192.168.88.181 poolname:FA_MEM port:3306 user:fa_db password:1qaz!QAZ database:FA_MEM redisDB:3 redisPort:6379 redisPassword:""]
SqlString  SELECT RTP,Amount,Bonus  FROM M_RtpSetting  WHERE Sid = 1   AND State = 1   AND LTG_Code = 6 AND Gid = 36
[2020-01-02 13:04:38] 自開彩開獎  {202001020262 1 35 true} 
ConfigData  map[ip:192.168.88.181 port:3306 redisDB:3 charset:utf8 redisIp:192.168.88.119 redisPort:6379 redisPassword:"" poolname:FA_MEM user:fa_db password:1qaz!QAZ database:FA_MEM]
SqlString  SELECT RTP,Amount,Bonus  FROM M_RtpSetting  WHERE Sid = 1   AND State = 1   AND LTG_Code = 1 AND Gid = 35
sqlResult   map[result: count:0 state:0]
[2020-01-02 13:04:38] rtpData ------->   map[result: count:0 state:0] 
sqlResult   map[count:0 state:0 result:]
[2020-01-02 13:04:38] rtpData ------->   map[result: count:0 state:0] 
[GIN] 2020/01/02 - 13:04:38 | 200 |    2.896449ms |  192.168.66.115 | POST     /getResult
[GIN] 2020/01/02 - 13:04:38 | 200 |     2.93654ms |  192.168.66.115 | POST     /getResult
[2020-01-02 13:04:41] 自開彩開獎  {202001020785 1 34 true} 
ConfigData  map[redisDB:3 ip:192.168.88.181 password:1qaz!QAZ user:fa_db database:FA_MEM charset:utf8 redisIp:192.168.88.119 redisPort:6379 redisPassword:"" poolname:FA_MEM port:3306]
SqlString  SELECT RTP,Amount,Bonus  FROM M_RtpSetting  WHERE Sid = 1   AND State = 1   AND LTG_Code = 1 AND Gid = 34
sqlResult   map[result: count:0 state:0]
[2020-01-02 13:04:41] rtpData ------->   map[result: count:0 state:0] 
[GIN] 2020/01/02 - 13:04:41 | 200 |    2.497238ms |  192.168.66.115 | POST     /getResult
[2020-01-02 13:04:42] 自開彩開獎  {202001020785 4 40 true} 
ConfigData  map[redisDB:3 poolname:FA_MEM password:1qaz!QAZ redisIp:192.168.88.119 redisPassword:"" charset:utf8 redisPort:6379 ip:192.168.88.181 port:3306 user:fa_db database:FA_MEM]
SqlString  SELECT RTP,Amount,Bonus  FROM M_RtpSetting  WHERE Sid = 1   AND State = 1   AND LTG_Code = 4 AND Gid = 40
sqlResult   map[result: count:0 state:0]
[2020-01-02 13:04:42] rtpData ------->   map[result: count:0 state:0] 
[GIN] 2020/01/02 - 13:04:42 | 200 |    2.158426ms |  192.168.66.115 | POST     /getResult
[2020-01-02 13:04:43] 自開彩開獎  {202001020785 5 38 true} 
ConfigData  map[redisPassword:"" redisDB:3 ip:192.168.88.181 database:FA_MEM charset:utf8 password:1qaz!QAZ redisIp:192.168.88.119 redisPort:6379 poolname:FA_MEM port:3306 user:fa_db]
SqlString  SELECT RTP,Amount,Bonus  FROM M_RtpSetting  WHERE Sid = 1   AND State = 1   AND LTG_Code = 5 AND Gid = 38
sqlResult   map[result: count:0 state:0]
[2020-01-02 13:04:43] rtpData ------->   map[result: count:0 state:0] 
[GIN] 2020/01/02 - 13:04:43 | 200 |    2.944768ms |  192.168.66.115 | POST     /getResult
[2020-01-02 13:04:43] 自開彩開獎  {202001020262 4 41 true} 
ConfigData  map[password:1qaz!QAZ charset:utf8 redisDB:3 poolname:FA_MEM port:3306 database:FA_MEM redisIp:192.168.88.119 redisPort:6379 redisPassword:"" ip:192.168.88.181 user:fa_db]
SqlString  SELECT RTP,Amount,Bonus  FROM M_RtpSetting  WHERE Sid = 1   AND State = 1   AND LTG_Code = 4 AND Gid = 41
sqlResult   map[result: count:0 state:0]
[2020-01-02 13:04:43] rtpData ------->   map[result: count:0 state:0] 
[GIN] 2020/01/02 - 13:04:43 | 200 |    2.738828ms |  192.168.66.115 | POST     /getResult
[2020-01-02 13:04:44] 自開彩開獎  {202001020262 1 35 true} 
ConfigData  map[ip:192.168.88.181 poolname:FA_MEM user:fa_db password:1qaz!QAZ database:FA_MEM charset:utf8 redisIp:192.168.88.119 redisPort:6379 redisPassword:"" redisDB:3 port:3306]
SqlString  SELECT RTP,Amount,Bonus  FROM M_RtpSetting  WHERE Sid = 1   AND State = 1   AND LTG_Code = 1 AND Gid = 35
[2020-01-02 13:04:44] 自開彩開獎  {202001020785 6 36 true} 
ConfigData  map[ip:192.168.88.181 user:fa_db database:FA_MEM redisPassword:"" redisDB:3 poolname:FA_MEM port:3306 password:1qaz!QAZ charset:utf8 redisIp:192.168.88.119 redisPort:6379]
SqlString  SELECT RTP,Amount,Bonus  FROM M_RtpSetting  WHERE Sid = 1   AND State = 1   AND LTG_Code = 6 AND Gid = 36
sqlResult   map[result: count:0 state:0]
[2020-01-02 13:04:44] rtpData ------->   map[result: count:0 state:0] 
[GIN] 2020/01/02 - 13:04:44 | 200 |    2.551304ms |  192.168.66.115 | POST     /getResult
sqlResult   map[state:0 result: count:0]
[2020-01-02 13:04:44] rtpData ------->   map[state:0 result: count:0] 
[GIN] 2020/01/02 - 13:04:44 | 200 |    2.563954ms |  192.168.66.115 | POST     /getResult
[2020-01-02 13:04:47] 自開彩開獎  {202001020785 1 34 true} 
ConfigData  map[redisIp:192.168.88.119 redisPort:6379 ip:192.168.88.181 port:3306 user:fa_db password:1qaz!QAZ database:FA_MEM poolname:FA_MEM charset:utf8 redisPassword:"" redisDB:3]
SqlString  SELECT RTP,Amount,Bonus  FROM M_RtpSetting  WHERE Sid = 1   AND State = 1   AND LTG_Code = 1 AND Gid = 34
sqlResult   map[result: count:0 state:0]
[2020-01-02 13:04:47] rtpData ------->   map[result: count:0 state:0] 
[GIN] 2020/01/02 - 13:04:47 | 200 |    2.829624ms |  192.168.66.115 | POST     /getResult
[2020-01-02 13:04:48] 自開彩開獎  {202001020785 4 40 true} 
ConfigData  map[port:3306 user:fa_db database:FA_MEM redisPassword:"" redisDB:3 ip:192.168.88.181 poolname:FA_MEM redisIp:192.168.88.119 redisPort:6379 password:1qaz!QAZ charset:utf8]
SqlString  SELECT RTP,Amount,Bonus  FROM M_RtpSetting  WHERE Sid = 1   AND State = 1   AND LTG_Code = 4 AND Gid = 40
sqlResult   map[result: count:0 state:0]
[2020-01-02 13:04:48] rtpData ------->   map[result: count:0 state:0] 
[GIN] 2020/01/02 - 13:04:48 | 200 |    2.365036ms |  192.168.66.115 | POST     /getResult
[2020-01-02 13:04:49] 自開彩開獎  {202001020785 5 38 true} 
ConfigData  map[charset:utf8 redisDB:3 password:1qaz!QAZ database:FA_MEM port:3306 user:fa_db redisIp:192.168.88.119 redisPort:6379 redisPassword:"" ip:192.168.88.181 poolname:FA_MEM]
SqlString  SELECT RTP,Amount,Bonus  FROM M_RtpSetting  WHERE Sid = 1   AND State = 1   AND LTG_Code = 5 AND Gid = 38
sqlResult   map[result: count:0 state:0]
[2020-01-02 13:04:49] rtpData ------->   map[result: count:0 state:0] 
[GIN] 2020/01/02 - 13:04:49 | 200 |    3.336781ms |  192.168.66.115 | POST     /getResult
[2020-01-02 13:04:49] 自開彩開獎  {202001020262 4 41 true} 
ConfigData  map[ip:192.168.88.181 port:3306 user:fa_db password:1qaz!QAZ database:FA_MEM charset:utf8 redisDB:3 poolname:FA_MEM redisIp:192.168.88.119 redisPort:6379 redisPassword:""]
SqlString  SELECT RTP,Amount,Bonus  FROM M_RtpSetting  WHERE Sid = 1   AND State = 1   AND LTG_Code = 4 AND Gid = 41
sqlResult   map[result: count:0 state:0]
[2020-01-02 13:04:49] rtpData ------->   map[result: count:0 state:0] 
[GIN] 2020/01/02 - 13:04:49 | 200 |    3.096539ms |  192.168.66.115 | POST     /getResult
[2020-01-02 13:04:50] 自開彩開獎  {202001020262 1 35 true} 
ConfigData  map[poolname:FA_MEM port:3306 user:fa_db password:1qaz!QAZ redisIp:192.168.88.119 redisPort:6379 redisPassword:"" ip:192.168.88.181 database:FA_MEM charset:utf8 redisDB:3]
SqlString  SELECT RTP,Amount,Bonus  FROM M_RtpSetting  WHERE Sid = 1   AND State = 1   AND LTG_Code = 1 AND Gid = 35
[2020-01-02 13:04:50] 自開彩開獎  {202001020785 6 36 true} 
ConfigData  map[redisIp:192.168.88.119 redisPort:6379 redisPassword:"" redisDB:3 port:3306 user:fa_db password:1qaz!QAZ database:FA_MEM charset:utf8 ip:192.168.88.181 poolname:FA_MEM]
SqlString  SELECT RTP,Amount,Bonus  FROM M_RtpSetting  WHERE Sid = 1   AND State = 1   AND LTG_Code = 6 AND Gid = 36
sqlResult   map[result: count:0 state:0]
[2020-01-02 13:04:50] rtpData ------->   map[state:0 result: count:0] 
[GIN] 2020/01/02 - 13:04:50 | 200 |    2.715113ms |  192.168.66.115 | POST     /getResult
sqlResult   map[result: count:0 state:0]
[2020-01-02 13:04:50] rtpData ------->   map[result: count:0 state:0] 
[GIN] 2020/01/02 - 13:04:50 | 200 |    2.719693ms |  192.168.66.115 | POST     /getResult
[2020-01-02 13:04:53] 自開彩開獎  {202001020785 1 34 true} 
ConfigData  map[redisPort:6379 ip:192.168.88.181 poolname:FA_MEM port:3306 user:fa_db password:1qaz!QAZ database:FA_MEM charset:utf8 redisIp:192.168.88.119 redisPassword:"" redisDB:3]
SqlString  SELECT RTP,Amount,Bonus  FROM M_RtpSetting  WHERE Sid = 1   AND State = 1   AND LTG_Code = 1 AND Gid = 34
sqlResult   map[result: count:0 state:0]
[2020-01-02 13:04:53] rtpData ------->   map[result: count:0 state:0] 
[GIN] 2020/01/02 - 13:04:53 | 200 |    2.854517ms |  192.168.66.115 | POST     /getResult
[2020-01-02 13:04:54] 自開彩開獎  {202001020785 4 40 true} 
ConfigData  map[password:1qaz!QAZ redisIp:192.168.88.119 redisPort:6379 redisPassword:"" redisDB:3 ip:192.168.88.181 port:3306 database:FA_MEM charset:utf8 poolname:FA_MEM user:fa_db]
SqlString  SELECT RTP,Amount,Bonus  FROM M_RtpSetting  WHERE Sid = 1   AND State = 1   AND LTG_Code = 4 AND Gid = 40
sqlResult   map[result: count:0 state:0]
[2020-01-02 13:04:54] rtpData ------->   map[result: count:0 state:0] 
[GIN] 2020/01/02 - 13:04:54 | 200 |     2.63205ms |  192.168.66.115 | POST     /getResult
[2020-01-02 13:04:55] 自開彩開獎  {202001020785 5 38 true} 
ConfigData  map[redisPassword:"" redisDB:3 poolname:FA_MEM user:fa_db password:1qaz!QAZ redisIp:192.168.88.119 redisPort:6379 ip:192.168.88.181 port:3306 database:FA_MEM charset:utf8]
SqlString  SELECT RTP,Amount,Bonus  FROM M_RtpSetting  WHERE Sid = 1   AND State = 1   AND LTG_Code = 5 AND Gid = 38
sqlResult   map[result: count:0 state:0]
[2020-01-02 13:04:55] rtpData ------->   map[count:0 state:0 result:] 
[GIN] 2020/01/02 - 13:04:55 | 200 |    2.164267ms |  192.168.66.115 | POST     /getResult
[2020-01-02 13:04:55] 自開彩開獎  {202001020262 4 41 true} 
ConfigData  map[port:3306 user:fa_db charset:utf8 redisIp:192.168.88.119 redisPort:6379 redisDB:3 ip:192.168.88.181 poolname:FA_MEM password:1qaz!QAZ database:FA_MEM redisPassword:""]
SqlString  SELECT RTP,Amount,Bonus  FROM M_RtpSetting  WHERE Sid = 1   AND State = 1   AND LTG_Code = 4 AND Gid = 41
sqlResult   map[state:0 result: count:0]
[2020-01-02 13:04:55] rtpData ------->   map[result: count:0 state:0] 
[GIN] 2020/01/02 - 13:04:55 | 200 |    2.417101ms |  192.168.66.115 | POST     /getResult
[2020-01-02 13:04:56] 自開彩開獎  {202001020262 1 35 true} 
ConfigData  map[password:1qaz!QAZ database:FA_MEM charset:utf8 redisIp:192.168.88.119 redisPort:6379 redisDB:3 ip:192.168.88.181 poolname:FA_MEM port:3306 user:fa_db redisPassword:""]
SqlString  SELECT RTP,Amount,Bonus  FROM M_RtpSetting  WHERE Sid = 1   AND State = 1   AND LTG_Code = 1 AND Gid = 35
[2020-01-02 13:04:56] 自開彩開獎  {202001020785 6 36 true} 
ConfigData  map[database:FA_MEM charset:utf8 redisIp:192.168.88.119 redisPassword:"" redisDB:3 poolname:FA_MEM port:3306 user:fa_db ip:192.168.88.181 password:1qaz!QAZ redisPort:6379]
SqlString  SELECT RTP,Amount,Bonus  FROM M_RtpSetting  WHERE Sid = 1   AND State = 1   AND LTG_Code = 6 AND Gid = 36
sqlResult   map[result: count:0 state:0]
[2020-01-02 13:04:56] rtpData ------->   map[result: count:0 state:0] 
[GIN] 2020/01/02 - 13:04:56 | 200 |    2.219686ms |  192.168.66.115 | POST     /getResult
sqlResult   map[result: count:0 state:0]
[2020-01-02 13:04:56] rtpData ------->   map[count:0 state:0 result:] 
[GIN] 2020/01/02 - 13:04:56 | 200 |    2.577766ms |  192.168.66.115 | POST     /getResult
[2020-01-02 13:04:59] 自開彩開獎  {202001020785 1 34 true} 
ConfigData  map[poolname:FA_MEM port:3306 user:fa_db password:1qaz!QAZ database:FA_MEM charset:utf8 redisPassword:"" ip:192.168.88.181 redisIp:192.168.88.119 redisPort:6379 redisDB:3]
SqlString  SELECT RTP,Amount,Bonus  FROM M_RtpSetting  WHERE Sid = 1   AND State = 1   AND LTG_Code = 1 AND Gid = 34
sqlResult   map[result: count:0 state:0]
[2020-01-02 13:04:59] rtpData ------->   map[result: count:0 state:0] 
[GIN] 2020/01/02 - 13:04:59 | 200 |     2.30103ms |  192.168.66.115 | POST     /getResult
[2020-01-02 13:05:00] 自開彩開獎  {202001020158 5 39 true} 
ConfigData  map[user:fa_db password:1qaz!QAZ redisIp:192.168.88.119 poolname:FA_MEM port:3306 charset:utf8 redisPort:6379 redisPassword:"" redisDB:3 ip:192.168.88.181 database:FA_MEM]
SqlString  SELECT RTP,Amount,Bonus  FROM M_RtpSetting  WHERE Sid = 1   AND State = 1   AND LTG_Code = 5 AND Gid = 39
sqlResult   map[result: count:0 state:0]
[2020-01-02 13:05:00] rtpData ------->   map[result: count:0 state:0] 
[GIN] 2020/01/02 - 13:05:00 | 200 |     2.25217ms |  192.168.66.115 | POST     /getResult
[2020-01-02 13:05:00] 自開彩開獎  {202001020785 4 40 true} 
ConfigData  map[redisDB:3 ip:192.168.88.181 poolname:FA_MEM port:3306 password:1qaz!QAZ database:FA_MEM user:fa_db charset:utf8 redisIp:192.168.88.119 redisPort:6379 redisPassword:""]
SqlString  SELECT RTP,Amount,Bonus  FROM M_RtpSetting  WHERE Sid = 1   AND State = 1   AND LTG_Code = 4 AND Gid = 40
sqlResult   map[result: count:0 state:0]
[2020-01-02 13:05:00] rtpData ------->   map[result: count:0 state:0] 
[GIN] 2020/01/02 - 13:05:00 | 200 |    2.844425ms |  192.168.66.115 | POST     /getResult
[2020-01-02 13:05:00] 自開彩開獎  {20200102158 2 28 true} 
[2020-01-02 13:05:00] 自開彩開獎  {202001020786 2 26 true} 
ConfigData  map[ip:192.168.88.181 user:fa_db password:1qaz!QAZ database:FA_MEM charset:utf8 redisPort:6379 redisDB:3 poolname:FA_MEM port:3306 redisIp:192.168.88.119 redisPassword:""]
SqlString  SELECT RTP,Amount,Bonus  FROM M_RtpSetting  WHERE Sid = 1   AND State = 1   AND LTG_Code = 2 AND Gid = 28
ConfigData  map[user:fa_db password:1qaz!QAZ database:FA_MEM charset:utf8 redisIp:192.168.88.119 ip:192.168.88.181 poolname:FA_MEM port:3306 redisPort:6379 redisPassword:"" redisDB:3]
SqlString  SELECT RTP,Amount,Bonus  FROM M_RtpSetting  WHERE Sid = 1   AND State = 1   AND LTG_Code = 2 AND Gid = 26
sqlResult   map[state:1 amount:1.0069588e+06 bonus:908100.71 result:0.9600 count:1]
[2020-01-02 13:05:00] rtpData ------->   map[state:1 amount:1.0069588e+06 bonus:908100.71 result:0.9600 count:1] 
ConfigData  map[redisPassword:"" redisDB:3 ip:192.168.88.181 poolname:FA_MEM user:fa_db redisIp:192.168.88.119 redisPort:6379 port:3306 password:1qaz!QAZ database:FA_MEM charset:utf8]
SELECT BO_No, BO_OrderNo , BO_User , BO_Issue  , BO_LotteryTypeGroup, BO_LotteryType, BO_Mode, BO_LotteryPlayGroup, BO_LotteryPlay , BO_LotteryContent, BO_Price, BO_RealPrice, BO_Unit, BO_Multiple , BO_BetCount  , BO_Winnings, BO_Winnings2, BO_Winnings3, BO_WinningLimit  , BO_Water , BO_BW_SourceUserId, BO_BW_BackWater, BO_BW_LimitBetCount, BO_BW_MaxAmount, BO_BW_AuditMultiple  , BO_Odds, BO_Odds2, BO_Odds3 , BO_Type, BO_Chase , BO_OpenResult, BO_OpenResult2, BO_DateDraw, BO_DateDraw2, BO_DateUpdate  FROM TS_BetOrder  WHERE BO_Cancel = 0   AND BO_CancelBackend = 0   AND BO_LotteryTypeGroup = 2 AND BO_LotteryType = 26 AND BO_Issue = 202001020786 AND BO_Collect = 0 ORDER BY BO_DateDraw ASC, BO_DateCreate ASC, BO_DateUpdate ASC, BO_No ASC ;
sqlResult   map[result:0.9600 count:1 state:1 amount:234518 bonus:161148.41]
[2020-01-02 13:05:00] rtpData ------->   map[count:1 state:1 amount:234518 bonus:161148.41 result:0.9600] 
ConfigData  map[redisPassword:"" redisDB:3 ip:192.168.88.181 port:3306 charset:utf8 database:FA_MEM redisIp:192.168.88.119 redisPort:6379 poolname:FA_MEM user:fa_db password:1qaz!QAZ]
SELECT BO_No, BO_OrderNo , BO_User , BO_Issue  , BO_LotteryTypeGroup, BO_LotteryType, BO_Mode, BO_LotteryPlayGroup, BO_LotteryPlay , BO_LotteryContent, BO_Price, BO_RealPrice, BO_Unit, BO_Multiple , BO_BetCount  , BO_Winnings, BO_Winnings2, BO_Winnings3, BO_WinningLimit  , BO_Water , BO_BW_SourceUserId, BO_BW_BackWater, BO_BW_LimitBetCount, BO_BW_MaxAmount, BO_BW_AuditMultiple  , BO_Odds, BO_Odds2, BO_Odds3 , BO_Type, BO_Chase , BO_OpenResult, BO_OpenResult2, BO_DateDraw, BO_DateDraw2, BO_DateUpdate  FROM TS_BetOrder  WHERE BO_Cancel = 0   AND BO_CancelBackend = 0   AND BO_LotteryTypeGroup = 2 AND BO_LotteryType = 28 AND BO_Issue = 20200102158 AND BO_Collect = 0 ORDER BY BO_DateDraw ASC, BO_DateCreate ASC, BO_DateUpdate ASC, BO_No ASC ;
[2020-01-02 13:05:00] LottteryTypeGroup 2 
[2020-01-02 13:05:00] 有期號 但無注單 -------> map[amount:0 bonus:0 thisOpenResult:[1 4 4 4 1]] 
[GIN] 2020/01/02 - 13:05:00 | 200 |     4.74199ms |  192.168.66.115 | POST     /getResult
[2020-01-02 13:05:00] LottteryTypeGroup 2 
[2020-01-02 13:05:00] 有期號 但無注單 -------> map[thisOpenResult:[4 6 2 1 7] amount:0 bonus:0] 
[GIN] 2020/01/02 - 13:05:00 | 200 |    5.005944ms |  192.168.66.115 | POST     /getResult
[2020-01-02 13:05:01] 自開彩開獎  {202001020785 5 38 true} 
ConfigData  map[ip:192.168.88.181 port:3306 password:1qaz!QAZ redisPort:6379 poolname:FA_MEM user:fa_db database:FA_MEM charset:utf8 redisIp:192.168.88.119 redisPassword:"" redisDB:3]
SqlString  SELECT RTP,Amount,Bonus  FROM M_RtpSetting  WHERE Sid = 1   AND State = 1   AND LTG_Code = 5 AND Gid = 38
sqlResult   map[result: count:0 state:0]
[2020-01-02 13:05:01] rtpData ------->   map[count:0 state:0 result:] 
[GIN] 2020/01/02 - 13:05:01 | 200 |    2.222713ms |  192.168.66.115 | POST     /getResult
[2020-01-02 13:05:01] 自開彩開獎  {202001020262 4 41 true} 
ConfigData  map[redisPassword:"" redisDB:3 ip:192.168.88.181 redisIp:192.168.88.119 redisPort:6379 password:1qaz!QAZ database:FA_MEM charset:utf8 poolname:FA_MEM port:3306 user:fa_db]
SqlString  SELECT RTP,Amount,Bonus  FROM M_RtpSetting  WHERE Sid = 1   AND State = 1   AND LTG_Code = 4 AND Gid = 41
sqlResult   map[result: count:0 state:0]
[2020-01-02 13:05:01] rtpData ------->   map[result: count:0 state:0] 
[GIN] 2020/01/02 - 13:05:01 | 200 |    1.851675ms |  192.168.66.115 | POST     /getResult
[2020-01-02 13:05:02] 自開彩開獎  {202001020262 1 35 true} 
ConfigData  map[port:3306 database:FA_MEM charset:utf8 redisPassword:"" redisDB:3 ip:192.168.88.181 user:fa_db password:1qaz!QAZ redisIp:192.168.88.119 redisPort:6379 poolname:FA_MEM]
SqlString  SELECT RTP,Amount,Bonus  FROM M_RtpSetting  WHERE Sid = 1   AND State = 1   AND LTG_Code = 1 AND Gid = 35
[2020-01-02 13:05:02] 自開彩開獎  {202001020785 6 36 true} 
ConfigData  map[redisIp:192.168.88.119 redisPort:6379 redisPassword:"" redisDB:3 ip:192.168.88.181 database:FA_MEM charset:utf8 password:1qaz!QAZ poolname:FA_MEM port:3306 user:fa_db]
SqlString  SELECT RTP,Amount,Bonus  FROM M_RtpSetting  WHERE Sid = 1   AND State = 1   AND LTG_Code = 6 AND Gid = 36
sqlResult   map[result: count:0 state:0]
[2020-01-02 13:05:02] rtpData ------->   map[result: count:0 state:0] 
[GIN] 2020/01/02 - 13:05:02 | 200 |     2.06996ms |  192.168.66.115 | POST     /getResult
sqlResult   map[result: count:0 state:0]
[2020-01-02 13:05:02] rtpData ------->   map[result: count:0 state:0] 
[GIN] 2020/01/02 - 13:05:02 | 200 |    2.141605ms |  192.168.66.115 | POST     /getResult
[2020-01-02 13:05:05] 自開彩開獎  {202001020785 1 34 true} 
ConfigData  map[poolname:FA_MEM port:3306 user:fa_db database:FA_MEM charset:utf8 redisIp:192.168.88.119 redisPassword:"" ip:192.168.88.181 password:1qaz!QAZ redisPort:6379 redisDB:3]
SqlString  SELECT RTP,Amount,Bonus  FROM M_RtpSetting  WHERE Sid = 1   AND State = 1   AND LTG_Code = 1 AND Gid = 34
sqlResult   map[result: count:0 state:0]
[2020-01-02 13:05:05] rtpData ------->   map[result: count:0 state:0] 
[GIN] 2020/01/02 - 13:05:05 | 200 |    2.916251ms |  192.168.66.115 | POST     /getResult
[2020-01-02 13:05:06] 自開彩開獎  {202001020158 5 39 true} 
ConfigData  map[password:1qaz!QAZ database:FA_MEM redisIp:192.168.88.119 redisPassword:"" ip:192.168.88.181 poolname:FA_MEM port:3306 user:fa_db redisDB:3 charset:utf8 redisPort:6379]
SqlString  SELECT RTP,Amount,Bonus  FROM M_RtpSetting  WHERE Sid = 1   AND State = 1   AND LTG_Code = 5 AND Gid = 39
sqlResult   map[result: count:0 state:0]
[2020-01-02 13:05:06] rtpData ------->   map[count:0 state:0 result:] 
[GIN] 2020/01/02 - 13:05:06 | 200 |     2.25898ms |  192.168.66.115 | POST     /getResult
[2020-01-02 13:05:06] 自開彩開獎  {202001020786 4 40 true} 
ConfigData  map[redisPassword:"" ip:192.168.88.181 port:3306 user:fa_db password:1qaz!QAZ database:FA_MEM charset:utf8 redisIp:192.168.88.119 poolname:FA_MEM redisPort:6379 redisDB:3]
SqlString  SELECT RTP,Amount,Bonus  FROM M_RtpSetting  WHERE Sid = 1   AND State = 1   AND LTG_Code = 4 AND Gid = 40
sqlResult   map[result: count:0 state:0]
[2020-01-02 13:05:06] rtpData ------->   map[result: count:0 state:0] 
[GIN] 2020/01/02 - 13:05:06 | 200 |    2.540124ms |  192.168.66.115 | POST     /getResult
[2020-01-02 13:05:07] 自開彩開獎  {202001020786 5 38 true} 
ConfigData  map[password:1qaz!QAZ database:FA_MEM redisPassword:"" redisDB:3 ip:192.168.88.181 port:3306 user:fa_db charset:utf8 redisIp:192.168.88.119 redisPort:6379 poolname:FA_MEM]
SqlString  SELECT RTP,Amount,Bonus  FROM M_RtpSetting  WHERE Sid = 1   AND State = 1   AND LTG_Code = 5 AND Gid = 38
sqlResult   map[result: count:0 state:0]
[2020-01-02 13:05:07] rtpData ------->   map[result: count:0 state:0] 
[GIN] 2020/01/02 - 13:05:07 | 200 |    3.146436ms |  192.168.66.115 | POST     /getResult
[2020-01-02 13:05:07] 自開彩開獎  {202001020262 4 41 true} 
ConfigData  map[port:3306 user:fa_db redisPort:6379 redisDB:3 ip:192.168.88.181 poolname:FA_MEM password:1qaz!QAZ database:FA_MEM charset:utf8 redisIp:192.168.88.119 redisPassword:""]
SqlString  SELECT RTP,Amount,Bonus  FROM M_RtpSetting  WHERE Sid = 1   AND State = 1   AND LTG_Code = 4 AND Gid = 41
sqlResult   map[count:0 state:0 result:]
[2020-01-02 13:05:07] rtpData ------->   map[result: count:0 state:0] 
[GIN] 2020/01/02 - 13:05:07 | 200 |    2.714124ms |  192.168.66.115 | POST     /getResult
[2020-01-02 13:05:08] 自開彩開獎  {202001020262 1 35 true} 
ConfigData  map[ip:192.168.88.181 poolname:FA_MEM port:3306 user:fa_db password:1qaz!QAZ redisIp:192.168.88.119 redisPassword:"" database:FA_MEM charset:utf8 redisPort:6379 redisDB:3]
SqlString  SELECT RTP,Amount,Bonus  FROM M_RtpSetting  WHERE Sid = 1   AND State = 1   AND LTG_Code = 1 AND Gid = 35
[2020-01-02 13:05:08] 自開彩開獎  {202001020786 6 36 true} 
ConfigData  map[charset:utf8 redisIp:192.168.88.119 redisPassword:"" ip:192.168.88.181 port:3306 password:1qaz!QAZ database:FA_MEM poolname:FA_MEM user:fa_db redisPort:6379 redisDB:3]
SqlString  SELECT RTP,Amount,Bonus  FROM M_RtpSetting  WHERE Sid = 1   AND State = 1   AND LTG_Code = 6 AND Gid = 36
sqlResult   map[result: count:0 state:0]
[2020-01-02 13:05:08] rtpData ------->   map[state:0 result: count:0] 
sqlResult   map[result: count:0 state:0]
[2020-01-02 13:05:08] rtpData ------->   map[result: count:0 state:0] 
[GIN] 2020/01/02 - 13:05:08 | 200 |    2.351236ms |  192.168.66.115 | POST     /getResult
[GIN] 2020/01/02 - 13:05:08 | 200 |    2.604314ms |  192.168.66.115 | POST     /getResult
[2020-01-02 13:05:11] 自開彩開獎  {202001020786 1 34 true} 
ConfigData  map[charset:utf8 redisPort:6379 redisPassword:"" redisDB:3 ip:192.168.88.181 poolname:FA_MEM user:fa_db redisIp:192.168.88.119 port:3306 password:1qaz!QAZ database:FA_MEM]
SqlString  SELECT RTP,Amount,Bonus  FROM M_RtpSetting  WHERE Sid = 1   AND State = 1   AND LTG_Code = 1 AND Gid = 34
sqlResult   map[count:0 state:0 result:]
[2020-01-02 13:05:11] rtpData ------->   map[result: count:0 state:0] 
[GIN] 2020/01/02 - 13:05:11 | 200 |    2.405354ms |  192.168.66.115 | POST     /getResult
[2020-01-02 13:05:12] 自開彩開獎  {202001020158 5 39 true} 
ConfigData  map[charset:utf8 redisIp:192.168.88.119 redisPassword:"" ip:192.168.88.181 password:1qaz!QAZ database:FA_MEM redisPort:6379 redisDB:3 poolname:FA_MEM port:3306 user:fa_db]
SqlString  SELECT RTP,Amount,Bonus  FROM M_RtpSetting  WHERE Sid = 1   AND State = 1   AND LTG_Code = 5 AND Gid = 39
sqlResult   map[result: count:0 state:0]
[2020-01-02 13:05:12] rtpData ------->   map[state:0 result: count:0] 
[GIN] 2020/01/02 - 13:05:12 | 200 |    2.443943ms |  192.168.66.115 | POST     /getResult
[2020-01-02 13:05:12] 自開彩開獎  {202001020786 4 40 true} 
ConfigData  map[poolname:FA_MEM password:1qaz!QAZ charset:utf8 redisPort:6379 redisDB:3 ip:192.168.88.181 port:3306 user:fa_db database:FA_MEM redisIp:192.168.88.119 redisPassword:""]
SqlString  SELECT RTP,Amount,Bonus  FROM M_RtpSetting  WHERE Sid = 1   AND State = 1   AND LTG_Code = 4 AND Gid = 40
sqlResult   map[count:0 state:0 result:]
[2020-01-02 13:05:12] rtpData ------->   map[result: count:0 state:0] 
[GIN] 2020/01/02 - 13:05:12 | 200 |     2.21668ms |  192.168.66.115 | POST     /getResult
[2020-01-02 13:05:13] 自開彩開獎  {202001020786 5 38 true} 
ConfigData  map[port:3306 user:fa_db password:1qaz!QAZ redisPort:6379 redisDB:3 ip:192.168.88.181 database:FA_MEM charset:utf8 redisIp:192.168.88.119 redisPassword:"" poolname:FA_MEM]
SqlString  SELECT RTP,Amount,Bonus  FROM M_RtpSetting  WHERE Sid = 1   AND State = 1   AND LTG_Code = 5 AND Gid = 38
sqlResult   map[state:0 result: count:0]
[2020-01-02 13:05:13] rtpData ------->   map[result: count:0 state:0] 
[GIN] 2020/01/02 - 13:05:13 | 200 |    2.713147ms |  192.168.66.115 | POST     /getResult
[2020-01-02 13:05:13] 自開彩開獎  {202001020262 4 41 true} 
ConfigData  map[port:3306 user:fa_db redisDB:3 ip:192.168.88.181 password:1qaz!QAZ database:FA_MEM charset:utf8 redisIp:192.168.88.119 redisPort:6379 redisPassword:"" poolname:FA_MEM]
SqlString  SELECT RTP,Amount,Bonus  FROM M_RtpSetting  WHERE Sid = 1   AND State = 1   AND LTG_Code = 4 AND Gid = 41
sqlResult   map[result: count:0 state:0]
[2020-01-02 13:05:13] rtpData ------->   map[result: count:0 state:0] 
[GIN] 2020/01/02 - 13:05:13 | 200 |    2.426475ms |  192.168.66.115 | POST     /getResult
[2020-01-02 13:05:14] 自開彩開獎  {202001020262 1 35 true} 
ConfigData  map[redisIp:192.168.88.119 password:1qaz!QAZ database:FA_MEM charset:utf8 user:fa_db redisPort:6379 redisPassword:"" redisDB:3 ip:192.168.88.181 poolname:FA_MEM port:3306]
SqlString  SELECT RTP,Amount,Bonus  FROM M_RtpSetting  WHERE Sid = 1   AND State = 1   AND LTG_Code = 1 AND Gid = 35
[2020-01-02 13:05:14] 自開彩開獎  {202001020786 6 36 true} 
ConfigData  map[password:1qaz!QAZ database:FA_MEM charset:utf8 redisIp:192.168.88.119 redisPort:6379 ip:192.168.88.181 port:3306 user:fa_db redisPassword:"" redisDB:3 poolname:FA_MEM]
SqlString  SELECT RTP,Amount,Bonus  FROM M_RtpSetting  WHERE Sid = 1   AND State = 1   AND LTG_Code = 6 AND Gid = 36
sqlResult   map[result: count:0 state:0]
sqlResult   map[state:0 result: count:0]
[2020-01-02 13:05:14] rtpData ------->   map[result: count:0 state:0] 
[2020-01-02 13:05:14] rtpData ------->   map[result: count:0 state:0] 
[GIN] 2020/01/02 - 13:05:14 | 200 |    2.488371ms |  192.168.66.115 | POST     /getResult
[GIN] 2020/01/02 - 13:05:14 | 200 |    2.489733ms |  192.168.66.115 | POST     /getResult
[2020-01-02 13:05:17] 自開彩開獎  {202001020786 1 34 true} 
ConfigData  map[poolname:FA_MEM redisPassword:"" redisPort:6379 ip:192.168.88.181 port:3306 user:fa_db password:1qaz!QAZ database:FA_MEM charset:utf8 redisIp:192.168.88.119 redisDB:3]
SqlString  SELECT RTP,Amount,Bonus  FROM M_RtpSetting  WHERE Sid = 1   AND State = 1   AND LTG_Code = 1 AND Gid = 34
sqlResult   map[count:0 state:0 result:]
[2020-01-02 13:05:17] rtpData ------->   map[result: count:0 state:0] 
[GIN] 2020/01/02 - 13:05:17 | 200 |    2.752436ms |  192.168.66.115 | POST     /getResult
[2020-01-02 13:05:18] 自開彩開獎  {202001020158 5 39 true} 
ConfigData  map[database:FA_MEM redisPort:6379 redisDB:3 ip:192.168.88.181 port:3306 password:1qaz!QAZ charset:utf8 redisIp:192.168.88.119 redisPassword:"" poolname:FA_MEM user:fa_db]
SqlString  SELECT RTP,Amount,Bonus  FROM M_RtpSetting  WHERE Sid = 1   AND State = 1   AND LTG_Code = 5 AND Gid = 39
sqlResult   map[result: count:0 state:0]
[2020-01-02 13:05:18] rtpData ------->   map[result: count:0 state:0] 
[GIN] 2020/01/02 - 13:05:18 | 200 |    2.741452ms |  192.168.66.115 | POST     /getResult
[2020-01-02 13:05:18] 自開彩開獎  {202001020786 4 40 true} 
ConfigData  map[ip:192.168.88.181 database:FA_MEM charset:utf8 redisIp:192.168.88.119 redisPassword:"" redisDB:3 poolname:FA_MEM port:3306 user:fa_db password:1qaz!QAZ redisPort:6379]
SqlString  SELECT RTP,Amount,Bonus  FROM M_RtpSetting  WHERE Sid = 1   AND State = 1   AND LTG_Code = 4 AND Gid = 40
sqlResult   map[result: count:0 state:0]
[2020-01-02 13:05:18] rtpData ------->   map[count:0 state:0 result:] 
[GIN] 2020/01/02 - 13:05:18 | 200 |    2.050707ms |  192.168.66.115 | POST     /getResult
[2020-01-02 13:05:19] 自開彩開獎  {202001020786 5 38 true} 
ConfigData  map[redisDB:3 ip:192.168.88.181 poolname:FA_MEM port:3306 user:fa_db password:1qaz!QAZ redisIp:192.168.88.119 database:FA_MEM charset:utf8 redisPort:6379 redisPassword:""]
SqlString  SELECT RTP,Amount,Bonus  FROM M_RtpSetting  WHERE Sid = 1   AND State = 1   AND LTG_Code = 5 AND Gid = 38
sqlResult   map[result: count:0 state:0]
[2020-01-02 13:05:19] rtpData ------->   map[result: count:0 state:0] 
[GIN] 2020/01/02 - 13:05:19 | 200 |    2.825491ms |  192.168.66.115 | POST     /getResult
[2020-01-02 13:05:19] 自開彩開獎  {202001020262 4 41 true} 
ConfigData  map[redisIp:192.168.88.119 redisPort:6379 redisDB:3 poolname:FA_MEM port:3306 user:fa_db password:1qaz!QAZ database:FA_MEM charset:utf8 redisPassword:"" ip:192.168.88.181]
SqlString  SELECT RTP,Amount,Bonus  FROM M_RtpSetting  WHERE Sid = 1   AND State = 1   AND LTG_Code = 4 AND Gid = 41
sqlResult   map[result: count:0 state:0]
[2020-01-02 13:05:19] rtpData ------->   map[result: count:0 state:0] 
[GIN] 2020/01/02 - 13:05:19 | 200 |    2.927567ms |  192.168.66.115 | POST     /getResult
[2020-01-02 13:05:20] 自開彩開獎  {202001020262 1 35 true} 
ConfigData  map[redisDB:3 poolname:FA_MEM password:1qaz!QAZ database:FA_MEM charset:utf8 redisIp:192.168.88.119 redisPort:6379 redisPassword:"" ip:192.168.88.181 port:3306 user:fa_db]
SqlString  SELECT RTP,Amount,Bonus  FROM M_RtpSetting  WHERE Sid = 1   AND State = 1   AND LTG_Code = 1 AND Gid = 35
[2020-01-02 13:05:20] 自開彩開獎  {202001020786 6 36 true} 
ConfigData  map[user:fa_db charset:utf8 redisPort:6379 redisPassword:"" redisDB:3 poolname:FA_MEM port:3306 database:FA_MEM redisIp:192.168.88.119 ip:192.168.88.181 password:1qaz!QAZ]
SqlString  SELECT RTP,Amount,Bonus  FROM M_RtpSetting  WHERE Sid = 1   AND State = 1   AND LTG_Code = 6 AND Gid = 36
sqlResult   map[result: count:0 state:0]
[2020-01-02 13:05:20] rtpData ------->   map[result: count:0 state:0] 
[GIN] 2020/01/02 - 13:05:20 | 200 |    2.401493ms |  192.168.66.115 | POST     /getResult
sqlResult   map[result: count:0 state:0]
[2020-01-02 13:05:20] rtpData ------->   map[result: count:0 state:0] 
[GIN] 2020/01/02 - 13:05:20 | 200 |    2.558921ms |  192.168.66.115 | POST     /getResult
[2020-01-02 13:05:23] 自開彩開獎  {202001020786 1 34 true} 
ConfigData  map[port:3306 user:fa_db password:1qaz!QAZ database:FA_MEM redisIp:192.168.88.119 redisPassword:"" poolname:FA_MEM charset:utf8 redisPort:6379 redisDB:3 ip:192.168.88.181]
SqlString  SELECT RTP,Amount,Bonus  FROM M_RtpSetting  WHERE Sid = 1   AND State = 1   AND LTG_Code = 1 AND Gid = 34
sqlResult   map[count:0 state:0 result:]
[2020-01-02 13:05:23] rtpData ------->   map[result: count:0 state:0] 
[GIN] 2020/01/02 - 13:05:23 | 200 |      2.6029ms |  192.168.66.115 | POST     /getResult
[2020-01-02 13:05:24] 自開彩開獎  {202001020158 5 39 true} 
ConfigData  map[user:fa_db password:1qaz!QAZ redisDB:3 redisPort:6379 redisPassword:"" ip:192.168.88.181 poolname:FA_MEM port:3306 database:FA_MEM charset:utf8 redisIp:192.168.88.119]
SqlString  SELECT RTP,Amount,Bonus  FROM M_RtpSetting  WHERE Sid = 1   AND State = 1   AND LTG_Code = 5 AND Gid = 39
sqlResult   map[result: count:0 state:0]
[2020-01-02 13:05:24] rtpData ------->   map[count:0 state:0 result:] 
[GIN] 2020/01/02 - 13:05:24 | 200 |    2.251358ms |  192.168.66.115 | POST     /getResult
[2020-01-02 13:05:24] 自開彩開獎  {202001020786 4 40 true} 
ConfigData  map[ip:192.168.88.181 password:1qaz!QAZ database:FA_MEM redisIp:192.168.88.119 poolname:FA_MEM port:3306 user:fa_db charset:utf8 redisPort:6379 redisPassword:"" redisDB:3]
SqlString  SELECT RTP,Amount,Bonus  FROM M_RtpSetting  WHERE Sid = 1   AND State = 1   AND LTG_Code = 4 AND Gid = 40
sqlResult   map[result: count:0 state:0]
[2020-01-02 13:05:24] rtpData ------->   map[result: count:0 state:0] 
[GIN] 2020/01/02 - 13:05:24 | 200 |    2.666073ms |  192.168.66.115 | POST     /getResult
[2020-01-02 13:05:25] 自開彩開獎  {202001020786 5 38 true} 
ConfigData  map[redisIp:192.168.88.119 redisPassword:"" redisDB:3 poolname:FA_MEM user:fa_db password:1qaz!QAZ database:FA_MEM charset:utf8 ip:192.168.88.181 port:3306 redisPort:6379]
SqlString  SELECT RTP,Amount,Bonus  FROM M_RtpSetting  WHERE Sid = 1   AND State = 1   AND LTG_Code = 5 AND Gid = 38
sqlResult   map[result: count:0 state:0]
[2020-01-02 13:05:25] rtpData ------->   map[result: count:0 state:0] 
[GIN] 2020/01/02 - 13:05:25 | 200 |    2.911092ms |  192.168.66.115 | POST     /getResult
[2020-01-02 13:05:25] 自開彩開獎  {202001020262 4 41 true} 
ConfigData  map[user:fa_db charset:utf8 redisPassword:"" poolname:FA_MEM port:3306 database:FA_MEM redisIp:192.168.88.119 redisPort:6379 redisDB:3 ip:192.168.88.181 password:1qaz!QAZ]
SqlString  SELECT RTP,Amount,Bonus  FROM M_RtpSetting  WHERE Sid = 1   AND State = 1   AND LTG_Code = 4 AND Gid = 41
sqlResult   map[result: count:0 state:0]
[2020-01-02 13:05:25] rtpData ------->   map[result: count:0 state:0] 
[GIN] 2020/01/02 - 13:05:25 | 200 |    2.477137ms |  192.168.66.115 | POST     /getResult
[2020-01-02 13:05:26] 自開彩開獎  {202001020262 1 35 true} 
[2020-01-02 13:05:26] 自開彩開獎  {202001020786 6 36 true} 
ConfigData  map[port:3306 user:fa_db redisPassword:"" database:FA_MEM charset:utf8 redisIp:192.168.88.119 redisPort:6379 redisDB:3 ip:192.168.88.181 poolname:FA_MEM password:1qaz!QAZ]
SqlString  SELECT RTP,Amount,Bonus  FROM M_RtpSetting  WHERE Sid = 1   AND State = 1   AND LTG_Code = 1 AND Gid = 35
ConfigData  map[charset:utf8 redisPort:6379 redisPassword:"" redisDB:3 ip:192.168.88.181 port:3306 database:FA_MEM redisIp:192.168.88.119 poolname:FA_MEM user:fa_db password:1qaz!QAZ]
SqlString  SELECT RTP,Amount,Bonus  FROM M_RtpSetting  WHERE Sid = 1   AND State = 1   AND LTG_Code = 6 AND Gid = 36
sqlResult   map[result: count:0 state:0]
[2020-01-02 13:05:26] rtpData ------->   map[result: count:0 state:0] 
sqlResult   map[result: count:0 state:0]
[2020-01-02 13:05:26] rtpData ------->   map[state:0 result: count:0] 
[GIN] 2020/01/02 - 13:05:26 | 200 |    2.540805ms |  192.168.66.115 | POST     /getResult
[GIN] 2020/01/02 - 13:05:26 | 200 |    2.689909ms |  192.168.66.115 | POST     /getResult
[2020-01-02 13:05:29] 自開彩開獎  {202001020786 1 34 true} 
ConfigData  map[password:1qaz!QAZ database:FA_MEM redisDB:3 ip:192.168.88.181 poolname:FA_MEM port:3306 user:fa_db charset:utf8 redisIp:192.168.88.119 redisPort:6379 redisPassword:""]
SqlString  SELECT RTP,Amount,Bonus  FROM M_RtpSetting  WHERE Sid = 1   AND State = 1   AND LTG_Code = 1 AND Gid = 34
sqlResult   map[count:0 state:0 result:]
[2020-01-02 13:05:29] rtpData ------->   map[result: count:0 state:0] 
[GIN] 2020/01/02 - 13:05:29 | 200 |    2.561778ms |  192.168.66.115 | POST     /getResult
[2020-01-02 13:05:30] 自開彩開獎  {202001020158 5 39 true} 
ConfigData  map[user:fa_db database:FA_MEM redisPort:6379 redisPassword:"" redisDB:3 ip:192.168.88.181 poolname:FA_MEM port:3306 password:1qaz!QAZ charset:utf8 redisIp:192.168.88.119]
SqlString  SELECT RTP,Amount,Bonus  FROM M_RtpSetting  WHERE Sid = 1   AND State = 1   AND LTG_Code = 5 AND Gid = 39
sqlResult   map[result: count:0 state:0]
[2020-01-02 13:05:30] rtpData ------->   map[result: count:0 state:0] 
[GIN] 2020/01/02 - 13:05:30 | 200 |    2.435543ms |  192.168.66.115 | POST     /getResult
[2020-01-02 13:05:30] 自開彩開獎  {202001020786 4 40 true} 
ConfigData  map[database:FA_MEM charset:utf8 redisPort:6379 redisPassword:"" port:3306 user:fa_db password:1qaz!QAZ redisIp:192.168.88.119 redisDB:3 ip:192.168.88.181 poolname:FA_MEM]
SqlString  SELECT RTP,Amount,Bonus  FROM M_RtpSetting  WHERE Sid = 1   AND State = 1   AND LTG_Code = 4 AND Gid = 40
sqlResult   map[result: count:0 state:0]
[2020-01-02 13:05:30] rtpData ------->   map[count:0 state:0 result:] 
[GIN] 2020/01/02 - 13:05:30 | 200 |    2.318077ms |  192.168.66.115 | POST     /getResult
[2020-01-02 13:05:31] 自開彩開獎  {202001020786 5 38 true} 
ConfigData  map[user:fa_db password:1qaz!QAZ database:FA_MEM redisIp:192.168.88.119 ip:192.168.88.181 poolname:FA_MEM port:3306 charset:utf8 redisPort:6379 redisPassword:"" redisDB:3]
SqlString  SELECT RTP,Amount,Bonus  FROM M_RtpSetting  WHERE Sid = 1   AND State = 1   AND LTG_Code = 5 AND Gid = 38
sqlResult   map[result: count:0 state:0]
[2020-01-02 13:05:31] rtpData ------->   map[state:0 result: count:0] 
[GIN] 2020/01/02 - 13:05:31 | 200 |    2.502207ms |  192.168.66.115 | POST     /getResult
[2020-01-02 13:05:31] 自開彩開獎  {202001020262 4 41 true} 
ConfigData  map[ip:192.168.88.181 user:fa_db database:FA_MEM redisIp:192.168.88.119 redisPassword:"" redisDB:3 poolname:FA_MEM port:3306 password:1qaz!QAZ charset:utf8 redisPort:6379]
SqlString  SELECT RTP,Amount,Bonus  FROM M_RtpSetting  WHERE Sid = 1   AND State = 1   AND LTG_Code = 4 AND Gid = 41
sqlResult   map[result: count:0 state:0]
[2020-01-02 13:05:31] rtpData ------->   map[result: count:0 state:0] 
[GIN] 2020/01/02 - 13:05:31 | 200 |    2.432043ms |  192.168.66.115 | POST     /getResult
[2020-01-02 13:05:32] 自開彩開獎  {202001020262 1 35 true} 
ConfigData  map[redisIp:192.168.88.119 redisDB:3 ip:192.168.88.181 port:3306 user:fa_db database:FA_MEM charset:utf8 poolname:FA_MEM password:1qaz!QAZ redisPort:6379 redisPassword:""]
SqlString  SELECT RTP,Amount,Bonus  FROM M_RtpSetting  WHERE Sid = 1   AND State = 1   AND LTG_Code = 1 AND Gid = 35
[2020-01-02 13:05:32] 自開彩開獎  {202001020786 6 36 true} 
ConfigData  map[user:fa_db password:1qaz!QAZ redisPassword:"" redisDB:3 ip:192.168.88.181 port:3306 database:FA_MEM charset:utf8 redisIp:192.168.88.119 redisPort:6379 poolname:FA_MEM]
SqlString  SELECT RTP,Amount,Bonus  FROM M_RtpSetting  WHERE Sid = 1   AND State = 1   AND LTG_Code = 6 AND Gid = 36
sqlResult   map[result: count:0 state:0]
[2020-01-02 13:05:32] rtpData ------->   map[result: count:0 state:0] 
sqlResult   map[result: count:0 state:0]
[2020-01-02 13:05:32] rtpData ------->   map[result: count:0 state:0] 
[GIN] 2020/01/02 - 13:05:32 | 200 |    2.870866ms |  192.168.66.115 | POST     /getResult
[GIN] 2020/01/02 - 13:05:32 | 200 |    2.877709ms |  192.168.66.115 | POST     /getResult
[2020-01-02 13:05:35] 自開彩開獎  {202001020786 1 34 true} 
ConfigData  map[charset:utf8 redisIp:192.168.88.119 redisPassword:"" database:FA_MEM poolname:FA_MEM port:3306 user:fa_db password:1qaz!QAZ redisPort:6379 redisDB:3 ip:192.168.88.181]
SqlString  SELECT RTP,Amount,Bonus  FROM M_RtpSetting  WHERE Sid = 1   AND State = 1   AND LTG_Code = 1 AND Gid = 34
sqlResult   map[result: count:0 state:0]
[2020-01-02 13:05:35] rtpData ------->   map[result: count:0 state:0] 
[GIN] 2020/01/02 - 13:05:35 | 200 |    2.780649ms |  192.168.66.115 | POST     /getResult
[2020-01-02 13:05:36] 自開彩開獎  {202001020158 5 39 true} 
ConfigData  map[password:1qaz!QAZ database:FA_MEM redisPassword:"" ip:192.168.88.181 user:fa_db charset:utf8 redisIp:192.168.88.119 redisPort:6379 redisDB:3 poolname:FA_MEM port:3306]
SqlString  SELECT RTP,Amount,Bonus  FROM M_RtpSetting  WHERE Sid = 1   AND State = 1   AND LTG_Code = 5 AND Gid = 39
sqlResult   map[result: count:0 state:0]
[2020-01-02 13:05:36] rtpData ------->   map[result: count:0 state:0] 
[GIN] 2020/01/02 - 13:05:36 | 200 |    2.252625ms |  192.168.66.115 | POST     /getResult
[2020-01-02 13:05:36] 自開彩開獎  {202001020786 4 40 true} 
ConfigData  map[user:fa_db ip:192.168.88.181 port:3306 database:FA_MEM charset:utf8 redisIp:192.168.88.119 redisPort:6379 redisPassword:"" redisDB:3 poolname:FA_MEM password:1qaz!QAZ]
SqlString  SELECT RTP,Amount,Bonus  FROM M_RtpSetting  WHERE Sid = 1   AND State = 1   AND LTG_Code = 4 AND Gid = 40
sqlResult   map[result: count:0 state:0]
[2020-01-02 13:05:36] rtpData ------->   map[result: count:0 state:0] 
[GIN] 2020/01/02 - 13:05:36 | 200 |    2.201898ms |  192.168.66.115 | POST     /getResult
[2020-01-02 13:05:37] 自開彩開獎  {202001020786 5 38 true} 
ConfigData  map[poolname:FA_MEM port:3306 password:1qaz!QAZ database:FA_MEM charset:utf8 redisPort:6379 redisPassword:"" ip:192.168.88.181 user:fa_db redisIp:192.168.88.119 redisDB:3]
SqlString  SELECT RTP,Amount,Bonus  FROM M_RtpSetting  WHERE Sid = 1   AND State = 1   AND LTG_Code = 5 AND Gid = 38
sqlResult   map[count:0 state:0 result:]
[2020-01-02 13:05:37] rtpData ------->   map[state:0 result: count:0] 
[GIN] 2020/01/02 - 13:05:37 | 200 |    2.806921ms |  192.168.66.115 | POST     /getResult
[2020-01-02 13:05:37] 自開彩開獎  {202001020262 4 41 true} 
ConfigData  map[poolname:FA_MEM port:3306 password:1qaz!QAZ charset:utf8 redisIp:192.168.88.119 redisPort:6379 ip:192.168.88.181 user:fa_db database:FA_MEM redisPassword:"" redisDB:3]
SqlString  SELECT RTP,Amount,Bonus  FROM M_RtpSetting  WHERE Sid = 1   AND State = 1   AND LTG_Code = 4 AND Gid = 41
sqlResult   map[result: count:0 state:0]
[2020-01-02 13:05:37] rtpData ------->   map[result: count:0 state:0] 
[GIN] 2020/01/02 - 13:05:37 | 200 |    2.456814ms |  192.168.66.115 | POST     /getResult
[2020-01-02 13:05:38] 自開彩開獎  {202001020262 1 35 true} 
ConfigData  map[charset:utf8 redisPort:6379 redisPassword:"" redisDB:3 poolname:FA_MEM password:1qaz!QAZ user:fa_db database:FA_MEM redisIp:192.168.88.119 ip:192.168.88.181 port:3306]
SqlString  SELECT RTP,Amount,Bonus  FROM M_RtpSetting  WHERE Sid = 1   AND State = 1   AND LTG_Code = 1 AND Gid = 35
[2020-01-02 13:05:38] 自開彩開獎  {202001020786 6 36 true} 
ConfigData  map[redisPort:6379 user:fa_db database:FA_MEM port:3306 password:1qaz!QAZ charset:utf8 redisIp:192.168.88.119 redisPassword:"" redisDB:3 ip:192.168.88.181 poolname:FA_MEM]
SqlString  SELECT RTP,Amount,Bonus  FROM M_RtpSetting  WHERE Sid = 1   AND State = 1   AND LTG_Code = 6 AND Gid = 36
sqlResult   map[result: count:0 state:0]
[2020-01-02 13:05:38] rtpData ------->   map[result: count:0 state:0] 
[GIN] 2020/01/02 - 13:05:38 | 200 |    2.509891ms |  192.168.66.115 | POST     /getResult
sqlResult   map[result: count:0 state:0]
[2020-01-02 13:05:38] rtpData ------->   map[result: count:0 state:0] 
[GIN] 2020/01/02 - 13:05:38 | 200 |     2.61047ms |  192.168.66.115 | POST     /getResult
[2020-01-02 13:05:41] 自開彩開獎  {202001020786 1 34 true} 
ConfigData  map[ip:192.168.88.181 port:3306 charset:utf8 redisPort:6379 poolname:FA_MEM user:fa_db password:1qaz!QAZ database:FA_MEM redisIp:192.168.88.119 redisPassword:"" redisDB:3]
SqlString  SELECT RTP,Amount,Bonus  FROM M_RtpSetting  WHERE Sid = 1   AND State = 1   AND LTG_Code = 1 AND Gid = 34
sqlResult   map[result: count:0 state:0]
[2020-01-02 13:05:41] rtpData ------->   map[result: count:0 state:0] 
[GIN] 2020/01/02 - 13:05:41 | 200 |    2.335872ms |  192.168.66.115 | POST     /getResult
[2020-01-02 13:05:42] 自開彩開獎  {202001020158 5 39 true} 
ConfigData  map[ip:192.168.88.181 database:FA_MEM redisPort:6379 password:1qaz!QAZ charset:utf8 redisIp:192.168.88.119 redisPassword:"" redisDB:3 poolname:FA_MEM port:3306 user:fa_db]
SqlString  SELECT RTP,Amount,Bonus  FROM M_RtpSetting  WHERE Sid = 1   AND State = 1   AND LTG_Code = 5 AND Gid = 39
sqlResult   map[result: count:0 state:0]
[2020-01-02 13:05:42] rtpData ------->   map[result: count:0 state:0] 
[GIN] 2020/01/02 - 13:05:42 | 200 |    2.615897ms |  192.168.66.115 | POST     /getResult
[2020-01-02 13:05:42] 自開彩開獎  {202001020786 4 40 true} 
ConfigData  map[user:fa_db redisIp:192.168.88.119 redisPassword:"" redisDB:3 ip:192.168.88.181 port:3306 password:1qaz!QAZ database:FA_MEM charset:utf8 redisPort:6379 poolname:FA_MEM]
SqlString  SELECT RTP,Amount,Bonus  FROM M_RtpSetting  WHERE Sid = 1   AND State = 1   AND LTG_Code = 4 AND Gid = 40
sqlResult   map[result: count:0 state:0]
[2020-01-02 13:05:42] rtpData ------->   map[result: count:0 state:0] 
[GIN] 2020/01/02 - 13:05:42 | 200 |    2.537921ms |  192.168.66.115 | POST     /getResult
[2020-01-02 13:05:43] 自開彩開獎  {202001020786 5 38 true} 
ConfigData  map[poolname:FA_MEM port:3306 user:fa_db password:1qaz!QAZ charset:utf8 redisIp:192.168.88.119 redisPort:6379 ip:192.168.88.181 redisDB:3 redisPassword:"" database:FA_MEM]
SqlString  SELECT RTP,Amount,Bonus  FROM M_RtpSetting  WHERE Sid = 1   AND State = 1   AND LTG_Code = 5 AND Gid = 38
sqlResult   map[result: count:0 state:0]
[2020-01-02 13:05:43] rtpData ------->   map[result: count:0 state:0] 
[GIN] 2020/01/02 - 13:05:43 | 200 |    2.682845ms |  192.168.66.115 | POST     /getResult
[2020-01-02 13:05:43] 自開彩開獎  {202001020262 4 41 true} 
ConfigData  map[redisDB:3 user:fa_db redisPassword:"" port:3306 password:1qaz!QAZ database:FA_MEM charset:utf8 redisIp:192.168.88.119 redisPort:6379 ip:192.168.88.181 poolname:FA_MEM]
SqlString  SELECT RTP,Amount,Bonus  FROM M_RtpSetting  WHERE Sid = 1   AND State = 1   AND LTG_Code = 4 AND Gid = 41
sqlResult   map[state:0 result: count:0]
[2020-01-02 13:05:43] rtpData ------->   map[result: count:0 state:0] 
[GIN] 2020/01/02 - 13:05:43 | 200 |    2.704759ms |  192.168.66.115 | POST     /getResult
[2020-01-02 13:05:44] 自開彩開獎  {202001020262 1 35 true} 
ConfigData  map[ip:192.168.88.181 poolname:FA_MEM password:1qaz!QAZ redisIp:192.168.88.119 redisPassword:"" port:3306 user:fa_db database:FA_MEM charset:utf8 redisPort:6379 redisDB:3]
SqlString  SELECT RTP,Amount,Bonus  FROM M_RtpSetting  WHERE Sid = 1   AND State = 1   AND LTG_Code = 1 AND Gid = 35
[2020-01-02 13:05:44] 自開彩開獎  {202001020786 6 36 true} 
ConfigData  map[user:fa_db redisPort:6379 ip:192.168.88.181 port:3306 password:1qaz!QAZ database:FA_MEM charset:utf8 redisIp:192.168.88.119 redisPassword:"" redisDB:3 poolname:FA_MEM]
SqlString  SELECT RTP,Amount,Bonus  FROM M_RtpSetting  WHERE Sid = 1   AND State = 1   AND LTG_Code = 6 AND Gid = 36
sqlResult   map[result: count:0 state:0]
[2020-01-02 13:05:44] rtpData ------->   map[result: count:0 state:0] 
[GIN] 2020/01/02 - 13:05:44 | 200 |    2.161483ms |  192.168.66.115 | POST     /getResult
sqlResult   map[state:0 result: count:0]
[2020-01-02 13:05:44] rtpData ------->   map[result: count:0 state:0] 
[GIN] 2020/01/02 - 13:05:44 | 200 |    2.128568ms |  192.168.66.115 | POST     /getResult
[2020-01-02 13:05:47] 自開彩開獎  {202001020786 1 34 true} 
ConfigData  map[poolname:FA_MEM port:3306 password:1qaz!QAZ charset:utf8 redisDB:3 ip:192.168.88.181 database:FA_MEM redisIp:192.168.88.119 redisPort:6379 redisPassword:"" user:fa_db]
SqlString  SELECT RTP,Amount,Bonus  FROM M_RtpSetting  WHERE Sid = 1   AND State = 1   AND LTG_Code = 1 AND Gid = 34
sqlResult   map[result: count:0 state:0]
[2020-01-02 13:05:47] rtpData ------->   map[count:0 state:0 result:] 
[GIN] 2020/01/02 - 13:05:47 | 200 |    2.935177ms |  192.168.66.115 | POST     /getResult
[2020-01-02 13:05:48] 自開彩開獎  {202001020158 5 39 true} 
ConfigData  map[ip:192.168.88.181 poolname:FA_MEM port:3306 redisPort:6379 redisPassword:"" redisDB:3 user:fa_db password:1qaz!QAZ database:FA_MEM charset:utf8 redisIp:192.168.88.119]
SqlString  SELECT RTP,Amount,Bonus  FROM M_RtpSetting  WHERE Sid = 1   AND State = 1   AND LTG_Code = 5 AND Gid = 39
sqlResult   map[result: count:0 state:0]
[2020-01-02 13:05:48] rtpData ------->   map[result: count:0 state:0] 
[GIN] 2020/01/02 - 13:05:48 | 200 |    3.151215ms |  192.168.66.115 | POST     /getResult
[2020-01-02 13:05:48] 自開彩開獎  {202001020786 4 40 true} 
ConfigData  map[ip:192.168.88.181 port:3306 user:fa_db password:1qaz!QAZ database:FA_MEM charset:utf8 redisIp:192.168.88.119 redisPort:6379 redisPassword:"" redisDB:3 poolname:FA_MEM]
SqlString  SELECT RTP,Amount,Bonus  FROM M_RtpSetting  WHERE Sid = 1   AND State = 1   AND LTG_Code = 4 AND Gid = 40
sqlResult   map[count:0 state:0 result:]
[2020-01-02 13:05:48] rtpData ------->   map[result: count:0 state:0] 
[GIN] 2020/01/02 - 13:05:48 | 200 |    3.084773ms |  192.168.66.115 | POST     /getResult
[2020-01-02 13:05:49] 自開彩開獎  {202001020786 5 38 true} 
ConfigData  map[ip:192.168.88.181 password:1qaz!QAZ redisIp:192.168.88.119 redisDB:3 redisPassword:"" poolname:FA_MEM port:3306 user:fa_db database:FA_MEM charset:utf8 redisPort:6379]
SqlString  SELECT RTP,Amount,Bonus  FROM M_RtpSetting  WHERE Sid = 1   AND State = 1   AND LTG_Code = 5 AND Gid = 38
sqlResult   map[result: count:0 state:0]
[2020-01-02 13:05:49] rtpData ------->   map[result: count:0 state:0] 
[GIN] 2020/01/02 - 13:05:49 | 200 |    2.777047ms |  192.168.66.115 | POST     /getResult
[2020-01-02 13:05:49] 自開彩開獎  {202001020262 4 41 true} 
ConfigData  map[password:1qaz!QAZ database:FA_MEM charset:utf8 redisPort:6379 redisPassword:"" ip:192.168.88.181 port:3306 redisIp:192.168.88.119 redisDB:3 poolname:FA_MEM user:fa_db]
SqlString  SELECT RTP,Amount,Bonus  FROM M_RtpSetting  WHERE Sid = 1   AND State = 1   AND LTG_Code = 4 AND Gid = 41
sqlResult   map[count:0 state:0 result:]
[2020-01-02 13:05:49] rtpData ------->   map[result: count:0 state:0] 
[GIN] 2020/01/02 - 13:05:49 | 200 |    2.616598ms |  192.168.66.115 | POST     /getResult
[2020-01-02 13:05:50] 自開彩開獎  {202001020262 1 35 true} 
ConfigData  map[poolname:FA_MEM port:3306 password:1qaz!QAZ charset:utf8 redisPassword:"" ip:192.168.88.181 user:fa_db database:FA_MEM redisIp:192.168.88.119 redisPort:6379 redisDB:3]
SqlString  SELECT RTP,Amount,Bonus  FROM M_RtpSetting  WHERE Sid = 1   AND State = 1   AND LTG_Code = 1 AND Gid = 35
[2020-01-02 13:05:50] 自開彩開獎  {202001020786 6 36 true} 
ConfigData  map[poolname:FA_MEM port:3306 database:FA_MEM redisIp:192.168.88.119 redisPort:6379 ip:192.168.88.181 user:fa_db password:1qaz!QAZ charset:utf8 redisPassword:"" redisDB:3]
SqlString  SELECT RTP,Amount,Bonus  FROM M_RtpSetting  WHERE Sid = 1   AND State = 1   AND LTG_Code = 6 AND Gid = 36
sqlResult   map[count:0 state:0 result:]
[2020-01-02 13:05:50] rtpData ------->   map[result: count:0 state:0] 
[GIN] 2020/01/02 - 13:05:50 | 200 |     2.62321ms |  192.168.66.115 | POST     /getResult
sqlResult   map[count:0 state:0 result:]
[2020-01-02 13:05:50] rtpData ------->   map[state:0 result: count:0] 
[GIN] 2020/01/02 - 13:05:50 | 200 |    2.508278ms |  192.168.66.115 | POST     /getResult
[2020-01-02 13:05:53] 自開彩開獎  {202001020786 1 34 true} 
ConfigData  map[redisPassword:"" redisDB:3 ip:192.168.88.181 user:fa_db password:1qaz!QAZ redisIp:192.168.88.119 redisPort:6379 poolname:FA_MEM port:3306 database:FA_MEM charset:utf8]
SqlString  SELECT RTP,Amount,Bonus  FROM M_RtpSetting  WHERE Sid = 1   AND State = 1   AND LTG_Code = 1 AND Gid = 34
sqlResult   map[result: count:0 state:0]
[2020-01-02 13:05:53] rtpData ------->   map[result: count:0 state:0] 
[GIN] 2020/01/02 - 13:05:53 | 200 |    2.523312ms |  192.168.66.115 | POST     /getResult
[2020-01-02 13:05:54] 自開彩開獎  {202001020158 5 39 true} 
ConfigData  map[ip:192.168.88.181 port:3306 redisIp:192.168.88.119 redisPassword:"" redisDB:3 poolname:FA_MEM user:fa_db password:1qaz!QAZ database:FA_MEM charset:utf8 redisPort:6379]
SqlString  SELECT RTP,Amount,Bonus  FROM M_RtpSetting  WHERE Sid = 1   AND State = 1   AND LTG_Code = 5 AND Gid = 39
sqlResult   map[result: count:0 state:0]
[2020-01-02 13:05:54] rtpData ------->   map[result: count:0 state:0] 
[GIN] 2020/01/02 - 13:05:54 | 200 |    2.542607ms |  192.168.66.115 | POST     /getResult
[2020-01-02 13:05:54] 自開彩開獎  {202001020786 4 40 true} 
ConfigData  map[redisDB:3 port:3306 user:fa_db charset:utf8 redisPort:6379 redisIp:192.168.88.119 redisPassword:"" ip:192.168.88.181 poolname:FA_MEM password:1qaz!QAZ database:FA_MEM]
SqlString  SELECT RTP,Amount,Bonus  FROM M_RtpSetting  WHERE Sid = 1   AND State = 1   AND LTG_Code = 4 AND Gid = 40
sqlResult   map[result: count:0 state:0]
[2020-01-02 13:05:54] rtpData ------->   map[result: count:0 state:0] 
[GIN] 2020/01/02 - 13:05:54 | 200 |    2.185682ms |  192.168.66.115 | POST     /getResult
[2020-01-02 13:05:55] 自開彩開獎  {202001020786 5 38 true} 
ConfigData  map[database:FA_MEM redisIp:192.168.88.119 redisPassword:"" redisDB:3 poolname:FA_MEM port:3306 user:fa_db password:1qaz!QAZ charset:utf8 redisPort:6379 ip:192.168.88.181]
SqlString  SELECT RTP,Amount,Bonus  FROM M_RtpSetting  WHERE Sid = 1   AND State = 1   AND LTG_Code = 5 AND Gid = 38
sqlResult   map[result: count:0 state:0]
[2020-01-02 13:05:55] rtpData ------->   map[result: count:0 state:0] 
[GIN] 2020/01/02 - 13:05:55 | 200 |    2.949108ms |  192.168.66.115 | POST     /getResult
[2020-01-02 13:05:55] 自開彩開獎  {202001020262 4 41 true} 
ConfigData  map[ip:192.168.88.181 user:fa_db password:1qaz!QAZ charset:utf8 redisPort:6379 redisPassword:"" redisDB:3 poolname:FA_MEM port:3306 database:FA_MEM redisIp:192.168.88.119]
SqlString  SELECT RTP,Amount,Bonus  FROM M_RtpSetting  WHERE Sid = 1   AND State = 1   AND LTG_Code = 4 AND Gid = 41
sqlResult   map[result: count:0 state:0]
[2020-01-02 13:05:55] rtpData ------->   map[result: count:0 state:0] 
[GIN] 2020/01/02 - 13:05:55 | 200 |    2.390588ms |  192.168.66.115 | POST     /getResult
[2020-01-02 13:05:56] 自開彩開獎  {202001020786 6 36 true} 
[2020-01-02 13:05:56] 自開彩開獎  {202001020262 1 35 true} 
ConfigData  map[redisIp:192.168.88.119 redisPort:6379 redisDB:3 user:fa_db database:FA_MEM charset:utf8 password:1qaz!QAZ redisPassword:"" ip:192.168.88.181 poolname:FA_MEM port:3306]
SqlString  SELECT RTP,Amount,Bonus  FROM M_RtpSetting  WHERE Sid = 1   AND State = 1   AND LTG_Code = 6 AND Gid = 36
ConfigData  map[port:3306 database:FA_MEM charset:utf8 redisPort:6379 redisDB:3 redisPassword:"" ip:192.168.88.181 poolname:FA_MEM user:fa_db password:1qaz!QAZ redisIp:192.168.88.119]
SqlString  SELECT RTP,Amount,Bonus  FROM M_RtpSetting  WHERE Sid = 1   AND State = 1   AND LTG_Code = 1 AND Gid = 35
sqlResult   map[result: count:0 state:0]
[2020-01-02 13:05:56] rtpData ------->   map[result: count:0 state:0] 
[GIN] 2020/01/02 - 13:05:56 | 200 |    2.636418ms |  192.168.66.115 | POST     /getResult
sqlResult   map[state:0 result: count:0]
[2020-01-02 13:05:56] rtpData ------->   map[state:0 result: count:0] 
[GIN] 2020/01/02 - 13:05:56 | 200 |    2.850046ms |  192.168.66.115 | POST     /getResult
[2020-01-02 13:05:59] 自開彩開獎  {202001020786 1 34 true} 
ConfigData  map[ip:192.168.88.181 poolname:FA_MEM port:3306 user:fa_db redisIp:192.168.88.119 redisDB:3 password:1qaz!QAZ database:FA_MEM charset:utf8 redisPort:6379 redisPassword:""]
SqlString  SELECT RTP,Amount,Bonus  FROM M_RtpSetting  WHERE Sid = 1   AND State = 1   AND LTG_Code = 1 AND Gid = 34
sqlResult   map[result: count:0 state:0]
[2020-01-02 13:05:59] rtpData ------->   map[count:0 state:0 result:] 
[GIN] 2020/01/02 - 13:05:59 | 200 |    2.909034ms |  192.168.66.115 | POST     /getResult
[2020-01-02 13:06:00] 自開彩開獎  {202001020158 5 39 true} 
ConfigData  map[redisIp:192.168.88.119 redisPassword:"" port:3306 user:fa_db database:FA_MEM charset:utf8 redisDB:3 ip:192.168.88.181 poolname:FA_MEM password:1qaz!QAZ redisPort:6379]
SqlString  SELECT RTP,Amount,Bonus  FROM M_RtpSetting  WHERE Sid = 1   AND State = 1   AND LTG_Code = 5 AND Gid = 39
sqlResult   map[count:0 state:0 result:]
[2020-01-02 13:06:00] rtpData ------->   map[result: count:0 state:0] 
[GIN] 2020/01/02 - 13:06:00 | 200 |    2.223548ms |  192.168.66.115 | POST     /getResult
[2020-01-02 13:06:00] 自開彩開獎  {202001020786 4 40 true} 
ConfigData  map[redisIp:192.168.88.119 redisPort:6379 redisDB:3 user:fa_db database:FA_MEM port:3306 password:1qaz!QAZ charset:utf8 redisPassword:"" ip:192.168.88.181 poolname:FA_MEM]
SqlString  SELECT RTP,Amount,Bonus  FROM M_RtpSetting  WHERE Sid = 1   AND State = 1   AND LTG_Code = 4 AND Gid = 40
sqlResult   map[result: count:0 state:0]
[2020-01-02 13:06:00] rtpData ------->   map[result: count:0 state:0] 
[GIN] 2020/01/02 - 13:06:00 | 200 |    2.381175ms |  192.168.66.115 | POST     /getResult
[2020-01-02 13:06:00] 自開彩開獎  {202001020787 2 26 true} 
ConfigData  map[ip:192.168.88.181 user:fa_db poolname:FA_MEM port:3306 password:1qaz!QAZ database:FA_MEM charset:utf8 redisIp:192.168.88.119 redisPort:6379 redisPassword:"" redisDB:3]
SqlString  SELECT RTP,Amount,Bonus  FROM M_RtpSetting  WHERE Sid = 1   AND State = 1   AND LTG_Code = 2 AND Gid = 26
[2020-01-02 13:06:00] 自開彩開獎  {20200102263 2 27 true} 
ConfigData  map[database:FA_MEM redisPort:6379 redisDB:3 ip:192.168.88.181 user:fa_db password:1qaz!QAZ charset:utf8 redisIp:192.168.88.119 redisPassword:"" poolname:FA_MEM port:3306]
SqlString  SELECT RTP,Amount,Bonus  FROM M_RtpSetting  WHERE Sid = 1   AND State = 1   AND LTG_Code = 2 AND Gid = 27
sqlResult   map[result:0.9600 count:1 state:1 amount:1.0069588e+06 bonus:908100.71]
[2020-01-02 13:06:00] rtpData ------->   map[amount:1.0069588e+06 bonus:908100.71 result:0.9600 count:1 state:1] 
ConfigData  map[redisPort:6379 redisDB:3 poolname:FA_MEM port:3306 user:fa_db charset:utf8 redisPassword:"" ip:192.168.88.181 password:1qaz!QAZ database:FA_MEM redisIp:192.168.88.119]
SELECT BO_No, BO_OrderNo , BO_User , BO_Issue  , BO_LotteryTypeGroup, BO_LotteryType, BO_Mode, BO_LotteryPlayGroup, BO_LotteryPlay , BO_LotteryContent, BO_Price, BO_RealPrice, BO_Unit, BO_Multiple , BO_BetCount  , BO_Winnings, BO_Winnings2, BO_Winnings3, BO_WinningLimit  , BO_Water , BO_BW_SourceUserId, BO_BW_BackWater, BO_BW_LimitBetCount, BO_BW_MaxAmount, BO_BW_AuditMultiple  , BO_Odds, BO_Odds2, BO_Odds3 , BO_Type, BO_Chase , BO_OpenResult, BO_OpenResult2, BO_DateDraw, BO_DateDraw2, BO_DateUpdate  FROM TS_BetOrder  WHERE BO_Cancel = 0   AND BO_CancelBackend = 0   AND BO_LotteryTypeGroup = 2 AND BO_LotteryType = 26 AND BO_Issue = 202001020787 AND BO_Collect = 0 ORDER BY BO_DateDraw ASC, BO_DateCreate ASC, BO_DateUpdate ASC, BO_No ASC ;
sqlResult   map[result:0.9600 count:1 state:1 amount:105208 bonus:58491.69]
[2020-01-02 13:06:00] rtpData ------->   map[bonus:58491.69 result:0.9600 count:1 state:1 amount:105208] 
ConfigData  map[charset:utf8 redisIp:192.168.88.119 redisDB:3 ip:192.168.88.181 user:fa_db password:1qaz!QAZ database:FA_MEM redisPort:6379 redisPassword:"" poolname:FA_MEM port:3306]
SELECT BO_No, BO_OrderNo , BO_User , BO_Issue  , BO_LotteryTypeGroup, BO_LotteryType, BO_Mode, BO_LotteryPlayGroup, BO_LotteryPlay , BO_LotteryContent, BO_Price, BO_RealPrice, BO_Unit, BO_Multiple , BO_BetCount  , BO_Winnings, BO_Winnings2, BO_Winnings3, BO_WinningLimit  , BO_Water , BO_BW_SourceUserId, BO_BW_BackWater, BO_BW_LimitBetCount, BO_BW_MaxAmount, BO_BW_AuditMultiple  , BO_Odds, BO_Odds2, BO_Odds3 , BO_Type, BO_Chase , BO_OpenResult, BO_OpenResult2, BO_DateDraw, BO_DateDraw2, BO_DateUpdate  FROM TS_BetOrder  WHERE BO_Cancel = 0   AND BO_CancelBackend = 0   AND BO_LotteryTypeGroup = 2 AND BO_LotteryType = 27 AND BO_Issue = 20200102263 AND BO_Collect = 0 ORDER BY BO_DateDraw ASC, BO_DateCreate ASC, BO_DateUpdate ASC, BO_No ASC ;
[2020-01-02 13:06:00] LottteryTypeGroup 2 
[2020-01-02 13:06:00] LottteryTypeGroup 2 
[2020-01-02 13:06:00] 有期號 但無注單 -------> map[amount:0 bonus:0 thisOpenResult:[9 8 7 9 0]] 
[2020-01-02 13:06:00] 有期號 但無注單 -------> map[thisOpenResult:[4 9 7 5 3] amount:0 bonus:0] 
[GIN] 2020/01/02 - 13:06:00 | 200 |    5.001526ms |  192.168.66.115 | POST     /getResult
[GIN] 2020/01/02 - 13:06:00 | 200 |    4.910696ms |  192.168.66.115 | POST     /getResult
[2020-01-02 13:06:01] 自開彩開獎  {202001020263 6 37 true} 
ConfigData  map[redisPassword:"" user:fa_db charset:utf8 port:3306 password:1qaz!QAZ database:FA_MEM redisIp:192.168.88.119 redisPort:6379 redisDB:3 ip:192.168.88.181 poolname:FA_MEM]
SqlString  SELECT RTP,Amount,Bonus  FROM M_RtpSetting  WHERE Sid = 1   AND State = 1   AND LTG_Code = 6 AND Gid = 37
sqlResult   map[result: count:0 state:0]
[2020-01-02 13:06:01] rtpData ------->   map[result: count:0 state:0] 
[GIN] 2020/01/02 - 13:06:01 | 200 |    2.815261ms |  192.168.66.115 | POST     /getResult
[2020-01-02 13:06:01] 自開彩開獎  {202001020786 5 38 true} 
ConfigData  map[password:1qaz!QAZ charset:utf8 redisDB:3 poolname:FA_MEM port:3306 user:fa_db database:FA_MEM redisIp:192.168.88.119 redisPort:6379 redisPassword:"" ip:192.168.88.181]
SqlString  SELECT RTP,Amount,Bonus  FROM M_RtpSetting  WHERE Sid = 1   AND State = 1   AND LTG_Code = 5 AND Gid = 38
sqlResult   map[result: count:0 state:0]
[2020-01-02 13:06:01] rtpData ------->   map[state:0 result: count:0] 
[GIN] 2020/01/02 - 13:06:01 | 200 |    2.346249ms |  192.168.66.115 | POST     /getResult
[2020-01-02 13:06:01] 自開彩開獎  {202001020262 4 41 true} 
ConfigData  map[charset:utf8 redisIp:192.168.88.119 redisPort:6379 redisDB:3 poolname:FA_MEM port:3306 user:fa_db password:1qaz!QAZ ip:192.168.88.181 database:FA_MEM redisPassword:""]
SqlString  SELECT RTP,Amount,Bonus  FROM M_RtpSetting  WHERE Sid = 1   AND State = 1   AND LTG_Code = 4 AND Gid = 41
sqlResult   map[result: count:0 state:0]
[2020-01-02 13:06:01] rtpData ------->   map[result: count:0 state:0] 
[GIN] 2020/01/02 - 13:06:01 | 200 |    2.797484ms |  192.168.66.115 | POST     /getResult
[2020-01-02 13:06:02] 自開彩開獎  {202001020786 6 36 true} 
ConfigData  map[redisPassword:"" redisDB:3 poolname:FA_MEM port:3306 database:FA_MEM charset:utf8 redisIp:192.168.88.119 ip:192.168.88.181 user:fa_db password:1qaz!QAZ redisPort:6379]
SqlString  SELECT RTP,Amount,Bonus  FROM M_RtpSetting  WHERE Sid = 1   AND State = 1   AND LTG_Code = 6 AND Gid = 36
[2020-01-02 13:06:02] 自開彩開獎  {202001020262 1 35 true} 
ConfigData  map[ip:192.168.88.181 port:3306 password:1qaz!QAZ charset:utf8 redisIp:192.168.88.119 poolname:FA_MEM user:fa_db database:FA_MEM redisPort:6379 redisPassword:"" redisDB:3]
SqlString  SELECT RTP,Amount,Bonus  FROM M_RtpSetting  WHERE Sid = 1   AND State = 1   AND LTG_Code = 1 AND Gid = 35
sqlResult   map[result: count:0 state:0]
[2020-01-02 13:06:02] rtpData ------->   map[result: count:0 state:0] 
[GIN] 2020/01/02 - 13:06:02 | 200 |    2.778639ms |  192.168.66.115 | POST     /getResult
sqlResult   map[result: count:0 state:0]
[2020-01-02 13:06:02] rtpData ------->   map[result: count:0 state:0] 
[GIN] 2020/01/02 - 13:06:02 | 200 |    3.002522ms |  192.168.66.115 | POST     /getResult
[2020-01-02 13:06:05] 自開彩開獎  {202001020786 1 34 true} 
ConfigData  map[user:fa_db password:1qaz!QAZ charset:utf8 redisPort:6379 redisDB:3 ip:192.168.88.181 port:3306 database:FA_MEM redisIp:192.168.88.119 redisPassword:"" poolname:FA_MEM]
SqlString  SELECT RTP,Amount,Bonus  FROM M_RtpSetting  WHERE Sid = 1   AND State = 1   AND LTG_Code = 1 AND Gid = 34
sqlResult   map[result: count:0 state:0]
[2020-01-02 13:06:05] rtpData ------->   map[result: count:0 state:0] 
[GIN] 2020/01/02 - 13:06:05 | 200 |    2.176495ms |  192.168.66.115 | POST     /getResult
[2020-01-02 13:06:06] 自開彩開獎  {202001020787 4 40 true} 
ConfigData  map[port:3306 user:fa_db database:FA_MEM charset:utf8 redisIp:192.168.88.119 redisPort:6379 poolname:FA_MEM password:1qaz!QAZ redisPassword:"" redisDB:3 ip:192.168.88.181]
SqlString  SELECT RTP,Amount,Bonus  FROM M_RtpSetting  WHERE Sid = 1   AND State = 1   AND LTG_Code = 4 AND Gid = 40
sqlResult   map[result: count:0 state:0]
[2020-01-02 13:06:06] rtpData ------->   map[result: count:0 state:0] 
[GIN] 2020/01/02 - 13:06:06 | 200 |    2.250209ms |  192.168.66.115 | POST     /getResult
[2020-01-02 13:06:07] 自開彩開獎  {202001020263 6 37 true} 
ConfigData  map[ip:192.168.88.181 port:3306 password:1qaz!QAZ database:FA_MEM redisPort:6379 redisDB:3 poolname:FA_MEM user:fa_db charset:utf8 redisIp:192.168.88.119 redisPassword:""]
SqlString  SELECT RTP,Amount,Bonus  FROM M_RtpSetting  WHERE Sid = 1   AND State = 1   AND LTG_Code = 6 AND Gid = 37
sqlResult   map[state:0 result: count:0]
[2020-01-02 13:06:07] rtpData ------->   map[result: count:0 state:0] 
[GIN] 2020/01/02 - 13:06:07 | 200 |    2.321219ms |  192.168.66.115 | POST     /getResult
[2020-01-02 13:06:07] 自開彩開獎  {202001020787 5 38 true} 
ConfigData  map[charset:utf8 redisIp:192.168.88.119 ip:192.168.88.181 password:1qaz!QAZ database:FA_MEM redisPort:6379 redisPassword:"" redisDB:3 poolname:FA_MEM port:3306 user:fa_db]
SqlString  SELECT RTP,Amount,Bonus  FROM M_RtpSetting  WHERE Sid = 1   AND State = 1   AND LTG_Code = 5 AND Gid = 38
sqlResult   map[state:0 result: count:0]
[2020-01-02 13:06:07] rtpData ------->   map[state:0 result: count:0] 
[GIN] 2020/01/02 - 13:06:07 | 200 |    2.960877ms |  192.168.66.115 | POST     /getResult
[2020-01-02 13:06:07] 自開彩開獎  {202001020263 4 41 true} 
ConfigData  map[ip:192.168.88.181 user:fa_db password:1qaz!QAZ database:FA_MEM charset:utf8 redisIp:192.168.88.119 redisPassword:"" poolname:FA_MEM port:3306 redisPort:6379 redisDB:3]
SqlString  SELECT RTP,Amount,Bonus  FROM M_RtpSetting  WHERE Sid = 1   AND State = 1   AND LTG_Code = 4 AND Gid = 41
sqlResult   map[state:0 result: count:0]
[2020-01-02 13:06:07] rtpData ------->   map[result: count:0 state:0] 
[GIN] 2020/01/02 - 13:06:07 | 200 |    2.831156ms |  192.168.66.115 | POST     /getResult
[2020-01-02 13:06:08] 自開彩開獎  {202001020263 1 35 true} 
ConfigData  map[database:FA_MEM redisIp:192.168.88.119 redisPassword:"" redisDB:3 ip:192.168.88.181 poolname:FA_MEM port:3306 user:fa_db password:1qaz!QAZ charset:utf8 redisPort:6379]
SqlString  SELECT RTP,Amount,Bonus  FROM M_RtpSetting  WHERE Sid = 1   AND State = 1   AND LTG_Code = 1 AND Gid = 35
[2020-01-02 13:06:08] 自開彩開獎  {202001020787 6 36 true} 
ConfigData  map[redisPassword:"" redisDB:3 password:1qaz!QAZ database:FA_MEM charset:utf8 redisIp:192.168.88.119 ip:192.168.88.181 poolname:FA_MEM port:3306 user:fa_db redisPort:6379]
SqlString  SELECT RTP,Amount,Bonus  FROM M_RtpSetting  WHERE Sid = 1   AND State = 1   AND LTG_Code = 6 AND Gid = 36
sqlResult   map[result: count:0 state:0]
[2020-01-02 13:06:08] rtpData ------->   map[result: count:0 state:0] 
[GIN] 2020/01/02 - 13:06:08 | 200 |     1.77605ms |  192.168.66.115 | POST     /getResult
sqlResult   map[result: count:0 state:0]
[2020-01-02 13:06:08] rtpData ------->   map[count:0 state:0 result:] 
[GIN] 2020/01/02 - 13:06:08 | 200 |    2.032696ms |  192.168.66.115 | POST     /getResult
[2020-01-02 13:06:11] 自開彩開獎  {202001020787 1 34 true} 
ConfigData  map[database:FA_MEM charset:utf8 redisIp:192.168.88.119 redisPassword:"" redisDB:3 ip:192.168.88.181 poolname:FA_MEM password:1qaz!QAZ port:3306 user:fa_db redisPort:6379]
SqlString  SELECT RTP,Amount,Bonus  FROM M_RtpSetting  WHERE Sid = 1   AND State = 1   AND LTG_Code = 1 AND Gid = 34
sqlResult   map[result: count:0 state:0]
[2020-01-02 13:06:11] rtpData ------->   map[result: count:0 state:0] 
[GIN] 2020/01/02 - 13:06:11 | 200 |     2.92972ms |  192.168.66.115 | POST     /getResult
[2020-01-02 13:06:12] 自開彩開獎  {202001020787 4 40 true} 
ConfigData  map[database:FA_MEM redisPort:6379 redisPassword:"" poolname:FA_MEM port:3306 password:1qaz!QAZ redisIp:192.168.88.119 redisDB:3 ip:192.168.88.181 user:fa_db charset:utf8]
SqlString  SELECT RTP,Amount,Bonus  FROM M_RtpSetting  WHERE Sid = 1   AND State = 1   AND LTG_Code = 4 AND Gid = 40
sqlResult   map[result: count:0 state:0]
[2020-01-02 13:06:12] rtpData ------->   map[result: count:0 state:0] 
[GIN] 2020/01/02 - 13:06:12 | 200 |    2.376842ms |  192.168.66.115 | POST     /getResult
[2020-01-02 13:06:13] 自開彩開獎  {202001020263 6 37 true} 
ConfigData  map[user:fa_db charset:utf8 redisDB:3 ip:192.168.88.181 port:3306 password:1qaz!QAZ database:FA_MEM redisIp:192.168.88.119 redisPort:6379 redisPassword:"" poolname:FA_MEM]
SqlString  SELECT RTP,Amount,Bonus  FROM M_RtpSetting  WHERE Sid = 1   AND State = 1   AND LTG_Code = 6 AND Gid = 37
sqlResult   map[result: count:0 state:0]
[2020-01-02 13:06:13] rtpData ------->   map[state:0 result: count:0] 
[GIN] 2020/01/02 - 13:06:13 | 200 |    2.321586ms |  192.168.66.115 | POST     /getResult
[2020-01-02 13:06:13] 自開彩開獎  {202001020787 5 38 true} 
ConfigData  map[charset:utf8 redisIp:192.168.88.119 redisPort:6379 ip:192.168.88.181 poolname:FA_MEM port:3306 password:1qaz!QAZ database:FA_MEM redisPassword:"" user:fa_db redisDB:3]
SqlString  SELECT RTP,Amount,Bonus  FROM M_RtpSetting  WHERE Sid = 1   AND State = 1   AND LTG_Code = 5 AND Gid = 38
sqlResult   map[result: count:0 state:0]
[2020-01-02 13:06:13] rtpData ------->   map[result: count:0 state:0] 
[GIN] 2020/01/02 - 13:06:13 | 200 |    3.235225ms |  192.168.66.115 | POST     /getResult
[2020-01-02 13:06:13] 自開彩開獎  {202001020263 4 41 true} 
ConfigData  map[redisDB:3 poolname:FA_MEM port:3306 password:1qaz!QAZ database:FA_MEM charset:utf8 redisIp:192.168.88.119 redisPassword:"" ip:192.168.88.181 user:fa_db redisPort:6379]
SqlString  SELECT RTP,Amount,Bonus  FROM M_RtpSetting  WHERE Sid = 1   AND State = 1   AND LTG_Code = 4 AND Gid = 41
sqlResult   map[count:0 state:0 result:]
[2020-01-02 13:06:13] rtpData ------->   map[result: count:0 state:0] 
[GIN] 2020/01/02 - 13:06:13 | 200 |    2.156244ms |  192.168.66.115 | POST     /getResult
[2020-01-02 13:06:14] 自開彩開獎  {202001020787 6 36 true} 
[2020-01-02 13:06:14] 自開彩開獎  {202001020263 1 35 true} 
ConfigData  map[user:fa_db password:1qaz!QAZ redisPort:6379 redisPassword:"" redisDB:3 poolname:FA_MEM port:3306 charset:utf8 redisIp:192.168.88.119 ip:192.168.88.181 database:FA_MEM]
SqlString  SELECT RTP,Amount,Bonus  FROM M_RtpSetting  WHERE Sid = 1   AND State = 1   AND LTG_Code = 1 AND Gid = 35
ConfigData  map[poolname:FA_MEM user:fa_db password:1qaz!QAZ redisIp:192.168.88.119 redisPort:6379 redisPassword:"" ip:192.168.88.181 database:FA_MEM charset:utf8 redisDB:3 port:3306]
SqlString  SELECT RTP,Amount,Bonus  FROM M_RtpSetting  WHERE Sid = 1   AND State = 1   AND LTG_Code = 6 AND Gid = 36
sqlResult   map[state:0 result: count:0]
[2020-01-02 13:06:14] rtpData ------->   map[result: count:0 state:0] 
[GIN] 2020/01/02 - 13:06:14 | 200 |    2.428535ms |  192.168.66.115 | POST     /getResult
sqlResult   map[result: count:0 state:0]
[2020-01-02 13:06:14] rtpData ------->   map[result: count:0 state:0] 
[GIN] 2020/01/02 - 13:06:14 | 200 |    2.498302ms |  192.168.66.115 | POST     /getResult
[2020-01-02 13:06:17] 自開彩開獎  {202001020787 1 34 true} 
ConfigData  map[poolname:FA_MEM port:3306 password:1qaz!QAZ database:FA_MEM charset:utf8 redisDB:3 ip:192.168.88.181 user:fa_db redisIp:192.168.88.119 redisPort:6379 redisPassword:""]
SqlString  SELECT RTP,Amount,Bonus  FROM M_RtpSetting  WHERE Sid = 1   AND State = 1   AND LTG_Code = 1 AND Gid = 34
sqlResult   map[result: count:0 state:0]
[2020-01-02 13:06:17] rtpData ------->   map[result: count:0 state:0] 
[GIN] 2020/01/02 - 13:06:17 | 200 |    2.950003ms |  192.168.66.115 | POST     /getResult
[2020-01-02 13:06:18] 自開彩開獎  {202001020787 4 40 true} 
ConfigData  map[redisDB:3 ip:192.168.88.181 poolname:FA_MEM port:3306 user:fa_db redisIp:192.168.88.119 redisPassword:"" password:1qaz!QAZ database:FA_MEM charset:utf8 redisPort:6379]
SqlString  SELECT RTP,Amount,Bonus  FROM M_RtpSetting  WHERE Sid = 1   AND State = 1   AND LTG_Code = 4 AND Gid = 40
sqlResult   map[state:0 result: count:0]
[2020-01-02 13:06:18] rtpData ------->   map[result: count:0 state:0] 
[GIN] 2020/01/02 - 13:06:18 | 200 |    2.637135ms |  192.168.66.115 | POST     /getResult
[2020-01-02 13:06:19] 自開彩開獎  {202001020263 6 37 true} 
ConfigData  map[ip:192.168.88.181 poolname:FA_MEM password:1qaz!QAZ database:FA_MEM charset:utf8 redisIp:192.168.88.119 redisPort:6379 redisPassword:"" port:3306 user:fa_db redisDB:3]
SqlString  SELECT RTP,Amount,Bonus  FROM M_RtpSetting  WHERE Sid = 1   AND State = 1   AND LTG_Code = 6 AND Gid = 37
sqlResult   map[result: count:0 state:0]
[2020-01-02 13:06:19] rtpData ------->   map[result: count:0 state:0] 
[GIN] 2020/01/02 - 13:06:19 | 200 |    3.056233ms |  192.168.66.115 | POST     /getResult
[2020-01-02 13:06:19] 自開彩開獎  {202001020787 5 38 true} 
ConfigData  map[redisPort:6379 ip:192.168.88.181 poolname:FA_MEM port:3306 user:fa_db database:FA_MEM charset:utf8 redisIp:192.168.88.119 redisPassword:"" redisDB:3 password:1qaz!QAZ]
SqlString  SELECT RTP,Amount,Bonus  FROM M_RtpSetting  WHERE Sid = 1   AND State = 1   AND LTG_Code = 5 AND Gid = 38
sqlResult   map[result: count:0 state:0]
[2020-01-02 13:06:19] rtpData ------->   map[result: count:0 state:0] 
[GIN] 2020/01/02 - 13:06:19 | 200 |    2.346667ms |  192.168.66.115 | POST     /getResult
[2020-01-02 13:06:19] 自開彩開獎  {202001020263 4 41 true} 
ConfigData  map[ip:192.168.88.181 poolname:FA_MEM user:fa_db password:1qaz!QAZ database:FA_MEM redisPort:6379 redisDB:3 port:3306 charset:utf8 redisIp:192.168.88.119 redisPassword:""]
SqlString  SELECT RTP,Amount,Bonus  FROM M_RtpSetting  WHERE Sid = 1   AND State = 1   AND LTG_Code = 4 AND Gid = 41
sqlResult   map[state:0 result: count:0]
[2020-01-02 13:06:19] rtpData ------->   map[count:0 state:0 result:] 
[GIN] 2020/01/02 - 13:06:19 | 200 |    2.835028ms |  192.168.66.115 | POST     /getResult
[2020-01-02 13:06:20] 自開彩開獎  {202001020263 1 35 true} 
ConfigData  map[charset:utf8 redisPassword:"" port:3306 database:FA_MEM user:fa_db password:1qaz!QAZ redisIp:192.168.88.119 redisPort:6379 redisDB:3 ip:192.168.88.181 poolname:FA_MEM]
SqlString  SELECT RTP,Amount,Bonus  FROM M_RtpSetting  WHERE Sid = 1   AND State = 1   AND LTG_Code = 1 AND Gid = 35
[2020-01-02 13:06:20] 自開彩開獎  {202001020787 6 36 true} 
ConfigData  map[database:FA_MEM redisDB:3 port:3306 poolname:FA_MEM user:fa_db password:1qaz!QAZ charset:utf8 redisIp:192.168.88.119 redisPort:6379 redisPassword:"" ip:192.168.88.181]
SqlString  SELECT RTP,Amount,Bonus  FROM M_RtpSetting  WHERE Sid = 1   AND State = 1   AND LTG_Code = 6 AND Gid = 36
sqlResult   map[count:0 state:0 result:]
[2020-01-02 13:06:20] rtpData ------->   map[state:0 result: count:0] 
[GIN] 2020/01/02 - 13:06:20 | 200 |    2.304439ms |  192.168.66.115 | POST     /getResult
sqlResult   map[result: count:0 state:0]
[2020-01-02 13:06:20] rtpData ------->   map[result: count:0 state:0] 
[GIN] 2020/01/02 - 13:06:20 | 200 |    2.374969ms |  192.168.66.115 | POST     /getResult
[2020-01-02 13:06:23] 自開彩開獎  {202001020787 1 34 true} 
ConfigData  map[redisPort:6379 redisPassword:"" poolname:FA_MEM user:fa_db password:1qaz!QAZ database:FA_MEM charset:utf8 ip:192.168.88.181 port:3306 redisIp:192.168.88.119 redisDB:3]
SqlString  SELECT RTP,Amount,Bonus  FROM M_RtpSetting  WHERE Sid = 1   AND State = 1   AND LTG_Code = 1 AND Gid = 34
sqlResult   map[result: count:0 state:0]
[2020-01-02 13:06:23] rtpData ------->   map[result: count:0 state:0] 
[GIN] 2020/01/02 - 13:06:23 | 200 |    2.999352ms |  192.168.66.115 | POST     /getResult
[2020-01-02 13:06:24] 自開彩開獎  {202001020787 4 40 true} 
ConfigData  map[database:FA_MEM redisIp:192.168.88.119 redisPort:6379 redisPassword:"" ip:192.168.88.181 poolname:FA_MEM user:fa_db password:1qaz!QAZ port:3306 charset:utf8 redisDB:3]
SqlString  SELECT RTP,Amount,Bonus  FROM M_RtpSetting  WHERE Sid = 1   AND State = 1   AND LTG_Code = 4 AND Gid = 40
sqlResult   map[result: count:0 state:0]
[2020-01-02 13:06:24] rtpData ------->   map[result: count:0 state:0] 
[GIN] 2020/01/02 - 13:06:24 | 200 |    2.308645ms |  192.168.66.115 | POST     /getResult
[2020-01-02 13:06:25] 自開彩開獎  {202001020263 6 37 true} 
ConfigData  map[port:3306 user:fa_db password:1qaz!QAZ database:FA_MEM redisPort:6379 ip:192.168.88.181 poolname:FA_MEM charset:utf8 redisIp:192.168.88.119 redisPassword:"" redisDB:3]
SqlString  SELECT RTP,Amount,Bonus  FROM M_RtpSetting  WHERE Sid = 1   AND State = 1   AND LTG_Code = 6 AND Gid = 37
sqlResult   map[result: count:0 state:0]
[2020-01-02 13:06:25] rtpData ------->   map[result: count:0 state:0] 
[GIN] 2020/01/02 - 13:06:25 | 200 |    3.362878ms |  192.168.66.115 | POST     /getResult
[2020-01-02 13:06:25] 自開彩開獎  {202001020787 5 38 true} 
ConfigData  map[ip:192.168.88.181 database:FA_MEM charset:utf8 redisPassword:"" redisDB:3 poolname:FA_MEM port:3306 user:fa_db password:1qaz!QAZ redisIp:192.168.88.119 redisPort:6379]
SqlString  SELECT RTP,Amount,Bonus  FROM M_RtpSetting  WHERE Sid = 1   AND State = 1   AND LTG_Code = 5 AND Gid = 38
sqlResult   map[result: count:0 state:0]
[2020-01-02 13:06:25] rtpData ------->   map[result: count:0 state:0] 
[GIN] 2020/01/02 - 13:06:25 | 200 |    2.698628ms |  192.168.66.115 | POST     /getResult
[2020-01-02 13:06:25] 自開彩開獎  {202001020263 4 41 true} 
ConfigData  map[ip:192.168.88.181 user:fa_db database:FA_MEM charset:utf8 redisPort:6379 redisPassword:"" poolname:FA_MEM port:3306 password:1qaz!QAZ redisIp:192.168.88.119 redisDB:3]
SqlString  SELECT RTP,Amount,Bonus  FROM M_RtpSetting  WHERE Sid = 1   AND State = 1   AND LTG_Code = 4 AND Gid = 41
sqlResult   map[result: count:0 state:0]
[2020-01-02 13:06:25] rtpData ------->   map[count:0 state:0 result:] 
[GIN] 2020/01/02 - 13:06:25 | 200 |    4.043158ms |  192.168.66.115 | POST     /getResult
[2020-01-02 13:06:26] 自開彩開獎  {202001020787 6 36 true} 
ConfigData  map[ip:192.168.88.181 poolname:FA_MEM user:fa_db database:FA_MEM charset:utf8 redisPassword:"" port:3306 password:1qaz!QAZ redisIp:192.168.88.119 redisPort:6379 redisDB:3]
SqlString  SELECT RTP,Amount,Bonus  FROM M_RtpSetting  WHERE Sid = 1   AND State = 1   AND LTG_Code = 6 AND Gid = 36
[2020-01-02 13:06:26] 自開彩開獎  {202001020263 1 35 true} 
ConfigData  map[redisPassword:"" redisDB:3 ip:192.168.88.181 port:3306 charset:utf8 redisIp:192.168.88.119 redisPort:6379 poolname:FA_MEM user:fa_db password:1qaz!QAZ database:FA_MEM]
SqlString  SELECT RTP,Amount,Bonus  FROM M_RtpSetting  WHERE Sid = 1   AND State = 1   AND LTG_Code = 1 AND Gid = 35
sqlResult   map[result: count:0 state:0]
[2020-01-02 13:06:26] rtpData ------->   map[result: count:0 state:0] 
sqlResult   map[result: count:0 state:0]
[GIN] 2020/01/02 - 13:06:26 | 200 |    2.482504ms |  192.168.66.115 | POST     /getResult
[2020-01-02 13:06:26] rtpData ------->   map[result: count:0 state:0] 
[GIN] 2020/01/02 - 13:06:26 | 200 |    2.621415ms |  192.168.66.115 | POST     /getResult
[2020-01-02 13:06:29] 自開彩開獎  {202001020787 1 34 true} 
ConfigData  map[ip:192.168.88.181 poolname:FA_MEM password:1qaz!QAZ charset:utf8 redisIp:192.168.88.119 redisPort:6379 port:3306 user:fa_db database:FA_MEM redisPassword:"" redisDB:3]
SqlString  SELECT RTP,Amount,Bonus  FROM M_RtpSetting  WHERE Sid = 1   AND State = 1   AND LTG_Code = 1 AND Gid = 34
sqlResult   map[state:0 result: count:0]
[2020-01-02 13:06:29] rtpData ------->   map[result: count:0 state:0] 
[GIN] 2020/01/02 - 13:06:29 | 200 |    2.185269ms |  192.168.66.115 | POST     /getResult
[2020-01-02 13:06:30] 自開彩開獎  {202001020787 4 40 true} 
ConfigData  map[redisPort:6379 redisDB:3 database:FA_MEM poolname:FA_MEM port:3306 user:fa_db password:1qaz!QAZ charset:utf8 redisIp:192.168.88.119 redisPassword:"" ip:192.168.88.181]
SqlString  SELECT RTP,Amount,Bonus  FROM M_RtpSetting  WHERE Sid = 1   AND State = 1   AND LTG_Code = 4 AND Gid = 40
sqlResult   map[count:0 state:0 result:]
[2020-01-02 13:06:30] rtpData ------->   map[result: count:0 state:0] 
[GIN] 2020/01/02 - 13:06:30 | 200 |    2.268001ms |  192.168.66.115 | POST     /getResult
[2020-01-02 13:06:31] 自開彩開獎  {202001020263 6 37 true} 
ConfigData  map[ip:192.168.88.181 poolname:FA_MEM port:3306 password:1qaz!QAZ database:FA_MEM charset:utf8 redisPort:6379 user:fa_db redisIp:192.168.88.119 redisPassword:"" redisDB:3]
SqlString  SELECT RTP,Amount,Bonus  FROM M_RtpSetting  WHERE Sid = 1   AND State = 1   AND LTG_Code = 6 AND Gid = 37
sqlResult   map[result: count:0 state:0]
[2020-01-02 13:06:31] rtpData ------->   map[result: count:0 state:0] 
[GIN] 2020/01/02 - 13:06:31 | 200 |    3.197163ms |  192.168.66.115 | POST     /getResult
[2020-01-02 13:06:31] 自開彩開獎  {202001020787 5 38 true} 
ConfigData  map[redisDB:3 ip:192.168.88.181 poolname:FA_MEM port:3306 user:fa_db password:1qaz!QAZ database:FA_MEM charset:utf8 redisIp:192.168.88.119 redisPort:6379 redisPassword:""]
SqlString  SELECT RTP,Amount,Bonus  FROM M_RtpSetting  WHERE Sid = 1   AND State = 1   AND LTG_Code = 5 AND Gid = 38
sqlResult   map[state:0 result: count:0]
[2020-01-02 13:06:31] rtpData ------->   map[state:0 result: count:0] 
[GIN] 2020/01/02 - 13:06:31 | 200 |    2.453181ms |  192.168.66.115 | POST     /getResult
[2020-01-02 13:06:31] 自開彩開獎  {202001020263 4 41 true} 
ConfigData  map[port:3306 poolname:FA_MEM user:fa_db password:1qaz!QAZ database:FA_MEM charset:utf8 redisIp:192.168.88.119 redisPort:6379 redisPassword:"" ip:192.168.88.181 redisDB:3]
SqlString  SELECT RTP,Amount,Bonus  FROM M_RtpSetting  WHERE Sid = 1   AND State = 1   AND LTG_Code = 4 AND Gid = 41
sqlResult   map[result: count:0 state:0]
[2020-01-02 13:06:31] rtpData ------->   map[result: count:0 state:0] 
[GIN] 2020/01/02 - 13:06:31 | 200 |     2.70401ms |  192.168.66.115 | POST     /getResult
[2020-01-02 13:06:32] 自開彩開獎  {202001020263 1 35 true} 
ConfigData  map[port:3306 password:1qaz!QAZ database:FA_MEM charset:utf8 redisIp:192.168.88.119 redisDB:3 ip:192.168.88.181 poolname:FA_MEM redisPassword:"" user:fa_db redisPort:6379]
SqlString  SELECT RTP,Amount,Bonus  FROM M_RtpSetting  WHERE Sid = 1   AND State = 1   AND LTG_Code = 1 AND Gid = 35
[2020-01-02 13:06:32] 自開彩開獎  {202001020787 6 36 true} 
ConfigData  map[poolname:FA_MEM password:1qaz!QAZ database:FA_MEM charset:utf8 redisPort:6379 redisPassword:"" redisDB:3 ip:192.168.88.181 port:3306 user:fa_db redisIp:192.168.88.119]
SqlString  SELECT RTP,Amount,Bonus  FROM M_RtpSetting  WHERE Sid = 1   AND State = 1   AND LTG_Code = 6 AND Gid = 36
sqlResult   map[count:0 state:0 result:]
[2020-01-02 13:06:32] rtpData ------->   map[count:0 state:0 result:] 
[GIN] 2020/01/02 - 13:06:32 | 200 |    3.384134ms |  192.168.66.115 | POST     /getResult
sqlResult   map[result: count:0 state:0]
[2020-01-02 13:06:32] rtpData ------->   map[state:0 result: count:0] 
[GIN] 2020/01/02 - 13:06:32 | 200 |      3.2748ms |  192.168.66.115 | POST     /getResult
[2020-01-02 13:06:35] 自開彩開獎  {202001020787 1 34 true} 
ConfigData  map[password:1qaz!QAZ charset:utf8 redisIp:192.168.88.119 redisPort:6379 ip:192.168.88.181 poolname:FA_MEM port:3306 user:fa_db database:FA_MEM redisPassword:"" redisDB:3]
SqlString  SELECT RTP,Amount,Bonus  FROM M_RtpSetting  WHERE Sid = 1   AND State = 1   AND LTG_Code = 1 AND Gid = 34
sqlResult   map[result: count:0 state:0]
[2020-01-02 13:06:35] rtpData ------->   map[result: count:0 state:0] 
[GIN] 2020/01/02 - 13:06:35 | 200 |    2.980129ms |  192.168.66.115 | POST     /getResult
[2020-01-02 13:06:36] 自開彩開獎  {202001020787 4 40 true} 
ConfigData  map[ip:192.168.88.181 poolname:FA_MEM port:3306 password:1qaz!QAZ charset:utf8 redisPassword:"" redisDB:3 user:fa_db database:FA_MEM redisIp:192.168.88.119 redisPort:6379]
SqlString  SELECT RTP,Amount,Bonus  FROM M_RtpSetting  WHERE Sid = 1   AND State = 1   AND LTG_Code = 4 AND Gid = 40
sqlResult   map[result: count:0 state:0]
[2020-01-02 13:06:36] rtpData ------->   map[result: count:0 state:0] 
[GIN] 2020/01/02 - 13:06:36 | 200 |     2.31598ms |  192.168.66.115 | POST     /getResult
[2020-01-02 13:06:37] 自開彩開獎  {202001020263 6 37 true} 
ConfigData  map[redisPassword:"" ip:192.168.88.181 poolname:FA_MEM port:3306 redisPort:6379 redisIp:192.168.88.119 redisDB:3 user:fa_db password:1qaz!QAZ database:FA_MEM charset:utf8]
SqlString  SELECT RTP,Amount,Bonus  FROM M_RtpSetting  WHERE Sid = 1   AND State = 1   AND LTG_Code = 6 AND Gid = 37
sqlResult   map[result: count:0 state:0]
[2020-01-02 13:06:37] rtpData ------->   map[result: count:0 state:0] 
[GIN] 2020/01/02 - 13:06:37 | 200 |    3.014719ms |  192.168.66.115 | POST     /getResult
[2020-01-02 13:06:37] 自開彩開獎  {202001020787 5 38 true} 
ConfigData  map[user:fa_db password:1qaz!QAZ redisIp:192.168.88.119 redisPassword:"" charset:utf8 redisPort:6379 redisDB:3 ip:192.168.88.181 poolname:FA_MEM port:3306 database:FA_MEM]
SqlString  SELECT RTP,Amount,Bonus  FROM M_RtpSetting  WHERE Sid = 1   AND State = 1   AND LTG_Code = 5 AND Gid = 38
sqlResult   map[state:0 result: count:0]
[2020-01-02 13:06:37] rtpData ------->   map[result: count:0 state:0] 
[GIN] 2020/01/02 - 13:06:37 | 200 |    1.858616ms |  192.168.66.115 | POST     /getResult
[2020-01-02 13:06:37] 自開彩開獎  {202001020263 4 41 true} 
ConfigData  map[redisDB:3 ip:192.168.88.181 poolname:FA_MEM password:1qaz!QAZ redisPort:6379 redisPassword:"" port:3306 user:fa_db database:FA_MEM charset:utf8 redisIp:192.168.88.119]
SqlString  SELECT RTP,Amount,Bonus  FROM M_RtpSetting  WHERE Sid = 1   AND State = 1   AND LTG_Code = 4 AND Gid = 41
sqlResult   map[count:0 state:0 result:]
[2020-01-02 13:06:37] rtpData ------->   map[result: count:0 state:0] 
[GIN] 2020/01/02 - 13:06:37 | 200 |     2.27277ms |  192.168.66.115 | POST     /getResult
[2020-01-02 13:06:38] 自開彩開獎  {202001020787 6 36 true} 
ConfigData  map[ip:192.168.88.181 database:FA_MEM redisIp:192.168.88.119 redisPassword:"" redisDB:3 poolname:FA_MEM port:3306 user:fa_db password:1qaz!QAZ charset:utf8 redisPort:6379]
SqlString  SELECT RTP,Amount,Bonus  FROM M_RtpSetting  WHERE Sid = 1   AND State = 1   AND LTG_Code = 6 AND Gid = 36
[2020-01-02 13:06:38] 自開彩開獎  {202001020263 1 35 true} 
ConfigData  map[redisPassword:"" redisDB:3 poolname:FA_MEM port:3306 password:1qaz!QAZ database:FA_MEM redisIp:192.168.88.119 redisPort:6379 ip:192.168.88.181 user:fa_db charset:utf8]
SqlString  SELECT RTP,Amount,Bonus  FROM M_RtpSetting  WHERE Sid = 1   AND State = 1   AND LTG_Code = 1 AND Gid = 35
sqlResult   map[result: count:0 state:0]
[2020-01-02 13:06:38] rtpData ------->   map[result: count:0 state:0] 
[GIN] 2020/01/02 - 13:06:38 | 200 |     2.75107ms |  192.168.66.115 | POST     /getResult
sqlResult   map[result: count:0 state:0]
[2020-01-02 13:06:38] rtpData ------->   map[count:0 state:0 result:] 
[GIN] 2020/01/02 - 13:06:38 | 200 |    2.817086ms |  192.168.66.115 | POST     /getResult
[2020-01-02 13:06:41] 自開彩開獎  {202001020787 1 34 true} 
ConfigData  map[redisPassword:"" redisDB:3 ip:192.168.88.181 port:3306 user:fa_db redisIp:192.168.88.119 redisPort:6379 poolname:FA_MEM password:1qaz!QAZ database:FA_MEM charset:utf8]
SqlString  SELECT RTP,Amount,Bonus  FROM M_RtpSetting  WHERE Sid = 1   AND State = 1   AND LTG_Code = 1 AND Gid = 34
sqlResult   map[state:0 result: count:0]
[2020-01-02 13:06:41] rtpData ------->   map[result: count:0 state:0] 
[GIN] 2020/01/02 - 13:06:41 | 200 |    2.369106ms |  192.168.66.115 | POST     /getResult
[2020-01-02 13:06:42] 自開彩開獎  {202001020787 4 40 true} 
ConfigData  map[ip:192.168.88.181 user:fa_db charset:utf8 redisIp:192.168.88.119 redisDB:3 redisPassword:"" poolname:FA_MEM port:3306 password:1qaz!QAZ database:FA_MEM redisPort:6379]
SqlString  SELECT RTP,Amount,Bonus  FROM M_RtpSetting  WHERE Sid = 1   AND State = 1   AND LTG_Code = 4 AND Gid = 40
sqlResult   map[result: count:0 state:0]
[2020-01-02 13:06:42] rtpData ------->   map[result: count:0 state:0] 
[GIN] 2020/01/02 - 13:06:42 | 200 |    2.776036ms |  192.168.66.115 | POST     /getResult
[2020-01-02 13:06:43] 自開彩開獎  {202001020263 6 37 true} 
ConfigData  map[redisPassword:"" poolname:FA_MEM redisIp:192.168.88.119 redisPort:6379 password:1qaz!QAZ database:FA_MEM charset:utf8 redisDB:3 ip:192.168.88.181 port:3306 user:fa_db]
SqlString  SELECT RTP,Amount,Bonus  FROM M_RtpSetting  WHERE Sid = 1   AND State = 1   AND LTG_Code = 6 AND Gid = 37
sqlResult   map[result: count:0 state:0]
[2020-01-02 13:06:43] rtpData ------->   map[result: count:0 state:0] 
[GIN] 2020/01/02 - 13:06:43 | 200 |    2.793924ms |  192.168.66.115 | POST     /getResult
[2020-01-02 13:06:43] 自開彩開獎  {202001020787 5 38 true} 
ConfigData  map[port:3306 password:1qaz!QAZ redisPort:6379 redisPassword:"" ip:192.168.88.181 poolname:FA_MEM user:fa_db database:FA_MEM charset:utf8 redisIp:192.168.88.119 redisDB:3]
SqlString  SELECT RTP,Amount,Bonus  FROM M_RtpSetting  WHERE Sid = 1   AND State = 1   AND LTG_Code = 5 AND Gid = 38
sqlResult   map[count:0 state:0 result:]
[2020-01-02 13:06:43] rtpData ------->   map[result: count:0 state:0] 
[GIN] 2020/01/02 - 13:06:43 | 200 |    2.868511ms |  192.168.66.115 | POST     /getResult
[2020-01-02 13:06:43] 自開彩開獎  {202001020263 4 41 true} 
ConfigData  map[ip:192.168.88.181 user:fa_db charset:utf8 redisDB:3 poolname:FA_MEM port:3306 password:1qaz!QAZ database:FA_MEM redisIp:192.168.88.119 redisPort:6379 redisPassword:""]
SqlString  SELECT RTP,Amount,Bonus  FROM M_RtpSetting  WHERE Sid = 1   AND State = 1   AND LTG_Code = 4 AND Gid = 41
sqlResult   map[result: count:0 state:0]
[2020-01-02 13:06:43] rtpData ------->   map[state:0 result: count:0] 
[GIN] 2020/01/02 - 13:06:43 | 200 |    3.035878ms |  192.168.66.115 | POST     /getResult
[2020-01-02 13:06:44] 自開彩開獎  {202001020263 1 35 true} 
ConfigData  map[redisPort:6379 redisDB:3 ip:192.168.88.181 poolname:FA_MEM port:3306 user:fa_db database:FA_MEM redisIp:192.168.88.119 password:1qaz!QAZ charset:utf8 redisPassword:""]
SqlString  SELECT RTP,Amount,Bonus  FROM M_RtpSetting  WHERE Sid = 1   AND State = 1   AND LTG_Code = 1 AND Gid = 35
[2020-01-02 13:06:44] 自開彩開獎  {202001020787 6 36 true} 
ConfigData  map[redisIp:192.168.88.119 redisPort:6379 redisPassword:"" ip:192.168.88.181 poolname:FA_MEM database:FA_MEM charset:utf8 redisDB:3 port:3306 user:fa_db password:1qaz!QAZ]
SqlString  SELECT RTP,Amount,Bonus  FROM M_RtpSetting  WHERE Sid = 1   AND State = 1   AND LTG_Code = 6 AND Gid = 36
sqlResult   map[count:0 state:0 result:]
[2020-01-02 13:06:44] rtpData ------->   map[result: count:0 state:0] 
[GIN] 2020/01/02 - 13:06:44 | 200 |    2.949626ms |  192.168.66.115 | POST     /getResult
sqlResult   map[result: count:0 state:0]
[2020-01-02 13:06:44] rtpData ------->   map[result: count:0 state:0] 
[GIN] 2020/01/02 - 13:06:44 | 200 |    2.992981ms |  192.168.66.115 | POST     /getResult
[2020-01-02 13:06:47] 自開彩開獎  {202001020787 1 34 true} 
ConfigData  map[ip:192.168.88.181 port:3306 user:fa_db password:1qaz!QAZ redisPort:6379 redisDB:3 poolname:FA_MEM database:FA_MEM charset:utf8 redisIp:192.168.88.119 redisPassword:""]
SqlString  SELECT RTP,Amount,Bonus  FROM M_RtpSetting  WHERE Sid = 1   AND State = 1   AND LTG_Code = 1 AND Gid = 34
sqlResult   map[state:0 result: count:0]
[2020-01-02 13:06:47] rtpData ------->   map[result: count:0 state:0] 
[GIN] 2020/01/02 - 13:06:47 | 200 |    2.791883ms |  192.168.66.115 | POST     /getResult
[2020-01-02 13:06:48] 自開彩開獎  {202001020787 4 40 true} 
ConfigData  map[redisPort:6379 redisPassword:"" redisDB:3 ip:192.168.88.181 poolname:FA_MEM port:3306 database:FA_MEM redisIp:192.168.88.119 user:fa_db password:1qaz!QAZ charset:utf8]
SqlString  SELECT RTP,Amount,Bonus  FROM M_RtpSetting  WHERE Sid = 1   AND State = 1   AND LTG_Code = 4 AND Gid = 40
sqlResult   map[count:0 state:0 result:]
[2020-01-02 13:06:48] rtpData ------->   map[state:0 result: count:0] 
[GIN] 2020/01/02 - 13:06:48 | 200 |    2.544379ms |  192.168.66.115 | POST     /getResult
[2020-01-02 13:06:49] 自開彩開獎  {202001020263 6 37 true} 
ConfigData  map[port:3306 user:fa_db redisIp:192.168.88.119 redisPort:6379 redisPassword:"" ip:192.168.88.181 poolname:FA_MEM password:1qaz!QAZ database:FA_MEM charset:utf8 redisDB:3]
SqlString  SELECT RTP,Amount,Bonus  FROM M_RtpSetting  WHERE Sid = 1   AND State = 1   AND LTG_Code = 6 AND Gid = 37
sqlResult   map[result: count:0 state:0]
[2020-01-02 13:06:49] rtpData ------->   map[result: count:0 state:0] 
[GIN] 2020/01/02 - 13:06:49 | 200 |    2.241094ms |  192.168.66.115 | POST     /getResult
[2020-01-02 13:06:49] 自開彩開獎  {202001020787 5 38 true} 
ConfigData  map[redisIp:192.168.88.119 redisPort:6379 ip:192.168.88.181 user:fa_db password:1qaz!QAZ database:FA_MEM redisDB:3 poolname:FA_MEM port:3306 charset:utf8 redisPassword:""]
SqlString  SELECT RTP,Amount,Bonus  FROM M_RtpSetting  WHERE Sid = 1   AND State = 1   AND LTG_Code = 5 AND Gid = 38
sqlResult   map[result: count:0 state:0]
[2020-01-02 13:06:49] rtpData ------->   map[count:0 state:0 result:] 
[GIN] 2020/01/02 - 13:06:49 | 200 |    3.125045ms |  192.168.66.115 | POST     /getResult
[2020-01-02 13:06:49] 自開彩開獎  {202001020263 4 41 true} 
ConfigData  map[ip:192.168.88.181 poolname:FA_MEM port:3306 user:fa_db database:FA_MEM redisPort:6379 redisDB:3 password:1qaz!QAZ charset:utf8 redisIp:192.168.88.119 redisPassword:""]
SqlString  SELECT RTP,Amount,Bonus  FROM M_RtpSetting  WHERE Sid = 1   AND State = 1   AND LTG_Code = 4 AND Gid = 41
sqlResult   map[result: count:0 state:0]
[2020-01-02 13:06:49] rtpData ------->   map[result: count:0 state:0] 
[GIN] 2020/01/02 - 13:06:49 | 200 |     2.74956ms |  192.168.66.115 | POST     /getResult
[2020-01-02 13:06:50] 自開彩開獎  {202001020263 1 35 true} 
ConfigData  map[password:1qaz!QAZ database:FA_MEM charset:utf8 redisIp:192.168.88.119 redisPort:6379 ip:192.168.88.181 poolname:FA_MEM port:3306 user:fa_db redisPassword:"" redisDB:3]
SqlString  SELECT RTP,Amount,Bonus  FROM M_RtpSetting  WHERE Sid = 1   AND State = 1   AND LTG_Code = 1 AND Gid = 35
[2020-01-02 13:06:50] 自開彩開獎  {202001020787 6 36 true} 
ConfigData  map[port:3306 charset:utf8 redisPassword:"" redisDB:3 ip:192.168.88.181 poolname:FA_MEM user:fa_db password:1qaz!QAZ database:FA_MEM redisIp:192.168.88.119 redisPort:6379]
SqlString  SELECT RTP,Amount,Bonus  FROM M_RtpSetting  WHERE Sid = 1   AND State = 1   AND LTG_Code = 6 AND Gid = 36
sqlResult   map[result: count:0 state:0]
[2020-01-02 13:06:50] rtpData ------->   map[result: count:0 state:0] 
[GIN] 2020/01/02 - 13:06:50 | 200 |    3.011215ms |  192.168.66.115 | POST     /getResult
sqlResult   map[result: count:0 state:0]
[2020-01-02 13:06:50] rtpData ------->   map[result: count:0 state:0] 
[GIN] 2020/01/02 - 13:06:50 | 200 |    2.932894ms |  192.168.66.115 | POST     /getResult
[2020-01-02 13:06:53] 自開彩開獎  {202001020787 1 34 true} 
ConfigData  map[database:FA_MEM charset:utf8 redisPort:6379 redisPassword:"" ip:192.168.88.181 port:3306 user:fa_db redisDB:3 poolname:FA_MEM password:1qaz!QAZ redisIp:192.168.88.119]
SqlString  SELECT RTP,Amount,Bonus  FROM M_RtpSetting  WHERE Sid = 1   AND State = 1   AND LTG_Code = 1 AND Gid = 34
sqlResult   map[result: count:0 state:0]
[2020-01-02 13:06:53] rtpData ------->   map[result: count:0 state:0] 
[GIN] 2020/01/02 - 13:06:53 | 200 |    2.938384ms |  192.168.66.115 | POST     /getResult
[2020-01-02 13:06:54] 自開彩開獎  {202001020787 4 40 true} 
ConfigData  map[redisIp:192.168.88.119 redisPort:6379 redisPassword:"" redisDB:3 ip:192.168.88.181 database:FA_MEM charset:utf8 password:1qaz!QAZ poolname:FA_MEM port:3306 user:fa_db]
SqlString  SELECT RTP,Amount,Bonus  FROM M_RtpSetting  WHERE Sid = 1   AND State = 1   AND LTG_Code = 4 AND Gid = 40
sqlResult   map[result: count:0 state:0]
[2020-01-02 13:06:54] rtpData ------->   map[state:0 result: count:0] 
[GIN] 2020/01/02 - 13:06:54 | 200 |    2.275928ms |  192.168.66.115 | POST     /getResult
[2020-01-02 13:06:55] 自開彩開獎  {202001020263 6 37 true} 
ConfigData  map[poolname:FA_MEM user:fa_db password:1qaz!QAZ database:FA_MEM charset:utf8 redisIp:192.168.88.119 redisPort:6379 ip:192.168.88.181 redisDB:3 redisPassword:"" port:3306]
SqlString  SELECT RTP,Amount,Bonus  FROM M_RtpSetting  WHERE Sid = 1   AND State = 1   AND LTG_Code = 6 AND Gid = 37
sqlResult   map[result: count:0 state:0]
[2020-01-02 13:06:55] rtpData ------->   map[result: count:0 state:0] 
[GIN] 2020/01/02 - 13:06:55 | 200 |    2.826061ms |  192.168.66.115 | POST     /getResult
[2020-01-02 13:06:55] 自開彩開獎  {202001020787 5 38 true} 
ConfigData  map[poolname:FA_MEM password:1qaz!QAZ database:FA_MEM charset:utf8 redisIp:192.168.88.119 redisPassword:"" ip:192.168.88.181 port:3306 user:fa_db redisPort:6379 redisDB:3]
SqlString  SELECT RTP,Amount,Bonus  FROM M_RtpSetting  WHERE Sid = 1   AND State = 1   AND LTG_Code = 5 AND Gid = 38
sqlResult   map[count:0 state:0 result:]
[2020-01-02 13:06:55] rtpData ------->   map[result: count:0 state:0] 
[GIN] 2020/01/02 - 13:06:55 | 200 |    3.116788ms |  192.168.66.115 | POST     /getResult
[2020-01-02 13:06:55] 自開彩開獎  {202001020263 4 41 true} 
ConfigData  map[database:FA_MEM redisPort:6379 redisDB:3 port:3306 password:1qaz!QAZ user:fa_db charset:utf8 redisIp:192.168.88.119 redisPassword:"" ip:192.168.88.181 poolname:FA_MEM]
SqlString  SELECT RTP,Amount,Bonus  FROM M_RtpSetting  WHERE Sid = 1   AND State = 1   AND LTG_Code = 4 AND Gid = 41
sqlResult   map[result: count:0 state:0]
[2020-01-02 13:06:55] rtpData ------->   map[state:0 result: count:0] 
[GIN] 2020/01/02 - 13:06:55 | 200 |    2.827587ms |  192.168.66.115 | POST     /getResult
[2020-01-02 13:06:56] 自開彩開獎  {202001020787 6 36 true} 
ConfigData  map[ip:192.168.88.181 user:fa_db database:FA_MEM redisIp:192.168.88.119 redisPassword:"" poolname:FA_MEM port:3306 password:1qaz!QAZ charset:utf8 redisPort:6379 redisDB:3]
SqlString  SELECT RTP,Amount,Bonus  FROM M_RtpSetting  WHERE Sid = 1   AND State = 1   AND LTG_Code = 6 AND Gid = 36
[2020-01-02 13:06:56] 自開彩開獎  {202001020263 1 35 true} 
ConfigData  map[database:FA_MEM charset:utf8 redisIp:192.168.88.119 redisPort:6379 poolname:FA_MEM port:3306 user:fa_db password:1qaz!QAZ redisPassword:"" ip:192.168.88.181 redisDB:3]
SqlString  SELECT RTP,Amount,Bonus  FROM M_RtpSetting  WHERE Sid = 1   AND State = 1   AND LTG_Code = 1 AND Gid = 35
sqlResult   map[count:0 state:0 result:]
[2020-01-02 13:06:56] rtpData ------->   map[result: count:0 state:0] 
sqlResult   map[result: count:0 state:0]
[2020-01-02 13:06:56] rtpData ------->   map[result: count:0 state:0] 
[GIN] 2020/01/02 - 13:06:56 | 200 |    3.665251ms |  192.168.66.115 | POST     /getResult
[GIN] 2020/01/02 - 13:06:56 | 200 |    3.733616ms |  192.168.66.115 | POST     /getResult
[2020-01-02 13:06:59] 自開彩開獎  {202001020787 1 34 true} 
ConfigData  map[charset:utf8 redisIp:192.168.88.119 redisPassword:"" database:FA_MEM redisPort:6379 redisDB:3 ip:192.168.88.181 poolname:FA_MEM port:3306 user:fa_db password:1qaz!QAZ]
SqlString  SELECT RTP,Amount,Bonus  FROM M_RtpSetting  WHERE Sid = 1   AND State = 1   AND LTG_Code = 1 AND Gid = 34
sqlResult   map[result: count:0 state:0]
[2020-01-02 13:06:59] rtpData ------->   map[count:0 state:0 result:] 
[GIN] 2020/01/02 - 13:06:59 | 200 |    2.203109ms |  192.168.66.115 | POST     /getResult
[2020-01-02 13:07:00] 自開彩開獎  {202001020787 4 40 true} 
ConfigData  map[user:fa_db password:1qaz!QAZ database:FA_MEM redisIp:192.168.88.119 redisPort:6379 redisPassword:"" ip:192.168.88.181 poolname:FA_MEM redisDB:3 port:3306 charset:utf8]
SqlString  SELECT RTP,Amount,Bonus  FROM M_RtpSetting  WHERE Sid = 1   AND State = 1   AND LTG_Code = 4 AND Gid = 40
sqlResult   map[result: count:0 state:0]
[2020-01-02 13:07:00] rtpData ------->   map[result: count:0 state:0] 
[GIN] 2020/01/02 - 13:07:00 | 200 |    2.250509ms |  192.168.66.115 | POST     /getResult
[2020-01-02 13:07:00] 自開彩開獎  {202001020788 2 26 true} 
ConfigData  map[password:1qaz!QAZ database:FA_MEM redisIp:192.168.88.119 redisPassword:"" ip:192.168.88.181 poolname:FA_MEM port:3306 redisDB:3 user:fa_db charset:utf8 redisPort:6379]
SqlString  SELECT RTP,Amount,Bonus  FROM M_RtpSetting  WHERE Sid = 1   AND State = 1   AND LTG_Code = 2 AND Gid = 26
sqlResult   map[count:1 state:1 amount:1.0069588e+06 bonus:908100.71 result:0.9600]
[2020-01-02 13:07:00] rtpData ------->   map[result:0.9600 count:1 state:1 amount:1.0069588e+06 bonus:908100.71] 
ConfigData  map[port:3306 user:fa_db redisPort:6379 redisPassword:"" redisDB:3 ip:192.168.88.181 password:1qaz!QAZ database:FA_MEM charset:utf8 redisIp:192.168.88.119 poolname:FA_MEM]
SELECT BO_No, BO_OrderNo , BO_User , BO_Issue  , BO_LotteryTypeGroup, BO_LotteryType, BO_Mode, BO_LotteryPlayGroup, BO_LotteryPlay , BO_LotteryContent, BO_Price, BO_RealPrice, BO_Unit, BO_Multiple , BO_BetCount  , BO_Winnings, BO_Winnings2, BO_Winnings3, BO_WinningLimit  , BO_Water , BO_BW_SourceUserId, BO_BW_BackWater, BO_BW_LimitBetCount, BO_BW_MaxAmount, BO_BW_AuditMultiple  , BO_Odds, BO_Odds2, BO_Odds3 , BO_Type, BO_Chase , BO_OpenResult, BO_OpenResult2, BO_DateDraw, BO_DateDraw2, BO_DateUpdate  FROM TS_BetOrder  WHERE BO_Cancel = 0   AND BO_CancelBackend = 0   AND BO_LotteryTypeGroup = 2 AND BO_LotteryType = 26 AND BO_Issue = 202001020788 AND BO_Collect = 0 ORDER BY BO_DateDraw ASC, BO_DateCreate ASC, BO_DateUpdate ASC, BO_No ASC ;
[2020-01-02 13:07:00] LottteryTypeGroup 2 
[2020-01-02 13:07:00] 有期號 但無注單 -------> map[amount:0 bonus:0 thisOpenResult:[7 8 9 8 3]] 
[GIN] 2020/01/02 - 13:07:00 | 200 |    5.884398ms |  192.168.66.115 | POST     /getResult
[2020-01-02 13:07:01] 自開彩開獎  {202001020263 6 37 true} 
ConfigData  map[charset:utf8 redisIp:192.168.88.119 redisPort:6379 redisPassword:"" port:3306 user:fa_db password:1qaz!QAZ database:FA_MEM ip:192.168.88.181 poolname:FA_MEM redisDB:3]
SqlString  SELECT RTP,Amount,Bonus  FROM M_RtpSetting  WHERE Sid = 1   AND State = 1   AND LTG_Code = 6 AND Gid = 37
sqlResult   map[state:0 result: count:0]
[2020-01-02 13:07:01] rtpData ------->   map[result: count:0 state:0] 
[GIN] 2020/01/02 - 13:07:01 | 200 |    2.909192ms |  192.168.66.115 | POST     /getResult
[2020-01-02 13:07:01] 自開彩開獎  {202001020787 5 38 true} 
ConfigData  map[redisPassword:"" password:1qaz!QAZ charset:utf8 port:3306 user:fa_db database:FA_MEM redisIp:192.168.88.119 redisPort:6379 redisDB:3 ip:192.168.88.181 poolname:FA_MEM]
SqlString  SELECT RTP,Amount,Bonus  FROM M_RtpSetting  WHERE Sid = 1   AND State = 1   AND LTG_Code = 5 AND Gid = 38
sqlResult   map[result: count:0 state:0]
[2020-01-02 13:07:01] rtpData ------->   map[state:0 result: count:0] 
[GIN] 2020/01/02 - 13:07:01 | 200 |    2.657929ms |  192.168.66.115 | POST     /getResult
[2020-01-02 13:07:01] 自開彩開獎  {202001020263 4 41 true} 
ConfigData  map[charset:utf8 redisIp:192.168.88.119 redisPort:6379 redisPassword:"" ip:192.168.88.181 port:3306 user:fa_db password:1qaz!QAZ poolname:FA_MEM database:FA_MEM redisDB:3]
SqlString  SELECT RTP,Amount,Bonus  FROM M_RtpSetting  WHERE Sid = 1   AND State = 1   AND LTG_Code = 4 AND Gid = 41
sqlResult   map[result: count:0 state:0]
[2020-01-02 13:07:01] rtpData ------->   map[result: count:0 state:0] 
[GIN] 2020/01/02 - 13:07:01 | 200 |    2.496439ms |  192.168.66.115 | POST     /getResult
[2020-01-02 13:07:02] 自開彩開獎  {202001020787 6 36 true} 
[2020-01-02 13:07:02] 自開彩開獎  {202001020263 1 35 true} 
ConfigData  map[ip:192.168.88.181 user:fa_db redisIp:192.168.88.119 poolname:FA_MEM port:3306 password:1qaz!QAZ database:FA_MEM charset:utf8 redisPort:6379 redisPassword:"" redisDB:3]
SqlString  SELECT RTP,Amount,Bonus  FROM M_RtpSetting  WHERE Sid = 1   AND State = 1   AND LTG_Code = 1 AND Gid = 35
ConfigData  map[redisIp:192.168.88.119 redisPort:6379 port:3306 user:fa_db charset:utf8 database:FA_MEM redisPassword:"" redisDB:3 ip:192.168.88.181 poolname:FA_MEM password:1qaz!QAZ]
SqlString  SELECT RTP,Amount,Bonus  FROM M_RtpSetting  WHERE Sid = 1   AND State = 1   AND LTG_Code = 6 AND Gid = 36
sqlResult   map[result: count:0 state:0]
[2020-01-02 13:07:02] rtpData ------->   map[result: count:0 state:0] 
sqlResult   map[result: count:0 state:0]
[GIN] 2020/01/02 - 13:07:02 | 200 |    3.218538ms |  192.168.66.115 | POST     /getResult
[2020-01-02 13:07:02] rtpData ------->   map[result: count:0 state:0] 
[GIN] 2020/01/02 - 13:07:02 | 200 |    3.208673ms |  192.168.66.115 | POST     /getResult
[2020-01-02 13:07:05] 自開彩開獎  {202001020787 1 34 true} 
ConfigData  map[redisPassword:"" redisDB:3 ip:192.168.88.181 password:1qaz!QAZ database:FA_MEM redisIp:192.168.88.119 redisPort:6379 poolname:FA_MEM port:3306 user:fa_db charset:utf8]
SqlString  SELECT RTP,Amount,Bonus  FROM M_RtpSetting  WHERE Sid = 1   AND State = 1   AND LTG_Code = 1 AND Gid = 34
sqlResult   map[result: count:0 state:0]
[2020-01-02 13:07:05] rtpData ------->   map[result: count:0 state:0] 
[GIN] 2020/01/02 - 13:07:05 | 200 |    3.689437ms |  192.168.66.115 | POST     /getResult
[2020-01-02 13:07:06] 自開彩開獎  {202001020788 4 40 true} 
ConfigData  map[port:3306 password:1qaz!QAZ redisPort:6379 ip:192.168.88.181 poolname:FA_MEM user:fa_db database:FA_MEM charset:utf8 redisIp:192.168.88.119 redisPassword:"" redisDB:3]
SqlString  SELECT RTP,Amount,Bonus  FROM M_RtpSetting  WHERE Sid = 1   AND State = 1   AND LTG_Code = 4 AND Gid = 40
sqlResult   map[result: count:0 state:0]
[2020-01-02 13:07:06] rtpData ------->   map[result: count:0 state:0] 
[GIN] 2020/01/02 - 13:07:06 | 200 |    2.405982ms |  192.168.66.115 | POST     /getResult
[2020-01-02 13:07:07] 自開彩開獎  {202001020788 5 38 true} 
ConfigData  map[user:fa_db database:FA_MEM ip:192.168.88.181 port:3306 password:1qaz!QAZ charset:utf8 redisIp:192.168.88.119 redisPort:6379 redisPassword:"" redisDB:3 poolname:FA_MEM]
SqlString  SELECT RTP,Amount,Bonus  FROM M_RtpSetting  WHERE Sid = 1   AND State = 1   AND LTG_Code = 5 AND Gid = 38
sqlResult   map[result: count:0 state:0]
[2020-01-02 13:07:07] rtpData ------->   map[result: count:0 state:0] 
[GIN] 2020/01/02 - 13:07:07 | 200 |    3.047959ms |  192.168.66.115 | POST     /getResult
[2020-01-02 13:07:07] 自開彩開獎  {202001020263 4 41 true} 
ConfigData  map[redisPort:6379 redisPassword:"" poolname:FA_MEM port:3306 password:1qaz!QAZ charset:utf8 redisIp:192.168.88.119 redisDB:3 ip:192.168.88.181 user:fa_db database:FA_MEM]
SqlString  SELECT RTP,Amount,Bonus  FROM M_RtpSetting  WHERE Sid = 1   AND State = 1   AND LTG_Code = 4 AND Gid = 41
sqlResult   map[result: count:0 state:0]
[2020-01-02 13:07:07] rtpData ------->   map[result: count:0 state:0] 
[GIN] 2020/01/02 - 13:07:07 | 200 |    2.669775ms |  192.168.66.115 | POST     /getResult
[2020-01-02 13:07:08] 自開彩開獎  {202001020263 1 35 true} 
ConfigData  map[redisIp:192.168.88.119 redisDB:3 poolname:FA_MEM password:1qaz!QAZ charset:utf8 database:FA_MEM redisPort:6379 redisPassword:"" ip:192.168.88.181 port:3306 user:fa_db]
SqlString  SELECT RTP,Amount,Bonus  FROM M_RtpSetting  WHERE Sid = 1   AND State = 1   AND LTG_Code = 1 AND Gid = 35
[2020-01-02 13:07:08] 自開彩開獎  {202001020788 6 36 true} 
ConfigData  map[poolname:FA_MEM port:3306 database:FA_MEM redisPassword:"" redisDB:3 redisPort:6379 ip:192.168.88.181 user:fa_db password:1qaz!QAZ charset:utf8 redisIp:192.168.88.119]
SqlString  SELECT RTP,Amount,Bonus  FROM M_RtpSetting  WHERE Sid = 1   AND State = 1   AND LTG_Code = 6 AND Gid = 36
sqlResult   map[result: count:0 state:0]
[2020-01-02 13:07:08] rtpData ------->   map[result: count:0 state:0] 
[GIN] 2020/01/02 - 13:07:08 | 200 |     2.12869ms |  192.168.66.115 | POST     /getResult
sqlResult   map[state:0 result: count:0]
[2020-01-02 13:07:08] rtpData ------->   map[result: count:0 state:0] 
[GIN] 2020/01/02 - 13:07:08 | 200 |    2.329719ms |  192.168.66.115 | POST     /getResult
[2020-01-02 13:07:11] 自開彩開獎  {202001020788 1 34 true} 
ConfigData  map[poolname:FA_MEM user:fa_db redisIp:192.168.88.119 redisPassword:"" redisDB:3 ip:192.168.88.181 port:3306 password:1qaz!QAZ database:FA_MEM charset:utf8 redisPort:6379]
SqlString  SELECT RTP,Amount,Bonus  FROM M_RtpSetting  WHERE Sid = 1   AND State = 1   AND LTG_Code = 1 AND Gid = 34
sqlResult   map[count:0 state:0 result:]
[2020-01-02 13:07:11] rtpData ------->   map[result: count:0 state:0] 
[GIN] 2020/01/02 - 13:07:11 | 200 |    2.651155ms |  192.168.66.115 | POST     /getResult
[2020-01-02 13:07:12] 自開彩開獎  {202001020788 4 40 true} 
ConfigData  map[port:3306 user:fa_db charset:utf8 redisIp:192.168.88.119 redisPort:6379 redisPassword:"" poolname:FA_MEM password:1qaz!QAZ database:FA_MEM redisDB:3 ip:192.168.88.181]
SqlString  SELECT RTP,Amount,Bonus  FROM M_RtpSetting  WHERE Sid = 1   AND State = 1   AND LTG_Code = 4 AND Gid = 40
sqlResult   map[count:0 state:0 result:]
[2020-01-02 13:07:12] rtpData ------->   map[count:0 state:0 result:] 
[GIN] 2020/01/02 - 13:07:12 | 200 |    2.720087ms |  192.168.66.115 | POST     /getResult
[2020-01-02 13:07:13] 自開彩開獎  {202001020788 5 38 true} 
ConfigData  map[ip:192.168.88.181 port:3306 user:fa_db database:FA_MEM charset:utf8 redisDB:3 poolname:FA_MEM password:1qaz!QAZ redisIp:192.168.88.119 redisPort:6379 redisPassword:""]
SqlString  SELECT RTP,Amount,Bonus  FROM M_RtpSetting  WHERE Sid = 1   AND State = 1   AND LTG_Code = 5 AND Gid = 38
sqlResult   map[result: count:0 state:0]
[2020-01-02 13:07:13] rtpData ------->   map[state:0 result: count:0] 
[GIN] 2020/01/02 - 13:07:13 | 200 |    2.833192ms |  192.168.66.115 | POST     /getResult
[2020-01-02 13:07:13] 自開彩開獎  {202001020263 4 41 true} 
ConfigData  map[charset:utf8 poolname:FA_MEM user:fa_db database:FA_MEM redisIp:192.168.88.119 redisPort:6379 redisPassword:"" redisDB:3 ip:192.168.88.181 port:3306 password:1qaz!QAZ]
SqlString  SELECT RTP,Amount,Bonus  FROM M_RtpSetting  WHERE Sid = 1   AND State = 1   AND LTG_Code = 4 AND Gid = 41
sqlResult   map[result: count:0 state:0]
[2020-01-02 13:07:13] rtpData ------->   map[result: count:0 state:0] 
[GIN] 2020/01/02 - 13:07:13 | 200 |    2.941104ms |  192.168.66.115 | POST     /getResult
[2020-01-02 13:07:14] 自開彩開獎  {202001020263 1 35 true} 
ConfigData  map[redisPort:6379 redisDB:3 ip:192.168.88.181 poolname:FA_MEM port:3306 user:fa_db redisIp:192.168.88.119 password:1qaz!QAZ database:FA_MEM charset:utf8 redisPassword:""]
SqlString  SELECT RTP,Amount,Bonus  FROM M_RtpSetting  WHERE Sid = 1   AND State = 1   AND LTG_Code = 1 AND Gid = 35
[2020-01-02 13:07:14] 自開彩開獎  {202001020788 6 36 true} 
ConfigData  map[user:fa_db redisPassword:"" ip:192.168.88.181 port:3306 database:FA_MEM charset:utf8 redisIp:192.168.88.119 redisPort:6379 redisDB:3 poolname:FA_MEM password:1qaz!QAZ]
SqlString  SELECT RTP,Amount,Bonus  FROM M_RtpSetting  WHERE Sid = 1   AND State = 1   AND LTG_Code = 6 AND Gid = 36
sqlResult   map[count:0 state:0 result:]
[2020-01-02 13:07:14] rtpData ------->   map[count:0 state:0 result:] 
sqlResult   map[state:0 result: count:0]
[GIN] 2020/01/02 - 13:07:14 | 200 |    2.344003ms |  192.168.66.115 | POST     /getResult
[2020-01-02 13:07:14] rtpData ------->   map[result: count:0 state:0] 
[GIN] 2020/01/02 - 13:07:14 | 200 |    2.679976ms |  192.168.66.115 | POST     /getResult
[2020-01-02 13:07:17] 自開彩開獎  {202001020788 1 34 true} 
ConfigData  map[redisIp:192.168.88.119 redisPassword:"" user:fa_db poolname:FA_MEM port:3306 password:1qaz!QAZ database:FA_MEM charset:utf8 redisPort:6379 redisDB:3 ip:192.168.88.181]
SqlString  SELECT RTP,Amount,Bonus  FROM M_RtpSetting  WHERE Sid = 1   AND State = 1   AND LTG_Code = 1 AND Gid = 34
sqlResult   map[result: count:0 state:0]
[2020-01-02 13:07:17] rtpData ------->   map[result: count:0 state:0] 
[GIN] 2020/01/02 - 13:07:17 | 200 |    2.486519ms |  192.168.66.115 | POST     /getResult
[2020-01-02 13:07:18] 自開彩開獎  {202001020788 4 40 true} 
ConfigData  map[user:fa_db database:FA_MEM charset:utf8 redisPort:6379 poolname:FA_MEM port:3306 password:1qaz!QAZ redisIp:192.168.88.119 redisPassword:"" redisDB:3 ip:192.168.88.181]
SqlString  SELECT RTP,Amount,Bonus  FROM M_RtpSetting  WHERE Sid = 1   AND State = 1   AND LTG_Code = 4 AND Gid = 40
sqlResult   map[result: count:0 state:0]
[2020-01-02 13:07:18] rtpData ------->   map[result: count:0 state:0] 
[GIN] 2020/01/02 - 13:07:18 | 200 |    3.069707ms |  192.168.66.115 | POST     /getResult
[2020-01-02 13:07:19] 自開彩開獎  {202001020788 5 38 true} 
ConfigData  map[poolname:FA_MEM port:3306 charset:utf8 redisPort:6379 ip:192.168.88.181 user:fa_db password:1qaz!QAZ database:FA_MEM redisIp:192.168.88.119 redisPassword:"" redisDB:3]
SqlString  SELECT RTP,Amount,Bonus  FROM M_RtpSetting  WHERE Sid = 1   AND State = 1   AND LTG_Code = 5 AND Gid = 38
sqlResult   map[result: count:0 state:0]
[2020-01-02 13:07:19] rtpData ------->   map[result: count:0 state:0] 
[GIN] 2020/01/02 - 13:07:19 | 200 |    2.186356ms |  192.168.66.115 | POST     /getResult
[2020-01-02 13:07:19] 自開彩開獎  {202001020263 4 41 true} 
ConfigData  map[redisDB:3 ip:192.168.88.181 poolname:FA_MEM port:3306 user:fa_db password:1qaz!QAZ database:FA_MEM redisIp:192.168.88.119 charset:utf8 redisPort:6379 redisPassword:""]
SqlString  SELECT RTP,Amount,Bonus  FROM M_RtpSetting  WHERE Sid = 1   AND State = 1   AND LTG_Code = 4 AND Gid = 41
sqlResult   map[result: count:0 state:0]
[2020-01-02 13:07:19] rtpData ------->   map[result: count:0 state:0] 
[GIN] 2020/01/02 - 13:07:19 | 200 |    2.678553ms |  192.168.66.115 | POST     /getResult
[2020-01-02 13:07:20] 自開彩開獎  {202001020788 6 36 true} 
ConfigData  map[port:3306 charset:utf8 redisIp:192.168.88.119 redisPort:6379 redisDB:3 ip:192.168.88.181 poolname:FA_MEM user:fa_db password:1qaz!QAZ database:FA_MEM redisPassword:""]
SqlString  SELECT RTP,Amount,Bonus  FROM M_RtpSetting  WHERE Sid = 1   AND State = 1   AND LTG_Code = 6 AND Gid = 36
[2020-01-02 13:07:20] 自開彩開獎  {202001020263 1 35 true} 
ConfigData  map[database:FA_MEM redisPassword:"" poolname:FA_MEM user:fa_db password:1qaz!QAZ charset:utf8 redisIp:192.168.88.119 redisPort:6379 redisDB:3 ip:192.168.88.181 port:3306]
SqlString  SELECT RTP,Amount,Bonus  FROM M_RtpSetting  WHERE Sid = 1   AND State = 1   AND LTG_Code = 1 AND Gid = 35
sqlResult   map[count:0 state:0 result:]
[2020-01-02 13:07:20] rtpData ------->   map[state:0 result: count:0] 
[GIN] 2020/01/02 - 13:07:20 | 200 |    2.651649ms |  192.168.66.115 | POST     /getResult
sqlResult   map[result: count:0 state:0]
[2020-01-02 13:07:20] rtpData ------->   map[result: count:0 state:0] 
[GIN] 2020/01/02 - 13:07:20 | 200 |    2.888946ms |  192.168.66.115 | POST     /getResult
[2020-01-02 13:07:23] 自開彩開獎  {202001020788 1 34 true} 
ConfigData  map[redisDB:3 password:1qaz!QAZ charset:utf8 redisIp:192.168.88.119 redisPort:6379 redisPassword:"" ip:192.168.88.181 poolname:FA_MEM port:3306 user:fa_db database:FA_MEM]
SqlString  SELECT RTP,Amount,Bonus  FROM M_RtpSetting  WHERE Sid = 1   AND State = 1   AND LTG_Code = 1 AND Gid = 34
sqlResult   map[count:0 state:0 result:]
[2020-01-02 13:07:23] rtpData ------->   map[result: count:0 state:0] 
[GIN] 2020/01/02 - 13:07:23 | 200 |    2.459504ms |  192.168.66.115 | POST     /getResult
[2020-01-02 13:07:24] 自開彩開獎  {202001020788 4 40 true} 
ConfigData  map[redisPort:6379 redisDB:3 port:3306 password:1qaz!QAZ charset:utf8 database:FA_MEM redisIp:192.168.88.119 redisPassword:"" ip:192.168.88.181 poolname:FA_MEM user:fa_db]
SqlString  SELECT RTP,Amount,Bonus  FROM M_RtpSetting  WHERE Sid = 1   AND State = 1   AND LTG_Code = 4 AND Gid = 40
sqlResult   map[result: count:0 state:0]
[2020-01-02 13:07:24] rtpData ------->   map[count:0 state:0 result:] 
[GIN] 2020/01/02 - 13:07:24 | 200 |    3.122664ms |  192.168.66.115 | POST     /getResult
[2020-01-02 13:07:25] 自開彩開獎  {202001020788 5 38 true} 
ConfigData  map[redisDB:3 poolname:FA_MEM password:1qaz!QAZ charset:utf8 redisIp:192.168.88.119 redisPassword:"" ip:192.168.88.181 port:3306 user:fa_db database:FA_MEM redisPort:6379]
SqlString  SELECT RTP,Amount,Bonus  FROM M_RtpSetting  WHERE Sid = 1   AND State = 1   AND LTG_Code = 5 AND Gid = 38
sqlResult   map[result: count:0 state:0]
[2020-01-02 13:07:25] rtpData ------->   map[result: count:0 state:0] 
[GIN] 2020/01/02 - 13:07:25 | 200 |    2.249939ms |  192.168.66.115 | POST     /getResult
[2020-01-02 13:07:25] 自開彩開獎  {202001020263 4 41 true} 
ConfigData  map[poolname:FA_MEM port:3306 user:fa_db database:FA_MEM charset:utf8 redisIp:192.168.88.119 ip:192.168.88.181 redisPort:6379 redisPassword:"" redisDB:3 password:1qaz!QAZ]
SqlString  SELECT RTP,Amount,Bonus  FROM M_RtpSetting  WHERE Sid = 1   AND State = 1   AND LTG_Code = 4 AND Gid = 41
sqlResult   map[result: count:0 state:0]
[2020-01-02 13:07:25] rtpData ------->   map[result: count:0 state:0] 
[GIN] 2020/01/02 - 13:07:25 | 200 |    2.627901ms |  192.168.66.115 | POST     /getResult
[2020-01-02 13:07:26] 自開彩開獎  {202001020788 6 36 true} 
ConfigData  map[port:3306 database:FA_MEM redisIp:192.168.88.119 redisPort:6379 redisPassword:"" redisDB:3 ip:192.168.88.181 poolname:FA_MEM user:fa_db password:1qaz!QAZ charset:utf8]
SqlString  SELECT RTP,Amount,Bonus  FROM M_RtpSetting  WHERE Sid = 1   AND State = 1   AND LTG_Code = 6 AND Gid = 36
[2020-01-02 13:07:26] 自開彩開獎  {202001020263 1 35 true} 
ConfigData  map[redisPassword:"" user:fa_db poolname:FA_MEM port:3306 password:1qaz!QAZ database:FA_MEM charset:utf8 redisIp:192.168.88.119 redisPort:6379 ip:192.168.88.181 redisDB:3]
SqlString  SELECT RTP,Amount,Bonus  FROM M_RtpSetting  WHERE Sid = 1   AND State = 1   AND LTG_Code = 1 AND Gid = 35
sqlResult   map[result: count:0 state:0]
[2020-01-02 13:07:26] rtpData ------->   map[result: count:0 state:0] 
[GIN] 2020/01/02 - 13:07:26 | 200 |    2.292184ms |  192.168.66.115 | POST     /getResult
sqlResult   map[result: count:0 state:0]
[2020-01-02 13:07:26] rtpData ------->   map[result: count:0 state:0] 
[GIN] 2020/01/02 - 13:07:26 | 200 |    4.263633ms |  192.168.66.115 | POST     /getResult
[2020-01-02 13:07:29] 自開彩開獎  {202001020788 1 34 true} 
ConfigData  map[ip:192.168.88.181 redisPassword:"" charset:utf8 redisIp:192.168.88.119 redisPort:6379 poolname:FA_MEM port:3306 user:fa_db password:1qaz!QAZ database:FA_MEM redisDB:3]
SqlString  SELECT RTP,Amount,Bonus  FROM M_RtpSetting  WHERE Sid = 1   AND State = 1   AND LTG_Code = 1 AND Gid = 34
sqlResult   map[count:0 state:0 result:]
[2020-01-02 13:07:29] rtpData ------->   map[result: count:0 state:0] 
[GIN] 2020/01/02 - 13:07:29 | 200 |     2.07801ms |  192.168.66.115 | POST     /getResult
[2020-01-02 13:07:30] 自開彩開獎  {202001020788 4 40 true} 
ConfigData  map[redisPassword:"" redisDB:3 password:1qaz!QAZ redisIp:192.168.88.119 redisPort:6379 user:fa_db database:FA_MEM charset:utf8 ip:192.168.88.181 poolname:FA_MEM port:3306]
SqlString  SELECT RTP,Amount,Bonus  FROM M_RtpSetting  WHERE Sid = 1   AND State = 1   AND LTG_Code = 4 AND Gid = 40
sqlResult   map[state:0 result: count:0]
[2020-01-02 13:07:30] rtpData ------->   map[count:0 state:0 result:] 
[GIN] 2020/01/02 - 13:07:30 | 200 |    2.874699ms |  192.168.66.115 | POST     /getResult
[2020-01-02 13:07:31] 自開彩開獎  {202001020788 5 38 true} 
ConfigData  map[ip:192.168.88.181 user:fa_db redisPassword:"" database:FA_MEM charset:utf8 redisIp:192.168.88.119 redisPort:6379 redisDB:3 poolname:FA_MEM port:3306 password:1qaz!QAZ]
SqlString  SELECT RTP,Amount,Bonus  FROM M_RtpSetting  WHERE Sid = 1   AND State = 1   AND LTG_Code = 5 AND Gid = 38
sqlResult   map[result: count:0 state:0]
[2020-01-02 13:07:31] rtpData ------->   map[state:0 result: count:0] 
[GIN] 2020/01/02 - 13:07:31 | 200 |    2.277742ms |  192.168.66.115 | POST     /getResult
[2020-01-02 13:07:31] 自開彩開獎  {202001020263 4 41 true} 
ConfigData  map[ip:192.168.88.181 poolname:FA_MEM user:fa_db password:1qaz!QAZ charset:utf8 redisPassword:"" port:3306 database:FA_MEM redisIp:192.168.88.119 redisPort:6379 redisDB:3]
SqlString  SELECT RTP,Amount,Bonus  FROM M_RtpSetting  WHERE Sid = 1   AND State = 1   AND LTG_Code = 4 AND Gid = 41
sqlResult   map[state:0 result: count:0]
[2020-01-02 13:07:31] rtpData ------->   map[count:0 state:0 result:] 
[GIN] 2020/01/02 - 13:07:31 | 200 |    2.650693ms |  192.168.66.115 | POST     /getResult
[2020-01-02 13:07:32] 自開彩開獎  {202001020788 6 36 true} 
ConfigData  map[poolname:FA_MEM port:3306 database:FA_MEM charset:utf8 redisIp:192.168.88.119 redisDB:3 ip:192.168.88.181 user:fa_db password:1qaz!QAZ redisPort:6379 redisPassword:""]
[2020-01-02 13:07:32] 自開彩開獎  {202001020263 1 35 true} 
ConfigData  map[redisIp:192.168.88.119 redisPort:6379 redisPassword:"" poolname:FA_MEM port:3306 user:fa_db charset:utf8 ip:192.168.88.181 password:1qaz!QAZ database:FA_MEM redisDB:3]
SqlString  SELECT RTP,Amount,Bonus  FROM M_RtpSetting  WHERE Sid = 1   AND State = 1   AND LTG_Code = 1 AND Gid = 35
SqlString  SELECT RTP,Amount,Bonus  FROM M_RtpSetting  WHERE Sid = 1   AND State = 1   AND LTG_Code = 6 AND Gid = 36
sqlResult   map[result: count:0 state:0]
[2020-01-02 13:07:32] rtpData ------->   map[state:0 result: count:0] 
[GIN] 2020/01/02 - 13:07:32 | 200 |    2.510954ms |  192.168.66.115 | POST     /getResult
sqlResult   map[result: count:0 state:0]
[2020-01-02 13:07:32] rtpData ------->   map[result: count:0 state:0] 
[GIN] 2020/01/02 - 13:07:32 | 200 |    2.700229ms |  192.168.66.115 | POST     /getResult
[2020-01-02 13:07:35] 自開彩開獎  {202001020788 1 34 true} 
ConfigData  map[password:1qaz!QAZ redisPassword:"" redisDB:3 poolname:FA_MEM port:3306 user:fa_db database:FA_MEM charset:utf8 redisIp:192.168.88.119 redisPort:6379 ip:192.168.88.181]
SqlString  SELECT RTP,Amount,Bonus  FROM M_RtpSetting  WHERE Sid = 1   AND State = 1   AND LTG_Code = 1 AND Gid = 34
sqlResult   map[result: count:0 state:0]
[2020-01-02 13:07:35] rtpData ------->   map[result: count:0 state:0] 
[GIN] 2020/01/02 - 13:07:35 | 200 |    2.770858ms |  192.168.66.115 | POST     /getResult
[2020-01-02 13:07:36] 自開彩開獎  {202001020788 4 40 true} 
ConfigData  map[database:FA_MEM redisPassword:"" redisDB:3 ip:192.168.88.181 user:fa_db password:1qaz!QAZ charset:utf8 redisIp:192.168.88.119 redisPort:6379 poolname:FA_MEM port:3306]
SqlString  SELECT RTP,Amount,Bonus  FROM M_RtpSetting  WHERE Sid = 1   AND State = 1   AND LTG_Code = 4 AND Gid = 40
sqlResult   map[result: count:0 state:0]
[2020-01-02 13:07:36] rtpData ------->   map[state:0 result: count:0] 
[GIN] 2020/01/02 - 13:07:36 | 200 |    2.667906ms |  192.168.66.115 | POST     /getResult
[2020-01-02 13:07:37] 自開彩開獎  {202001020788 5 38 true} 
ConfigData  map[redisIp:192.168.88.119 redisPort:6379 user:fa_db password:1qaz!QAZ database:FA_MEM charset:utf8 redisPassword:"" ip:192.168.88.181 poolname:FA_MEM port:3306 redisDB:3]
SqlString  SELECT RTP,Amount,Bonus  FROM M_RtpSetting  WHERE Sid = 1   AND State = 1   AND LTG_Code = 5 AND Gid = 38
sqlResult   map[result: count:0 state:0]
[2020-01-02 13:07:37] rtpData ------->   map[result: count:0 state:0] 
[GIN] 2020/01/02 - 13:07:37 | 200 |    3.089294ms |  192.168.66.115 | POST     /getResult
[2020-01-02 13:07:37] 自開彩開獎  {202001020263 4 41 true} 
ConfigData  map[database:FA_MEM charset:utf8 redisPort:6379 redisDB:3 redisPassword:"" ip:192.168.88.181 poolname:FA_MEM port:3306 user:fa_db password:1qaz!QAZ redisIp:192.168.88.119]
SqlString  SELECT RTP,Amount,Bonus  FROM M_RtpSetting  WHERE Sid = 1   AND State = 1   AND LTG_Code = 4 AND Gid = 41
sqlResult   map[count:0 state:0 result:]
[2020-01-02 13:07:37] rtpData ------->   map[result: count:0 state:0] 
[GIN] 2020/01/02 - 13:07:37 | 200 |    2.390852ms |  192.168.66.115 | POST     /getResult
[2020-01-02 13:07:38] 自開彩開獎  {202001020263 1 35 true} 
ConfigData  map[redisPort:6379 redisDB:3 port:3306 user:fa_db password:1qaz!QAZ database:FA_MEM charset:utf8 ip:192.168.88.181 poolname:FA_MEM redisIp:192.168.88.119 redisPassword:""]
SqlString  SELECT RTP,Amount,Bonus  FROM M_RtpSetting  WHERE Sid = 1   AND State = 1   AND LTG_Code = 1 AND Gid = 35
[2020-01-02 13:07:38] 自開彩開獎  {202001020788 6 36 true} 
ConfigData  map[port:3306 user:fa_db database:FA_MEM charset:utf8 redisPassword:"" redisDB:3 ip:192.168.88.181 password:1qaz!QAZ redisIp:192.168.88.119 redisPort:6379 poolname:FA_MEM]
SqlString  SELECT RTP,Amount,Bonus  FROM M_RtpSetting  WHERE Sid = 1   AND State = 1   AND LTG_Code = 6 AND Gid = 36
sqlResult   map[count:0 state:0 result:]
[2020-01-02 13:07:38] rtpData ------->   map[result: count:0 state:0] 
[GIN] 2020/01/02 - 13:07:38 | 200 |    2.356255ms |  192.168.66.115 | POST     /getResult
sqlResult   map[result: count:0 state:0]
[2020-01-02 13:07:38] rtpData ------->   map[result: count:0 state:0] 
[GIN] 2020/01/02 - 13:07:38 | 200 |    2.435794ms |  192.168.66.115 | POST     /getResult
[2020-01-02 13:07:41] 自開彩開獎  {202001020788 1 34 true} 
ConfigData  map[ip:192.168.88.181 port:3306 password:1qaz!QAZ database:FA_MEM charset:utf8 redisIp:192.168.88.119 redisDB:3 poolname:FA_MEM user:fa_db redisPort:6379 redisPassword:""]
SqlString  SELECT RTP,Amount,Bonus  FROM M_RtpSetting  WHERE Sid = 1   AND State = 1   AND LTG_Code = 1 AND Gid = 34
sqlResult   map[count:0 state:0 result:]
[2020-01-02 13:07:41] rtpData ------->   map[result: count:0 state:0] 
[GIN] 2020/01/02 - 13:07:41 | 200 |    2.831987ms |  192.168.66.115 | POST     /getResult
[2020-01-02 13:07:42] 自開彩開獎  {202001020788 4 40 true} 
ConfigData  map[ip:192.168.88.181 poolname:FA_MEM database:FA_MEM redisIp:192.168.88.119 redisDB:3 port:3306 user:fa_db password:1qaz!QAZ charset:utf8 redisPort:6379 redisPassword:""]
SqlString  SELECT RTP,Amount,Bonus  FROM M_RtpSetting  WHERE Sid = 1   AND State = 1   AND LTG_Code = 4 AND Gid = 40
sqlResult   map[count:0 state:0 result:]
[2020-01-02 13:07:42] rtpData ------->   map[result: count:0 state:0] 
[GIN] 2020/01/02 - 13:07:42 | 200 |    2.652257ms |  192.168.66.115 | POST     /getResult
[2020-01-02 13:07:43] 自開彩開獎  {202001020788 5 38 true} 
ConfigData  map[redisPort:6379 redisPassword:"" poolname:FA_MEM port:3306 database:FA_MEM charset:utf8 redisIp:192.168.88.119 ip:192.168.88.181 user:fa_db password:1qaz!QAZ redisDB:3]
SqlString  SELECT RTP,Amount,Bonus  FROM M_RtpSetting  WHERE Sid = 1   AND State = 1   AND LTG_Code = 5 AND Gid = 38
sqlResult   map[result: count:0 state:0]
[2020-01-02 13:07:43] rtpData ------->   map[state:0 result: count:0] 
[GIN] 2020/01/02 - 13:07:43 | 200 |    2.625148ms |  192.168.66.115 | POST     /getResult
[2020-01-02 13:07:43] 自開彩開獎  {202001020263 4 41 true} 
ConfigData  map[redisPassword:"" ip:192.168.88.181 poolname:FA_MEM user:fa_db redisPort:6379 redisIp:192.168.88.119 redisDB:3 port:3306 password:1qaz!QAZ database:FA_MEM charset:utf8]
SqlString  SELECT RTP,Amount,Bonus  FROM M_RtpSetting  WHERE Sid = 1   AND State = 1   AND LTG_Code = 4 AND Gid = 41
sqlResult   map[result: count:0 state:0]
[2020-01-02 13:07:43] rtpData ------->   map[result: count:0 state:0] 
[GIN] 2020/01/02 - 13:07:43 | 200 |    1.899557ms |  192.168.66.115 | POST     /getResult
[2020-01-02 13:07:44] 自開彩開獎  {202001020263 1 35 true} 
ConfigData  map[redisIp:192.168.88.119 redisPort:6379 port:3306 user:fa_db password:1qaz!QAZ database:FA_MEM redisDB:3 ip:192.168.88.181 poolname:FA_MEM charset:utf8 redisPassword:""]
SqlString  SELECT RTP,Amount,Bonus  FROM M_RtpSetting  WHERE Sid = 1   AND State = 1   AND LTG_Code = 1 AND Gid = 35
[2020-01-02 13:07:44] 自開彩開獎  {202001020788 6 36 true} 
ConfigData  map[poolname:FA_MEM port:3306 database:FA_MEM redisPort:6379 redisPassword:"" redisDB:3 ip:192.168.88.181 user:fa_db password:1qaz!QAZ charset:utf8 redisIp:192.168.88.119]
SqlString  SELECT RTP,Amount,Bonus  FROM M_RtpSetting  WHERE Sid = 1   AND State = 1   AND LTG_Code = 6 AND Gid = 36
sqlResult   map[result: count:0 state:0]
[2020-01-02 13:07:44] rtpData ------->   map[result: count:0 state:0] 
[GIN] 2020/01/02 - 13:07:44 | 200 |    2.503238ms |  192.168.66.115 | POST     /getResult
sqlResult   map[result: count:0 state:0]
[2020-01-02 13:07:44] rtpData ------->   map[result: count:0 state:0] 
[GIN] 2020/01/02 - 13:07:44 | 200 |    2.825935ms |  192.168.66.115 | POST     /getResult
[2020-01-02 13:07:47] 自開彩開獎  {202001020788 1 34 true} 
ConfigData  map[redisIp:192.168.88.119 redisPort:6379 redisPassword:"" redisDB:3 port:3306 charset:utf8 user:fa_db password:1qaz!QAZ database:FA_MEM ip:192.168.88.181 poolname:FA_MEM]
SqlString  SELECT RTP,Amount,Bonus  FROM M_RtpSetting  WHERE Sid = 1   AND State = 1   AND LTG_Code = 1 AND Gid = 34
sqlResult   map[result: count:0 state:0]
[2020-01-02 13:07:47] rtpData ------->   map[result: count:0 state:0] 
[GIN] 2020/01/02 - 13:07:47 | 200 |    2.609341ms |  192.168.66.115 | POST     /getResult
[2020-01-02 13:07:48] 自開彩開獎  {202001020788 4 40 true} 
ConfigData  map[database:FA_MEM charset:utf8 redisPort:6379 ip:192.168.88.181 poolname:FA_MEM user:fa_db password:1qaz!QAZ port:3306 redisIp:192.168.88.119 redisPassword:"" redisDB:3]
SqlString  SELECT RTP,Amount,Bonus  FROM M_RtpSetting  WHERE Sid = 1   AND State = 1   AND LTG_Code = 4 AND Gid = 40
sqlResult   map[result: count:0 state:0]
[2020-01-02 13:07:48] rtpData ------->   map[result: count:0 state:0] 
[GIN] 2020/01/02 - 13:07:48 | 200 |    2.710413ms |  192.168.66.115 | POST     /getResult
[2020-01-02 13:07:49] 自開彩開獎  {202001020788 5 38 true} 
ConfigData  map[redisDB:3 ip:192.168.88.181 port:3306 user:fa_db password:1qaz!QAZ charset:utf8 redisPassword:"" poolname:FA_MEM database:FA_MEM redisIp:192.168.88.119 redisPort:6379]
SqlString  SELECT RTP,Amount,Bonus  FROM M_RtpSetting  WHERE Sid = 1   AND State = 1   AND LTG_Code = 5 AND Gid = 38
sqlResult   map[count:0 state:0 result:]
[2020-01-02 13:07:49] rtpData ------->   map[result: count:0 state:0] 
[GIN] 2020/01/02 - 13:07:49 | 200 |    2.782877ms |  192.168.66.115 | POST     /getResult
[2020-01-02 13:07:49] 自開彩開獎  {202001020263 4 41 true} 
ConfigData  map[poolname:FA_MEM user:fa_db database:FA_MEM charset:utf8 redisPort:6379 ip:192.168.88.181 port:3306 password:1qaz!QAZ redisIp:192.168.88.119 redisPassword:"" redisDB:3]
SqlString  SELECT RTP,Amount,Bonus  FROM M_RtpSetting  WHERE Sid = 1   AND State = 1   AND LTG_Code = 4 AND Gid = 41
sqlResult   map[result: count:0 state:0]
[2020-01-02 13:07:49] rtpData ------->   map[result: count:0 state:0] 
[GIN] 2020/01/02 - 13:07:49 | 200 |    2.379881ms |  192.168.66.115 | POST     /getResult
[2020-01-02 13:07:50] 自開彩開獎  {202001020788 6 36 true} 
[2020-01-02 13:07:50] 自開彩開獎  {202001020263 1 35 true} 
ConfigData  map[port:3306 redisIp:192.168.88.119 redisPassword:"" redisDB:3 redisPort:6379 ip:192.168.88.181 poolname:FA_MEM user:fa_db password:1qaz!QAZ database:FA_MEM charset:utf8]
SqlString  SELECT RTP,Amount,Bonus  FROM M_RtpSetting  WHERE Sid = 1   AND State = 1   AND LTG_Code = 1 AND Gid = 35
ConfigData  map[redisPassword:"" redisDB:3 poolname:FA_MEM port:3306 user:fa_db database:FA_MEM charset:utf8 redisPort:6379 ip:192.168.88.181 password:1qaz!QAZ redisIp:192.168.88.119]
SqlString  SELECT RTP,Amount,Bonus  FROM M_RtpSetting  WHERE Sid = 1   AND State = 1   AND LTG_Code = 6 AND Gid = 36
sqlResult   map[result: count:0 state:0]
[2020-01-02 13:07:50] rtpData ------->   map[result: count:0 state:0] 
sqlResult   map[result: count:0 state:0]
[2020-01-02 13:07:50] rtpData ------->   map[state:0 result: count:0] 
[GIN] 2020/01/02 - 13:07:50 | 200 |    2.974974ms |  192.168.66.115 | POST     /getResult
[GIN] 2020/01/02 - 13:07:50 | 200 |    2.977838ms |  192.168.66.115 | POST     /getResult
[2020-01-02 13:07:53] 自開彩開獎  {202001020788 1 34 true} 
ConfigData  map[user:fa_db database:FA_MEM redisIp:192.168.88.119 redisPort:6379 redisPassword:"" redisDB:3 ip:192.168.88.181 poolname:FA_MEM port:3306 password:1qaz!QAZ charset:utf8]
SqlString  SELECT RTP,Amount,Bonus  FROM M_RtpSetting  WHERE Sid = 1   AND State = 1   AND LTG_Code = 1 AND Gid = 34
sqlResult   map[result: count:0 state:0]
[2020-01-02 13:07:53] rtpData ------->   map[result: count:0 state:0] 
[GIN] 2020/01/02 - 13:07:53 | 200 |    2.178127ms |  192.168.66.115 | POST     /getResult
[2020-01-02 13:07:54] 自開彩開獎  {202001020788 4 40 true} 
ConfigData  map[poolname:FA_MEM user:fa_db charset:utf8 redisPort:6379 redisDB:3 ip:192.168.88.181 port:3306 password:1qaz!QAZ database:FA_MEM redisIp:192.168.88.119 redisPassword:""]
SqlString  SELECT RTP,Amount,Bonus  FROM M_RtpSetting  WHERE Sid = 1   AND State = 1   AND LTG_Code = 4 AND Gid = 40
sqlResult   map[result: count:0 state:0]
[2020-01-02 13:07:54] rtpData ------->   map[result: count:0 state:0] 
[GIN] 2020/01/02 - 13:07:54 | 200 |    2.067516ms |  192.168.66.115 | POST     /getResult
[2020-01-02 13:07:55] 自開彩開獎  {202001020788 5 38 true} 
ConfigData  map[user:fa_db redisPort:6379 redisDB:3 database:FA_MEM charset:utf8 redisIp:192.168.88.119 redisPassword:"" ip:192.168.88.181 poolname:FA_MEM port:3306 password:1qaz!QAZ]
SqlString  SELECT RTP,Amount,Bonus  FROM M_RtpSetting  WHERE Sid = 1   AND State = 1   AND LTG_Code = 5 AND Gid = 38
sqlResult   map[count:0 state:0 result:]
[2020-01-02 13:07:55] rtpData ------->   map[result: count:0 state:0] 
[GIN] 2020/01/02 - 13:07:55 | 200 |    2.048934ms |  192.168.66.115 | POST     /getResult
[2020-01-02 13:07:55] 自開彩開獎  {202001020263 4 41 true} 
ConfigData  map[ip:192.168.88.181 poolname:FA_MEM port:3306 password:1qaz!QAZ database:FA_MEM redisIp:192.168.88.119 redisPassword:"" redisDB:3 user:fa_db charset:utf8 redisPort:6379]
SqlString  SELECT RTP,Amount,Bonus  FROM M_RtpSetting  WHERE Sid = 1   AND State = 1   AND LTG_Code = 4 AND Gid = 41
sqlResult   map[result: count:0 state:0]
[2020-01-02 13:07:55] rtpData ------->   map[result: count:0 state:0] 
[GIN] 2020/01/02 - 13:07:55 | 200 |     2.60334ms |  192.168.66.115 | POST     /getResult
[2020-01-02 13:07:56] 自開彩開獎  {202001020788 6 36 true} 
ConfigData  map[redisDB:3 port:3306 password:1qaz!QAZ charset:utf8 redisIp:192.168.88.119 redisPort:6379 redisPassword:"" ip:192.168.88.181 poolname:FA_MEM user:fa_db database:FA_MEM]
SqlString  SELECT RTP,Amount,Bonus  FROM M_RtpSetting  WHERE Sid = 1   AND State = 1   AND LTG_Code = 6 AND Gid = 36
[2020-01-02 13:07:56] 自開彩開獎  {202001020263 1 35 true} 
ConfigData  map[poolname:FA_MEM port:3306 user:fa_db database:FA_MEM redisIp:192.168.88.119 redisPort:6379 redisPassword:"" ip:192.168.88.181 redisDB:3 charset:utf8 password:1qaz!QAZ]
SqlString  SELECT RTP,Amount,Bonus  FROM M_RtpSetting  WHERE Sid = 1   AND State = 1   AND LTG_Code = 1 AND Gid = 35
sqlResult   map[result: count:0 state:0]
[2020-01-02 13:07:56] rtpData ------->   map[count:0 state:0 result:] 
[GIN] 2020/01/02 - 13:07:56 | 200 |    2.562833ms |  192.168.66.115 | POST     /getResult
sqlResult   map[result: count:0 state:0]
[2020-01-02 13:07:56] rtpData ------->   map[result: count:0 state:0] 
[GIN] 2020/01/02 - 13:07:56 | 200 |    2.706304ms |  192.168.66.115 | POST     /getResult
[2020-01-02 13:07:59] 自開彩開獎  {202001020788 1 34 true} 
ConfigData  map[redisPort:6379 redisDB:3 poolname:FA_MEM port:3306 user:fa_db charset:utf8 redisIp:192.168.88.119 redisPassword:"" ip:192.168.88.181 password:1qaz!QAZ database:FA_MEM]
SqlString  SELECT RTP,Amount,Bonus  FROM M_RtpSetting  WHERE Sid = 1   AND State = 1   AND LTG_Code = 1 AND Gid = 34
sqlResult   map[result: count:0 state:0]
[2020-01-02 13:07:59] rtpData ------->   map[result: count:0 state:0] 
[GIN] 2020/01/02 - 13:07:59 | 200 |    2.194867ms |  192.168.66.115 | POST     /getResult
[2020-01-02 13:08:00] 自開彩開獎  {202001020788 4 40 true} 
ConfigData  map[database:FA_MEM redisPort:6379 ip:192.168.88.181 user:fa_db password:1qaz!QAZ redisIp:192.168.88.119 redisPassword:"" redisDB:3 poolname:FA_MEM port:3306 charset:utf8]
SqlString  SELECT RTP,Amount,Bonus  FROM M_RtpSetting  WHERE Sid = 1   AND State = 1   AND LTG_Code = 4 AND Gid = 40
sqlResult   map[result: count:0 state:0]
[2020-01-02 13:08:00] rtpData ------->   map[result: count:0 state:0] 
[GIN] 2020/01/02 - 13:08:00 | 200 |    2.660197ms |  192.168.66.115 | POST     /getResult
[2020-01-02 13:08:00] 自開彩開獎  {202001020789 2 26 true} 
ConfigData  map[user:fa_db password:1qaz!QAZ redisPort:6379 redisIp:192.168.88.119 redisPassword:"" redisDB:3 ip:192.168.88.181 poolname:FA_MEM port:3306 database:FA_MEM charset:utf8]
SqlString  SELECT RTP,Amount,Bonus  FROM M_RtpSetting  WHERE Sid = 1   AND State = 1   AND LTG_Code = 2 AND Gid = 26
sqlResult   map[amount:1.0069588e+06 bonus:908100.71 result:0.9600 count:1 state:1]
[2020-01-02 13:08:00] rtpData ------->   map[state:1 amount:1.0069588e+06 bonus:908100.71 result:0.9600 count:1] 
ConfigData  map[database:FA_MEM redisIp:192.168.88.119 redisPort:6379 redisPassword:"" redisDB:3 port:3306 poolname:FA_MEM user:fa_db password:1qaz!QAZ charset:utf8 ip:192.168.88.181]
SELECT BO_No, BO_OrderNo , BO_User , BO_Issue  , BO_LotteryTypeGroup, BO_LotteryType, BO_Mode, BO_LotteryPlayGroup, BO_LotteryPlay , BO_LotteryContent, BO_Price, BO_RealPrice, BO_Unit, BO_Multiple , BO_BetCount  , BO_Winnings, BO_Winnings2, BO_Winnings3, BO_WinningLimit  , BO_Water , BO_BW_SourceUserId, BO_BW_BackWater, BO_BW_LimitBetCount, BO_BW_MaxAmount, BO_BW_AuditMultiple  , BO_Odds, BO_Odds2, BO_Odds3 , BO_Type, BO_Chase , BO_OpenResult, BO_OpenResult2, BO_DateDraw, BO_DateDraw2, BO_DateUpdate  FROM TS_BetOrder  WHERE BO_Cancel = 0   AND BO_CancelBackend = 0   AND BO_LotteryTypeGroup = 2 AND BO_LotteryType = 26 AND BO_Issue = 202001020789 AND BO_Collect = 0 ORDER BY BO_DateDraw ASC, BO_DateCreate ASC, BO_DateUpdate ASC, BO_No ASC ;
[2020-01-02 13:08:00] LottteryTypeGroup 2 
[2020-01-02 13:08:00] 有期號 但無注單 -------> map[amount:0 bonus:0 thisOpenResult:[9 0 6 8 2]] 
[GIN] 2020/01/02 - 13:08:00 | 200 |    4.706073ms |  192.168.66.115 | POST     /getResult
[2020-01-02 13:08:01] 自開彩開獎  {202001020788 5 38 true} 
ConfigData  map[poolname:FA_MEM port:3306 password:1qaz!QAZ charset:utf8 ip:192.168.88.181 user:fa_db database:FA_MEM redisIp:192.168.88.119 redisPort:6379 redisPassword:"" redisDB:3]
SqlString  SELECT RTP,Amount,Bonus  FROM M_RtpSetting  WHERE Sid = 1   AND State = 1   AND LTG_Code = 5 AND Gid = 38
sqlResult   map[result: count:0 state:0]
[2020-01-02 13:08:01] rtpData ------->   map[state:0 result: count:0] 
[GIN] 2020/01/02 - 13:08:01 | 200 |    5.517763ms |  192.168.66.115 | POST     /getResult
[2020-01-02 13:08:01] 自開彩開獎  {202001020263 4 41 true} 
ConfigData  map[redisPort:6379 redisPassword:"" redisDB:3 user:fa_db password:1qaz!QAZ charset:utf8 redisIp:192.168.88.119 ip:192.168.88.181 poolname:FA_MEM port:3306 database:FA_MEM]
SqlString  SELECT RTP,Amount,Bonus  FROM M_RtpSetting  WHERE Sid = 1   AND State = 1   AND LTG_Code = 4 AND Gid = 41
sqlResult   map[result: count:0 state:0]
[2020-01-02 13:08:01] rtpData ------->   map[result: count:0 state:0] 
[GIN] 2020/01/02 - 13:08:01 | 200 |    2.997647ms |  192.168.66.115 | POST     /getResult
[2020-01-02 13:08:02] 自開彩開獎  {202001020788 6 36 true} 
ConfigData  map[ip:192.168.88.181 poolname:FA_MEM password:1qaz!QAZ redisIp:192.168.88.119 redisPort:6379 port:3306 user:fa_db database:FA_MEM charset:utf8 redisPassword:"" redisDB:3]
SqlString  SELECT RTP,Amount,Bonus  FROM M_RtpSetting  WHERE Sid = 1   AND State = 1   AND LTG_Code = 6 AND Gid = 36
[2020-01-02 13:08:02] 自開彩開獎  {202001020263 1 35 true} 
ConfigData  map[charset:utf8 redisPort:6379 ip:192.168.88.181 poolname:FA_MEM port:3306 user:fa_db redisDB:3 password:1qaz!QAZ database:FA_MEM redisIp:192.168.88.119 redisPassword:""]
SqlString  SELECT RTP,Amount,Bonus  FROM M_RtpSetting  WHERE Sid = 1   AND State = 1   AND LTG_Code = 1 AND Gid = 35
sqlResult   map[result: count:0 state:0]
[2020-01-02 13:08:02] rtpData ------->   map[result: count:0 state:0] 
[GIN] 2020/01/02 - 13:08:02 | 200 |    2.494688ms |  192.168.66.115 | POST     /getResult
sqlResult   map[result: count:0 state:0]
[2020-01-02 13:08:02] rtpData ------->   map[result: count:0 state:0] 
[GIN] 2020/01/02 - 13:08:02 | 200 |    2.759207ms |  192.168.66.115 | POST     /getResult
[2020-01-02 13:08:05] 自開彩開獎  {202001020788 1 34 true} 
ConfigData  map[redisDB:3 ip:192.168.88.181 poolname:FA_MEM port:3306 user:fa_db redisIp:192.168.88.119 redisPassword:"" password:1qaz!QAZ database:FA_MEM charset:utf8 redisPort:6379]
SqlString  SELECT RTP,Amount,Bonus  FROM M_RtpSetting  WHERE Sid = 1   AND State = 1   AND LTG_Code = 1 AND Gid = 34
sqlResult   map[result: count:0 state:0]
[2020-01-02 13:08:05] rtpData ------->   map[result: count:0 state:0] 
[GIN] 2020/01/02 - 13:08:05 | 200 |    2.715554ms |  192.168.66.115 | POST     /getResult
[2020-01-02 13:08:06] 自開彩開獎  {202001020789 4 40 true} 
ConfigData  map[password:1qaz!QAZ database:FA_MEM charset:utf8 redisIp:192.168.88.119 redisPort:6379 redisDB:3 port:3306 user:fa_db redisPassword:"" ip:192.168.88.181 poolname:FA_MEM]
SqlString  SELECT RTP,Amount,Bonus  FROM M_RtpSetting  WHERE Sid = 1   AND State = 1   AND LTG_Code = 4 AND Gid = 40
sqlResult   map[result: count:0 state:0]
[2020-01-02 13:08:06] rtpData ------->   map[count:0 state:0 result:] 
[GIN] 2020/01/02 - 13:08:06 | 200 |    2.292297ms |  192.168.66.115 | POST     /getResult
[2020-01-02 13:08:07] 自開彩開獎  {202001020789 5 38 true} 
ConfigData  map[port:3306 database:FA_MEM charset:utf8 redisPort:6379 redisIp:192.168.88.119 redisPassword:"" redisDB:3 ip:192.168.88.181 poolname:FA_MEM user:fa_db password:1qaz!QAZ]
SqlString  SELECT RTP,Amount,Bonus  FROM M_RtpSetting  WHERE Sid = 1   AND State = 1   AND LTG_Code = 5 AND Gid = 38
sqlResult   map[count:0 state:0 result:]
[2020-01-02 13:08:07] rtpData ------->   map[state:0 result: count:0] 
[GIN] 2020/01/02 - 13:08:07 | 200 |    2.495232ms |  192.168.66.115 | POST     /getResult
[2020-01-02 13:08:07] 自開彩開獎  {202001020263 4 41 true} 
ConfigData  map[poolname:FA_MEM port:3306 user:fa_db database:FA_MEM redisIp:192.168.88.119 redisPassword:"" ip:192.168.88.181 password:1qaz!QAZ charset:utf8 redisPort:6379 redisDB:3]
SqlString  SELECT RTP,Amount,Bonus  FROM M_RtpSetting  WHERE Sid = 1   AND State = 1   AND LTG_Code = 4 AND Gid = 41
sqlResult   map[result: count:0 state:0]
[2020-01-02 13:08:07] rtpData ------->   map[result: count:0 state:0] 
[GIN] 2020/01/02 - 13:08:07 | 200 |    2.317771ms |  192.168.66.115 | POST     /getResult
[2020-01-02 13:08:08] 自開彩開獎  {202001020263 1 35 true} 
ConfigData  map[redisPort:6379 redisDB:3 ip:192.168.88.181 poolname:FA_MEM database:FA_MEM charset:utf8 redisPassword:"" port:3306 user:fa_db password:1qaz!QAZ redisIp:192.168.88.119]
SqlString  SELECT RTP,Amount,Bonus  FROM M_RtpSetting  WHERE Sid = 1   AND State = 1   AND LTG_Code = 1 AND Gid = 35
sqlResult   map[result: count:0 state:0]
[2020-01-02 13:08:08] rtpData ------->   map[result: count:0 state:0] 
[GIN] 2020/01/02 - 13:08:08 | 200 |    2.479447ms |  192.168.66.115 | POST     /getResult
[2020-01-02 13:08:09] 自開彩開獎  {202001020789 6 36 true} 
ConfigData  map[redisIp:192.168.88.119 redisPort:6379 redisPassword:"" poolname:FA_MEM password:1qaz!QAZ user:fa_db database:FA_MEM charset:utf8 redisDB:3 ip:192.168.88.181 port:3306]
SqlString  SELECT RTP,Amount,Bonus  FROM M_RtpSetting  WHERE Sid = 1   AND State = 1   AND LTG_Code = 6 AND Gid = 36
sqlResult   map[count:0 state:0 result:]
[2020-01-02 13:08:09] rtpData ------->   map[result: count:0 state:0] 
[GIN] 2020/01/02 - 13:08:09 | 200 |    2.354187ms |  192.168.66.115 | POST     /getResult
[2020-01-02 13:08:11] 自開彩開獎  {202001020789 1 34 true} 
ConfigData  map[charset:utf8 redisPort:6379 port:3306 password:1qaz!QAZ database:FA_MEM redisIp:192.168.88.119 redisPassword:"" redisDB:3 ip:192.168.88.181 poolname:FA_MEM user:fa_db]
SqlString  SELECT RTP,Amount,Bonus  FROM M_RtpSetting  WHERE Sid = 1   AND State = 1   AND LTG_Code = 1 AND Gid = 34
sqlResult   map[state:0 result: count:0]
[2020-01-02 13:08:11] rtpData ------->   map[result: count:0 state:0] 
[GIN] 2020/01/02 - 13:08:11 | 200 |    2.311983ms |  192.168.66.115 | POST     /getResult
[2020-01-02 13:08:12] 自開彩開獎  {202001020789 4 40 true} 
ConfigData  map[ip:192.168.88.181 user:fa_db password:1qaz!QAZ database:FA_MEM redisIp:192.168.88.119 redisPassword:"" poolname:FA_MEM port:3306 charset:utf8 redisPort:6379 redisDB:3]
SqlString  SELECT RTP,Amount,Bonus  FROM M_RtpSetting  WHERE Sid = 1   AND State = 1   AND LTG_Code = 4 AND Gid = 40
sqlResult   map[result: count:0 state:0]
[2020-01-02 13:08:12] rtpData ------->   map[count:0 state:0 result:] 
[GIN] 2020/01/02 - 13:08:12 | 200 |    2.691042ms |  192.168.66.115 | POST     /getResult
[2020-01-02 13:08:13] 自開彩開獎  {202001020789 5 38 true} 
ConfigData  map[redisIp:192.168.88.119 redisPort:6379 ip:192.168.88.181 poolname:FA_MEM user:fa_db password:1qaz!QAZ database:FA_MEM charset:utf8 redisPassword:"" redisDB:3 port:3306]
SqlString  SELECT RTP,Amount,Bonus  FROM M_RtpSetting  WHERE Sid = 1   AND State = 1   AND LTG_Code = 5 AND Gid = 38
sqlResult   map[result: count:0 state:0]
[2020-01-02 13:08:13] rtpData ------->   map[result: count:0 state:0] 
[GIN] 2020/01/02 - 13:08:13 | 200 |    2.500919ms |  192.168.66.115 | POST     /getResult
[2020-01-02 13:08:13] 自開彩開獎  {202001020263 4 41 true} 
ConfigData  map[redisDB:3 user:fa_db password:1qaz!QAZ charset:utf8 redisPort:6379 redisPassword:"" ip:192.168.88.181 poolname:FA_MEM port:3306 database:FA_MEM redisIp:192.168.88.119]
SqlString  SELECT RTP,Amount,Bonus  FROM M_RtpSetting  WHERE Sid = 1   AND State = 1   AND LTG_Code = 4 AND Gid = 41
sqlResult   map[result: count:0 state:0]
[2020-01-02 13:08:13] rtpData ------->   map[result: count:0 state:0] 
[GIN] 2020/01/02 - 13:08:13 | 200 |    2.056855ms |  192.168.66.115 | POST     /getResult
[2020-01-02 13:08:15] 自開彩開獎  {202001020263 1 35 true} 
ConfigData  map[redisIp:192.168.88.119 redisPort:6379 user:fa_db database:FA_MEM port:3306 password:1qaz!QAZ charset:utf8 redisPassword:"" redisDB:3 ip:192.168.88.181 poolname:FA_MEM]
SqlString  SELECT RTP,Amount,Bonus  FROM M_RtpSetting  WHERE Sid = 1   AND State = 1   AND LTG_Code = 1 AND Gid = 35
sqlResult   map[result: count:0 state:0]
[2020-01-02 13:08:15] rtpData ------->   map[result: count:0 state:0] 
[GIN] 2020/01/02 - 13:08:15 | 200 |    2.373842ms |  192.168.66.115 | POST     /getResult
[2020-01-02 13:08:16] 自開彩開獎  {202001020789 6 36 true} 
ConfigData  map[redisPassword:"" ip:192.168.88.181 password:1qaz!QAZ charset:utf8 redisIp:192.168.88.119 redisPort:6379 redisDB:3 poolname:FA_MEM port:3306 user:fa_db database:FA_MEM]
SqlString  SELECT RTP,Amount,Bonus  FROM M_RtpSetting  WHERE Sid = 1   AND State = 1   AND LTG_Code = 6 AND Gid = 36
sqlResult   map[result: count:0 state:0]
[2020-01-02 13:08:16] rtpData ------->   map[result: count:0 state:0] 
[GIN] 2020/01/02 - 13:08:16 | 200 |    5.274473ms |  192.168.66.115 | POST     /getResult
[2020-01-02 13:08:17] 自開彩開獎  {202001020789 1 34 true} 
ConfigData  map[redisPassword:"" ip:192.168.88.181 user:fa_db password:1qaz!QAZ redisIp:192.168.88.119 redisPort:6379 redisDB:3 poolname:FA_MEM port:3306 database:FA_MEM charset:utf8]
SqlString  SELECT RTP,Amount,Bonus  FROM M_RtpSetting  WHERE Sid = 1   AND State = 1   AND LTG_Code = 1 AND Gid = 34
sqlResult   map[count:0 state:0 result:]
[2020-01-02 13:08:17] rtpData ------->   map[result: count:0 state:0] 
[GIN] 2020/01/02 - 13:08:17 | 200 |    2.169071ms |  192.168.66.115 | POST     /getResult
[2020-01-02 13:08:18] 自開彩開獎  {202001020789 4 40 true} 
ConfigData  map[database:FA_MEM charset:utf8 redisIp:192.168.88.119 ip:192.168.88.181 user:fa_db password:1qaz!QAZ redisPassword:"" redisDB:3 poolname:FA_MEM port:3306 redisPort:6379]
SqlString  SELECT RTP,Amount,Bonus  FROM M_RtpSetting  WHERE Sid = 1   AND State = 1   AND LTG_Code = 4 AND Gid = 40
sqlResult   map[result: count:0 state:0]
[2020-01-02 13:08:18] rtpData ------->   map[count:0 state:0 result:] 
[GIN] 2020/01/02 - 13:08:18 | 200 |     2.70337ms |  192.168.66.115 | POST     /getResult
[2020-01-02 13:08:19] 自開彩開獎  {202001020789 5 38 true} 
ConfigData  map[redisDB:3 ip:192.168.88.181 port:3306 password:1qaz!QAZ database:FA_MEM charset:utf8 redisIp:192.168.88.119 poolname:FA_MEM user:fa_db redisPort:6379 redisPassword:""]
SqlString  SELECT RTP,Amount,Bonus  FROM M_RtpSetting  WHERE Sid = 1   AND State = 1   AND LTG_Code = 5 AND Gid = 38
sqlResult   map[result: count:0 state:0]
[2020-01-02 13:08:19] rtpData ------->   map[state:0 result: count:0] 
[GIN] 2020/01/02 - 13:08:19 | 200 |     3.19691ms |  192.168.66.115 | POST     /getResult
[2020-01-02 13:08:19] 自開彩開獎  {202001020263 4 41 true} 
ConfigData  map[redisIp:192.168.88.119 redisPassword:"" poolname:FA_MEM user:fa_db database:FA_MEM charset:utf8 redisPort:6379 redisDB:3 ip:192.168.88.181 port:3306 password:1qaz!QAZ]
SqlString  SELECT RTP,Amount,Bonus  FROM M_RtpSetting  WHERE Sid = 1   AND State = 1   AND LTG_Code = 4 AND Gid = 41
sqlResult   map[result: count:0 state:0]
[2020-01-02 13:08:19] rtpData ------->   map[result: count:0 state:0] 
[GIN] 2020/01/02 - 13:08:19 | 200 |    2.530242ms |  192.168.66.115 | POST     /getResult
[2020-01-02 13:08:21] 自開彩開獎  {202001020263 1 35 true} 
ConfigData  map[port:3306 password:1qaz!QAZ database:FA_MEM charset:utf8 redisPort:6379 redisPassword:"" redisDB:3 ip:192.168.88.181 poolname:FA_MEM user:fa_db redisIp:192.168.88.119]
SqlString  SELECT RTP,Amount,Bonus  FROM M_RtpSetting  WHERE Sid = 1   AND State = 1   AND LTG_Code = 1 AND Gid = 35
sqlResult   map[result: count:0 state:0]
[2020-01-02 13:08:21] rtpData ------->   map[count:0 state:0 result:] 
[GIN] 2020/01/02 - 13:08:21 | 200 |    2.543845ms |  192.168.66.115 | POST     /getResult
[2020-01-02 13:08:22] 自開彩開獎  {202001020789 6 36 true} 
ConfigData  map[redisPassword:"" redisDB:3 port:3306 password:1qaz!QAZ redisPort:6379 database:FA_MEM charset:utf8 redisIp:192.168.88.119 ip:192.168.88.181 poolname:FA_MEM user:fa_db]
SqlString  SELECT RTP,Amount,Bonus  FROM M_RtpSetting  WHERE Sid = 1   AND State = 1   AND LTG_Code = 6 AND Gid = 36
sqlResult   map[count:0 state:0 result:]
[2020-01-02 13:08:22] rtpData ------->   map[result: count:0 state:0] 
[GIN] 2020/01/02 - 13:08:22 | 200 |    3.418822ms |  192.168.66.115 | POST     /getResult
[2020-01-02 13:08:23] 自開彩開獎  {202001020789 1 34 true} 
ConfigData  map[redisPassword:"" redisDB:3 poolname:FA_MEM port:3306 database:FA_MEM charset:utf8 redisIp:192.168.88.119 redisPort:6379 ip:192.168.88.181 user:fa_db password:1qaz!QAZ]
SqlString  SELECT RTP,Amount,Bonus  FROM M_RtpSetting  WHERE Sid = 1   AND State = 1   AND LTG_Code = 1 AND Gid = 34
sqlResult   map[result: count:0 state:0]
[2020-01-02 13:08:23] rtpData ------->   map[count:0 state:0 result:] 
[GIN] 2020/01/02 - 13:08:23 | 200 |    2.207124ms |  192.168.66.115 | POST     /getResult
[2020-01-02 13:08:24] 自開彩開獎  {202001020789 4 40 true} 
ConfigData  map[ip:192.168.88.181 poolname:FA_MEM user:fa_db password:1qaz!QAZ database:FA_MEM charset:utf8 redisPort:6379 port:3306 redisIp:192.168.88.119 redisPassword:"" redisDB:3]
SqlString  SELECT RTP,Amount,Bonus  FROM M_RtpSetting  WHERE Sid = 1   AND State = 1   AND LTG_Code = 4 AND Gid = 40
sqlResult   map[result: count:0 state:0]
[2020-01-02 13:08:24] rtpData ------->   map[result: count:0 state:0] 
[GIN] 2020/01/02 - 13:08:24 | 200 |    3.339381ms |  192.168.66.115 | POST     /getResult
[2020-01-02 13:08:25] 自開彩開獎  {202001020789 5 38 true} 
ConfigData  map[ip:192.168.88.181 port:3306 user:fa_db redisIp:192.168.88.119 redisPort:6379 redisDB:3 poolname:FA_MEM password:1qaz!QAZ database:FA_MEM charset:utf8 redisPassword:""]
SqlString  SELECT RTP,Amount,Bonus  FROM M_RtpSetting  WHERE Sid = 1   AND State = 1   AND LTG_Code = 5 AND Gid = 38
sqlResult   map[result: count:0 state:0]
[2020-01-02 13:08:25] rtpData ------->   map[result: count:0 state:0] 
[GIN] 2020/01/02 - 13:08:25 | 200 |    3.020755ms |  192.168.66.115 | POST     /getResult
[2020-01-02 13:08:25] 自開彩開獎  {202001020263 4 41 true} 
ConfigData  map[poolname:FA_MEM database:FA_MEM charset:utf8 redisPassword:"" redisDB:3 ip:192.168.88.181 port:3306 user:fa_db password:1qaz!QAZ redisIp:192.168.88.119 redisPort:6379]
SqlString  SELECT RTP,Amount,Bonus  FROM M_RtpSetting  WHERE Sid = 1   AND State = 1   AND LTG_Code = 4 AND Gid = 41
sqlResult   map[result: count:0 state:0]
[2020-01-02 13:08:25] rtpData ------->   map[result: count:0 state:0] 
[GIN] 2020/01/02 - 13:08:25 | 200 |    3.427691ms |  192.168.66.115 | POST     /getResult
[2020-01-02 13:08:27] 自開彩開獎  {202001020263 1 35 true} 
ConfigData  map[redisPassword:"" poolname:FA_MEM port:3306 user:fa_db database:FA_MEM charset:utf8 redisIp:192.168.88.119 redisPort:6379 redisDB:3 ip:192.168.88.181 password:1qaz!QAZ]
SqlString  SELECT RTP,Amount,Bonus  FROM M_RtpSetting  WHERE Sid = 1   AND State = 1   AND LTG_Code = 1 AND Gid = 35
sqlResult   map[result: count:0 state:0]
[2020-01-02 13:08:27] rtpData ------->   map[result: count:0 state:0] 
[GIN] 2020/01/02 - 13:08:27 | 200 |    3.485974ms |  192.168.66.115 | POST     /getResult
[2020-01-02 13:08:28] 自開彩開獎  {202001020789 6 36 true} 
ConfigData  map[user:fa_db redisPassword:"" redisDB:3 poolname:FA_MEM port:3306 password:1qaz!QAZ database:FA_MEM charset:utf8 redisIp:192.168.88.119 redisPort:6379 ip:192.168.88.181]
SqlString  SELECT RTP,Amount,Bonus  FROM M_RtpSetting  WHERE Sid = 1   AND State = 1   AND LTG_Code = 6 AND Gid = 36
sqlResult   map[count:0 state:0 result:]
[2020-01-02 13:08:28] rtpData ------->   map[result: count:0 state:0] 
[GIN] 2020/01/02 - 13:08:28 | 200 |    2.944171ms |  192.168.66.115 | POST     /getResult
[2020-01-02 13:08:29] 自開彩開獎  {202001020789 1 34 true} 
ConfigData  map[charset:utf8 redisPort:6379 redisPassword:"" ip:192.168.88.181 password:1qaz!QAZ user:fa_db database:FA_MEM redisIp:192.168.88.119 redisDB:3 poolname:FA_MEM port:3306]
SqlString  SELECT RTP,Amount,Bonus  FROM M_RtpSetting  WHERE Sid = 1   AND State = 1   AND LTG_Code = 1 AND Gid = 34
sqlResult   map[result: count:0 state:0]
[2020-01-02 13:08:29] rtpData ------->   map[count:0 state:0 result:] 
[GIN] 2020/01/02 - 13:08:29 | 200 |    2.428582ms |  192.168.66.115 | POST     /getResult
[2020-01-02 13:08:30] 自開彩開獎  {202001020789 4 40 true} 
ConfigData  map[ip:192.168.88.181 poolname:FA_MEM redisPort:6379 redisPassword:"" redisDB:3 port:3306 user:fa_db password:1qaz!QAZ database:FA_MEM charset:utf8 redisIp:192.168.88.119]
SqlString  SELECT RTP,Amount,Bonus  FROM M_RtpSetting  WHERE Sid = 1   AND State = 1   AND LTG_Code = 4 AND Gid = 40
sqlResult   map[count:0 state:0 result:]
[2020-01-02 13:08:30] rtpData ------->   map[result: count:0 state:0] 
[GIN] 2020/01/02 - 13:08:30 | 200 |     2.95499ms |  192.168.66.115 | POST     /getResult
[2020-01-02 13:08:31] 自開彩開獎  {202001020789 5 38 true} 
ConfigData  map[redisPassword:"" redisDB:3 ip:192.168.88.181 user:fa_db password:1qaz!QAZ database:FA_MEM charset:utf8 poolname:FA_MEM port:3306 redisIp:192.168.88.119 redisPort:6379]
SqlString  SELECT RTP,Amount,Bonus  FROM M_RtpSetting  WHERE Sid = 1   AND State = 1   AND LTG_Code = 5 AND Gid = 38
sqlResult   map[result: count:0 state:0]
[2020-01-02 13:08:31] rtpData ------->   map[state:0 result: count:0] 
[GIN] 2020/01/02 - 13:08:31 | 200 |    2.740636ms |  192.168.66.115 | POST     /getResult
[2020-01-02 13:08:31] 自開彩開獎  {202001020263 4 41 true} 
ConfigData  map[charset:utf8 redisPort:6379 redisDB:3 poolname:FA_MEM port:3306 password:1qaz!QAZ database:FA_MEM redisIp:192.168.88.119 redisPassword:"" ip:192.168.88.181 user:fa_db]
SqlString  SELECT RTP,Amount,Bonus  FROM M_RtpSetting  WHERE Sid = 1   AND State = 1   AND LTG_Code = 4 AND Gid = 41
sqlResult   map[count:0 state:0 result:]
[2020-01-02 13:08:31] rtpData ------->   map[count:0 state:0 result:] 
[GIN] 2020/01/02 - 13:08:31 | 200 |    2.871683ms |  192.168.66.115 | POST     /getResult
[2020-01-02 13:08:33] 自開彩開獎  {202001020263 1 35 true} 
ConfigData  map[redisPassword:"" redisDB:3 password:1qaz!QAZ database:FA_MEM redisIp:192.168.88.119 user:fa_db charset:utf8 redisPort:6379 ip:192.168.88.181 poolname:FA_MEM port:3306]
SqlString  SELECT RTP,Amount,Bonus  FROM M_RtpSetting  WHERE Sid = 1   AND State = 1   AND LTG_Code = 1 AND Gid = 35
sqlResult   map[result: count:0 state:0]
[2020-01-02 13:08:33] rtpData ------->   map[count:0 state:0 result:] 
[GIN] 2020/01/02 - 13:08:33 | 200 |    2.585342ms |  192.168.66.115 | POST     /getResult
[2020-01-02 13:08:34] 自開彩開獎  {202001020789 6 36 true} 
ConfigData  map[ip:192.168.88.181 port:3306 user:fa_db password:1qaz!QAZ database:FA_MEM charset:utf8 redisPort:6379 poolname:FA_MEM redisIp:192.168.88.119 redisPassword:"" redisDB:3]
SqlString  SELECT RTP,Amount,Bonus  FROM M_RtpSetting  WHERE Sid = 1   AND State = 1   AND LTG_Code = 6 AND Gid = 36
sqlResult   map[result: count:0 state:0]
[2020-01-02 13:08:34] rtpData ------->   map[result: count:0 state:0] 
[GIN] 2020/01/02 - 13:08:34 | 200 |    2.501397ms |  192.168.66.115 | POST     /getResult
[2020-01-02 13:08:35] 自開彩開獎  {202001020789 1 34 true} 
ConfigData  map[ip:192.168.88.181 user:fa_db database:FA_MEM charset:utf8 redisIp:192.168.88.119 redisPort:6379 redisDB:3 poolname:FA_MEM port:3306 password:1qaz!QAZ redisPassword:""]
SqlString  SELECT RTP,Amount,Bonus  FROM M_RtpSetting  WHERE Sid = 1   AND State = 1   AND LTG_Code = 1 AND Gid = 34
sqlResult   map[result: count:0 state:0]
[2020-01-02 13:08:35] rtpData ------->   map[result: count:0 state:0] 
[GIN] 2020/01/02 - 13:08:35 | 200 |    3.624345ms |  192.168.66.115 | POST     /getResult
[2020-01-02 13:08:36] 自開彩開獎  {202001020789 4 40 true} 
ConfigData  map[redisDB:3 ip:192.168.88.181 password:1qaz!QAZ redisIp:192.168.88.119 redisPort:6379 charset:utf8 redisPassword:"" poolname:FA_MEM port:3306 user:fa_db database:FA_MEM]
SqlString  SELECT RTP,Amount,Bonus  FROM M_RtpSetting  WHERE Sid = 1   AND State = 1   AND LTG_Code = 4 AND Gid = 40
sqlResult   map[result: count:0 state:0]
[2020-01-02 13:08:36] rtpData ------->   map[result: count:0 state:0] 
[GIN] 2020/01/02 - 13:08:36 | 200 |    2.936309ms |  192.168.66.115 | POST     /getResult
[2020-01-02 13:08:37] 自開彩開獎  {202001020789 5 38 true} 
ConfigData  map[redisPassword:"" redisDB:3 port:3306 database:FA_MEM charset:utf8 password:1qaz!QAZ redisIp:192.168.88.119 redisPort:6379 ip:192.168.88.181 poolname:FA_MEM user:fa_db]
SqlString  SELECT RTP,Amount,Bonus  FROM M_RtpSetting  WHERE Sid = 1   AND State = 1   AND LTG_Code = 5 AND Gid = 38
sqlResult   map[result: count:0 state:0]
[2020-01-02 13:08:37] rtpData ------->   map[count:0 state:0 result:] 
[GIN] 2020/01/02 - 13:08:37 | 200 |    2.880528ms |  192.168.66.115 | POST     /getResult
[2020-01-02 13:08:37] 自開彩開獎  {202001020263 4 41 true} 
ConfigData  map[password:1qaz!QAZ database:FA_MEM charset:utf8 redisIp:192.168.88.119 redisPassword:"" poolname:FA_MEM port:3306 user:fa_db redisDB:3 ip:192.168.88.181 redisPort:6379]
SqlString  SELECT RTP,Amount,Bonus  FROM M_RtpSetting  WHERE Sid = 1   AND State = 1   AND LTG_Code = 4 AND Gid = 41
sqlResult   map[result: count:0 state:0]
[2020-01-02 13:08:37] rtpData ------->   map[result: count:0 state:0] 
[GIN] 2020/01/02 - 13:08:37 | 200 |    2.540017ms |  192.168.66.115 | POST     /getResult
[2020-01-02 13:08:39] 自開彩開獎  {202001020263 1 35 true} 
ConfigData  map[charset:utf8 redisPort:6379 poolname:FA_MEM port:3306 database:FA_MEM redisIp:192.168.88.119 redisPassword:"" redisDB:3 ip:192.168.88.181 user:fa_db password:1qaz!QAZ]
SqlString  SELECT RTP,Amount,Bonus  FROM M_RtpSetting  WHERE Sid = 1   AND State = 1   AND LTG_Code = 1 AND Gid = 35
sqlResult   map[state:0 result: count:0]
[2020-01-02 13:08:39] rtpData ------->   map[result: count:0 state:0] 
[GIN] 2020/01/02 - 13:08:39 | 200 |    2.338706ms |  192.168.66.115 | POST     /getResult
[2020-01-02 13:08:40] 自開彩開獎  {202001020789 6 36 true} 
ConfigData  map[database:FA_MEM redisPort:6379 ip:192.168.88.181 poolname:FA_MEM port:3306 user:fa_db password:1qaz!QAZ charset:utf8 redisIp:192.168.88.119 redisPassword:"" redisDB:3]
SqlString  SELECT RTP,Amount,Bonus  FROM M_RtpSetting  WHERE Sid = 1   AND State = 1   AND LTG_Code = 6 AND Gid = 36
sqlResult   map[count:0 state:0 result:]
[2020-01-02 13:08:40] rtpData ------->   map[result: count:0 state:0] 
[GIN] 2020/01/02 - 13:08:40 | 200 |    2.915073ms |  192.168.66.115 | POST     /getResult
[2020-01-02 13:08:41] 自開彩開獎  {202001020789 1 34 true} 
ConfigData  map[poolname:FA_MEM port:3306 password:1qaz!QAZ database:FA_MEM charset:utf8 redisPort:6379 redisPassword:"" redisDB:3 ip:192.168.88.181 user:fa_db redisIp:192.168.88.119]
SqlString  SELECT RTP,Amount,Bonus  FROM M_RtpSetting  WHERE Sid = 1   AND State = 1   AND LTG_Code = 1 AND Gid = 34
sqlResult   map[result: count:0 state:0]
[2020-01-02 13:08:41] rtpData ------->   map[result: count:0 state:0] 
[GIN] 2020/01/02 - 13:08:41 | 200 |    2.569013ms |  192.168.66.115 | POST     /getResult
[2020-01-02 13:08:42] 自開彩開獎  {202001020789 4 40 true} 
ConfigData  map[ip:192.168.88.181 user:fa_db redisIp:192.168.88.119 redisPort:6379 redisDB:3 poolname:FA_MEM port:3306 password:1qaz!QAZ database:FA_MEM charset:utf8 redisPassword:""]
SqlString  SELECT RTP,Amount,Bonus  FROM M_RtpSetting  WHERE Sid = 1   AND State = 1   AND LTG_Code = 4 AND Gid = 40
sqlResult   map[result: count:0 state:0]
[2020-01-02 13:08:42] rtpData ------->   map[state:0 result: count:0] 
[GIN] 2020/01/02 - 13:08:42 | 200 |    2.699359ms |  192.168.66.115 | POST     /getResult
[2020-01-02 13:08:43] 自開彩開獎  {202001020789 5 38 true} 
ConfigData  map[password:1qaz!QAZ redisIp:192.168.88.119 redisPort:6379 redisDB:3 poolname:FA_MEM port:3306 user:fa_db database:FA_MEM charset:utf8 redisPassword:"" ip:192.168.88.181]
SqlString  SELECT RTP,Amount,Bonus  FROM M_RtpSetting  WHERE Sid = 1   AND State = 1   AND LTG_Code = 5 AND Gid = 38
sqlResult   map[result: count:0 state:0]
[2020-01-02 13:08:43] rtpData ------->   map[result: count:0 state:0] 
[GIN] 2020/01/02 - 13:08:43 | 200 |      3.0314ms |  192.168.66.115 | POST     /getResult
[2020-01-02 13:08:43] 自開彩開獎  {202001020263 4 41 true} 
ConfigData  map[password:1qaz!QAZ database:FA_MEM redisIp:192.168.88.119 redisPort:6379 redisDB:3 ip:192.168.88.181 poolname:FA_MEM port:3306 user:fa_db charset:utf8 redisPassword:""]
SqlString  SELECT RTP,Amount,Bonus  FROM M_RtpSetting  WHERE Sid = 1   AND State = 1   AND LTG_Code = 4 AND Gid = 41
sqlResult   map[count:0 state:0 result:]
[2020-01-02 13:08:43] rtpData ------->   map[state:0 result: count:0] 
[GIN] 2020/01/02 - 13:08:43 | 200 |    2.358004ms |  192.168.66.115 | POST     /getResult
[2020-01-02 13:08:45] 自開彩開獎  {202001020263 1 35 true} 
ConfigData  map[poolname:FA_MEM port:3306 password:1qaz!QAZ database:FA_MEM redisPort:6379 redisDB:3 ip:192.168.88.181 user:fa_db charset:utf8 redisIp:192.168.88.119 redisPassword:""]
SqlString  SELECT RTP,Amount,Bonus  FROM M_RtpSetting  WHERE Sid = 1   AND State = 1   AND LTG_Code = 1 AND Gid = 35
sqlResult   map[result: count:0 state:0]
[2020-01-02 13:08:45] rtpData ------->   map[result: count:0 state:0] 
[GIN] 2020/01/02 - 13:08:45 | 200 |    2.511077ms |  192.168.66.115 | POST     /getResult
[2020-01-02 13:08:46] 自開彩開獎  {202001020789 6 36 true} 
ConfigData  map[poolname:FA_MEM port:3306 user:fa_db password:1qaz!QAZ database:FA_MEM redisIp:192.168.88.119 redisPort:6379 ip:192.168.88.181 redisPassword:"" redisDB:3 charset:utf8]
SqlString  SELECT RTP,Amount,Bonus  FROM M_RtpSetting  WHERE Sid = 1   AND State = 1   AND LTG_Code = 6 AND Gid = 36
sqlResult   map[state:0 result: count:0]
[2020-01-02 13:08:46] rtpData ------->   map[result: count:0 state:0] 
[GIN] 2020/01/02 - 13:08:46 | 200 |      2.3612ms |  192.168.66.115 | POST     /getResult
[2020-01-02 13:08:47] 自開彩開獎  {202001020789 1 34 true} 
ConfigData  map[database:FA_MEM redisIp:192.168.88.119 redisPort:6379 redisDB:3 ip:192.168.88.181 poolname:FA_MEM port:3306 user:fa_db password:1qaz!QAZ charset:utf8 redisPassword:""]
SqlString  SELECT RTP,Amount,Bonus  FROM M_RtpSetting  WHERE Sid = 1   AND State = 1   AND LTG_Code = 1 AND Gid = 34
sqlResult   map[result: count:0 state:0]
[2020-01-02 13:08:47] rtpData ------->   map[state:0 result: count:0] 
[GIN] 2020/01/02 - 13:08:47 | 200 |    1.921974ms |  192.168.66.115 | POST     /getResult
[2020-01-02 13:08:48] 自開彩開獎  {202001020789 4 40 true} 
ConfigData  map[user:fa_db redisIp:192.168.88.119 redisPassword:"" redisDB:3 ip:192.168.88.181 port:3306 password:1qaz!QAZ database:FA_MEM charset:utf8 redisPort:6379 poolname:FA_MEM]
SqlString  SELECT RTP,Amount,Bonus  FROM M_RtpSetting  WHERE Sid = 1   AND State = 1   AND LTG_Code = 4 AND Gid = 40
sqlResult   map[result: count:0 state:0]
[2020-01-02 13:08:48] rtpData ------->   map[result: count:0 state:0] 
[GIN] 2020/01/02 - 13:08:48 | 200 |    2.317438ms |  192.168.66.115 | POST     /getResult
[2020-01-02 13:08:49] 自開彩開獎  {202001020789 5 38 true} 
ConfigData  map[database:FA_MEM redisPort:6379 redisPassword:"" poolname:FA_MEM port:3306 user:fa_db redisIp:192.168.88.119 redisDB:3 ip:192.168.88.181 password:1qaz!QAZ charset:utf8]
SqlString  SELECT RTP,Amount,Bonus  FROM M_RtpSetting  WHERE Sid = 1   AND State = 1   AND LTG_Code = 5 AND Gid = 38
sqlResult   map[result: count:0 state:0]
[2020-01-02 13:08:49] rtpData ------->   map[count:0 state:0 result:] 
[GIN] 2020/01/02 - 13:08:49 | 200 |    2.803114ms |  192.168.66.115 | POST     /getResult
[2020-01-02 13:08:49] 自開彩開獎  {202001020263 4 41 true} 
ConfigData  map[poolname:FA_MEM port:3306 user:fa_db password:1qaz!QAZ database:FA_MEM redisIp:192.168.88.119 redisPassword:"" ip:192.168.88.181 redisPort:6379 redisDB:3 charset:utf8]
SqlString  SELECT RTP,Amount,Bonus  FROM M_RtpSetting  WHERE Sid = 1   AND State = 1   AND LTG_Code = 4 AND Gid = 41
sqlResult   map[result: count:0 state:0]
[2020-01-02 13:08:49] rtpData ------->   map[result: count:0 state:0] 
[GIN] 2020/01/02 - 13:08:49 | 200 |    2.758699ms |  192.168.66.115 | POST     /getResult
[2020-01-02 13:08:51] 自開彩開獎  {202001020263 1 35 true} 
ConfigData  map[port:3306 user:fa_db password:1qaz!QAZ redisPort:6379 ip:192.168.88.181 poolname:FA_MEM database:FA_MEM charset:utf8 redisIp:192.168.88.119 redisPassword:"" redisDB:3]
SqlString  SELECT RTP,Amount,Bonus  FROM M_RtpSetting  WHERE Sid = 1   AND State = 1   AND LTG_Code = 1 AND Gid = 35
sqlResult   map[result: count:0 state:0]
[2020-01-02 13:08:51] rtpData ------->   map[state:0 result: count:0] 
[GIN] 2020/01/02 - 13:08:51 | 200 |    2.676452ms |  192.168.66.115 | POST     /getResult
[2020-01-02 13:08:52] 自開彩開獎  {202001020789 6 36 true} 
ConfigData  map[port:3306 redisIp:192.168.88.119 redisPassword:"" poolname:FA_MEM user:fa_db password:1qaz!QAZ database:FA_MEM charset:utf8 redisPort:6379 redisDB:3 ip:192.168.88.181]
SqlString  SELECT RTP,Amount,Bonus  FROM M_RtpSetting  WHERE Sid = 1   AND State = 1   AND LTG_Code = 6 AND Gid = 36
sqlResult   map[state:0 result: count:0]
[2020-01-02 13:08:52] rtpData ------->   map[count:0 state:0 result:] 
[GIN] 2020/01/02 - 13:08:52 | 200 |    2.757604ms |  192.168.66.115 | POST     /getResult
[2020-01-02 13:08:53] 自開彩開獎  {202001020789 1 34 true} 
ConfigData  map[password:1qaz!QAZ database:FA_MEM charset:utf8 redisPort:6379 redisPassword:"" redisDB:3 ip:192.168.88.181 poolname:FA_MEM port:3306 user:fa_db redisIp:192.168.88.119]
SqlString  SELECT RTP,Amount,Bonus  FROM M_RtpSetting  WHERE Sid = 1   AND State = 1   AND LTG_Code = 1 AND Gid = 34
sqlResult   map[result: count:0 state:0]
[2020-01-02 13:08:53] rtpData ------->   map[result: count:0 state:0] 
[GIN] 2020/01/02 - 13:08:53 | 200 |     2.36142ms |  192.168.66.115 | POST     /getResult
[2020-01-02 13:08:54] 自開彩開獎  {202001020789 4 40 true} 
ConfigData  map[ip:192.168.88.181 port:3306 user:fa_db password:1qaz!QAZ database:FA_MEM charset:utf8 redisDB:3 poolname:FA_MEM redisIp:192.168.88.119 redisPort:6379 redisPassword:""]
SqlString  SELECT RTP,Amount,Bonus  FROM M_RtpSetting  WHERE Sid = 1   AND State = 1   AND LTG_Code = 4 AND Gid = 40
sqlResult   map[result: count:0 state:0]
[2020-01-02 13:08:54] rtpData ------->   map[result: count:0 state:0] 
[GIN] 2020/01/02 - 13:08:54 | 200 |    2.408866ms |  192.168.66.115 | POST     /getResult
[2020-01-02 13:08:55] 自開彩開獎  {202001020789 5 38 true} 
ConfigData  map[poolname:FA_MEM password:1qaz!QAZ database:FA_MEM redisPort:6379 redisDB:3 ip:192.168.88.181 port:3306 user:fa_db charset:utf8 redisIp:192.168.88.119 redisPassword:""]
SqlString  SELECT RTP,Amount,Bonus  FROM M_RtpSetting  WHERE Sid = 1   AND State = 1   AND LTG_Code = 5 AND Gid = 38
sqlResult   map[result: count:0 state:0]
[2020-01-02 13:08:55] rtpData ------->   map[count:0 state:0 result:] 
[GIN] 2020/01/02 - 13:08:55 | 200 |    7.083403ms |  192.168.66.115 | POST     /getResult
[2020-01-02 13:08:55] 自開彩開獎  {202001020263 4 41 true} 
ConfigData  map[redisIp:192.168.88.119 redisPort:6379 redisDB:3 user:fa_db password:1qaz!QAZ charset:utf8 database:FA_MEM redisPassword:"" ip:192.168.88.181 poolname:FA_MEM port:3306]
SqlString  SELECT RTP,Amount,Bonus  FROM M_RtpSetting  WHERE Sid = 1   AND State = 1   AND LTG_Code = 4 AND Gid = 41
sqlResult   map[result: count:0 state:0]
[2020-01-02 13:08:55] rtpData ------->   map[result: count:0 state:0] 
[GIN] 2020/01/02 - 13:08:55 | 200 |    8.599777ms |  192.168.66.115 | POST     /getResult
[2020-01-02 13:08:57] 自開彩開獎  {202001020263 1 35 true} 
ConfigData  map[redisIp:192.168.88.119 redisPort:6379 redisPassword:"" ip:192.168.88.181 charset:utf8 user:fa_db password:1qaz!QAZ database:FA_MEM redisDB:3 poolname:FA_MEM port:3306]
SqlString  SELECT RTP,Amount,Bonus  FROM M_RtpSetting  WHERE Sid = 1   AND State = 1   AND LTG_Code = 1 AND Gid = 35
sqlResult   map[result: count:0 state:0]
[2020-01-02 13:08:57] rtpData ------->   map[result: count:0 state:0] 
[GIN] 2020/01/02 - 13:08:57 | 200 |    3.012882ms |  192.168.66.115 | POST     /getResult
[2020-01-02 13:08:58] 自開彩開獎  {202001020789 6 36 true} 
ConfigData  map[poolname:FA_MEM port:3306 database:FA_MEM charset:utf8 redisPort:6379 redisPassword:"" ip:192.168.88.181 user:fa_db password:1qaz!QAZ redisIp:192.168.88.119 redisDB:3]
SqlString  SELECT RTP,Amount,Bonus  FROM M_RtpSetting  WHERE Sid = 1   AND State = 1   AND LTG_Code = 6 AND Gid = 36
sqlResult   map[result: count:0 state:0]
[2020-01-02 13:08:58] rtpData ------->   map[result: count:0 state:0] 
[GIN] 2020/01/02 - 13:08:58 | 200 |    2.615534ms |  192.168.66.115 | POST     /getResult
[2020-01-02 13:08:59] 自開彩開獎  {202001020789 1 34 true} 
ConfigData  map[password:1qaz!QAZ database:FA_MEM redisIp:192.168.88.119 poolname:FA_MEM port:3306 user:fa_db charset:utf8 redisPort:6379 redisPassword:"" redisDB:3 ip:192.168.88.181]
SqlString  SELECT RTP,Amount,Bonus  FROM M_RtpSetting  WHERE Sid = 1   AND State = 1   AND LTG_Code = 1 AND Gid = 34
sqlResult   map[result: count:0 state:0]
[2020-01-02 13:08:59] rtpData ------->   map[result: count:0 state:0] 
[GIN] 2020/01/02 - 13:08:59 | 200 |    2.466548ms |  192.168.66.115 | POST     /getResult
[2020-01-02 13:09:00] 自開彩開獎  {202001020264 6 37 true} 
ConfigData  map[redisPassword:"" redisDB:3 ip:192.168.88.181 poolname:FA_MEM port:3306 charset:utf8 redisIp:192.168.88.119 redisPort:6379 user:fa_db password:1qaz!QAZ database:FA_MEM]
SqlString  SELECT RTP,Amount,Bonus  FROM M_RtpSetting  WHERE Sid = 1   AND State = 1   AND LTG_Code = 6 AND Gid = 37
sqlResult   map[result: count:0 state:0]
[2020-01-02 13:09:00] rtpData ------->   map[result: count:0 state:0] 
[GIN] 2020/01/02 - 13:09:00 | 200 |    3.371184ms |  192.168.66.115 | POST     /getResult
[2020-01-02 13:09:00] 自開彩開獎  {202001020789 4 40 true} 
ConfigData  map[password:1qaz!QAZ redisPort:6379 redisDB:3 ip:192.168.88.181 poolname:FA_MEM database:FA_MEM charset:utf8 redisIp:192.168.88.119 redisPassword:"" port:3306 user:fa_db]
SqlString  SELECT RTP,Amount,Bonus  FROM M_RtpSetting  WHERE Sid = 1   AND State = 1   AND LTG_Code = 4 AND Gid = 40
sqlResult   map[result: count:0 state:0]
[2020-01-02 13:09:00] rtpData ------->   map[count:0 state:0 result:] 
[GIN] 2020/01/02 - 13:09:00 | 200 |    2.617413ms |  192.168.66.115 | POST     /getResult
[2020-01-02 13:09:00] 自開彩開獎  {202001020790 2 26 true} 
ConfigData  map[database:FA_MEM charset:utf8 redisPort:6379 redisPassword:"" redisDB:3 ip:192.168.88.181 poolname:FA_MEM port:3306 user:fa_db password:1qaz!QAZ redisIp:192.168.88.119]
SqlString  SELECT RTP,Amount,Bonus  FROM M_RtpSetting  WHERE Sid = 1   AND State = 1   AND LTG_Code = 2 AND Gid = 26
[2020-01-02 13:09:00] 自開彩開獎  {20200102264 2 27 true} 
ConfigData  map[poolname:FA_MEM user:fa_db charset:utf8 redisIp:192.168.88.119 redisPort:6379 redisPassword:"" redisDB:3 ip:192.168.88.181 port:3306 password:1qaz!QAZ database:FA_MEM]
SqlString  SELECT RTP,Amount,Bonus  FROM M_RtpSetting  WHERE Sid = 1   AND State = 1   AND LTG_Code = 2 AND Gid = 27
sqlResult   map[state:1 amount:105208 bonus:58491.69 result:0.9600 count:1]
[2020-01-02 13:09:00] rtpData ------->   map[state:1 amount:105208 bonus:58491.69 result:0.9600 count:1] 
ConfigData  map[ip:192.168.88.181 poolname:FA_MEM port:3306 redisPassword:"" user:fa_db password:1qaz!QAZ database:FA_MEM charset:utf8 redisIp:192.168.88.119 redisPort:6379 redisDB:3]
SELECT BO_No, BO_OrderNo , BO_User , BO_Issue  , BO_LotteryTypeGroup, BO_LotteryType, BO_Mode, BO_LotteryPlayGroup, BO_LotteryPlay , BO_LotteryContent, BO_Price, BO_RealPrice, BO_Unit, BO_Multiple , BO_BetCount  , BO_Winnings, BO_Winnings2, BO_Winnings3, BO_WinningLimit  , BO_Water , BO_BW_SourceUserId, BO_BW_BackWater, BO_BW_LimitBetCount, BO_BW_MaxAmount, BO_BW_AuditMultiple  , BO_Odds, BO_Odds2, BO_Odds3 , BO_Type, BO_Chase , BO_OpenResult, BO_OpenResult2, BO_DateDraw, BO_DateDraw2, BO_DateUpdate  FROM TS_BetOrder  WHERE BO_Cancel = 0   AND BO_CancelBackend = 0   AND BO_LotteryTypeGroup = 2 AND BO_LotteryType = 27 AND BO_Issue = 20200102264 AND BO_Collect = 0 ORDER BY BO_DateDraw ASC, BO_DateCreate ASC, BO_DateUpdate ASC, BO_No ASC ;
[2020-01-02 13:09:00] LottteryTypeGroup 2 
[2020-01-02 13:09:00] 有期號 但無注單 -------> map[amount:0 bonus:0 thisOpenResult:[5 9 9 5 0]] 
sqlResult   map[state:1 amount:1.0069588e+06 bonus:908100.71 result:0.9600 count:1]
[2020-01-02 13:09:00] rtpData ------->   map[amount:1.0069588e+06 bonus:908100.71 result:0.9600 count:1 state:1] 
ConfigData  map[poolname:FA_MEM database:FA_MEM redisIp:192.168.88.119 redisPort:6379 redisPassword:"" redisDB:3 ip:192.168.88.181 port:3306 user:fa_db password:1qaz!QAZ charset:utf8]
SELECT BO_No, BO_OrderNo , BO_User , BO_Issue  , BO_LotteryTypeGroup, BO_LotteryType, BO_Mode, BO_LotteryPlayGroup, BO_LotteryPlay , BO_LotteryContent, BO_Price, BO_RealPrice, BO_Unit, BO_Multiple , BO_BetCount  , BO_Winnings, BO_Winnings2, BO_Winnings3, BO_WinningLimit  , BO_Water , BO_BW_SourceUserId, BO_BW_BackWater, BO_BW_LimitBetCount, BO_BW_MaxAmount, BO_BW_AuditMultiple  , BO_Odds, BO_Odds2, BO_Odds3 , BO_Type, BO_Chase , BO_OpenResult, BO_OpenResult2, BO_DateDraw, BO_DateDraw2, BO_DateUpdate  FROM TS_BetOrder  WHERE BO_Cancel = 0   AND BO_CancelBackend = 0   AND BO_LotteryTypeGroup = 2 AND BO_LotteryType = 26 AND BO_Issue = 202001020790 AND BO_Collect = 0 ORDER BY BO_DateDraw ASC, BO_DateCreate ASC, BO_DateUpdate ASC, BO_No ASC ;
[GIN] 2020/01/02 - 13:09:00 | 200 |    4.859928ms |  192.168.66.115 | POST     /getResult
[2020-01-02 13:09:00] LottteryTypeGroup 2 
[2020-01-02 13:09:00] 有期號 但無注單 -------> map[amount:0 bonus:0 thisOpenResult:[9 0 7 7 5]] 
[GIN] 2020/01/02 - 13:09:00 | 200 |    7.122019ms |  192.168.66.115 | POST     /getResult
[2020-01-02 13:09:01] 自開彩開獎  {202001020789 5 38 true} 
ConfigData  map[database:FA_MEM redisPort:6379 redisDB:3 ip:192.168.88.181 poolname:FA_MEM port:3306 redisIp:192.168.88.119 redisPassword:"" user:fa_db password:1qaz!QAZ charset:utf8]
SqlString  SELECT RTP,Amount,Bonus  FROM M_RtpSetting  WHERE Sid = 1   AND State = 1   AND LTG_Code = 5 AND Gid = 38
sqlResult   map[result: count:0 state:0]
[2020-01-02 13:09:01] rtpData ------->   map[result: count:0 state:0] 
[GIN] 2020/01/02 - 13:09:01 | 200 |    2.253661ms |  192.168.66.115 | POST     /getResult
[2020-01-02 13:09:01] 自開彩開獎  {202001020263 4 41 true} 
ConfigData  map[redisIp:192.168.88.119 redisPort:6379 ip:192.168.88.181 poolname:FA_MEM user:fa_db password:1qaz!QAZ charset:utf8 port:3306 database:FA_MEM redisPassword:"" redisDB:3]
SqlString  SELECT RTP,Amount,Bonus  FROM M_RtpSetting  WHERE Sid = 1   AND State = 1   AND LTG_Code = 4 AND Gid = 41
sqlResult   map[count:0 state:0 result:]
[2020-01-02 13:09:01] rtpData ------->   map[result: count:0 state:0] 
[GIN] 2020/01/02 - 13:09:01 | 200 |     2.14387ms |  192.168.66.115 | POST     /getResult
[2020-01-02 13:09:03] 自開彩開獎  {202001020263 1 35 true} 
ConfigData  map[redisPort:6379 redisPassword:"" poolname:FA_MEM port:3306 database:FA_MEM charset:utf8 redisIp:192.168.88.119 ip:192.168.88.181 user:fa_db password:1qaz!QAZ redisDB:3]
SqlString  SELECT RTP,Amount,Bonus  FROM M_RtpSetting  WHERE Sid = 1   AND State = 1   AND LTG_Code = 1 AND Gid = 35
sqlResult   map[result: count:0 state:0]
[2020-01-02 13:09:03] rtpData ------->   map[result: count:0 state:0] 
[GIN] 2020/01/02 - 13:09:03 | 200 |    2.616474ms |  192.168.66.115 | POST     /getResult
[2020-01-02 13:09:04] 自開彩開獎  {202001020789 6 36 true} 
ConfigData  map[user:fa_db charset:utf8 redisIp:192.168.88.119 redisDB:3 database:FA_MEM redisPort:6379 redisPassword:"" ip:192.168.88.181 poolname:FA_MEM port:3306 password:1qaz!QAZ]
SqlString  SELECT RTP,Amount,Bonus  FROM M_RtpSetting  WHERE Sid = 1   AND State = 1   AND LTG_Code = 6 AND Gid = 36
sqlResult   map[result: count:0 state:0]
[2020-01-02 13:09:04] rtpData ------->   map[result: count:0 state:0] 
[GIN] 2020/01/02 - 13:09:04 | 200 |    2.684093ms |  192.168.66.115 | POST     /getResult
[2020-01-02 13:09:05] 自開彩開獎  {202001020789 1 34 true} 
ConfigData  map[password:1qaz!QAZ database:FA_MEM charset:utf8 redisIp:192.168.88.119 redisPassword:"" user:fa_db poolname:FA_MEM port:3306 redisPort:6379 redisDB:3 ip:192.168.88.181]
SqlString  SELECT RTP,Amount,Bonus  FROM M_RtpSetting  WHERE Sid = 1   AND State = 1   AND LTG_Code = 1 AND Gid = 34
sqlResult   map[result: count:0 state:0]
[2020-01-02 13:09:05] rtpData ------->   map[result: count:0 state:0] 
[GIN] 2020/01/02 - 13:09:05 | 200 |    3.508174ms |  192.168.66.115 | POST     /getResult
[2020-01-02 13:09:06] 自開彩開獎  {202001020264 6 37 true} 
ConfigData  map[poolname:FA_MEM port:3306 database:FA_MEM redisPassword:"" redisPort:6379 redisDB:3 ip:192.168.88.181 user:fa_db password:1qaz!QAZ charset:utf8 redisIp:192.168.88.119]
SqlString  SELECT RTP,Amount,Bonus  FROM M_RtpSetting  WHERE Sid = 1   AND State = 1   AND LTG_Code = 6 AND Gid = 37
sqlResult   map[result: count:0 state:0]
[2020-01-02 13:09:06] rtpData ------->   map[state:0 result: count:0] 
[GIN] 2020/01/02 - 13:09:06 | 200 |    3.083231ms |  192.168.66.115 | POST     /getResult
[2020-01-02 13:09:06] 自開彩開獎  {202001020790 4 40 true} 
ConfigData  map[ip:192.168.88.181 user:fa_db password:1qaz!QAZ database:FA_MEM redisIp:192.168.88.119 redisPassword:"" poolname:FA_MEM port:3306 charset:utf8 redisPort:6379 redisDB:3]
SqlString  SELECT RTP,Amount,Bonus  FROM M_RtpSetting  WHERE Sid = 1   AND State = 1   AND LTG_Code = 4 AND Gid = 40
sqlResult   map[result: count:0 state:0]
[2020-01-02 13:09:06] rtpData ------->   map[result: count:0 state:0] 
[GIN] 2020/01/02 - 13:09:06 | 200 |     2.97486ms |  192.168.66.115 | POST     /getResult
[2020-01-02 13:09:07] 自開彩開獎  {202001020790 5 38 true} 
ConfigData  map[poolname:FA_MEM port:3306 user:fa_db password:1qaz!QAZ database:FA_MEM charset:utf8 redisIp:192.168.88.119 redisPassword:"" ip:192.168.88.181 redisPort:6379 redisDB:3]
SqlString  SELECT RTP,Amount,Bonus  FROM M_RtpSetting  WHERE Sid = 1   AND State = 1   AND LTG_Code = 5 AND Gid = 38
sqlResult   map[result: count:0 state:0]
[2020-01-02 13:09:07] rtpData ------->   map[result: count:0 state:0] 
[GIN] 2020/01/02 - 13:09:07 | 200 |      2.7724ms |  192.168.66.115 | POST     /getResult
[2020-01-02 13:09:07] 自開彩開獎  {202001020264 4 41 true} 
ConfigData  map[redisIp:192.168.88.119 redisPort:6379 redisDB:3 port:3306 poolname:FA_MEM user:fa_db password:1qaz!QAZ database:FA_MEM charset:utf8 redisPassword:"" ip:192.168.88.181]
SqlString  SELECT RTP,Amount,Bonus  FROM M_RtpSetting  WHERE Sid = 1   AND State = 1   AND LTG_Code = 4 AND Gid = 41
sqlResult   map[result: count:0 state:0]
[2020-01-02 13:09:07] rtpData ------->   map[result: count:0 state:0] 
[GIN] 2020/01/02 - 13:09:07 | 200 |    2.630173ms |  192.168.66.115 | POST     /getResult
[2020-01-02 13:09:09] 自開彩開獎  {202001020264 1 35 true} 
ConfigData  map[poolname:FA_MEM user:fa_db password:1qaz!QAZ database:FA_MEM charset:utf8 redisPort:6379 redisPassword:"" ip:192.168.88.181 redisIp:192.168.88.119 redisDB:3 port:3306]
SqlString  SELECT RTP,Amount,Bonus  FROM M_RtpSetting  WHERE Sid = 1   AND State = 1   AND LTG_Code = 1 AND Gid = 35
sqlResult   map[result: count:0 state:0]
[2020-01-02 13:09:09] rtpData ------->   map[count:0 state:0 result:] 
[GIN] 2020/01/02 - 13:09:09 | 200 |    1.931813ms |  192.168.66.115 | POST     /getResult
[2020-01-02 13:09:10] 自開彩開獎  {202001020790 6 36 true} 
ConfigData  map[port:3306 charset:utf8 redisIp:192.168.88.119 redisPort:6379 ip:192.168.88.181 poolname:FA_MEM user:fa_db password:1qaz!QAZ database:FA_MEM redisPassword:"" redisDB:3]
SqlString  SELECT RTP,Amount,Bonus  FROM M_RtpSetting  WHERE Sid = 1   AND State = 1   AND LTG_Code = 6 AND Gid = 36
sqlResult   map[result: count:0 state:0]
[2020-01-02 13:09:10] rtpData ------->   map[result: count:0 state:0] 
[GIN] 2020/01/02 - 13:09:10 | 200 |    2.658114ms |  192.168.66.115 | POST     /getResult
[2020-01-02 13:09:11] 自開彩開獎  {202001020790 1 34 true} 
ConfigData  map[password:1qaz!QAZ charset:utf8 redisIp:192.168.88.119 redisPort:6379 redisDB:3 poolname:FA_MEM port:3306 user:fa_db ip:192.168.88.181 database:FA_MEM redisPassword:""]
SqlString  SELECT RTP,Amount,Bonus  FROM M_RtpSetting  WHERE Sid = 1   AND State = 1   AND LTG_Code = 1 AND Gid = 34
sqlResult   map[result: count:0 state:0]
[2020-01-02 13:09:11] rtpData ------->   map[result: count:0 state:0] 
[GIN] 2020/01/02 - 13:09:11 | 200 |    2.679038ms |  192.168.66.115 | POST     /getResult
[2020-01-02 13:09:12] 自開彩開獎  {202001020264 6 37 true} 
ConfigData  map[ip:192.168.88.181 port:3306 user:fa_db password:1qaz!QAZ database:FA_MEM redisIp:192.168.88.119 redisPort:6379 redisDB:3 poolname:FA_MEM charset:utf8 redisPassword:""]
SqlString  SELECT RTP,Amount,Bonus  FROM M_RtpSetting  WHERE Sid = 1   AND State = 1   AND LTG_Code = 6 AND Gid = 37
sqlResult   map[state:0 result: count:0]
[2020-01-02 13:09:12] rtpData ------->   map[result: count:0 state:0] 
[GIN] 2020/01/02 - 13:09:12 | 200 |    2.421308ms |  192.168.66.115 | POST     /getResult
[2020-01-02 13:09:12] 自開彩開獎  {202001020790 4 40 true} 
ConfigData  map[poolname:FA_MEM port:3306 user:fa_db charset:utf8 redisDB:3 redisPassword:"" ip:192.168.88.181 password:1qaz!QAZ database:FA_MEM redisIp:192.168.88.119 redisPort:6379]
SqlString  SELECT RTP,Amount,Bonus  FROM M_RtpSetting  WHERE Sid = 1   AND State = 1   AND LTG_Code = 4 AND Gid = 40
sqlResult   map[count:0 state:0 result:]
[2020-01-02 13:09:12] rtpData ------->   map[result: count:0 state:0] 
[GIN] 2020/01/02 - 13:09:12 | 200 |      2.4241ms |  192.168.66.115 | POST     /getResult
[2020-01-02 13:09:13] 自開彩開獎  {202001020790 5 38 true} 
ConfigData  map[poolname:FA_MEM port:3306 user:fa_db charset:utf8 redisPort:6379 redisPassword:"" ip:192.168.88.181 password:1qaz!QAZ database:FA_MEM redisIp:192.168.88.119 redisDB:3]
SqlString  SELECT RTP,Amount,Bonus  FROM M_RtpSetting  WHERE Sid = 1   AND State = 1   AND LTG_Code = 5 AND Gid = 38
sqlResult   map[result: count:0 state:0]
[2020-01-02 13:09:13] rtpData ------->   map[state:0 result: count:0] 
[GIN] 2020/01/02 - 13:09:13 | 200 |    2.760889ms |  192.168.66.115 | POST     /getResult
[2020-01-02 13:09:13] 自開彩開獎  {202001020264 4 41 true} 
ConfigData  map[port:3306 password:1qaz!QAZ database:FA_MEM redisIp:192.168.88.119 redisPort:6379 redisDB:3 ip:192.168.88.181 poolname:FA_MEM user:fa_db charset:utf8 redisPassword:""]
SqlString  SELECT RTP,Amount,Bonus  FROM M_RtpSetting  WHERE Sid = 1   AND State = 1   AND LTG_Code = 4 AND Gid = 41
sqlResult   map[result: count:0 state:0]
[2020-01-02 13:09:13] rtpData ------->   map[result: count:0 state:0] 
[GIN] 2020/01/02 - 13:09:13 | 200 |    2.389647ms |  192.168.66.115 | POST     /getResult
[2020-01-02 13:09:15] 自開彩開獎  {202001020264 1 35 true} 
ConfigData  map[port:3306 charset:utf8 redisDB:3 redisIp:192.168.88.119 redisPort:6379 redisPassword:"" ip:192.168.88.181 poolname:FA_MEM user:fa_db password:1qaz!QAZ database:FA_MEM]
SqlString  SELECT RTP,Amount,Bonus  FROM M_RtpSetting  WHERE Sid = 1   AND State = 1   AND LTG_Code = 1 AND Gid = 35
sqlResult   map[result: count:0 state:0]
[2020-01-02 13:09:15] rtpData ------->   map[result: count:0 state:0] 
[GIN] 2020/01/02 - 13:09:15 | 200 |    2.234067ms |  192.168.66.115 | POST     /getResult
[2020-01-02 13:09:16] 自開彩開獎  {202001020790 6 36 true} 
ConfigData  map[port:3306 database:FA_MEM redisIp:192.168.88.119 redisPassword:"" redisDB:3 ip:192.168.88.181 poolname:FA_MEM user:fa_db password:1qaz!QAZ charset:utf8 redisPort:6379]
SqlString  SELECT RTP,Amount,Bonus  FROM M_RtpSetting  WHERE Sid = 1   AND State = 1   AND LTG_Code = 6 AND Gid = 36
sqlResult   map[state:0 result: count:0]
[2020-01-02 13:09:16] rtpData ------->   map[result: count:0 state:0] 
[GIN] 2020/01/02 - 13:09:16 | 200 |    2.089057ms |  192.168.66.115 | POST     /getResult
[2020-01-02 13:09:17] 自開彩開獎  {202001020790 1 34 true} 
ConfigData  map[charset:utf8 redisIp:192.168.88.119 redisPort:6379 redisPassword:"" redisDB:3 poolname:FA_MEM user:fa_db password:1qaz!QAZ ip:192.168.88.181 port:3306 database:FA_MEM]
SqlString  SELECT RTP,Amount,Bonus  FROM M_RtpSetting  WHERE Sid = 1   AND State = 1   AND LTG_Code = 1 AND Gid = 34
sqlResult   map[result: count:0 state:0]
[2020-01-02 13:09:17] rtpData ------->   map[result: count:0 state:0] 
[GIN] 2020/01/02 - 13:09:17 | 200 |    2.482561ms |  192.168.66.115 | POST     /getResult
[2020-01-02 13:09:18] 自開彩開獎  {202001020264 6 37 true} 
ConfigData  map[user:fa_db password:1qaz!QAZ redisIp:192.168.88.119 redisDB:3 ip:192.168.88.181 poolname:FA_MEM charset:utf8 redisPort:6379 redisPassword:"" port:3306 database:FA_MEM]
SqlString  SELECT RTP,Amount,Bonus  FROM M_RtpSetting  WHERE Sid = 1   AND State = 1   AND LTG_Code = 6 AND Gid = 37
sqlResult   map[result: count:0 state:0]
[2020-01-02 13:09:18] rtpData ------->   map[result: count:0 state:0] 
[GIN] 2020/01/02 - 13:09:18 | 200 |    2.284364ms |  192.168.66.115 | POST     /getResult
[2020-01-02 13:09:18] 自開彩開獎  {202001020790 4 40 true} 
ConfigData  map[charset:utf8 redisPassword:"" redisDB:3 port:3306 poolname:FA_MEM user:fa_db password:1qaz!QAZ database:FA_MEM redisIp:192.168.88.119 redisPort:6379 ip:192.168.88.181]
SqlString  SELECT RTP,Amount,Bonus  FROM M_RtpSetting  WHERE Sid = 1   AND State = 1   AND LTG_Code = 4 AND Gid = 40
sqlResult   map[count:0 state:0 result:]
[2020-01-02 13:09:18] rtpData ------->   map[result: count:0 state:0] 
[GIN] 2020/01/02 - 13:09:18 | 200 |    3.023336ms |  192.168.66.115 | POST     /getResult
[2020-01-02 13:09:19] 自開彩開獎  {202001020790 5 38 true} 
ConfigData  map[redisIp:192.168.88.119 redisPort:6379 redisPassword:"" port:3306 user:fa_db password:1qaz!QAZ database:FA_MEM ip:192.168.88.181 poolname:FA_MEM charset:utf8 redisDB:3]
SqlString  SELECT RTP,Amount,Bonus  FROM M_RtpSetting  WHERE Sid = 1   AND State = 1   AND LTG_Code = 5 AND Gid = 38
sqlResult   map[state:0 result: count:0]
[2020-01-02 13:09:19] rtpData ------->   map[state:0 result: count:0] 
[GIN] 2020/01/02 - 13:09:19 | 200 |    2.334683ms |  192.168.66.115 | POST     /getResult
[2020-01-02 13:09:19] 自開彩開獎  {202001020264 4 41 true} 
ConfigData  map[poolname:FA_MEM port:3306 redisIp:192.168.88.119 redisPort:6379 redisPassword:"" ip:192.168.88.181 password:1qaz!QAZ database:FA_MEM charset:utf8 redisDB:3 user:fa_db]
SqlString  SELECT RTP,Amount,Bonus  FROM M_RtpSetting  WHERE Sid = 1   AND State = 1   AND LTG_Code = 4 AND Gid = 41
sqlResult   map[result: count:0 state:0]
[2020-01-02 13:09:19] rtpData ------->   map[result: count:0 state:0] 
[GIN] 2020/01/02 - 13:09:19 | 200 |    2.092219ms |  192.168.66.115 | POST     /getResult
[2020-01-02 13:09:21] 自開彩開獎  {202001020264 1 35 true} 
ConfigData  map[database:FA_MEM redisIp:192.168.88.119 redisPassword:"" ip:192.168.88.181 user:fa_db password:1qaz!QAZ redisPort:6379 redisDB:3 poolname:FA_MEM port:3306 charset:utf8]
SqlString  SELECT RTP,Amount,Bonus  FROM M_RtpSetting  WHERE Sid = 1   AND State = 1   AND LTG_Code = 1 AND Gid = 35
sqlResult   map[state:0 result: count:0]
[2020-01-02 13:09:21] rtpData ------->   map[result: count:0 state:0] 
[GIN] 2020/01/02 - 13:09:21 | 200 |    2.216538ms |  192.168.66.115 | POST     /getResult
[2020-01-02 13:09:22] 自開彩開獎  {202001020790 6 36 true} 
ConfigData  map[poolname:FA_MEM port:3306 redisPassword:"" redisDB:3 ip:192.168.88.181 user:fa_db password:1qaz!QAZ database:FA_MEM charset:utf8 redisIp:192.168.88.119 redisPort:6379]
SqlString  SELECT RTP,Amount,Bonus  FROM M_RtpSetting  WHERE Sid = 1   AND State = 1   AND LTG_Code = 6 AND Gid = 36
sqlResult   map[result: count:0 state:0]
[2020-01-02 13:09:22] rtpData ------->   map[result: count:0 state:0] 
[GIN] 2020/01/02 - 13:09:22 | 200 |     2.47129ms |  192.168.66.115 | POST     /getResult
[2020-01-02 13:09:23] 自開彩開獎  {202001020790 1 34 true} 
ConfigData  map[port:3306 database:FA_MEM charset:utf8 redisIp:192.168.88.119 ip:192.168.88.181 poolname:FA_MEM user:fa_db password:1qaz!QAZ redisPort:6379 redisPassword:"" redisDB:3]
SqlString  SELECT RTP,Amount,Bonus  FROM M_RtpSetting  WHERE Sid = 1   AND State = 1   AND LTG_Code = 1 AND Gid = 34
sqlResult   map[state:0 result: count:0]
[2020-01-02 13:09:23] rtpData ------->   map[result: count:0 state:0] 
[GIN] 2020/01/02 - 13:09:23 | 200 |    2.727433ms |  192.168.66.115 | POST     /getResult
[2020-01-02 13:09:24] 自開彩開獎  {202001020264 6 37 true} 
ConfigData  map[port:3306 user:fa_db charset:utf8 redisIp:192.168.88.119 redisPassword:"" redisDB:3 ip:192.168.88.181 poolname:FA_MEM password:1qaz!QAZ database:FA_MEM redisPort:6379]
SqlString  SELECT RTP,Amount,Bonus  FROM M_RtpSetting  WHERE Sid = 1   AND State = 1   AND LTG_Code = 6 AND Gid = 37
sqlResult   map[result: count:0 state:0]
[2020-01-02 13:09:24] rtpData ------->   map[result: count:0 state:0] 
[GIN] 2020/01/02 - 13:09:24 | 200 |    3.268088ms |  192.168.66.115 | POST     /getResult
[2020-01-02 13:09:24] 自開彩開獎  {202001020790 4 40 true} 
ConfigData  map[port:3306 user:fa_db password:1qaz!QAZ database:FA_MEM charset:utf8 redisPort:6379 ip:192.168.88.181 poolname:FA_MEM redisPassword:"" redisDB:3 redisIp:192.168.88.119]
SqlString  SELECT RTP,Amount,Bonus  FROM M_RtpSetting  WHERE Sid = 1   AND State = 1   AND LTG_Code = 4 AND Gid = 40
sqlResult   map[result: count:0 state:0]
[2020-01-02 13:09:24] rtpData ------->   map[result: count:0 state:0] 
[GIN] 2020/01/02 - 13:09:24 | 200 |     2.87943ms |  192.168.66.115 | POST     /getResult
[2020-01-02 13:09:25] 自開彩開獎  {202001020790 5 38 true} 
ConfigData  map[ip:192.168.88.181 poolname:FA_MEM password:1qaz!QAZ database:FA_MEM charset:utf8 redisPort:6379 redisPassword:"" port:3306 user:fa_db redisIp:192.168.88.119 redisDB:3]
SqlString  SELECT RTP,Amount,Bonus  FROM M_RtpSetting  WHERE Sid = 1   AND State = 1   AND LTG_Code = 5 AND Gid = 38
sqlResult   map[result: count:0 state:0]
[2020-01-02 13:09:25] rtpData ------->   map[result: count:0 state:0] 
[GIN] 2020/01/02 - 13:09:25 | 200 |    10.36249ms |  192.168.66.115 | POST     /getResult
[2020-01-02 13:09:25] 自開彩開獎  {202001020264 4 41 true} 
ConfigData  map[password:1qaz!QAZ charset:utf8 redisIp:192.168.88.119 redisDB:3 ip:192.168.88.181 poolname:FA_MEM port:3306 user:fa_db database:FA_MEM redisPort:6379 redisPassword:""]
SqlString  SELECT RTP,Amount,Bonus  FROM M_RtpSetting  WHERE Sid = 1   AND State = 1   AND LTG_Code = 4 AND Gid = 41
sqlResult   map[state:0 result: count:0]
[2020-01-02 13:09:25] rtpData ------->   map[state:0 result: count:0] 
[GIN] 2020/01/02 - 13:09:25 | 200 |    2.789402ms |  192.168.66.115 | POST     /getResult
[2020-01-02 13:09:27] 自開彩開獎  {202001020264 1 35 true} 
ConfigData  map[redisPassword:"" redisDB:3 ip:192.168.88.181 poolname:FA_MEM port:3306 password:1qaz!QAZ charset:utf8 user:fa_db database:FA_MEM redisIp:192.168.88.119 redisPort:6379]
SqlString  SELECT RTP,Amount,Bonus  FROM M_RtpSetting  WHERE Sid = 1   AND State = 1   AND LTG_Code = 1 AND Gid = 35
sqlResult   map[result: count:0 state:0]
[2020-01-02 13:09:27] rtpData ------->   map[result: count:0 state:0] 
[GIN] 2020/01/02 - 13:09:27 | 200 |    5.381022ms |  192.168.66.115 | POST     /getResult
[2020-01-02 13:09:28] 自開彩開獎  {202001020790 6 36 true} 
ConfigData  map[poolname:FA_MEM user:fa_db password:1qaz!QAZ database:FA_MEM redisIp:192.168.88.119 redisDB:3 ip:192.168.88.181 port:3306 charset:utf8 redisPort:6379 redisPassword:""]
SqlString  SELECT RTP,Amount,Bonus  FROM M_RtpSetting  WHERE Sid = 1   AND State = 1   AND LTG_Code = 6 AND Gid = 36
sqlResult   map[result: count:0 state:0]
[2020-01-02 13:09:28] rtpData ------->   map[state:0 result: count:0] 
[GIN] 2020/01/02 - 13:09:28 | 200 |    2.373104ms |  192.168.66.115 | POST     /getResult
[2020-01-02 13:09:29] 自開彩開獎  {202001020790 1 34 true} 
ConfigData  map[redisPassword:"" user:fa_db password:1qaz!QAZ database:FA_MEM charset:utf8 redisPort:6379 ip:192.168.88.181 poolname:FA_MEM port:3306 redisIp:192.168.88.119 redisDB:3]
SqlString  SELECT RTP,Amount,Bonus  FROM M_RtpSetting  WHERE Sid = 1   AND State = 1   AND LTG_Code = 1 AND Gid = 34
sqlResult   map[result: count:0 state:0]
[2020-01-02 13:09:29] rtpData ------->   map[result: count:0 state:0] 
[GIN] 2020/01/02 - 13:09:29 | 200 |    2.645826ms |  192.168.66.115 | POST     /getResult
[2020-01-02 13:09:30] 自開彩開獎  {202001020264 6 37 true} 
ConfigData  map[charset:utf8 redisPassword:"" ip:192.168.88.181 database:FA_MEM user:fa_db password:1qaz!QAZ redisIp:192.168.88.119 redisPort:6379 redisDB:3 poolname:FA_MEM port:3306]
SqlString  SELECT RTP,Amount,Bonus  FROM M_RtpSetting  WHERE Sid = 1   AND State = 1   AND LTG_Code = 6 AND Gid = 37
sqlResult   map[count:0 state:0 result:]
[2020-01-02 13:09:30] rtpData ------->   map[state:0 result: count:0] 
[GIN] 2020/01/02 - 13:09:30 | 200 |    2.518543ms |  192.168.66.115 | POST     /getResult
[2020-01-02 13:09:30] 自開彩開獎  {202001020790 4 40 true} 
ConfigData  map[redisPort:6379 redisDB:3 redisIp:192.168.88.119 ip:192.168.88.181 poolname:FA_MEM port:3306 user:fa_db password:1qaz!QAZ database:FA_MEM charset:utf8 redisPassword:""]
SqlString  SELECT RTP,Amount,Bonus  FROM M_RtpSetting  WHERE Sid = 1   AND State = 1   AND LTG_Code = 4 AND Gid = 40
sqlResult   map[result: count:0 state:0]
[2020-01-02 13:09:30] rtpData ------->   map[result: count:0 state:0] 
[GIN] 2020/01/02 - 13:09:30 | 200 |    2.381809ms |  192.168.66.115 | POST     /getResult
[2020-01-02 13:09:31] 自開彩開獎  {202001020790 5 38 true} 
ConfigData  map[ip:192.168.88.181 poolname:FA_MEM password:1qaz!QAZ database:FA_MEM charset:utf8 redisPassword:"" redisDB:3 port:3306 user:fa_db redisIp:192.168.88.119 redisPort:6379]
SqlString  SELECT RTP,Amount,Bonus  FROM M_RtpSetting  WHERE Sid = 1   AND State = 1   AND LTG_Code = 5 AND Gid = 38
sqlResult   map[result: count:0 state:0]
[2020-01-02 13:09:31] rtpData ------->   map[result: count:0 state:0] 
[GIN] 2020/01/02 - 13:09:31 | 200 |    2.631891ms |  192.168.66.115 | POST     /getResult
[2020-01-02 13:09:31] 自開彩開獎  {202001020264 4 41 true} 
ConfigData  map[redisIp:192.168.88.119 redisPassword:"" redisDB:3 ip:192.168.88.181 user:fa_db database:FA_MEM charset:utf8 poolname:FA_MEM port:3306 password:1qaz!QAZ redisPort:6379]
SqlString  SELECT RTP,Amount,Bonus  FROM M_RtpSetting  WHERE Sid = 1   AND State = 1   AND LTG_Code = 4 AND Gid = 41
sqlResult   map[result: count:0 state:0]
[2020-01-02 13:09:31] rtpData ------->   map[result: count:0 state:0] 
[GIN] 2020/01/02 - 13:09:31 | 200 |    2.801384ms |  192.168.66.115 | POST     /getResult
[2020-01-02 13:09:33] 自開彩開獎  {202001020264 1 35 true} 
ConfigData  map[redisPort:6379 redisPassword:"" poolname:FA_MEM port:3306 user:fa_db charset:utf8 redisIp:192.168.88.119 redisDB:3 ip:192.168.88.181 password:1qaz!QAZ database:FA_MEM]
SqlString  SELECT RTP,Amount,Bonus  FROM M_RtpSetting  WHERE Sid = 1   AND State = 1   AND LTG_Code = 1 AND Gid = 35
sqlResult   map[result: count:0 state:0]
[2020-01-02 13:09:33] rtpData ------->   map[result: count:0 state:0] 
[GIN] 2020/01/02 - 13:09:33 | 200 |    2.322908ms |  192.168.66.115 | POST     /getResult
[2020-01-02 13:09:34] 自開彩開獎  {202001020790 6 36 true} 
ConfigData  map[database:FA_MEM redisPort:6379 redisPassword:"" ip:192.168.88.181 port:3306 password:1qaz!QAZ redisIp:192.168.88.119 redisDB:3 poolname:FA_MEM user:fa_db charset:utf8]
SqlString  SELECT RTP,Amount,Bonus  FROM M_RtpSetting  WHERE Sid = 1   AND State = 1   AND LTG_Code = 6 AND Gid = 36
sqlResult   map[result: count:0 state:0]
[2020-01-02 13:09:34] rtpData ------->   map[result: count:0 state:0] 
[GIN] 2020/01/02 - 13:09:34 | 200 |    2.655346ms |  192.168.66.115 | POST     /getResult
[2020-01-02 13:09:35] 自開彩開獎  {202001020790 1 34 true} 
ConfigData  map[port:3306 user:fa_db password:1qaz!QAZ database:FA_MEM charset:utf8 redisPort:6379 poolname:FA_MEM redisIp:192.168.88.119 redisPassword:"" redisDB:3 ip:192.168.88.181]
SqlString  SELECT RTP,Amount,Bonus  FROM M_RtpSetting  WHERE Sid = 1   AND State = 1   AND LTG_Code = 1 AND Gid = 34
sqlResult   map[result: count:0 state:0]
[2020-01-02 13:09:35] rtpData ------->   map[result: count:0 state:0] 
[GIN] 2020/01/02 - 13:09:35 | 200 |    3.085003ms |  192.168.66.115 | POST     /getResult
[2020-01-02 13:09:36] 自開彩開獎  {202001020264 6 37 true} 
ConfigData  map[redisPort:6379 redisPassword:"" ip:192.168.88.181 poolname:FA_MEM port:3306 user:fa_db charset:utf8 redisIp:192.168.88.119 password:1qaz!QAZ database:FA_MEM redisDB:3]
SqlString  SELECT RTP,Amount,Bonus  FROM M_RtpSetting  WHERE Sid = 1   AND State = 1   AND LTG_Code = 6 AND Gid = 37
sqlResult   map[result: count:0 state:0]
[2020-01-02 13:09:36] rtpData ------->   map[state:0 result: count:0] 
[GIN] 2020/01/02 - 13:09:36 | 200 |    2.097958ms |  192.168.66.115 | POST     /getResult
[2020-01-02 13:09:36] 自開彩開獎  {202001020790 4 40 true} 
ConfigData  map[database:FA_MEM redisIp:192.168.88.119 redisPort:6379 redisDB:3 ip:192.168.88.181 port:3306 user:fa_db password:1qaz!QAZ poolname:FA_MEM charset:utf8 redisPassword:""]
SqlString  SELECT RTP,Amount,Bonus  FROM M_RtpSetting  WHERE Sid = 1   AND State = 1   AND LTG_Code = 4 AND Gid = 40
sqlResult   map[result: count:0 state:0]
[2020-01-02 13:09:36] rtpData ------->   map[state:0 result: count:0] 
[GIN] 2020/01/02 - 13:09:36 | 200 |    3.072706ms |  192.168.66.115 | POST     /getResult
[2020-01-02 13:09:37] 自開彩開獎  {202001020790 5 38 true} 
ConfigData  map[redisDB:3 password:1qaz!QAZ database:FA_MEM charset:utf8 redisIp:192.168.88.119 redisPort:6379 redisPassword:"" ip:192.168.88.181 poolname:FA_MEM port:3306 user:fa_db]
SqlString  SELECT RTP,Amount,Bonus  FROM M_RtpSetting  WHERE Sid = 1   AND State = 1   AND LTG_Code = 5 AND Gid = 38
sqlResult   map[result: count:0 state:0]
[2020-01-02 13:09:37] rtpData ------->   map[result: count:0 state:0] 
[GIN] 2020/01/02 - 13:09:37 | 200 |     2.32792ms |  192.168.66.115 | POST     /getResult
[2020-01-02 13:09:37] 自開彩開獎  {202001020264 4 41 true} 
ConfigData  map[ip:192.168.88.181 poolname:FA_MEM port:3306 user:fa_db password:1qaz!QAZ database:FA_MEM charset:utf8 redisIp:192.168.88.119 redisPort:6379 redisPassword:"" redisDB:3]
SqlString  SELECT RTP,Amount,Bonus  FROM M_RtpSetting  WHERE Sid = 1   AND State = 1   AND LTG_Code = 4 AND Gid = 41
sqlResult   map[result: count:0 state:0]
[2020-01-02 13:09:37] rtpData ------->   map[count:0 state:0 result:] 
[GIN] 2020/01/02 - 13:09:37 | 200 |    2.579197ms |  192.168.66.115 | POST     /getResult
[2020-01-02 13:09:39] 自開彩開獎  {202001020264 1 35 true} 
ConfigData  map[poolname:FA_MEM database:FA_MEM ip:192.168.88.181 port:3306 user:fa_db password:1qaz!QAZ charset:utf8 redisIp:192.168.88.119 redisPort:6379 redisPassword:"" redisDB:3]
SqlString  SELECT RTP,Amount,Bonus  FROM M_RtpSetting  WHERE Sid = 1   AND State = 1   AND LTG_Code = 1 AND Gid = 35
sqlResult   map[count:0 state:0 result:]
[2020-01-02 13:09:39] rtpData ------->   map[result: count:0 state:0] 
[GIN] 2020/01/02 - 13:09:39 | 200 |    1.843733ms |  192.168.66.115 | POST     /getResult
[2020-01-02 13:09:40] 自開彩開獎  {202001020790 6 36 true} 
ConfigData  map[ip:192.168.88.181 user:fa_db database:FA_MEM redisPassword:"" poolname:FA_MEM port:3306 password:1qaz!QAZ charset:utf8 redisIp:192.168.88.119 redisPort:6379 redisDB:3]
SqlString  SELECT RTP,Amount,Bonus  FROM M_RtpSetting  WHERE Sid = 1   AND State = 1   AND LTG_Code = 6 AND Gid = 36
sqlResult   map[state:0 result: count:0]
[2020-01-02 13:09:40] rtpData ------->   map[result: count:0 state:0] 
[GIN] 2020/01/02 - 13:09:40 | 200 |    2.727597ms |  192.168.66.115 | POST     /getResult
[2020-01-02 13:09:41] 自開彩開獎  {202001020790 1 34 true} 
ConfigData  map[ip:192.168.88.181 poolname:FA_MEM port:3306 redisPassword:"" redisDB:3 user:fa_db password:1qaz!QAZ database:FA_MEM charset:utf8 redisIp:192.168.88.119 redisPort:6379]
SqlString  SELECT RTP,Amount,Bonus  FROM M_RtpSetting  WHERE Sid = 1   AND State = 1   AND LTG_Code = 1 AND Gid = 34
sqlResult   map[count:0 state:0 result:]
[2020-01-02 13:09:41] rtpData ------->   map[result: count:0 state:0] 
[GIN] 2020/01/02 - 13:09:41 | 200 |    2.514009ms |  192.168.66.115 | POST     /getResult
[2020-01-02 13:09:42] 自開彩開獎  {202001020264 6 37 true} 
ConfigData  map[password:1qaz!QAZ database:FA_MEM charset:utf8 redisPort:6379 redisDB:3 ip:192.168.88.181 poolname:FA_MEM user:fa_db port:3306 redisIp:192.168.88.119 redisPassword:""]
SqlString  SELECT RTP,Amount,Bonus  FROM M_RtpSetting  WHERE Sid = 1   AND State = 1   AND LTG_Code = 6 AND Gid = 37
sqlResult   map[result: count:0 state:0]
[2020-01-02 13:09:42] rtpData ------->   map[count:0 state:0 result:] 
[GIN] 2020/01/02 - 13:09:42 | 200 |    3.174523ms |  192.168.66.115 | POST     /getResult
[2020-01-02 13:09:42] 自開彩開獎  {202001020790 4 40 true} 
ConfigData  map[redisDB:3 password:1qaz!QAZ database:FA_MEM port:3306 user:fa_db charset:utf8 redisIp:192.168.88.119 redisPort:6379 redisPassword:"" ip:192.168.88.181 poolname:FA_MEM]
SqlString  SELECT RTP,Amount,Bonus  FROM M_RtpSetting  WHERE Sid = 1   AND State = 1   AND LTG_Code = 4 AND Gid = 40
sqlResult   map[state:0 result: count:0]
[2020-01-02 13:09:42] rtpData ------->   map[result: count:0 state:0] 
[GIN] 2020/01/02 - 13:09:42 | 200 |    2.651385ms |  192.168.66.115 | POST     /getResult
[2020-01-02 13:09:43] 自開彩開獎  {202001020790 5 38 true} 
ConfigData  map[poolname:FA_MEM user:fa_db password:1qaz!QAZ redisPort:6379 redisDB:3 redisPassword:"" ip:192.168.88.181 port:3306 database:FA_MEM charset:utf8 redisIp:192.168.88.119]
SqlString  SELECT RTP,Amount,Bonus  FROM M_RtpSetting  WHERE Sid = 1   AND State = 1   AND LTG_Code = 5 AND Gid = 38
sqlResult   map[result: count:0 state:0]
[2020-01-02 13:09:43] rtpData ------->   map[result: count:0 state:0] 
[GIN] 2020/01/02 - 13:09:43 | 200 |    2.720887ms |  192.168.66.115 | POST     /getResult
[2020-01-02 13:09:43] 自開彩開獎  {202001020264 4 41 true} 
ConfigData  map[redisPassword:"" poolname:FA_MEM user:fa_db database:FA_MEM charset:utf8 redisIp:192.168.88.119 ip:192.168.88.181 port:3306 password:1qaz!QAZ redisPort:6379 redisDB:3]
SqlString  SELECT RTP,Amount,Bonus  FROM M_RtpSetting  WHERE Sid = 1   AND State = 1   AND LTG_Code = 4 AND Gid = 41
sqlResult   map[state:0 result: count:0]
[2020-01-02 13:09:43] rtpData ------->   map[count:0 state:0 result:] 
[GIN] 2020/01/02 - 13:09:43 | 200 |     2.97303ms |  192.168.66.115 | POST     /getResult
[2020-01-02 13:09:45] 自開彩開獎  {202001020264 1 35 true} 
ConfigData  map[port:3306 password:1qaz!QAZ redisPort:6379 charset:utf8 redisIp:192.168.88.119 redisPassword:"" redisDB:3 ip:192.168.88.181 poolname:FA_MEM user:fa_db database:FA_MEM]
SqlString  SELECT RTP,Amount,Bonus  FROM M_RtpSetting  WHERE Sid = 1   AND State = 1   AND LTG_Code = 1 AND Gid = 35
sqlResult   map[result: count:0 state:0]
[2020-01-02 13:09:45] rtpData ------->   map[state:0 result: count:0] 
[GIN] 2020/01/02 - 13:09:45 | 200 |    4.679122ms |  192.168.66.115 | POST     /getResult
[2020-01-02 13:09:46] 自開彩開獎  {202001020790 6 36 true} 
ConfigData  map[database:FA_MEM redisIp:192.168.88.119 redisPort:6379 redisDB:3 ip:192.168.88.181 port:3306 user:fa_db password:1qaz!QAZ poolname:FA_MEM charset:utf8 redisPassword:""]
SqlString  SELECT RTP,Amount,Bonus  FROM M_RtpSetting  WHERE Sid = 1   AND State = 1   AND LTG_Code = 6 AND Gid = 36
sqlResult   map[result: count:0 state:0]
[2020-01-02 13:09:46] rtpData ------->   map[result: count:0 state:0] 
[GIN] 2020/01/02 - 13:09:46 | 200 |    2.322391ms |  192.168.66.115 | POST     /getResult
[2020-01-02 13:09:47] 自開彩開獎  {202001020790 1 34 true} 
ConfigData  map[port:3306 user:fa_db password:1qaz!QAZ database:FA_MEM redisIp:192.168.88.119 redisPort:6379 redisPassword:"" ip:192.168.88.181 poolname:FA_MEM charset:utf8 redisDB:3]
SqlString  SELECT RTP,Amount,Bonus  FROM M_RtpSetting  WHERE Sid = 1   AND State = 1   AND LTG_Code = 1 AND Gid = 34
sqlResult   map[result: count:0 state:0]
[2020-01-02 13:09:47] rtpData ------->   map[state:0 result: count:0] 
[GIN] 2020/01/02 - 13:09:47 | 200 |    2.052895ms |  192.168.66.115 | POST     /getResult
[2020-01-02 13:09:48] 自開彩開獎  {202001020264 6 37 true} 
ConfigData  map[poolname:FA_MEM password:1qaz!QAZ redisPort:6379 redisDB:3 ip:192.168.88.181 port:3306 user:fa_db database:FA_MEM charset:utf8 redisIp:192.168.88.119 redisPassword:""]
SqlString  SELECT RTP,Amount,Bonus  FROM M_RtpSetting  WHERE Sid = 1   AND State = 1   AND LTG_Code = 6 AND Gid = 37
sqlResult   map[result: count:0 state:0]
[2020-01-02 13:09:48] rtpData ------->   map[result: count:0 state:0] 
[GIN] 2020/01/02 - 13:09:48 | 200 |    1.934104ms |  192.168.66.115 | POST     /getResult
[2020-01-02 13:09:48] 自開彩開獎  {202001020790 4 40 true} 
ConfigData  map[port:3306 password:1qaz!QAZ database:FA_MEM redisIp:192.168.88.119 redisPort:6379 redisPassword:"" redisDB:3 ip:192.168.88.181 poolname:FA_MEM user:fa_db charset:utf8]
SqlString  SELECT RTP,Amount,Bonus  FROM M_RtpSetting  WHERE Sid = 1   AND State = 1   AND LTG_Code = 4 AND Gid = 40
sqlResult   map[result: count:0 state:0]
[2020-01-02 13:09:48] rtpData ------->   map[result: count:0 state:0] 
[GIN] 2020/01/02 - 13:09:48 | 200 |    3.074335ms |  192.168.66.115 | POST     /getResult
[2020-01-02 13:09:49] 自開彩開獎  {202001020790 5 38 true} 
ConfigData  map[redisPassword:"" redisDB:3 port:3306 user:fa_db password:1qaz!QAZ database:FA_MEM charset:utf8 redisPort:6379 ip:192.168.88.181 poolname:FA_MEM redisIp:192.168.88.119]
SqlString  SELECT RTP,Amount,Bonus  FROM M_RtpSetting  WHERE Sid = 1   AND State = 1   AND LTG_Code = 5 AND Gid = 38
sqlResult   map[result: count:0 state:0]
[2020-01-02 13:09:49] rtpData ------->   map[count:0 state:0 result:] 
[GIN] 2020/01/02 - 13:09:49 | 200 |    2.683395ms |  192.168.66.115 | POST     /getResult
[2020-01-02 13:09:49] 自開彩開獎  {202001020264 4 41 true} 
ConfigData  map[ip:192.168.88.181 poolname:FA_MEM password:1qaz!QAZ charset:utf8 redisPort:6379 port:3306 user:fa_db database:FA_MEM redisIp:192.168.88.119 redisPassword:"" redisDB:3]
SqlString  SELECT RTP,Amount,Bonus  FROM M_RtpSetting  WHERE Sid = 1   AND State = 1   AND LTG_Code = 4 AND Gid = 41
sqlResult   map[result: count:0 state:0]
[2020-01-02 13:09:49] rtpData ------->   map[result: count:0 state:0] 
[GIN] 2020/01/02 - 13:09:49 | 200 |    3.054903ms |  192.168.66.115 | POST     /getResult
[2020-01-02 13:09:51] 自開彩開獎  {202001020264 1 35 true} 
ConfigData  map[redisIp:192.168.88.119 redisPort:6379 redisPassword:"" redisDB:3 ip:192.168.88.181 charset:utf8 user:fa_db password:1qaz!QAZ database:FA_MEM poolname:FA_MEM port:3306]
SqlString  SELECT RTP,Amount,Bonus  FROM M_RtpSetting  WHERE Sid = 1   AND State = 1   AND LTG_Code = 1 AND Gid = 35
sqlResult   map[count:0 state:0 result:]
[2020-01-02 13:09:51] rtpData ------->   map[result: count:0 state:0] 
[GIN] 2020/01/02 - 13:09:51 | 200 |    3.295935ms |  192.168.66.115 | POST     /getResult
[2020-01-02 13:09:52] 自開彩開獎  {202001020790 6 36 true} 
ConfigData  map[user:fa_db password:1qaz!QAZ charset:utf8 redisPassword:"" poolname:FA_MEM port:3306 redisIp:192.168.88.119 redisPort:6379 redisDB:3 ip:192.168.88.181 database:FA_MEM]
SqlString  SELECT RTP,Amount,Bonus  FROM M_RtpSetting  WHERE Sid = 1   AND State = 1   AND LTG_Code = 6 AND Gid = 36
sqlResult   map[result: count:0 state:0]
[2020-01-02 13:09:52] rtpData ------->   map[result: count:0 state:0] 
[GIN] 2020/01/02 - 13:09:52 | 200 |    3.285322ms |  192.168.66.115 | POST     /getResult
[2020-01-02 13:09:53] 自開彩開獎  {202001020790 1 34 true} 
ConfigData  map[charset:utf8 poolname:FA_MEM port:3306 user:fa_db password:1qaz!QAZ database:FA_MEM redisIp:192.168.88.119 redisPort:6379 ip:192.168.88.181 redisDB:3 redisPassword:""]
SqlString  SELECT RTP,Amount,Bonus  FROM M_RtpSetting  WHERE Sid = 1   AND State = 1   AND LTG_Code = 1 AND Gid = 34
sqlResult   map[result: count:0 state:0]
[2020-01-02 13:09:53] rtpData ------->   map[result: count:0 state:0] 
[GIN] 2020/01/02 - 13:09:53 | 200 |    3.134772ms |  192.168.66.115 | POST     /getResult
[2020-01-02 13:09:54] 自開彩開獎  {202001020264 6 37 true} 
ConfigData  map[poolname:FA_MEM password:1qaz!QAZ database:FA_MEM charset:utf8 redisPort:6379 redisPassword:"" ip:192.168.88.181 port:3306 user:fa_db redisIp:192.168.88.119 redisDB:3]
SqlString  SELECT RTP,Amount,Bonus  FROM M_RtpSetting  WHERE Sid = 1   AND State = 1   AND LTG_Code = 6 AND Gid = 37
sqlResult   map[result: count:0 state:0]
[2020-01-02 13:09:54] rtpData ------->   map[result: count:0 state:0] 
[GIN] 2020/01/02 - 13:09:54 | 200 |    2.592744ms |  192.168.66.115 | POST     /getResult
[2020-01-02 13:09:54] 自開彩開獎  {202001020790 4 40 true} 
ConfigData  map[redisPort:6379 redisPassword:"" redisDB:3 ip:192.168.88.181 poolname:FA_MEM password:1qaz!QAZ database:FA_MEM charset:utf8 redisIp:192.168.88.119 port:3306 user:fa_db]
SqlString  SELECT RTP,Amount,Bonus  FROM M_RtpSetting  WHERE Sid = 1   AND State = 1   AND LTG_Code = 4 AND Gid = 40
sqlResult   map[result: count:0 state:0]
[2020-01-02 13:09:54] rtpData ------->   map[count:0 state:0 result:] 
[GIN] 2020/01/02 - 13:09:54 | 200 |    2.707658ms |  192.168.66.115 | POST     /getResult
[2020-01-02 13:09:55] 自開彩開獎  {202001020790 5 38 true} 
ConfigData  map[port:3306 user:fa_db charset:utf8 redisIp:192.168.88.119 redisDB:3 redisPassword:"" ip:192.168.88.181 poolname:FA_MEM password:1qaz!QAZ database:FA_MEM redisPort:6379]
SqlString  SELECT RTP,Amount,Bonus  FROM M_RtpSetting  WHERE Sid = 1   AND State = 1   AND LTG_Code = 5 AND Gid = 38
sqlResult   map[state:0 result: count:0]
[2020-01-02 13:09:55] rtpData ------->   map[result: count:0 state:0] 
[GIN] 2020/01/02 - 13:09:55 | 200 |    3.006191ms |  192.168.66.115 | POST     /getResult
[2020-01-02 13:09:55] 自開彩開獎  {202001020264 4 41 true} 
ConfigData  map[user:fa_db password:1qaz!QAZ database:FA_MEM redisIp:192.168.88.119 redisPassword:"" redisDB:3 port:3306 poolname:FA_MEM charset:utf8 redisPort:6379 ip:192.168.88.181]
SqlString  SELECT RTP,Amount,Bonus  FROM M_RtpSetting  WHERE Sid = 1   AND State = 1   AND LTG_Code = 4 AND Gid = 41
sqlResult   map[result: count:0 state:0]
[2020-01-02 13:09:55] rtpData ------->   map[result: count:0 state:0] 
[GIN] 2020/01/02 - 13:09:55 | 200 |    2.964843ms |  192.168.66.115 | POST     /getResult
[2020-01-02 13:09:57] 自開彩開獎  {202001020264 1 35 true} 
ConfigData  map[database:FA_MEM redisIp:192.168.88.119 redisDB:3 ip:192.168.88.181 port:3306 user:fa_db password:1qaz!QAZ poolname:FA_MEM charset:utf8 redisPort:6379 redisPassword:""]
SqlString  SELECT RTP,Amount,Bonus  FROM M_RtpSetting  WHERE Sid = 1   AND State = 1   AND LTG_Code = 1 AND Gid = 35
sqlResult   map[count:0 state:0 result:]
[2020-01-02 13:09:57] rtpData ------->   map[result: count:0 state:0] 
[GIN] 2020/01/02 - 13:09:57 | 200 |      3.3752ms |  192.168.66.115 | POST     /getResult
[2020-01-02 13:09:58] 自開彩開獎  {202001020790 6 36 true} 
ConfigData  map[user:fa_db charset:utf8 redisPassword:"" ip:192.168.88.181 poolname:FA_MEM port:3306 password:1qaz!QAZ database:FA_MEM redisIp:192.168.88.119 redisPort:6379 redisDB:3]
SqlString  SELECT RTP,Amount,Bonus  FROM M_RtpSetting  WHERE Sid = 1   AND State = 1   AND LTG_Code = 6 AND Gid = 36
sqlResult   map[result: count:0 state:0]
[2020-01-02 13:09:58] rtpData ------->   map[result: count:0 state:0] 
[GIN] 2020/01/02 - 13:09:58 | 200 |    2.706536ms |  192.168.66.115 | POST     /getResult
[2020-01-02 13:09:59] 自開彩開獎  {202001020790 1 34 true} 
ConfigData  map[redisDB:3 ip:192.168.88.181 user:fa_db redisIp:192.168.88.119 redisPassword:"" charset:utf8 redisPort:6379 poolname:FA_MEM port:3306 password:1qaz!QAZ database:FA_MEM]
SqlString  SELECT RTP,Amount,Bonus  FROM M_RtpSetting  WHERE Sid = 1   AND State = 1   AND LTG_Code = 1 AND Gid = 34
sqlResult   map[result: count:0 state:0]
[2020-01-02 13:09:59] rtpData ------->   map[state:0 result: count:0] 
[GIN] 2020/01/02 - 13:09:59 | 200 |      3.0357ms |  192.168.66.115 | POST     /getResult
[2020-01-02 13:10:00] 自開彩開獎  {202001020264 6 37 true} 
ConfigData  map[charset:utf8 redisPort:6379 redisDB:3 port:3306 poolname:FA_MEM user:fa_db password:1qaz!QAZ database:FA_MEM redisIp:192.168.88.119 redisPassword:"" ip:192.168.88.181]
SqlString  SELECT RTP,Amount,Bonus  FROM M_RtpSetting  WHERE Sid = 1   AND State = 1   AND LTG_Code = 6 AND Gid = 37
sqlResult   map[result: count:0 state:0]
[2020-01-02 13:10:00] rtpData ------->   map[result: count:0 state:0] 
[GIN] 2020/01/02 - 13:10:00 | 200 |    2.377999ms |  192.168.66.115 | POST     /getResult
[2020-01-02 13:10:00] 自開彩開獎  {202001020159 5 39 true} 
ConfigData  map[ip:192.168.88.181 poolname:FA_MEM port:3306 user:fa_db charset:utf8 redisIp:192.168.88.119 redisDB:3 password:1qaz!QAZ database:FA_MEM redisPort:6379 redisPassword:""]
SqlString  SELECT RTP,Amount,Bonus  FROM M_RtpSetting  WHERE Sid = 1   AND State = 1   AND LTG_Code = 5 AND Gid = 39
sqlResult   map[result: count:0 state:0]
[2020-01-02 13:10:00] rtpData ------->   map[result: count:0 state:0] 
[GIN] 2020/01/02 - 13:10:00 | 200 |    2.564424ms |  192.168.66.115 | POST     /getResult
[2020-01-02 13:10:00] 自開彩開獎  {202001020790 4 40 true} 
ConfigData  map[redisPassword:"" redisDB:3 user:fa_db database:FA_MEM charset:utf8 redisPort:6379 redisIp:192.168.88.119 ip:192.168.88.181 poolname:FA_MEM port:3306 password:1qaz!QAZ]
SqlString  SELECT RTP,Amount,Bonus  FROM M_RtpSetting  WHERE Sid = 1   AND State = 1   AND LTG_Code = 4 AND Gid = 40
sqlResult   map[state:0 result: count:0]
[2020-01-02 13:10:00] rtpData ------->   map[state:0 result: count:0] 
[GIN] 2020/01/02 - 13:10:00 | 200 |    3.337321ms |  192.168.66.115 | POST     /getResult
[2020-01-02 13:10:00] 自開彩開獎  {202001020791 2 26 true} 
ConfigData  map[port:3306 user:fa_db database:FA_MEM charset:utf8 redisPort:6379 redisDB:3 poolname:FA_MEM password:1qaz!QAZ redisIp:192.168.88.119 redisPassword:"" ip:192.168.88.181]
SqlString  SELECT RTP,Amount,Bonus  FROM M_RtpSetting  WHERE Sid = 1   AND State = 1   AND LTG_Code = 2 AND Gid = 26
[2020-01-02 13:10:00] 自開彩開獎  {20200102159 2 28 true} 
ConfigData  map[charset:utf8 redisIp:192.168.88.119 redisPort:6379 poolname:FA_MEM password:1qaz!QAZ user:fa_db database:FA_MEM redisPassword:"" redisDB:3 ip:192.168.88.181 port:3306]
SqlString  SELECT RTP,Amount,Bonus  FROM M_RtpSetting  WHERE Sid = 1   AND State = 1   AND LTG_Code = 2 AND Gid = 28
sqlResult   map[result:0.9600 count:1 state:1 amount:1.0069588e+06 bonus:908100.71]
[2020-01-02 13:10:00] rtpData ------->   map[result:0.9600 count:1 state:1 amount:1.0069588e+06 bonus:908100.71] 
ConfigData  map[redisPort:6379 redisPassword:"" redisDB:3 port:3306 user:fa_db password:1qaz!QAZ database:FA_MEM redisIp:192.168.88.119 ip:192.168.88.181 poolname:FA_MEM charset:utf8]
sqlResult   map[state:1 amount:234518 bonus:161148.41 result:0.9600 count:1]
[2020-01-02 13:10:00] rtpData ------->   map[result:0.9600 count:1 state:1 amount:234518 bonus:161148.41] 
ConfigData  map[poolname:FA_MEM port:3306 database:FA_MEM charset:utf8 redisPort:6379 ip:192.168.88.181 password:1qaz!QAZ redisIp:192.168.88.119 redisPassword:"" redisDB:3 user:fa_db]
SELECT BO_No, BO_OrderNo , BO_User , BO_Issue  , BO_LotteryTypeGroup, BO_LotteryType, BO_Mode, BO_LotteryPlayGroup, BO_LotteryPlay , BO_LotteryContent, BO_Price, BO_RealPrice, BO_Unit, BO_Multiple , BO_BetCount  , BO_Winnings, BO_Winnings2, BO_Winnings3, BO_WinningLimit  , BO_Water , BO_BW_SourceUserId, BO_BW_BackWater, BO_BW_LimitBetCount, BO_BW_MaxAmount, BO_BW_AuditMultiple  , BO_Odds, BO_Odds2, BO_Odds3 , BO_Type, BO_Chase , BO_OpenResult, BO_OpenResult2, BO_DateDraw, BO_DateDraw2, BO_DateUpdate  FROM TS_BetOrder  WHERE BO_Cancel = 0   AND BO_CancelBackend = 0   AND BO_LotteryTypeGroup = 2 AND BO_LotteryType = 28 AND BO_Issue = 20200102159 AND BO_Collect = 0 ORDER BY BO_DateDraw ASC, BO_DateCreate ASC, BO_DateUpdate ASC, BO_No ASC ;
SELECT BO_No, BO_OrderNo , BO_User , BO_Issue  , BO_LotteryTypeGroup, BO_LotteryType, BO_Mode, BO_LotteryPlayGroup, BO_LotteryPlay , BO_LotteryContent, BO_Price, BO_RealPrice, BO_Unit, BO_Multiple , BO_BetCount  , BO_Winnings, BO_Winnings2, BO_Winnings3, BO_WinningLimit  , BO_Water , BO_BW_SourceUserId, BO_BW_BackWater, BO_BW_LimitBetCount, BO_BW_MaxAmount, BO_BW_AuditMultiple  , BO_Odds, BO_Odds2, BO_Odds3 , BO_Type, BO_Chase , BO_OpenResult, BO_OpenResult2, BO_DateDraw, BO_DateDraw2, BO_DateUpdate  FROM TS_BetOrder  WHERE BO_Cancel = 0   AND BO_CancelBackend = 0   AND BO_LotteryTypeGroup = 2 AND BO_LotteryType = 26 AND BO_Issue = 202001020791 AND BO_Collect = 0 ORDER BY BO_DateDraw ASC, BO_DateCreate ASC, BO_DateUpdate ASC, BO_No ASC ;
[2020-01-02 13:10:00] LottteryTypeGroup 2 
[2020-01-02 13:10:00] 有期號 但無注單 -------> map[amount:0 bonus:0 thisOpenResult:[3 3 3 9 9]] 
[2020-01-02 13:10:00] LottteryTypeGroup 2 
[2020-01-02 13:10:00] 有期號 但無注單 -------> map[amount:0 bonus:0 thisOpenResult:[9 8 2 6 9]] 
[GIN] 2020/01/02 - 13:10:00 | 200 |    5.120869ms |  192.168.66.115 | POST     /getResult
[GIN] 2020/01/02 - 13:10:00 | 200 |     5.14765ms |  192.168.66.115 | POST     /getResult
[2020-01-02 13:10:01] 自開彩開獎  {202001020790 5 38 true} 
ConfigData  map[poolname:FA_MEM user:fa_db database:FA_MEM charset:utf8 redisIp:192.168.88.119 redisDB:3 ip:192.168.88.181 password:1qaz!QAZ redisPort:6379 redisPassword:"" port:3306]
SqlString  SELECT RTP,Amount,Bonus  FROM M_RtpSetting  WHERE Sid = 1   AND State = 1   AND LTG_Code = 5 AND Gid = 38
sqlResult   map[result: count:0 state:0]
[2020-01-02 13:10:01] rtpData ------->   map[state:0 result: count:0] 
[GIN] 2020/01/02 - 13:10:01 | 200 |     2.63166ms |  192.168.66.115 | POST     /getResult
[2020-01-02 13:10:01] 自開彩開獎  {202001020264 4 41 true} 
ConfigData  map[ip:192.168.88.181 user:fa_db database:FA_MEM charset:utf8 redisPort:6379 redisDB:3 poolname:FA_MEM port:3306 password:1qaz!QAZ redisIp:192.168.88.119 redisPassword:""]
SqlString  SELECT RTP,Amount,Bonus  FROM M_RtpSetting  WHERE Sid = 1   AND State = 1   AND LTG_Code = 4 AND Gid = 41
sqlResult   map[result: count:0 state:0]
[2020-01-02 13:10:01] rtpData ------->   map[result: count:0 state:0] 
[GIN] 2020/01/02 - 13:10:01 | 200 |    2.363274ms |  192.168.66.115 | POST     /getResult
[2020-01-02 13:10:03] 自開彩開獎  {202001020264 1 35 true} 
ConfigData  map[database:FA_MEM charset:utf8 redisIp:192.168.88.119 redisPort:6379 ip:192.168.88.181 port:3306 password:1qaz!QAZ redisPassword:"" redisDB:3 poolname:FA_MEM user:fa_db]
SqlString  SELECT RTP,Amount,Bonus  FROM M_RtpSetting  WHERE Sid = 1   AND State = 1   AND LTG_Code = 1 AND Gid = 35
sqlResult   map[result: count:0 state:0]
[2020-01-02 13:10:03] rtpData ------->   map[result: count:0 state:0] 
[GIN] 2020/01/02 - 13:10:03 | 200 |    3.104979ms |  192.168.66.115 | POST     /getResult
[2020-01-02 13:10:04] 自開彩開獎  {202001020790 6 36 true} 
ConfigData  map[redisPort:6379 redisDB:3 user:fa_db password:1qaz!QAZ database:FA_MEM charset:utf8 redisPassword:"" ip:192.168.88.181 poolname:FA_MEM port:3306 redisIp:192.168.88.119]
SqlString  SELECT RTP,Amount,Bonus  FROM M_RtpSetting  WHERE Sid = 1   AND State = 1   AND LTG_Code = 6 AND Gid = 36
sqlResult   map[result: count:0 state:0]
[2020-01-02 13:10:04] rtpData ------->   map[result: count:0 state:0] 
[GIN] 2020/01/02 - 13:10:04 | 200 |    2.822488ms |  192.168.66.115 | POST     /getResult
[2020-01-02 13:10:05] 自開彩開獎  {202001020790 1 34 true} 
ConfigData  map[ip:192.168.88.181 poolname:FA_MEM user:fa_db password:1qaz!QAZ charset:utf8 redisDB:3 port:3306 database:FA_MEM redisIp:192.168.88.119 redisPort:6379 redisPassword:""]
SqlString  SELECT RTP,Amount,Bonus  FROM M_RtpSetting  WHERE Sid = 1   AND State = 1   AND LTG_Code = 1 AND Gid = 34
sqlResult   map[count:0 state:0 result:]
[2020-01-02 13:10:05] rtpData ------->   map[result: count:0 state:0] 
[GIN] 2020/01/02 - 13:10:05 | 200 |    3.639344ms |  192.168.66.115 | POST     /getResult
[2020-01-02 13:10:06] 自開彩開獎  {202001020159 5 39 true} 
ConfigData  map[redisPort:6379 ip:192.168.88.181 user:fa_db database:FA_MEM charset:utf8 redisPassword:"" redisDB:3 poolname:FA_MEM port:3306 password:1qaz!QAZ redisIp:192.168.88.119]
SqlString  SELECT RTP,Amount,Bonus  FROM M_RtpSetting  WHERE Sid = 1   AND State = 1   AND LTG_Code = 5 AND Gid = 39
sqlResult   map[state:0 result: count:0]
[2020-01-02 13:10:06] rtpData ------->   map[count:0 state:0 result:] 
[GIN] 2020/01/02 - 13:10:06 | 200 |    2.104185ms |  192.168.66.115 | POST     /getResult
[2020-01-02 13:10:06] 自開彩開獎  {202001020791 4 40 true} 
ConfigData  map[ip:192.168.88.181 poolname:FA_MEM user:fa_db database:FA_MEM charset:utf8 redisIp:192.168.88.119 redisDB:3 port:3306 password:1qaz!QAZ redisPort:6379 redisPassword:""]
SqlString  SELECT RTP,Amount,Bonus  FROM M_RtpSetting  WHERE Sid = 1   AND State = 1   AND LTG_Code = 4 AND Gid = 40
sqlResult   map[result: count:0 state:0]
[2020-01-02 13:10:06] rtpData ------->   map[result: count:0 state:0] 
[GIN] 2020/01/02 - 13:10:06 | 200 |    2.204041ms |  192.168.66.115 | POST     /getResult
[2020-01-02 13:10:07] 自開彩開獎  {202001020791 5 38 true} 
ConfigData  map[ip:192.168.88.181 password:1qaz!QAZ redisIp:192.168.88.119 database:FA_MEM charset:utf8 redisPort:6379 redisPassword:"" redisDB:3 poolname:FA_MEM port:3306 user:fa_db]
SqlString  SELECT RTP,Amount,Bonus  FROM M_RtpSetting  WHERE Sid = 1   AND State = 1   AND LTG_Code = 5 AND Gid = 38
sqlResult   map[result: count:0 state:0]
[2020-01-02 13:10:07] rtpData ------->   map[result: count:0 state:0] 
[GIN] 2020/01/02 - 13:10:07 | 200 |    2.696446ms |  192.168.66.115 | POST     /getResult
[2020-01-02 13:10:07] 自開彩開獎  {202001020264 4 41 true} 
ConfigData  map[port:3306 user:fa_db database:FA_MEM charset:utf8 redisPassword:"" redisDB:3 poolname:FA_MEM password:1qaz!QAZ redisIp:192.168.88.119 redisPort:6379 ip:192.168.88.181]
SqlString  SELECT RTP,Amount,Bonus  FROM M_RtpSetting  WHERE Sid = 1   AND State = 1   AND LTG_Code = 4 AND Gid = 41
sqlResult   map[result: count:0 state:0]
[2020-01-02 13:10:07] rtpData ------->   map[state:0 result: count:0] 
[GIN] 2020/01/02 - 13:10:07 | 200 |    2.316452ms |  192.168.66.115 | POST     /getResult
[2020-01-02 13:10:09] 自開彩開獎  {202001020264 1 35 true} 
ConfigData  map[redisDB:3 ip:192.168.88.181 user:fa_db password:1qaz!QAZ database:FA_MEM charset:utf8 redisIp:192.168.88.119 poolname:FA_MEM port:3306 redisPort:6379 redisPassword:""]
SqlString  SELECT RTP,Amount,Bonus  FROM M_RtpSetting  WHERE Sid = 1   AND State = 1   AND LTG_Code = 1 AND Gid = 35
sqlResult   map[result: count:0 state:0]
[2020-01-02 13:10:09] rtpData ------->   map[result: count:0 state:0] 
[GIN] 2020/01/02 - 13:10:09 | 200 |    2.615259ms |  192.168.66.115 | POST     /getResult
[2020-01-02 13:10:10] 自開彩開獎  {202001020791 6 36 true} 
ConfigData  map[poolname:FA_MEM port:3306 database:FA_MEM redisPort:6379 redisPassword:"" redisDB:3 ip:192.168.88.181 user:fa_db password:1qaz!QAZ charset:utf8 redisIp:192.168.88.119]
SqlString  SELECT RTP,Amount,Bonus  FROM M_RtpSetting  WHERE Sid = 1   AND State = 1   AND LTG_Code = 6 AND Gid = 36
sqlResult   map[state:0 result: count:0]
[2020-01-02 13:10:10] rtpData ------->   map[result: count:0 state:0] 
[GIN] 2020/01/02 - 13:10:10 | 200 |    2.364787ms |  192.168.66.115 | POST     /getResult
[2020-01-02 13:10:11] 自開彩開獎  {202001020791 1 34 true} 
ConfigData  map[user:fa_db password:1qaz!QAZ database:FA_MEM charset:utf8 redisDB:3 ip:192.168.88.181 poolname:FA_MEM redisPort:6379 redisPassword:"" port:3306 redisIp:192.168.88.119]
SqlString  SELECT RTP,Amount,Bonus  FROM M_RtpSetting  WHERE Sid = 1   AND State = 1   AND LTG_Code = 1 AND Gid = 34
sqlResult   map[state:0 result: count:0]
[2020-01-02 13:10:11] rtpData ------->   map[result: count:0 state:0] 
[GIN] 2020/01/02 - 13:10:11 | 200 |     2.94222ms |  192.168.66.115 | POST     /getResult
[2020-01-02 13:10:12] 自開彩開獎  {202001020159 5 39 true} 
ConfigData  map[user:fa_db password:1qaz!QAZ database:FA_MEM charset:utf8 redisPassword:"" port:3306 poolname:FA_MEM redisIp:192.168.88.119 redisPort:6379 redisDB:3 ip:192.168.88.181]
SqlString  SELECT RTP,Amount,Bonus  FROM M_RtpSetting  WHERE Sid = 1   AND State = 1   AND LTG_Code = 5 AND Gid = 39
sqlResult   map[result: count:0 state:0]
[2020-01-02 13:10:12] rtpData ------->   map[result: count:0 state:0] 
[GIN] 2020/01/02 - 13:10:12 | 200 |    2.398356ms |  192.168.66.115 | POST     /getResult
[2020-01-02 13:10:12] 自開彩開獎  {202001020791 4 40 true} 
ConfigData  map[redisDB:3 ip:192.168.88.181 poolname:FA_MEM redisPassword:"" database:FA_MEM charset:utf8 redisIp:192.168.88.119 redisPort:6379 port:3306 user:fa_db password:1qaz!QAZ]
SqlString  SELECT RTP,Amount,Bonus  FROM M_RtpSetting  WHERE Sid = 1   AND State = 1   AND LTG_Code = 4 AND Gid = 40
sqlResult   map[result: count:0 state:0]
[2020-01-02 13:10:12] rtpData ------->   map[result: count:0 state:0] 
[GIN] 2020/01/02 - 13:10:12 | 200 |    2.429666ms |  192.168.66.115 | POST     /getResult
[2020-01-02 13:10:13] 自開彩開獎  {202001020791 5 38 true} 
ConfigData  map[user:fa_db charset:utf8 redisIp:192.168.88.119 redisPassword:"" ip:192.168.88.181 port:3306 database:FA_MEM redisPort:6379 redisDB:3 poolname:FA_MEM password:1qaz!QAZ]
SqlString  SELECT RTP,Amount,Bonus  FROM M_RtpSetting  WHERE Sid = 1   AND State = 1   AND LTG_Code = 5 AND Gid = 38
sqlResult   map[result: count:0 state:0]
[2020-01-02 13:10:13] rtpData ------->   map[result: count:0 state:0] 
[GIN] 2020/01/02 - 13:10:13 | 200 |     3.10967ms |  192.168.66.115 | POST     /getResult
[2020-01-02 13:10:13] 自開彩開獎  {202001020264 4 41 true} 
ConfigData  map[port:3306 user:fa_db database:FA_MEM charset:utf8 redisIp:192.168.88.119 redisPort:6379 redisPassword:"" ip:192.168.88.181 poolname:FA_MEM password:1qaz!QAZ redisDB:3]
SqlString  SELECT RTP,Amount,Bonus  FROM M_RtpSetting  WHERE Sid = 1   AND State = 1   AND LTG_Code = 4 AND Gid = 41
sqlResult   map[count:0 state:0 result:]
[2020-01-02 13:10:13] rtpData ------->   map[count:0 state:0 result:] 
[GIN] 2020/01/02 - 13:10:13 | 200 |    2.715403ms |  192.168.66.115 | POST     /getResult
[2020-01-02 13:10:15] 自開彩開獎  {202001020264 1 35 true} 
ConfigData  map[ip:192.168.88.181 poolname:FA_MEM port:3306 password:1qaz!QAZ redisIp:192.168.88.119 redisPassword:"" redisDB:3 user:fa_db database:FA_MEM charset:utf8 redisPort:6379]
SqlString  SELECT RTP,Amount,Bonus  FROM M_RtpSetting  WHERE Sid = 1   AND State = 1   AND LTG_Code = 1 AND Gid = 35
sqlResult   map[result: count:0 state:0]
[2020-01-02 13:10:15] rtpData ------->   map[result: count:0 state:0] 
[GIN] 2020/01/02 - 13:10:15 | 200 |    2.937856ms |  192.168.66.115 | POST     /getResult
[2020-01-02 13:10:16] 自開彩開獎  {202001020791 6 36 true} 
ConfigData  map[ip:192.168.88.181 port:3306 user:fa_db charset:utf8 redisPort:6379 redisPassword:"" redisDB:3 poolname:FA_MEM password:1qaz!QAZ database:FA_MEM redisIp:192.168.88.119]
SqlString  SELECT RTP,Amount,Bonus  FROM M_RtpSetting  WHERE Sid = 1   AND State = 1   AND LTG_Code = 6 AND Gid = 36
sqlResult   map[result: count:0 state:0]
[2020-01-02 13:10:16] rtpData ------->   map[result: count:0 state:0] 
[GIN] 2020/01/02 - 13:10:16 | 200 |    2.627792ms |  192.168.66.115 | POST     /getResult
[2020-01-02 13:10:17] 自開彩開獎  {202001020791 1 34 true} 
ConfigData  map[port:3306 database:FA_MEM charset:utf8 redisDB:3 poolname:FA_MEM user:fa_db password:1qaz!QAZ redisIp:192.168.88.119 redisPort:6379 redisPassword:"" ip:192.168.88.181]
SqlString  SELECT RTP,Amount,Bonus  FROM M_RtpSetting  WHERE Sid = 1   AND State = 1   AND LTG_Code = 1 AND Gid = 34
sqlResult   map[result: count:0 state:0]
[2020-01-02 13:10:17] rtpData ------->   map[state:0 result: count:0] 
[GIN] 2020/01/02 - 13:10:17 | 200 |    2.514758ms |  192.168.66.115 | POST     /getResult
[2020-01-02 13:10:18] 自開彩開獎  {202001020159 5 39 true} 
ConfigData  map[ip:192.168.88.181 port:3306 user:fa_db charset:utf8 redisPassword:"" poolname:FA_MEM password:1qaz!QAZ database:FA_MEM redisIp:192.168.88.119 redisPort:6379 redisDB:3]
SqlString  SELECT RTP,Amount,Bonus  FROM M_RtpSetting  WHERE Sid = 1   AND State = 1   AND LTG_Code = 5 AND Gid = 39
sqlResult   map[result: count:0 state:0]
[2020-01-02 13:10:18] rtpData ------->   map[result: count:0 state:0] 
[GIN] 2020/01/02 - 13:10:18 | 200 |    1.718136ms |  192.168.66.115 | POST     /getResult
[2020-01-02 13:10:18] 自開彩開獎  {202001020791 4 40 true} 
ConfigData  map[database:FA_MEM charset:utf8 redisPort:6379 redisPassword:"" redisDB:3 ip:192.168.88.181 poolname:FA_MEM port:3306 user:fa_db password:1qaz!QAZ redisIp:192.168.88.119]
SqlString  SELECT RTP,Amount,Bonus  FROM M_RtpSetting  WHERE Sid = 1   AND State = 1   AND LTG_Code = 4 AND Gid = 40
sqlResult   map[count:0 state:0 result:]
[2020-01-02 13:10:18] rtpData ------->   map[result: count:0 state:0] 
[GIN] 2020/01/02 - 13:10:18 | 200 |    2.414917ms |  192.168.66.115 | POST     /getResult
[2020-01-02 13:10:19] 自開彩開獎  {202001020791 5 38 true} 
ConfigData  map[ip:192.168.88.181 poolname:FA_MEM port:3306 password:1qaz!QAZ database:FA_MEM redisIp:192.168.88.119 redisPassword:"" user:fa_db charset:utf8 redisPort:6379 redisDB:3]
SqlString  SELECT RTP,Amount,Bonus  FROM M_RtpSetting  WHERE Sid = 1   AND State = 1   AND LTG_Code = 5 AND Gid = 38
sqlResult   map[result: count:0 state:0]
[2020-01-02 13:10:19] rtpData ------->   map[result: count:0 state:0] 
[GIN] 2020/01/02 - 13:10:19 | 200 |    2.404622ms |  192.168.66.115 | POST     /getResult
[2020-01-02 13:10:19] 自開彩開獎  {202001020264 4 41 true} 
ConfigData  map[database:FA_MEM redisIp:192.168.88.119 redisPassword:"" redisDB:3 redisPort:6379 ip:192.168.88.181 poolname:FA_MEM port:3306 user:fa_db password:1qaz!QAZ charset:utf8]
SqlString  SELECT RTP,Amount,Bonus  FROM M_RtpSetting  WHERE Sid = 1   AND State = 1   AND LTG_Code = 4 AND Gid = 41
sqlResult   map[state:0 result: count:0]
[2020-01-02 13:10:19] rtpData ------->   map[result: count:0 state:0] 
[GIN] 2020/01/02 - 13:10:19 | 200 |    2.367146ms |  192.168.66.115 | POST     /getResult
[2020-01-02 13:10:21] 自開彩開獎  {202001020264 1 35 true} 
ConfigData  map[redisDB:3 ip:192.168.88.181 database:FA_MEM redisPort:6379 redisPassword:"" charset:utf8 redisIp:192.168.88.119 poolname:FA_MEM port:3306 user:fa_db password:1qaz!QAZ]
SqlString  SELECT RTP,Amount,Bonus  FROM M_RtpSetting  WHERE Sid = 1   AND State = 1   AND LTG_Code = 1 AND Gid = 35
sqlResult   map[result: count:0 state:0]
[2020-01-02 13:10:21] rtpData ------->   map[count:0 state:0 result:] 
[GIN] 2020/01/02 - 13:10:21 | 200 |    2.912808ms |  192.168.66.115 | POST     /getResult
[2020-01-02 13:10:22] 自開彩開獎  {202001020791 6 36 true} 
ConfigData  map[redisPassword:"" redisDB:3 ip:192.168.88.181 user:fa_db database:FA_MEM redisPort:6379 redisIp:192.168.88.119 poolname:FA_MEM port:3306 password:1qaz!QAZ charset:utf8]
SqlString  SELECT RTP,Amount,Bonus  FROM M_RtpSetting  WHERE Sid = 1   AND State = 1   AND LTG_Code = 6 AND Gid = 36
sqlResult   map[result: count:0 state:0]
[2020-01-02 13:10:22] rtpData ------->   map[result: count:0 state:0] 
[GIN] 2020/01/02 - 13:10:22 | 200 |    2.248643ms |  192.168.66.115 | POST     /getResult
[2020-01-02 13:10:23] 自開彩開獎  {202001020791 1 34 true} 
ConfigData  map[charset:utf8 redisPassword:"" user:fa_db database:FA_MEM port:3306 password:1qaz!QAZ redisIp:192.168.88.119 redisPort:6379 redisDB:3 ip:192.168.88.181 poolname:FA_MEM]
SqlString  SELECT RTP,Amount,Bonus  FROM M_RtpSetting  WHERE Sid = 1   AND State = 1   AND LTG_Code = 1 AND Gid = 34
sqlResult   map[result: count:0 state:0]
[2020-01-02 13:10:23] rtpData ------->   map[result: count:0 state:0] 
[GIN] 2020/01/02 - 13:10:23 | 200 |    3.244782ms |  192.168.66.115 | POST     /getResult
[2020-01-02 13:10:24] 自開彩開獎  {202001020159 5 39 true} 
ConfigData  map[redisIp:192.168.88.119 redisDB:3 user:fa_db password:1qaz!QAZ port:3306 database:FA_MEM charset:utf8 redisPort:6379 redisPassword:"" ip:192.168.88.181 poolname:FA_MEM]
SqlString  SELECT RTP,Amount,Bonus  FROM M_RtpSetting  WHERE Sid = 1   AND State = 1   AND LTG_Code = 5 AND Gid = 39
sqlResult   map[state:0 result: count:0]
[2020-01-02 13:10:24] rtpData ------->   map[result: count:0 state:0] 
[GIN] 2020/01/02 - 13:10:24 | 200 |    2.178532ms |  192.168.66.115 | POST     /getResult
[2020-01-02 13:10:24] 自開彩開獎  {202001020791 4 40 true} 
ConfigData  map[redisPort:6379 redisPassword:"" poolname:FA_MEM port:3306 database:FA_MEM charset:utf8 redisIp:192.168.88.119 ip:192.168.88.181 user:fa_db password:1qaz!QAZ redisDB:3]
SqlString  SELECT RTP,Amount,Bonus  FROM M_RtpSetting  WHERE Sid = 1   AND State = 1   AND LTG_Code = 4 AND Gid = 40
sqlResult   map[result: count:0 state:0]
[2020-01-02 13:10:24] rtpData ------->   map[result: count:0 state:0] 
[GIN] 2020/01/02 - 13:10:24 | 200 |    2.049065ms |  192.168.66.115 | POST     /getResult
[2020-01-02 13:10:25] 自開彩開獎  {202001020791 5 38 true} 
ConfigData  map[poolname:FA_MEM user:fa_db password:1qaz!QAZ redisPort:6379 redisPassword:"" ip:192.168.88.181 port:3306 database:FA_MEM charset:utf8 redisIp:192.168.88.119 redisDB:3]
SqlString  SELECT RTP,Amount,Bonus  FROM M_RtpSetting  WHERE Sid = 1   AND State = 1   AND LTG_Code = 5 AND Gid = 38
sqlResult   map[result: count:0 state:0]
[2020-01-02 13:10:25] rtpData ------->   map[result: count:0 state:0] 
[GIN] 2020/01/02 - 13:10:25 | 200 |     2.28534ms |  192.168.66.115 | POST     /getResult
[2020-01-02 13:10:25] 自開彩開獎  {202001020264 4 41 true} 
ConfigData  map[database:FA_MEM charset:utf8 redisPassword:"" ip:192.168.88.181 password:1qaz!QAZ user:fa_db redisIp:192.168.88.119 redisPort:6379 redisDB:3 poolname:FA_MEM port:3306]
SqlString  SELECT RTP,Amount,Bonus  FROM M_RtpSetting  WHERE Sid = 1   AND State = 1   AND LTG_Code = 4 AND Gid = 41
sqlResult   map[result: count:0 state:0]
[2020-01-02 13:10:25] rtpData ------->   map[state:0 result: count:0] 
[GIN] 2020/01/02 - 13:10:25 | 200 |     2.78386ms |  192.168.66.115 | POST     /getResult
[2020-01-02 13:10:27] 自開彩開獎  {202001020264 1 35 true} 
ConfigData  map[poolname:FA_MEM port:3306 user:fa_db redisIp:192.168.88.119 ip:192.168.88.181 password:1qaz!QAZ database:FA_MEM charset:utf8 redisPort:6379 redisPassword:"" redisDB:3]
SqlString  SELECT RTP,Amount,Bonus  FROM M_RtpSetting  WHERE Sid = 1   AND State = 1   AND LTG_Code = 1 AND Gid = 35
sqlResult   map[result: count:0 state:0]
[2020-01-02 13:10:27] rtpData ------->   map[result: count:0 state:0] 
[GIN] 2020/01/02 - 13:10:27 | 200 |    2.764518ms |  192.168.66.115 | POST     /getResult
[2020-01-02 13:10:28] 自開彩開獎  {202001020791 6 36 true} 
ConfigData  map[poolname:FA_MEM port:3306 database:FA_MEM charset:utf8 redisIp:192.168.88.119 redisPort:6379 redisDB:3 ip:192.168.88.181 user:fa_db password:1qaz!QAZ redisPassword:""]
SqlString  SELECT RTP,Amount,Bonus  FROM M_RtpSetting  WHERE Sid = 1   AND State = 1   AND LTG_Code = 6 AND Gid = 36
sqlResult   map[state:0 result: count:0]
[2020-01-02 13:10:28] rtpData ------->   map[result: count:0 state:0] 
[GIN] 2020/01/02 - 13:10:28 | 200 |    2.951003ms |  192.168.66.115 | POST     /getResult
[2020-01-02 13:10:29] 自開彩開獎  {202001020791 1 34 true} 
ConfigData  map[ip:192.168.88.181 poolname:FA_MEM user:fa_db charset:utf8 redisDB:3 port:3306 password:1qaz!QAZ database:FA_MEM redisIp:192.168.88.119 redisPort:6379 redisPassword:""]
SqlString  SELECT RTP,Amount,Bonus  FROM M_RtpSetting  WHERE Sid = 1   AND State = 1   AND LTG_Code = 1 AND Gid = 34
sqlResult   map[result: count:0 state:0]
[2020-01-02 13:10:29] rtpData ------->   map[result: count:0 state:0] 
[GIN] 2020/01/02 - 13:10:29 | 200 |    2.544099ms |  192.168.66.115 | POST     /getResult
[2020-01-02 13:10:30] 自開彩開獎  {202001020159 5 39 true} 
ConfigData  map[port:3306 user:fa_db password:1qaz!QAZ database:FA_MEM redisIp:192.168.88.119 ip:192.168.88.181 charset:utf8 redisPort:6379 redisPassword:"" redisDB:3 poolname:FA_MEM]
SqlString  SELECT RTP,Amount,Bonus  FROM M_RtpSetting  WHERE Sid = 1   AND State = 1   AND LTG_Code = 5 AND Gid = 39
sqlResult   map[count:0 state:0 result:]
[2020-01-02 13:10:30] rtpData ------->   map[result: count:0 state:0] 
[GIN] 2020/01/02 - 13:10:30 | 200 |    1.942968ms |  192.168.66.115 | POST     /getResult
[2020-01-02 13:10:30] 自開彩開獎  {202001020791 4 40 true} 
ConfigData  map[password:1qaz!QAZ database:FA_MEM charset:utf8 redisIp:192.168.88.119 redisPort:6379 redisPassword:"" redisDB:3 ip:192.168.88.181 poolname:FA_MEM port:3306 user:fa_db]
SqlString  SELECT RTP,Amount,Bonus  FROM M_RtpSetting  WHERE Sid = 1   AND State = 1   AND LTG_Code = 4 AND Gid = 40
sqlResult   map[state:0 result: count:0]
[2020-01-02 13:10:30] rtpData ------->   map[result: count:0 state:0] 
[GIN] 2020/01/02 - 13:10:30 | 200 |    2.135194ms |  192.168.66.115 | POST     /getResult
[2020-01-02 13:10:31] 自開彩開獎  {202001020791 5 38 true} 
ConfigData  map[charset:utf8 poolname:FA_MEM port:3306 database:FA_MEM redisIp:192.168.88.119 redisPort:6379 redisPassword:"" redisDB:3 ip:192.168.88.181 user:fa_db password:1qaz!QAZ]
SqlString  SELECT RTP,Amount,Bonus  FROM M_RtpSetting  WHERE Sid = 1   AND State = 1   AND LTG_Code = 5 AND Gid = 38
sqlResult   map[result: count:0 state:0]
[2020-01-02 13:10:31] rtpData ------->   map[result: count:0 state:0] 
[GIN] 2020/01/02 - 13:10:31 | 200 |    1.722146ms |  192.168.66.115 | POST     /getResult
[2020-01-02 13:10:31] 自開彩開獎  {202001020264 4 41 true} 
ConfigData  map[ip:192.168.88.181 port:3306 database:FA_MEM charset:utf8 redisPort:6379 redisPassword:"" redisDB:3 poolname:FA_MEM user:fa_db password:1qaz!QAZ redisIp:192.168.88.119]
SqlString  SELECT RTP,Amount,Bonus  FROM M_RtpSetting  WHERE Sid = 1   AND State = 1   AND LTG_Code = 4 AND Gid = 41
sqlResult   map[result: count:0 state:0]
[2020-01-02 13:10:31] rtpData ------->   map[result: count:0 state:0] 
[GIN] 2020/01/02 - 13:10:31 | 200 |    2.507731ms |  192.168.66.115 | POST     /getResult
[2020-01-02 13:10:33] 自開彩開獎  {202001020264 1 35 true} 
ConfigData  map[password:1qaz!QAZ database:FA_MEM redisIp:192.168.88.119 redisPassword:"" ip:192.168.88.181 poolname:FA_MEM charset:utf8 redisPort:6379 redisDB:3 port:3306 user:fa_db]
SqlString  SELECT RTP,Amount,Bonus  FROM M_RtpSetting  WHERE Sid = 1   AND State = 1   AND LTG_Code = 1 AND Gid = 35
sqlResult   map[result: count:0 state:0]
[2020-01-02 13:10:33] rtpData ------->   map[count:0 state:0 result:] 
[GIN] 2020/01/02 - 13:10:33 | 200 |     2.65041ms |  192.168.66.115 | POST     /getResult
[2020-01-02 13:10:34] 自開彩開獎  {202001020791 6 36 true} 
ConfigData  map[ip:192.168.88.181 poolname:FA_MEM password:1qaz!QAZ redisDB:3 port:3306 user:fa_db database:FA_MEM charset:utf8 redisIp:192.168.88.119 redisPort:6379 redisPassword:""]
SqlString  SELECT RTP,Amount,Bonus  FROM M_RtpSetting  WHERE Sid = 1   AND State = 1   AND LTG_Code = 6 AND Gid = 36
sqlResult   map[result: count:0 state:0]
[2020-01-02 13:10:34] rtpData ------->   map[result: count:0 state:0] 
[GIN] 2020/01/02 - 13:10:34 | 200 |    2.586275ms |  192.168.66.115 | POST     /getResult
[2020-01-02 13:10:35] 自開彩開獎  {202001020791 1 34 true} 
ConfigData  map[database:FA_MEM charset:utf8 redisIp:192.168.88.119 redisPort:6379 redisPassword:"" port:3306 user:fa_db password:1qaz!QAZ ip:192.168.88.181 poolname:FA_MEM redisDB:3]
SqlString  SELECT RTP,Amount,Bonus  FROM M_RtpSetting  WHERE Sid = 1   AND State = 1   AND LTG_Code = 1 AND Gid = 34
sqlResult   map[result: count:0 state:0]
[2020-01-02 13:10:35] rtpData ------->   map[result: count:0 state:0] 
[GIN] 2020/01/02 - 13:10:35 | 200 |    3.171616ms |  192.168.66.115 | POST     /getResult
[2020-01-02 13:10:36] 自開彩開獎  {202001020159 5 39 true} 
ConfigData  map[password:1qaz!QAZ charset:utf8 redisIp:192.168.88.119 redisPassword:"" redisDB:3 ip:192.168.88.181 port:3306 user:fa_db database:FA_MEM redisPort:6379 poolname:FA_MEM]
SqlString  SELECT RTP,Amount,Bonus  FROM M_RtpSetting  WHERE Sid = 1   AND State = 1   AND LTG_Code = 5 AND Gid = 39
sqlResult   map[result: count:0 state:0]
[2020-01-02 13:10:36] rtpData ------->   map[count:0 state:0 result:] 
[GIN] 2020/01/02 - 13:10:36 | 200 |    3.578194ms |  192.168.66.115 | POST     /getResult
[2020-01-02 13:10:36] 自開彩開獎  {202001020791 4 40 true} 
ConfigData  map[password:1qaz!QAZ charset:utf8 redisPort:6379 redisPassword:"" port:3306 poolname:FA_MEM user:fa_db database:FA_MEM redisIp:192.168.88.119 redisDB:3 ip:192.168.88.181]
SqlString  SELECT RTP,Amount,Bonus  FROM M_RtpSetting  WHERE Sid = 1   AND State = 1   AND LTG_Code = 4 AND Gid = 40
sqlResult   map[state:0 result: count:0]
[2020-01-02 13:10:36] rtpData ------->   map[result: count:0 state:0] 
[GIN] 2020/01/02 - 13:10:36 | 200 |    2.488217ms |  192.168.66.115 | POST     /getResult
[2020-01-02 13:10:37] 自開彩開獎  {202001020791 5 38 true} 
ConfigData  map[database:FA_MEM charset:utf8 redisIp:192.168.88.119 redisPort:6379 redisPassword:"" port:3306 password:1qaz!QAZ user:fa_db redisDB:3 ip:192.168.88.181 poolname:FA_MEM]
SqlString  SELECT RTP,Amount,Bonus  FROM M_RtpSetting  WHERE Sid = 1   AND State = 1   AND LTG_Code = 5 AND Gid = 38
sqlResult   map[result: count:0 state:0]
[2020-01-02 13:10:37] rtpData ------->   map[state:0 result: count:0] 
[GIN] 2020/01/02 - 13:10:37 | 200 |    2.369734ms |  192.168.66.115 | POST     /getResult
[2020-01-02 13:10:37] 自開彩開獎  {202001020264 4 41 true} 
ConfigData  map[port:3306 password:1qaz!QAZ database:FA_MEM charset:utf8 redisIp:192.168.88.119 redisPort:6379 redisPassword:"" poolname:FA_MEM user:fa_db redisDB:3 ip:192.168.88.181]
SqlString  SELECT RTP,Amount,Bonus  FROM M_RtpSetting  WHERE Sid = 1   AND State = 1   AND LTG_Code = 4 AND Gid = 41
sqlResult   map[count:0 state:0 result:]
[2020-01-02 13:10:37] rtpData ------->   map[result: count:0 state:0] 
[GIN] 2020/01/02 - 13:10:37 | 200 |    2.012124ms |  192.168.66.115 | POST     /getResult
[2020-01-02 13:10:39] 自開彩開獎  {202001020264 1 35 true} 
ConfigData  map[port:3306 redisDB:3 ip:192.168.88.181 poolname:FA_MEM database:FA_MEM charset:utf8 redisIp:192.168.88.119 redisPort:6379 redisPassword:"" user:fa_db password:1qaz!QAZ]
SqlString  SELECT RTP,Amount,Bonus  FROM M_RtpSetting  WHERE Sid = 1   AND State = 1   AND LTG_Code = 1 AND Gid = 35
sqlResult   map[result: count:0 state:0]
[2020-01-02 13:10:39] rtpData ------->   map[result: count:0 state:0] 
[GIN] 2020/01/02 - 13:10:39 | 200 |     2.67402ms |  192.168.66.115 | POST     /getResult
[2020-01-02 13:10:40] 自開彩開獎  {202001020791 6 36 true} 
ConfigData  map[password:1qaz!QAZ redisIp:192.168.88.119 redisPort:6379 redisPassword:"" ip:192.168.88.181 poolname:FA_MEM port:3306 user:fa_db database:FA_MEM charset:utf8 redisDB:3]
SqlString  SELECT RTP,Amount,Bonus  FROM M_RtpSetting  WHERE Sid = 1   AND State = 1   AND LTG_Code = 6 AND Gid = 36
sqlResult   map[result: count:0 state:0]
[2020-01-02 13:10:40] rtpData ------->   map[count:0 state:0 result:] 
[GIN] 2020/01/02 - 13:10:40 | 200 |    2.965261ms |  192.168.66.115 | POST     /getResult
[2020-01-02 13:10:41] 自開彩開獎  {202001020791 1 34 true} 
ConfigData  map[redisIp:192.168.88.119 redisPort:6379 redisPassword:"" ip:192.168.88.181 user:fa_db password:1qaz!QAZ database:FA_MEM charset:utf8 poolname:FA_MEM port:3306 redisDB:3]
SqlString  SELECT RTP,Amount,Bonus  FROM M_RtpSetting  WHERE Sid = 1   AND State = 1   AND LTG_Code = 1 AND Gid = 34
sqlResult   map[state:0 result: count:0]
[2020-01-02 13:10:41] rtpData ------->   map[result: count:0 state:0] 
[GIN] 2020/01/02 - 13:10:41 | 200 |     2.68617ms |  192.168.66.115 | POST     /getResult
[2020-01-02 13:10:42] 自開彩開獎  {202001020159 5 39 true} 
ConfigData  map[database:FA_MEM redisIp:192.168.88.119 redisPort:6379 redisPassword:"" poolname:FA_MEM port:3306 password:1qaz!QAZ charset:utf8 redisDB:3 ip:192.168.88.181 user:fa_db]
SqlString  SELECT RTP,Amount,Bonus  FROM M_RtpSetting  WHERE Sid = 1   AND State = 1   AND LTG_Code = 5 AND Gid = 39
sqlResult   map[result: count:0 state:0]
[2020-01-02 13:10:42] rtpData ------->   map[result: count:0 state:0] 
[GIN] 2020/01/02 - 13:10:42 | 200 |    2.218218ms |  192.168.66.115 | POST     /getResult
[2020-01-02 13:10:42] 自開彩開獎  {202001020791 4 40 true} 
ConfigData  map[port:3306 database:FA_MEM charset:utf8 redisIp:192.168.88.119 redisPort:6379 poolname:FA_MEM user:fa_db password:1qaz!QAZ redisPassword:"" redisDB:3 ip:192.168.88.181]
SqlString  SELECT RTP,Amount,Bonus  FROM M_RtpSetting  WHERE Sid = 1   AND State = 1   AND LTG_Code = 4 AND Gid = 40
sqlResult   map[result: count:0 state:0]
[2020-01-02 13:10:42] rtpData ------->   map[result: count:0 state:0] 
[GIN] 2020/01/02 - 13:10:42 | 200 |    2.503493ms |  192.168.66.115 | POST     /getResult
[2020-01-02 13:10:43] 自開彩開獎  {202001020791 5 38 true} 
ConfigData  map[ip:192.168.88.181 port:3306 user:fa_db redisIp:192.168.88.119 redisPort:6379 redisPassword:"" redisDB:3 poolname:FA_MEM password:1qaz!QAZ database:FA_MEM charset:utf8]
SqlString  SELECT RTP,Amount,Bonus  FROM M_RtpSetting  WHERE Sid = 1   AND State = 1   AND LTG_Code = 5 AND Gid = 38
sqlResult   map[count:0 state:0 result:]
[2020-01-02 13:10:43] rtpData ------->   map[result: count:0 state:0] 
[GIN] 2020/01/02 - 13:10:43 | 200 |    2.481651ms |  192.168.66.115 | POST     /getResult
[2020-01-02 13:10:43] 自開彩開獎  {202001020264 4 41 true} 
ConfigData  map[ip:192.168.88.181 port:3306 user:fa_db charset:utf8 redisIp:192.168.88.119 redisPassword:"" redisDB:3 poolname:FA_MEM password:1qaz!QAZ database:FA_MEM redisPort:6379]
SqlString  SELECT RTP,Amount,Bonus  FROM M_RtpSetting  WHERE Sid = 1   AND State = 1   AND LTG_Code = 4 AND Gid = 41
sqlResult   map[result: count:0 state:0]
[2020-01-02 13:10:43] rtpData ------->   map[count:0 state:0 result:] 
[GIN] 2020/01/02 - 13:10:43 | 200 |    2.690283ms |  192.168.66.115 | POST     /getResult
[2020-01-02 13:10:45] 自開彩開獎  {202001020264 1 35 true} 
ConfigData  map[port:3306 user:fa_db charset:utf8 redisIp:192.168.88.119 redisPort:6379 redisDB:3 ip:192.168.88.181 poolname:FA_MEM redisPassword:"" password:1qaz!QAZ database:FA_MEM]
SqlString  SELECT RTP,Amount,Bonus  FROM M_RtpSetting  WHERE Sid = 1   AND State = 1   AND LTG_Code = 1 AND Gid = 35
sqlResult   map[result: count:0 state:0]
[2020-01-02 13:10:45] rtpData ------->   map[result: count:0 state:0] 
[GIN] 2020/01/02 - 13:10:45 | 200 |    2.340056ms |  192.168.66.115 | POST     /getResult
[2020-01-02 13:10:46] 自開彩開獎  {202001020791 6 36 true} 
ConfigData  map[database:FA_MEM redisPassword:"" ip:192.168.88.181 port:3306 user:fa_db password:1qaz!QAZ charset:utf8 redisIp:192.168.88.119 redisPort:6379 redisDB:3 poolname:FA_MEM]
SqlString  SELECT RTP,Amount,Bonus  FROM M_RtpSetting  WHERE Sid = 1   AND State = 1   AND LTG_Code = 6 AND Gid = 36
sqlResult   map[state:0 result: count:0]
[2020-01-02 13:10:46] rtpData ------->   map[state:0 result: count:0] 
[GIN] 2020/01/02 - 13:10:46 | 200 |    2.603937ms |  192.168.66.115 | POST     /getResult
[2020-01-02 13:10:47] 自開彩開獎  {202001020791 1 34 true} 
ConfigData  map[charset:utf8 redisIp:192.168.88.119 redisPort:6379 redisPassword:"" poolname:FA_MEM port:3306 user:fa_db database:FA_MEM redisDB:3 ip:192.168.88.181 password:1qaz!QAZ]
SqlString  SELECT RTP,Amount,Bonus  FROM M_RtpSetting  WHERE Sid = 1   AND State = 1   AND LTG_Code = 1 AND Gid = 34
sqlResult   map[result: count:0 state:0]
[2020-01-02 13:10:47] rtpData ------->   map[result: count:0 state:0] 
[GIN] 2020/01/02 - 13:10:47 | 200 |    2.393567ms |  192.168.66.115 | POST     /getResult
[2020-01-02 13:10:48] 自開彩開獎  {202001020159 5 39 true} 
ConfigData  map[poolname:FA_MEM port:3306 user:fa_db password:1qaz!QAZ database:FA_MEM charset:utf8 redisPassword:"" ip:192.168.88.181 redisIp:192.168.88.119 redisPort:6379 redisDB:3]
SqlString  SELECT RTP,Amount,Bonus  FROM M_RtpSetting  WHERE Sid = 1   AND State = 1   AND LTG_Code = 5 AND Gid = 39
sqlResult   map[result: count:0 state:0]
[2020-01-02 13:10:48] rtpData ------->   map[result: count:0 state:0] 
[GIN] 2020/01/02 - 13:10:48 | 200 |    4.421437ms |  192.168.66.115 | POST     /getResult
[2020-01-02 13:10:48] 自開彩開獎  {202001020791 4 40 true} 
ConfigData  map[port:3306 user:fa_db database:FA_MEM redisIp:192.168.88.119 redisPort:6379 redisPassword:"" ip:192.168.88.181 poolname:FA_MEM password:1qaz!QAZ charset:utf8 redisDB:3]
SqlString  SELECT RTP,Amount,Bonus  FROM M_RtpSetting  WHERE Sid = 1   AND State = 1   AND LTG_Code = 4 AND Gid = 40
sqlResult   map[count:0 state:0 result:]
[2020-01-02 13:10:48] rtpData ------->   map[result: count:0 state:0] 
[GIN] 2020/01/02 - 13:10:48 | 200 |    2.075787ms |  192.168.66.115 | POST     /getResult
[2020-01-02 13:10:49] 自開彩開獎  {202001020791 5 38 true} 
ConfigData  map[redisDB:3 ip:192.168.88.181 password:1qaz!QAZ database:FA_MEM redisPort:6379 redisPassword:"" poolname:FA_MEM port:3306 user:fa_db charset:utf8 redisIp:192.168.88.119]
SqlString  SELECT RTP,Amount,Bonus  FROM M_RtpSetting  WHERE Sid = 1   AND State = 1   AND LTG_Code = 5 AND Gid = 38
sqlResult   map[count:0 state:0 result:]
[2020-01-02 13:10:49] rtpData ------->   map[result: count:0 state:0] 
[GIN] 2020/01/02 - 13:10:49 | 200 |    2.462605ms |  192.168.66.115 | POST     /getResult
[2020-01-02 13:10:49] 自開彩開獎  {202001020264 4 41 true} 
ConfigData  map[charset:utf8 redisPort:6379 ip:192.168.88.181 poolname:FA_MEM port:3306 user:fa_db password:1qaz!QAZ database:FA_MEM redisPassword:"" redisIp:192.168.88.119 redisDB:3]
SqlString  SELECT RTP,Amount,Bonus  FROM M_RtpSetting  WHERE Sid = 1   AND State = 1   AND LTG_Code = 4 AND Gid = 41
sqlResult   map[state:0 result: count:0]
[2020-01-02 13:10:49] rtpData ------->   map[result: count:0 state:0] 
[GIN] 2020/01/02 - 13:10:49 | 200 |    2.314869ms |  192.168.66.115 | POST     /getResult
[2020-01-02 13:10:51] 自開彩開獎  {202001020264 1 35 true} 
ConfigData  map[redisPassword:"" redisDB:3 ip:192.168.88.181 poolname:FA_MEM port:3306 database:FA_MEM charset:utf8 redisIp:192.168.88.119 user:fa_db password:1qaz!QAZ redisPort:6379]
SqlString  SELECT RTP,Amount,Bonus  FROM M_RtpSetting  WHERE Sid = 1   AND State = 1   AND LTG_Code = 1 AND Gid = 35
sqlResult   map[result: count:0 state:0]
[2020-01-02 13:10:51] rtpData ------->   map[state:0 result: count:0] 
[GIN] 2020/01/02 - 13:10:51 | 200 |    1.889646ms |  192.168.66.115 | POST     /getResult
[2020-01-02 13:10:52] 自開彩開獎  {202001020791 6 36 true} 
ConfigData  map[redisPort:6379 redisDB:3 poolname:FA_MEM port:3306 user:fa_db password:1qaz!QAZ redisPassword:"" ip:192.168.88.181 database:FA_MEM charset:utf8 redisIp:192.168.88.119]
SqlString  SELECT RTP,Amount,Bonus  FROM M_RtpSetting  WHERE Sid = 1   AND State = 1   AND LTG_Code = 6 AND Gid = 36
sqlResult   map[state:0 result: count:0]
[2020-01-02 13:10:52] rtpData ------->   map[result: count:0 state:0] 
[GIN] 2020/01/02 - 13:10:52 | 200 |    2.675367ms |  192.168.66.115 | POST     /getResult
[2020-01-02 13:10:53] 自開彩開獎  {202001020791 1 34 true} 
ConfigData  map[redisPassword:"" redisDB:3 ip:192.168.88.181 port:3306 user:fa_db charset:utf8 redisIp:192.168.88.119 poolname:FA_MEM password:1qaz!QAZ database:FA_MEM redisPort:6379]
SqlString  SELECT RTP,Amount,Bonus  FROM M_RtpSetting  WHERE Sid = 1   AND State = 1   AND LTG_Code = 1 AND Gid = 34
sqlResult   map[result: count:0 state:0]
[2020-01-02 13:10:53] rtpData ------->   map[result: count:0 state:0] 
[GIN] 2020/01/02 - 13:10:53 | 200 |    3.100878ms |  192.168.66.115 | POST     /getResult
[2020-01-02 13:10:54] 自開彩開獎  {202001020159 5 39 true} 
ConfigData  map[poolname:FA_MEM user:fa_db password:1qaz!QAZ charset:utf8 redisIp:192.168.88.119 redisPort:6379 redisDB:3 ip:192.168.88.181 port:3306 database:FA_MEM redisPassword:""]
SqlString  SELECT RTP,Amount,Bonus  FROM M_RtpSetting  WHERE Sid = 1   AND State = 1   AND LTG_Code = 5 AND Gid = 39
sqlResult   map[result: count:0 state:0]
[2020-01-02 13:10:54] rtpData ------->   map[state:0 result: count:0] 
[GIN] 2020/01/02 - 13:10:54 | 200 |     2.60324ms |  192.168.66.115 | POST     /getResult
[2020-01-02 13:10:54] 自開彩開獎  {202001020791 4 40 true} 
ConfigData  map[redisPort:6379 redisDB:3 port:3306 password:1qaz!QAZ user:fa_db database:FA_MEM charset:utf8 redisIp:192.168.88.119 redisPassword:"" ip:192.168.88.181 poolname:FA_MEM]
SqlString  SELECT RTP,Amount,Bonus  FROM M_RtpSetting  WHERE Sid = 1   AND State = 1   AND LTG_Code = 4 AND Gid = 40
sqlResult   map[result: count:0 state:0]
[2020-01-02 13:10:54] rtpData ------->   map[result: count:0 state:0] 
[GIN] 2020/01/02 - 13:10:54 | 200 |    2.051853ms |  192.168.66.115 | POST     /getResult
[2020-01-02 13:10:55] 自開彩開獎  {202001020791 5 38 true} 
ConfigData  map[database:FA_MEM charset:utf8 redisPort:6379 redisPassword:"" ip:192.168.88.181 poolname:FA_MEM user:fa_db password:1qaz!QAZ port:3306 redisIp:192.168.88.119 redisDB:3]
SqlString  SELECT RTP,Amount,Bonus  FROM M_RtpSetting  WHERE Sid = 1   AND State = 1   AND LTG_Code = 5 AND Gid = 38
sqlResult   map[result: count:0 state:0]
[2020-01-02 13:10:55] rtpData ------->   map[state:0 result: count:0] 
[GIN] 2020/01/02 - 13:10:55 | 200 |    2.919135ms |  192.168.66.115 | POST     /getResult
[2020-01-02 13:10:55] 自開彩開獎  {202001020264 4 41 true} 
ConfigData  map[poolname:FA_MEM port:3306 user:fa_db password:1qaz!QAZ database:FA_MEM charset:utf8 redisPassword:"" redisDB:3 ip:192.168.88.181 redisIp:192.168.88.119 redisPort:6379]
SqlString  SELECT RTP,Amount,Bonus  FROM M_RtpSetting  WHERE Sid = 1   AND State = 1   AND LTG_Code = 4 AND Gid = 41
sqlResult   map[result: count:0 state:0]
[2020-01-02 13:10:55] rtpData ------->   map[result: count:0 state:0] 
[GIN] 2020/01/02 - 13:10:55 | 200 |    3.976969ms |  192.168.66.115 | POST     /getResult
[2020-01-02 13:10:57] 自開彩開獎  {202001020264 1 35 true} 
ConfigData  map[port:3306 redisPort:6379 redisPassword:"" redisDB:3 database:FA_MEM charset:utf8 redisIp:192.168.88.119 ip:192.168.88.181 poolname:FA_MEM user:fa_db password:1qaz!QAZ]
SqlString  SELECT RTP,Amount,Bonus  FROM M_RtpSetting  WHERE Sid = 1   AND State = 1   AND LTG_Code = 1 AND Gid = 35
sqlResult   map[result: count:0 state:0]
[2020-01-02 13:10:57] rtpData ------->   map[result: count:0 state:0] 
[GIN] 2020/01/02 - 13:10:57 | 200 |    2.830301ms |  192.168.66.115 | POST     /getResult
[2020-01-02 13:10:58] 自開彩開獎  {202001020791 6 36 true} 
ConfigData  map[redisDB:3 poolname:FA_MEM user:fa_db database:FA_MEM charset:utf8 redisIp:192.168.88.119 redisPassword:"" ip:192.168.88.181 port:3306 password:1qaz!QAZ redisPort:6379]
SqlString  SELECT RTP,Amount,Bonus  FROM M_RtpSetting  WHERE Sid = 1   AND State = 1   AND LTG_Code = 6 AND Gid = 36
sqlResult   map[result: count:0 state:0]
[2020-01-02 13:10:58] rtpData ------->   map[result: count:0 state:0] 
[GIN] 2020/01/02 - 13:10:58 | 200 |    2.878598ms |  192.168.66.115 | POST     /getResult
[2020-01-02 13:10:59] 自開彩開獎  {202001020791 1 34 true} 
ConfigData  map[ip:192.168.88.181 poolname:FA_MEM port:3306 password:1qaz!QAZ database:FA_MEM redisPassword:"" redisDB:3 user:fa_db charset:utf8 redisIp:192.168.88.119 redisPort:6379]
SqlString  SELECT RTP,Amount,Bonus  FROM M_RtpSetting  WHERE Sid = 1   AND State = 1   AND LTG_Code = 1 AND Gid = 34
sqlResult   map[result: count:0 state:0]
[2020-01-02 13:10:59] rtpData ------->   map[result: count:0 state:0] 
[GIN] 2020/01/02 - 13:10:59 | 200 |     3.41601ms |  192.168.66.115 | POST     /getResult
[2020-01-02 13:11:00] 自開彩開獎  {202001020159 5 39 true} 
ConfigData  map[poolname:FA_MEM port:3306 password:1qaz!QAZ database:FA_MEM redisPassword:"" redisDB:3 ip:192.168.88.181 user:fa_db charset:utf8 redisIp:192.168.88.119 redisPort:6379]
SqlString  SELECT RTP,Amount,Bonus  FROM M_RtpSetting  WHERE Sid = 1   AND State = 1   AND LTG_Code = 5 AND Gid = 39
sqlResult   map[state:0 result: count:0]
[2020-01-02 13:11:00] rtpData ------->   map[result: count:0 state:0] 
[GIN] 2020/01/02 - 13:11:00 | 200 |    2.570666ms |  192.168.66.115 | POST     /getResult
[2020-01-02 13:11:00] 自開彩開獎  {202001020791 4 40 true} 
ConfigData  map[poolname:FA_MEM port:3306 user:fa_db charset:utf8 redisIp:192.168.88.119 redisPort:6379 redisDB:3 ip:192.168.88.181 password:1qaz!QAZ database:FA_MEM redisPassword:""]
SqlString  SELECT RTP,Amount,Bonus  FROM M_RtpSetting  WHERE Sid = 1   AND State = 1   AND LTG_Code = 4 AND Gid = 40
sqlResult   map[result: count:0 state:0]
[2020-01-02 13:11:00] rtpData ------->   map[state:0 result: count:0] 
[GIN] 2020/01/02 - 13:11:00 | 200 |    2.314146ms |  192.168.66.115 | POST     /getResult
[2020-01-02 13:11:00] 自開彩開獎  {202001020792 2 26 true} 
ConfigData  map[ip:192.168.88.181 poolname:FA_MEM port:3306 user:fa_db password:1qaz!QAZ redisIp:192.168.88.119 redisPort:6379 redisPassword:"" database:FA_MEM charset:utf8 redisDB:3]
SqlString  SELECT RTP,Amount,Bonus  FROM M_RtpSetting  WHERE Sid = 1   AND State = 1   AND LTG_Code = 2 AND Gid = 26
sqlResult   map[result:0.9600 count:1 state:1 amount:1.0069588e+06 bonus:908100.71]
[2020-01-02 13:11:00] rtpData ------->   map[amount:1.0069588e+06 bonus:908100.71 result:0.9600 count:1 state:1] 
ConfigData  map[ip:192.168.88.181 user:fa_db password:1qaz!QAZ charset:utf8 redisPassword:"" redisDB:3 poolname:FA_MEM port:3306 database:FA_MEM redisIp:192.168.88.119 redisPort:6379]
SELECT BO_No, BO_OrderNo , BO_User , BO_Issue  , BO_LotteryTypeGroup, BO_LotteryType, BO_Mode, BO_LotteryPlayGroup, BO_LotteryPlay , BO_LotteryContent, BO_Price, BO_RealPrice, BO_Unit, BO_Multiple , BO_BetCount  , BO_Winnings, BO_Winnings2, BO_Winnings3, BO_WinningLimit  , BO_Water , BO_BW_SourceUserId, BO_BW_BackWater, BO_BW_LimitBetCount, BO_BW_MaxAmount, BO_BW_AuditMultiple  , BO_Odds, BO_Odds2, BO_Odds3 , BO_Type, BO_Chase , BO_OpenResult, BO_OpenResult2, BO_DateDraw, BO_DateDraw2, BO_DateUpdate  FROM TS_BetOrder  WHERE BO_Cancel = 0   AND BO_CancelBackend = 0   AND BO_LotteryTypeGroup = 2 AND BO_LotteryType = 26 AND BO_Issue = 202001020792 AND BO_Collect = 0 ORDER BY BO_DateDraw ASC, BO_DateCreate ASC, BO_DateUpdate ASC, BO_No ASC ;
[2020-01-02 13:11:00] LottteryTypeGroup 2 
[2020-01-02 13:11:00] 有期號 但無注單 -------> map[amount:0 bonus:0 thisOpenResult:[5 9 5 4 7]] 
[GIN] 2020/01/02 - 13:11:00 | 200 |    6.754091ms |  192.168.66.115 | POST     /getResult
[2020-01-02 13:11:01] 自開彩開獎  {202001020791 5 38 true} 
ConfigData  map[ip:192.168.88.181 port:3306 database:FA_MEM charset:utf8 redisDB:3 poolname:FA_MEM user:fa_db password:1qaz!QAZ redisIp:192.168.88.119 redisPort:6379 redisPassword:""]
SqlString  SELECT RTP,Amount,Bonus  FROM M_RtpSetting  WHERE Sid = 1   AND State = 1   AND LTG_Code = 5 AND Gid = 38
sqlResult   map[result: count:0 state:0]
[2020-01-02 13:11:01] rtpData ------->   map[result: count:0 state:0] 
[GIN] 2020/01/02 - 13:11:01 | 200 |     3.25002ms |  192.168.66.115 | POST     /getResult
[2020-01-02 13:11:01] 自開彩開獎  {202001020264 4 41 true} 
ConfigData  map[user:fa_db charset:utf8 redisIp:192.168.88.119 redisPort:6379 redisPassword:"" ip:192.168.88.181 port:3306 database:FA_MEM redisDB:3 poolname:FA_MEM password:1qaz!QAZ]
SqlString  SELECT RTP,Amount,Bonus  FROM M_RtpSetting  WHERE Sid = 1   AND State = 1   AND LTG_Code = 4 AND Gid = 41
sqlResult   map[result: count:0 state:0]
[2020-01-02 13:11:01] rtpData ------->   map[result: count:0 state:0] 
[GIN] 2020/01/02 - 13:11:01 | 200 |    3.092259ms |  192.168.66.115 | POST     /getResult
[2020-01-02 13:11:03] 自開彩開獎  {202001020264 1 35 true} 
ConfigData  map[ip:192.168.88.181 user:fa_db database:FA_MEM redisIp:192.168.88.119 redisPort:6379 poolname:FA_MEM port:3306 password:1qaz!QAZ charset:utf8 redisPassword:"" redisDB:3]
SqlString  SELECT RTP,Amount,Bonus  FROM M_RtpSetting  WHERE Sid = 1   AND State = 1   AND LTG_Code = 1 AND Gid = 35
sqlResult   map[result: count:0 state:0]
[2020-01-02 13:11:03] rtpData ------->   map[result: count:0 state:0] 
[GIN] 2020/01/02 - 13:11:03 | 200 |    3.207545ms |  192.168.66.115 | POST     /getResult
[2020-01-02 13:11:04] 自開彩開獎  {202001020791 6 36 true} 
ConfigData  map[port:3306 user:fa_db redisPassword:"" redisDB:3 redisIp:192.168.88.119 redisPort:6379 ip:192.168.88.181 poolname:FA_MEM password:1qaz!QAZ database:FA_MEM charset:utf8]
SqlString  SELECT RTP,Amount,Bonus  FROM M_RtpSetting  WHERE Sid = 1   AND State = 1   AND LTG_Code = 6 AND Gid = 36
sqlResult   map[result: count:0 state:0]
[2020-01-02 13:11:04] rtpData ------->   map[result: count:0 state:0] 
[GIN] 2020/01/02 - 13:11:04 | 200 |    2.802895ms |  192.168.66.115 | POST     /getResult
[2020-01-02 13:11:05] 自開彩開獎  {202001020791 1 34 true} 
ConfigData  map[ip:192.168.88.181 password:1qaz!QAZ redisIp:192.168.88.119 redisPort:6379 redisPassword:"" poolname:FA_MEM port:3306 user:fa_db database:FA_MEM charset:utf8 redisDB:3]
SqlString  SELECT RTP,Amount,Bonus  FROM M_RtpSetting  WHERE Sid = 1   AND State = 1   AND LTG_Code = 1 AND Gid = 34
sqlResult   map[result: count:0 state:0]
[2020-01-02 13:11:05] rtpData ------->   map[result: count:0 state:0] 
[GIN] 2020/01/02 - 13:11:05 | 200 |    8.650208ms |  192.168.66.115 | POST     /getResult
[2020-01-02 13:11:06] 自開彩開獎  {202001020792 4 40 true} 
ConfigData  map[database:FA_MEM redisIp:192.168.88.119 redisPassword:"" redisDB:3 poolname:FA_MEM port:3306 user:fa_db password:1qaz!QAZ charset:utf8 redisPort:6379 ip:192.168.88.181]
SqlString  SELECT RTP,Amount,Bonus  FROM M_RtpSetting  WHERE Sid = 1   AND State = 1   AND LTG_Code = 4 AND Gid = 40
sqlResult   map[result: count:0 state:0]
[2020-01-02 13:11:06] rtpData ------->   map[result: count:0 state:0] 
[GIN] 2020/01/02 - 13:11:06 | 200 |    2.245305ms |  192.168.66.115 | POST     /getResult
[2020-01-02 13:11:07] 自開彩開獎  {202001020792 5 38 true} 
ConfigData  map[ip:192.168.88.181 poolname:FA_MEM user:fa_db charset:utf8 redisIp:192.168.88.119 port:3306 password:1qaz!QAZ database:FA_MEM redisPort:6379 redisPassword:"" redisDB:3]
SqlString  SELECT RTP,Amount,Bonus  FROM M_RtpSetting  WHERE Sid = 1   AND State = 1   AND LTG_Code = 5 AND Gid = 38
sqlResult   map[state:0 result: count:0]
[2020-01-02 13:11:07] rtpData ------->   map[result: count:0 state:0] 
[GIN] 2020/01/02 - 13:11:07 | 200 |    3.169876ms |  192.168.66.115 | POST     /getResult
[2020-01-02 13:11:07] 自開彩開獎  {202001020264 4 41 true} 
ConfigData  map[password:1qaz!QAZ database:FA_MEM charset:utf8 redisIp:192.168.88.119 redisPassword:"" redisDB:3 ip:192.168.88.181 user:fa_db redisPort:6379 poolname:FA_MEM port:3306]
SqlString  SELECT RTP,Amount,Bonus  FROM M_RtpSetting  WHERE Sid = 1   AND State = 1   AND LTG_Code = 4 AND Gid = 41
sqlResult   map[state:0 result: count:0]
[2020-01-02 13:11:07] rtpData ------->   map[state:0 result: count:0] 
[GIN] 2020/01/02 - 13:11:07 | 200 |     2.95824ms |  192.168.66.115 | POST     /getResult
[2020-01-02 13:11:09] 自開彩開獎  {202001020264 1 35 true} 
ConfigData  map[redisIp:192.168.88.119 redisPort:6379 redisDB:3 ip:192.168.88.181 user:fa_db password:1qaz!QAZ charset:utf8 poolname:FA_MEM port:3306 database:FA_MEM redisPassword:""]
SqlString  SELECT RTP,Amount,Bonus  FROM M_RtpSetting  WHERE Sid = 1   AND State = 1   AND LTG_Code = 1 AND Gid = 35
sqlResult   map[result: count:0 state:0]
[2020-01-02 13:11:09] rtpData ------->   map[result: count:0 state:0] 
[GIN] 2020/01/02 - 13:11:09 | 200 |    2.170879ms |  192.168.66.115 | POST     /getResult
[2020-01-02 13:11:10] 自開彩開獎  {202001020792 6 36 true} 
ConfigData  map[database:FA_MEM charset:utf8 redisPassword:"" redisDB:3 ip:192.168.88.181 poolname:FA_MEM password:1qaz!QAZ redisIp:192.168.88.119 redisPort:6379 port:3306 user:fa_db]
SqlString  SELECT RTP,Amount,Bonus  FROM M_RtpSetting  WHERE Sid = 1   AND State = 1   AND LTG_Code = 6 AND Gid = 36
sqlResult   map[result: count:0 state:0]
[2020-01-02 13:11:10] rtpData ------->   map[count:0 state:0 result:] 
[GIN] 2020/01/02 - 13:11:10 | 200 |    2.346139ms |  192.168.66.115 | POST     /getResult
[2020-01-02 13:11:11] 自開彩開獎  {202001020792 1 34 true} 
ConfigData  map[ip:192.168.88.181 port:3306 password:1qaz!QAZ charset:utf8 redisIp:192.168.88.119 redisDB:3 poolname:FA_MEM user:fa_db database:FA_MEM redisPort:6379 redisPassword:""]
SqlString  SELECT RTP,Amount,Bonus  FROM M_RtpSetting  WHERE Sid = 1   AND State = 1   AND LTG_Code = 1 AND Gid = 34
sqlResult   map[result: count:0 state:0]
[2020-01-02 13:11:11] rtpData ------->   map[result: count:0 state:0] 
[GIN] 2020/01/02 - 13:11:11 | 200 |    2.611056ms |  192.168.66.115 | POST     /getResult
[2020-01-02 13:11:12] 自開彩開獎  {202001020792 4 40 true} 
ConfigData  map[user:fa_db redisPort:6379 redisDB:3 ip:192.168.88.181 poolname:FA_MEM database:FA_MEM charset:utf8 redisIp:192.168.88.119 redisPassword:"" port:3306 password:1qaz!QAZ]
SqlString  SELECT RTP,Amount,Bonus  FROM M_RtpSetting  WHERE Sid = 1   AND State = 1   AND LTG_Code = 4 AND Gid = 40
sqlResult   map[state:0 result: count:0]
[2020-01-02 13:11:12] rtpData ------->   map[result: count:0 state:0] 
[GIN] 2020/01/02 - 13:11:12 | 200 |    2.186465ms |  192.168.66.115 | POST     /getResult
[2020-01-02 13:11:13] 自開彩開獎  {202001020792 5 38 true} 
ConfigData  map[redisDB:3 password:1qaz!QAZ charset:utf8 redisIp:192.168.88.119 redisPort:6379 redisPassword:"" ip:192.168.88.181 poolname:FA_MEM port:3306 user:fa_db database:FA_MEM]
SqlString  SELECT RTP,Amount,Bonus  FROM M_RtpSetting  WHERE Sid = 1   AND State = 1   AND LTG_Code = 5 AND Gid = 38
sqlResult   map[result: count:0 state:0]
[2020-01-02 13:11:13] rtpData ------->   map[result: count:0 state:0] 
[GIN] 2020/01/02 - 13:11:13 | 200 |    2.395677ms |  192.168.66.115 | POST     /getResult
[2020-01-02 13:11:13] 自開彩開獎  {202001020264 4 41 true} 
ConfigData  map[database:FA_MEM charset:utf8 redisIp:192.168.88.119 ip:192.168.88.181 poolname:FA_MEM password:1qaz!QAZ redisPort:6379 redisPassword:"" redisDB:3 port:3306 user:fa_db]
SqlString  SELECT RTP,Amount,Bonus  FROM M_RtpSetting  WHERE Sid = 1   AND State = 1   AND LTG_Code = 4 AND Gid = 41
sqlResult   map[result: count:0 state:0]
[2020-01-02 13:11:13] rtpData ------->   map[result: count:0 state:0] 
[GIN] 2020/01/02 - 13:11:13 | 200 |    2.621964ms |  192.168.66.115 | POST     /getResult
[2020-01-02 13:11:15] 自開彩開獎  {202001020264 1 35 true} 
ConfigData  map[port:3306 user:fa_db password:1qaz!QAZ database:FA_MEM redisPort:6379 redisPassword:"" redisDB:3 ip:192.168.88.181 poolname:FA_MEM charset:utf8 redisIp:192.168.88.119]
SqlString  SELECT RTP,Amount,Bonus  FROM M_RtpSetting  WHERE Sid = 1   AND State = 1   AND LTG_Code = 1 AND Gid = 35
sqlResult   map[result: count:0 state:0]
[2020-01-02 13:11:15] rtpData ------->   map[result: count:0 state:0] 
[GIN] 2020/01/02 - 13:11:15 | 200 |    4.777523ms |  192.168.66.115 | POST     /getResult
[2020-01-02 13:11:16] 自開彩開獎  {202001020792 6 36 true} 
ConfigData  map[charset:utf8 redisIp:192.168.88.119 redisPassword:"" redisDB:3 port:3306 user:fa_db password:1qaz!QAZ database:FA_MEM redisPort:6379 ip:192.168.88.181 poolname:FA_MEM]
SqlString  SELECT RTP,Amount,Bonus  FROM M_RtpSetting  WHERE Sid = 1   AND State = 1   AND LTG_Code = 6 AND Gid = 36
sqlResult   map[state:0 result: count:0]
[2020-01-02 13:11:16] rtpData ------->   map[state:0 result: count:0] 
[GIN] 2020/01/02 - 13:11:16 | 200 |    2.719286ms |  192.168.66.115 | POST     /getResult
[2020-01-02 13:11:17] 自開彩開獎  {202001020792 1 34 true} 
ConfigData  map[poolname:FA_MEM user:fa_db password:1qaz!QAZ redisPassword:"" redisDB:3 ip:192.168.88.181 port:3306 database:FA_MEM charset:utf8 redisIp:192.168.88.119 redisPort:6379]
SqlString  SELECT RTP,Amount,Bonus  FROM M_RtpSetting  WHERE Sid = 1   AND State = 1   AND LTG_Code = 1 AND Gid = 34
sqlResult   map[count:0 state:0 result:]
[2020-01-02 13:11:17] rtpData ------->   map[count:0 state:0 result:] 
[GIN] 2020/01/02 - 13:11:17 | 200 |    2.771053ms |  192.168.66.115 | POST     /getResult
[2020-01-02 13:11:18] 自開彩開獎  {202001020792 4 40 true} 
ConfigData  map[redisIp:192.168.88.119 redisDB:3 ip:192.168.88.181 poolname:FA_MEM port:3306 password:1qaz!QAZ database:FA_MEM user:fa_db charset:utf8 redisPort:6379 redisPassword:""]
SqlString  SELECT RTP,Amount,Bonus  FROM M_RtpSetting  WHERE Sid = 1   AND State = 1   AND LTG_Code = 4 AND Gid = 40
sqlResult   map[result: count:0 state:0]
[2020-01-02 13:11:18] rtpData ------->   map[state:0 result: count:0] 
[GIN] 2020/01/02 - 13:11:18 | 200 |    8.526509ms |  192.168.66.115 | POST     /getResult
[2020-01-02 13:11:19] 自開彩開獎  {202001020792 5 38 true} 
ConfigData  map[redisPassword:"" ip:192.168.88.181 user:fa_db password:1qaz!QAZ charset:utf8 redisPort:6379 poolname:FA_MEM port:3306 database:FA_MEM redisIp:192.168.88.119 redisDB:3]
SqlString  SELECT RTP,Amount,Bonus  FROM M_RtpSetting  WHERE Sid = 1   AND State = 1   AND LTG_Code = 5 AND Gid = 38
sqlResult   map[result: count:0 state:0]
[2020-01-02 13:11:19] rtpData ------->   map[result: count:0 state:0] 
[GIN] 2020/01/02 - 13:11:19 | 200 |    3.405371ms |  192.168.66.115 | POST     /getResult
[2020-01-02 13:11:19] 自開彩開獎  {202001020264 4 41 true} 
ConfigData  map[database:FA_MEM charset:utf8 redisIp:192.168.88.119 redisPassword:"" ip:192.168.88.181 user:fa_db password:1qaz!QAZ redisDB:3 poolname:FA_MEM port:3306 redisPort:6379]
SqlString  SELECT RTP,Amount,Bonus  FROM M_RtpSetting  WHERE Sid = 1   AND State = 1   AND LTG_Code = 4 AND Gid = 41
sqlResult   map[result: count:0 state:0]
[2020-01-02 13:11:19] rtpData ------->   map[result: count:0 state:0] 
[GIN] 2020/01/02 - 13:11:19 | 200 |    2.452901ms |  192.168.66.115 | POST     /getResult
[2020-01-02 13:11:21] 自開彩開獎  {202001020264 1 35 true} 
ConfigData  map[ip:192.168.88.181 port:3306 password:1qaz!QAZ redisPassword:"" redisIp:192.168.88.119 redisPort:6379 redisDB:3 poolname:FA_MEM user:fa_db database:FA_MEM charset:utf8]
SqlString  SELECT RTP,Amount,Bonus  FROM M_RtpSetting  WHERE Sid = 1   AND State = 1   AND LTG_Code = 1 AND Gid = 35
sqlResult   map[result: count:0 state:0]
[2020-01-02 13:11:21] rtpData ------->   map[result: count:0 state:0] 
[GIN] 2020/01/02 - 13:11:21 | 200 |    2.906589ms |  192.168.66.115 | POST     /getResult
[2020-01-02 13:11:22] 自開彩開獎  {202001020792 6 36 true} 
ConfigData  map[ip:192.168.88.181 database:FA_MEM redisPort:6379 password:1qaz!QAZ charset:utf8 redisIp:192.168.88.119 redisPassword:"" redisDB:3 poolname:FA_MEM port:3306 user:fa_db]
SqlString  SELECT RTP,Amount,Bonus  FROM M_RtpSetting  WHERE Sid = 1   AND State = 1   AND LTG_Code = 6 AND Gid = 36
sqlResult   map[result: count:0 state:0]
[2020-01-02 13:11:22] rtpData ------->   map[result: count:0 state:0] 
[GIN] 2020/01/02 - 13:11:22 | 200 |     2.50641ms |  192.168.66.115 | POST     /getResult
[2020-01-02 13:11:23] 自開彩開獎  {202001020792 1 34 true} 
ConfigData  map[ip:192.168.88.181 port:3306 password:1qaz!QAZ database:FA_MEM redisPassword:"" poolname:FA_MEM user:fa_db charset:utf8 redisIp:192.168.88.119 redisPort:6379 redisDB:3]
SqlString  SELECT RTP,Amount,Bonus  FROM M_RtpSetting  WHERE Sid = 1   AND State = 1   AND LTG_Code = 1 AND Gid = 34
sqlResult   map[count:0 state:0 result:]
[2020-01-02 13:11:23] rtpData ------->   map[result: count:0 state:0] 
[GIN] 2020/01/02 - 13:11:23 | 200 |    3.286927ms |  192.168.66.115 | POST     /getResult
[2020-01-02 13:11:24] 自開彩開獎  {202001020792 4 40 true} 
ConfigData  map[user:fa_db password:1qaz!QAZ redisPort:6379 redisPassword:"" ip:192.168.88.181 port:3306 database:FA_MEM charset:utf8 redisIp:192.168.88.119 redisDB:3 poolname:FA_MEM]
SqlString  SELECT RTP,Amount,Bonus  FROM M_RtpSetting  WHERE Sid = 1   AND State = 1   AND LTG_Code = 4 AND Gid = 40
sqlResult   map[result: count:0 state:0]
[2020-01-02 13:11:24] rtpData ------->   map[result: count:0 state:0] 
[GIN] 2020/01/02 - 13:11:24 | 200 |     8.32689ms |  192.168.66.115 | POST     /getResult
[2020-01-02 13:11:25] 自開彩開獎  {202001020792 5 38 true} 
ConfigData  map[ip:192.168.88.181 port:3306 database:FA_MEM redisPassword:"" redisIp:192.168.88.119 redisPort:6379 redisDB:3 poolname:FA_MEM user:fa_db password:1qaz!QAZ charset:utf8]
SqlString  SELECT RTP,Amount,Bonus  FROM M_RtpSetting  WHERE Sid = 1   AND State = 1   AND LTG_Code = 5 AND Gid = 38
sqlResult   map[state:0 result: count:0]
[2020-01-02 13:11:25] rtpData ------->   map[result: count:0 state:0] 
[GIN] 2020/01/02 - 13:11:25 | 200 |    7.184571ms |  192.168.66.115 | POST     /getResult
[2020-01-02 13:11:25] 自開彩開獎  {202001020264 4 41 true} 
ConfigData  map[port:3306 password:1qaz!QAZ database:FA_MEM charset:utf8 redisDB:3 ip:192.168.88.181 poolname:FA_MEM user:fa_db redisIp:192.168.88.119 redisPort:6379 redisPassword:""]
SqlString  SELECT RTP,Amount,Bonus  FROM M_RtpSetting  WHERE Sid = 1   AND State = 1   AND LTG_Code = 4 AND Gid = 41
sqlResult   map[result: count:0 state:0]
[2020-01-02 13:11:25] rtpData ------->   map[result: count:0 state:0] 
[GIN] 2020/01/02 - 13:11:25 | 200 |    2.786856ms |  192.168.66.115 | POST     /getResult
[2020-01-02 13:11:27] 自開彩開獎  {202001020264 1 35 true} 
ConfigData  map[redisIp:192.168.88.119 redisPassword:"" poolname:FA_MEM port:3306 password:1qaz!QAZ database:FA_MEM redisDB:3 ip:192.168.88.181 user:fa_db charset:utf8 redisPort:6379]
SqlString  SELECT RTP,Amount,Bonus  FROM M_RtpSetting  WHERE Sid = 1   AND State = 1   AND LTG_Code = 1 AND Gid = 35
sqlResult   map[result: count:0 state:0]
[2020-01-02 13:11:27] rtpData ------->   map[result: count:0 state:0] 
[GIN] 2020/01/02 - 13:11:27 | 200 |    3.025747ms |  192.168.66.115 | POST     /getResult
[2020-01-02 13:11:28] 自開彩開獎  {202001020792 6 36 true} 
ConfigData  map[ip:192.168.88.181 poolname:FA_MEM port:3306 password:1qaz!QAZ charset:utf8 redisDB:3 user:fa_db database:FA_MEM redisIp:192.168.88.119 redisPort:6379 redisPassword:""]
SqlString  SELECT RTP,Amount,Bonus  FROM M_RtpSetting  WHERE Sid = 1   AND State = 1   AND LTG_Code = 6 AND Gid = 36
sqlResult   map[result: count:0 state:0]
[2020-01-02 13:11:28] rtpData ------->   map[result: count:0 state:0] 
[GIN] 2020/01/02 - 13:11:28 | 200 |    3.842231ms |  192.168.66.115 | POST     /getResult
[2020-01-02 13:11:29] 自開彩開獎  {202001020792 1 34 true} 
ConfigData  map[redisIp:192.168.88.119 redisPort:6379 redisPassword:"" redisDB:3 ip:192.168.88.181 database:FA_MEM charset:utf8 password:1qaz!QAZ poolname:FA_MEM port:3306 user:fa_db]
SqlString  SELECT RTP,Amount,Bonus  FROM M_RtpSetting  WHERE Sid = 1   AND State = 1   AND LTG_Code = 1 AND Gid = 34
sqlResult   map[result: count:0 state:0]
[2020-01-02 13:11:29] rtpData ------->   map[state:0 result: count:0] 
[GIN] 2020/01/02 - 13:11:29 | 200 |    3.251849ms |  192.168.66.115 | POST     /getResult
[2020-01-02 13:11:30] 自開彩開獎  {202001020792 4 40 true} 
ConfigData  map[ip:192.168.88.181 poolname:FA_MEM port:3306 user:fa_db redisPort:6379 password:1qaz!QAZ database:FA_MEM charset:utf8 redisIp:192.168.88.119 redisPassword:"" redisDB:3]
SqlString  SELECT RTP,Amount,Bonus  FROM M_RtpSetting  WHERE Sid = 1   AND State = 1   AND LTG_Code = 4 AND Gid = 40
sqlResult   map[result: count:0 state:0]
[2020-01-02 13:11:30] rtpData ------->   map[result: count:0 state:0] 
[GIN] 2020/01/02 - 13:11:30 | 200 |    2.233265ms |  192.168.66.115 | POST     /getResult
[2020-01-02 13:11:31] 自開彩開獎  {202001020792 5 38 true} 
ConfigData  map[port:3306 charset:utf8 redisIp:192.168.88.119 redisDB:3 ip:192.168.88.181 poolname:FA_MEM database:FA_MEM redisPort:6379 redisPassword:"" user:fa_db password:1qaz!QAZ]
SqlString  SELECT RTP,Amount,Bonus  FROM M_RtpSetting  WHERE Sid = 1   AND State = 1   AND LTG_Code = 5 AND Gid = 38
sqlResult   map[state:0 result: count:0]
[2020-01-02 13:11:31] rtpData ------->   map[state:0 result: count:0] 
[GIN] 2020/01/02 - 13:11:31 | 200 |    3.923241ms |  192.168.66.115 | POST     /getResult
[2020-01-02 13:11:31] 自開彩開獎  {202001020264 4 41 true} 
ConfigData  map[port:3306 charset:utf8 redisPort:6379 redisPassword:"" redisIp:192.168.88.119 redisDB:3 ip:192.168.88.181 poolname:FA_MEM user:fa_db password:1qaz!QAZ database:FA_MEM]
SqlString  SELECT RTP,Amount,Bonus  FROM M_RtpSetting  WHERE Sid = 1   AND State = 1   AND LTG_Code = 4 AND Gid = 41
sqlResult   map[result: count:0 state:0]
[2020-01-02 13:11:31] rtpData ------->   map[result: count:0 state:0] 
[GIN] 2020/01/02 - 13:11:31 | 200 |    3.209689ms |  192.168.66.115 | POST     /getResult
[2020-01-02 13:11:33] 自開彩開獎  {202001020264 1 35 true} 
ConfigData  map[redisIp:192.168.88.119 redisDB:3 ip:192.168.88.181 port:3306 database:FA_MEM charset:utf8 redisPort:6379 redisPassword:"" poolname:FA_MEM user:fa_db password:1qaz!QAZ]
SqlString  SELECT RTP,Amount,Bonus  FROM M_RtpSetting  WHERE Sid = 1   AND State = 1   AND LTG_Code = 1 AND Gid = 35
sqlResult   map[result: count:0 state:0]
[2020-01-02 13:11:33] rtpData ------->   map[result: count:0 state:0] 
[GIN] 2020/01/02 - 13:11:33 | 200 |    3.016109ms |  192.168.66.115 | POST     /getResult
[2020-01-02 13:11:34] 自開彩開獎  {202001020792 6 36 true} 
ConfigData  map[password:1qaz!QAZ database:FA_MEM charset:utf8 redisIp:192.168.88.119 redisPassword:"" poolname:FA_MEM port:3306 user:fa_db ip:192.168.88.181 redisPort:6379 redisDB:3]
SqlString  SELECT RTP,Amount,Bonus  FROM M_RtpSetting  WHERE Sid = 1   AND State = 1   AND LTG_Code = 6 AND Gid = 36
sqlResult   map[result: count:0 state:0]
[2020-01-02 13:11:34] rtpData ------->   map[result: count:0 state:0] 
[GIN] 2020/01/02 - 13:11:34 | 200 |    2.558473ms |  192.168.66.115 | POST     /getResult
[2020-01-02 13:11:35] 自開彩開獎  {202001020792 1 34 true} 
ConfigData  map[ip:192.168.88.181 user:fa_db redisPort:6379 redisPassword:"" redisDB:3 poolname:FA_MEM port:3306 password:1qaz!QAZ database:FA_MEM charset:utf8 redisIp:192.168.88.119]
SqlString  SELECT RTP,Amount,Bonus  FROM M_RtpSetting  WHERE Sid = 1   AND State = 1   AND LTG_Code = 1 AND Gid = 34
sqlResult   map[result: count:0 state:0]
[2020-01-02 13:11:35] rtpData ------->   map[result: count:0 state:0] 
[GIN] 2020/01/02 - 13:11:35 | 200 |    4.756431ms |  192.168.66.115 | POST     /getResult
[2020-01-02 13:11:36] 自開彩開獎  {202001020792 4 40 true} 
ConfigData  map[redisIp:192.168.88.119 redisPassword:"" redisDB:3 ip:192.168.88.181 port:3306 charset:utf8 database:FA_MEM redisPort:6379 poolname:FA_MEM user:fa_db password:1qaz!QAZ]
SqlString  SELECT RTP,Amount,Bonus  FROM M_RtpSetting  WHERE Sid = 1   AND State = 1   AND LTG_Code = 4 AND Gid = 40
sqlResult   map[result: count:0 state:0]
[2020-01-02 13:11:36] rtpData ------->   map[result: count:0 state:0] 
[GIN] 2020/01/02 - 13:11:36 | 200 |     3.00171ms |  192.168.66.115 | POST     /getResult
[2020-01-02 13:11:37] 自開彩開獎  {202001020792 5 38 true} 
ConfigData  map[password:1qaz!QAZ database:FA_MEM redisPassword:"" user:fa_db charset:utf8 redisIp:192.168.88.119 redisPort:6379 redisDB:3 ip:192.168.88.181 poolname:FA_MEM port:3306]
SqlString  SELECT RTP,Amount,Bonus  FROM M_RtpSetting  WHERE Sid = 1   AND State = 1   AND LTG_Code = 5 AND Gid = 38
sqlResult   map[result: count:0 state:0]
[2020-01-02 13:11:37] rtpData ------->   map[result: count:0 state:0] 
[GIN] 2020/01/02 - 13:11:37 | 200 |    2.125903ms |  192.168.66.115 | POST     /getResult
[2020-01-02 13:11:37] 自開彩開獎  {202001020264 4 41 true} 
ConfigData  map[poolname:FA_MEM port:3306 password:1qaz!QAZ redisIp:192.168.88.119 redisPort:6379 redisDB:3 ip:192.168.88.181 user:fa_db database:FA_MEM charset:utf8 redisPassword:""]
SqlString  SELECT RTP,Amount,Bonus  FROM M_RtpSetting  WHERE Sid = 1   AND State = 1   AND LTG_Code = 4 AND Gid = 41
sqlResult   map[result: count:0 state:0]
[2020-01-02 13:11:37] rtpData ------->   map[result: count:0 state:0] 
[GIN] 2020/01/02 - 13:11:37 | 200 |    2.366686ms |  192.168.66.115 | POST     /getResult
[2020-01-02 13:11:39] 自開彩開獎  {202001020264 1 35 true} 
ConfigData  map[password:1qaz!QAZ charset:utf8 redisIp:192.168.88.119 redisPort:6379 poolname:FA_MEM port:3306 user:fa_db database:FA_MEM redisPassword:"" redisDB:3 ip:192.168.88.181]
SqlString  SELECT RTP,Amount,Bonus  FROM M_RtpSetting  WHERE Sid = 1   AND State = 1   AND LTG_Code = 1 AND Gid = 35
sqlResult   map[count:0 state:0 result:]
[2020-01-02 13:11:39] rtpData ------->   map[result: count:0 state:0] 
[GIN] 2020/01/02 - 13:11:39 | 200 |    2.384911ms |  192.168.66.115 | POST     /getResult
[2020-01-02 13:11:40] 自開彩開獎  {202001020792 6 36 true} 
ConfigData  map[redisDB:3 user:fa_db password:1qaz!QAZ database:FA_MEM redisIp:192.168.88.119 redisPort:6379 redisPassword:"" ip:192.168.88.181 poolname:FA_MEM port:3306 charset:utf8]
SqlString  SELECT RTP,Amount,Bonus  FROM M_RtpSetting  WHERE Sid = 1   AND State = 1   AND LTG_Code = 6 AND Gid = 36
sqlResult   map[result: count:0 state:0]
[2020-01-02 13:11:40] rtpData ------->   map[state:0 result: count:0] 
[GIN] 2020/01/02 - 13:11:40 | 200 |    2.942854ms |  192.168.66.115 | POST     /getResult
[2020-01-02 13:11:41] 自開彩開獎  {202001020792 1 34 true} 
ConfigData  map[poolname:FA_MEM port:3306 user:fa_db password:1qaz!QAZ charset:utf8 redisIp:192.168.88.119 redisDB:3 ip:192.168.88.181 database:FA_MEM redisPort:6379 redisPassword:""]
SqlString  SELECT RTP,Amount,Bonus  FROM M_RtpSetting  WHERE Sid = 1   AND State = 1   AND LTG_Code = 1 AND Gid = 34
sqlResult   map[state:0 result: count:0]
[2020-01-02 13:11:41] rtpData ------->   map[result: count:0 state:0] 
[GIN] 2020/01/02 - 13:11:41 | 200 |    2.482046ms |  192.168.66.115 | POST     /getResult
[2020-01-02 13:11:42] 自開彩開獎  {202001020792 4 40 true} 
ConfigData  map[charset:utf8 redisPort:6379 redisDB:3 port:3306 password:1qaz!QAZ user:fa_db database:FA_MEM redisIp:192.168.88.119 redisPassword:"" ip:192.168.88.181 poolname:FA_MEM]
SqlString  SELECT RTP,Amount,Bonus  FROM M_RtpSetting  WHERE Sid = 1   AND State = 1   AND LTG_Code = 4 AND Gid = 40
sqlResult   map[result: count:0 state:0]
[2020-01-02 13:11:42] rtpData ------->   map[result: count:0 state:0] 
[GIN] 2020/01/02 - 13:11:42 | 200 |    2.461054ms |  192.168.66.115 | POST     /getResult
[2020-01-02 13:11:43] 自開彩開獎  {202001020792 5 38 true} 
ConfigData  map[redisDB:3 ip:192.168.88.181 poolname:FA_MEM password:1qaz!QAZ charset:utf8 redisIp:192.168.88.119 redisPassword:"" port:3306 user:fa_db database:FA_MEM redisPort:6379]
SqlString  SELECT RTP,Amount,Bonus  FROM M_RtpSetting  WHERE Sid = 1   AND State = 1   AND LTG_Code = 5 AND Gid = 38
sqlResult   map[state:0 result: count:0]
[2020-01-02 13:11:43] rtpData ------->   map[result: count:0 state:0] 
[GIN] 2020/01/02 - 13:11:43 | 200 |    2.995897ms |  192.168.66.115 | POST     /getResult
[2020-01-02 13:11:43] 自開彩開獎  {202001020264 4 41 true} 
ConfigData  map[redisDB:3 ip:192.168.88.181 poolname:FA_MEM port:3306 password:1qaz!QAZ redisIp:192.168.88.119 redisPort:6379 user:fa_db database:FA_MEM charset:utf8 redisPassword:""]
SqlString  SELECT RTP,Amount,Bonus  FROM M_RtpSetting  WHERE Sid = 1   AND State = 1   AND LTG_Code = 4 AND Gid = 41
sqlResult   map[result: count:0 state:0]
[2020-01-02 13:11:43] rtpData ------->   map[count:0 state:0 result:] 
[GIN] 2020/01/02 - 13:11:43 | 200 |    2.288033ms |  192.168.66.115 | POST     /getResult
[2020-01-02 13:11:45] 自開彩開獎  {202001020264 1 35 true} 
ConfigData  map[redisPort:6379 redisPassword:"" ip:192.168.88.181 poolname:FA_MEM port:3306 password:1qaz!QAZ charset:utf8 redisIp:192.168.88.119 redisDB:3 user:fa_db database:FA_MEM]
SqlString  SELECT RTP,Amount,Bonus  FROM M_RtpSetting  WHERE Sid = 1   AND State = 1   AND LTG_Code = 1 AND Gid = 35
sqlResult   map[result: count:0 state:0]
[2020-01-02 13:11:45] rtpData ------->   map[result: count:0 state:0] 
[GIN] 2020/01/02 - 13:11:45 | 200 |    3.516081ms |  192.168.66.115 | POST     /getResult
[2020-01-02 13:11:46] 自開彩開獎  {202001020792 6 36 true} 
ConfigData  map[database:FA_MEM redisPassword:"" redisDB:3 ip:192.168.88.181 port:3306 password:1qaz!QAZ charset:utf8 redisIp:192.168.88.119 redisPort:6379 poolname:FA_MEM user:fa_db]
SqlString  SELECT RTP,Amount,Bonus  FROM M_RtpSetting  WHERE Sid = 1   AND State = 1   AND LTG_Code = 6 AND Gid = 36
sqlResult   map[result: count:0 state:0]
[2020-01-02 13:11:46] rtpData ------->   map[state:0 result: count:0] 
[GIN] 2020/01/02 - 13:11:46 | 200 |    3.177934ms |  192.168.66.115 | POST     /getResult
[2020-01-02 13:11:47] 自開彩開獎  {202001020792 1 34 true} 
ConfigData  map[redisIp:192.168.88.119 redisPassword:"" redisDB:3 poolname:FA_MEM user:fa_db password:1qaz!QAZ database:FA_MEM ip:192.168.88.181 port:3306 charset:utf8 redisPort:6379]
SqlString  SELECT RTP,Amount,Bonus  FROM M_RtpSetting  WHERE Sid = 1   AND State = 1   AND LTG_Code = 1 AND Gid = 34
sqlResult   map[result: count:0 state:0]
[2020-01-02 13:11:47] rtpData ------->   map[result: count:0 state:0] 
[GIN] 2020/01/02 - 13:11:47 | 200 |    2.493899ms |  192.168.66.115 | POST     /getResult
[2020-01-02 13:11:48] 自開彩開獎  {202001020792 4 40 true} 
ConfigData  map[poolname:FA_MEM password:1qaz!QAZ database:FA_MEM charset:utf8 redisPassword:"" redisDB:3 ip:192.168.88.181 port:3306 user:fa_db redisIp:192.168.88.119 redisPort:6379]
SqlString  SELECT RTP,Amount,Bonus  FROM M_RtpSetting  WHERE Sid = 1   AND State = 1   AND LTG_Code = 4 AND Gid = 40
sqlResult   map[result: count:0 state:0]
[2020-01-02 13:11:48] rtpData ------->   map[state:0 result: count:0] 
[GIN] 2020/01/02 - 13:11:48 | 200 |    3.415688ms |  192.168.66.115 | POST     /getResult
[2020-01-02 13:11:49] 自開彩開獎  {202001020792 5 38 true} 
ConfigData  map[charset:utf8 redisIp:192.168.88.119 redisPort:6379 redisDB:3 poolname:FA_MEM user:fa_db password:1qaz!QAZ database:FA_MEM ip:192.168.88.181 port:3306 redisPassword:""]
SqlString  SELECT RTP,Amount,Bonus  FROM M_RtpSetting  WHERE Sid = 1   AND State = 1   AND LTG_Code = 5 AND Gid = 38
sqlResult   map[result: count:0 state:0]
[2020-01-02 13:11:49] rtpData ------->   map[result: count:0 state:0] 
[GIN] 2020/01/02 - 13:11:49 | 200 |    2.034996ms |  192.168.66.115 | POST     /getResult
[2020-01-02 13:11:49] 自開彩開獎  {202001020264 4 41 true} 
ConfigData  map[ip:192.168.88.181 port:3306 user:fa_db charset:utf8 redisPort:6379 poolname:FA_MEM password:1qaz!QAZ database:FA_MEM redisIp:192.168.88.119 redisPassword:"" redisDB:3]
SqlString  SELECT RTP,Amount,Bonus  FROM M_RtpSetting  WHERE Sid = 1   AND State = 1   AND LTG_Code = 4 AND Gid = 41
sqlResult   map[result: count:0 state:0]
[2020-01-02 13:11:49] rtpData ------->   map[result: count:0 state:0] 
[GIN] 2020/01/02 - 13:11:49 | 200 |    3.547278ms |  192.168.66.115 | POST     /getResult
[2020-01-02 13:11:51] 自開彩開獎  {202001020264 1 35 true} 
ConfigData  map[poolname:FA_MEM user:fa_db password:1qaz!QAZ redisPort:6379 ip:192.168.88.181 port:3306 database:FA_MEM charset:utf8 redisIp:192.168.88.119 redisPassword:"" redisDB:3]
SqlString  SELECT RTP,Amount,Bonus  FROM M_RtpSetting  WHERE Sid = 1   AND State = 1   AND LTG_Code = 1 AND Gid = 35
sqlResult   map[result: count:0 state:0]
[2020-01-02 13:11:51] rtpData ------->   map[result: count:0 state:0] 
[GIN] 2020/01/02 - 13:11:51 | 200 |    3.522974ms |  192.168.66.115 | POST     /getResult
[2020-01-02 13:11:52] 自開彩開獎  {202001020792 6 36 true} 
ConfigData  map[database:FA_MEM redisIp:192.168.88.119 redisPort:6379 redisPassword:"" redisDB:3 port:3306 password:1qaz!QAZ user:fa_db charset:utf8 ip:192.168.88.181 poolname:FA_MEM]
SqlString  SELECT RTP,Amount,Bonus  FROM M_RtpSetting  WHERE Sid = 1   AND State = 1   AND LTG_Code = 6 AND Gid = 36
sqlResult   map[state:0 result: count:0]
[2020-01-02 13:11:52] rtpData ------->   map[result: count:0 state:0] 
[GIN] 2020/01/02 - 13:11:52 | 200 |    2.823132ms |  192.168.66.115 | POST     /getResult
[2020-01-02 13:11:53] 自開彩開獎  {202001020792 1 34 true} 
ConfigData  map[user:fa_db redisPort:6379 redisPassword:"" redisDB:3 ip:192.168.88.181 port:3306 database:FA_MEM charset:utf8 redisIp:192.168.88.119 poolname:FA_MEM password:1qaz!QAZ]
SqlString  SELECT RTP,Amount,Bonus  FROM M_RtpSetting  WHERE Sid = 1   AND State = 1   AND LTG_Code = 1 AND Gid = 34
sqlResult   map[state:0 result: count:0]
[2020-01-02 13:11:53] rtpData ------->   map[state:0 result: count:0] 
[GIN] 2020/01/02 - 13:11:53 | 200 |    2.901052ms |  192.168.66.115 | POST     /getResult
[2020-01-02 13:11:54] 自開彩開獎  {202001020792 4 40 true} 
ConfigData  map[redisPassword:"" password:1qaz!QAZ database:FA_MEM charset:utf8 redisIp:192.168.88.119 redisPort:6379 redisDB:3 ip:192.168.88.181 poolname:FA_MEM port:3306 user:fa_db]
SqlString  SELECT RTP,Amount,Bonus  FROM M_RtpSetting  WHERE Sid = 1   AND State = 1   AND LTG_Code = 4 AND Gid = 40
sqlResult   map[state:0 result: count:0]
[2020-01-02 13:11:54] rtpData ------->   map[result: count:0 state:0] 
[GIN] 2020/01/02 - 13:11:54 | 200 |    3.182638ms |  192.168.66.115 | POST     /getResult
[2020-01-02 13:11:55] 自開彩開獎  {202001020792 5 38 true} 
ConfigData  map[poolname:FA_MEM user:fa_db database:FA_MEM charset:utf8 redisPassword:"" ip:192.168.88.181 password:1qaz!QAZ redisIp:192.168.88.119 redisPort:6379 redisDB:3 port:3306]
SqlString  SELECT RTP,Amount,Bonus  FROM M_RtpSetting  WHERE Sid = 1   AND State = 1   AND LTG_Code = 5 AND Gid = 38
sqlResult   map[state:0 result: count:0]
[2020-01-02 13:11:55] rtpData ------->   map[result: count:0 state:0] 
[GIN] 2020/01/02 - 13:11:55 | 200 |    2.489715ms |  192.168.66.115 | POST     /getResult
[2020-01-02 13:11:55] 自開彩開獎  {202001020264 4 41 true} 
ConfigData  map[database:FA_MEM charset:utf8 redisIp:192.168.88.119 redisPort:6379 redisDB:3 poolname:FA_MEM port:3306 password:1qaz!QAZ redisPassword:"" ip:192.168.88.181 user:fa_db]
SqlString  SELECT RTP,Amount,Bonus  FROM M_RtpSetting  WHERE Sid = 1   AND State = 1   AND LTG_Code = 4 AND Gid = 41
sqlResult   map[result: count:0 state:0]
[2020-01-02 13:11:55] rtpData ------->   map[result: count:0 state:0] 
[GIN] 2020/01/02 - 13:11:55 | 200 |    2.506751ms |  192.168.66.115 | POST     /getResult
[2020-01-02 13:11:57] 自開彩開獎  {202001020264 1 35 true} 
ConfigData  map[database:FA_MEM redisPassword:"" poolname:FA_MEM port:3306 user:fa_db password:1qaz!QAZ charset:utf8 redisIp:192.168.88.119 redisPort:6379 redisDB:3 ip:192.168.88.181]
SqlString  SELECT RTP,Amount,Bonus  FROM M_RtpSetting  WHERE Sid = 1   AND State = 1   AND LTG_Code = 1 AND Gid = 35
sqlResult   map[result: count:0 state:0]
[2020-01-02 13:11:57] rtpData ------->   map[state:0 result: count:0] 
[GIN] 2020/01/02 - 13:11:57 | 200 |    2.584484ms |  192.168.66.115 | POST     /getResult
[2020-01-02 13:11:58] 自開彩開獎  {202001020792 6 36 true} 
ConfigData  map[redisIp:192.168.88.119 redisDB:3 ip:192.168.88.181 port:3306 database:FA_MEM charset:utf8 redisPassword:"" poolname:FA_MEM user:fa_db password:1qaz!QAZ redisPort:6379]
SqlString  SELECT RTP,Amount,Bonus  FROM M_RtpSetting  WHERE Sid = 1   AND State = 1   AND LTG_Code = 6 AND Gid = 36
sqlResult   map[result: count:0 state:0]
[2020-01-02 13:11:58] rtpData ------->   map[result: count:0 state:0] 
[GIN] 2020/01/02 - 13:11:58 | 200 |    2.349269ms |  192.168.66.115 | POST     /getResult
[2020-01-02 13:11:59] 自開彩開獎  {202001020792 1 34 true} 
ConfigData  map[redisDB:3 ip:192.168.88.181 poolname:FA_MEM charset:utf8 redisPort:6379 redisIp:192.168.88.119 redisPassword:"" port:3306 user:fa_db password:1qaz!QAZ database:FA_MEM]
SqlString  SELECT RTP,Amount,Bonus  FROM M_RtpSetting  WHERE Sid = 1   AND State = 1   AND LTG_Code = 1 AND Gid = 34
sqlResult   map[result: count:0 state:0]
[2020-01-02 13:11:59] rtpData ------->   map[result: count:0 state:0] 
[GIN] 2020/01/02 - 13:11:59 | 200 |    2.977637ms |  192.168.66.115 | POST     /getResult
[2020-01-02 13:12:00] 自開彩開獎  {202001020265 6 37 true} 
ConfigData  map[redisPort:6379 redisPassword:"" ip:192.168.88.181 port:3306 password:1qaz!QAZ database:FA_MEM charset:utf8 redisIp:192.168.88.119 redisDB:3 poolname:FA_MEM user:fa_db]
SqlString  SELECT RTP,Amount,Bonus  FROM M_RtpSetting  WHERE Sid = 1   AND State = 1   AND LTG_Code = 6 AND Gid = 37
sqlResult   map[result: count:0 state:0]
[2020-01-02 13:12:00] rtpData ------->   map[result: count:0 state:0] 
[GIN] 2020/01/02 - 13:12:00 | 200 |     2.32203ms |  192.168.66.115 | POST     /getResult
[2020-01-02 13:12:00] 自開彩開獎  {202001020792 4 40 true} 
ConfigData  map[charset:utf8 redisIp:192.168.88.119 redisPassword:"" redisDB:3 poolname:FA_MEM port:3306 password:1qaz!QAZ database:FA_MEM redisPort:6379 ip:192.168.88.181 user:fa_db]
SqlString  SELECT RTP,Amount,Bonus  FROM M_RtpSetting  WHERE Sid = 1   AND State = 1   AND LTG_Code = 4 AND Gid = 40
sqlResult   map[result: count:0 state:0]
[2020-01-02 13:12:00] rtpData ------->   map[result: count:0 state:0] 
[GIN] 2020/01/02 - 13:12:00 | 200 |    2.435733ms |  192.168.66.115 | POST     /getResult
[2020-01-02 13:12:00] 自開彩開獎  {202001020793 2 26 true} 
[2020-01-02 13:12:00] 自開彩開獎  {20200102265 2 27 true} 
ConfigData  map[redisPort:6379 redisDB:3 ip:192.168.88.181 poolname:FA_MEM user:fa_db password:1qaz!QAZ charset:utf8 port:3306 database:FA_MEM redisIp:192.168.88.119 redisPassword:""]
SqlString  SELECT RTP,Amount,Bonus  FROM M_RtpSetting  WHERE Sid = 1   AND State = 1   AND LTG_Code = 2 AND Gid = 26
ConfigData  map[database:FA_MEM charset:utf8 redisIp:192.168.88.119 redisPassword:"" redisDB:3 ip:192.168.88.181 poolname:FA_MEM port:3306 user:fa_db password:1qaz!QAZ redisPort:6379]
SqlString  SELECT RTP,Amount,Bonus  FROM M_RtpSetting  WHERE Sid = 1   AND State = 1   AND LTG_Code = 2 AND Gid = 27
sqlResult   map[count:1 state:1 amount:105208 bonus:58491.69 result:0.9600]
[2020-01-02 13:12:00] rtpData ------->   map[bonus:58491.69 result:0.9600 count:1 state:1 amount:105208] 
ConfigData  map[port:3306 user:fa_db password:1qaz!QAZ database:FA_MEM charset:utf8 redisPort:6379 redisDB:3 poolname:FA_MEM redisIp:192.168.88.119 redisPassword:"" ip:192.168.88.181]
SELECT BO_No, BO_OrderNo , BO_User , BO_Issue  , BO_LotteryTypeGroup, BO_LotteryType, BO_Mode, BO_LotteryPlayGroup, BO_LotteryPlay , BO_LotteryContent, BO_Price, BO_RealPrice, BO_Unit, BO_Multiple , BO_BetCount  , BO_Winnings, BO_Winnings2, BO_Winnings3, BO_WinningLimit  , BO_Water , BO_BW_SourceUserId, BO_BW_BackWater, BO_BW_LimitBetCount, BO_BW_MaxAmount, BO_BW_AuditMultiple  , BO_Odds, BO_Odds2, BO_Odds3 , BO_Type, BO_Chase , BO_OpenResult, BO_OpenResult2, BO_DateDraw, BO_DateDraw2, BO_DateUpdate  FROM TS_BetOrder  WHERE BO_Cancel = 0   AND BO_CancelBackend = 0   AND BO_LotteryTypeGroup = 2 AND BO_LotteryType = 27 AND BO_Issue = 20200102265 AND BO_Collect = 0 ORDER BY BO_DateDraw ASC, BO_DateCreate ASC, BO_DateUpdate ASC, BO_No ASC ;
sqlResult   map[bonus:908100.71 result:0.9600 count:1 state:1 amount:1.0069588e+06]
[2020-01-02 13:12:00] rtpData ------->   map[count:1 state:1 amount:1.0069588e+06 bonus:908100.71 result:0.9600] 
ConfigData  map[password:1qaz!QAZ redisIp:192.168.88.119 redisPort:6379 ip:192.168.88.181 port:3306 database:FA_MEM charset:utf8 redisPassword:"" redisDB:3 poolname:FA_MEM user:fa_db]
SELECT BO_No, BO_OrderNo , BO_User , BO_Issue  , BO_LotteryTypeGroup, BO_LotteryType, BO_Mode, BO_LotteryPlayGroup, BO_LotteryPlay , BO_LotteryContent, BO_Price, BO_RealPrice, BO_Unit, BO_Multiple , BO_BetCount  , BO_Winnings, BO_Winnings2, BO_Winnings3, BO_WinningLimit  , BO_Water , BO_BW_SourceUserId, BO_BW_BackWater, BO_BW_LimitBetCount, BO_BW_MaxAmount, BO_BW_AuditMultiple  , BO_Odds, BO_Odds2, BO_Odds3 , BO_Type, BO_Chase , BO_OpenResult, BO_OpenResult2, BO_DateDraw, BO_DateDraw2, BO_DateUpdate  FROM TS_BetOrder  WHERE BO_Cancel = 0   AND BO_CancelBackend = 0   AND BO_LotteryTypeGroup = 2 AND BO_LotteryType = 26 AND BO_Issue = 202001020793 AND BO_Collect = 0 ORDER BY BO_DateDraw ASC, BO_DateCreate ASC, BO_DateUpdate ASC, BO_No ASC ;
[2020-01-02 13:12:00] LottteryTypeGroup 2 
[2020-01-02 13:12:00] 有期號 但無注單 -------> map[bonus:0 thisOpenResult:[2 4 9 2 6] amount:0] 
[GIN] 2020/01/02 - 13:12:00 | 200 |    5.462246ms |  192.168.66.115 | POST     /getResult
[2020-01-02 13:12:00] LottteryTypeGroup 2 
[2020-01-02 13:12:00] 有期號 但無注單 -------> map[amount:0 bonus:0 thisOpenResult:[1 1 3 4 2]] 
[GIN] 2020/01/02 - 13:12:00 | 200 |    5.595028ms |  192.168.66.115 | POST     /getResult
[2020-01-02 13:12:01] 自開彩開獎  {202001020792 5 38 true} 
ConfigData  map[ip:192.168.88.181 password:1qaz!QAZ database:FA_MEM charset:utf8 redisIp:192.168.88.119 redisPort:6379 redisPassword:"" poolname:FA_MEM port:3306 user:fa_db redisDB:3]
SqlString  SELECT RTP,Amount,Bonus  FROM M_RtpSetting  WHERE Sid = 1   AND State = 1   AND LTG_Code = 5 AND Gid = 38
sqlResult   map[count:0 state:0 result:]
[2020-01-02 13:12:01] rtpData ------->   map[state:0 result: count:0] 
[GIN] 2020/01/02 - 13:12:01 | 200 |    2.538811ms |  192.168.66.115 | POST     /getResult
[2020-01-02 13:12:01] 自開彩開獎  {202001020264 4 41 true} 
ConfigData  map[redisPassword:"" poolname:FA_MEM port:3306 password:1qaz!QAZ database:FA_MEM redisIp:192.168.88.119 redisPort:6379 ip:192.168.88.181 user:fa_db charset:utf8 redisDB:3]
SqlString  SELECT RTP,Amount,Bonus  FROM M_RtpSetting  WHERE Sid = 1   AND State = 1   AND LTG_Code = 4 AND Gid = 41
sqlResult   map[result: count:0 state:0]
[2020-01-02 13:12:01] rtpData ------->   map[result: count:0 state:0] 
[GIN] 2020/01/02 - 13:12:01 | 200 |    2.803502ms |  192.168.66.115 | POST     /getResult
[2020-01-02 13:12:03] 自開彩開獎  {202001020264 1 35 true} 
ConfigData  map[redisPort:6379 redisPassword:"" ip:192.168.88.181 port:3306 user:fa_db password:1qaz!QAZ database:FA_MEM charset:utf8 redisIp:192.168.88.119 redisDB:3 poolname:FA_MEM]
SqlString  SELECT RTP,Amount,Bonus  FROM M_RtpSetting  WHERE Sid = 1   AND State = 1   AND LTG_Code = 1 AND Gid = 35
sqlResult   map[count:0 state:0 result:]
[2020-01-02 13:12:03] rtpData ------->   map[result: count:0 state:0] 
[GIN] 2020/01/02 - 13:12:03 | 200 |    2.489386ms |  192.168.66.115 | POST     /getResult
[2020-01-02 13:12:04] 自開彩開獎  {202001020792 6 36 true} 
ConfigData  map[redisPort:6379 redisPassword:"" redisDB:3 port:3306 password:1qaz!QAZ charset:utf8 redisIp:192.168.88.119 ip:192.168.88.181 poolname:FA_MEM user:fa_db database:FA_MEM]
SqlString  SELECT RTP,Amount,Bonus  FROM M_RtpSetting  WHERE Sid = 1   AND State = 1   AND LTG_Code = 6 AND Gid = 36
sqlResult   map[result: count:0 state:0]
[2020-01-02 13:12:04] rtpData ------->   map[result: count:0 state:0] 
[GIN] 2020/01/02 - 13:12:04 | 200 |    3.382621ms |  192.168.66.115 | POST     /getResult
[2020-01-02 13:12:05] 自開彩開獎  {202001020792 1 34 true} 
ConfigData  map[redisPassword:"" redisDB:3 poolname:FA_MEM password:1qaz!QAZ redisIp:192.168.88.119 database:FA_MEM charset:utf8 redisPort:6379 ip:192.168.88.181 port:3306 user:fa_db]
SqlString  SELECT RTP,Amount,Bonus  FROM M_RtpSetting  WHERE Sid = 1   AND State = 1   AND LTG_Code = 1 AND Gid = 34
sqlResult   map[result: count:0 state:0]
[2020-01-02 13:12:05] rtpData ------->   map[result: count:0 state:0] 
[GIN] 2020/01/02 - 13:12:05 | 200 |    4.012332ms |  192.168.66.115 | POST     /getResult
[2020-01-02 13:12:06] 自開彩開獎  {202001020265 6 37 true} 
ConfigData  map[redisPort:6379 redisPassword:"" ip:192.168.88.181 poolname:FA_MEM port:3306 charset:utf8 redisDB:3 user:fa_db password:1qaz!QAZ database:FA_MEM redisIp:192.168.88.119]
SqlString  SELECT RTP,Amount,Bonus  FROM M_RtpSetting  WHERE Sid = 1   AND State = 1   AND LTG_Code = 6 AND Gid = 37
sqlResult   map[result: count:0 state:0]
[2020-01-02 13:12:06] rtpData ------->   map[state:0 result: count:0] 
[GIN] 2020/01/02 - 13:12:06 | 200 |    2.867701ms |  192.168.66.115 | POST     /getResult
[2020-01-02 13:12:06] 自開彩開獎  {202001020793 4 40 true} 
ConfigData  map[redisPort:6379 redisPassword:"" redisDB:3 user:fa_db charset:utf8 redisIp:192.168.88.119 password:1qaz!QAZ database:FA_MEM ip:192.168.88.181 poolname:FA_MEM port:3306]
SqlString  SELECT RTP,Amount,Bonus  FROM M_RtpSetting  WHERE Sid = 1   AND State = 1   AND LTG_Code = 4 AND Gid = 40
sqlResult   map[result: count:0 state:0]
[2020-01-02 13:12:06] rtpData ------->   map[result: count:0 state:0] 
[GIN] 2020/01/02 - 13:12:06 | 200 |    9.559371ms |  192.168.66.115 | POST     /getResult
[2020-01-02 13:12:07] 自開彩開獎  {202001020793 5 38 true} 
ConfigData  map[poolname:FA_MEM port:3306 user:fa_db password:1qaz!QAZ database:FA_MEM ip:192.168.88.181 charset:utf8 redisIp:192.168.88.119 redisPort:6379 redisPassword:"" redisDB:3]
SqlString  SELECT RTP,Amount,Bonus  FROM M_RtpSetting  WHERE Sid = 1   AND State = 1   AND LTG_Code = 5 AND Gid = 38
sqlResult   map[state:0 result: count:0]
[2020-01-02 13:12:07] rtpData ------->   map[count:0 state:0 result:] 
[GIN] 2020/01/02 - 13:12:07 | 200 |    1.946037ms |  192.168.66.115 | POST     /getResult
[2020-01-02 13:12:07] 自開彩開獎  {202001020265 4 41 true} 
ConfigData  map[redisIp:192.168.88.119 redisPort:6379 redisDB:3 ip:192.168.88.181 port:3306 database:FA_MEM charset:utf8 redisPassword:"" poolname:FA_MEM user:fa_db password:1qaz!QAZ]
SqlString  SELECT RTP,Amount,Bonus  FROM M_RtpSetting  WHERE Sid = 1   AND State = 1   AND LTG_Code = 4 AND Gid = 41
sqlResult   map[result: count:0 state:0]
[2020-01-02 13:12:07] rtpData ------->   map[count:0 state:0 result:] 
[GIN] 2020/01/02 - 13:12:07 | 200 |     2.50404ms |  192.168.66.115 | POST     /getResult
[2020-01-02 13:12:09] 自開彩開獎  {202001020265 1 35 true} 
ConfigData  map[database:FA_MEM charset:utf8 redisPassword:"" port:3306 user:fa_db password:1qaz!QAZ redisIp:192.168.88.119 redisPort:6379 redisDB:3 ip:192.168.88.181 poolname:FA_MEM]
SqlString  SELECT RTP,Amount,Bonus  FROM M_RtpSetting  WHERE Sid = 1   AND State = 1   AND LTG_Code = 1 AND Gid = 35
sqlResult   map[result: count:0 state:0]
[2020-01-02 13:12:09] rtpData ------->   map[result: count:0 state:0] 
[GIN] 2020/01/02 - 13:12:09 | 200 |    2.745894ms |  192.168.66.115 | POST     /getResult
[2020-01-02 13:12:10] 自開彩開獎  {202001020793 6 36 true} 
ConfigData  map[charset:utf8 redisPassword:"" ip:192.168.88.181 poolname:FA_MEM password:1qaz!QAZ database:FA_MEM redisIp:192.168.88.119 redisPort:6379 redisDB:3 port:3306 user:fa_db]
SqlString  SELECT RTP,Amount,Bonus  FROM M_RtpSetting  WHERE Sid = 1   AND State = 1   AND LTG_Code = 6 AND Gid = 36
sqlResult   map[result: count:0 state:0]
[2020-01-02 13:12:10] rtpData ------->   map[result: count:0 state:0] 
[GIN] 2020/01/02 - 13:12:10 | 200 |    2.801936ms |  192.168.66.115 | POST     /getResult
[2020-01-02 13:12:11] 自開彩開獎  {202001020793 1 34 true} 
ConfigData  map[ip:192.168.88.181 poolname:FA_MEM port:3306 user:fa_db password:1qaz!QAZ database:FA_MEM charset:utf8 redisIp:192.168.88.119 redisPassword:"" redisDB:3 redisPort:6379]
SqlString  SELECT RTP,Amount,Bonus  FROM M_RtpSetting  WHERE Sid = 1   AND State = 1   AND LTG_Code = 1 AND Gid = 34
sqlResult   map[result: count:0 state:0]
[2020-01-02 13:12:11] rtpData ------->   map[result: count:0 state:0] 
[GIN] 2020/01/02 - 13:12:11 | 200 |    2.533541ms |  192.168.66.115 | POST     /getResult
[2020-01-02 13:12:12] 自開彩開獎  {202001020265 6 37 true} 
ConfigData  map[port:3306 database:FA_MEM redisDB:3 redisPort:6379 redisPassword:"" ip:192.168.88.181 poolname:FA_MEM user:fa_db password:1qaz!QAZ charset:utf8 redisIp:192.168.88.119]
SqlString  SELECT RTP,Amount,Bonus  FROM M_RtpSetting  WHERE Sid = 1   AND State = 1   AND LTG_Code = 6 AND Gid = 37
sqlResult   map[result: count:0 state:0]
[2020-01-02 13:12:12] rtpData ------->   map[result: count:0 state:0] 
[GIN] 2020/01/02 - 13:12:12 | 200 |    2.857306ms |  192.168.66.115 | POST     /getResult
[2020-01-02 13:12:12] 自開彩開獎  {202001020793 4 40 true} 
ConfigData  map[user:fa_db password:1qaz!QAZ database:FA_MEM redisIp:192.168.88.119 redisPassword:"" redisDB:3 ip:192.168.88.181 poolname:FA_MEM port:3306 charset:utf8 redisPort:6379]
SqlString  SELECT RTP,Amount,Bonus  FROM M_RtpSetting  WHERE Sid = 1   AND State = 1   AND LTG_Code = 4 AND Gid = 40
sqlResult   map[result: count:0 state:0]
[2020-01-02 13:12:12] rtpData ------->   map[result: count:0 state:0] 
[GIN] 2020/01/02 - 13:12:12 | 200 |    2.703367ms |  192.168.66.115 | POST     /getResult
[2020-01-02 13:12:13] 自開彩開獎  {202001020793 5 38 true} 
ConfigData  map[ip:192.168.88.181 port:3306 database:FA_MEM redisPort:6379 redisPassword:"" poolname:FA_MEM user:fa_db password:1qaz!QAZ charset:utf8 redisIp:192.168.88.119 redisDB:3]
SqlString  SELECT RTP,Amount,Bonus  FROM M_RtpSetting  WHERE Sid = 1   AND State = 1   AND LTG_Code = 5 AND Gid = 38
sqlResult   map[result: count:0 state:0]
[2020-01-02 13:12:13] rtpData ------->   map[result: count:0 state:0] 
[GIN] 2020/01/02 - 13:12:13 | 200 |     2.39739ms |  192.168.66.115 | POST     /getResult
[2020-01-02 13:12:13] 自開彩開獎  {202001020265 4 41 true} 
ConfigData  map[charset:utf8 redisPassword:"" ip:192.168.88.181 poolname:FA_MEM port:3306 user:fa_db password:1qaz!QAZ database:FA_MEM redisIp:192.168.88.119 redisPort:6379 redisDB:3]
SqlString  SELECT RTP,Amount,Bonus  FROM M_RtpSetting  WHERE Sid = 1   AND State = 1   AND LTG_Code = 4 AND Gid = 41
sqlResult   map[state:0 result: count:0]
[2020-01-02 13:12:13] rtpData ------->   map[result: count:0 state:0] 
[GIN] 2020/01/02 - 13:12:13 | 200 |    2.698553ms |  192.168.66.115 | POST     /getResult
[2020-01-02 13:12:15] 自開彩開獎  {202001020265 1 35 true} 
ConfigData  map[poolname:FA_MEM user:fa_db password:1qaz!QAZ charset:utf8 redisIp:192.168.88.119 redisPort:6379 redisPassword:"" ip:192.168.88.181 port:3306 database:FA_MEM redisDB:3]
SqlString  SELECT RTP,Amount,Bonus  FROM M_RtpSetting  WHERE Sid = 1   AND State = 1   AND LTG_Code = 1 AND Gid = 35
sqlResult   map[result: count:0 state:0]
[2020-01-02 13:12:15] rtpData ------->   map[result: count:0 state:0] 
[GIN] 2020/01/02 - 13:12:15 | 200 |    2.857315ms |  192.168.66.115 | POST     /getResult
[2020-01-02 13:12:16] 自開彩開獎  {202001020793 6 36 true} 
ConfigData  map[port:3306 user:fa_db database:FA_MEM redisPort:6379 redisPassword:"" redisDB:3 ip:192.168.88.181 password:1qaz!QAZ charset:utf8 redisIp:192.168.88.119 poolname:FA_MEM]
SqlString  SELECT RTP,Amount,Bonus  FROM M_RtpSetting  WHERE Sid = 1   AND State = 1   AND LTG_Code = 6 AND Gid = 36
sqlResult   map[result: count:0 state:0]
[2020-01-02 13:12:16] rtpData ------->   map[state:0 result: count:0] 
[GIN] 2020/01/02 - 13:12:16 | 200 |    5.153626ms |  192.168.66.115 | POST     /getResult
[2020-01-02 13:12:17] 自開彩開獎  {202001020793 1 34 true} 
ConfigData  map[redisPort:6379 poolname:FA_MEM port:3306 password:1qaz!QAZ database:FA_MEM charset:utf8 redisIp:192.168.88.119 ip:192.168.88.181 user:fa_db redisPassword:"" redisDB:3]
SqlString  SELECT RTP,Amount,Bonus  FROM M_RtpSetting  WHERE Sid = 1   AND State = 1   AND LTG_Code = 1 AND Gid = 34
sqlResult   map[result: count:0 state:0]
[2020-01-02 13:12:17] rtpData ------->   map[result: count:0 state:0] 
[GIN] 2020/01/02 - 13:12:17 | 200 |    2.307057ms |  192.168.66.115 | POST     /getResult
[2020-01-02 13:12:18] 自開彩開獎  {202001020265 6 37 true} 
ConfigData  map[redisPort:6379 redisPassword:"" redisDB:3 ip:192.168.88.181 database:FA_MEM charset:utf8 password:1qaz!QAZ redisIp:192.168.88.119 poolname:FA_MEM port:3306 user:fa_db]
SqlString  SELECT RTP,Amount,Bonus  FROM M_RtpSetting  WHERE Sid = 1   AND State = 1   AND LTG_Code = 6 AND Gid = 37
sqlResult   map[result: count:0 state:0]
[2020-01-02 13:12:18] rtpData ------->   map[result: count:0 state:0] 
[GIN] 2020/01/02 - 13:12:18 | 200 |    2.734906ms |  192.168.66.115 | POST     /getResult
[2020-01-02 13:12:18] 自開彩開獎  {202001020793 4 40 true} 
ConfigData  map[user:fa_db password:1qaz!QAZ database:FA_MEM redisPassword:"" redisDB:3 poolname:FA_MEM port:3306 charset:utf8 redisIp:192.168.88.119 redisPort:6379 ip:192.168.88.181]
SqlString  SELECT RTP,Amount,Bonus  FROM M_RtpSetting  WHERE Sid = 1   AND State = 1   AND LTG_Code = 4 AND Gid = 40
sqlResult   map[count:0 state:0 result:]
[2020-01-02 13:12:18] rtpData ------->   map[result: count:0 state:0] 
[GIN] 2020/01/02 - 13:12:18 | 200 |    2.986314ms |  192.168.66.115 | POST     /getResult
[2020-01-02 13:12:19] 自開彩開獎  {202001020793 5 38 true} 
ConfigData  map[poolname:FA_MEM port:3306 database:FA_MEM redisIp:192.168.88.119 redisPassword:"" ip:192.168.88.181 password:1qaz!QAZ charset:utf8 redisPort:6379 redisDB:3 user:fa_db]
SqlString  SELECT RTP,Amount,Bonus  FROM M_RtpSetting  WHERE Sid = 1   AND State = 1   AND LTG_Code = 5 AND Gid = 38
sqlResult   map[state:0 result: count:0]
[2020-01-02 13:12:19] rtpData ------->   map[result: count:0 state:0] 
[GIN] 2020/01/02 - 13:12:19 | 200 |    2.274089ms |  192.168.66.115 | POST     /getResult
[2020-01-02 13:12:19] 自開彩開獎  {202001020265 4 41 true} 
ConfigData  map[port:3306 charset:utf8 ip:192.168.88.181 poolname:FA_MEM user:fa_db password:1qaz!QAZ database:FA_MEM redisIp:192.168.88.119 redisPort:6379 redisPassword:"" redisDB:3]
SqlString  SELECT RTP,Amount,Bonus  FROM M_RtpSetting  WHERE Sid = 1   AND State = 1   AND LTG_Code = 4 AND Gid = 41
sqlResult   map[result: count:0 state:0]
[2020-01-02 13:12:19] rtpData ------->   map[result: count:0 state:0] 
[GIN] 2020/01/02 - 13:12:19 | 200 |    2.914653ms |  192.168.66.115 | POST     /getResult
[2020-01-02 13:12:21] 自開彩開獎  {202001020265 1 35 true} 
ConfigData  map[poolname:FA_MEM password:1qaz!QAZ database:FA_MEM redisIp:192.168.88.119 redisPort:6379 ip:192.168.88.181 user:fa_db charset:utf8 redisPassword:"" redisDB:3 port:3306]
SqlString  SELECT RTP,Amount,Bonus  FROM M_RtpSetting  WHERE Sid = 1   AND State = 1   AND LTG_Code = 1 AND Gid = 35
sqlResult   map[result: count:0 state:0]
[2020-01-02 13:12:21] rtpData ------->   map[count:0 state:0 result:] 
[GIN] 2020/01/02 - 13:12:21 | 200 |     2.65597ms |  192.168.66.115 | POST     /getResult
[2020-01-02 13:12:22] 自開彩開獎  {202001020793 6 36 true} 
ConfigData  map[redisPort:6379 redisPassword:"" poolname:FA_MEM port:3306 database:FA_MEM charset:utf8 redisIp:192.168.88.119 redisDB:3 ip:192.168.88.181 user:fa_db password:1qaz!QAZ]
SqlString  SELECT RTP,Amount,Bonus  FROM M_RtpSetting  WHERE Sid = 1   AND State = 1   AND LTG_Code = 6 AND Gid = 36
sqlResult   map[state:0 result: count:0]
[2020-01-02 13:12:22] rtpData ------->   map[result: count:0 state:0] 
[GIN] 2020/01/02 - 13:12:22 | 200 |    2.616935ms |  192.168.66.115 | POST     /getResult
[2020-01-02 13:12:23] 自開彩開獎  {202001020793 1 34 true} 
ConfigData  map[port:3306 user:fa_db database:FA_MEM redisIp:192.168.88.119 redisPort:6379 ip:192.168.88.181 poolname:FA_MEM redisPassword:"" redisDB:3 password:1qaz!QAZ charset:utf8]
SqlString  SELECT RTP,Amount,Bonus  FROM M_RtpSetting  WHERE Sid = 1   AND State = 1   AND LTG_Code = 1 AND Gid = 34
sqlResult   map[result: count:0 state:0]
[2020-01-02 13:12:23] rtpData ------->   map[result: count:0 state:0] 
[GIN] 2020/01/02 - 13:12:23 | 200 |    2.494583ms |  192.168.66.115 | POST     /getResult
[2020-01-02 13:12:24] 自開彩開獎  {202001020265 6 37 true} 
ConfigData  map[database:FA_MEM charset:utf8 redisIp:192.168.88.119 redisDB:3 poolname:FA_MEM port:3306 user:fa_db password:1qaz!QAZ ip:192.168.88.181 redisPort:6379 redisPassword:""]
SqlString  SELECT RTP,Amount,Bonus  FROM M_RtpSetting  WHERE Sid = 1   AND State = 1   AND LTG_Code = 6 AND Gid = 37
sqlResult   map[result: count:0 state:0]
[2020-01-02 13:12:24] rtpData ------->   map[result: count:0 state:0] 
[GIN] 2020/01/02 - 13:12:24 | 200 |    2.481251ms |  192.168.66.115 | POST     /getResult
[2020-01-02 13:12:24] 自開彩開獎  {202001020793 4 40 true} 
ConfigData  map[redisDB:3 ip:192.168.88.181 port:3306 database:FA_MEM redisIp:192.168.88.119 redisPort:6379 redisPassword:"" poolname:FA_MEM user:fa_db password:1qaz!QAZ charset:utf8]
SqlString  SELECT RTP,Amount,Bonus  FROM M_RtpSetting  WHERE Sid = 1   AND State = 1   AND LTG_Code = 4 AND Gid = 40
sqlResult   map[result: count:0 state:0]
[2020-01-02 13:12:24] rtpData ------->   map[result: count:0 state:0] 
[GIN] 2020/01/02 - 13:12:24 | 200 |    2.165539ms |  192.168.66.115 | POST     /getResult
[2020-01-02 13:12:25] 自開彩開獎  {202001020793 5 38 true} 
ConfigData  map[redisPort:6379 redisPassword:"" redisDB:3 poolname:FA_MEM user:fa_db database:FA_MEM redisIp:192.168.88.119 ip:192.168.88.181 port:3306 password:1qaz!QAZ charset:utf8]
SqlString  SELECT RTP,Amount,Bonus  FROM M_RtpSetting  WHERE Sid = 1   AND State = 1   AND LTG_Code = 5 AND Gid = 38
sqlResult   map[result: count:0 state:0]
[2020-01-02 13:12:25] rtpData ------->   map[result: count:0 state:0] 
[GIN] 2020/01/02 - 13:12:25 | 200 |    3.076656ms |  192.168.66.115 | POST     /getResult
[2020-01-02 13:12:25] 自開彩開獎  {202001020265 4 41 true} 
ConfigData  map[ip:192.168.88.181 poolname:FA_MEM redisIp:192.168.88.119 redisPort:6379 port:3306 user:fa_db password:1qaz!QAZ database:FA_MEM charset:utf8 redisPassword:"" redisDB:3]
SqlString  SELECT RTP,Amount,Bonus  FROM M_RtpSetting  WHERE Sid = 1   AND State = 1   AND LTG_Code = 4 AND Gid = 41
sqlResult   map[result: count:0 state:0]
[2020-01-02 13:12:25] rtpData ------->   map[state:0 result: count:0] 
[GIN] 2020/01/02 - 13:12:25 | 200 |    2.489144ms |  192.168.66.115 | POST     /getResult
[2020-01-02 13:12:27] 自開彩開獎  {202001020265 1 35 true} 
ConfigData  map[ip:192.168.88.181 user:fa_db redisPort:6379 redisPassword:"" poolname:FA_MEM port:3306 password:1qaz!QAZ database:FA_MEM charset:utf8 redisIp:192.168.88.119 redisDB:3]
SqlString  SELECT RTP,Amount,Bonus  FROM M_RtpSetting  WHERE Sid = 1   AND State = 1   AND LTG_Code = 1 AND Gid = 35
sqlResult   map[count:0 state:0 result:]
[2020-01-02 13:12:27] rtpData ------->   map[count:0 state:0 result:] 
[GIN] 2020/01/02 - 13:12:27 | 200 |    2.854406ms |  192.168.66.115 | POST     /getResult
[2020-01-02 13:12:28] 自開彩開獎  {202001020793 6 36 true} 
ConfigData  map[poolname:FA_MEM port:3306 charset:utf8 redisIp:192.168.88.119 redisDB:3 ip:192.168.88.181 user:fa_db password:1qaz!QAZ database:FA_MEM redisPort:6379 redisPassword:""]
SqlString  SELECT RTP,Amount,Bonus  FROM M_RtpSetting  WHERE Sid = 1   AND State = 1   AND LTG_Code = 6 AND Gid = 36
sqlResult   map[state:0 result: count:0]
[2020-01-02 13:12:28] rtpData ------->   map[result: count:0 state:0] 
[GIN] 2020/01/02 - 13:12:28 | 200 |    2.574679ms |  192.168.66.115 | POST     /getResult
[2020-01-02 13:12:29] 自開彩開獎  {202001020793 1 34 true} 
ConfigData  map[ip:192.168.88.181 poolname:FA_MEM user:fa_db redisPort:6379 redisDB:3 port:3306 password:1qaz!QAZ database:FA_MEM charset:utf8 redisIp:192.168.88.119 redisPassword:""]
SqlString  SELECT RTP,Amount,Bonus  FROM M_RtpSetting  WHERE Sid = 1   AND State = 1   AND LTG_Code = 1 AND Gid = 34
sqlResult   map[result: count:0 state:0]
[2020-01-02 13:12:29] rtpData ------->   map[count:0 state:0 result:] 
[GIN] 2020/01/02 - 13:12:29 | 200 |    2.799968ms |  192.168.66.115 | POST     /getResult
[2020-01-02 13:12:30] 自開彩開獎  {202001020265 6 37 true} 
ConfigData  map[ip:192.168.88.181 port:3306 password:1qaz!QAZ database:FA_MEM redisPassword:"" redisDB:3 poolname:FA_MEM user:fa_db charset:utf8 redisIp:192.168.88.119 redisPort:6379]
SqlString  SELECT RTP,Amount,Bonus  FROM M_RtpSetting  WHERE Sid = 1   AND State = 1   AND LTG_Code = 6 AND Gid = 37
sqlResult   map[result: count:0 state:0]
[2020-01-02 13:12:30] rtpData ------->   map[state:0 result: count:0] 
[GIN] 2020/01/02 - 13:12:30 | 200 |    2.372746ms |  192.168.66.115 | POST     /getResult
[2020-01-02 13:12:30] 自開彩開獎  {202001020793 4 40 true} 
ConfigData  map[password:1qaz!QAZ port:3306 user:fa_db database:FA_MEM charset:utf8 redisIp:192.168.88.119 redisPort:6379 redisPassword:"" redisDB:3 ip:192.168.88.181 poolname:FA_MEM]
SqlString  SELECT RTP,Amount,Bonus  FROM M_RtpSetting  WHERE Sid = 1   AND State = 1   AND LTG_Code = 4 AND Gid = 40
sqlResult   map[result: count:0 state:0]
[2020-01-02 13:12:30] rtpData ------->   map[result: count:0 state:0] 
[GIN] 2020/01/02 - 13:12:30 | 200 |    2.538956ms |  192.168.66.115 | POST     /getResult
[2020-01-02 13:12:31] 自開彩開獎  {202001020793 5 38 true} 
ConfigData  map[port:3306 user:fa_db password:1qaz!QAZ charset:utf8 redisPassword:"" redisDB:3 ip:192.168.88.181 poolname:FA_MEM redisPort:6379 database:FA_MEM redisIp:192.168.88.119]
SqlString  SELECT RTP,Amount,Bonus  FROM M_RtpSetting  WHERE Sid = 1   AND State = 1   AND LTG_Code = 5 AND Gid = 38
sqlResult   map[result: count:0 state:0]
[2020-01-02 13:12:31] rtpData ------->   map[result: count:0 state:0] 
[GIN] 2020/01/02 - 13:12:31 | 200 |    2.311288ms |  192.168.66.115 | POST     /getResult
[2020-01-02 13:12:31] 自開彩開獎  {202001020265 4 41 true} 
ConfigData  map[charset:utf8 redisIp:192.168.88.119 redisPort:6379 redisPassword:"" ip:192.168.88.181 database:FA_MEM user:fa_db password:1qaz!QAZ redisDB:3 poolname:FA_MEM port:3306]
SqlString  SELECT RTP,Amount,Bonus  FROM M_RtpSetting  WHERE Sid = 1   AND State = 1   AND LTG_Code = 4 AND Gid = 41
sqlResult   map[result: count:0 state:0]
[2020-01-02 13:12:31] rtpData ------->   map[result: count:0 state:0] 
[GIN] 2020/01/02 - 13:12:31 | 200 |    2.874693ms |  192.168.66.115 | POST     /getResult
[2020-01-02 13:12:33] 自開彩開獎  {202001020265 1 35 true} 
ConfigData  map[ip:192.168.88.181 user:fa_db password:1qaz!QAZ database:FA_MEM redisPassword:"" poolname:FA_MEM port:3306 charset:utf8 redisIp:192.168.88.119 redisPort:6379 redisDB:3]
SqlString  SELECT RTP,Amount,Bonus  FROM M_RtpSetting  WHERE Sid = 1   AND State = 1   AND LTG_Code = 1 AND Gid = 35
sqlResult   map[result: count:0 state:0]
[2020-01-02 13:12:33] rtpData ------->   map[result: count:0 state:0] 
[GIN] 2020/01/02 - 13:12:33 | 200 |    2.590199ms |  192.168.66.115 | POST     /getResult
[2020-01-02 13:12:34] 自開彩開獎  {202001020793 6 36 true} 
ConfigData  map[port:3306 database:FA_MEM charset:utf8 redisPassword:"" redisDB:3 ip:192.168.88.181 poolname:FA_MEM user:fa_db password:1qaz!QAZ redisIp:192.168.88.119 redisPort:6379]
SqlString  SELECT RTP,Amount,Bonus  FROM M_RtpSetting  WHERE Sid = 1   AND State = 1   AND LTG_Code = 6 AND Gid = 36
sqlResult   map[result: count:0 state:0]
[2020-01-02 13:12:34] rtpData ------->   map[result: count:0 state:0] 
[GIN] 2020/01/02 - 13:12:34 | 200 |    2.624665ms |  192.168.66.115 | POST     /getResult
[2020-01-02 13:12:35] 自開彩開獎  {202001020793 1 34 true} 
ConfigData  map[redisIp:192.168.88.119 redisPort:6379 ip:192.168.88.181 user:fa_db database:FA_MEM charset:utf8 redisPassword:"" redisDB:3 poolname:FA_MEM port:3306 password:1qaz!QAZ]
SqlString  SELECT RTP,Amount,Bonus  FROM M_RtpSetting  WHERE Sid = 1   AND State = 1   AND LTG_Code = 1 AND Gid = 34
sqlResult   map[count:0 state:0 result:]
[2020-01-02 13:12:35] rtpData ------->   map[result: count:0 state:0] 
[GIN] 2020/01/02 - 13:12:35 | 200 |     2.57577ms |  192.168.66.115 | POST     /getResult
[2020-01-02 13:12:36] 自開彩開獎  {202001020265 6 37 true} 
ConfigData  map[charset:utf8 redisIp:192.168.88.119 redisPort:6379 redisDB:3 ip:192.168.88.181 poolname:FA_MEM password:1qaz!QAZ database:FA_MEM port:3306 user:fa_db redisPassword:""]
SqlString  SELECT RTP,Amount,Bonus  FROM M_RtpSetting  WHERE Sid = 1   AND State = 1   AND LTG_Code = 6 AND Gid = 37
sqlResult   map[count:0 state:0 result:]
[2020-01-02 13:12:36] rtpData ------->   map[result: count:0 state:0] 
[GIN] 2020/01/02 - 13:12:36 | 200 |    3.182422ms |  192.168.66.115 | POST     /getResult
[2020-01-02 13:12:36] 自開彩開獎  {202001020793 4 40 true} 
ConfigData  map[ip:192.168.88.181 poolname:FA_MEM user:fa_db password:1qaz!QAZ database:FA_MEM redisIp:192.168.88.119 port:3306 charset:utf8 redisPort:6379 redisPassword:"" redisDB:3]
SqlString  SELECT RTP,Amount,Bonus  FROM M_RtpSetting  WHERE Sid = 1   AND State = 1   AND LTG_Code = 4 AND Gid = 40
sqlResult   map[result: count:0 state:0]
[2020-01-02 13:12:36] rtpData ------->   map[result: count:0 state:0] 
[GIN] 2020/01/02 - 13:12:36 | 200 |    2.321097ms |  192.168.66.115 | POST     /getResult
[2020-01-02 13:12:37] 自開彩開獎  {202001020793 5 38 true} 
ConfigData  map[ip:192.168.88.181 port:3306 redisPort:6379 redisDB:3 poolname:FA_MEM user:fa_db password:1qaz!QAZ database:FA_MEM charset:utf8 redisIp:192.168.88.119 redisPassword:""]
SqlString  SELECT RTP,Amount,Bonus  FROM M_RtpSetting  WHERE Sid = 1   AND State = 1   AND LTG_Code = 5 AND Gid = 38
sqlResult   map[result: count:0 state:0]
[2020-01-02 13:12:37] rtpData ------->   map[result: count:0 state:0] 
[GIN] 2020/01/02 - 13:12:37 | 200 |    1.750359ms |  192.168.66.115 | POST     /getResult
[2020-01-02 13:12:37] 自開彩開獎  {202001020265 4 41 true} 
ConfigData  map[port:3306 password:1qaz!QAZ redisIp:192.168.88.119 redisPort:6379 redisDB:3 ip:192.168.88.181 poolname:FA_MEM user:fa_db database:FA_MEM charset:utf8 redisPassword:""]
SqlString  SELECT RTP,Amount,Bonus  FROM M_RtpSetting  WHERE Sid = 1   AND State = 1   AND LTG_Code = 4 AND Gid = 41
sqlResult   map[count:0 state:0 result:]
[2020-01-02 13:12:37] rtpData ------->   map[result: count:0 state:0] 
[GIN] 2020/01/02 - 13:12:37 | 200 |    2.974669ms |  192.168.66.115 | POST     /getResult
[2020-01-02 13:12:39] 自開彩開獎  {202001020265 1 35 true} 
ConfigData  map[poolname:FA_MEM user:fa_db database:FA_MEM charset:utf8 redisIp:192.168.88.119 redisPort:6379 redisPassword:"" redisDB:3 ip:192.168.88.181 port:3306 password:1qaz!QAZ]
SqlString  SELECT RTP,Amount,Bonus  FROM M_RtpSetting  WHERE Sid = 1   AND State = 1   AND LTG_Code = 1 AND Gid = 35
sqlResult   map[result: count:0 state:0]
[2020-01-02 13:12:39] rtpData ------->   map[result: count:0 state:0] 
[GIN] 2020/01/02 - 13:12:39 | 200 |    2.608041ms |  192.168.66.115 | POST     /getResult
[2020-01-02 13:12:40] 自開彩開獎  {202001020793 6 36 true} 
ConfigData  map[password:1qaz!QAZ charset:utf8 redisDB:3 redisPassword:"" ip:192.168.88.181 poolname:FA_MEM port:3306 user:fa_db database:FA_MEM redisIp:192.168.88.119 redisPort:6379]
SqlString  SELECT RTP,Amount,Bonus  FROM M_RtpSetting  WHERE Sid = 1   AND State = 1   AND LTG_Code = 6 AND Gid = 36
sqlResult   map[count:0 state:0 result:]
[2020-01-02 13:12:40] rtpData ------->   map[state:0 result: count:0] 
[GIN] 2020/01/02 - 13:12:40 | 200 |    2.931752ms |  192.168.66.115 | POST     /getResult
[2020-01-02 13:12:41] 自開彩開獎  {202001020793 1 34 true} 
ConfigData  map[port:3306 password:1qaz!QAZ database:FA_MEM charset:utf8 redisPassword:"" redisDB:3 ip:192.168.88.181 poolname:FA_MEM user:fa_db redisIp:192.168.88.119 redisPort:6379]
SqlString  SELECT RTP,Amount,Bonus  FROM M_RtpSetting  WHERE Sid = 1   AND State = 1   AND LTG_Code = 1 AND Gid = 34
sqlResult   map[result: count:0 state:0]
[2020-01-02 13:12:41] rtpData ------->   map[result: count:0 state:0] 
[GIN] 2020/01/02 - 13:12:41 | 200 |    2.144946ms |  192.168.66.115 | POST     /getResult
[2020-01-02 13:12:42] 自開彩開獎  {202001020265 6 37 true} 
ConfigData  map[redisDB:3 redisIp:192.168.88.119 ip:192.168.88.181 poolname:FA_MEM port:3306 user:fa_db password:1qaz!QAZ database:FA_MEM charset:utf8 redisPort:6379 redisPassword:""]
SqlString  SELECT RTP,Amount,Bonus  FROM M_RtpSetting  WHERE Sid = 1   AND State = 1   AND LTG_Code = 6 AND Gid = 37
sqlResult   map[count:0 state:0 result:]
[2020-01-02 13:12:42] rtpData ------->   map[result: count:0 state:0] 
[GIN] 2020/01/02 - 13:12:42 | 200 |     2.70721ms |  192.168.66.115 | POST     /getResult
[2020-01-02 13:12:42] 自開彩開獎  {202001020793 4 40 true} 
ConfigData  map[redisDB:3 ip:192.168.88.181 poolname:FA_MEM redisIp:192.168.88.119 redisPassword:"" charset:utf8 redisPort:6379 port:3306 user:fa_db password:1qaz!QAZ database:FA_MEM]
SqlString  SELECT RTP,Amount,Bonus  FROM M_RtpSetting  WHERE Sid = 1   AND State = 1   AND LTG_Code = 4 AND Gid = 40
sqlResult   map[result: count:0 state:0]
[2020-01-02 13:12:42] rtpData ------->   map[state:0 result: count:0] 
[GIN] 2020/01/02 - 13:12:42 | 200 |    2.711139ms |  192.168.66.115 | POST     /getResult
[2020-01-02 13:12:43] 自開彩開獎  {202001020793 5 38 true} 
ConfigData  map[ip:192.168.88.181 password:1qaz!QAZ database:FA_MEM redisPort:6379 redisPassword:"" poolname:FA_MEM port:3306 user:fa_db charset:utf8 redisIp:192.168.88.119 redisDB:3]
SqlString  SELECT RTP,Amount,Bonus  FROM M_RtpSetting  WHERE Sid = 1   AND State = 1   AND LTG_Code = 5 AND Gid = 38
sqlResult   map[count:0 state:0 result:]
[2020-01-02 13:12:43] rtpData ------->   map[result: count:0 state:0] 
[GIN] 2020/01/02 - 13:12:43 | 200 |    2.029736ms |  192.168.66.115 | POST     /getResult
[2020-01-02 13:12:43] 自開彩開獎  {202001020265 4 41 true} 
ConfigData  map[ip:192.168.88.181 poolname:FA_MEM port:3306 user:fa_db password:1qaz!QAZ charset:utf8 redisDB:3 database:FA_MEM redisIp:192.168.88.119 redisPort:6379 redisPassword:""]
SqlString  SELECT RTP,Amount,Bonus  FROM M_RtpSetting  WHERE Sid = 1   AND State = 1   AND LTG_Code = 4 AND Gid = 41
sqlResult   map[state:0 result: count:0]
[2020-01-02 13:12:43] rtpData ------->   map[result: count:0 state:0] 
[GIN] 2020/01/02 - 13:12:43 | 200 |    2.655043ms |  192.168.66.115 | POST     /getResult
[2020-01-02 13:12:45] 自開彩開獎  {202001020265 1 35 true} 
ConfigData  map[redisDB:3 port:3306 user:fa_db password:1qaz!QAZ database:FA_MEM redisIp:192.168.88.119 redisPassword:"" ip:192.168.88.181 poolname:FA_MEM charset:utf8 redisPort:6379]
SqlString  SELECT RTP,Amount,Bonus  FROM M_RtpSetting  WHERE Sid = 1   AND State = 1   AND LTG_Code = 1 AND Gid = 35
sqlResult   map[result: count:0 state:0]
[2020-01-02 13:12:45] rtpData ------->   map[result: count:0 state:0] 
[GIN] 2020/01/02 - 13:12:45 | 200 |    2.317577ms |  192.168.66.115 | POST     /getResult
[2020-01-02 13:12:46] 自開彩開獎  {202001020793 6 36 true} 
ConfigData  map[database:FA_MEM redisPort:6379 redisDB:3 user:fa_db password:1qaz!QAZ port:3306 charset:utf8 redisIp:192.168.88.119 redisPassword:"" ip:192.168.88.181 poolname:FA_MEM]
SqlString  SELECT RTP,Amount,Bonus  FROM M_RtpSetting  WHERE Sid = 1   AND State = 1   AND LTG_Code = 6 AND Gid = 36
sqlResult   map[result: count:0 state:0]
[2020-01-02 13:12:46] rtpData ------->   map[result: count:0 state:0] 
[GIN] 2020/01/02 - 13:12:46 | 200 |    3.034686ms |  192.168.66.115 | POST     /getResult
[2020-01-02 13:12:47] 自開彩開獎  {202001020793 1 34 true} 
ConfigData  map[ip:192.168.88.181 port:3306 user:fa_db password:1qaz!QAZ redisIp:192.168.88.119 poolname:FA_MEM database:FA_MEM charset:utf8 redisPort:6379 redisPassword:"" redisDB:3]
SqlString  SELECT RTP,Amount,Bonus  FROM M_RtpSetting  WHERE Sid = 1   AND State = 1   AND LTG_Code = 1 AND Gid = 34
sqlResult   map[result: count:0 state:0]
[2020-01-02 13:12:47] rtpData ------->   map[result: count:0 state:0] 
[GIN] 2020/01/02 - 13:12:47 | 200 |     2.66401ms |  192.168.66.115 | POST     /getResult
[2020-01-02 13:12:48] 自開彩開獎  {202001020265 6 37 true} 
ConfigData  map[redisIp:192.168.88.119 redisPort:6379 redisDB:3 charset:utf8 poolname:FA_MEM port:3306 user:fa_db password:1qaz!QAZ database:FA_MEM redisPassword:"" ip:192.168.88.181]
SqlString  SELECT RTP,Amount,Bonus  FROM M_RtpSetting  WHERE Sid = 1   AND State = 1   AND LTG_Code = 6 AND Gid = 37
sqlResult   map[result: count:0 state:0]
[2020-01-02 13:12:48] rtpData ------->   map[result: count:0 state:0] 
[GIN] 2020/01/02 - 13:12:48 | 200 |    2.524019ms |  192.168.66.115 | POST     /getResult
[2020-01-02 13:12:48] 自開彩開獎  {202001020793 4 40 true} 
ConfigData  map[ip:192.168.88.181 redisPassword:"" redisDB:3 database:FA_MEM charset:utf8 redisIp:192.168.88.119 redisPort:6379 poolname:FA_MEM port:3306 user:fa_db password:1qaz!QAZ]
SqlString  SELECT RTP,Amount,Bonus  FROM M_RtpSetting  WHERE Sid = 1   AND State = 1   AND LTG_Code = 4 AND Gid = 40
sqlResult   map[state:0 result: count:0]
[2020-01-02 13:12:48] rtpData ------->   map[result: count:0 state:0] 
[GIN] 2020/01/02 - 13:12:48 | 200 |    3.196005ms |  192.168.66.115 | POST     /getResult
[2020-01-02 13:12:49] 自開彩開獎  {202001020793 5 38 true} 
ConfigData  map[poolname:FA_MEM port:3306 database:FA_MEM redisDB:3 ip:192.168.88.181 user:fa_db password:1qaz!QAZ charset:utf8 redisIp:192.168.88.119 redisPort:6379 redisPassword:""]
SqlString  SELECT RTP,Amount,Bonus  FROM M_RtpSetting  WHERE Sid = 1   AND State = 1   AND LTG_Code = 5 AND Gid = 38
sqlResult   map[state:0 result: count:0]
[2020-01-02 13:12:49] rtpData ------->   map[result: count:0 state:0] 
[GIN] 2020/01/02 - 13:12:49 | 200 |    1.784076ms |  192.168.66.115 | POST     /getResult
[2020-01-02 13:12:49] 自開彩開獎  {202001020265 4 41 true} 
ConfigData  map[redisPort:6379 ip:192.168.88.181 port:3306 user:fa_db password:1qaz!QAZ database:FA_MEM poolname:FA_MEM charset:utf8 redisIp:192.168.88.119 redisPassword:"" redisDB:3]
SqlString  SELECT RTP,Amount,Bonus  FROM M_RtpSetting  WHERE Sid = 1   AND State = 1   AND LTG_Code = 4 AND Gid = 41
sqlResult   map[count:0 state:0 result:]
[2020-01-02 13:12:49] rtpData ------->   map[result: count:0 state:0] 
[GIN] 2020/01/02 - 13:12:49 | 200 |    2.683223ms |  192.168.66.115 | POST     /getResult
[2020-01-02 13:12:51] 自開彩開獎  {202001020265 1 35 true} 
ConfigData  map[ip:192.168.88.181 port:3306 password:1qaz!QAZ database:FA_MEM charset:utf8 redisPassword:"" poolname:FA_MEM user:fa_db redisIp:192.168.88.119 redisPort:6379 redisDB:3]
SqlString  SELECT RTP,Amount,Bonus  FROM M_RtpSetting  WHERE Sid = 1   AND State = 1   AND LTG_Code = 1 AND Gid = 35
sqlResult   map[result: count:0 state:0]
[2020-01-02 13:12:51] rtpData ------->   map[result: count:0 state:0] 
[GIN] 2020/01/02 - 13:12:51 | 200 |    2.643794ms |  192.168.66.115 | POST     /getResult
[2020-01-02 13:12:52] 自開彩開獎  {202001020793 6 36 true} 
ConfigData  map[password:1qaz!QAZ redisPort:6379 port:3306 poolname:FA_MEM user:fa_db database:FA_MEM charset:utf8 redisIp:192.168.88.119 redisPassword:"" redisDB:3 ip:192.168.88.181]
SqlString  SELECT RTP,Amount,Bonus  FROM M_RtpSetting  WHERE Sid = 1   AND State = 1   AND LTG_Code = 6 AND Gid = 36
sqlResult   map[result: count:0 state:0]
[2020-01-02 13:12:52] rtpData ------->   map[count:0 state:0 result:] 
[GIN] 2020/01/02 - 13:12:52 | 200 |    2.309087ms |  192.168.66.115 | POST     /getResult
[2020-01-02 13:12:53] 自開彩開獎  {202001020793 1 34 true} 
ConfigData  map[charset:utf8 redisIp:192.168.88.119 redisDB:3 ip:192.168.88.181 poolname:FA_MEM port:3306 password:1qaz!QAZ user:fa_db database:FA_MEM redisPort:6379 redisPassword:""]
SqlString  SELECT RTP,Amount,Bonus  FROM M_RtpSetting  WHERE Sid = 1   AND State = 1   AND LTG_Code = 1 AND Gid = 34
sqlResult   map[result: count:0 state:0]
[2020-01-02 13:12:53] rtpData ------->   map[count:0 state:0 result:] 
[GIN] 2020/01/02 - 13:12:53 | 200 |    3.016384ms |  192.168.66.115 | POST     /getResult
[2020-01-02 13:12:54] 自開彩開獎  {202001020265 6 37 true} 
ConfigData  map[port:3306 user:fa_db password:1qaz!QAZ redisPassword:"" redisDB:3 ip:192.168.88.181 poolname:FA_MEM redisIp:192.168.88.119 redisPort:6379 database:FA_MEM charset:utf8]
SqlString  SELECT RTP,Amount,Bonus  FROM M_RtpSetting  WHERE Sid = 1   AND State = 1   AND LTG_Code = 6 AND Gid = 37
sqlResult   map[result: count:0 state:0]
[2020-01-02 13:12:54] rtpData ------->   map[state:0 result: count:0] 
[GIN] 2020/01/02 - 13:12:54 | 200 |    2.566354ms |  192.168.66.115 | POST     /getResult
[2020-01-02 13:12:54] 自開彩開獎  {202001020793 4 40 true} 
ConfigData  map[ip:192.168.88.181 poolname:FA_MEM port:3306 redisPassword:"" redisIp:192.168.88.119 redisPort:6379 redisDB:3 user:fa_db password:1qaz!QAZ database:FA_MEM charset:utf8]
SqlString  SELECT RTP,Amount,Bonus  FROM M_RtpSetting  WHERE Sid = 1   AND State = 1   AND LTG_Code = 4 AND Gid = 40
sqlResult   map[result: count:0 state:0]
[2020-01-02 13:12:54] rtpData ------->   map[result: count:0 state:0] 
[GIN] 2020/01/02 - 13:12:54 | 200 |    1.976883ms |  192.168.66.115 | POST     /getResult
[2020-01-02 13:12:55] 自開彩開獎  {202001020793 5 38 true} 
ConfigData  map[ip:192.168.88.181 database:FA_MEM charset:utf8 redisPort:6379 redisPassword:"" poolname:FA_MEM port:3306 user:fa_db password:1qaz!QAZ redisIp:192.168.88.119 redisDB:3]
SqlString  SELECT RTP,Amount,Bonus  FROM M_RtpSetting  WHERE Sid = 1   AND State = 1   AND LTG_Code = 5 AND Gid = 38
sqlResult   map[count:0 state:0 result:]
[2020-01-02 13:12:55] rtpData ------->   map[result: count:0 state:0] 
[GIN] 2020/01/02 - 13:12:55 | 200 |     1.99204ms |  192.168.66.115 | POST     /getResult
[2020-01-02 13:12:55] 自開彩開獎  {202001020265 4 41 true} 
ConfigData  map[redisDB:3 ip:192.168.88.181 user:fa_db redisPassword:"" database:FA_MEM charset:utf8 redisIp:192.168.88.119 redisPort:6379 poolname:FA_MEM port:3306 password:1qaz!QAZ]
SqlString  SELECT RTP,Amount,Bonus  FROM M_RtpSetting  WHERE Sid = 1   AND State = 1   AND LTG_Code = 4 AND Gid = 41
sqlResult   map[result: count:0 state:0]
[2020-01-02 13:12:55] rtpData ------->   map[result: count:0 state:0] 
[GIN] 2020/01/02 - 13:12:55 | 200 |    2.439354ms |  192.168.66.115 | POST     /getResult
[2020-01-02 13:12:57] 自開彩開獎  {202001020265 1 35 true} 
ConfigData  map[poolname:FA_MEM port:3306 user:fa_db charset:utf8 redisPort:6379 redisPassword:"" redisDB:3 ip:192.168.88.181 database:FA_MEM redisIp:192.168.88.119 password:1qaz!QAZ]
SqlString  SELECT RTP,Amount,Bonus  FROM M_RtpSetting  WHERE Sid = 1   AND State = 1   AND LTG_Code = 1 AND Gid = 35
sqlResult   map[state:0 result: count:0]
[2020-01-02 13:12:57] rtpData ------->   map[state:0 result: count:0] 
[GIN] 2020/01/02 - 13:12:57 | 200 |    2.936243ms |  192.168.66.115 | POST     /getResult
[2020-01-02 13:12:58] 自開彩開獎  {202001020793 6 36 true} 
ConfigData  map[database:FA_MEM redisIp:192.168.88.119 redisPort:6379 redisDB:3 ip:192.168.88.181 port:3306 user:fa_db password:1qaz!QAZ charset:utf8 redisPassword:"" poolname:FA_MEM]
SqlString  SELECT RTP,Amount,Bonus  FROM M_RtpSetting  WHERE Sid = 1   AND State = 1   AND LTG_Code = 6 AND Gid = 36
sqlResult   map[result: count:0 state:0]
[2020-01-02 13:12:58] rtpData ------->   map[result: count:0 state:0] 
[GIN] 2020/01/02 - 13:12:58 | 200 |    3.058419ms |  192.168.66.115 | POST     /getResult
[2020-01-02 13:13:00] 自開彩開獎  {202001020793 1 34 true} 
ConfigData  map[redisPassword:"" redisDB:3 ip:192.168.88.181 port:3306 password:1qaz!QAZ redisIp:192.168.88.119 redisPort:6379 poolname:FA_MEM user:fa_db database:FA_MEM charset:utf8]
SqlString  SELECT RTP,Amount,Bonus  FROM M_RtpSetting  WHERE Sid = 1   AND State = 1   AND LTG_Code = 1 AND Gid = 34
sqlResult   map[state:0 result: count:0]
[2020-01-02 13:13:00] rtpData ------->   map[result: count:0 state:0] 
[GIN] 2020/01/02 - 13:13:00 | 200 |    2.298817ms |  192.168.66.115 | POST     /getResult
[2020-01-02 13:13:00] 自開彩開獎  {202001020265 6 37 true} 
ConfigData  map[user:fa_db password:1qaz!QAZ database:FA_MEM redisPort:6379 redisDB:3 ip:192.168.88.181 poolname:FA_MEM port:3306 charset:utf8 redisIp:192.168.88.119 redisPassword:""]
SqlString  SELECT RTP,Amount,Bonus  FROM M_RtpSetting  WHERE Sid = 1   AND State = 1   AND LTG_Code = 6 AND Gid = 37
sqlResult   map[result: count:0 state:0]
[2020-01-02 13:13:00] rtpData ------->   map[count:0 state:0 result:] 
[GIN] 2020/01/02 - 13:13:00 | 200 |    2.506806ms |  192.168.66.115 | POST     /getResult
[2020-01-02 13:13:00] 自開彩開獎  {202001020793 4 40 true} 
ConfigData  map[redisIp:192.168.88.119 redisPort:6379 redisDB:3 database:FA_MEM charset:utf8 port:3306 user:fa_db password:1qaz!QAZ redisPassword:"" ip:192.168.88.181 poolname:FA_MEM]
SqlString  SELECT RTP,Amount,Bonus  FROM M_RtpSetting  WHERE Sid = 1   AND State = 1   AND LTG_Code = 4 AND Gid = 40
sqlResult   map[result: count:0 state:0]
[2020-01-02 13:13:00] rtpData ------->   map[result: count:0 state:0] 
[GIN] 2020/01/02 - 13:13:00 | 200 |    2.158602ms |  192.168.66.115 | POST     /getResult
[2020-01-02 13:13:00] 自開彩開獎  {202001020794 2 26 true} 
ConfigData  map[port:3306 database:FA_MEM redisIp:192.168.88.119 redisPassword:"" ip:192.168.88.181 poolname:FA_MEM user:fa_db password:1qaz!QAZ charset:utf8 redisPort:6379 redisDB:3]
SqlString  SELECT RTP,Amount,Bonus  FROM M_RtpSetting  WHERE Sid = 1   AND State = 1   AND LTG_Code = 2 AND Gid = 26
sqlResult   map[result:0.9600 count:1 state:1 amount:1.0069588e+06 bonus:908100.71]
[2020-01-02 13:13:01] rtpData ------->   map[state:1 amount:1.0069588e+06 bonus:908100.71 result:0.9600 count:1] 
ConfigData  map[port:3306 database:FA_MEM redisIp:192.168.88.119 redisDB:3 ip:192.168.88.181 poolname:FA_MEM user:fa_db password:1qaz!QAZ charset:utf8 redisPort:6379 redisPassword:""]
SELECT BO_No, BO_OrderNo , BO_User , BO_Issue  , BO_LotteryTypeGroup, BO_LotteryType, BO_Mode, BO_LotteryPlayGroup, BO_LotteryPlay , BO_LotteryContent, BO_Price, BO_RealPrice, BO_Unit, BO_Multiple , BO_BetCount  , BO_Winnings, BO_Winnings2, BO_Winnings3, BO_WinningLimit  , BO_Water , BO_BW_SourceUserId, BO_BW_BackWater, BO_BW_LimitBetCount, BO_BW_MaxAmount, BO_BW_AuditMultiple  , BO_Odds, BO_Odds2, BO_Odds3 , BO_Type, BO_Chase , BO_OpenResult, BO_OpenResult2, BO_DateDraw, BO_DateDraw2, BO_DateUpdate  FROM TS_BetOrder  WHERE BO_Cancel = 0   AND BO_CancelBackend = 0   AND BO_LotteryTypeGroup = 2 AND BO_LotteryType = 26 AND BO_Issue = 202001020794 AND BO_Collect = 0 ORDER BY BO_DateDraw ASC, BO_DateCreate ASC, BO_DateUpdate ASC, BO_No ASC ;
[2020-01-02 13:13:01] LottteryTypeGroup 2 
[2020-01-02 13:13:01] 有期號 但無注單 -------> map[amount:0 bonus:0 thisOpenResult:[8 8 0 3 7]] 
[GIN] 2020/01/02 - 13:13:01 | 200 |    5.390089ms |  192.168.66.115 | POST     /getResult
[2020-01-02 13:13:01] 自開彩開獎  {202001020793 5 38 true} 
ConfigData  map[poolname:FA_MEM redisIp:192.168.88.119 redisPort:6379 redisPassword:"" redisDB:3 ip:192.168.88.181 port:3306 user:fa_db password:1qaz!QAZ database:FA_MEM charset:utf8]
SqlString  SELECT RTP,Amount,Bonus  FROM M_RtpSetting  WHERE Sid = 1   AND State = 1   AND LTG_Code = 5 AND Gid = 38
sqlResult   map[result: count:0 state:0]
[2020-01-02 13:13:01] rtpData ------->   map[count:0 state:0 result:] 
[GIN] 2020/01/02 - 13:13:01 | 200 |    1.785616ms |  192.168.66.115 | POST     /getResult
[2020-01-02 13:13:02] 自開彩開獎  {202001020265 4 41 true} 
ConfigData  map[redisDB:3 port:3306 user:fa_db database:FA_MEM redisIp:192.168.88.119 redisPassword:"" ip:192.168.88.181 poolname:FA_MEM password:1qaz!QAZ charset:utf8 redisPort:6379]
SqlString  SELECT RTP,Amount,Bonus  FROM M_RtpSetting  WHERE Sid = 1   AND State = 1   AND LTG_Code = 4 AND Gid = 41
sqlResult   map[result: count:0 state:0]
[2020-01-02 13:13:02] rtpData ------->   map[state:0 result: count:0] 
[GIN] 2020/01/02 - 13:13:02 | 200 |    2.972953ms |  192.168.66.115 | POST     /getResult
[2020-01-02 13:13:03] 自開彩開獎  {202001020265 1 35 true} 
ConfigData  map[database:FA_MEM redisPort:6379 redisPassword:"" ip:192.168.88.181 poolname:FA_MEM password:1qaz!QAZ charset:utf8 redisIp:192.168.88.119 redisDB:3 port:3306 user:fa_db]
SqlString  SELECT RTP,Amount,Bonus  FROM M_RtpSetting  WHERE Sid = 1   AND State = 1   AND LTG_Code = 1 AND Gid = 35
sqlResult   map[result: count:0 state:0]
[2020-01-02 13:13:03] rtpData ------->   map[result: count:0 state:0] 
[GIN] 2020/01/02 - 13:13:03 | 200 |    3.107253ms |  192.168.66.115 | POST     /getResult
[2020-01-02 13:13:04] 自開彩開獎  {202001020793 6 36 true} 
ConfigData  map[user:fa_db password:1qaz!QAZ database:FA_MEM redisIp:192.168.88.119 redisPort:6379 ip:192.168.88.181 port:3306 redisPassword:"" redisDB:3 poolname:FA_MEM charset:utf8]
SqlString  SELECT RTP,Amount,Bonus  FROM M_RtpSetting  WHERE Sid = 1   AND State = 1   AND LTG_Code = 6 AND Gid = 36
sqlResult   map[result: count:0 state:0]
[2020-01-02 13:13:04] rtpData ------->   map[result: count:0 state:0] 
[GIN] 2020/01/02 - 13:13:04 | 200 |    2.565092ms |  192.168.66.115 | POST     /getResult
[2020-01-02 13:13:06] 自開彩開獎  {202001020793 1 34 true} 
ConfigData  map[redisPassword:"" ip:192.168.88.181 poolname:FA_MEM user:fa_db password:1qaz!QAZ database:FA_MEM redisPort:6379 port:3306 charset:utf8 redisIp:192.168.88.119 redisDB:3]
SqlString  SELECT RTP,Amount,Bonus  FROM M_RtpSetting  WHERE Sid = 1   AND State = 1   AND LTG_Code = 1 AND Gid = 34
sqlResult   map[state:0 result: count:0]
[2020-01-02 13:13:06] rtpData ------->   map[state:0 result: count:0] 
[GIN] 2020/01/02 - 13:13:06 | 200 |    2.645828ms |  192.168.66.115 | POST     /getResult
[2020-01-02 13:13:06] 自開彩開獎  {202001020794 4 40 true} 
ConfigData  map[poolname:FA_MEM password:1qaz!QAZ redisIp:192.168.88.119 redisPort:6379 redisDB:3 redisPassword:"" ip:192.168.88.181 port:3306 user:fa_db database:FA_MEM charset:utf8]
SqlString  SELECT RTP,Amount,Bonus  FROM M_RtpSetting  WHERE Sid = 1   AND State = 1   AND LTG_Code = 4 AND Gid = 40
sqlResult   map[result: count:0 state:0]
[2020-01-02 13:13:06] rtpData ------->   map[result: count:0 state:0] 
[GIN] 2020/01/02 - 13:13:06 | 200 |    2.563853ms |  192.168.66.115 | POST     /getResult
[2020-01-02 13:13:07] 自開彩開獎  {202001020794 5 38 true} 
ConfigData  map[ip:192.168.88.181 poolname:FA_MEM port:3306 redisPort:6379 redisIp:192.168.88.119 redisPassword:"" redisDB:3 user:fa_db password:1qaz!QAZ database:FA_MEM charset:utf8]
SqlString  SELECT RTP,Amount,Bonus  FROM M_RtpSetting  WHERE Sid = 1   AND State = 1   AND LTG_Code = 5 AND Gid = 38
sqlResult   map[result: count:0 state:0]
[2020-01-02 13:13:07] rtpData ------->   map[result: count:0 state:0] 
[GIN] 2020/01/02 - 13:13:07 | 200 |    1.905209ms |  192.168.66.115 | POST     /getResult
[2020-01-02 13:13:08] 自開彩開獎  {202001020265 4 41 true} 
ConfigData  map[database:FA_MEM redisPort:6379 redisPassword:"" ip:192.168.88.181 user:fa_db password:1qaz!QAZ charset:utf8 redisIp:192.168.88.119 redisDB:3 poolname:FA_MEM port:3306]
SqlString  SELECT RTP,Amount,Bonus  FROM M_RtpSetting  WHERE Sid = 1   AND State = 1   AND LTG_Code = 4 AND Gid = 41
sqlResult   map[count:0 state:0 result:]
[2020-01-02 13:13:08] rtpData ------->   map[result: count:0 state:0] 
[GIN] 2020/01/02 - 13:13:08 | 200 |    3.258057ms |  192.168.66.115 | POST     /getResult
[2020-01-02 13:13:09] 自開彩開獎  {202001020265 1 35 true} 
ConfigData  map[ip:192.168.88.181 port:3306 user:fa_db password:1qaz!QAZ redisIp:192.168.88.119 redisPassword:"" redisDB:3 poolname:FA_MEM database:FA_MEM charset:utf8 redisPort:6379]
SqlString  SELECT RTP,Amount,Bonus  FROM M_RtpSetting  WHERE Sid = 1   AND State = 1   AND LTG_Code = 1 AND Gid = 35
sqlResult   map[result: count:0 state:0]
[2020-01-02 13:13:09] rtpData ------->   map[count:0 state:0 result:] 
[GIN] 2020/01/02 - 13:13:09 | 200 |    2.599409ms |  192.168.66.115 | POST     /getResult
[2020-01-02 13:13:10] 自開彩開獎  {202001020794 6 36 true} 
ConfigData  map[redisIp:192.168.88.119 redisPassword:"" redisDB:3 poolname:FA_MEM user:fa_db password:1qaz!QAZ database:FA_MEM ip:192.168.88.181 port:3306 charset:utf8 redisPort:6379]
SqlString  SELECT RTP,Amount,Bonus  FROM M_RtpSetting  WHERE Sid = 1   AND State = 1   AND LTG_Code = 6 AND Gid = 36
sqlResult   map[result: count:0 state:0]
[2020-01-02 13:13:10] rtpData ------->   map[result: count:0 state:0] 
[GIN] 2020/01/02 - 13:13:10 | 200 |    2.320569ms |  192.168.66.115 | POST     /getResult
[2020-01-02 13:13:12] 自開彩開獎  {202001020794 1 34 true} 
ConfigData  map[redisPassword:"" redisDB:3 poolname:FA_MEM port:3306 password:1qaz!QAZ database:FA_MEM redisPort:6379 ip:192.168.88.181 user:fa_db charset:utf8 redisIp:192.168.88.119]
SqlString  SELECT RTP,Amount,Bonus  FROM M_RtpSetting  WHERE Sid = 1   AND State = 1   AND LTG_Code = 1 AND Gid = 34
sqlResult   map[count:0 state:0 result:]
[2020-01-02 13:13:12] rtpData ------->   map[result: count:0 state:0] 
[GIN] 2020/01/02 - 13:13:12 | 200 |     2.59094ms |  192.168.66.115 | POST     /getResult
[2020-01-02 13:13:12] 自開彩開獎  {202001020794 4 40 true} 
ConfigData  map[poolname:FA_MEM port:3306 user:fa_db database:FA_MEM charset:utf8 redisIp:192.168.88.119 redisPort:6379 ip:192.168.88.181 redisPassword:"" redisDB:3 password:1qaz!QAZ]
SqlString  SELECT RTP,Amount,Bonus  FROM M_RtpSetting  WHERE Sid = 1   AND State = 1   AND LTG_Code = 4 AND Gid = 40
sqlResult   map[state:0 result: count:0]
[2020-01-02 13:13:12] rtpData ------->   map[result: count:0 state:0] 
[GIN] 2020/01/02 - 13:13:12 | 200 |    2.841207ms |  192.168.66.115 | POST     /getResult
[2020-01-02 13:13:13] 自開彩開獎  {202001020794 5 38 true} 
ConfigData  map[redisIp:192.168.88.119 redisPassword:"" redisDB:3 ip:192.168.88.181 database:FA_MEM user:fa_db password:1qaz!QAZ charset:utf8 redisPort:6379 poolname:FA_MEM port:3306]
SqlString  SELECT RTP,Amount,Bonus  FROM M_RtpSetting  WHERE Sid = 1   AND State = 1   AND LTG_Code = 5 AND Gid = 38
sqlResult   map[state:0 result: count:0]
[2020-01-02 13:13:13] rtpData ------->   map[result: count:0 state:0] 
[GIN] 2020/01/02 - 13:13:13 | 200 |    2.456134ms |  192.168.66.115 | POST     /getResult
[2020-01-02 13:13:14] 自開彩開獎  {202001020265 4 41 true} 
ConfigData  map[ip:192.168.88.181 poolname:FA_MEM port:3306 user:fa_db password:1qaz!QAZ redisPort:6379 redisPassword:"" database:FA_MEM charset:utf8 redisIp:192.168.88.119 redisDB:3]
SqlString  SELECT RTP,Amount,Bonus  FROM M_RtpSetting  WHERE Sid = 1   AND State = 1   AND LTG_Code = 4 AND Gid = 41
sqlResult   map[result: count:0 state:0]
[2020-01-02 13:13:14] rtpData ------->   map[result: count:0 state:0] 
[GIN] 2020/01/02 - 13:13:14 | 200 |    2.421585ms |  192.168.66.115 | POST     /getResult
[2020-01-02 13:13:15] 自開彩開獎  {202001020265 1 35 true} 
ConfigData  map[poolname:FA_MEM password:1qaz!QAZ database:FA_MEM charset:utf8 redisIp:192.168.88.119 redisPort:6379 redisDB:3 ip:192.168.88.181 port:3306 user:fa_db redisPassword:""]
SqlString  SELECT RTP,Amount,Bonus  FROM M_RtpSetting  WHERE Sid = 1   AND State = 1   AND LTG_Code = 1 AND Gid = 35
sqlResult   map[result: count:0 state:0]
[2020-01-02 13:13:15] rtpData ------->   map[result: count:0 state:0] 
[GIN] 2020/01/02 - 13:13:15 | 200 |    2.945999ms |  192.168.66.115 | POST     /getResult
[2020-01-02 13:13:16] 自開彩開獎  {202001020794 6 36 true} 
ConfigData  map[redisIp:192.168.88.119 redisPort:6379 redisPassword:"" redisDB:3 ip:192.168.88.181 port:3306 database:FA_MEM charset:utf8 poolname:FA_MEM user:fa_db password:1qaz!QAZ]
SqlString  SELECT RTP,Amount,Bonus  FROM M_RtpSetting  WHERE Sid = 1   AND State = 1   AND LTG_Code = 6 AND Gid = 36
sqlResult   map[result: count:0 state:0]
[2020-01-02 13:13:16] rtpData ------->   map[result: count:0 state:0] 
[GIN] 2020/01/02 - 13:13:16 | 200 |    3.012339ms |  192.168.66.115 | POST     /getResult
[2020-01-02 13:13:18] 自開彩開獎  {202001020794 1 34 true} 
ConfigData  map[charset:utf8 redisIp:192.168.88.119 ip:192.168.88.181 poolname:FA_MEM port:3306 user:fa_db password:1qaz!QAZ database:FA_MEM redisPort:6379 redisPassword:"" redisDB:3]
SqlString  SELECT RTP,Amount,Bonus  FROM M_RtpSetting  WHERE Sid = 1   AND State = 1   AND LTG_Code = 1 AND Gid = 34
sqlResult   map[state:0 result: count:0]
[2020-01-02 13:13:18] rtpData ------->   map[result: count:0 state:0] 
[GIN] 2020/01/02 - 13:13:18 | 200 |    3.456106ms |  192.168.66.115 | POST     /getResult
[2020-01-02 13:13:18] 自開彩開獎  {202001020794 4 40 true} 
ConfigData  map[redisIp:192.168.88.119 redisPort:6379 redisPassword:"" port:3306 password:1qaz!QAZ database:FA_MEM charset:utf8 ip:192.168.88.181 poolname:FA_MEM user:fa_db redisDB:3]
SqlString  SELECT RTP,Amount,Bonus  FROM M_RtpSetting  WHERE Sid = 1   AND State = 1   AND LTG_Code = 4 AND Gid = 40
sqlResult   map[result: count:0 state:0]
[2020-01-02 13:13:18] rtpData ------->   map[result: count:0 state:0] 
[GIN] 2020/01/02 - 13:13:18 | 200 |    2.881684ms |  192.168.66.115 | POST     /getResult
[2020-01-02 13:13:19] 自開彩開獎  {202001020794 5 38 true} 
ConfigData  map[database:FA_MEM charset:utf8 redisPassword:"" ip:192.168.88.181 poolname:FA_MEM port:3306 user:fa_db password:1qaz!QAZ redisIp:192.168.88.119 redisPort:6379 redisDB:3]
SqlString  SELECT RTP,Amount,Bonus  FROM M_RtpSetting  WHERE Sid = 1   AND State = 1   AND LTG_Code = 5 AND Gid = 38
sqlResult   map[result: count:0 state:0]
[2020-01-02 13:13:19] rtpData ------->   map[result: count:0 state:0] 
[GIN] 2020/01/02 - 13:13:19 | 200 |    1.872588ms |  192.168.66.115 | POST     /getResult
[2020-01-02 13:13:20] 自開彩開獎  {202001020265 4 41 true} 
ConfigData  map[charset:utf8 redisPassword:"" redisDB:3 ip:192.168.88.181 poolname:FA_MEM password:1qaz!QAZ database:FA_MEM port:3306 user:fa_db redisIp:192.168.88.119 redisPort:6379]
SqlString  SELECT RTP,Amount,Bonus  FROM M_RtpSetting  WHERE Sid = 1   AND State = 1   AND LTG_Code = 4 AND Gid = 41
sqlResult   map[result: count:0 state:0]
[2020-01-02 13:13:20] rtpData ------->   map[result: count:0 state:0] 
[GIN] 2020/01/02 - 13:13:20 | 200 |    2.195623ms |  192.168.66.115 | POST     /getResult
[2020-01-02 13:13:21] 自開彩開獎  {202001020265 1 35 true} 
ConfigData  map[charset:utf8 redisIp:192.168.88.119 redisPassword:"" ip:192.168.88.181 port:3306 user:fa_db password:1qaz!QAZ database:FA_MEM poolname:FA_MEM redisPort:6379 redisDB:3]
SqlString  SELECT RTP,Amount,Bonus  FROM M_RtpSetting  WHERE Sid = 1   AND State = 1   AND LTG_Code = 1 AND Gid = 35
sqlResult   map[count:0 state:0 result:]
[2020-01-02 13:13:21] rtpData ------->   map[result: count:0 state:0] 
[GIN] 2020/01/02 - 13:13:21 | 200 |    2.607203ms |  192.168.66.115 | POST     /getResult
[2020-01-02 13:13:22] 自開彩開獎  {202001020794 6 36 true} 
ConfigData  map[port:3306 password:1qaz!QAZ redisIp:192.168.88.119 redisPort:6379 redisPassword:"" redisDB:3 ip:192.168.88.181 poolname:FA_MEM user:fa_db database:FA_MEM charset:utf8]
SqlString  SELECT RTP,Amount,Bonus  FROM M_RtpSetting  WHERE Sid = 1   AND State = 1   AND LTG_Code = 6 AND Gid = 36
sqlResult   map[result: count:0 state:0]
[2020-01-02 13:13:22] rtpData ------->   map[result: count:0 state:0] 
[GIN] 2020/01/02 - 13:13:22 | 200 |    2.369729ms |  192.168.66.115 | POST     /getResult
[2020-01-02 13:13:24] 自開彩開獎  {202001020794 1 34 true} 
ConfigData  map[ip:192.168.88.181 password:1qaz!QAZ database:FA_MEM charset:utf8 redisIp:192.168.88.119 redisPassword:"" redisDB:3 poolname:FA_MEM port:3306 user:fa_db redisPort:6379]
SqlString  SELECT RTP,Amount,Bonus  FROM M_RtpSetting  WHERE Sid = 1   AND State = 1   AND LTG_Code = 1 AND Gid = 34
sqlResult   map[result: count:0 state:0]
[2020-01-02 13:13:24] rtpData ------->   map[state:0 result: count:0] 
[GIN] 2020/01/02 - 13:13:24 | 200 |    2.922189ms |  192.168.66.115 | POST     /getResult
[2020-01-02 13:13:24] 自開彩開獎  {202001020794 4 40 true} 
ConfigData  map[redisIp:192.168.88.119 redisPort:6379 password:1qaz!QAZ database:FA_MEM charset:utf8 user:fa_db redisPassword:"" redisDB:3 ip:192.168.88.181 poolname:FA_MEM port:3306]
SqlString  SELECT RTP,Amount,Bonus  FROM M_RtpSetting  WHERE Sid = 1   AND State = 1   AND LTG_Code = 4 AND Gid = 40
sqlResult   map[result: count:0 state:0]
[2020-01-02 13:13:24] rtpData ------->   map[result: count:0 state:0] 
[GIN] 2020/01/02 - 13:13:24 | 200 |    2.448354ms |  192.168.66.115 | POST     /getResult
[2020-01-02 13:13:25] 自開彩開獎  {202001020794 5 38 true} 
ConfigData  map[poolname:FA_MEM port:3306 password:1qaz!QAZ database:FA_MEM charset:utf8 redisPort:6379 redisDB:3 ip:192.168.88.181 user:fa_db redisIp:192.168.88.119 redisPassword:""]
SqlString  SELECT RTP,Amount,Bonus  FROM M_RtpSetting  WHERE Sid = 1   AND State = 1   AND LTG_Code = 5 AND Gid = 38
sqlResult   map[result: count:0 state:0]
[2020-01-02 13:13:25] rtpData ------->   map[state:0 result: count:0] 
[GIN] 2020/01/02 - 13:13:25 | 200 |    2.373544ms |  192.168.66.115 | POST     /getResult
[2020-01-02 13:13:26] 自開彩開獎  {202001020265 4 41 true} 
ConfigData  map[redisPort:6379 redisDB:3 poolname:FA_MEM port:3306 user:fa_db password:1qaz!QAZ database:FA_MEM ip:192.168.88.181 charset:utf8 redisIp:192.168.88.119 redisPassword:""]
SqlString  SELECT RTP,Amount,Bonus  FROM M_RtpSetting  WHERE Sid = 1   AND State = 1   AND LTG_Code = 4 AND Gid = 41
sqlResult   map[state:0 result: count:0]
[2020-01-02 13:13:26] rtpData ------->   map[result: count:0 state:0] 
[GIN] 2020/01/02 - 13:13:26 | 200 |      2.5496ms |  192.168.66.115 | POST     /getResult
[2020-01-02 13:13:27] 自開彩開獎  {202001020265 1 35 true} 
ConfigData  map[user:fa_db database:FA_MEM redisPort:6379 redisPassword:"" ip:192.168.88.181 poolname:FA_MEM port:3306 password:1qaz!QAZ charset:utf8 redisIp:192.168.88.119 redisDB:3]
SqlString  SELECT RTP,Amount,Bonus  FROM M_RtpSetting  WHERE Sid = 1   AND State = 1   AND LTG_Code = 1 AND Gid = 35
sqlResult   map[result: count:0 state:0]
[2020-01-02 13:13:27] rtpData ------->   map[result: count:0 state:0] 
[GIN] 2020/01/02 - 13:13:27 | 200 |    2.522691ms |  192.168.66.115 | POST     /getResult
[2020-01-02 13:13:28] 自開彩開獎  {202001020794 6 36 true} 
ConfigData  map[port:3306 database:FA_MEM redisPassword:"" redisDB:3 ip:192.168.88.181 poolname:FA_MEM user:fa_db password:1qaz!QAZ charset:utf8 redisIp:192.168.88.119 redisPort:6379]
SqlString  SELECT RTP,Amount,Bonus  FROM M_RtpSetting  WHERE Sid = 1   AND State = 1   AND LTG_Code = 6 AND Gid = 36
sqlResult   map[result: count:0 state:0]
[2020-01-02 13:13:28] rtpData ------->   map[result: count:0 state:0] 
[GIN] 2020/01/02 - 13:13:28 | 200 |    2.688885ms |  192.168.66.115 | POST     /getResult
[2020-01-02 13:13:30] 自開彩開獎  {202001020794 1 34 true} 
ConfigData  map[ip:192.168.88.181 user:fa_db redisPort:6379 database:FA_MEM charset:utf8 redisIp:192.168.88.119 redisPassword:"" redisDB:3 poolname:FA_MEM port:3306 password:1qaz!QAZ]
SqlString  SELECT RTP,Amount,Bonus  FROM M_RtpSetting  WHERE Sid = 1   AND State = 1   AND LTG_Code = 1 AND Gid = 34
sqlResult   map[result: count:0 state:0]
[2020-01-02 13:13:30] rtpData ------->   map[result: count:0 state:0] 
[GIN] 2020/01/02 - 13:13:30 | 200 |    2.702021ms |  192.168.66.115 | POST     /getResult
[2020-01-02 13:13:30] 自開彩開獎  {202001020794 4 40 true} 
ConfigData  map[ip:192.168.88.181 poolname:FA_MEM user:fa_db redisPort:6379 port:3306 password:1qaz!QAZ database:FA_MEM charset:utf8 redisIp:192.168.88.119 redisPassword:"" redisDB:3]
SqlString  SELECT RTP,Amount,Bonus  FROM M_RtpSetting  WHERE Sid = 1   AND State = 1   AND LTG_Code = 4 AND Gid = 40
sqlResult   map[result: count:0 state:0]
[2020-01-02 13:13:30] rtpData ------->   map[count:0 state:0 result:] 
[GIN] 2020/01/02 - 13:13:30 | 200 |    2.433557ms |  192.168.66.115 | POST     /getResult
[2020-01-02 13:13:31] 自開彩開獎  {202001020794 5 38 true} 
ConfigData  map[user:fa_db password:1qaz!QAZ database:FA_MEM charset:utf8 redisIp:192.168.88.119 ip:192.168.88.181 poolname:FA_MEM port:3306 redisPort:6379 redisPassword:"" redisDB:3]
SqlString  SELECT RTP,Amount,Bonus  FROM M_RtpSetting  WHERE Sid = 1   AND State = 1   AND LTG_Code = 5 AND Gid = 38
sqlResult   map[state:0 result: count:0]
[2020-01-02 13:13:31] rtpData ------->   map[result: count:0 state:0] 
[GIN] 2020/01/02 - 13:13:31 | 200 |    2.462677ms |  192.168.66.115 | POST     /getResult
[2020-01-02 13:13:32] 自開彩開獎  {202001020265 4 41 true} 
ConfigData  map[port:3306 user:fa_db password:1qaz!QAZ database:FA_MEM charset:utf8 redisPort:6379 ip:192.168.88.181 poolname:FA_MEM redisDB:3 redisIp:192.168.88.119 redisPassword:""]
SqlString  SELECT RTP,Amount,Bonus  FROM M_RtpSetting  WHERE Sid = 1   AND State = 1   AND LTG_Code = 4 AND Gid = 41
sqlResult   map[result: count:0 state:0]
[2020-01-02 13:13:32] rtpData ------->   map[result: count:0 state:0] 
[GIN] 2020/01/02 - 13:13:32 | 200 |    2.628976ms |  192.168.66.115 | POST     /getResult
[2020-01-02 13:13:33] 自開彩開獎  {202001020265 1 35 true} 
ConfigData  map[poolname:FA_MEM redisIp:192.168.88.119 redisPassword:"" redisPort:6379 redisDB:3 ip:192.168.88.181 port:3306 user:fa_db password:1qaz!QAZ database:FA_MEM charset:utf8]
SqlString  SELECT RTP,Amount,Bonus  FROM M_RtpSetting  WHERE Sid = 1   AND State = 1   AND LTG_Code = 1 AND Gid = 35
sqlResult   map[result: count:0 state:0]
[2020-01-02 13:13:33] rtpData ------->   map[state:0 result: count:0] 
[GIN] 2020/01/02 - 13:13:33 | 200 |    2.322698ms |  192.168.66.115 | POST     /getResult
[2020-01-02 13:13:34] 自開彩開獎  {202001020794 6 36 true} 
ConfigData  map[ip:192.168.88.181 port:3306 password:1qaz!QAZ charset:utf8 poolname:FA_MEM user:fa_db database:FA_MEM redisIp:192.168.88.119 redisPort:6379 redisPassword:"" redisDB:3]
SqlString  SELECT RTP,Amount,Bonus  FROM M_RtpSetting  WHERE Sid = 1   AND State = 1   AND LTG_Code = 6 AND Gid = 36
sqlResult   map[result: count:0 state:0]
[2020-01-02 13:13:34] rtpData ------->   map[result: count:0 state:0] 
[GIN] 2020/01/02 - 13:13:34 | 200 |    2.477259ms |  192.168.66.115 | POST     /getResult
[2020-01-02 13:13:36] 自開彩開獎  {202001020794 1 34 true} 
ConfigData  map[poolname:FA_MEM user:fa_db password:1qaz!QAZ database:FA_MEM redisIp:192.168.88.119 redisPort:6379 ip:192.168.88.181 port:3306 charset:utf8 redisPassword:"" redisDB:3]
SqlString  SELECT RTP,Amount,Bonus  FROM M_RtpSetting  WHERE Sid = 1   AND State = 1   AND LTG_Code = 1 AND Gid = 34
sqlResult   map[result: count:0 state:0]
[2020-01-02 13:13:36] rtpData ------->   map[result: count:0 state:0] 
[GIN] 2020/01/02 - 13:13:36 | 200 |    3.056155ms |  192.168.66.115 | POST     /getResult
[2020-01-02 13:13:36] 自開彩開獎  {202001020794 4 40 true} 
ConfigData  map[poolname:FA_MEM user:fa_db database:FA_MEM redisPort:6379 redisDB:3 redisPassword:"" ip:192.168.88.181 port:3306 password:1qaz!QAZ charset:utf8 redisIp:192.168.88.119]
SqlString  SELECT RTP,Amount,Bonus  FROM M_RtpSetting  WHERE Sid = 1   AND State = 1   AND LTG_Code = 4 AND Gid = 40
sqlResult   map[result: count:0 state:0]
[2020-01-02 13:13:36] rtpData ------->   map[count:0 state:0 result:] 
[GIN] 2020/01/02 - 13:13:36 | 200 |    1.989994ms |  192.168.66.115 | POST     /getResult
[2020-01-02 13:13:37] 自開彩開獎  {202001020794 5 38 true} 
ConfigData  map[port:3306 password:1qaz!QAZ database:FA_MEM redisPassword:"" redisDB:3 ip:192.168.88.181 poolname:FA_MEM user:fa_db charset:utf8 redisIp:192.168.88.119 redisPort:6379]
SqlString  SELECT RTP,Amount,Bonus  FROM M_RtpSetting  WHERE Sid = 1   AND State = 1   AND LTG_Code = 5 AND Gid = 38
sqlResult   map[result: count:0 state:0]
[2020-01-02 13:13:37] rtpData ------->   map[count:0 state:0 result:] 
[GIN] 2020/01/02 - 13:13:37 | 200 |    2.091876ms |  192.168.66.115 | POST     /getResult
[2020-01-02 13:13:38] 自開彩開獎  {202001020265 4 41 true} 
ConfigData  map[database:FA_MEM charset:utf8 redisPassword:"" redisDB:3 ip:192.168.88.181 user:fa_db password:1qaz!QAZ redisIp:192.168.88.119 redisPort:6379 poolname:FA_MEM port:3306]
SqlString  SELECT RTP,Amount,Bonus  FROM M_RtpSetting  WHERE Sid = 1   AND State = 1   AND LTG_Code = 4 AND Gid = 41
sqlResult   map[result: count:0 state:0]
[2020-01-02 13:13:38] rtpData ------->   map[result: count:0 state:0] 
[GIN] 2020/01/02 - 13:13:38 | 200 |    2.452832ms |  192.168.66.115 | POST     /getResult
[2020-01-02 13:13:39] 自開彩開獎  {202001020265 1 35 true} 
ConfigData  map[ip:192.168.88.181 poolname:FA_MEM port:3306 database:FA_MEM charset:utf8 redisDB:3 user:fa_db password:1qaz!QAZ redisIp:192.168.88.119 redisPort:6379 redisPassword:""]
SqlString  SELECT RTP,Amount,Bonus  FROM M_RtpSetting  WHERE Sid = 1   AND State = 1   AND LTG_Code = 1 AND Gid = 35
sqlResult   map[result: count:0 state:0]
[2020-01-02 13:13:39] rtpData ------->   map[result: count:0 state:0] 
[GIN] 2020/01/02 - 13:13:39 | 200 |    2.953681ms |  192.168.66.115 | POST     /getResult
[2020-01-02 13:13:40] 自開彩開獎  {202001020794 6 36 true} 
ConfigData  map[poolname:FA_MEM charset:utf8 redisIp:192.168.88.119 redisDB:3 redisPort:6379 redisPassword:"" ip:192.168.88.181 port:3306 user:fa_db password:1qaz!QAZ database:FA_MEM]
SqlString  SELECT RTP,Amount,Bonus  FROM M_RtpSetting  WHERE Sid = 1   AND State = 1   AND LTG_Code = 6 AND Gid = 36
sqlResult   map[result: count:0 state:0]
[2020-01-02 13:13:40] rtpData ------->   map[result: count:0 state:0] 
[GIN] 2020/01/02 - 13:13:40 | 200 |    3.257704ms |  192.168.66.115 | POST     /getResult
[2020-01-02 13:13:42] 自開彩開獎  {202001020794 1 34 true} 
ConfigData  map[ip:192.168.88.181 user:fa_db password:1qaz!QAZ charset:utf8 redisDB:3 poolname:FA_MEM port:3306 database:FA_MEM redisIp:192.168.88.119 redisPort:6379 redisPassword:""]
SqlString  SELECT RTP,Amount,Bonus  FROM M_RtpSetting  WHERE Sid = 1   AND State = 1   AND LTG_Code = 1 AND Gid = 34
sqlResult   map[state:0 result: count:0]
[2020-01-02 13:13:42] rtpData ------->   map[result: count:0 state:0] 
[GIN] 2020/01/02 - 13:13:42 | 200 |    2.865952ms |  192.168.66.115 | POST     /getResult
[2020-01-02 13:13:42] 自開彩開獎  {202001020794 4 40 true} 
ConfigData  map[port:3306 user:fa_db password:1qaz!QAZ charset:utf8 redisPort:6379 ip:192.168.88.181 poolname:FA_MEM database:FA_MEM redisIp:192.168.88.119 redisPassword:"" redisDB:3]
SqlString  SELECT RTP,Amount,Bonus  FROM M_RtpSetting  WHERE Sid = 1   AND State = 1   AND LTG_Code = 4 AND Gid = 40
sqlResult   map[result: count:0 state:0]
[2020-01-02 13:13:42] rtpData ------->   map[count:0 state:0 result:] 
[GIN] 2020/01/02 - 13:13:42 | 200 |    2.271377ms |  192.168.66.115 | POST     /getResult
[2020-01-02 13:13:43] 自開彩開獎  {202001020794 5 38 true} 
ConfigData  map[ip:192.168.88.181 user:fa_db redisPassword:"" redisDB:3 redisIp:192.168.88.119 redisPort:6379 poolname:FA_MEM port:3306 password:1qaz!QAZ database:FA_MEM charset:utf8]
SqlString  SELECT RTP,Amount,Bonus  FROM M_RtpSetting  WHERE Sid = 1   AND State = 1   AND LTG_Code = 5 AND Gid = 38
sqlResult   map[count:0 state:0 result:]
[2020-01-02 13:13:43] rtpData ------->   map[count:0 state:0 result:] 
[GIN] 2020/01/02 - 13:13:43 | 200 |    2.497266ms |  192.168.66.115 | POST     /getResult
[2020-01-02 13:13:44] 自開彩開獎  {202001020265 4 41 true} 
ConfigData  map[user:fa_db password:1qaz!QAZ database:FA_MEM redisIp:192.168.88.119 redisDB:3 poolname:FA_MEM port:3306 charset:utf8 redisPort:6379 redisPassword:"" ip:192.168.88.181]
SqlString  SELECT RTP,Amount,Bonus  FROM M_RtpSetting  WHERE Sid = 1   AND State = 1   AND LTG_Code = 4 AND Gid = 41
sqlResult   map[result: count:0 state:0]
[2020-01-02 13:13:44] rtpData ------->   map[result: count:0 state:0] 
[GIN] 2020/01/02 - 13:13:44 | 200 |     2.96178ms |  192.168.66.115 | POST     /getResult
[2020-01-02 13:13:45] 自開彩開獎  {202001020265 1 35 true} 
ConfigData  map[port:3306 user:fa_db password:1qaz!QAZ redisIp:192.168.88.119 redisPort:6379 ip:192.168.88.181 poolname:FA_MEM redisPassword:"" redisDB:3 database:FA_MEM charset:utf8]
SqlString  SELECT RTP,Amount,Bonus  FROM M_RtpSetting  WHERE Sid = 1   AND State = 1   AND LTG_Code = 1 AND Gid = 35
sqlResult   map[state:0 result: count:0]
[2020-01-02 13:13:45] rtpData ------->   map[result: count:0 state:0] 
[GIN] 2020/01/02 - 13:13:45 | 200 |    4.139732ms |  192.168.66.115 | POST     /getResult
[2020-01-02 13:13:46] 自開彩開獎  {202001020794 6 36 true} 
ConfigData  map[ip:192.168.88.181 database:FA_MEM redisPassword:"" redisDB:3 poolname:FA_MEM port:3306 user:fa_db password:1qaz!QAZ charset:utf8 redisIp:192.168.88.119 redisPort:6379]
SqlString  SELECT RTP,Amount,Bonus  FROM M_RtpSetting  WHERE Sid = 1   AND State = 1   AND LTG_Code = 6 AND Gid = 36
sqlResult   map[result: count:0 state:0]
[2020-01-02 13:13:46] rtpData ------->   map[count:0 state:0 result:] 
[GIN] 2020/01/02 - 13:13:46 | 200 |    2.591766ms |  192.168.66.115 | POST     /getResult
[2020-01-02 13:13:48] 自開彩開獎  {202001020794 1 34 true} 
ConfigData  map[redisIp:192.168.88.119 redisDB:3 ip:192.168.88.181 poolname:FA_MEM port:3306 user:fa_db password:1qaz!QAZ charset:utf8 database:FA_MEM redisPort:6379 redisPassword:""]
SqlString  SELECT RTP,Amount,Bonus  FROM M_RtpSetting  WHERE Sid = 1   AND State = 1   AND LTG_Code = 1 AND Gid = 34
sqlResult   map[state:0 result: count:0]
[2020-01-02 13:13:48] rtpData ------->   map[state:0 result: count:0] 
[GIN] 2020/01/02 - 13:13:48 | 200 |    2.619465ms |  192.168.66.115 | POST     /getResult
[2020-01-02 13:13:48] 自開彩開獎  {202001020794 4 40 true} 
ConfigData  map[port:3306 user:fa_db charset:utf8 redisIp:192.168.88.119 redisPassword:"" redisDB:3 ip:192.168.88.181 poolname:FA_MEM password:1qaz!QAZ database:FA_MEM redisPort:6379]
SqlString  SELECT RTP,Amount,Bonus  FROM M_RtpSetting  WHERE Sid = 1   AND State = 1   AND LTG_Code = 4 AND Gid = 40
sqlResult   map[result: count:0 state:0]
[2020-01-02 13:13:48] rtpData ------->   map[state:0 result: count:0] 
[GIN] 2020/01/02 - 13:13:48 | 200 |     2.21389ms |  192.168.66.115 | POST     /getResult
[2020-01-02 13:13:49] 自開彩開獎  {202001020794 5 38 true} 
ConfigData  map[database:FA_MEM charset:utf8 redisDB:3 port:3306 user:fa_db password:1qaz!QAZ redisIp:192.168.88.119 redisPort:6379 redisPassword:"" ip:192.168.88.181 poolname:FA_MEM]
SqlString  SELECT RTP,Amount,Bonus  FROM M_RtpSetting  WHERE Sid = 1   AND State = 1   AND LTG_Code = 5 AND Gid = 38
sqlResult   map[result: count:0 state:0]
[2020-01-02 13:13:49] rtpData ------->   map[result: count:0 state:0] 
[GIN] 2020/01/02 - 13:13:49 | 200 |    2.335305ms |  192.168.66.115 | POST     /getResult
[2020-01-02 13:13:50] 自開彩開獎  {202001020265 4 41 true} 
ConfigData  map[poolname:FA_MEM user:fa_db password:1qaz!QAZ database:FA_MEM redisPort:6379 redisPassword:"" ip:192.168.88.181 charset:utf8 redisIp:192.168.88.119 redisDB:3 port:3306]
SqlString  SELECT RTP,Amount,Bonus  FROM M_RtpSetting  WHERE Sid = 1   AND State = 1   AND LTG_Code = 4 AND Gid = 41
sqlResult   map[result: count:0 state:0]
[2020-01-02 13:13:50] rtpData ------->   map[result: count:0 state:0] 
[GIN] 2020/01/02 - 13:13:50 | 200 |    3.009417ms |  192.168.66.115 | POST     /getResult
[2020-01-02 13:13:51] 自開彩開獎  {202001020265 1 35 true} 
ConfigData  map[port:3306 user:fa_db charset:utf8 redisIp:192.168.88.119 redisPassword:"" redisDB:3 ip:192.168.88.181 poolname:FA_MEM password:1qaz!QAZ database:FA_MEM redisPort:6379]
SqlString  SELECT RTP,Amount,Bonus  FROM M_RtpSetting  WHERE Sid = 1   AND State = 1   AND LTG_Code = 1 AND Gid = 35
sqlResult   map[result: count:0 state:0]
[2020-01-02 13:13:51] rtpData ------->   map[result: count:0 state:0] 
[GIN] 2020/01/02 - 13:13:51 | 200 |    2.419044ms |  192.168.66.115 | POST     /getResult
[2020-01-02 13:13:52] 自開彩開獎  {202001020794 6 36 true} 
ConfigData  map[redisDB:3 ip:192.168.88.181 user:fa_db charset:utf8 redisPassword:"" redisIp:192.168.88.119 redisPort:6379 poolname:FA_MEM port:3306 password:1qaz!QAZ database:FA_MEM]
SqlString  SELECT RTP,Amount,Bonus  FROM M_RtpSetting  WHERE Sid = 1   AND State = 1   AND LTG_Code = 6 AND Gid = 36
sqlResult   map[result: count:0 state:0]
[2020-01-02 13:13:52] rtpData ------->   map[result: count:0 state:0] 
[GIN] 2020/01/02 - 13:13:52 | 200 |    2.519171ms |  192.168.66.115 | POST     /getResult
[2020-01-02 13:13:54] 自開彩開獎  {202001020794 1 34 true} 
ConfigData  map[password:1qaz!QAZ charset:utf8 redisPort:6379 redisPassword:"" redisDB:3 ip:192.168.88.181 user:fa_db database:FA_MEM redisIp:192.168.88.119 poolname:FA_MEM port:3306]
SqlString  SELECT RTP,Amount,Bonus  FROM M_RtpSetting  WHERE Sid = 1   AND State = 1   AND LTG_Code = 1 AND Gid = 34
sqlResult   map[result: count:0 state:0]
[2020-01-02 13:13:54] rtpData ------->   map[result: count:0 state:0] 
[GIN] 2020/01/02 - 13:13:54 | 200 |    2.949455ms |  192.168.66.115 | POST     /getResult
[2020-01-02 13:13:54] 自開彩開獎  {202001020794 4 40 true} 
ConfigData  map[redisDB:3 poolname:FA_MEM port:3306 password:1qaz!QAZ charset:utf8 redisIp:192.168.88.119 redisPort:6379 redisPassword:"" ip:192.168.88.181 user:fa_db database:FA_MEM]
SqlString  SELECT RTP,Amount,Bonus  FROM M_RtpSetting  WHERE Sid = 1   AND State = 1   AND LTG_Code = 4 AND Gid = 40
sqlResult   map[result: count:0 state:0]
[2020-01-02 13:13:54] rtpData ------->   map[result: count:0 state:0] 
[GIN] 2020/01/02 - 13:13:54 | 200 |    2.724757ms |  192.168.66.115 | POST     /getResult
[2020-01-02 13:13:55] 自開彩開獎  {202001020794 5 38 true} 
ConfigData  map[user:fa_db database:FA_MEM redisIp:192.168.88.119 redisPort:6379 redisPassword:"" ip:192.168.88.181 poolname:FA_MEM charset:utf8 redisDB:3 port:3306 password:1qaz!QAZ]
SqlString  SELECT RTP,Amount,Bonus  FROM M_RtpSetting  WHERE Sid = 1   AND State = 1   AND LTG_Code = 5 AND Gid = 38
sqlResult   map[result: count:0 state:0]
[2020-01-02 13:13:55] rtpData ------->   map[result: count:0 state:0] 
[GIN] 2020/01/02 - 13:13:55 | 200 |    3.124524ms |  192.168.66.115 | POST     /getResult
[2020-01-02 13:13:56] 自開彩開獎  {202001020265 4 41 true} 
ConfigData  map[redisPort:6379 redisDB:3 ip:192.168.88.181 poolname:FA_MEM port:3306 redisIp:192.168.88.119 redisPassword:"" user:fa_db password:1qaz!QAZ database:FA_MEM charset:utf8]
SqlString  SELECT RTP,Amount,Bonus  FROM M_RtpSetting  WHERE Sid = 1   AND State = 1   AND LTG_Code = 4 AND Gid = 41
sqlResult   map[result: count:0 state:0]
[2020-01-02 13:13:56] rtpData ------->   map[result: count:0 state:0] 
[GIN] 2020/01/02 - 13:13:56 | 200 |    4.071534ms |  192.168.66.115 | POST     /getResult
[2020-01-02 13:13:57] 自開彩開獎  {202001020265 1 35 true} 
ConfigData  map[redisPassword:"" ip:192.168.88.181 port:3306 password:1qaz!QAZ database:FA_MEM charset:utf8 redisIp:192.168.88.119 redisPort:6379 poolname:FA_MEM user:fa_db redisDB:3]
SqlString  SELECT RTP,Amount,Bonus  FROM M_RtpSetting  WHERE Sid = 1   AND State = 1   AND LTG_Code = 1 AND Gid = 35
sqlResult   map[result: count:0 state:0]
[2020-01-02 13:13:57] rtpData ------->   map[result: count:0 state:0] 
[GIN] 2020/01/02 - 13:13:57 | 200 |    2.447716ms |  192.168.66.115 | POST     /getResult
[2020-01-02 13:13:58] 自開彩開獎  {202001020794 6 36 true} 
ConfigData  map[password:1qaz!QAZ redisPort:6379 redisPassword:"" redisDB:3 ip:192.168.88.181 user:fa_db database:FA_MEM charset:utf8 redisIp:192.168.88.119 poolname:FA_MEM port:3306]
SqlString  SELECT RTP,Amount,Bonus  FROM M_RtpSetting  WHERE Sid = 1   AND State = 1   AND LTG_Code = 6 AND Gid = 36
sqlResult   map[result: count:0 state:0]
[2020-01-02 13:13:58] rtpData ------->   map[result: count:0 state:0] 
[GIN] 2020/01/02 - 13:13:58 | 200 |    2.357903ms |  192.168.66.115 | POST     /getResult
[2020-01-02 13:14:00] 自開彩開獎  {202001020794 1 34 true} 
ConfigData  map[port:3306 database:FA_MEM charset:utf8 redisPort:6379 redisPassword:"" redisDB:3 poolname:FA_MEM user:fa_db password:1qaz!QAZ redisIp:192.168.88.119 ip:192.168.88.181]
SqlString  SELECT RTP,Amount,Bonus  FROM M_RtpSetting  WHERE Sid = 1   AND State = 1   AND LTG_Code = 1 AND Gid = 34
sqlResult   map[result: count:0 state:0]
[2020-01-02 13:14:00] rtpData ------->   map[result: count:0 state:0] 
[GIN] 2020/01/02 - 13:14:00 | 200 |    2.703233ms |  192.168.66.115 | POST     /getResult
[2020-01-02 13:14:00] 自開彩開獎  {202001020794 4 40 true} 
ConfigData  map[charset:utf8 poolname:FA_MEM port:3306 user:fa_db redisIp:192.168.88.119 redisPort:6379 redisPassword:"" redisDB:3 ip:192.168.88.181 password:1qaz!QAZ database:FA_MEM]
SqlString  SELECT RTP,Amount,Bonus  FROM M_RtpSetting  WHERE Sid = 1   AND State = 1   AND LTG_Code = 4 AND Gid = 40
sqlResult   map[result: count:0 state:0]
[2020-01-02 13:14:00] rtpData ------->   map[result: count:0 state:0] 
[GIN] 2020/01/02 - 13:14:00 | 200 |    3.027787ms |  192.168.66.115 | POST     /getResult
[2020-01-02 13:14:01] 自開彩開獎  {202001020795 2 26 true} 
ConfigData  map[redisDB:3 port:3306 user:fa_db password:1qaz!QAZ database:FA_MEM redisPort:6379 ip:192.168.88.181 poolname:FA_MEM charset:utf8 redisIp:192.168.88.119 redisPassword:""]
SqlString  SELECT RTP,Amount,Bonus  FROM M_RtpSetting  WHERE Sid = 1   AND State = 1   AND LTG_Code = 2 AND Gid = 26
sqlResult   map[count:1 state:1 amount:1.0069588e+06 bonus:908100.71 result:0.9600]
[2020-01-02 13:14:01] rtpData ------->   map[result:0.9600 count:1 state:1 amount:1.0069588e+06 bonus:908100.71] 
ConfigData  map[redisPassword:"" redisDB:3 ip:192.168.88.181 user:fa_db password:1qaz!QAZ charset:utf8 redisPort:6379 poolname:FA_MEM port:3306 database:FA_MEM redisIp:192.168.88.119]
SELECT BO_No, BO_OrderNo , BO_User , BO_Issue  , BO_LotteryTypeGroup, BO_LotteryType, BO_Mode, BO_LotteryPlayGroup, BO_LotteryPlay , BO_LotteryContent, BO_Price, BO_RealPrice, BO_Unit, BO_Multiple , BO_BetCount  , BO_Winnings, BO_Winnings2, BO_Winnings3, BO_WinningLimit  , BO_Water , BO_BW_SourceUserId, BO_BW_BackWater, BO_BW_LimitBetCount, BO_BW_MaxAmount, BO_BW_AuditMultiple  , BO_Odds, BO_Odds2, BO_Odds3 , BO_Type, BO_Chase , BO_OpenResult, BO_OpenResult2, BO_DateDraw, BO_DateDraw2, BO_DateUpdate  FROM TS_BetOrder  WHERE BO_Cancel = 0   AND BO_CancelBackend = 0   AND BO_LotteryTypeGroup = 2 AND BO_LotteryType = 26 AND BO_Issue = 202001020795 AND BO_Collect = 0 ORDER BY BO_DateDraw ASC, BO_DateCreate ASC, BO_DateUpdate ASC, BO_No ASC ;
[2020-01-02 13:14:01] LottteryTypeGroup 2 
[2020-01-02 13:14:01] 有期號 但無注單 -------> map[amount:0 bonus:0 thisOpenResult:[2 6 9 3 4]] 
[GIN] 2020/01/02 - 13:14:01 | 200 |    5.736946ms |  192.168.66.115 | POST     /getResult
[2020-01-02 13:14:01] 自開彩開獎  {202001020794 5 38 true} 
ConfigData  map[password:1qaz!QAZ database:FA_MEM charset:utf8 redisPassword:"" ip:192.168.88.181 poolname:FA_MEM redisIp:192.168.88.119 redisPort:6379 redisDB:3 port:3306 user:fa_db]
SqlString  SELECT RTP,Amount,Bonus  FROM M_RtpSetting  WHERE Sid = 1   AND State = 1   AND LTG_Code = 5 AND Gid = 38
sqlResult   map[state:0 result: count:0]
[2020-01-02 13:14:01] rtpData ------->   map[result: count:0 state:0] 
[GIN] 2020/01/02 - 13:14:01 | 200 |    2.152611ms |  192.168.66.115 | POST     /getResult
[2020-01-02 13:14:02] 自開彩開獎  {202001020265 4 41 true} 
ConfigData  map[redisPassword:"" redisDB:3 ip:192.168.88.181 poolname:FA_MEM redisPort:6379 database:FA_MEM charset:utf8 redisIp:192.168.88.119 port:3306 user:fa_db password:1qaz!QAZ]
SqlString  SELECT RTP,Amount,Bonus  FROM M_RtpSetting  WHERE Sid = 1   AND State = 1   AND LTG_Code = 4 AND Gid = 41
sqlResult   map[result: count:0 state:0]
[2020-01-02 13:14:02] rtpData ------->   map[count:0 state:0 result:] 
[GIN] 2020/01/02 - 13:14:02 | 200 |    3.034316ms |  192.168.66.115 | POST     /getResult
[2020-01-02 13:14:03] 自開彩開獎  {202001020265 1 35 true} 
ConfigData  map[redisPassword:"" ip:192.168.88.181 poolname:FA_MEM port:3306 password:1qaz!QAZ charset:utf8 redisPort:6379 user:fa_db database:FA_MEM redisIp:192.168.88.119 redisDB:3]
SqlString  SELECT RTP,Amount,Bonus  FROM M_RtpSetting  WHERE Sid = 1   AND State = 1   AND LTG_Code = 1 AND Gid = 35
sqlResult   map[result: count:0 state:0]
[2020-01-02 13:14:03] rtpData ------->   map[result: count:0 state:0] 
[GIN] 2020/01/02 - 13:14:03 | 200 |    2.416899ms |  192.168.66.115 | POST     /getResult
[2020-01-02 13:14:04] 自開彩開獎  {202001020794 6 36 true} 
ConfigData  map[database:FA_MEM charset:utf8 redisIp:192.168.88.119 port:3306 user:fa_db password:1qaz!QAZ redisPort:6379 redisPassword:"" redisDB:3 ip:192.168.88.181 poolname:FA_MEM]
SqlString  SELECT RTP,Amount,Bonus  FROM M_RtpSetting  WHERE Sid = 1   AND State = 1   AND LTG_Code = 6 AND Gid = 36
sqlResult   map[count:0 state:0 result:]
[2020-01-02 13:14:04] rtpData ------->   map[state:0 result: count:0] 
[GIN] 2020/01/02 - 13:14:04 | 200 |    2.547009ms |  192.168.66.115 | POST     /getResult
[2020-01-02 13:14:06] 自開彩開獎  {202001020794 1 34 true} 
ConfigData  map[poolname:FA_MEM redisPort:6379 charset:utf8 redisIp:192.168.88.119 redisPassword:"" ip:192.168.88.181 port:3306 user:fa_db password:1qaz!QAZ database:FA_MEM redisDB:3]
SqlString  SELECT RTP,Amount,Bonus  FROM M_RtpSetting  WHERE Sid = 1   AND State = 1   AND LTG_Code = 1 AND Gid = 34
sqlResult   map[result: count:0 state:0]
[2020-01-02 13:14:06] rtpData ------->   map[state:0 result: count:0] 
[GIN] 2020/01/02 - 13:14:06 | 200 |    6.737752ms |  192.168.66.115 | POST     /getResult
[2020-01-02 13:14:07] 自開彩開獎  {202001020795 4 40 true} 
ConfigData  map[port:3306 user:fa_db password:1qaz!QAZ redisPort:6379 redisPassword:"" poolname:FA_MEM database:FA_MEM charset:utf8 redisIp:192.168.88.119 redisDB:3 ip:192.168.88.181]
SqlString  SELECT RTP,Amount,Bonus  FROM M_RtpSetting  WHERE Sid = 1   AND State = 1   AND LTG_Code = 4 AND Gid = 40
sqlResult   map[result: count:0 state:0]
[2020-01-02 13:14:07] rtpData ------->   map[result: count:0 state:0] 
[GIN] 2020/01/02 - 13:14:07 | 200 |    3.051438ms |  192.168.66.115 | POST     /getResult
[2020-01-02 13:14:07] 自開彩開獎  {202001020795 5 38 true} 
ConfigData  map[user:fa_db password:1qaz!QAZ charset:utf8 redisPassword:"" redisDB:3 ip:192.168.88.181 poolname:FA_MEM port:3306 database:FA_MEM redisIp:192.168.88.119 redisPort:6379]
SqlString  SELECT RTP,Amount,Bonus  FROM M_RtpSetting  WHERE Sid = 1   AND State = 1   AND LTG_Code = 5 AND Gid = 38
sqlResult   map[result: count:0 state:0]
[2020-01-02 13:14:07] rtpData ------->   map[result: count:0 state:0] 
[GIN] 2020/01/02 - 13:14:07 | 200 |     2.46731ms |  192.168.66.115 | POST     /getResult
[2020-01-02 13:14:08] 自開彩開獎  {202001020265 4 41 true} 
ConfigData  map[port:3306 database:FA_MEM charset:utf8 redisIp:192.168.88.119 redisPort:6379 ip:192.168.88.181 poolname:FA_MEM user:fa_db password:1qaz!QAZ redisPassword:"" redisDB:3]
SqlString  SELECT RTP,Amount,Bonus  FROM M_RtpSetting  WHERE Sid = 1   AND State = 1   AND LTG_Code = 4 AND Gid = 41
sqlResult   map[result: count:0 state:0]
[2020-01-02 13:14:08] rtpData ------->   map[result: count:0 state:0] 
[GIN] 2020/01/02 - 13:14:08 | 200 |     3.04562ms |  192.168.66.115 | POST     /getResult
[2020-01-02 13:14:09] 自開彩開獎  {202001020265 1 35 true} 
ConfigData  map[redisIp:192.168.88.119 redisPort:6379 redisDB:3 port:3306 user:fa_db database:FA_MEM charset:utf8 redisPassword:"" ip:192.168.88.181 poolname:FA_MEM password:1qaz!QAZ]
SqlString  SELECT RTP,Amount,Bonus  FROM M_RtpSetting  WHERE Sid = 1   AND State = 1   AND LTG_Code = 1 AND Gid = 35
sqlResult   map[result: count:0 state:0]
[2020-01-02 13:14:09] rtpData ------->   map[result: count:0 state:0] 
[GIN] 2020/01/02 - 13:14:09 | 200 |    2.320644ms |  192.168.66.115 | POST     /getResult
[2020-01-02 13:14:10] 自開彩開獎  {202001020795 6 36 true} 
ConfigData  map[redisPort:6379 redisPassword:"" ip:192.168.88.181 poolname:FA_MEM port:3306 password:1qaz!QAZ redisIp:192.168.88.119 user:fa_db database:FA_MEM charset:utf8 redisDB:3]
SqlString  SELECT RTP,Amount,Bonus  FROM M_RtpSetting  WHERE Sid = 1   AND State = 1   AND LTG_Code = 6 AND Gid = 36
sqlResult   map[result: count:0 state:0]
[2020-01-02 13:14:10] rtpData ------->   map[result: count:0 state:0] 
[GIN] 2020/01/02 - 13:14:10 | 200 |    2.023829ms |  192.168.66.115 | POST     /getResult
[2020-01-02 13:14:12] 自開彩開獎  {202001020795 1 34 true} 
ConfigData  map[ip:192.168.88.181 poolname:FA_MEM port:3306 password:1qaz!QAZ redisPort:6379 user:fa_db database:FA_MEM charset:utf8 redisIp:192.168.88.119 redisPassword:"" redisDB:3]
SqlString  SELECT RTP,Amount,Bonus  FROM M_RtpSetting  WHERE Sid = 1   AND State = 1   AND LTG_Code = 1 AND Gid = 34
sqlResult   map[result: count:0 state:0]
[2020-01-02 13:14:12] rtpData ------->   map[result: count:0 state:0] 
[GIN] 2020/01/02 - 13:14:12 | 200 |    3.272216ms |  192.168.66.115 | POST     /getResult
[2020-01-02 13:14:13] 自開彩開獎  {202001020795 4 40 true} 
ConfigData  map[port:3306 database:FA_MEM redisPassword:"" password:1qaz!QAZ charset:utf8 redisIp:192.168.88.119 redisPort:6379 redisDB:3 ip:192.168.88.181 poolname:FA_MEM user:fa_db]
SqlString  SELECT RTP,Amount,Bonus  FROM M_RtpSetting  WHERE Sid = 1   AND State = 1   AND LTG_Code = 4 AND Gid = 40
sqlResult   map[count:0 state:0 result:]
[2020-01-02 13:14:13] rtpData ------->   map[result: count:0 state:0] 
[GIN] 2020/01/02 - 13:14:13 | 200 |    2.559582ms |  192.168.66.115 | POST     /getResult
[2020-01-02 13:14:13] 自開彩開獎  {202001020795 5 38 true} 
ConfigData  map[redisIp:192.168.88.119 redisDB:3 port:3306 user:fa_db password:1qaz!QAZ database:FA_MEM redisPassword:"" ip:192.168.88.181 poolname:FA_MEM charset:utf8 redisPort:6379]
SqlString  SELECT RTP,Amount,Bonus  FROM M_RtpSetting  WHERE Sid = 1   AND State = 1   AND LTG_Code = 5 AND Gid = 38
sqlResult   map[result: count:0 state:0]
[2020-01-02 13:14:13] rtpData ------->   map[result: count:0 state:0] 
[GIN] 2020/01/02 - 13:14:13 | 200 |    2.117759ms |  192.168.66.115 | POST     /getResult
[2020-01-02 13:14:14] 自開彩開獎  {202001020265 4 41 true} 
ConfigData  map[redisPort:6379 poolname:FA_MEM port:3306 user:fa_db password:1qaz!QAZ database:FA_MEM charset:utf8 redisIp:192.168.88.119 redisPassword:"" redisDB:3 ip:192.168.88.181]
SqlString  SELECT RTP,Amount,Bonus  FROM M_RtpSetting  WHERE Sid = 1   AND State = 1   AND LTG_Code = 4 AND Gid = 41
sqlResult   map[result: count:0 state:0]
[2020-01-02 13:14:14] rtpData ------->   map[result: count:0 state:0] 
[GIN] 2020/01/02 - 13:14:14 | 200 |    2.738703ms |  192.168.66.115 | POST     /getResult
[2020-01-02 13:14:15] 自開彩開獎  {202001020265 1 35 true} 
ConfigData  map[redisPort:6379 ip:192.168.88.181 poolname:FA_MEM database:FA_MEM charset:utf8 redisPassword:"" redisDB:3 port:3306 user:fa_db password:1qaz!QAZ redisIp:192.168.88.119]
SqlString  SELECT RTP,Amount,Bonus  FROM M_RtpSetting  WHERE Sid = 1   AND State = 1   AND LTG_Code = 1 AND Gid = 35
sqlResult   map[result: count:0 state:0]
[2020-01-02 13:14:15] rtpData ------->   map[result: count:0 state:0] 
[GIN] 2020/01/02 - 13:14:15 | 200 |    2.666853ms |  192.168.66.115 | POST     /getResult
[2020-01-02 13:14:16] 自開彩開獎  {202001020795 6 36 true} 
ConfigData  map[port:3306 charset:utf8 redisIp:192.168.88.119 redisPassword:"" redisDB:3 poolname:FA_MEM user:fa_db password:1qaz!QAZ database:FA_MEM redisPort:6379 ip:192.168.88.181]
SqlString  SELECT RTP,Amount,Bonus  FROM M_RtpSetting  WHERE Sid = 1   AND State = 1   AND LTG_Code = 6 AND Gid = 36
sqlResult   map[result: count:0 state:0]
[2020-01-02 13:14:16] rtpData ------->   map[result: count:0 state:0] 
[GIN] 2020/01/02 - 13:14:16 | 200 |    2.255188ms |  192.168.66.115 | POST     /getResult
[2020-01-02 13:14:18] 自開彩開獎  {202001020795 1 34 true} 
ConfigData  map[ip:192.168.88.181 user:fa_db password:1qaz!QAZ database:FA_MEM redisPort:6379 redisPassword:"" poolname:FA_MEM port:3306 charset:utf8 redisIp:192.168.88.119 redisDB:3]
SqlString  SELECT RTP,Amount,Bonus  FROM M_RtpSetting  WHERE Sid = 1   AND State = 1   AND LTG_Code = 1 AND Gid = 34
sqlResult   map[count:0 state:0 result:]
[2020-01-02 13:14:18] rtpData ------->   map[result: count:0 state:0] 
[GIN] 2020/01/02 - 13:14:18 | 200 |    2.655659ms |  192.168.66.115 | POST     /getResult
[2020-01-02 13:14:19] 自開彩開獎  {202001020795 4 40 true} 
ConfigData  map[charset:utf8 redisIp:192.168.88.119 redisDB:3 ip:192.168.88.181 poolname:FA_MEM user:fa_db password:1qaz!QAZ port:3306 database:FA_MEM redisPort:6379 redisPassword:""]
SqlString  SELECT RTP,Amount,Bonus  FROM M_RtpSetting  WHERE Sid = 1   AND State = 1   AND LTG_Code = 4 AND Gid = 40
sqlResult   map[count:0 state:0 result:]
[2020-01-02 13:14:19] rtpData ------->   map[result: count:0 state:0] 
[GIN] 2020/01/02 - 13:14:19 | 200 |    3.815465ms |  192.168.66.115 | POST     /getResult
[2020-01-02 13:14:19] 自開彩開獎  {202001020795 5 38 true} 
ConfigData  map[ip:192.168.88.181 password:1qaz!QAZ database:FA_MEM redisIp:192.168.88.119 redisPassword:"" poolname:FA_MEM port:3306 user:fa_db charset:utf8 redisPort:6379 redisDB:3]
SqlString  SELECT RTP,Amount,Bonus  FROM M_RtpSetting  WHERE Sid = 1   AND State = 1   AND LTG_Code = 5 AND Gid = 38
sqlResult   map[count:0 state:0 result:]
[2020-01-02 13:14:19] rtpData ------->   map[result: count:0 state:0] 
[GIN] 2020/01/02 - 13:14:19 | 200 |    2.396393ms |  192.168.66.115 | POST     /getResult
[2020-01-02 13:14:20] 自開彩開獎  {202001020265 4 41 true} 
ConfigData  map[charset:utf8 redisIp:192.168.88.119 redisDB:3 port:3306 user:fa_db password:1qaz!QAZ database:FA_MEM ip:192.168.88.181 poolname:FA_MEM redisPort:6379 redisPassword:""]
SqlString  SELECT RTP,Amount,Bonus  FROM M_RtpSetting  WHERE Sid = 1   AND State = 1   AND LTG_Code = 4 AND Gid = 41
sqlResult   map[result: count:0 state:0]
[2020-01-02 13:14:20] rtpData ------->   map[result: count:0 state:0] 
[GIN] 2020/01/02 - 13:14:20 | 200 |    2.430492ms |  192.168.66.115 | POST     /getResult
[2020-01-02 13:14:21] 自開彩開獎  {202001020265 1 35 true} 
ConfigData  map[ip:192.168.88.181 port:3306 redisPassword:"" redisPort:6379 redisDB:3 poolname:FA_MEM user:fa_db password:1qaz!QAZ database:FA_MEM charset:utf8 redisIp:192.168.88.119]
SqlString  SELECT RTP,Amount,Bonus  FROM M_RtpSetting  WHERE Sid = 1   AND State = 1   AND LTG_Code = 1 AND Gid = 35
sqlResult   map[count:0 state:0 result:]
[2020-01-02 13:14:21] rtpData ------->   map[result: count:0 state:0] 
[GIN] 2020/01/02 - 13:14:21 | 200 |    2.254189ms |  192.168.66.115 | POST     /getResult
[2020-01-02 13:14:22] 自開彩開獎  {202001020795 6 36 true} 
ConfigData  map[redisPort:6379 redisPassword:"" redisDB:3 ip:192.168.88.181 poolname:FA_MEM port:3306 password:1qaz!QAZ user:fa_db database:FA_MEM charset:utf8 redisIp:192.168.88.119]
SqlString  SELECT RTP,Amount,Bonus  FROM M_RtpSetting  WHERE Sid = 1   AND State = 1   AND LTG_Code = 6 AND Gid = 36
sqlResult   map[state:0 result: count:0]
[2020-01-02 13:14:22] rtpData ------->   map[result: count:0 state:0] 
[GIN] 2020/01/02 - 13:14:22 | 200 |     2.56413ms |  192.168.66.115 | POST     /getResult
[2020-01-02 13:14:24] 自開彩開獎  {202001020795 1 34 true} 
ConfigData  map[redisPort:6379 redisDB:3 poolname:FA_MEM port:3306 user:fa_db charset:utf8 redisIp:192.168.88.119 ip:192.168.88.181 password:1qaz!QAZ database:FA_MEM redisPassword:""]
SqlString  SELECT RTP,Amount,Bonus  FROM M_RtpSetting  WHERE Sid = 1   AND State = 1   AND LTG_Code = 1 AND Gid = 34
sqlResult   map[result: count:0 state:0]
[2020-01-02 13:14:24] rtpData ------->   map[result: count:0 state:0] 
[GIN] 2020/01/02 - 13:14:24 | 200 |    2.956301ms |  192.168.66.115 | POST     /getResult
[2020-01-02 13:14:25] 自開彩開獎  {202001020795 4 40 true} 
ConfigData  map[redisPort:6379 redisPassword:"" redisDB:3 ip:192.168.88.181 poolname:FA_MEM database:FA_MEM charset:utf8 port:3306 user:fa_db password:1qaz!QAZ redisIp:192.168.88.119]
SqlString  SELECT RTP,Amount,Bonus  FROM M_RtpSetting  WHERE Sid = 1   AND State = 1   AND LTG_Code = 4 AND Gid = 40
sqlResult   map[result: count:0 state:0]
[2020-01-02 13:14:25] rtpData ------->   map[result: count:0 state:0] 
[GIN] 2020/01/02 - 13:14:25 | 200 |    2.394844ms |  192.168.66.115 | POST     /getResult
[2020-01-02 13:14:25] 自開彩開獎  {202001020795 5 38 true} 
ConfigData  map[poolname:FA_MEM port:3306 user:fa_db redisPassword:"" redisDB:3 ip:192.168.88.181 database:FA_MEM charset:utf8 redisIp:192.168.88.119 redisPort:6379 password:1qaz!QAZ]
SqlString  SELECT RTP,Amount,Bonus  FROM M_RtpSetting  WHERE Sid = 1   AND State = 1   AND LTG_Code = 5 AND Gid = 38
sqlResult   map[state:0 result: count:0]
[2020-01-02 13:14:25] rtpData ------->   map[result: count:0 state:0] 
[GIN] 2020/01/02 - 13:14:25 | 200 |    2.143307ms |  192.168.66.115 | POST     /getResult
[2020-01-02 13:14:26] 自開彩開獎  {202001020265 4 41 true} 
ConfigData  map[user:fa_db password:1qaz!QAZ charset:utf8 redisPassword:"" redisDB:3 port:3306 poolname:FA_MEM database:FA_MEM redisIp:192.168.88.119 redisPort:6379 ip:192.168.88.181]
SqlString  SELECT RTP,Amount,Bonus  FROM M_RtpSetting  WHERE Sid = 1   AND State = 1   AND LTG_Code = 4 AND Gid = 41
sqlResult   map[state:0 result: count:0]
[2020-01-02 13:14:26] rtpData ------->   map[state:0 result: count:0] 
[GIN] 2020/01/02 - 13:14:26 | 200 |    2.798193ms |  192.168.66.115 | POST     /getResult
[2020-01-02 13:14:27] 自開彩開獎  {202001020265 1 35 true} 
ConfigData  map[charset:utf8 redisIp:192.168.88.119 ip:192.168.88.181 poolname:FA_MEM port:3306 user:fa_db password:1qaz!QAZ database:FA_MEM redisPassword:"" redisDB:3 redisPort:6379]
SqlString  SELECT RTP,Amount,Bonus  FROM M_RtpSetting  WHERE Sid = 1   AND State = 1   AND LTG_Code = 1 AND Gid = 35
sqlResult   map[result: count:0 state:0]
[2020-01-02 13:14:27] rtpData ------->   map[count:0 state:0 result:] 
[GIN] 2020/01/02 - 13:14:27 | 200 |    2.531445ms |  192.168.66.115 | POST     /getResult
[2020-01-02 13:14:28] 自開彩開獎  {202001020795 6 36 true} 
ConfigData  map[password:1qaz!QAZ database:FA_MEM charset:utf8 redisIp:192.168.88.119 redisPort:6379 poolname:FA_MEM port:3306 redisPassword:"" redisDB:3 ip:192.168.88.181 user:fa_db]
SqlString  SELECT RTP,Amount,Bonus  FROM M_RtpSetting  WHERE Sid = 1   AND State = 1   AND LTG_Code = 6 AND Gid = 36
sqlResult   map[result: count:0 state:0]
[2020-01-02 13:14:28] rtpData ------->   map[result: count:0 state:0] 
[GIN] 2020/01/02 - 13:14:28 | 200 |    2.397054ms |  192.168.66.115 | POST     /getResult
[2020-01-02 13:14:30] 自開彩開獎  {202001020795 1 34 true} 
ConfigData  map[port:3306 user:fa_db password:1qaz!QAZ redisPort:6379 redisPassword:"" redisDB:3 ip:192.168.88.181 poolname:FA_MEM redisIp:192.168.88.119 database:FA_MEM charset:utf8]
SqlString  SELECT RTP,Amount,Bonus  FROM M_RtpSetting  WHERE Sid = 1   AND State = 1   AND LTG_Code = 1 AND Gid = 34
sqlResult   map[result: count:0 state:0]
[2020-01-02 13:14:30] rtpData ------->   map[state:0 result: count:0] 
[GIN] 2020/01/02 - 13:14:30 | 200 |    4.531139ms |  192.168.66.115 | POST     /getResult
[2020-01-02 13:14:31] 自開彩開獎  {202001020795 4 40 true} 
ConfigData  map[poolname:FA_MEM database:FA_MEM charset:utf8 redisIp:192.168.88.119 redisPort:6379 redisPassword:"" redisDB:3 ip:192.168.88.181 port:3306 user:fa_db password:1qaz!QAZ]
SqlString  SELECT RTP,Amount,Bonus  FROM M_RtpSetting  WHERE Sid = 1   AND State = 1   AND LTG_Code = 4 AND Gid = 40
sqlResult   map[result: count:0 state:0]
[2020-01-02 13:14:31] rtpData ------->   map[result: count:0 state:0] 
[GIN] 2020/01/02 - 13:14:31 | 200 |    2.291236ms |  192.168.66.115 | POST     /getResult
[2020-01-02 13:14:31] 自開彩開獎  {202001020795 5 38 true} 
ConfigData  map[database:FA_MEM redisDB:3 port:3306 user:fa_db password:1qaz!QAZ redisIp:192.168.88.119 redisPort:6379 redisPassword:"" ip:192.168.88.181 poolname:FA_MEM charset:utf8]
SqlString  SELECT RTP,Amount,Bonus  FROM M_RtpSetting  WHERE Sid = 1   AND State = 1   AND LTG_Code = 5 AND Gid = 38
sqlResult   map[count:0 state:0 result:]
[2020-01-02 13:14:31] rtpData ------->   map[result: count:0 state:0] 
[GIN] 2020/01/02 - 13:14:31 | 200 |    2.577894ms |  192.168.66.115 | POST     /getResult
[2020-01-02 13:14:32] 自開彩開獎  {202001020265 4 41 true} 
ConfigData  map[ip:192.168.88.181 poolname:FA_MEM port:3306 password:1qaz!QAZ redisIp:192.168.88.119 redisDB:3 user:fa_db database:FA_MEM charset:utf8 redisPort:6379 redisPassword:""]
SqlString  SELECT RTP,Amount,Bonus  FROM M_RtpSetting  WHERE Sid = 1   AND State = 1   AND LTG_Code = 4 AND Gid = 41
sqlResult   map[result: count:0 state:0]
[2020-01-02 13:14:32] rtpData ------->   map[count:0 state:0 result:] 
[GIN] 2020/01/02 - 13:14:32 | 200 |    8.449871ms |  192.168.66.115 | POST     /getResult
[2020-01-02 13:14:33] 自開彩開獎  {202001020265 1 35 true} 
ConfigData  map[redisPort:6379 redisPassword:"" port:3306 user:fa_db database:FA_MEM charset:utf8 redisIp:192.168.88.119 ip:192.168.88.181 poolname:FA_MEM password:1qaz!QAZ redisDB:3]
SqlString  SELECT RTP,Amount,Bonus  FROM M_RtpSetting  WHERE Sid = 1   AND State = 1   AND LTG_Code = 1 AND Gid = 35
sqlResult   map[result: count:0 state:0]
[2020-01-02 13:14:33] rtpData ------->   map[result: count:0 state:0] 
[GIN] 2020/01/02 - 13:14:33 | 200 |    2.106782ms |  192.168.66.115 | POST     /getResult
[2020-01-02 13:14:34] 自開彩開獎  {202001020795 6 36 true} 
ConfigData  map[user:fa_db database:FA_MEM redisPort:6379 redisIp:192.168.88.119 redisPassword:"" redisDB:3 ip:192.168.88.181 poolname:FA_MEM port:3306 password:1qaz!QAZ charset:utf8]
SqlString  SELECT RTP,Amount,Bonus  FROM M_RtpSetting  WHERE Sid = 1   AND State = 1   AND LTG_Code = 6 AND Gid = 36
sqlResult   map[result: count:0 state:0]
[2020-01-02 13:14:34] rtpData ------->   map[result: count:0 state:0] 
[GIN] 2020/01/02 - 13:14:34 | 200 |    2.380932ms |  192.168.66.115 | POST     /getResult
[2020-01-02 13:14:36] 自開彩開獎  {202001020795 1 34 true} 
ConfigData  map[ip:192.168.88.181 user:fa_db database:FA_MEM redisPort:6379 redisPassword:"" poolname:FA_MEM port:3306 password:1qaz!QAZ charset:utf8 redisIp:192.168.88.119 redisDB:3]
SqlString  SELECT RTP,Amount,Bonus  FROM M_RtpSetting  WHERE Sid = 1   AND State = 1   AND LTG_Code = 1 AND Gid = 34
sqlResult   map[result: count:0 state:0]
[2020-01-02 13:14:36] rtpData ------->   map[result: count:0 state:0] 
[GIN] 2020/01/02 - 13:14:36 | 200 |    3.222177ms |  192.168.66.115 | POST     /getResult
[2020-01-02 13:14:37] 自開彩開獎  {202001020795 4 40 true} 
ConfigData  map[redisPassword:"" redisDB:3 poolname:FA_MEM port:3306 user:fa_db password:1qaz!QAZ database:FA_MEM ip:192.168.88.181 charset:utf8 redisIp:192.168.88.119 redisPort:6379]
SqlString  SELECT RTP,Amount,Bonus  FROM M_RtpSetting  WHERE Sid = 1   AND State = 1   AND LTG_Code = 4 AND Gid = 40
sqlResult   map[result: count:0 state:0]
[2020-01-02 13:14:37] rtpData ------->   map[result: count:0 state:0] 
[GIN] 2020/01/02 - 13:14:37 | 200 |    2.916159ms |  192.168.66.115 | POST     /getResult
[2020-01-02 13:14:37] 自開彩開獎  {202001020795 5 38 true} 
ConfigData  map[redisPort:6379 ip:192.168.88.181 port:3306 user:fa_db password:1qaz!QAZ database:FA_MEM charset:utf8 redisIp:192.168.88.119 redisDB:3 poolname:FA_MEM redisPassword:""]
SqlString  SELECT RTP,Amount,Bonus  FROM M_RtpSetting  WHERE Sid = 1   AND State = 1   AND LTG_Code = 5 AND Gid = 38
sqlResult   map[result: count:0 state:0]
[2020-01-02 13:14:37] rtpData ------->   map[count:0 state:0 result:] 
[GIN] 2020/01/02 - 13:14:37 | 200 |    2.488096ms |  192.168.66.115 | POST     /getResult
[2020-01-02 13:14:38] 自開彩開獎  {202001020265 4 41 true} 
ConfigData  map[database:FA_MEM charset:utf8 redisPort:6379 redisPassword:"" redisDB:3 ip:192.168.88.181 poolname:FA_MEM port:3306 user:fa_db password:1qaz!QAZ redisIp:192.168.88.119]
SqlString  SELECT RTP,Amount,Bonus  FROM M_RtpSetting  WHERE Sid = 1   AND State = 1   AND LTG_Code = 4 AND Gid = 41
sqlResult   map[result: count:0 state:0]
[2020-01-02 13:14:38] rtpData ------->   map[result: count:0 state:0] 
[GIN] 2020/01/02 - 13:14:38 | 200 |    8.678987ms |  192.168.66.115 | POST     /getResult
[2020-01-02 13:14:39] 自開彩開獎  {202001020265 1 35 true} 
ConfigData  map[charset:utf8 redisDB:3 ip:192.168.88.181 poolname:FA_MEM port:3306 user:fa_db redisPassword:"" password:1qaz!QAZ database:FA_MEM redisIp:192.168.88.119 redisPort:6379]
SqlString  SELECT RTP,Amount,Bonus  FROM M_RtpSetting  WHERE Sid = 1   AND State = 1   AND LTG_Code = 1 AND Gid = 35
sqlResult   map[count:0 state:0 result:]
[2020-01-02 13:14:39] rtpData ------->   map[result: count:0 state:0] 
[GIN] 2020/01/02 - 13:14:39 | 200 |    2.439769ms |  192.168.66.115 | POST     /getResult
[2020-01-02 13:14:40] 自開彩開獎  {202001020795 6 36 true} 
ConfigData  map[redisIp:192.168.88.119 redisDB:3 poolname:FA_MEM password:1qaz!QAZ user:fa_db database:FA_MEM charset:utf8 redisPort:6379 redisPassword:"" ip:192.168.88.181 port:3306]
SqlString  SELECT RTP,Amount,Bonus  FROM M_RtpSetting  WHERE Sid = 1   AND State = 1   AND LTG_Code = 6 AND Gid = 36
sqlResult   map[result: count:0 state:0]
[2020-01-02 13:14:40] rtpData ------->   map[result: count:0 state:0] 
[GIN] 2020/01/02 - 13:14:40 | 200 |    2.061511ms |  192.168.66.115 | POST     /getResult
[2020-01-02 13:14:42] 自開彩開獎  {202001020795 1 34 true} 
ConfigData  map[database:FA_MEM redisIp:192.168.88.119 redisPassword:"" redisDB:3 ip:192.168.88.181 poolname:FA_MEM port:3306 password:1qaz!QAZ user:fa_db charset:utf8 redisPort:6379]
SqlString  SELECT RTP,Amount,Bonus  FROM M_RtpSetting  WHERE Sid = 1   AND State = 1   AND LTG_Code = 1 AND Gid = 34
sqlResult   map[result: count:0 state:0]
[2020-01-02 13:14:42] rtpData ------->   map[result: count:0 state:0] 
[GIN] 2020/01/02 - 13:14:42 | 200 |    2.427128ms |  192.168.66.115 | POST     /getResult
[2020-01-02 13:14:43] 自開彩開獎  {202001020795 4 40 true} 
ConfigData  map[port:3306 database:FA_MEM charset:utf8 redisPassword:"" redisDB:3 ip:192.168.88.181 poolname:FA_MEM user:fa_db password:1qaz!QAZ redisIp:192.168.88.119 redisPort:6379]
SqlString  SELECT RTP,Amount,Bonus  FROM M_RtpSetting  WHERE Sid = 1   AND State = 1   AND LTG_Code = 4 AND Gid = 40
sqlResult   map[result: count:0 state:0]
[2020-01-02 13:14:43] rtpData ------->   map[result: count:0 state:0] 
[GIN] 2020/01/02 - 13:14:43 | 200 |    2.774841ms |  192.168.66.115 | POST     /getResult
[2020-01-02 13:14:43] 自開彩開獎  {202001020795 5 38 true} 
ConfigData  map[poolname:FA_MEM port:3306 password:1qaz!QAZ redisIp:192.168.88.119 redisPort:6379 ip:192.168.88.181 user:fa_db database:FA_MEM charset:utf8 redisPassword:"" redisDB:3]
SqlString  SELECT RTP,Amount,Bonus  FROM M_RtpSetting  WHERE Sid = 1   AND State = 1   AND LTG_Code = 5 AND Gid = 38
sqlResult   map[result: count:0 state:0]
[2020-01-02 13:14:43] rtpData ------->   map[result: count:0 state:0] 
[GIN] 2020/01/02 - 13:14:43 | 200 |    1.911962ms |  192.168.66.115 | POST     /getResult
[2020-01-02 13:14:44] 自開彩開獎  {202001020265 4 41 true} 
ConfigData  map[user:fa_db database:FA_MEM redisIp:192.168.88.119 redisDB:3 charset:utf8 redisPort:6379 redisPassword:"" ip:192.168.88.181 poolname:FA_MEM port:3306 password:1qaz!QAZ]
SqlString  SELECT RTP,Amount,Bonus  FROM M_RtpSetting  WHERE Sid = 1   AND State = 1   AND LTG_Code = 4 AND Gid = 41
sqlResult   map[result: count:0 state:0]
[2020-01-02 13:14:44] rtpData ------->   map[count:0 state:0 result:] 
[GIN] 2020/01/02 - 13:14:44 | 200 |     8.29752ms |  192.168.66.115 | POST     /getResult
[2020-01-02 13:14:45] 自開彩開獎  {202001020265 1 35 true} 
ConfigData  map[redisPassword:"" redisDB:3 ip:192.168.88.181 poolname:FA_MEM port:3306 database:FA_MEM charset:utf8 redisIp:192.168.88.119 user:fa_db password:1qaz!QAZ redisPort:6379]
SqlString  SELECT RTP,Amount,Bonus  FROM M_RtpSetting  WHERE Sid = 1   AND State = 1   AND LTG_Code = 1 AND Gid = 35
sqlResult   map[state:0 result: count:0]
[2020-01-02 13:14:45] rtpData ------->   map[result: count:0 state:0] 
[GIN] 2020/01/02 - 13:14:45 | 200 |     2.77463ms |  192.168.66.115 | POST     /getResult
[2020-01-02 13:14:46] 自開彩開獎  {202001020795 6 36 true} 
ConfigData  map[poolname:FA_MEM password:1qaz!QAZ charset:utf8 redisPassword:"" redisDB:3 ip:192.168.88.181 user:fa_db database:FA_MEM redisIp:192.168.88.119 redisPort:6379 port:3306]
SqlString  SELECT RTP,Amount,Bonus  FROM M_RtpSetting  WHERE Sid = 1   AND State = 1   AND LTG_Code = 6 AND Gid = 36
sqlResult   map[result: count:0 state:0]
[2020-01-02 13:14:46] rtpData ------->   map[state:0 result: count:0] 
[GIN] 2020/01/02 - 13:14:46 | 200 |    2.179991ms |  192.168.66.115 | POST     /getResult
[2020-01-02 13:14:48] 自開彩開獎  {202001020795 1 34 true} 
ConfigData  map[ip:192.168.88.181 user:fa_db database:FA_MEM charset:utf8 redisPassword:"" poolname:FA_MEM port:3306 password:1qaz!QAZ redisIp:192.168.88.119 redisPort:6379 redisDB:3]
SqlString  SELECT RTP,Amount,Bonus  FROM M_RtpSetting  WHERE Sid = 1   AND State = 1   AND LTG_Code = 1 AND Gid = 34
sqlResult   map[result: count:0 state:0]
[2020-01-02 13:14:48] rtpData ------->   map[result: count:0 state:0] 
[GIN] 2020/01/02 - 13:14:48 | 200 |    8.591312ms |  192.168.66.115 | POST     /getResult
[2020-01-02 13:14:49] 自開彩開獎  {202001020795 4 40 true} 
ConfigData  map[redisPort:6379 redisDB:3 charset:utf8 redisIp:192.168.88.119 port:3306 user:fa_db password:1qaz!QAZ database:FA_MEM redisPassword:"" ip:192.168.88.181 poolname:FA_MEM]
SqlString  SELECT RTP,Amount,Bonus  FROM M_RtpSetting  WHERE Sid = 1   AND State = 1   AND LTG_Code = 4 AND Gid = 40
sqlResult   map[result: count:0 state:0]
[2020-01-02 13:14:49] rtpData ------->   map[result: count:0 state:0] 
[GIN] 2020/01/02 - 13:14:49 | 200 |    2.356983ms |  192.168.66.115 | POST     /getResult
[2020-01-02 13:14:49] 自開彩開獎  {202001020795 5 38 true} 
ConfigData  map[redisPassword:"" redisDB:3 poolname:FA_MEM port:3306 password:1qaz!QAZ database:FA_MEM charset:utf8 redisPort:6379 ip:192.168.88.181 user:fa_db redisIp:192.168.88.119]
SqlString  SELECT RTP,Amount,Bonus  FROM M_RtpSetting  WHERE Sid = 1   AND State = 1   AND LTG_Code = 5 AND Gid = 38
sqlResult   map[result: count:0 state:0]
[2020-01-02 13:14:49] rtpData ------->   map[result: count:0 state:0] 
[GIN] 2020/01/02 - 13:14:49 | 200 |    3.015129ms |  192.168.66.115 | POST     /getResult
[2020-01-02 13:14:50] 自開彩開獎  {202001020265 4 41 true} 
ConfigData  map[poolname:FA_MEM redisIp:192.168.88.119 redisDB:3 ip:192.168.88.181 user:fa_db password:1qaz!QAZ database:FA_MEM charset:utf8 redisPort:6379 redisPassword:"" port:3306]
SqlString  SELECT RTP,Amount,Bonus  FROM M_RtpSetting  WHERE Sid = 1   AND State = 1   AND LTG_Code = 4 AND Gid = 41
sqlResult   map[result: count:0 state:0]
[2020-01-02 13:14:50] rtpData ------->   map[result: count:0 state:0] 
[GIN] 2020/01/02 - 13:14:50 | 200 |     2.67389ms |  192.168.66.115 | POST     /getResult
[2020-01-02 13:14:51] 自開彩開獎  {202001020265 1 35 true} 
ConfigData  map[database:FA_MEM charset:utf8 redisIp:192.168.88.119 redisPort:6379 redisPassword:"" ip:192.168.88.181 port:3306 user:fa_db password:1qaz!QAZ redisDB:3 poolname:FA_MEM]
SqlString  SELECT RTP,Amount,Bonus  FROM M_RtpSetting  WHERE Sid = 1   AND State = 1   AND LTG_Code = 1 AND Gid = 35
sqlResult   map[result: count:0 state:0]
[2020-01-02 13:14:51] rtpData ------->   map[result: count:0 state:0] 
[GIN] 2020/01/02 - 13:14:51 | 200 |    2.089422ms |  192.168.66.115 | POST     /getResult
[2020-01-02 13:14:52] 自開彩開獎  {202001020795 6 36 true} 
ConfigData  map[password:1qaz!QAZ database:FA_MEM redisPassword:"" poolname:FA_MEM port:3306 user:fa_db redisPort:6379 redisDB:3 ip:192.168.88.181 charset:utf8 redisIp:192.168.88.119]
SqlString  SELECT RTP,Amount,Bonus  FROM M_RtpSetting  WHERE Sid = 1   AND State = 1   AND LTG_Code = 6 AND Gid = 36
sqlResult   map[count:0 state:0 result:]
[2020-01-02 13:14:52] rtpData ------->   map[result: count:0 state:0] 
[GIN] 2020/01/02 - 13:14:52 | 200 |    2.339018ms |  192.168.66.115 | POST     /getResult
[2020-01-02 13:14:54] 自開彩開獎  {202001020795 1 34 true} 
ConfigData  map[port:3306 user:fa_db password:1qaz!QAZ charset:utf8 redisIp:192.168.88.119 redisPassword:"" ip:192.168.88.181 poolname:FA_MEM database:FA_MEM redisPort:6379 redisDB:3]
SqlString  SELECT RTP,Amount,Bonus  FROM M_RtpSetting  WHERE Sid = 1   AND State = 1   AND LTG_Code = 1 AND Gid = 34
sqlResult   map[result: count:0 state:0]
[2020-01-02 13:14:54] rtpData ------->   map[count:0 state:0 result:] 
[GIN] 2020/01/02 - 13:14:54 | 200 |    2.353069ms |  192.168.66.115 | POST     /getResult
[2020-01-02 13:14:55] 自開彩開獎  {202001020795 4 40 true} 
ConfigData  map[database:FA_MEM redisIp:192.168.88.119 redisPort:6379 redisPassword:"" redisDB:3 ip:192.168.88.181 poolname:FA_MEM port:3306 user:fa_db password:1qaz!QAZ charset:utf8]
SqlString  SELECT RTP,Amount,Bonus  FROM M_RtpSetting  WHERE Sid = 1   AND State = 1   AND LTG_Code = 4 AND Gid = 40
sqlResult   map[result: count:0 state:0]
[2020-01-02 13:14:55] rtpData ------->   map[count:0 state:0 result:] 
[GIN] 2020/01/02 - 13:14:55 | 200 |    2.444955ms |  192.168.66.115 | POST     /getResult
[2020-01-02 13:14:55] 自開彩開獎  {202001020795 5 38 true} 
ConfigData  map[ip:192.168.88.181 poolname:FA_MEM port:3306 database:FA_MEM charset:utf8 redisPassword:"" redisDB:3 user:fa_db password:1qaz!QAZ redisIp:192.168.88.119 redisPort:6379]
SqlString  SELECT RTP,Amount,Bonus  FROM M_RtpSetting  WHERE Sid = 1   AND State = 1   AND LTG_Code = 5 AND Gid = 38
sqlResult   map[result: count:0 state:0]
[2020-01-02 13:14:55] rtpData ------->   map[result: count:0 state:0] 
[GIN] 2020/01/02 - 13:14:55 | 200 |    2.643665ms |  192.168.66.115 | POST     /getResult
[2020-01-02 13:14:56] 自開彩開獎  {202001020265 4 41 true} 
ConfigData  map[charset:utf8 ip:192.168.88.181 port:3306 password:1qaz!QAZ database:FA_MEM redisPassword:"" redisDB:3 poolname:FA_MEM user:fa_db redisIp:192.168.88.119 redisPort:6379]
SqlString  SELECT RTP,Amount,Bonus  FROM M_RtpSetting  WHERE Sid = 1   AND State = 1   AND LTG_Code = 4 AND Gid = 41
sqlResult   map[result: count:0 state:0]
[2020-01-02 13:14:56] rtpData ------->   map[result: count:0 state:0] 
[GIN] 2020/01/02 - 13:14:56 | 200 |    2.763695ms |  192.168.66.115 | POST     /getResult
[2020-01-02 13:14:57] 自開彩開獎  {202001020265 1 35 true} 
ConfigData  map[ip:192.168.88.181 password:1qaz!QAZ database:FA_MEM redisIp:192.168.88.119 redisPort:6379 redisPassword:"" redisDB:3 poolname:FA_MEM port:3306 user:fa_db charset:utf8]
SqlString  SELECT RTP,Amount,Bonus  FROM M_RtpSetting  WHERE Sid = 1   AND State = 1   AND LTG_Code = 1 AND Gid = 35
sqlResult   map[state:0 result: count:0]
[2020-01-02 13:14:57] rtpData ------->   map[result: count:0 state:0] 
[GIN] 2020/01/02 - 13:14:57 | 200 |    2.095927ms |  192.168.66.115 | POST     /getResult
[2020-01-02 13:14:58] 自開彩開獎  {202001020795 6 36 true} 
ConfigData  map[database:FA_MEM redisPassword:"" redisDB:3 ip:192.168.88.181 poolname:FA_MEM port:3306 user:fa_db password:1qaz!QAZ charset:utf8 redisIp:192.168.88.119 redisPort:6379]
SqlString  SELECT RTP,Amount,Bonus  FROM M_RtpSetting  WHERE Sid = 1   AND State = 1   AND LTG_Code = 6 AND Gid = 36
sqlResult   map[result: count:0 state:0]
[2020-01-02 13:14:58] rtpData ------->   map[result: count:0 state:0] 
[GIN] 2020/01/02 - 13:14:58 | 200 |    2.045445ms |  192.168.66.115 | POST     /getResult
[2020-01-02 13:15:00] 自開彩開獎  {202001020795 1 34 true} 
ConfigData  map[redisPassword:"" redisDB:3 poolname:FA_MEM password:1qaz!QAZ database:FA_MEM redisIp:192.168.88.119 redisPort:6379 ip:192.168.88.181 port:3306 user:fa_db charset:utf8]
SqlString  SELECT RTP,Amount,Bonus  FROM M_RtpSetting  WHERE Sid = 1   AND State = 1   AND LTG_Code = 1 AND Gid = 34
sqlResult   map[state:0 result: count:0]
[2020-01-02 13:15:00] rtpData ------->   map[count:0 state:0 result:] 
[GIN] 2020/01/02 - 13:15:00 | 200 |    2.451969ms |  192.168.66.115 | POST     /getResult
[2020-01-02 13:15:00] 自開彩開獎  {202001020266 6 37 true} 
ConfigData  map[charset:utf8 redisPassword:"" redisDB:3 user:fa_db password:1qaz!QAZ database:FA_MEM redisIp:192.168.88.119 redisPort:6379 ip:192.168.88.181 poolname:FA_MEM port:3306]
SqlString  SELECT RTP,Amount,Bonus  FROM M_RtpSetting  WHERE Sid = 1   AND State = 1   AND LTG_Code = 6 AND Gid = 37
sqlResult   map[result: count:0 state:0]
[2020-01-02 13:15:00] rtpData ------->   map[result: count:0 state:0] 
[GIN] 2020/01/02 - 13:15:00 | 200 |    2.229395ms |  192.168.66.115 | POST     /getResult
[2020-01-02 13:15:00] 自開彩開獎  {202001020160 5 39 true} 
ConfigData  map[user:fa_db password:1qaz!QAZ redisIp:192.168.88.119 redisPort:6379 poolname:FA_MEM port:3306 database:FA_MEM charset:utf8 redisPassword:"" redisDB:3 ip:192.168.88.181]
SqlString  SELECT RTP,Amount,Bonus  FROM M_RtpSetting  WHERE Sid = 1   AND State = 1   AND LTG_Code = 5 AND Gid = 39
sqlResult   map[result: count:0 state:0]
[2020-01-02 13:15:00] rtpData ------->   map[result: count:0 state:0] 
[GIN] 2020/01/02 - 13:15:00 | 200 |    2.206786ms |  192.168.66.115 | POST     /getResult
[2020-01-02 13:15:01] 自開彩開獎  {202001020795 4 40 true} 
ConfigData  map[charset:utf8 redisIp:192.168.88.119 redisPort:6379 user:fa_db poolname:FA_MEM port:3306 password:1qaz!QAZ database:FA_MEM redisPassword:"" redisDB:3 ip:192.168.88.181]
SqlString  SELECT RTP,Amount,Bonus  FROM M_RtpSetting  WHERE Sid = 1   AND State = 1   AND LTG_Code = 4 AND Gid = 40
sqlResult   map[result: count:0 state:0]
[2020-01-02 13:15:01] rtpData ------->   map[result: count:0 state:0] 
[GIN] 2020/01/02 - 13:15:01 | 200 |    2.309568ms |  192.168.66.115 | POST     /getResult
[2020-01-02 13:15:01] 自開彩開獎  {202001020796 2 26 true} 
ConfigData  map[database:FA_MEM charset:utf8 redisIp:192.168.88.119 redisPort:6379 ip:192.168.88.181 poolname:FA_MEM password:1qaz!QAZ redisPassword:"" redisDB:3 port:3306 user:fa_db]
SqlString  SELECT RTP,Amount,Bonus  FROM M_RtpSetting  WHERE Sid = 1   AND State = 1   AND LTG_Code = 2 AND Gid = 26
[2020-01-02 13:15:01] 自開彩開獎  {20200102266 2 27 true} 
[2020-01-02 13:15:01] 自開彩開獎  {20200102160 2 28 true} 
ConfigData  map[password:1qaz!QAZ charset:utf8 redisPassword:"" ip:192.168.88.181 poolname:FA_MEM port:3306 user:fa_db database:FA_MEM redisIp:192.168.88.119 redisPort:6379 redisDB:3]
SqlString  SELECT RTP,Amount,Bonus  FROM M_RtpSetting  WHERE Sid = 1   AND State = 1   AND LTG_Code = 2 AND Gid = 28
ConfigData  map[charset:utf8 redisIp:192.168.88.119 redisPort:6379 redisDB:3 port:3306 user:fa_db password:1qaz!QAZ database:FA_MEM ip:192.168.88.181 poolname:FA_MEM redisPassword:""]
SqlString  SELECT RTP,Amount,Bonus  FROM M_RtpSetting  WHERE Sid = 1   AND State = 1   AND LTG_Code = 2 AND Gid = 27
sqlResult   map[result:0.9600 count:1 state:1 amount:234518 bonus:161148.41]
[2020-01-02 13:15:01] rtpData ------->   map[bonus:161148.41 result:0.9600 count:1 state:1 amount:234518] 
ConfigData  map[port:3306 redisIp:192.168.88.119 redisPort:6379 redisDB:3 ip:192.168.88.181 poolname:FA_MEM user:fa_db password:1qaz!QAZ database:FA_MEM charset:utf8 redisPassword:""]
SELECT BO_No, BO_OrderNo , BO_User , BO_Issue  , BO_LotteryTypeGroup, BO_LotteryType, BO_Mode, BO_LotteryPlayGroup, BO_LotteryPlay , BO_LotteryContent, BO_Price, BO_RealPrice, BO_Unit, BO_Multiple , BO_BetCount  , BO_Winnings, BO_Winnings2, BO_Winnings3, BO_WinningLimit  , BO_Water , BO_BW_SourceUserId, BO_BW_BackWater, BO_BW_LimitBetCount, BO_BW_MaxAmount, BO_BW_AuditMultiple  , BO_Odds, BO_Odds2, BO_Odds3 , BO_Type, BO_Chase , BO_OpenResult, BO_OpenResult2, BO_DateDraw, BO_DateDraw2, BO_DateUpdate  FROM TS_BetOrder  WHERE BO_Cancel = 0   AND BO_CancelBackend = 0   AND BO_LotteryTypeGroup = 2 AND BO_LotteryType = 28 AND BO_Issue = 20200102160 AND BO_Collect = 0 ORDER BY BO_DateDraw ASC, BO_DateCreate ASC, BO_DateUpdate ASC, BO_No ASC ;
sqlResult   map[count:1 state:1 amount:1.0069588e+06 bonus:908100.71 result:0.9600]
[2020-01-02 13:15:01] rtpData ------->   map[amount:1.0069588e+06 bonus:908100.71 result:0.9600 count:1 state:1] 
ConfigData  map[ip:192.168.88.181 user:fa_db password:1qaz!QAZ database:FA_MEM redisIp:192.168.88.119 redisPort:6379 redisDB:3 poolname:FA_MEM port:3306 charset:utf8 redisPassword:""]
SELECT BO_No, BO_OrderNo , BO_User , BO_Issue  , BO_LotteryTypeGroup, BO_LotteryType, BO_Mode, BO_LotteryPlayGroup, BO_LotteryPlay , BO_LotteryContent, BO_Price, BO_RealPrice, BO_Unit, BO_Multiple , BO_BetCount  , BO_Winnings, BO_Winnings2, BO_Winnings3, BO_WinningLimit  , BO_Water , BO_BW_SourceUserId, BO_BW_BackWater, BO_BW_LimitBetCount, BO_BW_MaxAmount, BO_BW_AuditMultiple  , BO_Odds, BO_Odds2, BO_Odds3 , BO_Type, BO_Chase , BO_OpenResult, BO_OpenResult2, BO_DateDraw, BO_DateDraw2, BO_DateUpdate  FROM TS_BetOrder  WHERE BO_Cancel = 0   AND BO_CancelBackend = 0   AND BO_LotteryTypeGroup = 2 AND BO_LotteryType = 26 AND BO_Issue = 202001020796 AND BO_Collect = 0 ORDER BY BO_DateDraw ASC, BO_DateCreate ASC, BO_DateUpdate ASC, BO_No ASC ;
sqlResult   map[result:0.9600 count:1 state:1 amount:105208 bonus:58491.69]
[2020-01-02 13:15:01] rtpData ------->   map[count:1 state:1 amount:105208 bonus:58491.69 result:0.9600] 
ConfigData  map[redisPassword:"" ip:192.168.88.181 poolname:FA_MEM port:3306 user:fa_db charset:utf8 redisPort:6379 password:1qaz!QAZ database:FA_MEM redisIp:192.168.88.119 redisDB:3]
SELECT BO_No, BO_OrderNo , BO_User , BO_Issue  , BO_LotteryTypeGroup, BO_LotteryType, BO_Mode, BO_LotteryPlayGroup, BO_LotteryPlay , BO_LotteryContent, BO_Price, BO_RealPrice, BO_Unit, BO_Multiple , BO_BetCount  , BO_Winnings, BO_Winnings2, BO_Winnings3, BO_WinningLimit  , BO_Water , BO_BW_SourceUserId, BO_BW_BackWater, BO_BW_LimitBetCount, BO_BW_MaxAmount, BO_BW_AuditMultiple  , BO_Odds, BO_Odds2, BO_Odds3 , BO_Type, BO_Chase , BO_OpenResult, BO_OpenResult2, BO_DateDraw, BO_DateDraw2, BO_DateUpdate  FROM TS_BetOrder  WHERE BO_Cancel = 0   AND BO_CancelBackend = 0   AND BO_LotteryTypeGroup = 2 AND BO_LotteryType = 27 AND BO_Issue = 20200102266 AND BO_Collect = 0 ORDER BY BO_DateDraw ASC, BO_DateCreate ASC, BO_DateUpdate ASC, BO_No ASC ;
[2020-01-02 13:15:01] LottteryTypeGroup 2 
[2020-01-02 13:15:01] 有期號 但無注單 -------> map[thisOpenResult:[7 7 3 5 0] amount:0 bonus:0] 
[GIN] 2020/01/02 - 13:15:01 | 200 |    4.688454ms |  192.168.66.115 | POST     /getResult
[2020-01-02 13:15:01] LottteryTypeGroup 2 
[2020-01-02 13:15:01] 有期號 但無注單 -------> map[amount:0 bonus:0 thisOpenResult:[9 9 4 1 1]] 
[GIN] 2020/01/02 - 13:15:01 | 200 |    4.661424ms |  192.168.66.115 | POST     /getResult
[2020-01-02 13:15:01] LottteryTypeGroup 2 
[2020-01-02 13:15:01] 有期號 但無注單 -------> map[amount:0 bonus:0 thisOpenResult:[4 5 4 9 3]] 
[GIN] 2020/01/02 - 13:15:01 | 200 |    5.246431ms |  192.168.66.115 | POST     /getResult
[2020-01-02 13:15:01] 自開彩開獎  {202001020795 5 38 true} 
ConfigData  map[redisDB:3 port:3306 charset:utf8 redisIp:192.168.88.119 redisPassword:"" database:FA_MEM redisPort:6379 ip:192.168.88.181 poolname:FA_MEM user:fa_db password:1qaz!QAZ]
SqlString  SELECT RTP,Amount,Bonus  FROM M_RtpSetting  WHERE Sid = 1   AND State = 1   AND LTG_Code = 5 AND Gid = 38
sqlResult   map[result: count:0 state:0]
[2020-01-02 13:15:01] rtpData ------->   map[result: count:0 state:0] 
[GIN] 2020/01/02 - 13:15:01 | 200 |       2.168ms |  192.168.66.115 | POST     /getResult
[2020-01-02 13:15:02] 自開彩開獎  {202001020265 4 41 true} 
ConfigData  map[redisDB:3 ip:192.168.88.181 poolname:FA_MEM database:FA_MEM charset:utf8 redisPort:6379 redisPassword:"" port:3306 user:fa_db password:1qaz!QAZ redisIp:192.168.88.119]
SqlString  SELECT RTP,Amount,Bonus  FROM M_RtpSetting  WHERE Sid = 1   AND State = 1   AND LTG_Code = 4 AND Gid = 41
sqlResult   map[state:0 result: count:0]
[2020-01-02 13:15:02] rtpData ------->   map[count:0 state:0 result:] 
[GIN] 2020/01/02 - 13:15:02 | 200 |    1.757207ms |  192.168.66.115 | POST     /getResult
[2020-01-02 13:15:03] 自開彩開獎  {202001020265 1 35 true} 
ConfigData  map[password:1qaz!QAZ database:FA_MEM redisIp:192.168.88.119 redisPassword:"" redisDB:3 port:3306 poolname:FA_MEM user:fa_db charset:utf8 redisPort:6379 ip:192.168.88.181]
SqlString  SELECT RTP,Amount,Bonus  FROM M_RtpSetting  WHERE Sid = 1   AND State = 1   AND LTG_Code = 1 AND Gid = 35
sqlResult   map[count:0 state:0 result:]
[2020-01-02 13:15:03] rtpData ------->   map[count:0 state:0 result:] 
[GIN] 2020/01/02 - 13:15:03 | 200 |    8.753792ms |  192.168.66.115 | POST     /getResult
[2020-01-02 13:15:04] 自開彩開獎  {202001020795 6 36 true} 
ConfigData  map[port:3306 user:fa_db charset:utf8 redisPort:6379 redisPassword:"" redisDB:3 ip:192.168.88.181 poolname:FA_MEM password:1qaz!QAZ database:FA_MEM redisIp:192.168.88.119]
SqlString  SELECT RTP,Amount,Bonus  FROM M_RtpSetting  WHERE Sid = 1   AND State = 1   AND LTG_Code = 6 AND Gid = 36
sqlResult   map[result: count:0 state:0]
[2020-01-02 13:15:04] rtpData ------->   map[state:0 result: count:0] 
[GIN] 2020/01/02 - 13:15:04 | 200 |    2.915536ms |  192.168.66.115 | POST     /getResult
[2020-01-02 13:15:06] 自開彩開獎  {202001020795 1 34 true} 
ConfigData  map[redisPassword:"" ip:192.168.88.181 poolname:FA_MEM port:3306 password:1qaz!QAZ charset:utf8 redisPort:6379 user:fa_db database:FA_MEM redisIp:192.168.88.119 redisDB:3]
SqlString  SELECT RTP,Amount,Bonus  FROM M_RtpSetting  WHERE Sid = 1   AND State = 1   AND LTG_Code = 1 AND Gid = 34
sqlResult   map[count:0 state:0 result:]
[2020-01-02 13:15:06] rtpData ------->   map[result: count:0 state:0] 
[GIN] 2020/01/02 - 13:15:06 | 200 |    2.323872ms |  192.168.66.115 | POST     /getResult
[2020-01-02 13:15:06] 自開彩開獎  {202001020266 6 37 true} 
ConfigData  map[poolname:FA_MEM redisIp:192.168.88.119 redisDB:3 database:FA_MEM charset:utf8 redisPort:6379 redisPassword:"" ip:192.168.88.181 port:3306 user:fa_db password:1qaz!QAZ]
SqlString  SELECT RTP,Amount,Bonus  FROM M_RtpSetting  WHERE Sid = 1   AND State = 1   AND LTG_Code = 6 AND Gid = 37
sqlResult   map[result: count:0 state:0]
[2020-01-02 13:15:06] rtpData ------->   map[state:0 result: count:0] 
[GIN] 2020/01/02 - 13:15:06 | 200 |    2.145445ms |  192.168.66.115 | POST     /getResult
[2020-01-02 13:15:06] 自開彩開獎  {202001020160 5 39 true} 
ConfigData  map[redisIp:192.168.88.119 redisPassword:"" ip:192.168.88.181 poolname:FA_MEM port:3306 user:fa_db password:1qaz!QAZ database:FA_MEM charset:utf8 redisPort:6379 redisDB:3]
SqlString  SELECT RTP,Amount,Bonus  FROM M_RtpSetting  WHERE Sid = 1   AND State = 1   AND LTG_Code = 5 AND Gid = 39
sqlResult   map[state:0 result: count:0]
[2020-01-02 13:15:06] rtpData ------->   map[state:0 result: count:0] 
[GIN] 2020/01/02 - 13:15:06 | 200 |    2.275411ms |  192.168.66.115 | POST     /getResult
[2020-01-02 13:15:07] 自開彩開獎  {202001020796 4 40 true} 
ConfigData  map[charset:utf8 redisPort:6379 redisDB:3 poolname:FA_MEM port:3306 password:1qaz!QAZ database:FA_MEM ip:192.168.88.181 user:fa_db redisIp:192.168.88.119 redisPassword:""]
SqlString  SELECT RTP,Amount,Bonus  FROM M_RtpSetting  WHERE Sid = 1   AND State = 1   AND LTG_Code = 4 AND Gid = 40
sqlResult   map[result: count:0 state:0]
[2020-01-02 13:15:07] rtpData ------->   map[result: count:0 state:0] 
[GIN] 2020/01/02 - 13:15:07 | 200 |    2.859693ms |  192.168.66.115 | POST     /getResult
[2020-01-02 13:15:07] 自開彩開獎  {202001020796 5 38 true} 
ConfigData  map[charset:utf8 redisIp:192.168.88.119 redisPassword:"" poolname:FA_MEM port:3306 password:1qaz!QAZ database:FA_MEM redisPort:6379 redisDB:3 ip:192.168.88.181 user:fa_db]
SqlString  SELECT RTP,Amount,Bonus  FROM M_RtpSetting  WHERE Sid = 1   AND State = 1   AND LTG_Code = 5 AND Gid = 38
sqlResult   map[result: count:0 state:0]
[2020-01-02 13:15:07] rtpData ------->   map[result: count:0 state:0] 
[GIN] 2020/01/02 - 13:15:07 | 200 |    2.419734ms |  192.168.66.115 | POST     /getResult
[2020-01-02 13:15:08] 自開彩開獎  {202001020266 4 41 true} 
ConfigData  map[poolname:FA_MEM port:3306 user:fa_db password:1qaz!QAZ redisIp:192.168.88.119 redisDB:3 ip:192.168.88.181 database:FA_MEM charset:utf8 redisPort:6379 redisPassword:""]
SqlString  SELECT RTP,Amount,Bonus  FROM M_RtpSetting  WHERE Sid = 1   AND State = 1   AND LTG_Code = 4 AND Gid = 41
sqlResult   map[result: count:0 state:0]
[2020-01-02 13:15:08] rtpData ------->   map[state:0 result: count:0] 
[GIN] 2020/01/02 - 13:15:08 | 200 |    3.574565ms |  192.168.66.115 | POST     /getResult
[2020-01-02 13:15:09] 自開彩開獎  {202001020266 1 35 true} 
ConfigData  map[redisPassword:"" redisDB:3 port:3306 user:fa_db password:1qaz!QAZ charset:utf8 redisPort:6379 ip:192.168.88.181 poolname:FA_MEM database:FA_MEM redisIp:192.168.88.119]
SqlString  SELECT RTP,Amount,Bonus  FROM M_RtpSetting  WHERE Sid = 1   AND State = 1   AND LTG_Code = 1 AND Gid = 35
sqlResult   map[result: count:0 state:0]
[2020-01-02 13:15:09] rtpData ------->   map[state:0 result: count:0] 
[GIN] 2020/01/02 - 13:15:09 | 200 |    3.304201ms |  192.168.66.115 | POST     /getResult
[2020-01-02 13:15:10] 自開彩開獎  {202001020796 6 36 true} 
ConfigData  map[ip:192.168.88.181 poolname:FA_MEM charset:utf8 redisDB:3 redisPassword:"" port:3306 user:fa_db password:1qaz!QAZ database:FA_MEM redisIp:192.168.88.119 redisPort:6379]
SqlString  SELECT RTP,Amount,Bonus  FROM M_RtpSetting  WHERE Sid = 1   AND State = 1   AND LTG_Code = 6 AND Gid = 36
sqlResult   map[result: count:0 state:0]
[2020-01-02 13:15:10] rtpData ------->   map[result: count:0 state:0] 
[GIN] 2020/01/02 - 13:15:10 | 200 |    5.453272ms |  192.168.66.115 | POST     /getResult
[2020-01-02 13:15:12] 自開彩開獎  {202001020796 1 34 true} 
ConfigData  map[port:3306 redisPort:6379 redisDB:3 ip:192.168.88.181 poolname:FA_MEM user:fa_db password:1qaz!QAZ database:FA_MEM charset:utf8 redisIp:192.168.88.119 redisPassword:""]
SqlString  SELECT RTP,Amount,Bonus  FROM M_RtpSetting  WHERE Sid = 1   AND State = 1   AND LTG_Code = 1 AND Gid = 34
sqlResult   map[result: count:0 state:0]
[2020-01-02 13:15:12] rtpData ------->   map[state:0 result: count:0] 
[GIN] 2020/01/02 - 13:15:12 | 200 |    3.079518ms |  192.168.66.115 | POST     /getResult
[2020-01-02 13:15:12] 自開彩開獎  {202001020266 6 37 true} 
ConfigData  map[user:fa_db password:1qaz!QAZ database:FA_MEM charset:utf8 redisPort:6379 redisDB:3 poolname:FA_MEM port:3306 redisIp:192.168.88.119 redisPassword:"" ip:192.168.88.181]
SqlString  SELECT RTP,Amount,Bonus  FROM M_RtpSetting  WHERE Sid = 1   AND State = 1   AND LTG_Code = 6 AND Gid = 37
sqlResult   map[result: count:0 state:0]
[2020-01-02 13:15:12] rtpData ------->   map[result: count:0 state:0] 
[GIN] 2020/01/02 - 13:15:12 | 200 |    2.571937ms |  192.168.66.115 | POST     /getResult
[2020-01-02 13:15:12] 自開彩開獎  {202001020160 5 39 true} 
ConfigData  map[redisDB:3 poolname:FA_MEM user:fa_db redisIp:192.168.88.119 redisPassword:"" charset:utf8 redisPort:6379 ip:192.168.88.181 port:3306 password:1qaz!QAZ database:FA_MEM]
SqlString  SELECT RTP,Amount,Bonus  FROM M_RtpSetting  WHERE Sid = 1   AND State = 1   AND LTG_Code = 5 AND Gid = 39
sqlResult   map[result: count:0 state:0]
[2020-01-02 13:15:12] rtpData ------->   map[result: count:0 state:0] 
[GIN] 2020/01/02 - 13:15:12 | 200 |    2.192938ms |  192.168.66.115 | POST     /getResult
[2020-01-02 13:15:13] 自開彩開獎  {202001020796 4 40 true} 
ConfigData  map[ip:192.168.88.181 port:3306 user:fa_db charset:utf8 redisPort:6379 redisDB:3 poolname:FA_MEM password:1qaz!QAZ database:FA_MEM redisIp:192.168.88.119 redisPassword:""]
SqlString  SELECT RTP,Amount,Bonus  FROM M_RtpSetting  WHERE Sid = 1   AND State = 1   AND LTG_Code = 4 AND Gid = 40
sqlResult   map[state:0 result: count:0]
[2020-01-02 13:15:13] rtpData ------->   map[result: count:0 state:0] 
[GIN] 2020/01/02 - 13:15:13 | 200 |    2.335177ms |  192.168.66.115 | POST     /getResult
[2020-01-02 13:15:13] 自開彩開獎  {202001020796 5 38 true} 
ConfigData  map[ip:192.168.88.181 poolname:FA_MEM port:3306 user:fa_db password:1qaz!QAZ charset:utf8 redisDB:3 database:FA_MEM redisIp:192.168.88.119 redisPort:6379 redisPassword:""]
SqlString  SELECT RTP,Amount,Bonus  FROM M_RtpSetting  WHERE Sid = 1   AND State = 1   AND LTG_Code = 5 AND Gid = 38
sqlResult   map[count:0 state:0 result:]
[2020-01-02 13:15:13] rtpData ------->   map[result: count:0 state:0] 
[GIN] 2020/01/02 - 13:15:13 | 200 |    2.341762ms |  192.168.66.115 | POST     /getResult
[2020-01-02 13:15:14] 自開彩開獎  {202001020266 4 41 true} 
ConfigData  map[redisPort:6379 redisPassword:"" redisDB:3 port:3306 database:FA_MEM charset:utf8 password:1qaz!QAZ redisIp:192.168.88.119 ip:192.168.88.181 poolname:FA_MEM user:fa_db]
SqlString  SELECT RTP,Amount,Bonus  FROM M_RtpSetting  WHERE Sid = 1   AND State = 1   AND LTG_Code = 4 AND Gid = 41
sqlResult   map[result: count:0 state:0]
[2020-01-02 13:15:14] rtpData ------->   map[result: count:0 state:0] 
[GIN] 2020/01/02 - 13:15:14 | 200 |    2.309608ms |  192.168.66.115 | POST     /getResult
[2020-01-02 13:15:15] 自開彩開獎  {202001020266 1 35 true} 
ConfigData  map[ip:192.168.88.181 port:3306 redisIp:192.168.88.119 redisPort:6379 redisDB:3 poolname:FA_MEM user:fa_db password:1qaz!QAZ database:FA_MEM charset:utf8 redisPassword:""]
SqlString  SELECT RTP,Amount,Bonus  FROM M_RtpSetting  WHERE Sid = 1   AND State = 1   AND LTG_Code = 1 AND Gid = 35
sqlResult   map[result: count:0 state:0]
[2020-01-02 13:15:15] rtpData ------->   map[count:0 state:0 result:] 
[GIN] 2020/01/02 - 13:15:15 | 200 |    2.566017ms |  192.168.66.115 | POST     /getResult
[2020-01-02 13:15:16] 自開彩開獎  {202001020796 6 36 true} 
ConfigData  map[port:3306 user:fa_db database:FA_MEM redisPort:6379 redisDB:3 ip:192.168.88.181 poolname:FA_MEM password:1qaz!QAZ charset:utf8 redisIp:192.168.88.119 redisPassword:""]
SqlString  SELECT RTP,Amount,Bonus  FROM M_RtpSetting  WHERE Sid = 1   AND State = 1   AND LTG_Code = 6 AND Gid = 36
sqlResult   map[result: count:0 state:0]
[2020-01-02 13:15:16] rtpData ------->   map[result: count:0 state:0] 
[GIN] 2020/01/02 - 13:15:16 | 200 |    2.760529ms |  192.168.66.115 | POST     /getResult
[2020-01-02 13:15:18] 自開彩開獎  {202001020796 1 34 true} 
ConfigData  map[password:1qaz!QAZ charset:utf8 redisIp:192.168.88.119 redisPort:6379 redisPassword:"" poolname:FA_MEM port:3306 database:FA_MEM redisDB:3 ip:192.168.88.181 user:fa_db]
SqlString  SELECT RTP,Amount,Bonus  FROM M_RtpSetting  WHERE Sid = 1   AND State = 1   AND LTG_Code = 1 AND Gid = 34
sqlResult   map[result: count:0 state:0]
[2020-01-02 13:15:18] rtpData ------->   map[result: count:0 state:0] 
[GIN] 2020/01/02 - 13:15:18 | 200 |    2.537693ms |  192.168.66.115 | POST     /getResult
[2020-01-02 13:15:18] 自開彩開獎  {202001020266 6 37 true} 
ConfigData  map[redisDB:3 poolname:FA_MEM database:FA_MEM charset:utf8 redisPort:6379 redisIp:192.168.88.119 redisPassword:"" ip:192.168.88.181 port:3306 user:fa_db password:1qaz!QAZ]
SqlString  SELECT RTP,Amount,Bonus  FROM M_RtpSetting  WHERE Sid = 1   AND State = 1   AND LTG_Code = 6 AND Gid = 37
sqlResult   map[result: count:0 state:0]
[2020-01-02 13:15:18] rtpData ------->   map[result: count:0 state:0] 
[GIN] 2020/01/02 - 13:15:18 | 200 |    2.048447ms |  192.168.66.115 | POST     /getResult
[2020-01-02 13:15:18] 自開彩開獎  {202001020160 5 39 true} 
ConfigData  map[poolname:FA_MEM user:fa_db database:FA_MEM charset:utf8 redisPort:6379 redisDB:3 ip:192.168.88.181 port:3306 password:1qaz!QAZ redisIp:192.168.88.119 redisPassword:""]
SqlString  SELECT RTP,Amount,Bonus  FROM M_RtpSetting  WHERE Sid = 1   AND State = 1   AND LTG_Code = 5 AND Gid = 39
sqlResult   map[result: count:0 state:0]
[2020-01-02 13:15:18] rtpData ------->   map[state:0 result: count:0] 
[GIN] 2020/01/02 - 13:15:18 | 200 |    10.38607ms |  192.168.66.115 | POST     /getResult
[2020-01-02 13:15:19] 自開彩開獎  {202001020796 4 40 true} 
ConfigData  map[charset:utf8 redisIp:192.168.88.119 redisPassword:"" redisDB:3 poolname:FA_MEM port:3306 user:fa_db password:1qaz!QAZ database:FA_MEM redisPort:6379 ip:192.168.88.181]
SqlString  SELECT RTP,Amount,Bonus  FROM M_RtpSetting  WHERE Sid = 1   AND State = 1   AND LTG_Code = 4 AND Gid = 40
sqlResult   map[result: count:0 state:0]
[2020-01-02 13:15:19] rtpData ------->   map[result: count:0 state:0] 
[GIN] 2020/01/02 - 13:15:19 | 200 |    3.295554ms |  192.168.66.115 | POST     /getResult
[2020-01-02 13:15:19] 自開彩開獎  {202001020796 5 38 true} 
ConfigData  map[redisPort:6379 redisPassword:"" redisDB:3 ip:192.168.88.181 poolname:FA_MEM user:fa_db password:1qaz!QAZ database:FA_MEM port:3306 charset:utf8 redisIp:192.168.88.119]
SqlString  SELECT RTP,Amount,Bonus  FROM M_RtpSetting  WHERE Sid = 1   AND State = 1   AND LTG_Code = 5 AND Gid = 38
sqlResult   map[result: count:0 state:0]
[2020-01-02 13:15:19] rtpData ------->   map[result: count:0 state:0] 
[GIN] 2020/01/02 - 13:15:19 | 200 |    2.270171ms |  192.168.66.115 | POST     /getResult
[2020-01-02 13:15:20] 自開彩開獎  {202001020266 4 41 true} 
ConfigData  map[ip:192.168.88.181 poolname:FA_MEM user:fa_db password:1qaz!QAZ charset:utf8 redisPort:6379 redisPassword:"" redisDB:3 port:3306 database:FA_MEM redisIp:192.168.88.119]
SqlString  SELECT RTP,Amount,Bonus  FROM M_RtpSetting  WHERE Sid = 1   AND State = 1   AND LTG_Code = 4 AND Gid = 41
sqlResult   map[count:0 state:0 result:]
[2020-01-02 13:15:20] rtpData ------->   map[result: count:0 state:0] 
[GIN] 2020/01/02 - 13:15:20 | 200 |    2.532411ms |  192.168.66.115 | POST     /getResult
[2020-01-02 13:15:21] 自開彩開獎  {202001020266 1 35 true} 
ConfigData  map[password:1qaz!QAZ database:FA_MEM charset:utf8 port:3306 poolname:FA_MEM user:fa_db redisIp:192.168.88.119 redisPort:6379 redisPassword:"" redisDB:3 ip:192.168.88.181]
SqlString  SELECT RTP,Amount,Bonus  FROM M_RtpSetting  WHERE Sid = 1   AND State = 1   AND LTG_Code = 1 AND Gid = 35
sqlResult   map[result: count:0 state:0]
[2020-01-02 13:15:21] rtpData ------->   map[result: count:0 state:0] 
[GIN] 2020/01/02 - 13:15:21 | 200 |    2.187115ms |  192.168.66.115 | POST     /getResult
[2020-01-02 13:15:22] 自開彩開獎  {202001020796 6 36 true} 
ConfigData  map[password:1qaz!QAZ database:FA_MEM redisIp:192.168.88.119 redisPassword:"" ip:192.168.88.181 poolname:FA_MEM user:fa_db redisDB:3 port:3306 charset:utf8 redisPort:6379]
SqlString  SELECT RTP,Amount,Bonus  FROM M_RtpSetting  WHERE Sid = 1   AND State = 1   AND LTG_Code = 6 AND Gid = 36
sqlResult   map[count:0 state:0 result:]
[2020-01-02 13:15:22] rtpData ------->   map[result: count:0 state:0] 
[GIN] 2020/01/02 - 13:15:22 | 200 |    4.065983ms |  192.168.66.115 | POST     /getResult
[2020-01-02 13:15:24] 自開彩開獎  {202001020796 1 34 true} 
ConfigData  map[user:fa_db redisIp:192.168.88.119 redisPort:6379 redisPassword:"" redisDB:3 charset:utf8 ip:192.168.88.181 poolname:FA_MEM port:3306 password:1qaz!QAZ database:FA_MEM]
SqlString  SELECT RTP,Amount,Bonus  FROM M_RtpSetting  WHERE Sid = 1   AND State = 1   AND LTG_Code = 1 AND Gid = 34
sqlResult   map[state:0 result: count:0]
[2020-01-02 13:15:24] rtpData ------->   map[result: count:0 state:0] 
[GIN] 2020/01/02 - 13:15:24 | 200 |    2.408275ms |  192.168.66.115 | POST     /getResult
[2020-01-02 13:15:24] 自開彩開獎  {202001020266 6 37 true} 
ConfigData  map[ip:192.168.88.181 poolname:FA_MEM user:fa_db password:1qaz!QAZ database:FA_MEM redisPort:6379 redisPassword:"" port:3306 charset:utf8 redisIp:192.168.88.119 redisDB:3]
SqlString  SELECT RTP,Amount,Bonus  FROM M_RtpSetting  WHERE Sid = 1   AND State = 1   AND LTG_Code = 6 AND Gid = 37
sqlResult   map[result: count:0 state:0]
[2020-01-02 13:15:24] rtpData ------->   map[result: count:0 state:0] 
[GIN] 2020/01/02 - 13:15:24 | 200 |    2.525316ms |  192.168.66.115 | POST     /getResult
[2020-01-02 13:15:24] 自開彩開獎  {202001020160 5 39 true} 
ConfigData  map[ip:192.168.88.181 port:3306 password:1qaz!QAZ charset:utf8 poolname:FA_MEM user:fa_db database:FA_MEM redisIp:192.168.88.119 redisPort:6379 redisPassword:"" redisDB:3]
SqlString  SELECT RTP,Amount,Bonus  FROM M_RtpSetting  WHERE Sid = 1   AND State = 1   AND LTG_Code = 5 AND Gid = 39
sqlResult   map[result: count:0 state:0]
[2020-01-02 13:15:24] rtpData ------->   map[result: count:0 state:0] 
[GIN] 2020/01/02 - 13:15:24 | 200 |    2.505572ms |  192.168.66.115 | POST     /getResult
[2020-01-02 13:15:25] 自開彩開獎  {202001020796 4 40 true} 
ConfigData  map[password:1qaz!QAZ redisDB:3 ip:192.168.88.181 user:fa_db database:FA_MEM charset:utf8 redisIp:192.168.88.119 redisPort:6379 redisPassword:"" poolname:FA_MEM port:3306]
SqlString  SELECT RTP,Amount,Bonus  FROM M_RtpSetting  WHERE Sid = 1   AND State = 1   AND LTG_Code = 4 AND Gid = 40
sqlResult   map[state:0 result: count:0]
[2020-01-02 13:15:25] rtpData ------->   map[state:0 result: count:0] 
[GIN] 2020/01/02 - 13:15:25 | 200 |    2.921361ms |  192.168.66.115 | POST     /getResult
[2020-01-02 13:15:25] 自開彩開獎  {202001020796 5 38 true} 
ConfigData  map[password:1qaz!QAZ database:FA_MEM redisIp:192.168.88.119 redisPort:6379 redisDB:3 poolname:FA_MEM port:3306 user:fa_db ip:192.168.88.181 charset:utf8 redisPassword:""]
SqlString  SELECT RTP,Amount,Bonus  FROM M_RtpSetting  WHERE Sid = 1   AND State = 1   AND LTG_Code = 5 AND Gid = 38
sqlResult   map[result: count:0 state:0]
[2020-01-02 13:15:25] rtpData ------->   map[result: count:0 state:0] 
[GIN] 2020/01/02 - 13:15:25 | 200 |      2.4243ms |  192.168.66.115 | POST     /getResult
[2020-01-02 13:15:26] 自開彩開獎  {202001020266 4 41 true} 
ConfigData  map[redisIp:192.168.88.119 redisPort:6379 ip:192.168.88.181 port:3306 user:fa_db password:1qaz!QAZ database:FA_MEM charset:utf8 redisDB:3 poolname:FA_MEM redisPassword:""]
SqlString  SELECT RTP,Amount,Bonus  FROM M_RtpSetting  WHERE Sid = 1   AND State = 1   AND LTG_Code = 4 AND Gid = 41
sqlResult   map[result: count:0 state:0]
[2020-01-02 13:15:26] rtpData ------->   map[result: count:0 state:0] 
[GIN] 2020/01/02 - 13:15:26 | 200 |    6.664148ms |  192.168.66.115 | POST     /getResult
[2020-01-02 13:15:27] 自開彩開獎  {202001020266 1 35 true} 
ConfigData  map[ip:192.168.88.181 user:fa_db redisPort:6379 redisPassword:"" redisDB:3 poolname:FA_MEM port:3306 password:1qaz!QAZ database:FA_MEM charset:utf8 redisIp:192.168.88.119]
SqlString  SELECT RTP,Amount,Bonus  FROM M_RtpSetting  WHERE Sid = 1   AND State = 1   AND LTG_Code = 1 AND Gid = 35
sqlResult   map[result: count:0 state:0]
[2020-01-02 13:15:27] rtpData ------->   map[result: count:0 state:0] 
[GIN] 2020/01/02 - 13:15:27 | 200 |    2.426169ms |  192.168.66.115 | POST     /getResult
[2020-01-02 13:15:28] 自開彩開獎  {202001020796 6 36 true} 
ConfigData  map[port:3306 user:fa_db database:FA_MEM redisIp:192.168.88.119 redisPort:6379 redisPassword:"" poolname:FA_MEM password:1qaz!QAZ charset:utf8 redisDB:3 ip:192.168.88.181]
SqlString  SELECT RTP,Amount,Bonus  FROM M_RtpSetting  WHERE Sid = 1   AND State = 1   AND LTG_Code = 6 AND Gid = 36
sqlResult   map[state:0 result: count:0]
[2020-01-02 13:15:28] rtpData ------->   map[state:0 result: count:0] 
[GIN] 2020/01/02 - 13:15:28 | 200 |    2.895097ms |  192.168.66.115 | POST     /getResult
[2020-01-02 13:15:30] 自開彩開獎  {202001020796 1 34 true} 
ConfigData  map[charset:utf8 redisPort:6379 redisPassword:"" ip:192.168.88.181 poolname:FA_MEM password:1qaz!QAZ redisIp:192.168.88.119 redisDB:3 port:3306 user:fa_db database:FA_MEM]
SqlString  SELECT RTP,Amount,Bonus  FROM M_RtpSetting  WHERE Sid = 1   AND State = 1   AND LTG_Code = 1 AND Gid = 34
sqlResult   map[count:0 state:0 result:]
[2020-01-02 13:15:30] rtpData ------->   map[result: count:0 state:0] 
[GIN] 2020/01/02 - 13:15:30 | 200 |    2.375675ms |  192.168.66.115 | POST     /getResult
[2020-01-02 13:15:30] 自開彩開獎  {202001020266 6 37 true} 
ConfigData  map[redisPassword:"" port:3306 user:fa_db redisIp:192.168.88.119 database:FA_MEM charset:utf8 redisPort:6379 redisDB:3 ip:192.168.88.181 poolname:FA_MEM password:1qaz!QAZ]
SqlString  SELECT RTP,Amount,Bonus  FROM M_RtpSetting  WHERE Sid = 1   AND State = 1   AND LTG_Code = 6 AND Gid = 37
sqlResult   map[result: count:0 state:0]
[2020-01-02 13:15:30] rtpData ------->   map[count:0 state:0 result:] 
[GIN] 2020/01/02 - 13:15:30 | 200 |    2.101191ms |  192.168.66.115 | POST     /getResult
[2020-01-02 13:15:30] 自開彩開獎  {202001020160 5 39 true} 
ConfigData  map[redisPassword:"" poolname:FA_MEM port:3306 charset:utf8 redisPort:6379 redisIp:192.168.88.119 redisDB:3 ip:192.168.88.181 user:fa_db password:1qaz!QAZ database:FA_MEM]
SqlString  SELECT RTP,Amount,Bonus  FROM M_RtpSetting  WHERE Sid = 1   AND State = 1   AND LTG_Code = 5 AND Gid = 39
sqlResult   map[count:0 state:0 result:]
[2020-01-02 13:15:30] rtpData ------->   map[result: count:0 state:0] 
[GIN] 2020/01/02 - 13:15:30 | 200 |    5.279868ms |  192.168.66.115 | POST     /getResult
[2020-01-02 13:15:31] 自開彩開獎  {202001020796 4 40 true} 
ConfigData  map[user:fa_db password:1qaz!QAZ database:FA_MEM charset:utf8 redisIp:192.168.88.119 redisPort:6379 redisPassword:"" port:3306 redisDB:3 poolname:FA_MEM ip:192.168.88.181]
SqlString  SELECT RTP,Amount,Bonus  FROM M_RtpSetting  WHERE Sid = 1   AND State = 1   AND LTG_Code = 4 AND Gid = 40
sqlResult   map[result: count:0 state:0]
[2020-01-02 13:15:31] rtpData ------->   map[result: count:0 state:0] 
[GIN] 2020/01/02 - 13:15:31 | 200 |    3.101527ms |  192.168.66.115 | POST     /getResult
[2020-01-02 13:15:31] 自開彩開獎  {202001020796 5 38 true} 
ConfigData  map[database:FA_MEM redisPort:6379 redisPassword:"" ip:192.168.88.181 poolname:FA_MEM port:3306 password:1qaz!QAZ user:fa_db charset:utf8 redisIp:192.168.88.119 redisDB:3]
SqlString  SELECT RTP,Amount,Bonus  FROM M_RtpSetting  WHERE Sid = 1   AND State = 1   AND LTG_Code = 5 AND Gid = 38
sqlResult   map[count:0 state:0 result:]
[2020-01-02 13:15:31] rtpData ------->   map[result: count:0 state:0] 
[GIN] 2020/01/02 - 13:15:31 | 200 |    2.374801ms |  192.168.66.115 | POST     /getResult
[2020-01-02 13:15:32] 自開彩開獎  {202001020266 4 41 true} 
ConfigData  map[port:3306 user:fa_db password:1qaz!QAZ database:FA_MEM redisDB:3 poolname:FA_MEM charset:utf8 redisIp:192.168.88.119 redisPort:6379 redisPassword:"" ip:192.168.88.181]
SqlString  SELECT RTP,Amount,Bonus  FROM M_RtpSetting  WHERE Sid = 1   AND State = 1   AND LTG_Code = 4 AND Gid = 41
sqlResult   map[result: count:0 state:0]
[2020-01-02 13:15:32] rtpData ------->   map[result: count:0 state:0] 
[GIN] 2020/01/02 - 13:15:32 | 200 |    2.205649ms |  192.168.66.115 | POST     /getResult
[2020-01-02 13:15:33] 自開彩開獎  {202001020266 1 35 true} 
ConfigData  map[charset:utf8 redisIp:192.168.88.119 redisPort:6379 redisPassword:"" redisDB:3 poolname:FA_MEM port:3306 user:fa_db ip:192.168.88.181 password:1qaz!QAZ database:FA_MEM]
SqlString  SELECT RTP,Amount,Bonus  FROM M_RtpSetting  WHERE Sid = 1   AND State = 1   AND LTG_Code = 1 AND Gid = 35
sqlResult   map[state:0 result: count:0]
[2020-01-02 13:15:33] rtpData ------->   map[result: count:0 state:0] 
[GIN] 2020/01/02 - 13:15:33 | 200 |    2.938383ms |  192.168.66.115 | POST     /getResult
[2020-01-02 13:15:34] 自開彩開獎  {202001020796 6 36 true} 
ConfigData  map[ip:192.168.88.181 user:fa_db password:1qaz!QAZ redisIp:192.168.88.119 redisPort:6379 redisPassword:"" redisDB:3 poolname:FA_MEM port:3306 database:FA_MEM charset:utf8]
SqlString  SELECT RTP,Amount,Bonus  FROM M_RtpSetting  WHERE Sid = 1   AND State = 1   AND LTG_Code = 6 AND Gid = 36
sqlResult   map[result: count:0 state:0]
[2020-01-02 13:15:34] rtpData ------->   map[count:0 state:0 result:] 
[GIN] 2020/01/02 - 13:15:34 | 200 |     2.06341ms |  192.168.66.115 | POST     /getResult
[2020-01-02 13:15:36] 自開彩開獎  {202001020796 1 34 true} 
ConfigData  map[redisDB:3 ip:192.168.88.181 port:3306 user:fa_db redisIp:192.168.88.119 redisPort:6379 redisPassword:"" poolname:FA_MEM password:1qaz!QAZ database:FA_MEM charset:utf8]
SqlString  SELECT RTP,Amount,Bonus  FROM M_RtpSetting  WHERE Sid = 1   AND State = 1   AND LTG_Code = 1 AND Gid = 34
sqlResult   map[result: count:0 state:0]
[2020-01-02 13:15:36] rtpData ------->   map[result: count:0 state:0] 
[GIN] 2020/01/02 - 13:15:36 | 200 |    2.398527ms |  192.168.66.115 | POST     /getResult
[2020-01-02 13:15:36] 自開彩開獎  {202001020266 6 37 true} 
ConfigData  map[redisIp:192.168.88.119 redisPort:6379 redisPassword:"" redisDB:3 poolname:FA_MEM user:fa_db database:FA_MEM charset:utf8 ip:192.168.88.181 port:3306 password:1qaz!QAZ]
SqlString  SELECT RTP,Amount,Bonus  FROM M_RtpSetting  WHERE Sid = 1   AND State = 1   AND LTG_Code = 6 AND Gid = 37
sqlResult   map[result: count:0 state:0]
[2020-01-02 13:15:36] rtpData ------->   map[result: count:0 state:0] 
[GIN] 2020/01/02 - 13:15:36 | 200 |     2.44943ms |  192.168.66.115 | POST     /getResult
[2020-01-02 13:15:36] 自開彩開獎  {202001020160 5 39 true} 
ConfigData  map[database:FA_MEM redisIp:192.168.88.119 redisDB:3 password:1qaz!QAZ poolname:FA_MEM port:3306 user:fa_db charset:utf8 redisPort:6379 redisPassword:"" ip:192.168.88.181]
SqlString  SELECT RTP,Amount,Bonus  FROM M_RtpSetting  WHERE Sid = 1   AND State = 1   AND LTG_Code = 5 AND Gid = 39
sqlResult   map[result: count:0 state:0]
[2020-01-02 13:15:36] rtpData ------->   map[state:0 result: count:0] 
[GIN] 2020/01/02 - 13:15:36 | 200 |    1.748583ms |  192.168.66.115 | POST     /getResult
[2020-01-02 13:15:37] 自開彩開獎  {202001020796 4 40 true} 
ConfigData  map[redisPort:6379 redisDB:3 port:3306 password:1qaz!QAZ charset:utf8 database:FA_MEM redisIp:192.168.88.119 redisPassword:"" ip:192.168.88.181 poolname:FA_MEM user:fa_db]
SqlString  SELECT RTP,Amount,Bonus  FROM M_RtpSetting  WHERE Sid = 1   AND State = 1   AND LTG_Code = 4 AND Gid = 40
sqlResult   map[result: count:0 state:0]
[2020-01-02 13:15:37] rtpData ------->   map[result: count:0 state:0] 
[GIN] 2020/01/02 - 13:15:37 | 200 |    2.895618ms |  192.168.66.115 | POST     /getResult
[2020-01-02 13:15:37] 自開彩開獎  {202001020796 5 38 true} 
ConfigData  map[redisPassword:"" ip:192.168.88.181 user:fa_db password:1qaz!QAZ database:FA_MEM charset:utf8 redisIp:192.168.88.119 poolname:FA_MEM port:3306 redisPort:6379 redisDB:3]
SqlString  SELECT RTP,Amount,Bonus  FROM M_RtpSetting  WHERE Sid = 1   AND State = 1   AND LTG_Code = 5 AND Gid = 38
sqlResult   map[result: count:0 state:0]
[2020-01-02 13:15:37] rtpData ------->   map[result: count:0 state:0] 
[GIN] 2020/01/02 - 13:15:37 | 200 |    2.302099ms |  192.168.66.115 | POST     /getResult
[2020-01-02 13:15:38] 自開彩開獎  {202001020266 4 41 true} 
ConfigData  map[charset:utf8 redisPort:6379 redisDB:3 ip:192.168.88.181 poolname:FA_MEM password:1qaz!QAZ redisIp:192.168.88.119 redisPassword:"" port:3306 user:fa_db database:FA_MEM]
SqlString  SELECT RTP,Amount,Bonus  FROM M_RtpSetting  WHERE Sid = 1   AND State = 1   AND LTG_Code = 4 AND Gid = 41
sqlResult   map[result: count:0 state:0]
[2020-01-02 13:15:38] rtpData ------->   map[result: count:0 state:0] 
[GIN] 2020/01/02 - 13:15:38 | 200 |      2.7532ms |  192.168.66.115 | POST     /getResult
[2020-01-02 13:15:39] 自開彩開獎  {202001020266 1 35 true} 
ConfigData  map[redisPassword:"" ip:192.168.88.181 user:fa_db password:1qaz!QAZ database:FA_MEM redisPort:6379 redisDB:3 poolname:FA_MEM port:3306 charset:utf8 redisIp:192.168.88.119]
SqlString  SELECT RTP,Amount,Bonus  FROM M_RtpSetting  WHERE Sid = 1   AND State = 1   AND LTG_Code = 1 AND Gid = 35
sqlResult   map[result: count:0 state:0]
[2020-01-02 13:15:39] rtpData ------->   map[result: count:0 state:0] 
[GIN] 2020/01/02 - 13:15:39 | 200 |    2.112301ms |  192.168.66.115 | POST     /getResult
[2020-01-02 13:15:40] 自開彩開獎  {202001020796 6 36 true} 
ConfigData  map[ip:192.168.88.181 user:fa_db password:1qaz!QAZ charset:utf8 redisDB:3 redisPassword:"" poolname:FA_MEM port:3306 database:FA_MEM redisIp:192.168.88.119 redisPort:6379]
SqlString  SELECT RTP,Amount,Bonus  FROM M_RtpSetting  WHERE Sid = 1   AND State = 1   AND LTG_Code = 6 AND Gid = 36
sqlResult   map[result: count:0 state:0]
[2020-01-02 13:15:40] rtpData ------->   map[result: count:0 state:0] 
[GIN] 2020/01/02 - 13:15:40 | 200 |    2.374226ms |  192.168.66.115 | POST     /getResult
[2020-01-02 13:15:42] 自開彩開獎  {202001020796 1 34 true} 
ConfigData  map[poolname:FA_MEM user:fa_db password:1qaz!QAZ database:FA_MEM redisPassword:"" ip:192.168.88.181 port:3306 charset:utf8 redisIp:192.168.88.119 redisPort:6379 redisDB:3]
SqlString  SELECT RTP,Amount,Bonus  FROM M_RtpSetting  WHERE Sid = 1   AND State = 1   AND LTG_Code = 1 AND Gid = 34
sqlResult   map[result: count:0 state:0]
[2020-01-02 13:15:42] rtpData ------->   map[result: count:0 state:0] 
[GIN] 2020/01/02 - 13:15:42 | 200 |    2.234342ms |  192.168.66.115 | POST     /getResult
[2020-01-02 13:15:42] 自開彩開獎  {202001020266 6 37 true} 
ConfigData  map[port:3306 user:fa_db redisPassword:"" ip:192.168.88.181 poolname:FA_MEM charset:utf8 redisIp:192.168.88.119 redisPort:6379 redisDB:3 password:1qaz!QAZ database:FA_MEM]
SqlString  SELECT RTP,Amount,Bonus  FROM M_RtpSetting  WHERE Sid = 1   AND State = 1   AND LTG_Code = 6 AND Gid = 37
sqlResult   map[count:0 state:0 result:]
[2020-01-02 13:15:42] rtpData ------->   map[result: count:0 state:0] 
[GIN] 2020/01/02 - 13:15:42 | 200 |    2.953137ms |  192.168.66.115 | POST     /getResult
[2020-01-02 13:15:42] 自開彩開獎  {202001020160 5 39 true} 
ConfigData  map[redisDB:3 poolname:FA_MEM password:1qaz!QAZ redisPort:6379 database:FA_MEM charset:utf8 redisIp:192.168.88.119 redisPassword:"" ip:192.168.88.181 port:3306 user:fa_db]
SqlString  SELECT RTP,Amount,Bonus  FROM M_RtpSetting  WHERE Sid = 1   AND State = 1   AND LTG_Code = 5 AND Gid = 39
sqlResult   map[result: count:0 state:0]
[2020-01-02 13:15:42] rtpData ------->   map[result: count:0 state:0] 
[GIN] 2020/01/02 - 13:15:42 | 200 |    2.240156ms |  192.168.66.115 | POST     /getResult
[2020-01-02 13:15:43] 自開彩開獎  {202001020796 4 40 true} 
ConfigData  map[redisPassword:"" ip:192.168.88.181 user:fa_db charset:utf8 redisPort:6379 redisIp:192.168.88.119 redisDB:3 poolname:FA_MEM port:3306 password:1qaz!QAZ database:FA_MEM]
SqlString  SELECT RTP,Amount,Bonus  FROM M_RtpSetting  WHERE Sid = 1   AND State = 1   AND LTG_Code = 4 AND Gid = 40
sqlResult   map[count:0 state:0 result:]
[2020-01-02 13:15:43] rtpData ------->   map[result: count:0 state:0] 
[GIN] 2020/01/02 - 13:15:43 | 200 |    2.757031ms |  192.168.66.115 | POST     /getResult
[2020-01-02 13:15:43] 自開彩開獎  {202001020796 5 38 true} 
ConfigData  map[charset:utf8 redisPort:6379 redisPassword:"" password:1qaz!QAZ database:FA_MEM port:3306 user:fa_db redisIp:192.168.88.119 redisDB:3 ip:192.168.88.181 poolname:FA_MEM]
SqlString  SELECT RTP,Amount,Bonus  FROM M_RtpSetting  WHERE Sid = 1   AND State = 1   AND LTG_Code = 5 AND Gid = 38
sqlResult   map[result: count:0 state:0]
[2020-01-02 13:15:43] rtpData ------->   map[state:0 result: count:0] 
[GIN] 2020/01/02 - 13:15:43 | 200 |    2.172959ms |  192.168.66.115 | POST     /getResult
[2020-01-02 13:15:44] 自開彩開獎  {202001020266 4 41 true} 
ConfigData  map[password:1qaz!QAZ database:FA_MEM redisPort:6379 user:fa_db charset:utf8 redisIp:192.168.88.119 redisPassword:"" redisDB:3 ip:192.168.88.181 poolname:FA_MEM port:3306]
SqlString  SELECT RTP,Amount,Bonus  FROM M_RtpSetting  WHERE Sid = 1   AND State = 1   AND LTG_Code = 4 AND Gid = 41
sqlResult   map[result: count:0 state:0]
[2020-01-02 13:15:44] rtpData ------->   map[result: count:0 state:0] 
[GIN] 2020/01/02 - 13:15:44 | 200 |    2.841123ms |  192.168.66.115 | POST     /getResult
[2020-01-02 13:15:45] 自開彩開獎  {202001020266 1 35 true} 
ConfigData  map[redisDB:3 ip:192.168.88.181 user:fa_db charset:utf8 redisIp:192.168.88.119 redisPort:6379 poolname:FA_MEM port:3306 password:1qaz!QAZ database:FA_MEM redisPassword:""]
SqlString  SELECT RTP,Amount,Bonus  FROM M_RtpSetting  WHERE Sid = 1   AND State = 1   AND LTG_Code = 1 AND Gid = 35
sqlResult   map[result: count:0 state:0]
[2020-01-02 13:15:45] rtpData ------->   map[result: count:0 state:0] 
[GIN] 2020/01/02 - 13:15:45 | 200 |    6.080784ms |  192.168.66.115 | POST     /getResult
[2020-01-02 13:15:46] 自開彩開獎  {202001020796 6 36 true} 
ConfigData  map[charset:utf8 redisIp:192.168.88.119 redisPort:6379 ip:192.168.88.181 poolname:FA_MEM port:3306 password:1qaz!QAZ database:FA_MEM user:fa_db redisPassword:"" redisDB:3]
SqlString  SELECT RTP,Amount,Bonus  FROM M_RtpSetting  WHERE Sid = 1   AND State = 1   AND LTG_Code = 6 AND Gid = 36
sqlResult   map[count:0 state:0 result:]
[2020-01-02 13:15:46] rtpData ------->   map[result: count:0 state:0] 
[GIN] 2020/01/02 - 13:15:46 | 200 |    4.409967ms |  192.168.66.115 | POST     /getResult
[2020-01-02 13:15:48] 自開彩開獎  {202001020796 1 34 true} 
ConfigData  map[password:1qaz!QAZ charset:utf8 redisPassword:"" port:3306 user:fa_db database:FA_MEM redisIp:192.168.88.119 redisPort:6379 redisDB:3 ip:192.168.88.181 poolname:FA_MEM]
SqlString  SELECT RTP,Amount,Bonus  FROM M_RtpSetting  WHERE Sid = 1   AND State = 1   AND LTG_Code = 1 AND Gid = 34
sqlResult   map[result: count:0 state:0]
[2020-01-02 13:15:48] rtpData ------->   map[count:0 state:0 result:] 
[GIN] 2020/01/02 - 13:15:48 | 200 |    2.474882ms |  192.168.66.115 | POST     /getResult
[2020-01-02 13:15:48] 自開彩開獎  {202001020266 6 37 true} 
ConfigData  map[ip:192.168.88.181 user:fa_db redisDB:3 database:FA_MEM charset:utf8 redisIp:192.168.88.119 redisPort:6379 redisPassword:"" poolname:FA_MEM port:3306 password:1qaz!QAZ]
SqlString  SELECT RTP,Amount,Bonus  FROM M_RtpSetting  WHERE Sid = 1   AND State = 1   AND LTG_Code = 6 AND Gid = 37
sqlResult   map[result: count:0 state:0]
[2020-01-02 13:15:48] rtpData ------->   map[result: count:0 state:0] 
[GIN] 2020/01/02 - 13:15:48 | 200 |    2.633332ms |  192.168.66.115 | POST     /getResult
[2020-01-02 13:15:48] 自開彩開獎  {202001020160 5 39 true} 
ConfigData  map[charset:utf8 redisPort:6379 redisPassword:"" redisDB:3 ip:192.168.88.181 database:FA_MEM user:fa_db password:1qaz!QAZ redisIp:192.168.88.119 poolname:FA_MEM port:3306]
SqlString  SELECT RTP,Amount,Bonus  FROM M_RtpSetting  WHERE Sid = 1   AND State = 1   AND LTG_Code = 5 AND Gid = 39
sqlResult   map[state:0 result: count:0]
[2020-01-02 13:15:48] rtpData ------->   map[count:0 state:0 result:] 
[GIN] 2020/01/02 - 13:15:48 | 200 |    7.367003ms |  192.168.66.115 | POST     /getResult
[2020-01-02 13:15:49] 自開彩開獎  {202001020796 4 40 true} 
ConfigData  map[database:FA_MEM charset:utf8 redisIp:192.168.88.119 redisPort:6379 poolname:FA_MEM port:3306 user:fa_db password:1qaz!QAZ redisDB:3 ip:192.168.88.181 redisPassword:""]
SqlString  SELECT RTP,Amount,Bonus  FROM M_RtpSetting  WHERE Sid = 1   AND State = 1   AND LTG_Code = 4 AND Gid = 40
sqlResult   map[state:0 result: count:0]
[2020-01-02 13:15:49] rtpData ------->   map[result: count:0 state:0] 
[GIN] 2020/01/02 - 13:15:49 | 200 |    3.794647ms |  192.168.66.115 | POST     /getResult
[2020-01-02 13:15:49] 自開彩開獎  {202001020796 5 38 true} 
ConfigData  map[poolname:FA_MEM user:fa_db password:1qaz!QAZ charset:utf8 redisPort:6379 redisDB:3 ip:192.168.88.181 port:3306 database:FA_MEM redisIp:192.168.88.119 redisPassword:""]
SqlString  SELECT RTP,Amount,Bonus  FROM M_RtpSetting  WHERE Sid = 1   AND State = 1   AND LTG_Code = 5 AND Gid = 38
sqlResult   map[result: count:0 state:0]
[2020-01-02 13:15:49] rtpData ------->   map[result: count:0 state:0] 
[GIN] 2020/01/02 - 13:15:49 | 200 |    2.602931ms |  192.168.66.115 | POST     /getResult
[2020-01-02 13:15:50] 自開彩開獎  {202001020266 4 41 true} 
ConfigData  map[charset:utf8 redisIp:192.168.88.119 redisDB:3 ip:192.168.88.181 database:FA_MEM user:fa_db password:1qaz!QAZ redisPort:6379 redisPassword:"" poolname:FA_MEM port:3306]
SqlString  SELECT RTP,Amount,Bonus  FROM M_RtpSetting  WHERE Sid = 1   AND State = 1   AND LTG_Code = 4 AND Gid = 41
sqlResult   map[result: count:0 state:0]
[2020-01-02 13:15:50] rtpData ------->   map[count:0 state:0 result:] 
[GIN] 2020/01/02 - 13:15:50 | 200 |    2.030949ms |  192.168.66.115 | POST     /getResult
[2020-01-02 13:15:51] 自開彩開獎  {202001020266 1 35 true} 
ConfigData  map[password:1qaz!QAZ database:FA_MEM redisPassword:"" ip:192.168.88.181 poolname:FA_MEM port:3306 user:fa_db charset:utf8 redisIp:192.168.88.119 redisPort:6379 redisDB:3]
SqlString  SELECT RTP,Amount,Bonus  FROM M_RtpSetting  WHERE Sid = 1   AND State = 1   AND LTG_Code = 1 AND Gid = 35
sqlResult   map[result: count:0 state:0]
[2020-01-02 13:15:51] rtpData ------->   map[result: count:0 state:0] 
[GIN] 2020/01/02 - 13:15:51 | 200 |    2.447389ms |  192.168.66.115 | POST     /getResult
[2020-01-02 13:15:52] 自開彩開獎  {202001020796 6 36 true} 
ConfigData  map[user:fa_db password:1qaz!QAZ redisPort:6379 redisDB:3 poolname:FA_MEM port:3306 charset:utf8 redisIp:192.168.88.119 redisPassword:"" ip:192.168.88.181 database:FA_MEM]
SqlString  SELECT RTP,Amount,Bonus  FROM M_RtpSetting  WHERE Sid = 1   AND State = 1   AND LTG_Code = 6 AND Gid = 36
sqlResult   map[result: count:0 state:0]
[2020-01-02 13:15:52] rtpData ------->   map[result: count:0 state:0] 
[GIN] 2020/01/02 - 13:15:52 | 200 |    2.647671ms |  192.168.66.115 | POST     /getResult
[2020-01-02 13:15:54] 自開彩開獎  {202001020796 1 34 true} 
ConfigData  map[password:1qaz!QAZ charset:utf8 redisIp:192.168.88.119 redisPort:6379 redisPassword:"" poolname:FA_MEM port:3306 user:fa_db redisDB:3 ip:192.168.88.181 database:FA_MEM]
SqlString  SELECT RTP,Amount,Bonus  FROM M_RtpSetting  WHERE Sid = 1   AND State = 1   AND LTG_Code = 1 AND Gid = 34
sqlResult   map[result: count:0 state:0]
[2020-01-02 13:15:54] rtpData ------->   map[result: count:0 state:0] 
[GIN] 2020/01/02 - 13:15:54 | 200 |    2.408587ms |  192.168.66.115 | POST     /getResult
[2020-01-02 13:15:54] 自開彩開獎  {202001020266 6 37 true} 
ConfigData  map[charset:utf8 redisIp:192.168.88.119 redisPassword:"" ip:192.168.88.181 poolname:FA_MEM port:3306 user:fa_db password:1qaz!QAZ database:FA_MEM redisPort:6379 redisDB:3]
SqlString  SELECT RTP,Amount,Bonus  FROM M_RtpSetting  WHERE Sid = 1   AND State = 1   AND LTG_Code = 6 AND Gid = 37
sqlResult   map[result: count:0 state:0]
[2020-01-02 13:15:54] rtpData ------->   map[result: count:0 state:0] 
[GIN] 2020/01/02 - 13:15:54 | 200 |    2.382075ms |  192.168.66.115 | POST     /getResult
[2020-01-02 13:15:54] 自開彩開獎  {202001020160 5 39 true} 
ConfigData  map[user:fa_db database:FA_MEM redisPort:6379 redisPassword:"" ip:192.168.88.181 poolname:FA_MEM port:3306 redisDB:3 password:1qaz!QAZ charset:utf8 redisIp:192.168.88.119]
SqlString  SELECT RTP,Amount,Bonus  FROM M_RtpSetting  WHERE Sid = 1   AND State = 1   AND LTG_Code = 5 AND Gid = 39
sqlResult   map[result: count:0 state:0]
[2020-01-02 13:15:54] rtpData ------->   map[result: count:0 state:0] 
[GIN] 2020/01/02 - 13:15:54 | 200 |    2.571895ms |  192.168.66.115 | POST     /getResult
[2020-01-02 13:15:55] 自開彩開獎  {202001020796 4 40 true} 
ConfigData  map[redisPort:6379 redisDB:3 ip:192.168.88.181 poolname:FA_MEM user:fa_db database:FA_MEM redisIp:192.168.88.119 port:3306 password:1qaz!QAZ charset:utf8 redisPassword:""]
SqlString  SELECT RTP,Amount,Bonus  FROM M_RtpSetting  WHERE Sid = 1   AND State = 1   AND LTG_Code = 4 AND Gid = 40
sqlResult   map[count:0 state:0 result:]
[2020-01-02 13:15:55] rtpData ------->   map[count:0 state:0 result:] 
[GIN] 2020/01/02 - 13:15:55 | 200 |    2.537013ms |  192.168.66.115 | POST     /getResult
[2020-01-02 13:15:55] 自開彩開獎  {202001020796 5 38 true} 
ConfigData  map[redisDB:3 ip:192.168.88.181 user:fa_db password:1qaz!QAZ charset:utf8 redisPort:6379 redisPassword:"" poolname:FA_MEM port:3306 database:FA_MEM redisIp:192.168.88.119]
SqlString  SELECT RTP,Amount,Bonus  FROM M_RtpSetting  WHERE Sid = 1   AND State = 1   AND LTG_Code = 5 AND Gid = 38
sqlResult   map[result: count:0 state:0]
[2020-01-02 13:15:55] rtpData ------->   map[result: count:0 state:0] 
[GIN] 2020/01/02 - 13:15:55 | 200 |    3.093874ms |  192.168.66.115 | POST     /getResult
[2020-01-02 13:15:56] 自開彩開獎  {202001020266 4 41 true} 
ConfigData  map[user:fa_db password:1qaz!QAZ charset:utf8 redisIp:192.168.88.119 redisPassword:"" redisDB:3 ip:192.168.88.181 port:3306 redisPort:6379 poolname:FA_MEM database:FA_MEM]
SqlString  SELECT RTP,Amount,Bonus  FROM M_RtpSetting  WHERE Sid = 1   AND State = 1   AND LTG_Code = 4 AND Gid = 41
sqlResult   map[state:0 result: count:0]
[2020-01-02 13:15:56] rtpData ------->   map[state:0 result: count:0] 
[GIN] 2020/01/02 - 13:15:56 | 200 |    2.001749ms |  192.168.66.115 | POST     /getResult
[2020-01-02 13:15:57] 自開彩開獎  {202001020266 1 35 true} 
ConfigData  map[poolname:FA_MEM port:3306 user:fa_db redisIp:192.168.88.119 redisPassword:"" ip:192.168.88.181 password:1qaz!QAZ database:FA_MEM charset:utf8 redisPort:6379 redisDB:3]
SqlString  SELECT RTP,Amount,Bonus  FROM M_RtpSetting  WHERE Sid = 1   AND State = 1   AND LTG_Code = 1 AND Gid = 35
sqlResult   map[count:0 state:0 result:]
[2020-01-02 13:15:57] rtpData ------->   map[result: count:0 state:0] 
[GIN] 2020/01/02 - 13:15:57 | 200 |    1.859583ms |  192.168.66.115 | POST     /getResult
[2020-01-02 13:15:58] 自開彩開獎  {202001020796 6 36 true} 
ConfigData  map[user:fa_db password:1qaz!QAZ charset:utf8 redisIp:192.168.88.119 redisPassword:"" redisDB:3 ip:192.168.88.181 port:3306 redisPort:6379 poolname:FA_MEM database:FA_MEM]
SqlString  SELECT RTP,Amount,Bonus  FROM M_RtpSetting  WHERE Sid = 1   AND State = 1   AND LTG_Code = 6 AND Gid = 36
sqlResult   map[result: count:0 state:0]
[2020-01-02 13:15:58] rtpData ------->   map[result: count:0 state:0] 
[GIN] 2020/01/02 - 13:15:58 | 200 |    2.841136ms |  192.168.66.115 | POST     /getResult
[2020-01-02 13:16:00] 自開彩開獎  {202001020796 1 34 true} 
ConfigData  map[ip:192.168.88.181 poolname:FA_MEM port:3306 user:fa_db redisDB:3 password:1qaz!QAZ database:FA_MEM charset:utf8 redisIp:192.168.88.119 redisPort:6379 redisPassword:""]
SqlString  SELECT RTP,Amount,Bonus  FROM M_RtpSetting  WHERE Sid = 1   AND State = 1   AND LTG_Code = 1 AND Gid = 34
sqlResult   map[result: count:0 state:0]
[2020-01-02 13:16:00] rtpData ------->   map[result: count:0 state:0] 
[GIN] 2020/01/02 - 13:16:00 | 200 |    2.065467ms |  192.168.66.115 | POST     /getResult
[2020-01-02 13:16:00] 自開彩開獎  {202001020266 6 37 true} 
ConfigData  map[poolname:FA_MEM password:1qaz!QAZ redisDB:3 redisPort:6379 redisPassword:"" ip:192.168.88.181 port:3306 user:fa_db database:FA_MEM charset:utf8 redisIp:192.168.88.119]
SqlString  SELECT RTP,Amount,Bonus  FROM M_RtpSetting  WHERE Sid = 1   AND State = 1   AND LTG_Code = 6 AND Gid = 37
sqlResult   map[result: count:0 state:0]
[2020-01-02 13:16:00] rtpData ------->   map[result: count:0 state:0] 
[GIN] 2020/01/02 - 13:16:00 | 200 |    2.994155ms |  192.168.66.115 | POST     /getResult
[2020-01-02 13:16:00] 自開彩開獎  {202001020160 5 39 true} 
ConfigData  map[redisDB:3 poolname:FA_MEM user:fa_db password:1qaz!QAZ database:FA_MEM charset:utf8 redisIp:192.168.88.119 redisPort:6379 ip:192.168.88.181 port:3306 redisPassword:""]
SqlString  SELECT RTP,Amount,Bonus  FROM M_RtpSetting  WHERE Sid = 1   AND State = 1   AND LTG_Code = 5 AND Gid = 39
sqlResult   map[result: count:0 state:0]
[2020-01-02 13:16:00] rtpData ------->   map[result: count:0 state:0] 
[GIN] 2020/01/02 - 13:16:00 | 200 |    1.757984ms |  192.168.66.115 | POST     /getResult
[2020-01-02 13:16:01] 自開彩開獎  {202001020796 4 40 true} 
ConfigData  map[redisIp:192.168.88.119 redisPassword:"" poolname:FA_MEM port:3306 password:1qaz!QAZ charset:utf8 redisDB:3 ip:192.168.88.181 user:fa_db database:FA_MEM redisPort:6379]
SqlString  SELECT RTP,Amount,Bonus  FROM M_RtpSetting  WHERE Sid = 1   AND State = 1   AND LTG_Code = 4 AND Gid = 40
sqlResult   map[result: count:0 state:0]
[2020-01-02 13:16:01] rtpData ------->   map[result: count:0 state:0] 
[GIN] 2020/01/02 - 13:16:01 | 200 |    2.681955ms |  192.168.66.115 | POST     /getResult
[2020-01-02 13:16:01] 自開彩開獎  {202001020797 2 26 true} 
ConfigData  map[ip:192.168.88.181 poolname:FA_MEM database:FA_MEM charset:utf8 redisIp:192.168.88.119 redisDB:3 port:3306 user:fa_db password:1qaz!QAZ redisPort:6379 redisPassword:""]
SqlString  SELECT RTP,Amount,Bonus  FROM M_RtpSetting  WHERE Sid = 1   AND State = 1   AND LTG_Code = 2 AND Gid = 26
sqlResult   map[state:1 amount:1.0069588e+06 bonus:908100.71 result:0.9600 count:1]
[2020-01-02 13:16:01] rtpData ------->   map[result:0.9600 count:1 state:1 amount:1.0069588e+06 bonus:908100.71] 
ConfigData  map[user:fa_db database:FA_MEM charset:utf8 redisIp:192.168.88.119 redisPassword:"" ip:192.168.88.181 port:3306 password:1qaz!QAZ redisPort:6379 redisDB:3 poolname:FA_MEM]
SELECT BO_No, BO_OrderNo , BO_User , BO_Issue  , BO_LotteryTypeGroup, BO_LotteryType, BO_Mode, BO_LotteryPlayGroup, BO_LotteryPlay , BO_LotteryContent, BO_Price, BO_RealPrice, BO_Unit, BO_Multiple , BO_BetCount  , BO_Winnings, BO_Winnings2, BO_Winnings3, BO_WinningLimit  , BO_Water , BO_BW_SourceUserId, BO_BW_BackWater, BO_BW_LimitBetCount, BO_BW_MaxAmount, BO_BW_AuditMultiple  , BO_Odds, BO_Odds2, BO_Odds3 , BO_Type, BO_Chase , BO_OpenResult, BO_OpenResult2, BO_DateDraw, BO_DateDraw2, BO_DateUpdate  FROM TS_BetOrder  WHERE BO_Cancel = 0   AND BO_CancelBackend = 0   AND BO_LotteryTypeGroup = 2 AND BO_LotteryType = 26 AND BO_Issue = 202001020797 AND BO_Collect = 0 ORDER BY BO_DateDraw ASC, BO_DateCreate ASC, BO_DateUpdate ASC, BO_No ASC ;
[2020-01-02 13:16:01] LottteryTypeGroup 2 
[2020-01-02 13:16:01] 有期號 但無注單 -------> map[amount:0 bonus:0 thisOpenResult:[2 1 5 4 4]] 
[GIN] 2020/01/02 - 13:16:01 | 200 |    4.227601ms |  192.168.66.115 | POST     /getResult
[2020-01-02 13:16:01] 自開彩開獎  {202001020796 5 38 true} 
ConfigData  map[database:FA_MEM charset:utf8 redisIp:192.168.88.119 redisPort:6379 ip:192.168.88.181 poolname:FA_MEM user:fa_db password:1qaz!QAZ redisPassword:"" port:3306 redisDB:3]
SqlString  SELECT RTP,Amount,Bonus  FROM M_RtpSetting  WHERE Sid = 1   AND State = 1   AND LTG_Code = 5 AND Gid = 38
sqlResult   map[result: count:0 state:0]
[2020-01-02 13:16:01] rtpData ------->   map[count:0 state:0 result:] 
[GIN] 2020/01/02 - 13:16:01 | 200 |    2.366561ms |  192.168.66.115 | POST     /getResult
[2020-01-02 13:16:02] 自開彩開獎  {202001020266 4 41 true} 
ConfigData  map[port:3306 database:FA_MEM charset:utf8 redisIp:192.168.88.119 redisPort:6379 redisDB:3 ip:192.168.88.181 poolname:FA_MEM user:fa_db password:1qaz!QAZ redisPassword:""]
SqlString  SELECT RTP,Amount,Bonus  FROM M_RtpSetting  WHERE Sid = 1   AND State = 1   AND LTG_Code = 4 AND Gid = 41
sqlResult   map[count:0 state:0 result:]
[2020-01-02 13:16:02] rtpData ------->   map[result: count:0 state:0] 
[GIN] 2020/01/02 - 13:16:02 | 200 |    2.426556ms |  192.168.66.115 | POST     /getResult
[2020-01-02 13:16:03] 自開彩開獎  {202001020266 1 35 true} 
ConfigData  map[redisPassword:"" redisDB:3 poolname:FA_MEM password:1qaz!QAZ redisIp:192.168.88.119 database:FA_MEM charset:utf8 redisPort:6379 ip:192.168.88.181 port:3306 user:fa_db]
SqlString  SELECT RTP,Amount,Bonus  FROM M_RtpSetting  WHERE Sid = 1   AND State = 1   AND LTG_Code = 1 AND Gid = 35
sqlResult   map[result: count:0 state:0]
[2020-01-02 13:16:03] rtpData ------->   map[result: count:0 state:0] 
[GIN] 2020/01/02 - 13:16:03 | 200 |    6.365314ms |  192.168.66.115 | POST     /getResult
[2020-01-02 13:16:04] 自開彩開獎  {202001020796 6 36 true} 
ConfigData  map[redisDB:3 ip:192.168.88.181 port:3306 user:fa_db password:1qaz!QAZ charset:utf8 redisPassword:"" poolname:FA_MEM database:FA_MEM redisIp:192.168.88.119 redisPort:6379]
SqlString  SELECT RTP,Amount,Bonus  FROM M_RtpSetting  WHERE Sid = 1   AND State = 1   AND LTG_Code = 6 AND Gid = 36
sqlResult   map[state:0 result: count:0]
[2020-01-02 13:16:04] rtpData ------->   map[result: count:0 state:0] 
[GIN] 2020/01/02 - 13:16:04 | 200 |     2.24308ms |  192.168.66.115 | POST     /getResult
[2020-01-02 13:16:06] 自開彩開獎  {202001020796 1 34 true} 
ConfigData  map[ip:192.168.88.181 database:FA_MEM redisPort:6379 redisPassword:"" redisIp:192.168.88.119 redisDB:3 poolname:FA_MEM port:3306 user:fa_db password:1qaz!QAZ charset:utf8]
SqlString  SELECT RTP,Amount,Bonus  FROM M_RtpSetting  WHERE Sid = 1   AND State = 1   AND LTG_Code = 1 AND Gid = 34
sqlResult   map[result: count:0 state:0]
[2020-01-02 13:16:06] rtpData ------->   map[result: count:0 state:0] 
[GIN] 2020/01/02 - 13:16:06 | 200 |    2.072449ms |  192.168.66.115 | POST     /getResult
[2020-01-02 13:16:07] 自開彩開獎  {202001020797 4 40 true} 
ConfigData  map[redisDB:3 ip:192.168.88.181 user:fa_db password:1qaz!QAZ charset:utf8 redisIp:192.168.88.119 redisPort:6379 poolname:FA_MEM port:3306 database:FA_MEM redisPassword:""]
SqlString  SELECT RTP,Amount,Bonus  FROM M_RtpSetting  WHERE Sid = 1   AND State = 1   AND LTG_Code = 4 AND Gid = 40
sqlResult   map[count:0 state:0 result:]
[2020-01-02 13:16:07] rtpData ------->   map[count:0 state:0 result:] 
[GIN] 2020/01/02 - 13:16:07 | 200 |    2.380851ms |  192.168.66.115 | POST     /getResult
[2020-01-02 13:16:07] 自開彩開獎  {202001020797 5 38 true} 
ConfigData  map[password:1qaz!QAZ charset:utf8 redisPassword:"" ip:192.168.88.181 user:fa_db database:FA_MEM redisIp:192.168.88.119 redisPort:6379 redisDB:3 poolname:FA_MEM port:3306]
SqlString  SELECT RTP,Amount,Bonus  FROM M_RtpSetting  WHERE Sid = 1   AND State = 1   AND LTG_Code = 5 AND Gid = 38
sqlResult   map[result: count:0 state:0]
[2020-01-02 13:16:07] rtpData ------->   map[result: count:0 state:0] 
[GIN] 2020/01/02 - 13:16:07 | 200 |    2.887808ms |  192.168.66.115 | POST     /getResult
[2020-01-02 13:16:08] 自開彩開獎  {202001020266 4 41 true} 
ConfigData  map[ip:192.168.88.181 user:fa_db redisPort:6379 redisPassword:"" poolname:FA_MEM port:3306 password:1qaz!QAZ database:FA_MEM charset:utf8 redisIp:192.168.88.119 redisDB:3]
SqlString  SELECT RTP,Amount,Bonus  FROM M_RtpSetting  WHERE Sid = 1   AND State = 1   AND LTG_Code = 4 AND Gid = 41
sqlResult   map[result: count:0 state:0]
[2020-01-02 13:16:08] rtpData ------->   map[result: count:0 state:0] 
[GIN] 2020/01/02 - 13:16:08 | 200 |    2.172827ms |  192.168.66.115 | POST     /getResult
[2020-01-02 13:16:09] 自開彩開獎  {202001020266 1 35 true} 
ConfigData  map[redisPassword:"" ip:192.168.88.181 poolname:FA_MEM port:3306 charset:utf8 redisPort:6379 redisDB:3 user:fa_db password:1qaz!QAZ database:FA_MEM redisIp:192.168.88.119]
SqlString  SELECT RTP,Amount,Bonus  FROM M_RtpSetting  WHERE Sid = 1   AND State = 1   AND LTG_Code = 1 AND Gid = 35
sqlResult   map[result: count:0 state:0]
[2020-01-02 13:16:09] rtpData ------->   map[result: count:0 state:0] 
[GIN] 2020/01/02 - 13:16:09 | 200 |    2.509048ms |  192.168.66.115 | POST     /getResult
[2020-01-02 13:16:10] 自開彩開獎  {202001020797 6 36 true} 
ConfigData  map[redisPort:6379 redisPassword:"" redisDB:3 password:1qaz!QAZ database:FA_MEM redisIp:192.168.88.119 user:fa_db charset:utf8 ip:192.168.88.181 poolname:FA_MEM port:3306]
SqlString  SELECT RTP,Amount,Bonus  FROM M_RtpSetting  WHERE Sid = 1   AND State = 1   AND LTG_Code = 6 AND Gid = 36
sqlResult   map[result: count:0 state:0]
[2020-01-02 13:16:10] rtpData ------->   map[count:0 state:0 result:] 
[GIN] 2020/01/02 - 13:16:10 | 200 |    2.113604ms |  192.168.66.115 | POST     /getResult
[2020-01-02 13:16:12] 自開彩開獎  {202001020797 1 34 true} 
ConfigData  map[ip:192.168.88.181 poolname:FA_MEM database:FA_MEM charset:utf8 redisIp:192.168.88.119 redisPort:6379 redisPassword:"" redisDB:3 port:3306 user:fa_db password:1qaz!QAZ]
SqlString  SELECT RTP,Amount,Bonus  FROM M_RtpSetting  WHERE Sid = 1   AND State = 1   AND LTG_Code = 1 AND Gid = 34
sqlResult   map[result: count:0 state:0]
[2020-01-02 13:16:12] rtpData ------->   map[result: count:0 state:0] 
[GIN] 2020/01/02 - 13:16:12 | 200 |    2.233296ms |  192.168.66.115 | POST     /getResult
[2020-01-02 13:16:13] 自開彩開獎  {202001020797 4 40 true} 
ConfigData  map[port:3306 user:fa_db redisIp:192.168.88.119 redisPort:6379 ip:192.168.88.181 poolname:FA_MEM password:1qaz!QAZ database:FA_MEM charset:utf8 redisPassword:"" redisDB:3]
SqlString  SELECT RTP,Amount,Bonus  FROM M_RtpSetting  WHERE Sid = 1   AND State = 1   AND LTG_Code = 4 AND Gid = 40
sqlResult   map[count:0 state:0 result:]
[2020-01-02 13:16:13] rtpData ------->   map[result: count:0 state:0] 
[GIN] 2020/01/02 - 13:16:13 | 200 |    2.685583ms |  192.168.66.115 | POST     /getResult
[2020-01-02 13:16:13] 自開彩開獎  {202001020797 5 38 true} 
ConfigData  map[ip:192.168.88.181 password:1qaz!QAZ charset:utf8 redisIp:192.168.88.119 redisPort:6379 redisPassword:"" redisDB:3 poolname:FA_MEM port:3306 user:fa_db database:FA_MEM]
SqlString  SELECT RTP,Amount,Bonus  FROM M_RtpSetting  WHERE Sid = 1   AND State = 1   AND LTG_Code = 5 AND Gid = 38
sqlResult   map[result: count:0 state:0]
[2020-01-02 13:16:13] rtpData ------->   map[state:0 result: count:0] 
[GIN] 2020/01/02 - 13:16:13 | 200 |    3.184937ms |  192.168.66.115 | POST     /getResult
[2020-01-02 13:16:14] 自開彩開獎  {202001020266 4 41 true} 
ConfigData  map[redisPort:6379 ip:192.168.88.181 poolname:FA_MEM password:1qaz!QAZ charset:utf8 redisIp:192.168.88.119 redisPassword:"" redisDB:3 port:3306 user:fa_db database:FA_MEM]
SqlString  SELECT RTP,Amount,Bonus  FROM M_RtpSetting  WHERE Sid = 1   AND State = 1   AND LTG_Code = 4 AND Gid = 41
sqlResult   map[result: count:0 state:0]
[2020-01-02 13:16:14] rtpData ------->   map[result: count:0 state:0] 
[GIN] 2020/01/02 - 13:16:14 | 200 |    2.134113ms |  192.168.66.115 | POST     /getResult
[2020-01-02 13:16:15] 自開彩開獎  {202001020266 1 35 true} 
ConfigData  map[password:1qaz!QAZ database:FA_MEM charset:utf8 poolname:FA_MEM port:3306 user:fa_db redisPassword:"" redisDB:3 ip:192.168.88.181 redisIp:192.168.88.119 redisPort:6379]
SqlString  SELECT RTP,Amount,Bonus  FROM M_RtpSetting  WHERE Sid = 1   AND State = 1   AND LTG_Code = 1 AND Gid = 35
sqlResult   map[result: count:0 state:0]
[2020-01-02 13:16:15] rtpData ------->   map[result: count:0 state:0] 
[GIN] 2020/01/02 - 13:16:15 | 200 |    5.419747ms |  192.168.66.115 | POST     /getResult
[2020-01-02 13:16:16] 自開彩開獎  {202001020797 6 36 true} 
ConfigData  map[ip:192.168.88.181 poolname:FA_MEM port:3306 user:fa_db charset:utf8 redisIp:192.168.88.119 redisPort:6379 redisPassword:"" redisDB:3 password:1qaz!QAZ database:FA_MEM]
SqlString  SELECT RTP,Amount,Bonus  FROM M_RtpSetting  WHERE Sid = 1   AND State = 1   AND LTG_Code = 6 AND Gid = 36
sqlResult   map[result: count:0 state:0]
[2020-01-02 13:16:16] rtpData ------->   map[result: count:0 state:0] 
[GIN] 2020/01/02 - 13:16:16 | 200 |    2.002505ms |  192.168.66.115 | POST     /getResult
[2020-01-02 13:16:18] 自開彩開獎  {202001020797 1 34 true} 
ConfigData  map[user:fa_db redisPort:6379 redisPassword:"" redisDB:3 ip:192.168.88.181 poolname:FA_MEM port:3306 password:1qaz!QAZ database:FA_MEM charset:utf8 redisIp:192.168.88.119]
SqlString  SELECT RTP,Amount,Bonus  FROM M_RtpSetting  WHERE Sid = 1   AND State = 1   AND LTG_Code = 1 AND Gid = 34
sqlResult   map[state:0 result: count:0]
[2020-01-02 13:16:18] rtpData ------->   map[result: count:0 state:0] 
[GIN] 2020/01/02 - 13:16:18 | 200 |    2.339713ms |  192.168.66.115 | POST     /getResult
[2020-01-02 13:16:19] 自開彩開獎  {202001020797 4 40 true} 
ConfigData  map[port:3306 redisPort:6379 redisPassword:"" redisDB:3 redisIp:192.168.88.119 ip:192.168.88.181 poolname:FA_MEM user:fa_db password:1qaz!QAZ database:FA_MEM charset:utf8]
SqlString  SELECT RTP,Amount,Bonus  FROM M_RtpSetting  WHERE Sid = 1   AND State = 1   AND LTG_Code = 4 AND Gid = 40
sqlResult   map[result: count:0 state:0]
[2020-01-02 13:16:19] rtpData ------->   map[result: count:0 state:0] 
[GIN] 2020/01/02 - 13:16:19 | 200 |    2.507898ms |  192.168.66.115 | POST     /getResult
[2020-01-02 13:16:19] 自開彩開獎  {202001020797 5 38 true} 
ConfigData  map[redisIp:192.168.88.119 redisPort:6379 redisDB:3 poolname:FA_MEM port:3306 user:fa_db password:1qaz!QAZ charset:utf8 ip:192.168.88.181 database:FA_MEM redisPassword:""]
SqlString  SELECT RTP,Amount,Bonus  FROM M_RtpSetting  WHERE Sid = 1   AND State = 1   AND LTG_Code = 5 AND Gid = 38
sqlResult   map[result: count:0 state:0]
[2020-01-02 13:16:19] rtpData ------->   map[result: count:0 state:0] 
[GIN] 2020/01/02 - 13:16:19 | 200 |    3.316069ms |  192.168.66.115 | POST     /getResult
[2020-01-02 13:16:20] 自開彩開獎  {202001020266 4 41 true} 
ConfigData  map[poolname:FA_MEM port:3306 user:fa_db charset:utf8 redisDB:3 redisPassword:"" ip:192.168.88.181 password:1qaz!QAZ database:FA_MEM redisIp:192.168.88.119 redisPort:6379]
SqlString  SELECT RTP,Amount,Bonus  FROM M_RtpSetting  WHERE Sid = 1   AND State = 1   AND LTG_Code = 4 AND Gid = 41
sqlResult   map[result: count:0 state:0]
[2020-01-02 13:16:20] rtpData ------->   map[result: count:0 state:0] 
[GIN] 2020/01/02 - 13:16:20 | 200 |    2.420815ms |  192.168.66.115 | POST     /getResult
[2020-01-02 13:16:21] 自開彩開獎  {202001020266 1 35 true} 
ConfigData  map[password:1qaz!QAZ database:FA_MEM charset:utf8 redisPassword:"" redisDB:3 poolname:FA_MEM port:3306 redisIp:192.168.88.119 redisPort:6379 ip:192.168.88.181 user:fa_db]
SqlString  SELECT RTP,Amount,Bonus  FROM M_RtpSetting  WHERE Sid = 1   AND State = 1   AND LTG_Code = 1 AND Gid = 35
sqlResult   map[result: count:0 state:0]
[2020-01-02 13:16:21] rtpData ------->   map[result: count:0 state:0] 
[GIN] 2020/01/02 - 13:16:21 | 200 |    2.310313ms |  192.168.66.115 | POST     /getResult
[2020-01-02 13:16:22] 自開彩開獎  {202001020797 6 36 true} 
ConfigData  map[charset:utf8 redisPort:6379 user:fa_db password:1qaz!QAZ port:3306 database:FA_MEM redisIp:192.168.88.119 redisPassword:"" redisDB:3 ip:192.168.88.181 poolname:FA_MEM]
SqlString  SELECT RTP,Amount,Bonus  FROM M_RtpSetting  WHERE Sid = 1   AND State = 1   AND LTG_Code = 6 AND Gid = 36
sqlResult   map[result: count:0 state:0]
[2020-01-02 13:16:22] rtpData ------->   map[result: count:0 state:0] 
[GIN] 2020/01/02 - 13:16:22 | 200 |    2.088033ms |  192.168.66.115 | POST     /getResult
[2020-01-02 13:16:24] 自開彩開獎  {202001020797 1 34 true} 
ConfigData  map[port:3306 password:1qaz!QAZ redisPort:6379 redisPassword:"" redisDB:3 ip:192.168.88.181 poolname:FA_MEM user:fa_db database:FA_MEM charset:utf8 redisIp:192.168.88.119]
SqlString  SELECT RTP,Amount,Bonus  FROM M_RtpSetting  WHERE Sid = 1   AND State = 1   AND LTG_Code = 1 AND Gid = 34
sqlResult   map[result: count:0 state:0]
[2020-01-02 13:16:24] rtpData ------->   map[state:0 result: count:0] 
[GIN] 2020/01/02 - 13:16:24 | 200 |    2.543045ms |  192.168.66.115 | POST     /getResult
[2020-01-02 13:16:25] 自開彩開獎  {202001020797 4 40 true} 
ConfigData  map[port:3306 user:fa_db password:1qaz!QAZ redisPassword:"" redisDB:3 ip:192.168.88.181 poolname:FA_MEM redisIp:192.168.88.119 redisPort:6379 database:FA_MEM charset:utf8]
SqlString  SELECT RTP,Amount,Bonus  FROM M_RtpSetting  WHERE Sid = 1   AND State = 1   AND LTG_Code = 4 AND Gid = 40
sqlResult   map[result: count:0 state:0]
[2020-01-02 13:16:25] rtpData ------->   map[result: count:0 state:0] 
[GIN] 2020/01/02 - 13:16:25 | 200 |    2.122825ms |  192.168.66.115 | POST     /getResult
[2020-01-02 13:16:25] 自開彩開獎  {202001020797 5 38 true} 
ConfigData  map[redisIp:192.168.88.119 redisPort:6379 redisPassword:"" redisDB:3 ip:192.168.88.181 user:fa_db password:1qaz!QAZ charset:utf8 poolname:FA_MEM port:3306 database:FA_MEM]
SqlString  SELECT RTP,Amount,Bonus  FROM M_RtpSetting  WHERE Sid = 1   AND State = 1   AND LTG_Code = 5 AND Gid = 38
sqlResult   map[result: count:0 state:0]
[2020-01-02 13:16:25] rtpData ------->   map[result: count:0 state:0] 
[GIN] 2020/01/02 - 13:16:25 | 200 |    2.896026ms |  192.168.66.115 | POST     /getResult
[2020-01-02 13:16:26] 自開彩開獎  {202001020266 4 41 true} 
ConfigData  map[redisDB:3 password:1qaz!QAZ database:FA_MEM redisIp:192.168.88.119 redisPort:6379 charset:utf8 redisPassword:"" ip:192.168.88.181 poolname:FA_MEM port:3306 user:fa_db]
SqlString  SELECT RTP,Amount,Bonus  FROM M_RtpSetting  WHERE Sid = 1   AND State = 1   AND LTG_Code = 4 AND Gid = 41
sqlResult   map[result: count:0 state:0]
[2020-01-02 13:16:26] rtpData ------->   map[result: count:0 state:0] 
[GIN] 2020/01/02 - 13:16:26 | 200 |    8.615117ms |  192.168.66.115 | POST     /getResult
[2020-01-02 13:16:27] 自開彩開獎  {202001020266 1 35 true} 
ConfigData  map[redisPort:6379 poolname:FA_MEM port:3306 user:fa_db database:FA_MEM redisPassword:"" redisDB:3 ip:192.168.88.181 password:1qaz!QAZ charset:utf8 redisIp:192.168.88.119]
SqlString  SELECT RTP,Amount,Bonus  FROM M_RtpSetting  WHERE Sid = 1   AND State = 1   AND LTG_Code = 1 AND Gid = 35
sqlResult   map[result: count:0 state:0]
[2020-01-02 13:16:27] rtpData ------->   map[result: count:0 state:0] 
[GIN] 2020/01/02 - 13:16:27 | 200 |    2.115558ms |  192.168.66.115 | POST     /getResult
[2020-01-02 13:16:28] 自開彩開獎  {202001020797 6 36 true} 
ConfigData  map[port:3306 password:1qaz!QAZ charset:utf8 redisPort:6379 redisPassword:"" ip:192.168.88.181 user:fa_db database:FA_MEM redisIp:192.168.88.119 redisDB:3 poolname:FA_MEM]
SqlString  SELECT RTP,Amount,Bonus  FROM M_RtpSetting  WHERE Sid = 1   AND State = 1   AND LTG_Code = 6 AND Gid = 36
sqlResult   map[result: count:0 state:0]
[2020-01-02 13:16:28] rtpData ------->   map[state:0 result: count:0] 
[GIN] 2020/01/02 - 13:16:28 | 200 |    1.921708ms |  192.168.66.115 | POST     /getResult
[2020-01-02 13:16:30] 自開彩開獎  {202001020797 1 34 true} 
ConfigData  map[poolname:FA_MEM user:fa_db password:1qaz!QAZ redisIp:192.168.88.119 redisPort:6379 redisDB:3 ip:192.168.88.181 port:3306 database:FA_MEM charset:utf8 redisPassword:""]
SqlString  SELECT RTP,Amount,Bonus  FROM M_RtpSetting  WHERE Sid = 1   AND State = 1   AND LTG_Code = 1 AND Gid = 34
sqlResult   map[result: count:0 state:0]
[2020-01-02 13:16:30] rtpData ------->   map[result: count:0 state:0] 
[GIN] 2020/01/02 - 13:16:30 | 200 |    2.400552ms |  192.168.66.115 | POST     /getResult
[2020-01-02 13:16:31] 自開彩開獎  {202001020797 4 40 true} 
ConfigData  map[database:FA_MEM charset:utf8 redisIp:192.168.88.119 redisPort:6379 redisPassword:"" redisDB:3 password:1qaz!QAZ poolname:FA_MEM port:3306 user:fa_db ip:192.168.88.181]
SqlString  SELECT RTP,Amount,Bonus  FROM M_RtpSetting  WHERE Sid = 1   AND State = 1   AND LTG_Code = 4 AND Gid = 40
sqlResult   map[state:0 result: count:0]
[2020-01-02 13:16:31] rtpData ------->   map[result: count:0 state:0] 
[GIN] 2020/01/02 - 13:16:31 | 200 |    2.986908ms |  192.168.66.115 | POST     /getResult
[2020-01-02 13:16:31] 自開彩開獎  {202001020797 5 38 true} 
ConfigData  map[charset:utf8 redisPassword:"" ip:192.168.88.181 user:fa_db password:1qaz!QAZ database:FA_MEM redisDB:3 poolname:FA_MEM port:3306 redisIp:192.168.88.119 redisPort:6379]
SqlString  SELECT RTP,Amount,Bonus  FROM M_RtpSetting  WHERE Sid = 1   AND State = 1   AND LTG_Code = 5 AND Gid = 38
sqlResult   map[result: count:0 state:0]
[2020-01-02 13:16:31] rtpData ------->   map[state:0 result: count:0] 
[GIN] 2020/01/02 - 13:16:31 | 200 |    2.840526ms |  192.168.66.115 | POST     /getResult
[2020-01-02 13:16:32] 自開彩開獎  {202001020266 4 41 true} 
ConfigData  map[redisPassword:"" redisDB:3 poolname:FA_MEM user:fa_db database:FA_MEM redisIp:192.168.88.119 redisPort:6379 ip:192.168.88.181 port:3306 password:1qaz!QAZ charset:utf8]
SqlString  SELECT RTP,Amount,Bonus  FROM M_RtpSetting  WHERE Sid = 1   AND State = 1   AND LTG_Code = 4 AND Gid = 41
sqlResult   map[result: count:0 state:0]
[2020-01-02 13:16:32] rtpData ------->   map[result: count:0 state:0] 
[GIN] 2020/01/02 - 13:16:32 | 200 |     2.32404ms |  192.168.66.115 | POST     /getResult
[2020-01-02 13:16:33] 自開彩開獎  {202001020266 1 35 true} 
ConfigData  map[redisPort:6379 ip:192.168.88.181 port:3306 user:fa_db database:FA_MEM charset:utf8 redisIp:192.168.88.119 poolname:FA_MEM password:1qaz!QAZ redisPassword:"" redisDB:3]
SqlString  SELECT RTP,Amount,Bonus  FROM M_RtpSetting  WHERE Sid = 1   AND State = 1   AND LTG_Code = 1 AND Gid = 35
sqlResult   map[result: count:0 state:0]
[2020-01-02 13:16:33] rtpData ------->   map[state:0 result: count:0] 
[GIN] 2020/01/02 - 13:16:33 | 200 |    2.384183ms |  192.168.66.115 | POST     /getResult
[2020-01-02 13:16:34] 自開彩開獎  {202001020797 6 36 true} 
ConfigData  map[database:FA_MEM redisIp:192.168.88.119 redisPort:6379 redisDB:3 ip:192.168.88.181 port:3306 password:1qaz!QAZ charset:utf8 redisPassword:"" poolname:FA_MEM user:fa_db]
SqlString  SELECT RTP,Amount,Bonus  FROM M_RtpSetting  WHERE Sid = 1   AND State = 1   AND LTG_Code = 6 AND Gid = 36
sqlResult   map[count:0 state:0 result:]
[2020-01-02 13:16:34] rtpData ------->   map[result: count:0 state:0] 
[GIN] 2020/01/02 - 13:16:34 | 200 |    2.813323ms |  192.168.66.115 | POST     /getResult
[2020-01-02 13:16:36] 自開彩開獎  {202001020797 1 34 true} 
ConfigData  map[redisIp:192.168.88.119 redisPort:6379 redisPassword:"" redisDB:3 user:fa_db database:FA_MEM charset:utf8 password:1qaz!QAZ ip:192.168.88.181 poolname:FA_MEM port:3306]
SqlString  SELECT RTP,Amount,Bonus  FROM M_RtpSetting  WHERE Sid = 1   AND State = 1   AND LTG_Code = 1 AND Gid = 34
sqlResult   map[count:0 state:0 result:]
[2020-01-02 13:16:36] rtpData ------->   map[count:0 state:0 result:] 
[GIN] 2020/01/02 - 13:16:36 | 200 |    9.413892ms |  192.168.66.115 | POST     /getResult
[2020-01-02 13:16:37] 自開彩開獎  {202001020797 4 40 true} 
ConfigData  map[database:FA_MEM redisIp:192.168.88.119 redisPort:6379 redisDB:3 ip:192.168.88.181 poolname:FA_MEM port:3306 user:fa_db password:1qaz!QAZ charset:utf8 redisPassword:""]
SqlString  SELECT RTP,Amount,Bonus  FROM M_RtpSetting  WHERE Sid = 1   AND State = 1   AND LTG_Code = 4 AND Gid = 40
sqlResult   map[result: count:0 state:0]
[2020-01-02 13:16:37] rtpData ------->   map[result: count:0 state:0] 
[GIN] 2020/01/02 - 13:16:37 | 200 |    2.529013ms |  192.168.66.115 | POST     /getResult
[2020-01-02 13:16:37] 自開彩開獎  {202001020797 5 38 true} 
ConfigData  map[poolname:FA_MEM port:3306 password:1qaz!QAZ redisIp:192.168.88.119 redisPort:6379 ip:192.168.88.181 user:fa_db database:FA_MEM charset:utf8 redisPassword:"" redisDB:3]
SqlString  SELECT RTP,Amount,Bonus  FROM M_RtpSetting  WHERE Sid = 1   AND State = 1   AND LTG_Code = 5 AND Gid = 38
sqlResult   map[result: count:0 state:0]
[2020-01-02 13:16:37] rtpData ------->   map[result: count:0 state:0] 
[GIN] 2020/01/02 - 13:16:37 | 200 |    2.858029ms |  192.168.66.115 | POST     /getResult
[2020-01-02 13:16:38] 自開彩開獎  {202001020266 4 41 true} 
ConfigData  map[ip:192.168.88.181 port:3306 password:1qaz!QAZ redisIp:192.168.88.119 poolname:FA_MEM user:fa_db database:FA_MEM charset:utf8 redisPort:6379 redisPassword:"" redisDB:3]
SqlString  SELECT RTP,Amount,Bonus  FROM M_RtpSetting  WHERE Sid = 1   AND State = 1   AND LTG_Code = 4 AND Gid = 41
sqlResult   map[result: count:0 state:0]
[2020-01-02 13:16:38] rtpData ------->   map[state:0 result: count:0] 
[GIN] 2020/01/02 - 13:16:38 | 200 |     1.90788ms |  192.168.66.115 | POST     /getResult
[2020-01-02 13:16:39] 自開彩開獎  {202001020266 1 35 true} 
ConfigData  map[charset:utf8 redisPassword:"" ip:192.168.88.181 poolname:FA_MEM user:fa_db password:1qaz!QAZ database:FA_MEM port:3306 redisIp:192.168.88.119 redisPort:6379 redisDB:3]
SqlString  SELECT RTP,Amount,Bonus  FROM M_RtpSetting  WHERE Sid = 1   AND State = 1   AND LTG_Code = 1 AND Gid = 35
sqlResult   map[result: count:0 state:0]
[2020-01-02 13:16:39] rtpData ------->   map[result: count:0 state:0] 
[GIN] 2020/01/02 - 13:16:39 | 200 |    2.499563ms |  192.168.66.115 | POST     /getResult
[2020-01-02 13:16:40] 自開彩開獎  {202001020797 6 36 true} 
ConfigData  map[port:3306 redisIp:192.168.88.119 redisPassword:"" redisDB:3 ip:192.168.88.181 poolname:FA_MEM user:fa_db password:1qaz!QAZ database:FA_MEM charset:utf8 redisPort:6379]
SqlString  SELECT RTP,Amount,Bonus  FROM M_RtpSetting  WHERE Sid = 1   AND State = 1   AND LTG_Code = 6 AND Gid = 36
sqlResult   map[state:0 result: count:0]
[2020-01-02 13:16:40] rtpData ------->   map[result: count:0 state:0] 
[GIN] 2020/01/02 - 13:16:40 | 200 |    2.496359ms |  192.168.66.115 | POST     /getResult
[2020-01-02 13:16:42] 自開彩開獎  {202001020797 1 34 true} 
ConfigData  map[ip:192.168.88.181 poolname:FA_MEM database:FA_MEM charset:utf8 redisPort:6379 port:3306 user:fa_db password:1qaz!QAZ redisIp:192.168.88.119 redisPassword:"" redisDB:3]
SqlString  SELECT RTP,Amount,Bonus  FROM M_RtpSetting  WHERE Sid = 1   AND State = 1   AND LTG_Code = 1 AND Gid = 34
sqlResult   map[result: count:0 state:0]
[2020-01-02 13:16:42] rtpData ------->   map[state:0 result: count:0] 
[GIN] 2020/01/02 - 13:16:42 | 200 |    2.294361ms |  192.168.66.115 | POST     /getResult
[2020-01-02 13:16:43] 自開彩開獎  {202001020797 4 40 true} 
ConfigData  map[port:3306 user:fa_db database:FA_MEM redisIp:192.168.88.119 redisPort:6379 ip:192.168.88.181 poolname:FA_MEM password:1qaz!QAZ charset:utf8 redisPassword:"" redisDB:3]
SqlString  SELECT RTP,Amount,Bonus  FROM M_RtpSetting  WHERE Sid = 1   AND State = 1   AND LTG_Code = 4 AND Gid = 40
sqlResult   map[result: count:0 state:0]
[2020-01-02 13:16:43] rtpData ------->   map[result: count:0 state:0] 
[GIN] 2020/01/02 - 13:16:43 | 200 |    2.088743ms |  192.168.66.115 | POST     /getResult
[2020-01-02 13:16:43] 自開彩開獎  {202001020797 5 38 true} 
ConfigData  map[port:3306 password:1qaz!QAZ redisDB:3 ip:192.168.88.181 poolname:FA_MEM user:fa_db database:FA_MEM charset:utf8 redisIp:192.168.88.119 redisPort:6379 redisPassword:""]
SqlString  SELECT RTP,Amount,Bonus  FROM M_RtpSetting  WHERE Sid = 1   AND State = 1   AND LTG_Code = 5 AND Gid = 38
sqlResult   map[result: count:0 state:0]
[2020-01-02 13:16:43] rtpData ------->   map[state:0 result: count:0] 
[GIN] 2020/01/02 - 13:16:43 | 200 |    2.814898ms |  192.168.66.115 | POST     /getResult
[2020-01-02 13:16:44] 自開彩開獎  {202001020266 4 41 true} 
ConfigData  map[port:3306 password:1qaz!QAZ charset:utf8 redisPort:6379 redisPassword:"" ip:192.168.88.181 poolname:FA_MEM redisIp:192.168.88.119 redisDB:3 user:fa_db database:FA_MEM]
SqlString  SELECT RTP,Amount,Bonus  FROM M_RtpSetting  WHERE Sid = 1   AND State = 1   AND LTG_Code = 4 AND Gid = 41
sqlResult   map[result: count:0 state:0]
[2020-01-02 13:16:44] rtpData ------->   map[result: count:0 state:0] 
[GIN] 2020/01/02 - 13:16:44 | 200 |    2.031529ms |  192.168.66.115 | POST     /getResult
[2020-01-02 13:16:45] 自開彩開獎  {202001020266 1 35 true} 
ConfigData  map[redisPort:6379 redisPassword:"" ip:192.168.88.181 port:3306 user:fa_db password:1qaz!QAZ database:FA_MEM redisIp:192.168.88.119 redisDB:3 poolname:FA_MEM charset:utf8]
SqlString  SELECT RTP,Amount,Bonus  FROM M_RtpSetting  WHERE Sid = 1   AND State = 1   AND LTG_Code = 1 AND Gid = 35
sqlResult   map[result: count:0 state:0]
[2020-01-02 13:16:45] rtpData ------->   map[result: count:0 state:0] 
[GIN] 2020/01/02 - 13:16:45 | 200 |     7.87098ms |  192.168.66.115 | POST     /getResult
[2020-01-02 13:16:46] 自開彩開獎  {202001020797 6 36 true} 
ConfigData  map[poolname:FA_MEM port:3306 database:FA_MEM redisPassword:"" ip:192.168.88.181 user:fa_db password:1qaz!QAZ charset:utf8 redisIp:192.168.88.119 redisPort:6379 redisDB:3]
SqlString  SELECT RTP,Amount,Bonus  FROM M_RtpSetting  WHERE Sid = 1   AND State = 1   AND LTG_Code = 6 AND Gid = 36
sqlResult   map[result: count:0 state:0]
[2020-01-02 13:16:46] rtpData ------->   map[result: count:0 state:0] 
[GIN] 2020/01/02 - 13:16:46 | 200 |    2.677792ms |  192.168.66.115 | POST     /getResult
[2020-01-02 13:16:48] 自開彩開獎  {202001020797 1 34 true} 
ConfigData  map[port:3306 user:fa_db password:1qaz!QAZ database:FA_MEM charset:utf8 redisPassword:"" redisDB:3 poolname:FA_MEM redisIp:192.168.88.119 redisPort:6379 ip:192.168.88.181]
SqlString  SELECT RTP,Amount,Bonus  FROM M_RtpSetting  WHERE Sid = 1   AND State = 1   AND LTG_Code = 1 AND Gid = 34
sqlResult   map[result: count:0 state:0]
[2020-01-02 13:16:48] rtpData ------->   map[result: count:0 state:0] 
[GIN] 2020/01/02 - 13:16:48 | 200 |    2.274903ms |  192.168.66.115 | POST     /getResult
[2020-01-02 13:16:49] 自開彩開獎  {202001020797 4 40 true} 
ConfigData  map[redisDB:3 poolname:FA_MEM port:3306 redisPort:6379 database:FA_MEM charset:utf8 redisIp:192.168.88.119 redisPassword:"" ip:192.168.88.181 user:fa_db password:1qaz!QAZ]
SqlString  SELECT RTP,Amount,Bonus  FROM M_RtpSetting  WHERE Sid = 1   AND State = 1   AND LTG_Code = 4 AND Gid = 40
sqlResult   map[result: count:0 state:0]
[2020-01-02 13:16:49] rtpData ------->   map[result: count:0 state:0] 
[GIN] 2020/01/02 - 13:16:49 | 200 |    2.257158ms |  192.168.66.115 | POST     /getResult
[2020-01-02 13:16:49] 自開彩開獎  {202001020797 5 38 true} 
ConfigData  map[ip:192.168.88.181 poolname:FA_MEM port:3306 user:fa_db password:1qaz!QAZ database:FA_MEM charset:utf8 redisIp:192.168.88.119 redisPort:6379 redisPassword:"" redisDB:3]
SqlString  SELECT RTP,Amount,Bonus  FROM M_RtpSetting  WHERE Sid = 1   AND State = 1   AND LTG_Code = 5 AND Gid = 38
sqlResult   map[result: count:0 state:0]
[2020-01-02 13:16:49] rtpData ------->   map[count:0 state:0 result:] 
[GIN] 2020/01/02 - 13:16:49 | 200 |      3.2978ms |  192.168.66.115 | POST     /getResult
[2020-01-02 13:16:50] 自開彩開獎  {202001020266 4 41 true} 
ConfigData  map[port:3306 redisPassword:"" ip:192.168.88.181 poolname:FA_MEM database:FA_MEM charset:utf8 redisIp:192.168.88.119 redisPort:6379 redisDB:3 user:fa_db password:1qaz!QAZ]
SqlString  SELECT RTP,Amount,Bonus  FROM M_RtpSetting  WHERE Sid = 1   AND State = 1   AND LTG_Code = 4 AND Gid = 41
sqlResult   map[result: count:0 state:0]
[2020-01-02 13:16:50] rtpData ------->   map[state:0 result: count:0] 
[GIN] 2020/01/02 - 13:16:50 | 200 |    2.274811ms |  192.168.66.115 | POST     /getResult
[2020-01-02 13:16:51] 自開彩開獎  {202001020266 1 35 true} 
ConfigData  map[poolname:FA_MEM port:3306 charset:utf8 redisIp:192.168.88.119 redisPort:6379 redisPassword:"" redisDB:3 ip:192.168.88.181 user:fa_db password:1qaz!QAZ database:FA_MEM]
SqlString  SELECT RTP,Amount,Bonus  FROM M_RtpSetting  WHERE Sid = 1   AND State = 1   AND LTG_Code = 1 AND Gid = 35
sqlResult   map[result: count:0 state:0]
[2020-01-02 13:16:51] rtpData ------->   map[result: count:0 state:0] 
[GIN] 2020/01/02 - 13:16:51 | 200 |    1.935052ms |  192.168.66.115 | POST     /getResult
[2020-01-02 13:16:52] 自開彩開獎  {202001020797 6 36 true} 
ConfigData  map[port:3306 password:1qaz!QAZ redisPort:6379 redisDB:3 ip:192.168.88.181 user:fa_db database:FA_MEM charset:utf8 redisIp:192.168.88.119 redisPassword:"" poolname:FA_MEM]
SqlString  SELECT RTP,Amount,Bonus  FROM M_RtpSetting  WHERE Sid = 1   AND State = 1   AND LTG_Code = 6 AND Gid = 36
sqlResult   map[result: count:0 state:0]
[2020-01-02 13:16:52] rtpData ------->   map[result: count:0 state:0] 
[GIN] 2020/01/02 - 13:16:52 | 200 |    2.004818ms |  192.168.66.115 | POST     /getResult
[2020-01-02 13:16:54] 自開彩開獎  {202001020797 1 34 true} 
ConfigData  map[redisPort:6379 redisPassword:"" poolname:FA_MEM user:fa_db database:FA_MEM charset:utf8 redisIp:192.168.88.119 redisDB:3 ip:192.168.88.181 port:3306 password:1qaz!QAZ]
SqlString  SELECT RTP,Amount,Bonus  FROM M_RtpSetting  WHERE Sid = 1   AND State = 1   AND LTG_Code = 1 AND Gid = 34
sqlResult   map[result: count:0 state:0]
[2020-01-02 13:16:54] rtpData ------->   map[result: count:0 state:0] 
[GIN] 2020/01/02 - 13:16:54 | 200 |    2.705984ms |  192.168.66.115 | POST     /getResult
[2020-01-02 13:16:55] 自開彩開獎  {202001020797 4 40 true} 
ConfigData  map[ip:192.168.88.181 poolname:FA_MEM password:1qaz!QAZ database:FA_MEM redisPort:6379 port:3306 user:fa_db charset:utf8 redisIp:192.168.88.119 redisPassword:"" redisDB:3]
SqlString  SELECT RTP,Amount,Bonus  FROM M_RtpSetting  WHERE Sid = 1   AND State = 1   AND LTG_Code = 4 AND Gid = 40
sqlResult   map[result: count:0 state:0]
[2020-01-02 13:16:55] rtpData ------->   map[result: count:0 state:0] 
[GIN] 2020/01/02 - 13:16:55 | 200 |    2.555376ms |  192.168.66.115 | POST     /getResult
[2020-01-02 13:16:55] 自開彩開獎  {202001020797 5 38 true} 
ConfigData  map[poolname:FA_MEM user:fa_db password:1qaz!QAZ database:FA_MEM charset:utf8 redisDB:3 ip:192.168.88.181 redisIp:192.168.88.119 redisPort:6379 redisPassword:"" port:3306]
SqlString  SELECT RTP,Amount,Bonus  FROM M_RtpSetting  WHERE Sid = 1   AND State = 1   AND LTG_Code = 5 AND Gid = 38
sqlResult   map[result: count:0 state:0]
[2020-01-02 13:16:55] rtpData ------->   map[result: count:0 state:0] 
[GIN] 2020/01/02 - 13:16:55 | 200 |    2.407139ms |  192.168.66.115 | POST     /getResult
[2020-01-02 13:16:56] 自開彩開獎  {202001020266 4 41 true} 
ConfigData  map[port:3306 database:FA_MEM charset:utf8 redisDB:3 redisPort:6379 redisPassword:"" ip:192.168.88.181 poolname:FA_MEM user:fa_db password:1qaz!QAZ redisIp:192.168.88.119]
SqlString  SELECT RTP,Amount,Bonus  FROM M_RtpSetting  WHERE Sid = 1   AND State = 1   AND LTG_Code = 4 AND Gid = 41
sqlResult   map[result: count:0 state:0]
[2020-01-02 13:16:56] rtpData ------->   map[result: count:0 state:0] 
[GIN] 2020/01/02 - 13:16:56 | 200 |    7.699988ms |  192.168.66.115 | POST     /getResult
[2020-01-02 13:16:57] 自開彩開獎  {202001020266 1 35 true} 
ConfigData  map[poolname:FA_MEM port:3306 password:1qaz!QAZ redisIp:192.168.88.119 redisPort:6379 ip:192.168.88.181 database:FA_MEM charset:utf8 redisPassword:"" redisDB:3 user:fa_db]
SqlString  SELECT RTP,Amount,Bonus  FROM M_RtpSetting  WHERE Sid = 1   AND State = 1   AND LTG_Code = 1 AND Gid = 35
sqlResult   map[result: count:0 state:0]
[2020-01-02 13:16:57] rtpData ------->   map[result: count:0 state:0] 
[GIN] 2020/01/02 - 13:16:57 | 200 |    2.611906ms |  192.168.66.115 | POST     /getResult
[2020-01-02 13:16:58] 自開彩開獎  {202001020797 6 36 true} 
ConfigData  map[redisPassword:"" redisDB:3 port:3306 database:FA_MEM charset:utf8 redisPort:6379 redisIp:192.168.88.119 ip:192.168.88.181 poolname:FA_MEM user:fa_db password:1qaz!QAZ]
SqlString  SELECT RTP,Amount,Bonus  FROM M_RtpSetting  WHERE Sid = 1   AND State = 1   AND LTG_Code = 6 AND Gid = 36
sqlResult   map[result: count:0 state:0]
[2020-01-02 13:16:58] rtpData ------->   map[state:0 result: count:0] 
[GIN] 2020/01/02 - 13:16:58 | 200 |    2.404315ms |  192.168.66.115 | POST     /getResult
[2020-01-02 13:17:00] 自開彩開獎  {202001020797 1 34 true} 
ConfigData  map[port:3306 user:fa_db password:1qaz!QAZ database:FA_MEM redisIp:192.168.88.119 redisPassword:"" redisDB:3 ip:192.168.88.181 charset:utf8 redisPort:6379 poolname:FA_MEM]
SqlString  SELECT RTP,Amount,Bonus  FROM M_RtpSetting  WHERE Sid = 1   AND State = 1   AND LTG_Code = 1 AND Gid = 34
sqlResult   map[count:0 state:0 result:]
[2020-01-02 13:17:00] rtpData ------->   map[state:0 result: count:0] 
[GIN] 2020/01/02 - 13:17:00 | 200 |    1.933205ms |  192.168.66.115 | POST     /getResult
[2020-01-02 13:17:01] 自開彩開獎  {202001020797 4 40 true} 
ConfigData  map[redisIp:192.168.88.119 redisPort:6379 redisPassword:"" ip:192.168.88.181 poolname:FA_MEM port:3306 user:fa_db charset:utf8 password:1qaz!QAZ database:FA_MEM redisDB:3]
SqlString  SELECT RTP,Amount,Bonus  FROM M_RtpSetting  WHERE Sid = 1   AND State = 1   AND LTG_Code = 4 AND Gid = 40
sqlResult   map[result: count:0 state:0]
[2020-01-02 13:17:01] rtpData ------->   map[result: count:0 state:0] 
[GIN] 2020/01/02 - 13:17:01 | 200 |    1.893179ms |  192.168.66.115 | POST     /getResult
[2020-01-02 13:17:01] 自開彩開獎  {202001020798 2 26 true} 
ConfigData  map[database:FA_MEM redisPort:6379 redisPassword:"" redisDB:3 ip:192.168.88.181 user:fa_db password:1qaz!QAZ charset:utf8 redisIp:192.168.88.119 poolname:FA_MEM port:3306]
SqlString  SELECT RTP,Amount,Bonus  FROM M_RtpSetting  WHERE Sid = 1   AND State = 1   AND LTG_Code = 2 AND Gid = 26
sqlResult   map[result:0.9600 count:1 state:1 amount:1.0069588e+06 bonus:908100.71]
[2020-01-02 13:17:01] rtpData ------->   map[amount:1.0069588e+06 bonus:908100.71 result:0.9600 count:1 state:1] 
ConfigData  map[redisDB:3 ip:192.168.88.181 poolname:FA_MEM database:FA_MEM charset:utf8 redisPort:6379 port:3306 user:fa_db password:1qaz!QAZ redisIp:192.168.88.119 redisPassword:""]
SELECT BO_No, BO_OrderNo , BO_User , BO_Issue  , BO_LotteryTypeGroup, BO_LotteryType, BO_Mode, BO_LotteryPlayGroup, BO_LotteryPlay , BO_LotteryContent, BO_Price, BO_RealPrice, BO_Unit, BO_Multiple , BO_BetCount  , BO_Winnings, BO_Winnings2, BO_Winnings3, BO_WinningLimit  , BO_Water , BO_BW_SourceUserId, BO_BW_BackWater, BO_BW_LimitBetCount, BO_BW_MaxAmount, BO_BW_AuditMultiple  , BO_Odds, BO_Odds2, BO_Odds3 , BO_Type, BO_Chase , BO_OpenResult, BO_OpenResult2, BO_DateDraw, BO_DateDraw2, BO_DateUpdate  FROM TS_BetOrder  WHERE BO_Cancel = 0   AND BO_CancelBackend = 0   AND BO_LotteryTypeGroup = 2 AND BO_LotteryType = 26 AND BO_Issue = 202001020798 AND BO_Collect = 0 ORDER BY BO_DateDraw ASC, BO_DateCreate ASC, BO_DateUpdate ASC, BO_No ASC ;
[2020-01-02 13:17:01] LottteryTypeGroup 2 
[2020-01-02 13:17:01] 有期號 但無注單 -------> map[amount:0 bonus:0 thisOpenResult:[2 9 7 9 0]] 
[GIN] 2020/01/02 - 13:17:01 | 200 |    3.960547ms |  192.168.66.115 | POST     /getResult
[2020-01-02 13:17:01] 自開彩開獎  {202001020797 5 38 true} 
ConfigData  map[ip:192.168.88.181 user:fa_db password:1qaz!QAZ database:FA_MEM charset:utf8 redisIp:192.168.88.119 redisPort:6379 poolname:FA_MEM port:3306 redisPassword:"" redisDB:3]
SqlString  SELECT RTP,Amount,Bonus  FROM M_RtpSetting  WHERE Sid = 1   AND State = 1   AND LTG_Code = 5 AND Gid = 38
sqlResult   map[result: count:0 state:0]
[2020-01-02 13:17:01] rtpData ------->   map[result: count:0 state:0] 
[GIN] 2020/01/02 - 13:17:01 | 200 |    1.972626ms |  192.168.66.115 | POST     /getResult
[2020-01-02 13:17:02] 自開彩開獎  {202001020266 4 41 true} 
ConfigData  map[charset:utf8 redisIp:192.168.88.119 redisPort:6379 ip:192.168.88.181 user:fa_db password:1qaz!QAZ redisPassword:"" redisDB:3 poolname:FA_MEM port:3306 database:FA_MEM]
SqlString  SELECT RTP,Amount,Bonus  FROM M_RtpSetting  WHERE Sid = 1   AND State = 1   AND LTG_Code = 4 AND Gid = 41
sqlResult   map[result: count:0 state:0]
[2020-01-02 13:17:02] rtpData ------->   map[result: count:0 state:0] 
[GIN] 2020/01/02 - 13:17:02 | 200 |    2.537228ms |  192.168.66.115 | POST     /getResult
[2020-01-02 13:17:03] 自開彩開獎  {202001020266 1 35 true} 
ConfigData  map[port:3306 password:1qaz!QAZ database:FA_MEM redisPort:6379 ip:192.168.88.181 user:fa_db charset:utf8 redisIp:192.168.88.119 redisPassword:"" redisDB:3 poolname:FA_MEM]
SqlString  SELECT RTP,Amount,Bonus  FROM M_RtpSetting  WHERE Sid = 1   AND State = 1   AND LTG_Code = 1 AND Gid = 35
sqlResult   map[state:0 result: count:0]
[2020-01-02 13:17:03] rtpData ------->   map[result: count:0 state:0] 
[GIN] 2020/01/02 - 13:17:03 | 200 |    1.951442ms |  192.168.66.115 | POST     /getResult
[2020-01-02 13:17:04] 自開彩開獎  {202001020797 6 36 true} 
ConfigData  map[user:fa_db password:1qaz!QAZ charset:utf8 redisIp:192.168.88.119 redisPassword:"" ip:192.168.88.181 poolname:FA_MEM port:3306 database:FA_MEM redisPort:6379 redisDB:3]
SqlString  SELECT RTP,Amount,Bonus  FROM M_RtpSetting  WHERE Sid = 1   AND State = 1   AND LTG_Code = 6 AND Gid = 36
sqlResult   map[result: count:0 state:0]
[2020-01-02 13:17:04] rtpData ------->   map[result: count:0 state:0] 
[GIN] 2020/01/02 - 13:17:04 | 200 |    2.524921ms |  192.168.66.115 | POST     /getResult
[2020-01-02 13:17:06] 自開彩開獎  {202001020798 1 34 true} 
ConfigData  map[poolname:FA_MEM port:3306 redisIp:192.168.88.119 redisDB:3 ip:192.168.88.181 password:1qaz!QAZ database:FA_MEM charset:utf8 redisPort:6379 redisPassword:"" user:fa_db]
SqlString  SELECT RTP,Amount,Bonus  FROM M_RtpSetting  WHERE Sid = 1   AND State = 1   AND LTG_Code = 1 AND Gid = 34
sqlResult   map[result: count:0 state:0]
[2020-01-02 13:17:06] rtpData ------->   map[result: count:0 state:0] 
[GIN] 2020/01/02 - 13:17:06 | 200 |     2.84651ms |  192.168.66.115 | POST     /getResult
[2020-01-02 13:17:07] 自開彩開獎  {202001020798 4 40 true} 
ConfigData  map[password:1qaz!QAZ charset:utf8 redisIp:192.168.88.119 redisPort:6379 redisPassword:"" redisDB:3 ip:192.168.88.181 poolname:FA_MEM port:3306 user:fa_db database:FA_MEM]
SqlString  SELECT RTP,Amount,Bonus  FROM M_RtpSetting  WHERE Sid = 1   AND State = 1   AND LTG_Code = 4 AND Gid = 40
sqlResult   map[state:0 result: count:0]
[2020-01-02 13:17:07] rtpData ------->   map[result: count:0 state:0] 
[GIN] 2020/01/02 - 13:17:07 | 200 |    2.032944ms |  192.168.66.115 | POST     /getResult
[2020-01-02 13:17:07] 自開彩開獎  {202001020798 5 38 true} 
ConfigData  map[database:FA_MEM redisPort:6379 redisPassword:"" redisDB:3 port:3306 password:1qaz!QAZ user:fa_db charset:utf8 redisIp:192.168.88.119 ip:192.168.88.181 poolname:FA_MEM]
SqlString  SELECT RTP,Amount,Bonus  FROM M_RtpSetting  WHERE Sid = 1   AND State = 1   AND LTG_Code = 5 AND Gid = 38
sqlResult   map[count:0 state:0 result:]
[2020-01-02 13:17:07] rtpData ------->   map[result: count:0 state:0] 
[GIN] 2020/01/02 - 13:17:07 | 200 |    2.434528ms |  192.168.66.115 | POST     /getResult
[2020-01-02 13:17:08] 自開彩開獎  {202001020266 4 41 true} 
ConfigData  map[port:3306 password:1qaz!QAZ redisIp:192.168.88.119 redisPort:6379 redisPassword:"" ip:192.168.88.181 poolname:FA_MEM user:fa_db database:FA_MEM charset:utf8 redisDB:3]
SqlString  SELECT RTP,Amount,Bonus  FROM M_RtpSetting  WHERE Sid = 1   AND State = 1   AND LTG_Code = 4 AND Gid = 41
sqlResult   map[result: count:0 state:0]
[2020-01-02 13:17:08] rtpData ------->   map[result: count:0 state:0] 
[GIN] 2020/01/02 - 13:17:08 | 200 |    2.761379ms |  192.168.66.115 | POST     /getResult
[2020-01-02 13:17:09] 自開彩開獎  {202001020266 1 35 true} 
ConfigData  map[poolname:FA_MEM port:3306 charset:utf8 redisIp:192.168.88.119 redisDB:3 redisPassword:"" ip:192.168.88.181 user:fa_db password:1qaz!QAZ database:FA_MEM redisPort:6379]
SqlString  SELECT RTP,Amount,Bonus  FROM M_RtpSetting  WHERE Sid = 1   AND State = 1   AND LTG_Code = 1 AND Gid = 35
sqlResult   map[count:0 state:0 result:]
[2020-01-02 13:17:09] rtpData ------->   map[result: count:0 state:0] 
[GIN] 2020/01/02 - 13:17:09 | 200 |    2.732941ms |  192.168.66.115 | POST     /getResult
[2020-01-02 13:17:10] 自開彩開獎  {202001020798 6 36 true} 
ConfigData  map[poolname:FA_MEM user:fa_db charset:utf8 redisIp:192.168.88.119 redisPort:6379 ip:192.168.88.181 port:3306 password:1qaz!QAZ database:FA_MEM redisPassword:"" redisDB:3]
SqlString  SELECT RTP,Amount,Bonus  FROM M_RtpSetting  WHERE Sid = 1   AND State = 1   AND LTG_Code = 6 AND Gid = 36
sqlResult   map[result: count:0 state:0]
[2020-01-02 13:17:10] rtpData ------->   map[result: count:0 state:0] 
[GIN] 2020/01/02 - 13:17:10 | 200 |    2.201065ms |  192.168.66.115 | POST     /getResult
[2020-01-02 13:17:12] 自開彩開獎  {202001020798 1 34 true} 
ConfigData  map[user:fa_db password:1qaz!QAZ charset:utf8 redisIp:192.168.88.119 redisPassword:"" redisDB:3 ip:192.168.88.181 poolname:FA_MEM redisPort:6379 port:3306 database:FA_MEM]
SqlString  SELECT RTP,Amount,Bonus  FROM M_RtpSetting  WHERE Sid = 1   AND State = 1   AND LTG_Code = 1 AND Gid = 34
sqlResult   map[result: count:0 state:0]
[2020-01-02 13:17:12] rtpData ------->   map[result: count:0 state:0] 
[GIN] 2020/01/02 - 13:17:12 | 200 |    2.707958ms |  192.168.66.115 | POST     /getResult
[2020-01-02 13:17:13] 自開彩開獎  {202001020798 4 40 true} 
ConfigData  map[redisDB:3 user:fa_db database:FA_MEM charset:utf8 redisPort:6379 redisIp:192.168.88.119 redisPassword:"" ip:192.168.88.181 poolname:FA_MEM port:3306 password:1qaz!QAZ]
SqlString  SELECT RTP,Amount,Bonus  FROM M_RtpSetting  WHERE Sid = 1   AND State = 1   AND LTG_Code = 4 AND Gid = 40
sqlResult   map[result: count:0 state:0]
[2020-01-02 13:17:13] rtpData ------->   map[result: count:0 state:0] 
[GIN] 2020/01/02 - 13:17:13 | 200 |    2.076423ms |  192.168.66.115 | POST     /getResult
[2020-01-02 13:17:13] 自開彩開獎  {202001020798 5 38 true} 
ConfigData  map[redisPassword:"" database:FA_MEM redisPort:6379 port:3306 user:fa_db password:1qaz!QAZ charset:utf8 redisIp:192.168.88.119 redisDB:3 ip:192.168.88.181 poolname:FA_MEM]
SqlString  SELECT RTP,Amount,Bonus  FROM M_RtpSetting  WHERE Sid = 1   AND State = 1   AND LTG_Code = 5 AND Gid = 38
sqlResult   map[result: count:0 state:0]
[2020-01-02 13:17:13] rtpData ------->   map[result: count:0 state:0] 
[GIN] 2020/01/02 - 13:17:13 | 200 |    2.811626ms |  192.168.66.115 | POST     /getResult
[2020-01-02 13:17:14] 自開彩開獎  {202001020266 4 41 true} 
ConfigData  map[redisIp:192.168.88.119 redisPort:6379 redisPassword:"" ip:192.168.88.181 poolname:FA_MEM port:3306 database:FA_MEM charset:utf8 redisDB:3 user:fa_db password:1qaz!QAZ]
SqlString  SELECT RTP,Amount,Bonus  FROM M_RtpSetting  WHERE Sid = 1   AND State = 1   AND LTG_Code = 4 AND Gid = 41
sqlResult   map[result: count:0 state:0]
[2020-01-02 13:17:14] rtpData ------->   map[result: count:0 state:0] 
[GIN] 2020/01/02 - 13:17:14 | 200 |    2.544258ms |  192.168.66.115 | POST     /getResult
[2020-01-02 13:17:15] 自開彩開獎  {202001020266 1 35 true} 
ConfigData  map[ip:192.168.88.181 poolname:FA_MEM password:1qaz!QAZ database:FA_MEM charset:utf8 redisPort:6379 redisDB:3 port:3306 user:fa_db redisIp:192.168.88.119 redisPassword:""]
SqlString  SELECT RTP,Amount,Bonus  FROM M_RtpSetting  WHERE Sid = 1   AND State = 1   AND LTG_Code = 1 AND Gid = 35
sqlResult   map[state:0 result: count:0]
[2020-01-02 13:17:15] rtpData ------->   map[result: count:0 state:0] 
[GIN] 2020/01/02 - 13:17:15 | 200 |    3.312678ms |  192.168.66.115 | POST     /getResult
[2020-01-02 13:17:16] 自開彩開獎  {202001020798 6 36 true} 
ConfigData  map[database:FA_MEM charset:utf8 ip:192.168.88.181 port:3306 user:fa_db password:1qaz!QAZ redisIp:192.168.88.119 redisPort:6379 redisPassword:"" redisDB:3 poolname:FA_MEM]
SqlString  SELECT RTP,Amount,Bonus  FROM M_RtpSetting  WHERE Sid = 1   AND State = 1   AND LTG_Code = 6 AND Gid = 36
sqlResult   map[result: count:0 state:0]
[2020-01-02 13:17:16] rtpData ------->   map[result: count:0 state:0] 
[GIN] 2020/01/02 - 13:17:16 | 200 |    2.196511ms |  192.168.66.115 | POST     /getResult
[2020-01-02 13:17:18] 自開彩開獎  {202001020798 1 34 true} 
ConfigData  map[user:fa_db password:1qaz!QAZ redisPort:6379 redisDB:3 poolname:FA_MEM port:3306 database:FA_MEM charset:utf8 redisIp:192.168.88.119 redisPassword:"" ip:192.168.88.181]
SqlString  SELECT RTP,Amount,Bonus  FROM M_RtpSetting  WHERE Sid = 1   AND State = 1   AND LTG_Code = 1 AND Gid = 34
sqlResult   map[count:0 state:0 result:]
[2020-01-02 13:17:18] rtpData ------->   map[result: count:0 state:0] 
[GIN] 2020/01/02 - 13:17:18 | 200 |    2.076965ms |  192.168.66.115 | POST     /getResult
[2020-01-02 13:17:19] 自開彩開獎  {202001020798 4 40 true} 
ConfigData  map[port:3306 password:1qaz!QAZ database:FA_MEM redisPort:6379 redisDB:3 ip:192.168.88.181 poolname:FA_MEM user:fa_db charset:utf8 redisIp:192.168.88.119 redisPassword:""]
SqlString  SELECT RTP,Amount,Bonus  FROM M_RtpSetting  WHERE Sid = 1   AND State = 1   AND LTG_Code = 4 AND Gid = 40
sqlResult   map[count:0 state:0 result:]
[2020-01-02 13:17:19] rtpData ------->   map[state:0 result: count:0] 
[GIN] 2020/01/02 - 13:17:19 | 200 |    2.645567ms |  192.168.66.115 | POST     /getResult
[2020-01-02 13:17:19] 自開彩開獎  {202001020798 5 38 true} 
ConfigData  map[user:fa_db charset:utf8 redisIp:192.168.88.119 redisPort:6379 ip:192.168.88.181 poolname:FA_MEM port:3306 password:1qaz!QAZ database:FA_MEM redisPassword:"" redisDB:3]
SqlString  SELECT RTP,Amount,Bonus  FROM M_RtpSetting  WHERE Sid = 1   AND State = 1   AND LTG_Code = 5 AND Gid = 38
sqlResult   map[count:0 state:0 result:]
[2020-01-02 13:17:19] rtpData ------->   map[count:0 state:0 result:] 
[GIN] 2020/01/02 - 13:17:19 | 200 |    2.925311ms |  192.168.66.115 | POST     /getResult
[2020-01-02 13:17:20] 自開彩開獎  {202001020266 4 41 true} 
ConfigData  map[charset:utf8 redisIp:192.168.88.119 poolname:FA_MEM user:fa_db database:FA_MEM redisPort:6379 redisPassword:"" redisDB:3 ip:192.168.88.181 port:3306 password:1qaz!QAZ]
SqlString  SELECT RTP,Amount,Bonus  FROM M_RtpSetting  WHERE Sid = 1   AND State = 1   AND LTG_Code = 4 AND Gid = 41
sqlResult   map[count:0 state:0 result:]
[2020-01-02 13:17:20] rtpData ------->   map[result: count:0 state:0] 
[GIN] 2020/01/02 - 13:17:20 | 200 |    2.120229ms |  192.168.66.115 | POST     /getResult
[2020-01-02 13:17:21] 自開彩開獎  {202001020266 1 35 true} 
ConfigData  map[charset:utf8 redisPort:6379 redisPassword:"" port:3306 user:fa_db password:1qaz!QAZ redisIp:192.168.88.119 redisDB:3 ip:192.168.88.181 poolname:FA_MEM database:FA_MEM]
SqlString  SELECT RTP,Amount,Bonus  FROM M_RtpSetting  WHERE Sid = 1   AND State = 1   AND LTG_Code = 1 AND Gid = 35
sqlResult   map[result: count:0 state:0]
[2020-01-02 13:17:21] rtpData ------->   map[result: count:0 state:0] 
[GIN] 2020/01/02 - 13:17:21 | 200 |    2.814182ms |  192.168.66.115 | POST     /getResult
[2020-01-02 13:17:22] 自開彩開獎  {202001020798 6 36 true} 
ConfigData  map[redisIp:192.168.88.119 ip:192.168.88.181 poolname:FA_MEM port:3306 user:fa_db password:1qaz!QAZ database:FA_MEM charset:utf8 redisPort:6379 redisPassword:"" redisDB:3]
SqlString  SELECT RTP,Amount,Bonus  FROM M_RtpSetting  WHERE Sid = 1   AND State = 1   AND LTG_Code = 6 AND Gid = 36
sqlResult   map[state:0 result: count:0]
[2020-01-02 13:17:22] rtpData ------->   map[state:0 result: count:0] 
[GIN] 2020/01/02 - 13:17:22 | 200 |    1.980642ms |  192.168.66.115 | POST     /getResult
[2020-01-02 13:17:24] 自開彩開獎  {202001020798 1 34 true} 
ConfigData  map[poolname:FA_MEM port:3306 redisPort:6379 redisPassword:"" redisDB:3 ip:192.168.88.181 user:fa_db password:1qaz!QAZ database:FA_MEM charset:utf8 redisIp:192.168.88.119]
SqlString  SELECT RTP,Amount,Bonus  FROM M_RtpSetting  WHERE Sid = 1   AND State = 1   AND LTG_Code = 1 AND Gid = 34
sqlResult   map[result: count:0 state:0]
[2020-01-02 13:17:24] rtpData ------->   map[state:0 result: count:0] 
[GIN] 2020/01/02 - 13:17:24 | 200 |    2.066896ms |  192.168.66.115 | POST     /getResult
[2020-01-02 13:17:25] 自開彩開獎  {202001020798 4 40 true} 
ConfigData  map[redisPort:6379 redisPassword:"" redisDB:3 ip:192.168.88.181 poolname:FA_MEM user:fa_db charset:utf8 redisIp:192.168.88.119 port:3306 password:1qaz!QAZ database:FA_MEM]
SqlString  SELECT RTP,Amount,Bonus  FROM M_RtpSetting  WHERE Sid = 1   AND State = 1   AND LTG_Code = 4 AND Gid = 40
sqlResult   map[result: count:0 state:0]
[2020-01-02 13:17:25] rtpData ------->   map[result: count:0 state:0] 
[GIN] 2020/01/02 - 13:17:25 | 200 |    2.334956ms |  192.168.66.115 | POST     /getResult
[2020-01-02 13:17:25] 自開彩開獎  {202001020798 5 38 true} 
ConfigData  map[redisDB:3 poolname:FA_MEM port:3306 redisPassword:"" database:FA_MEM charset:utf8 redisIp:192.168.88.119 redisPort:6379 ip:192.168.88.181 user:fa_db password:1qaz!QAZ]
SqlString  SELECT RTP,Amount,Bonus  FROM M_RtpSetting  WHERE Sid = 1   AND State = 1   AND LTG_Code = 5 AND Gid = 38
sqlResult   map[count:0 state:0 result:]
[2020-01-02 13:17:25] rtpData ------->   map[count:0 state:0 result:] 
[GIN] 2020/01/02 - 13:17:25 | 200 |    2.990831ms |  192.168.66.115 | POST     /getResult
[2020-01-02 13:17:26] 自開彩開獎  {202001020266 4 41 true} 
ConfigData  map[charset:utf8 redisIp:192.168.88.119 redisDB:3 ip:192.168.88.181 poolname:FA_MEM password:1qaz!QAZ database:FA_MEM port:3306 user:fa_db redisPort:6379 redisPassword:""]
SqlString  SELECT RTP,Amount,Bonus  FROM M_RtpSetting  WHERE Sid = 1   AND State = 1   AND LTG_Code = 4 AND Gid = 41
sqlResult   map[result: count:0 state:0]
[2020-01-02 13:17:26] rtpData ------->   map[result: count:0 state:0] 
[GIN] 2020/01/02 - 13:17:26 | 200 |    2.246486ms |  192.168.66.115 | POST     /getResult
[2020-01-02 13:17:27] 自開彩開獎  {202001020266 1 35 true} 
ConfigData  map[ip:192.168.88.181 poolname:FA_MEM redisIp:192.168.88.119 redisDB:3 port:3306 user:fa_db password:1qaz!QAZ database:FA_MEM charset:utf8 redisPort:6379 redisPassword:""]
SqlString  SELECT RTP,Amount,Bonus  FROM M_RtpSetting  WHERE Sid = 1   AND State = 1   AND LTG_Code = 1 AND Gid = 35
sqlResult   map[result: count:0 state:0]
[2020-01-02 13:17:27] rtpData ------->   map[count:0 state:0 result:] 
[GIN] 2020/01/02 - 13:17:27 | 200 |    2.838192ms |  192.168.66.115 | POST     /getResult
[2020-01-02 13:17:28] 自開彩開獎  {202001020798 6 36 true} 
ConfigData  map[redisDB:3 database:FA_MEM charset:utf8 redisPassword:"" user:fa_db password:1qaz!QAZ redisIp:192.168.88.119 redisPort:6379 ip:192.168.88.181 poolname:FA_MEM port:3306]
SqlString  SELECT RTP,Amount,Bonus  FROM M_RtpSetting  WHERE Sid = 1   AND State = 1   AND LTG_Code = 6 AND Gid = 36
sqlResult   map[result: count:0 state:0]
[2020-01-02 13:17:28] rtpData ------->   map[count:0 state:0 result:] 
[GIN] 2020/01/02 - 13:17:28 | 200 |    2.348509ms |  192.168.66.115 | POST     /getResult
[2020-01-02 13:17:30] 自開彩開獎  {202001020798 1 34 true} 
ConfigData  map[poolname:FA_MEM password:1qaz!QAZ database:FA_MEM charset:utf8 redisIp:192.168.88.119 redisPort:6379 ip:192.168.88.181 port:3306 user:fa_db redisPassword:"" redisDB:3]
SqlString  SELECT RTP,Amount,Bonus  FROM M_RtpSetting  WHERE Sid = 1   AND State = 1   AND LTG_Code = 1 AND Gid = 34
sqlResult   map[result: count:0 state:0]
[2020-01-02 13:17:30] rtpData ------->   map[state:0 result: count:0] 
[GIN] 2020/01/02 - 13:17:30 | 200 |    2.554495ms |  192.168.66.115 | POST     /getResult
[2020-01-02 13:17:31] 自開彩開獎  {202001020798 4 40 true} 
ConfigData  map[password:1qaz!QAZ database:FA_MEM charset:utf8 redisPort:6379 redisPassword:"" redisDB:3 ip:192.168.88.181 poolname:FA_MEM redisIp:192.168.88.119 port:3306 user:fa_db]
SqlString  SELECT RTP,Amount,Bonus  FROM M_RtpSetting  WHERE Sid = 1   AND State = 1   AND LTG_Code = 4 AND Gid = 40
sqlResult   map[state:0 result: count:0]
[2020-01-02 13:17:31] rtpData ------->   map[result: count:0 state:0] 
[GIN] 2020/01/02 - 13:17:31 | 200 |    2.286824ms |  192.168.66.115 | POST     /getResult
[2020-01-02 13:17:32] 自開彩開獎  {202001020798 5 38 true} 
ConfigData  map[poolname:FA_MEM charset:utf8 redisPort:6379 redisDB:3 database:FA_MEM redisIp:192.168.88.119 redisPassword:"" ip:192.168.88.181 port:3306 user:fa_db password:1qaz!QAZ]
SqlString  SELECT RTP,Amount,Bonus  FROM M_RtpSetting  WHERE Sid = 1   AND State = 1   AND LTG_Code = 5 AND Gid = 38
sqlResult   map[result: count:0 state:0]
[2020-01-02 13:17:32] rtpData ------->   map[result: count:0 state:0] 
[GIN] 2020/01/02 - 13:17:32 | 200 |    2.410677ms |  192.168.66.115 | POST     /getResult
[2020-01-02 13:17:32] 自開彩開獎  {202001020266 4 41 true} 
ConfigData  map[ip:192.168.88.181 poolname:FA_MEM redisIp:192.168.88.119 redisPort:6379 redisPassword:"" redisDB:3 port:3306 user:fa_db password:1qaz!QAZ database:FA_MEM charset:utf8]
SqlString  SELECT RTP,Amount,Bonus  FROM M_RtpSetting  WHERE Sid = 1   AND State = 1   AND LTG_Code = 4 AND Gid = 41
sqlResult   map[result: count:0 state:0]
[2020-01-02 13:17:32] rtpData ------->   map[result: count:0 state:0] 
[GIN] 2020/01/02 - 13:17:32 | 200 |    2.786171ms |  192.168.66.115 | POST     /getResult
[2020-01-02 13:17:33] 自開彩開獎  {202001020266 1 35 true} 
ConfigData  map[poolname:FA_MEM password:1qaz!QAZ database:FA_MEM charset:utf8 redisDB:3 ip:192.168.88.181 user:fa_db redisIp:192.168.88.119 redisPort:6379 redisPassword:"" port:3306]
SqlString  SELECT RTP,Amount,Bonus  FROM M_RtpSetting  WHERE Sid = 1   AND State = 1   AND LTG_Code = 1 AND Gid = 35
sqlResult   map[result: count:0 state:0]
[2020-01-02 13:17:33] rtpData ------->   map[state:0 result: count:0] 
[GIN] 2020/01/02 - 13:17:33 | 200 |    8.469574ms |  192.168.66.115 | POST     /getResult
[2020-01-02 13:17:34] 自開彩開獎  {202001020798 6 36 true} 
ConfigData  map[ip:192.168.88.181 database:FA_MEM charset:utf8 redisIp:192.168.88.119 redisPort:6379 redisDB:3 poolname:FA_MEM port:3306 user:fa_db password:1qaz!QAZ redisPassword:""]
SqlString  SELECT RTP,Amount,Bonus  FROM M_RtpSetting  WHERE Sid = 1   AND State = 1   AND LTG_Code = 6 AND Gid = 36
sqlResult   map[state:0 result: count:0]
[2020-01-02 13:17:34] rtpData ------->   map[count:0 state:0 result:] 
[GIN] 2020/01/02 - 13:17:34 | 200 |    2.645553ms |  192.168.66.115 | POST     /getResult
[2020-01-02 13:17:36] 自開彩開獎  {202001020798 1 34 true} 
ConfigData  map[ip:192.168.88.181 port:3306 user:fa_db password:1qaz!QAZ redisIp:192.168.88.119 redisPort:6379 poolname:FA_MEM database:FA_MEM charset:utf8 redisPassword:"" redisDB:3]
SqlString  SELECT RTP,Amount,Bonus  FROM M_RtpSetting  WHERE Sid = 1   AND State = 1   AND LTG_Code = 1 AND Gid = 34
sqlResult   map[result: count:0 state:0]
[2020-01-02 13:17:36] rtpData ------->   map[result: count:0 state:0] 
[GIN] 2020/01/02 - 13:17:36 | 200 |    2.600665ms |  192.168.66.115 | POST     /getResult
[2020-01-02 13:17:37] 自開彩開獎  {202001020798 4 40 true} 
ConfigData  map[poolname:FA_MEM port:3306 database:FA_MEM charset:utf8 redisIp:192.168.88.119 redisPassword:"" ip:192.168.88.181 password:1qaz!QAZ redisPort:6379 redisDB:3 user:fa_db]
SqlString  SELECT RTP,Amount,Bonus  FROM M_RtpSetting  WHERE Sid = 1   AND State = 1   AND LTG_Code = 4 AND Gid = 40
sqlResult   map[result: count:0 state:0]
[2020-01-02 13:17:37] rtpData ------->   map[result: count:0 state:0] 
[GIN] 2020/01/02 - 13:17:37 | 200 |    2.666169ms |  192.168.66.115 | POST     /getResult
[2020-01-02 13:17:38] 自開彩開獎  {202001020798 5 38 true} 
ConfigData  map[user:fa_db password:1qaz!QAZ redisPort:6379 redisPassword:"" redisDB:3 ip:192.168.88.181 port:3306 database:FA_MEM charset:utf8 redisIp:192.168.88.119 poolname:FA_MEM]
SqlString  SELECT RTP,Amount,Bonus  FROM M_RtpSetting  WHERE Sid = 1   AND State = 1   AND LTG_Code = 5 AND Gid = 38
sqlResult   map[result: count:0 state:0]
[2020-01-02 13:17:38] rtpData ------->   map[result: count:0 state:0] 
[GIN] 2020/01/02 - 13:17:38 | 200 |    2.467926ms |  192.168.66.115 | POST     /getResult
[2020-01-02 13:17:38] 自開彩開獎  {202001020266 4 41 true} 
ConfigData  map[password:1qaz!QAZ charset:utf8 redisPort:6379 redisPassword:"" ip:192.168.88.181 poolname:FA_MEM port:3306 user:fa_db database:FA_MEM redisIp:192.168.88.119 redisDB:3]
SqlString  SELECT RTP,Amount,Bonus  FROM M_RtpSetting  WHERE Sid = 1   AND State = 1   AND LTG_Code = 4 AND Gid = 41
sqlResult   map[state:0 result: count:0]
[2020-01-02 13:17:38] rtpData ------->   map[result: count:0 state:0] 
[GIN] 2020/01/02 - 13:17:38 | 200 |    2.737331ms |  192.168.66.115 | POST     /getResult
[2020-01-02 13:17:39] 自開彩開獎  {202001020266 1 35 true} 
ConfigData  map[user:fa_db redisPort:6379 redisDB:3 redisIp:192.168.88.119 redisPassword:"" ip:192.168.88.181 poolname:FA_MEM port:3306 password:1qaz!QAZ database:FA_MEM charset:utf8]
SqlString  SELECT RTP,Amount,Bonus  FROM M_RtpSetting  WHERE Sid = 1   AND State = 1   AND LTG_Code = 1 AND Gid = 35
sqlResult   map[state:0 result: count:0]
[2020-01-02 13:17:39] rtpData ------->   map[result: count:0 state:0] 
[GIN] 2020/01/02 - 13:17:39 | 200 |    2.473066ms |  192.168.66.115 | POST     /getResult
[2020-01-02 13:17:40] 自開彩開獎  {202001020798 6 36 true} 
ConfigData  map[port:3306 user:fa_db redisPort:6379 redisPassword:"" ip:192.168.88.181 poolname:FA_MEM charset:utf8 redisIp:192.168.88.119 redisDB:3 password:1qaz!QAZ database:FA_MEM]
SqlString  SELECT RTP,Amount,Bonus  FROM M_RtpSetting  WHERE Sid = 1   AND State = 1   AND LTG_Code = 6 AND Gid = 36
sqlResult   map[result: count:0 state:0]
[2020-01-02 13:17:40] rtpData ------->   map[result: count:0 state:0] 
[GIN] 2020/01/02 - 13:17:40 | 200 |    3.486998ms |  192.168.66.115 | POST     /getResult
[2020-01-02 13:17:42] 自開彩開獎  {202001020798 1 34 true} 
ConfigData  map[redisPort:6379 redisPassword:"" user:fa_db password:1qaz!QAZ database:FA_MEM redisIp:192.168.88.119 redisDB:3 ip:192.168.88.181 poolname:FA_MEM port:3306 charset:utf8]
SqlString  SELECT RTP,Amount,Bonus  FROM M_RtpSetting  WHERE Sid = 1   AND State = 1   AND LTG_Code = 1 AND Gid = 34
sqlResult   map[result: count:0 state:0]
[2020-01-02 13:17:42] rtpData ------->   map[result: count:0 state:0] 
[GIN] 2020/01/02 - 13:17:42 | 200 |    2.895801ms |  192.168.66.115 | POST     /getResult
[2020-01-02 13:17:43] 自開彩開獎  {202001020798 4 40 true} 
ConfigData  map[database:FA_MEM charset:utf8 redisPort:6379 redisPassword:"" ip:192.168.88.181 port:3306 user:fa_db redisDB:3 poolname:FA_MEM password:1qaz!QAZ redisIp:192.168.88.119]
SqlString  SELECT RTP,Amount,Bonus  FROM M_RtpSetting  WHERE Sid = 1   AND State = 1   AND LTG_Code = 4 AND Gid = 40
sqlResult   map[result: count:0 state:0]
[2020-01-02 13:17:43] rtpData ------->   map[result: count:0 state:0] 
[GIN] 2020/01/02 - 13:17:43 | 200 |    2.350126ms |  192.168.66.115 | POST     /getResult
[2020-01-02 13:17:44] 自開彩開獎  {202001020798 5 38 true} 
ConfigData  map[redisDB:3 database:FA_MEM redisPassword:"" port:3306 user:fa_db password:1qaz!QAZ charset:utf8 redisIp:192.168.88.119 redisPort:6379 ip:192.168.88.181 poolname:FA_MEM]
SqlString  SELECT RTP,Amount,Bonus  FROM M_RtpSetting  WHERE Sid = 1   AND State = 1   AND LTG_Code = 5 AND Gid = 38
sqlResult   map[result: count:0 state:0]
[2020-01-02 13:17:44] rtpData ------->   map[result: count:0 state:0] 
[GIN] 2020/01/02 - 13:17:44 | 200 |    2.505683ms |  192.168.66.115 | POST     /getResult
[2020-01-02 13:17:44] 自開彩開獎  {202001020266 4 41 true} 
ConfigData  map[redisPassword:"" database:FA_MEM redisPort:6379 port:3306 user:fa_db password:1qaz!QAZ charset:utf8 redisIp:192.168.88.119 redisDB:3 ip:192.168.88.181 poolname:FA_MEM]
SqlString  SELECT RTP,Amount,Bonus  FROM M_RtpSetting  WHERE Sid = 1   AND State = 1   AND LTG_Code = 4 AND Gid = 41
sqlResult   map[result: count:0 state:0]
[2020-01-02 13:17:44] rtpData ------->   map[result: count:0 state:0] 
[GIN] 2020/01/02 - 13:17:44 | 200 |    2.613525ms |  192.168.66.115 | POST     /getResult
[2020-01-02 13:17:45] 自開彩開獎  {202001020266 1 35 true} 
ConfigData  map[port:3306 user:fa_db redisPort:6379 redisDB:3 ip:192.168.88.181 password:1qaz!QAZ database:FA_MEM charset:utf8 redisIp:192.168.88.119 redisPassword:"" poolname:FA_MEM]
SqlString  SELECT RTP,Amount,Bonus  FROM M_RtpSetting  WHERE Sid = 1   AND State = 1   AND LTG_Code = 1 AND Gid = 35
sqlResult   map[result: count:0 state:0]
[2020-01-02 13:17:45] rtpData ------->   map[result: count:0 state:0] 
[GIN] 2020/01/02 - 13:17:45 | 200 |    8.474077ms |  192.168.66.115 | POST     /getResult
[2020-01-02 13:17:46] 自開彩開獎  {202001020798 6 36 true} 
ConfigData  map[poolname:FA_MEM user:fa_db redisPort:6379 redisPassword:"" redisDB:3 ip:192.168.88.181 port:3306 password:1qaz!QAZ database:FA_MEM charset:utf8 redisIp:192.168.88.119]
SqlString  SELECT RTP,Amount,Bonus  FROM M_RtpSetting  WHERE Sid = 1   AND State = 1   AND LTG_Code = 6 AND Gid = 36
sqlResult   map[result: count:0 state:0]
[2020-01-02 13:17:46] rtpData ------->   map[state:0 result: count:0] 
[GIN] 2020/01/02 - 13:17:46 | 200 |    2.549421ms |  192.168.66.115 | POST     /getResult
[2020-01-02 13:17:48] 自開彩開獎  {202001020798 1 34 true} 
ConfigData  map[redisIp:192.168.88.119 redisPort:6379 redisDB:3 ip:192.168.88.181 port:3306 password:1qaz!QAZ charset:utf8 poolname:FA_MEM user:fa_db database:FA_MEM redisPassword:""]
SqlString  SELECT RTP,Amount,Bonus  FROM M_RtpSetting  WHERE Sid = 1   AND State = 1   AND LTG_Code = 1 AND Gid = 34
sqlResult   map[state:0 result: count:0]
[2020-01-02 13:17:48] rtpData ------->   map[result: count:0 state:0] 
[GIN] 2020/01/02 - 13:17:48 | 200 |    2.815533ms |  192.168.66.115 | POST     /getResult
[2020-01-02 13:17:49] 自開彩開獎  {202001020798 4 40 true} 
ConfigData  map[port:3306 user:fa_db password:1qaz!QAZ database:FA_MEM charset:utf8 redisIp:192.168.88.119 redisPassword:"" ip:192.168.88.181 redisDB:3 redisPort:6379 poolname:FA_MEM]
SqlString  SELECT RTP,Amount,Bonus  FROM M_RtpSetting  WHERE Sid = 1   AND State = 1   AND LTG_Code = 4 AND Gid = 40
sqlResult   map[count:0 state:0 result:]
[2020-01-02 13:17:49] rtpData ------->   map[result: count:0 state:0] 
[GIN] 2020/01/02 - 13:17:49 | 200 |    2.441548ms |  192.168.66.115 | POST     /getResult
[2020-01-02 13:17:50] 自開彩開獎  {202001020798 5 38 true} 
ConfigData  map[ip:192.168.88.181 password:1qaz!QAZ database:FA_MEM redisPassword:"" redisDB:3 poolname:FA_MEM port:3306 user:fa_db charset:utf8 redisIp:192.168.88.119 redisPort:6379]
SqlString  SELECT RTP,Amount,Bonus  FROM M_RtpSetting  WHERE Sid = 1   AND State = 1   AND LTG_Code = 5 AND Gid = 38
sqlResult   map[state:0 result: count:0]
[2020-01-02 13:17:50] rtpData ------->   map[result: count:0 state:0] 
[GIN] 2020/01/02 - 13:17:50 | 200 |    2.647709ms |  192.168.66.115 | POST     /getResult
[2020-01-02 13:17:50] 自開彩開獎  {202001020266 4 41 true} 
ConfigData  map[password:1qaz!QAZ redisIp:192.168.88.119 redisPort:6379 redisDB:3 ip:192.168.88.181 poolname:FA_MEM database:FA_MEM charset:utf8 redisPassword:"" port:3306 user:fa_db]
SqlString  SELECT RTP,Amount,Bonus  FROM M_RtpSetting  WHERE Sid = 1   AND State = 1   AND LTG_Code = 4 AND Gid = 41
sqlResult   map[result: count:0 state:0]
[2020-01-02 13:17:50] rtpData ------->   map[result: count:0 state:0] 
[GIN] 2020/01/02 - 13:17:50 | 200 |    2.270089ms |  192.168.66.115 | POST     /getResult
[2020-01-02 13:17:51] 自開彩開獎  {202001020266 1 35 true} 
ConfigData  map[poolname:FA_MEM user:fa_db password:1qaz!QAZ redisIp:192.168.88.119 redisPassword:"" redisDB:3 ip:192.168.88.181 port:3306 database:FA_MEM charset:utf8 redisPort:6379]
SqlString  SELECT RTP,Amount,Bonus  FROM M_RtpSetting  WHERE Sid = 1   AND State = 1   AND LTG_Code = 1 AND Gid = 35
sqlResult   map[result: count:0 state:0]
[2020-01-02 13:17:51] rtpData ------->   map[result: count:0 state:0] 
[GIN] 2020/01/02 - 13:17:51 | 200 |    3.538852ms |  192.168.66.115 | POST     /getResult
[2020-01-02 13:17:52] 自開彩開獎  {202001020798 6 36 true} 
ConfigData  map[database:FA_MEM charset:utf8 redisIp:192.168.88.119 ip:192.168.88.181 poolname:FA_MEM port:3306 user:fa_db password:1qaz!QAZ redisPort:6379 redisDB:3 redisPassword:""]
SqlString  SELECT RTP,Amount,Bonus  FROM M_RtpSetting  WHERE Sid = 1   AND State = 1   AND LTG_Code = 6 AND Gid = 36
sqlResult   map[result: count:0 state:0]
[2020-01-02 13:17:52] rtpData ------->   map[result: count:0 state:0] 
[GIN] 2020/01/02 - 13:17:52 | 200 |    2.731928ms |  192.168.66.115 | POST     /getResult
[2020-01-02 13:17:54] 自開彩開獎  {202001020798 1 34 true} 
ConfigData  map[user:fa_db password:1qaz!QAZ database:FA_MEM redisDB:3 ip:192.168.88.181 poolname:FA_MEM port:3306 charset:utf8 redisIp:192.168.88.119 redisPort:6379 redisPassword:""]
SqlString  SELECT RTP,Amount,Bonus  FROM M_RtpSetting  WHERE Sid = 1   AND State = 1   AND LTG_Code = 1 AND Gid = 34
sqlResult   map[count:0 state:0 result:]
[2020-01-02 13:17:54] rtpData ------->   map[result: count:0 state:0] 
[GIN] 2020/01/02 - 13:17:54 | 200 |    2.755525ms |  192.168.66.115 | POST     /getResult
[2020-01-02 13:17:55] 自開彩開獎  {202001020798 4 40 true} 
ConfigData  map[poolname:FA_MEM port:3306 database:FA_MEM charset:utf8 redisIp:192.168.88.119 redisDB:3 ip:192.168.88.181 user:fa_db password:1qaz!QAZ redisPort:6379 redisPassword:""]
SqlString  SELECT RTP,Amount,Bonus  FROM M_RtpSetting  WHERE Sid = 1   AND State = 1   AND LTG_Code = 4 AND Gid = 40
sqlResult   map[state:0 result: count:0]
[2020-01-02 13:17:55] rtpData ------->   map[result: count:0 state:0] 
[GIN] 2020/01/02 - 13:17:55 | 200 |    2.155449ms |  192.168.66.115 | POST     /getResult
[2020-01-02 13:17:56] 自開彩開獎  {202001020798 5 38 true} 
ConfigData  map[password:1qaz!QAZ charset:utf8 redisPassword:"" ip:192.168.88.181 poolname:FA_MEM port:3306 user:fa_db database:FA_MEM redisIp:192.168.88.119 redisPort:6379 redisDB:3]
SqlString  SELECT RTP,Amount,Bonus  FROM M_RtpSetting  WHERE Sid = 1   AND State = 1   AND LTG_Code = 5 AND Gid = 38
sqlResult   map[state:0 result: count:0]
[2020-01-02 13:17:56] rtpData ------->   map[count:0 state:0 result:] 
[GIN] 2020/01/02 - 13:17:56 | 200 |     2.50145ms |  192.168.66.115 | POST     /getResult
[2020-01-02 13:17:56] 自開彩開獎  {202001020266 4 41 true} 
ConfigData  map[poolname:FA_MEM port:3306 user:fa_db password:1qaz!QAZ database:FA_MEM redisDB:3 ip:192.168.88.181 charset:utf8 redisIp:192.168.88.119 redisPort:6379 redisPassword:""]
SqlString  SELECT RTP,Amount,Bonus  FROM M_RtpSetting  WHERE Sid = 1   AND State = 1   AND LTG_Code = 4 AND Gid = 41
sqlResult   map[result: count:0 state:0]
[2020-01-02 13:17:56] rtpData ------->   map[result: count:0 state:0] 
[GIN] 2020/01/02 - 13:17:56 | 200 |    3.015922ms |  192.168.66.115 | POST     /getResult
[2020-01-02 13:17:57] 自開彩開獎  {202001020266 1 35 true} 
ConfigData  map[poolname:FA_MEM user:fa_db password:1qaz!QAZ database:FA_MEM charset:utf8 redisDB:3 ip:192.168.88.181 port:3306 redisIp:192.168.88.119 redisPort:6379 redisPassword:""]
SqlString  SELECT RTP,Amount,Bonus  FROM M_RtpSetting  WHERE Sid = 1   AND State = 1   AND LTG_Code = 1 AND Gid = 35
sqlResult   map[result: count:0 state:0]
[2020-01-02 13:17:58] rtpData ------->   map[result: count:0 state:0] 
[GIN] 2020/01/02 - 13:17:58 | 200 |    8.481762ms |  192.168.66.115 | POST     /getResult
[2020-01-02 13:17:58] 自開彩開獎  {202001020798 6 36 true} 
ConfigData  map[redisDB:3 ip:192.168.88.181 poolname:FA_MEM redisPort:6379 database:FA_MEM charset:utf8 redisIp:192.168.88.119 redisPassword:"" port:3306 user:fa_db password:1qaz!QAZ]
SqlString  SELECT RTP,Amount,Bonus  FROM M_RtpSetting  WHERE Sid = 1   AND State = 1   AND LTG_Code = 6 AND Gid = 36
sqlResult   map[state:0 result: count:0]
[2020-01-02 13:17:58] rtpData ------->   map[result: count:0 state:0] 
[GIN] 2020/01/02 - 13:17:58 | 200 |    3.057965ms |  192.168.66.115 | POST     /getResult
[2020-01-02 13:18:00] 自開彩開獎  {202001020798 1 34 true} 
ConfigData  map[ip:192.168.88.181 poolname:FA_MEM database:FA_MEM redisIp:192.168.88.119 redisPort:6379 redisPassword:"" port:3306 user:fa_db password:1qaz!QAZ charset:utf8 redisDB:3]
SqlString  SELECT RTP,Amount,Bonus  FROM M_RtpSetting  WHERE Sid = 1   AND State = 1   AND LTG_Code = 1 AND Gid = 34
sqlResult   map[result: count:0 state:0]
[2020-01-02 13:18:00] rtpData ------->   map[result: count:0 state:0] 
[GIN] 2020/01/02 - 13:18:00 | 200 |    2.434611ms |  192.168.66.115 | POST     /getResult
[2020-01-02 13:18:00] 自開彩開獎  {202001020267 6 37 true} 
ConfigData  map[port:3306 user:fa_db password:1qaz!QAZ redisPort:6379 redisDB:3 ip:192.168.88.181 poolname:FA_MEM database:FA_MEM charset:utf8 redisIp:192.168.88.119 redisPassword:""]
SqlString  SELECT RTP,Amount,Bonus  FROM M_RtpSetting  WHERE Sid = 1   AND State = 1   AND LTG_Code = 6 AND Gid = 37
sqlResult   map[state:0 result: count:0]
[2020-01-02 13:18:00] rtpData ------->   map[result: count:0 state:0] 
[GIN] 2020/01/02 - 13:18:00 | 200 |    2.525696ms |  192.168.66.115 | POST     /getResult
[2020-01-02 13:18:01] 自開彩開獎  {202001020798 4 40 true} 
ConfigData  map[poolname:FA_MEM port:3306 user:fa_db charset:utf8 redisPassword:"" redisDB:3 ip:192.168.88.181 password:1qaz!QAZ database:FA_MEM redisIp:192.168.88.119 redisPort:6379]
SqlString  SELECT RTP,Amount,Bonus  FROM M_RtpSetting  WHERE Sid = 1   AND State = 1   AND LTG_Code = 4 AND Gid = 40
sqlResult   map[result: count:0 state:0]
[2020-01-02 13:18:01] rtpData ------->   map[count:0 state:0 result:] 
[GIN] 2020/01/02 - 13:18:01 | 200 |    2.169156ms |  192.168.66.115 | POST     /getResult
[2020-01-02 13:18:01] 自開彩開獎  {202001020799 2 26 true} 
ConfigData  map[charset:utf8 redisIp:192.168.88.119 redisPort:6379 redisDB:3 ip:192.168.88.181 poolname:FA_MEM database:FA_MEM redisPassword:"" port:3306 user:fa_db password:1qaz!QAZ]
SqlString  SELECT RTP,Amount,Bonus  FROM M_RtpSetting  WHERE Sid = 1   AND State = 1   AND LTG_Code = 2 AND Gid = 26
[2020-01-02 13:18:01] 自開彩開獎  {20200102267 2 27 true} 
ConfigData  map[database:FA_MEM charset:utf8 redisIp:192.168.88.119 redisPassword:"" redisDB:3 ip:192.168.88.181 port:3306 user:fa_db poolname:FA_MEM password:1qaz!QAZ redisPort:6379]
SqlString  SELECT RTP,Amount,Bonus  FROM M_RtpSetting  WHERE Sid = 1   AND State = 1   AND LTG_Code = 2 AND Gid = 27
sqlResult   map[result:0.9600 count:1 state:1 amount:1.0069588e+06 bonus:908100.71]
[2020-01-02 13:18:01] rtpData ------->   map[amount:1.0069588e+06 bonus:908100.71 result:0.9600 count:1 state:1] 
ConfigData  map[redisPort:6379 redisDB:3 ip:192.168.88.181 poolname:FA_MEM port:3306 charset:utf8 redisIp:192.168.88.119 redisPassword:"" user:fa_db password:1qaz!QAZ database:FA_MEM]
SELECT BO_No, BO_OrderNo , BO_User , BO_Issue  , BO_LotteryTypeGroup, BO_LotteryType, BO_Mode, BO_LotteryPlayGroup, BO_LotteryPlay , BO_LotteryContent, BO_Price, BO_RealPrice, BO_Unit, BO_Multiple , BO_BetCount  , BO_Winnings, BO_Winnings2, BO_Winnings3, BO_WinningLimit  , BO_Water , BO_BW_SourceUserId, BO_BW_BackWater, BO_BW_LimitBetCount, BO_BW_MaxAmount, BO_BW_AuditMultiple  , BO_Odds, BO_Odds2, BO_Odds3 , BO_Type, BO_Chase , BO_OpenResult, BO_OpenResult2, BO_DateDraw, BO_DateDraw2, BO_DateUpdate  FROM TS_BetOrder  WHERE BO_Cancel = 0   AND BO_CancelBackend = 0   AND BO_LotteryTypeGroup = 2 AND BO_LotteryType = 26 AND BO_Issue = 202001020799 AND BO_Collect = 0 ORDER BY BO_DateDraw ASC, BO_DateCreate ASC, BO_DateUpdate ASC, BO_No ASC ;
sqlResult   map[state:1 amount:105208 bonus:58491.69 result:0.9600 count:1]
[2020-01-02 13:18:01] rtpData ------->   map[count:1 state:1 amount:105208 bonus:58491.69 result:0.9600] 
ConfigData  map[redisIp:192.168.88.119 redisPort:6379 redisPassword:"" redisDB:3 user:fa_db password:1qaz!QAZ port:3306 database:FA_MEM charset:utf8 ip:192.168.88.181 poolname:FA_MEM]
SELECT BO_No, BO_OrderNo , BO_User , BO_Issue  , BO_LotteryTypeGroup, BO_LotteryType, BO_Mode, BO_LotteryPlayGroup, BO_LotteryPlay , BO_LotteryContent, BO_Price, BO_RealPrice, BO_Unit, BO_Multiple , BO_BetCount  , BO_Winnings, BO_Winnings2, BO_Winnings3, BO_WinningLimit  , BO_Water , BO_BW_SourceUserId, BO_BW_BackWater, BO_BW_LimitBetCount, BO_BW_MaxAmount, BO_BW_AuditMultiple  , BO_Odds, BO_Odds2, BO_Odds3 , BO_Type, BO_Chase , BO_OpenResult, BO_OpenResult2, BO_DateDraw, BO_DateDraw2, BO_DateUpdate  FROM TS_BetOrder  WHERE BO_Cancel = 0   AND BO_CancelBackend = 0   AND BO_LotteryTypeGroup = 2 AND BO_LotteryType = 27 AND BO_Issue = 20200102267 AND BO_Collect = 0 ORDER BY BO_DateDraw ASC, BO_DateCreate ASC, BO_DateUpdate ASC, BO_No ASC ;
[2020-01-02 13:18:01] LottteryTypeGroup 2 
[2020-01-02 13:18:01] 有期號 但無注單 -------> map[thisOpenResult:[7 9 3 8 6] amount:0 bonus:0] 
[GIN] 2020/01/02 - 13:18:01 | 200 |    4.556049ms |  192.168.66.115 | POST     /getResult
[2020-01-02 13:18:01] LottteryTypeGroup 2 
[2020-01-02 13:18:01] 有期號 但無注單 -------> map[amount:0 bonus:0 thisOpenResult:[5 1 7 6 6]] 
[GIN] 2020/01/02 - 13:18:01 | 200 |    4.565208ms |  192.168.66.115 | POST     /getResult
[2020-01-02 13:18:02] 自開彩開獎  {202001020798 5 38 true} 
ConfigData  map[poolname:FA_MEM user:fa_db charset:utf8 redisPort:6379 redisPassword:"" redisDB:3 ip:192.168.88.181 port:3306 password:1qaz!QAZ database:FA_MEM redisIp:192.168.88.119]
SqlString  SELECT RTP,Amount,Bonus  FROM M_RtpSetting  WHERE Sid = 1   AND State = 1   AND LTG_Code = 5 AND Gid = 38
sqlResult   map[result: count:0 state:0]
[2020-01-02 13:18:02] rtpData ------->   map[result: count:0 state:0] 
[GIN] 2020/01/02 - 13:18:02 | 200 |    3.256417ms |  192.168.66.115 | POST     /getResult
[2020-01-02 13:18:02] 自開彩開獎  {202001020266 4 41 true} 
ConfigData  map[user:fa_db password:1qaz!QAZ database:FA_MEM charset:utf8 redisPassword:"" redisDB:3 poolname:FA_MEM port:3306 redisIp:192.168.88.119 redisPort:6379 ip:192.168.88.181]
SqlString  SELECT RTP,Amount,Bonus  FROM M_RtpSetting  WHERE Sid = 1   AND State = 1   AND LTG_Code = 4 AND Gid = 41
sqlResult   map[state:0 result: count:0]
[2020-01-02 13:18:02] rtpData ------->   map[result: count:0 state:0] 
[GIN] 2020/01/02 - 13:18:02 | 200 |    2.299789ms |  192.168.66.115 | POST     /getResult
[2020-01-02 13:18:03] 自開彩開獎  {202001020266 1 35 true} 
ConfigData  map[ip:192.168.88.181 poolname:FA_MEM user:fa_db password:1qaz!QAZ redisDB:3 port:3306 database:FA_MEM charset:utf8 redisIp:192.168.88.119 redisPort:6379 redisPassword:""]
SqlString  SELECT RTP,Amount,Bonus  FROM M_RtpSetting  WHERE Sid = 1   AND State = 1   AND LTG_Code = 1 AND Gid = 35
sqlResult   map[result: count:0 state:0]
[2020-01-02 13:18:04] rtpData ------->   map[result: count:0 state:0] 
[GIN] 2020/01/02 - 13:18:04 | 200 |    8.288113ms |  192.168.66.115 | POST     /getResult
[2020-01-02 13:18:04] 自開彩開獎  {202001020798 6 36 true} 
ConfigData  map[poolname:FA_MEM port:3306 password:1qaz!QAZ database:FA_MEM charset:utf8 redisPort:6379 redisPassword:"" ip:192.168.88.181 redisDB:3 redisIp:192.168.88.119 user:fa_db]
SqlString  SELECT RTP,Amount,Bonus  FROM M_RtpSetting  WHERE Sid = 1   AND State = 1   AND LTG_Code = 6 AND Gid = 36
sqlResult   map[state:0 result: count:0]
[2020-01-02 13:18:05] rtpData ------->   map[count:0 state:0 result:] 
[GIN] 2020/01/02 - 13:18:05 | 200 |    2.489054ms |  192.168.66.115 | POST     /getResult
[2020-01-02 13:18:06] 自開彩開獎  {202001020799 1 34 true} 
ConfigData  map[charset:utf8 redisPort:6379 user:fa_db password:1qaz!QAZ database:FA_MEM redisIp:192.168.88.119 redisPassword:"" ip:192.168.88.181 poolname:FA_MEM port:3306 redisDB:3]
SqlString  SELECT RTP,Amount,Bonus  FROM M_RtpSetting  WHERE Sid = 1   AND State = 1   AND LTG_Code = 1 AND Gid = 34
sqlResult   map[count:0 state:0 result:]
[2020-01-02 13:18:06] rtpData ------->   map[result: count:0 state:0] 
[GIN] 2020/01/02 - 13:18:06 | 200 |    6.254796ms |  192.168.66.115 | POST     /getResult
[2020-01-02 13:18:07] 自開彩開獎  {202001020267 6 37 true} 
ConfigData  map[port:3306 password:1qaz!QAZ redisIp:192.168.88.119 redisDB:3 redisPort:6379 redisPassword:"" ip:192.168.88.181 poolname:FA_MEM user:fa_db database:FA_MEM charset:utf8]
SqlString  SELECT RTP,Amount,Bonus  FROM M_RtpSetting  WHERE Sid = 1   AND State = 1   AND LTG_Code = 6 AND Gid = 37
sqlResult   map[result: count:0 state:0]
[2020-01-02 13:18:07] rtpData ------->   map[result: count:0 state:0] 
[GIN] 2020/01/02 - 13:18:07 | 200 |    2.706579ms |  192.168.66.115 | POST     /getResult
[2020-01-02 13:18:07] 自開彩開獎  {202001020799 4 40 true} 
ConfigData  map[password:1qaz!QAZ database:FA_MEM charset:utf8 redisPort:6379 redisPassword:"" ip:192.168.88.181 poolname:FA_MEM port:3306 user:fa_db redisIp:192.168.88.119 redisDB:3]
SqlString  SELECT RTP,Amount,Bonus  FROM M_RtpSetting  WHERE Sid = 1   AND State = 1   AND LTG_Code = 4 AND Gid = 40
sqlResult   map[result: count:0 state:0]
[2020-01-02 13:18:07] rtpData ------->   map[state:0 result: count:0] 
[GIN] 2020/01/02 - 13:18:07 | 200 |    2.767863ms |  192.168.66.115 | POST     /getResult
[2020-01-02 13:18:08] 自開彩開獎  {202001020799 5 38 true} 
ConfigData  map[poolname:FA_MEM port:3306 user:fa_db password:1qaz!QAZ redisPort:6379 ip:192.168.88.181 database:FA_MEM charset:utf8 redisIp:192.168.88.119 redisPassword:"" redisDB:3]
SqlString  SELECT RTP,Amount,Bonus  FROM M_RtpSetting  WHERE Sid = 1   AND State = 1   AND LTG_Code = 5 AND Gid = 38
sqlResult   map[result: count:0 state:0]
[2020-01-02 13:18:08] rtpData ------->   map[result: count:0 state:0] 
[GIN] 2020/01/02 - 13:18:08 | 200 |    2.733052ms |  192.168.66.115 | POST     /getResult
[2020-01-02 13:18:08] 自開彩開獎  {202001020267 4 41 true} 
ConfigData  map[redisIp:192.168.88.119 redisPort:6379 redisPassword:"" redisDB:3 port:3306 user:fa_db database:FA_MEM charset:utf8 ip:192.168.88.181 poolname:FA_MEM password:1qaz!QAZ]
SqlString  SELECT RTP,Amount,Bonus  FROM M_RtpSetting  WHERE Sid = 1   AND State = 1   AND LTG_Code = 4 AND Gid = 41
sqlResult   map[result: count:0 state:0]
[2020-01-02 13:18:08] rtpData ------->   map[result: count:0 state:0] 
[GIN] 2020/01/02 - 13:18:08 | 200 |    3.052257ms |  192.168.66.115 | POST     /getResult
[2020-01-02 13:18:10] 自開彩開獎  {202001020267 1 35 true} 
ConfigData  map[password:1qaz!QAZ redisIp:192.168.88.119 redisPassword:"" ip:192.168.88.181 poolname:FA_MEM database:FA_MEM charset:utf8 redisPort:6379 redisDB:3 port:3306 user:fa_db]
SqlString  SELECT RTP,Amount,Bonus  FROM M_RtpSetting  WHERE Sid = 1   AND State = 1   AND LTG_Code = 1 AND Gid = 35
sqlResult   map[result: count:0 state:0]
[2020-01-02 13:18:10] rtpData ------->   map[result: count:0 state:0] 
[GIN] 2020/01/02 - 13:18:10 | 200 |    5.526056ms |  192.168.66.115 | POST     /getResult
[2020-01-02 13:18:11] 自開彩開獎  {202001020799 6 36 true} 
ConfigData  map[ip:192.168.88.181 charset:utf8 redisIp:192.168.88.119 redisPassword:"" redisDB:3 poolname:FA_MEM port:3306 user:fa_db password:1qaz!QAZ database:FA_MEM redisPort:6379]
SqlString  SELECT RTP,Amount,Bonus  FROM M_RtpSetting  WHERE Sid = 1   AND State = 1   AND LTG_Code = 6 AND Gid = 36
sqlResult   map[count:0 state:0 result:]
[2020-01-02 13:18:11] rtpData ------->   map[state:0 result: count:0] 
[GIN] 2020/01/02 - 13:18:11 | 200 |    2.864667ms |  192.168.66.115 | POST     /getResult
[2020-01-02 13:18:12] 自開彩開獎  {202001020799 1 34 true} 
ConfigData  map[ip:192.168.88.181 poolname:FA_MEM port:3306 user:fa_db password:1qaz!QAZ charset:utf8 redisDB:3 database:FA_MEM redisIp:192.168.88.119 redisPort:6379 redisPassword:""]
SqlString  SELECT RTP,Amount,Bonus  FROM M_RtpSetting  WHERE Sid = 1   AND State = 1   AND LTG_Code = 1 AND Gid = 34
sqlResult   map[result: count:0 state:0]
[2020-01-02 13:18:12] rtpData ------->   map[result: count:0 state:0] 
[GIN] 2020/01/02 - 13:18:12 | 200 |    3.126857ms |  192.168.66.115 | POST     /getResult
[2020-01-02 13:18:13] 自開彩開獎  {202001020267 6 37 true} 
ConfigData  map[poolname:FA_MEM port:3306 password:1qaz!QAZ database:FA_MEM redisPort:6379 redisPassword:"" redisDB:3 ip:192.168.88.181 user:fa_db charset:utf8 redisIp:192.168.88.119]
SqlString  SELECT RTP,Amount,Bonus  FROM M_RtpSetting  WHERE Sid = 1   AND State = 1   AND LTG_Code = 6 AND Gid = 37
sqlResult   map[result: count:0 state:0]
[2020-01-02 13:18:13] rtpData ------->   map[count:0 state:0 result:] 
[GIN] 2020/01/02 - 13:18:13 | 200 |     3.47274ms |  192.168.66.115 | POST     /getResult
[2020-01-02 13:18:13] 自開彩開獎  {202001020799 4 40 true} 
ConfigData  map[user:fa_db password:1qaz!QAZ redisIp:192.168.88.119 redisPort:6379 poolname:FA_MEM port:3306 charset:utf8 redisPassword:"" redisDB:3 ip:192.168.88.181 database:FA_MEM]
SqlString  SELECT RTP,Amount,Bonus  FROM M_RtpSetting  WHERE Sid = 1   AND State = 1   AND LTG_Code = 4 AND Gid = 40
sqlResult   map[result: count:0 state:0]
[2020-01-02 13:18:13] rtpData ------->   map[state:0 result: count:0] 
[GIN] 2020/01/02 - 13:18:13 | 200 |    3.018922ms |  192.168.66.115 | POST     /getResult
[2020-01-02 13:18:14] 自開彩開獎  {202001020799 5 38 true} 
ConfigData  map[redisDB:3 port:3306 user:fa_db redisIp:192.168.88.119 database:FA_MEM charset:utf8 redisPort:6379 redisPassword:"" ip:192.168.88.181 poolname:FA_MEM password:1qaz!QAZ]
SqlString  SELECT RTP,Amount,Bonus  FROM M_RtpSetting  WHERE Sid = 1   AND State = 1   AND LTG_Code = 5 AND Gid = 38
sqlResult   map[count:0 state:0 result:]
[2020-01-02 13:18:14] rtpData ------->   map[count:0 state:0 result:] 
[GIN] 2020/01/02 - 13:18:14 | 200 |    3.352986ms |  192.168.66.115 | POST     /getResult
[2020-01-02 13:18:14] 自開彩開獎  {202001020267 4 41 true} 
ConfigData  map[poolname:FA_MEM charset:utf8 redisIp:192.168.88.119 redisPort:6379 ip:192.168.88.181 port:3306 user:fa_db password:1qaz!QAZ database:FA_MEM redisPassword:"" redisDB:3]
SqlString  SELECT RTP,Amount,Bonus  FROM M_RtpSetting  WHERE Sid = 1   AND State = 1   AND LTG_Code = 4 AND Gid = 41
sqlResult   map[state:0 result: count:0]
[2020-01-02 13:18:14] rtpData ------->   map[state:0 result: count:0] 
[GIN] 2020/01/02 - 13:18:14 | 200 |    3.091649ms |  192.168.66.115 | POST     /getResult
[2020-01-02 13:18:16] 自開彩開獎  {202001020267 1 35 true} 
ConfigData  map[redisDB:3 ip:192.168.88.181 password:1qaz!QAZ charset:utf8 redisPort:6379 redisPassword:"" poolname:FA_MEM port:3306 user:fa_db database:FA_MEM redisIp:192.168.88.119]
SqlString  SELECT RTP,Amount,Bonus  FROM M_RtpSetting  WHERE Sid = 1   AND State = 1   AND LTG_Code = 1 AND Gid = 35
sqlResult   map[state:0 result: count:0]
[2020-01-02 13:18:16] rtpData ------->   map[result: count:0 state:0] 
[GIN] 2020/01/02 - 13:18:16 | 200 |    8.878006ms |  192.168.66.115 | POST     /getResult
[2020-01-02 13:18:17] 自開彩開獎  {202001020799 6 36 true} 
ConfigData  map[ip:192.168.88.181 poolname:FA_MEM port:3306 user:fa_db password:1qaz!QAZ charset:utf8 database:FA_MEM redisIp:192.168.88.119 redisPort:6379 redisPassword:"" redisDB:3]
SqlString  SELECT RTP,Amount,Bonus  FROM M_RtpSetting  WHERE Sid = 1   AND State = 1   AND LTG_Code = 6 AND Gid = 36
sqlResult   map[count:0 state:0 result:]
[2020-01-02 13:18:17] rtpData ------->   map[state:0 result: count:0] 
[GIN] 2020/01/02 - 13:18:17 | 200 |    2.417275ms |  192.168.66.115 | POST     /getResult
[2020-01-02 13:18:18] 自開彩開獎  {202001020799 1 34 true} 
ConfigData  map[port:3306 database:FA_MEM redisIp:192.168.88.119 redisPort:6379 redisPassword:"" redisDB:3 ip:192.168.88.181 poolname:FA_MEM user:fa_db password:1qaz!QAZ charset:utf8]
SqlString  SELECT RTP,Amount,Bonus  FROM M_RtpSetting  WHERE Sid = 1   AND State = 1   AND LTG_Code = 1 AND Gid = 34
sqlResult   map[result: count:0 state:0]
[2020-01-02 13:18:18] rtpData ------->   map[result: count:0 state:0] 
[GIN] 2020/01/02 - 13:18:18 | 200 |    2.603457ms |  192.168.66.115 | POST     /getResult
[2020-01-02 13:18:19] 自開彩開獎  {202001020267 6 37 true} 
ConfigData  map[poolname:FA_MEM port:3306 redisIp:192.168.88.119 redisPassword:"" redisDB:3 ip:192.168.88.181 user:fa_db password:1qaz!QAZ database:FA_MEM charset:utf8 redisPort:6379]
SqlString  SELECT RTP,Amount,Bonus  FROM M_RtpSetting  WHERE Sid = 1   AND State = 1   AND LTG_Code = 6 AND Gid = 37
sqlResult   map[result: count:0 state:0]
[2020-01-02 13:18:19] rtpData ------->   map[result: count:0 state:0] 
[GIN] 2020/01/02 - 13:18:19 | 200 |    3.013492ms |  192.168.66.115 | POST     /getResult
[2020-01-02 13:18:19] 自開彩開獎  {202001020799 4 40 true} 
ConfigData  map[port:3306 user:fa_db password:1qaz!QAZ charset:utf8 ip:192.168.88.181 poolname:FA_MEM database:FA_MEM redisIp:192.168.88.119 redisPort:6379 redisPassword:"" redisDB:3]
SqlString  SELECT RTP,Amount,Bonus  FROM M_RtpSetting  WHERE Sid = 1   AND State = 1   AND LTG_Code = 4 AND Gid = 40
sqlResult   map[result: count:0 state:0]
[2020-01-02 13:18:19] rtpData ------->   map[count:0 state:0 result:] 
[GIN] 2020/01/02 - 13:18:19 | 200 |    2.563823ms |  192.168.66.115 | POST     /getResult
[2020-01-02 13:18:20] 自開彩開獎  {202001020799 5 38 true} 
ConfigData  map[user:fa_db redisPort:6379 port:3306 password:1qaz!QAZ database:FA_MEM charset:utf8 redisIp:192.168.88.119 redisPassword:"" ip:192.168.88.181 poolname:FA_MEM redisDB:3]
SqlString  SELECT RTP,Amount,Bonus  FROM M_RtpSetting  WHERE Sid = 1   AND State = 1   AND LTG_Code = 5 AND Gid = 38
sqlResult   map[result: count:0 state:0]
[2020-01-02 13:18:20] rtpData ------->   map[state:0 result: count:0] 
[GIN] 2020/01/02 - 13:18:20 | 200 |    2.573399ms |  192.168.66.115 | POST     /getResult
[2020-01-02 13:18:20] 自開彩開獎  {202001020267 4 41 true} 
ConfigData  map[poolname:FA_MEM user:fa_db password:1qaz!QAZ redisPort:6379 redisDB:3 redisPassword:"" ip:192.168.88.181 port:3306 database:FA_MEM charset:utf8 redisIp:192.168.88.119]
SqlString  SELECT RTP,Amount,Bonus  FROM M_RtpSetting  WHERE Sid = 1   AND State = 1   AND LTG_Code = 4 AND Gid = 41
sqlResult   map[result: count:0 state:0]
[2020-01-02 13:18:20] rtpData ------->   map[result: count:0 state:0] 
[GIN] 2020/01/02 - 13:18:20 | 200 |    2.684101ms |  192.168.66.115 | POST     /getResult
[2020-01-02 13:18:22] 自開彩開獎  {202001020267 1 35 true} 
ConfigData  map[database:FA_MEM charset:utf8 redisPassword:"" poolname:FA_MEM port:3306 password:1qaz!QAZ redisIp:192.168.88.119 redisPort:6379 redisDB:3 ip:192.168.88.181 user:fa_db]
SqlString  SELECT RTP,Amount,Bonus  FROM M_RtpSetting  WHERE Sid = 1   AND State = 1   AND LTG_Code = 1 AND Gid = 35
sqlResult   map[result: count:0 state:0]
[2020-01-02 13:18:22] rtpData ------->   map[result: count:0 state:0] 
[GIN] 2020/01/02 - 13:18:22 | 200 |    3.346602ms |  192.168.66.115 | POST     /getResult
[2020-01-02 13:18:23] 自開彩開獎  {202001020799 6 36 true} 
ConfigData  map[port:3306 user:fa_db database:FA_MEM charset:utf8 redisPassword:"" poolname:FA_MEM password:1qaz!QAZ redisIp:192.168.88.119 redisPort:6379 redisDB:3 ip:192.168.88.181]
SqlString  SELECT RTP,Amount,Bonus  FROM M_RtpSetting  WHERE Sid = 1   AND State = 1   AND LTG_Code = 6 AND Gid = 36
sqlResult   map[count:0 state:0 result:]
[2020-01-02 13:18:23] rtpData ------->   map[result: count:0 state:0] 
[GIN] 2020/01/02 - 13:18:23 | 200 |    2.313748ms |  192.168.66.115 | POST     /getResult
[2020-01-02 13:18:24] 自開彩開獎  {202001020799 1 34 true} 
ConfigData  map[ip:192.168.88.181 password:1qaz!QAZ charset:utf8 redisIp:192.168.88.119 poolname:FA_MEM port:3306 user:fa_db database:FA_MEM redisPort:6379 redisPassword:"" redisDB:3]
SqlString  SELECT RTP,Amount,Bonus  FROM M_RtpSetting  WHERE Sid = 1   AND State = 1   AND LTG_Code = 1 AND Gid = 34
sqlResult   map[result: count:0 state:0]
[2020-01-02 13:18:24] rtpData ------->   map[result: count:0 state:0] 
[GIN] 2020/01/02 - 13:18:24 | 200 |    2.387673ms |  192.168.66.115 | POST     /getResult
[2020-01-02 13:18:25] 自開彩開獎  {202001020267 6 37 true} 
ConfigData  map[poolname:FA_MEM user:fa_db charset:utf8 redisIp:192.168.88.119 redisPort:6379 ip:192.168.88.181 port:3306 password:1qaz!QAZ database:FA_MEM redisPassword:"" redisDB:3]
SqlString  SELECT RTP,Amount,Bonus  FROM M_RtpSetting  WHERE Sid = 1   AND State = 1   AND LTG_Code = 6 AND Gid = 37
sqlResult   map[result: count:0 state:0]
[2020-01-02 13:18:25] rtpData ------->   map[result: count:0 state:0] 
[GIN] 2020/01/02 - 13:18:25 | 200 |    2.566291ms |  192.168.66.115 | POST     /getResult
[2020-01-02 13:18:25] 自開彩開獎  {202001020799 4 40 true} 
ConfigData  map[password:1qaz!QAZ redisPort:6379 redisPassword:"" redisDB:3 ip:192.168.88.181 poolname:FA_MEM port:3306 user:fa_db database:FA_MEM charset:utf8 redisIp:192.168.88.119]
SqlString  SELECT RTP,Amount,Bonus  FROM M_RtpSetting  WHERE Sid = 1   AND State = 1   AND LTG_Code = 4 AND Gid = 40
sqlResult   map[result: count:0 state:0]
[2020-01-02 13:18:25] rtpData ------->   map[count:0 state:0 result:] 
[GIN] 2020/01/02 - 13:18:25 | 200 |    2.979339ms |  192.168.66.115 | POST     /getResult
[2020-01-02 13:18:26] 自開彩開獎  {202001020799 5 38 true} 
ConfigData  map[password:1qaz!QAZ database:FA_MEM charset:utf8 ip:192.168.88.181 port:3306 user:fa_db redisPassword:"" redisDB:3 poolname:FA_MEM redisIp:192.168.88.119 redisPort:6379]
SqlString  SELECT RTP,Amount,Bonus  FROM M_RtpSetting  WHERE Sid = 1   AND State = 1   AND LTG_Code = 5 AND Gid = 38
sqlResult   map[result: count:0 state:0]
[2020-01-02 13:18:26] rtpData ------->   map[result: count:0 state:0] 
[GIN] 2020/01/02 - 13:18:26 | 200 |    2.617725ms |  192.168.66.115 | POST     /getResult
[2020-01-02 13:18:26] 自開彩開獎  {202001020267 4 41 true} 
ConfigData  map[port:3306 user:fa_db database:FA_MEM charset:utf8 redisIp:192.168.88.119 redisPort:6379 ip:192.168.88.181 poolname:FA_MEM password:1qaz!QAZ redisPassword:"" redisDB:3]
SqlString  SELECT RTP,Amount,Bonus  FROM M_RtpSetting  WHERE Sid = 1   AND State = 1   AND LTG_Code = 4 AND Gid = 41
sqlResult   map[result: count:0 state:0]
[2020-01-02 13:18:26] rtpData ------->   map[result: count:0 state:0] 
[GIN] 2020/01/02 - 13:18:26 | 200 |    2.731861ms |  192.168.66.115 | POST     /getResult
[2020-01-02 13:18:28] 自開彩開獎  {202001020267 1 35 true} 
ConfigData  map[redisIp:192.168.88.119 redisDB:3 ip:192.168.88.181 poolname:FA_MEM port:3306 password:1qaz!QAZ database:FA_MEM charset:utf8 user:fa_db redisPort:6379 redisPassword:""]
SqlString  SELECT RTP,Amount,Bonus  FROM M_RtpSetting  WHERE Sid = 1   AND State = 1   AND LTG_Code = 1 AND Gid = 35
sqlResult   map[result: count:0 state:0]
[2020-01-02 13:18:28] rtpData ------->   map[result: count:0 state:0] 
[GIN] 2020/01/02 - 13:18:28 | 200 |    2.397057ms |  192.168.66.115 | POST     /getResult
[2020-01-02 13:18:29] 自開彩開獎  {202001020799 6 36 true} 
ConfigData  map[database:FA_MEM redisIp:192.168.88.119 redisPort:6379 redisPassword:"" redisDB:3 ip:192.168.88.181 poolname:FA_MEM password:1qaz!QAZ charset:utf8 port:3306 user:fa_db]
SqlString  SELECT RTP,Amount,Bonus  FROM M_RtpSetting  WHERE Sid = 1   AND State = 1   AND LTG_Code = 6 AND Gid = 36
sqlResult   map[result: count:0 state:0]
[2020-01-02 13:18:29] rtpData ------->   map[result: count:0 state:0] 
[GIN] 2020/01/02 - 13:18:29 | 200 |    2.594299ms |  192.168.66.115 | POST     /getResult
[2020-01-02 13:18:30] 自開彩開獎  {202001020799 1 34 true} 
ConfigData  map[user:fa_db password:1qaz!QAZ database:FA_MEM redisPort:6379 redisIp:192.168.88.119 redisPassword:"" redisDB:3 ip:192.168.88.181 poolname:FA_MEM port:3306 charset:utf8]
SqlString  SELECT RTP,Amount,Bonus  FROM M_RtpSetting  WHERE Sid = 1   AND State = 1   AND LTG_Code = 1 AND Gid = 34
sqlResult   map[result: count:0 state:0]
[2020-01-02 13:18:30] rtpData ------->   map[result: count:0 state:0] 
[GIN] 2020/01/02 - 13:18:30 | 200 |    2.511244ms |  192.168.66.115 | POST     /getResult
[2020-01-02 13:18:31] 自開彩開獎  {202001020267 6 37 true} 
ConfigData  map[redisDB:3 poolname:FA_MEM port:3306 user:fa_db database:FA_MEM redisPort:6379 redisPassword:"" ip:192.168.88.181 password:1qaz!QAZ charset:utf8 redisIp:192.168.88.119]
SqlString  SELECT RTP,Amount,Bonus  FROM M_RtpSetting  WHERE Sid = 1   AND State = 1   AND LTG_Code = 6 AND Gid = 37
sqlResult   map[result: count:0 state:0]
[2020-01-02 13:18:31] rtpData ------->   map[result: count:0 state:0] 
[GIN] 2020/01/02 - 13:18:31 | 200 |    2.245447ms |  192.168.66.115 | POST     /getResult
[2020-01-02 13:18:31] 自開彩開獎  {202001020799 4 40 true} 
ConfigData  map[poolname:FA_MEM database:FA_MEM charset:utf8 redisIp:192.168.88.119 redisDB:3 ip:192.168.88.181 port:3306 user:fa_db password:1qaz!QAZ redisPort:6379 redisPassword:""]
SqlString  SELECT RTP,Amount,Bonus  FROM M_RtpSetting  WHERE Sid = 1   AND State = 1   AND LTG_Code = 4 AND Gid = 40
sqlResult   map[count:0 state:0 result:]
[2020-01-02 13:18:31] rtpData ------->   map[state:0 result: count:0] 
[GIN] 2020/01/02 - 13:18:31 | 200 |    2.590645ms |  192.168.66.115 | POST     /getResult
[2020-01-02 13:18:32] 自開彩開獎  {202001020799 5 38 true} 
ConfigData  map[password:1qaz!QAZ charset:utf8 redisIp:192.168.88.119 redisPassword:"" ip:192.168.88.181 port:3306 database:FA_MEM redisPort:6379 redisDB:3 poolname:FA_MEM user:fa_db]
SqlString  SELECT RTP,Amount,Bonus  FROM M_RtpSetting  WHERE Sid = 1   AND State = 1   AND LTG_Code = 5 AND Gid = 38
sqlResult   map[result: count:0 state:0]
[2020-01-02 13:18:32] rtpData ------->   map[result: count:0 state:0] 
[GIN] 2020/01/02 - 13:18:32 | 200 |    2.371643ms |  192.168.66.115 | POST     /getResult
[2020-01-02 13:18:32] 自開彩開獎  {202001020267 4 41 true} 
ConfigData  map[ip:192.168.88.181 port:3306 user:fa_db charset:utf8 redisIp:192.168.88.119 redisPort:6379 poolname:FA_MEM password:1qaz!QAZ database:FA_MEM redisPassword:"" redisDB:3]
SqlString  SELECT RTP,Amount,Bonus  FROM M_RtpSetting  WHERE Sid = 1   AND State = 1   AND LTG_Code = 4 AND Gid = 41
sqlResult   map[result: count:0 state:0]
[2020-01-02 13:18:32] rtpData ------->   map[result: count:0 state:0] 
[GIN] 2020/01/02 - 13:18:32 | 200 |    2.784284ms |  192.168.66.115 | POST     /getResult
[2020-01-02 13:18:34] 自開彩開獎  {202001020267 1 35 true} 
ConfigData  map[port:3306 password:1qaz!QAZ charset:utf8 redisPassword:"" redisDB:3 poolname:FA_MEM user:fa_db database:FA_MEM redisIp:192.168.88.119 redisPort:6379 ip:192.168.88.181]
SqlString  SELECT RTP,Amount,Bonus  FROM M_RtpSetting  WHERE Sid = 1   AND State = 1   AND LTG_Code = 1 AND Gid = 35
sqlResult   map[result: count:0 state:0]
[2020-01-02 13:18:34] rtpData ------->   map[count:0 state:0 result:] 
[GIN] 2020/01/02 - 13:18:34 | 200 |    2.480015ms |  192.168.66.115 | POST     /getResult
[2020-01-02 13:18:35] 自開彩開獎  {202001020799 6 36 true} 
ConfigData  map[password:1qaz!QAZ database:FA_MEM redisPort:6379 redisPassword:"" redisDB:3 ip:192.168.88.181 user:fa_db charset:utf8 redisIp:192.168.88.119 poolname:FA_MEM port:3306]
SqlString  SELECT RTP,Amount,Bonus  FROM M_RtpSetting  WHERE Sid = 1   AND State = 1   AND LTG_Code = 6 AND Gid = 36
sqlResult   map[result: count:0 state:0]
[2020-01-02 13:18:35] rtpData ------->   map[result: count:0 state:0] 
[GIN] 2020/01/02 - 13:18:35 | 200 |    2.527761ms |  192.168.66.115 | POST     /getResult
[2020-01-02 13:18:36] 自開彩開獎  {202001020799 1 34 true} 
ConfigData  map[ip:192.168.88.181 password:1qaz!QAZ redisIp:192.168.88.119 redisPassword:"" redisDB:3 poolname:FA_MEM port:3306 user:fa_db database:FA_MEM charset:utf8 redisPort:6379]
SqlString  SELECT RTP,Amount,Bonus  FROM M_RtpSetting  WHERE Sid = 1   AND State = 1   AND LTG_Code = 1 AND Gid = 34
sqlResult   map[result: count:0 state:0]
[2020-01-02 13:18:36] rtpData ------->   map[result: count:0 state:0] 
[GIN] 2020/01/02 - 13:18:36 | 200 |    3.529001ms |  192.168.66.115 | POST     /getResult
[2020-01-02 13:18:37] 自開彩開獎  {202001020267 6 37 true} 
ConfigData  map[port:3306 password:1qaz!QAZ charset:utf8 redisPort:6379 poolname:FA_MEM user:fa_db database:FA_MEM redisIp:192.168.88.119 redisPassword:"" redisDB:3 ip:192.168.88.181]
SqlString  SELECT RTP,Amount,Bonus  FROM M_RtpSetting  WHERE Sid = 1   AND State = 1   AND LTG_Code = 6 AND Gid = 37
sqlResult   map[result: count:0 state:0]
[2020-01-02 13:18:37] rtpData ------->   map[state:0 result: count:0] 
[GIN] 2020/01/02 - 13:18:37 | 200 |    2.482863ms |  192.168.66.115 | POST     /getResult
[2020-01-02 13:18:37] 自開彩開獎  {202001020799 4 40 true} 
ConfigData  map[ip:192.168.88.181 poolname:FA_MEM user:fa_db database:FA_MEM redisPassword:"" port:3306 password:1qaz!QAZ charset:utf8 redisIp:192.168.88.119 redisPort:6379 redisDB:3]
SqlString  SELECT RTP,Amount,Bonus  FROM M_RtpSetting  WHERE Sid = 1   AND State = 1   AND LTG_Code = 4 AND Gid = 40
sqlResult   map[result: count:0 state:0]
[2020-01-02 13:18:37] rtpData ------->   map[result: count:0 state:0] 
[GIN] 2020/01/02 - 13:18:37 | 200 |    2.405546ms |  192.168.66.115 | POST     /getResult
[2020-01-02 13:18:38] 自開彩開獎  {202001020799 5 38 true} 
ConfigData  map[redisDB:3 poolname:FA_MEM port:3306 user:fa_db database:FA_MEM redisIp:192.168.88.119 ip:192.168.88.181 password:1qaz!QAZ charset:utf8 redisPort:6379 redisPassword:""]
SqlString  SELECT RTP,Amount,Bonus  FROM M_RtpSetting  WHERE Sid = 1   AND State = 1   AND LTG_Code = 5 AND Gid = 38
sqlResult   map[result: count:0 state:0]
[2020-01-02 13:18:38] rtpData ------->   map[state:0 result: count:0] 
[GIN] 2020/01/02 - 13:18:38 | 200 |    3.115125ms |  192.168.66.115 | POST     /getResult
[2020-01-02 13:18:38] 自開彩開獎  {202001020267 4 41 true} 
ConfigData  map[ip:192.168.88.181 user:fa_db database:FA_MEM charset:utf8 redisPassword:"" redisDB:3 poolname:FA_MEM port:3306 password:1qaz!QAZ redisIp:192.168.88.119 redisPort:6379]
SqlString  SELECT RTP,Amount,Bonus  FROM M_RtpSetting  WHERE Sid = 1   AND State = 1   AND LTG_Code = 4 AND Gid = 41
sqlResult   map[count:0 state:0 result:]
[2020-01-02 13:18:38] rtpData ------->   map[result: count:0 state:0] 
[GIN] 2020/01/02 - 13:18:38 | 200 |    2.260391ms |  192.168.66.115 | POST     /getResult
[2020-01-02 13:18:40] 自開彩開獎  {202001020267 1 35 true} 
ConfigData  map[redisPort:6379 redisPassword:"" poolname:FA_MEM password:1qaz!QAZ charset:utf8 database:FA_MEM redisIp:192.168.88.119 redisDB:3 ip:192.168.88.181 port:3306 user:fa_db]
SqlString  SELECT RTP,Amount,Bonus  FROM M_RtpSetting  WHERE Sid = 1   AND State = 1   AND LTG_Code = 1 AND Gid = 35
sqlResult   map[result: count:0 state:0]
[2020-01-02 13:18:40] rtpData ------->   map[result: count:0 state:0] 
[GIN] 2020/01/02 - 13:18:40 | 200 |    2.595755ms |  192.168.66.115 | POST     /getResult
[2020-01-02 13:18:41] 自開彩開獎  {202001020799 6 36 true} 
ConfigData  map[redisDB:3 ip:192.168.88.181 database:FA_MEM redisPort:6379 redisPassword:"" charset:utf8 redisIp:192.168.88.119 poolname:FA_MEM port:3306 user:fa_db password:1qaz!QAZ]
SqlString  SELECT RTP,Amount,Bonus  FROM M_RtpSetting  WHERE Sid = 1   AND State = 1   AND LTG_Code = 6 AND Gid = 36
sqlResult   map[state:0 result: count:0]
[2020-01-02 13:18:41] rtpData ------->   map[result: count:0 state:0] 
[GIN] 2020/01/02 - 13:18:41 | 200 |    2.468386ms |  192.168.66.115 | POST     /getResult
[2020-01-02 13:18:42] 自開彩開獎  {202001020799 1 34 true} 
ConfigData  map[port:3306 charset:utf8 redisPort:6379 redisPassword:"" redisDB:3 ip:192.168.88.181 poolname:FA_MEM user:fa_db password:1qaz!QAZ database:FA_MEM redisIp:192.168.88.119]
SqlString  SELECT RTP,Amount,Bonus  FROM M_RtpSetting  WHERE Sid = 1   AND State = 1   AND LTG_Code = 1 AND Gid = 34
sqlResult   map[state:0 result: count:0]
[2020-01-02 13:18:42] rtpData ------->   map[result: count:0 state:0] 
[GIN] 2020/01/02 - 13:18:42 | 200 |    2.527499ms |  192.168.66.115 | POST     /getResult
[2020-01-02 13:18:43] 自開彩開獎  {202001020267 6 37 true} 
ConfigData  map[ip:192.168.88.181 port:3306 charset:utf8 redisPort:6379 redisPassword:"" redisDB:3 poolname:FA_MEM user:fa_db password:1qaz!QAZ database:FA_MEM redisIp:192.168.88.119]
SqlString  SELECT RTP,Amount,Bonus  FROM M_RtpSetting  WHERE Sid = 1   AND State = 1   AND LTG_Code = 6 AND Gid = 37
sqlResult   map[result: count:0 state:0]
[2020-01-02 13:18:43] rtpData ------->   map[count:0 state:0 result:] 
[GIN] 2020/01/02 - 13:18:43 | 200 |    2.926851ms |  192.168.66.115 | POST     /getResult
[2020-01-02 13:18:43] 自開彩開獎  {202001020799 4 40 true} 
ConfigData  map[port:3306 redisIp:192.168.88.119 redisPort:6379 redisPassword:"" redisDB:3 ip:192.168.88.181 poolname:FA_MEM user:fa_db password:1qaz!QAZ database:FA_MEM charset:utf8]
SqlString  SELECT RTP,Amount,Bonus  FROM M_RtpSetting  WHERE Sid = 1   AND State = 1   AND LTG_Code = 4 AND Gid = 40
sqlResult   map[result: count:0 state:0]
[2020-01-02 13:18:43] rtpData ------->   map[result: count:0 state:0] 
[GIN] 2020/01/02 - 13:18:43 | 200 |    2.529765ms |  192.168.66.115 | POST     /getResult
[2020-01-02 13:18:44] 自開彩開獎  {202001020799 5 38 true} 
ConfigData  map[poolname:FA_MEM port:3306 redisIp:192.168.88.119 redisPort:6379 redisPassword:"" ip:192.168.88.181 user:fa_db password:1qaz!QAZ database:FA_MEM charset:utf8 redisDB:3]
SqlString  SELECT RTP,Amount,Bonus  FROM M_RtpSetting  WHERE Sid = 1   AND State = 1   AND LTG_Code = 5 AND Gid = 38
sqlResult   map[result: count:0 state:0]
[2020-01-02 13:18:44] rtpData ------->   map[state:0 result: count:0] 
[GIN] 2020/01/02 - 13:18:44 | 200 |    2.384634ms |  192.168.66.115 | POST     /getResult
[2020-01-02 13:18:44] 自開彩開獎  {202001020267 4 41 true} 
ConfigData  map[database:FA_MEM redisIp:192.168.88.119 redisPort:6379 redisPassword:"" redisDB:3 ip:192.168.88.181 poolname:FA_MEM password:1qaz!QAZ charset:utf8 port:3306 user:fa_db]
SqlString  SELECT RTP,Amount,Bonus  FROM M_RtpSetting  WHERE Sid = 1   AND State = 1   AND LTG_Code = 4 AND Gid = 41
sqlResult   map[result: count:0 state:0]
[2020-01-02 13:18:44] rtpData ------->   map[result: count:0 state:0] 
[GIN] 2020/01/02 - 13:18:44 | 200 |     2.94899ms |  192.168.66.115 | POST     /getResult
[2020-01-02 13:18:46] 自開彩開獎  {202001020267 1 35 true} 
ConfigData  map[port:3306 user:fa_db password:1qaz!QAZ database:FA_MEM redisIp:192.168.88.119 redisPort:6379 redisDB:3 poolname:FA_MEM charset:utf8 redisPassword:"" ip:192.168.88.181]
SqlString  SELECT RTP,Amount,Bonus  FROM M_RtpSetting  WHERE Sid = 1   AND State = 1   AND LTG_Code = 1 AND Gid = 35
sqlResult   map[result: count:0 state:0]
[2020-01-02 13:18:46] rtpData ------->   map[result: count:0 state:0] 
[GIN] 2020/01/02 - 13:18:46 | 200 |    2.334879ms |  192.168.66.115 | POST     /getResult
[2020-01-02 13:18:47] 自開彩開獎  {202001020799 6 36 true} 
ConfigData  map[ip:192.168.88.181 poolname:FA_MEM port:3306 password:1qaz!QAZ redisPassword:"" redisDB:3 user:fa_db database:FA_MEM charset:utf8 redisIp:192.168.88.119 redisPort:6379]
SqlString  SELECT RTP,Amount,Bonus  FROM M_RtpSetting  WHERE Sid = 1   AND State = 1   AND LTG_Code = 6 AND Gid = 36
sqlResult   map[result: count:0 state:0]
[2020-01-02 13:18:47] rtpData ------->   map[result: count:0 state:0] 
[GIN] 2020/01/02 - 13:18:47 | 200 |    3.144297ms |  192.168.66.115 | POST     /getResult
[2020-01-02 13:18:48] 自開彩開獎  {202001020799 1 34 true} 
ConfigData  map[ip:192.168.88.181 poolname:FA_MEM port:3306 redisIp:192.168.88.119 redisDB:3 user:fa_db password:1qaz!QAZ database:FA_MEM charset:utf8 redisPort:6379 redisPassword:""]
SqlString  SELECT RTP,Amount,Bonus  FROM M_RtpSetting  WHERE Sid = 1   AND State = 1   AND LTG_Code = 1 AND Gid = 34
sqlResult   map[state:0 result: count:0]
[2020-01-02 13:18:48] rtpData ------->   map[result: count:0 state:0] 
[GIN] 2020/01/02 - 13:18:48 | 200 |    2.959976ms |  192.168.66.115 | POST     /getResult
[2020-01-02 13:18:49] 自開彩開獎  {202001020267 6 37 true} 
ConfigData  map[ip:192.168.88.181 user:fa_db password:1qaz!QAZ database:FA_MEM charset:utf8 redisIp:192.168.88.119 poolname:FA_MEM port:3306 redisPort:6379 redisPassword:"" redisDB:3]
SqlString  SELECT RTP,Amount,Bonus  FROM M_RtpSetting  WHERE Sid = 1   AND State = 1   AND LTG_Code = 6 AND Gid = 37
sqlResult   map[result: count:0 state:0]
[2020-01-02 13:18:49] rtpData ------->   map[state:0 result: count:0] 
[GIN] 2020/01/02 - 13:18:49 | 200 |    2.487285ms |  192.168.66.115 | POST     /getResult
[2020-01-02 13:18:49] 自開彩開獎  {202001020799 4 40 true} 
ConfigData  map[ip:192.168.88.181 poolname:FA_MEM user:fa_db database:FA_MEM redisPort:6379 redisDB:3 port:3306 password:1qaz!QAZ charset:utf8 redisIp:192.168.88.119 redisPassword:""]
SqlString  SELECT RTP,Amount,Bonus  FROM M_RtpSetting  WHERE Sid = 1   AND State = 1   AND LTG_Code = 4 AND Gid = 40
sqlResult   map[result: count:0 state:0]
[2020-01-02 13:18:49] rtpData ------->   map[result: count:0 state:0] 
[GIN] 2020/01/02 - 13:18:49 | 200 |    2.217652ms |  192.168.66.115 | POST     /getResult
[2020-01-02 13:18:50] 自開彩開獎  {202001020799 5 38 true} 
ConfigData  map[redisIp:192.168.88.119 redisPort:6379 redisPassword:"" poolname:FA_MEM port:3306 user:fa_db password:1qaz!QAZ database:FA_MEM ip:192.168.88.181 charset:utf8 redisDB:3]
SqlString  SELECT RTP,Amount,Bonus  FROM M_RtpSetting  WHERE Sid = 1   AND State = 1   AND LTG_Code = 5 AND Gid = 38
sqlResult   map[state:0 result: count:0]
[2020-01-02 13:18:50] rtpData ------->   map[result: count:0 state:0] 
[GIN] 2020/01/02 - 13:18:50 | 200 |    2.196292ms |  192.168.66.115 | POST     /getResult
[2020-01-02 13:18:50] 自開彩開獎  {202001020267 4 41 true} 
ConfigData  map[charset:utf8 redisIp:192.168.88.119 redisPassword:"" ip:192.168.88.181 poolname:FA_MEM port:3306 user:fa_db database:FA_MEM password:1qaz!QAZ redisPort:6379 redisDB:3]
SqlString  SELECT RTP,Amount,Bonus  FROM M_RtpSetting  WHERE Sid = 1   AND State = 1   AND LTG_Code = 4 AND Gid = 41
sqlResult   map[result: count:0 state:0]
[2020-01-02 13:18:50] rtpData ------->   map[state:0 result: count:0] 
[GIN] 2020/01/02 - 13:18:50 | 200 |     2.64657ms |  192.168.66.115 | POST     /getResult
[2020-01-02 13:18:52] 自開彩開獎  {202001020267 1 35 true} 
ConfigData  map[redisDB:3 ip:192.168.88.181 user:fa_db redisPassword:"" database:FA_MEM charset:utf8 redisIp:192.168.88.119 redisPort:6379 poolname:FA_MEM port:3306 password:1qaz!QAZ]
SqlString  SELECT RTP,Amount,Bonus  FROM M_RtpSetting  WHERE Sid = 1   AND State = 1   AND LTG_Code = 1 AND Gid = 35
sqlResult   map[result: count:0 state:0]
[2020-01-02 13:18:52] rtpData ------->   map[count:0 state:0 result:] 
[GIN] 2020/01/02 - 13:18:52 | 200 |    2.347706ms |  192.168.66.115 | POST     /getResult
[2020-01-02 13:18:53] 自開彩開獎  {202001020799 6 36 true} 
ConfigData  map[poolname:FA_MEM password:1qaz!QAZ database:FA_MEM charset:utf8 redisDB:3 redisPassword:"" ip:192.168.88.181 port:3306 user:fa_db redisIp:192.168.88.119 redisPort:6379]
SqlString  SELECT RTP,Amount,Bonus  FROM M_RtpSetting  WHERE Sid = 1   AND State = 1   AND LTG_Code = 6 AND Gid = 36
sqlResult   map[count:0 state:0 result:]
[2020-01-02 13:18:53] rtpData ------->   map[result: count:0 state:0] 
[GIN] 2020/01/02 - 13:18:53 | 200 |    2.533609ms |  192.168.66.115 | POST     /getResult
[2020-01-02 13:18:54] 自開彩開獎  {202001020799 1 34 true} 
ConfigData  map[poolname:FA_MEM port:3306 user:fa_db database:FA_MEM redisDB:3 ip:192.168.88.181 password:1qaz!QAZ charset:utf8 redisIp:192.168.88.119 redisPort:6379 redisPassword:""]
SqlString  SELECT RTP,Amount,Bonus  FROM M_RtpSetting  WHERE Sid = 1   AND State = 1   AND LTG_Code = 1 AND Gid = 34
sqlResult   map[result: count:0 state:0]
[2020-01-02 13:18:54] rtpData ------->   map[state:0 result: count:0] 
[GIN] 2020/01/02 - 13:18:54 | 200 |    2.935114ms |  192.168.66.115 | POST     /getResult
[2020-01-02 13:18:55] 自開彩開獎  {202001020267 6 37 true} 
ConfigData  map[redisPort:6379 redisDB:3 port:3306 password:1qaz!QAZ database:FA_MEM redisIp:192.168.88.119 redisPassword:"" ip:192.168.88.181 poolname:FA_MEM user:fa_db charset:utf8]
SqlString  SELECT RTP,Amount,Bonus  FROM M_RtpSetting  WHERE Sid = 1   AND State = 1   AND LTG_Code = 6 AND Gid = 37
sqlResult   map[result: count:0 state:0]
[2020-01-02 13:18:55] rtpData ------->   map[result: count:0 state:0] 
[GIN] 2020/01/02 - 13:18:55 | 200 |    2.440287ms |  192.168.66.115 | POST     /getResult
[2020-01-02 13:18:55] 自開彩開獎  {202001020799 4 40 true} 
ConfigData  map[poolname:FA_MEM port:3306 user:fa_db charset:utf8 redisIp:192.168.88.119 redisPort:6379 redisDB:3 ip:192.168.88.181 password:1qaz!QAZ database:FA_MEM redisPassword:""]
SqlString  SELECT RTP,Amount,Bonus  FROM M_RtpSetting  WHERE Sid = 1   AND State = 1   AND LTG_Code = 4 AND Gid = 40
sqlResult   map[result: count:0 state:0]
[2020-01-02 13:18:55] rtpData ------->   map[result: count:0 state:0] 
[GIN] 2020/01/02 - 13:18:55 | 200 |     2.26268ms |  192.168.66.115 | POST     /getResult
[2020-01-02 13:18:56] 自開彩開獎  {202001020799 5 38 true} 
ConfigData  map[redisDB:3 port:3306 password:1qaz!QAZ redisIp:192.168.88.119 redisPort:6379 redisPassword:"" ip:192.168.88.181 poolname:FA_MEM user:fa_db database:FA_MEM charset:utf8]
SqlString  SELECT RTP,Amount,Bonus  FROM M_RtpSetting  WHERE Sid = 1   AND State = 1   AND LTG_Code = 5 AND Gid = 38
sqlResult   map[result: count:0 state:0]
[2020-01-02 13:18:56] rtpData ------->   map[result: count:0 state:0] 
[GIN] 2020/01/02 - 13:18:56 | 200 |     5.39189ms |  192.168.66.115 | POST     /getResult
[2020-01-02 13:18:56] 自開彩開獎  {202001020267 4 41 true} 
ConfigData  map[database:FA_MEM charset:utf8 redisIp:192.168.88.119 redisPort:6379 redisPassword:"" ip:192.168.88.181 port:3306 user:fa_db password:1qaz!QAZ redisDB:3 poolname:FA_MEM]
SqlString  SELECT RTP,Amount,Bonus  FROM M_RtpSetting  WHERE Sid = 1   AND State = 1   AND LTG_Code = 4 AND Gid = 41
sqlResult   map[result: count:0 state:0]
[2020-01-02 13:18:56] rtpData ------->   map[count:0 state:0 result:] 
[GIN] 2020/01/02 - 13:18:56 | 200 |    4.789463ms |  192.168.66.115 | POST     /getResult
[2020-01-02 13:18:58] 自開彩開獎  {202001020267 1 35 true} 
ConfigData  map[database:FA_MEM charset:utf8 redisIp:192.168.88.119 redisPassword:"" redisDB:3 ip:192.168.88.181 port:3306 password:1qaz!QAZ redisPort:6379 poolname:FA_MEM user:fa_db]
SqlString  SELECT RTP,Amount,Bonus  FROM M_RtpSetting  WHERE Sid = 1   AND State = 1   AND LTG_Code = 1 AND Gid = 35
sqlResult   map[result: count:0 state:0]
[2020-01-02 13:18:58] rtpData ------->   map[count:0 state:0 result:] 
[GIN] 2020/01/02 - 13:18:58 | 200 |    2.542182ms |  192.168.66.115 | POST     /getResult
[2020-01-02 13:18:59] 自開彩開獎  {202001020799 6 36 true} 
ConfigData  map[ip:192.168.88.181 user:fa_db password:1qaz!QAZ poolname:FA_MEM port:3306 database:FA_MEM charset:utf8 redisIp:192.168.88.119 redisPort:6379 redisPassword:"" redisDB:3]
SqlString  SELECT RTP,Amount,Bonus  FROM M_RtpSetting  WHERE Sid = 1   AND State = 1   AND LTG_Code = 6 AND Gid = 36
sqlResult   map[count:0 state:0 result:]
[2020-01-02 13:18:59] rtpData ------->   map[result: count:0 state:0] 
[GIN] 2020/01/02 - 13:18:59 | 200 |    2.774793ms |  192.168.66.115 | POST     /getResult
[2020-01-02 13:19:00] 自開彩開獎  {202001020799 1 34 true} 
ConfigData  map[poolname:FA_MEM user:fa_db password:1qaz!QAZ redisIp:192.168.88.119 redisDB:3 ip:192.168.88.181 port:3306 database:FA_MEM charset:utf8 redisPort:6379 redisPassword:""]
SqlString  SELECT RTP,Amount,Bonus  FROM M_RtpSetting  WHERE Sid = 1   AND State = 1   AND LTG_Code = 1 AND Gid = 34
sqlResult   map[result: count:0 state:0]
[2020-01-02 13:19:00] rtpData ------->   map[result: count:0 state:0] 
[GIN] 2020/01/02 - 13:19:00 | 200 |    2.581788ms |  192.168.66.115 | POST     /getResult
[2020-01-02 13:19:01] 自開彩開獎  {202001020267 6 37 true} 
ConfigData  map[user:fa_db database:FA_MEM redisIp:192.168.88.119 redisDB:3 redisPort:6379 redisPassword:"" ip:192.168.88.181 poolname:FA_MEM port:3306 password:1qaz!QAZ charset:utf8]
SqlString  SELECT RTP,Amount,Bonus  FROM M_RtpSetting  WHERE Sid = 1   AND State = 1   AND LTG_Code = 6 AND Gid = 37
sqlResult   map[count:0 state:0 result:]
[2020-01-02 13:19:01] rtpData ------->   map[count:0 state:0 result:] 
[GIN] 2020/01/02 - 13:19:01 | 200 |    2.252203ms |  192.168.66.115 | POST     /getResult
[2020-01-02 13:19:01] 自開彩開獎  {202001020799 4 40 true} 
ConfigData  map[poolname:FA_MEM port:3306 database:FA_MEM redisIp:192.168.88.119 redisDB:3 ip:192.168.88.181 user:fa_db password:1qaz!QAZ charset:utf8 redisPort:6379 redisPassword:""]
SqlString  SELECT RTP,Amount,Bonus  FROM M_RtpSetting  WHERE Sid = 1   AND State = 1   AND LTG_Code = 4 AND Gid = 40
sqlResult   map[result: count:0 state:0]
[2020-01-02 13:19:01] rtpData ------->   map[state:0 result: count:0] 
[GIN] 2020/01/02 - 13:19:01 | 200 |    2.663445ms |  192.168.66.115 | POST     /getResult
[2020-01-02 13:19:01] 自開彩開獎  {202001020800 2 26 true} 
ConfigData  map[database:FA_MEM charset:utf8 redisPassword:"" redisDB:3 port:3306 password:1qaz!QAZ user:fa_db redisIp:192.168.88.119 redisPort:6379 ip:192.168.88.181 poolname:FA_MEM]
SqlString  SELECT RTP,Amount,Bonus  FROM M_RtpSetting  WHERE Sid = 1   AND State = 1   AND LTG_Code = 2 AND Gid = 26
sqlResult   map[state:1 amount:1.0069588e+06 bonus:908100.71 result:0.9600 count:1]
[2020-01-02 13:19:01] rtpData ------->   map[state:1 amount:1.0069588e+06 bonus:908100.71 result:0.9600 count:1] 
ConfigData  map[ip:192.168.88.181 poolname:FA_MEM port:3306 database:FA_MEM redisDB:3 user:fa_db password:1qaz!QAZ charset:utf8 redisIp:192.168.88.119 redisPort:6379 redisPassword:""]
SELECT BO_No, BO_OrderNo , BO_User , BO_Issue  , BO_LotteryTypeGroup, BO_LotteryType, BO_Mode, BO_LotteryPlayGroup, BO_LotteryPlay , BO_LotteryContent, BO_Price, BO_RealPrice, BO_Unit, BO_Multiple , BO_BetCount  , BO_Winnings, BO_Winnings2, BO_Winnings3, BO_WinningLimit  , BO_Water , BO_BW_SourceUserId, BO_BW_BackWater, BO_BW_LimitBetCount, BO_BW_MaxAmount, BO_BW_AuditMultiple  , BO_Odds, BO_Odds2, BO_Odds3 , BO_Type, BO_Chase , BO_OpenResult, BO_OpenResult2, BO_DateDraw, BO_DateDraw2, BO_DateUpdate  FROM TS_BetOrder  WHERE BO_Cancel = 0   AND BO_CancelBackend = 0   AND BO_LotteryTypeGroup = 2 AND BO_LotteryType = 26 AND BO_Issue = 202001020800 AND BO_Collect = 0 ORDER BY BO_DateDraw ASC, BO_DateCreate ASC, BO_DateUpdate ASC, BO_No ASC ;
[2020-01-02 13:19:01] LottteryTypeGroup 2 
[2020-01-02 13:19:01] 有期號 但無注單 -------> map[bonus:0 thisOpenResult:[7 9 1 6 7] amount:0] 
[GIN] 2020/01/02 - 13:19:01 | 200 |    5.333809ms |  192.168.66.115 | POST     /getResult
[2020-01-02 13:19:02] 自開彩開獎  {202001020799 5 38 true} 
ConfigData  map[ip:192.168.88.181 port:3306 charset:utf8 redisPassword:"" poolname:FA_MEM user:fa_db password:1qaz!QAZ database:FA_MEM redisIp:192.168.88.119 redisPort:6379 redisDB:3]
SqlString  SELECT RTP,Amount,Bonus  FROM M_RtpSetting  WHERE Sid = 1   AND State = 1   AND LTG_Code = 5 AND Gid = 38
sqlResult   map[count:0 state:0 result:]
[2020-01-02 13:19:02] rtpData ------->   map[result: count:0 state:0] 
[GIN] 2020/01/02 - 13:19:02 | 200 |    2.075202ms |  192.168.66.115 | POST     /getResult
[2020-01-02 13:19:02] 自開彩開獎  {202001020267 4 41 true} 
ConfigData  map[charset:utf8 redisIp:192.168.88.119 redisPort:6379 poolname:FA_MEM port:3306 password:1qaz!QAZ redisPassword:"" redisDB:3 ip:192.168.88.181 user:fa_db database:FA_MEM]
SqlString  SELECT RTP,Amount,Bonus  FROM M_RtpSetting  WHERE Sid = 1   AND State = 1   AND LTG_Code = 4 AND Gid = 41
sqlResult   map[count:0 state:0 result:]
[2020-01-02 13:19:02] rtpData ------->   map[count:0 state:0 result:] 
[GIN] 2020/01/02 - 13:19:02 | 200 |    2.484429ms |  192.168.66.115 | POST     /getResult
[2020-01-02 13:19:04] 自開彩開獎  {202001020267 1 35 true} 
ConfigData  map[poolname:FA_MEM user:fa_db password:1qaz!QAZ redisPort:6379 redisIp:192.168.88.119 redisPassword:"" redisDB:3 ip:192.168.88.181 port:3306 database:FA_MEM charset:utf8]
SqlString  SELECT RTP,Amount,Bonus  FROM M_RtpSetting  WHERE Sid = 1   AND State = 1   AND LTG_Code = 1 AND Gid = 35
sqlResult   map[result: count:0 state:0]
[2020-01-02 13:19:04] rtpData ------->   map[result: count:0 state:0] 
[GIN] 2020/01/02 - 13:19:04 | 200 |    2.710404ms |  192.168.66.115 | POST     /getResult
[2020-01-02 13:19:05] 自開彩開獎  {202001020799 6 36 true} 
ConfigData  map[redisDB:3 password:1qaz!QAZ database:FA_MEM charset:utf8 redisIp:192.168.88.119 ip:192.168.88.181 poolname:FA_MEM port:3306 user:fa_db redisPort:6379 redisPassword:""]
SqlString  SELECT RTP,Amount,Bonus  FROM M_RtpSetting  WHERE Sid = 1   AND State = 1   AND LTG_Code = 6 AND Gid = 36
sqlResult   map[result: count:0 state:0]
[2020-01-02 13:19:05] rtpData ------->   map[result: count:0 state:0] 
[GIN] 2020/01/02 - 13:19:05 | 200 |     3.17618ms |  192.168.66.115 | POST     /getResult
[2020-01-02 13:19:06] 自開彩開獎  {202001020800 1 34 true} 
ConfigData  map[password:1qaz!QAZ database:FA_MEM redisPort:6379 redisPassword:"" poolname:FA_MEM port:3306 charset:utf8 redisIp:192.168.88.119 redisDB:3 ip:192.168.88.181 user:fa_db]
SqlString  SELECT RTP,Amount,Bonus  FROM M_RtpSetting  WHERE Sid = 1   AND State = 1   AND LTG_Code = 1 AND Gid = 34
sqlResult   map[result: count:0 state:0]
[2020-01-02 13:19:06] rtpData ------->   map[result: count:0 state:0] 
[GIN] 2020/01/02 - 13:19:06 | 200 |    7.816536ms |  192.168.66.115 | POST     /getResult
[2020-01-02 13:19:07] 自開彩開獎  {202001020800 4 40 true} 
ConfigData  map[redisPassword:"" redisDB:3 ip:192.168.88.181 port:3306 user:fa_db charset:utf8 redisPort:6379 poolname:FA_MEM password:1qaz!QAZ database:FA_MEM redisIp:192.168.88.119]
SqlString  SELECT RTP,Amount,Bonus  FROM M_RtpSetting  WHERE Sid = 1   AND State = 1   AND LTG_Code = 4 AND Gid = 40
sqlResult   map[result: count:0 state:0]
[2020-01-02 13:19:07] rtpData ------->   map[result: count:0 state:0] 
[GIN] 2020/01/02 - 13:19:07 | 200 |    5.474682ms |  192.168.66.115 | POST     /getResult
[2020-01-02 13:19:08] 自開彩開獎  {202001020800 5 38 true} 
ConfigData  map[password:1qaz!QAZ charset:utf8 redisIp:192.168.88.119 redisPort:6379 redisPassword:"" poolname:FA_MEM port:3306 user:fa_db redisDB:3 ip:192.168.88.181 database:FA_MEM]
SqlString  SELECT RTP,Amount,Bonus  FROM M_RtpSetting  WHERE Sid = 1   AND State = 1   AND LTG_Code = 5 AND Gid = 38
sqlResult   map[result: count:0 state:0]
[2020-01-02 13:19:08] rtpData ------->   map[result: count:0 state:0] 
[GIN] 2020/01/02 - 13:19:08 | 200 |    2.316986ms |  192.168.66.115 | POST     /getResult
[2020-01-02 13:19:08] 自開彩開獎  {202001020267 4 41 true} 
ConfigData  map[password:1qaz!QAZ database:FA_MEM redisIp:192.168.88.119 redisPassword:"" ip:192.168.88.181 poolname:FA_MEM charset:utf8 redisPort:6379 redisDB:3 port:3306 user:fa_db]
SqlString  SELECT RTP,Amount,Bonus  FROM M_RtpSetting  WHERE Sid = 1   AND State = 1   AND LTG_Code = 4 AND Gid = 41
sqlResult   map[result: count:0 state:0]
[2020-01-02 13:19:08] rtpData ------->   map[count:0 state:0 result:] 
[GIN] 2020/01/02 - 13:19:08 | 200 |    3.494382ms |  192.168.66.115 | POST     /getResult
[2020-01-02 13:19:10] 自開彩開獎  {202001020267 1 35 true} 
ConfigData  map[port:3306 password:1qaz!QAZ database:FA_MEM redisIp:192.168.88.119 redisPort:6379 ip:192.168.88.181 user:fa_db charset:utf8 redisPassword:"" redisDB:3 poolname:FA_MEM]
SqlString  SELECT RTP,Amount,Bonus  FROM M_RtpSetting  WHERE Sid = 1   AND State = 1   AND LTG_Code = 1 AND Gid = 35
sqlResult   map[result: count:0 state:0]
[2020-01-02 13:19:10] rtpData ------->   map[result: count:0 state:0] 
[GIN] 2020/01/02 - 13:19:10 | 200 |    2.188406ms |  192.168.66.115 | POST     /getResult
[2020-01-02 13:19:11] 自開彩開獎  {202001020800 6 36 true} 
ConfigData  map[ip:192.168.88.181 password:1qaz!QAZ database:FA_MEM charset:utf8 redisPort:6379 poolname:FA_MEM port:3306 user:fa_db redisIp:192.168.88.119 redisPassword:"" redisDB:3]
SqlString  SELECT RTP,Amount,Bonus  FROM M_RtpSetting  WHERE Sid = 1   AND State = 1   AND LTG_Code = 6 AND Gid = 36
sqlResult   map[state:0 result: count:0]
[2020-01-02 13:19:11] rtpData ------->   map[state:0 result: count:0] 
[GIN] 2020/01/02 - 13:19:11 | 200 |    2.284966ms |  192.168.66.115 | POST     /getResult
[2020-01-02 13:19:12] 自開彩開獎  {202001020800 1 34 true} 
ConfigData  map[user:fa_db password:1qaz!QAZ charset:utf8 redisPort:6379 ip:192.168.88.181 poolname:FA_MEM port:3306 database:FA_MEM redisIp:192.168.88.119 redisPassword:"" redisDB:3]
SqlString  SELECT RTP,Amount,Bonus  FROM M_RtpSetting  WHERE Sid = 1   AND State = 1   AND LTG_Code = 1 AND Gid = 34
sqlResult   map[state:0 result: count:0]
[2020-01-02 13:19:12] rtpData ------->   map[state:0 result: count:0] 
[GIN] 2020/01/02 - 13:19:12 | 200 |     2.87186ms |  192.168.66.115 | POST     /getResult
[2020-01-02 13:19:13] 自開彩開獎  {202001020800 4 40 true} 
ConfigData  map[charset:utf8 redisIp:192.168.88.119 redisDB:3 ip:192.168.88.181 user:fa_db password:1qaz!QAZ database:FA_MEM redisPort:6379 redisPassword:"" poolname:FA_MEM port:3306]
SqlString  SELECT RTP,Amount,Bonus  FROM M_RtpSetting  WHERE Sid = 1   AND State = 1   AND LTG_Code = 4 AND Gid = 40
sqlResult   map[result: count:0 state:0]
[2020-01-02 13:19:13] rtpData ------->   map[result: count:0 state:0] 
[GIN] 2020/01/02 - 13:19:13 | 200 |    2.133293ms |  192.168.66.115 | POST     /getResult
[2020-01-02 13:19:14] 自開彩開獎  {202001020800 5 38 true} 
ConfigData  map[poolname:FA_MEM port:3306 database:FA_MEM redisPassword:"" redisDB:3 ip:192.168.88.181 user:fa_db password:1qaz!QAZ charset:utf8 redisIp:192.168.88.119 redisPort:6379]
SqlString  SELECT RTP,Amount,Bonus  FROM M_RtpSetting  WHERE Sid = 1   AND State = 1   AND LTG_Code = 5 AND Gid = 38
sqlResult   map[result: count:0 state:0]
[2020-01-02 13:19:14] rtpData ------->   map[result: count:0 state:0] 
[GIN] 2020/01/02 - 13:19:14 | 200 |    2.598135ms |  192.168.66.115 | POST     /getResult
[2020-01-02 13:19:14] 自開彩開獎  {202001020267 4 41 true} 
ConfigData  map[database:FA_MEM charset:utf8 redisIp:192.168.88.119 redisPort:6379 redisPassword:"" ip:192.168.88.181 poolname:FA_MEM port:3306 redisDB:3 user:fa_db password:1qaz!QAZ]
SqlString  SELECT RTP,Amount,Bonus  FROM M_RtpSetting  WHERE Sid = 1   AND State = 1   AND LTG_Code = 4 AND Gid = 41
sqlResult   map[state:0 result: count:0]
[2020-01-02 13:19:14] rtpData ------->   map[result: count:0 state:0] 
[GIN] 2020/01/02 - 13:19:14 | 200 |    2.419762ms |  192.168.66.115 | POST     /getResult
[2020-01-02 13:19:16] 自開彩開獎  {202001020267 1 35 true} 
ConfigData  map[redisPort:6379 redisPassword:"" redisDB:3 ip:192.168.88.181 port:3306 user:fa_db charset:utf8 redisIp:192.168.88.119 poolname:FA_MEM password:1qaz!QAZ database:FA_MEM]
SqlString  SELECT RTP,Amount,Bonus  FROM M_RtpSetting  WHERE Sid = 1   AND State = 1   AND LTG_Code = 1 AND Gid = 35
sqlResult   map[result: count:0 state:0]
[2020-01-02 13:19:16] rtpData ------->   map[result: count:0 state:0] 
[GIN] 2020/01/02 - 13:19:16 | 200 |    8.525458ms |  192.168.66.115 | POST     /getResult
[2020-01-02 13:19:17] 自開彩開獎  {202001020800 6 36 true} 
ConfigData  map[redisPort:6379 redisPassword:"" ip:192.168.88.181 poolname:FA_MEM password:1qaz!QAZ database:FA_MEM charset:utf8 redisIp:192.168.88.119 redisDB:3 port:3306 user:fa_db]
SqlString  SELECT RTP,Amount,Bonus  FROM M_RtpSetting  WHERE Sid = 1   AND State = 1   AND LTG_Code = 6 AND Gid = 36
sqlResult   map[result: count:0 state:0]
[2020-01-02 13:19:17] rtpData ------->   map[result: count:0 state:0] 
[GIN] 2020/01/02 - 13:19:17 | 200 |    2.283166ms |  192.168.66.115 | POST     /getResult
[2020-01-02 13:19:18] 自開彩開獎  {202001020800 1 34 true} 
ConfigData  map[database:FA_MEM redisIp:192.168.88.119 redisPort:6379 redisPassword:"" redisDB:3 user:fa_db password:1qaz!QAZ port:3306 charset:utf8 ip:192.168.88.181 poolname:FA_MEM]
SqlString  SELECT RTP,Amount,Bonus  FROM M_RtpSetting  WHERE Sid = 1   AND State = 1   AND LTG_Code = 1 AND Gid = 34
sqlResult   map[result: count:0 state:0]
[2020-01-02 13:19:18] rtpData ------->   map[result: count:0 state:0] 
[GIN] 2020/01/02 - 13:19:18 | 200 |    3.365127ms |  192.168.66.115 | POST     /getResult
[2020-01-02 13:19:19] 自開彩開獎  {202001020800 4 40 true} 
ConfigData  map[redisPassword:"" user:fa_db password:1qaz!QAZ database:FA_MEM charset:utf8 redisPort:6379 ip:192.168.88.181 poolname:FA_MEM port:3306 redisIp:192.168.88.119 redisDB:3]
SqlString  SELECT RTP,Amount,Bonus  FROM M_RtpSetting  WHERE Sid = 1   AND State = 1   AND LTG_Code = 4 AND Gid = 40
sqlResult   map[result: count:0 state:0]
[2020-01-02 13:19:19] rtpData ------->   map[state:0 result: count:0] 
[GIN] 2020/01/02 - 13:19:19 | 200 |    2.695466ms |  192.168.66.115 | POST     /getResult
[2020-01-02 13:19:20] 自開彩開獎  {202001020800 5 38 true} 
ConfigData  map[ip:192.168.88.181 port:3306 redisIp:192.168.88.119 redisPassword:"" redisDB:3 poolname:FA_MEM user:fa_db password:1qaz!QAZ database:FA_MEM charset:utf8 redisPort:6379]
SqlString  SELECT RTP,Amount,Bonus  FROM M_RtpSetting  WHERE Sid = 1   AND State = 1   AND LTG_Code = 5 AND Gid = 38
sqlResult   map[result: count:0 state:0]
[2020-01-02 13:19:20] rtpData ------->   map[result: count:0 state:0] 
[GIN] 2020/01/02 - 13:19:20 | 200 |    2.434179ms |  192.168.66.115 | POST     /getResult
[2020-01-02 13:19:20] 自開彩開獎  {202001020267 4 41 true} 
ConfigData  map[password:1qaz!QAZ database:FA_MEM charset:utf8 redisIp:192.168.88.119 redisPassword:"" redisDB:3 poolname:FA_MEM port:3306 redisPort:6379 ip:192.168.88.181 user:fa_db]
SqlString  SELECT RTP,Amount,Bonus  FROM M_RtpSetting  WHERE Sid = 1   AND State = 1   AND LTG_Code = 4 AND Gid = 41
sqlResult   map[result: count:0 state:0]
[2020-01-02 13:19:20] rtpData ------->   map[result: count:0 state:0] 
[GIN] 2020/01/02 - 13:19:20 | 200 |    2.574368ms |  192.168.66.115 | POST     /getResult
[2020-01-02 13:19:22] 自開彩開獎  {202001020267 1 35 true} 
ConfigData  map[user:fa_db database:FA_MEM charset:utf8 redisIp:192.168.88.119 redisPassword:"" ip:192.168.88.181 poolname:FA_MEM port:3306 password:1qaz!QAZ redisPort:6379 redisDB:3]
SqlString  SELECT RTP,Amount,Bonus  FROM M_RtpSetting  WHERE Sid = 1   AND State = 1   AND LTG_Code = 1 AND Gid = 35
sqlResult   map[result: count:0 state:0]
[2020-01-02 13:19:22] rtpData ------->   map[result: count:0 state:0] 
[GIN] 2020/01/02 - 13:19:22 | 200 |    2.530996ms |  192.168.66.115 | POST     /getResult
[2020-01-02 13:19:23] 自開彩開獎  {202001020800 6 36 true} 
ConfigData  map[redisDB:3 ip:192.168.88.181 user:fa_db password:1qaz!QAZ redisPort:6379 redisIp:192.168.88.119 redisPassword:"" poolname:FA_MEM port:3306 database:FA_MEM charset:utf8]
SqlString  SELECT RTP,Amount,Bonus  FROM M_RtpSetting  WHERE Sid = 1   AND State = 1   AND LTG_Code = 6 AND Gid = 36
sqlResult   map[result: count:0 state:0]
[2020-01-02 13:19:23] rtpData ------->   map[result: count:0 state:0] 
[GIN] 2020/01/02 - 13:19:23 | 200 |    2.714602ms |  192.168.66.115 | POST     /getResult
[2020-01-02 13:19:24] 自開彩開獎  {202001020800 1 34 true} 
ConfigData  map[password:1qaz!QAZ redisDB:3 ip:192.168.88.181 port:3306 database:FA_MEM charset:utf8 redisIp:192.168.88.119 redisPort:6379 redisPassword:"" poolname:FA_MEM user:fa_db]
SqlString  SELECT RTP,Amount,Bonus  FROM M_RtpSetting  WHERE Sid = 1   AND State = 1   AND LTG_Code = 1 AND Gid = 34
sqlResult   map[result: count:0 state:0]
[2020-01-02 13:19:24] rtpData ------->   map[result: count:0 state:0] 
[GIN] 2020/01/02 - 13:19:24 | 200 |    2.635173ms |  192.168.66.115 | POST     /getResult
[2020-01-02 13:19:25] 自開彩開獎  {202001020800 4 40 true} 
ConfigData  map[ip:192.168.88.181 user:fa_db password:1qaz!QAZ charset:utf8 redisIp:192.168.88.119 redisPort:6379 poolname:FA_MEM port:3306 database:FA_MEM redisPassword:"" redisDB:3]
SqlString  SELECT RTP,Amount,Bonus  FROM M_RtpSetting  WHERE Sid = 1   AND State = 1   AND LTG_Code = 4 AND Gid = 40
sqlResult   map[result: count:0 state:0]
[2020-01-02 13:19:25] rtpData ------->   map[result: count:0 state:0] 
[GIN] 2020/01/02 - 13:19:25 | 200 |    5.318367ms |  192.168.66.115 | POST     /getResult
[2020-01-02 13:19:26] 自開彩開獎  {202001020800 5 38 true} 
ConfigData  map[redisDB:3 port:3306 password:1qaz!QAZ database:FA_MEM charset:utf8 redisIp:192.168.88.119 redisPort:6379 ip:192.168.88.181 poolname:FA_MEM user:fa_db redisPassword:""]
SqlString  SELECT RTP,Amount,Bonus  FROM M_RtpSetting  WHERE Sid = 1   AND State = 1   AND LTG_Code = 5 AND Gid = 38
sqlResult   map[result: count:0 state:0]
[2020-01-02 13:19:26] rtpData ------->   map[result: count:0 state:0] 
[GIN] 2020/01/02 - 13:19:26 | 200 |    7.746067ms |  192.168.66.115 | POST     /getResult
[2020-01-02 13:19:26] 自開彩開獎  {202001020267 4 41 true} 
ConfigData  map[redisPassword:"" ip:192.168.88.181 port:3306 password:1qaz!QAZ charset:utf8 redisIp:192.168.88.119 redisPort:6379 redisDB:3 poolname:FA_MEM user:fa_db database:FA_MEM]
SqlString  SELECT RTP,Amount,Bonus  FROM M_RtpSetting  WHERE Sid = 1   AND State = 1   AND LTG_Code = 4 AND Gid = 41
sqlResult   map[result: count:0 state:0]
[2020-01-02 13:19:26] rtpData ------->   map[result: count:0 state:0] 
[GIN] 2020/01/02 - 13:19:26 | 200 |    2.294054ms |  192.168.66.115 | POST     /getResult
[2020-01-02 13:19:28] 自開彩開獎  {202001020267 1 35 true} 
ConfigData  map[password:1qaz!QAZ database:FA_MEM redisPassword:"" user:fa_db charset:utf8 redisIp:192.168.88.119 redisPort:6379 redisDB:3 ip:192.168.88.181 poolname:FA_MEM port:3306]
SqlString  SELECT RTP,Amount,Bonus  FROM M_RtpSetting  WHERE Sid = 1   AND State = 1   AND LTG_Code = 1 AND Gid = 35
sqlResult   map[result: count:0 state:0]
[2020-01-02 13:19:28] rtpData ------->   map[count:0 state:0 result:] 
[GIN] 2020/01/02 - 13:19:28 | 200 |    2.430626ms |  192.168.66.115 | POST     /getResult
[2020-01-02 13:19:29] 自開彩開獎  {202001020800 6 36 true} 
ConfigData  map[redisPassword:"" ip:192.168.88.181 port:3306 user:fa_db password:1qaz!QAZ database:FA_MEM charset:utf8 redisIp:192.168.88.119 poolname:FA_MEM redisPort:6379 redisDB:3]
SqlString  SELECT RTP,Amount,Bonus  FROM M_RtpSetting  WHERE Sid = 1   AND State = 1   AND LTG_Code = 6 AND Gid = 36
sqlResult   map[result: count:0 state:0]
[2020-01-02 13:19:29] rtpData ------->   map[result: count:0 state:0] 
[GIN] 2020/01/02 - 13:19:29 | 200 |    2.776875ms |  192.168.66.115 | POST     /getResult
[2020-01-02 13:19:30] 自開彩開獎  {202001020800 1 34 true} 
ConfigData  map[redisDB:3 poolname:FA_MEM user:fa_db database:FA_MEM redisIp:192.168.88.119 redisPort:6379 ip:192.168.88.181 port:3306 password:1qaz!QAZ charset:utf8 redisPassword:""]
SqlString  SELECT RTP,Amount,Bonus  FROM M_RtpSetting  WHERE Sid = 1   AND State = 1   AND LTG_Code = 1 AND Gid = 34
sqlResult   map[result: count:0 state:0]
[2020-01-02 13:19:30] rtpData ------->   map[count:0 state:0 result:] 
[GIN] 2020/01/02 - 13:19:30 | 200 |    2.717165ms |  192.168.66.115 | POST     /getResult
[2020-01-02 13:19:31] 自開彩開獎  {202001020800 4 40 true} 
ConfigData  map[poolname:FA_MEM user:fa_db charset:utf8 redisIp:192.168.88.119 redisDB:3 ip:192.168.88.181 port:3306 password:1qaz!QAZ database:FA_MEM redisPort:6379 redisPassword:""]
SqlString  SELECT RTP,Amount,Bonus  FROM M_RtpSetting  WHERE Sid = 1   AND State = 1   AND LTG_Code = 4 AND Gid = 40
sqlResult   map[result: count:0 state:0]
[2020-01-02 13:19:31] rtpData ------->   map[result: count:0 state:0] 
[GIN] 2020/01/02 - 13:19:31 | 200 |     3.22256ms |  192.168.66.115 | POST     /getResult
[2020-01-02 13:19:32] 自開彩開獎  {202001020800 5 38 true} 
ConfigData  map[ip:192.168.88.181 database:FA_MEM redisPassword:"" charset:utf8 redisIp:192.168.88.119 redisPort:6379 redisDB:3 poolname:FA_MEM port:3306 user:fa_db password:1qaz!QAZ]
SqlString  SELECT RTP,Amount,Bonus  FROM M_RtpSetting  WHERE Sid = 1   AND State = 1   AND LTG_Code = 5 AND Gid = 38
sqlResult   map[result: count:0 state:0]
[2020-01-02 13:19:32] rtpData ------->   map[state:0 result: count:0] 
[GIN] 2020/01/02 - 13:19:32 | 200 |    2.497535ms |  192.168.66.115 | POST     /getResult
[2020-01-02 13:19:32] 自開彩開獎  {202001020267 4 41 true} 
ConfigData  map[password:1qaz!QAZ charset:utf8 redisPassword:"" user:fa_db database:FA_MEM redisIp:192.168.88.119 redisPort:6379 redisDB:3 ip:192.168.88.181 poolname:FA_MEM port:3306]
SqlString  SELECT RTP,Amount,Bonus  FROM M_RtpSetting  WHERE Sid = 1   AND State = 1   AND LTG_Code = 4 AND Gid = 41
sqlResult   map[result: count:0 state:0]
[2020-01-02 13:19:32] rtpData ------->   map[result: count:0 state:0] 
[GIN] 2020/01/02 - 13:19:32 | 200 |    2.515272ms |  192.168.66.115 | POST     /getResult
[2020-01-02 13:19:34] 自開彩開獎  {202001020267 1 35 true} 
ConfigData  map[password:1qaz!QAZ database:FA_MEM redisPort:6379 redisPassword:"" user:fa_db poolname:FA_MEM port:3306 charset:utf8 redisIp:192.168.88.119 redisDB:3 ip:192.168.88.181]
SqlString  SELECT RTP,Amount,Bonus  FROM M_RtpSetting  WHERE Sid = 1   AND State = 1   AND LTG_Code = 1 AND Gid = 35
sqlResult   map[state:0 result: count:0]
[2020-01-02 13:19:34] rtpData ------->   map[state:0 result: count:0] 
[GIN] 2020/01/02 - 13:19:34 | 200 |    3.145077ms |  192.168.66.115 | POST     /getResult
[2020-01-02 13:19:35] 自開彩開獎  {202001020800 6 36 true} 
ConfigData  map[port:3306 charset:utf8 redisPassword:"" database:FA_MEM redisIp:192.168.88.119 redisPort:6379 redisDB:3 ip:192.168.88.181 poolname:FA_MEM user:fa_db password:1qaz!QAZ]
SqlString  SELECT RTP,Amount,Bonus  FROM M_RtpSetting  WHERE Sid = 1   AND State = 1   AND LTG_Code = 6 AND Gid = 36
sqlResult   map[result: count:0 state:0]
[2020-01-02 13:19:35] rtpData ------->   map[result: count:0 state:0] 
[GIN] 2020/01/02 - 13:19:35 | 200 |     2.29553ms |  192.168.66.115 | POST     /getResult
[2020-01-02 13:19:36] 自開彩開獎  {202001020800 1 34 true} 
ConfigData  map[password:1qaz!QAZ redisPassword:"" user:fa_db poolname:FA_MEM port:3306 database:FA_MEM charset:utf8 redisIp:192.168.88.119 redisPort:6379 redisDB:3 ip:192.168.88.181]
SqlString  SELECT RTP,Amount,Bonus  FROM M_RtpSetting  WHERE Sid = 1   AND State = 1   AND LTG_Code = 1 AND Gid = 34
sqlResult   map[state:0 result: count:0]
[2020-01-02 13:19:36] rtpData ------->   map[result: count:0 state:0] 
[GIN] 2020/01/02 - 13:19:36 | 200 |     2.65893ms |  192.168.66.115 | POST     /getResult
[2020-01-02 13:19:37] 自開彩開獎  {202001020800 4 40 true} 
ConfigData  map[user:fa_db password:1qaz!QAZ database:FA_MEM charset:utf8 redisPassword:"" redisDB:3 ip:192.168.88.181 port:3306 redisIp:192.168.88.119 redisPort:6379 poolname:FA_MEM]
SqlString  SELECT RTP,Amount,Bonus  FROM M_RtpSetting  WHERE Sid = 1   AND State = 1   AND LTG_Code = 4 AND Gid = 40
sqlResult   map[result: count:0 state:0]
[2020-01-02 13:19:37] rtpData ------->   map[result: count:0 state:0] 
[GIN] 2020/01/02 - 13:19:37 | 200 |     7.69248ms |  192.168.66.115 | POST     /getResult
[2020-01-02 13:19:38] 自開彩開獎  {202001020800 5 38 true} 
ConfigData  map[password:1qaz!QAZ database:FA_MEM charset:utf8 redisIp:192.168.88.119 redisPassword:"" ip:192.168.88.181 poolname:FA_MEM redisPort:6379 redisDB:3 port:3306 user:fa_db]
SqlString  SELECT RTP,Amount,Bonus  FROM M_RtpSetting  WHERE Sid = 1   AND State = 1   AND LTG_Code = 5 AND Gid = 38
sqlResult   map[count:0 state:0 result:]
[2020-01-02 13:19:38] rtpData ------->   map[result: count:0 state:0] 
[GIN] 2020/01/02 - 13:19:38 | 200 |    2.202222ms |  192.168.66.115 | POST     /getResult
[2020-01-02 13:19:38] 自開彩開獎  {202001020267 4 41 true} 
ConfigData  map[ip:192.168.88.181 poolname:FA_MEM user:fa_db password:1qaz!QAZ database:FA_MEM redisDB:3 port:3306 charset:utf8 redisIp:192.168.88.119 redisPort:6379 redisPassword:""]
SqlString  SELECT RTP,Amount,Bonus  FROM M_RtpSetting  WHERE Sid = 1   AND State = 1   AND LTG_Code = 4 AND Gid = 41
sqlResult   map[count:0 state:0 result:]
[2020-01-02 13:19:38] rtpData ------->   map[result: count:0 state:0] 
[GIN] 2020/01/02 - 13:19:38 | 200 |      2.1102ms |  192.168.66.115 | POST     /getResult
[2020-01-02 13:19:40] 自開彩開獎  {202001020267 1 35 true} 
ConfigData  map[user:fa_db charset:utf8 redisIp:192.168.88.119 redisDB:3 database:FA_MEM redisPort:6379 redisPassword:"" ip:192.168.88.181 poolname:FA_MEM port:3306 password:1qaz!QAZ]
SqlString  SELECT RTP,Amount,Bonus  FROM M_RtpSetting  WHERE Sid = 1   AND State = 1   AND LTG_Code = 1 AND Gid = 35
sqlResult   map[result: count:0 state:0]
[2020-01-02 13:19:40] rtpData ------->   map[result: count:0 state:0] 
[GIN] 2020/01/02 - 13:19:40 | 200 |    3.242922ms |  192.168.66.115 | POST     /getResult
[2020-01-02 13:19:41] 自開彩開獎  {202001020800 6 36 true} 
ConfigData  map[password:1qaz!QAZ redisIp:192.168.88.119 redisPort:6379 port:3306 poolname:FA_MEM user:fa_db database:FA_MEM charset:utf8 redisPassword:"" redisDB:3 ip:192.168.88.181]
SqlString  SELECT RTP,Amount,Bonus  FROM M_RtpSetting  WHERE Sid = 1   AND State = 1   AND LTG_Code = 6 AND Gid = 36
sqlResult   map[state:0 result: count:0]
[2020-01-02 13:19:41] rtpData ------->   map[result: count:0 state:0] 
[GIN] 2020/01/02 - 13:19:41 | 200 |    3.439908ms |  192.168.66.115 | POST     /getResult
[2020-01-02 13:19:42] 自開彩開獎  {202001020800 1 34 true} 
ConfigData  map[ip:192.168.88.181 port:3306 password:1qaz!QAZ database:FA_MEM redisIp:192.168.88.119 poolname:FA_MEM user:fa_db charset:utf8 redisPort:6379 redisPassword:"" redisDB:3]
SqlString  SELECT RTP,Amount,Bonus  FROM M_RtpSetting  WHERE Sid = 1   AND State = 1   AND LTG_Code = 1 AND Gid = 34
sqlResult   map[result: count:0 state:0]
[2020-01-02 13:19:42] rtpData ------->   map[state:0 result: count:0] 
[GIN] 2020/01/02 - 13:19:42 | 200 |    2.910092ms |  192.168.66.115 | POST     /getResult
[2020-01-02 13:19:43] 自開彩開獎  {202001020800 4 40 true} 
ConfigData  map[ip:192.168.88.181 database:FA_MEM charset:utf8 redisIp:192.168.88.119 redisDB:3 poolname:FA_MEM port:3306 user:fa_db password:1qaz!QAZ redisPort:6379 redisPassword:""]
SqlString  SELECT RTP,Amount,Bonus  FROM M_RtpSetting  WHERE Sid = 1   AND State = 1   AND LTG_Code = 4 AND Gid = 40
sqlResult   map[result: count:0 state:0]
[2020-01-02 13:19:43] rtpData ------->   map[result: count:0 state:0] 
[GIN] 2020/01/02 - 13:19:43 | 200 |    3.222263ms |  192.168.66.115 | POST     /getResult
[2020-01-02 13:19:44] 自開彩開獎  {202001020800 5 38 true} 
ConfigData  map[user:fa_db charset:utf8 redisIp:192.168.88.119 redisDB:3 database:FA_MEM redisPort:6379 redisPassword:"" ip:192.168.88.181 poolname:FA_MEM port:3306 password:1qaz!QAZ]
SqlString  SELECT RTP,Amount,Bonus  FROM M_RtpSetting  WHERE Sid = 1   AND State = 1   AND LTG_Code = 5 AND Gid = 38
sqlResult   map[result: count:0 state:0]
[2020-01-02 13:19:44] rtpData ------->   map[count:0 state:0 result:] 
[GIN] 2020/01/02 - 13:19:44 | 200 |    2.326981ms |  192.168.66.115 | POST     /getResult
[2020-01-02 13:19:44] 自開彩開獎  {202001020267 4 41 true} 
ConfigData  map[redisPort:6379 redisPassword:"" redisDB:3 user:fa_db database:FA_MEM charset:utf8 password:1qaz!QAZ redisIp:192.168.88.119 ip:192.168.88.181 poolname:FA_MEM port:3306]
SqlString  SELECT RTP,Amount,Bonus  FROM M_RtpSetting  WHERE Sid = 1   AND State = 1   AND LTG_Code = 4 AND Gid = 41
sqlResult   map[result: count:0 state:0]
[2020-01-02 13:19:44] rtpData ------->   map[state:0 result: count:0] 
[GIN] 2020/01/02 - 13:19:44 | 200 |    2.775908ms |  192.168.66.115 | POST     /getResult
[2020-01-02 13:19:46] 自開彩開獎  {202001020267 1 35 true} 
ConfigData  map[password:1qaz!QAZ database:FA_MEM charset:utf8 redisIp:192.168.88.119 redisPort:6379 ip:192.168.88.181 poolname:FA_MEM port:3306 redisDB:3 user:fa_db redisPassword:""]
SqlString  SELECT RTP,Amount,Bonus  FROM M_RtpSetting  WHERE Sid = 1   AND State = 1   AND LTG_Code = 1 AND Gid = 35
sqlResult   map[result: count:0 state:0]
[2020-01-02 13:19:46] rtpData ------->   map[result: count:0 state:0] 
[GIN] 2020/01/02 - 13:19:46 | 200 |    2.947955ms |  192.168.66.115 | POST     /getResult
[2020-01-02 13:19:47] 自開彩開獎  {202001020800 6 36 true} 
ConfigData  map[poolname:FA_MEM port:3306 user:fa_db database:FA_MEM charset:utf8 redisPassword:"" ip:192.168.88.181 password:1qaz!QAZ redisIp:192.168.88.119 redisPort:6379 redisDB:3]
SqlString  SELECT RTP,Amount,Bonus  FROM M_RtpSetting  WHERE Sid = 1   AND State = 1   AND LTG_Code = 6 AND Gid = 36
sqlResult   map[count:0 state:0 result:]
[2020-01-02 13:19:47] rtpData ------->   map[state:0 result: count:0] 
[GIN] 2020/01/02 - 13:19:47 | 200 |    2.556942ms |  192.168.66.115 | POST     /getResult
[2020-01-02 13:19:48] 自開彩開獎  {202001020800 1 34 true} 
ConfigData  map[user:fa_db password:1qaz!QAZ database:FA_MEM charset:utf8 redisPassword:"" poolname:FA_MEM port:3306 redisIp:192.168.88.119 redisPort:6379 redisDB:3 ip:192.168.88.181]
SqlString  SELECT RTP,Amount,Bonus  FROM M_RtpSetting  WHERE Sid = 1   AND State = 1   AND LTG_Code = 1 AND Gid = 34
sqlResult   map[state:0 result: count:0]
[2020-01-02 13:19:48] rtpData ------->   map[result: count:0 state:0] 
[GIN] 2020/01/02 - 13:19:48 | 200 |    2.695461ms |  192.168.66.115 | POST     /getResult
[2020-01-02 13:19:49] 自開彩開獎  {202001020800 4 40 true} 
ConfigData  map[redisIp:192.168.88.119 redisDB:3 user:fa_db password:1qaz!QAZ charset:utf8 database:FA_MEM redisPort:6379 redisPassword:"" ip:192.168.88.181 poolname:FA_MEM port:3306]
SqlString  SELECT RTP,Amount,Bonus  FROM M_RtpSetting  WHERE Sid = 1   AND State = 1   AND LTG_Code = 4 AND Gid = 40
sqlResult   map[result: count:0 state:0]
[2020-01-02 13:19:49] rtpData ------->   map[result: count:0 state:0] 
[GIN] 2020/01/02 - 13:19:49 | 200 |    2.933875ms |  192.168.66.115 | POST     /getResult
[2020-01-02 13:19:50] 自開彩開獎  {202001020800 5 38 true} 
ConfigData  map[password:1qaz!QAZ charset:utf8 redisPort:6379 redisPassword:"" redisDB:3 user:fa_db poolname:FA_MEM port:3306 database:FA_MEM redisIp:192.168.88.119 ip:192.168.88.181]
SqlString  SELECT RTP,Amount,Bonus  FROM M_RtpSetting  WHERE Sid = 1   AND State = 1   AND LTG_Code = 5 AND Gid = 38
sqlResult   map[result: count:0 state:0]
[2020-01-02 13:19:50] rtpData ------->   map[count:0 state:0 result:] 
[GIN] 2020/01/02 - 13:19:50 | 200 |     2.48689ms |  192.168.66.115 | POST     /getResult
[2020-01-02 13:19:50] 自開彩開獎  {202001020267 4 41 true} 
ConfigData  map[charset:utf8 redisIp:192.168.88.119 redisPort:6379 redisPassword:"" redisDB:3 poolname:FA_MEM port:3306 password:1qaz!QAZ ip:192.168.88.181 user:fa_db database:FA_MEM]
SqlString  SELECT RTP,Amount,Bonus  FROM M_RtpSetting  WHERE Sid = 1   AND State = 1   AND LTG_Code = 4 AND Gid = 41
sqlResult   map[result: count:0 state:0]
[2020-01-02 13:19:50] rtpData ------->   map[result: count:0 state:0] 
[GIN] 2020/01/02 - 13:19:50 | 200 |    2.725044ms |  192.168.66.115 | POST     /getResult
[2020-01-02 13:19:52] 自開彩開獎  {202001020267 1 35 true} 
ConfigData  map[ip:192.168.88.181 poolname:FA_MEM user:fa_db redisPort:6379 redisPassword:"" port:3306 password:1qaz!QAZ database:FA_MEM charset:utf8 redisIp:192.168.88.119 redisDB:3]
SqlString  SELECT RTP,Amount,Bonus  FROM M_RtpSetting  WHERE Sid = 1   AND State = 1   AND LTG_Code = 1 AND Gid = 35
sqlResult   map[result: count:0 state:0]
[2020-01-02 13:19:52] rtpData ------->   map[result: count:0 state:0] 
[GIN] 2020/01/02 - 13:19:52 | 200 |    2.203879ms |  192.168.66.115 | POST     /getResult
[2020-01-02 13:19:53] 自開彩開獎  {202001020800 6 36 true} 
ConfigData  map[ip:192.168.88.181 database:FA_MEM redisIp:192.168.88.119 redisPassword:"" redisPort:6379 redisDB:3 poolname:FA_MEM port:3306 user:fa_db password:1qaz!QAZ charset:utf8]
SqlString  SELECT RTP,Amount,Bonus  FROM M_RtpSetting  WHERE Sid = 1   AND State = 1   AND LTG_Code = 6 AND Gid = 36
sqlResult   map[count:0 state:0 result:]
[2020-01-02 13:19:53] rtpData ------->   map[count:0 state:0 result:] 
[GIN] 2020/01/02 - 13:19:53 | 200 |    2.228885ms |  192.168.66.115 | POST     /getResult
[2020-01-02 13:19:54] 自開彩開獎  {202001020800 1 34 true} 
ConfigData  map[redisPassword:"" ip:192.168.88.181 poolname:FA_MEM port:3306 user:fa_db redisPort:6379 redisDB:3 password:1qaz!QAZ database:FA_MEM charset:utf8 redisIp:192.168.88.119]
SqlString  SELECT RTP,Amount,Bonus  FROM M_RtpSetting  WHERE Sid = 1   AND State = 1   AND LTG_Code = 1 AND Gid = 34
sqlResult   map[result: count:0 state:0]
[2020-01-02 13:19:54] rtpData ------->   map[result: count:0 state:0] 
[GIN] 2020/01/02 - 13:19:54 | 200 |     2.69777ms |  192.168.66.115 | POST     /getResult
[2020-01-02 13:19:55] 自開彩開獎  {202001020800 4 40 true} 
ConfigData  map[password:1qaz!QAZ charset:utf8 redisPassword:"" redisDB:3 ip:192.168.88.181 poolname:FA_MEM database:FA_MEM redisIp:192.168.88.119 redisPort:6379 port:3306 user:fa_db]
SqlString  SELECT RTP,Amount,Bonus  FROM M_RtpSetting  WHERE Sid = 1   AND State = 1   AND LTG_Code = 4 AND Gid = 40
sqlResult   map[result: count:0 state:0]
[2020-01-02 13:19:55] rtpData ------->   map[result: count:0 state:0] 
[GIN] 2020/01/02 - 13:19:55 | 200 |    2.607691ms |  192.168.66.115 | POST     /getResult
[2020-01-02 13:19:56] 自開彩開獎  {202001020800 5 38 true} 
ConfigData  map[port:3306 user:fa_db password:1qaz!QAZ redisPassword:"" redisDB:3 redisPort:6379 ip:192.168.88.181 poolname:FA_MEM database:FA_MEM charset:utf8 redisIp:192.168.88.119]
SqlString  SELECT RTP,Amount,Bonus  FROM M_RtpSetting  WHERE Sid = 1   AND State = 1   AND LTG_Code = 5 AND Gid = 38
sqlResult   map[result: count:0 state:0]
[2020-01-02 13:19:56] rtpData ------->   map[result: count:0 state:0] 
[GIN] 2020/01/02 - 13:19:56 | 200 |    1.981295ms |  192.168.66.115 | POST     /getResult
[2020-01-02 13:19:56] 自開彩開獎  {202001020267 4 41 true} 
ConfigData  map[redisPassword:"" redisDB:3 ip:192.168.88.181 poolname:FA_MEM database:FA_MEM charset:utf8 redisPort:6379 port:3306 user:fa_db password:1qaz!QAZ redisIp:192.168.88.119]
SqlString  SELECT RTP,Amount,Bonus  FROM M_RtpSetting  WHERE Sid = 1   AND State = 1   AND LTG_Code = 4 AND Gid = 41
sqlResult   map[result: count:0 state:0]
[2020-01-02 13:19:56] rtpData ------->   map[state:0 result: count:0] 
[GIN] 2020/01/02 - 13:19:56 | 200 |    2.716931ms |  192.168.66.115 | POST     /getResult
[2020-01-02 13:19:58] 自開彩開獎  {202001020267 1 35 true} 
ConfigData  map[database:FA_MEM charset:utf8 redisIp:192.168.88.119 ip:192.168.88.181 poolname:FA_MEM port:3306 user:fa_db password:1qaz!QAZ redisPort:6379 redisPassword:"" redisDB:3]
SqlString  SELECT RTP,Amount,Bonus  FROM M_RtpSetting  WHERE Sid = 1   AND State = 1   AND LTG_Code = 1 AND Gid = 35
sqlResult   map[result: count:0 state:0]
[2020-01-02 13:19:58] rtpData ------->   map[result: count:0 state:0] 
[GIN] 2020/01/02 - 13:19:58 | 200 |    2.794357ms |  192.168.66.115 | POST     /getResult
[2020-01-02 13:19:59] 自開彩開獎  {202001020800 6 36 true} 
ConfigData  map[port:3306 password:1qaz!QAZ database:FA_MEM charset:utf8 redisIp:192.168.88.119 ip:192.168.88.181 user:fa_db redisPort:6379 redisPassword:"" redisDB:3 poolname:FA_MEM]
SqlString  SELECT RTP,Amount,Bonus  FROM M_RtpSetting  WHERE Sid = 1   AND State = 1   AND LTG_Code = 6 AND Gid = 36
sqlResult   map[result: count:0 state:0]
[2020-01-02 13:19:59] rtpData ------->   map[state:0 result: count:0] 
[GIN] 2020/01/02 - 13:19:59 | 200 |    1.968056ms |  192.168.66.115 | POST     /getResult
[2020-01-02 13:20:00] 自開彩開獎  {202001020800 1 34 true} 
ConfigData  map[charset:utf8 redisIp:192.168.88.119 redisPort:6379 ip:192.168.88.181 user:fa_db password:1qaz!QAZ database:FA_MEM redisPassword:"" redisDB:3 poolname:FA_MEM port:3306]
SqlString  SELECT RTP,Amount,Bonus  FROM M_RtpSetting  WHERE Sid = 1   AND State = 1   AND LTG_Code = 1 AND Gid = 34
sqlResult   map[result: count:0 state:0]
[2020-01-02 13:20:00] rtpData ------->   map[state:0 result: count:0] 
[GIN] 2020/01/02 - 13:20:00 | 200 |    2.458076ms |  192.168.66.115 | POST     /getResult
[2020-01-02 13:20:01] 自開彩開獎  {202001020161 5 39 true} 
ConfigData  map[password:1qaz!QAZ redisIp:192.168.88.119 redisDB:3 database:FA_MEM charset:utf8 redisPort:6379 redisPassword:"" ip:192.168.88.181 poolname:FA_MEM port:3306 user:fa_db]
SqlString  SELECT RTP,Amount,Bonus  FROM M_RtpSetting  WHERE Sid = 1   AND State = 1   AND LTG_Code = 5 AND Gid = 39
sqlResult   map[result: count:0 state:0]
[2020-01-02 13:20:01] rtpData ------->   map[state:0 result: count:0] 
[GIN] 2020/01/02 - 13:20:01 | 200 |    2.448228ms |  192.168.66.115 | POST     /getResult
[2020-01-02 13:20:01] 自開彩開獎  {202001020800 4 40 true} 
ConfigData  map[redisPort:6379 redisDB:3 poolname:FA_MEM user:fa_db redisIp:192.168.88.119 database:FA_MEM charset:utf8 redisPassword:"" ip:192.168.88.181 port:3306 password:1qaz!QAZ]
SqlString  SELECT RTP,Amount,Bonus  FROM M_RtpSetting  WHERE Sid = 1   AND State = 1   AND LTG_Code = 4 AND Gid = 40
sqlResult   map[count:0 state:0 result:]
[2020-01-02 13:20:01] rtpData ------->   map[state:0 result: count:0] 
[GIN] 2020/01/02 - 13:20:01 | 200 |    2.605367ms |  192.168.66.115 | POST     /getResult
[2020-01-02 13:20:01] 自開彩開獎  {202001020801 2 26 true} 
ConfigData  map[poolname:FA_MEM port:3306 password:1qaz!QAZ database:FA_MEM charset:utf8 redisIp:192.168.88.119 redisPassword:"" redisDB:3 ip:192.168.88.181 user:fa_db redisPort:6379]
SqlString  SELECT RTP,Amount,Bonus  FROM M_RtpSetting  WHERE Sid = 1   AND State = 1   AND LTG_Code = 2 AND Gid = 26
[2020-01-02 13:20:01] 自開彩開獎  {20200102161 2 28 true} 
ConfigData  map[ip:192.168.88.181 user:fa_db password:1qaz!QAZ database:FA_MEM poolname:FA_MEM port:3306 charset:utf8 redisIp:192.168.88.119 redisPort:6379 redisPassword:"" redisDB:3]
SqlString  SELECT RTP,Amount,Bonus  FROM M_RtpSetting  WHERE Sid = 1   AND State = 1   AND LTG_Code = 2 AND Gid = 28
sqlResult   map[result:0.9600 count:1 state:1 amount:1.0069588e+06 bonus:908100.71]
[2020-01-02 13:20:01] rtpData ------->   map[state:1 amount:1.0069588e+06 bonus:908100.71 result:0.9600 count:1] 
sqlResult   map[result:0.9600 count:1 state:1 amount:234518 bonus:161148.41]
ConfigData  map[ip:192.168.88.181 password:1qaz!QAZ database:FA_MEM charset:utf8 redisIp:192.168.88.119 redisPort:6379 poolname:FA_MEM port:3306 user:fa_db redisPassword:"" redisDB:3]
SELECT BO_No, BO_OrderNo , BO_User , BO_Issue  , BO_LotteryTypeGroup, BO_LotteryType, BO_Mode, BO_LotteryPlayGroup, BO_LotteryPlay , BO_LotteryContent, BO_Price, BO_RealPrice, BO_Unit, BO_Multiple , BO_BetCount  , BO_Winnings, BO_Winnings2, BO_Winnings3, BO_WinningLimit  , BO_Water , BO_BW_SourceUserId, BO_BW_BackWater, BO_BW_LimitBetCount, BO_BW_MaxAmount, BO_BW_AuditMultiple  , BO_Odds, BO_Odds2, BO_Odds3 , BO_Type, BO_Chase , BO_OpenResult, BO_OpenResult2, BO_DateDraw, BO_DateDraw2, BO_DateUpdate  FROM TS_BetOrder  WHERE BO_Cancel = 0   AND BO_CancelBackend = 0   AND BO_LotteryTypeGroup = 2 AND BO_LotteryType = 26 AND BO_Issue = 202001020801 AND BO_Collect = 0 ORDER BY BO_DateDraw ASC, BO_DateCreate ASC, BO_DateUpdate ASC, BO_No ASC ;
[2020-01-02 13:20:01] rtpData ------->   map[result:0.9600 count:1 state:1 amount:234518 bonus:161148.41] 
ConfigData  map[password:1qaz!QAZ database:FA_MEM redisIp:192.168.88.119 redisPassword:"" ip:192.168.88.181 port:3306 user:fa_db redisDB:3 poolname:FA_MEM charset:utf8 redisPort:6379]
SELECT BO_No, BO_OrderNo , BO_User , BO_Issue  , BO_LotteryTypeGroup, BO_LotteryType, BO_Mode, BO_LotteryPlayGroup, BO_LotteryPlay , BO_LotteryContent, BO_Price, BO_RealPrice, BO_Unit, BO_Multiple , BO_BetCount  , BO_Winnings, BO_Winnings2, BO_Winnings3, BO_WinningLimit  , BO_Water , BO_BW_SourceUserId, BO_BW_BackWater, BO_BW_LimitBetCount, BO_BW_MaxAmount, BO_BW_AuditMultiple  , BO_Odds, BO_Odds2, BO_Odds3 , BO_Type, BO_Chase , BO_OpenResult, BO_OpenResult2, BO_DateDraw, BO_DateDraw2, BO_DateUpdate  FROM TS_BetOrder  WHERE BO_Cancel = 0   AND BO_CancelBackend = 0   AND BO_LotteryTypeGroup = 2 AND BO_LotteryType = 28 AND BO_Issue = 20200102161 AND BO_Collect = 0 ORDER BY BO_DateDraw ASC, BO_DateCreate ASC, BO_DateUpdate ASC, BO_No ASC ;
[2020-01-02 13:20:01] LottteryTypeGroup 2 
[2020-01-02 13:20:01] 有期號 但無注單 -------> map[amount:0 bonus:0 thisOpenResult:[3 7 4 9 9]] 
[GIN] 2020/01/02 - 13:20:01 | 200 |    4.680847ms |  192.168.66.115 | POST     /getResult
[2020-01-02 13:20:01] LottteryTypeGroup 2 
[2020-01-02 13:20:01] 有期號 但無注單 -------> map[bonus:0 thisOpenResult:[6 6 3 2 9] amount:0] 
[GIN] 2020/01/02 - 13:20:01 | 200 |    6.189039ms |  192.168.66.115 | POST     /getResult
[2020-01-02 13:20:02] 自開彩開獎  {202001020800 5 38 true} 
ConfigData  map[charset:utf8 redisIp:192.168.88.119 redisPassword:"" redisDB:3 ip:192.168.88.181 poolname:FA_MEM database:FA_MEM redisPort:6379 port:3306 user:fa_db password:1qaz!QAZ]
SqlString  SELECT RTP,Amount,Bonus  FROM M_RtpSetting  WHERE Sid = 1   AND State = 1   AND LTG_Code = 5 AND Gid = 38
sqlResult   map[result: count:0 state:0]
[2020-01-02 13:20:02] rtpData ------->   map[result: count:0 state:0] 
[GIN] 2020/01/02 - 13:20:02 | 200 |    2.471996ms |  192.168.66.115 | POST     /getResult
[2020-01-02 13:20:02] 自開彩開獎  {202001020267 4 41 true} 
ConfigData  map[redisPort:6379 redisDB:3 port:3306 user:fa_db charset:utf8 redisIp:192.168.88.119 redisPassword:"" ip:192.168.88.181 poolname:FA_MEM password:1qaz!QAZ database:FA_MEM]
SqlString  SELECT RTP,Amount,Bonus  FROM M_RtpSetting  WHERE Sid = 1   AND State = 1   AND LTG_Code = 4 AND Gid = 41
sqlResult   map[result: count:0 state:0]
[2020-01-02 13:20:02] rtpData ------->   map[result: count:0 state:0] 
[GIN] 2020/01/02 - 13:20:02 | 200 |    2.809161ms |  192.168.66.115 | POST     /getResult
[2020-01-02 13:20:04] 自開彩開獎  {202001020267 1 35 true} 
ConfigData  map[redisDB:3 poolname:FA_MEM port:3306 user:fa_db password:1qaz!QAZ charset:utf8 redisIp:192.168.88.119 ip:192.168.88.181 database:FA_MEM redisPort:6379 redisPassword:""]
SqlString  SELECT RTP,Amount,Bonus  FROM M_RtpSetting  WHERE Sid = 1   AND State = 1   AND LTG_Code = 1 AND Gid = 35
sqlResult   map[state:0 result: count:0]
[2020-01-02 13:20:04] rtpData ------->   map[result: count:0 state:0] 
[GIN] 2020/01/02 - 13:20:04 | 200 |    2.450917ms |  192.168.66.115 | POST     /getResult
[2020-01-02 13:20:05] 自開彩開獎  {202001020800 6 36 true} 
ConfigData  map[ip:192.168.88.181 user:fa_db database:FA_MEM redisPort:6379 redisPassword:"" redisDB:3 poolname:FA_MEM port:3306 password:1qaz!QAZ charset:utf8 redisIp:192.168.88.119]
SqlString  SELECT RTP,Amount,Bonus  FROM M_RtpSetting  WHERE Sid = 1   AND State = 1   AND LTG_Code = 6 AND Gid = 36
sqlResult   map[result: count:0 state:0]
[2020-01-02 13:20:05] rtpData ------->   map[state:0 result: count:0] 
[GIN] 2020/01/02 - 13:20:05 | 200 |    2.304083ms |  192.168.66.115 | POST     /getResult
[2020-01-02 13:20:06] 自開彩開獎  {202001020801 1 34 true} 
ConfigData  map[port:3306 database:FA_MEM charset:utf8 redisPort:6379 redisPassword:"" ip:192.168.88.181 poolname:FA_MEM user:fa_db password:1qaz!QAZ redisIp:192.168.88.119 redisDB:3]
SqlString  SELECT RTP,Amount,Bonus  FROM M_RtpSetting  WHERE Sid = 1   AND State = 1   AND LTG_Code = 1 AND Gid = 34
sqlResult   map[result: count:0 state:0]
[2020-01-02 13:20:06] rtpData ------->   map[result: count:0 state:0] 
[GIN] 2020/01/02 - 13:20:06 | 200 |     2.66894ms |  192.168.66.115 | POST     /getResult
[2020-01-02 13:20:07] 自開彩開獎  {202001020161 5 39 true} 
ConfigData  map[user:fa_db password:1qaz!QAZ charset:utf8 redisIp:192.168.88.119 redisPort:6379 redisPassword:"" ip:192.168.88.181 poolname:FA_MEM redisDB:3 port:3306 database:FA_MEM]
SqlString  SELECT RTP,Amount,Bonus  FROM M_RtpSetting  WHERE Sid = 1   AND State = 1   AND LTG_Code = 5 AND Gid = 39
sqlResult   map[result: count:0 state:0]
[2020-01-02 13:20:07] rtpData ------->   map[result: count:0 state:0] 
[GIN] 2020/01/02 - 13:20:07 | 200 |    2.112863ms |  192.168.66.115 | POST     /getResult
[2020-01-02 13:20:07] 自開彩開獎  {202001020801 4 40 true} 
ConfigData  map[redisDB:3 ip:192.168.88.181 poolname:FA_MEM port:3306 password:1qaz!QAZ database:FA_MEM charset:utf8 redisIp:192.168.88.119 user:fa_db redisPort:6379 redisPassword:""]
SqlString  SELECT RTP,Amount,Bonus  FROM M_RtpSetting  WHERE Sid = 1   AND State = 1   AND LTG_Code = 4 AND Gid = 40
sqlResult   map[result: count:0 state:0]
[2020-01-02 13:20:07] rtpData ------->   map[result: count:0 state:0] 
[GIN] 2020/01/02 - 13:20:07 | 200 |    2.242378ms |  192.168.66.115 | POST     /getResult
[2020-01-02 13:20:08] 自開彩開獎  {202001020801 5 38 true} 
ConfigData  map[charset:utf8 redisPassword:"" ip:192.168.88.181 poolname:FA_MEM port:3306 user:fa_db password:1qaz!QAZ database:FA_MEM redisDB:3 redisIp:192.168.88.119 redisPort:6379]
SqlString  SELECT RTP,Amount,Bonus  FROM M_RtpSetting  WHERE Sid = 1   AND State = 1   AND LTG_Code = 5 AND Gid = 38
sqlResult   map[result: count:0 state:0]
[2020-01-02 13:20:08] rtpData ------->   map[result: count:0 state:0] 
[GIN] 2020/01/02 - 13:20:08 | 200 |     2.43603ms |  192.168.66.115 | POST     /getResult
[2020-01-02 13:20:08] 自開彩開獎  {202001020267 4 41 true} 
ConfigData  map[charset:utf8 redisPassword:"" ip:192.168.88.181 password:1qaz!QAZ user:fa_db database:FA_MEM redisIp:192.168.88.119 redisPort:6379 redisDB:3 poolname:FA_MEM port:3306]
SqlString  SELECT RTP,Amount,Bonus  FROM M_RtpSetting  WHERE Sid = 1   AND State = 1   AND LTG_Code = 4 AND Gid = 41
sqlResult   map[result: count:0 state:0]
[2020-01-02 13:20:08] rtpData ------->   map[result: count:0 state:0] 
[GIN] 2020/01/02 - 13:20:08 | 200 |    3.169251ms |  192.168.66.115 | POST     /getResult
[2020-01-02 13:20:10] 自開彩開獎  {202001020267 1 35 true} 
ConfigData  map[ip:192.168.88.181 port:3306 user:fa_db redisPort:6379 redisDB:3 poolname:FA_MEM password:1qaz!QAZ database:FA_MEM charset:utf8 redisIp:192.168.88.119 redisPassword:""]
SqlString  SELECT RTP,Amount,Bonus  FROM M_RtpSetting  WHERE Sid = 1   AND State = 1   AND LTG_Code = 1 AND Gid = 35
sqlResult   map[result: count:0 state:0]
[2020-01-02 13:20:10] rtpData ------->   map[result: count:0 state:0] 
[GIN] 2020/01/02 - 13:20:10 | 200 |    2.229462ms |  192.168.66.115 | POST     /getResult
[2020-01-02 13:20:11] 自開彩開獎  {202001020801 6 36 true} 
ConfigData  map[port:3306 database:FA_MEM charset:utf8 redisPort:6379 redisDB:3 ip:192.168.88.181 poolname:FA_MEM user:fa_db password:1qaz!QAZ redisIp:192.168.88.119 redisPassword:""]
SqlString  SELECT RTP,Amount,Bonus  FROM M_RtpSetting  WHERE Sid = 1   AND State = 1   AND LTG_Code = 6 AND Gid = 36
sqlResult   map[result: count:0 state:0]
[2020-01-02 13:20:11] rtpData ------->   map[count:0 state:0 result:] 
[GIN] 2020/01/02 - 13:20:11 | 200 |    2.407588ms |  192.168.66.115 | POST     /getResult
[2020-01-02 13:20:12] 自開彩開獎  {202001020801 1 34 true} 
ConfigData  map[user:fa_db database:FA_MEM charset:utf8 redisPort:6379 redisPassword:"" redisDB:3 port:3306 poolname:FA_MEM password:1qaz!QAZ redisIp:192.168.88.119 ip:192.168.88.181]
SqlString  SELECT RTP,Amount,Bonus  FROM M_RtpSetting  WHERE Sid = 1   AND State = 1   AND LTG_Code = 1 AND Gid = 34
sqlResult   map[state:0 result: count:0]
[2020-01-02 13:20:12] rtpData ------->   map[state:0 result: count:0] 
[GIN] 2020/01/02 - 13:20:12 | 200 |     2.64187ms |  192.168.66.115 | POST     /getResult
[2020-01-02 13:20:13] 自開彩開獎  {202001020161 5 39 true} 
ConfigData  map[redisPassword:"" redisDB:3 ip:192.168.88.181 port:3306 charset:utf8 redisIp:192.168.88.119 redisPort:6379 poolname:FA_MEM user:fa_db password:1qaz!QAZ database:FA_MEM]
SqlString  SELECT RTP,Amount,Bonus  FROM M_RtpSetting  WHERE Sid = 1   AND State = 1   AND LTG_Code = 5 AND Gid = 39
sqlResult   map[result: count:0 state:0]
[2020-01-02 13:20:13] rtpData ------->   map[result: count:0 state:0] 
[GIN] 2020/01/02 - 13:20:13 | 200 |    2.675859ms |  192.168.66.115 | POST     /getResult
[2020-01-02 13:20:13] 自開彩開獎  {202001020801 4 40 true} 
ConfigData  map[port:3306 password:1qaz!QAZ charset:utf8 redisIp:192.168.88.119 redisPort:6379 redisPassword:"" ip:192.168.88.181 poolname:FA_MEM user:fa_db database:FA_MEM redisDB:3]
SqlString  SELECT RTP,Amount,Bonus  FROM M_RtpSetting  WHERE Sid = 1   AND State = 1   AND LTG_Code = 4 AND Gid = 40
sqlResult   map[state:0 result: count:0]
[2020-01-02 13:20:13] rtpData ------->   map[result: count:0 state:0] 
[GIN] 2020/01/02 - 13:20:13 | 200 |     2.16637ms |  192.168.66.115 | POST     /getResult
[2020-01-02 13:20:14] 自開彩開獎  {202001020801 5 38 true} 
ConfigData  map[redisPort:6379 poolname:FA_MEM port:3306 user:fa_db password:1qaz!QAZ charset:utf8 ip:192.168.88.181 database:FA_MEM redisIp:192.168.88.119 redisPassword:"" redisDB:3]
SqlString  SELECT RTP,Amount,Bonus  FROM M_RtpSetting  WHERE Sid = 1   AND State = 1   AND LTG_Code = 5 AND Gid = 38
sqlResult   map[count:0 state:0 result:]
[2020-01-02 13:20:14] rtpData ------->   map[result: count:0 state:0] 
[GIN] 2020/01/02 - 13:20:14 | 200 |    2.147782ms |  192.168.66.115 | POST     /getResult
[2020-01-02 13:20:14] 自開彩開獎  {202001020267 4 41 true} 
ConfigData  map[user:fa_db redisIp:192.168.88.119 redisPassword:"" poolname:FA_MEM port:3306 database:FA_MEM charset:utf8 redisPort:6379 redisDB:3 ip:192.168.88.181 password:1qaz!QAZ]
SqlString  SELECT RTP,Amount,Bonus  FROM M_RtpSetting  WHERE Sid = 1   AND State = 1   AND LTG_Code = 4 AND Gid = 41
sqlResult   map[result: count:0 state:0]
[2020-01-02 13:20:14] rtpData ------->   map[result: count:0 state:0] 
[GIN] 2020/01/02 - 13:20:14 | 200 |    2.802808ms |  192.168.66.115 | POST     /getResult
[2020-01-02 13:20:16] 自開彩開獎  {202001020267 1 35 true} 
ConfigData  map[poolname:FA_MEM port:3306 user:fa_db charset:utf8 redisIp:192.168.88.119 redisPassword:"" ip:192.168.88.181 database:FA_MEM redisPort:6379 redisDB:3 password:1qaz!QAZ]
SqlString  SELECT RTP,Amount,Bonus  FROM M_RtpSetting  WHERE Sid = 1   AND State = 1   AND LTG_Code = 1 AND Gid = 35
sqlResult   map[result: count:0 state:0]
[2020-01-02 13:20:16] rtpData ------->   map[result: count:0 state:0] 
[GIN] 2020/01/02 - 13:20:16 | 200 |    7.952335ms |  192.168.66.115 | POST     /getResult
[2020-01-02 13:20:17] 自開彩開獎  {202001020801 6 36 true} 
ConfigData  map[user:fa_db database:FA_MEM charset:utf8 redisPassword:"" redisDB:3 poolname:FA_MEM port:3306 redisIp:192.168.88.119 redisPort:6379 ip:192.168.88.181 password:1qaz!QAZ]
SqlString  SELECT RTP,Amount,Bonus  FROM M_RtpSetting  WHERE Sid = 1   AND State = 1   AND LTG_Code = 6 AND Gid = 36
sqlResult   map[result: count:0 state:0]
[2020-01-02 13:20:17] rtpData ------->   map[result: count:0 state:0] 
[GIN] 2020/01/02 - 13:20:17 | 200 |     2.27389ms |  192.168.66.115 | POST     /getResult
[2020-01-02 13:20:18] 自開彩開獎  {202001020801 1 34 true} 
ConfigData  map[password:1qaz!QAZ redisIp:192.168.88.119 redisPassword:"" user:fa_db poolname:FA_MEM port:3306 database:FA_MEM charset:utf8 redisPort:6379 redisDB:3 ip:192.168.88.181]
SqlString  SELECT RTP,Amount,Bonus  FROM M_RtpSetting  WHERE Sid = 1   AND State = 1   AND LTG_Code = 1 AND Gid = 34
sqlResult   map[result: count:0 state:0]
[2020-01-02 13:20:18] rtpData ------->   map[result: count:0 state:0] 
[GIN] 2020/01/02 - 13:20:18 | 200 |    2.315127ms |  192.168.66.115 | POST     /getResult
[2020-01-02 13:20:19] 自開彩開獎  {202001020161 5 39 true} 
ConfigData  map[port:3306 database:FA_MEM charset:utf8 redisIp:192.168.88.119 redisPassword:"" redisDB:3 ip:192.168.88.181 user:fa_db password:1qaz!QAZ redisPort:6379 poolname:FA_MEM]
SqlString  SELECT RTP,Amount,Bonus  FROM M_RtpSetting  WHERE Sid = 1   AND State = 1   AND LTG_Code = 5 AND Gid = 39
sqlResult   map[result: count:0 state:0]
[2020-01-02 13:20:19] rtpData ------->   map[result: count:0 state:0] 
[GIN] 2020/01/02 - 13:20:19 | 200 |    2.210677ms |  192.168.66.115 | POST     /getResult
[2020-01-02 13:20:19] 自開彩開獎  {202001020801 4 40 true} 
ConfigData  map[user:fa_db password:1qaz!QAZ database:FA_MEM charset:utf8 ip:192.168.88.181 poolname:FA_MEM port:3306 redisDB:3 redisIp:192.168.88.119 redisPort:6379 redisPassword:""]
SqlString  SELECT RTP,Amount,Bonus  FROM M_RtpSetting  WHERE Sid = 1   AND State = 1   AND LTG_Code = 4 AND Gid = 40
sqlResult   map[result: count:0 state:0]
[2020-01-02 13:20:19] rtpData ------->   map[result: count:0 state:0] 
[GIN] 2020/01/02 - 13:20:19 | 200 |    2.797134ms |  192.168.66.115 | POST     /getResult
[2020-01-02 13:20:20] 自開彩開獎  {202001020801 5 38 true} 
ConfigData  map[password:1qaz!QAZ redisPassword:"" poolname:FA_MEM port:3306 database:FA_MEM charset:utf8 redisIp:192.168.88.119 redisPort:6379 redisDB:3 ip:192.168.88.181 user:fa_db]
SqlString  SELECT RTP,Amount,Bonus  FROM M_RtpSetting  WHERE Sid = 1   AND State = 1   AND LTG_Code = 5 AND Gid = 38
sqlResult   map[result: count:0 state:0]
[2020-01-02 13:20:20] rtpData ------->   map[count:0 state:0 result:] 
[GIN] 2020/01/02 - 13:20:20 | 200 |    2.401743ms |  192.168.66.115 | POST     /getResult
[2020-01-02 13:20:20] 自開彩開獎  {202001020267 4 41 true} 
ConfigData  map[ip:192.168.88.181 poolname:FA_MEM user:fa_db redisPort:6379 redisDB:3 port:3306 password:1qaz!QAZ database:FA_MEM charset:utf8 redisIp:192.168.88.119 redisPassword:""]
SqlString  SELECT RTP,Amount,Bonus  FROM M_RtpSetting  WHERE Sid = 1   AND State = 1   AND LTG_Code = 4 AND Gid = 41
sqlResult   map[result: count:0 state:0]
[2020-01-02 13:20:20] rtpData ------->   map[result: count:0 state:0] 
[GIN] 2020/01/02 - 13:20:20 | 200 |    2.720387ms |  192.168.66.115 | POST     /getResult
[2020-01-02 13:20:22] 自開彩開獎  {202001020267 1 35 true} 
ConfigData  map[charset:utf8 redisPort:6379 port:3306 poolname:FA_MEM user:fa_db password:1qaz!QAZ database:FA_MEM redisIp:192.168.88.119 redisPassword:"" redisDB:3 ip:192.168.88.181]
SqlString  SELECT RTP,Amount,Bonus  FROM M_RtpSetting  WHERE Sid = 1   AND State = 1   AND LTG_Code = 1 AND Gid = 35
sqlResult   map[state:0 result: count:0]
[2020-01-02 13:20:22] rtpData ------->   map[state:0 result: count:0] 
[GIN] 2020/01/02 - 13:20:22 | 200 |    2.279835ms |  192.168.66.115 | POST     /getResult
[2020-01-02 13:20:23] 自開彩開獎  {202001020801 6 36 true} 
ConfigData  map[poolname:FA_MEM port:3306 database:FA_MEM charset:utf8 redisIp:192.168.88.119 redisPort:6379 redisPassword:"" ip:192.168.88.181 redisDB:3 password:1qaz!QAZ user:fa_db]
SqlString  SELECT RTP,Amount,Bonus  FROM M_RtpSetting  WHERE Sid = 1   AND State = 1   AND LTG_Code = 6 AND Gid = 36
sqlResult   map[result: count:0 state:0]
[2020-01-02 13:20:23] rtpData ------->   map[result: count:0 state:0] 
[GIN] 2020/01/02 - 13:20:23 | 200 |    2.565754ms |  192.168.66.115 | POST     /getResult
[2020-01-02 13:20:24] 自開彩開獎  {202001020801 1 34 true} 
ConfigData  map[database:FA_MEM charset:utf8 redisDB:3 ip:192.168.88.181 poolname:FA_MEM port:3306 user:fa_db password:1qaz!QAZ redisIp:192.168.88.119 redisPort:6379 redisPassword:""]
SqlString  SELECT RTP,Amount,Bonus  FROM M_RtpSetting  WHERE Sid = 1   AND State = 1   AND LTG_Code = 1 AND Gid = 34
sqlResult   map[result: count:0 state:0]
[2020-01-02 13:20:24] rtpData ------->   map[state:0 result: count:0] 
[GIN] 2020/01/02 - 13:20:24 | 200 |    2.695627ms |  192.168.66.115 | POST     /getResult
[2020-01-02 13:20:25] 自開彩開獎  {202001020161 5 39 true} 
ConfigData  map[redisDB:3 ip:192.168.88.181 poolname:FA_MEM port:3306 user:fa_db password:1qaz!QAZ redisPort:6379 redisPassword:"" database:FA_MEM charset:utf8 redisIp:192.168.88.119]
SqlString  SELECT RTP,Amount,Bonus  FROM M_RtpSetting  WHERE Sid = 1   AND State = 1   AND LTG_Code = 5 AND Gid = 39
sqlResult   map[result: count:0 state:0]
[2020-01-02 13:20:25] rtpData ------->   map[result: count:0 state:0] 
[GIN] 2020/01/02 - 13:20:25 | 200 |    2.399868ms |  192.168.66.115 | POST     /getResult
[2020-01-02 13:20:25] 自開彩開獎  {202001020801 4 40 true} 
ConfigData  map[database:FA_MEM redisPort:6379 redisPassword:"" poolname:FA_MEM port:3306 user:fa_db password:1qaz!QAZ charset:utf8 redisIp:192.168.88.119 redisDB:3 ip:192.168.88.181]
SqlString  SELECT RTP,Amount,Bonus  FROM M_RtpSetting  WHERE Sid = 1   AND State = 1   AND LTG_Code = 4 AND Gid = 40
sqlResult   map[state:0 result: count:0]
[2020-01-02 13:20:25] rtpData ------->   map[result: count:0 state:0] 
[GIN] 2020/01/02 - 13:20:25 | 200 |    2.538626ms |  192.168.66.115 | POST     /getResult
[2020-01-02 13:20:26] 自開彩開獎  {202001020801 5 38 true} 
ConfigData  map[poolname:FA_MEM password:1qaz!QAZ charset:utf8 redisIp:192.168.88.119 redisDB:3 ip:192.168.88.181 port:3306 user:fa_db database:FA_MEM redisPort:6379 redisPassword:""]
SqlString  SELECT RTP,Amount,Bonus  FROM M_RtpSetting  WHERE Sid = 1   AND State = 1   AND LTG_Code = 5 AND Gid = 38
sqlResult   map[result: count:0 state:0]
[2020-01-02 13:20:26] rtpData ------->   map[count:0 state:0 result:] 
[GIN] 2020/01/02 - 13:20:26 | 200 |    1.855884ms |  192.168.66.115 | POST     /getResult
[2020-01-02 13:20:26] 自開彩開獎  {202001020267 4 41 true} 
ConfigData  map[redisDB:3 poolname:FA_MEM user:fa_db redisIp:192.168.88.119 redisPort:6379 redisPassword:"" ip:192.168.88.181 port:3306 password:1qaz!QAZ database:FA_MEM charset:utf8]
SqlString  SELECT RTP,Amount,Bonus  FROM M_RtpSetting  WHERE Sid = 1   AND State = 1   AND LTG_Code = 4 AND Gid = 41
sqlResult   map[state:0 result: count:0]
[2020-01-02 13:20:26] rtpData ------->   map[count:0 state:0 result:] 
[GIN] 2020/01/02 - 13:20:26 | 200 |    3.165019ms |  192.168.66.115 | POST     /getResult
[2020-01-02 13:20:28] 自開彩開獎  {202001020267 1 35 true} 
ConfigData  map[user:fa_db database:FA_MEM charset:utf8 redisIp:192.168.88.119 redisDB:3 redisPassword:"" ip:192.168.88.181 poolname:FA_MEM port:3306 password:1qaz!QAZ redisPort:6379]
SqlString  SELECT RTP,Amount,Bonus  FROM M_RtpSetting  WHERE Sid = 1   AND State = 1   AND LTG_Code = 1 AND Gid = 35
sqlResult   map[result: count:0 state:0]
[2020-01-02 13:20:28] rtpData ------->   map[result: count:0 state:0] 
[GIN] 2020/01/02 - 13:20:28 | 200 |    2.442984ms |  192.168.66.115 | POST     /getResult
[2020-01-02 13:20:29] 自開彩開獎  {202001020801 6 36 true} 
ConfigData  map[ip:192.168.88.181 database:FA_MEM charset:utf8 redisPort:6379 redisDB:3 poolname:FA_MEM port:3306 user:fa_db password:1qaz!QAZ redisIp:192.168.88.119 redisPassword:""]
SqlString  SELECT RTP,Amount,Bonus  FROM M_RtpSetting  WHERE Sid = 1   AND State = 1   AND LTG_Code = 6 AND Gid = 36
sqlResult   map[result: count:0 state:0]
[2020-01-02 13:20:29] rtpData ------->   map[result: count:0 state:0] 
[GIN] 2020/01/02 - 13:20:29 | 200 |     2.20424ms |  192.168.66.115 | POST     /getResult
[2020-01-02 13:20:30] 自開彩開獎  {202001020801 1 34 true} 
ConfigData  map[redisIp:192.168.88.119 redisPassword:"" redisDB:3 poolname:FA_MEM port:3306 password:1qaz!QAZ database:FA_MEM charset:utf8 redisPort:6379 ip:192.168.88.181 user:fa_db]
SqlString  SELECT RTP,Amount,Bonus  FROM M_RtpSetting  WHERE Sid = 1   AND State = 1   AND LTG_Code = 1 AND Gid = 34
sqlResult   map[state:0 result: count:0]
[2020-01-02 13:20:30] rtpData ------->   map[result: count:0 state:0] 
[GIN] 2020/01/02 - 13:20:30 | 200 |    2.183634ms |  192.168.66.115 | POST     /getResult
[2020-01-02 13:20:31] 自開彩開獎  {202001020161 5 39 true} 
ConfigData  map[redisPort:6379 poolname:FA_MEM port:3306 user:fa_db password:1qaz!QAZ database:FA_MEM redisIp:192.168.88.119 ip:192.168.88.181 charset:utf8 redisPassword:"" redisDB:3]
SqlString  SELECT RTP,Amount,Bonus  FROM M_RtpSetting  WHERE Sid = 1   AND State = 1   AND LTG_Code = 5 AND Gid = 39
sqlResult   map[result: count:0 state:0]
[2020-01-02 13:20:31] rtpData ------->   map[result: count:0 state:0] 
[GIN] 2020/01/02 - 13:20:31 | 200 |    2.656819ms |  192.168.66.115 | POST     /getResult
[2020-01-02 13:20:31] 自開彩開獎  {202001020801 4 40 true} 
ConfigData  map[ip:192.168.88.181 poolname:FA_MEM password:1qaz!QAZ database:FA_MEM redisPassword:"" port:3306 user:fa_db charset:utf8 redisIp:192.168.88.119 redisPort:6379 redisDB:3]
SqlString  SELECT RTP,Amount,Bonus  FROM M_RtpSetting  WHERE Sid = 1   AND State = 1   AND LTG_Code = 4 AND Gid = 40
sqlResult   map[state:0 result: count:0]
[2020-01-02 13:20:31] rtpData ------->   map[state:0 result: count:0] 
[GIN] 2020/01/02 - 13:20:31 | 200 |     2.15292ms |  192.168.66.115 | POST     /getResult
[2020-01-02 13:20:32] 自開彩開獎  {202001020801 5 38 true} 
ConfigData  map[port:3306 password:1qaz!QAZ database:FA_MEM redisIp:192.168.88.119 redisDB:3 ip:192.168.88.181 poolname:FA_MEM user:fa_db charset:utf8 redisPort:6379 redisPassword:""]
SqlString  SELECT RTP,Amount,Bonus  FROM M_RtpSetting  WHERE Sid = 1   AND State = 1   AND LTG_Code = 5 AND Gid = 38
sqlResult   map[result: count:0 state:0]
[2020-01-02 13:20:32] rtpData ------->   map[result: count:0 state:0] 
[GIN] 2020/01/02 - 13:20:32 | 200 |    1.960053ms |  192.168.66.115 | POST     /getResult
[2020-01-02 13:20:32] 自開彩開獎  {202001020267 4 41 true} 
ConfigData  map[charset:utf8 redisIp:192.168.88.119 redisDB:3 ip:192.168.88.181 poolname:FA_MEM port:3306 user:fa_db database:FA_MEM password:1qaz!QAZ redisPort:6379 redisPassword:""]
SqlString  SELECT RTP,Amount,Bonus  FROM M_RtpSetting  WHERE Sid = 1   AND State = 1   AND LTG_Code = 4 AND Gid = 41
sqlResult   map[result: count:0 state:0]
[2020-01-02 13:20:32] rtpData ------->   map[result: count:0 state:0] 
[GIN] 2020/01/02 - 13:20:32 | 200 |    2.850275ms |  192.168.66.115 | POST     /getResult
[2020-01-02 13:20:34] 自開彩開獎  {202001020267 1 35 true} 
ConfigData  map[redisPassword:"" poolname:FA_MEM user:fa_db password:1qaz!QAZ database:FA_MEM charset:utf8 redisIp:192.168.88.119 redisPort:6379 redisDB:3 ip:192.168.88.181 port:3306]
SqlString  SELECT RTP,Amount,Bonus  FROM M_RtpSetting  WHERE Sid = 1   AND State = 1   AND LTG_Code = 1 AND Gid = 35
sqlResult   map[result: count:0 state:0]
[2020-01-02 13:20:34] rtpData ------->   map[result: count:0 state:0] 
[GIN] 2020/01/02 - 13:20:34 | 200 |    1.895081ms |  192.168.66.115 | POST     /getResult
[2020-01-02 13:20:35] 自開彩開獎  {202001020801 6 36 true} 
ConfigData  map[port:3306 database:FA_MEM redisPassword:"" password:1qaz!QAZ charset:utf8 redisIp:192.168.88.119 redisPort:6379 redisDB:3 ip:192.168.88.181 poolname:FA_MEM user:fa_db]
SqlString  SELECT RTP,Amount,Bonus  FROM M_RtpSetting  WHERE Sid = 1   AND State = 1   AND LTG_Code = 6 AND Gid = 36
sqlResult   map[result: count:0 state:0]
[2020-01-02 13:20:35] rtpData ------->   map[result: count:0 state:0] 
[GIN] 2020/01/02 - 13:20:35 | 200 |    2.268107ms |  192.168.66.115 | POST     /getResult
[2020-01-02 13:20:36] 自開彩開獎  {202001020801 1 34 true} 
ConfigData  map[poolname:FA_MEM user:fa_db password:1qaz!QAZ charset:utf8 redisIp:192.168.88.119 redisPort:6379 redisDB:3 ip:192.168.88.181 port:3306 database:FA_MEM redisPassword:""]
SqlString  SELECT RTP,Amount,Bonus  FROM M_RtpSetting  WHERE Sid = 1   AND State = 1   AND LTG_Code = 1 AND Gid = 34
sqlResult   map[result: count:0 state:0]
[2020-01-02 13:20:36] rtpData ------->   map[result: count:0 state:0] 
[GIN] 2020/01/02 - 13:20:36 | 200 |    2.372405ms |  192.168.66.115 | POST     /getResult
[2020-01-02 13:20:37] 自開彩開獎  {202001020161 5 39 true} 
ConfigData  map[redisPassword:"" poolname:FA_MEM port:3306 password:1qaz!QAZ database:FA_MEM charset:utf8 redisIp:192.168.88.119 redisPort:6379 ip:192.168.88.181 user:fa_db redisDB:3]
SqlString  SELECT RTP,Amount,Bonus  FROM M_RtpSetting  WHERE Sid = 1   AND State = 1   AND LTG_Code = 5 AND Gid = 39
sqlResult   map[result: count:0 state:0]
[2020-01-02 13:20:37] rtpData ------->   map[result: count:0 state:0] 
[GIN] 2020/01/02 - 13:20:37 | 200 |    2.496987ms |  192.168.66.115 | POST     /getResult
[2020-01-02 13:20:37] 自開彩開獎  {202001020801 4 40 true} 
ConfigData  map[database:FA_MEM user:fa_db password:1qaz!QAZ port:3306 charset:utf8 redisIp:192.168.88.119 redisPort:6379 redisPassword:"" redisDB:3 ip:192.168.88.181 poolname:FA_MEM]
SqlString  SELECT RTP,Amount,Bonus  FROM M_RtpSetting  WHERE Sid = 1   AND State = 1   AND LTG_Code = 4 AND Gid = 40
sqlResult   map[count:0 state:0 result:]
[2020-01-02 13:20:37] rtpData ------->   map[result: count:0 state:0] 
[GIN] 2020/01/02 - 13:20:37 | 200 |     2.32531ms |  192.168.66.115 | POST     /getResult
[2020-01-02 13:20:38] 自開彩開獎  {202001020801 5 38 true} 
ConfigData  map[poolname:FA_MEM port:3306 password:1qaz!QAZ database:FA_MEM charset:utf8 redisPassword:"" ip:192.168.88.181 user:fa_db redisIp:192.168.88.119 redisPort:6379 redisDB:3]
SqlString  SELECT RTP,Amount,Bonus  FROM M_RtpSetting  WHERE Sid = 1   AND State = 1   AND LTG_Code = 5 AND Gid = 38
sqlResult   map[count:0 state:0 result:]
[2020-01-02 13:20:38] rtpData ------->   map[result: count:0 state:0] 
[GIN] 2020/01/02 - 13:20:38 | 200 |    2.418793ms |  192.168.66.115 | POST     /getResult
[2020-01-02 13:20:38] 自開彩開獎  {202001020267 4 41 true} 
ConfigData  map[redisPort:6379 password:1qaz!QAZ database:FA_MEM redisIp:192.168.88.119 user:fa_db charset:utf8 redisPassword:"" redisDB:3 ip:192.168.88.181 poolname:FA_MEM port:3306]
SqlString  SELECT RTP,Amount,Bonus  FROM M_RtpSetting  WHERE Sid = 1   AND State = 1   AND LTG_Code = 4 AND Gid = 41
sqlResult   map[result: count:0 state:0]
[2020-01-02 13:20:38] rtpData ------->   map[count:0 state:0 result:] 
[GIN] 2020/01/02 - 13:20:38 | 200 |    2.877898ms |  192.168.66.115 | POST     /getResult
[2020-01-02 13:20:40] 自開彩開獎  {202001020267 1 35 true} 
ConfigData  map[port:3306 database:FA_MEM charset:utf8 redisIp:192.168.88.119 redisPassword:"" ip:192.168.88.181 poolname:FA_MEM user:fa_db password:1qaz!QAZ redisPort:6379 redisDB:3]
SqlString  SELECT RTP,Amount,Bonus  FROM M_RtpSetting  WHERE Sid = 1   AND State = 1   AND LTG_Code = 1 AND Gid = 35
sqlResult   map[result: count:0 state:0]
[2020-01-02 13:20:40] rtpData ------->   map[count:0 state:0 result:] 
[GIN] 2020/01/02 - 13:20:40 | 200 |    2.273836ms |  192.168.66.115 | POST     /getResult
[2020-01-02 13:20:41] 自開彩開獎  {202001020801 6 36 true} 
ConfigData  map[poolname:FA_MEM user:fa_db database:FA_MEM charset:utf8 redisIp:192.168.88.119 redisDB:3 ip:192.168.88.181 password:1qaz!QAZ redisPort:6379 redisPassword:"" port:3306]
SqlString  SELECT RTP,Amount,Bonus  FROM M_RtpSetting  WHERE Sid = 1   AND State = 1   AND LTG_Code = 6 AND Gid = 36
sqlResult   map[result: count:0 state:0]
[2020-01-02 13:20:41] rtpData ------->   map[result: count:0 state:0] 
[GIN] 2020/01/02 - 13:20:41 | 200 |    2.653303ms |  192.168.66.115 | POST     /getResult
[2020-01-02 13:20:42] 自開彩開獎  {202001020801 1 34 true} 
ConfigData  map[ip:192.168.88.181 password:1qaz!QAZ database:FA_MEM redisPassword:"" redisDB:3 redisPort:6379 poolname:FA_MEM port:3306 user:fa_db charset:utf8 redisIp:192.168.88.119]
SqlString  SELECT RTP,Amount,Bonus  FROM M_RtpSetting  WHERE Sid = 1   AND State = 1   AND LTG_Code = 1 AND Gid = 34
sqlResult   map[state:0 result: count:0]
[2020-01-02 13:20:42] rtpData ------->   map[result: count:0 state:0] 
[GIN] 2020/01/02 - 13:20:42 | 200 |    2.276782ms |  192.168.66.115 | POST     /getResult
[2020-01-02 13:20:43] 自開彩開獎  {202001020161 5 39 true} 
ConfigData  map[password:1qaz!QAZ database:FA_MEM redisDB:3 ip:192.168.88.181 user:fa_db charset:utf8 redisIp:192.168.88.119 redisPort:6379 redisPassword:"" poolname:FA_MEM port:3306]
SqlString  SELECT RTP,Amount,Bonus  FROM M_RtpSetting  WHERE Sid = 1   AND State = 1   AND LTG_Code = 5 AND Gid = 39
sqlResult   map[result: count:0 state:0]
[2020-01-02 13:20:43] rtpData ------->   map[result: count:0 state:0] 
[GIN] 2020/01/02 - 13:20:43 | 200 |    2.253429ms |  192.168.66.115 | POST     /getResult
[2020-01-02 13:20:43] 自開彩開獎  {202001020801 4 40 true} 
ConfigData  map[redisPort:6379 redisPassword:"" port:3306 redisIp:192.168.88.119 user:fa_db password:1qaz!QAZ database:FA_MEM charset:utf8 redisDB:3 ip:192.168.88.181 poolname:FA_MEM]
SqlString  SELECT RTP,Amount,Bonus  FROM M_RtpSetting  WHERE Sid = 1   AND State = 1   AND LTG_Code = 4 AND Gid = 40
sqlResult   map[result: count:0 state:0]
[2020-01-02 13:20:43] rtpData ------->   map[result: count:0 state:0] 
[GIN] 2020/01/02 - 13:20:43 | 200 |    2.732614ms |  192.168.66.115 | POST     /getResult
[2020-01-02 13:20:44] 自開彩開獎  {202001020801 5 38 true} 
ConfigData  map[charset:utf8 redisIp:192.168.88.119 redisPassword:"" redisDB:3 poolname:FA_MEM port:3306 password:1qaz!QAZ redisPort:6379 ip:192.168.88.181 user:fa_db database:FA_MEM]
SqlString  SELECT RTP,Amount,Bonus  FROM M_RtpSetting  WHERE Sid = 1   AND State = 1   AND LTG_Code = 5 AND Gid = 38
sqlResult   map[state:0 result: count:0]
[2020-01-02 13:20:44] rtpData ------->   map[state:0 result: count:0] 
[GIN] 2020/01/02 - 13:20:44 | 200 |    2.425599ms |  192.168.66.115 | POST     /getResult
[2020-01-02 13:20:44] 自開彩開獎  {202001020267 4 41 true} 
ConfigData  map[port:3306 user:fa_db password:1qaz!QAZ charset:utf8 redisPassword:"" redisDB:3 ip:192.168.88.181 poolname:FA_MEM database:FA_MEM redisIp:192.168.88.119 redisPort:6379]
SqlString  SELECT RTP,Amount,Bonus  FROM M_RtpSetting  WHERE Sid = 1   AND State = 1   AND LTG_Code = 4 AND Gid = 41
sqlResult   map[result: count:0 state:0]
[2020-01-02 13:20:44] rtpData ------->   map[count:0 state:0 result:] 
[GIN] 2020/01/02 - 13:20:44 | 200 |    3.056851ms |  192.168.66.115 | POST     /getResult
[2020-01-02 13:20:46] 自開彩開獎  {202001020267 1 35 true} 
ConfigData  map[ip:192.168.88.181 password:1qaz!QAZ redisDB:3 redisPassword:"" poolname:FA_MEM port:3306 user:fa_db database:FA_MEM charset:utf8 redisIp:192.168.88.119 redisPort:6379]
SqlString  SELECT RTP,Amount,Bonus  FROM M_RtpSetting  WHERE Sid = 1   AND State = 1   AND LTG_Code = 1 AND Gid = 35
sqlResult   map[result: count:0 state:0]
[2020-01-02 13:20:46] rtpData ------->   map[result: count:0 state:0] 
[GIN] 2020/01/02 - 13:20:46 | 200 |    2.356048ms |  192.168.66.115 | POST     /getResult
[2020-01-02 13:20:47] 自開彩開獎  {202001020801 6 36 true} 
ConfigData  map[port:3306 user:fa_db redisIp:192.168.88.119 redisPort:6379 redisPassword:"" poolname:FA_MEM password:1qaz!QAZ database:FA_MEM charset:utf8 redisDB:3 ip:192.168.88.181]
SqlString  SELECT RTP,Amount,Bonus  FROM M_RtpSetting  WHERE Sid = 1   AND State = 1   AND LTG_Code = 6 AND Gid = 36
sqlResult   map[count:0 state:0 result:]
[2020-01-02 13:20:47] rtpData ------->   map[count:0 state:0 result:] 
[GIN] 2020/01/02 - 13:20:47 | 200 |      2.2067ms |  192.168.66.115 | POST     /getResult
[2020-01-02 13:20:48] 自開彩開獎  {202001020801 1 34 true} 
ConfigData  map[poolname:FA_MEM port:3306 user:fa_db password:1qaz!QAZ database:FA_MEM charset:utf8 redisIp:192.168.88.119 ip:192.168.88.181 redisDB:3 redisPassword:"" redisPort:6379]
SqlString  SELECT RTP,Amount,Bonus  FROM M_RtpSetting  WHERE Sid = 1   AND State = 1   AND LTG_Code = 1 AND Gid = 34
sqlResult   map[result: count:0 state:0]
[2020-01-02 13:20:48] rtpData ------->   map[state:0 result: count:0] 
[GIN] 2020/01/02 - 13:20:48 | 200 |     2.54533ms |  192.168.66.115 | POST     /getResult
[2020-01-02 13:20:49] 自開彩開獎  {202001020161 5 39 true} 
ConfigData  map[password:1qaz!QAZ charset:utf8 redisPort:6379 redisPassword:"" ip:192.168.88.181 poolname:FA_MEM port:3306 user:fa_db redisDB:3 database:FA_MEM redisIp:192.168.88.119]
SqlString  SELECT RTP,Amount,Bonus  FROM M_RtpSetting  WHERE Sid = 1   AND State = 1   AND LTG_Code = 5 AND Gid = 39
sqlResult   map[result: count:0 state:0]
[2020-01-02 13:20:49] rtpData ------->   map[count:0 state:0 result:] 
[GIN] 2020/01/02 - 13:20:49 | 200 |    2.329797ms |  192.168.66.115 | POST     /getResult
[2020-01-02 13:20:49] 自開彩開獎  {202001020801 4 40 true} 
ConfigData  map[charset:utf8 redisPort:6379 ip:192.168.88.181 poolname:FA_MEM user:fa_db password:1qaz!QAZ database:FA_MEM port:3306 redisIp:192.168.88.119 redisPassword:"" redisDB:3]
SqlString  SELECT RTP,Amount,Bonus  FROM M_RtpSetting  WHERE Sid = 1   AND State = 1   AND LTG_Code = 4 AND Gid = 40
sqlResult   map[state:0 result: count:0]
[2020-01-02 13:20:49] rtpData ------->   map[state:0 result: count:0] 
[GIN] 2020/01/02 - 13:20:49 | 200 |    3.284707ms |  192.168.66.115 | POST     /getResult
[2020-01-02 13:20:50] 自開彩開獎  {202001020801 5 38 true} 
ConfigData  map[poolname:FA_MEM redisIp:192.168.88.119 redisPassword:"" redisDB:3 ip:192.168.88.181 port:3306 user:fa_db password:1qaz!QAZ database:FA_MEM charset:utf8 redisPort:6379]
SqlString  SELECT RTP,Amount,Bonus  FROM M_RtpSetting  WHERE Sid = 1   AND State = 1   AND LTG_Code = 5 AND Gid = 38
sqlResult   map[result: count:0 state:0]
[2020-01-02 13:20:50] rtpData ------->   map[result: count:0 state:0] 
[GIN] 2020/01/02 - 13:20:50 | 200 |    2.361722ms |  192.168.66.115 | POST     /getResult
[2020-01-02 13:20:50] 自開彩開獎  {202001020267 4 41 true} 
ConfigData  map[port:3306 user:fa_db database:FA_MEM redisPort:6379 redisDB:3 ip:192.168.88.181 poolname:FA_MEM password:1qaz!QAZ charset:utf8 redisIp:192.168.88.119 redisPassword:""]
SqlString  SELECT RTP,Amount,Bonus  FROM M_RtpSetting  WHERE Sid = 1   AND State = 1   AND LTG_Code = 4 AND Gid = 41
sqlResult   map[state:0 result: count:0]
[2020-01-02 13:20:50] rtpData ------->   map[result: count:0 state:0] 
[GIN] 2020/01/02 - 13:20:50 | 200 |    3.035574ms |  192.168.66.115 | POST     /getResult
[2020-01-02 13:20:52] 自開彩開獎  {202001020267 1 35 true} 
ConfigData  map[ip:192.168.88.181 poolname:FA_MEM port:3306 user:fa_db password:1qaz!QAZ redisIp:192.168.88.119 redisPort:6379 redisDB:3 database:FA_MEM charset:utf8 redisPassword:""]
SqlString  SELECT RTP,Amount,Bonus  FROM M_RtpSetting  WHERE Sid = 1   AND State = 1   AND LTG_Code = 1 AND Gid = 35
sqlResult   map[result: count:0 state:0]
[2020-01-02 13:20:52] rtpData ------->   map[result: count:0 state:0] 
[GIN] 2020/01/02 - 13:20:52 | 200 |    2.647252ms |  192.168.66.115 | POST     /getResult
[2020-01-02 13:20:53] 自開彩開獎  {202001020801 6 36 true} 
ConfigData  map[ip:192.168.88.181 user:fa_db password:1qaz!QAZ charset:utf8 redisPort:6379 redisPassword:"" redisDB:3 poolname:FA_MEM port:3306 database:FA_MEM redisIp:192.168.88.119]
SqlString  SELECT RTP,Amount,Bonus  FROM M_RtpSetting  WHERE Sid = 1   AND State = 1   AND LTG_Code = 6 AND Gid = 36
sqlResult   map[result: count:0 state:0]
[2020-01-02 13:20:53] rtpData ------->   map[result: count:0 state:0] 
[GIN] 2020/01/02 - 13:20:53 | 200 |    2.112987ms |  192.168.66.115 | POST     /getResult
[2020-01-02 13:20:54] 自開彩開獎  {202001020801 1 34 true} 
ConfigData  map[user:fa_db database:FA_MEM redisDB:3 poolname:FA_MEM port:3306 password:1qaz!QAZ charset:utf8 redisIp:192.168.88.119 redisPort:6379 redisPassword:"" ip:192.168.88.181]
SqlString  SELECT RTP,Amount,Bonus  FROM M_RtpSetting  WHERE Sid = 1   AND State = 1   AND LTG_Code = 1 AND Gid = 34
sqlResult   map[result: count:0 state:0]
[2020-01-02 13:20:54] rtpData ------->   map[result: count:0 state:0] 
[GIN] 2020/01/02 - 13:20:54 | 200 |    3.344713ms |  192.168.66.115 | POST     /getResult
[2020-01-02 13:20:55] 自開彩開獎  {202001020161 5 39 true} 
ConfigData  map[poolname:FA_MEM password:1qaz!QAZ database:FA_MEM charset:utf8 redisPassword:"" ip:192.168.88.181 port:3306 user:fa_db redisIp:192.168.88.119 redisPort:6379 redisDB:3]
SqlString  SELECT RTP,Amount,Bonus  FROM M_RtpSetting  WHERE Sid = 1   AND State = 1   AND LTG_Code = 5 AND Gid = 39
sqlResult   map[state:0 result: count:0]
[2020-01-02 13:20:55] rtpData ------->   map[result: count:0 state:0] 
[GIN] 2020/01/02 - 13:20:55 | 200 |    2.340437ms |  192.168.66.115 | POST     /getResult
[2020-01-02 13:20:55] 自開彩開獎  {202001020801 4 40 true} 
ConfigData  map[user:fa_db password:1qaz!QAZ charset:utf8 redisIp:192.168.88.119 redisPort:6379 ip:192.168.88.181 poolname:FA_MEM port:3306 redisDB:3 database:FA_MEM redisPassword:""]
SqlString  SELECT RTP,Amount,Bonus  FROM M_RtpSetting  WHERE Sid = 1   AND State = 1   AND LTG_Code = 4 AND Gid = 40
sqlResult   map[count:0 state:0 result:]
[2020-01-02 13:20:55] rtpData ------->   map[count:0 state:0 result:] 
[GIN] 2020/01/02 - 13:20:55 | 200 |    2.972659ms |  192.168.66.115 | POST     /getResult
[2020-01-02 13:20:56] 自開彩開獎  {202001020801 5 38 true} 
ConfigData  map[password:1qaz!QAZ database:FA_MEM redisPort:6379 redisPassword:"" charset:utf8 redisIp:192.168.88.119 redisDB:3 ip:192.168.88.181 poolname:FA_MEM port:3306 user:fa_db]
SqlString  SELECT RTP,Amount,Bonus  FROM M_RtpSetting  WHERE Sid = 1   AND State = 1   AND LTG_Code = 5 AND Gid = 38
sqlResult   map[result: count:0 state:0]
[2020-01-02 13:20:56] rtpData ------->   map[result: count:0 state:0] 
[GIN] 2020/01/02 - 13:20:56 | 200 |    2.369608ms |  192.168.66.115 | POST     /getResult
[2020-01-02 13:20:56] 自開彩開獎  {202001020267 4 41 true} 
ConfigData  map[redisPort:6379 redisPassword:"" ip:192.168.88.181 user:fa_db password:1qaz!QAZ database:FA_MEM redisIp:192.168.88.119 poolname:FA_MEM port:3306 charset:utf8 redisDB:3]
SqlString  SELECT RTP,Amount,Bonus  FROM M_RtpSetting  WHERE Sid = 1   AND State = 1   AND LTG_Code = 4 AND Gid = 41
sqlResult   map[result: count:0 state:0]
[2020-01-02 13:20:56] rtpData ------->   map[state:0 result: count:0] 
[GIN] 2020/01/02 - 13:20:56 | 200 |    2.927574ms |  192.168.66.115 | POST     /getResult
[2020-01-02 13:20:58] 自開彩開獎  {202001020267 1 35 true} 
ConfigData  map[redisPassword:"" redisDB:3 poolname:FA_MEM password:1qaz!QAZ database:FA_MEM charset:utf8 redisIp:192.168.88.119 ip:192.168.88.181 port:3306 user:fa_db redisPort:6379]
SqlString  SELECT RTP,Amount,Bonus  FROM M_RtpSetting  WHERE Sid = 1   AND State = 1   AND LTG_Code = 1 AND Gid = 35
sqlResult   map[result: count:0 state:0]
[2020-01-02 13:20:58] rtpData ------->   map[state:0 result: count:0] 
[GIN] 2020/01/02 - 13:20:58 | 200 |    2.231827ms |  192.168.66.115 | POST     /getResult
[2020-01-02 13:20:59] 自開彩開獎  {202001020801 6 36 true} 
ConfigData  map[ip:192.168.88.181 database:FA_MEM redisDB:3 redisPassword:"" poolname:FA_MEM port:3306 user:fa_db password:1qaz!QAZ charset:utf8 redisIp:192.168.88.119 redisPort:6379]
SqlString  SELECT RTP,Amount,Bonus  FROM M_RtpSetting  WHERE Sid = 1   AND State = 1   AND LTG_Code = 6 AND Gid = 36
sqlResult   map[result: count:0 state:0]
[2020-01-02 13:20:59] rtpData ------->   map[result: count:0 state:0] 
[GIN] 2020/01/02 - 13:20:59 | 200 |    2.571394ms |  192.168.66.115 | POST     /getResult
[2020-01-02 13:21:00] 自開彩開獎  {202001020801 1 34 true} 
ConfigData  map[port:3306 user:fa_db password:1qaz!QAZ redisIp:192.168.88.119 redisPassword:"" redisDB:3 ip:192.168.88.181 poolname:FA_MEM database:FA_MEM charset:utf8 redisPort:6379]
SqlString  SELECT RTP,Amount,Bonus  FROM M_RtpSetting  WHERE Sid = 1   AND State = 1   AND LTG_Code = 1 AND Gid = 34
sqlResult   map[result: count:0 state:0]
[2020-01-02 13:21:00] rtpData ------->   map[state:0 result: count:0] 
[GIN] 2020/01/02 - 13:21:00 | 200 |    2.293438ms |  192.168.66.115 | POST     /getResult
[2020-01-02 13:21:01] 自開彩開獎  {202001020268 6 37 true} 
ConfigData  map[database:FA_MEM redisPort:6379 redisPassword:"" redisDB:3 ip:192.168.88.181 poolname:FA_MEM port:3306 user:fa_db password:1qaz!QAZ charset:utf8 redisIp:192.168.88.119]
SqlString  SELECT RTP,Amount,Bonus  FROM M_RtpSetting  WHERE Sid = 1   AND State = 1   AND LTG_Code = 6 AND Gid = 37
sqlResult   map[result: count:0 state:0]
[2020-01-02 13:21:01] rtpData ------->   map[result: count:0 state:0] 
[GIN] 2020/01/02 - 13:21:01 | 200 |     2.37497ms |  192.168.66.115 | POST     /getResult
[2020-01-02 13:21:01] 自開彩開獎  {202001020161 5 39 true} 
ConfigData  map[port:3306 password:1qaz!QAZ database:FA_MEM charset:utf8 redisIp:192.168.88.119 redisPort:6379 redisPassword:"" redisDB:3 ip:192.168.88.181 poolname:FA_MEM user:fa_db]
SqlString  SELECT RTP,Amount,Bonus  FROM M_RtpSetting  WHERE Sid = 1   AND State = 1   AND LTG_Code = 5 AND Gid = 39
sqlResult   map[result: count:0 state:0]
[2020-01-02 13:21:01] rtpData ------->   map[result: count:0 state:0] 
[GIN] 2020/01/02 - 13:21:01 | 200 |    2.491503ms |  192.168.66.115 | POST     /getResult
[2020-01-02 13:21:01] 自開彩開獎  {202001020801 4 40 true} 
ConfigData  map[port:3306 password:1qaz!QAZ redisIp:192.168.88.119 redisPassword:"" redisDB:3 ip:192.168.88.181 poolname:FA_MEM charset:utf8 redisPort:6379 user:fa_db database:FA_MEM]
SqlString  SELECT RTP,Amount,Bonus  FROM M_RtpSetting  WHERE Sid = 1   AND State = 1   AND LTG_Code = 4 AND Gid = 40
sqlResult   map[result: count:0 state:0]
[2020-01-02 13:21:01] rtpData ------->   map[count:0 state:0 result:] 
[GIN] 2020/01/02 - 13:21:01 | 200 |    2.811886ms |  192.168.66.115 | POST     /getResult
[2020-01-02 13:21:01] 自開彩開獎  {202001020802 2 26 true} 
ConfigData  map[charset:utf8 redisIp:192.168.88.119 redisPassword:"" redisDB:3 poolname:FA_MEM password:1qaz!QAZ user:fa_db database:FA_MEM redisPort:6379 ip:192.168.88.181 port:3306]
SqlString  SELECT RTP,Amount,Bonus  FROM M_RtpSetting  WHERE Sid = 1   AND State = 1   AND LTG_Code = 2 AND Gid = 26
[2020-01-02 13:21:01] 自開彩開獎  {20200102268 2 27 true} 
ConfigData  map[ip:192.168.88.181 user:fa_db password:1qaz!QAZ redisIp:192.168.88.119 redisPort:6379 redisPassword:"" redisDB:3 poolname:FA_MEM port:3306 database:FA_MEM charset:utf8]
SqlString  SELECT RTP,Amount,Bonus  FROM M_RtpSetting  WHERE Sid = 1   AND State = 1   AND LTG_Code = 2 AND Gid = 27
sqlResult   map[count:1 state:1 amount:105208 bonus:58491.69 result:0.9600]
[2020-01-02 13:21:01] rtpData ------->   map[bonus:58491.69 result:0.9600 count:1 state:1 amount:105208] 
ConfigData  map[port:3306 password:1qaz!QAZ database:FA_MEM redisIp:192.168.88.119 redisPort:6379 redisPassword:"" ip:192.168.88.181 poolname:FA_MEM user:fa_db charset:utf8 redisDB:3]
SELECT BO_No, BO_OrderNo , BO_User , BO_Issue  , BO_LotteryTypeGroup, BO_LotteryType, BO_Mode, BO_LotteryPlayGroup, BO_LotteryPlay , BO_LotteryContent, BO_Price, BO_RealPrice, BO_Unit, BO_Multiple , BO_BetCount  , BO_Winnings, BO_Winnings2, BO_Winnings3, BO_WinningLimit  , BO_Water , BO_BW_SourceUserId, BO_BW_BackWater, BO_BW_LimitBetCount, BO_BW_MaxAmount, BO_BW_AuditMultiple  , BO_Odds, BO_Odds2, BO_Odds3 , BO_Type, BO_Chase , BO_OpenResult, BO_OpenResult2, BO_DateDraw, BO_DateDraw2, BO_DateUpdate  FROM TS_BetOrder  WHERE BO_Cancel = 0   AND BO_CancelBackend = 0   AND BO_LotteryTypeGroup = 2 AND BO_LotteryType = 27 AND BO_Issue = 20200102268 AND BO_Collect = 0 ORDER BY BO_DateDraw ASC, BO_DateCreate ASC, BO_DateUpdate ASC, BO_No ASC ;
sqlResult   map[state:1 amount:1.0069588e+06 bonus:908100.71 result:0.9600 count:1]
[2020-01-02 13:21:01] rtpData ------->   map[result:0.9600 count:1 state:1 amount:1.0069588e+06 bonus:908100.71] 
ConfigData  map[poolname:FA_MEM database:FA_MEM charset:utf8 redisIp:192.168.88.119 redisDB:3 ip:192.168.88.181 port:3306 user:fa_db password:1qaz!QAZ redisPort:6379 redisPassword:""]
SELECT BO_No, BO_OrderNo , BO_User , BO_Issue  , BO_LotteryTypeGroup, BO_LotteryType, BO_Mode, BO_LotteryPlayGroup, BO_LotteryPlay , BO_LotteryContent, BO_Price, BO_RealPrice, BO_Unit, BO_Multiple , BO_BetCount  , BO_Winnings, BO_Winnings2, BO_Winnings3, BO_WinningLimit  , BO_Water , BO_BW_SourceUserId, BO_BW_BackWater, BO_BW_LimitBetCount, BO_BW_MaxAmount, BO_BW_AuditMultiple  , BO_Odds, BO_Odds2, BO_Odds3 , BO_Type, BO_Chase , BO_OpenResult, BO_OpenResult2, BO_DateDraw, BO_DateDraw2, BO_DateUpdate  FROM TS_BetOrder  WHERE BO_Cancel = 0   AND BO_CancelBackend = 0   AND BO_LotteryTypeGroup = 2 AND BO_LotteryType = 26 AND BO_Issue = 202001020802 AND BO_Collect = 0 ORDER BY BO_DateDraw ASC, BO_DateCreate ASC, BO_DateUpdate ASC, BO_No ASC ;
[2020-01-02 13:21:01] LottteryTypeGroup 2 
[2020-01-02 13:21:01] 有期號 但無注單 -------> map[amount:0 bonus:0 thisOpenResult:[4 9 0 0 5]] 
[GIN] 2020/01/02 - 13:21:01 | 200 |    5.210681ms |  192.168.66.115 | POST     /getResult
[2020-01-02 13:21:01] LottteryTypeGroup 2 
[2020-01-02 13:21:01] 有期號 但無注單 -------> map[amount:0 bonus:0 thisOpenResult:[1 8 1 4 7]] 
[GIN] 2020/01/02 - 13:21:01 | 200 |    5.788564ms |  192.168.66.115 | POST     /getResult
[2020-01-02 13:21:02] 自開彩開獎  {202001020801 5 38 true} 
ConfigData  map[password:1qaz!QAZ database:FA_MEM charset:utf8 redisPort:6379 ip:192.168.88.181 poolname:FA_MEM port:3306 user:fa_db redisIp:192.168.88.119 redisPassword:"" redisDB:3]
SqlString  SELECT RTP,Amount,Bonus  FROM M_RtpSetting  WHERE Sid = 1   AND State = 1   AND LTG_Code = 5 AND Gid = 38
sqlResult   map[result: count:0 state:0]
[2020-01-02 13:21:02] rtpData ------->   map[result: count:0 state:0] 
[GIN] 2020/01/02 - 13:21:02 | 200 |    2.387828ms |  192.168.66.115 | POST     /getResult
[2020-01-02 13:21:02] 自開彩開獎  {202001020267 4 41 true} 
ConfigData  map[port:3306 database:FA_MEM redisPort:6379 redisIp:192.168.88.119 redisPassword:"" redisDB:3 ip:192.168.88.181 poolname:FA_MEM user:fa_db password:1qaz!QAZ charset:utf8]
SqlString  SELECT RTP,Amount,Bonus  FROM M_RtpSetting  WHERE Sid = 1   AND State = 1   AND LTG_Code = 4 AND Gid = 41
sqlResult   map[result: count:0 state:0]
[2020-01-02 13:21:02] rtpData ------->   map[result: count:0 state:0] 
[GIN] 2020/01/02 - 13:21:02 | 200 |    2.452712ms |  192.168.66.115 | POST     /getResult
[2020-01-02 13:21:04] 自開彩開獎  {202001020267 1 35 true} 
ConfigData  map[redisIp:192.168.88.119 redisPassword:"" ip:192.168.88.181 port:3306 user:fa_db database:FA_MEM charset:utf8 poolname:FA_MEM password:1qaz!QAZ redisPort:6379 redisDB:3]
SqlString  SELECT RTP,Amount,Bonus  FROM M_RtpSetting  WHERE Sid = 1   AND State = 1   AND LTG_Code = 1 AND Gid = 35
sqlResult   map[result: count:0 state:0]
[2020-01-02 13:21:04] rtpData ------->   map[result: count:0 state:0] 
[GIN] 2020/01/02 - 13:21:04 | 200 |    2.626015ms |  192.168.66.115 | POST     /getResult
[2020-01-02 13:21:05] 自開彩開獎  {202001020801 6 36 true} 
ConfigData  map[poolname:FA_MEM password:1qaz!QAZ redisPort:6379 redisPassword:"" redisDB:3 ip:192.168.88.181 port:3306 user:fa_db database:FA_MEM charset:utf8 redisIp:192.168.88.119]
SqlString  SELECT RTP,Amount,Bonus  FROM M_RtpSetting  WHERE Sid = 1   AND State = 1   AND LTG_Code = 6 AND Gid = 36
sqlResult   map[result: count:0 state:0]
[2020-01-02 13:21:05] rtpData ------->   map[count:0 state:0 result:] 
[GIN] 2020/01/02 - 13:21:05 | 200 |    2.216141ms |  192.168.66.115 | POST     /getResult
[2020-01-02 13:21:06] 自開彩開獎  {202001020802 1 34 true} 
ConfigData  map[charset:utf8 redisIp:192.168.88.119 redisPort:6379 redisDB:3 ip:192.168.88.181 poolname:FA_MEM password:1qaz!QAZ database:FA_MEM port:3306 user:fa_db redisPassword:""]
SqlString  SELECT RTP,Amount,Bonus  FROM M_RtpSetting  WHERE Sid = 1   AND State = 1   AND LTG_Code = 1 AND Gid = 34
sqlResult   map[result: count:0 state:0]
[2020-01-02 13:21:06] rtpData ------->   map[result: count:0 state:0] 
[GIN] 2020/01/02 - 13:21:06 | 200 |    3.107035ms |  192.168.66.115 | POST     /getResult
[2020-01-02 13:21:07] 自開彩開獎  {202001020268 6 37 true} 
ConfigData  map[database:FA_MEM redisPort:6379 ip:192.168.88.181 poolname:FA_MEM port:3306 user:fa_db password:1qaz!QAZ charset:utf8 redisIp:192.168.88.119 redisPassword:"" redisDB:3]
SqlString  SELECT RTP,Amount,Bonus  FROM M_RtpSetting  WHERE Sid = 1   AND State = 1   AND LTG_Code = 6 AND Gid = 37
sqlResult   map[result: count:0 state:0]
[2020-01-02 13:21:07] rtpData ------->   map[result: count:0 state:0] 
[GIN] 2020/01/02 - 13:21:07 | 200 |    2.407996ms |  192.168.66.115 | POST     /getResult
[2020-01-02 13:21:07] 自開彩開獎  {202001020802 4 40 true} 
ConfigData  map[charset:utf8 redisIp:192.168.88.119 redisPort:6379 redisPassword:"" ip:192.168.88.181 poolname:FA_MEM port:3306 redisDB:3 user:fa_db password:1qaz!QAZ database:FA_MEM]
SqlString  SELECT RTP,Amount,Bonus  FROM M_RtpSetting  WHERE Sid = 1   AND State = 1   AND LTG_Code = 4 AND Gid = 40
sqlResult   map[state:0 result: count:0]
[2020-01-02 13:21:07] rtpData ------->   map[state:0 result: count:0] 
[GIN] 2020/01/02 - 13:21:07 | 200 |    2.644922ms |  192.168.66.115 | POST     /getResult
[2020-01-02 13:21:08] 自開彩開獎  {202001020802 5 38 true} 
ConfigData  map[user:fa_db password:1qaz!QAZ database:FA_MEM charset:utf8 redisPassword:"" redisDB:3 ip:192.168.88.181 poolname:FA_MEM port:3306 redisIp:192.168.88.119 redisPort:6379]
SqlString  SELECT RTP,Amount,Bonus  FROM M_RtpSetting  WHERE Sid = 1   AND State = 1   AND LTG_Code = 5 AND Gid = 38
sqlResult   map[count:0 state:0 result:]
[2020-01-02 13:21:08] rtpData ------->   map[count:0 state:0 result:] 
[GIN] 2020/01/02 - 13:21:08 | 200 |    2.482174ms |  192.168.66.115 | POST     /getResult
[2020-01-02 13:21:08] 自開彩開獎  {202001020268 4 41 true} 
ConfigData  map[redisPort:6379 poolname:FA_MEM user:fa_db database:FA_MEM charset:utf8 redisIp:192.168.88.119 redisPassword:"" redisDB:3 ip:192.168.88.181 port:3306 password:1qaz!QAZ]
SqlString  SELECT RTP,Amount,Bonus  FROM M_RtpSetting  WHERE Sid = 1   AND State = 1   AND LTG_Code = 4 AND Gid = 41
sqlResult   map[result: count:0 state:0]
[2020-01-02 13:21:08] rtpData ------->   map[result: count:0 state:0] 
[GIN] 2020/01/02 - 13:21:08 | 200 |    2.735521ms |  192.168.66.115 | POST     /getResult
[2020-01-02 13:21:10] 自開彩開獎  {202001020268 1 35 true} 
ConfigData  map[redisPort:6379 redisPassword:"" poolname:FA_MEM user:fa_db password:1qaz!QAZ database:FA_MEM redisDB:3 ip:192.168.88.181 port:3306 charset:utf8 redisIp:192.168.88.119]
SqlString  SELECT RTP,Amount,Bonus  FROM M_RtpSetting  WHERE Sid = 1   AND State = 1   AND LTG_Code = 1 AND Gid = 35
sqlResult   map[count:0 state:0 result:]
[2020-01-02 13:21:10] rtpData ------->   map[result: count:0 state:0] 
[GIN] 2020/01/02 - 13:21:10 | 200 |    2.173163ms |  192.168.66.115 | POST     /getResult
[2020-01-02 13:21:11] 自開彩開獎  {202001020802 6 36 true} 
ConfigData  map[password:1qaz!QAZ database:FA_MEM charset:utf8 redisIp:192.168.88.119 ip:192.168.88.181 poolname:FA_MEM port:3306 user:fa_db redisPassword:"" redisDB:3 redisPort:6379]
SqlString  SELECT RTP,Amount,Bonus  FROM M_RtpSetting  WHERE Sid = 1   AND State = 1   AND LTG_Code = 6 AND Gid = 36
sqlResult   map[result: count:0 state:0]
[2020-01-02 13:21:11] rtpData ------->   map[result: count:0 state:0] 
[GIN] 2020/01/02 - 13:21:11 | 200 |    2.211694ms |  192.168.66.115 | POST     /getResult
[2020-01-02 13:21:12] 自開彩開獎  {202001020802 1 34 true} 
ConfigData  map[database:FA_MEM redisPort:6379 redisPassword:"" redisDB:3 poolname:FA_MEM port:3306 user:fa_db redisIp:192.168.88.119 ip:192.168.88.181 password:1qaz!QAZ charset:utf8]
SqlString  SELECT RTP,Amount,Bonus  FROM M_RtpSetting  WHERE Sid = 1   AND State = 1   AND LTG_Code = 1 AND Gid = 34
sqlResult   map[count:0 state:0 result:]
[2020-01-02 13:21:12] rtpData ------->   map[result: count:0 state:0] 
[GIN] 2020/01/02 - 13:21:12 | 200 |    2.793245ms |  192.168.66.115 | POST     /getResult
[2020-01-02 13:21:13] 自開彩開獎  {202001020268 6 37 true} 
ConfigData  map[poolname:FA_MEM redisPort:6379 ip:192.168.88.181 port:3306 user:fa_db password:1qaz!QAZ database:FA_MEM charset:utf8 redisIp:192.168.88.119 redisPassword:"" redisDB:3]
SqlString  SELECT RTP,Amount,Bonus  FROM M_RtpSetting  WHERE Sid = 1   AND State = 1   AND LTG_Code = 6 AND Gid = 37
sqlResult   map[result: count:0 state:0]
[2020-01-02 13:21:13] rtpData ------->   map[result: count:0 state:0] 
[GIN] 2020/01/02 - 13:21:13 | 200 |    2.657247ms |  192.168.66.115 | POST     /getResult
[2020-01-02 13:21:13] 自開彩開獎  {202001020802 4 40 true} 
ConfigData  map[poolname:FA_MEM port:3306 redisPort:6379 redisPassword:"" redisDB:3 ip:192.168.88.181 user:fa_db password:1qaz!QAZ database:FA_MEM charset:utf8 redisIp:192.168.88.119]
SqlString  SELECT RTP,Amount,Bonus  FROM M_RtpSetting  WHERE Sid = 1   AND State = 1   AND LTG_Code = 4 AND Gid = 40
sqlResult   map[result: count:0 state:0]
[2020-01-02 13:21:13] rtpData ------->   map[result: count:0 state:0] 
[GIN] 2020/01/02 - 13:21:13 | 200 |    2.388863ms |  192.168.66.115 | POST     /getResult
[2020-01-02 13:21:14] 自開彩開獎  {202001020802 5 38 true} 
ConfigData  map[redisPort:6379 redisPassword:"" redisDB:3 ip:192.168.88.181 poolname:FA_MEM user:fa_db charset:utf8 port:3306 password:1qaz!QAZ database:FA_MEM redisIp:192.168.88.119]
SqlString  SELECT RTP,Amount,Bonus  FROM M_RtpSetting  WHERE Sid = 1   AND State = 1   AND LTG_Code = 5 AND Gid = 38
sqlResult   map[result: count:0 state:0]
[2020-01-02 13:21:14] rtpData ------->   map[result: count:0 state:0] 
[GIN] 2020/01/02 - 13:21:14 | 200 |    2.334724ms |  192.168.66.115 | POST     /getResult
[2020-01-02 13:21:14] 自開彩開獎  {202001020268 4 41 true} 
ConfigData  map[password:1qaz!QAZ charset:utf8 redisIp:192.168.88.119 redisPort:6379 ip:192.168.88.181 poolname:FA_MEM port:3306 user:fa_db redisPassword:"" database:FA_MEM redisDB:3]
SqlString  SELECT RTP,Amount,Bonus  FROM M_RtpSetting  WHERE Sid = 1   AND State = 1   AND LTG_Code = 4 AND Gid = 41
sqlResult   map[count:0 state:0 result:]
[2020-01-02 13:21:14] rtpData ------->   map[result: count:0 state:0] 
[GIN] 2020/01/02 - 13:21:14 | 200 |    2.870174ms |  192.168.66.115 | POST     /getResult
[2020-01-02 13:21:16] 自開彩開獎  {202001020268 1 35 true} 
ConfigData  map[charset:utf8 redisIp:192.168.88.119 redisPassword:"" redisDB:3 port:3306 password:1qaz!QAZ database:FA_MEM redisPort:6379 ip:192.168.88.181 poolname:FA_MEM user:fa_db]
SqlString  SELECT RTP,Amount,Bonus  FROM M_RtpSetting  WHERE Sid = 1   AND State = 1   AND LTG_Code = 1 AND Gid = 35
sqlResult   map[result: count:0 state:0]
[2020-01-02 13:21:16] rtpData ------->   map[state:0 result: count:0] 
[GIN] 2020/01/02 - 13:21:16 | 200 |    2.398483ms |  192.168.66.115 | POST     /getResult
[2020-01-02 13:21:17] 自開彩開獎  {202001020802 6 36 true} 
ConfigData  map[port:3306 user:fa_db database:FA_MEM redisIp:192.168.88.119 ip:192.168.88.181 poolname:FA_MEM password:1qaz!QAZ charset:utf8 redisPort:6379 redisPassword:"" redisDB:3]
SqlString  SELECT RTP,Amount,Bonus  FROM M_RtpSetting  WHERE Sid = 1   AND State = 1   AND LTG_Code = 6 AND Gid = 36
sqlResult   map[result: count:0 state:0]
[2020-01-02 13:21:17] rtpData ------->   map[count:0 state:0 result:] 
[GIN] 2020/01/02 - 13:21:17 | 200 |    2.267484ms |  192.168.66.115 | POST     /getResult
[2020-01-02 13:21:18] 自開彩開獎  {202001020802 1 34 true} 
ConfigData  map[poolname:FA_MEM password:1qaz!QAZ database:FA_MEM charset:utf8 redisPort:6379 redisPassword:"" redisDB:3 ip:192.168.88.181 port:3306 user:fa_db redisIp:192.168.88.119]
SqlString  SELECT RTP,Amount,Bonus  FROM M_RtpSetting  WHERE Sid = 1   AND State = 1   AND LTG_Code = 1 AND Gid = 34
sqlResult   map[result: count:0 state:0]
[2020-01-02 13:21:18] rtpData ------->   map[result: count:0 state:0] 
[GIN] 2020/01/02 - 13:21:18 | 200 |    2.845576ms |  192.168.66.115 | POST     /getResult
[2020-01-02 13:21:19] 自開彩開獎  {202001020268 6 37 true} 
ConfigData  map[ip:192.168.88.181 poolname:FA_MEM charset:utf8 redisPassword:"" redisDB:3 port:3306 user:fa_db password:1qaz!QAZ database:FA_MEM redisIp:192.168.88.119 redisPort:6379]
SqlString  SELECT RTP,Amount,Bonus  FROM M_RtpSetting  WHERE Sid = 1   AND State = 1   AND LTG_Code = 6 AND Gid = 37
sqlResult   map[result: count:0 state:0]
[2020-01-02 13:21:19] rtpData ------->   map[result: count:0 state:0] 
[GIN] 2020/01/02 - 13:21:19 | 200 |    2.124473ms |  192.168.66.115 | POST     /getResult
[2020-01-02 13:21:19] 自開彩開獎  {202001020802 4 40 true} 
ConfigData  map[charset:utf8 redisIp:192.168.88.119 password:1qaz!QAZ poolname:FA_MEM port:3306 user:fa_db database:FA_MEM redisPort:6379 redisPassword:"" redisDB:3 ip:192.168.88.181]
SqlString  SELECT RTP,Amount,Bonus  FROM M_RtpSetting  WHERE Sid = 1   AND State = 1   AND LTG_Code = 4 AND Gid = 40
sqlResult   map[result: count:0 state:0]
[2020-01-02 13:21:19] rtpData ------->   map[result: count:0 state:0] 
[GIN] 2020/01/02 - 13:21:19 | 200 |    2.443873ms |  192.168.66.115 | POST     /getResult
[2020-01-02 13:21:20] 自開彩開獎  {202001020802 5 38 true} 
ConfigData  map[redisPort:6379 poolname:FA_MEM port:3306 user:fa_db password:1qaz!QAZ database:FA_MEM charset:utf8 redisIp:192.168.88.119 redisPassword:"" ip:192.168.88.181 redisDB:3]
SqlString  SELECT RTP,Amount,Bonus  FROM M_RtpSetting  WHERE Sid = 1   AND State = 1   AND LTG_Code = 5 AND Gid = 38
sqlResult   map[result: count:0 state:0]
[2020-01-02 13:21:20] rtpData ------->   map[result: count:0 state:0] 
[GIN] 2020/01/02 - 13:21:20 | 200 |    2.843481ms |  192.168.66.115 | POST     /getResult
[2020-01-02 13:21:20] 自開彩開獎  {202001020268 4 41 true} 
ConfigData  map[ip:192.168.88.181 poolname:FA_MEM database:FA_MEM redisIp:192.168.88.119 redisPassword:"" port:3306 user:fa_db password:1qaz!QAZ charset:utf8 redisPort:6379 redisDB:3]
SqlString  SELECT RTP,Amount,Bonus  FROM M_RtpSetting  WHERE Sid = 1   AND State = 1   AND LTG_Code = 4 AND Gid = 41
sqlResult   map[result: count:0 state:0]
[2020-01-02 13:21:20] rtpData ------->   map[result: count:0 state:0] 
[GIN] 2020/01/02 - 13:21:20 | 200 |    2.540171ms |  192.168.66.115 | POST     /getResult
[2020-01-02 13:21:22] 自開彩開獎  {202001020268 1 35 true} 
ConfigData  map[poolname:FA_MEM database:FA_MEM redisIp:192.168.88.119 redisPort:6379 redisPassword:"" ip:192.168.88.181 user:fa_db password:1qaz!QAZ charset:utf8 redisDB:3 port:3306]
SqlString  SELECT RTP,Amount,Bonus  FROM M_RtpSetting  WHERE Sid = 1   AND State = 1   AND LTG_Code = 1 AND Gid = 35
sqlResult   map[result: count:0 state:0]
[2020-01-02 13:21:22] rtpData ------->   map[result: count:0 state:0] 
[GIN] 2020/01/02 - 13:21:22 | 200 |    2.327911ms |  192.168.66.115 | POST     /getResult
[2020-01-02 13:21:23] 自開彩開獎  {202001020802 6 36 true} 
ConfigData  map[redisIp:192.168.88.119 redisPassword:"" redisDB:3 poolname:FA_MEM password:1qaz!QAZ database:FA_MEM charset:utf8 redisPort:6379 ip:192.168.88.181 port:3306 user:fa_db]
SqlString  SELECT RTP,Amount,Bonus  FROM M_RtpSetting  WHERE Sid = 1   AND State = 1   AND LTG_Code = 6 AND Gid = 36
sqlResult   map[result: count:0 state:0]
[2020-01-02 13:21:23] rtpData ------->   map[result: count:0 state:0] 
[GIN] 2020/01/02 - 13:21:23 | 200 |    2.389696ms |  192.168.66.115 | POST     /getResult
[2020-01-02 13:21:24] 自開彩開獎  {202001020802 1 34 true} 
ConfigData  map[port:3306 user:fa_db database:FA_MEM charset:utf8 redisDB:3 poolname:FA_MEM password:1qaz!QAZ redisIp:192.168.88.119 redisPort:6379 redisPassword:"" ip:192.168.88.181]
SqlString  SELECT RTP,Amount,Bonus  FROM M_RtpSetting  WHERE Sid = 1   AND State = 1   AND LTG_Code = 1 AND Gid = 34
sqlResult   map[result: count:0 state:0]
[2020-01-02 13:21:24] rtpData ------->   map[result: count:0 state:0] 
[GIN] 2020/01/02 - 13:21:24 | 200 |    2.645333ms |  192.168.66.115 | POST     /getResult
[2020-01-02 13:21:25] 自開彩開獎  {202001020268 6 37 true} 
ConfigData  map[charset:utf8 redisIp:192.168.88.119 redisPort:6379 redisPassword:"" redisDB:3 ip:192.168.88.181 database:FA_MEM user:fa_db password:1qaz!QAZ poolname:FA_MEM port:3306]
SqlString  SELECT RTP,Amount,Bonus  FROM M_RtpSetting  WHERE Sid = 1   AND State = 1   AND LTG_Code = 6 AND Gid = 37
sqlResult   map[state:0 result: count:0]
[2020-01-02 13:21:25] rtpData ------->   map[result: count:0 state:0] 
[GIN] 2020/01/02 - 13:21:25 | 200 |    2.256186ms |  192.168.66.115 | POST     /getResult
[2020-01-02 13:21:25] 自開彩開獎  {202001020802 4 40 true} 
ConfigData  map[port:3306 password:1qaz!QAZ database:FA_MEM redisIp:192.168.88.119 redisPassword:"" redisDB:3 ip:192.168.88.181 poolname:FA_MEM user:fa_db charset:utf8 redisPort:6379]
SqlString  SELECT RTP,Amount,Bonus  FROM M_RtpSetting  WHERE Sid = 1   AND State = 1   AND LTG_Code = 4 AND Gid = 40
sqlResult   map[result: count:0 state:0]
[2020-01-02 13:21:25] rtpData ------->   map[state:0 result: count:0] 
[GIN] 2020/01/02 - 13:21:25 | 200 |    2.558857ms |  192.168.66.115 | POST     /getResult
[2020-01-02 13:21:26] 自開彩開獎  {202001020802 5 38 true} 
ConfigData  map[port:3306 charset:utf8 redisIp:192.168.88.119 redisPort:6379 ip:192.168.88.181 user:fa_db password:1qaz!QAZ database:FA_MEM redisPassword:"" redisDB:3 poolname:FA_MEM]
SqlString  SELECT RTP,Amount,Bonus  FROM M_RtpSetting  WHERE Sid = 1   AND State = 1   AND LTG_Code = 5 AND Gid = 38
sqlResult   map[result: count:0 state:0]
[2020-01-02 13:21:26] rtpData ------->   map[result: count:0 state:0] 
[GIN] 2020/01/02 - 13:21:26 | 200 |    2.557557ms |  192.168.66.115 | POST     /getResult
[2020-01-02 13:21:26] 自開彩開獎  {202001020268 4 41 true} 
ConfigData  map[database:FA_MEM charset:utf8 redisIp:192.168.88.119 redisPort:6379 redisDB:3 port:3306 password:1qaz!QAZ user:fa_db redisPassword:"" ip:192.168.88.181 poolname:FA_MEM]
SqlString  SELECT RTP,Amount,Bonus  FROM M_RtpSetting  WHERE Sid = 1   AND State = 1   AND LTG_Code = 4 AND Gid = 41
sqlResult   map[result: count:0 state:0]
[2020-01-02 13:21:26] rtpData ------->   map[state:0 result: count:0] 
[GIN] 2020/01/02 - 13:21:26 | 200 |    4.475378ms |  192.168.66.115 | POST     /getResult
[2020-01-02 13:21:28] 自開彩開獎  {202001020268 1 35 true} 
ConfigData  map[database:FA_MEM charset:utf8 redisIp:192.168.88.119 redisPassword:"" ip:192.168.88.181 poolname:FA_MEM user:fa_db redisDB:3 port:3306 password:1qaz!QAZ redisPort:6379]
SqlString  SELECT RTP,Amount,Bonus  FROM M_RtpSetting  WHERE Sid = 1   AND State = 1   AND LTG_Code = 1 AND Gid = 35
sqlResult   map[result: count:0 state:0]
[2020-01-02 13:21:28] rtpData ------->   map[result: count:0 state:0] 
[GIN] 2020/01/02 - 13:21:28 | 200 |    2.721983ms |  192.168.66.115 | POST     /getResult
[2020-01-02 13:21:29] 自開彩開獎  {202001020802 6 36 true} 
ConfigData  map[ip:192.168.88.181 port:3306 user:fa_db password:1qaz!QAZ database:FA_MEM redisIp:192.168.88.119 poolname:FA_MEM charset:utf8 redisPort:6379 redisPassword:"" redisDB:3]
SqlString  SELECT RTP,Amount,Bonus  FROM M_RtpSetting  WHERE Sid = 1   AND State = 1   AND LTG_Code = 6 AND Gid = 36
sqlResult   map[result: count:0 state:0]
[2020-01-02 13:21:29] rtpData ------->   map[result: count:0 state:0] 
[GIN] 2020/01/02 - 13:21:29 | 200 |    2.201359ms |  192.168.66.115 | POST     /getResult
[2020-01-02 13:21:30] 自開彩開獎  {202001020802 1 34 true} 
ConfigData  map[ip:192.168.88.181 poolname:FA_MEM user:fa_db redisIp:192.168.88.119 port:3306 password:1qaz!QAZ database:FA_MEM charset:utf8 redisPort:6379 redisPassword:"" redisDB:3]
SqlString  SELECT RTP,Amount,Bonus  FROM M_RtpSetting  WHERE Sid = 1   AND State = 1   AND LTG_Code = 1 AND Gid = 34
sqlResult   map[result: count:0 state:0]
[2020-01-02 13:21:30] rtpData ------->   map[result: count:0 state:0] 
[GIN] 2020/01/02 - 13:21:30 | 200 |    2.952724ms |  192.168.66.115 | POST     /getResult
[2020-01-02 13:21:31] 自開彩開獎  {202001020268 6 37 true} 
ConfigData  map[charset:utf8 redisDB:3 poolname:FA_MEM user:fa_db database:FA_MEM redisIp:192.168.88.119 redisPort:6379 redisPassword:"" ip:192.168.88.181 port:3306 password:1qaz!QAZ]
SqlString  SELECT RTP,Amount,Bonus  FROM M_RtpSetting  WHERE Sid = 1   AND State = 1   AND LTG_Code = 6 AND Gid = 37
sqlResult   map[result: count:0 state:0]
[2020-01-02 13:21:31] rtpData ------->   map[count:0 state:0 result:] 
[GIN] 2020/01/02 - 13:21:31 | 200 |    2.099543ms |  192.168.66.115 | POST     /getResult
[2020-01-02 13:21:31] 自開彩開獎  {202001020802 4 40 true} 
ConfigData  map[poolname:FA_MEM password:1qaz!QAZ database:FA_MEM redisPassword:"" redisIp:192.168.88.119 redisPort:6379 redisDB:3 ip:192.168.88.181 port:3306 user:fa_db charset:utf8]
SqlString  SELECT RTP,Amount,Bonus  FROM M_RtpSetting  WHERE Sid = 1   AND State = 1   AND LTG_Code = 4 AND Gid = 40
sqlResult   map[result: count:0 state:0]
[2020-01-02 13:21:31] rtpData ------->   map[state:0 result: count:0] 
[GIN] 2020/01/02 - 13:21:31 | 200 |    3.044426ms |  192.168.66.115 | POST     /getResult
[2020-01-02 13:21:32] 自開彩開獎  {202001020802 5 38 true} 
ConfigData  map[password:1qaz!QAZ charset:utf8 redisIp:192.168.88.119 redisPassword:"" ip:192.168.88.181 poolname:FA_MEM port:3306 user:fa_db database:FA_MEM redisPort:6379 redisDB:3]
SqlString  SELECT RTP,Amount,Bonus  FROM M_RtpSetting  WHERE Sid = 1   AND State = 1   AND LTG_Code = 5 AND Gid = 38
sqlResult   map[result: count:0 state:0]
[2020-01-02 13:21:32] rtpData ------->   map[result: count:0 state:0] 
[GIN] 2020/01/02 - 13:21:32 | 200 |    2.287399ms |  192.168.66.115 | POST     /getResult
[2020-01-02 13:21:32] 自開彩開獎  {202001020268 4 41 true} 
ConfigData  map[redisPassword:"" ip:192.168.88.181 port:3306 user:fa_db database:FA_MEM redisPort:6379 redisDB:3 poolname:FA_MEM password:1qaz!QAZ charset:utf8 redisIp:192.168.88.119]
SqlString  SELECT RTP,Amount,Bonus  FROM M_RtpSetting  WHERE Sid = 1   AND State = 1   AND LTG_Code = 4 AND Gid = 41
sqlResult   map[result: count:0 state:0]
[2020-01-02 13:21:32] rtpData ------->   map[result: count:0 state:0] 
[GIN] 2020/01/02 - 13:21:32 | 200 |    2.761901ms |  192.168.66.115 | POST     /getResult
[2020-01-02 13:21:34] 自開彩開獎  {202001020268 1 35 true} 
ConfigData  map[poolname:FA_MEM user:fa_db charset:utf8 redisPassword:"" redisDB:3 ip:192.168.88.181 port:3306 password:1qaz!QAZ database:FA_MEM redisIp:192.168.88.119 redisPort:6379]
SqlString  SELECT RTP,Amount,Bonus  FROM M_RtpSetting  WHERE Sid = 1   AND State = 1   AND LTG_Code = 1 AND Gid = 35
sqlResult   map[result: count:0 state:0]
[2020-01-02 13:21:34] rtpData ------->   map[result: count:0 state:0] 
[GIN] 2020/01/02 - 13:21:34 | 200 |    2.197933ms |  192.168.66.115 | POST     /getResult
[2020-01-02 13:21:35] 自開彩開獎  {202001020802 6 36 true} 
ConfigData  map[redisIp:192.168.88.119 redisPassword:"" password:1qaz!QAZ poolname:FA_MEM port:3306 user:fa_db database:FA_MEM charset:utf8 redisPort:6379 redisDB:3 ip:192.168.88.181]
SqlString  SELECT RTP,Amount,Bonus  FROM M_RtpSetting  WHERE Sid = 1   AND State = 1   AND LTG_Code = 6 AND Gid = 36
sqlResult   map[state:0 result: count:0]
[2020-01-02 13:21:35] rtpData ------->   map[result: count:0 state:0] 
[GIN] 2020/01/02 - 13:21:35 | 200 |    2.373863ms |  192.168.66.115 | POST     /getResult
[2020-01-02 13:21:36] 自開彩開獎  {202001020802 1 34 true} 
ConfigData  map[ip:192.168.88.181 poolname:FA_MEM charset:utf8 redisIp:192.168.88.119 redisPort:6379 redisDB:3 port:3306 user:fa_db password:1qaz!QAZ database:FA_MEM redisPassword:""]
SqlString  SELECT RTP,Amount,Bonus  FROM M_RtpSetting  WHERE Sid = 1   AND State = 1   AND LTG_Code = 1 AND Gid = 34
sqlResult   map[result: count:0 state:0]
[2020-01-02 13:21:36] rtpData ------->   map[result: count:0 state:0] 
[GIN] 2020/01/02 - 13:21:36 | 200 |    2.681148ms |  192.168.66.115 | POST     /getResult
[2020-01-02 13:21:37] 自開彩開獎  {202001020268 6 37 true} 
ConfigData  map[redisPassword:"" port:3306 password:1qaz!QAZ database:FA_MEM redisIp:192.168.88.119 redisPort:6379 redisDB:3 ip:192.168.88.181 poolname:FA_MEM user:fa_db charset:utf8]
SqlString  SELECT RTP,Amount,Bonus  FROM M_RtpSetting  WHERE Sid = 1   AND State = 1   AND LTG_Code = 6 AND Gid = 37
sqlResult   map[result: count:0 state:0]
[2020-01-02 13:21:37] rtpData ------->   map[result: count:0 state:0] 
[GIN] 2020/01/02 - 13:21:37 | 200 |      2.2849ms |  192.168.66.115 | POST     /getResult
[2020-01-02 13:21:37] 自開彩開獎  {202001020802 4 40 true} 
ConfigData  map[poolname:FA_MEM user:fa_db redisPassword:"" redisDB:3 ip:192.168.88.181 port:3306 password:1qaz!QAZ database:FA_MEM charset:utf8 redisIp:192.168.88.119 redisPort:6379]
SqlString  SELECT RTP,Amount,Bonus  FROM M_RtpSetting  WHERE Sid = 1   AND State = 1   AND LTG_Code = 4 AND Gid = 40
sqlResult   map[result: count:0 state:0]
[2020-01-02 13:21:37] rtpData ------->   map[result: count:0 state:0] 
[GIN] 2020/01/02 - 13:21:37 | 200 |     3.02102ms |  192.168.66.115 | POST     /getResult
[2020-01-02 13:21:38] 自開彩開獎  {202001020802 5 38 true} 
ConfigData  map[redisDB:3 poolname:FA_MEM user:fa_db database:FA_MEM charset:utf8 redisIp:192.168.88.119 ip:192.168.88.181 port:3306 password:1qaz!QAZ redisPort:6379 redisPassword:""]
SqlString  SELECT RTP,Amount,Bonus  FROM M_RtpSetting  WHERE Sid = 1   AND State = 1   AND LTG_Code = 5 AND Gid = 38
sqlResult   map[state:0 result: count:0]
[2020-01-02 13:21:38] rtpData ------->   map[count:0 state:0 result:] 
[GIN] 2020/01/02 - 13:21:38 | 200 |    2.682352ms |  192.168.66.115 | POST     /getResult
[2020-01-02 13:21:38] 自開彩開獎  {202001020268 4 41 true} 
ConfigData  map[user:fa_db database:FA_MEM charset:utf8 ip:192.168.88.181 poolname:FA_MEM port:3306 redisPassword:"" redisDB:3 password:1qaz!QAZ redisIp:192.168.88.119 redisPort:6379]
SqlString  SELECT RTP,Amount,Bonus  FROM M_RtpSetting  WHERE Sid = 1   AND State = 1   AND LTG_Code = 4 AND Gid = 41
sqlResult   map[result: count:0 state:0]
[2020-01-02 13:21:38] rtpData ------->   map[result: count:0 state:0] 
[GIN] 2020/01/02 - 13:21:38 | 200 |    2.575286ms |  192.168.66.115 | POST     /getResult
[2020-01-02 13:21:40] 自開彩開獎  {202001020268 1 35 true} 
ConfigData  map[user:fa_db charset:utf8 redisIp:192.168.88.119 redisPort:6379 redisDB:3 ip:192.168.88.181 poolname:FA_MEM port:3306 password:1qaz!QAZ database:FA_MEM redisPassword:""]
SqlString  SELECT RTP,Amount,Bonus  FROM M_RtpSetting  WHERE Sid = 1   AND State = 1   AND LTG_Code = 1 AND Gid = 35
sqlResult   map[state:0 result: count:0]
[2020-01-02 13:21:40] rtpData ------->   map[result: count:0 state:0] 
[GIN] 2020/01/02 - 13:21:40 | 200 |    2.266573ms |  192.168.66.115 | POST     /getResult
[2020-01-02 13:21:41] 自開彩開獎  {202001020802 6 36 true} 
ConfigData  map[user:fa_db database:FA_MEM charset:utf8 redisPort:6379 redisPassword:"" ip:192.168.88.181 poolname:FA_MEM port:3306 password:1qaz!QAZ redisIp:192.168.88.119 redisDB:3]
SqlString  SELECT RTP,Amount,Bonus  FROM M_RtpSetting  WHERE Sid = 1   AND State = 1   AND LTG_Code = 6 AND Gid = 36
sqlResult   map[result: count:0 state:0]
[2020-01-02 13:21:41] rtpData ------->   map[state:0 result: count:0] 
[GIN] 2020/01/02 - 13:21:41 | 200 |    1.855459ms |  192.168.66.115 | POST     /getResult
[2020-01-02 13:21:42] 自開彩開獎  {202001020802 1 34 true} 
ConfigData  map[ip:192.168.88.181 port:3306 password:1qaz!QAZ redisDB:3 poolname:FA_MEM user:fa_db database:FA_MEM charset:utf8 redisIp:192.168.88.119 redisPort:6379 redisPassword:""]
SqlString  SELECT RTP,Amount,Bonus  FROM M_RtpSetting  WHERE Sid = 1   AND State = 1   AND LTG_Code = 1 AND Gid = 34
sqlResult   map[count:0 state:0 result:]
[2020-01-02 13:21:42] rtpData ------->   map[result: count:0 state:0] 
[GIN] 2020/01/02 - 13:21:42 | 200 |    2.769139ms |  192.168.66.115 | POST     /getResult
[2020-01-02 13:21:43] 自開彩開獎  {202001020268 6 37 true} 
ConfigData  map[ip:192.168.88.181 redisDB:3 poolname:FA_MEM port:3306 user:fa_db password:1qaz!QAZ database:FA_MEM charset:utf8 redisIp:192.168.88.119 redisPort:6379 redisPassword:""]
SqlString  SELECT RTP,Amount,Bonus  FROM M_RtpSetting  WHERE Sid = 1   AND State = 1   AND LTG_Code = 6 AND Gid = 37
sqlResult   map[result: count:0 state:0]
[2020-01-02 13:21:43] rtpData ------->   map[state:0 result: count:0] 
[GIN] 2020/01/02 - 13:21:43 | 200 |    2.175281ms |  192.168.66.115 | POST     /getResult
[2020-01-02 13:21:43] 自開彩開獎  {202001020802 4 40 true} 
ConfigData  map[redisPort:6379 redisPassword:"" ip:192.168.88.181 port:3306 database:FA_MEM charset:utf8 redisIp:192.168.88.119 redisDB:3 poolname:FA_MEM user:fa_db password:1qaz!QAZ]
SqlString  SELECT RTP,Amount,Bonus  FROM M_RtpSetting  WHERE Sid = 1   AND State = 1   AND LTG_Code = 4 AND Gid = 40
sqlResult   map[result: count:0 state:0]
[2020-01-02 13:21:43] rtpData ------->   map[count:0 state:0 result:] 
[GIN] 2020/01/02 - 13:21:43 | 200 |    2.956485ms |  192.168.66.115 | POST     /getResult
[2020-01-02 13:21:44] 自開彩開獎  {202001020802 5 38 true} 
ConfigData  map[redisPassword:"" poolname:FA_MEM user:fa_db charset:utf8 database:FA_MEM redisIp:192.168.88.119 redisPort:6379 redisDB:3 ip:192.168.88.181 port:3306 password:1qaz!QAZ]
SqlString  SELECT RTP,Amount,Bonus  FROM M_RtpSetting  WHERE Sid = 1   AND State = 1   AND LTG_Code = 5 AND Gid = 38
sqlResult   map[count:0 state:0 result:]
[2020-01-02 13:21:44] rtpData ------->   map[result: count:0 state:0] 
[GIN] 2020/01/02 - 13:21:44 | 200 |    2.947218ms |  192.168.66.115 | POST     /getResult
[2020-01-02 13:21:44] 自開彩開獎  {202001020268 4 41 true} 
ConfigData  map[user:fa_db password:1qaz!QAZ redisIp:192.168.88.119 redisPort:6379 redisPassword:"" redisDB:3 ip:192.168.88.181 poolname:FA_MEM port:3306 database:FA_MEM charset:utf8]
SqlString  SELECT RTP,Amount,Bonus  FROM M_RtpSetting  WHERE Sid = 1   AND State = 1   AND LTG_Code = 4 AND Gid = 41
sqlResult   map[result: count:0 state:0]
[2020-01-02 13:21:44] rtpData ------->   map[result: count:0 state:0] 
[GIN] 2020/01/02 - 13:21:44 | 200 |    2.339281ms |  192.168.66.115 | POST     /getResult
[2020-01-02 13:21:46] 自開彩開獎  {202001020268 1 35 true} 
ConfigData  map[redisIp:192.168.88.119 ip:192.168.88.181 poolname:FA_MEM port:3306 database:FA_MEM charset:utf8 user:fa_db password:1qaz!QAZ redisPort:6379 redisPassword:"" redisDB:3]
SqlString  SELECT RTP,Amount,Bonus  FROM M_RtpSetting  WHERE Sid = 1   AND State = 1   AND LTG_Code = 1 AND Gid = 35
sqlResult   map[result: count:0 state:0]
[2020-01-02 13:21:46] rtpData ------->   map[result: count:0 state:0] 
[GIN] 2020/01/02 - 13:21:46 | 200 |    2.644695ms |  192.168.66.115 | POST     /getResult
[2020-01-02 13:21:47] 自開彩開獎  {202001020802 6 36 true} 
ConfigData  map[redisPort:6379 port:3306 password:1qaz!QAZ database:FA_MEM charset:utf8 redisIp:192.168.88.119 ip:192.168.88.181 poolname:FA_MEM user:fa_db redisPassword:"" redisDB:3]
SqlString  SELECT RTP,Amount,Bonus  FROM M_RtpSetting  WHERE Sid = 1   AND State = 1   AND LTG_Code = 6 AND Gid = 36
sqlResult   map[result: count:0 state:0]
[2020-01-02 13:21:47] rtpData ------->   map[result: count:0 state:0] 
[GIN] 2020/01/02 - 13:21:47 | 200 |    3.061748ms |  192.168.66.115 | POST     /getResult
[2020-01-02 13:21:48] 自開彩開獎  {202001020802 1 34 true} 
ConfigData  map[ip:192.168.88.181 user:fa_db charset:utf8 redisIp:192.168.88.119 poolname:FA_MEM port:3306 password:1qaz!QAZ database:FA_MEM redisPort:6379 redisPassword:"" redisDB:3]
SqlString  SELECT RTP,Amount,Bonus  FROM M_RtpSetting  WHERE Sid = 1   AND State = 1   AND LTG_Code = 1 AND Gid = 34
sqlResult   map[result: count:0 state:0]
[2020-01-02 13:21:48] rtpData ------->   map[result: count:0 state:0] 
[GIN] 2020/01/02 - 13:21:48 | 200 |    2.753918ms |  192.168.66.115 | POST     /getResult
[2020-01-02 13:21:49] 自開彩開獎  {202001020268 6 37 true} 
ConfigData  map[redisIp:192.168.88.119 redisPort:6379 redisPassword:"" redisDB:3 port:3306 password:1qaz!QAZ charset:utf8 database:FA_MEM ip:192.168.88.181 poolname:FA_MEM user:fa_db]
SqlString  SELECT RTP,Amount,Bonus  FROM M_RtpSetting  WHERE Sid = 1   AND State = 1   AND LTG_Code = 6 AND Gid = 37
sqlResult   map[count:0 state:0 result:]
[2020-01-02 13:21:49] rtpData ------->   map[result: count:0 state:0] 
[GIN] 2020/01/02 - 13:21:49 | 200 |    2.675565ms |  192.168.66.115 | POST     /getResult
[2020-01-02 13:21:49] 自開彩開獎  {202001020802 4 40 true} 
ConfigData  map[redisPort:6379 port:3306 user:fa_db password:1qaz!QAZ charset:utf8 redisIp:192.168.88.119 ip:192.168.88.181 poolname:FA_MEM database:FA_MEM redisPassword:"" redisDB:3]
SqlString  SELECT RTP,Amount,Bonus  FROM M_RtpSetting  WHERE Sid = 1   AND State = 1   AND LTG_Code = 4 AND Gid = 40
sqlResult   map[result: count:0 state:0]
[2020-01-02 13:21:49] rtpData ------->   map[result: count:0 state:0] 
[GIN] 2020/01/02 - 13:21:49 | 200 |    2.763128ms |  192.168.66.115 | POST     /getResult
[2020-01-02 13:21:50] 自開彩開獎  {202001020802 5 38 true} 
ConfigData  map[poolname:FA_MEM user:fa_db password:1qaz!QAZ database:FA_MEM charset:utf8 redisIp:192.168.88.119 redisPassword:"" redisDB:3 ip:192.168.88.181 port:3306 redisPort:6379]
SqlString  SELECT RTP,Amount,Bonus  FROM M_RtpSetting  WHERE Sid = 1   AND State = 1   AND LTG_Code = 5 AND Gid = 38
sqlResult   map[count:0 state:0 result:]
[2020-01-02 13:21:50] rtpData ------->   map[count:0 state:0 result:] 
[GIN] 2020/01/02 - 13:21:50 | 200 |    2.376043ms |  192.168.66.115 | POST     /getResult
[2020-01-02 13:21:50] 自開彩開獎  {202001020268 4 41 true} 
ConfigData  map[ip:192.168.88.181 poolname:FA_MEM password:1qaz!QAZ redisIp:192.168.88.119 redisPort:6379 redisDB:3 port:3306 user:fa_db database:FA_MEM charset:utf8 redisPassword:""]
SqlString  SELECT RTP,Amount,Bonus  FROM M_RtpSetting  WHERE Sid = 1   AND State = 1   AND LTG_Code = 4 AND Gid = 41
sqlResult   map[result: count:0 state:0]
[2020-01-02 13:21:50] rtpData ------->   map[count:0 state:0 result:] 
[GIN] 2020/01/02 - 13:21:50 | 200 |     2.83733ms |  192.168.66.115 | POST     /getResult
[2020-01-02 13:21:52] 自開彩開獎  {202001020268 1 35 true} 
ConfigData  map[port:3306 database:FA_MEM redisIp:192.168.88.119 redisPassword:"" redisDB:3 ip:192.168.88.181 poolname:FA_MEM user:fa_db password:1qaz!QAZ charset:utf8 redisPort:6379]
SqlString  SELECT RTP,Amount,Bonus  FROM M_RtpSetting  WHERE Sid = 1   AND State = 1   AND LTG_Code = 1 AND Gid = 35
sqlResult   map[result: count:0 state:0]
[2020-01-02 13:21:52] rtpData ------->   map[state:0 result: count:0] 
[GIN] 2020/01/02 - 13:21:52 | 200 |    2.155581ms |  192.168.66.115 | POST     /getResult
[2020-01-02 13:21:53] 自開彩開獎  {202001020802 6 36 true} 
ConfigData  map[redisPort:6379 poolname:FA_MEM redisIp:192.168.88.119 user:fa_db password:1qaz!QAZ database:FA_MEM charset:utf8 redisPassword:"" redisDB:3 ip:192.168.88.181 port:3306]
SqlString  SELECT RTP,Amount,Bonus  FROM M_RtpSetting  WHERE Sid = 1   AND State = 1   AND LTG_Code = 6 AND Gid = 36
sqlResult   map[result: count:0 state:0]
[2020-01-02 13:21:53] rtpData ------->   map[result: count:0 state:0] 
[GIN] 2020/01/02 - 13:21:53 | 200 |    2.332243ms |  192.168.66.115 | POST     /getResult
[2020-01-02 13:21:54] 自開彩開獎  {202001020802 1 34 true} 
ConfigData  map[database:FA_MEM charset:utf8 redisPort:6379 redisPassword:"" user:fa_db poolname:FA_MEM port:3306 password:1qaz!QAZ redisIp:192.168.88.119 redisDB:3 ip:192.168.88.181]
SqlString  SELECT RTP,Amount,Bonus  FROM M_RtpSetting  WHERE Sid = 1   AND State = 1   AND LTG_Code = 1 AND Gid = 34
sqlResult   map[result: count:0 state:0]
[2020-01-02 13:21:54] rtpData ------->   map[result: count:0 state:0] 
[GIN] 2020/01/02 - 13:21:54 | 200 |    2.638825ms |  192.168.66.115 | POST     /getResult
[2020-01-02 13:21:55] 自開彩開獎  {202001020268 6 37 true} 
ConfigData  map[poolname:FA_MEM user:fa_db password:1qaz!QAZ database:FA_MEM charset:utf8 redisIp:192.168.88.119 redisDB:3 ip:192.168.88.181 redisPort:6379 redisPassword:"" port:3306]
SqlString  SELECT RTP,Amount,Bonus  FROM M_RtpSetting  WHERE Sid = 1   AND State = 1   AND LTG_Code = 6 AND Gid = 37
sqlResult   map[result: count:0 state:0]
[2020-01-02 13:21:55] rtpData ------->   map[count:0 state:0 result:] 
[GIN] 2020/01/02 - 13:21:55 | 200 |    2.345554ms |  192.168.66.115 | POST     /getResult
[2020-01-02 13:21:55] 自開彩開獎  {202001020802 4 40 true} 
ConfigData  map[poolname:FA_MEM password:1qaz!QAZ database:FA_MEM redisPort:6379 redisPassword:"" redisDB:3 ip:192.168.88.181 port:3306 user:fa_db charset:utf8 redisIp:192.168.88.119]
SqlString  SELECT RTP,Amount,Bonus  FROM M_RtpSetting  WHERE Sid = 1   AND State = 1   AND LTG_Code = 4 AND Gid = 40
sqlResult   map[result: count:0 state:0]
[2020-01-02 13:21:55] rtpData ------->   map[result: count:0 state:0] 
[GIN] 2020/01/02 - 13:21:55 | 200 |     2.67557ms |  192.168.66.115 | POST     /getResult
[2020-01-02 13:21:56] 自開彩開獎  {202001020802 5 38 true} 
ConfigData  map[ip:192.168.88.181 port:3306 user:fa_db database:FA_MEM redisIp:192.168.88.119 redisPort:6379 redisDB:3 poolname:FA_MEM password:1qaz!QAZ charset:utf8 redisPassword:""]
SqlString  SELECT RTP,Amount,Bonus  FROM M_RtpSetting  WHERE Sid = 1   AND State = 1   AND LTG_Code = 5 AND Gid = 38
sqlResult   map[result: count:0 state:0]
[2020-01-02 13:21:56] rtpData ------->   map[result: count:0 state:0] 
[GIN] 2020/01/02 - 13:21:56 | 200 |     2.38716ms |  192.168.66.115 | POST     /getResult
[2020-01-02 13:21:56] 自開彩開獎  {202001020268 4 41 true} 
ConfigData  map[port:3306 user:fa_db password:1qaz!QAZ database:FA_MEM redisPassword:"" ip:192.168.88.181 poolname:FA_MEM charset:utf8 redisIp:192.168.88.119 redisPort:6379 redisDB:3]
SqlString  SELECT RTP,Amount,Bonus  FROM M_RtpSetting  WHERE Sid = 1   AND State = 1   AND LTG_Code = 4 AND Gid = 41
sqlResult   map[result: count:0 state:0]
[2020-01-02 13:21:56] rtpData ------->   map[result: count:0 state:0] 
[GIN] 2020/01/02 - 13:21:56 | 200 |    2.521303ms |  192.168.66.115 | POST     /getResult
[2020-01-02 13:21:58] 自開彩開獎  {202001020268 1 35 true} 
ConfigData  map[redisPort:6379 redisPassword:"" redisDB:3 redisIp:192.168.88.119 poolname:FA_MEM port:3306 user:fa_db password:1qaz!QAZ database:FA_MEM charset:utf8 ip:192.168.88.181]
SqlString  SELECT RTP,Amount,Bonus  FROM M_RtpSetting  WHERE Sid = 1   AND State = 1   AND LTG_Code = 1 AND Gid = 35
sqlResult   map[result: count:0 state:0]
[2020-01-02 13:21:58] rtpData ------->   map[count:0 state:0 result:] 
[GIN] 2020/01/02 - 13:21:58 | 200 |    2.231288ms |  192.168.66.115 | POST     /getResult
[2020-01-02 13:21:59] 自開彩開獎  {202001020802 6 36 true} 
ConfigData  map[redisIp:192.168.88.119 redisPort:6379 user:fa_db database:FA_MEM port:3306 password:1qaz!QAZ charset:utf8 redisPassword:"" redisDB:3 ip:192.168.88.181 poolname:FA_MEM]
SqlString  SELECT RTP,Amount,Bonus  FROM M_RtpSetting  WHERE Sid = 1   AND State = 1   AND LTG_Code = 6 AND Gid = 36
sqlResult   map[state:0 result: count:0]
[2020-01-02 13:21:59] rtpData ------->   map[result: count:0 state:0] 
[GIN] 2020/01/02 - 13:21:59 | 200 |    2.280767ms |  192.168.66.115 | POST     /getResult
[2020-01-02 13:22:00] 自開彩開獎  {202001020802 1 34 true} 
ConfigData  map[poolname:FA_MEM port:3306 password:1qaz!QAZ database:FA_MEM redisIp:192.168.88.119 redisPort:6379 redisPassword:"" ip:192.168.88.181 user:fa_db charset:utf8 redisDB:3]
SqlString  SELECT RTP,Amount,Bonus  FROM M_RtpSetting  WHERE Sid = 1   AND State = 1   AND LTG_Code = 1 AND Gid = 34
sqlResult   map[result: count:0 state:0]
[2020-01-02 13:22:00] rtpData ------->   map[result: count:0 state:0] 
[GIN] 2020/01/02 - 13:22:00 | 200 |    3.092077ms |  192.168.66.115 | POST     /getResult
[2020-01-02 13:22:01] 自開彩開獎  {202001020268 6 37 true} 
ConfigData  map[ip:192.168.88.181 poolname:FA_MEM port:3306 database:FA_MEM redisPassword:"" redisDB:3 user:fa_db password:1qaz!QAZ charset:utf8 redisIp:192.168.88.119 redisPort:6379]
SqlString  SELECT RTP,Amount,Bonus  FROM M_RtpSetting  WHERE Sid = 1   AND State = 1   AND LTG_Code = 6 AND Gid = 37
sqlResult   map[count:0 state:0 result:]
[2020-01-02 13:22:01] rtpData ------->   map[result: count:0 state:0] 
[GIN] 2020/01/02 - 13:22:01 | 200 |    2.667042ms |  192.168.66.115 | POST     /getResult
[2020-01-02 13:22:01] 自開彩開獎  {202001020802 4 40 true} 
ConfigData  map[port:3306 charset:utf8 redisDB:3 redisPassword:"" ip:192.168.88.181 poolname:FA_MEM user:fa_db password:1qaz!QAZ database:FA_MEM redisIp:192.168.88.119 redisPort:6379]
SqlString  SELECT RTP,Amount,Bonus  FROM M_RtpSetting  WHERE Sid = 1   AND State = 1   AND LTG_Code = 4 AND Gid = 40
sqlResult   map[result: count:0 state:0]
[2020-01-02 13:22:01] rtpData ------->   map[result: count:0 state:0] 
[GIN] 2020/01/02 - 13:22:01 | 200 |    4.637917ms |  192.168.66.115 | POST     /getResult
[2020-01-02 13:22:01] 自開彩開獎  {202001020803 2 26 true} 
ConfigData  map[poolname:FA_MEM port:3306 database:FA_MEM charset:utf8 redisIp:192.168.88.119 redisDB:3 ip:192.168.88.181 user:fa_db password:1qaz!QAZ redisPort:6379 redisPassword:""]
SqlString  SELECT RTP,Amount,Bonus  FROM M_RtpSetting  WHERE Sid = 1   AND State = 1   AND LTG_Code = 2 AND Gid = 26
sqlResult   map[count:1 state:1 amount:1.0069588e+06 bonus:908100.71 result:0.9600]
[2020-01-02 13:22:01] rtpData ------->   map[bonus:908100.71 result:0.9600 count:1 state:1 amount:1.0069588e+06] 
ConfigData  map[port:3306 password:1qaz!QAZ charset:utf8 redisIp:192.168.88.119 redisPort:6379 ip:192.168.88.181 user:fa_db database:FA_MEM redisPassword:"" redisDB:3 poolname:FA_MEM]
SELECT BO_No, BO_OrderNo , BO_User , BO_Issue  , BO_LotteryTypeGroup, BO_LotteryType, BO_Mode, BO_LotteryPlayGroup, BO_LotteryPlay , BO_LotteryContent, BO_Price, BO_RealPrice, BO_Unit, BO_Multiple , BO_BetCount  , BO_Winnings, BO_Winnings2, BO_Winnings3, BO_WinningLimit  , BO_Water , BO_BW_SourceUserId, BO_BW_BackWater, BO_BW_LimitBetCount, BO_BW_MaxAmount, BO_BW_AuditMultiple  , BO_Odds, BO_Odds2, BO_Odds3 , BO_Type, BO_Chase , BO_OpenResult, BO_OpenResult2, BO_DateDraw, BO_DateDraw2, BO_DateUpdate  FROM TS_BetOrder  WHERE BO_Cancel = 0   AND BO_CancelBackend = 0   AND BO_LotteryTypeGroup = 2 AND BO_LotteryType = 26 AND BO_Issue = 202001020803 AND BO_Collect = 0 ORDER BY BO_DateDraw ASC, BO_DateCreate ASC, BO_DateUpdate ASC, BO_No ASC ;
[2020-01-02 13:22:01] LottteryTypeGroup 2 
[2020-01-02 13:22:01] 有期號 但無注單 -------> map[thisOpenResult:[0 7 4 6 2] amount:0 bonus:0] 
[GIN] 2020/01/02 - 13:22:01 | 200 |    5.389897ms |  192.168.66.115 | POST     /getResult
[2020-01-02 13:22:02] 自開彩開獎  {202001020802 5 38 true} 
ConfigData  map[redisPassword:"" redisDB:3 ip:192.168.88.181 poolname:FA_MEM port:3306 charset:utf8 redisIp:192.168.88.119 user:fa_db password:1qaz!QAZ database:FA_MEM redisPort:6379]
SqlString  SELECT RTP,Amount,Bonus  FROM M_RtpSetting  WHERE Sid = 1   AND State = 1   AND LTG_Code = 5 AND Gid = 38
sqlResult   map[result: count:0 state:0]
[2020-01-02 13:22:02] rtpData ------->   map[result: count:0 state:0] 
[GIN] 2020/01/02 - 13:22:02 | 200 |    3.062748ms |  192.168.66.115 | POST     /getResult
[2020-01-02 13:22:02] 自開彩開獎  {202001020268 4 41 true} 
ConfigData  map[poolname:FA_MEM port:3306 user:fa_db database:FA_MEM charset:utf8 redisIp:192.168.88.119 redisPort:6379 ip:192.168.88.181 password:1qaz!QAZ redisPassword:"" redisDB:3]
SqlString  SELECT RTP,Amount,Bonus  FROM M_RtpSetting  WHERE Sid = 1   AND State = 1   AND LTG_Code = 4 AND Gid = 41
sqlResult   map[count:0 state:0 result:]
[2020-01-02 13:22:02] rtpData ------->   map[result: count:0 state:0] 
[GIN] 2020/01/02 - 13:22:02 | 200 |    3.009131ms |  192.168.66.115 | POST     /getResult
[2020-01-02 13:22:04] 自開彩開獎  {202001020268 1 35 true} 
ConfigData  map[charset:utf8 redisIp:192.168.88.119 redisPassword:"" user:fa_db password:1qaz!QAZ database:FA_MEM redisPort:6379 redisDB:3 ip:192.168.88.181 poolname:FA_MEM port:3306]
SqlString  SELECT RTP,Amount,Bonus  FROM M_RtpSetting  WHERE Sid = 1   AND State = 1   AND LTG_Code = 1 AND Gid = 35
sqlResult   map[count:0 state:0 result:]
[2020-01-02 13:22:04] rtpData ------->   map[state:0 result: count:0] 
[GIN] 2020/01/02 - 13:22:04 | 200 |    2.185902ms |  192.168.66.115 | POST     /getResult
[2020-01-02 13:22:05] 自開彩開獎  {202001020802 6 36 true} 
ConfigData  map[user:fa_db redisPassword:"" ip:192.168.88.181 poolname:FA_MEM port:3306 redisIp:192.168.88.119 redisPort:6379 redisDB:3 password:1qaz!QAZ database:FA_MEM charset:utf8]
SqlString  SELECT RTP,Amount,Bonus  FROM M_RtpSetting  WHERE Sid = 1   AND State = 1   AND LTG_Code = 6 AND Gid = 36
sqlResult   map[result: count:0 state:0]
[2020-01-02 13:22:05] rtpData ------->   map[result: count:0 state:0] 
[GIN] 2020/01/02 - 13:22:05 | 200 |    2.021688ms |  192.168.66.115 | POST     /getResult
[2020-01-02 13:22:06] 自開彩開獎  {202001020803 1 34 true} 
ConfigData  map[poolname:FA_MEM port:3306 user:fa_db database:FA_MEM redisIp:192.168.88.119 ip:192.168.88.181 charset:utf8 redisPort:6379 redisPassword:"" redisDB:3 password:1qaz!QAZ]
SqlString  SELECT RTP,Amount,Bonus  FROM M_RtpSetting  WHERE Sid = 1   AND State = 1   AND LTG_Code = 1 AND Gid = 34
sqlResult   map[result: count:0 state:0]
[2020-01-02 13:22:06] rtpData ------->   map[count:0 state:0 result:] 
[GIN] 2020/01/02 - 13:22:06 | 200 |    8.574015ms |  192.168.66.115 | POST     /getResult
[2020-01-02 13:22:07] 自開彩開獎  {202001020803 4 40 true} 
ConfigData  map[database:FA_MEM charset:utf8 redisIp:192.168.88.119 redisPort:6379 poolname:FA_MEM port:3306 user:fa_db redisDB:3 ip:192.168.88.181 password:1qaz!QAZ redisPassword:""]
SqlString  SELECT RTP,Amount,Bonus  FROM M_RtpSetting  WHERE Sid = 1   AND State = 1   AND LTG_Code = 4 AND Gid = 40
sqlResult   map[result: count:0 state:0]
[2020-01-02 13:22:07] rtpData ------->   map[state:0 result: count:0] 
[GIN] 2020/01/02 - 13:22:07 | 200 |    2.839565ms |  192.168.66.115 | POST     /getResult
[2020-01-02 13:22:08] 自開彩開獎  {202001020803 5 38 true} 
ConfigData  map[user:fa_db password:1qaz!QAZ redisIp:192.168.88.119 redisPassword:"" redisDB:3 ip:192.168.88.181 poolname:FA_MEM port:3306 database:FA_MEM charset:utf8 redisPort:6379]
SqlString  SELECT RTP,Amount,Bonus  FROM M_RtpSetting  WHERE Sid = 1   AND State = 1   AND LTG_Code = 5 AND Gid = 38
sqlResult   map[result: count:0 state:0]
[2020-01-02 13:22:08] rtpData ------->   map[result: count:0 state:0] 
[GIN] 2020/01/02 - 13:22:08 | 200 |     2.84169ms |  192.168.66.115 | POST     /getResult
[2020-01-02 13:22:08] 自開彩開獎  {202001020268 4 41 true} 
ConfigData  map[poolname:FA_MEM database:FA_MEM charset:utf8 redisIp:192.168.88.119 ip:192.168.88.181 port:3306 user:fa_db password:1qaz!QAZ redisPort:6379 redisPassword:"" redisDB:3]
SqlString  SELECT RTP,Amount,Bonus  FROM M_RtpSetting  WHERE Sid = 1   AND State = 1   AND LTG_Code = 4 AND Gid = 41
sqlResult   map[result: count:0 state:0]
[2020-01-02 13:22:08] rtpData ------->   map[result: count:0 state:0] 
[GIN] 2020/01/02 - 13:22:08 | 200 |    2.963121ms |  192.168.66.115 | POST     /getResult
[2020-01-02 13:22:10] 自開彩開獎  {202001020268 1 35 true} 
ConfigData  map[ip:192.168.88.181 user:fa_db password:1qaz!QAZ database:FA_MEM redisIp:192.168.88.119 redisPassword:"" redisDB:3 poolname:FA_MEM port:3306 charset:utf8 redisPort:6379]
SqlString  SELECT RTP,Amount,Bonus  FROM M_RtpSetting  WHERE Sid = 1   AND State = 1   AND LTG_Code = 1 AND Gid = 35
sqlResult   map[result: count:0 state:0]
[2020-01-02 13:22:10] rtpData ------->   map[count:0 state:0 result:] 
[GIN] 2020/01/02 - 13:22:10 | 200 |    2.355927ms |  192.168.66.115 | POST     /getResult
[2020-01-02 13:22:11] 自開彩開獎  {202001020803 6 36 true} 
ConfigData  map[redisPort:6379 redisDB:3 ip:192.168.88.181 charset:utf8 user:fa_db password:1qaz!QAZ database:FA_MEM redisIp:192.168.88.119 redisPassword:"" poolname:FA_MEM port:3306]
SqlString  SELECT RTP,Amount,Bonus  FROM M_RtpSetting  WHERE Sid = 1   AND State = 1   AND LTG_Code = 6 AND Gid = 36
sqlResult   map[result: count:0 state:0]
[2020-01-02 13:22:11] rtpData ------->   map[result: count:0 state:0] 
[GIN] 2020/01/02 - 13:22:11 | 200 |    3.090773ms |  192.168.66.115 | POST     /getResult
[2020-01-02 13:22:12] 自開彩開獎  {202001020803 1 34 true} 
ConfigData  map[user:fa_db password:1qaz!QAZ database:FA_MEM redisPort:6379 redisPassword:"" redisDB:3 poolname:FA_MEM port:3306 redisIp:192.168.88.119 ip:192.168.88.181 charset:utf8]
SqlString  SELECT RTP,Amount,Bonus  FROM M_RtpSetting  WHERE Sid = 1   AND State = 1   AND LTG_Code = 1 AND Gid = 34
sqlResult   map[result: count:0 state:0]
[2020-01-02 13:22:12] rtpData ------->   map[result: count:0 state:0] 
[GIN] 2020/01/02 - 13:22:12 | 200 |     3.26256ms |  192.168.66.115 | POST     /getResult
[2020-01-02 13:22:13] 自開彩開獎  {202001020803 4 40 true} 
ConfigData  map[password:1qaz!QAZ database:FA_MEM redisPassword:"" redisDB:3 ip:192.168.88.181 port:3306 charset:utf8 redisIp:192.168.88.119 redisPort:6379 poolname:FA_MEM user:fa_db]
SqlString  SELECT RTP,Amount,Bonus  FROM M_RtpSetting  WHERE Sid = 1   AND State = 1   AND LTG_Code = 4 AND Gid = 40
sqlResult   map[count:0 state:0 result:]
[2020-01-02 13:22:13] rtpData ------->   map[result: count:0 state:0] 
[GIN] 2020/01/02 - 13:22:13 | 200 |    2.684273ms |  192.168.66.115 | POST     /getResult
[2020-01-02 13:22:14] 自開彩開獎  {202001020803 5 38 true} 
ConfigData  map[password:1qaz!QAZ charset:utf8 redisPort:6379 redisDB:3 ip:192.168.88.181 poolname:FA_MEM database:FA_MEM redisIp:192.168.88.119 redisPassword:"" port:3306 user:fa_db]
SqlString  SELECT RTP,Amount,Bonus  FROM M_RtpSetting  WHERE Sid = 1   AND State = 1   AND LTG_Code = 5 AND Gid = 38
sqlResult   map[state:0 result: count:0]
[2020-01-02 13:22:14] rtpData ------->   map[count:0 state:0 result:] 
[GIN] 2020/01/02 - 13:22:14 | 200 |    2.324554ms |  192.168.66.115 | POST     /getResult
[2020-01-02 13:22:14] 自開彩開獎  {202001020268 4 41 true} 
ConfigData  map[charset:utf8 redisPort:6379 redisPassword:"" redisDB:3 ip:192.168.88.181 poolname:FA_MEM user:fa_db database:FA_MEM port:3306 password:1qaz!QAZ redisIp:192.168.88.119]
SqlString  SELECT RTP,Amount,Bonus  FROM M_RtpSetting  WHERE Sid = 1   AND State = 1   AND LTG_Code = 4 AND Gid = 41
sqlResult   map[result: count:0 state:0]
[2020-01-02 13:22:14] rtpData ------->   map[result: count:0 state:0] 
[GIN] 2020/01/02 - 13:22:14 | 200 |    3.194216ms |  192.168.66.115 | POST     /getResult
[2020-01-02 13:22:16] 自開彩開獎  {202001020268 1 35 true} 
ConfigData  map[ip:192.168.88.181 poolname:FA_MEM password:1qaz!QAZ database:FA_MEM redisPassword:"" redisDB:3 port:3306 user:fa_db charset:utf8 redisIp:192.168.88.119 redisPort:6379]
SqlString  SELECT RTP,Amount,Bonus  FROM M_RtpSetting  WHERE Sid = 1   AND State = 1   AND LTG_Code = 1 AND Gid = 35
sqlResult   map[result: count:0 state:0]
[2020-01-02 13:22:16] rtpData ------->   map[result: count:0 state:0] 
[GIN] 2020/01/02 - 13:22:16 | 200 |    4.222409ms |  192.168.66.115 | POST     /getResult
[2020-01-02 13:22:17] 自開彩開獎  {202001020803 6 36 true} 
ConfigData  map[charset:utf8 redisIp:192.168.88.119 redisPort:6379 redisPassword:"" ip:192.168.88.181 password:1qaz!QAZ user:fa_db database:FA_MEM redisDB:3 poolname:FA_MEM port:3306]
SqlString  SELECT RTP,Amount,Bonus  FROM M_RtpSetting  WHERE Sid = 1   AND State = 1   AND LTG_Code = 6 AND Gid = 36
sqlResult   map[result: count:0 state:0]
[2020-01-02 13:22:17] rtpData ------->   map[state:0 result: count:0] 
[GIN] 2020/01/02 - 13:22:17 | 200 |    2.840742ms |  192.168.66.115 | POST     /getResult
[2020-01-02 13:22:18] 自開彩開獎  {202001020803 1 34 true} 
ConfigData  map[ip:192.168.88.181 poolname:FA_MEM user:fa_db database:FA_MEM redisPassword:"" port:3306 password:1qaz!QAZ charset:utf8 redisIp:192.168.88.119 redisPort:6379 redisDB:3]
SqlString  SELECT RTP,Amount,Bonus  FROM M_RtpSetting  WHERE Sid = 1   AND State = 1   AND LTG_Code = 1 AND Gid = 34
sqlResult   map[result: count:0 state:0]
[2020-01-02 13:22:18] rtpData ------->   map[count:0 state:0 result:] 
[GIN] 2020/01/02 - 13:22:18 | 200 |    2.145329ms |  192.168.66.115 | POST     /getResult
[2020-01-02 13:22:19] 自開彩開獎  {202001020803 4 40 true} 
ConfigData  map[user:fa_db redisIp:192.168.88.119 redisPort:6379 redisPassword:"" redisDB:3 ip:192.168.88.181 poolname:FA_MEM port:3306 password:1qaz!QAZ database:FA_MEM charset:utf8]
SqlString  SELECT RTP,Amount,Bonus  FROM M_RtpSetting  WHERE Sid = 1   AND State = 1   AND LTG_Code = 4 AND Gid = 40
sqlResult   map[result: count:0 state:0]
[2020-01-02 13:22:19] rtpData ------->   map[result: count:0 state:0] 
[GIN] 2020/01/02 - 13:22:19 | 200 |    1.948026ms |  192.168.66.115 | POST     /getResult
[2020-01-02 13:22:20] 自開彩開獎  {202001020803 5 38 true} 
ConfigData  map[charset:utf8 redisPassword:"" ip:192.168.88.181 user:fa_db password:1qaz!QAZ database:FA_MEM redisIp:192.168.88.119 redisPort:6379 redisDB:3 poolname:FA_MEM port:3306]
SqlString  SELECT RTP,Amount,Bonus  FROM M_RtpSetting  WHERE Sid = 1   AND State = 1   AND LTG_Code = 5 AND Gid = 38
sqlResult   map[result: count:0 state:0]
[2020-01-02 13:22:20] rtpData ------->   map[result: count:0 state:0] 
[GIN] 2020/01/02 - 13:22:20 | 200 |     2.47444ms |  192.168.66.115 | POST     /getResult
[2020-01-02 13:22:20] 自開彩開獎  {202001020268 4 41 true} 
ConfigData  map[user:fa_db password:1qaz!QAZ database:FA_MEM charset:utf8 redisPort:6379 redisDB:3 poolname:FA_MEM port:3306 redisIp:192.168.88.119 redisPassword:"" ip:192.168.88.181]
SqlString  SELECT RTP,Amount,Bonus  FROM M_RtpSetting  WHERE Sid = 1   AND State = 1   AND LTG_Code = 4 AND Gid = 41
sqlResult   map[count:0 state:0 result:]
[2020-01-02 13:22:20] rtpData ------->   map[result: count:0 state:0] 
[GIN] 2020/01/02 - 13:22:20 | 200 |    2.665214ms |  192.168.66.115 | POST     /getResult
[2020-01-02 13:22:22] 自開彩開獎  {202001020268 1 35 true} 
ConfigData  map[user:fa_db redisPassword:"" redisIp:192.168.88.119 redisPort:6379 ip:192.168.88.181 poolname:FA_MEM port:3306 password:1qaz!QAZ database:FA_MEM charset:utf8 redisDB:3]
SqlString  SELECT RTP,Amount,Bonus  FROM M_RtpSetting  WHERE Sid = 1   AND State = 1   AND LTG_Code = 1 AND Gid = 35
sqlResult   map[count:0 state:0 result:]
[2020-01-02 13:22:22] rtpData ------->   map[result: count:0 state:0] 
[GIN] 2020/01/02 - 13:22:22 | 200 |    3.206993ms |  192.168.66.115 | POST     /getResult
[2020-01-02 13:22:23] 自開彩開獎  {202001020803 6 36 true} 
ConfigData  map[port:3306 redisPort:6379 ip:192.168.88.181 user:fa_db password:1qaz!QAZ database:FA_MEM charset:utf8 redisIp:192.168.88.119 redisPassword:"" redisDB:3 poolname:FA_MEM]
SqlString  SELECT RTP,Amount,Bonus  FROM M_RtpSetting  WHERE Sid = 1   AND State = 1   AND LTG_Code = 6 AND Gid = 36
sqlResult   map[result: count:0 state:0]
[2020-01-02 13:22:23] rtpData ------->   map[state:0 result: count:0] 
[GIN] 2020/01/02 - 13:22:23 | 200 |     2.91066ms |  192.168.66.115 | POST     /getResult
[2020-01-02 13:22:24] 自開彩開獎  {202001020803 1 34 true} 
ConfigData  map[port:3306 user:fa_db password:1qaz!QAZ database:FA_MEM redisIp:192.168.88.119 redisPassword:"" ip:192.168.88.181 poolname:FA_MEM charset:utf8 redisPort:6379 redisDB:3]
SqlString  SELECT RTP,Amount,Bonus  FROM M_RtpSetting  WHERE Sid = 1   AND State = 1   AND LTG_Code = 1 AND Gid = 34
sqlResult   map[result: count:0 state:0]
[2020-01-02 13:22:24] rtpData ------->   map[result: count:0 state:0] 
[GIN] 2020/01/02 - 13:22:24 | 200 |    2.598305ms |  192.168.66.115 | POST     /getResult
[2020-01-02 13:22:25] 自開彩開獎  {202001020803 4 40 true} 
ConfigData  map[redisPort:6379 redisDB:3 ip:192.168.88.181 poolname:FA_MEM port:3306 password:1qaz!QAZ charset:utf8 redisIp:192.168.88.119 user:fa_db database:FA_MEM redisPassword:""]
SqlString  SELECT RTP,Amount,Bonus  FROM M_RtpSetting  WHERE Sid = 1   AND State = 1   AND LTG_Code = 4 AND Gid = 40
sqlResult   map[count:0 state:0 result:]
[2020-01-02 13:22:25] rtpData ------->   map[count:0 state:0 result:] 
[GIN] 2020/01/02 - 13:22:25 | 200 |    2.944114ms |  192.168.66.115 | POST     /getResult
[2020-01-02 13:22:26] 自開彩開獎  {202001020803 5 38 true} 
ConfigData  map[charset:utf8 redisPort:6379 poolname:FA_MEM password:1qaz!QAZ database:FA_MEM redisIp:192.168.88.119 redisPassword:"" redisDB:3 ip:192.168.88.181 port:3306 user:fa_db]
SqlString  SELECT RTP,Amount,Bonus  FROM M_RtpSetting  WHERE Sid = 1   AND State = 1   AND LTG_Code = 5 AND Gid = 38
sqlResult   map[result: count:0 state:0]
[2020-01-02 13:22:26] rtpData ------->   map[state:0 result: count:0] 
[GIN] 2020/01/02 - 13:22:26 | 200 |     2.47078ms |  192.168.66.115 | POST     /getResult
[2020-01-02 13:22:26] 自開彩開獎  {202001020268 4 41 true} 
ConfigData  map[poolname:FA_MEM port:3306 user:fa_db charset:utf8 redisPort:6379 redisDB:3 ip:192.168.88.181 password:1qaz!QAZ database:FA_MEM redisIp:192.168.88.119 redisPassword:""]
SqlString  SELECT RTP,Amount,Bonus  FROM M_RtpSetting  WHERE Sid = 1   AND State = 1   AND LTG_Code = 4 AND Gid = 41
sqlResult   map[result: count:0 state:0]
[2020-01-02 13:22:26] rtpData ------->   map[result: count:0 state:0] 
[GIN] 2020/01/02 - 13:22:26 | 200 |    3.043214ms |  192.168.66.115 | POST     /getResult
[2020-01-02 13:22:28] 自開彩開獎  {202001020268 1 35 true} 
ConfigData  map[ip:192.168.88.181 port:3306 user:fa_db charset:utf8 redisIp:192.168.88.119 redisPassword:"" poolname:FA_MEM password:1qaz!QAZ database:FA_MEM redisPort:6379 redisDB:3]
SqlString  SELECT RTP,Amount,Bonus  FROM M_RtpSetting  WHERE Sid = 1   AND State = 1   AND LTG_Code = 1 AND Gid = 35
sqlResult   map[result: count:0 state:0]
[2020-01-02 13:22:28] rtpData ------->   map[result: count:0 state:0] 
[GIN] 2020/01/02 - 13:22:28 | 200 |    2.660977ms |  192.168.66.115 | POST     /getResult
[2020-01-02 13:22:29] 自開彩開獎  {202001020803 6 36 true} 
ConfigData  map[charset:utf8 redisDB:3 user:fa_db password:1qaz!QAZ database:FA_MEM redisIp:192.168.88.119 redisPort:6379 ip:192.168.88.181 poolname:FA_MEM port:3306 redisPassword:""]
SqlString  SELECT RTP,Amount,Bonus  FROM M_RtpSetting  WHERE Sid = 1   AND State = 1   AND LTG_Code = 6 AND Gid = 36
sqlResult   map[result: count:0 state:0]
[2020-01-02 13:22:29] rtpData ------->   map[result: count:0 state:0] 
[GIN] 2020/01/02 - 13:22:29 | 200 |    2.185214ms |  192.168.66.115 | POST     /getResult
[2020-01-02 13:22:30] 自開彩開獎  {202001020803 1 34 true} 
ConfigData  map[ip:192.168.88.181 poolname:FA_MEM database:FA_MEM charset:utf8 redisDB:3 redisPassword:"" port:3306 user:fa_db password:1qaz!QAZ redisIp:192.168.88.119 redisPort:6379]
SqlString  SELECT RTP,Amount,Bonus  FROM M_RtpSetting  WHERE Sid = 1   AND State = 1   AND LTG_Code = 1 AND Gid = 34
sqlResult   map[count:0 state:0 result:]
[2020-01-02 13:22:30] rtpData ------->   map[result: count:0 state:0] 
[GIN] 2020/01/02 - 13:22:30 | 200 |    3.061007ms |  192.168.66.115 | POST     /getResult
[2020-01-02 13:22:31] 自開彩開獎  {202001020803 4 40 true} 
ConfigData  map[redisPort:6379 redisPassword:"" redisDB:3 user:fa_db password:1qaz!QAZ database:FA_MEM redisIp:192.168.88.119 ip:192.168.88.181 poolname:FA_MEM port:3306 charset:utf8]
SqlString  SELECT RTP,Amount,Bonus  FROM M_RtpSetting  WHERE Sid = 1   AND State = 1   AND LTG_Code = 4 AND Gid = 40
sqlResult   map[result: count:0 state:0]
[2020-01-02 13:22:31] rtpData ------->   map[result: count:0 state:0] 
[GIN] 2020/01/02 - 13:22:31 | 200 |    2.244377ms |  192.168.66.115 | POST     /getResult
[2020-01-02 13:22:32] 自開彩開獎  {202001020803 5 38 true} 
ConfigData  map[poolname:FA_MEM port:3306 user:fa_db password:1qaz!QAZ database:FA_MEM redisDB:3 ip:192.168.88.181 charset:utf8 redisIp:192.168.88.119 redisPort:6379 redisPassword:""]
SqlString  SELECT RTP,Amount,Bonus  FROM M_RtpSetting  WHERE Sid = 1   AND State = 1   AND LTG_Code = 5 AND Gid = 38
sqlResult   map[result: count:0 state:0]
[2020-01-02 13:22:32] rtpData ------->   map[result: count:0 state:0] 
[GIN] 2020/01/02 - 13:22:32 | 200 |    2.957927ms |  192.168.66.115 | POST     /getResult
[2020-01-02 13:22:32] 自開彩開獎  {202001020268 4 41 true} 
ConfigData  map[poolname:FA_MEM user:fa_db database:FA_MEM charset:utf8 redisPassword:"" redisDB:3 ip:192.168.88.181 password:1qaz!QAZ redisIp:192.168.88.119 redisPort:6379 port:3306]
SqlString  SELECT RTP,Amount,Bonus  FROM M_RtpSetting  WHERE Sid = 1   AND State = 1   AND LTG_Code = 4 AND Gid = 41
sqlResult   map[result: count:0 state:0]
[2020-01-02 13:22:32] rtpData ------->   map[result: count:0 state:0] 
[GIN] 2020/01/02 - 13:22:32 | 200 |    3.279731ms |  192.168.66.115 | POST     /getResult
[2020-01-02 13:22:34] 自開彩開獎  {202001020268 1 35 true} 
ConfigData  map[ip:192.168.88.181 port:3306 user:fa_db password:1qaz!QAZ charset:utf8 redisPort:6379 redisDB:3 poolname:FA_MEM database:FA_MEM redisIp:192.168.88.119 redisPassword:""]
SqlString  SELECT RTP,Amount,Bonus  FROM M_RtpSetting  WHERE Sid = 1   AND State = 1   AND LTG_Code = 1 AND Gid = 35
sqlResult   map[result: count:0 state:0]
[2020-01-02 13:22:34] rtpData ------->   map[count:0 state:0 result:] 
[GIN] 2020/01/02 - 13:22:34 | 200 |    2.837287ms |  192.168.66.115 | POST     /getResult
[2020-01-02 13:22:35] 自開彩開獎  {202001020803 6 36 true} 
ConfigData  map[poolname:FA_MEM charset:utf8 redisPassword:"" password:1qaz!QAZ database:FA_MEM redisIp:192.168.88.119 redisPort:6379 redisDB:3 ip:192.168.88.181 port:3306 user:fa_db]
SqlString  SELECT RTP,Amount,Bonus  FROM M_RtpSetting  WHERE Sid = 1   AND State = 1   AND LTG_Code = 6 AND Gid = 36
sqlResult   map[result: count:0 state:0]
[2020-01-02 13:22:35] rtpData ------->   map[result: count:0 state:0] 
[GIN] 2020/01/02 - 13:22:35 | 200 |    2.177677ms |  192.168.66.115 | POST     /getResult
[2020-01-02 13:22:36] 自開彩開獎  {202001020803 1 34 true} 
ConfigData  map[user:fa_db database:FA_MEM redisIp:192.168.88.119 poolname:FA_MEM port:3306 password:1qaz!QAZ charset:utf8 redisPort:6379 redisPassword:"" redisDB:3 ip:192.168.88.181]
SqlString  SELECT RTP,Amount,Bonus  FROM M_RtpSetting  WHERE Sid = 1   AND State = 1   AND LTG_Code = 1 AND Gid = 34
sqlResult   map[count:0 state:0 result:]
[2020-01-02 13:22:36] rtpData ------->   map[count:0 state:0 result:] 
[GIN] 2020/01/02 - 13:22:36 | 200 |    2.915855ms |  192.168.66.115 | POST     /getResult
[2020-01-02 13:22:37] 自開彩開獎  {202001020803 4 40 true} 
ConfigData  map[user:fa_db password:1qaz!QAZ charset:utf8 redisPort:6379 redisPassword:"" redisDB:3 ip:192.168.88.181 port:3306 redisIp:192.168.88.119 poolname:FA_MEM database:FA_MEM]
SqlString  SELECT RTP,Amount,Bonus  FROM M_RtpSetting  WHERE Sid = 1   AND State = 1   AND LTG_Code = 4 AND Gid = 40
sqlResult   map[result: count:0 state:0]
[2020-01-02 13:22:37] rtpData ------->   map[result: count:0 state:0] 
[GIN] 2020/01/02 - 13:22:37 | 200 |    3.258012ms |  192.168.66.115 | POST     /getResult
[2020-01-02 13:22:38] 自開彩開獎  {202001020803 5 38 true} 
ConfigData  map[ip:192.168.88.181 poolname:FA_MEM user:fa_db charset:utf8 redisIp:192.168.88.119 redisPort:6379 port:3306 password:1qaz!QAZ database:FA_MEM redisPassword:"" redisDB:3]
SqlString  SELECT RTP,Amount,Bonus  FROM M_RtpSetting  WHERE Sid = 1   AND State = 1   AND LTG_Code = 5 AND Gid = 38
sqlResult   map[result: count:0 state:0]
[2020-01-02 13:22:38] rtpData ------->   map[result: count:0 state:0] 
[GIN] 2020/01/02 - 13:22:38 | 200 |    2.661823ms |  192.168.66.115 | POST     /getResult
[2020-01-02 13:22:38] 自開彩開獎  {202001020268 4 41 true} 
ConfigData  map[port:3306 database:FA_MEM charset:utf8 redisDB:3 ip:192.168.88.181 poolname:FA_MEM user:fa_db password:1qaz!QAZ redisIp:192.168.88.119 redisPort:6379 redisPassword:""]
SqlString  SELECT RTP,Amount,Bonus  FROM M_RtpSetting  WHERE Sid = 1   AND State = 1   AND LTG_Code = 4 AND Gid = 41
sqlResult   map[count:0 state:0 result:]
[2020-01-02 13:22:38] rtpData ------->   map[result: count:0 state:0] 
[GIN] 2020/01/02 - 13:22:38 | 200 |     3.39789ms |  192.168.66.115 | POST     /getResult
[2020-01-02 13:22:40] 自開彩開獎  {202001020268 1 35 true} 
ConfigData  map[charset:utf8 redisPassword:"" ip:192.168.88.181 password:1qaz!QAZ database:FA_MEM redisIp:192.168.88.119 redisPort:6379 redisDB:3 poolname:FA_MEM port:3306 user:fa_db]
SqlString  SELECT RTP,Amount,Bonus  FROM M_RtpSetting  WHERE Sid = 1   AND State = 1   AND LTG_Code = 1 AND Gid = 35
sqlResult   map[result: count:0 state:0]
[2020-01-02 13:22:40] rtpData ------->   map[result: count:0 state:0] 
[GIN] 2020/01/02 - 13:22:40 | 200 |     2.49591ms |  192.168.66.115 | POST     /getResult
[2020-01-02 13:22:41] 自開彩開獎  {202001020803 6 36 true} 
ConfigData  map[user:fa_db port:3306 poolname:FA_MEM password:1qaz!QAZ database:FA_MEM charset:utf8 redisIp:192.168.88.119 redisPort:6379 redisPassword:"" ip:192.168.88.181 redisDB:3]
SqlString  SELECT RTP,Amount,Bonus  FROM M_RtpSetting  WHERE Sid = 1   AND State = 1   AND LTG_Code = 6 AND Gid = 36
sqlResult   map[result: count:0 state:0]
[2020-01-02 13:22:41] rtpData ------->   map[count:0 state:0 result:] 
[GIN] 2020/01/02 - 13:22:41 | 200 |    2.549152ms |  192.168.66.115 | POST     /getResult
[2020-01-02 13:22:42] 自開彩開獎  {202001020803 1 34 true} 
ConfigData  map[poolname:FA_MEM user:fa_db redisIp:192.168.88.119 redisPort:6379 redisPassword:"" redisDB:3 ip:192.168.88.181 port:3306 password:1qaz!QAZ database:FA_MEM charset:utf8]
SqlString  SELECT RTP,Amount,Bonus  FROM M_RtpSetting  WHERE Sid = 1   AND State = 1   AND LTG_Code = 1 AND Gid = 34
sqlResult   map[result: count:0 state:0]
[2020-01-02 13:22:42] rtpData ------->   map[result: count:0 state:0] 
[GIN] 2020/01/02 - 13:22:42 | 200 |     2.58589ms |  192.168.66.115 | POST     /getResult
[2020-01-02 13:22:43] 自開彩開獎  {202001020803 4 40 true} 
ConfigData  map[ip:192.168.88.181 database:FA_MEM redisPassword:"" redisDB:3 redisIp:192.168.88.119 redisPort:6379 poolname:FA_MEM port:3306 user:fa_db password:1qaz!QAZ charset:utf8]
SqlString  SELECT RTP,Amount,Bonus  FROM M_RtpSetting  WHERE Sid = 1   AND State = 1   AND LTG_Code = 4 AND Gid = 40
sqlResult   map[state:0 result: count:0]
[2020-01-02 13:22:43] rtpData ------->   map[state:0 result: count:0] 
[GIN] 2020/01/02 - 13:22:43 | 200 |    2.536321ms |  192.168.66.115 | POST     /getResult
[2020-01-02 13:22:44] 自開彩開獎  {202001020803 5 38 true} 
ConfigData  map[database:FA_MEM charset:utf8 redisDB:3 ip:192.168.88.181 port:3306 user:fa_db password:1qaz!QAZ redisIp:192.168.88.119 redisPort:6379 redisPassword:"" poolname:FA_MEM]
SqlString  SELECT RTP,Amount,Bonus  FROM M_RtpSetting  WHERE Sid = 1   AND State = 1   AND LTG_Code = 5 AND Gid = 38
sqlResult   map[result: count:0 state:0]
[2020-01-02 13:22:44] rtpData ------->   map[result: count:0 state:0] 
[GIN] 2020/01/02 - 13:22:44 | 200 |     2.70855ms |  192.168.66.115 | POST     /getResult
[2020-01-02 13:22:44] 自開彩開獎  {202001020268 4 41 true} 
ConfigData  map[redisPassword:"" redisDB:3 user:fa_db password:1qaz!QAZ database:FA_MEM charset:utf8 redisIp:192.168.88.119 ip:192.168.88.181 poolname:FA_MEM port:3306 redisPort:6379]
SqlString  SELECT RTP,Amount,Bonus  FROM M_RtpSetting  WHERE Sid = 1   AND State = 1   AND LTG_Code = 4 AND Gid = 41
sqlResult   map[result: count:0 state:0]
[2020-01-02 13:22:44] rtpData ------->   map[state:0 result: count:0] 
[GIN] 2020/01/02 - 13:22:44 | 200 |     2.64032ms |  192.168.66.115 | POST     /getResult
[2020-01-02 13:22:46] 自開彩開獎  {202001020268 1 35 true} 
ConfigData  map[redisDB:3 poolname:FA_MEM port:3306 user:fa_db database:FA_MEM charset:utf8 redisPort:6379 ip:192.168.88.181 password:1qaz!QAZ redisIp:192.168.88.119 redisPassword:""]
SqlString  SELECT RTP,Amount,Bonus  FROM M_RtpSetting  WHERE Sid = 1   AND State = 1   AND LTG_Code = 1 AND Gid = 35
sqlResult   map[count:0 state:0 result:]
[2020-01-02 13:22:46] rtpData ------->   map[result: count:0 state:0] 
[GIN] 2020/01/02 - 13:22:46 | 200 |    2.732502ms |  192.168.66.115 | POST     /getResult
[2020-01-02 13:22:47] 自開彩開獎  {202001020803 6 36 true} 
ConfigData  map[ip:192.168.88.181 port:3306 password:1qaz!QAZ redisIp:192.168.88.119 redisDB:3 redisPassword:"" poolname:FA_MEM user:fa_db database:FA_MEM charset:utf8 redisPort:6379]
SqlString  SELECT RTP,Amount,Bonus  FROM M_RtpSetting  WHERE Sid = 1   AND State = 1   AND LTG_Code = 6 AND Gid = 36
sqlResult   map[result: count:0 state:0]
[2020-01-02 13:22:47] rtpData ------->   map[result: count:0 state:0] 
[GIN] 2020/01/02 - 13:22:47 | 200 |    2.835978ms |  192.168.66.115 | POST     /getResult
[2020-01-02 13:22:48] 自開彩開獎  {202001020803 1 34 true} 
ConfigData  map[charset:utf8 redisPassword:"" port:3306 poolname:FA_MEM user:fa_db password:1qaz!QAZ database:FA_MEM redisIp:192.168.88.119 redisPort:6379 redisDB:3 ip:192.168.88.181]
SqlString  SELECT RTP,Amount,Bonus  FROM M_RtpSetting  WHERE Sid = 1   AND State = 1   AND LTG_Code = 1 AND Gid = 34
sqlResult   map[state:0 result: count:0]
[2020-01-02 13:22:48] rtpData ------->   map[count:0 state:0 result:] 
[GIN] 2020/01/02 - 13:22:48 | 200 |    2.319385ms |  192.168.66.115 | POST     /getResult
[2020-01-02 13:22:49] 自開彩開獎  {202001020803 4 40 true} 
ConfigData  map[password:1qaz!QAZ redisIp:192.168.88.119 redisPassword:"" redisDB:3 ip:192.168.88.181 port:3306 user:fa_db redisPort:6379 poolname:FA_MEM database:FA_MEM charset:utf8]
SqlString  SELECT RTP,Amount,Bonus  FROM M_RtpSetting  WHERE Sid = 1   AND State = 1   AND LTG_Code = 4 AND Gid = 40
sqlResult   map[state:0 result: count:0]
[2020-01-02 13:22:49] rtpData ------->   map[result: count:0 state:0] 
[GIN] 2020/01/02 - 13:22:49 | 200 |    2.301603ms |  192.168.66.115 | POST     /getResult
[2020-01-02 13:22:50] 自開彩開獎  {202001020803 5 38 true} 
ConfigData  map[redisPassword:"" redisDB:3 port:3306 user:fa_db password:1qaz!QAZ charset:utf8 redisIp:192.168.88.119 redisPort:6379 ip:192.168.88.181 poolname:FA_MEM database:FA_MEM]
SqlString  SELECT RTP,Amount,Bonus  FROM M_RtpSetting  WHERE Sid = 1   AND State = 1   AND LTG_Code = 5 AND Gid = 38
sqlResult   map[count:0 state:0 result:]
[2020-01-02 13:22:50] rtpData ------->   map[result: count:0 state:0] 
[GIN] 2020/01/02 - 13:22:50 | 200 |    2.631686ms |  192.168.66.115 | POST     /getResult
[2020-01-02 13:22:50] 自開彩開獎  {202001020268 4 41 true} 
ConfigData  map[redisPort:6379 redisDB:3 ip:192.168.88.181 port:3306 password:1qaz!QAZ database:FA_MEM charset:utf8 redisIp:192.168.88.119 redisPassword:"" poolname:FA_MEM user:fa_db]
SqlString  SELECT RTP,Amount,Bonus  FROM M_RtpSetting  WHERE Sid = 1   AND State = 1   AND LTG_Code = 4 AND Gid = 41
sqlResult   map[state:0 result: count:0]
[2020-01-02 13:22:50] rtpData ------->   map[result: count:0 state:0] 
[GIN] 2020/01/02 - 13:22:50 | 200 |    1.991534ms |  192.168.66.115 | POST     /getResult
[2020-01-02 13:22:52] 自開彩開獎  {202001020268 1 35 true} 
ConfigData  map[port:3306 password:1qaz!QAZ database:FA_MEM redisPort:6379 redisPassword:"" ip:192.168.88.181 poolname:FA_MEM user:fa_db charset:utf8 redisIp:192.168.88.119 redisDB:3]
SqlString  SELECT RTP,Amount,Bonus  FROM M_RtpSetting  WHERE Sid = 1   AND State = 1   AND LTG_Code = 1 AND Gid = 35
sqlResult   map[state:0 result: count:0]
[2020-01-02 13:22:52] rtpData ------->   map[state:0 result: count:0] 
[GIN] 2020/01/02 - 13:22:52 | 200 |    2.179614ms |  192.168.66.115 | POST     /getResult
[2020-01-02 13:22:53] 自開彩開獎  {202001020803 6 36 true} 
ConfigData  map[ip:192.168.88.181 port:3306 redisPort:6379 redisPassword:"" poolname:FA_MEM user:fa_db password:1qaz!QAZ database:FA_MEM charset:utf8 redisIp:192.168.88.119 redisDB:3]
SqlString  SELECT RTP,Amount,Bonus  FROM M_RtpSetting  WHERE Sid = 1   AND State = 1   AND LTG_Code = 6 AND Gid = 36
sqlResult   map[count:0 state:0 result:]
[2020-01-02 13:22:53] rtpData ------->   map[result: count:0 state:0] 
[GIN] 2020/01/02 - 13:22:53 | 200 |    2.395416ms |  192.168.66.115 | POST     /getResult
[2020-01-02 13:22:54] 自開彩開獎  {202001020803 1 34 true} 
ConfigData  map[ip:192.168.88.181 poolname:FA_MEM user:fa_db password:1qaz!QAZ redisPassword:"" redisDB:3 port:3306 database:FA_MEM charset:utf8 redisIp:192.168.88.119 redisPort:6379]
SqlString  SELECT RTP,Amount,Bonus  FROM M_RtpSetting  WHERE Sid = 1   AND State = 1   AND LTG_Code = 1 AND Gid = 34
sqlResult   map[state:0 result: count:0]
[2020-01-02 13:22:54] rtpData ------->   map[result: count:0 state:0] 
[GIN] 2020/01/02 - 13:22:54 | 200 |    3.328705ms |  192.168.66.115 | POST     /getResult
[2020-01-02 13:22:55] 自開彩開獎  {202001020803 4 40 true} 
ConfigData  map[password:1qaz!QAZ redisDB:3 ip:192.168.88.181 port:3306 database:FA_MEM charset:utf8 redisIp:192.168.88.119 redisPort:6379 redisPassword:"" poolname:FA_MEM user:fa_db]
SqlString  SELECT RTP,Amount,Bonus  FROM M_RtpSetting  WHERE Sid = 1   AND State = 1   AND LTG_Code = 4 AND Gid = 40
sqlResult   map[state:0 result: count:0]
[2020-01-02 13:22:55] rtpData ------->   map[result: count:0 state:0] 
[GIN] 2020/01/02 - 13:22:55 | 200 |    2.402468ms |  192.168.66.115 | POST     /getResult
[2020-01-02 13:22:56] 自開彩開獎  {202001020803 5 38 true} 
ConfigData  map[charset:utf8 redisPort:6379 redisDB:3 user:fa_db password:1qaz!QAZ database:FA_MEM redisIp:192.168.88.119 redisPassword:"" ip:192.168.88.181 poolname:FA_MEM port:3306]
SqlString  SELECT RTP,Amount,Bonus  FROM M_RtpSetting  WHERE Sid = 1   AND State = 1   AND LTG_Code = 5 AND Gid = 38
sqlResult   map[result: count:0 state:0]
[2020-01-02 13:22:56] rtpData ------->   map[count:0 state:0 result:] 
[GIN] 2020/01/02 - 13:22:56 | 200 |    2.335929ms |  192.168.66.115 | POST     /getResult
[2020-01-02 13:22:56] 自開彩開獎  {202001020268 4 41 true} 
ConfigData  map[poolname:FA_MEM charset:utf8 redisIp:192.168.88.119 redisPort:6379 redisPassword:"" redisDB:3 ip:192.168.88.181 user:fa_db password:1qaz!QAZ database:FA_MEM port:3306]
SqlString  SELECT RTP,Amount,Bonus  FROM M_RtpSetting  WHERE Sid = 1   AND State = 1   AND LTG_Code = 4 AND Gid = 41
sqlResult   map[result: count:0 state:0]
[2020-01-02 13:22:56] rtpData ------->   map[result: count:0 state:0] 
[GIN] 2020/01/02 - 13:22:56 | 200 |     2.53962ms |  192.168.66.115 | POST     /getResult
[2020-01-02 13:22:58] 自開彩開獎  {202001020268 1 35 true} 
ConfigData  map[poolname:FA_MEM redisIp:192.168.88.119 redisPort:6379 ip:192.168.88.181 port:3306 user:fa_db password:1qaz!QAZ database:FA_MEM charset:utf8 redisPassword:"" redisDB:3]
SqlString  SELECT RTP,Amount,Bonus  FROM M_RtpSetting  WHERE Sid = 1   AND State = 1   AND LTG_Code = 1 AND Gid = 35
sqlResult   map[state:0 result: count:0]
[2020-01-02 13:22:58] rtpData ------->   map[result: count:0 state:0] 
[GIN] 2020/01/02 - 13:22:58 | 200 |    3.271232ms |  192.168.66.115 | POST     /getResult
[2020-01-02 13:22:59] 自開彩開獎  {202001020803 6 36 true} 
ConfigData  map[redisIp:192.168.88.119 user:fa_db password:1qaz!QAZ database:FA_MEM charset:utf8 redisPort:6379 ip:192.168.88.181 poolname:FA_MEM port:3306 redisPassword:"" redisDB:3]
SqlString  SELECT RTP,Amount,Bonus  FROM M_RtpSetting  WHERE Sid = 1   AND State = 1   AND LTG_Code = 6 AND Gid = 36
sqlResult   map[result: count:0 state:0]
[2020-01-02 13:22:59] rtpData ------->   map[result: count:0 state:0] 
[GIN] 2020/01/02 - 13:22:59 | 200 |     2.64805ms |  192.168.66.115 | POST     /getResult
[2020-01-02 13:23:00] 自開彩開獎  {202001020803 1 34 true} 
ConfigData  map[poolname:FA_MEM database:FA_MEM charset:utf8 redisPort:6379 redisPassword:"" ip:192.168.88.181 user:fa_db password:1qaz!QAZ redisIp:192.168.88.119 redisDB:3 port:3306]
SqlString  SELECT RTP,Amount,Bonus  FROM M_RtpSetting  WHERE Sid = 1   AND State = 1   AND LTG_Code = 1 AND Gid = 34
sqlResult   map[result: count:0 state:0]
[2020-01-02 13:23:00] rtpData ------->   map[result: count:0 state:0] 
[GIN] 2020/01/02 - 13:23:00 | 200 |    2.502554ms |  192.168.66.115 | POST     /getResult
[2020-01-02 13:23:01] 自開彩開獎  {202001020803 4 40 true} 
ConfigData  map[poolname:FA_MEM database:FA_MEM charset:utf8 password:1qaz!QAZ redisIp:192.168.88.119 redisPort:6379 redisPassword:"" redisDB:3 ip:192.168.88.181 port:3306 user:fa_db]
SqlString  SELECT RTP,Amount,Bonus  FROM M_RtpSetting  WHERE Sid = 1   AND State = 1   AND LTG_Code = 4 AND Gid = 40
sqlResult   map[result: count:0 state:0]
[2020-01-02 13:23:01] rtpData ------->   map[result: count:0 state:0] 
[GIN] 2020/01/02 - 13:23:01 | 200 |    2.063449ms |  192.168.66.115 | POST     /getResult
[2020-01-02 13:23:01] 自開彩開獎  {202001020804 2 26 true} 
ConfigData  map[port:3306 charset:utf8 redisIp:192.168.88.119 redisPort:6379 redisDB:3 redisPassword:"" ip:192.168.88.181 poolname:FA_MEM user:fa_db password:1qaz!QAZ database:FA_MEM]
SqlString  SELECT RTP,Amount,Bonus  FROM M_RtpSetting  WHERE Sid = 1   AND State = 1   AND LTG_Code = 2 AND Gid = 26
sqlResult   map[result:0.9600 count:1 state:1 amount:1.0069588e+06 bonus:908100.71]
[2020-01-02 13:23:01] rtpData ------->   map[result:0.9600 count:1 state:1 amount:1.0069588e+06 bonus:908100.71] 
ConfigData  map[database:FA_MEM redisIp:192.168.88.119 password:1qaz!QAZ charset:utf8 redisPort:6379 redisPassword:"" ip:192.168.88.181 poolname:FA_MEM port:3306 user:fa_db redisDB:3]
SELECT BO_No, BO_OrderNo , BO_User , BO_Issue  , BO_LotteryTypeGroup, BO_LotteryType, BO_Mode, BO_LotteryPlayGroup, BO_LotteryPlay , BO_LotteryContent, BO_Price, BO_RealPrice, BO_Unit, BO_Multiple , BO_BetCount  , BO_Winnings, BO_Winnings2, BO_Winnings3, BO_WinningLimit  , BO_Water , BO_BW_SourceUserId, BO_BW_BackWater, BO_BW_LimitBetCount, BO_BW_MaxAmount, BO_BW_AuditMultiple  , BO_Odds, BO_Odds2, BO_Odds3 , BO_Type, BO_Chase , BO_OpenResult, BO_OpenResult2, BO_DateDraw, BO_DateDraw2, BO_DateUpdate  FROM TS_BetOrder  WHERE BO_Cancel = 0   AND BO_CancelBackend = 0   AND BO_LotteryTypeGroup = 2 AND BO_LotteryType = 26 AND BO_Issue = 202001020804 AND BO_Collect = 0 ORDER BY BO_DateDraw ASC, BO_DateCreate ASC, BO_DateUpdate ASC, BO_No ASC ;
[2020-01-02 13:23:01] LottteryTypeGroup 2 
[2020-01-02 13:23:01] 有期號 但無注單 -------> map[amount:0 bonus:0 thisOpenResult:[1 4 9 7 2]] 
[GIN] 2020/01/02 - 13:23:01 | 200 |    6.064168ms |  192.168.66.115 | POST     /getResult
[2020-01-02 13:23:02] 自開彩開獎  {202001020803 5 38 true} 
ConfigData  map[ip:192.168.88.181 password:1qaz!QAZ redisIp:192.168.88.119 database:FA_MEM charset:utf8 redisPort:6379 redisPassword:"" redisDB:3 poolname:FA_MEM port:3306 user:fa_db]
SqlString  SELECT RTP,Amount,Bonus  FROM M_RtpSetting  WHERE Sid = 1   AND State = 1   AND LTG_Code = 5 AND Gid = 38
sqlResult   map[result: count:0 state:0]
[2020-01-02 13:23:02] rtpData ------->   map[result: count:0 state:0] 
[GIN] 2020/01/02 - 13:23:02 | 200 |    3.048433ms |  192.168.66.115 | POST     /getResult
[2020-01-02 13:23:02] 自開彩開獎  {202001020268 4 41 true} 
ConfigData  map[password:1qaz!QAZ redisPort:6379 redisPassword:"" redisDB:3 ip:192.168.88.181 poolname:FA_MEM port:3306 user:fa_db database:FA_MEM charset:utf8 redisIp:192.168.88.119]
SqlString  SELECT RTP,Amount,Bonus  FROM M_RtpSetting  WHERE Sid = 1   AND State = 1   AND LTG_Code = 4 AND Gid = 41
sqlResult   map[result: count:0 state:0]
[2020-01-02 13:23:02] rtpData ------->   map[result: count:0 state:0] 
[GIN] 2020/01/02 - 13:23:02 | 200 |    2.952653ms |  192.168.66.115 | POST     /getResult
[2020-01-02 13:23:04] 自開彩開獎  {202001020268 1 35 true} 
ConfigData  map[database:FA_MEM charset:utf8 redisIp:192.168.88.119 redisPort:6379 redisDB:3 ip:192.168.88.181 port:3306 user:fa_db poolname:FA_MEM password:1qaz!QAZ redisPassword:""]
SqlString  SELECT RTP,Amount,Bonus  FROM M_RtpSetting  WHERE Sid = 1   AND State = 1   AND LTG_Code = 1 AND Gid = 35
sqlResult   map[result: count:0 state:0]
[2020-01-02 13:23:04] rtpData ------->   map[result: count:0 state:0] 
[GIN] 2020/01/02 - 13:23:04 | 200 |    2.535629ms |  192.168.66.115 | POST     /getResult
[2020-01-02 13:23:05] 自開彩開獎  {202001020803 6 36 true} 
ConfigData  map[port:3306 redisPassword:"" password:1qaz!QAZ database:FA_MEM charset:utf8 redisIp:192.168.88.119 redisPort:6379 ip:192.168.88.181 poolname:FA_MEM user:fa_db redisDB:3]
SqlString  SELECT RTP,Amount,Bonus  FROM M_RtpSetting  WHERE Sid = 1   AND State = 1   AND LTG_Code = 6 AND Gid = 36
sqlResult   map[state:0 result: count:0]
[2020-01-02 13:23:05] rtpData ------->   map[count:0 state:0 result:] 
[GIN] 2020/01/02 - 13:23:05 | 200 |    6.427194ms |  192.168.66.115 | POST     /getResult
[2020-01-02 13:23:06] 自開彩開獎  {202001020804 1 34 true} 
ConfigData  map[redisPort:6379 redisPassword:"" ip:192.168.88.181 poolname:FA_MEM port:3306 user:fa_db database:FA_MEM redisIp:192.168.88.119 password:1qaz!QAZ charset:utf8 redisDB:3]
SqlString  SELECT RTP,Amount,Bonus  FROM M_RtpSetting  WHERE Sid = 1   AND State = 1   AND LTG_Code = 1 AND Gid = 34
sqlResult   map[result: count:0 state:0]
[2020-01-02 13:23:06] rtpData ------->   map[result: count:0 state:0] 
[GIN] 2020/01/02 - 13:23:06 | 200 |     3.62951ms |  192.168.66.115 | POST     /getResult
[2020-01-02 13:23:07] 自開彩開獎  {202001020804 4 40 true} 
ConfigData  map[ip:192.168.88.181 user:fa_db database:FA_MEM redisIp:192.168.88.119 redisPort:6379 poolname:FA_MEM port:3306 password:1qaz!QAZ charset:utf8 redisPassword:"" redisDB:3]
SqlString  SELECT RTP,Amount,Bonus  FROM M_RtpSetting  WHERE Sid = 1   AND State = 1   AND LTG_Code = 4 AND Gid = 40
sqlResult   map[count:0 state:0 result:]
[2020-01-02 13:23:07] rtpData ------->   map[result: count:0 state:0] 
[GIN] 2020/01/02 - 13:23:07 | 200 |    3.008664ms |  192.168.66.115 | POST     /getResult
[2020-01-02 13:23:08] 自開彩開獎  {202001020804 5 38 true} 
ConfigData  map[port:3306 charset:utf8 redisIp:192.168.88.119 redisPort:6379 redisDB:3 redisPassword:"" ip:192.168.88.181 poolname:FA_MEM user:fa_db password:1qaz!QAZ database:FA_MEM]
SqlString  SELECT RTP,Amount,Bonus  FROM M_RtpSetting  WHERE Sid = 1   AND State = 1   AND LTG_Code = 5 AND Gid = 38
sqlResult   map[count:0 state:0 result:]
[2020-01-02 13:23:08] rtpData ------->   map[result: count:0 state:0] 
[GIN] 2020/01/02 - 13:23:08 | 200 |    2.956823ms |  192.168.66.115 | POST     /getResult
[2020-01-02 13:23:08] 自開彩開獎  {202001020268 4 41 true} 
ConfigData  map[redisIp:192.168.88.119 redisPort:6379 redisPassword:"" redisDB:3 port:3306 password:1qaz!QAZ charset:utf8 database:FA_MEM ip:192.168.88.181 poolname:FA_MEM user:fa_db]
SqlString  SELECT RTP,Amount,Bonus  FROM M_RtpSetting  WHERE Sid = 1   AND State = 1   AND LTG_Code = 4 AND Gid = 41
sqlResult   map[result: count:0 state:0]
[2020-01-02 13:23:08] rtpData ------->   map[result: count:0 state:0] 
[GIN] 2020/01/02 - 13:23:08 | 200 |    2.468964ms |  192.168.66.115 | POST     /getResult
[2020-01-02 13:23:10] 自開彩開獎  {202001020268 1 35 true} 
ConfigData  map[charset:utf8 redisIp:192.168.88.119 ip:192.168.88.181 poolname:FA_MEM port:3306 user:fa_db redisDB:3 password:1qaz!QAZ database:FA_MEM redisPort:6379 redisPassword:""]
SqlString  SELECT RTP,Amount,Bonus  FROM M_RtpSetting  WHERE Sid = 1   AND State = 1   AND LTG_Code = 1 AND Gid = 35
sqlResult   map[count:0 state:0 result:]
[2020-01-02 13:23:10] rtpData ------->   map[result: count:0 state:0] 
[GIN] 2020/01/02 - 13:23:10 | 200 |    3.127036ms |  192.168.66.115 | POST     /getResult
[2020-01-02 13:23:11] 自開彩開獎  {202001020804 6 36 true} 
ConfigData  map[user:fa_db password:1qaz!QAZ charset:utf8 redisIp:192.168.88.119 ip:192.168.88.181 port:3306 database:FA_MEM redisPort:6379 redisPassword:"" redisDB:3 poolname:FA_MEM]
SqlString  SELECT RTP,Amount,Bonus  FROM M_RtpSetting  WHERE Sid = 1   AND State = 1   AND LTG_Code = 6 AND Gid = 36
sqlResult   map[count:0 state:0 result:]
[2020-01-02 13:23:11] rtpData ------->   map[result: count:0 state:0] 
[GIN] 2020/01/02 - 13:23:11 | 200 |    2.816959ms |  192.168.66.115 | POST     /getResult
[2020-01-02 13:23:13] 自開彩開獎  {202001020804 4 40 true} 
ConfigData  map[user:fa_db redisIp:192.168.88.119 redisPassword:"" charset:utf8 redisPort:6379 redisDB:3 ip:192.168.88.181 poolname:FA_MEM port:3306 password:1qaz!QAZ database:FA_MEM]
SqlString  SELECT RTP,Amount,Bonus  FROM M_RtpSetting  WHERE Sid = 1   AND State = 1   AND LTG_Code = 4 AND Gid = 40
sqlResult   map[result: count:0 state:0]
[2020-01-02 13:23:13] rtpData ------->   map[state:0 result: count:0] 
[GIN] 2020/01/02 - 13:23:13 | 200 |    2.664056ms |  192.168.66.115 | POST     /getResult
[2020-01-02 13:23:13] 自開彩開獎  {202001020804 1 34 true} 
ConfigData  map[ip:192.168.88.181 user:fa_db password:1qaz!QAZ charset:utf8 redisPassword:"" poolname:FA_MEM port:3306 database:FA_MEM redisIp:192.168.88.119 redisPort:6379 redisDB:3]
SqlString  SELECT RTP,Amount,Bonus  FROM M_RtpSetting  WHERE Sid = 1   AND State = 1   AND LTG_Code = 1 AND Gid = 34
sqlResult   map[result: count:0 state:0]
[2020-01-02 13:23:13] rtpData ------->   map[result: count:0 state:0] 
[GIN] 2020/01/02 - 13:23:13 | 200 |    1.807191ms |  192.168.66.115 | POST     /getResult
[2020-01-02 13:23:14] 自開彩開獎  {202001020804 5 38 true} 
ConfigData  map[user:fa_db password:1qaz!QAZ charset:utf8 redisIp:192.168.88.119 redisPort:6379 ip:192.168.88.181 poolname:FA_MEM port:3306 redisPassword:"" redisDB:3 database:FA_MEM]
SqlString  SELECT RTP,Amount,Bonus  FROM M_RtpSetting  WHERE Sid = 1   AND State = 1   AND LTG_Code = 5 AND Gid = 38
sqlResult   map[state:0 result: count:0]
[2020-01-02 13:23:14] rtpData ------->   map[count:0 state:0 result:] 
[GIN] 2020/01/02 - 13:23:14 | 200 |    2.759866ms |  192.168.66.115 | POST     /getResult
[2020-01-02 13:23:14] 自開彩開獎  {202001020268 4 41 true} 
ConfigData  map[redisPort:6379 redisPassword:"" redisDB:3 port:3306 database:FA_MEM redisIp:192.168.88.119 password:1qaz!QAZ charset:utf8 ip:192.168.88.181 poolname:FA_MEM user:fa_db]
SqlString  SELECT RTP,Amount,Bonus  FROM M_RtpSetting  WHERE Sid = 1   AND State = 1   AND LTG_Code = 4 AND Gid = 41
sqlResult   map[result: count:0 state:0]
[2020-01-02 13:23:14] rtpData ------->   map[state:0 result: count:0] 
[GIN] 2020/01/02 - 13:23:14 | 200 |    2.611473ms |  192.168.66.115 | POST     /getResult
[2020-01-02 13:23:16] 自開彩開獎  {202001020268 1 35 true} 
ConfigData  map[poolname:FA_MEM password:1qaz!QAZ redisPort:6379 redisDB:3 ip:192.168.88.181 user:fa_db database:FA_MEM charset:utf8 redisIp:192.168.88.119 redisPassword:"" port:3306]
SqlString  SELECT RTP,Amount,Bonus  FROM M_RtpSetting  WHERE Sid = 1   AND State = 1   AND LTG_Code = 1 AND Gid = 35
sqlResult   map[state:0 result: count:0]
[2020-01-02 13:23:16] rtpData ------->   map[count:0 state:0 result:] 
[GIN] 2020/01/02 - 13:23:16 | 200 |    3.442609ms |  192.168.66.115 | POST     /getResult
[2020-01-02 13:23:17] 自開彩開獎  {202001020804 6 36 true} 
ConfigData  map[redisPassword:"" ip:192.168.88.181 port:3306 password:1qaz!QAZ charset:utf8 redisIp:192.168.88.119 redisPort:6379 redisDB:3 poolname:FA_MEM user:fa_db database:FA_MEM]
SqlString  SELECT RTP,Amount,Bonus  FROM M_RtpSetting  WHERE Sid = 1   AND State = 1   AND LTG_Code = 6 AND Gid = 36
sqlResult   map[result: count:0 state:0]
[2020-01-02 13:23:17] rtpData ------->   map[count:0 state:0 result:] 
[GIN] 2020/01/02 - 13:23:17 | 200 |    2.687675ms |  192.168.66.115 | POST     /getResult
[2020-01-02 13:23:19] 自開彩開獎  {202001020804 4 40 true} 
ConfigData  map[ip:192.168.88.181 poolname:FA_MEM port:3306 user:fa_db charset:utf8 redisIp:192.168.88.119 redisPassword:"" redisDB:3 password:1qaz!QAZ database:FA_MEM redisPort:6379]
SqlString  SELECT RTP,Amount,Bonus  FROM M_RtpSetting  WHERE Sid = 1   AND State = 1   AND LTG_Code = 4 AND Gid = 40
sqlResult   map[state:0 result: count:0]
[2020-01-02 13:23:19] rtpData ------->   map[result: count:0 state:0] 
[GIN] 2020/01/02 - 13:23:19 | 200 |    2.808062ms |  192.168.66.115 | POST     /getResult
[2020-01-02 13:23:19] 自開彩開獎  {202001020804 1 34 true} 
ConfigData  map[redisPort:6379 redisDB:3 poolname:FA_MEM port:3306 user:fa_db password:1qaz!QAZ redisPassword:"" ip:192.168.88.181 database:FA_MEM charset:utf8 redisIp:192.168.88.119]
SqlString  SELECT RTP,Amount,Bonus  FROM M_RtpSetting  WHERE Sid = 1   AND State = 1   AND LTG_Code = 1 AND Gid = 34
sqlResult   map[result: count:0 state:0]
[2020-01-02 13:23:19] rtpData ------->   map[state:0 result: count:0] 
[GIN] 2020/01/02 - 13:23:19 | 200 |     2.80625ms |  192.168.66.115 | POST     /getResult
[2020-01-02 13:23:20] 自開彩開獎  {202001020804 5 38 true} 
ConfigData  map[redisDB:3 charset:utf8 redisIp:192.168.88.119 redisPassword:"" user:fa_db password:1qaz!QAZ database:FA_MEM redisPort:6379 ip:192.168.88.181 poolname:FA_MEM port:3306]
SqlString  SELECT RTP,Amount,Bonus  FROM M_RtpSetting  WHERE Sid = 1   AND State = 1   AND LTG_Code = 5 AND Gid = 38
sqlResult   map[result: count:0 state:0]
[2020-01-02 13:23:20] rtpData ------->   map[result: count:0 state:0] 
[GIN] 2020/01/02 - 13:23:20 | 200 |    2.972413ms |  192.168.66.115 | POST     /getResult
[2020-01-02 13:23:20] 自開彩開獎  {202001020268 4 41 true} 
ConfigData  map[port:3306 password:1qaz!QAZ charset:utf8 redisIp:192.168.88.119 ip:192.168.88.181 poolname:FA_MEM user:fa_db database:FA_MEM redisPort:6379 redisPassword:"" redisDB:3]
SqlString  SELECT RTP,Amount,Bonus  FROM M_RtpSetting  WHERE Sid = 1   AND State = 1   AND LTG_Code = 4 AND Gid = 41
sqlResult   map[count:0 state:0 result:]
[2020-01-02 13:23:20] rtpData ------->   map[count:0 state:0 result:] 
[GIN] 2020/01/02 - 13:23:20 | 200 |    3.476163ms |  192.168.66.115 | POST     /getResult
[2020-01-02 13:23:22] 自開彩開獎  {202001020268 1 35 true} 
ConfigData  map[ip:192.168.88.181 port:3306 charset:utf8 redisIp:192.168.88.119 redisPort:6379 redisDB:3 poolname:FA_MEM user:fa_db password:1qaz!QAZ database:FA_MEM redisPassword:""]
SqlString  SELECT RTP,Amount,Bonus  FROM M_RtpSetting  WHERE Sid = 1   AND State = 1   AND LTG_Code = 1 AND Gid = 35
sqlResult   map[count:0 state:0 result:]
[2020-01-02 13:23:22] rtpData ------->   map[result: count:0 state:0] 
[GIN] 2020/01/02 - 13:23:22 | 200 |    2.270593ms |  192.168.66.115 | POST     /getResult
[2020-01-02 13:23:23] 自開彩開獎  {202001020804 6 36 true} 
ConfigData  map[charset:utf8 redisIp:192.168.88.119 redisPassword:"" redisDB:3 redisPort:6379 ip:192.168.88.181 poolname:FA_MEM port:3306 user:fa_db password:1qaz!QAZ database:FA_MEM]
SqlString  SELECT RTP,Amount,Bonus  FROM M_RtpSetting  WHERE Sid = 1   AND State = 1   AND LTG_Code = 6 AND Gid = 36
sqlResult   map[count:0 state:0 result:]
[2020-01-02 13:23:23] rtpData ------->   map[result: count:0 state:0] 
[GIN] 2020/01/02 - 13:23:23 | 200 |    2.609532ms |  192.168.66.115 | POST     /getResult
[2020-01-02 13:23:25] 自開彩開獎  {202001020804 4 40 true} 
ConfigData  map[password:1qaz!QAZ charset:utf8 redisIp:192.168.88.119 redisPort:6379 ip:192.168.88.181 poolname:FA_MEM port:3306 user:fa_db redisDB:3 database:FA_MEM redisPassword:""]
SqlString  SELECT RTP,Amount,Bonus  FROM M_RtpSetting  WHERE Sid = 1   AND State = 1   AND LTG_Code = 4 AND Gid = 40
sqlResult   map[result: count:0 state:0]
[2020-01-02 13:23:25] rtpData ------->   map[count:0 state:0 result:] 
[GIN] 2020/01/02 - 13:23:25 | 200 |    2.614226ms |  192.168.66.115 | POST     /getResult
[2020-01-02 13:23:25] 自開彩開獎  {202001020804 1 34 true} 
ConfigData  map[redisIp:192.168.88.119 redisPassword:"" ip:192.168.88.181 password:1qaz!QAZ user:fa_db database:FA_MEM charset:utf8 redisPort:6379 redisDB:3 poolname:FA_MEM port:3306]
SqlString  SELECT RTP,Amount,Bonus  FROM M_RtpSetting  WHERE Sid = 1   AND State = 1   AND LTG_Code = 1 AND Gid = 34
sqlResult   map[result: count:0 state:0]
[2020-01-02 13:23:25] rtpData ------->   map[result: count:0 state:0] 
[GIN] 2020/01/02 - 13:23:25 | 200 |    2.452424ms |  192.168.66.115 | POST     /getResult
[2020-01-02 13:23:26] 自開彩開獎  {202001020804 5 38 true} 
ConfigData  map[poolname:FA_MEM password:1qaz!QAZ redisDB:3 ip:192.168.88.181 user:fa_db database:FA_MEM charset:utf8 redisIp:192.168.88.119 redisPort:6379 redisPassword:"" port:3306]
SqlString  SELECT RTP,Amount,Bonus  FROM M_RtpSetting  WHERE Sid = 1   AND State = 1   AND LTG_Code = 5 AND Gid = 38
sqlResult   map[result: count:0 state:0]
[2020-01-02 13:23:26] rtpData ------->   map[result: count:0 state:0] 
[GIN] 2020/01/02 - 13:23:26 | 200 |    2.552572ms |  192.168.66.115 | POST     /getResult
[2020-01-02 13:23:26] 自開彩開獎  {202001020268 4 41 true} 
ConfigData  map[database:FA_MEM charset:utf8 redisIp:192.168.88.119 redisPassword:"" password:1qaz!QAZ poolname:FA_MEM port:3306 user:fa_db redisPort:6379 redisDB:3 ip:192.168.88.181]
SqlString  SELECT RTP,Amount,Bonus  FROM M_RtpSetting  WHERE Sid = 1   AND State = 1   AND LTG_Code = 4 AND Gid = 41
sqlResult   map[result: count:0 state:0]
[2020-01-02 13:23:26] rtpData ------->   map[result: count:0 state:0] 
[GIN] 2020/01/02 - 13:23:26 | 200 |    2.642893ms |  192.168.66.115 | POST     /getResult
[2020-01-02 13:23:28] 自開彩開獎  {202001020268 1 35 true} 
ConfigData  map[ip:192.168.88.181 poolname:FA_MEM port:3306 user:fa_db database:FA_MEM redisPort:6379 password:1qaz!QAZ charset:utf8 redisIp:192.168.88.119 redisPassword:"" redisDB:3]
SqlString  SELECT RTP,Amount,Bonus  FROM M_RtpSetting  WHERE Sid = 1   AND State = 1   AND LTG_Code = 1 AND Gid = 35
sqlResult   map[count:0 state:0 result:]
[2020-01-02 13:23:28] rtpData ------->   map[state:0 result: count:0] 
[GIN] 2020/01/02 - 13:23:28 | 200 |    2.835625ms |  192.168.66.115 | POST     /getResult
[2020-01-02 13:23:29] 自開彩開獎  {202001020804 6 36 true} 
ConfigData  map[poolname:FA_MEM password:1qaz!QAZ database:FA_MEM redisIp:192.168.88.119 redisDB:3 ip:192.168.88.181 user:fa_db charset:utf8 redisPort:6379 redisPassword:"" port:3306]
SqlString  SELECT RTP,Amount,Bonus  FROM M_RtpSetting  WHERE Sid = 1   AND State = 1   AND LTG_Code = 6 AND Gid = 36
sqlResult   map[result: count:0 state:0]
[2020-01-02 13:23:29] rtpData ------->   map[result: count:0 state:0] 
[GIN] 2020/01/02 - 13:23:29 | 200 |    3.143133ms |  192.168.66.115 | POST     /getResult
[2020-01-02 13:23:31] 自開彩開獎  {202001020804 4 40 true} 
ConfigData  map[user:fa_db redisIp:192.168.88.119 redisPassword:"" ip:192.168.88.181 poolname:FA_MEM database:FA_MEM charset:utf8 redisPort:6379 redisDB:3 port:3306 password:1qaz!QAZ]
SqlString  SELECT RTP,Amount,Bonus  FROM M_RtpSetting  WHERE Sid = 1   AND State = 1   AND LTG_Code = 4 AND Gid = 40
sqlResult   map[count:0 state:0 result:]
[2020-01-02 13:23:31] rtpData ------->   map[result: count:0 state:0] 
[GIN] 2020/01/02 - 13:23:31 | 200 |    2.321737ms |  192.168.66.115 | POST     /getResult
[2020-01-02 13:23:31] 自開彩開獎  {202001020804 1 34 true} 
ConfigData  map[charset:utf8 redisPassword:"" redisDB:3 ip:192.168.88.181 password:1qaz!QAZ user:fa_db database:FA_MEM redisIp:192.168.88.119 redisPort:6379 poolname:FA_MEM port:3306]
SqlString  SELECT RTP,Amount,Bonus  FROM M_RtpSetting  WHERE Sid = 1   AND State = 1   AND LTG_Code = 1 AND Gid = 34
sqlResult   map[result: count:0 state:0]
[2020-01-02 13:23:31] rtpData ------->   map[count:0 state:0 result:] 
[GIN] 2020/01/02 - 13:23:31 | 200 |    2.136931ms |  192.168.66.115 | POST     /getResult
[2020-01-02 13:23:32] 自開彩開獎  {202001020804 5 38 true} 
ConfigData  map[ip:192.168.88.181 poolname:FA_MEM password:1qaz!QAZ database:FA_MEM charset:utf8 redisIp:192.168.88.119 redisPort:6379 redisPassword:"" port:3306 user:fa_db redisDB:3]
SqlString  SELECT RTP,Amount,Bonus  FROM M_RtpSetting  WHERE Sid = 1   AND State = 1   AND LTG_Code = 5 AND Gid = 38
sqlResult   map[result: count:0 state:0]
[2020-01-02 13:23:32] rtpData ------->   map[result: count:0 state:0] 
[GIN] 2020/01/02 - 13:23:32 | 200 |    2.426156ms |  192.168.66.115 | POST     /getResult
[2020-01-02 13:23:32] 自開彩開獎  {202001020268 4 41 true} 
ConfigData  map[ip:192.168.88.181 poolname:FA_MEM user:fa_db charset:utf8 redisIp:192.168.88.119 redisPassword:"" redisDB:3 port:3306 password:1qaz!QAZ database:FA_MEM redisPort:6379]
SqlString  SELECT RTP,Amount,Bonus  FROM M_RtpSetting  WHERE Sid = 1   AND State = 1   AND LTG_Code = 4 AND Gid = 41
sqlResult   map[result: count:0 state:0]
[2020-01-02 13:23:32] rtpData ------->   map[result: count:0 state:0] 
[GIN] 2020/01/02 - 13:23:32 | 200 |    2.906662ms |  192.168.66.115 | POST     /getResult
[2020-01-02 13:23:34] 自開彩開獎  {202001020268 1 35 true} 
ConfigData  map[password:1qaz!QAZ database:FA_MEM charset:utf8 redisPort:6379 redisPassword:"" ip:192.168.88.181 port:3306 redisIp:192.168.88.119 redisDB:3 poolname:FA_MEM user:fa_db]
SqlString  SELECT RTP,Amount,Bonus  FROM M_RtpSetting  WHERE Sid = 1   AND State = 1   AND LTG_Code = 1 AND Gid = 35
sqlResult   map[result: count:0 state:0]
[2020-01-02 13:23:34] rtpData ------->   map[result: count:0 state:0] 
[GIN] 2020/01/02 - 13:23:34 | 200 |    2.557366ms |  192.168.66.115 | POST     /getResult
[2020-01-02 13:23:35] 自開彩開獎  {202001020804 6 36 true} 
ConfigData  map[redisDB:3 ip:192.168.88.181 port:3306 user:fa_db database:FA_MEM charset:utf8 redisIp:192.168.88.119 redisPassword:"" poolname:FA_MEM password:1qaz!QAZ redisPort:6379]
SqlString  SELECT RTP,Amount,Bonus  FROM M_RtpSetting  WHERE Sid = 1   AND State = 1   AND LTG_Code = 6 AND Gid = 36
sqlResult   map[count:0 state:0 result:]
[2020-01-02 13:23:35] rtpData ------->   map[result: count:0 state:0] 
[GIN] 2020/01/02 - 13:23:35 | 200 |    2.932774ms |  192.168.66.115 | POST     /getResult
[2020-01-02 13:23:37] 自開彩開獎  {202001020804 4 40 true} 
ConfigData  map[port:3306 charset:utf8 redisIp:192.168.88.119 redisPort:6379 redisPassword:"" redisDB:3 poolname:FA_MEM user:fa_db password:1qaz!QAZ database:FA_MEM ip:192.168.88.181]
SqlString  SELECT RTP,Amount,Bonus  FROM M_RtpSetting  WHERE Sid = 1   AND State = 1   AND LTG_Code = 4 AND Gid = 40
sqlResult   map[result: count:0 state:0]
[2020-01-02 13:23:37] rtpData ------->   map[state:0 result: count:0] 
[GIN] 2020/01/02 - 13:23:37 | 200 |    2.335519ms |  192.168.66.115 | POST     /getResult
[2020-01-02 13:23:37] 自開彩開獎  {202001020804 1 34 true} 
ConfigData  map[poolname:FA_MEM port:3306 database:FA_MEM charset:utf8 redisDB:3 redisPassword:"" ip:192.168.88.181 user:fa_db password:1qaz!QAZ redisIp:192.168.88.119 redisPort:6379]
SqlString  SELECT RTP,Amount,Bonus  FROM M_RtpSetting  WHERE Sid = 1   AND State = 1   AND LTG_Code = 1 AND Gid = 34
sqlResult   map[result: count:0 state:0]
[2020-01-02 13:23:37] rtpData ------->   map[result: count:0 state:0] 
[GIN] 2020/01/02 - 13:23:37 | 200 |    2.097076ms |  192.168.66.115 | POST     /getResult
[2020-01-02 13:23:38] 自開彩開獎  {202001020804 5 38 true} 
ConfigData  map[poolname:FA_MEM port:3306 database:FA_MEM charset:utf8 redisPort:6379 ip:192.168.88.181 user:fa_db password:1qaz!QAZ redisIp:192.168.88.119 redisPassword:"" redisDB:3]
SqlString  SELECT RTP,Amount,Bonus  FROM M_RtpSetting  WHERE Sid = 1   AND State = 1   AND LTG_Code = 5 AND Gid = 38
sqlResult   map[count:0 state:0 result:]
[2020-01-02 13:23:38] rtpData ------->   map[result: count:0 state:0] 
[GIN] 2020/01/02 - 13:23:38 | 200 |     3.11045ms |  192.168.66.115 | POST     /getResult
[2020-01-02 13:23:38] 自開彩開獎  {202001020268 4 41 true} 
ConfigData  map[redisPassword:"" redisDB:3 poolname:FA_MEM password:1qaz!QAZ user:fa_db database:FA_MEM charset:utf8 redisIp:192.168.88.119 redisPort:6379 ip:192.168.88.181 port:3306]
SqlString  SELECT RTP,Amount,Bonus  FROM M_RtpSetting  WHERE Sid = 1   AND State = 1   AND LTG_Code = 4 AND Gid = 41
sqlResult   map[count:0 state:0 result:]
[2020-01-02 13:23:38] rtpData ------->   map[result: count:0 state:0] 
[GIN] 2020/01/02 - 13:23:38 | 200 |    2.155715ms |  192.168.66.115 | POST     /getResult
[2020-01-02 13:23:40] 自開彩開獎  {202001020268 1 35 true} 
ConfigData  map[port:3306 user:fa_db password:1qaz!QAZ redisIp:192.168.88.119 redisDB:3 poolname:FA_MEM database:FA_MEM charset:utf8 redisPort:6379 redisPassword:"" ip:192.168.88.181]
SqlString  SELECT RTP,Amount,Bonus  FROM M_RtpSetting  WHERE Sid = 1   AND State = 1   AND LTG_Code = 1 AND Gid = 35
sqlResult   map[result: count:0 state:0]
[2020-01-02 13:23:40] rtpData ------->   map[result: count:0 state:0] 
[GIN] 2020/01/02 - 13:23:40 | 200 |     2.55929ms |  192.168.66.115 | POST     /getResult
[2020-01-02 13:23:41] 自開彩開獎  {202001020804 6 36 true} 
ConfigData  map[poolname:FA_MEM user:fa_db redisIp:192.168.88.119 redisPort:6379 redisPassword:"" ip:192.168.88.181 password:1qaz!QAZ database:FA_MEM charset:utf8 redisDB:3 port:3306]
SqlString  SELECT RTP,Amount,Bonus  FROM M_RtpSetting  WHERE Sid = 1   AND State = 1   AND LTG_Code = 6 AND Gid = 36
sqlResult   map[state:0 result: count:0]
[2020-01-02 13:23:41] rtpData ------->   map[result: count:0 state:0] 
[GIN] 2020/01/02 - 13:23:41 | 200 |    3.272429ms |  192.168.66.115 | POST     /getResult
[2020-01-02 13:23:43] 自開彩開獎  {202001020804 4 40 true} 
ConfigData  map[password:1qaz!QAZ charset:utf8 redisPort:6379 redisPassword:"" redisDB:3 ip:192.168.88.181 port:3306 database:FA_MEM redisIp:192.168.88.119 poolname:FA_MEM user:fa_db]
SqlString  SELECT RTP,Amount,Bonus  FROM M_RtpSetting  WHERE Sid = 1   AND State = 1   AND LTG_Code = 4 AND Gid = 40
sqlResult   map[result: count:0 state:0]
[2020-01-02 13:23:43] rtpData ------->   map[result: count:0 state:0] 
[GIN] 2020/01/02 - 13:23:43 | 200 |    2.271202ms |  192.168.66.115 | POST     /getResult
[2020-01-02 13:23:43] 自開彩開獎  {202001020804 1 34 true} 
ConfigData  map[redisPort:6379 user:fa_db password:1qaz!QAZ database:FA_MEM charset:utf8 redisIp:192.168.88.119 redisPassword:"" redisDB:3 ip:192.168.88.181 poolname:FA_MEM port:3306]
SqlString  SELECT RTP,Amount,Bonus  FROM M_RtpSetting  WHERE Sid = 1   AND State = 1   AND LTG_Code = 1 AND Gid = 34
sqlResult   map[result: count:0 state:0]
[2020-01-02 13:23:43] rtpData ------->   map[state:0 result: count:0] 
[GIN] 2020/01/02 - 13:23:43 | 200 |    2.504191ms |  192.168.66.115 | POST     /getResult
[2020-01-02 13:23:44] 自開彩開獎  {202001020804 5 38 true} 
ConfigData  map[poolname:FA_MEM user:fa_db database:FA_MEM redisPassword:"" redisDB:3 ip:192.168.88.181 port:3306 password:1qaz!QAZ charset:utf8 redisIp:192.168.88.119 redisPort:6379]
SqlString  SELECT RTP,Amount,Bonus  FROM M_RtpSetting  WHERE Sid = 1   AND State = 1   AND LTG_Code = 5 AND Gid = 38
sqlResult   map[state:0 result: count:0]
[2020-01-02 13:23:44] rtpData ------->   map[result: count:0 state:0] 
[GIN] 2020/01/02 - 13:23:44 | 200 |    3.603482ms |  192.168.66.115 | POST     /getResult
[2020-01-02 13:23:44] 自開彩開獎  {202001020268 4 41 true} 
ConfigData  map[ip:192.168.88.181 user:fa_db database:FA_MEM redisPort:6379 redisPassword:"" poolname:FA_MEM port:3306 password:1qaz!QAZ charset:utf8 redisIp:192.168.88.119 redisDB:3]
SqlString  SELECT RTP,Amount,Bonus  FROM M_RtpSetting  WHERE Sid = 1   AND State = 1   AND LTG_Code = 4 AND Gid = 41
sqlResult   map[result: count:0 state:0]
[2020-01-02 13:23:44] rtpData ------->   map[result: count:0 state:0] 
[GIN] 2020/01/02 - 13:23:44 | 200 |    2.048814ms |  192.168.66.115 | POST     /getResult
[2020-01-02 13:23:46] 自開彩開獎  {202001020268 1 35 true} 
ConfigData  map[password:1qaz!QAZ database:FA_MEM charset:utf8 redisIp:192.168.88.119 redisPassword:"" ip:192.168.88.181 poolname:FA_MEM port:3306 user:fa_db redisPort:6379 redisDB:3]
SqlString  SELECT RTP,Amount,Bonus  FROM M_RtpSetting  WHERE Sid = 1   AND State = 1   AND LTG_Code = 1 AND Gid = 35
sqlResult   map[result: count:0 state:0]
[2020-01-02 13:23:46] rtpData ------->   map[result: count:0 state:0] 
[GIN] 2020/01/02 - 13:23:46 | 200 |   11.187215ms |  192.168.66.115 | POST     /getResult
[2020-01-02 13:23:47] 自開彩開獎  {202001020804 6 36 true} 
ConfigData  map[redisPassword:"" ip:192.168.88.181 port:3306 user:fa_db password:1qaz!QAZ database:FA_MEM charset:utf8 redisIp:192.168.88.119 poolname:FA_MEM redisPort:6379 redisDB:3]
SqlString  SELECT RTP,Amount,Bonus  FROM M_RtpSetting  WHERE Sid = 1   AND State = 1   AND LTG_Code = 6 AND Gid = 36
sqlResult   map[state:0 result: count:0]
[2020-01-02 13:23:47] rtpData ------->   map[result: count:0 state:0] 
[GIN] 2020/01/02 - 13:23:47 | 200 |    2.950816ms |  192.168.66.115 | POST     /getResult
[2020-01-02 13:23:49] 自開彩開獎  {202001020804 4 40 true} 
ConfigData  map[ip:192.168.88.181 poolname:FA_MEM port:3306 charset:utf8 redisDB:3 user:fa_db password:1qaz!QAZ database:FA_MEM redisIp:192.168.88.119 redisPort:6379 redisPassword:""]
SqlString  SELECT RTP,Amount,Bonus  FROM M_RtpSetting  WHERE Sid = 1   AND State = 1   AND LTG_Code = 4 AND Gid = 40
sqlResult   map[state:0 result: count:0]
[2020-01-02 13:23:49] rtpData ------->   map[state:0 result: count:0] 
[GIN] 2020/01/02 - 13:23:49 | 200 |     2.93387ms |  192.168.66.115 | POST     /getResult
[2020-01-02 13:23:49] 自開彩開獎  {202001020804 1 34 true} 
ConfigData  map[redisPort:6379 redisPassword:"" redisDB:3 poolname:FA_MEM user:fa_db password:1qaz!QAZ database:FA_MEM charset:utf8 redisIp:192.168.88.119 ip:192.168.88.181 port:3306]
SqlString  SELECT RTP,Amount,Bonus  FROM M_RtpSetting  WHERE Sid = 1   AND State = 1   AND LTG_Code = 1 AND Gid = 34
sqlResult   map[result: count:0 state:0]
[2020-01-02 13:23:49] rtpData ------->   map[state:0 result: count:0] 
[GIN] 2020/01/02 - 13:23:49 | 200 |    2.420172ms |  192.168.66.115 | POST     /getResult
[2020-01-02 13:23:50] 自開彩開獎  {202001020804 5 38 true} 
ConfigData  map[password:1qaz!QAZ charset:utf8 redisIp:192.168.88.119 redisPassword:"" ip:192.168.88.181 poolname:FA_MEM port:3306 redisDB:3 user:fa_db database:FA_MEM redisPort:6379]
SqlString  SELECT RTP,Amount,Bonus  FROM M_RtpSetting  WHERE Sid = 1   AND State = 1   AND LTG_Code = 5 AND Gid = 38
sqlResult   map[result: count:0 state:0]
[2020-01-02 13:23:50] rtpData ------->   map[result: count:0 state:0] 
[GIN] 2020/01/02 - 13:23:50 | 200 |    2.763221ms |  192.168.66.115 | POST     /getResult
[2020-01-02 13:23:50] 自開彩開獎  {202001020268 4 41 true} 
ConfigData  map[redisIp:192.168.88.119 redisPort:6379 ip:192.168.88.181 poolname:FA_MEM password:1qaz!QAZ database:FA_MEM redisDB:3 port:3306 user:fa_db charset:utf8 redisPassword:""]
SqlString  SELECT RTP,Amount,Bonus  FROM M_RtpSetting  WHERE Sid = 1   AND State = 1   AND LTG_Code = 4 AND Gid = 41
sqlResult   map[result: count:0 state:0]
[2020-01-02 13:23:50] rtpData ------->   map[result: count:0 state:0] 
[GIN] 2020/01/02 - 13:23:50 | 200 |    2.487017ms |  192.168.66.115 | POST     /getResult
[2020-01-02 13:23:52] 自開彩開獎  {202001020268 1 35 true} 
ConfigData  map[redisDB:3 ip:192.168.88.181 poolname:FA_MEM database:FA_MEM redisIp:192.168.88.119 redisPort:6379 port:3306 user:fa_db password:1qaz!QAZ charset:utf8 redisPassword:""]
SqlString  SELECT RTP,Amount,Bonus  FROM M_RtpSetting  WHERE Sid = 1   AND State = 1   AND LTG_Code = 1 AND Gid = 35
sqlResult   map[result: count:0 state:0]
[2020-01-02 13:23:52] rtpData ------->   map[state:0 result: count:0] 
[GIN] 2020/01/02 - 13:23:52 | 200 |    3.809914ms |  192.168.66.115 | POST     /getResult
[2020-01-02 13:23:53] 自開彩開獎  {202001020804 6 36 true} 
ConfigData  map[charset:utf8 redisIp:192.168.88.119 ip:192.168.88.181 database:FA_MEM user:fa_db password:1qaz!QAZ redisPort:6379 redisPassword:"" redisDB:3 poolname:FA_MEM port:3306]
SqlString  SELECT RTP,Amount,Bonus  FROM M_RtpSetting  WHERE Sid = 1   AND State = 1   AND LTG_Code = 6 AND Gid = 36
sqlResult   map[result: count:0 state:0]
[2020-01-02 13:23:53] rtpData ------->   map[result: count:0 state:0] 
[GIN] 2020/01/02 - 13:23:53 | 200 |    3.200323ms |  192.168.66.115 | POST     /getResult
[2020-01-02 13:23:55] 自開彩開獎  {202001020804 4 40 true} 
ConfigData  map[database:FA_MEM charset:utf8 redisPort:6379 redisDB:3 ip:192.168.88.181 poolname:FA_MEM port:3306 user:fa_db password:1qaz!QAZ redisIp:192.168.88.119 redisPassword:""]
SqlString  SELECT RTP,Amount,Bonus  FROM M_RtpSetting  WHERE Sid = 1   AND State = 1   AND LTG_Code = 4 AND Gid = 40
sqlResult   map[result: count:0 state:0]
[2020-01-02 13:23:55] rtpData ------->   map[result: count:0 state:0] 
[GIN] 2020/01/02 - 13:23:55 | 200 |    2.619947ms |  192.168.66.115 | POST     /getResult
[2020-01-02 13:23:55] 自開彩開獎  {202001020804 1 34 true} 
ConfigData  map[database:FA_MEM redisDB:3 ip:192.168.88.181 poolname:FA_MEM port:3306 user:fa_db redisPassword:"" password:1qaz!QAZ charset:utf8 redisIp:192.168.88.119 redisPort:6379]
SqlString  SELECT RTP,Amount,Bonus  FROM M_RtpSetting  WHERE Sid = 1   AND State = 1   AND LTG_Code = 1 AND Gid = 34
sqlResult   map[result: count:0 state:0]
[2020-01-02 13:23:55] rtpData ------->   map[count:0 state:0 result:] 
[GIN] 2020/01/02 - 13:23:55 | 200 |    2.151124ms |  192.168.66.115 | POST     /getResult
[2020-01-02 13:23:56] 自開彩開獎  {202001020804 5 38 true} 
ConfigData  map[port:3306 user:fa_db password:1qaz!QAZ database:FA_MEM redisPort:6379 redisDB:3 ip:192.168.88.181 poolname:FA_MEM charset:utf8 redisIp:192.168.88.119 redisPassword:""]
SqlString  SELECT RTP,Amount,Bonus  FROM M_RtpSetting  WHERE Sid = 1   AND State = 1   AND LTG_Code = 5 AND Gid = 38
sqlResult   map[state:0 result: count:0]
[2020-01-02 13:23:56] rtpData ------->   map[state:0 result: count:0] 
[GIN] 2020/01/02 - 13:23:56 | 200 |    3.787963ms |  192.168.66.115 | POST     /getResult
[2020-01-02 13:23:56] 自開彩開獎  {202001020268 4 41 true} 
ConfigData  map[database:FA_MEM redisIp:192.168.88.119 port:3306 user:fa_db password:1qaz!QAZ charset:utf8 redisPort:6379 redisPassword:"" ip:192.168.88.181 poolname:FA_MEM redisDB:3]
SqlString  SELECT RTP,Amount,Bonus  FROM M_RtpSetting  WHERE Sid = 1   AND State = 1   AND LTG_Code = 4 AND Gid = 41
sqlResult   map[result: count:0 state:0]
[2020-01-02 13:23:56] rtpData ------->   map[count:0 state:0 result:] 
[GIN] 2020/01/02 - 13:23:56 | 200 |    2.626294ms |  192.168.66.115 | POST     /getResult
[2020-01-02 13:23:58] 自開彩開獎  {202001020268 1 35 true} 
ConfigData  map[ip:192.168.88.181 poolname:FA_MEM password:1qaz!QAZ database:FA_MEM charset:utf8 redisDB:3 port:3306 user:fa_db redisIp:192.168.88.119 redisPort:6379 redisPassword:""]
SqlString  SELECT RTP,Amount,Bonus  FROM M_RtpSetting  WHERE Sid = 1   AND State = 1   AND LTG_Code = 1 AND Gid = 35
sqlResult   map[result: count:0 state:0]
[2020-01-02 13:23:58] rtpData ------->   map[result: count:0 state:0] 
[GIN] 2020/01/02 - 13:23:58 | 200 |    2.359345ms |  192.168.66.115 | POST     /getResult
[2020-01-02 13:23:59] 自開彩開獎  {202001020804 6 36 true} 
ConfigData  map[poolname:FA_MEM database:FA_MEM charset:utf8 redisIp:192.168.88.119 ip:192.168.88.181 user:fa_db password:1qaz!QAZ redisPort:6379 redisPassword:"" redisDB:3 port:3306]
SqlString  SELECT RTP,Amount,Bonus  FROM M_RtpSetting  WHERE Sid = 1   AND State = 1   AND LTG_Code = 6 AND Gid = 36
sqlResult   map[result: count:0 state:0]
[2020-01-02 13:23:59] rtpData ------->   map[count:0 state:0 result:] 
[GIN] 2020/01/02 - 13:23:59 | 200 |    3.110684ms |  192.168.66.115 | POST     /getResult
[2020-01-02 13:24:00] 自開彩開獎  {202001020805 2 26 true} 
ConfigData  map[user:fa_db password:1qaz!QAZ ip:192.168.88.181 port:3306 charset:utf8 redisIp:192.168.88.119 redisPort:6379 redisPassword:"" redisDB:3 poolname:FA_MEM database:FA_MEM]
SqlString  SELECT RTP,Amount,Bonus  FROM M_RtpSetting  WHERE Sid = 1   AND State = 1   AND LTG_Code = 2 AND Gid = 26
[2020-01-02 13:24:00] 自開彩開獎  {20200102269 2 27 true} 
ConfigData  map[redisIp:192.168.88.119 redisDB:3 password:1qaz!QAZ database:FA_MEM charset:utf8 user:fa_db redisPort:6379 redisPassword:"" ip:192.168.88.181 poolname:FA_MEM port:3306]
SqlString  SELECT RTP,Amount,Bonus  FROM M_RtpSetting  WHERE Sid = 1   AND State = 1   AND LTG_Code = 2 AND Gid = 27
sqlResult   map[count:1 state:1 amount:1.0069588e+06 bonus:908100.71 result:0.9600]
[2020-01-02 13:24:00] rtpData ------->   map[bonus:908100.71 result:0.9600 count:1 state:1 amount:1.0069588e+06] 
ConfigData  map[port:3306 database:FA_MEM redisIp:192.168.88.119 redisPassword:"" redisDB:3 ip:192.168.88.181 poolname:FA_MEM user:fa_db password:1qaz!QAZ charset:utf8 redisPort:6379]
SELECT BO_No, BO_OrderNo , BO_User , BO_Issue  , BO_LotteryTypeGroup, BO_LotteryType, BO_Mode, BO_LotteryPlayGroup, BO_LotteryPlay , BO_LotteryContent, BO_Price, BO_RealPrice, BO_Unit, BO_Multiple , BO_BetCount  , BO_Winnings, BO_Winnings2, BO_Winnings3, BO_WinningLimit  , BO_Water , BO_BW_SourceUserId, BO_BW_BackWater, BO_BW_LimitBetCount, BO_BW_MaxAmount, BO_BW_AuditMultiple  , BO_Odds, BO_Odds2, BO_Odds3 , BO_Type, BO_Chase , BO_OpenResult, BO_OpenResult2, BO_DateDraw, BO_DateDraw2, BO_DateUpdate  FROM TS_BetOrder  WHERE BO_Cancel = 0   AND BO_CancelBackend = 0   AND BO_LotteryTypeGroup = 2 AND BO_LotteryType = 26 AND BO_Issue = 202001020805 AND BO_Collect = 0 ORDER BY BO_DateDraw ASC, BO_DateCreate ASC, BO_DateUpdate ASC, BO_No ASC ;
sqlResult   map[result:0.9600 count:1 state:1 amount:105208 bonus:58491.69]
[2020-01-02 13:24:00] rtpData ------->   map[count:1 state:1 amount:105208 bonus:58491.69 result:0.9600] 
ConfigData  map[port:3306 password:1qaz!QAZ charset:utf8 redisPassword:"" poolname:FA_MEM user:fa_db database:FA_MEM redisIp:192.168.88.119 redisPort:6379 redisDB:3 ip:192.168.88.181]
SELECT BO_No, BO_OrderNo , BO_User , BO_Issue  , BO_LotteryTypeGroup, BO_LotteryType, BO_Mode, BO_LotteryPlayGroup, BO_LotteryPlay , BO_LotteryContent, BO_Price, BO_RealPrice, BO_Unit, BO_Multiple , BO_BetCount  , BO_Winnings, BO_Winnings2, BO_Winnings3, BO_WinningLimit  , BO_Water , BO_BW_SourceUserId, BO_BW_BackWater, BO_BW_LimitBetCount, BO_BW_MaxAmount, BO_BW_AuditMultiple  , BO_Odds, BO_Odds2, BO_Odds3 , BO_Type, BO_Chase , BO_OpenResult, BO_OpenResult2, BO_DateDraw, BO_DateDraw2, BO_DateUpdate  FROM TS_BetOrder  WHERE BO_Cancel = 0   AND BO_CancelBackend = 0   AND BO_LotteryTypeGroup = 2 AND BO_LotteryType = 27 AND BO_Issue = 20200102269 AND BO_Collect = 0 ORDER BY BO_DateDraw ASC, BO_DateCreate ASC, BO_DateUpdate ASC, BO_No ASC ;
[2020-01-02 13:24:00] LottteryTypeGroup 2 
[2020-01-02 13:24:00] 有期號 但無注單 -------> map[amount:0 bonus:0 thisOpenResult:[5 5 7 3 3]] 
[GIN] 2020/01/02 - 13:24:00 | 200 |    5.341706ms |  192.168.66.115 | POST     /getResult
[2020-01-02 13:24:00] LottteryTypeGroup 2 
[2020-01-02 13:24:00] 有期號 但無注單 -------> map[amount:0 bonus:0 thisOpenResult:[5 0 3 2 3]] 
[GIN] 2020/01/02 - 13:24:00 | 200 |    5.638495ms |  192.168.66.115 | POST     /getResult
[2020-01-02 13:24:01] 自開彩開獎  {202001020269 6 37 true} 
ConfigData  map[poolname:FA_MEM redisIp:192.168.88.119 redisPort:6379 redisDB:3 ip:192.168.88.181 port:3306 user:fa_db password:1qaz!QAZ database:FA_MEM charset:utf8 redisPassword:""]
SqlString  SELECT RTP,Amount,Bonus  FROM M_RtpSetting  WHERE Sid = 1   AND State = 1   AND LTG_Code = 6 AND Gid = 37
sqlResult   map[result: count:0 state:0]
[2020-01-02 13:24:01] rtpData ------->   map[result: count:0 state:0] 
[GIN] 2020/01/02 - 13:24:01 | 200 |     2.50755ms |  192.168.66.115 | POST     /getResult
[2020-01-02 13:24:01] 自開彩開獎  {202001020804 4 40 true} 
ConfigData  map[charset:utf8 redisPort:6379 redisPassword:"" database:FA_MEM poolname:FA_MEM port:3306 user:fa_db password:1qaz!QAZ redisIp:192.168.88.119 redisDB:3 ip:192.168.88.181]
SqlString  SELECT RTP,Amount,Bonus  FROM M_RtpSetting  WHERE Sid = 1   AND State = 1   AND LTG_Code = 4 AND Gid = 40
sqlResult   map[result: count:0 state:0]
[2020-01-02 13:24:01] rtpData ------->   map[state:0 result: count:0] 
[GIN] 2020/01/02 - 13:24:01 | 200 |    1.882586ms |  192.168.66.115 | POST     /getResult
[2020-01-02 13:24:01] 自開彩開獎  {202001020804 1 34 true} 
ConfigData  map[database:FA_MEM redisIp:192.168.88.119 redisPort:6379 user:fa_db password:1qaz!QAZ charset:utf8 redisPassword:"" redisDB:3 ip:192.168.88.181 poolname:FA_MEM port:3306]
SqlString  SELECT RTP,Amount,Bonus  FROM M_RtpSetting  WHERE Sid = 1   AND State = 1   AND LTG_Code = 1 AND Gid = 34
sqlResult   map[result: count:0 state:0]
[2020-01-02 13:24:01] rtpData ------->   map[result: count:0 state:0] 
[GIN] 2020/01/02 - 13:24:01 | 200 |     3.55325ms |  192.168.66.115 | POST     /getResult
[2020-01-02 13:24:02] 自開彩開獎  {202001020804 5 38 true} 
ConfigData  map[port:3306 user:fa_db password:1qaz!QAZ charset:utf8 redisPort:6379 redisDB:3 ip:192.168.88.181 poolname:FA_MEM database:FA_MEM redisIp:192.168.88.119 redisPassword:""]
SqlString  SELECT RTP,Amount,Bonus  FROM M_RtpSetting  WHERE Sid = 1   AND State = 1   AND LTG_Code = 5 AND Gid = 38
sqlResult   map[result: count:0 state:0]
[2020-01-02 13:24:02] rtpData ------->   map[result: count:0 state:0] 
[GIN] 2020/01/02 - 13:24:02 | 200 |    3.370064ms |  192.168.66.115 | POST     /getResult
[2020-01-02 13:24:02] 自開彩開獎  {202001020268 4 41 true} 
ConfigData  map[ip:192.168.88.181 database:FA_MEM redisIp:192.168.88.119 redisPort:6379 redisPassword:"" redisDB:3 poolname:FA_MEM port:3306 user:fa_db password:1qaz!QAZ charset:utf8]
SqlString  SELECT RTP,Amount,Bonus  FROM M_RtpSetting  WHERE Sid = 1   AND State = 1   AND LTG_Code = 4 AND Gid = 41
sqlResult   map[count:0 state:0 result:]
[2020-01-02 13:24:02] rtpData ------->   map[result: count:0 state:0] 
[GIN] 2020/01/02 - 13:24:02 | 200 |    3.132307ms |  192.168.66.115 | POST     /getResult
[2020-01-02 13:24:04] 自開彩開獎  {202001020268 1 35 true} 
ConfigData  map[redisPort:6379 redisPassword:"" user:fa_db password:1qaz!QAZ database:FA_MEM charset:utf8 redisDB:3 ip:192.168.88.181 poolname:FA_MEM port:3306 redisIp:192.168.88.119]
SqlString  SELECT RTP,Amount,Bonus  FROM M_RtpSetting  WHERE Sid = 1   AND State = 1   AND LTG_Code = 1 AND Gid = 35
sqlResult   map[result: count:0 state:0]
[2020-01-02 13:24:04] rtpData ------->   map[count:0 state:0 result:] 
[GIN] 2020/01/02 - 13:24:04 | 200 |     2.97457ms |  192.168.66.115 | POST     /getResult
[2020-01-02 13:24:05] 自開彩開獎  {202001020804 6 36 true} 
ConfigData  map[redisPort:6379 ip:192.168.88.181 port:3306 user:fa_db charset:utf8 redisPassword:"" redisDB:3 poolname:FA_MEM password:1qaz!QAZ database:FA_MEM redisIp:192.168.88.119]
SqlString  SELECT RTP,Amount,Bonus  FROM M_RtpSetting  WHERE Sid = 1   AND State = 1   AND LTG_Code = 6 AND Gid = 36
sqlResult   map[result: count:0 state:0]
[2020-01-02 13:24:05] rtpData ------->   map[result: count:0 state:0] 
[GIN] 2020/01/02 - 13:24:05 | 200 |    2.761921ms |  192.168.66.115 | POST     /getResult
[2020-01-02 13:24:07] 自開彩開獎  {202001020269 6 37 true} 
ConfigData  map[port:3306 password:1qaz!QAZ database:FA_MEM redisIp:192.168.88.119 redisPort:6379 redisPassword:"" ip:192.168.88.181 poolname:FA_MEM user:fa_db charset:utf8 redisDB:3]
SqlString  SELECT RTP,Amount,Bonus  FROM M_RtpSetting  WHERE Sid = 1   AND State = 1   AND LTG_Code = 6 AND Gid = 37
sqlResult   map[result: count:0 state:0]
[2020-01-02 13:24:07] rtpData ------->   map[result: count:0 state:0] 
[GIN] 2020/01/02 - 13:24:07 | 200 |    3.215213ms |  192.168.66.115 | POST     /getResult
[2020-01-02 13:24:07] 自開彩開獎  {202001020805 4 40 true} 
ConfigData  map[redisPassword:"" port:3306 password:1qaz!QAZ database:FA_MEM redisPort:6379 redisIp:192.168.88.119 redisDB:3 ip:192.168.88.181 poolname:FA_MEM user:fa_db charset:utf8]
SqlString  SELECT RTP,Amount,Bonus  FROM M_RtpSetting  WHERE Sid = 1   AND State = 1   AND LTG_Code = 4 AND Gid = 40
sqlResult   map[result: count:0 state:0]
[2020-01-02 13:24:07] rtpData ------->   map[result: count:0 state:0] 
[GIN] 2020/01/02 - 13:24:07 | 200 |    2.666671ms |  192.168.66.115 | POST     /getResult
[2020-01-02 13:24:07] 自開彩開獎  {202001020805 1 34 true} 
ConfigData  map[ip:192.168.88.181 poolname:FA_MEM user:fa_db charset:utf8 redisIp:192.168.88.119 redisDB:3 port:3306 password:1qaz!QAZ database:FA_MEM redisPort:6379 redisPassword:""]
SqlString  SELECT RTP,Amount,Bonus  FROM M_RtpSetting  WHERE Sid = 1   AND State = 1   AND LTG_Code = 1 AND Gid = 34
sqlResult   map[count:0 state:0 result:]
[2020-01-02 13:24:07] rtpData ------->   map[count:0 state:0 result:] 
[GIN] 2020/01/02 - 13:24:07 | 200 |    2.401402ms |  192.168.66.115 | POST     /getResult
[2020-01-02 13:24:08] 自開彩開獎  {202001020805 5 38 true} 
ConfigData  map[redisPort:6379 redisPassword:"" ip:192.168.88.181 poolname:FA_MEM database:FA_MEM charset:utf8 redisDB:3 port:3306 user:fa_db password:1qaz!QAZ redisIp:192.168.88.119]
SqlString  SELECT RTP,Amount,Bonus  FROM M_RtpSetting  WHERE Sid = 1   AND State = 1   AND LTG_Code = 5 AND Gid = 38
sqlResult   map[result: count:0 state:0]
[2020-01-02 13:24:08] rtpData ------->   map[result: count:0 state:0] 
[GIN] 2020/01/02 - 13:24:08 | 200 |    2.463311ms |  192.168.66.115 | POST     /getResult
[2020-01-02 13:24:08] 自開彩開獎  {202001020269 4 41 true} 
ConfigData  map[ip:192.168.88.181 charset:utf8 redisIp:192.168.88.119 redisPort:6379 redisDB:3 redisPassword:"" poolname:FA_MEM port:3306 user:fa_db password:1qaz!QAZ database:FA_MEM]
SqlString  SELECT RTP,Amount,Bonus  FROM M_RtpSetting  WHERE Sid = 1   AND State = 1   AND LTG_Code = 4 AND Gid = 41
sqlResult   map[result: count:0 state:0]
[2020-01-02 13:24:08] rtpData ------->   map[result: count:0 state:0] 
[GIN] 2020/01/02 - 13:24:08 | 200 |    2.447719ms |  192.168.66.115 | POST     /getResult
[2020-01-02 13:24:10] 自開彩開獎  {202001020269 1 35 true} 
ConfigData  map[ip:192.168.88.181 user:fa_db password:1qaz!QAZ charset:utf8 redisIp:192.168.88.119 redisDB:3 poolname:FA_MEM port:3306 database:FA_MEM redisPort:6379 redisPassword:""]
SqlString  SELECT RTP,Amount,Bonus  FROM M_RtpSetting  WHERE Sid = 1   AND State = 1   AND LTG_Code = 1 AND Gid = 35
sqlResult   map[result: count:0 state:0]
[2020-01-02 13:24:10] rtpData ------->   map[result: count:0 state:0] 
[GIN] 2020/01/02 - 13:24:10 | 200 |     2.53914ms |  192.168.66.115 | POST     /getResult
[2020-01-02 13:24:11] 自開彩開獎  {202001020805 6 36 true} 
ConfigData  map[ip:192.168.88.181 password:1qaz!QAZ redisDB:3 poolname:FA_MEM port:3306 user:fa_db database:FA_MEM charset:utf8 redisIp:192.168.88.119 redisPort:6379 redisPassword:""]
SqlString  SELECT RTP,Amount,Bonus  FROM M_RtpSetting  WHERE Sid = 1   AND State = 1   AND LTG_Code = 6 AND Gid = 36
sqlResult   map[count:0 state:0 result:]
[2020-01-02 13:24:11] rtpData ------->   map[result: count:0 state:0] 
[GIN] 2020/01/02 - 13:24:11 | 200 |    2.205013ms |  192.168.66.115 | POST     /getResult
[2020-01-02 13:24:13] 自開彩開獎  {202001020269 6 37 true} 
ConfigData  map[redisIp:192.168.88.119 redisPort:6379 redisPassword:"" redisDB:3 poolname:FA_MEM database:FA_MEM user:fa_db password:1qaz!QAZ charset:utf8 ip:192.168.88.181 port:3306]
SqlString  SELECT RTP,Amount,Bonus  FROM M_RtpSetting  WHERE Sid = 1   AND State = 1   AND LTG_Code = 6 AND Gid = 37
sqlResult   map[count:0 state:0 result:]
[2020-01-02 13:24:13] rtpData ------->   map[result: count:0 state:0] 
[GIN] 2020/01/02 - 13:24:13 | 200 |    2.526061ms |  192.168.66.115 | POST     /getResult
[2020-01-02 13:24:13] 自開彩開獎  {202001020805 4 40 true} 
ConfigData  map[ip:192.168.88.181 poolname:FA_MEM password:1qaz!QAZ redisPort:6379 redisDB:3 port:3306 user:fa_db database:FA_MEM charset:utf8 redisIp:192.168.88.119 redisPassword:""]
SqlString  SELECT RTP,Amount,Bonus  FROM M_RtpSetting  WHERE Sid = 1   AND State = 1   AND LTG_Code = 4 AND Gid = 40
sqlResult   map[result: count:0 state:0]
[2020-01-02 13:24:13] rtpData ------->   map[state:0 result: count:0] 
[GIN] 2020/01/02 - 13:24:13 | 200 |    2.331508ms |  192.168.66.115 | POST     /getResult
[2020-01-02 13:24:13] 自開彩開獎  {202001020805 1 34 true} 
ConfigData  map[port:3306 user:fa_db database:FA_MEM charset:utf8 ip:192.168.88.181 password:1qaz!QAZ redisIp:192.168.88.119 redisPort:6379 redisPassword:"" redisDB:3 poolname:FA_MEM]
SqlString  SELECT RTP,Amount,Bonus  FROM M_RtpSetting  WHERE Sid = 1   AND State = 1   AND LTG_Code = 1 AND Gid = 34
sqlResult   map[result: count:0 state:0]
[2020-01-02 13:24:13] rtpData ------->   map[state:0 result: count:0] 
[GIN] 2020/01/02 - 13:24:13 | 200 |    2.420026ms |  192.168.66.115 | POST     /getResult
[2020-01-02 13:24:14] 自開彩開獎  {202001020805 5 38 true} 
ConfigData  map[charset:utf8 redisIp:192.168.88.119 redisPort:6379 redisPassword:"" redisDB:3 database:FA_MEM ip:192.168.88.181 poolname:FA_MEM port:3306 user:fa_db password:1qaz!QAZ]
SqlString  SELECT RTP,Amount,Bonus  FROM M_RtpSetting  WHERE Sid = 1   AND State = 1   AND LTG_Code = 5 AND Gid = 38
sqlResult   map[count:0 state:0 result:]
[2020-01-02 13:24:14] rtpData ------->   map[result: count:0 state:0] 
[GIN] 2020/01/02 - 13:24:14 | 200 |    2.356894ms |  192.168.66.115 | POST     /getResult
[2020-01-02 13:24:14] 自開彩開獎  {202001020269 4 41 true} 
ConfigData  map[password:1qaz!QAZ charset:utf8 ip:192.168.88.181 user:fa_db database:FA_MEM redisIp:192.168.88.119 redisPort:6379 redisPassword:"" redisDB:3 poolname:FA_MEM port:3306]
SqlString  SELECT RTP,Amount,Bonus  FROM M_RtpSetting  WHERE Sid = 1   AND State = 1   AND LTG_Code = 4 AND Gid = 41
sqlResult   map[result: count:0 state:0]
[2020-01-02 13:24:14] rtpData ------->   map[state:0 result: count:0] 
[GIN] 2020/01/02 - 13:24:14 | 200 |     2.43658ms |  192.168.66.115 | POST     /getResult
[2020-01-02 13:24:16] 自開彩開獎  {202001020269 1 35 true} 
ConfigData  map[poolname:FA_MEM user:fa_db redisIp:192.168.88.119 redisPort:6379 redisPassword:"" redisDB:3 ip:192.168.88.181 port:3306 password:1qaz!QAZ database:FA_MEM charset:utf8]
SqlString  SELECT RTP,Amount,Bonus  FROM M_RtpSetting  WHERE Sid = 1   AND State = 1   AND LTG_Code = 1 AND Gid = 35
sqlResult   map[count:0 state:0 result:]
[2020-01-02 13:24:16] rtpData ------->   map[result: count:0 state:0] 
[GIN] 2020/01/02 - 13:24:16 | 200 |     2.97583ms |  192.168.66.115 | POST     /getResult
[2020-01-02 13:24:17] 自開彩開獎  {202001020805 6 36 true} 
ConfigData  map[charset:utf8 redisIp:192.168.88.119 redisPort:6379 redisPassword:"" redisDB:3 poolname:FA_MEM port:3306 password:1qaz!QAZ database:FA_MEM ip:192.168.88.181 user:fa_db]
SqlString  SELECT RTP,Amount,Bonus  FROM M_RtpSetting  WHERE Sid = 1   AND State = 1   AND LTG_Code = 6 AND Gid = 36
sqlResult   map[result: count:0 state:0]
[2020-01-02 13:24:17] rtpData ------->   map[result: count:0 state:0] 
[GIN] 2020/01/02 - 13:24:17 | 200 |    2.929254ms |  192.168.66.115 | POST     /getResult
[2020-01-02 13:24:19] 自開彩開獎  {202001020269 6 37 true} 
ConfigData  map[redisIp:192.168.88.119 redisDB:3 ip:192.168.88.181 port:3306 user:fa_db password:1qaz!QAZ database:FA_MEM charset:utf8 redisPort:6379 redisPassword:"" poolname:FA_MEM]
SqlString  SELECT RTP,Amount,Bonus  FROM M_RtpSetting  WHERE Sid = 1   AND State = 1   AND LTG_Code = 6 AND Gid = 37
sqlResult   map[result: count:0 state:0]
[2020-01-02 13:24:19] rtpData ------->   map[result: count:0 state:0] 
[GIN] 2020/01/02 - 13:24:19 | 200 |    3.240065ms |  192.168.66.115 | POST     /getResult
[2020-01-02 13:24:19] 自開彩開獎  {202001020805 4 40 true} 
ConfigData  map[password:1qaz!QAZ database:FA_MEM charset:utf8 redisDB:3 ip:192.168.88.181 poolname:FA_MEM port:3306 user:fa_db redisIp:192.168.88.119 redisPort:6379 redisPassword:""]
SqlString  SELECT RTP,Amount,Bonus  FROM M_RtpSetting  WHERE Sid = 1   AND State = 1   AND LTG_Code = 4 AND Gid = 40
sqlResult   map[result: count:0 state:0]
[2020-01-02 13:24:19] rtpData ------->   map[result: count:0 state:0] 
[GIN] 2020/01/02 - 13:24:19 | 200 |    3.314742ms |  192.168.66.115 | POST     /getResult
[2020-01-02 13:24:19] 自開彩開獎  {202001020805 1 34 true} 
ConfigData  map[port:3306 user:fa_db redisPort:6379 redisDB:3 ip:192.168.88.181 poolname:FA_MEM password:1qaz!QAZ database:FA_MEM charset:utf8 redisIp:192.168.88.119 redisPassword:""]
SqlString  SELECT RTP,Amount,Bonus  FROM M_RtpSetting  WHERE Sid = 1   AND State = 1   AND LTG_Code = 1 AND Gid = 34
sqlResult   map[result: count:0 state:0]
[2020-01-02 13:24:19] rtpData ------->   map[count:0 state:0 result:] 
[GIN] 2020/01/02 - 13:24:19 | 200 |    2.560043ms |  192.168.66.115 | POST     /getResult
[2020-01-02 13:24:20] 自開彩開獎  {202001020805 5 38 true} 
ConfigData  map[database:FA_MEM charset:utf8 redisPort:6379 ip:192.168.88.181 port:3306 password:1qaz!QAZ redisIp:192.168.88.119 redisPassword:"" redisDB:3 poolname:FA_MEM user:fa_db]
SqlString  SELECT RTP,Amount,Bonus  FROM M_RtpSetting  WHERE Sid = 1   AND State = 1   AND LTG_Code = 5 AND Gid = 38
sqlResult   map[count:0 state:0 result:]
[2020-01-02 13:24:20] rtpData ------->   map[count:0 state:0 result:] 
[GIN] 2020/01/02 - 13:24:20 | 200 |     5.25435ms |  192.168.66.115 | POST     /getResult
[2020-01-02 13:24:20] 自開彩開獎  {202001020269 4 41 true} 
ConfigData  map[ip:192.168.88.181 port:3306 password:1qaz!QAZ redisIp:192.168.88.119 redisPassword:"" redisDB:3 poolname:FA_MEM user:fa_db database:FA_MEM charset:utf8 redisPort:6379]
SqlString  SELECT RTP,Amount,Bonus  FROM M_RtpSetting  WHERE Sid = 1   AND State = 1   AND LTG_Code = 4 AND Gid = 41
sqlResult   map[state:0 result: count:0]
[2020-01-02 13:24:20] rtpData ------->   map[result: count:0 state:0] 
[GIN] 2020/01/02 - 13:24:20 | 200 |    3.561986ms |  192.168.66.115 | POST     /getResult
[2020-01-02 13:24:22] 自開彩開獎  {202001020269 1 35 true} 
ConfigData  map[database:FA_MEM poolname:FA_MEM port:3306 user:fa_db password:1qaz!QAZ charset:utf8 redisIp:192.168.88.119 redisPort:6379 ip:192.168.88.181 redisDB:3 redisPassword:""]
SqlString  SELECT RTP,Amount,Bonus  FROM M_RtpSetting  WHERE Sid = 1   AND State = 1   AND LTG_Code = 1 AND Gid = 35
sqlResult   map[result: count:0 state:0]
[2020-01-02 13:24:22] rtpData ------->   map[result: count:0 state:0] 
[GIN] 2020/01/02 - 13:24:22 | 200 |    2.680166ms |  192.168.66.115 | POST     /getResult
[2020-01-02 13:24:23] 自開彩開獎  {202001020805 6 36 true} 
ConfigData  map[ip:192.168.88.181 user:fa_db charset:utf8 redisPassword:"" redisDB:3 poolname:FA_MEM port:3306 password:1qaz!QAZ database:FA_MEM redisIp:192.168.88.119 redisPort:6379]
SqlString  SELECT RTP,Amount,Bonus  FROM M_RtpSetting  WHERE Sid = 1   AND State = 1   AND LTG_Code = 6 AND Gid = 36
sqlResult   map[count:0 state:0 result:]
[2020-01-02 13:24:23] rtpData ------->   map[state:0 result: count:0] 
[GIN] 2020/01/02 - 13:24:23 | 200 |    2.572572ms |  192.168.66.115 | POST     /getResult
[2020-01-02 13:24:25] 自開彩開獎  {202001020269 6 37 true} 
ConfigData  map[redisPassword:"" redisDB:3 ip:192.168.88.181 user:fa_db charset:utf8 database:FA_MEM redisIp:192.168.88.119 redisPort:6379 poolname:FA_MEM port:3306 password:1qaz!QAZ]
SqlString  SELECT RTP,Amount,Bonus  FROM M_RtpSetting  WHERE Sid = 1   AND State = 1   AND LTG_Code = 6 AND Gid = 37
sqlResult   map[result: count:0 state:0]
[2020-01-02 13:24:25] rtpData ------->   map[result: count:0 state:0] 
[GIN] 2020/01/02 - 13:24:25 | 200 |    2.770099ms |  192.168.66.115 | POST     /getResult
[2020-01-02 13:24:25] 自開彩開獎  {202001020805 4 40 true} 
ConfigData  map[poolname:FA_MEM port:3306 user:fa_db password:1qaz!QAZ redisIp:192.168.88.119 redisPassword:"" ip:192.168.88.181 database:FA_MEM charset:utf8 redisPort:6379 redisDB:3]
SqlString  SELECT RTP,Amount,Bonus  FROM M_RtpSetting  WHERE Sid = 1   AND State = 1   AND LTG_Code = 4 AND Gid = 40
sqlResult   map[result: count:0 state:0]
[2020-01-02 13:24:25] rtpData ------->   map[result: count:0 state:0] 
[GIN] 2020/01/02 - 13:24:25 | 200 |    2.101364ms |  192.168.66.115 | POST     /getResult
[2020-01-02 13:24:25] 自開彩開獎  {202001020805 1 34 true} 
ConfigData  map[poolname:FA_MEM charset:utf8 redisDB:3 database:FA_MEM redisIp:192.168.88.119 redisPort:6379 redisPassword:"" ip:192.168.88.181 port:3306 user:fa_db password:1qaz!QAZ]
SqlString  SELECT RTP,Amount,Bonus  FROM M_RtpSetting  WHERE Sid = 1   AND State = 1   AND LTG_Code = 1 AND Gid = 34
sqlResult   map[result: count:0 state:0]
[2020-01-02 13:24:25] rtpData ------->   map[result: count:0 state:0] 
[GIN] 2020/01/02 - 13:24:25 | 200 |    1.756449ms |  192.168.66.115 | POST     /getResult
[2020-01-02 13:24:26] 自開彩開獎  {202001020805 5 38 true} 
ConfigData  map[ip:192.168.88.181 redisPassword:"" poolname:FA_MEM port:3306 user:fa_db password:1qaz!QAZ database:FA_MEM charset:utf8 redisIp:192.168.88.119 redisPort:6379 redisDB:3]
SqlString  SELECT RTP,Amount,Bonus  FROM M_RtpSetting  WHERE Sid = 1   AND State = 1   AND LTG_Code = 5 AND Gid = 38
sqlResult   map[result: count:0 state:0]
[2020-01-02 13:24:26] rtpData ------->   map[result: count:0 state:0] 
[GIN] 2020/01/02 - 13:24:26 | 200 |    8.185048ms |  192.168.66.115 | POST     /getResult
[2020-01-02 13:24:26] 自開彩開獎  {202001020269 4 41 true} 
ConfigData  map[ip:192.168.88.181 database:FA_MEM charset:utf8 redisIp:192.168.88.119 redisPassword:"" poolname:FA_MEM port:3306 user:fa_db password:1qaz!QAZ redisPort:6379 redisDB:3]
SqlString  SELECT RTP,Amount,Bonus  FROM M_RtpSetting  WHERE Sid = 1   AND State = 1   AND LTG_Code = 4 AND Gid = 41
sqlResult   map[result: count:0 state:0]
[2020-01-02 13:24:26] rtpData ------->   map[result: count:0 state:0] 
[GIN] 2020/01/02 - 13:24:26 | 200 |    2.454244ms |  192.168.66.115 | POST     /getResult
[2020-01-02 13:24:28] 自開彩開獎  {202001020269 1 35 true} 
ConfigData  map[port:3306 password:1qaz!QAZ database:FA_MEM redisPort:6379 redisPassword:"" redisDB:3 ip:192.168.88.181 poolname:FA_MEM user:fa_db charset:utf8 redisIp:192.168.88.119]
SqlString  SELECT RTP,Amount,Bonus  FROM M_RtpSetting  WHERE Sid = 1   AND State = 1   AND LTG_Code = 1 AND Gid = 35
sqlResult   map[result: count:0 state:0]
[2020-01-02 13:24:28] rtpData ------->   map[state:0 result: count:0] 
[GIN] 2020/01/02 - 13:24:28 | 200 |    2.314518ms |  192.168.66.115 | POST     /getResult
[2020-01-02 13:24:29] 自開彩開獎  {202001020805 6 36 true} 
ConfigData  map[user:fa_db database:FA_MEM charset:utf8 redisIp:192.168.88.119 redisPort:6379 ip:192.168.88.181 poolname:FA_MEM redisPassword:"" redisDB:3 port:3306 password:1qaz!QAZ]
SqlString  SELECT RTP,Amount,Bonus  FROM M_RtpSetting  WHERE Sid = 1   AND State = 1   AND LTG_Code = 6 AND Gid = 36
sqlResult   map[count:0 state:0 result:]
[2020-01-02 13:24:29] rtpData ------->   map[state:0 result: count:0] 
[GIN] 2020/01/02 - 13:24:29 | 200 |    3.172574ms |  192.168.66.115 | POST     /getResult
[2020-01-02 13:24:31] 自開彩開獎  {202001020269 6 37 true} 
ConfigData  map[port:3306 user:fa_db password:1qaz!QAZ redisPassword:"" redisDB:3 ip:192.168.88.181 poolname:FA_MEM database:FA_MEM charset:utf8 redisIp:192.168.88.119 redisPort:6379]
SqlString  SELECT RTP,Amount,Bonus  FROM M_RtpSetting  WHERE Sid = 1   AND State = 1   AND LTG_Code = 6 AND Gid = 37
sqlResult   map[result: count:0 state:0]
[2020-01-02 13:24:31] rtpData ------->   map[result: count:0 state:0] 
[GIN] 2020/01/02 - 13:24:31 | 200 |    2.956638ms |  192.168.66.115 | POST     /getResult
[2020-01-02 13:24:31] 自開彩開獎  {202001020805 4 40 true} 
ConfigData  map[poolname:FA_MEM port:3306 user:fa_db redisIp:192.168.88.119 redisPort:6379 redisDB:3 ip:192.168.88.181 password:1qaz!QAZ database:FA_MEM charset:utf8 redisPassword:""]
SqlString  SELECT RTP,Amount,Bonus  FROM M_RtpSetting  WHERE Sid = 1   AND State = 1   AND LTG_Code = 4 AND Gid = 40
sqlResult   map[result: count:0 state:0]
[2020-01-02 13:24:31] rtpData ------->   map[result: count:0 state:0] 
[GIN] 2020/01/02 - 13:24:31 | 200 |    2.860758ms |  192.168.66.115 | POST     /getResult
[2020-01-02 13:24:31] 自開彩開獎  {202001020805 1 34 true} 
ConfigData  map[ip:192.168.88.181 poolname:FA_MEM user:fa_db password:1qaz!QAZ database:FA_MEM charset:utf8 redisPort:6379 redisDB:3 port:3306 redisIp:192.168.88.119 redisPassword:""]
SqlString  SELECT RTP,Amount,Bonus  FROM M_RtpSetting  WHERE Sid = 1   AND State = 1   AND LTG_Code = 1 AND Gid = 34
sqlResult   map[state:0 result: count:0]
[2020-01-02 13:24:31] rtpData ------->   map[result: count:0 state:0] 
[GIN] 2020/01/02 - 13:24:31 | 200 |    2.612936ms |  192.168.66.115 | POST     /getResult
[2020-01-02 13:24:32] 自開彩開獎  {202001020805 5 38 true} 
ConfigData  map[ip:192.168.88.181 user:fa_db password:1qaz!QAZ redisIp:192.168.88.119 redisDB:3 poolname:FA_MEM port:3306 database:FA_MEM charset:utf8 redisPort:6379 redisPassword:""]
SqlString  SELECT RTP,Amount,Bonus  FROM M_RtpSetting  WHERE Sid = 1   AND State = 1   AND LTG_Code = 5 AND Gid = 38
sqlResult   map[result: count:0 state:0]
[2020-01-02 13:24:32] rtpData ------->   map[result: count:0 state:0] 
[GIN] 2020/01/02 - 13:24:32 | 200 |    2.334923ms |  192.168.66.115 | POST     /getResult
[2020-01-02 13:24:32] 自開彩開獎  {202001020269 4 41 true} 
ConfigData  map[ip:192.168.88.181 user:fa_db database:FA_MEM redisPassword:"" poolname:FA_MEM port:3306 password:1qaz!QAZ charset:utf8 redisIp:192.168.88.119 redisPort:6379 redisDB:3]
SqlString  SELECT RTP,Amount,Bonus  FROM M_RtpSetting  WHERE Sid = 1   AND State = 1   AND LTG_Code = 4 AND Gid = 41
sqlResult   map[state:0 result: count:0]
[2020-01-02 13:24:32] rtpData ------->   map[result: count:0 state:0] 
[GIN] 2020/01/02 - 13:24:32 | 200 |    2.315403ms |  192.168.66.115 | POST     /getResult
[2020-01-02 13:24:34] 自開彩開獎  {202001020269 1 35 true} 
ConfigData  map[poolname:FA_MEM password:1qaz!QAZ charset:utf8 redisPort:6379 redisIp:192.168.88.119 redisPassword:"" redisDB:3 ip:192.168.88.181 port:3306 user:fa_db database:FA_MEM]
SqlString  SELECT RTP,Amount,Bonus  FROM M_RtpSetting  WHERE Sid = 1   AND State = 1   AND LTG_Code = 1 AND Gid = 35
sqlResult   map[result: count:0 state:0]
[2020-01-02 13:24:34] rtpData ------->   map[count:0 state:0 result:] 
[GIN] 2020/01/02 - 13:24:34 | 200 |    2.575053ms |  192.168.66.115 | POST     /getResult
[2020-01-02 13:24:35] 自開彩開獎  {202001020805 6 36 true} 
ConfigData  map[redisPort:6379 redisPassword:"" ip:192.168.88.181 poolname:FA_MEM user:fa_db password:1qaz!QAZ database:FA_MEM redisIp:192.168.88.119 redisDB:3 port:3306 charset:utf8]
SqlString  SELECT RTP,Amount,Bonus  FROM M_RtpSetting  WHERE Sid = 1   AND State = 1   AND LTG_Code = 6 AND Gid = 36
sqlResult   map[result: count:0 state:0]
[2020-01-02 13:24:35] rtpData ------->   map[state:0 result: count:0] 
[GIN] 2020/01/02 - 13:24:35 | 200 |     3.13885ms |  192.168.66.115 | POST     /getResult
[2020-01-02 13:24:37] 自開彩開獎  {202001020269 6 37 true} 
ConfigData  map[redisDB:3 poolname:FA_MEM port:3306 redisIp:192.168.88.119 redisPort:6379 charset:utf8 redisPassword:"" ip:192.168.88.181 user:fa_db password:1qaz!QAZ database:FA_MEM]
SqlString  SELECT RTP,Amount,Bonus  FROM M_RtpSetting  WHERE Sid = 1   AND State = 1   AND LTG_Code = 6 AND Gid = 37
sqlResult   map[result: count:0 state:0]
[2020-01-02 13:24:37] rtpData ------->   map[result: count:0 state:0] 
[GIN] 2020/01/02 - 13:24:37 | 200 |    2.539783ms |  192.168.66.115 | POST     /getResult
[2020-01-02 13:24:37] 自開彩開獎  {202001020805 4 40 true} 
ConfigData  map[redisPassword:"" redisDB:3 user:fa_db password:1qaz!QAZ charset:utf8 redisPort:6379 redisIp:192.168.88.119 ip:192.168.88.181 poolname:FA_MEM port:3306 database:FA_MEM]
SqlString  SELECT RTP,Amount,Bonus  FROM M_RtpSetting  WHERE Sid = 1   AND State = 1   AND LTG_Code = 4 AND Gid = 40
sqlResult   map[result: count:0 state:0]
[2020-01-02 13:24:37] rtpData ------->   map[state:0 result: count:0] 
[GIN] 2020/01/02 - 13:24:37 | 200 |    2.042758ms |  192.168.66.115 | POST     /getResult
[2020-01-02 13:24:37] 自開彩開獎  {202001020805 1 34 true} 
ConfigData  map[port:3306 redisPort:6379 redisIp:192.168.88.119 redisPassword:"" ip:192.168.88.181 poolname:FA_MEM user:fa_db password:1qaz!QAZ database:FA_MEM charset:utf8 redisDB:3]
SqlString  SELECT RTP,Amount,Bonus  FROM M_RtpSetting  WHERE Sid = 1   AND State = 1   AND LTG_Code = 1 AND Gid = 34
sqlResult   map[result: count:0 state:0]
[2020-01-02 13:24:37] rtpData ------->   map[count:0 state:0 result:] 
[GIN] 2020/01/02 - 13:24:37 | 200 |     2.21422ms |  192.168.66.115 | POST     /getResult
[2020-01-02 13:24:38] 自開彩開獎  {202001020805 5 38 true} 
ConfigData  map[port:3306 database:FA_MEM redisIp:192.168.88.119 redisPort:6379 ip:192.168.88.181 user:fa_db password:1qaz!QAZ charset:utf8 redisPassword:"" redisDB:3 poolname:FA_MEM]
SqlString  SELECT RTP,Amount,Bonus  FROM M_RtpSetting  WHERE Sid = 1   AND State = 1   AND LTG_Code = 5 AND Gid = 38
sqlResult   map[result: count:0 state:0]
[2020-01-02 13:24:38] rtpData ------->   map[result: count:0 state:0] 
[GIN] 2020/01/02 - 13:24:38 | 200 |    2.328383ms |  192.168.66.115 | POST     /getResult
[2020-01-02 13:24:38] 自開彩開獎  {202001020269 4 41 true} 
ConfigData  map[ip:192.168.88.181 poolname:FA_MEM redisPassword:"" redisIp:192.168.88.119 redisPort:6379 redisDB:3 port:3306 user:fa_db password:1qaz!QAZ database:FA_MEM charset:utf8]
SqlString  SELECT RTP,Amount,Bonus  FROM M_RtpSetting  WHERE Sid = 1   AND State = 1   AND LTG_Code = 4 AND Gid = 41
sqlResult   map[result: count:0 state:0]
[2020-01-02 13:24:38] rtpData ------->   map[result: count:0 state:0] 
[GIN] 2020/01/02 - 13:24:38 | 200 |    2.368881ms |  192.168.66.115 | POST     /getResult
[2020-01-02 13:24:40] 自開彩開獎  {202001020269 1 35 true} 
ConfigData  map[redisIp:192.168.88.119 redisPort:6379 ip:192.168.88.181 port:3306 user:fa_db password:1qaz!QAZ database:FA_MEM charset:utf8 redisPassword:"" redisDB:3 poolname:FA_MEM]
SqlString  SELECT RTP,Amount,Bonus  FROM M_RtpSetting  WHERE Sid = 1   AND State = 1   AND LTG_Code = 1 AND Gid = 35
sqlResult   map[result: count:0 state:0]
[2020-01-02 13:24:40] rtpData ------->   map[state:0 result: count:0] 
[GIN] 2020/01/02 - 13:24:40 | 200 |    2.334877ms |  192.168.66.115 | POST     /getResult
[2020-01-02 13:24:41] 自開彩開獎  {202001020805 6 36 true} 
ConfigData  map[port:3306 user:fa_db charset:utf8 redisPort:6379 redisDB:3 poolname:FA_MEM password:1qaz!QAZ database:FA_MEM redisIp:192.168.88.119 redisPassword:"" ip:192.168.88.181]
SqlString  SELECT RTP,Amount,Bonus  FROM M_RtpSetting  WHERE Sid = 1   AND State = 1   AND LTG_Code = 6 AND Gid = 36
sqlResult   map[result: count:0 state:0]
[2020-01-02 13:24:41] rtpData ------->   map[result: count:0 state:0] 
[GIN] 2020/01/02 - 13:24:41 | 200 |    2.253212ms |  192.168.66.115 | POST     /getResult
[2020-01-02 13:24:43] 自開彩開獎  {202001020269 6 37 true} 
ConfigData  map[redisDB:3 ip:192.168.88.181 port:3306 user:fa_db charset:utf8 redisPort:6379 redisPassword:"" poolname:FA_MEM password:1qaz!QAZ database:FA_MEM redisIp:192.168.88.119]
SqlString  SELECT RTP,Amount,Bonus  FROM M_RtpSetting  WHERE Sid = 1   AND State = 1   AND LTG_Code = 6 AND Gid = 37
sqlResult   map[result: count:0 state:0]
[2020-01-02 13:24:43] rtpData ------->   map[result: count:0 state:0] 
[GIN] 2020/01/02 - 13:24:43 | 200 |    2.924706ms |  192.168.66.115 | POST     /getResult
[2020-01-02 13:24:43] 自開彩開獎  {202001020805 4 40 true} 
ConfigData  map[port:3306 user:fa_db password:1qaz!QAZ database:FA_MEM charset:utf8 redisIp:192.168.88.119 redisPassword:"" ip:192.168.88.181 poolname:FA_MEM redisPort:6379 redisDB:3]
SqlString  SELECT RTP,Amount,Bonus  FROM M_RtpSetting  WHERE Sid = 1   AND State = 1   AND LTG_Code = 4 AND Gid = 40
sqlResult   map[result: count:0 state:0]
[2020-01-02 13:24:43] rtpData ------->   map[result: count:0 state:0] 
[GIN] 2020/01/02 - 13:24:43 | 200 |    2.831038ms |  192.168.66.115 | POST     /getResult
[2020-01-02 13:24:43] 自開彩開獎  {202001020805 1 34 true} 
ConfigData  map[ip:192.168.88.181 port:3306 user:fa_db redisIp:192.168.88.119 redisDB:3 poolname:FA_MEM password:1qaz!QAZ database:FA_MEM charset:utf8 redisPort:6379 redisPassword:""]
SqlString  SELECT RTP,Amount,Bonus  FROM M_RtpSetting  WHERE Sid = 1   AND State = 1   AND LTG_Code = 1 AND Gid = 34
sqlResult   map[result: count:0 state:0]
[2020-01-02 13:24:43] rtpData ------->   map[result: count:0 state:0] 
[GIN] 2020/01/02 - 13:24:43 | 200 |     2.15361ms |  192.168.66.115 | POST     /getResult
[2020-01-02 13:24:44] 自開彩開獎  {202001020805 5 38 true} 
ConfigData  map[port:3306 user:fa_db redisPassword:"" redisDB:3 redisPort:6379 ip:192.168.88.181 poolname:FA_MEM password:1qaz!QAZ database:FA_MEM charset:utf8 redisIp:192.168.88.119]
SqlString  SELECT RTP,Amount,Bonus  FROM M_RtpSetting  WHERE Sid = 1   AND State = 1   AND LTG_Code = 5 AND Gid = 38
sqlResult   map[result: count:0 state:0]
[2020-01-02 13:24:44] rtpData ------->   map[result: count:0 state:0] 
[GIN] 2020/01/02 - 13:24:44 | 200 |    3.000582ms |  192.168.66.115 | POST     /getResult
[2020-01-02 13:24:44] 自開彩開獎  {202001020269 4 41 true} 
ConfigData  map[ip:192.168.88.181 password:1qaz!QAZ charset:utf8 redisIp:192.168.88.119 redisPassword:"" redisDB:3 poolname:FA_MEM port:3306 user:fa_db database:FA_MEM redisPort:6379]
SqlString  SELECT RTP,Amount,Bonus  FROM M_RtpSetting  WHERE Sid = 1   AND State = 1   AND LTG_Code = 4 AND Gid = 41
sqlResult   map[result: count:0 state:0]
[2020-01-02 13:24:44] rtpData ------->   map[result: count:0 state:0] 
[GIN] 2020/01/02 - 13:24:44 | 200 |    2.496035ms |  192.168.66.115 | POST     /getResult
[2020-01-02 13:24:46] 自開彩開獎  {202001020269 1 35 true} 
ConfigData  map[charset:utf8 redisIp:192.168.88.119 redisPort:6379 redisPassword:"" redisDB:3 ip:192.168.88.181 password:1qaz!QAZ user:fa_db database:FA_MEM poolname:FA_MEM port:3306]
SqlString  SELECT RTP,Amount,Bonus  FROM M_RtpSetting  WHERE Sid = 1   AND State = 1   AND LTG_Code = 1 AND Gid = 35
sqlResult   map[count:0 state:0 result:]
[2020-01-02 13:24:46] rtpData ------->   map[result: count:0 state:0] 
[GIN] 2020/01/02 - 13:24:46 | 200 |    2.880991ms |  192.168.66.115 | POST     /getResult
[2020-01-02 13:24:47] 自開彩開獎  {202001020805 6 36 true} 
ConfigData  map[password:1qaz!QAZ charset:utf8 redisPort:6379 redisPassword:"" ip:192.168.88.181 poolname:FA_MEM port:3306 user:fa_db database:FA_MEM redisIp:192.168.88.119 redisDB:3]
SqlString  SELECT RTP,Amount,Bonus  FROM M_RtpSetting  WHERE Sid = 1   AND State = 1   AND LTG_Code = 6 AND Gid = 36
sqlResult   map[result: count:0 state:0]
[2020-01-02 13:24:47] rtpData ------->   map[result: count:0 state:0] 
[GIN] 2020/01/02 - 13:24:47 | 200 |    2.803732ms |  192.168.66.115 | POST     /getResult
[2020-01-02 13:24:49] 自開彩開獎  {202001020269 6 37 true} 
ConfigData  map[redisPassword:"" ip:192.168.88.181 poolname:FA_MEM password:1qaz!QAZ database:FA_MEM charset:utf8 redisIp:192.168.88.119 redisPort:6379 redisDB:3 port:3306 user:fa_db]
SqlString  SELECT RTP,Amount,Bonus  FROM M_RtpSetting  WHERE Sid = 1   AND State = 1   AND LTG_Code = 6 AND Gid = 37
sqlResult   map[result: count:0 state:0]
[2020-01-02 13:24:49] rtpData ------->   map[count:0 state:0 result:] 
[GIN] 2020/01/02 - 13:24:49 | 200 |    2.319881ms |  192.168.66.115 | POST     /getResult
[2020-01-02 13:24:49] 自開彩開獎  {202001020805 4 40 true} 
ConfigData  map[password:1qaz!QAZ redisIp:192.168.88.119 redisPort:6379 redisPassword:"" redisDB:3 ip:192.168.88.181 poolname:FA_MEM port:3306 user:fa_db database:FA_MEM charset:utf8]
SqlString  SELECT RTP,Amount,Bonus  FROM M_RtpSetting  WHERE Sid = 1   AND State = 1   AND LTG_Code = 4 AND Gid = 40
sqlResult   map[count:0 state:0 result:]
[2020-01-02 13:24:49] rtpData ------->   map[state:0 result: count:0] 
[GIN] 2020/01/02 - 13:24:49 | 200 |    2.232866ms |  192.168.66.115 | POST     /getResult
[2020-01-02 13:24:49] 自開彩開獎  {202001020805 1 34 true} 
ConfigData  map[poolname:FA_MEM user:fa_db password:1qaz!QAZ charset:utf8 redisDB:3 ip:192.168.88.181 port:3306 database:FA_MEM redisIp:192.168.88.119 redisPort:6379 redisPassword:""]
SqlString  SELECT RTP,Amount,Bonus  FROM M_RtpSetting  WHERE Sid = 1   AND State = 1   AND LTG_Code = 1 AND Gid = 34
sqlResult   map[result: count:0 state:0]
[2020-01-02 13:24:49] rtpData ------->   map[result: count:0 state:0] 
[GIN] 2020/01/02 - 13:24:49 | 200 |    2.837975ms |  192.168.66.115 | POST     /getResult
[2020-01-02 13:24:50] 自開彩開獎  {202001020805 5 38 true} 
ConfigData  map[database:FA_MEM redisIp:192.168.88.119 redisPort:6379 redisPassword:"" poolname:FA_MEM user:fa_db password:1qaz!QAZ charset:utf8 redisDB:3 ip:192.168.88.181 port:3306]
SqlString  SELECT RTP,Amount,Bonus  FROM M_RtpSetting  WHERE Sid = 1   AND State = 1   AND LTG_Code = 5 AND Gid = 38
sqlResult   map[count:0 state:0 result:]
[2020-01-02 13:24:50] rtpData ------->   map[result: count:0 state:0] 
[GIN] 2020/01/02 - 13:24:50 | 200 |    9.624029ms |  192.168.66.115 | POST     /getResult
[2020-01-02 13:24:50] 自開彩開獎  {202001020269 4 41 true} 
ConfigData  map[redisPassword:"" ip:192.168.88.181 poolname:FA_MEM port:3306 password:1qaz!QAZ charset:utf8 redisIp:192.168.88.119 redisPort:6379 user:fa_db database:FA_MEM redisDB:3]
SqlString  SELECT RTP,Amount,Bonus  FROM M_RtpSetting  WHERE Sid = 1   AND State = 1   AND LTG_Code = 4 AND Gid = 41
sqlResult   map[result: count:0 state:0]
[2020-01-02 13:24:50] rtpData ------->   map[result: count:0 state:0] 
[GIN] 2020/01/02 - 13:24:50 | 200 |    2.844644ms |  192.168.66.115 | POST     /getResult
[2020-01-02 13:24:52] 自開彩開獎  {202001020269 1 35 true} 
ConfigData  map[charset:utf8 redisIp:192.168.88.119 redisPort:6379 redisPassword:"" ip:192.168.88.181 poolname:FA_MEM password:1qaz!QAZ database:FA_MEM port:3306 user:fa_db redisDB:3]
SqlString  SELECT RTP,Amount,Bonus  FROM M_RtpSetting  WHERE Sid = 1   AND State = 1   AND LTG_Code = 1 AND Gid = 35
sqlResult   map[count:0 state:0 result:]
[2020-01-02 13:24:52] rtpData ------->   map[result: count:0 state:0] 
[GIN] 2020/01/02 - 13:24:52 | 200 |    2.704409ms |  192.168.66.115 | POST     /getResult
[2020-01-02 13:24:53] 自開彩開獎  {202001020805 6 36 true} 
ConfigData  map[poolname:FA_MEM user:fa_db redisIp:192.168.88.119 redisDB:3 ip:192.168.88.181 port:3306 password:1qaz!QAZ database:FA_MEM charset:utf8 redisPort:6379 redisPassword:""]
SqlString  SELECT RTP,Amount,Bonus  FROM M_RtpSetting  WHERE Sid = 1   AND State = 1   AND LTG_Code = 6 AND Gid = 36
sqlResult   map[count:0 state:0 result:]
[2020-01-02 13:24:53] rtpData ------->   map[result: count:0 state:0] 
[GIN] 2020/01/02 - 13:24:53 | 200 |    2.531034ms |  192.168.66.115 | POST     /getResult
[2020-01-02 13:24:55] 自開彩開獎  {202001020269 6 37 true} 
ConfigData  map[poolname:FA_MEM database:FA_MEM redisIp:192.168.88.119 redisPassword:"" ip:192.168.88.181 user:fa_db password:1qaz!QAZ charset:utf8 redisPort:6379 redisDB:3 port:3306]
SqlString  SELECT RTP,Amount,Bonus  FROM M_RtpSetting  WHERE Sid = 1   AND State = 1   AND LTG_Code = 6 AND Gid = 37
sqlResult   map[result: count:0 state:0]
[2020-01-02 13:24:55] rtpData ------->   map[result: count:0 state:0] 
[GIN] 2020/01/02 - 13:24:55 | 200 |    2.964176ms |  192.168.66.115 | POST     /getResult
[2020-01-02 13:24:55] 自開彩開獎  {202001020805 4 40 true} 
ConfigData  map[redisPassword:"" redisDB:3 ip:192.168.88.181 port:3306 redisIp:192.168.88.119 redisPort:6379 charset:utf8 poolname:FA_MEM user:fa_db password:1qaz!QAZ database:FA_MEM]
SqlString  SELECT RTP,Amount,Bonus  FROM M_RtpSetting  WHERE Sid = 1   AND State = 1   AND LTG_Code = 4 AND Gid = 40
sqlResult   map[result: count:0 state:0]
[2020-01-02 13:24:55] rtpData ------->   map[count:0 state:0 result:] 
[GIN] 2020/01/02 - 13:24:55 | 200 |    2.817118ms |  192.168.66.115 | POST     /getResult
[2020-01-02 13:24:55] 自開彩開獎  {202001020805 1 34 true} 
ConfigData  map[redisPassword:"" password:1qaz!QAZ charset:utf8 redisIp:192.168.88.119 user:fa_db database:FA_MEM redisPort:6379 redisDB:3 ip:192.168.88.181 poolname:FA_MEM port:3306]
SqlString  SELECT RTP,Amount,Bonus  FROM M_RtpSetting  WHERE Sid = 1   AND State = 1   AND LTG_Code = 1 AND Gid = 34
sqlResult   map[result: count:0 state:0]
[2020-01-02 13:24:55] rtpData ------->   map[result: count:0 state:0] 
[GIN] 2020/01/02 - 13:24:55 | 200 |    2.979932ms |  192.168.66.115 | POST     /getResult
[2020-01-02 13:24:56] 自開彩開獎  {202001020805 5 38 true} 
ConfigData  map[ip:192.168.88.181 port:3306 user:fa_db redisDB:3 poolname:FA_MEM password:1qaz!QAZ database:FA_MEM charset:utf8 redisIp:192.168.88.119 redisPort:6379 redisPassword:""]
SqlString  SELECT RTP,Amount,Bonus  FROM M_RtpSetting  WHERE Sid = 1   AND State = 1   AND LTG_Code = 5 AND Gid = 38
sqlResult   map[result: count:0 state:0]
[2020-01-02 13:24:56] rtpData ------->   map[result: count:0 state:0] 
[GIN] 2020/01/02 - 13:24:56 | 200 |    2.324362ms |  192.168.66.115 | POST     /getResult
[2020-01-02 13:24:56] 自開彩開獎  {202001020269 4 41 true} 
ConfigData  map[poolname:FA_MEM user:fa_db password:1qaz!QAZ charset:utf8 ip:192.168.88.181 port:3306 database:FA_MEM redisIp:192.168.88.119 redisPort:6379 redisPassword:"" redisDB:3]
SqlString  SELECT RTP,Amount,Bonus  FROM M_RtpSetting  WHERE Sid = 1   AND State = 1   AND LTG_Code = 4 AND Gid = 41
sqlResult   map[result: count:0 state:0]
[2020-01-02 13:24:56] rtpData ------->   map[result: count:0 state:0] 
[GIN] 2020/01/02 - 13:24:56 | 200 |    2.486081ms |  192.168.66.115 | POST     /getResult
[2020-01-02 13:24:58] 自開彩開獎  {202001020269 1 35 true} 
ConfigData  map[charset:utf8 redisIp:192.168.88.119 redisPort:6379 redisDB:3 ip:192.168.88.181 poolname:FA_MEM password:1qaz!QAZ redisPassword:"" port:3306 user:fa_db database:FA_MEM]
SqlString  SELECT RTP,Amount,Bonus  FROM M_RtpSetting  WHERE Sid = 1   AND State = 1   AND LTG_Code = 1 AND Gid = 35
sqlResult   map[result: count:0 state:0]
[2020-01-02 13:24:58] rtpData ------->   map[result: count:0 state:0] 
[GIN] 2020/01/02 - 13:24:58 | 200 |    2.736825ms |  192.168.66.115 | POST     /getResult
[2020-01-02 13:24:59] 自開彩開獎  {202001020805 6 36 true} 
ConfigData  map[user:fa_db charset:utf8 redisIp:192.168.88.119 redisDB:3 ip:192.168.88.181 poolname:FA_MEM port:3306 redisPassword:"" password:1qaz!QAZ database:FA_MEM redisPort:6379]
SqlString  SELECT RTP,Amount,Bonus  FROM M_RtpSetting  WHERE Sid = 1   AND State = 1   AND LTG_Code = 6 AND Gid = 36
sqlResult   map[count:0 state:0 result:]
[2020-01-02 13:24:59] rtpData ------->   map[count:0 state:0 result:] 
[GIN] 2020/01/02 - 13:24:59 | 200 |    3.271784ms |  192.168.66.115 | POST     /getResult
[2020-01-02 13:25:00] 自開彩開獎  {202001020806 2 26 true} 
ConfigData  map[user:fa_db database:FA_MEM redisIp:192.168.88.119 redisPort:6379 redisPassword:"" ip:192.168.88.181 poolname:FA_MEM port:3306 password:1qaz!QAZ charset:utf8 redisDB:3]
SqlString  SELECT RTP,Amount,Bonus  FROM M_RtpSetting  WHERE Sid = 1   AND State = 1   AND LTG_Code = 2 AND Gid = 26
[2020-01-02 13:25:00] 自開彩開獎  {20200102162 2 28 true} 
ConfigData  map[poolname:FA_MEM port:3306 user:fa_db charset:utf8 redisPassword:"" ip:192.168.88.181 password:1qaz!QAZ database:FA_MEM redisIp:192.168.88.119 redisPort:6379 redisDB:3]
SqlString  SELECT RTP,Amount,Bonus  FROM M_RtpSetting  WHERE Sid = 1   AND State = 1   AND LTG_Code = 2 AND Gid = 28
sqlResult   map[state:1 amount:234518 bonus:161148.41 result:0.9600 count:1]
[2020-01-02 13:25:00] rtpData ------->   map[count:1 state:1 amount:234518 bonus:161148.41 result:0.9600] 
ConfigData  map[ip:192.168.88.181 poolname:FA_MEM database:FA_MEM redisIp:192.168.88.119 port:3306 user:fa_db password:1qaz!QAZ charset:utf8 redisPort:6379 redisPassword:"" redisDB:3]
SELECT BO_No, BO_OrderNo , BO_User , BO_Issue  , BO_LotteryTypeGroup, BO_LotteryType, BO_Mode, BO_LotteryPlayGroup, BO_LotteryPlay , BO_LotteryContent, BO_Price, BO_RealPrice, BO_Unit, BO_Multiple , BO_BetCount  , BO_Winnings, BO_Winnings2, BO_Winnings3, BO_WinningLimit  , BO_Water , BO_BW_SourceUserId, BO_BW_BackWater, BO_BW_LimitBetCount, BO_BW_MaxAmount, BO_BW_AuditMultiple  , BO_Odds, BO_Odds2, BO_Odds3 , BO_Type, BO_Chase , BO_OpenResult, BO_OpenResult2, BO_DateDraw, BO_DateDraw2, BO_DateUpdate  FROM TS_BetOrder  WHERE BO_Cancel = 0   AND BO_CancelBackend = 0   AND BO_LotteryTypeGroup = 2 AND BO_LotteryType = 28 AND BO_Issue = 20200102162 AND BO_Collect = 0 ORDER BY BO_DateDraw ASC, BO_DateCreate ASC, BO_DateUpdate ASC, BO_No ASC ;
sqlResult   map[result:0.9600 count:1 state:1 amount:1.0069588e+06 bonus:908100.71]
[2020-01-02 13:25:00] rtpData ------->   map[result:0.9600 count:1 state:1 amount:1.0069588e+06 bonus:908100.71] 
ConfigData  map[password:1qaz!QAZ database:FA_MEM charset:utf8 redisDB:3 ip:192.168.88.181 poolname:FA_MEM port:3306 redisPassword:"" user:fa_db redisIp:192.168.88.119 redisPort:6379]
SELECT BO_No, BO_OrderNo , BO_User , BO_Issue  , BO_LotteryTypeGroup, BO_LotteryType, BO_Mode, BO_LotteryPlayGroup, BO_LotteryPlay , BO_LotteryContent, BO_Price, BO_RealPrice, BO_Unit, BO_Multiple , BO_BetCount  , BO_Winnings, BO_Winnings2, BO_Winnings3, BO_WinningLimit  , BO_Water , BO_BW_SourceUserId, BO_BW_BackWater, BO_BW_LimitBetCount, BO_BW_MaxAmount, BO_BW_AuditMultiple  , BO_Odds, BO_Odds2, BO_Odds3 , BO_Type, BO_Chase , BO_OpenResult, BO_OpenResult2, BO_DateDraw, BO_DateDraw2, BO_DateUpdate  FROM TS_BetOrder  WHERE BO_Cancel = 0   AND BO_CancelBackend = 0   AND BO_LotteryTypeGroup = 2 AND BO_LotteryType = 26 AND BO_Issue = 202001020806 AND BO_Collect = 0 ORDER BY BO_DateDraw ASC, BO_DateCreate ASC, BO_DateUpdate ASC, BO_No ASC ;
[2020-01-02 13:25:00] LottteryTypeGroup 2 
[2020-01-02 13:25:00] 有期號 但無注單 -------> map[bonus:0 thisOpenResult:[8 9 0 5 8] amount:0] 
[GIN] 2020/01/02 - 13:25:00 | 200 |    4.910861ms |  192.168.66.115 | POST     /getResult
[2020-01-02 13:25:00] LottteryTypeGroup 2 
[2020-01-02 13:25:00] 有期號 但無注單 -------> map[bonus:0 thisOpenResult:[9 4 6 8 0] amount:0] 
[GIN] 2020/01/02 - 13:25:00 | 200 |    5.868201ms |  192.168.66.115 | POST     /getResult
[2020-01-02 13:25:01] 自開彩開獎  {202001020269 6 37 true} 
ConfigData  map[password:1qaz!QAZ redisPassword:"" ip:192.168.88.181 port:3306 database:FA_MEM charset:utf8 redisIp:192.168.88.119 redisPort:6379 redisDB:3 poolname:FA_MEM user:fa_db]
SqlString  SELECT RTP,Amount,Bonus  FROM M_RtpSetting  WHERE Sid = 1   AND State = 1   AND LTG_Code = 6 AND Gid = 37
sqlResult   map[result: count:0 state:0]
[2020-01-02 13:25:01] rtpData ------->   map[result: count:0 state:0] 
[GIN] 2020/01/02 - 13:25:01 | 200 |    2.522527ms |  192.168.66.115 | POST     /getResult
[2020-01-02 13:25:01] 自開彩開獎  {202001020162 5 39 true} 
ConfigData  map[port:3306 password:1qaz!QAZ charset:utf8 redisIp:192.168.88.119 redisPort:6379 redisDB:3 ip:192.168.88.181 poolname:FA_MEM redisPassword:"" user:fa_db database:FA_MEM]
SqlString  SELECT RTP,Amount,Bonus  FROM M_RtpSetting  WHERE Sid = 1   AND State = 1   AND LTG_Code = 5 AND Gid = 39
sqlResult   map[result: count:0 state:0]
[2020-01-02 13:25:01] rtpData ------->   map[result: count:0 state:0] 
[GIN] 2020/01/02 - 13:25:01 | 200 |    2.252293ms |  192.168.66.115 | POST     /getResult
[2020-01-02 13:25:01] 自開彩開獎  {202001020805 4 40 true} 
ConfigData  map[poolname:FA_MEM port:3306 password:1qaz!QAZ redisPassword:"" redisDB:3 ip:192.168.88.181 user:fa_db database:FA_MEM charset:utf8 redisIp:192.168.88.119 redisPort:6379]
SqlString  SELECT RTP,Amount,Bonus  FROM M_RtpSetting  WHERE Sid = 1   AND State = 1   AND LTG_Code = 4 AND Gid = 40
sqlResult   map[result: count:0 state:0]
[2020-01-02 13:25:01] rtpData ------->   map[result: count:0 state:0] 
[GIN] 2020/01/02 - 13:25:01 | 200 |    2.025245ms |  192.168.66.115 | POST     /getResult
[2020-01-02 13:25:01] 自開彩開獎  {202001020805 1 34 true} 
ConfigData  map[port:3306 user:fa_db redisPassword:"" charset:utf8 redisIp:192.168.88.119 redisPort:6379 redisDB:3 ip:192.168.88.181 poolname:FA_MEM password:1qaz!QAZ database:FA_MEM]
SqlString  SELECT RTP,Amount,Bonus  FROM M_RtpSetting  WHERE Sid = 1   AND State = 1   AND LTG_Code = 1 AND Gid = 34
sqlResult   map[result: count:0 state:0]
[2020-01-02 13:25:01] rtpData ------->   map[count:0 state:0 result:] 
[GIN] 2020/01/02 - 13:25:01 | 200 |    2.152403ms |  192.168.66.115 | POST     /getResult
[2020-01-02 13:25:02] 自開彩開獎  {202001020805 5 38 true} 
ConfigData  map[redisPassword:"" ip:192.168.88.181 port:3306 user:fa_db password:1qaz!QAZ database:FA_MEM redisPort:6379 poolname:FA_MEM charset:utf8 redisIp:192.168.88.119 redisDB:3]
SqlString  SELECT RTP,Amount,Bonus  FROM M_RtpSetting  WHERE Sid = 1   AND State = 1   AND LTG_Code = 5 AND Gid = 38
sqlResult   map[result: count:0 state:0]
[2020-01-02 13:25:02] rtpData ------->   map[result: count:0 state:0] 
[GIN] 2020/01/02 - 13:25:02 | 200 |    2.397926ms |  192.168.66.115 | POST     /getResult
[2020-01-02 13:25:02] 自開彩開獎  {202001020269 4 41 true} 
ConfigData  map[ip:192.168.88.181 port:3306 charset:utf8 redisPassword:"" poolname:FA_MEM user:fa_db password:1qaz!QAZ database:FA_MEM redisIp:192.168.88.119 redisPort:6379 redisDB:3]
SqlString  SELECT RTP,Amount,Bonus  FROM M_RtpSetting  WHERE Sid = 1   AND State = 1   AND LTG_Code = 4 AND Gid = 41
sqlResult   map[result: count:0 state:0]
[2020-01-02 13:25:02] rtpData ------->   map[result: count:0 state:0] 
[GIN] 2020/01/02 - 13:25:02 | 200 |    2.883125ms |  192.168.66.115 | POST     /getResult
[2020-01-02 13:25:04] 自開彩開獎  {202001020269 1 35 true} 
ConfigData  map[database:FA_MEM charset:utf8 redisPassword:"" poolname:FA_MEM port:3306 user:fa_db redisPort:6379 redisDB:3 ip:192.168.88.181 password:1qaz!QAZ redisIp:192.168.88.119]
SqlString  SELECT RTP,Amount,Bonus  FROM M_RtpSetting  WHERE Sid = 1   AND State = 1   AND LTG_Code = 1 AND Gid = 35
sqlResult   map[result: count:0 state:0]
[2020-01-02 13:25:04] rtpData ------->   map[result: count:0 state:0] 
[GIN] 2020/01/02 - 13:25:04 | 200 |    2.220558ms |  192.168.66.115 | POST     /getResult
[2020-01-02 13:25:05] 自開彩開獎  {202001020805 6 36 true} 
ConfigData  map[charset:utf8 redisPassword:"" redisDB:3 poolname:FA_MEM port:3306 user:fa_db password:1qaz!QAZ ip:192.168.88.181 database:FA_MEM redisIp:192.168.88.119 redisPort:6379]
SqlString  SELECT RTP,Amount,Bonus  FROM M_RtpSetting  WHERE Sid = 1   AND State = 1   AND LTG_Code = 6 AND Gid = 36
sqlResult   map[count:0 state:0 result:]
[2020-01-02 13:25:05] rtpData ------->   map[state:0 result: count:0] 
[GIN] 2020/01/02 - 13:25:05 | 200 |     2.94956ms |  192.168.66.115 | POST     /getResult
[2020-01-02 13:25:07] 自開彩開獎  {202001020162 5 39 true} 
ConfigData  map[charset:utf8 redisIp:192.168.88.119 redisDB:3 ip:192.168.88.181 port:3306 database:FA_MEM redisPort:6379 redisPassword:"" poolname:FA_MEM user:fa_db password:1qaz!QAZ]
SqlString  SELECT RTP,Amount,Bonus  FROM M_RtpSetting  WHERE Sid = 1   AND State = 1   AND LTG_Code = 5 AND Gid = 39
sqlResult   map[result: count:0 state:0]
[2020-01-02 13:25:07] rtpData ------->   map[state:0 result: count:0] 
[GIN] 2020/01/02 - 13:25:07 | 200 |    2.373303ms |  192.168.66.115 | POST     /getResult
[2020-01-02 13:25:07] 自開彩開獎  {202001020806 4 40 true} 
ConfigData  map[ip:192.168.88.181 password:1qaz!QAZ database:FA_MEM redisIp:192.168.88.119 redisDB:3 poolname:FA_MEM port:3306 user:fa_db charset:utf8 redisPort:6379 redisPassword:""]
SqlString  SELECT RTP,Amount,Bonus  FROM M_RtpSetting  WHERE Sid = 1   AND State = 1   AND LTG_Code = 4 AND Gid = 40
sqlResult   map[count:0 state:0 result:]
[2020-01-02 13:25:07] rtpData ------->   map[result: count:0 state:0] 
[GIN] 2020/01/02 - 13:25:07 | 200 |     2.25079ms |  192.168.66.115 | POST     /getResult
[2020-01-02 13:25:07] 自開彩開獎  {202001020806 1 34 true} 
ConfigData  map[user:fa_db password:1qaz!QAZ database:FA_MEM redisIp:192.168.88.119 redisDB:3 ip:192.168.88.181 poolname:FA_MEM redisPort:6379 redisPassword:"" port:3306 charset:utf8]
SqlString  SELECT RTP,Amount,Bonus  FROM M_RtpSetting  WHERE Sid = 1   AND State = 1   AND LTG_Code = 1 AND Gid = 34
sqlResult   map[result: count:0 state:0]
[2020-01-02 13:25:07] rtpData ------->   map[result: count:0 state:0] 
[GIN] 2020/01/02 - 13:25:07 | 200 |    2.731623ms |  192.168.66.115 | POST     /getResult
[2020-01-02 13:25:08] 自開彩開獎  {202001020806 5 38 true} 
ConfigData  map[user:fa_db password:1qaz!QAZ redisIp:192.168.88.119 charset:utf8 redisPort:6379 redisPassword:"" redisDB:3 ip:192.168.88.181 poolname:FA_MEM port:3306 database:FA_MEM]
SqlString  SELECT RTP,Amount,Bonus  FROM M_RtpSetting  WHERE Sid = 1   AND State = 1   AND LTG_Code = 5 AND Gid = 38
sqlResult   map[state:0 result: count:0]
[2020-01-02 13:25:08] rtpData ------->   map[result: count:0 state:0] 
[GIN] 2020/01/02 - 13:25:08 | 200 |    2.669489ms |  192.168.66.115 | POST     /getResult
[2020-01-02 13:25:08] 自開彩開獎  {202001020269 4 41 true} 
ConfigData  map[redisPassword:"" poolname:FA_MEM port:3306 redisIp:192.168.88.119 redisPort:6379 charset:utf8 redisDB:3 ip:192.168.88.181 user:fa_db password:1qaz!QAZ database:FA_MEM]
SqlString  SELECT RTP,Amount,Bonus  FROM M_RtpSetting  WHERE Sid = 1   AND State = 1   AND LTG_Code = 4 AND Gid = 41
sqlResult   map[result: count:0 state:0]
[2020-01-02 13:25:08] rtpData ------->   map[count:0 state:0 result:] 
[GIN] 2020/01/02 - 13:25:08 | 200 |    2.904832ms |  192.168.66.115 | POST     /getResult
[2020-01-02 13:25:10] 自開彩開獎  {202001020269 1 35 true} 
ConfigData  map[database:FA_MEM charset:utf8 redisPort:6379 redisPassword:"" ip:192.168.88.181 user:fa_db password:1qaz!QAZ redisDB:3 poolname:FA_MEM port:3306 redisIp:192.168.88.119]
SqlString  SELECT RTP,Amount,Bonus  FROM M_RtpSetting  WHERE Sid = 1   AND State = 1   AND LTG_Code = 1 AND Gid = 35
sqlResult   map[result: count:0 state:0]
[2020-01-02 13:25:10] rtpData ------->   map[result: count:0 state:0] 
[GIN] 2020/01/02 - 13:25:10 | 200 |    2.868437ms |  192.168.66.115 | POST     /getResult
[2020-01-02 13:25:11] 自開彩開獎  {202001020806 6 36 true} 
ConfigData  map[port:3306 user:fa_db redisPort:6379 redisPassword:"" ip:192.168.88.181 poolname:FA_MEM password:1qaz!QAZ database:FA_MEM charset:utf8 redisIp:192.168.88.119 redisDB:3]
SqlString  SELECT RTP,Amount,Bonus  FROM M_RtpSetting  WHERE Sid = 1   AND State = 1   AND LTG_Code = 6 AND Gid = 36
sqlResult   map[result: count:0 state:0]
[2020-01-02 13:25:11] rtpData ------->   map[result: count:0 state:0] 
[GIN] 2020/01/02 - 13:25:11 | 200 |    3.121987ms |  192.168.66.115 | POST     /getResult
[2020-01-02 13:25:13] 自開彩開獎  {202001020162 5 39 true} 
ConfigData  map[database:FA_MEM charset:utf8 ip:192.168.88.181 port:3306 password:1qaz!QAZ redisPort:6379 redisPassword:"" redisDB:3 poolname:FA_MEM user:fa_db redisIp:192.168.88.119]
SqlString  SELECT RTP,Amount,Bonus  FROM M_RtpSetting  WHERE Sid = 1   AND State = 1   AND LTG_Code = 5 AND Gid = 39
sqlResult   map[state:0 result: count:0]
[2020-01-02 13:25:13] rtpData ------->   map[count:0 state:0 result:] 
[GIN] 2020/01/02 - 13:25:13 | 200 |    2.665334ms |  192.168.66.115 | POST     /getResult
[2020-01-02 13:25:13] 自開彩開獎  {202001020806 4 40 true} 
ConfigData  map[redisPort:6379 redisDB:3 ip:192.168.88.181 port:3306 user:fa_db database:FA_MEM charset:utf8 redisIp:192.168.88.119 poolname:FA_MEM password:1qaz!QAZ redisPassword:""]
SqlString  SELECT RTP,Amount,Bonus  FROM M_RtpSetting  WHERE Sid = 1   AND State = 1   AND LTG_Code = 4 AND Gid = 40
sqlResult   map[count:0 state:0 result:]
[2020-01-02 13:25:13] rtpData ------->   map[result: count:0 state:0] 
[GIN] 2020/01/02 - 13:25:13 | 200 |     2.37441ms |  192.168.66.115 | POST     /getResult
[2020-01-02 13:25:13] 自開彩開獎  {202001020806 1 34 true} 
ConfigData  map[ip:192.168.88.181 port:3306 user:fa_db password:1qaz!QAZ charset:utf8 redisDB:3 poolname:FA_MEM database:FA_MEM redisIp:192.168.88.119 redisPort:6379 redisPassword:""]
SqlString  SELECT RTP,Amount,Bonus  FROM M_RtpSetting  WHERE Sid = 1   AND State = 1   AND LTG_Code = 1 AND Gid = 34
sqlResult   map[result: count:0 state:0]
[2020-01-02 13:25:13] rtpData ------->   map[result: count:0 state:0] 
[GIN] 2020/01/02 - 13:25:13 | 200 |    2.327188ms |  192.168.66.115 | POST     /getResult
[2020-01-02 13:25:14] 自開彩開獎  {202001020806 5 38 true} 
ConfigData  map[database:FA_MEM redisPort:6379 ip:192.168.88.181 poolname:FA_MEM port:3306 user:fa_db password:1qaz!QAZ charset:utf8 redisIp:192.168.88.119 redisPassword:"" redisDB:3]
SqlString  SELECT RTP,Amount,Bonus  FROM M_RtpSetting  WHERE Sid = 1   AND State = 1   AND LTG_Code = 5 AND Gid = 38
sqlResult   map[state:0 result: count:0]
[2020-01-02 13:25:14] rtpData ------->   map[result: count:0 state:0] 
[GIN] 2020/01/02 - 13:25:14 | 200 |    2.398225ms |  192.168.66.115 | POST     /getResult
[2020-01-02 13:25:14] 自開彩開獎  {202001020269 4 41 true} 
ConfigData  map[redisDB:3 ip:192.168.88.181 poolname:FA_MEM redisPort:6379 database:FA_MEM charset:utf8 redisIp:192.168.88.119 redisPassword:"" port:3306 user:fa_db password:1qaz!QAZ]
SqlString  SELECT RTP,Amount,Bonus  FROM M_RtpSetting  WHERE Sid = 1   AND State = 1   AND LTG_Code = 4 AND Gid = 41
sqlResult   map[result: count:0 state:0]
[2020-01-02 13:25:14] rtpData ------->   map[count:0 state:0 result:] 
[GIN] 2020/01/02 - 13:25:14 | 200 |    3.258453ms |  192.168.66.115 | POST     /getResult
[2020-01-02 13:25:16] 自開彩開獎  {202001020269 1 35 true} 
ConfigData  map[poolname:FA_MEM database:FA_MEM charset:utf8 redisPort:6379 ip:192.168.88.181 port:3306 user:fa_db password:1qaz!QAZ redisIp:192.168.88.119 redisPassword:"" redisDB:3]
SqlString  SELECT RTP,Amount,Bonus  FROM M_RtpSetting  WHERE Sid = 1   AND State = 1   AND LTG_Code = 1 AND Gid = 35
sqlResult   map[result: count:0 state:0]
[2020-01-02 13:25:16] rtpData ------->   map[count:0 state:0 result:] 
[GIN] 2020/01/02 - 13:25:16 | 200 |    5.072238ms |  192.168.66.115 | POST     /getResult
[2020-01-02 13:25:17] 自開彩開獎  {202001020806 6 36 true} 
ConfigData  map[poolname:FA_MEM port:3306 user:fa_db password:1qaz!QAZ redisDB:3 ip:192.168.88.181 database:FA_MEM charset:utf8 redisIp:192.168.88.119 redisPort:6379 redisPassword:""]
SqlString  SELECT RTP,Amount,Bonus  FROM M_RtpSetting  WHERE Sid = 1   AND State = 1   AND LTG_Code = 6 AND Gid = 36
sqlResult   map[state:0 result: count:0]
[2020-01-02 13:25:17] rtpData ------->   map[count:0 state:0 result:] 
[GIN] 2020/01/02 - 13:25:17 | 200 |    2.248186ms |  192.168.66.115 | POST     /getResult
[2020-01-02 13:25:19] 自開彩開獎  {202001020162 5 39 true} 
ConfigData  map[port:3306 user:fa_db database:FA_MEM redisIp:192.168.88.119 redisPort:6379 redisDB:3 ip:192.168.88.181 poolname:FA_MEM password:1qaz!QAZ charset:utf8 redisPassword:""]
SqlString  SELECT RTP,Amount,Bonus  FROM M_RtpSetting  WHERE Sid = 1   AND State = 1   AND LTG_Code = 5 AND Gid = 39
sqlResult   map[result: count:0 state:0]
[2020-01-02 13:25:19] rtpData ------->   map[result: count:0 state:0] 
[GIN] 2020/01/02 - 13:25:19 | 200 |    2.542784ms |  192.168.66.115 | POST     /getResult
[2020-01-02 13:25:19] 自開彩開獎  {202001020806 4 40 true} 
ConfigData  map[ip:192.168.88.181 poolname:FA_MEM password:1qaz!QAZ redisIp:192.168.88.119 redisPort:6379 redisPassword:"" port:3306 user:fa_db database:FA_MEM charset:utf8 redisDB:3]
SqlString  SELECT RTP,Amount,Bonus  FROM M_RtpSetting  WHERE Sid = 1   AND State = 1   AND LTG_Code = 4 AND Gid = 40
sqlResult   map[result: count:0 state:0]
[2020-01-02 13:25:19] rtpData ------->   map[result: count:0 state:0] 
[GIN] 2020/01/02 - 13:25:19 | 200 |    2.429517ms |  192.168.66.115 | POST     /getResult
[2020-01-02 13:25:19] 自開彩開獎  {202001020806 1 34 true} 
ConfigData  map[ip:192.168.88.181 port:3306 user:fa_db password:1qaz!QAZ charset:utf8 redisPort:6379 redisPassword:"" poolname:FA_MEM database:FA_MEM redisIp:192.168.88.119 redisDB:3]
SqlString  SELECT RTP,Amount,Bonus  FROM M_RtpSetting  WHERE Sid = 1   AND State = 1   AND LTG_Code = 1 AND Gid = 34
sqlResult   map[state:0 result: count:0]
[2020-01-02 13:25:19] rtpData ------->   map[result: count:0 state:0] 
[GIN] 2020/01/02 - 13:25:19 | 200 |    2.440941ms |  192.168.66.115 | POST     /getResult
[2020-01-02 13:25:20] 自開彩開獎  {202001020806 5 38 true} 
ConfigData  map[ip:192.168.88.181 poolname:FA_MEM user:fa_db password:1qaz!QAZ redisPassword:"" redisDB:3 port:3306 database:FA_MEM charset:utf8 redisIp:192.168.88.119 redisPort:6379]
SqlString  SELECT RTP,Amount,Bonus  FROM M_RtpSetting  WHERE Sid = 1   AND State = 1   AND LTG_Code = 5 AND Gid = 38
sqlResult   map[result: count:0 state:0]
[2020-01-02 13:25:20] rtpData ------->   map[result: count:0 state:0] 
[GIN] 2020/01/02 - 13:25:20 | 200 |    2.661853ms |  192.168.66.115 | POST     /getResult
[2020-01-02 13:25:20] 自開彩開獎  {202001020269 4 41 true} 
ConfigData  map[database:FA_MEM charset:utf8 redisPort:6379 user:fa_db poolname:FA_MEM port:3306 password:1qaz!QAZ redisIp:192.168.88.119 redisPassword:"" redisDB:3 ip:192.168.88.181]
SqlString  SELECT RTP,Amount,Bonus  FROM M_RtpSetting  WHERE Sid = 1   AND State = 1   AND LTG_Code = 4 AND Gid = 41
sqlResult   map[result: count:0 state:0]
[2020-01-02 13:25:20] rtpData ------->   map[result: count:0 state:0] 
[GIN] 2020/01/02 - 13:25:20 | 200 |    3.314535ms |  192.168.66.115 | POST     /getResult
[2020-01-02 13:25:22] 自開彩開獎  {202001020269 1 35 true} 
ConfigData  map[ip:192.168.88.181 password:1qaz!QAZ database:FA_MEM redisDB:3 redisPort:6379 redisPassword:"" poolname:FA_MEM port:3306 user:fa_db charset:utf8 redisIp:192.168.88.119]
SqlString  SELECT RTP,Amount,Bonus  FROM M_RtpSetting  WHERE Sid = 1   AND State = 1   AND LTG_Code = 1 AND Gid = 35
sqlResult   map[result: count:0 state:0]
[2020-01-02 13:25:22] rtpData ------->   map[result: count:0 state:0] 
[GIN] 2020/01/02 - 13:25:22 | 200 |    2.602169ms |  192.168.66.115 | POST     /getResult
[2020-01-02 13:25:23] 自開彩開獎  {202001020806 6 36 true} 
ConfigData  map[password:1qaz!QAZ database:FA_MEM redisDB:3 redisPort:6379 redisPassword:"" ip:192.168.88.181 poolname:FA_MEM port:3306 user:fa_db charset:utf8 redisIp:192.168.88.119]
SqlString  SELECT RTP,Amount,Bonus  FROM M_RtpSetting  WHERE Sid = 1   AND State = 1   AND LTG_Code = 6 AND Gid = 36
sqlResult   map[count:0 state:0 result:]
[2020-01-02 13:25:23] rtpData ------->   map[result: count:0 state:0] 
[GIN] 2020/01/02 - 13:25:23 | 200 |    3.369925ms |  192.168.66.115 | POST     /getResult
[2020-01-02 13:25:25] 自開彩開獎  {202001020162 5 39 true} 
ConfigData  map[poolname:FA_MEM port:3306 user:fa_db database:FA_MEM charset:utf8 redisIp:192.168.88.119 redisPassword:"" ip:192.168.88.181 password:1qaz!QAZ redisPort:6379 redisDB:3]
SqlString  SELECT RTP,Amount,Bonus  FROM M_RtpSetting  WHERE Sid = 1   AND State = 1   AND LTG_Code = 5 AND Gid = 39
sqlResult   map[result: count:0 state:0]
[2020-01-02 13:25:25] rtpData ------->   map[count:0 state:0 result:] 
[GIN] 2020/01/02 - 13:25:25 | 200 |    2.400117ms |  192.168.66.115 | POST     /getResult
[2020-01-02 13:25:25] 自開彩開獎  {202001020806 4 40 true} 
ConfigData  map[ip:192.168.88.181 poolname:FA_MEM user:fa_db password:1qaz!QAZ database:FA_MEM charset:utf8 redisPassword:"" redisDB:3 port:3306 redisIp:192.168.88.119 redisPort:6379]
SqlString  SELECT RTP,Amount,Bonus  FROM M_RtpSetting  WHERE Sid = 1   AND State = 1   AND LTG_Code = 4 AND Gid = 40
sqlResult   map[result: count:0 state:0]
[2020-01-02 13:25:25] rtpData ------->   map[result: count:0 state:0] 
[GIN] 2020/01/02 - 13:25:25 | 200 |    2.465267ms |  192.168.66.115 | POST     /getResult
[2020-01-02 13:25:25] 自開彩開獎  {202001020806 1 34 true} 
ConfigData  map[database:FA_MEM charset:utf8 ip:192.168.88.181 password:1qaz!QAZ user:fa_db redisIp:192.168.88.119 redisPort:6379 redisPassword:"" redisDB:3 poolname:FA_MEM port:3306]
SqlString  SELECT RTP,Amount,Bonus  FROM M_RtpSetting  WHERE Sid = 1   AND State = 1   AND LTG_Code = 1 AND Gid = 34
sqlResult   map[result: count:0 state:0]
[2020-01-02 13:25:25] rtpData ------->   map[result: count:0 state:0] 
[GIN] 2020/01/02 - 13:25:25 | 200 |    2.202253ms |  192.168.66.115 | POST     /getResult
[2020-01-02 13:25:26] 自開彩開獎  {202001020806 5 38 true} 
ConfigData  map[password:1qaz!QAZ database:FA_MEM port:3306 poolname:FA_MEM user:fa_db charset:utf8 redisIp:192.168.88.119 redisPort:6379 redisPassword:"" redisDB:3 ip:192.168.88.181]
SqlString  SELECT RTP,Amount,Bonus  FROM M_RtpSetting  WHERE Sid = 1   AND State = 1   AND LTG_Code = 5 AND Gid = 38
sqlResult   map[count:0 state:0 result:]
[2020-01-02 13:25:26] rtpData ------->   map[result: count:0 state:0] 
[GIN] 2020/01/02 - 13:25:26 | 200 |    2.507238ms |  192.168.66.115 | POST     /getResult
[2020-01-02 13:25:26] 自開彩開獎  {202001020269 4 41 true} 
ConfigData  map[password:1qaz!QAZ redisPassword:"" redisDB:3 poolname:FA_MEM user:fa_db database:FA_MEM charset:utf8 redisIp:192.168.88.119 redisPort:6379 ip:192.168.88.181 port:3306]
SqlString  SELECT RTP,Amount,Bonus  FROM M_RtpSetting  WHERE Sid = 1   AND State = 1   AND LTG_Code = 4 AND Gid = 41
sqlResult   map[result: count:0 state:0]
[2020-01-02 13:25:26] rtpData ------->   map[result: count:0 state:0] 
[GIN] 2020/01/02 - 13:25:26 | 200 |    2.290689ms |  192.168.66.115 | POST     /getResult
[2020-01-02 13:25:28] 自開彩開獎  {202001020269 1 35 true} 
ConfigData  map[poolname:FA_MEM port:3306 user:fa_db password:1qaz!QAZ redisIp:192.168.88.119 redisPassword:"" ip:192.168.88.181 database:FA_MEM charset:utf8 redisPort:6379 redisDB:3]
SqlString  SELECT RTP,Amount,Bonus  FROM M_RtpSetting  WHERE Sid = 1   AND State = 1   AND LTG_Code = 1 AND Gid = 35
sqlResult   map[result: count:0 state:0]
[2020-01-02 13:25:28] rtpData ------->   map[result: count:0 state:0] 
[GIN] 2020/01/02 - 13:25:28 | 200 |    3.168382ms |  192.168.66.115 | POST     /getResult
[2020-01-02 13:25:29] 自開彩開獎  {202001020806 6 36 true} 
ConfigData  map[poolname:FA_MEM port:3306 password:1qaz!QAZ redisPort:6379 redisDB:3 ip:192.168.88.181 user:fa_db database:FA_MEM charset:utf8 redisIp:192.168.88.119 redisPassword:""]
SqlString  SELECT RTP,Amount,Bonus  FROM M_RtpSetting  WHERE Sid = 1   AND State = 1   AND LTG_Code = 6 AND Gid = 36
sqlResult   map[result: count:0 state:0]
[2020-01-02 13:25:29] rtpData ------->   map[result: count:0 state:0] 
[GIN] 2020/01/02 - 13:25:29 | 200 |    2.676696ms |  192.168.66.115 | POST     /getResult
[2020-01-02 13:25:31] 自開彩開獎  {202001020162 5 39 true} 
ConfigData  map[redisPassword:"" ip:192.168.88.181 user:fa_db password:1qaz!QAZ charset:utf8 redisPort:6379 redisDB:3 poolname:FA_MEM port:3306 database:FA_MEM redisIp:192.168.88.119]
SqlString  SELECT RTP,Amount,Bonus  FROM M_RtpSetting  WHERE Sid = 1   AND State = 1   AND LTG_Code = 5 AND Gid = 39
sqlResult   map[count:0 state:0 result:]
[2020-01-02 13:25:31] rtpData ------->   map[state:0 result: count:0] 
[GIN] 2020/01/02 - 13:25:31 | 200 |    2.734404ms |  192.168.66.115 | POST     /getResult
[2020-01-02 13:25:31] 自開彩開獎  {202001020806 4 40 true} 
ConfigData  map[charset:utf8 redisPort:6379 redisPassword:"" redisDB:3 ip:192.168.88.181 port:3306 password:1qaz!QAZ database:FA_MEM redisIp:192.168.88.119 poolname:FA_MEM user:fa_db]
SqlString  SELECT RTP,Amount,Bonus  FROM M_RtpSetting  WHERE Sid = 1   AND State = 1   AND LTG_Code = 4 AND Gid = 40
sqlResult   map[result: count:0 state:0]
[2020-01-02 13:25:31] rtpData ------->   map[result: count:0 state:0] 
[GIN] 2020/01/02 - 13:25:31 | 200 |    2.921952ms |  192.168.66.115 | POST     /getResult
[2020-01-02 13:25:31] 自開彩開獎  {202001020806 1 34 true} 
ConfigData  map[ip:192.168.88.181 port:3306 database:FA_MEM redisPort:6379 redisDB:3 poolname:FA_MEM user:fa_db password:1qaz!QAZ charset:utf8 redisIp:192.168.88.119 redisPassword:""]
SqlString  SELECT RTP,Amount,Bonus  FROM M_RtpSetting  WHERE Sid = 1   AND State = 1   AND LTG_Code = 1 AND Gid = 34
sqlResult   map[result: count:0 state:0]
[2020-01-02 13:25:31] rtpData ------->   map[state:0 result: count:0] 
[GIN] 2020/01/02 - 13:25:31 | 200 |    3.285681ms |  192.168.66.115 | POST     /getResult
[2020-01-02 13:25:32] 自開彩開獎  {202001020806 5 38 true} 
ConfigData  map[ip:192.168.88.181 poolname:FA_MEM user:fa_db database:FA_MEM charset:utf8 redisIp:192.168.88.119 redisPort:6379 redisPassword:"" port:3306 password:1qaz!QAZ redisDB:3]
SqlString  SELECT RTP,Amount,Bonus  FROM M_RtpSetting  WHERE Sid = 1   AND State = 1   AND LTG_Code = 5 AND Gid = 38
sqlResult   map[result: count:0 state:0]
[2020-01-02 13:25:32] rtpData ------->   map[count:0 state:0 result:] 
[GIN] 2020/01/02 - 13:25:32 | 200 |    3.044187ms |  192.168.66.115 | POST     /getResult
[2020-01-02 13:25:32] 自開彩開獎  {202001020269 4 41 true} 
ConfigData  map[ip:192.168.88.181 poolname:FA_MEM user:fa_db database:FA_MEM charset:utf8 redisIp:192.168.88.119 redisPassword:"" port:3306 password:1qaz!QAZ redisPort:6379 redisDB:3]
SqlString  SELECT RTP,Amount,Bonus  FROM M_RtpSetting  WHERE Sid = 1   AND State = 1   AND LTG_Code = 4 AND Gid = 41
sqlResult   map[result: count:0 state:0]
[2020-01-02 13:25:32] rtpData ------->   map[result: count:0 state:0] 
[GIN] 2020/01/02 - 13:25:32 | 200 |    2.226388ms |  192.168.66.115 | POST     /getResult
[2020-01-02 13:25:34] 自開彩開獎  {202001020269 1 35 true} 
ConfigData  map[ip:192.168.88.181 poolname:FA_MEM charset:utf8 redisIp:192.168.88.119 redisPort:6379 redisPassword:"" port:3306 user:fa_db password:1qaz!QAZ database:FA_MEM redisDB:3]
SqlString  SELECT RTP,Amount,Bonus  FROM M_RtpSetting  WHERE Sid = 1   AND State = 1   AND LTG_Code = 1 AND Gid = 35
sqlResult   map[result: count:0 state:0]
[2020-01-02 13:25:34] rtpData ------->   map[result: count:0 state:0] 
[GIN] 2020/01/02 - 13:25:34 | 200 |    2.599261ms |  192.168.66.115 | POST     /getResult
[2020-01-02 13:25:35] 自開彩開獎  {202001020806 6 36 true} 
ConfigData  map[user:fa_db charset:utf8 redisPort:6379 password:1qaz!QAZ database:FA_MEM redisIp:192.168.88.119 redisPassword:"" redisDB:3 ip:192.168.88.181 poolname:FA_MEM port:3306]
SqlString  SELECT RTP,Amount,Bonus  FROM M_RtpSetting  WHERE Sid = 1   AND State = 1   AND LTG_Code = 6 AND Gid = 36
sqlResult   map[result: count:0 state:0]
[2020-01-02 13:25:35] rtpData ------->   map[result: count:0 state:0] 
[GIN] 2020/01/02 - 13:25:35 | 200 |     2.21266ms |  192.168.66.115 | POST     /getResult
[2020-01-02 13:25:37] 自開彩開獎  {202001020162 5 39 true} 
ConfigData  map[ip:192.168.88.181 poolname:FA_MEM password:1qaz!QAZ redisPort:6379 redisDB:3 port:3306 user:fa_db database:FA_MEM charset:utf8 redisIp:192.168.88.119 redisPassword:""]
SqlString  SELECT RTP,Amount,Bonus  FROM M_RtpSetting  WHERE Sid = 1   AND State = 1   AND LTG_Code = 5 AND Gid = 39
sqlResult   map[result: count:0 state:0]
[2020-01-02 13:25:37] rtpData ------->   map[result: count:0 state:0] 
[GIN] 2020/01/02 - 13:25:37 | 200 |    2.726644ms |  192.168.66.115 | POST     /getResult
[2020-01-02 13:25:37] 自開彩開獎  {202001020806 4 40 true} 
ConfigData  map[charset:utf8 redisPort:6379 redisPassword:"" poolname:FA_MEM port:3306 database:FA_MEM redisIp:192.168.88.119 redisDB:3 ip:192.168.88.181 user:fa_db password:1qaz!QAZ]
SqlString  SELECT RTP,Amount,Bonus  FROM M_RtpSetting  WHERE Sid = 1   AND State = 1   AND LTG_Code = 4 AND Gid = 40
sqlResult   map[result: count:0 state:0]
[2020-01-02 13:25:37] rtpData ------->   map[result: count:0 state:0] 
[GIN] 2020/01/02 - 13:25:37 | 200 |     2.59808ms |  192.168.66.115 | POST     /getResult
[2020-01-02 13:25:37] 自開彩開獎  {202001020806 1 34 true} 
ConfigData  map[poolname:FA_MEM redisPassword:"" redisIp:192.168.88.119 redisPort:6379 ip:192.168.88.181 port:3306 user:fa_db password:1qaz!QAZ database:FA_MEM charset:utf8 redisDB:3]
SqlString  SELECT RTP,Amount,Bonus  FROM M_RtpSetting  WHERE Sid = 1   AND State = 1   AND LTG_Code = 1 AND Gid = 34
sqlResult   map[result: count:0 state:0]
[2020-01-02 13:25:37] rtpData ------->   map[result: count:0 state:0] 
[GIN] 2020/01/02 - 13:25:37 | 200 |    2.218308ms |  192.168.66.115 | POST     /getResult
[2020-01-02 13:25:38] 自開彩開獎  {202001020806 5 38 true} 
ConfigData  map[user:fa_db password:1qaz!QAZ database:FA_MEM charset:utf8 redisIp:192.168.88.119 redisDB:3 ip:192.168.88.181 port:3306 redisPort:6379 redisPassword:"" poolname:FA_MEM]
SqlString  SELECT RTP,Amount,Bonus  FROM M_RtpSetting  WHERE Sid = 1   AND State = 1   AND LTG_Code = 5 AND Gid = 38
sqlResult   map[result: count:0 state:0]
[2020-01-02 13:25:38] rtpData ------->   map[state:0 result: count:0] 
[GIN] 2020/01/02 - 13:25:38 | 200 |     3.16846ms |  192.168.66.115 | POST     /getResult
[2020-01-02 13:25:38] 自開彩開獎  {202001020269 4 41 true} 
ConfigData  map[redisPassword:"" redisDB:3 poolname:FA_MEM port:3306 password:1qaz!QAZ charset:utf8 redisIp:192.168.88.119 redisPort:6379 ip:192.168.88.181 user:fa_db database:FA_MEM]
SqlString  SELECT RTP,Amount,Bonus  FROM M_RtpSetting  WHERE Sid = 1   AND State = 1   AND LTG_Code = 4 AND Gid = 41
sqlResult   map[result: count:0 state:0]
[2020-01-02 13:25:38] rtpData ------->   map[result: count:0 state:0] 
[GIN] 2020/01/02 - 13:25:38 | 200 |    2.986924ms |  192.168.66.115 | POST     /getResult
[2020-01-02 13:25:40] 自開彩開獎  {202001020269 1 35 true} 
ConfigData  map[poolname:FA_MEM charset:utf8 redisIp:192.168.88.119 redisPassword:"" redisDB:3 ip:192.168.88.181 port:3306 user:fa_db password:1qaz!QAZ database:FA_MEM redisPort:6379]
SqlString  SELECT RTP,Amount,Bonus  FROM M_RtpSetting  WHERE Sid = 1   AND State = 1   AND LTG_Code = 1 AND Gid = 35
sqlResult   map[result: count:0 state:0]
[2020-01-02 13:25:40] rtpData ------->   map[state:0 result: count:0] 
[GIN] 2020/01/02 - 13:25:40 | 200 |     2.68211ms |  192.168.66.115 | POST     /getResult
[2020-01-02 13:25:41] 自開彩開獎  {202001020806 6 36 true} 
ConfigData  map[database:FA_MEM ip:192.168.88.181 user:fa_db password:1qaz!QAZ redisIp:192.168.88.119 redisPort:6379 redisPassword:"" redisDB:3 poolname:FA_MEM port:3306 charset:utf8]
SqlString  SELECT RTP,Amount,Bonus  FROM M_RtpSetting  WHERE Sid = 1   AND State = 1   AND LTG_Code = 6 AND Gid = 36
sqlResult   map[result: count:0 state:0]
[2020-01-02 13:25:41] rtpData ------->   map[result: count:0 state:0] 
[GIN] 2020/01/02 - 13:25:41 | 200 |    2.147179ms |  192.168.66.115 | POST     /getResult
[2020-01-02 13:25:43] 自開彩開獎  {202001020162 5 39 true} 
ConfigData  map[database:FA_MEM redisPort:6379 redisPassword:"" redisDB:3 password:1qaz!QAZ charset:utf8 redisIp:192.168.88.119 ip:192.168.88.181 poolname:FA_MEM port:3306 user:fa_db]
SqlString  SELECT RTP,Amount,Bonus  FROM M_RtpSetting  WHERE Sid = 1   AND State = 1   AND LTG_Code = 5 AND Gid = 39
sqlResult   map[state:0 result: count:0]
[2020-01-02 13:25:43] rtpData ------->   map[state:0 result: count:0] 
[GIN] 2020/01/02 - 13:25:43 | 200 |    2.708896ms |  192.168.66.115 | POST     /getResult
[2020-01-02 13:25:43] 自開彩開獎  {202001020806 4 40 true} 
ConfigData  map[ip:192.168.88.181 database:FA_MEM redisPassword:"" redisDB:3 poolname:FA_MEM port:3306 user:fa_db password:1qaz!QAZ charset:utf8 redisIp:192.168.88.119 redisPort:6379]
SqlString  SELECT RTP,Amount,Bonus  FROM M_RtpSetting  WHERE Sid = 1   AND State = 1   AND LTG_Code = 4 AND Gid = 40
sqlResult   map[result: count:0 state:0]
[2020-01-02 13:25:43] rtpData ------->   map[result: count:0 state:0] 
[GIN] 2020/01/02 - 13:25:43 | 200 |    3.359901ms |  192.168.66.115 | POST     /getResult
[2020-01-02 13:25:43] 自開彩開獎  {202001020806 1 34 true} 
ConfigData  map[redisPort:6379 redisDB:3 poolname:FA_MEM user:fa_db password:1qaz!QAZ database:FA_MEM redisIp:192.168.88.119 ip:192.168.88.181 port:3306 charset:utf8 redisPassword:""]
SqlString  SELECT RTP,Amount,Bonus  FROM M_RtpSetting  WHERE Sid = 1   AND State = 1   AND LTG_Code = 1 AND Gid = 34
sqlResult   map[result: count:0 state:0]
[2020-01-02 13:25:43] rtpData ------->   map[result: count:0 state:0] 
[GIN] 2020/01/02 - 13:25:43 | 200 |    2.190844ms |  192.168.66.115 | POST     /getResult
[2020-01-02 13:25:44] 自開彩開獎  {202001020806 5 38 true} 
ConfigData  map[charset:utf8 redisIp:192.168.88.119 redisPort:6379 redisDB:3 ip:192.168.88.181 poolname:FA_MEM user:fa_db database:FA_MEM port:3306 password:1qaz!QAZ redisPassword:""]
SqlString  SELECT RTP,Amount,Bonus  FROM M_RtpSetting  WHERE Sid = 1   AND State = 1   AND LTG_Code = 5 AND Gid = 38
sqlResult   map[count:0 state:0 result:]
[2020-01-02 13:25:44] rtpData ------->   map[result: count:0 state:0] 
[GIN] 2020/01/02 - 13:25:44 | 200 |    2.480169ms |  192.168.66.115 | POST     /getResult
[2020-01-02 13:25:44] 自開彩開獎  {202001020269 4 41 true} 
ConfigData  map[port:3306 user:fa_db password:1qaz!QAZ charset:utf8 redisIp:192.168.88.119 redisPort:6379 redisPassword:"" ip:192.168.88.181 redisDB:3 database:FA_MEM poolname:FA_MEM]
SqlString  SELECT RTP,Amount,Bonus  FROM M_RtpSetting  WHERE Sid = 1   AND State = 1   AND LTG_Code = 4 AND Gid = 41
sqlResult   map[result: count:0 state:0]
[2020-01-02 13:25:44] rtpData ------->   map[count:0 state:0 result:] 
[GIN] 2020/01/02 - 13:25:44 | 200 |    1.984193ms |  192.168.66.115 | POST     /getResult
[2020-01-02 13:25:46] 自開彩開獎  {202001020269 1 35 true} 
ConfigData  map[charset:utf8 ip:192.168.88.181 user:fa_db password:1qaz!QAZ database:FA_MEM redisIp:192.168.88.119 redisPort:6379 redisPassword:"" redisDB:3 poolname:FA_MEM port:3306]
SqlString  SELECT RTP,Amount,Bonus  FROM M_RtpSetting  WHERE Sid = 1   AND State = 1   AND LTG_Code = 1 AND Gid = 35
sqlResult   map[result: count:0 state:0]
[2020-01-02 13:25:46] rtpData ------->   map[state:0 result: count:0] 
[GIN] 2020/01/02 - 13:25:46 | 200 |    2.359633ms |  192.168.66.115 | POST     /getResult
[2020-01-02 13:25:47] 自開彩開獎  {202001020806 6 36 true} 
ConfigData  map[password:1qaz!QAZ redisIp:192.168.88.119 redisPort:6379 redisDB:3 ip:192.168.88.181 port:3306 user:fa_db redisPassword:"" poolname:FA_MEM database:FA_MEM charset:utf8]
SqlString  SELECT RTP,Amount,Bonus  FROM M_RtpSetting  WHERE Sid = 1   AND State = 1   AND LTG_Code = 6 AND Gid = 36
sqlResult   map[result: count:0 state:0]
[2020-01-02 13:25:47] rtpData ------->   map[result: count:0 state:0] 
[GIN] 2020/01/02 - 13:25:47 | 200 |    2.491211ms |  192.168.66.115 | POST     /getResult
[2020-01-02 13:25:49] 自開彩開獎  {202001020162 5 39 true} 
ConfigData  map[redisDB:3 ip:192.168.88.181 poolname:FA_MEM port:3306 charset:utf8 redisIp:192.168.88.119 redisPassword:"" user:fa_db password:1qaz!QAZ database:FA_MEM redisPort:6379]
SqlString  SELECT RTP,Amount,Bonus  FROM M_RtpSetting  WHERE Sid = 1   AND State = 1   AND LTG_Code = 5 AND Gid = 39
sqlResult   map[result: count:0 state:0]
[2020-01-02 13:25:49] rtpData ------->   map[result: count:0 state:0] 
[GIN] 2020/01/02 - 13:25:49 | 200 |    2.644722ms |  192.168.66.115 | POST     /getResult
[2020-01-02 13:25:49] 自開彩開獎  {202001020806 4 40 true} 
ConfigData  map[redisPassword:"" ip:192.168.88.181 database:FA_MEM redisIp:192.168.88.119 redisPort:6379 charset:utf8 redisDB:3 poolname:FA_MEM port:3306 user:fa_db password:1qaz!QAZ]
SqlString  SELECT RTP,Amount,Bonus  FROM M_RtpSetting  WHERE Sid = 1   AND State = 1   AND LTG_Code = 4 AND Gid = 40
sqlResult   map[result: count:0 state:0]
[2020-01-02 13:25:49] rtpData ------->   map[result: count:0 state:0] 
[GIN] 2020/01/02 - 13:25:49 | 200 |    2.207809ms |  192.168.66.115 | POST     /getResult
[2020-01-02 13:25:49] 自開彩開獎  {202001020806 1 34 true} 
ConfigData  map[ip:192.168.88.181 poolname:FA_MEM database:FA_MEM charset:utf8 redisPort:6379 port:3306 user:fa_db password:1qaz!QAZ redisIp:192.168.88.119 redisPassword:"" redisDB:3]
SqlString  SELECT RTP,Amount,Bonus  FROM M_RtpSetting  WHERE Sid = 1   AND State = 1   AND LTG_Code = 1 AND Gid = 34
sqlResult   map[result: count:0 state:0]
[2020-01-02 13:25:49] rtpData ------->   map[count:0 state:0 result:] 
[GIN] 2020/01/02 - 13:25:49 | 200 |    2.133681ms |  192.168.66.115 | POST     /getResult
[2020-01-02 13:25:50] 自開彩開獎  {202001020806 5 38 true} 
ConfigData  map[redisDB:3 poolname:FA_MEM user:fa_db database:FA_MEM charset:utf8 redisIp:192.168.88.119 redisPort:6379 ip:192.168.88.181 port:3306 password:1qaz!QAZ redisPassword:""]
SqlString  SELECT RTP,Amount,Bonus  FROM M_RtpSetting  WHERE Sid = 1   AND State = 1   AND LTG_Code = 5 AND Gid = 38
sqlResult   map[result: count:0 state:0]
[2020-01-02 13:25:50] rtpData ------->   map[result: count:0 state:0] 
[GIN] 2020/01/02 - 13:25:50 | 200 |    2.388838ms |  192.168.66.115 | POST     /getResult
[2020-01-02 13:25:50] 自開彩開獎  {202001020269 4 41 true} 
ConfigData  map[ip:192.168.88.181 user:fa_db database:FA_MEM redisPassword:"" redisPort:6379 redisDB:3 poolname:FA_MEM port:3306 password:1qaz!QAZ charset:utf8 redisIp:192.168.88.119]
SqlString  SELECT RTP,Amount,Bonus  FROM M_RtpSetting  WHERE Sid = 1   AND State = 1   AND LTG_Code = 4 AND Gid = 41
sqlResult   map[result: count:0 state:0]
[2020-01-02 13:25:50] rtpData ------->   map[count:0 state:0 result:] 
[GIN] 2020/01/02 - 13:25:50 | 200 |    2.434503ms |  192.168.66.115 | POST     /getResult
[2020-01-02 13:25:52] 自開彩開獎  {202001020269 1 35 true} 
ConfigData  map[port:3306 user:fa_db database:FA_MEM charset:utf8 redisPort:6379 redisDB:3 ip:192.168.88.181 poolname:FA_MEM password:1qaz!QAZ redisIp:192.168.88.119 redisPassword:""]
SqlString  SELECT RTP,Amount,Bonus  FROM M_RtpSetting  WHERE Sid = 1   AND State = 1   AND LTG_Code = 1 AND Gid = 35
sqlResult   map[state:0 result: count:0]
[2020-01-02 13:25:52] rtpData ------->   map[result: count:0 state:0] 
[GIN] 2020/01/02 - 13:25:52 | 200 |    3.097056ms |  192.168.66.115 | POST     /getResult
[2020-01-02 13:25:53] 自開彩開獎  {202001020806 6 36 true} 
ConfigData  map[user:fa_db redisIp:192.168.88.119 redisDB:3 password:1qaz!QAZ database:FA_MEM charset:utf8 redisPort:6379 redisPassword:"" ip:192.168.88.181 poolname:FA_MEM port:3306]
SqlString  SELECT RTP,Amount,Bonus  FROM M_RtpSetting  WHERE Sid = 1   AND State = 1   AND LTG_Code = 6 AND Gid = 36
sqlResult   map[result: count:0 state:0]
[2020-01-02 13:25:53] rtpData ------->   map[state:0 result: count:0] 
[GIN] 2020/01/02 - 13:25:53 | 200 |    3.325461ms |  192.168.66.115 | POST     /getResult
[2020-01-02 13:25:55] 自開彩開獎  {202001020162 5 39 true} 
ConfigData  map[database:FA_MEM redisPort:6379 redisPassword:"" redisDB:3 ip:192.168.88.181 user:fa_db password:1qaz!QAZ redisIp:192.168.88.119 poolname:FA_MEM port:3306 charset:utf8]
SqlString  SELECT RTP,Amount,Bonus  FROM M_RtpSetting  WHERE Sid = 1   AND State = 1   AND LTG_Code = 5 AND Gid = 39
sqlResult   map[count:0 state:0 result:]
[2020-01-02 13:25:55] rtpData ------->   map[result: count:0 state:0] 
[GIN] 2020/01/02 - 13:25:55 | 200 |    3.093195ms |  192.168.66.115 | POST     /getResult
[2020-01-02 13:25:55] 自開彩開獎  {202001020806 4 40 true} 
ConfigData  map[ip:192.168.88.181 poolname:FA_MEM user:fa_db charset:utf8 redisDB:3 port:3306 password:1qaz!QAZ database:FA_MEM redisIp:192.168.88.119 redisPort:6379 redisPassword:""]
SqlString  SELECT RTP,Amount,Bonus  FROM M_RtpSetting  WHERE Sid = 1   AND State = 1   AND LTG_Code = 4 AND Gid = 40
sqlResult   map[count:0 state:0 result:]
[2020-01-02 13:25:55] rtpData ------->   map[result: count:0 state:0] 
[GIN] 2020/01/02 - 13:25:55 | 200 |     2.13949ms |  192.168.66.115 | POST     /getResult
[2020-01-02 13:25:55] 自開彩開獎  {202001020806 1 34 true} 
ConfigData  map[poolname:FA_MEM port:3306 charset:utf8 redisDB:3 redisPassword:"" ip:192.168.88.181 user:fa_db password:1qaz!QAZ database:FA_MEM redisIp:192.168.88.119 redisPort:6379]
SqlString  SELECT RTP,Amount,Bonus  FROM M_RtpSetting  WHERE Sid = 1   AND State = 1   AND LTG_Code = 1 AND Gid = 34
sqlResult   map[result: count:0 state:0]
[2020-01-02 13:25:55] rtpData ------->   map[result: count:0 state:0] 
[GIN] 2020/01/02 - 13:25:55 | 200 |      2.4322ms |  192.168.66.115 | POST     /getResult
[2020-01-02 13:25:56] 自開彩開獎  {202001020806 5 38 true} 
ConfigData  map[charset:utf8 redisPort:6379 redisPassword:"" redisDB:3 ip:192.168.88.181 poolname:FA_MEM port:3306 database:FA_MEM user:fa_db password:1qaz!QAZ redisIp:192.168.88.119]
SqlString  SELECT RTP,Amount,Bonus  FROM M_RtpSetting  WHERE Sid = 1   AND State = 1   AND LTG_Code = 5 AND Gid = 38
sqlResult   map[result: count:0 state:0]
[2020-01-02 13:25:56] rtpData ------->   map[result: count:0 state:0] 
[GIN] 2020/01/02 - 13:25:56 | 200 |    6.640768ms |  192.168.66.115 | POST     /getResult
[2020-01-02 13:25:56] 自開彩開獎  {202001020269 4 41 true} 
ConfigData  map[redisPassword:"" poolname:FA_MEM user:fa_db database:FA_MEM charset:utf8 redisPort:6379 redisDB:3 ip:192.168.88.181 port:3306 password:1qaz!QAZ redisIp:192.168.88.119]
SqlString  SELECT RTP,Amount,Bonus  FROM M_RtpSetting  WHERE Sid = 1   AND State = 1   AND LTG_Code = 4 AND Gid = 41
sqlResult   map[state:0 result: count:0]
[2020-01-02 13:25:56] rtpData ------->   map[result: count:0 state:0] 
[GIN] 2020/01/02 - 13:25:56 | 200 |    2.502085ms |  192.168.66.115 | POST     /getResult
[2020-01-02 13:25:58] 自開彩開獎  {202001020269 1 35 true} 
ConfigData  map[ip:192.168.88.181 poolname:FA_MEM port:3306 password:1qaz!QAZ database:FA_MEM redisPassword:"" user:fa_db charset:utf8 redisIp:192.168.88.119 redisPort:6379 redisDB:3]
SqlString  SELECT RTP,Amount,Bonus  FROM M_RtpSetting  WHERE Sid = 1   AND State = 1   AND LTG_Code = 1 AND Gid = 35
sqlResult   map[count:0 state:0 result:]
[2020-01-02 13:25:58] rtpData ------->   map[result: count:0 state:0] 
[GIN] 2020/01/02 - 13:25:58 | 200 |    3.086855ms |  192.168.66.115 | POST     /getResult
[2020-01-02 13:25:59] 自開彩開獎  {202001020806 6 36 true} 
ConfigData  map[charset:utf8 redisIp:192.168.88.119 redisDB:3 ip:192.168.88.181 poolname:FA_MEM port:3306 database:FA_MEM user:fa_db password:1qaz!QAZ redisPort:6379 redisPassword:""]
SqlString  SELECT RTP,Amount,Bonus  FROM M_RtpSetting  WHERE Sid = 1   AND State = 1   AND LTG_Code = 6 AND Gid = 36
sqlResult   map[result: count:0 state:0]
[2020-01-02 13:25:59] rtpData ------->   map[result: count:0 state:0] 
[GIN] 2020/01/02 - 13:25:59 | 200 |    2.847156ms |  192.168.66.115 | POST     /getResult
[2020-01-02 13:26:00] 自開彩開獎  {202001020807 2 26 true} 
ConfigData  map[poolname:FA_MEM charset:utf8 redisIp:192.168.88.119 redisPort:6379 redisPassword:"" ip:192.168.88.181 port:3306 user:fa_db password:1qaz!QAZ database:FA_MEM redisDB:3]
SqlString  SELECT RTP,Amount,Bonus  FROM M_RtpSetting  WHERE Sid = 1   AND State = 1   AND LTG_Code = 2 AND Gid = 26
sqlResult   map[result:0.9600 count:1 state:1 amount:1.0069588e+06 bonus:908100.71]
[2020-01-02 13:26:00] rtpData ------->   map[amount:1.0069588e+06 bonus:908100.71 result:0.9600 count:1 state:1] 
ConfigData  map[password:1qaz!QAZ redisPort:6379 redisPassword:"" port:3306 user:fa_db database:FA_MEM charset:utf8 redisIp:192.168.88.119 redisDB:3 ip:192.168.88.181 poolname:FA_MEM]
SELECT BO_No, BO_OrderNo , BO_User , BO_Issue  , BO_LotteryTypeGroup, BO_LotteryType, BO_Mode, BO_LotteryPlayGroup, BO_LotteryPlay , BO_LotteryContent, BO_Price, BO_RealPrice, BO_Unit, BO_Multiple , BO_BetCount  , BO_Winnings, BO_Winnings2, BO_Winnings3, BO_WinningLimit  , BO_Water , BO_BW_SourceUserId, BO_BW_BackWater, BO_BW_LimitBetCount, BO_BW_MaxAmount, BO_BW_AuditMultiple  , BO_Odds, BO_Odds2, BO_Odds3 , BO_Type, BO_Chase , BO_OpenResult, BO_OpenResult2, BO_DateDraw, BO_DateDraw2, BO_DateUpdate  FROM TS_BetOrder  WHERE BO_Cancel = 0   AND BO_CancelBackend = 0   AND BO_LotteryTypeGroup = 2 AND BO_LotteryType = 26 AND BO_Issue = 202001020807 AND BO_Collect = 0 ORDER BY BO_DateDraw ASC, BO_DateCreate ASC, BO_DateUpdate ASC, BO_No ASC ;
[2020-01-02 13:26:00] LottteryTypeGroup 2 
[2020-01-02 13:26:00] 有期號 但無注單 -------> map[amount:0 bonus:0 thisOpenResult:[2 3 7 0 4]] 
[GIN] 2020/01/02 - 13:26:00 | 200 |    4.660046ms |  192.168.66.115 | POST     /getResult
[2020-01-02 13:26:01] 自開彩開獎  {202001020162 5 39 true} 
ConfigData  map[ip:192.168.88.181 poolname:FA_MEM port:3306 user:fa_db password:1qaz!QAZ database:FA_MEM charset:utf8 redisIp:192.168.88.119 redisPort:6379 redisPassword:"" redisDB:3]
SqlString  SELECT RTP,Amount,Bonus  FROM M_RtpSetting  WHERE Sid = 1   AND State = 1   AND LTG_Code = 5 AND Gid = 39
sqlResult   map[result: count:0 state:0]
[2020-01-02 13:26:01] rtpData ------->   map[result: count:0 state:0] 
[GIN] 2020/01/02 - 13:26:01 | 200 |    2.540528ms |  192.168.66.115 | POST     /getResult
[2020-01-02 13:26:01] 自開彩開獎  {202001020806 4 40 true} 
ConfigData  map[redisPassword:"" port:3306 user:fa_db password:1qaz!QAZ database:FA_MEM charset:utf8 redisIp:192.168.88.119 redisPort:6379 ip:192.168.88.181 poolname:FA_MEM redisDB:3]
SqlString  SELECT RTP,Amount,Bonus  FROM M_RtpSetting  WHERE Sid = 1   AND State = 1   AND LTG_Code = 4 AND Gid = 40
sqlResult   map[result: count:0 state:0]
[2020-01-02 13:26:01] rtpData ------->   map[result: count:0 state:0] 
[GIN] 2020/01/02 - 13:26:01 | 200 |    3.041511ms |  192.168.66.115 | POST     /getResult
[2020-01-02 13:26:01] 自開彩開獎  {202001020806 1 34 true} 
ConfigData  map[redisPassword:"" redisDB:3 port:3306 user:fa_db charset:utf8 redisIp:192.168.88.119 redisPort:6379 ip:192.168.88.181 poolname:FA_MEM password:1qaz!QAZ database:FA_MEM]
SqlString  SELECT RTP,Amount,Bonus  FROM M_RtpSetting  WHERE Sid = 1   AND State = 1   AND LTG_Code = 1 AND Gid = 34
sqlResult   map[result: count:0 state:0]
[2020-01-02 13:26:01] rtpData ------->   map[result: count:0 state:0] 
[GIN] 2020/01/02 - 13:26:01 | 200 |    2.502127ms |  192.168.66.115 | POST     /getResult
[2020-01-02 13:26:02] 自開彩開獎  {202001020806 5 38 true} 
ConfigData  map[password:1qaz!QAZ charset:utf8 redisPort:6379 redisDB:3 redisPassword:"" ip:192.168.88.181 poolname:FA_MEM port:3306 user:fa_db database:FA_MEM redisIp:192.168.88.119]
SqlString  SELECT RTP,Amount,Bonus  FROM M_RtpSetting  WHERE Sid = 1   AND State = 1   AND LTG_Code = 5 AND Gid = 38
sqlResult   map[count:0 state:0 result:]
[2020-01-02 13:26:02] rtpData ------->   map[count:0 state:0 result:] 
[GIN] 2020/01/02 - 13:26:02 | 200 |    3.297155ms |  192.168.66.115 | POST     /getResult
[2020-01-02 13:26:02] 自開彩開獎  {202001020269 4 41 true} 
ConfigData  map[ip:192.168.88.181 poolname:FA_MEM port:3306 user:fa_db redisPort:6379 password:1qaz!QAZ database:FA_MEM charset:utf8 redisIp:192.168.88.119 redisPassword:"" redisDB:3]
SqlString  SELECT RTP,Amount,Bonus  FROM M_RtpSetting  WHERE Sid = 1   AND State = 1   AND LTG_Code = 4 AND Gid = 41
sqlResult   map[state:0 result: count:0]
[2020-01-02 13:26:02] rtpData ------->   map[count:0 state:0 result:] 
[GIN] 2020/01/02 - 13:26:02 | 200 |    2.459948ms |  192.168.66.115 | POST     /getResult
[2020-01-02 13:26:04] 自開彩開獎  {202001020269 1 35 true} 
ConfigData  map[user:fa_db password:1qaz!QAZ charset:utf8 redisIp:192.168.88.119 redisPort:6379 redisPassword:"" ip:192.168.88.181 poolname:FA_MEM port:3306 database:FA_MEM redisDB:3]
SqlString  SELECT RTP,Amount,Bonus  FROM M_RtpSetting  WHERE Sid = 1   AND State = 1   AND LTG_Code = 1 AND Gid = 35
sqlResult   map[state:0 result: count:0]
[2020-01-02 13:26:04] rtpData ------->   map[state:0 result: count:0] 
[GIN] 2020/01/02 - 13:26:04 | 200 |    2.812996ms |  192.168.66.115 | POST     /getResult
[2020-01-02 13:26:05] 自開彩開獎  {202001020806 6 36 true} 
ConfigData  map[ip:192.168.88.181 user:fa_db password:1qaz!QAZ charset:utf8 redisIp:192.168.88.119 redisPort:6379 redisDB:3 poolname:FA_MEM port:3306 database:FA_MEM redisPassword:""]
SqlString  SELECT RTP,Amount,Bonus  FROM M_RtpSetting  WHERE Sid = 1   AND State = 1   AND LTG_Code = 6 AND Gid = 36
sqlResult   map[result: count:0 state:0]
[2020-01-02 13:26:05] rtpData ------->   map[result: count:0 state:0] 
[GIN] 2020/01/02 - 13:26:05 | 200 |    3.020758ms |  192.168.66.115 | POST     /getResult
[2020-01-02 13:26:07] 自開彩開獎  {202001020807 4 40 true} 
ConfigData  map[ip:192.168.88.181 poolname:FA_MEM password:1qaz!QAZ redisPort:6379 port:3306 user:fa_db database:FA_MEM charset:utf8 redisIp:192.168.88.119 redisPassword:"" redisDB:3]
SqlString  SELECT RTP,Amount,Bonus  FROM M_RtpSetting  WHERE Sid = 1   AND State = 1   AND LTG_Code = 4 AND Gid = 40
sqlResult   map[count:0 state:0 result:]
[2020-01-02 13:26:07] rtpData ------->   map[state:0 result: count:0] 
[GIN] 2020/01/02 - 13:26:07 | 200 |    2.355857ms |  192.168.66.115 | POST     /getResult
[2020-01-02 13:26:07] 自開彩開獎  {202001020807 1 34 true} 
ConfigData  map[redisPassword:"" poolname:FA_MEM port:3306 user:fa_db database:FA_MEM charset:utf8 redisIp:192.168.88.119 redisPort:6379 ip:192.168.88.181 password:1qaz!QAZ redisDB:3]
SqlString  SELECT RTP,Amount,Bonus  FROM M_RtpSetting  WHERE Sid = 1   AND State = 1   AND LTG_Code = 1 AND Gid = 34
sqlResult   map[result: count:0 state:0]
[2020-01-02 13:26:07] rtpData ------->   map[result: count:0 state:0] 
[GIN] 2020/01/02 - 13:26:07 | 200 |    2.317469ms |  192.168.66.115 | POST     /getResult
[2020-01-02 13:26:08] 自開彩開獎  {202001020807 5 38 true} 
ConfigData  map[redisPassword:"" database:FA_MEM charset:utf8 redisIp:192.168.88.119 redisPort:6379 password:1qaz!QAZ redisDB:3 ip:192.168.88.181 poolname:FA_MEM port:3306 user:fa_db]
SqlString  SELECT RTP,Amount,Bonus  FROM M_RtpSetting  WHERE Sid = 1   AND State = 1   AND LTG_Code = 5 AND Gid = 38
sqlResult   map[result: count:0 state:0]
[2020-01-02 13:26:08] rtpData ------->   map[result: count:0 state:0] 
[GIN] 2020/01/02 - 13:26:08 | 200 |    2.436707ms |  192.168.66.115 | POST     /getResult
[2020-01-02 13:26:08] 自開彩開獎  {202001020269 4 41 true} 
ConfigData  map[port:3306 password:1qaz!QAZ redisIp:192.168.88.119 redisPort:6379 redisDB:3 ip:192.168.88.181 user:fa_db database:FA_MEM charset:utf8 redisPassword:"" poolname:FA_MEM]
SqlString  SELECT RTP,Amount,Bonus  FROM M_RtpSetting  WHERE Sid = 1   AND State = 1   AND LTG_Code = 4 AND Gid = 41
sqlResult   map[state:0 result: count:0]
[2020-01-02 13:26:08] rtpData ------->   map[result: count:0 state:0] 
[GIN] 2020/01/02 - 13:26:08 | 200 |    2.194556ms |  192.168.66.115 | POST     /getResult
[2020-01-02 13:26:10] 自開彩開獎  {202001020269 1 35 true} 
ConfigData  map[password:1qaz!QAZ redisPort:6379 redisPassword:"" redisDB:3 database:FA_MEM charset:utf8 redisIp:192.168.88.119 ip:192.168.88.181 poolname:FA_MEM port:3306 user:fa_db]
SqlString  SELECT RTP,Amount,Bonus  FROM M_RtpSetting  WHERE Sid = 1   AND State = 1   AND LTG_Code = 1 AND Gid = 35
sqlResult   map[result: count:0 state:0]
[2020-01-02 13:26:10] rtpData ------->   map[result: count:0 state:0] 
[GIN] 2020/01/02 - 13:26:10 | 200 |    2.767648ms |  192.168.66.115 | POST     /getResult
[2020-01-02 13:26:11] 自開彩開獎  {202001020807 6 36 true} 
ConfigData  map[poolname:FA_MEM port:3306 user:fa_db password:1qaz!QAZ redisIp:192.168.88.119 redisDB:3 ip:192.168.88.181 charset:utf8 redisPort:6379 redisPassword:"" database:FA_MEM]
SqlString  SELECT RTP,Amount,Bonus  FROM M_RtpSetting  WHERE Sid = 1   AND State = 1   AND LTG_Code = 6 AND Gid = 36
sqlResult   map[result: count:0 state:0]
[2020-01-02 13:26:11] rtpData ------->   map[result: count:0 state:0] 
[GIN] 2020/01/02 - 13:26:11 | 200 |    2.713135ms |  192.168.66.115 | POST     /getResult
[2020-01-02 13:26:13] 自開彩開獎  {202001020807 4 40 true} 
ConfigData  map[redisDB:3 poolname:FA_MEM port:3306 database:FA_MEM charset:utf8 redisIp:192.168.88.119 redisPort:6379 redisPassword:"" ip:192.168.88.181 user:fa_db password:1qaz!QAZ]
SqlString  SELECT RTP,Amount,Bonus  FROM M_RtpSetting  WHERE Sid = 1   AND State = 1   AND LTG_Code = 4 AND Gid = 40
sqlResult   map[result: count:0 state:0]
[2020-01-02 13:26:13] rtpData ------->   map[result: count:0 state:0] 
[GIN] 2020/01/02 - 13:26:13 | 200 |    2.677644ms |  192.168.66.115 | POST     /getResult
[2020-01-02 13:26:13] 自開彩開獎  {202001020807 1 34 true} 
ConfigData  map[redisPassword:"" redisDB:3 poolname:FA_MEM port:3306 charset:utf8 redisIp:192.168.88.119 redisPort:6379 ip:192.168.88.181 user:fa_db password:1qaz!QAZ database:FA_MEM]
SqlString  SELECT RTP,Amount,Bonus  FROM M_RtpSetting  WHERE Sid = 1   AND State = 1   AND LTG_Code = 1 AND Gid = 34
sqlResult   map[result: count:0 state:0]
[2020-01-02 13:26:13] rtpData ------->   map[result: count:0 state:0] 
[GIN] 2020/01/02 - 13:26:13 | 200 |    2.265111ms |  192.168.66.115 | POST     /getResult
[2020-01-02 13:26:14] 自開彩開獎  {202001020807 5 38 true} 
ConfigData  map[redisIp:192.168.88.119 redisPort:6379 ip:192.168.88.181 poolname:FA_MEM user:fa_db password:1qaz!QAZ charset:utf8 port:3306 database:FA_MEM redisPassword:"" redisDB:3]
SqlString  SELECT RTP,Amount,Bonus  FROM M_RtpSetting  WHERE Sid = 1   AND State = 1   AND LTG_Code = 5 AND Gid = 38
sqlResult   map[state:0 result: count:0]
[2020-01-02 13:26:14] rtpData ------->   map[result: count:0 state:0] 
[GIN] 2020/01/02 - 13:26:14 | 200 |    2.335534ms |  192.168.66.115 | POST     /getResult
[2020-01-02 13:26:14] 自開彩開獎  {202001020269 4 41 true} 
ConfigData  map[redisPassword:"" redisDB:3 poolname:FA_MEM password:1qaz!QAZ redisIp:192.168.88.119 redisPort:6379 charset:utf8 ip:192.168.88.181 port:3306 user:fa_db database:FA_MEM]
SqlString  SELECT RTP,Amount,Bonus  FROM M_RtpSetting  WHERE Sid = 1   AND State = 1   AND LTG_Code = 4 AND Gid = 41
sqlResult   map[result: count:0 state:0]
[2020-01-02 13:26:14] rtpData ------->   map[result: count:0 state:0] 
[GIN] 2020/01/02 - 13:26:14 | 200 |    2.115013ms |  192.168.66.115 | POST     /getResult
[2020-01-02 13:26:16] 自開彩開獎  {202001020269 1 35 true} 
ConfigData  map[ip:192.168.88.181 redisIp:192.168.88.119 redisPassword:"" charset:utf8 redisPort:6379 redisDB:3 poolname:FA_MEM port:3306 user:fa_db password:1qaz!QAZ database:FA_MEM]
SqlString  SELECT RTP,Amount,Bonus  FROM M_RtpSetting  WHERE Sid = 1   AND State = 1   AND LTG_Code = 1 AND Gid = 35
sqlResult   map[result: count:0 state:0]
[2020-01-02 13:26:16] rtpData ------->   map[result: count:0 state:0] 
[GIN] 2020/01/02 - 13:26:16 | 200 |    2.670669ms |  192.168.66.115 | POST     /getResult
[2020-01-02 13:26:17] 自開彩開獎  {202001020807 6 36 true} 
ConfigData  map[password:1qaz!QAZ redisIp:192.168.88.119 redisPort:6379 redisPassword:"" user:fa_db poolname:FA_MEM port:3306 database:FA_MEM charset:utf8 redisDB:3 ip:192.168.88.181]
SqlString  SELECT RTP,Amount,Bonus  FROM M_RtpSetting  WHERE Sid = 1   AND State = 1   AND LTG_Code = 6 AND Gid = 36
sqlResult   map[result: count:0 state:0]
[2020-01-02 13:26:17] rtpData ------->   map[state:0 result: count:0] 
[GIN] 2020/01/02 - 13:26:17 | 200 |    2.865159ms |  192.168.66.115 | POST     /getResult
[2020-01-02 13:26:19] 自開彩開獎  {202001020807 4 40 true} 
ConfigData  map[port:3306 charset:utf8 redisPassword:"" redisDB:3 ip:192.168.88.181 user:fa_db password:1qaz!QAZ database:FA_MEM redisIp:192.168.88.119 redisPort:6379 poolname:FA_MEM]
SqlString  SELECT RTP,Amount,Bonus  FROM M_RtpSetting  WHERE Sid = 1   AND State = 1   AND LTG_Code = 4 AND Gid = 40
sqlResult   map[result: count:0 state:0]
[2020-01-02 13:26:19] rtpData ------->   map[state:0 result: count:0] 
[GIN] 2020/01/02 - 13:26:19 | 200 |    2.662272ms |  192.168.66.115 | POST     /getResult
[2020-01-02 13:26:19] 自開彩開獎  {202001020807 1 34 true} 
ConfigData  map[database:FA_MEM charset:utf8 redisPassword:"" redisDB:3 port:3306 poolname:FA_MEM user:fa_db password:1qaz!QAZ redisIp:192.168.88.119 redisPort:6379 ip:192.168.88.181]
SqlString  SELECT RTP,Amount,Bonus  FROM M_RtpSetting  WHERE Sid = 1   AND State = 1   AND LTG_Code = 1 AND Gid = 34
sqlResult   map[count:0 state:0 result:]
[2020-01-02 13:26:19] rtpData ------->   map[result: count:0 state:0] 
[GIN] 2020/01/02 - 13:26:19 | 200 |    2.069713ms |  192.168.66.115 | POST     /getResult
[2020-01-02 13:26:20] 自開彩開獎  {202001020807 5 38 true} 
ConfigData  map[password:1qaz!QAZ charset:utf8 redisIp:192.168.88.119 redisPort:6379 redisDB:3 ip:192.168.88.181 poolname:FA_MEM database:FA_MEM redisPassword:"" port:3306 user:fa_db]
SqlString  SELECT RTP,Amount,Bonus  FROM M_RtpSetting  WHERE Sid = 1   AND State = 1   AND LTG_Code = 5 AND Gid = 38
sqlResult   map[state:0 result: count:0]
[2020-01-02 13:26:20] rtpData ------->   map[result: count:0 state:0] 
[GIN] 2020/01/02 - 13:26:20 | 200 |    3.168638ms |  192.168.66.115 | POST     /getResult
[2020-01-02 13:26:20] 自開彩開獎  {202001020269 4 41 true} 
ConfigData  map[poolname:FA_MEM port:3306 user:fa_db redisIp:192.168.88.119 redisPort:6379 redisDB:3 ip:192.168.88.181 password:1qaz!QAZ database:FA_MEM charset:utf8 redisPassword:""]
SqlString  SELECT RTP,Amount,Bonus  FROM M_RtpSetting  WHERE Sid = 1   AND State = 1   AND LTG_Code = 4 AND Gid = 41
sqlResult   map[state:0 result: count:0]
[2020-01-02 13:26:20] rtpData ------->   map[result: count:0 state:0] 
[GIN] 2020/01/02 - 13:26:20 | 200 |    2.694874ms |  192.168.66.115 | POST     /getResult
[2020-01-02 13:26:22] 自開彩開獎  {202001020269 1 35 true} 
ConfigData  map[port:3306 charset:utf8 redisPassword:"" redisDB:3 poolname:FA_MEM user:fa_db password:1qaz!QAZ database:FA_MEM redisIp:192.168.88.119 redisPort:6379 ip:192.168.88.181]
SqlString  SELECT RTP,Amount,Bonus  FROM M_RtpSetting  WHERE Sid = 1   AND State = 1   AND LTG_Code = 1 AND Gid = 35
sqlResult   map[result: count:0 state:0]
[2020-01-02 13:26:22] rtpData ------->   map[result: count:0 state:0] 
[GIN] 2020/01/02 - 13:26:22 | 200 |    2.734075ms |  192.168.66.115 | POST     /getResult
[2020-01-02 13:26:23] 自開彩開獎  {202001020807 6 36 true} 
ConfigData  map[poolname:FA_MEM password:1qaz!QAZ redisDB:3 redisPort:6379 redisPassword:"" ip:192.168.88.181 port:3306 user:fa_db database:FA_MEM charset:utf8 redisIp:192.168.88.119]
SqlString  SELECT RTP,Amount,Bonus  FROM M_RtpSetting  WHERE Sid = 1   AND State = 1   AND LTG_Code = 6 AND Gid = 36
sqlResult   map[count:0 state:0 result:]
[2020-01-02 13:26:23] rtpData ------->   map[result: count:0 state:0] 
[GIN] 2020/01/02 - 13:26:23 | 200 |    2.421892ms |  192.168.66.115 | POST     /getResult
[2020-01-02 13:26:25] 自開彩開獎  {202001020807 4 40 true} 
ConfigData  map[port:3306 user:fa_db database:FA_MEM charset:utf8 redisPort:6379 redisPassword:"" ip:192.168.88.181 poolname:FA_MEM redisDB:3 password:1qaz!QAZ redisIp:192.168.88.119]
SqlString  SELECT RTP,Amount,Bonus  FROM M_RtpSetting  WHERE Sid = 1   AND State = 1   AND LTG_Code = 4 AND Gid = 40
sqlResult   map[result: count:0 state:0]
[2020-01-02 13:26:25] rtpData ------->   map[count:0 state:0 result:] 
[GIN] 2020/01/02 - 13:26:25 | 200 |    2.362486ms |  192.168.66.115 | POST     /getResult
[2020-01-02 13:26:25] 自開彩開獎  {202001020807 1 34 true} 
ConfigData  map[redisIp:192.168.88.119 redisPassword:"" redisDB:3 user:fa_db password:1qaz!QAZ port:3306 database:FA_MEM charset:utf8 redisPort:6379 ip:192.168.88.181 poolname:FA_MEM]
SqlString  SELECT RTP,Amount,Bonus  FROM M_RtpSetting  WHERE Sid = 1   AND State = 1   AND LTG_Code = 1 AND Gid = 34
sqlResult   map[result: count:0 state:0]
[2020-01-02 13:26:25] rtpData ------->   map[result: count:0 state:0] 
[GIN] 2020/01/02 - 13:26:25 | 200 |    2.557324ms |  192.168.66.115 | POST     /getResult
[2020-01-02 13:26:26] 自開彩開獎  {202001020807 5 38 true} 
ConfigData  map[port:3306 user:fa_db password:1qaz!QAZ redisIp:192.168.88.119 poolname:FA_MEM database:FA_MEM charset:utf8 redisPort:6379 redisPassword:"" redisDB:3 ip:192.168.88.181]
SqlString  SELECT RTP,Amount,Bonus  FROM M_RtpSetting  WHERE Sid = 1   AND State = 1   AND LTG_Code = 5 AND Gid = 38
sqlResult   map[result: count:0 state:0]
[2020-01-02 13:26:26] rtpData ------->   map[result: count:0 state:0] 
[GIN] 2020/01/02 - 13:26:26 | 200 |    2.974761ms |  192.168.66.115 | POST     /getResult
[2020-01-02 13:26:26] 自開彩開獎  {202001020269 4 41 true} 
ConfigData  map[user:fa_db password:1qaz!QAZ database:FA_MEM charset:utf8 redisIp:192.168.88.119 ip:192.168.88.181 poolname:FA_MEM port:3306 redisPort:6379 redisPassword:"" redisDB:3]
SqlString  SELECT RTP,Amount,Bonus  FROM M_RtpSetting  WHERE Sid = 1   AND State = 1   AND LTG_Code = 4 AND Gid = 41
sqlResult   map[count:0 state:0 result:]
[2020-01-02 13:26:26] rtpData ------->   map[result: count:0 state:0] 
[GIN] 2020/01/02 - 13:26:26 | 200 |    2.377271ms |  192.168.66.115 | POST     /getResult
[2020-01-02 13:26:28] 自開彩開獎  {202001020269 1 35 true} 
ConfigData  map[ip:192.168.88.181 user:fa_db database:FA_MEM charset:utf8 redisIp:192.168.88.119 redisPort:6379 poolname:FA_MEM port:3306 password:1qaz!QAZ redisPassword:"" redisDB:3]
SqlString  SELECT RTP,Amount,Bonus  FROM M_RtpSetting  WHERE Sid = 1   AND State = 1   AND LTG_Code = 1 AND Gid = 35
sqlResult   map[count:0 state:0 result:]
[2020-01-02 13:26:28] rtpData ------->   map[result: count:0 state:0] 
[GIN] 2020/01/02 - 13:26:28 | 200 |    2.299315ms |  192.168.66.115 | POST     /getResult
[2020-01-02 13:26:29] 自開彩開獎  {202001020807 6 36 true} 
ConfigData  map[port:3306 redisIp:192.168.88.119 redisPort:6379 charset:utf8 redisPassword:"" redisDB:3 ip:192.168.88.181 poolname:FA_MEM user:fa_db password:1qaz!QAZ database:FA_MEM]
SqlString  SELECT RTP,Amount,Bonus  FROM M_RtpSetting  WHERE Sid = 1   AND State = 1   AND LTG_Code = 6 AND Gid = 36
sqlResult   map[result: count:0 state:0]
[2020-01-02 13:26:29] rtpData ------->   map[result: count:0 state:0] 
[GIN] 2020/01/02 - 13:26:29 | 200 |     2.41134ms |  192.168.66.115 | POST     /getResult
[2020-01-02 13:26:31] 自開彩開獎  {202001020807 4 40 true} 
ConfigData  map[ip:192.168.88.181 port:3306 user:fa_db charset:utf8 redisIp:192.168.88.119 redisPort:6379 poolname:FA_MEM password:1qaz!QAZ database:FA_MEM redisPassword:"" redisDB:3]
SqlString  SELECT RTP,Amount,Bonus  FROM M_RtpSetting  WHERE Sid = 1   AND State = 1   AND LTG_Code = 4 AND Gid = 40
sqlResult   map[count:0 state:0 result:]
[2020-01-02 13:26:31] rtpData ------->   map[result: count:0 state:0] 
[GIN] 2020/01/02 - 13:26:31 | 200 |    2.536329ms |  192.168.66.115 | POST     /getResult
[2020-01-02 13:26:31] 自開彩開獎  {202001020807 1 34 true} 
ConfigData  map[ip:192.168.88.181 database:FA_MEM charset:utf8 redisDB:3 poolname:FA_MEM port:3306 user:fa_db password:1qaz!QAZ redisIp:192.168.88.119 redisPort:6379 redisPassword:""]
SqlString  SELECT RTP,Amount,Bonus  FROM M_RtpSetting  WHERE Sid = 1   AND State = 1   AND LTG_Code = 1 AND Gid = 34
sqlResult   map[result: count:0 state:0]
[2020-01-02 13:26:31] rtpData ------->   map[result: count:0 state:0] 
[GIN] 2020/01/02 - 13:26:31 | 200 |    2.622998ms |  192.168.66.115 | POST     /getResult
[2020-01-02 13:26:32] 自開彩開獎  {202001020807 5 38 true} 
ConfigData  map[redisPassword:"" ip:192.168.88.181 poolname:FA_MEM port:3306 password:1qaz!QAZ database:FA_MEM charset:utf8 redisIp:192.168.88.119 redisDB:3 user:fa_db redisPort:6379]
SqlString  SELECT RTP,Amount,Bonus  FROM M_RtpSetting  WHERE Sid = 1   AND State = 1   AND LTG_Code = 5 AND Gid = 38
sqlResult   map[result: count:0 state:0]
[2020-01-02 13:26:32] rtpData ------->   map[count:0 state:0 result:] 
[GIN] 2020/01/02 - 13:26:32 | 200 |    3.439381ms |  192.168.66.115 | POST     /getResult
[2020-01-02 13:26:32] 自開彩開獎  {202001020269 4 41 true} 
ConfigData  map[password:1qaz!QAZ database:FA_MEM redisIp:192.168.88.119 redisPort:6379 redisPassword:"" redisDB:3 poolname:FA_MEM port:3306 user:fa_db charset:utf8 ip:192.168.88.181]
SqlString  SELECT RTP,Amount,Bonus  FROM M_RtpSetting  WHERE Sid = 1   AND State = 1   AND LTG_Code = 4 AND Gid = 41
sqlResult   map[result: count:0 state:0]
[2020-01-02 13:26:32] rtpData ------->   map[result: count:0 state:0] 
[GIN] 2020/01/02 - 13:26:32 | 200 |    2.666192ms |  192.168.66.115 | POST     /getResult
[2020-01-02 13:26:34] 自開彩開獎  {202001020269 1 35 true} 
ConfigData  map[user:fa_db redisIp:192.168.88.119 redisPassword:"" charset:utf8 redisPort:6379 redisDB:3 ip:192.168.88.181 poolname:FA_MEM port:3306 password:1qaz!QAZ database:FA_MEM]
SqlString  SELECT RTP,Amount,Bonus  FROM M_RtpSetting  WHERE Sid = 1   AND State = 1   AND LTG_Code = 1 AND Gid = 35
sqlResult   map[result: count:0 state:0]
[2020-01-02 13:26:34] rtpData ------->   map[result: count:0 state:0] 
[GIN] 2020/01/02 - 13:26:34 | 200 |    2.379429ms |  192.168.66.115 | POST     /getResult
[2020-01-02 13:26:35] 自開彩開獎  {202001020807 6 36 true} 
ConfigData  map[charset:utf8 redisIp:192.168.88.119 redisPassword:"" redisDB:3 redisPort:6379 ip:192.168.88.181 poolname:FA_MEM port:3306 user:fa_db password:1qaz!QAZ database:FA_MEM]
SqlString  SELECT RTP,Amount,Bonus  FROM M_RtpSetting  WHERE Sid = 1   AND State = 1   AND LTG_Code = 6 AND Gid = 36
sqlResult   map[state:0 result: count:0]
[2020-01-02 13:26:35] rtpData ------->   map[count:0 state:0 result:] 
[GIN] 2020/01/02 - 13:26:35 | 200 |    2.389894ms |  192.168.66.115 | POST     /getResult
[2020-01-02 13:26:37] 自開彩開獎  {202001020807 4 40 true} 
ConfigData  map[port:3306 charset:utf8 redisIp:192.168.88.119 redisPort:6379 redisPassword:"" ip:192.168.88.181 poolname:FA_MEM user:fa_db password:1qaz!QAZ database:FA_MEM redisDB:3]
SqlString  SELECT RTP,Amount,Bonus  FROM M_RtpSetting  WHERE Sid = 1   AND State = 1   AND LTG_Code = 4 AND Gid = 40
sqlResult   map[result: count:0 state:0]
[2020-01-02 13:26:37] rtpData ------->   map[result: count:0 state:0] 
[GIN] 2020/01/02 - 13:26:37 | 200 |    2.345414ms |  192.168.66.115 | POST     /getResult
[2020-01-02 13:26:37] 自開彩開獎  {202001020807 1 34 true} 
ConfigData  map[redisIp:192.168.88.119 ip:192.168.88.181 poolname:FA_MEM port:3306 user:fa_db password:1qaz!QAZ charset:utf8 database:FA_MEM redisPort:6379 redisPassword:"" redisDB:3]
SqlString  SELECT RTP,Amount,Bonus  FROM M_RtpSetting  WHERE Sid = 1   AND State = 1   AND LTG_Code = 1 AND Gid = 34
sqlResult   map[result: count:0 state:0]
[2020-01-02 13:26:37] rtpData ------->   map[state:0 result: count:0] 
[GIN] 2020/01/02 - 13:26:37 | 200 |    2.304338ms |  192.168.66.115 | POST     /getResult
[2020-01-02 13:26:38] 自開彩開獎  {202001020807 5 38 true} 
ConfigData  map[database:FA_MEM charset:utf8 redisPort:6379 ip:192.168.88.181 port:3306 user:fa_db password:1qaz!QAZ redisIp:192.168.88.119 redisPassword:"" redisDB:3 poolname:FA_MEM]
SqlString  SELECT RTP,Amount,Bonus  FROM M_RtpSetting  WHERE Sid = 1   AND State = 1   AND LTG_Code = 5 AND Gid = 38
sqlResult   map[count:0 state:0 result:]
[2020-01-02 13:26:38] rtpData ------->   map[count:0 state:0 result:] 
[GIN] 2020/01/02 - 13:26:38 | 200 |    2.240428ms |  192.168.66.115 | POST     /getResult
[2020-01-02 13:26:38] 自開彩開獎  {202001020269 4 41 true} 
ConfigData  map[user:fa_db database:FA_MEM redisIp:192.168.88.119 redisPort:6379 redisDB:3 redisPassword:"" ip:192.168.88.181 poolname:FA_MEM port:3306 password:1qaz!QAZ charset:utf8]
SqlString  SELECT RTP,Amount,Bonus  FROM M_RtpSetting  WHERE Sid = 1   AND State = 1   AND LTG_Code = 4 AND Gid = 41
sqlResult   map[result: count:0 state:0]
[2020-01-02 13:26:38] rtpData ------->   map[count:0 state:0 result:] 
[GIN] 2020/01/02 - 13:26:38 | 200 |    3.089497ms |  192.168.66.115 | POST     /getResult
[2020-01-02 13:26:40] 自開彩開獎  {202001020269 1 35 true} 
ConfigData  map[charset:utf8 redisIp:192.168.88.119 redisPort:6379 redisPassword:"" ip:192.168.88.181 poolname:FA_MEM user:fa_db database:FA_MEM port:3306 password:1qaz!QAZ redisDB:3]
SqlString  SELECT RTP,Amount,Bonus  FROM M_RtpSetting  WHERE Sid = 1   AND State = 1   AND LTG_Code = 1 AND Gid = 35
sqlResult   map[state:0 result: count:0]
[2020-01-02 13:26:40] rtpData ------->   map[result: count:0 state:0] 
[GIN] 2020/01/02 - 13:26:40 | 200 |    2.116624ms |  192.168.66.115 | POST     /getResult
[2020-01-02 13:26:41] 自開彩開獎  {202001020807 6 36 true} 
ConfigData  map[poolname:FA_MEM database:FA_MEM redisPort:6379 redisPassword:"" redisDB:3 ip:192.168.88.181 port:3306 user:fa_db password:1qaz!QAZ charset:utf8 redisIp:192.168.88.119]
SqlString  SELECT RTP,Amount,Bonus  FROM M_RtpSetting  WHERE Sid = 1   AND State = 1   AND LTG_Code = 6 AND Gid = 36
sqlResult   map[result: count:0 state:0]
[2020-01-02 13:26:41] rtpData ------->   map[result: count:0 state:0] 
[GIN] 2020/01/02 - 13:26:41 | 200 |    2.446169ms |  192.168.66.115 | POST     /getResult
[2020-01-02 13:26:43] 自開彩開獎  {202001020807 4 40 true} 
ConfigData  map[user:fa_db password:1qaz!QAZ database:FA_MEM redisPort:6379 redisPassword:"" port:3306 poolname:FA_MEM charset:utf8 redisIp:192.168.88.119 redisDB:3 ip:192.168.88.181]
SqlString  SELECT RTP,Amount,Bonus  FROM M_RtpSetting  WHERE Sid = 1   AND State = 1   AND LTG_Code = 4 AND Gid = 40
sqlResult   map[result: count:0 state:0]
[2020-01-02 13:26:43] rtpData ------->   map[result: count:0 state:0] 
[GIN] 2020/01/02 - 13:26:43 | 200 |    2.879533ms |  192.168.66.115 | POST     /getResult
[2020-01-02 13:26:43] 自開彩開獎  {202001020807 1 34 true} 
ConfigData  map[redisIp:192.168.88.119 redisPassword:"" ip:192.168.88.181 poolname:FA_MEM password:1qaz!QAZ database:FA_MEM redisDB:3 port:3306 user:fa_db charset:utf8 redisPort:6379]
SqlString  SELECT RTP,Amount,Bonus  FROM M_RtpSetting  WHERE Sid = 1   AND State = 1   AND LTG_Code = 1 AND Gid = 34
sqlResult   map[state:0 result: count:0]
[2020-01-02 13:26:43] rtpData ------->   map[result: count:0 state:0] 
[GIN] 2020/01/02 - 13:26:43 | 200 |    2.380174ms |  192.168.66.115 | POST     /getResult
[2020-01-02 13:26:44] 自開彩開獎  {202001020807 5 38 true} 
ConfigData  map[redisPort:6379 redisPassword:"" redisDB:3 poolname:FA_MEM port:3306 user:fa_db password:1qaz!QAZ database:FA_MEM ip:192.168.88.181 charset:utf8 redisIp:192.168.88.119]
SqlString  SELECT RTP,Amount,Bonus  FROM M_RtpSetting  WHERE Sid = 1   AND State = 1   AND LTG_Code = 5 AND Gid = 38
sqlResult   map[result: count:0 state:0]
[2020-01-02 13:26:44] rtpData ------->   map[count:0 state:0 result:] 
[GIN] 2020/01/02 - 13:26:44 | 200 |    2.335435ms |  192.168.66.115 | POST     /getResult
[2020-01-02 13:26:44] 自開彩開獎  {202001020269 4 41 true} 
ConfigData  map[redisPort:6379 redisPassword:"" redisDB:3 user:fa_db redisIp:192.168.88.119 port:3306 password:1qaz!QAZ database:FA_MEM charset:utf8 ip:192.168.88.181 poolname:FA_MEM]
SqlString  SELECT RTP,Amount,Bonus  FROM M_RtpSetting  WHERE Sid = 1   AND State = 1   AND LTG_Code = 4 AND Gid = 41
sqlResult   map[result: count:0 state:0]
[2020-01-02 13:26:44] rtpData ------->   map[state:0 result: count:0] 
[GIN] 2020/01/02 - 13:26:44 | 200 |    2.963595ms |  192.168.66.115 | POST     /getResult
[2020-01-02 13:26:46] 自開彩開獎  {202001020269 1 35 true} 
ConfigData  map[ip:192.168.88.181 poolname:FA_MEM user:fa_db database:FA_MEM redisIp:192.168.88.119 redisPort:6379 port:3306 password:1qaz!QAZ charset:utf8 redisPassword:"" redisDB:3]
SqlString  SELECT RTP,Amount,Bonus  FROM M_RtpSetting  WHERE Sid = 1   AND State = 1   AND LTG_Code = 1 AND Gid = 35
sqlResult   map[result: count:0 state:0]
[2020-01-02 13:26:46] rtpData ------->   map[result: count:0 state:0] 
[GIN] 2020/01/02 - 13:26:46 | 200 |    2.626702ms |  192.168.66.115 | POST     /getResult
[2020-01-02 13:26:47] 自開彩開獎  {202001020807 6 36 true} 
ConfigData  map[redisIp:192.168.88.119 redisPort:6379 redisPassword:"" ip:192.168.88.181 poolname:FA_MEM port:3306 charset:utf8 user:fa_db password:1qaz!QAZ database:FA_MEM redisDB:3]
SqlString  SELECT RTP,Amount,Bonus  FROM M_RtpSetting  WHERE Sid = 1   AND State = 1   AND LTG_Code = 6 AND Gid = 36
sqlResult   map[result: count:0 state:0]
[2020-01-02 13:26:47] rtpData ------->   map[count:0 state:0 result:] 
[GIN] 2020/01/02 - 13:26:47 | 200 |    2.455243ms |  192.168.66.115 | POST     /getResult
[2020-01-02 13:26:49] 自開彩開獎  {202001020807 4 40 true} 
ConfigData  map[database:FA_MEM redisIp:192.168.88.119 redisPassword:"" poolname:FA_MEM port:3306 password:1qaz!QAZ charset:utf8 redisPort:6379 redisDB:3 ip:192.168.88.181 user:fa_db]
SqlString  SELECT RTP,Amount,Bonus  FROM M_RtpSetting  WHERE Sid = 1   AND State = 1   AND LTG_Code = 4 AND Gid = 40
sqlResult   map[result: count:0 state:0]
[2020-01-02 13:26:49] rtpData ------->   map[result: count:0 state:0] 
[GIN] 2020/01/02 - 13:26:49 | 200 |    2.043976ms |  192.168.66.115 | POST     /getResult
[2020-01-02 13:26:49] 自開彩開獎  {202001020807 1 34 true} 
ConfigData  map[redisPassword:"" ip:192.168.88.181 user:fa_db password:1qaz!QAZ database:FA_MEM charset:utf8 redisIp:192.168.88.119 redisPort:6379 poolname:FA_MEM port:3306 redisDB:3]
SqlString  SELECT RTP,Amount,Bonus  FROM M_RtpSetting  WHERE Sid = 1   AND State = 1   AND LTG_Code = 1 AND Gid = 34
sqlResult   map[state:0 result: count:0]
[2020-01-02 13:26:49] rtpData ------->   map[result: count:0 state:0] 
[GIN] 2020/01/02 - 13:26:49 | 200 |    2.904352ms |  192.168.66.115 | POST     /getResult
[2020-01-02 13:26:50] 自開彩開獎  {202001020807 5 38 true} 
ConfigData  map[poolname:FA_MEM user:fa_db database:FA_MEM redisPort:6379 redisPassword:"" redisDB:3 ip:192.168.88.181 port:3306 password:1qaz!QAZ charset:utf8 redisIp:192.168.88.119]
SqlString  SELECT RTP,Amount,Bonus  FROM M_RtpSetting  WHERE Sid = 1   AND State = 1   AND LTG_Code = 5 AND Gid = 38
sqlResult   map[result: count:0 state:0]
[2020-01-02 13:26:50] rtpData ------->   map[count:0 state:0 result:] 
[GIN] 2020/01/02 - 13:26:50 | 200 |    2.679969ms |  192.168.66.115 | POST     /getResult
[2020-01-02 13:26:50] 自開彩開獎  {202001020269 4 41 true} 
ConfigData  map[ip:192.168.88.181 database:FA_MEM redisIp:192.168.88.119 redisPort:6379 redisPassword:"" redisDB:3 poolname:FA_MEM port:3306 user:fa_db password:1qaz!QAZ charset:utf8]
SqlString  SELECT RTP,Amount,Bonus  FROM M_RtpSetting  WHERE Sid = 1   AND State = 1   AND LTG_Code = 4 AND Gid = 41
sqlResult   map[result: count:0 state:0]
[2020-01-02 13:26:50] rtpData ------->   map[result: count:0 state:0] 
[GIN] 2020/01/02 - 13:26:50 | 200 |    2.497083ms |  192.168.66.115 | POST     /getResult
[2020-01-02 13:26:52] 自開彩開獎  {202001020269 1 35 true} 
ConfigData  map[ip:192.168.88.181 port:3306 password:1qaz!QAZ charset:utf8 redisIp:192.168.88.119 redisPassword:"" redisDB:3 poolname:FA_MEM user:fa_db database:FA_MEM redisPort:6379]
SqlString  SELECT RTP,Amount,Bonus  FROM M_RtpSetting  WHERE Sid = 1   AND State = 1   AND LTG_Code = 1 AND Gid = 35
sqlResult   map[result: count:0 state:0]
[2020-01-02 13:26:52] rtpData ------->   map[count:0 state:0 result:] 
[GIN] 2020/01/02 - 13:26:52 | 200 |    3.323386ms |  192.168.66.115 | POST     /getResult
[2020-01-02 13:26:53] 自開彩開獎  {202001020807 6 36 true} 
ConfigData  map[password:1qaz!QAZ database:FA_MEM charset:utf8 redisPassword:"" redisDB:3 ip:192.168.88.181 poolname:FA_MEM port:3306 user:fa_db redisIp:192.168.88.119 redisPort:6379]
SqlString  SELECT RTP,Amount,Bonus  FROM M_RtpSetting  WHERE Sid = 1   AND State = 1   AND LTG_Code = 6 AND Gid = 36
sqlResult   map[result: count:0 state:0]
[2020-01-02 13:26:53] rtpData ------->   map[count:0 state:0 result:] 
[GIN] 2020/01/02 - 13:26:53 | 200 |    2.458103ms |  192.168.66.115 | POST     /getResult
[2020-01-02 13:26:55] 自開彩開獎  {202001020807 4 40 true} 
ConfigData  map[poolname:FA_MEM password:1qaz!QAZ charset:utf8 redisIp:192.168.88.119 redisPort:6379 redisDB:3 ip:192.168.88.181 port:3306 user:fa_db database:FA_MEM redisPassword:""]
SqlString  SELECT RTP,Amount,Bonus  FROM M_RtpSetting  WHERE Sid = 1   AND State = 1   AND LTG_Code = 4 AND Gid = 40
sqlResult   map[result: count:0 state:0]
[2020-01-02 13:26:55] rtpData ------->   map[result: count:0 state:0] 
[GIN] 2020/01/02 - 13:26:55 | 200 |    2.317527ms |  192.168.66.115 | POST     /getResult
[2020-01-02 13:26:55] 自開彩開獎  {202001020807 1 34 true} 
ConfigData  map[poolname:FA_MEM password:1qaz!QAZ database:FA_MEM charset:utf8 redisIp:192.168.88.119 redisPort:6379 redisDB:3 ip:192.168.88.181 port:3306 user:fa_db redisPassword:""]
SqlString  SELECT RTP,Amount,Bonus  FROM M_RtpSetting  WHERE Sid = 1   AND State = 1   AND LTG_Code = 1 AND Gid = 34
sqlResult   map[state:0 result: count:0]
[2020-01-02 13:26:55] rtpData ------->   map[result: count:0 state:0] 
[GIN] 2020/01/02 - 13:26:55 | 200 |    2.643842ms |  192.168.66.115 | POST     /getResult
[2020-01-02 13:26:56] 自開彩開獎  {202001020807 5 38 true} 
ConfigData  map[redisPort:6379 redisDB:3 poolname:FA_MEM port:3306 user:fa_db password:1qaz!QAZ database:FA_MEM ip:192.168.88.181 charset:utf8 redisIp:192.168.88.119 redisPassword:""]
SqlString  SELECT RTP,Amount,Bonus  FROM M_RtpSetting  WHERE Sid = 1   AND State = 1   AND LTG_Code = 5 AND Gid = 38
sqlResult   map[state:0 result: count:0]
[2020-01-02 13:26:56] rtpData ------->   map[result: count:0 state:0] 
[GIN] 2020/01/02 - 13:26:56 | 200 |    2.602189ms |  192.168.66.115 | POST     /getResult
[2020-01-02 13:26:56] 自開彩開獎  {202001020269 4 41 true} 
ConfigData  map[redisPassword:"" poolname:FA_MEM port:3306 password:1qaz!QAZ redisIp:192.168.88.119 redisPort:6379 redisDB:3 ip:192.168.88.181 user:fa_db database:FA_MEM charset:utf8]
SqlString  SELECT RTP,Amount,Bonus  FROM M_RtpSetting  WHERE Sid = 1   AND State = 1   AND LTG_Code = 4 AND Gid = 41
sqlResult   map[result: count:0 state:0]
[2020-01-02 13:26:56] rtpData ------->   map[result: count:0 state:0] 
[GIN] 2020/01/02 - 13:26:56 | 200 |    2.430545ms |  192.168.66.115 | POST     /getResult
[2020-01-02 13:26:58] 自開彩開獎  {202001020269 1 35 true} 
ConfigData  map[port:3306 user:fa_db password:1qaz!QAZ charset:utf8 redisDB:3 ip:192.168.88.181 poolname:FA_MEM database:FA_MEM redisIp:192.168.88.119 redisPort:6379 redisPassword:""]
SqlString  SELECT RTP,Amount,Bonus  FROM M_RtpSetting  WHERE Sid = 1   AND State = 1   AND LTG_Code = 1 AND Gid = 35
sqlResult   map[result: count:0 state:0]
[2020-01-02 13:26:58] rtpData ------->   map[count:0 state:0 result:] 
[GIN] 2020/01/02 - 13:26:58 | 200 |    2.335832ms |  192.168.66.115 | POST     /getResult
[2020-01-02 13:26:59] 自開彩開獎  {202001020807 6 36 true} 
ConfigData  map[redisIp:192.168.88.119 redisPort:6379 redisPassword:"" redisDB:3 ip:192.168.88.181 poolname:FA_MEM password:1qaz!QAZ charset:utf8 port:3306 user:fa_db database:FA_MEM]
SqlString  SELECT RTP,Amount,Bonus  FROM M_RtpSetting  WHERE Sid = 1   AND State = 1   AND LTG_Code = 6 AND Gid = 36
sqlResult   map[state:0 result: count:0]
[2020-01-02 13:26:59] rtpData ------->   map[result: count:0 state:0] 
[GIN] 2020/01/02 - 13:26:59 | 200 |    3.105515ms |  192.168.66.115 | POST     /getResult
[2020-01-02 13:27:00] 自開彩開獎  {202001020808 2 26 true} 
ConfigData  map[password:1qaz!QAZ database:FA_MEM charset:utf8 redisPassword:"" redisDB:3 ip:192.168.88.181 user:fa_db redisIp:192.168.88.119 redisPort:6379 poolname:FA_MEM port:3306]
SqlString  SELECT RTP,Amount,Bonus  FROM M_RtpSetting  WHERE Sid = 1   AND State = 1   AND LTG_Code = 2 AND Gid = 26
[2020-01-02 13:27:00] 自開彩開獎  {20200102270 2 27 true} 
ConfigData  map[port:3306 redisPort:6379 redisPassword:"" redisDB:3 ip:192.168.88.181 poolname:FA_MEM database:FA_MEM charset:utf8 redisIp:192.168.88.119 user:fa_db password:1qaz!QAZ]
SqlString  SELECT RTP,Amount,Bonus  FROM M_RtpSetting  WHERE Sid = 1   AND State = 1   AND LTG_Code = 2 AND Gid = 27
sqlResult   map[result:0.9600 count:1 state:1 amount:1.0069588e+06 bonus:908100.71]
[2020-01-02 13:27:00] rtpData ------->   map[result:0.9600 count:1 state:1 amount:1.0069588e+06 bonus:908100.71] 
ConfigData  map[ip:192.168.88.181 redisPassword:"" password:1qaz!QAZ database:FA_MEM charset:utf8 redisIp:192.168.88.119 redisPort:6379 poolname:FA_MEM port:3306 user:fa_db redisDB:3]
SELECT BO_No, BO_OrderNo , BO_User , BO_Issue  , BO_LotteryTypeGroup, BO_LotteryType, BO_Mode, BO_LotteryPlayGroup, BO_LotteryPlay , BO_LotteryContent, BO_Price, BO_RealPrice, BO_Unit, BO_Multiple , BO_BetCount  , BO_Winnings, BO_Winnings2, BO_Winnings3, BO_WinningLimit  , BO_Water , BO_BW_SourceUserId, BO_BW_BackWater, BO_BW_LimitBetCount, BO_BW_MaxAmount, BO_BW_AuditMultiple  , BO_Odds, BO_Odds2, BO_Odds3 , BO_Type, BO_Chase , BO_OpenResult, BO_OpenResult2, BO_DateDraw, BO_DateDraw2, BO_DateUpdate  FROM TS_BetOrder  WHERE BO_Cancel = 0   AND BO_CancelBackend = 0   AND BO_LotteryTypeGroup = 2 AND BO_LotteryType = 26 AND BO_Issue = 202001020808 AND BO_Collect = 0 ORDER BY BO_DateDraw ASC, BO_DateCreate ASC, BO_DateUpdate ASC, BO_No ASC ;
sqlResult   map[result:0.9600 count:1 state:1 amount:105208 bonus:58491.69]
[2020-01-02 13:27:00] rtpData ------->   map[state:1 amount:105208 bonus:58491.69 result:0.9600 count:1] 
ConfigData  map[user:fa_db database:FA_MEM charset:utf8 poolname:FA_MEM port:3306 redisIp:192.168.88.119 redisPort:6379 redisPassword:"" redisDB:3 ip:192.168.88.181 password:1qaz!QAZ]
SELECT BO_No, BO_OrderNo , BO_User , BO_Issue  , BO_LotteryTypeGroup, BO_LotteryType, BO_Mode, BO_LotteryPlayGroup, BO_LotteryPlay , BO_LotteryContent, BO_Price, BO_RealPrice, BO_Unit, BO_Multiple , BO_BetCount  , BO_Winnings, BO_Winnings2, BO_Winnings3, BO_WinningLimit  , BO_Water , BO_BW_SourceUserId, BO_BW_BackWater, BO_BW_LimitBetCount, BO_BW_MaxAmount, BO_BW_AuditMultiple  , BO_Odds, BO_Odds2, BO_Odds3 , BO_Type, BO_Chase , BO_OpenResult, BO_OpenResult2, BO_DateDraw, BO_DateDraw2, BO_DateUpdate  FROM TS_BetOrder  WHERE BO_Cancel = 0   AND BO_CancelBackend = 0   AND BO_LotteryTypeGroup = 2 AND BO_LotteryType = 27 AND BO_Issue = 20200102270 AND BO_Collect = 0 ORDER BY BO_DateDraw ASC, BO_DateCreate ASC, BO_DateUpdate ASC, BO_No ASC ;
[2020-01-02 13:27:00] LottteryTypeGroup 2 
[2020-01-02 13:27:00] 有期號 但無注單 -------> map[amount:0 bonus:0 thisOpenResult:[5 4 8 7 2]] 
[2020-01-02 13:27:00] LottteryTypeGroup 2 
[2020-01-02 13:27:00] 有期號 但無注單 -------> map[amount:0 bonus:0 thisOpenResult:[6 7 4 6 5]] 
[GIN] 2020/01/02 - 13:27:00 | 200 |    4.810783ms |  192.168.66.115 | POST     /getResult
[GIN] 2020/01/02 - 13:27:00 | 200 |    4.760614ms |  192.168.66.115 | POST     /getResult
[2020-01-02 13:27:01] 自開彩開獎  {202001020270 6 37 true} 
ConfigData  map[ip:192.168.88.181 poolname:FA_MEM port:3306 password:1qaz!QAZ charset:utf8 redisPort:6379 redisDB:3 user:fa_db database:FA_MEM redisIp:192.168.88.119 redisPassword:""]
SqlString  SELECT RTP,Amount,Bonus  FROM M_RtpSetting  WHERE Sid = 1   AND State = 1   AND LTG_Code = 6 AND Gid = 37
sqlResult   map[result: count:0 state:0]
[2020-01-02 13:27:01] rtpData ------->   map[result: count:0 state:0] 
[GIN] 2020/01/02 - 13:27:01 | 200 |     2.51843ms |  192.168.66.115 | POST     /getResult
[2020-01-02 13:27:01] 自開彩開獎  {202001020807 4 40 true} 
ConfigData  map[charset:utf8 redisPassword:"" poolname:FA_MEM port:3306 user:fa_db password:1qaz!QAZ database:FA_MEM ip:192.168.88.181 redisIp:192.168.88.119 redisPort:6379 redisDB:3]
SqlString  SELECT RTP,Amount,Bonus  FROM M_RtpSetting  WHERE Sid = 1   AND State = 1   AND LTG_Code = 4 AND Gid = 40
sqlResult   map[result: count:0 state:0]
[2020-01-02 13:27:01] rtpData ------->   map[result: count:0 state:0] 
[GIN] 2020/01/02 - 13:27:01 | 200 |    1.823126ms |  192.168.66.115 | POST     /getResult
[2020-01-02 13:27:01] 自開彩開獎  {202001020807 1 34 true} 
ConfigData  map[ip:192.168.88.181 redisDB:3 charset:utf8 redisIp:192.168.88.119 redisPort:6379 poolname:FA_MEM port:3306 user:fa_db password:1qaz!QAZ database:FA_MEM redisPassword:""]
SqlString  SELECT RTP,Amount,Bonus  FROM M_RtpSetting  WHERE Sid = 1   AND State = 1   AND LTG_Code = 1 AND Gid = 34
sqlResult   map[result: count:0 state:0]
[2020-01-02 13:27:01] rtpData ------->   map[result: count:0 state:0] 
[GIN] 2020/01/02 - 13:27:01 | 200 |     3.48665ms |  192.168.66.115 | POST     /getResult
[2020-01-02 13:27:02] 自開彩開獎  {202001020807 5 38 true} 
ConfigData  map[ip:192.168.88.181 password:1qaz!QAZ charset:utf8 redisPassword:"" redisIp:192.168.88.119 redisPort:6379 redisDB:3 poolname:FA_MEM port:3306 user:fa_db database:FA_MEM]
SqlString  SELECT RTP,Amount,Bonus  FROM M_RtpSetting  WHERE Sid = 1   AND State = 1   AND LTG_Code = 5 AND Gid = 38
sqlResult   map[count:0 state:0 result:]
[2020-01-02 13:27:02] rtpData ------->   map[result: count:0 state:0] 
[GIN] 2020/01/02 - 13:27:02 | 200 |    3.090089ms |  192.168.66.115 | POST     /getResult
[2020-01-02 13:27:02] 自開彩開獎  {202001020269 4 41 true} 
ConfigData  map[poolname:FA_MEM port:3306 password:1qaz!QAZ database:FA_MEM redisPassword:"" redisDB:3 ip:192.168.88.181 charset:utf8 redisIp:192.168.88.119 redisPort:6379 user:fa_db]
SqlString  SELECT RTP,Amount,Bonus  FROM M_RtpSetting  WHERE Sid = 1   AND State = 1   AND LTG_Code = 4 AND Gid = 41
sqlResult   map[count:0 state:0 result:]
[2020-01-02 13:27:02] rtpData ------->   map[result: count:0 state:0] 
[GIN] 2020/01/02 - 13:27:02 | 200 |    3.163928ms |  192.168.66.115 | POST     /getResult
[2020-01-02 13:27:04] 自開彩開獎  {202001020269 1 35 true} 
ConfigData  map[ip:192.168.88.181 port:3306 user:fa_db redisIp:192.168.88.119 redisPort:6379 redisDB:3 poolname:FA_MEM password:1qaz!QAZ database:FA_MEM charset:utf8 redisPassword:""]
SqlString  SELECT RTP,Amount,Bonus  FROM M_RtpSetting  WHERE Sid = 1   AND State = 1   AND LTG_Code = 1 AND Gid = 35
sqlResult   map[result: count:0 state:0]
[2020-01-02 13:27:04] rtpData ------->   map[state:0 result: count:0] 
[GIN] 2020/01/02 - 13:27:04 | 200 |    3.103042ms |  192.168.66.115 | POST     /getResult
[2020-01-02 13:27:05] 自開彩開獎  {202001020807 6 36 true} 
ConfigData  map[redisDB:3 ip:192.168.88.181 poolname:FA_MEM port:3306 charset:utf8 redisIp:192.168.88.119 redisPort:6379 redisPassword:"" user:fa_db password:1qaz!QAZ database:FA_MEM]
SqlString  SELECT RTP,Amount,Bonus  FROM M_RtpSetting  WHERE Sid = 1   AND State = 1   AND LTG_Code = 6 AND Gid = 36
sqlResult   map[result: count:0 state:0]
[2020-01-02 13:27:05] rtpData ------->   map[state:0 result: count:0] 
[GIN] 2020/01/02 - 13:27:05 | 200 |     2.51885ms |  192.168.66.115 | POST     /getResult
[2020-01-02 13:27:07] 自開彩開獎  {202001020270 6 37 true} 
ConfigData  map[user:fa_db database:FA_MEM redisIp:192.168.88.119 redisDB:3 ip:192.168.88.181 port:3306 charset:utf8 redisPort:6379 redisPassword:"" poolname:FA_MEM password:1qaz!QAZ]
SqlString  SELECT RTP,Amount,Bonus  FROM M_RtpSetting  WHERE Sid = 1   AND State = 1   AND LTG_Code = 6 AND Gid = 37
sqlResult   map[result: count:0 state:0]
[2020-01-02 13:27:07] rtpData ------->   map[result: count:0 state:0] 
[GIN] 2020/01/02 - 13:27:07 | 200 |    2.580226ms |  192.168.66.115 | POST     /getResult
[2020-01-02 13:27:07] 自開彩開獎  {202001020808 4 40 true} 
ConfigData  map[poolname:FA_MEM port:3306 password:1qaz!QAZ charset:utf8 redisIp:192.168.88.119 ip:192.168.88.181 user:fa_db database:FA_MEM redisPort:6379 redisPassword:"" redisDB:3]
SqlString  SELECT RTP,Amount,Bonus  FROM M_RtpSetting  WHERE Sid = 1   AND State = 1   AND LTG_Code = 4 AND Gid = 40
sqlResult   map[result: count:0 state:0]
[2020-01-02 13:27:07] rtpData ------->   map[result: count:0 state:0] 
[GIN] 2020/01/02 - 13:27:07 | 200 |    2.187002ms |  192.168.66.115 | POST     /getResult
[2020-01-02 13:27:07] 自開彩開獎  {202001020808 1 34 true} 
ConfigData  map[database:FA_MEM charset:utf8 redisIp:192.168.88.119 ip:192.168.88.181 port:3306 user:fa_db password:1qaz!QAZ redisPort:6379 redisPassword:"" redisDB:3 poolname:FA_MEM]
SqlString  SELECT RTP,Amount,Bonus  FROM M_RtpSetting  WHERE Sid = 1   AND State = 1   AND LTG_Code = 1 AND Gid = 34
sqlResult   map[result: count:0 state:0]
[2020-01-02 13:27:07] rtpData ------->   map[result: count:0 state:0] 
[GIN] 2020/01/02 - 13:27:07 | 200 |    3.073895ms |  192.168.66.115 | POST     /getResult
[2020-01-02 13:27:08] 自開彩開獎  {202001020808 5 38 true} 
ConfigData  map[poolname:FA_MEM user:fa_db password:1qaz!QAZ database:FA_MEM charset:utf8 redisIp:192.168.88.119 redisDB:3 ip:192.168.88.181 port:3306 redisPort:6379 redisPassword:""]
SqlString  SELECT RTP,Amount,Bonus  FROM M_RtpSetting  WHERE Sid = 1   AND State = 1   AND LTG_Code = 5 AND Gid = 38
sqlResult   map[result: count:0 state:0]
[2020-01-02 13:27:08] rtpData ------->   map[result: count:0 state:0] 
[GIN] 2020/01/02 - 13:27:08 | 200 |    2.565982ms |  192.168.66.115 | POST     /getResult
[2020-01-02 13:27:08] 自開彩開獎  {202001020270 4 41 true} 
ConfigData  map[redisDB:3 ip:192.168.88.181 port:3306 user:fa_db password:1qaz!QAZ database:FA_MEM charset:utf8 redisIp:192.168.88.119 poolname:FA_MEM redisPort:6379 redisPassword:""]
SqlString  SELECT RTP,Amount,Bonus  FROM M_RtpSetting  WHERE Sid = 1   AND State = 1   AND LTG_Code = 4 AND Gid = 41
sqlResult   map[result: count:0 state:0]
[2020-01-02 13:27:08] rtpData ------->   map[count:0 state:0 result:] 
[GIN] 2020/01/02 - 13:27:08 | 200 |    2.973893ms |  192.168.66.115 | POST     /getResult
[2020-01-02 13:27:10] 自開彩開獎  {202001020270 1 35 true} 
ConfigData  map[password:1qaz!QAZ database:FA_MEM redisDB:3 poolname:FA_MEM port:3306 user:fa_db charset:utf8 redisIp:192.168.88.119 redisPort:6379 redisPassword:"" ip:192.168.88.181]
SqlString  SELECT RTP,Amount,Bonus  FROM M_RtpSetting  WHERE Sid = 1   AND State = 1   AND LTG_Code = 1 AND Gid = 35
sqlResult   map[state:0 result: count:0]
[2020-01-02 13:27:10] rtpData ------->   map[result: count:0 state:0] 
[GIN] 2020/01/02 - 13:27:10 | 200 |    2.844084ms |  192.168.66.115 | POST     /getResult
[2020-01-02 13:27:11] 自開彩開獎  {202001020808 6 36 true} 
ConfigData  map[redisDB:3 port:3306 password:1qaz!QAZ database:FA_MEM redisIp:192.168.88.119 redisPort:6379 redisPassword:"" ip:192.168.88.181 poolname:FA_MEM user:fa_db charset:utf8]
SqlString  SELECT RTP,Amount,Bonus  FROM M_RtpSetting  WHERE Sid = 1   AND State = 1   AND LTG_Code = 6 AND Gid = 36
sqlResult   map[result: count:0 state:0]
[2020-01-02 13:27:11] rtpData ------->   map[result: count:0 state:0] 
[GIN] 2020/01/02 - 13:27:11 | 200 |    2.437781ms |  192.168.66.115 | POST     /getResult
[2020-01-02 13:27:13] 自開彩開獎  {202001020270 6 37 true} 
ConfigData  map[port:3306 database:FA_MEM charset:utf8 redisIp:192.168.88.119 redisPassword:"" redisDB:3 ip:192.168.88.181 user:fa_db password:1qaz!QAZ redisPort:6379 poolname:FA_MEM]
SqlString  SELECT RTP,Amount,Bonus  FROM M_RtpSetting  WHERE Sid = 1   AND State = 1   AND LTG_Code = 6 AND Gid = 37
sqlResult   map[state:0 result: count:0]
[2020-01-02 13:27:13] rtpData ------->   map[result: count:0 state:0] 
[GIN] 2020/01/02 - 13:27:13 | 200 |    3.392538ms |  192.168.66.115 | POST     /getResult
[2020-01-02 13:27:13] 自開彩開獎  {202001020808 4 40 true} 
ConfigData  map[port:3306 charset:utf8 redisIp:192.168.88.119 redisPassword:"" ip:192.168.88.181 user:fa_db password:1qaz!QAZ database:FA_MEM redisPort:6379 redisDB:3 poolname:FA_MEM]
SqlString  SELECT RTP,Amount,Bonus  FROM M_RtpSetting  WHERE Sid = 1   AND State = 1   AND LTG_Code = 4 AND Gid = 40
sqlResult   map[count:0 state:0 result:]
[2020-01-02 13:27:13] rtpData ------->   map[result: count:0 state:0] 
[GIN] 2020/01/02 - 13:27:13 | 200 |     2.50249ms |  192.168.66.115 | POST     /getResult
[2020-01-02 13:27:13] 自開彩開獎  {202001020808 1 34 true} 
ConfigData  map[charset:utf8 redisIp:192.168.88.119 redisPassword:"" redisDB:3 ip:192.168.88.181 poolname:FA_MEM database:FA_MEM redisPort:6379 port:3306 user:fa_db password:1qaz!QAZ]
SqlString  SELECT RTP,Amount,Bonus  FROM M_RtpSetting  WHERE Sid = 1   AND State = 1   AND LTG_Code = 1 AND Gid = 34
sqlResult   map[result: count:0 state:0]
[2020-01-02 13:27:13] rtpData ------->   map[result: count:0 state:0] 
[GIN] 2020/01/02 - 13:27:13 | 200 |    1.894297ms |  192.168.66.115 | POST     /getResult
[2020-01-02 13:27:14] 自開彩開獎  {202001020808 5 38 true} 
ConfigData  map[redisIp:192.168.88.119 ip:192.168.88.181 port:3306 password:1qaz!QAZ charset:utf8 redisPort:6379 redisPassword:"" redisDB:3 poolname:FA_MEM user:fa_db database:FA_MEM]
SqlString  SELECT RTP,Amount,Bonus  FROM M_RtpSetting  WHERE Sid = 1   AND State = 1   AND LTG_Code = 5 AND Gid = 38
sqlResult   map[result: count:0 state:0]
[2020-01-02 13:27:14] rtpData ------->   map[result: count:0 state:0] 
[GIN] 2020/01/02 - 13:27:14 | 200 |    2.655109ms |  192.168.66.115 | POST     /getResult
[2020-01-02 13:27:14] 自開彩開獎  {202001020270 4 41 true} 
ConfigData  map[password:1qaz!QAZ redisIp:192.168.88.119 redisPort:6379 redisDB:3 ip:192.168.88.181 poolname:FA_MEM port:3306 user:fa_db database:FA_MEM charset:utf8 redisPassword:""]
SqlString  SELECT RTP,Amount,Bonus  FROM M_RtpSetting  WHERE Sid = 1   AND State = 1   AND LTG_Code = 4 AND Gid = 41
sqlResult   map[result: count:0 state:0]
[2020-01-02 13:27:14] rtpData ------->   map[state:0 result: count:0] 
[GIN] 2020/01/02 - 13:27:14 | 200 |    2.930045ms |  192.168.66.115 | POST     /getResult
[2020-01-02 13:27:16] 自開彩開獎  {202001020270 1 35 true} 
ConfigData  map[redisPort:6379 redisPassword:"" redisDB:3 ip:192.168.88.181 database:FA_MEM user:fa_db password:1qaz!QAZ charset:utf8 redisIp:192.168.88.119 poolname:FA_MEM port:3306]
SqlString  SELECT RTP,Amount,Bonus  FROM M_RtpSetting  WHERE Sid = 1   AND State = 1   AND LTG_Code = 1 AND Gid = 35
sqlResult   map[result: count:0 state:0]
[2020-01-02 13:27:16] rtpData ------->   map[result: count:0 state:0] 
[GIN] 2020/01/02 - 13:27:16 | 200 |    3.268299ms |  192.168.66.115 | POST     /getResult
[2020-01-02 13:27:17] 自開彩開獎  {202001020808 6 36 true} 
ConfigData  map[redisIp:192.168.88.119 redisPassword:"" charset:utf8 redisPort:6379 ip:192.168.88.181 poolname:FA_MEM port:3306 user:fa_db password:1qaz!QAZ database:FA_MEM redisDB:3]
SqlString  SELECT RTP,Amount,Bonus  FROM M_RtpSetting  WHERE Sid = 1   AND State = 1   AND LTG_Code = 6 AND Gid = 36
sqlResult   map[result: count:0 state:0]
[2020-01-02 13:27:17] rtpData ------->   map[result: count:0 state:0] 
[GIN] 2020/01/02 - 13:27:17 | 200 |    3.107778ms |  192.168.66.115 | POST     /getResult
[2020-01-02 13:27:19] 自開彩開獎  {202001020270 6 37 true} 
ConfigData  map[poolname:FA_MEM charset:utf8 redisIp:192.168.88.119 redisPort:6379 redisPassword:"" redisDB:3 ip:192.168.88.181 port:3306 user:fa_db password:1qaz!QAZ database:FA_MEM]
SqlString  SELECT RTP,Amount,Bonus  FROM M_RtpSetting  WHERE Sid = 1   AND State = 1   AND LTG_Code = 6 AND Gid = 37
sqlResult   map[result: count:0 state:0]
[2020-01-02 13:27:19] rtpData ------->   map[count:0 state:0 result:] 
[GIN] 2020/01/02 - 13:27:19 | 200 |    2.762687ms |  192.168.66.115 | POST     /getResult
[2020-01-02 13:27:19] 自開彩開獎  {202001020808 4 40 true} 
ConfigData  map[database:FA_MEM redisPort:6379 redisPassword:"" redisDB:3 poolname:FA_MEM password:1qaz!QAZ user:fa_db charset:utf8 redisIp:192.168.88.119 ip:192.168.88.181 port:3306]
SqlString  SELECT RTP,Amount,Bonus  FROM M_RtpSetting  WHERE Sid = 1   AND State = 1   AND LTG_Code = 4 AND Gid = 40
sqlResult   map[result: count:0 state:0]
[2020-01-02 13:27:19] rtpData ------->   map[result: count:0 state:0] 
[GIN] 2020/01/02 - 13:27:19 | 200 |    2.335689ms |  192.168.66.115 | POST     /getResult
[2020-01-02 13:27:19] 自開彩開獎  {202001020808 1 34 true} 
ConfigData  map[user:fa_db redisIp:192.168.88.119 redisPassword:"" redisPort:6379 redisDB:3 ip:192.168.88.181 poolname:FA_MEM port:3306 password:1qaz!QAZ database:FA_MEM charset:utf8]
SqlString  SELECT RTP,Amount,Bonus  FROM M_RtpSetting  WHERE Sid = 1   AND State = 1   AND LTG_Code = 1 AND Gid = 34
sqlResult   map[count:0 state:0 result:]
[2020-01-02 13:27:19] rtpData ------->   map[result: count:0 state:0] 
[GIN] 2020/01/02 - 13:27:19 | 200 |     2.63591ms |  192.168.66.115 | POST     /getResult
[2020-01-02 13:27:20] 自開彩開獎  {202001020808 5 38 true} 
ConfigData  map[redisIp:192.168.88.119 redisPort:6379 redisPassword:"" ip:192.168.88.181 port:3306 password:1qaz!QAZ database:FA_MEM charset:utf8 redisDB:3 poolname:FA_MEM user:fa_db]
SqlString  SELECT RTP,Amount,Bonus  FROM M_RtpSetting  WHERE Sid = 1   AND State = 1   AND LTG_Code = 5 AND Gid = 38
sqlResult   map[count:0 state:0 result:]
[2020-01-02 13:27:20] rtpData ------->   map[result: count:0 state:0] 
[GIN] 2020/01/02 - 13:27:20 | 200 |    3.295143ms |  192.168.66.115 | POST     /getResult
[2020-01-02 13:27:20] 自開彩開獎  {202001020270 4 41 true} 
ConfigData  map[charset:utf8 redisPort:6379 redisDB:3 poolname:FA_MEM user:fa_db password:1qaz!QAZ database:FA_MEM redisIp:192.168.88.119 redisPassword:"" ip:192.168.88.181 port:3306]
SqlString  SELECT RTP,Amount,Bonus  FROM M_RtpSetting  WHERE Sid = 1   AND State = 1   AND LTG_Code = 4 AND Gid = 41
sqlResult   map[count:0 state:0 result:]
[2020-01-02 13:27:20] rtpData ------->   map[result: count:0 state:0] 
[GIN] 2020/01/02 - 13:27:20 | 200 |    3.808203ms |  192.168.66.115 | POST     /getResult
[2020-01-02 13:27:22] 自開彩開獎  {202001020270 1 35 true} 
ConfigData  map[ip:192.168.88.181 user:fa_db password:1qaz!QAZ database:FA_MEM redisPassword:"" redisDB:3 poolname:FA_MEM port:3306 charset:utf8 redisIp:192.168.88.119 redisPort:6379]
SqlString  SELECT RTP,Amount,Bonus  FROM M_RtpSetting  WHERE Sid = 1   AND State = 1   AND LTG_Code = 1 AND Gid = 35
sqlResult   map[result: count:0 state:0]
[2020-01-02 13:27:22] rtpData ------->   map[count:0 state:0 result:] 
[GIN] 2020/01/02 - 13:27:22 | 200 |    3.005416ms |  192.168.66.115 | POST     /getResult
[2020-01-02 13:27:23] 自開彩開獎  {202001020808 6 36 true} 
ConfigData  map[charset:utf8 redisIp:192.168.88.119 redisPort:6379 redisDB:3 database:FA_MEM redisPassword:"" ip:192.168.88.181 poolname:FA_MEM port:3306 user:fa_db password:1qaz!QAZ]
SqlString  SELECT RTP,Amount,Bonus  FROM M_RtpSetting  WHERE Sid = 1   AND State = 1   AND LTG_Code = 6 AND Gid = 36
sqlResult   map[result: count:0 state:0]
[2020-01-02 13:27:23] rtpData ------->   map[result: count:0 state:0] 
[GIN] 2020/01/02 - 13:27:23 | 200 |    2.471066ms |  192.168.66.115 | POST     /getResult
[2020-01-02 13:27:25] 自開彩開獎  {202001020270 6 37 true} 
ConfigData  map[password:1qaz!QAZ database:FA_MEM ip:192.168.88.181 poolname:FA_MEM charset:utf8 redisIp:192.168.88.119 redisPort:6379 redisPassword:"" redisDB:3 port:3306 user:fa_db]
SqlString  SELECT RTP,Amount,Bonus  FROM M_RtpSetting  WHERE Sid = 1   AND State = 1   AND LTG_Code = 6 AND Gid = 37
sqlResult   map[state:0 result: count:0]
[2020-01-02 13:27:25] rtpData ------->   map[state:0 result: count:0] 
[GIN] 2020/01/02 - 13:27:25 | 200 |    2.746451ms |  192.168.66.115 | POST     /getResult
[2020-01-02 13:27:25] 自開彩開獎  {202001020808 4 40 true} 
ConfigData  map[database:FA_MEM ip:192.168.88.181 port:3306 password:1qaz!QAZ charset:utf8 redisIp:192.168.88.119 redisPort:6379 redisPassword:"" redisDB:3 poolname:FA_MEM user:fa_db]
SqlString  SELECT RTP,Amount,Bonus  FROM M_RtpSetting  WHERE Sid = 1   AND State = 1   AND LTG_Code = 4 AND Gid = 40
sqlResult   map[result: count:0 state:0]
[2020-01-02 13:27:25] rtpData ------->   map[result: count:0 state:0] 
[GIN] 2020/01/02 - 13:27:25 | 200 |    3.002093ms |  192.168.66.115 | POST     /getResult
[2020-01-02 13:27:25] 自開彩開獎  {202001020808 1 34 true} 
ConfigData  map[redisPort:6379 redisPassword:"" redisDB:3 user:fa_db database:FA_MEM charset:utf8 password:1qaz!QAZ redisIp:192.168.88.119 ip:192.168.88.181 poolname:FA_MEM port:3306]
SqlString  SELECT RTP,Amount,Bonus  FROM M_RtpSetting  WHERE Sid = 1   AND State = 1   AND LTG_Code = 1 AND Gid = 34
sqlResult   map[result: count:0 state:0]
[2020-01-02 13:27:25] rtpData ------->   map[count:0 state:0 result:] 
[GIN] 2020/01/02 - 13:27:25 | 200 |    2.997123ms |  192.168.66.115 | POST     /getResult
[2020-01-02 13:27:26] 自開彩開獎  {202001020808 5 38 true} 
ConfigData  map[port:3306 database:FA_MEM redisIp:192.168.88.119 redisPassword:"" redisDB:3 ip:192.168.88.181 poolname:FA_MEM user:fa_db password:1qaz!QAZ charset:utf8 redisPort:6379]
SqlString  SELECT RTP,Amount,Bonus  FROM M_RtpSetting  WHERE Sid = 1   AND State = 1   AND LTG_Code = 5 AND Gid = 38
sqlResult   map[result: count:0 state:0]
[2020-01-02 13:27:26] rtpData ------->   map[result: count:0 state:0] 
[GIN] 2020/01/02 - 13:27:26 | 200 |    2.875592ms |  192.168.66.115 | POST     /getResult
[2020-01-02 13:27:26] 自開彩開獎  {202001020270 4 41 true} 
ConfigData  map[ip:192.168.88.181 poolname:FA_MEM charset:utf8 redisPassword:"" redisDB:3 port:3306 user:fa_db password:1qaz!QAZ database:FA_MEM redisIp:192.168.88.119 redisPort:6379]
SqlString  SELECT RTP,Amount,Bonus  FROM M_RtpSetting  WHERE Sid = 1   AND State = 1   AND LTG_Code = 4 AND Gid = 41
sqlResult   map[result: count:0 state:0]
[2020-01-02 13:27:26] rtpData ------->   map[result: count:0 state:0] 
[GIN] 2020/01/02 - 13:27:26 | 200 |    3.024727ms |  192.168.66.115 | POST     /getResult
[2020-01-02 13:27:28] 自開彩開獎  {202001020270 1 35 true} 
ConfigData  map[port:3306 user:fa_db password:1qaz!QAZ redisIp:192.168.88.119 redisPort:6379 redisDB:3 ip:192.168.88.181 poolname:FA_MEM database:FA_MEM charset:utf8 redisPassword:""]
SqlString  SELECT RTP,Amount,Bonus  FROM M_RtpSetting  WHERE Sid = 1   AND State = 1   AND LTG_Code = 1 AND Gid = 35
sqlResult   map[result: count:0 state:0]
[2020-01-02 13:27:28] rtpData ------->   map[result: count:0 state:0] 
[GIN] 2020/01/02 - 13:27:28 | 200 |    2.574607ms |  192.168.66.115 | POST     /getResult
[2020-01-02 13:27:29] 自開彩開獎  {202001020808 6 36 true} 
ConfigData  map[ip:192.168.88.181 user:fa_db database:FA_MEM charset:utf8 redisIp:192.168.88.119 redisDB:3 poolname:FA_MEM port:3306 password:1qaz!QAZ redisPort:6379 redisPassword:""]
SqlString  SELECT RTP,Amount,Bonus  FROM M_RtpSetting  WHERE Sid = 1   AND State = 1   AND LTG_Code = 6 AND Gid = 36
sqlResult   map[count:0 state:0 result:]
[2020-01-02 13:27:29] rtpData ------->   map[result: count:0 state:0] 
[GIN] 2020/01/02 - 13:27:29 | 200 |    2.398887ms |  192.168.66.115 | POST     /getResult
[2020-01-02 13:27:31] 自開彩開獎  {202001020270 6 37 true} 
ConfigData  map[charset:utf8 redisIp:192.168.88.119 redisPort:6379 port:3306 password:1qaz!QAZ user:fa_db database:FA_MEM redisPassword:"" redisDB:3 ip:192.168.88.181 poolname:FA_MEM]
SqlString  SELECT RTP,Amount,Bonus  FROM M_RtpSetting  WHERE Sid = 1   AND State = 1   AND LTG_Code = 6 AND Gid = 37
sqlResult   map[count:0 state:0 result:]
[2020-01-02 13:27:31] rtpData ------->   map[result: count:0 state:0] 
[GIN] 2020/01/02 - 13:27:31 | 200 |    2.951214ms |  192.168.66.115 | POST     /getResult
[2020-01-02 13:27:31] 自開彩開獎  {202001020808 4 40 true} 
ConfigData  map[ip:192.168.88.181 poolname:FA_MEM port:3306 password:1qaz!QAZ database:FA_MEM redisIp:192.168.88.119 redisPort:6379 redisDB:3 user:fa_db charset:utf8 redisPassword:""]
SqlString  SELECT RTP,Amount,Bonus  FROM M_RtpSetting  WHERE Sid = 1   AND State = 1   AND LTG_Code = 4 AND Gid = 40
sqlResult   map[result: count:0 state:0]
[2020-01-02 13:27:31] rtpData ------->   map[result: count:0 state:0] 
[GIN] 2020/01/02 - 13:27:31 | 200 |     1.97473ms |  192.168.66.115 | POST     /getResult
[2020-01-02 13:27:31] 自開彩開獎  {202001020808 1 34 true} 
ConfigData  map[redisPort:6379 redisDB:3 password:1qaz!QAZ redisIp:192.168.88.119 port:3306 user:fa_db database:FA_MEM charset:utf8 redisPassword:"" ip:192.168.88.181 poolname:FA_MEM]
SqlString  SELECT RTP,Amount,Bonus  FROM M_RtpSetting  WHERE Sid = 1   AND State = 1   AND LTG_Code = 1 AND Gid = 34
sqlResult   map[result: count:0 state:0]
[2020-01-02 13:27:31] rtpData ------->   map[result: count:0 state:0] 
[GIN] 2020/01/02 - 13:27:31 | 200 |    3.140834ms |  192.168.66.115 | POST     /getResult
[2020-01-02 13:27:32] 自開彩開獎  {202001020808 5 38 true} 
ConfigData  map[database:FA_MEM charset:utf8 redisPort:6379 redisDB:3 ip:192.168.88.181 user:fa_db password:1qaz!QAZ redisIp:192.168.88.119 redisPassword:"" poolname:FA_MEM port:3306]
SqlString  SELECT RTP,Amount,Bonus  FROM M_RtpSetting  WHERE Sid = 1   AND State = 1   AND LTG_Code = 5 AND Gid = 38
sqlResult   map[count:0 state:0 result:]
[2020-01-02 13:27:32] rtpData ------->   map[result: count:0 state:0] 
[GIN] 2020/01/02 - 13:27:32 | 200 |    2.625105ms |  192.168.66.115 | POST     /getResult
[2020-01-02 13:27:32] 自開彩開獎  {202001020270 4 41 true} 
ConfigData  map[ip:192.168.88.181 poolname:FA_MEM charset:utf8 redisPort:6379 redisPassword:"" port:3306 user:fa_db password:1qaz!QAZ database:FA_MEM redisIp:192.168.88.119 redisDB:3]
SqlString  SELECT RTP,Amount,Bonus  FROM M_RtpSetting  WHERE Sid = 1   AND State = 1   AND LTG_Code = 4 AND Gid = 41
sqlResult   map[result: count:0 state:0]
[2020-01-02 13:27:32] rtpData ------->   map[count:0 state:0 result:] 
[GIN] 2020/01/02 - 13:27:32 | 200 |    8.261768ms |  192.168.66.115 | POST     /getResult
[2020-01-02 13:27:34] 自開彩開獎  {202001020270 1 35 true} 
ConfigData  map[redisPort:6379 ip:192.168.88.181 poolname:FA_MEM port:3306 user:fa_db database:FA_MEM password:1qaz!QAZ charset:utf8 redisIp:192.168.88.119 redisPassword:"" redisDB:3]
SqlString  SELECT RTP,Amount,Bonus  FROM M_RtpSetting  WHERE Sid = 1   AND State = 1   AND LTG_Code = 1 AND Gid = 35
sqlResult   map[result: count:0 state:0]
[2020-01-02 13:27:34] rtpData ------->   map[result: count:0 state:0] 
[GIN] 2020/01/02 - 13:27:34 | 200 |    3.160619ms |  192.168.66.115 | POST     /getResult
[2020-01-02 13:27:35] 自開彩開獎  {202001020808 6 36 true} 
ConfigData  map[user:fa_db charset:utf8 redisIp:192.168.88.119 redisPort:6379 redisPassword:"" ip:192.168.88.181 poolname:FA_MEM port:3306 password:1qaz!QAZ database:FA_MEM redisDB:3]
SqlString  SELECT RTP,Amount,Bonus  FROM M_RtpSetting  WHERE Sid = 1   AND State = 1   AND LTG_Code = 6 AND Gid = 36
sqlResult   map[result: count:0 state:0]
[2020-01-02 13:27:35] rtpData ------->   map[state:0 result: count:0] 
[GIN] 2020/01/02 - 13:27:35 | 200 |    2.414974ms |  192.168.66.115 | POST     /getResult
[2020-01-02 13:27:37] 自開彩開獎  {202001020270 6 37 true} 
ConfigData  map[ip:192.168.88.181 charset:utf8 redisIp:192.168.88.119 database:FA_MEM redisPort:6379 redisPassword:"" redisDB:3 poolname:FA_MEM port:3306 user:fa_db password:1qaz!QAZ]
SqlString  SELECT RTP,Amount,Bonus  FROM M_RtpSetting  WHERE Sid = 1   AND State = 1   AND LTG_Code = 6 AND Gid = 37
sqlResult   map[result: count:0 state:0]
[2020-01-02 13:27:37] rtpData ------->   map[result: count:0 state:0] 
[GIN] 2020/01/02 - 13:27:37 | 200 |     2.97154ms |  192.168.66.115 | POST     /getResult
[2020-01-02 13:27:37] 自開彩開獎  {202001020808 4 40 true} 
ConfigData  map[ip:192.168.88.181 password:1qaz!QAZ database:FA_MEM charset:utf8 redisIp:192.168.88.119 redisPort:6379 redisDB:3 poolname:FA_MEM port:3306 user:fa_db redisPassword:""]
SqlString  SELECT RTP,Amount,Bonus  FROM M_RtpSetting  WHERE Sid = 1   AND State = 1   AND LTG_Code = 4 AND Gid = 40
sqlResult   map[result: count:0 state:0]
[2020-01-02 13:27:37] rtpData ------->   map[result: count:0 state:0] 
[GIN] 2020/01/02 - 13:27:37 | 200 |     2.86486ms |  192.168.66.115 | POST     /getResult
[2020-01-02 13:27:37] 自開彩開獎  {202001020808 1 34 true} 
ConfigData  map[redisPassword:"" redisDB:3 password:1qaz!QAZ database:FA_MEM charset:utf8 redisPort:6379 redisIp:192.168.88.119 ip:192.168.88.181 poolname:FA_MEM port:3306 user:fa_db]
SqlString  SELECT RTP,Amount,Bonus  FROM M_RtpSetting  WHERE Sid = 1   AND State = 1   AND LTG_Code = 1 AND Gid = 34
sqlResult   map[result: count:0 state:0]
[2020-01-02 13:27:37] rtpData ------->   map[result: count:0 state:0] 
[GIN] 2020/01/02 - 13:27:37 | 200 |    2.498091ms |  192.168.66.115 | POST     /getResult
[2020-01-02 13:27:38] 自開彩開獎  {202001020808 5 38 true} 
ConfigData  map[redisIp:192.168.88.119 redisPassword:"" redisDB:3 password:1qaz!QAZ poolname:FA_MEM port:3306 user:fa_db database:FA_MEM charset:utf8 redisPort:6379 ip:192.168.88.181]
SqlString  SELECT RTP,Amount,Bonus  FROM M_RtpSetting  WHERE Sid = 1   AND State = 1   AND LTG_Code = 5 AND Gid = 38
sqlResult   map[count:0 state:0 result:]
[2020-01-02 13:27:38] rtpData ------->   map[result: count:0 state:0] 
[GIN] 2020/01/02 - 13:27:38 | 200 |    2.522249ms |  192.168.66.115 | POST     /getResult
[2020-01-02 13:27:38] 自開彩開獎  {202001020270 4 41 true} 
ConfigData  map[redisDB:3 ip:192.168.88.181 port:3306 password:1qaz!QAZ database:FA_MEM charset:utf8 redisPort:6379 redisPassword:"" poolname:FA_MEM user:fa_db redisIp:192.168.88.119]
SqlString  SELECT RTP,Amount,Bonus  FROM M_RtpSetting  WHERE Sid = 1   AND State = 1   AND LTG_Code = 4 AND Gid = 41
sqlResult   map[result: count:0 state:0]
[2020-01-02 13:27:38] rtpData ------->   map[result: count:0 state:0] 
[GIN] 2020/01/02 - 13:27:38 | 200 |    2.527902ms |  192.168.66.115 | POST     /getResult
[2020-01-02 13:27:40] 自開彩開獎  {202001020270 1 35 true} 
ConfigData  map[port:3306 user:fa_db password:1qaz!QAZ redisPassword:"" redisDB:3 ip:192.168.88.181 poolname:FA_MEM database:FA_MEM charset:utf8 redisIp:192.168.88.119 redisPort:6379]
SqlString  SELECT RTP,Amount,Bonus  FROM M_RtpSetting  WHERE Sid = 1   AND State = 1   AND LTG_Code = 1 AND Gid = 35
sqlResult   map[result: count:0 state:0]
[2020-01-02 13:27:40] rtpData ------->   map[result: count:0 state:0] 
[GIN] 2020/01/02 - 13:27:40 | 200 |     2.51343ms |  192.168.66.115 | POST     /getResult
[2020-01-02 13:27:42] 自開彩開獎  {202001020808 6 36 true} 
ConfigData  map[ip:192.168.88.181 password:1qaz!QAZ database:FA_MEM redisPort:6379 redisDB:3 poolname:FA_MEM port:3306 user:fa_db charset:utf8 redisIp:192.168.88.119 redisPassword:""]
SqlString  SELECT RTP,Amount,Bonus  FROM M_RtpSetting  WHERE Sid = 1   AND State = 1   AND LTG_Code = 6 AND Gid = 36
sqlResult   map[result: count:0 state:0]
[2020-01-02 13:27:42] rtpData ------->   map[count:0 state:0 result:] 
[GIN] 2020/01/02 - 13:27:42 | 200 |    2.230361ms |  192.168.66.115 | POST     /getResult
[2020-01-02 13:27:43] 自開彩開獎  {202001020808 4 40 true} 
ConfigData  map[poolname:FA_MEM database:FA_MEM charset:utf8 redisIp:192.168.88.119 redisPort:6379 redisPassword:"" ip:192.168.88.181 port:3306 user:fa_db password:1qaz!QAZ redisDB:3]
SqlString  SELECT RTP,Amount,Bonus  FROM M_RtpSetting  WHERE Sid = 1   AND State = 1   AND LTG_Code = 4 AND Gid = 40
sqlResult   map[result: count:0 state:0]
[2020-01-02 13:27:43] rtpData ------->   map[result: count:0 state:0] 
[GIN] 2020/01/02 - 13:27:43 | 200 |    2.963917ms |  192.168.66.115 | POST     /getResult
[2020-01-02 13:27:43] 自開彩開獎  {202001020808 1 34 true} 
ConfigData  map[redisDB:3 ip:192.168.88.181 poolname:FA_MEM password:1qaz!QAZ redisIp:192.168.88.119 redisPassword:"" port:3306 user:fa_db database:FA_MEM charset:utf8 redisPort:6379]
SqlString  SELECT RTP,Amount,Bonus  FROM M_RtpSetting  WHERE Sid = 1   AND State = 1   AND LTG_Code = 1 AND Gid = 34
sqlResult   map[result: count:0 state:0]
[2020-01-02 13:27:43] rtpData ------->   map[result: count:0 state:0] 
[GIN] 2020/01/02 - 13:27:43 | 200 |      2.6755ms |  192.168.66.115 | POST     /getResult
[2020-01-02 13:27:44] 自開彩開獎  {202001020270 6 37 true} 
ConfigData  map[user:fa_db password:1qaz!QAZ redisIp:192.168.88.119 redisPort:6379 redisPassword:"" redisDB:3 ip:192.168.88.181 poolname:FA_MEM charset:utf8 port:3306 database:FA_MEM]
SqlString  SELECT RTP,Amount,Bonus  FROM M_RtpSetting  WHERE Sid = 1   AND State = 1   AND LTG_Code = 6 AND Gid = 37
sqlResult   map[count:0 state:0 result:]
[2020-01-02 13:27:44] rtpData ------->   map[result: count:0 state:0] 
[GIN] 2020/01/02 - 13:27:44 | 200 |    2.808839ms |  192.168.66.115 | POST     /getResult
[2020-01-02 13:27:44] 自開彩開獎  {202001020808 5 38 true} 
ConfigData  map[redisIp:192.168.88.119 redisPort:6379 poolname:FA_MEM port:3306 user:fa_db password:1qaz!QAZ database:FA_MEM charset:utf8 redisDB:3 ip:192.168.88.181 redisPassword:""]
SqlString  SELECT RTP,Amount,Bonus  FROM M_RtpSetting  WHERE Sid = 1   AND State = 1   AND LTG_Code = 5 AND Gid = 38
sqlResult   map[state:0 result: count:0]
[2020-01-02 13:27:44] rtpData ------->   map[count:0 state:0 result:] 
[GIN] 2020/01/02 - 13:27:44 | 200 |    2.062987ms |  192.168.66.115 | POST     /getResult
[2020-01-02 13:27:44] 自開彩開獎  {202001020270 4 41 true} 
ConfigData  map[user:fa_db password:1qaz!QAZ database:FA_MEM redisIp:192.168.88.119 redisPort:6379 ip:192.168.88.181 poolname:FA_MEM redisPassword:"" redisDB:3 port:3306 charset:utf8]
SqlString  SELECT RTP,Amount,Bonus  FROM M_RtpSetting  WHERE Sid = 1   AND State = 1   AND LTG_Code = 4 AND Gid = 41
sqlResult   map[result: count:0 state:0]
[2020-01-02 13:27:44] rtpData ------->   map[result: count:0 state:0] 
[GIN] 2020/01/02 - 13:27:44 | 200 |    2.854609ms |  192.168.66.115 | POST     /getResult
[2020-01-02 13:27:47] 自開彩開獎  {202001020270 1 35 true} 
ConfigData  map[user:fa_db database:FA_MEM redisPort:6379 redisPassword:"" redisDB:3 poolname:FA_MEM port:3306 password:1qaz!QAZ charset:utf8 redisIp:192.168.88.119 ip:192.168.88.181]
SqlString  SELECT RTP,Amount,Bonus  FROM M_RtpSetting  WHERE Sid = 1   AND State = 1   AND LTG_Code = 1 AND Gid = 35
sqlResult   map[state:0 result: count:0]
[2020-01-02 13:27:47] rtpData ------->   map[result: count:0 state:0] 
[GIN] 2020/01/02 - 13:27:47 | 200 |    2.386919ms |  192.168.66.115 | POST     /getResult
[2020-01-02 13:27:48] 自開彩開獎  {202001020808 6 36 true} 
ConfigData  map[poolname:FA_MEM port:3306 user:fa_db redisPort:6379 redisPassword:"" redisDB:3 ip:192.168.88.181 password:1qaz!QAZ database:FA_MEM charset:utf8 redisIp:192.168.88.119]
SqlString  SELECT RTP,Amount,Bonus  FROM M_RtpSetting  WHERE Sid = 1   AND State = 1   AND LTG_Code = 6 AND Gid = 36
sqlResult   map[result: count:0 state:0]
[2020-01-02 13:27:48] rtpData ------->   map[result: count:0 state:0] 
[GIN] 2020/01/02 - 13:27:48 | 200 |    2.617727ms |  192.168.66.115 | POST     /getResult
[2020-01-02 13:27:49] 自開彩開獎  {202001020808 4 40 true} 
ConfigData  map[database:FA_MEM charset:utf8 redisPort:6379 redisDB:3 ip:192.168.88.181 poolname:FA_MEM password:1qaz!QAZ redisPassword:"" port:3306 user:fa_db redisIp:192.168.88.119]
SqlString  SELECT RTP,Amount,Bonus  FROM M_RtpSetting  WHERE Sid = 1   AND State = 1   AND LTG_Code = 4 AND Gid = 40
sqlResult   map[result: count:0 state:0]
[2020-01-02 13:27:49] rtpData ------->   map[result: count:0 state:0] 
[GIN] 2020/01/02 - 13:27:49 | 200 |    2.994991ms |  192.168.66.115 | POST     /getResult
[2020-01-02 13:27:49] 自開彩開獎  {202001020808 1 34 true} 
ConfigData  map[redisPort:6379 redisPassword:"" redisDB:3 ip:192.168.88.181 poolname:FA_MEM port:3306 password:1qaz!QAZ user:fa_db database:FA_MEM charset:utf8 redisIp:192.168.88.119]
SqlString  SELECT RTP,Amount,Bonus  FROM M_RtpSetting  WHERE Sid = 1   AND State = 1   AND LTG_Code = 1 AND Gid = 34
sqlResult   map[state:0 result: count:0]
[2020-01-02 13:27:49] rtpData ------->   map[state:0 result: count:0] 
[GIN] 2020/01/02 - 13:27:49 | 200 |     1.99623ms |  192.168.66.115 | POST     /getResult
[2020-01-02 13:27:50] 自開彩開獎  {202001020270 6 37 true} 
ConfigData  map[poolname:FA_MEM user:fa_db database:FA_MEM redisIp:192.168.88.119 redisDB:3 ip:192.168.88.181 port:3306 password:1qaz!QAZ charset:utf8 redisPort:6379 redisPassword:""]
SqlString  SELECT RTP,Amount,Bonus  FROM M_RtpSetting  WHERE Sid = 1   AND State = 1   AND LTG_Code = 6 AND Gid = 37
sqlResult   map[result: count:0 state:0]
[2020-01-02 13:27:50] rtpData ------->   map[result: count:0 state:0] 
[GIN] 2020/01/02 - 13:27:50 | 200 |    2.684563ms |  192.168.66.115 | POST     /getResult
[2020-01-02 13:27:50] 自開彩開獎  {202001020808 5 38 true} 
ConfigData  map[redisIp:192.168.88.119 redisPort:6379 redisPassword:"" poolname:FA_MEM database:FA_MEM user:fa_db password:1qaz!QAZ charset:utf8 redisDB:3 ip:192.168.88.181 port:3306]
SqlString  SELECT RTP,Amount,Bonus  FROM M_RtpSetting  WHERE Sid = 1   AND State = 1   AND LTG_Code = 5 AND Gid = 38
sqlResult   map[result: count:0 state:0]
[2020-01-02 13:27:50] rtpData ------->   map[state:0 result: count:0] 
[GIN] 2020/01/02 - 13:27:50 | 200 |    2.605779ms |  192.168.66.115 | POST     /getResult
[2020-01-02 13:27:50] 自開彩開獎  {202001020270 4 41 true} 
ConfigData  map[redisPort:6379 poolname:FA_MEM port:3306 user:fa_db password:1qaz!QAZ redisPassword:"" redisDB:3 ip:192.168.88.181 database:FA_MEM charset:utf8 redisIp:192.168.88.119]
SqlString  SELECT RTP,Amount,Bonus  FROM M_RtpSetting  WHERE Sid = 1   AND State = 1   AND LTG_Code = 4 AND Gid = 41
sqlResult   map[result: count:0 state:0]
[2020-01-02 13:27:50] rtpData ------->   map[state:0 result: count:0] 
[GIN] 2020/01/02 - 13:27:50 | 200 |    5.350718ms |  192.168.66.115 | POST     /getResult
[2020-01-02 13:27:53] 自開彩開獎  {202001020270 1 35 true} 
ConfigData  map[database:FA_MEM charset:utf8 redisPort:6379 redisPassword:"" ip:192.168.88.181 port:3306 user:fa_db password:1qaz!QAZ redisDB:3 poolname:FA_MEM redisIp:192.168.88.119]
SqlString  SELECT RTP,Amount,Bonus  FROM M_RtpSetting  WHERE Sid = 1   AND State = 1   AND LTG_Code = 1 AND Gid = 35
sqlResult   map[result: count:0 state:0]
[2020-01-02 13:27:53] rtpData ------->   map[count:0 state:0 result:] 
[GIN] 2020/01/02 - 13:27:53 | 200 |    2.654739ms |  192.168.66.115 | POST     /getResult
[2020-01-02 13:27:54] 自開彩開獎  {202001020808 6 36 true} 
ConfigData  map[port:3306 user:fa_db password:1qaz!QAZ charset:utf8 redisIp:192.168.88.119 redisPort:6379 redisPassword:"" ip:192.168.88.181 poolname:FA_MEM database:FA_MEM redisDB:3]
SqlString  SELECT RTP,Amount,Bonus  FROM M_RtpSetting  WHERE Sid = 1   AND State = 1   AND LTG_Code = 6 AND Gid = 36
sqlResult   map[result: count:0 state:0]
[2020-01-02 13:27:54] rtpData ------->   map[result: count:0 state:0] 
[GIN] 2020/01/02 - 13:27:54 | 200 |    3.229435ms |  192.168.66.115 | POST     /getResult
[2020-01-02 13:27:55] 自開彩開獎  {202001020808 4 40 true} 
ConfigData  map[redisDB:3 poolname:FA_MEM user:fa_db charset:utf8 redisPassword:"" redisIp:192.168.88.119 redisPort:6379 ip:192.168.88.181 port:3306 password:1qaz!QAZ database:FA_MEM]
SqlString  SELECT RTP,Amount,Bonus  FROM M_RtpSetting  WHERE Sid = 1   AND State = 1   AND LTG_Code = 4 AND Gid = 40
sqlResult   map[result: count:0 state:0]
[2020-01-02 13:27:55] rtpData ------->   map[result: count:0 state:0] 
[GIN] 2020/01/02 - 13:27:55 | 200 |    4.223827ms |  192.168.66.115 | POST     /getResult
[2020-01-02 13:27:55] 自開彩開獎  {202001020808 1 34 true} 
ConfigData  map[redisDB:3 ip:192.168.88.181 poolname:FA_MEM port:3306 password:1qaz!QAZ charset:utf8 redisPassword:"" user:fa_db database:FA_MEM redisIp:192.168.88.119 redisPort:6379]
SqlString  SELECT RTP,Amount,Bonus  FROM M_RtpSetting  WHERE Sid = 1   AND State = 1   AND LTG_Code = 1 AND Gid = 34
sqlResult   map[count:0 state:0 result:]
[2020-01-02 13:27:55] rtpData ------->   map[state:0 result: count:0] 
[GIN] 2020/01/02 - 13:27:55 | 200 |    2.454117ms |  192.168.66.115 | POST     /getResult
[2020-01-02 13:27:56] 自開彩開獎  {202001020270 6 37 true} 
ConfigData  map[ip:192.168.88.181 user:fa_db redisIp:192.168.88.119 redisPassword:"" redisDB:3 redisPort:6379 poolname:FA_MEM port:3306 password:1qaz!QAZ database:FA_MEM charset:utf8]
SqlString  SELECT RTP,Amount,Bonus  FROM M_RtpSetting  WHERE Sid = 1   AND State = 1   AND LTG_Code = 6 AND Gid = 37
sqlResult   map[count:0 state:0 result:]
[2020-01-02 13:27:56] rtpData ------->   map[result: count:0 state:0] 
[GIN] 2020/01/02 - 13:27:56 | 200 |    4.113923ms |  192.168.66.115 | POST     /getResult
[2020-01-02 13:27:56] 自開彩開獎  {202001020808 5 38 true} 
ConfigData  map[port:3306 user:fa_db database:FA_MEM redisPassword:"" redisIp:192.168.88.119 redisPort:6379 redisDB:3 ip:192.168.88.181 poolname:FA_MEM password:1qaz!QAZ charset:utf8]
SqlString  SELECT RTP,Amount,Bonus  FROM M_RtpSetting  WHERE Sid = 1   AND State = 1   AND LTG_Code = 5 AND Gid = 38
sqlResult   map[result: count:0 state:0]
[2020-01-02 13:27:56] rtpData ------->   map[state:0 result: count:0] 
[GIN] 2020/01/02 - 13:27:56 | 200 |     1.92805ms |  192.168.66.115 | POST     /getResult
[2020-01-02 13:27:56] 自開彩開獎  {202001020270 4 41 true} 
ConfigData  map[redisPort:6379 redisPassword:"" ip:192.168.88.181 user:fa_db redisIp:192.168.88.119 database:FA_MEM charset:utf8 redisDB:3 poolname:FA_MEM port:3306 password:1qaz!QAZ]
SqlString  SELECT RTP,Amount,Bonus  FROM M_RtpSetting  WHERE Sid = 1   AND State = 1   AND LTG_Code = 4 AND Gid = 41
sqlResult   map[count:0 state:0 result:]
[2020-01-02 13:27:56] rtpData ------->   map[result: count:0 state:0] 
[GIN] 2020/01/02 - 13:27:56 | 200 |     2.02093ms |  192.168.66.115 | POST     /getResult
[2020-01-02 13:27:59] 自開彩開獎  {202001020270 1 35 true} 
ConfigData  map[redisPassword:"" ip:192.168.88.181 poolname:FA_MEM redisIp:192.168.88.119 database:FA_MEM charset:utf8 redisPort:6379 redisDB:3 port:3306 user:fa_db password:1qaz!QAZ]
SqlString  SELECT RTP,Amount,Bonus  FROM M_RtpSetting  WHERE Sid = 1   AND State = 1   AND LTG_Code = 1 AND Gid = 35
sqlResult   map[result: count:0 state:0]
[2020-01-02 13:27:59] rtpData ------->   map[result: count:0 state:0] 
[GIN] 2020/01/02 - 13:27:59 | 200 |    2.483491ms |  192.168.66.115 | POST     /getResult
[2020-01-02 13:28:00] 自開彩開獎  {202001020808 6 36 true} 
ConfigData  map[redisDB:3 user:fa_db password:1qaz!QAZ charset:utf8 redisPassword:"" redisIp:192.168.88.119 redisPort:6379 ip:192.168.88.181 poolname:FA_MEM port:3306 database:FA_MEM]
SqlString  SELECT RTP,Amount,Bonus  FROM M_RtpSetting  WHERE Sid = 1   AND State = 1   AND LTG_Code = 6 AND Gid = 36
sqlResult   map[result: count:0 state:0]
[2020-01-02 13:28:00] rtpData ------->   map[result: count:0 state:0] 
[GIN] 2020/01/02 - 13:28:00 | 200 |    2.236338ms |  192.168.66.115 | POST     /getResult
[2020-01-02 13:28:00] 自開彩開獎  {202001020809 2 26 true} 
ConfigData  map[redisPort:6379 redisPassword:"" ip:192.168.88.181 poolname:FA_MEM port:3306 user:fa_db database:FA_MEM redisIp:192.168.88.119 password:1qaz!QAZ charset:utf8 redisDB:3]
SqlString  SELECT RTP,Amount,Bonus  FROM M_RtpSetting  WHERE Sid = 1   AND State = 1   AND LTG_Code = 2 AND Gid = 26
sqlResult   map[result:0.9600 count:1 state:1 amount:1.0069588e+06 bonus:908100.71]
[2020-01-02 13:28:00] rtpData ------->   map[bonus:908100.71 result:0.9600 count:1 state:1 amount:1.0069588e+06] 
ConfigData  map[database:FA_MEM charset:utf8 redisIp:192.168.88.119 redisDB:3 poolname:FA_MEM user:fa_db password:1qaz!QAZ redisPort:6379 redisPassword:"" ip:192.168.88.181 port:3306]
SELECT BO_No, BO_OrderNo , BO_User , BO_Issue  , BO_LotteryTypeGroup, BO_LotteryType, BO_Mode, BO_LotteryPlayGroup, BO_LotteryPlay , BO_LotteryContent, BO_Price, BO_RealPrice, BO_Unit, BO_Multiple , BO_BetCount  , BO_Winnings, BO_Winnings2, BO_Winnings3, BO_WinningLimit  , BO_Water , BO_BW_SourceUserId, BO_BW_BackWater, BO_BW_LimitBetCount, BO_BW_MaxAmount, BO_BW_AuditMultiple  , BO_Odds, BO_Odds2, BO_Odds3 , BO_Type, BO_Chase , BO_OpenResult, BO_OpenResult2, BO_DateDraw, BO_DateDraw2, BO_DateUpdate  FROM TS_BetOrder  WHERE BO_Cancel = 0   AND BO_CancelBackend = 0   AND BO_LotteryTypeGroup = 2 AND BO_LotteryType = 26 AND BO_Issue = 202001020809 AND BO_Collect = 0 ORDER BY BO_DateDraw ASC, BO_DateCreate ASC, BO_DateUpdate ASC, BO_No ASC ;
[2020-01-02 13:28:00] LottteryTypeGroup 2 
[2020-01-02 13:28:00] 有期號 但無注單 -------> map[amount:0 bonus:0 thisOpenResult:[3 4 4 0 3]] 
[GIN] 2020/01/02 - 13:28:00 | 200 |    4.818347ms |  192.168.66.115 | POST     /getResult
[2020-01-02 13:28:01] 自開彩開獎  {202001020808 4 40 true} 
ConfigData  map[redisPassword:"" redisDB:3 poolname:FA_MEM port:3306 charset:utf8 redisIp:192.168.88.119 redisPort:6379 ip:192.168.88.181 user:fa_db password:1qaz!QAZ database:FA_MEM]
SqlString  SELECT RTP,Amount,Bonus  FROM M_RtpSetting  WHERE Sid = 1   AND State = 1   AND LTG_Code = 4 AND Gid = 40
sqlResult   map[result: count:0 state:0]
[2020-01-02 13:28:01] rtpData ------->   map[result: count:0 state:0] 
[GIN] 2020/01/02 - 13:28:01 | 200 |    2.565892ms |  192.168.66.115 | POST     /getResult
[2020-01-02 13:28:01] 自開彩開獎  {202001020808 1 34 true} 
ConfigData  map[charset:utf8 redisPassword:"" redisDB:3 database:FA_MEM redisIp:192.168.88.119 redisPort:6379 ip:192.168.88.181 poolname:FA_MEM port:3306 user:fa_db password:1qaz!QAZ]
SqlString  SELECT RTP,Amount,Bonus  FROM M_RtpSetting  WHERE Sid = 1   AND State = 1   AND LTG_Code = 1 AND Gid = 34
sqlResult   map[result: count:0 state:0]
[2020-01-02 13:28:01] rtpData ------->   map[result: count:0 state:0] 
[GIN] 2020/01/02 - 13:28:01 | 200 |    2.506717ms |  192.168.66.115 | POST     /getResult
[2020-01-02 13:28:02] 自開彩開獎  {202001020270 6 37 true} 
ConfigData  map[database:FA_MEM redisPort:6379 poolname:FA_MEM user:fa_db password:1qaz!QAZ charset:utf8 redisIp:192.168.88.119 redisPassword:"" redisDB:3 ip:192.168.88.181 port:3306]
SqlString  SELECT RTP,Amount,Bonus  FROM M_RtpSetting  WHERE Sid = 1   AND State = 1   AND LTG_Code = 6 AND Gid = 37
sqlResult   map[count:0 state:0 result:]
[2020-01-02 13:28:02] rtpData ------->   map[result: count:0 state:0] 
[GIN] 2020/01/02 - 13:28:02 | 200 |    2.623882ms |  192.168.66.115 | POST     /getResult
[2020-01-02 13:28:02] 自開彩開獎  {202001020808 5 38 true} 
ConfigData  map[port:3306 password:1qaz!QAZ redisIp:192.168.88.119 redisDB:3 charset:utf8 redisPort:6379 redisPassword:"" ip:192.168.88.181 poolname:FA_MEM user:fa_db database:FA_MEM]
SqlString  SELECT RTP,Amount,Bonus  FROM M_RtpSetting  WHERE Sid = 1   AND State = 1   AND LTG_Code = 5 AND Gid = 38
sqlResult   map[result: count:0 state:0]
[2020-01-02 13:28:02] rtpData ------->   map[result: count:0 state:0] 
[GIN] 2020/01/02 - 13:28:02 | 200 |    2.264952ms |  192.168.66.115 | POST     /getResult
[2020-01-02 13:28:02] 自開彩開獎  {202001020270 4 41 true} 
ConfigData  map[ip:192.168.88.181 port:3306 user:fa_db charset:utf8 redisDB:3 poolname:FA_MEM password:1qaz!QAZ database:FA_MEM redisIp:192.168.88.119 redisPort:6379 redisPassword:""]
SqlString  SELECT RTP,Amount,Bonus  FROM M_RtpSetting  WHERE Sid = 1   AND State = 1   AND LTG_Code = 4 AND Gid = 41
sqlResult   map[count:0 state:0 result:]
[2020-01-02 13:28:02] rtpData ------->   map[state:0 result: count:0] 
[GIN] 2020/01/02 - 13:28:02 | 200 |    4.083731ms |  192.168.66.115 | POST     /getResult
[2020-01-02 13:28:05] 自開彩開獎  {202001020270 1 35 true} 
ConfigData  map[poolname:FA_MEM port:3306 password:1qaz!QAZ ip:192.168.88.181 user:fa_db database:FA_MEM charset:utf8 redisIp:192.168.88.119 redisPort:6379 redisPassword:"" redisDB:3]
SqlString  SELECT RTP,Amount,Bonus  FROM M_RtpSetting  WHERE Sid = 1   AND State = 1   AND LTG_Code = 1 AND Gid = 35
sqlResult   map[result: count:0 state:0]
[2020-01-02 13:28:05] rtpData ------->   map[result: count:0 state:0] 
[GIN] 2020/01/02 - 13:28:05 | 200 |    2.297192ms |  192.168.66.115 | POST     /getResult
[2020-01-02 13:28:06] 自開彩開獎  {202001020809 6 36 true} 
ConfigData  map[user:fa_db database:FA_MEM redisPort:6379 redisPassword:"" redisIp:192.168.88.119 redisDB:3 ip:192.168.88.181 poolname:FA_MEM port:3306 password:1qaz!QAZ charset:utf8]
SqlString  SELECT RTP,Amount,Bonus  FROM M_RtpSetting  WHERE Sid = 1   AND State = 1   AND LTG_Code = 6 AND Gid = 36
sqlResult   map[result: count:0 state:0]
[2020-01-02 13:28:06] rtpData ------->   map[state:0 result: count:0] 
[GIN] 2020/01/02 - 13:28:06 | 200 |    2.891627ms |  192.168.66.115 | POST     /getResult
[2020-01-02 13:28:07] 自開彩開獎  {202001020809 4 40 true} 
ConfigData  map[ip:192.168.88.181 poolname:FA_MEM user:fa_db redisPort:6379 redisPassword:"" redisDB:3 port:3306 password:1qaz!QAZ database:FA_MEM charset:utf8 redisIp:192.168.88.119]
SqlString  SELECT RTP,Amount,Bonus  FROM M_RtpSetting  WHERE Sid = 1   AND State = 1   AND LTG_Code = 4 AND Gid = 40
sqlResult   map[result: count:0 state:0]
[2020-01-02 13:28:07] rtpData ------->   map[result: count:0 state:0] 
[GIN] 2020/01/02 - 13:28:07 | 200 |    3.148828ms |  192.168.66.115 | POST     /getResult
[2020-01-02 13:28:07] 自開彩開獎  {202001020809 1 34 true} 
ConfigData  map[redisDB:3 ip:192.168.88.181 poolname:FA_MEM charset:utf8 redisIp:192.168.88.119 redisPort:6379 redisPassword:"" port:3306 user:fa_db password:1qaz!QAZ database:FA_MEM]
SqlString  SELECT RTP,Amount,Bonus  FROM M_RtpSetting  WHERE Sid = 1   AND State = 1   AND LTG_Code = 1 AND Gid = 34
sqlResult   map[state:0 result: count:0]
[2020-01-02 13:28:07] rtpData ------->   map[count:0 state:0 result:] 
[GIN] 2020/01/02 - 13:28:07 | 200 |    3.307542ms |  192.168.66.115 | POST     /getResult
[2020-01-02 13:28:08] 自開彩開獎  {202001020809 5 38 true} 
ConfigData  map[database:FA_MEM redisIp:192.168.88.119 redisPort:6379 port:3306 password:1qaz!QAZ user:fa_db charset:utf8 redisPassword:"" redisDB:3 ip:192.168.88.181 poolname:FA_MEM]
SqlString  SELECT RTP,Amount,Bonus  FROM M_RtpSetting  WHERE Sid = 1   AND State = 1   AND LTG_Code = 5 AND Gid = 38
sqlResult   map[result: count:0 state:0]
[2020-01-02 13:28:08] rtpData ------->   map[count:0 state:0 result:] 
[GIN] 2020/01/02 - 13:28:08 | 200 |    2.823782ms |  192.168.66.115 | POST     /getResult
[2020-01-02 13:28:08] 自開彩開獎  {202001020270 4 41 true} 
ConfigData  map[password:1qaz!QAZ database:FA_MEM redisPassword:"" redisDB:3 poolname:FA_MEM port:3306 charset:utf8 redisIp:192.168.88.119 redisPort:6379 ip:192.168.88.181 user:fa_db]
SqlString  SELECT RTP,Amount,Bonus  FROM M_RtpSetting  WHERE Sid = 1   AND State = 1   AND LTG_Code = 4 AND Gid = 41
sqlResult   map[result: count:0 state:0]
[2020-01-02 13:28:08] rtpData ------->   map[result: count:0 state:0] 
[GIN] 2020/01/02 - 13:28:08 | 200 |    9.022639ms |  192.168.66.115 | POST     /getResult
[2020-01-02 13:28:11] 自開彩開獎  {202001020270 1 35 true} 
ConfigData  map[password:1qaz!QAZ database:FA_MEM redisIp:192.168.88.119 ip:192.168.88.181 port:3306 charset:utf8 redisPort:6379 redisPassword:"" redisDB:3 poolname:FA_MEM user:fa_db]
SqlString  SELECT RTP,Amount,Bonus  FROM M_RtpSetting  WHERE Sid = 1   AND State = 1   AND LTG_Code = 1 AND Gid = 35
sqlResult   map[result: count:0 state:0]
[2020-01-02 13:28:11] rtpData ------->   map[result: count:0 state:0] 
[GIN] 2020/01/02 - 13:28:11 | 200 |    2.400767ms |  192.168.66.115 | POST     /getResult
[2020-01-02 13:28:12] 自開彩開獎  {202001020809 6 36 true} 
ConfigData  map[password:1qaz!QAZ database:FA_MEM redisIp:192.168.88.119 redisPassword:"" ip:192.168.88.181 poolname:FA_MEM port:3306 user:fa_db charset:utf8 redisPort:6379 redisDB:3]
SqlString  SELECT RTP,Amount,Bonus  FROM M_RtpSetting  WHERE Sid = 1   AND State = 1   AND LTG_Code = 6 AND Gid = 36
sqlResult   map[result: count:0 state:0]
[2020-01-02 13:28:12] rtpData ------->   map[result: count:0 state:0] 
[GIN] 2020/01/02 - 13:28:12 | 200 |    2.652553ms |  192.168.66.115 | POST     /getResult
[2020-01-02 13:28:13] 自開彩開獎  {202001020809 4 40 true} 
ConfigData  map[ip:192.168.88.181 user:fa_db database:FA_MEM redisPort:6379 redisPassword:"" redisDB:3 poolname:FA_MEM port:3306 password:1qaz!QAZ charset:utf8 redisIp:192.168.88.119]
SqlString  SELECT RTP,Amount,Bonus  FROM M_RtpSetting  WHERE Sid = 1   AND State = 1   AND LTG_Code = 4 AND Gid = 40
sqlResult   map[result: count:0 state:0]
[2020-01-02 13:28:13] rtpData ------->   map[result: count:0 state:0] 
[GIN] 2020/01/02 - 13:28:13 | 200 |     2.91621ms |  192.168.66.115 | POST     /getResult
[2020-01-02 13:28:13] 自開彩開獎  {202001020809 1 34 true} 
ConfigData  map[password:1qaz!QAZ charset:utf8 redisPassword:"" redisDB:3 database:FA_MEM redisIp:192.168.88.119 redisPort:6379 ip:192.168.88.181 poolname:FA_MEM port:3306 user:fa_db]
SqlString  SELECT RTP,Amount,Bonus  FROM M_RtpSetting  WHERE Sid = 1   AND State = 1   AND LTG_Code = 1 AND Gid = 34
sqlResult   map[result: count:0 state:0]
[2020-01-02 13:28:13] rtpData ------->   map[count:0 state:0 result:] 
[GIN] 2020/01/02 - 13:28:13 | 200 |    2.255009ms |  192.168.66.115 | POST     /getResult
[2020-01-02 13:28:14] 自開彩開獎  {202001020809 5 38 true} 
ConfigData  map[poolname:FA_MEM password:1qaz!QAZ database:FA_MEM charset:utf8 redisPassword:"" ip:192.168.88.181 port:3306 user:fa_db redisIp:192.168.88.119 redisPort:6379 redisDB:3]
SqlString  SELECT RTP,Amount,Bonus  FROM M_RtpSetting  WHERE Sid = 1   AND State = 1   AND LTG_Code = 5 AND Gid = 38
sqlResult   map[result: count:0 state:0]
[2020-01-02 13:28:14] rtpData ------->   map[count:0 state:0 result:] 
[GIN] 2020/01/02 - 13:28:14 | 200 |    2.693129ms |  192.168.66.115 | POST     /getResult
[2020-01-02 13:28:14] 自開彩開獎  {202001020270 4 41 true} 
ConfigData  map[ip:192.168.88.181 poolname:FA_MEM port:3306 redisDB:3 redisPort:6379 redisPassword:"" user:fa_db password:1qaz!QAZ database:FA_MEM charset:utf8 redisIp:192.168.88.119]
SqlString  SELECT RTP,Amount,Bonus  FROM M_RtpSetting  WHERE Sid = 1   AND State = 1   AND LTG_Code = 4 AND Gid = 41
sqlResult   map[count:0 state:0 result:]
[2020-01-02 13:28:14] rtpData ------->   map[result: count:0 state:0] 
[GIN] 2020/01/02 - 13:28:14 | 200 |     2.09021ms |  192.168.66.115 | POST     /getResult
[2020-01-02 13:28:17] 自開彩開獎  {202001020270 1 35 true} 
ConfigData  map[ip:192.168.88.181 port:3306 user:fa_db redisDB:3 redisPassword:"" poolname:FA_MEM password:1qaz!QAZ database:FA_MEM charset:utf8 redisIp:192.168.88.119 redisPort:6379]
SqlString  SELECT RTP,Amount,Bonus  FROM M_RtpSetting  WHERE Sid = 1   AND State = 1   AND LTG_Code = 1 AND Gid = 35
sqlResult   map[result: count:0 state:0]
[2020-01-02 13:28:17] rtpData ------->   map[result: count:0 state:0] 
[GIN] 2020/01/02 - 13:28:17 | 200 |    2.932782ms |  192.168.66.115 | POST     /getResult
[2020-01-02 13:28:18] 自開彩開獎  {202001020809 6 36 true} 
ConfigData  map[ip:192.168.88.181 poolname:FA_MEM database:FA_MEM charset:utf8 redisIp:192.168.88.119 redisDB:3 port:3306 user:fa_db password:1qaz!QAZ redisPort:6379 redisPassword:""]
SqlString  SELECT RTP,Amount,Bonus  FROM M_RtpSetting  WHERE Sid = 1   AND State = 1   AND LTG_Code = 6 AND Gid = 36
sqlResult   map[result: count:0 state:0]
[2020-01-02 13:28:18] rtpData ------->   map[result: count:0 state:0] 
[GIN] 2020/01/02 - 13:28:18 | 200 |    2.058748ms |  192.168.66.115 | POST     /getResult
[2020-01-02 13:28:19] 自開彩開獎  {202001020809 4 40 true} 
ConfigData  map[redisIp:192.168.88.119 redisPassword:"" redisDB:3 ip:192.168.88.181 poolname:FA_MEM user:fa_db password:1qaz!QAZ port:3306 database:FA_MEM charset:utf8 redisPort:6379]
SqlString  SELECT RTP,Amount,Bonus  FROM M_RtpSetting  WHERE Sid = 1   AND State = 1   AND LTG_Code = 4 AND Gid = 40
sqlResult   map[result: count:0 state:0]
[2020-01-02 13:28:19] rtpData ------->   map[result: count:0 state:0] 
[GIN] 2020/01/02 - 13:28:19 | 200 |      2.9097ms |  192.168.66.115 | POST     /getResult
[2020-01-02 13:28:19] 自開彩開獎  {202001020809 1 34 true} 
ConfigData  map[password:1qaz!QAZ database:FA_MEM redisIp:192.168.88.119 redisPassword:"" redisDB:3 ip:192.168.88.181 port:3306 user:fa_db charset:utf8 redisPort:6379 poolname:FA_MEM]
SqlString  SELECT RTP,Amount,Bonus  FROM M_RtpSetting  WHERE Sid = 1   AND State = 1   AND LTG_Code = 1 AND Gid = 34
sqlResult   map[result: count:0 state:0]
[2020-01-02 13:28:19] rtpData ------->   map[result: count:0 state:0] 
[GIN] 2020/01/02 - 13:28:19 | 200 |    2.161075ms |  192.168.66.115 | POST     /getResult
[2020-01-02 13:28:20] 自開彩開獎  {202001020809 5 38 true} 
ConfigData  map[redisPassword:"" ip:192.168.88.181 port:3306 charset:utf8 redisIp:192.168.88.119 redisPort:6379 poolname:FA_MEM user:fa_db password:1qaz!QAZ database:FA_MEM redisDB:3]
SqlString  SELECT RTP,Amount,Bonus  FROM M_RtpSetting  WHERE Sid = 1   AND State = 1   AND LTG_Code = 5 AND Gid = 38
sqlResult   map[count:0 state:0 result:]
[2020-01-02 13:28:20] rtpData ------->   map[result: count:0 state:0] 
[GIN] 2020/01/02 - 13:28:20 | 200 |    2.540328ms |  192.168.66.115 | POST     /getResult
[2020-01-02 13:28:20] 自開彩開獎  {202001020270 4 41 true} 
ConfigData  map[charset:utf8 redisIp:192.168.88.119 redisDB:3 ip:192.168.88.181 poolname:FA_MEM port:3306 database:FA_MEM user:fa_db password:1qaz!QAZ redisPort:6379 redisPassword:""]
SqlString  SELECT RTP,Amount,Bonus  FROM M_RtpSetting  WHERE Sid = 1   AND State = 1   AND LTG_Code = 4 AND Gid = 41
sqlResult   map[state:0 result: count:0]
[2020-01-02 13:28:20] rtpData ------->   map[state:0 result: count:0] 
[GIN] 2020/01/02 - 13:28:20 | 200 |    2.308167ms |  192.168.66.115 | POST     /getResult
[2020-01-02 13:28:23] 自開彩開獎  {202001020270 1 35 true} 
ConfigData  map[password:1qaz!QAZ database:FA_MEM charset:utf8 redisPassword:"" redisIp:192.168.88.119 redisPort:6379 redisDB:3 ip:192.168.88.181 poolname:FA_MEM port:3306 user:fa_db]
SqlString  SELECT RTP,Amount,Bonus  FROM M_RtpSetting  WHERE Sid = 1   AND State = 1   AND LTG_Code = 1 AND Gid = 35
sqlResult   map[result: count:0 state:0]
[2020-01-02 13:28:23] rtpData ------->   map[result: count:0 state:0] 
[GIN] 2020/01/02 - 13:28:23 | 200 |    3.341326ms |  192.168.66.115 | POST     /getResult
[2020-01-02 13:28:24] 自開彩開獎  {202001020809 6 36 true} 
ConfigData  map[user:fa_db database:FA_MEM redisIp:192.168.88.119 redisPort:6379 redisDB:3 ip:192.168.88.181 port:3306 password:1qaz!QAZ charset:utf8 redisPassword:"" poolname:FA_MEM]
SqlString  SELECT RTP,Amount,Bonus  FROM M_RtpSetting  WHERE Sid = 1   AND State = 1   AND LTG_Code = 6 AND Gid = 36
sqlResult   map[result: count:0 state:0]
[2020-01-02 13:28:24] rtpData ------->   map[count:0 state:0 result:] 
[GIN] 2020/01/02 - 13:28:24 | 200 |      3.5626ms |  192.168.66.115 | POST     /getResult
[2020-01-02 13:28:25] 自開彩開獎  {202001020809 4 40 true} 
ConfigData  map[ip:192.168.88.181 port:3306 user:fa_db redisIp:192.168.88.119 redisPort:6379 poolname:FA_MEM password:1qaz!QAZ database:FA_MEM charset:utf8 redisPassword:"" redisDB:3]
SqlString  SELECT RTP,Amount,Bonus  FROM M_RtpSetting  WHERE Sid = 1   AND State = 1   AND LTG_Code = 4 AND Gid = 40
sqlResult   map[count:0 state:0 result:]
[2020-01-02 13:28:25] rtpData ------->   map[result: count:0 state:0] 
[GIN] 2020/01/02 - 13:28:25 | 200 |    2.635875ms |  192.168.66.115 | POST     /getResult
[2020-01-02 13:28:25] 自開彩開獎  {202001020809 1 34 true} 
ConfigData  map[port:3306 user:fa_db password:1qaz!QAZ database:FA_MEM redisDB:3 poolname:FA_MEM charset:utf8 redisIp:192.168.88.119 redisPort:6379 redisPassword:"" ip:192.168.88.181]
SqlString  SELECT RTP,Amount,Bonus  FROM M_RtpSetting  WHERE Sid = 1   AND State = 1   AND LTG_Code = 1 AND Gid = 34
sqlResult   map[result: count:0 state:0]
[2020-01-02 13:28:25] rtpData ------->   map[result: count:0 state:0] 
[GIN] 2020/01/02 - 13:28:25 | 200 |    2.716165ms |  192.168.66.115 | POST     /getResult
[2020-01-02 13:28:26] 自開彩開獎  {202001020809 5 38 true} 
ConfigData  map[port:3306 user:fa_db password:1qaz!QAZ database:FA_MEM charset:utf8 redisIp:192.168.88.119 redisDB:3 poolname:FA_MEM redisPort:6379 redisPassword:"" ip:192.168.88.181]
SqlString  SELECT RTP,Amount,Bonus  FROM M_RtpSetting  WHERE Sid = 1   AND State = 1   AND LTG_Code = 5 AND Gid = 38
sqlResult   map[result: count:0 state:0]
[2020-01-02 13:28:26] rtpData ------->   map[result: count:0 state:0] 
[GIN] 2020/01/02 - 13:28:26 | 200 |    2.819678ms |  192.168.66.115 | POST     /getResult
[2020-01-02 13:28:26] 自開彩開獎  {202001020270 4 41 true} 
ConfigData  map[poolname:FA_MEM port:3306 user:fa_db database:FA_MEM redisIp:192.168.88.119 redisPort:6379 redisPassword:"" ip:192.168.88.181 password:1qaz!QAZ charset:utf8 redisDB:3]
SqlString  SELECT RTP,Amount,Bonus  FROM M_RtpSetting  WHERE Sid = 1   AND State = 1   AND LTG_Code = 4 AND Gid = 41
sqlResult   map[result: count:0 state:0]
[2020-01-02 13:28:26] rtpData ------->   map[result: count:0 state:0] 
[GIN] 2020/01/02 - 13:28:26 | 200 |    5.859482ms |  192.168.66.115 | POST     /getResult
[2020-01-02 13:28:29] 自開彩開獎  {202001020270 1 35 true} 
ConfigData  map[charset:utf8 redisIp:192.168.88.119 port:3306 user:fa_db password:1qaz!QAZ redisPort:6379 redisPassword:"" redisDB:3 ip:192.168.88.181 poolname:FA_MEM database:FA_MEM]
SqlString  SELECT RTP,Amount,Bonus  FROM M_RtpSetting  WHERE Sid = 1   AND State = 1   AND LTG_Code = 1 AND Gid = 35
sqlResult   map[state:0 result: count:0]
[2020-01-02 13:28:29] rtpData ------->   map[result: count:0 state:0] 
[GIN] 2020/01/02 - 13:28:29 | 200 |    3.190664ms |  192.168.66.115 | POST     /getResult
[2020-01-02 13:28:30] 自開彩開獎  {202001020809 6 36 true} 
ConfigData  map[redisIp:192.168.88.119 poolname:FA_MEM password:1qaz!QAZ charset:utf8 database:FA_MEM redisPort:6379 redisPassword:"" redisDB:3 ip:192.168.88.181 port:3306 user:fa_db]
SqlString  SELECT RTP,Amount,Bonus  FROM M_RtpSetting  WHERE Sid = 1   AND State = 1   AND LTG_Code = 6 AND Gid = 36
sqlResult   map[result: count:0 state:0]
[2020-01-02 13:28:30] rtpData ------->   map[result: count:0 state:0] 
[GIN] 2020/01/02 - 13:28:30 | 200 |    2.207975ms |  192.168.66.115 | POST     /getResult
[2020-01-02 13:28:31] 自開彩開獎  {202001020809 4 40 true} 
ConfigData  map[poolname:FA_MEM port:3306 user:fa_db password:1qaz!QAZ charset:utf8 redisIp:192.168.88.119 redisPassword:"" ip:192.168.88.181 redisDB:3 redisPort:6379 database:FA_MEM]
SqlString  SELECT RTP,Amount,Bonus  FROM M_RtpSetting  WHERE Sid = 1   AND State = 1   AND LTG_Code = 4 AND Gid = 40
sqlResult   map[result: count:0 state:0]
[2020-01-02 13:28:31] rtpData ------->   map[result: count:0 state:0] 
[GIN] 2020/01/02 - 13:28:31 | 200 |    2.627066ms |  192.168.66.115 | POST     /getResult
[2020-01-02 13:28:31] 自開彩開獎  {202001020809 1 34 true} 
ConfigData  map[password:1qaz!QAZ database:FA_MEM redisPort:6379 redisPassword:"" redisDB:3 ip:192.168.88.181 poolname:FA_MEM port:3306 user:fa_db charset:utf8 redisIp:192.168.88.119]
SqlString  SELECT RTP,Amount,Bonus  FROM M_RtpSetting  WHERE Sid = 1   AND State = 1   AND LTG_Code = 1 AND Gid = 34
sqlResult   map[result: count:0 state:0]
[2020-01-02 13:28:31] rtpData ------->   map[result: count:0 state:0] 
[GIN] 2020/01/02 - 13:28:31 | 200 |    2.842094ms |  192.168.66.115 | POST     /getResult
[2020-01-02 13:28:32] 自開彩開獎  {202001020809 5 38 true} 
ConfigData  map[redisDB:3 ip:192.168.88.181 poolname:FA_MEM redisIp:192.168.88.119 redisPort:6379 charset:utf8 redisPassword:"" port:3306 user:fa_db password:1qaz!QAZ database:FA_MEM]
SqlString  SELECT RTP,Amount,Bonus  FROM M_RtpSetting  WHERE Sid = 1   AND State = 1   AND LTG_Code = 5 AND Gid = 38
sqlResult   map[result: count:0 state:0]
[2020-01-02 13:28:32] rtpData ------->   map[result: count:0 state:0] 
[GIN] 2020/01/02 - 13:28:32 | 200 |    2.236752ms |  192.168.66.115 | POST     /getResult
[2020-01-02 13:28:32] 自開彩開獎  {202001020270 4 41 true} 
ConfigData  map[password:1qaz!QAZ database:FA_MEM redisPort:6379 redisPassword:"" ip:192.168.88.181 poolname:FA_MEM port:3306 user:fa_db charset:utf8 redisIp:192.168.88.119 redisDB:3]
SqlString  SELECT RTP,Amount,Bonus  FROM M_RtpSetting  WHERE Sid = 1   AND State = 1   AND LTG_Code = 4 AND Gid = 41
sqlResult   map[result: count:0 state:0]
[2020-01-02 13:28:32] rtpData ------->   map[result: count:0 state:0] 
[GIN] 2020/01/02 - 13:28:32 | 200 |    2.968409ms |  192.168.66.115 | POST     /getResult
[2020-01-02 13:28:35] 自開彩開獎  {202001020270 1 35 true} 
ConfigData  map[database:FA_MEM redisIp:192.168.88.119 redisPassword:"" port:3306 user:fa_db password:1qaz!QAZ redisPort:6379 redisDB:3 ip:192.168.88.181 poolname:FA_MEM charset:utf8]
SqlString  SELECT RTP,Amount,Bonus  FROM M_RtpSetting  WHERE Sid = 1   AND State = 1   AND LTG_Code = 1 AND Gid = 35
sqlResult   map[result: count:0 state:0]
[2020-01-02 13:28:35] rtpData ------->   map[result: count:0 state:0] 
[GIN] 2020/01/02 - 13:28:35 | 200 |    2.890277ms |  192.168.66.115 | POST     /getResult
[2020-01-02 13:28:36] 自開彩開獎  {202001020809 6 36 true} 
ConfigData  map[charset:utf8 redisIp:192.168.88.119 redisPort:6379 redisDB:3 poolname:FA_MEM user:fa_db password:1qaz!QAZ redisPassword:"" ip:192.168.88.181 port:3306 database:FA_MEM]
SqlString  SELECT RTP,Amount,Bonus  FROM M_RtpSetting  WHERE Sid = 1   AND State = 1   AND LTG_Code = 6 AND Gid = 36
sqlResult   map[result: count:0 state:0]
[2020-01-02 13:28:36] rtpData ------->   map[result: count:0 state:0] 
[GIN] 2020/01/02 - 13:28:36 | 200 |    2.678876ms |  192.168.66.115 | POST     /getResult
[2020-01-02 13:28:37] 自開彩開獎  {202001020809 4 40 true} 
ConfigData  map[redisIp:192.168.88.119 redisPort:6379 redisDB:3 ip:192.168.88.181 poolname:FA_MEM user:fa_db database:FA_MEM port:3306 password:1qaz!QAZ charset:utf8 redisPassword:""]
SqlString  SELECT RTP,Amount,Bonus  FROM M_RtpSetting  WHERE Sid = 1   AND State = 1   AND LTG_Code = 4 AND Gid = 40
sqlResult   map[result: count:0 state:0]
[2020-01-02 13:28:37] rtpData ------->   map[state:0 result: count:0] 
[GIN] 2020/01/02 - 13:28:37 | 200 |    2.669717ms |  192.168.66.115 | POST     /getResult
[2020-01-02 13:28:37] 自開彩開獎  {202001020809 1 34 true} 
ConfigData  map[database:FA_MEM charset:utf8 redisIp:192.168.88.119 redisPassword:"" ip:192.168.88.181 poolname:FA_MEM port:3306 user:fa_db password:1qaz!QAZ redisPort:6379 redisDB:3]
SqlString  SELECT RTP,Amount,Bonus  FROM M_RtpSetting  WHERE Sid = 1   AND State = 1   AND LTG_Code = 1 AND Gid = 34
sqlResult   map[result: count:0 state:0]
[2020-01-02 13:28:37] rtpData ------->   map[result: count:0 state:0] 
[GIN] 2020/01/02 - 13:28:37 | 200 |    2.717894ms |  192.168.66.115 | POST     /getResult
[2020-01-02 13:28:38] 自開彩開獎  {202001020809 5 38 true} 
ConfigData  map[poolname:FA_MEM password:1qaz!QAZ charset:utf8 ip:192.168.88.181 port:3306 user:fa_db database:FA_MEM redisIp:192.168.88.119 redisPort:6379 redisPassword:"" redisDB:3]
SqlString  SELECT RTP,Amount,Bonus  FROM M_RtpSetting  WHERE Sid = 1   AND State = 1   AND LTG_Code = 5 AND Gid = 38
sqlResult   map[result: count:0 state:0]
[2020-01-02 13:28:38] rtpData ------->   map[count:0 state:0 result:] 
[GIN] 2020/01/02 - 13:28:38 | 200 |     2.78472ms |  192.168.66.115 | POST     /getResult
[2020-01-02 13:28:38] 自開彩開獎  {202001020270 4 41 true} 
ConfigData  map[redisDB:3 ip:192.168.88.181 poolname:FA_MEM port:3306 password:1qaz!QAZ database:FA_MEM redisPort:6379 user:fa_db charset:utf8 redisIp:192.168.88.119 redisPassword:""]
SqlString  SELECT RTP,Amount,Bonus  FROM M_RtpSetting  WHERE Sid = 1   AND State = 1   AND LTG_Code = 4 AND Gid = 41
sqlResult   map[result: count:0 state:0]
[2020-01-02 13:28:38] rtpData ------->   map[result: count:0 state:0] 
[GIN] 2020/01/02 - 13:28:38 | 200 |    3.146622ms |  192.168.66.115 | POST     /getResult
[2020-01-02 13:28:41] 自開彩開獎  {202001020270 1 35 true} 
ConfigData  map[user:fa_db database:FA_MEM redisIp:192.168.88.119 ip:192.168.88.181 port:3306 charset:utf8 redisPort:6379 redisPassword:"" redisDB:3 poolname:FA_MEM password:1qaz!QAZ]
SqlString  SELECT RTP,Amount,Bonus  FROM M_RtpSetting  WHERE Sid = 1   AND State = 1   AND LTG_Code = 1 AND Gid = 35
sqlResult   map[result: count:0 state:0]
[2020-01-02 13:28:41] rtpData ------->   map[result: count:0 state:0] 
[GIN] 2020/01/02 - 13:28:41 | 200 |     2.58061ms |  192.168.66.115 | POST     /getResult
[2020-01-02 13:28:42] 自開彩開獎  {202001020809 6 36 true} 
ConfigData  map[database:FA_MEM user:fa_db password:1qaz!QAZ port:3306 charset:utf8 redisIp:192.168.88.119 redisPort:6379 redisPassword:"" redisDB:3 ip:192.168.88.181 poolname:FA_MEM]
SqlString  SELECT RTP,Amount,Bonus  FROM M_RtpSetting  WHERE Sid = 1   AND State = 1   AND LTG_Code = 6 AND Gid = 36
sqlResult   map[result: count:0 state:0]
[2020-01-02 13:28:42] rtpData ------->   map[state:0 result: count:0] 
[GIN] 2020/01/02 - 13:28:42 | 200 |    2.450633ms |  192.168.66.115 | POST     /getResult
[2020-01-02 13:28:43] 自開彩開獎  {202001020809 4 40 true} 
ConfigData  map[database:FA_MEM charset:utf8 redisPort:6379 port:3306 user:fa_db password:1qaz!QAZ redisIp:192.168.88.119 redisPassword:"" redisDB:3 ip:192.168.88.181 poolname:FA_MEM]
SqlString  SELECT RTP,Amount,Bonus  FROM M_RtpSetting  WHERE Sid = 1   AND State = 1   AND LTG_Code = 4 AND Gid = 40
sqlResult   map[result: count:0 state:0]
[2020-01-02 13:28:43] rtpData ------->   map[state:0 result: count:0] 
[GIN] 2020/01/02 - 13:28:43 | 200 |    2.527995ms |  192.168.66.115 | POST     /getResult
[2020-01-02 13:28:43] 自開彩開獎  {202001020809 1 34 true} 
ConfigData  map[redisPort:6379 redisPassword:"" poolname:FA_MEM port:3306 database:FA_MEM charset:utf8 redisIp:192.168.88.119 ip:192.168.88.181 user:fa_db password:1qaz!QAZ redisDB:3]
SqlString  SELECT RTP,Amount,Bonus  FROM M_RtpSetting  WHERE Sid = 1   AND State = 1   AND LTG_Code = 1 AND Gid = 34
sqlResult   map[result: count:0 state:0]
[2020-01-02 13:28:43] rtpData ------->   map[result: count:0 state:0] 
[GIN] 2020/01/02 - 13:28:43 | 200 |    2.250235ms |  192.168.66.115 | POST     /getResult
[2020-01-02 13:28:44] 自開彩開獎  {202001020809 5 38 true} 
ConfigData  map[user:fa_db password:1qaz!QAZ redisDB:3 ip:192.168.88.181 poolname:FA_MEM charset:utf8 redisIp:192.168.88.119 redisPort:6379 redisPassword:"" port:3306 database:FA_MEM]
SqlString  SELECT RTP,Amount,Bonus  FROM M_RtpSetting  WHERE Sid = 1   AND State = 1   AND LTG_Code = 5 AND Gid = 38
sqlResult   map[count:0 state:0 result:]
[2020-01-02 13:28:44] rtpData ------->   map[result: count:0 state:0] 
[GIN] 2020/01/02 - 13:28:44 | 200 |     2.51123ms |  192.168.66.115 | POST     /getResult
[2020-01-02 13:28:44] 自開彩開獎  {202001020270 4 41 true} 
ConfigData  map[poolname:FA_MEM password:1qaz!QAZ database:FA_MEM charset:utf8 redisIp:192.168.88.119 redisPort:6379 ip:192.168.88.181 port:3306 user:fa_db redisPassword:"" redisDB:3]
SqlString  SELECT RTP,Amount,Bonus  FROM M_RtpSetting  WHERE Sid = 1   AND State = 1   AND LTG_Code = 4 AND Gid = 41
sqlResult   map[result: count:0 state:0]
[2020-01-02 13:28:44] rtpData ------->   map[result: count:0 state:0] 
[GIN] 2020/01/02 - 13:28:44 | 200 |    2.330877ms |  192.168.66.115 | POST     /getResult
[2020-01-02 13:28:47] 自開彩開獎  {202001020270 1 35 true} 
ConfigData  map[port:3306 password:1qaz!QAZ database:FA_MEM charset:utf8 redisPort:6379 redisPassword:"" ip:192.168.88.181 poolname:FA_MEM redisDB:3 user:fa_db redisIp:192.168.88.119]
SqlString  SELECT RTP,Amount,Bonus  FROM M_RtpSetting  WHERE Sid = 1   AND State = 1   AND LTG_Code = 1 AND Gid = 35
sqlResult   map[result: count:0 state:0]
[2020-01-02 13:28:47] rtpData ------->   map[result: count:0 state:0] 
[GIN] 2020/01/02 - 13:28:47 | 200 |    2.863552ms |  192.168.66.115 | POST     /getResult
[2020-01-02 13:28:48] 自開彩開獎  {202001020809 6 36 true} 
ConfigData  map[user:fa_db password:1qaz!QAZ database:FA_MEM redisIp:192.168.88.119 redisPort:6379 poolname:FA_MEM port:3306 redisPassword:"" redisDB:3 ip:192.168.88.181 charset:utf8]
SqlString  SELECT RTP,Amount,Bonus  FROM M_RtpSetting  WHERE Sid = 1   AND State = 1   AND LTG_Code = 6 AND Gid = 36
sqlResult   map[result: count:0 state:0]
[2020-01-02 13:28:48] rtpData ------->   map[state:0 result: count:0] 
[GIN] 2020/01/02 - 13:28:48 | 200 |    2.515663ms |  192.168.66.115 | POST     /getResult
[2020-01-02 13:28:49] 自開彩開獎  {202001020809 4 40 true} 
ConfigData  map[database:FA_MEM charset:utf8 redisPassword:"" redisDB:3 ip:192.168.88.181 password:1qaz!QAZ user:fa_db redisIp:192.168.88.119 redisPort:6379 poolname:FA_MEM port:3306]
SqlString  SELECT RTP,Amount,Bonus  FROM M_RtpSetting  WHERE Sid = 1   AND State = 1   AND LTG_Code = 4 AND Gid = 40
sqlResult   map[count:0 state:0 result:]
[2020-01-02 13:28:49] rtpData ------->   map[count:0 state:0 result:] 
[GIN] 2020/01/02 - 13:28:49 | 200 |     2.59239ms |  192.168.66.115 | POST     /getResult
[2020-01-02 13:28:49] 自開彩開獎  {202001020809 1 34 true} 
ConfigData  map[redisPort:6379 redisPassword:"" redisDB:3 user:fa_db database:FA_MEM charset:utf8 redisIp:192.168.88.119 ip:192.168.88.181 poolname:FA_MEM port:3306 password:1qaz!QAZ]
SqlString  SELECT RTP,Amount,Bonus  FROM M_RtpSetting  WHERE Sid = 1   AND State = 1   AND LTG_Code = 1 AND Gid = 34
sqlResult   map[result: count:0 state:0]
[2020-01-02 13:28:49] rtpData ------->   map[count:0 state:0 result:] 
[GIN] 2020/01/02 - 13:28:49 | 200 |    2.767274ms |  192.168.66.115 | POST     /getResult
[2020-01-02 13:28:50] 自開彩開獎  {202001020809 5 38 true} 
ConfigData  map[redisPort:6379 redisPassword:"" redisDB:3 port:3306 user:fa_db redisIp:192.168.88.119 database:FA_MEM charset:utf8 ip:192.168.88.181 poolname:FA_MEM password:1qaz!QAZ]
SqlString  SELECT RTP,Amount,Bonus  FROM M_RtpSetting  WHERE Sid = 1   AND State = 1   AND LTG_Code = 5 AND Gid = 38
sqlResult   map[result: count:0 state:0]
[2020-01-02 13:28:50] rtpData ------->   map[result: count:0 state:0] 
[GIN] 2020/01/02 - 13:28:50 | 200 |    2.927494ms |  192.168.66.115 | POST     /getResult
[2020-01-02 13:28:50] 自開彩開獎  {202001020270 4 41 true} 
ConfigData  map[password:1qaz!QAZ database:FA_MEM charset:utf8 redisIp:192.168.88.119 redisPassword:"" port:3306 user:fa_db redisPort:6379 redisDB:3 ip:192.168.88.181 poolname:FA_MEM]
SqlString  SELECT RTP,Amount,Bonus  FROM M_RtpSetting  WHERE Sid = 1   AND State = 1   AND LTG_Code = 4 AND Gid = 41
sqlResult   map[count:0 state:0 result:]
[2020-01-02 13:28:50] rtpData ------->   map[result: count:0 state:0] 
[GIN] 2020/01/02 - 13:28:50 | 200 |    2.807385ms |  192.168.66.115 | POST     /getResult
[2020-01-02 13:28:53] 自開彩開獎  {202001020270 1 35 true} 
ConfigData  map[redisDB:3 ip:192.168.88.181 port:3306 user:fa_db redisPassword:"" redisIp:192.168.88.119 redisPort:6379 poolname:FA_MEM password:1qaz!QAZ database:FA_MEM charset:utf8]
SqlString  SELECT RTP,Amount,Bonus  FROM M_RtpSetting  WHERE Sid = 1   AND State = 1   AND LTG_Code = 1 AND Gid = 35
sqlResult   map[state:0 result: count:0]
[2020-01-02 13:28:53] rtpData ------->   map[result: count:0 state:0] 
[GIN] 2020/01/02 - 13:28:53 | 200 |     2.63411ms |  192.168.66.115 | POST     /getResult
[2020-01-02 13:28:54] 自開彩開獎  {202001020809 6 36 true} 
ConfigData  map[password:1qaz!QAZ charset:utf8 redisPort:6379 redisDB:3 ip:192.168.88.181 port:3306 database:FA_MEM redisIp:192.168.88.119 redisPassword:"" poolname:FA_MEM user:fa_db]
SqlString  SELECT RTP,Amount,Bonus  FROM M_RtpSetting  WHERE Sid = 1   AND State = 1   AND LTG_Code = 6 AND Gid = 36
sqlResult   map[result: count:0 state:0]
[2020-01-02 13:28:54] rtpData ------->   map[state:0 result: count:0] 
[GIN] 2020/01/02 - 13:28:54 | 200 |    2.556733ms |  192.168.66.115 | POST     /getResult
[2020-01-02 13:28:55] 自開彩開獎  {202001020809 4 40 true} 
ConfigData  map[user:fa_db password:1qaz!QAZ charset:utf8 redisPassword:"" redisDB:3 poolname:FA_MEM port:3306 database:FA_MEM redisIp:192.168.88.119 redisPort:6379 ip:192.168.88.181]
SqlString  SELECT RTP,Amount,Bonus  FROM M_RtpSetting  WHERE Sid = 1   AND State = 1   AND LTG_Code = 4 AND Gid = 40
sqlResult   map[state:0 result: count:0]
[2020-01-02 13:28:55] rtpData ------->   map[result: count:0 state:0] 
[GIN] 2020/01/02 - 13:28:55 | 200 |     2.73307ms |  192.168.66.115 | POST     /getResult
[2020-01-02 13:28:55] 自開彩開獎  {202001020809 1 34 true} 
ConfigData  map[user:fa_db redisPort:6379 redisDB:3 redisIp:192.168.88.119 redisPassword:"" ip:192.168.88.181 poolname:FA_MEM port:3306 password:1qaz!QAZ database:FA_MEM charset:utf8]
SqlString  SELECT RTP,Amount,Bonus  FROM M_RtpSetting  WHERE Sid = 1   AND State = 1   AND LTG_Code = 1 AND Gid = 34
sqlResult   map[result: count:0 state:0]
[2020-01-02 13:28:55] rtpData ------->   map[result: count:0 state:0] 
[GIN] 2020/01/02 - 13:28:55 | 200 |    2.311766ms |  192.168.66.115 | POST     /getResult
[2020-01-02 13:28:56] 自開彩開獎  {202001020809 5 38 true} 
ConfigData  map[port:3306 user:fa_db charset:utf8 redisPassword:"" ip:192.168.88.181 poolname:FA_MEM redisIp:192.168.88.119 redisPort:6379 redisDB:3 password:1qaz!QAZ database:FA_MEM]
SqlString  SELECT RTP,Amount,Bonus  FROM M_RtpSetting  WHERE Sid = 1   AND State = 1   AND LTG_Code = 5 AND Gid = 38
sqlResult   map[state:0 result: count:0]
[2020-01-02 13:28:56] rtpData ------->   map[result: count:0 state:0] 
[GIN] 2020/01/02 - 13:28:56 | 200 |    2.753738ms |  192.168.66.115 | POST     /getResult
[2020-01-02 13:28:56] 自開彩開獎  {202001020270 4 41 true} 
ConfigData  map[redisPort:6379 redisPassword:"" redisDB:3 ip:192.168.88.181 port:3306 user:fa_db password:1qaz!QAZ database:FA_MEM poolname:FA_MEM charset:utf8 redisIp:192.168.88.119]
SqlString  SELECT RTP,Amount,Bonus  FROM M_RtpSetting  WHERE Sid = 1   AND State = 1   AND LTG_Code = 4 AND Gid = 41
sqlResult   map[result: count:0 state:0]
[2020-01-02 13:28:56] rtpData ------->   map[result: count:0 state:0] 
[GIN] 2020/01/02 - 13:28:56 | 200 |     2.50332ms |  192.168.66.115 | POST     /getResult
[2020-01-02 13:28:59] 自開彩開獎  {202001020270 1 35 true} 
ConfigData  map[database:FA_MEM charset:utf8 redisPort:6379 redisPassword:"" ip:192.168.88.181 poolname:FA_MEM port:3306 password:1qaz!QAZ redisDB:3 user:fa_db redisIp:192.168.88.119]
SqlString  SELECT RTP,Amount,Bonus  FROM M_RtpSetting  WHERE Sid = 1   AND State = 1   AND LTG_Code = 1 AND Gid = 35
sqlResult   map[result: count:0 state:0]
[2020-01-02 13:28:59] rtpData ------->   map[count:0 state:0 result:] 
[GIN] 2020/01/02 - 13:28:59 | 200 |    2.705259ms |  192.168.66.115 | POST     /getResult
[2020-01-02 13:29:00] 自開彩開獎  {202001020809 6 36 true} 
ConfigData  map[redisPassword:"" redisDB:3 password:1qaz!QAZ charset:utf8 port:3306 user:fa_db database:FA_MEM redisIp:192.168.88.119 redisPort:6379 ip:192.168.88.181 poolname:FA_MEM]
SqlString  SELECT RTP,Amount,Bonus  FROM M_RtpSetting  WHERE Sid = 1   AND State = 1   AND LTG_Code = 6 AND Gid = 36
sqlResult   map[result: count:0 state:0]
[2020-01-02 13:29:00] rtpData ------->   map[result: count:0 state:0] 
[GIN] 2020/01/02 - 13:29:00 | 200 |    2.779757ms |  192.168.66.115 | POST     /getResult
[2020-01-02 13:29:00] 自開彩開獎  {202001020810 2 26 true} 
ConfigData  map[database:FA_MEM redisIp:192.168.88.119 redisPassword:"" redisDB:3 ip:192.168.88.181 poolname:FA_MEM port:3306 user:fa_db password:1qaz!QAZ charset:utf8 redisPort:6379]
SqlString  SELECT RTP,Amount,Bonus  FROM M_RtpSetting  WHERE Sid = 1   AND State = 1   AND LTG_Code = 2 AND Gid = 26
sqlResult   map[bonus:908100.71 result:0.9600 count:1 state:1 amount:1.0069588e+06]
[2020-01-02 13:29:00] rtpData ------->   map[result:0.9600 count:1 state:1 amount:1.0069588e+06 bonus:908100.71] 
ConfigData  map[redisPassword:"" redisDB:3 poolname:FA_MEM port:3306 password:1qaz!QAZ database:FA_MEM charset:utf8 redisIp:192.168.88.119 redisPort:6379 ip:192.168.88.181 user:fa_db]
SELECT BO_No, BO_OrderNo , BO_User , BO_Issue  , BO_LotteryTypeGroup, BO_LotteryType, BO_Mode, BO_LotteryPlayGroup, BO_LotteryPlay , BO_LotteryContent, BO_Price, BO_RealPrice, BO_Unit, BO_Multiple , BO_BetCount  , BO_Winnings, BO_Winnings2, BO_Winnings3, BO_WinningLimit  , BO_Water , BO_BW_SourceUserId, BO_BW_BackWater, BO_BW_LimitBetCount, BO_BW_MaxAmount, BO_BW_AuditMultiple  , BO_Odds, BO_Odds2, BO_Odds3 , BO_Type, BO_Chase , BO_OpenResult, BO_OpenResult2, BO_DateDraw, BO_DateDraw2, BO_DateUpdate  FROM TS_BetOrder  WHERE BO_Cancel = 0   AND BO_CancelBackend = 0   AND BO_LotteryTypeGroup = 2 AND BO_LotteryType = 26 AND BO_Issue = 202001020810 AND BO_Collect = 0 ORDER BY BO_DateDraw ASC, BO_DateCreate ASC, BO_DateUpdate ASC, BO_No ASC ;
[2020-01-02 13:29:00] LottteryTypeGroup 2 
[2020-01-02 13:29:00] 有期號 但無注單 -------> map[bonus:0 thisOpenResult:[2 0 1 8 8] amount:0] 
[GIN] 2020/01/02 - 13:29:00 | 200 |    5.003105ms |  192.168.66.115 | POST     /getResult
[2020-01-02 13:29:01] 自開彩開獎  {202001020809 4 40 true} 
ConfigData  map[port:3306 charset:utf8 redisPort:6379 redisDB:3 database:FA_MEM redisIp:192.168.88.119 redisPassword:"" ip:192.168.88.181 poolname:FA_MEM user:fa_db password:1qaz!QAZ]
SqlString  SELECT RTP,Amount,Bonus  FROM M_RtpSetting  WHERE Sid = 1   AND State = 1   AND LTG_Code = 4 AND Gid = 40
sqlResult   map[result: count:0 state:0]
[2020-01-02 13:29:01] rtpData ------->   map[result: count:0 state:0] 
[GIN] 2020/01/02 - 13:29:01 | 200 |    2.006544ms |  192.168.66.115 | POST     /getResult
[2020-01-02 13:29:01] 自開彩開獎  {202001020809 1 34 true} 
ConfigData  map[ip:192.168.88.181 poolname:FA_MEM port:3306 user:fa_db password:1qaz!QAZ database:FA_MEM charset:utf8 redisIp:192.168.88.119 redisPort:6379 redisPassword:"" redisDB:3]
SqlString  SELECT RTP,Amount,Bonus  FROM M_RtpSetting  WHERE Sid = 1   AND State = 1   AND LTG_Code = 1 AND Gid = 34
sqlResult   map[result: count:0 state:0]
[2020-01-02 13:29:01] rtpData ------->   map[result: count:0 state:0] 
[GIN] 2020/01/02 - 13:29:01 | 200 |     2.77791ms |  192.168.66.115 | POST     /getResult
[2020-01-02 13:29:02] 自開彩開獎  {202001020809 5 38 true} 
ConfigData  map[redisPassword:"" poolname:FA_MEM port:3306 password:1qaz!QAZ redisIp:192.168.88.119 redisPort:6379 redisDB:3 ip:192.168.88.181 user:fa_db database:FA_MEM charset:utf8]
SqlString  SELECT RTP,Amount,Bonus  FROM M_RtpSetting  WHERE Sid = 1   AND State = 1   AND LTG_Code = 5 AND Gid = 38
sqlResult   map[result: count:0 state:0]
[2020-01-02 13:29:02] rtpData ------->   map[count:0 state:0 result:] 
[GIN] 2020/01/02 - 13:29:02 | 200 |    3.294249ms |  192.168.66.115 | POST     /getResult
[2020-01-02 13:29:02] 自開彩開獎  {202001020270 4 41 true} 
ConfigData  map[poolname:FA_MEM password:1qaz!QAZ redisPort:6379 database:FA_MEM charset:utf8 redisIp:192.168.88.119 redisPassword:"" redisDB:3 ip:192.168.88.181 port:3306 user:fa_db]
SqlString  SELECT RTP,Amount,Bonus  FROM M_RtpSetting  WHERE Sid = 1   AND State = 1   AND LTG_Code = 4 AND Gid = 41
sqlResult   map[result: count:0 state:0]
[2020-01-02 13:29:02] rtpData ------->   map[result: count:0 state:0] 
[GIN] 2020/01/02 - 13:29:02 | 200 |    1.956574ms |  192.168.66.115 | POST     /getResult
[2020-01-02 13:29:05] 自開彩開獎  {202001020270 1 35 true} 
ConfigData  map[redisIp:192.168.88.119 redisPassword:"" ip:192.168.88.181 poolname:FA_MEM user:fa_db charset:utf8 redisPort:6379 redisDB:3 port:3306 password:1qaz!QAZ database:FA_MEM]
SqlString  SELECT RTP,Amount,Bonus  FROM M_RtpSetting  WHERE Sid = 1   AND State = 1   AND LTG_Code = 1 AND Gid = 35
sqlResult   map[result: count:0 state:0]
[2020-01-02 13:29:05] rtpData ------->   map[state:0 result: count:0] 
[GIN] 2020/01/02 - 13:29:05 | 200 |    3.168333ms |  192.168.66.115 | POST     /getResult
[2020-01-02 13:29:06] 自開彩開獎  {202001020810 6 36 true} 
ConfigData  map[ip:192.168.88.181 port:3306 password:1qaz!QAZ database:FA_MEM charset:utf8 poolname:FA_MEM user:fa_db redisIp:192.168.88.119 redisPort:6379 redisPassword:"" redisDB:3]
SqlString  SELECT RTP,Amount,Bonus  FROM M_RtpSetting  WHERE Sid = 1   AND State = 1   AND LTG_Code = 6 AND Gid = 36
sqlResult   map[result: count:0 state:0]
[2020-01-02 13:29:06] rtpData ------->   map[result: count:0 state:0] 
[GIN] 2020/01/02 - 13:29:06 | 200 |    2.189291ms |  192.168.66.115 | POST     /getResult
[2020-01-02 13:29:07] 自開彩開獎  {202001020810 4 40 true} 
ConfigData  map[password:1qaz!QAZ charset:utf8 redisPassword:"" ip:192.168.88.181 poolname:FA_MEM port:3306 redisPort:6379 redisDB:3 user:fa_db database:FA_MEM redisIp:192.168.88.119]
SqlString  SELECT RTP,Amount,Bonus  FROM M_RtpSetting  WHERE Sid = 1   AND State = 1   AND LTG_Code = 4 AND Gid = 40
sqlResult   map[state:0 result: count:0]
[2020-01-02 13:29:07] rtpData ------->   map[count:0 state:0 result:] 
[GIN] 2020/01/02 - 13:29:07 | 200 |    2.281402ms |  192.168.66.115 | POST     /getResult
[2020-01-02 13:29:07] 自開彩開獎  {202001020810 1 34 true} 
ConfigData  map[charset:utf8 redisIp:192.168.88.119 redisPort:6379 ip:192.168.88.181 user:fa_db password:1qaz!QAZ redisPassword:"" redisDB:3 poolname:FA_MEM port:3306 database:FA_MEM]
SqlString  SELECT RTP,Amount,Bonus  FROM M_RtpSetting  WHERE Sid = 1   AND State = 1   AND LTG_Code = 1 AND Gid = 34
sqlResult   map[result: count:0 state:0]
[2020-01-02 13:29:07] rtpData ------->   map[result: count:0 state:0] 
[GIN] 2020/01/02 - 13:29:07 | 200 |    1.981788ms |  192.168.66.115 | POST     /getResult
[2020-01-02 13:29:08] 自開彩開獎  {202001020810 5 38 true} 
ConfigData  map[redisPort:6379 redisDB:3 port:3306 database:FA_MEM redisIp:192.168.88.119 password:1qaz!QAZ charset:utf8 redisPassword:"" ip:192.168.88.181 poolname:FA_MEM user:fa_db]
SqlString  SELECT RTP,Amount,Bonus  FROM M_RtpSetting  WHERE Sid = 1   AND State = 1   AND LTG_Code = 5 AND Gid = 38
sqlResult   map[count:0 state:0 result:]
[2020-01-02 13:29:08] rtpData ------->   map[result: count:0 state:0] 
[GIN] 2020/01/02 - 13:29:08 | 200 |    2.971902ms |  192.168.66.115 | POST     /getResult
[2020-01-02 13:29:08] 自開彩開獎  {202001020270 4 41 true} 
ConfigData  map[redisPassword:"" ip:192.168.88.181 poolname:FA_MEM user:fa_db password:1qaz!QAZ charset:utf8 port:3306 database:FA_MEM redisIp:192.168.88.119 redisPort:6379 redisDB:3]
SqlString  SELECT RTP,Amount,Bonus  FROM M_RtpSetting  WHERE Sid = 1   AND State = 1   AND LTG_Code = 4 AND Gid = 41
sqlResult   map[result: count:0 state:0]
[2020-01-02 13:29:08] rtpData ------->   map[result: count:0 state:0] 
[GIN] 2020/01/02 - 13:29:08 | 200 |    2.551539ms |  192.168.66.115 | POST     /getResult
[2020-01-02 13:29:11] 自開彩開獎  {202001020270 1 35 true} 
ConfigData  map[database:FA_MEM charset:utf8 redisIp:192.168.88.119 redisPort:6379 ip:192.168.88.181 port:3306 user:fa_db password:1qaz!QAZ redisPassword:"" poolname:FA_MEM redisDB:3]
SqlString  SELECT RTP,Amount,Bonus  FROM M_RtpSetting  WHERE Sid = 1   AND State = 1   AND LTG_Code = 1 AND Gid = 35
sqlResult   map[count:0 state:0 result:]
[2020-01-02 13:29:11] rtpData ------->   map[result: count:0 state:0] 
[GIN] 2020/01/02 - 13:29:11 | 200 |    2.248147ms |  192.168.66.115 | POST     /getResult
[2020-01-02 13:29:12] 自開彩開獎  {202001020810 6 36 true} 
ConfigData  map[redisDB:3 poolname:FA_MEM port:3306 password:1qaz!QAZ redisPassword:"" redisIp:192.168.88.119 redisPort:6379 ip:192.168.88.181 user:fa_db database:FA_MEM charset:utf8]
SqlString  SELECT RTP,Amount,Bonus  FROM M_RtpSetting  WHERE Sid = 1   AND State = 1   AND LTG_Code = 6 AND Gid = 36
sqlResult   map[result: count:0 state:0]
[2020-01-02 13:29:12] rtpData ------->   map[result: count:0 state:0] 
[GIN] 2020/01/02 - 13:29:12 | 200 |    2.755036ms |  192.168.66.115 | POST     /getResult
[2020-01-02 13:29:13] 自開彩開獎  {202001020810 4 40 true} 
ConfigData  map[user:fa_db redisPort:6379 redisPassword:"" redisDB:3 ip:192.168.88.181 port:3306 password:1qaz!QAZ database:FA_MEM charset:utf8 redisIp:192.168.88.119 poolname:FA_MEM]
SqlString  SELECT RTP,Amount,Bonus  FROM M_RtpSetting  WHERE Sid = 1   AND State = 1   AND LTG_Code = 4 AND Gid = 40
sqlResult   map[state:0 result: count:0]
[2020-01-02 13:29:13] rtpData ------->   map[result: count:0 state:0] 
[GIN] 2020/01/02 - 13:29:13 | 200 |    3.231006ms |  192.168.66.115 | POST     /getResult
[2020-01-02 13:29:13] 自開彩開獎  {202001020810 1 34 true} 
ConfigData  map[port:3306 user:fa_db password:1qaz!QAZ charset:utf8 redisIp:192.168.88.119 redisPort:6379 ip:192.168.88.181 poolname:FA_MEM database:FA_MEM redisPassword:"" redisDB:3]
SqlString  SELECT RTP,Amount,Bonus  FROM M_RtpSetting  WHERE Sid = 1   AND State = 1   AND LTG_Code = 1 AND Gid = 34
sqlResult   map[result: count:0 state:0]
[2020-01-02 13:29:13] rtpData ------->   map[result: count:0 state:0] 
[GIN] 2020/01/02 - 13:29:13 | 200 |    2.672277ms |  192.168.66.115 | POST     /getResult
[2020-01-02 13:29:14] 自開彩開獎  {202001020810 5 38 true} 
ConfigData  map[redisPassword:"" ip:192.168.88.181 poolname:FA_MEM port:3306 database:FA_MEM charset:utf8 user:fa_db password:1qaz!QAZ redisIp:192.168.88.119 redisPort:6379 redisDB:3]
SqlString  SELECT RTP,Amount,Bonus  FROM M_RtpSetting  WHERE Sid = 1   AND State = 1   AND LTG_Code = 5 AND Gid = 38
sqlResult   map[result: count:0 state:0]
[2020-01-02 13:29:14] rtpData ------->   map[result: count:0 state:0] 
[GIN] 2020/01/02 - 13:29:14 | 200 |     2.77102ms |  192.168.66.115 | POST     /getResult
[2020-01-02 13:29:14] 自開彩開獎  {202001020270 4 41 true} 
ConfigData  map[port:3306 password:1qaz!QAZ charset:utf8 redisIp:192.168.88.119 ip:192.168.88.181 poolname:FA_MEM redisPort:6379 redisPassword:"" redisDB:3 user:fa_db database:FA_MEM]
SqlString  SELECT RTP,Amount,Bonus  FROM M_RtpSetting  WHERE Sid = 1   AND State = 1   AND LTG_Code = 4 AND Gid = 41
sqlResult   map[result: count:0 state:0]
[2020-01-02 13:29:14] rtpData ------->   map[state:0 result: count:0] 
[GIN] 2020/01/02 - 13:29:14 | 200 |    2.113839ms |  192.168.66.115 | POST     /getResult
[2020-01-02 13:29:17] 自開彩開獎  {202001020270 1 35 true} 
ConfigData  map[redisPassword:"" redisDB:3 ip:192.168.88.181 poolname:FA_MEM port:3306 user:fa_db database:FA_MEM redisIp:192.168.88.119 password:1qaz!QAZ charset:utf8 redisPort:6379]
SqlString  SELECT RTP,Amount,Bonus  FROM M_RtpSetting  WHERE Sid = 1   AND State = 1   AND LTG_Code = 1 AND Gid = 35
sqlResult   map[result: count:0 state:0]
[2020-01-02 13:29:17] rtpData ------->   map[state:0 result: count:0] 
[GIN] 2020/01/02 - 13:29:17 | 200 |    3.094971ms |  192.168.66.115 | POST     /getResult
[2020-01-02 13:29:18] 自開彩開獎  {202001020810 6 36 true} 
ConfigData  map[ip:192.168.88.181 poolname:FA_MEM user:fa_db redisIp:192.168.88.119 redisPassword:"" port:3306 password:1qaz!QAZ database:FA_MEM charset:utf8 redisPort:6379 redisDB:3]
SqlString  SELECT RTP,Amount,Bonus  FROM M_RtpSetting  WHERE Sid = 1   AND State = 1   AND LTG_Code = 6 AND Gid = 36
sqlResult   map[result: count:0 state:0]
[2020-01-02 13:29:18] rtpData ------->   map[state:0 result: count:0] 
[GIN] 2020/01/02 - 13:29:18 | 200 |    2.426592ms |  192.168.66.115 | POST     /getResult
[2020-01-02 13:29:19] 自開彩開獎  {202001020810 4 40 true} 
ConfigData  map[user:fa_db charset:utf8 redisIp:192.168.88.119 redisPort:6379 redisPassword:"" ip:192.168.88.181 poolname:FA_MEM port:3306 redisDB:3 password:1qaz!QAZ database:FA_MEM]
SqlString  SELECT RTP,Amount,Bonus  FROM M_RtpSetting  WHERE Sid = 1   AND State = 1   AND LTG_Code = 4 AND Gid = 40
sqlResult   map[result: count:0 state:0]
[2020-01-02 13:29:19] rtpData ------->   map[result: count:0 state:0] 
[GIN] 2020/01/02 - 13:29:19 | 200 |    4.365052ms |  192.168.66.115 | POST     /getResult
[2020-01-02 13:29:19] 自開彩開獎  {202001020810 1 34 true} 
ConfigData  map[user:fa_db password:1qaz!QAZ redisPassword:"" redisDB:3 ip:192.168.88.181 poolname:FA_MEM port:3306 database:FA_MEM charset:utf8 redisIp:192.168.88.119 redisPort:6379]
SqlString  SELECT RTP,Amount,Bonus  FROM M_RtpSetting  WHERE Sid = 1   AND State = 1   AND LTG_Code = 1 AND Gid = 34
sqlResult   map[result: count:0 state:0]
[2020-01-02 13:29:19] rtpData ------->   map[result: count:0 state:0] 
[GIN] 2020/01/02 - 13:29:19 | 200 |    2.030561ms |  192.168.66.115 | POST     /getResult
[2020-01-02 13:29:20] 自開彩開獎  {202001020810 5 38 true} 
ConfigData  map[redisIp:192.168.88.119 redisDB:3 ip:192.168.88.181 poolname:FA_MEM port:3306 password:1qaz!QAZ database:FA_MEM charset:utf8 user:fa_db redisPort:6379 redisPassword:""]
SqlString  SELECT RTP,Amount,Bonus  FROM M_RtpSetting  WHERE Sid = 1   AND State = 1   AND LTG_Code = 5 AND Gid = 38
sqlResult   map[result: count:0 state:0]
[2020-01-02 13:29:20] rtpData ------->   map[state:0 result: count:0] 
[GIN] 2020/01/02 - 13:29:20 | 200 |    2.763381ms |  192.168.66.115 | POST     /getResult
[2020-01-02 13:29:20] 自開彩開獎  {202001020270 4 41 true} 
ConfigData  map[redisPassword:"" password:1qaz!QAZ redisPort:6379 port:3306 user:fa_db database:FA_MEM charset:utf8 redisIp:192.168.88.119 redisDB:3 ip:192.168.88.181 poolname:FA_MEM]
SqlString  SELECT RTP,Amount,Bonus  FROM M_RtpSetting  WHERE Sid = 1   AND State = 1   AND LTG_Code = 4 AND Gid = 41
sqlResult   map[result: count:0 state:0]
[2020-01-02 13:29:20] rtpData ------->   map[result: count:0 state:0] 
[GIN] 2020/01/02 - 13:29:20 | 200 |    2.797288ms |  192.168.66.115 | POST     /getResult
[2020-01-02 13:29:23] 自開彩開獎  {202001020270 1 35 true} 
ConfigData  map[user:fa_db charset:utf8 redisIp:192.168.88.119 redisPort:6379 redisPassword:"" port:3306 poolname:FA_MEM password:1qaz!QAZ database:FA_MEM redisDB:3 ip:192.168.88.181]
SqlString  SELECT RTP,Amount,Bonus  FROM M_RtpSetting  WHERE Sid = 1   AND State = 1   AND LTG_Code = 1 AND Gid = 35
sqlResult   map[state:0 result: count:0]
[2020-01-02 13:29:23] rtpData ------->   map[state:0 result: count:0] 
[GIN] 2020/01/02 - 13:29:23 | 200 |    3.186666ms |  192.168.66.115 | POST     /getResult
[2020-01-02 13:29:24] 自開彩開獎  {202001020810 6 36 true} 
ConfigData  map[redisIp:192.168.88.119 redisPassword:"" port:3306 database:FA_MEM charset:utf8 password:1qaz!QAZ redisPort:6379 redisDB:3 ip:192.168.88.181 poolname:FA_MEM user:fa_db]
SqlString  SELECT RTP,Amount,Bonus  FROM M_RtpSetting  WHERE Sid = 1   AND State = 1   AND LTG_Code = 6 AND Gid = 36
sqlResult   map[result: count:0 state:0]
[2020-01-02 13:29:24] rtpData ------->   map[result: count:0 state:0] 
[GIN] 2020/01/02 - 13:29:24 | 200 |    2.564628ms |  192.168.66.115 | POST     /getResult
[2020-01-02 13:29:25] 自開彩開獎  {202001020810 4 40 true} 
ConfigData  map[redisPort:6379 poolname:FA_MEM port:3306 password:1qaz!QAZ database:FA_MEM charset:utf8 ip:192.168.88.181 user:fa_db redisIp:192.168.88.119 redisPassword:"" redisDB:3]
SqlString  SELECT RTP,Amount,Bonus  FROM M_RtpSetting  WHERE Sid = 1   AND State = 1   AND LTG_Code = 4 AND Gid = 40
sqlResult   map[result: count:0 state:0]
[2020-01-02 13:29:25] rtpData ------->   map[count:0 state:0 result:] 
[GIN] 2020/01/02 - 13:29:25 | 200 |    2.365719ms |  192.168.66.115 | POST     /getResult
[2020-01-02 13:29:25] 自開彩開獎  {202001020810 1 34 true} 
ConfigData  map[ip:192.168.88.181 poolname:FA_MEM database:FA_MEM charset:utf8 redisIp:192.168.88.119 redisPort:6379 redisPassword:"" redisDB:3 port:3306 user:fa_db password:1qaz!QAZ]
SqlString  SELECT RTP,Amount,Bonus  FROM M_RtpSetting  WHERE Sid = 1   AND State = 1   AND LTG_Code = 1 AND Gid = 34
sqlResult   map[count:0 state:0 result:]
[2020-01-02 13:29:25] rtpData ------->   map[result: count:0 state:0] 
[GIN] 2020/01/02 - 13:29:25 | 200 |    8.549061ms |  192.168.66.115 | POST     /getResult
[2020-01-02 13:29:26] 自開彩開獎  {202001020810 5 38 true} 
ConfigData  map[redisIp:192.168.88.119 redisDB:3 ip:192.168.88.181 poolname:FA_MEM charset:utf8 database:FA_MEM redisPort:6379 redisPassword:"" port:3306 user:fa_db password:1qaz!QAZ]
SqlString  SELECT RTP,Amount,Bonus  FROM M_RtpSetting  WHERE Sid = 1   AND State = 1   AND LTG_Code = 5 AND Gid = 38
sqlResult   map[result: count:0 state:0]
[2020-01-02 13:29:26] rtpData ------->   map[result: count:0 state:0] 
[GIN] 2020/01/02 - 13:29:26 | 200 |    6.470696ms |  192.168.66.115 | POST     /getResult
[2020-01-02 13:29:26] 自開彩開獎  {202001020270 4 41 true} 
ConfigData  map[ip:192.168.88.181 user:fa_db password:1qaz!QAZ database:FA_MEM charset:utf8 redisPassword:"" poolname:FA_MEM port:3306 redisIp:192.168.88.119 redisPort:6379 redisDB:3]
SqlString  SELECT RTP,Amount,Bonus  FROM M_RtpSetting  WHERE Sid = 1   AND State = 1   AND LTG_Code = 4 AND Gid = 41
sqlResult   map[state:0 result: count:0]
[2020-01-02 13:29:26] rtpData ------->   map[result: count:0 state:0] 
[GIN] 2020/01/02 - 13:29:26 | 200 |    2.433957ms |  192.168.66.115 | POST     /getResult
[2020-01-02 13:29:29] 自開彩開獎  {202001020270 1 35 true} 
ConfigData  map[poolname:FA_MEM port:3306 password:1qaz!QAZ redisPort:6379 redisDB:3 redisPassword:"" ip:192.168.88.181 user:fa_db database:FA_MEM charset:utf8 redisIp:192.168.88.119]
SqlString  SELECT RTP,Amount,Bonus  FROM M_RtpSetting  WHERE Sid = 1   AND State = 1   AND LTG_Code = 1 AND Gid = 35
sqlResult   map[count:0 state:0 result:]
[2020-01-02 13:29:29] rtpData ------->   map[result: count:0 state:0] 
[GIN] 2020/01/02 - 13:29:29 | 200 |    2.615593ms |  192.168.66.115 | POST     /getResult
[2020-01-02 13:29:30] 自開彩開獎  {202001020810 6 36 true} 
ConfigData  map[redisDB:3 ip:192.168.88.181 poolname:FA_MEM port:3306 user:fa_db password:1qaz!QAZ redisPort:6379 database:FA_MEM charset:utf8 redisIp:192.168.88.119 redisPassword:""]
SqlString  SELECT RTP,Amount,Bonus  FROM M_RtpSetting  WHERE Sid = 1   AND State = 1   AND LTG_Code = 6 AND Gid = 36
sqlResult   map[result: count:0 state:0]
[2020-01-02 13:29:30] rtpData ------->   map[result: count:0 state:0] 
[GIN] 2020/01/02 - 13:29:30 | 200 |    2.428353ms |  192.168.66.115 | POST     /getResult
[2020-01-02 13:29:31] 自開彩開獎  {202001020810 4 40 true} 
ConfigData  map[password:1qaz!QAZ redisIp:192.168.88.119 redisDB:3 database:FA_MEM charset:utf8 redisPort:6379 redisPassword:"" ip:192.168.88.181 poolname:FA_MEM port:3306 user:fa_db]
SqlString  SELECT RTP,Amount,Bonus  FROM M_RtpSetting  WHERE Sid = 1   AND State = 1   AND LTG_Code = 4 AND Gid = 40
sqlResult   map[result: count:0 state:0]
[2020-01-02 13:29:31] rtpData ------->   map[result: count:0 state:0] 
[GIN] 2020/01/02 - 13:29:31 | 200 |    2.360805ms |  192.168.66.115 | POST     /getResult
[2020-01-02 13:29:31] 自開彩開獎  {202001020810 1 34 true} 
ConfigData  map[charset:utf8 redisIp:192.168.88.119 redisPort:6379 poolname:FA_MEM port:3306 database:FA_MEM redisPassword:"" redisDB:3 ip:192.168.88.181 user:fa_db password:1qaz!QAZ]
SqlString  SELECT RTP,Amount,Bonus  FROM M_RtpSetting  WHERE Sid = 1   AND State = 1   AND LTG_Code = 1 AND Gid = 34
sqlResult   map[result: count:0 state:0]
[2020-01-02 13:29:31] rtpData ------->   map[result: count:0 state:0] 
[GIN] 2020/01/02 - 13:29:31 | 200 |    6.977983ms |  192.168.66.115 | POST     /getResult
[2020-01-02 13:29:32] 自開彩開獎  {202001020810 5 38 true} 
ConfigData  map[database:FA_MEM charset:utf8 redisPort:6379 redisPassword:"" ip:192.168.88.181 poolname:FA_MEM user:fa_db redisDB:3 port:3306 password:1qaz!QAZ redisIp:192.168.88.119]
SqlString  SELECT RTP,Amount,Bonus  FROM M_RtpSetting  WHERE Sid = 1   AND State = 1   AND LTG_Code = 5 AND Gid = 38
sqlResult   map[result: count:0 state:0]
[2020-01-02 13:29:32] rtpData ------->   map[count:0 state:0 result:] 
[GIN] 2020/01/02 - 13:29:32 | 200 |    3.028105ms |  192.168.66.115 | POST     /getResult
[2020-01-02 13:29:32] 自開彩開獎  {202001020270 4 41 true} 
ConfigData  map[redisIp:192.168.88.119 poolname:FA_MEM password:1qaz!QAZ database:FA_MEM charset:utf8 redisPort:6379 redisPassword:"" redisDB:3 ip:192.168.88.181 port:3306 user:fa_db]
SqlString  SELECT RTP,Amount,Bonus  FROM M_RtpSetting  WHERE Sid = 1   AND State = 1   AND LTG_Code = 4 AND Gid = 41
sqlResult   map[result: count:0 state:0]
[2020-01-02 13:29:32] rtpData ------->   map[result: count:0 state:0] 
[GIN] 2020/01/02 - 13:29:32 | 200 |    2.009014ms |  192.168.66.115 | POST     /getResult
[2020-01-02 13:29:35] 自開彩開獎  {202001020270 1 35 true} 
ConfigData  map[user:fa_db redisIp:192.168.88.119 redisPort:6379 redisPassword:"" ip:192.168.88.181 poolname:FA_MEM database:FA_MEM charset:utf8 redisDB:3 port:3306 password:1qaz!QAZ]
SqlString  SELECT RTP,Amount,Bonus  FROM M_RtpSetting  WHERE Sid = 1   AND State = 1   AND LTG_Code = 1 AND Gid = 35
sqlResult   map[result: count:0 state:0]
[2020-01-02 13:29:35] rtpData ------->   map[state:0 result: count:0] 
[GIN] 2020/01/02 - 13:29:35 | 200 |    2.487348ms |  192.168.66.115 | POST     /getResult
[2020-01-02 13:29:36] 自開彩開獎  {202001020810 6 36 true} 
ConfigData  map[user:fa_db password:1qaz!QAZ redisIp:192.168.88.119 redisPassword:"" redisDB:3 ip:192.168.88.181 poolname:FA_MEM port:3306 database:FA_MEM charset:utf8 redisPort:6379]
SqlString  SELECT RTP,Amount,Bonus  FROM M_RtpSetting  WHERE Sid = 1   AND State = 1   AND LTG_Code = 6 AND Gid = 36
sqlResult   map[state:0 result: count:0]
[2020-01-02 13:29:36] rtpData ------->   map[result: count:0 state:0] 
[GIN] 2020/01/02 - 13:29:36 | 200 |    3.101539ms |  192.168.66.115 | POST     /getResult
[2020-01-02 13:29:37] 自開彩開獎  {202001020810 4 40 true} 
ConfigData  map[ip:192.168.88.181 port:3306 password:1qaz!QAZ database:FA_MEM redisIp:192.168.88.119 redisDB:3 poolname:FA_MEM user:fa_db charset:utf8 redisPort:6379 redisPassword:""]
SqlString  SELECT RTP,Amount,Bonus  FROM M_RtpSetting  WHERE Sid = 1   AND State = 1   AND LTG_Code = 4 AND Gid = 40
sqlResult   map[result: count:0 state:0]
[2020-01-02 13:29:37] rtpData ------->   map[result: count:0 state:0] 
[GIN] 2020/01/02 - 13:29:37 | 200 |    2.261701ms |  192.168.66.115 | POST     /getResult
[2020-01-02 13:29:37] 自開彩開獎  {202001020810 1 34 true} 
ConfigData  map[redisPassword:"" user:fa_db password:1qaz!QAZ database:FA_MEM redisPort:6379 redisIp:192.168.88.119 redisDB:3 ip:192.168.88.181 poolname:FA_MEM port:3306 charset:utf8]
SqlString  SELECT RTP,Amount,Bonus  FROM M_RtpSetting  WHERE Sid = 1   AND State = 1   AND LTG_Code = 1 AND Gid = 34
sqlResult   map[result: count:0 state:0]
[2020-01-02 13:29:37] rtpData ------->   map[result: count:0 state:0] 
[GIN] 2020/01/02 - 13:29:37 | 200 |    2.093317ms |  192.168.66.115 | POST     /getResult
[2020-01-02 13:29:38] 自開彩開獎  {202001020810 5 38 true} 
ConfigData  map[ip:192.168.88.181 password:1qaz!QAZ charset:utf8 redisPort:6379 redisDB:3 poolname:FA_MEM port:3306 user:fa_db database:FA_MEM redisIp:192.168.88.119 redisPassword:""]
SqlString  SELECT RTP,Amount,Bonus  FROM M_RtpSetting  WHERE Sid = 1   AND State = 1   AND LTG_Code = 5 AND Gid = 38
sqlResult   map[result: count:0 state:0]
[2020-01-02 13:29:38] rtpData ------->   map[state:0 result: count:0] 
[GIN] 2020/01/02 - 13:29:38 | 200 |     2.31562ms |  192.168.66.115 | POST     /getResult
[2020-01-02 13:29:38] 自開彩開獎  {202001020270 4 41 true} 
ConfigData  map[password:1qaz!QAZ redisPort:6379 user:fa_db database:FA_MEM charset:utf8 redisIp:192.168.88.119 redisPassword:"" ip:192.168.88.181 poolname:FA_MEM port:3306 redisDB:3]
SqlString  SELECT RTP,Amount,Bonus  FROM M_RtpSetting  WHERE Sid = 1   AND State = 1   AND LTG_Code = 4 AND Gid = 41
sqlResult   map[result: count:0 state:0]
[2020-01-02 13:29:38] rtpData ------->   map[result: count:0 state:0] 
[GIN] 2020/01/02 - 13:29:38 | 200 |    2.292221ms |  192.168.66.115 | POST     /getResult
[2020-01-02 13:29:41] 自開彩開獎  {202001020270 1 35 true} 
ConfigData  map[database:FA_MEM redisIp:192.168.88.119 redisPassword:"" port:3306 poolname:FA_MEM user:fa_db password:1qaz!QAZ charset:utf8 redisPort:6379 redisDB:3 ip:192.168.88.181]
SqlString  SELECT RTP,Amount,Bonus  FROM M_RtpSetting  WHERE Sid = 1   AND State = 1   AND LTG_Code = 1 AND Gid = 35
sqlResult   map[count:0 state:0 result:]
[2020-01-02 13:29:41] rtpData ------->   map[count:0 state:0 result:] 
[GIN] 2020/01/02 - 13:29:41 | 200 |    2.846082ms |  192.168.66.115 | POST     /getResult
[2020-01-02 13:29:42] 自開彩開獎  {202001020810 6 36 true} 
ConfigData  map[redisPort:6379 redisPassword:"" poolname:FA_MEM user:fa_db password:1qaz!QAZ database:FA_MEM charset:utf8 redisIp:192.168.88.119 redisDB:3 ip:192.168.88.181 port:3306]
SqlString  SELECT RTP,Amount,Bonus  FROM M_RtpSetting  WHERE Sid = 1   AND State = 1   AND LTG_Code = 6 AND Gid = 36
sqlResult   map[result: count:0 state:0]
[2020-01-02 13:29:42] rtpData ------->   map[state:0 result: count:0] 
[GIN] 2020/01/02 - 13:29:42 | 200 |    3.010004ms |  192.168.66.115 | POST     /getResult
[2020-01-02 13:29:43] 自開彩開獎  {202001020810 4 40 true} 
ConfigData  map[ip:192.168.88.181 user:fa_db password:1qaz!QAZ database:FA_MEM redisDB:3 poolname:FA_MEM port:3306 charset:utf8 redisIp:192.168.88.119 redisPort:6379 redisPassword:""]
SqlString  SELECT RTP,Amount,Bonus  FROM M_RtpSetting  WHERE Sid = 1   AND State = 1   AND LTG_Code = 4 AND Gid = 40
sqlResult   map[count:0 state:0 result:]
[2020-01-02 13:29:43] rtpData ------->   map[result: count:0 state:0] 
[GIN] 2020/01/02 - 13:29:43 | 200 |    2.955936ms |  192.168.66.115 | POST     /getResult
[2020-01-02 13:29:43] 自開彩開獎  {202001020810 1 34 true} 
ConfigData  map[poolname:FA_MEM port:3306 password:1qaz!QAZ database:FA_MEM charset:utf8 redisIp:192.168.88.119 redisDB:3 ip:192.168.88.181 user:fa_db redisPort:6379 redisPassword:""]
SqlString  SELECT RTP,Amount,Bonus  FROM M_RtpSetting  WHERE Sid = 1   AND State = 1   AND LTG_Code = 1 AND Gid = 34
sqlResult   map[count:0 state:0 result:]
[2020-01-02 13:29:43] rtpData ------->   map[result: count:0 state:0] 
[GIN] 2020/01/02 - 13:29:43 | 200 |    2.561498ms |  192.168.66.115 | POST     /getResult
[2020-01-02 13:29:44] 自開彩開獎  {202001020810 5 38 true} 
ConfigData  map[ip:192.168.88.181 database:FA_MEM charset:utf8 redisIp:192.168.88.119 redisPort:6379 redisPassword:"" poolname:FA_MEM port:3306 user:fa_db password:1qaz!QAZ redisDB:3]
SqlString  SELECT RTP,Amount,Bonus  FROM M_RtpSetting  WHERE Sid = 1   AND State = 1   AND LTG_Code = 5 AND Gid = 38
sqlResult   map[result: count:0 state:0]
[2020-01-02 13:29:44] rtpData ------->   map[count:0 state:0 result:] 
[GIN] 2020/01/02 - 13:29:44 | 200 |    3.302825ms |  192.168.66.115 | POST     /getResult
[2020-01-02 13:29:44] 自開彩開獎  {202001020270 4 41 true} 
ConfigData  map[user:fa_db charset:utf8 redisPassword:"" ip:192.168.88.181 port:3306 database:FA_MEM redisIp:192.168.88.119 redisPort:6379 redisDB:3 poolname:FA_MEM password:1qaz!QAZ]
SqlString  SELECT RTP,Amount,Bonus  FROM M_RtpSetting  WHERE Sid = 1   AND State = 1   AND LTG_Code = 4 AND Gid = 41
sqlResult   map[result: count:0 state:0]
[2020-01-02 13:29:44] rtpData ------->   map[result: count:0 state:0] 
[GIN] 2020/01/02 - 13:29:44 | 200 |    2.401682ms |  192.168.66.115 | POST     /getResult
[2020-01-02 13:29:47] 自開彩開獎  {202001020270 1 35 true} 
ConfigData  map[database:FA_MEM redisIp:192.168.88.119 redisPort:6379 redisPassword:"" port:3306 password:1qaz!QAZ user:fa_db charset:utf8 redisDB:3 ip:192.168.88.181 poolname:FA_MEM]
SqlString  SELECT RTP,Amount,Bonus  FROM M_RtpSetting  WHERE Sid = 1   AND State = 1   AND LTG_Code = 1 AND Gid = 35
sqlResult   map[state:0 result: count:0]
[2020-01-02 13:29:47] rtpData ------->   map[count:0 state:0 result:] 
[GIN] 2020/01/02 - 13:29:47 | 200 |    2.970128ms |  192.168.66.115 | POST     /getResult
[2020-01-02 13:29:48] 自開彩開獎  {202001020810 6 36 true} 
ConfigData  map[user:fa_db password:1qaz!QAZ charset:utf8 port:3306 poolname:FA_MEM database:FA_MEM redisIp:192.168.88.119 redisPort:6379 redisPassword:"" redisDB:3 ip:192.168.88.181]
SqlString  SELECT RTP,Amount,Bonus  FROM M_RtpSetting  WHERE Sid = 1   AND State = 1   AND LTG_Code = 6 AND Gid = 36
sqlResult   map[state:0 result: count:0]
[2020-01-02 13:29:48] rtpData ------->   map[result: count:0 state:0] 
[GIN] 2020/01/02 - 13:29:48 | 200 |    2.291887ms |  192.168.66.115 | POST     /getResult
[2020-01-02 13:29:49] 自開彩開獎  {202001020810 4 40 true} 
ConfigData  map[port:3306 password:1qaz!QAZ charset:utf8 redisIp:192.168.88.119 redisPort:6379 redisPassword:"" ip:192.168.88.181 poolname:FA_MEM user:fa_db database:FA_MEM redisDB:3]
SqlString  SELECT RTP,Amount,Bonus  FROM M_RtpSetting  WHERE Sid = 1   AND State = 1   AND LTG_Code = 4 AND Gid = 40
sqlResult   map[result: count:0 state:0]
[2020-01-02 13:29:49] rtpData ------->   map[result: count:0 state:0] 
[GIN] 2020/01/02 - 13:29:49 | 200 |    8.327746ms |  192.168.66.115 | POST     /getResult
[2020-01-02 13:29:49] 自開彩開獎  {202001020810 1 34 true} 
ConfigData  map[redisDB:3 poolname:FA_MEM port:3306 redisIp:192.168.88.119 redisPort:6379 charset:utf8 redisPassword:"" ip:192.168.88.181 user:fa_db password:1qaz!QAZ database:FA_MEM]
SqlString  SELECT RTP,Amount,Bonus  FROM M_RtpSetting  WHERE Sid = 1   AND State = 1   AND LTG_Code = 1 AND Gid = 34
sqlResult   map[count:0 state:0 result:]
[2020-01-02 13:29:49] rtpData ------->   map[result: count:0 state:0] 
[GIN] 2020/01/02 - 13:29:49 | 200 |    2.249983ms |  192.168.66.115 | POST     /getResult
[2020-01-02 13:29:50] 自開彩開獎  {202001020810 5 38 true} 
ConfigData  map[charset:utf8 redisIp:192.168.88.119 redisPassword:"" user:fa_db password:1qaz!QAZ port:3306 database:FA_MEM redisPort:6379 redisDB:3 ip:192.168.88.181 poolname:FA_MEM]
SqlString  SELECT RTP,Amount,Bonus  FROM M_RtpSetting  WHERE Sid = 1   AND State = 1   AND LTG_Code = 5 AND Gid = 38
sqlResult   map[result: count:0 state:0]
[2020-01-02 13:29:50] rtpData ------->   map[result: count:0 state:0] 
[GIN] 2020/01/02 - 13:29:50 | 200 |    2.571519ms |  192.168.66.115 | POST     /getResult
[2020-01-02 13:29:50] 自開彩開獎  {202001020270 4 41 true} 
ConfigData  map[port:3306 database:FA_MEM charset:utf8 redisIp:192.168.88.119 redisPort:6379 ip:192.168.88.181 poolname:FA_MEM redisPassword:"" redisDB:3 user:fa_db password:1qaz!QAZ]
SqlString  SELECT RTP,Amount,Bonus  FROM M_RtpSetting  WHERE Sid = 1   AND State = 1   AND LTG_Code = 4 AND Gid = 41
sqlResult   map[result: count:0 state:0]
[2020-01-02 13:29:50] rtpData ------->   map[result: count:0 state:0] 
[GIN] 2020/01/02 - 13:29:50 | 200 |    2.262733ms |  192.168.66.115 | POST     /getResult
[2020-01-02 13:29:53] 自開彩開獎  {202001020270 1 35 true} 
ConfigData  map[charset:utf8 redisIp:192.168.88.119 redisPort:6379 redisPassword:"" ip:192.168.88.181 poolname:FA_MEM user:fa_db database:FA_MEM port:3306 password:1qaz!QAZ redisDB:3]
SqlString  SELECT RTP,Amount,Bonus  FROM M_RtpSetting  WHERE Sid = 1   AND State = 1   AND LTG_Code = 1 AND Gid = 35
sqlResult   map[result: count:0 state:0]
[2020-01-02 13:29:53] rtpData ------->   map[result: count:0 state:0] 
[GIN] 2020/01/02 - 13:29:53 | 200 |    2.774896ms |  192.168.66.115 | POST     /getResult
[2020-01-02 13:29:54] 自開彩開獎  {202001020810 6 36 true} 
ConfigData  map[port:3306 redisIp:192.168.88.119 redisPort:6379 redisDB:3 ip:192.168.88.181 poolname:FA_MEM user:fa_db password:1qaz!QAZ database:FA_MEM charset:utf8 redisPassword:""]
SqlString  SELECT RTP,Amount,Bonus  FROM M_RtpSetting  WHERE Sid = 1   AND State = 1   AND LTG_Code = 6 AND Gid = 36
sqlResult   map[result: count:0 state:0]
[2020-01-02 13:29:54] rtpData ------->   map[state:0 result: count:0] 
[GIN] 2020/01/02 - 13:29:54 | 200 |    2.257148ms |  192.168.66.115 | POST     /getResult
[2020-01-02 13:29:55] 自開彩開獎  {202001020810 4 40 true} 
ConfigData  map[password:1qaz!QAZ database:FA_MEM charset:utf8 redisIp:192.168.88.119 redisPort:6379 redisPassword:"" ip:192.168.88.181 port:3306 user:fa_db redisDB:3 poolname:FA_MEM]
SqlString  SELECT RTP,Amount,Bonus  FROM M_RtpSetting  WHERE Sid = 1   AND State = 1   AND LTG_Code = 4 AND Gid = 40
sqlResult   map[result: count:0 state:0]
[2020-01-02 13:29:55] rtpData ------->   map[count:0 state:0 result:] 
[GIN] 2020/01/02 - 13:29:55 | 200 |    3.071673ms |  192.168.66.115 | POST     /getResult
[2020-01-02 13:29:55] 自開彩開獎  {202001020810 1 34 true} 
ConfigData  map[password:1qaz!QAZ charset:utf8 redisPort:6379 redisPassword:"" ip:192.168.88.181 port:3306 database:FA_MEM redisIp:192.168.88.119 redisDB:3 poolname:FA_MEM user:fa_db]
SqlString  SELECT RTP,Amount,Bonus  FROM M_RtpSetting  WHERE Sid = 1   AND State = 1   AND LTG_Code = 1 AND Gid = 34
sqlResult   map[result: count:0 state:0]
[2020-01-02 13:29:55] rtpData ------->   map[count:0 state:0 result:] 
[GIN] 2020/01/02 - 13:29:55 | 200 |    2.445107ms |  192.168.66.115 | POST     /getResult
[2020-01-02 13:29:56] 自開彩開獎  {202001020810 5 38 true} 
ConfigData  map[charset:utf8 redisIp:192.168.88.119 poolname:FA_MEM port:3306 user:fa_db database:FA_MEM redisDB:3 ip:192.168.88.181 password:1qaz!QAZ redisPort:6379 redisPassword:""]
SqlString  SELECT RTP,Amount,Bonus  FROM M_RtpSetting  WHERE Sid = 1   AND State = 1   AND LTG_Code = 5 AND Gid = 38
sqlResult   map[result: count:0 state:0]
[2020-01-02 13:29:56] rtpData ------->   map[result: count:0 state:0] 
[GIN] 2020/01/02 - 13:29:56 | 200 |    3.225697ms |  192.168.66.115 | POST     /getResult
[2020-01-02 13:29:56] 自開彩開獎  {202001020270 4 41 true} 
ConfigData  map[port:3306 user:fa_db redisIp:192.168.88.119 redisDB:3 redisPassword:"" ip:192.168.88.181 poolname:FA_MEM password:1qaz!QAZ database:FA_MEM charset:utf8 redisPort:6379]
SqlString  SELECT RTP,Amount,Bonus  FROM M_RtpSetting  WHERE Sid = 1   AND State = 1   AND LTG_Code = 4 AND Gid = 41
sqlResult   map[result: count:0 state:0]
[2020-01-02 13:29:56] rtpData ------->   map[state:0 result: count:0] 
[GIN] 2020/01/02 - 13:29:56 | 200 |    2.233878ms |  192.168.66.115 | POST     /getResult
[2020-01-02 13:29:59] 自開彩開獎  {202001020270 1 35 true} 
ConfigData  map[poolname:FA_MEM user:fa_db password:1qaz!QAZ database:FA_MEM redisIp:192.168.88.119 redisPort:6379 redisPassword:"" ip:192.168.88.181 port:3306 charset:utf8 redisDB:3]
SqlString  SELECT RTP,Amount,Bonus  FROM M_RtpSetting  WHERE Sid = 1   AND State = 1   AND LTG_Code = 1 AND Gid = 35
sqlResult   map[result: count:0 state:0]
[2020-01-02 13:29:59] rtpData ------->   map[result: count:0 state:0] 
[GIN] 2020/01/02 - 13:29:59 | 200 |    2.757104ms |  192.168.66.115 | POST     /getResult
[2020-01-02 13:30:00] 自開彩開獎  {202001020810 6 36 true} 
ConfigData  map[password:1qaz!QAZ redisPort:6379 redisPassword:"" redisDB:3 poolname:FA_MEM user:fa_db database:FA_MEM charset:utf8 redisIp:192.168.88.119 ip:192.168.88.181 port:3306]
SqlString  SELECT RTP,Amount,Bonus  FROM M_RtpSetting  WHERE Sid = 1   AND State = 1   AND LTG_Code = 6 AND Gid = 36
[2020-01-02 13:30:00] 自開彩開獎  {202001020271 6 37 true} 
ConfigData  map[port:3306 database:FA_MEM charset:utf8 redisIp:192.168.88.119 redisPassword:"" redisDB:3 ip:192.168.88.181 poolname:FA_MEM user:fa_db password:1qaz!QAZ redisPort:6379]
SqlString  SELECT RTP,Amount,Bonus  FROM M_RtpSetting  WHERE Sid = 1   AND State = 1   AND LTG_Code = 6 AND Gid = 37
sqlResult   map[result: count:0 state:0]
sqlResult   map[result: count:0 state:0]
[2020-01-02 13:30:00] rtpData ------->   map[result: count:0 state:0] 
[GIN] 2020/01/02 - 13:30:00 | 200 |    2.908221ms |  192.168.66.115 | POST     /getResult
[2020-01-02 13:30:00] rtpData ------->   map[result: count:0 state:0] 
[GIN] 2020/01/02 - 13:30:00 | 200 |    2.914811ms |  192.168.66.115 | POST     /getResult
[2020-01-02 13:30:00] 自開彩開獎  {202001020163 5 39 true} 
ConfigData  map[user:fa_db database:FA_MEM redisPort:6379 redisPassword:"" ip:192.168.88.181 poolname:FA_MEM port:3306 password:1qaz!QAZ charset:utf8 redisIp:192.168.88.119 redisDB:3]
SqlString  SELECT RTP,Amount,Bonus  FROM M_RtpSetting  WHERE Sid = 1   AND State = 1   AND LTG_Code = 5 AND Gid = 39
sqlResult   map[result: count:0 state:0]
[2020-01-02 13:30:00] rtpData ------->   map[result: count:0 state:0] 
[GIN] 2020/01/02 - 13:30:00 | 200 |    2.309729ms |  192.168.66.115 | POST     /getResult
[2020-01-02 13:30:00] 自開彩開獎  {202001020811 2 26 true} 
ConfigData  map[redisDB:3 poolname:FA_MEM port:3306 password:1qaz!QAZ charset:utf8 redisIp:192.168.88.119 redisPort:6379 redisPassword:"" ip:192.168.88.181 user:fa_db database:FA_MEM]
SqlString  SELECT RTP,Amount,Bonus  FROM M_RtpSetting  WHERE Sid = 1   AND State = 1   AND LTG_Code = 2 AND Gid = 26
[2020-01-02 13:30:00] 自開彩開獎  {20200102163 2 28 true} 
ConfigData  map[redisPort:6379 redisPassword:"" redisDB:3 ip:192.168.88.181 database:FA_MEM charset:utf8 password:1qaz!QAZ redisIp:192.168.88.119 poolname:FA_MEM port:3306 user:fa_db]
SqlString  SELECT RTP,Amount,Bonus  FROM M_RtpSetting  WHERE Sid = 1   AND State = 1   AND LTG_Code = 2 AND Gid = 28
[2020-01-02 13:30:00] 自開彩開獎  {20200102271 2 27 true} 
ConfigData  map[user:fa_db password:1qaz!QAZ database:FA_MEM charset:utf8 poolname:FA_MEM port:3306 redisPort:6379 redisPassword:"" redisDB:3 ip:192.168.88.181 redisIp:192.168.88.119]
SqlString  SELECT RTP,Amount,Bonus  FROM M_RtpSetting  WHERE Sid = 1   AND State = 1   AND LTG_Code = 2 AND Gid = 27
sqlResult   map[bonus:161148.41 result:0.9600 count:1 state:1 amount:234518]
[2020-01-02 13:30:00] rtpData ------->   map[amount:234518 bonus:161148.41 result:0.9600 count:1 state:1] 
sqlResult   map[bonus:908100.71 result:0.9600 count:1 state:1 amount:1.0069588e+06]
[2020-01-02 13:30:00] rtpData ------->   map[state:1 amount:1.0069588e+06 bonus:908100.71 result:0.9600 count:1] 
ConfigData  map[charset:utf8 redisIp:192.168.88.119 redisDB:3 ip:192.168.88.181 poolname:FA_MEM user:fa_db password:1qaz!QAZ database:FA_MEM port:3306 redisPort:6379 redisPassword:""]
SELECT BO_No, BO_OrderNo , BO_User , BO_Issue  , BO_LotteryTypeGroup, BO_LotteryType, BO_Mode, BO_LotteryPlayGroup, BO_LotteryPlay , BO_LotteryContent, BO_Price, BO_RealPrice, BO_Unit, BO_Multiple , BO_BetCount  , BO_Winnings, BO_Winnings2, BO_Winnings3, BO_WinningLimit  , BO_Water , BO_BW_SourceUserId, BO_BW_BackWater, BO_BW_LimitBetCount, BO_BW_MaxAmount, BO_BW_AuditMultiple  , BO_Odds, BO_Odds2, BO_Odds3 , BO_Type, BO_Chase , BO_OpenResult, BO_OpenResult2, BO_DateDraw, BO_DateDraw2, BO_DateUpdate  FROM TS_BetOrder  WHERE BO_Cancel = 0   AND BO_CancelBackend = 0   AND BO_LotteryTypeGroup = 2 AND BO_LotteryType = 26 AND BO_Issue = 202001020811 AND BO_Collect = 0 ORDER BY BO_DateDraw ASC, BO_DateCreate ASC, BO_DateUpdate ASC, BO_No ASC ;
sqlResult   map[state:1 amount:105208 bonus:58491.69 result:0.9600 count:1]
[2020-01-02 13:30:00] rtpData ------->   map[count:1 state:1 amount:105208 bonus:58491.69 result:0.9600] 
ConfigData  map[port:3306 user:fa_db database:FA_MEM charset:utf8 redisPassword:"" redisDB:3 ip:192.168.88.181 poolname:FA_MEM password:1qaz!QAZ redisIp:192.168.88.119 redisPort:6379]
SELECT BO_No, BO_OrderNo , BO_User , BO_Issue  , BO_LotteryTypeGroup, BO_LotteryType, BO_Mode, BO_LotteryPlayGroup, BO_LotteryPlay , BO_LotteryContent, BO_Price, BO_RealPrice, BO_Unit, BO_Multiple , BO_BetCount  , BO_Winnings, BO_Winnings2, BO_Winnings3, BO_WinningLimit  , BO_Water , BO_BW_SourceUserId, BO_BW_BackWater, BO_BW_LimitBetCount, BO_BW_MaxAmount, BO_BW_AuditMultiple  , BO_Odds, BO_Odds2, BO_Odds3 , BO_Type, BO_Chase , BO_OpenResult, BO_OpenResult2, BO_DateDraw, BO_DateDraw2, BO_DateUpdate  FROM TS_BetOrder  WHERE BO_Cancel = 0   AND BO_CancelBackend = 0   AND BO_LotteryTypeGroup = 2 AND BO_LotteryType = 27 AND BO_Issue = 20200102271 AND BO_Collect = 0 ORDER BY BO_DateDraw ASC, BO_DateCreate ASC, BO_DateUpdate ASC, BO_No ASC ;
ConfigData  map[poolname:FA_MEM port:3306 user:fa_db redisIp:192.168.88.119 redisPort:6379 redisPassword:"" redisDB:3 ip:192.168.88.181 password:1qaz!QAZ database:FA_MEM charset:utf8]
SELECT BO_No, BO_OrderNo , BO_User , BO_Issue  , BO_LotteryTypeGroup, BO_LotteryType, BO_Mode, BO_LotteryPlayGroup, BO_LotteryPlay , BO_LotteryContent, BO_Price, BO_RealPrice, BO_Unit, BO_Multiple , BO_BetCount  , BO_Winnings, BO_Winnings2, BO_Winnings3, BO_WinningLimit  , BO_Water , BO_BW_SourceUserId, BO_BW_BackWater, BO_BW_LimitBetCount, BO_BW_MaxAmount, BO_BW_AuditMultiple  , BO_Odds, BO_Odds2, BO_Odds3 , BO_Type, BO_Chase , BO_OpenResult, BO_OpenResult2, BO_DateDraw, BO_DateDraw2, BO_DateUpdate  FROM TS_BetOrder  WHERE BO_Cancel = 0   AND BO_CancelBackend = 0   AND BO_LotteryTypeGroup = 2 AND BO_LotteryType = 28 AND BO_Issue = 20200102163 AND BO_Collect = 0 ORDER BY BO_DateDraw ASC, BO_DateCreate ASC, BO_DateUpdate ASC, BO_No ASC ;
[2020-01-02 13:30:00] LottteryTypeGroup 2 
[2020-01-02 13:30:00] 有期號 但無注單 -------> map[amount:0 bonus:0 thisOpenResult:[7 5 6 4 2]] 
[GIN] 2020/01/02 - 13:30:00 | 200 |    4.191258ms |  192.168.66.115 | POST     /getResult
[2020-01-02 13:30:00] LottteryTypeGroup 2 
[2020-01-02 13:30:00] 有期號 但無注單 -------> map[amount:0 bonus:0 thisOpenResult:[8 5 4 4 1]] 
[GIN] 2020/01/02 - 13:30:00 | 200 |    4.619703ms |  192.168.66.115 | POST     /getResult
[2020-01-02 13:30:00] LottteryTypeGroup 2 
[2020-01-02 13:30:00] 有期號 但無注單 -------> map[amount:0 bonus:0 thisOpenResult:[6 0 1 0 7]] 
[GIN] 2020/01/02 - 13:30:00 | 200 |    5.698547ms |  192.168.66.115 | POST     /getResult
[2020-01-02 13:30:01] 自開彩開獎  {202001020810 4 40 true} 
ConfigData  map[ip:192.168.88.181 poolname:FA_MEM password:1qaz!QAZ charset:utf8 redisIp:192.168.88.119 redisDB:3 port:3306 user:fa_db database:FA_MEM redisPort:6379 redisPassword:""]
SqlString  SELECT RTP,Amount,Bonus  FROM M_RtpSetting  WHERE Sid = 1   AND State = 1   AND LTG_Code = 4 AND Gid = 40
sqlResult   map[result: count:0 state:0]
[2020-01-02 13:30:01] rtpData ------->   map[result: count:0 state:0] 
[GIN] 2020/01/02 - 13:30:01 | 200 |    2.781437ms |  192.168.66.115 | POST     /getResult
[2020-01-02 13:30:01] 自開彩開獎  {202001020810 1 34 true} 
ConfigData  map[password:1qaz!QAZ database:FA_MEM redisIp:192.168.88.119 redisPassword:"" redisDB:3 ip:192.168.88.181 poolname:FA_MEM user:fa_db port:3306 charset:utf8 redisPort:6379]
SqlString  SELECT RTP,Amount,Bonus  FROM M_RtpSetting  WHERE Sid = 1   AND State = 1   AND LTG_Code = 1 AND Gid = 34
sqlResult   map[result: count:0 state:0]
[2020-01-02 13:30:01] rtpData ------->   map[result: count:0 state:0] 
[GIN] 2020/01/02 - 13:30:01 | 200 |    2.238038ms |  192.168.66.115 | POST     /getResult
[2020-01-02 13:30:02] 自開彩開獎  {202001020810 5 38 true} 
ConfigData  map[password:1qaz!QAZ database:FA_MEM redisPort:6379 redisDB:3 port:3306 user:fa_db charset:utf8 redisIp:192.168.88.119 redisPassword:"" ip:192.168.88.181 poolname:FA_MEM]
SqlString  SELECT RTP,Amount,Bonus  FROM M_RtpSetting  WHERE Sid = 1   AND State = 1   AND LTG_Code = 5 AND Gid = 38
sqlResult   map[result: count:0 state:0]
[2020-01-02 13:30:02] rtpData ------->   map[result: count:0 state:0] 
[GIN] 2020/01/02 - 13:30:02 | 200 |    3.027343ms |  192.168.66.115 | POST     /getResult
[2020-01-02 13:30:02] 自開彩開獎  {202001020270 4 41 true} 
ConfigData  map[database:FA_MEM charset:utf8 redisIp:192.168.88.119 redisPassword:"" redisPort:6379 redisDB:3 ip:192.168.88.181 poolname:FA_MEM port:3306 user:fa_db password:1qaz!QAZ]
SqlString  SELECT RTP,Amount,Bonus  FROM M_RtpSetting  WHERE Sid = 1   AND State = 1   AND LTG_Code = 4 AND Gid = 41
sqlResult   map[result: count:0 state:0]
[2020-01-02 13:30:02] rtpData ------->   map[result: count:0 state:0] 
[GIN] 2020/01/02 - 13:30:02 | 200 |    2.485222ms |  192.168.66.115 | POST     /getResult
[2020-01-02 13:30:05] 自開彩開獎  {202001020270 1 35 true} 
ConfigData  map[poolname:FA_MEM port:3306 user:fa_db charset:utf8 redisPassword:"" ip:192.168.88.181 database:FA_MEM redisIp:192.168.88.119 redisPort:6379 redisDB:3 password:1qaz!QAZ]
SqlString  SELECT RTP,Amount,Bonus  FROM M_RtpSetting  WHERE Sid = 1   AND State = 1   AND LTG_Code = 1 AND Gid = 35
sqlResult   map[result: count:0 state:0]
[2020-01-02 13:30:05] rtpData ------->   map[result: count:0 state:0] 
[GIN] 2020/01/02 - 13:30:05 | 200 |    2.854682ms |  192.168.66.115 | POST     /getResult
[2020-01-02 13:30:06] 自開彩開獎  {202001020271 6 37 true} 
[2020-01-02 13:30:06] 自開彩開獎  {202001020811 6 36 true} 
ConfigData  map[charset:utf8 redisIp:192.168.88.119 redisPort:6379 redisPassword:"" redisDB:3 poolname:FA_MEM port:3306 password:1qaz!QAZ ip:192.168.88.181 user:fa_db database:FA_MEM]
SqlString  SELECT RTP,Amount,Bonus  FROM M_RtpSetting  WHERE Sid = 1   AND State = 1   AND LTG_Code = 6 AND Gid = 36
ConfigData  map[password:1qaz!QAZ redisPort:6379 redisPassword:"" ip:192.168.88.181 port:3306 user:fa_db database:FA_MEM charset:utf8 redisIp:192.168.88.119 redisDB:3 poolname:FA_MEM]
SqlString  SELECT RTP,Amount,Bonus  FROM M_RtpSetting  WHERE Sid = 1   AND State = 1   AND LTG_Code = 6 AND Gid = 37
sqlResult   map[result: count:0 state:0]
[2020-01-02 13:30:06] rtpData ------->   map[result: count:0 state:0] 
[GIN] 2020/01/02 - 13:30:06 | 200 |    2.965651ms |  192.168.66.115 | POST     /getResult
sqlResult   map[result: count:0 state:0]
[2020-01-02 13:30:06] rtpData ------->   map[count:0 state:0 result:] 
[GIN] 2020/01/02 - 13:30:06 | 200 |    3.196297ms |  192.168.66.115 | POST     /getResult
[2020-01-02 13:30:06] 自開彩開獎  {202001020163 5 39 true} 
ConfigData  map[poolname:FA_MEM charset:utf8 redisPort:6379 redisPassword:"" database:FA_MEM redisIp:192.168.88.119 redisDB:3 ip:192.168.88.181 port:3306 user:fa_db password:1qaz!QAZ]
SqlString  SELECT RTP,Amount,Bonus  FROM M_RtpSetting  WHERE Sid = 1   AND State = 1   AND LTG_Code = 5 AND Gid = 39
sqlResult   map[result: count:0 state:0]
[2020-01-02 13:30:06] rtpData ------->   map[result: count:0 state:0] 
[GIN] 2020/01/02 - 13:30:06 | 200 |    2.547829ms |  192.168.66.115 | POST     /getResult
[2020-01-02 13:30:07] 自開彩開獎  {202001020811 4 40 true} 
ConfigData  map[poolname:FA_MEM redisIp:192.168.88.119 password:1qaz!QAZ database:FA_MEM charset:utf8 redisPort:6379 redisPassword:"" ip:192.168.88.181 port:3306 user:fa_db redisDB:3]
SqlString  SELECT RTP,Amount,Bonus  FROM M_RtpSetting  WHERE Sid = 1   AND State = 1   AND LTG_Code = 4 AND Gid = 40
sqlResult   map[result: count:0 state:0]
[2020-01-02 13:30:07] rtpData ------->   map[result: count:0 state:0] 
[GIN] 2020/01/02 - 13:30:07 | 200 |    2.972721ms |  192.168.66.115 | POST     /getResult
[2020-01-02 13:30:07] 自開彩開獎  {202001020811 1 34 true} 
ConfigData  map[redisPassword:"" redisDB:3 port:3306 password:1qaz!QAZ database:FA_MEM charset:utf8 redisIp:192.168.88.119 ip:192.168.88.181 poolname:FA_MEM user:fa_db redisPort:6379]
SqlString  SELECT RTP,Amount,Bonus  FROM M_RtpSetting  WHERE Sid = 1   AND State = 1   AND LTG_Code = 1 AND Gid = 34
sqlResult   map[result: count:0 state:0]
[2020-01-02 13:30:07] rtpData ------->   map[result: count:0 state:0] 
[GIN] 2020/01/02 - 13:30:07 | 200 |    2.592812ms |  192.168.66.115 | POST     /getResult
[2020-01-02 13:30:08] 自開彩開獎  {202001020811 5 38 true} 
ConfigData  map[ip:192.168.88.181 port:3306 password:1qaz!QAZ charset:utf8 redisIp:192.168.88.119 redisPort:6379 redisDB:3 poolname:FA_MEM user:fa_db database:FA_MEM redisPassword:""]
SqlString  SELECT RTP,Amount,Bonus  FROM M_RtpSetting  WHERE Sid = 1   AND State = 1   AND LTG_Code = 5 AND Gid = 38
sqlResult   map[result: count:0 state:0]
[2020-01-02 13:30:08] rtpData ------->   map[result: count:0 state:0] 
[GIN] 2020/01/02 - 13:30:08 | 200 |    2.959377ms |  192.168.66.115 | POST     /getResult
[2020-01-02 13:30:08] 自開彩開獎  {202001020271 4 41 true} 
ConfigData  map[redisIp:192.168.88.119 ip:192.168.88.181 poolname:FA_MEM port:3306 password:1qaz!QAZ charset:utf8 user:fa_db database:FA_MEM redisPort:6379 redisPassword:"" redisDB:3]
SqlString  SELECT RTP,Amount,Bonus  FROM M_RtpSetting  WHERE Sid = 1   AND State = 1   AND LTG_Code = 4 AND Gid = 41
sqlResult   map[state:0 result: count:0]
[2020-01-02 13:30:08] rtpData ------->   map[result: count:0 state:0] 
[GIN] 2020/01/02 - 13:30:08 | 200 |    2.573762ms |  192.168.66.115 | POST     /getResult
[2020-01-02 13:30:11] 自開彩開獎  {202001020271 1 35 true} 
ConfigData  map[redisDB:3 ip:192.168.88.181 port:3306 user:fa_db database:FA_MEM charset:utf8 redisPort:6379 poolname:FA_MEM password:1qaz!QAZ redisIp:192.168.88.119 redisPassword:""]
SqlString  SELECT RTP,Amount,Bonus  FROM M_RtpSetting  WHERE Sid = 1   AND State = 1   AND LTG_Code = 1 AND Gid = 35
sqlResult   map[result: count:0 state:0]
[2020-01-02 13:30:11] rtpData ------->   map[result: count:0 state:0] 
[GIN] 2020/01/02 - 13:30:11 | 200 |    2.636292ms |  192.168.66.115 | POST     /getResult
[2020-01-02 13:30:12] 自開彩開獎  {202001020811 6 36 true} 
ConfigData  map[redisPassword:"" ip:192.168.88.181 poolname:FA_MEM user:fa_db password:1qaz!QAZ charset:utf8 redisIp:192.168.88.119 redisPort:6379 redisDB:3 port:3306 database:FA_MEM]
SqlString  SELECT RTP,Amount,Bonus  FROM M_RtpSetting  WHERE Sid = 1   AND State = 1   AND LTG_Code = 6 AND Gid = 36
[2020-01-02 13:30:12] 自開彩開獎  {202001020271 6 37 true} 
ConfigData  map[port:3306 password:1qaz!QAZ database:FA_MEM redisPort:6379 ip:192.168.88.181 poolname:FA_MEM redisIp:192.168.88.119 redisPassword:"" redisDB:3 user:fa_db charset:utf8]
SqlString  SELECT RTP,Amount,Bonus  FROM M_RtpSetting  WHERE Sid = 1   AND State = 1   AND LTG_Code = 6 AND Gid = 37
sqlResult   map[result: count:0 state:0]
sqlResult   map[state:0 result: count:0]
[2020-01-02 13:30:12] rtpData ------->   map[result: count:0 state:0] 
[GIN] 2020/01/02 - 13:30:12 | 200 |     3.12897ms |  192.168.66.115 | POST     /getResult
[2020-01-02 13:30:12] rtpData ------->   map[result: count:0 state:0] 
[GIN] 2020/01/02 - 13:30:12 | 200 |    3.127164ms |  192.168.66.115 | POST     /getResult
[2020-01-02 13:30:12] 自開彩開獎  {202001020163 5 39 true} 
ConfigData  map[ip:192.168.88.181 user:fa_db charset:utf8 redisPort:6379 poolname:FA_MEM port:3306 password:1qaz!QAZ database:FA_MEM redisIp:192.168.88.119 redisPassword:"" redisDB:3]
SqlString  SELECT RTP,Amount,Bonus  FROM M_RtpSetting  WHERE Sid = 1   AND State = 1   AND LTG_Code = 5 AND Gid = 39
sqlResult   map[result: count:0 state:0]
[2020-01-02 13:30:12] rtpData ------->   map[result: count:0 state:0] 
[GIN] 2020/01/02 - 13:30:12 | 200 |    2.121955ms |  192.168.66.115 | POST     /getResult
[2020-01-02 13:30:13] 自開彩開獎  {202001020811 4 40 true} 
ConfigData  map[ip:192.168.88.181 port:3306 password:1qaz!QAZ database:FA_MEM redisIp:192.168.88.119 redisDB:3 poolname:FA_MEM user:fa_db charset:utf8 redisPort:6379 redisPassword:""]
SqlString  SELECT RTP,Amount,Bonus  FROM M_RtpSetting  WHERE Sid = 1   AND State = 1   AND LTG_Code = 4 AND Gid = 40
sqlResult   map[count:0 state:0 result:]
[2020-01-02 13:30:13] rtpData ------->   map[result: count:0 state:0] 
[GIN] 2020/01/02 - 13:30:13 | 200 |    3.337176ms |  192.168.66.115 | POST     /getResult
[2020-01-02 13:30:13] 自開彩開獎  {202001020811 1 34 true} 
ConfigData  map[redisPort:6379 redisDB:3 user:fa_db database:FA_MEM charset:utf8 password:1qaz!QAZ redisIp:192.168.88.119 redisPassword:"" ip:192.168.88.181 poolname:FA_MEM port:3306]
SqlString  SELECT RTP,Amount,Bonus  FROM M_RtpSetting  WHERE Sid = 1   AND State = 1   AND LTG_Code = 1 AND Gid = 34
sqlResult   map[state:0 result: count:0]
[2020-01-02 13:30:13] rtpData ------->   map[result: count:0 state:0] 
[GIN] 2020/01/02 - 13:30:13 | 200 |    2.321032ms |  192.168.66.115 | POST     /getResult
[2020-01-02 13:30:14] 自開彩開獎  {202001020811 5 38 true} 
ConfigData  map[password:1qaz!QAZ charset:utf8 redisDB:3 redisIp:192.168.88.119 redisPort:6379 redisPassword:"" ip:192.168.88.181 poolname:FA_MEM port:3306 user:fa_db database:FA_MEM]
SqlString  SELECT RTP,Amount,Bonus  FROM M_RtpSetting  WHERE Sid = 1   AND State = 1   AND LTG_Code = 5 AND Gid = 38
sqlResult   map[result: count:0 state:0]
[2020-01-02 13:30:14] rtpData ------->   map[result: count:0 state:0] 
[GIN] 2020/01/02 - 13:30:14 | 200 |    3.395217ms |  192.168.66.115 | POST     /getResult
[2020-01-02 13:30:14] 自開彩開獎  {202001020271 4 41 true} 
ConfigData  map[redisPassword:"" ip:192.168.88.181 user:fa_db password:1qaz!QAZ database:FA_MEM charset:utf8 redisIp:192.168.88.119 redisPort:6379 poolname:FA_MEM port:3306 redisDB:3]
SqlString  SELECT RTP,Amount,Bonus  FROM M_RtpSetting  WHERE Sid = 1   AND State = 1   AND LTG_Code = 4 AND Gid = 41
sqlResult   map[result: count:0 state:0]
[2020-01-02 13:30:14] rtpData ------->   map[result: count:0 state:0] 
[GIN] 2020/01/02 - 13:30:14 | 200 |    2.162062ms |  192.168.66.115 | POST     /getResult
[2020-01-02 13:30:17] 自開彩開獎  {202001020271 1 35 true} 
ConfigData  map[poolname:FA_MEM port:3306 user:fa_db database:FA_MEM redisIp:192.168.88.119 ip:192.168.88.181 password:1qaz!QAZ charset:utf8 redisPort:6379 redisPassword:"" redisDB:3]
SqlString  SELECT RTP,Amount,Bonus  FROM M_RtpSetting  WHERE Sid = 1   AND State = 1   AND LTG_Code = 1 AND Gid = 35
sqlResult   map[result: count:0 state:0]
[2020-01-02 13:30:17] rtpData ------->   map[result: count:0 state:0] 
[GIN] 2020/01/02 - 13:30:17 | 200 |    2.758007ms |  192.168.66.115 | POST     /getResult
[2020-01-02 13:30:18] 自開彩開獎  {202001020811 6 36 true} 
ConfigData  map[poolname:FA_MEM port:3306 user:fa_db database:FA_MEM redisIp:192.168.88.119 redisPort:6379 ip:192.168.88.181 password:1qaz!QAZ charset:utf8 redisPassword:"" redisDB:3]
SqlString  SELECT RTP,Amount,Bonus  FROM M_RtpSetting  WHERE Sid = 1   AND State = 1   AND LTG_Code = 6 AND Gid = 36
[2020-01-02 13:30:18] 自開彩開獎  {202001020271 6 37 true} 
ConfigData  map[redisIp:192.168.88.119 redisPassword:"" port:3306 database:FA_MEM charset:utf8 password:1qaz!QAZ redisPort:6379 redisDB:3 ip:192.168.88.181 poolname:FA_MEM user:fa_db]
SqlString  SELECT RTP,Amount,Bonus  FROM M_RtpSetting  WHERE Sid = 1   AND State = 1   AND LTG_Code = 6 AND Gid = 37
sqlResult   map[result: count:0 state:0]
[2020-01-02 13:30:18] rtpData ------->   map[result: count:0 state:0] 
sqlResult   map[result: count:0 state:0]
[2020-01-02 13:30:18] rtpData ------->   map[result: count:0 state:0] 
[GIN] 2020/01/02 - 13:30:18 | 200 |    2.992481ms |  192.168.66.115 | POST     /getResult
[GIN] 2020/01/02 - 13:30:18 | 200 |    2.728246ms |  192.168.66.115 | POST     /getResult
[2020-01-02 13:30:18] 自開彩開獎  {202001020163 5 39 true} 
ConfigData  map[user:fa_db password:1qaz!QAZ redisDB:3 ip:192.168.88.181 poolname:FA_MEM port:3306 database:FA_MEM charset:utf8 redisIp:192.168.88.119 redisPort:6379 redisPassword:""]
SqlString  SELECT RTP,Amount,Bonus  FROM M_RtpSetting  WHERE Sid = 1   AND State = 1   AND LTG_Code = 5 AND Gid = 39
sqlResult   map[result: count:0 state:0]
[2020-01-02 13:30:18] rtpData ------->   map[result: count:0 state:0] 
[GIN] 2020/01/02 - 13:30:18 | 200 |    2.487915ms |  192.168.66.115 | POST     /getResult
[2020-01-02 13:30:19] 自開彩開獎  {202001020811 4 40 true} 
ConfigData  map[ip:192.168.88.181 user:fa_db password:1qaz!QAZ database:FA_MEM charset:utf8 redisIp:192.168.88.119 redisPassword:"" poolname:FA_MEM port:3306 redisPort:6379 redisDB:3]
SqlString  SELECT RTP,Amount,Bonus  FROM M_RtpSetting  WHERE Sid = 1   AND State = 1   AND LTG_Code = 4 AND Gid = 40
sqlResult   map[result: count:0 state:0]
[2020-01-02 13:30:19] rtpData ------->   map[result: count:0 state:0] 
[GIN] 2020/01/02 - 13:30:19 | 200 |    2.531871ms |  192.168.66.115 | POST     /getResult
[2020-01-02 13:30:19] 自開彩開獎  {202001020811 1 34 true} 
ConfigData  map[port:3306 database:FA_MEM charset:utf8 redisIp:192.168.88.119 redisDB:3 ip:192.168.88.181 user:fa_db password:1qaz!QAZ redisPort:6379 redisPassword:"" poolname:FA_MEM]
SqlString  SELECT RTP,Amount,Bonus  FROM M_RtpSetting  WHERE Sid = 1   AND State = 1   AND LTG_Code = 1 AND Gid = 34
sqlResult   map[result: count:0 state:0]
[2020-01-02 13:30:19] rtpData ------->   map[result: count:0 state:0] 
[GIN] 2020/01/02 - 13:30:19 | 200 |    2.152244ms |  192.168.66.115 | POST     /getResult
[2020-01-02 13:30:20] 自開彩開獎  {202001020811 5 38 true} 
ConfigData  map[redisPort:6379 password:1qaz!QAZ database:FA_MEM charset:utf8 redisIp:192.168.88.119 redisPassword:"" redisDB:3 ip:192.168.88.181 poolname:FA_MEM port:3306 user:fa_db]
SqlString  SELECT RTP,Amount,Bonus  FROM M_RtpSetting  WHERE Sid = 1   AND State = 1   AND LTG_Code = 5 AND Gid = 38
sqlResult   map[result: count:0 state:0]
[2020-01-02 13:30:20] rtpData ------->   map[result: count:0 state:0] 
[GIN] 2020/01/02 - 13:30:20 | 200 |    3.624428ms |  192.168.66.115 | POST     /getResult
[2020-01-02 13:30:20] 自開彩開獎  {202001020271 4 41 true} 
ConfigData  map[port:3306 user:fa_db password:1qaz!QAZ database:FA_MEM redisDB:3 ip:192.168.88.181 poolname:FA_MEM charset:utf8 redisIp:192.168.88.119 redisPort:6379 redisPassword:""]
SqlString  SELECT RTP,Amount,Bonus  FROM M_RtpSetting  WHERE Sid = 1   AND State = 1   AND LTG_Code = 4 AND Gid = 41
sqlResult   map[result: count:0 state:0]
[2020-01-02 13:30:20] rtpData ------->   map[result: count:0 state:0] 
[GIN] 2020/01/02 - 13:30:20 | 200 |    2.133299ms |  192.168.66.115 | POST     /getResult
[2020-01-02 13:30:23] 自開彩開獎  {202001020271 1 35 true} 
ConfigData  map[database:FA_MEM redisPassword:"" ip:192.168.88.181 poolname:FA_MEM port:3306 password:1qaz!QAZ redisDB:3 user:fa_db charset:utf8 redisIp:192.168.88.119 redisPort:6379]
SqlString  SELECT RTP,Amount,Bonus  FROM M_RtpSetting  WHERE Sid = 1   AND State = 1   AND LTG_Code = 1 AND Gid = 35
sqlResult   map[result: count:0 state:0]
[2020-01-02 13:30:23] rtpData ------->   map[result: count:0 state:0] 
[GIN] 2020/01/02 - 13:30:23 | 200 |    2.678954ms |  192.168.66.115 | POST     /getResult
[2020-01-02 13:30:24] 自開彩開獎  {202001020811 6 36 true} 
ConfigData  map[redisDB:3 ip:192.168.88.181 poolname:FA_MEM port:3306 password:1qaz!QAZ redisPort:6379 redisPassword:"" user:fa_db database:FA_MEM charset:utf8 redisIp:192.168.88.119]
SqlString  SELECT RTP,Amount,Bonus  FROM M_RtpSetting  WHERE Sid = 1   AND State = 1   AND LTG_Code = 6 AND Gid = 36
[2020-01-02 13:30:24] 自開彩開獎  {202001020271 6 37 true} 
ConfigData  map[port:3306 user:fa_db password:1qaz!QAZ database:FA_MEM charset:utf8 redisPort:6379 ip:192.168.88.181 redisIp:192.168.88.119 redisPassword:"" redisDB:3 poolname:FA_MEM]
SqlString  SELECT RTP,Amount,Bonus  FROM M_RtpSetting  WHERE Sid = 1   AND State = 1   AND LTG_Code = 6 AND Gid = 37
sqlResult   map[result: count:0 state:0]
[2020-01-02 13:30:24] rtpData ------->   map[state:0 result: count:0] 
sqlResult   map[state:0 result: count:0]
[2020-01-02 13:30:24] rtpData ------->   map[result: count:0 state:0] 
[GIN] 2020/01/02 - 13:30:24 | 200 |    2.489774ms |  192.168.66.115 | POST     /getResult
[GIN] 2020/01/02 - 13:30:24 | 200 |    2.445795ms |  192.168.66.115 | POST     /getResult
[2020-01-02 13:30:24] 自開彩開獎  {202001020163 5 39 true} 
ConfigData  map[port:3306 user:fa_db redisIp:192.168.88.119 redisPort:6379 redisDB:3 ip:192.168.88.181 password:1qaz!QAZ database:FA_MEM charset:utf8 redisPassword:"" poolname:FA_MEM]
SqlString  SELECT RTP,Amount,Bonus  FROM M_RtpSetting  WHERE Sid = 1   AND State = 1   AND LTG_Code = 5 AND Gid = 39
sqlResult   map[result: count:0 state:0]
[2020-01-02 13:30:24] rtpData ------->   map[state:0 result: count:0] 
[GIN] 2020/01/02 - 13:30:24 | 200 |    2.945084ms |  192.168.66.115 | POST     /getResult
[2020-01-02 13:30:25] 自開彩開獎  {202001020811 4 40 true} 
ConfigData  map[poolname:FA_MEM user:fa_db password:1qaz!QAZ redisIp:192.168.88.119 redisPassword:"" redisDB:3 ip:192.168.88.181 port:3306 database:FA_MEM charset:utf8 redisPort:6379]
SqlString  SELECT RTP,Amount,Bonus  FROM M_RtpSetting  WHERE Sid = 1   AND State = 1   AND LTG_Code = 4 AND Gid = 40
sqlResult   map[result: count:0 state:0]
[2020-01-02 13:30:25] rtpData ------->   map[result: count:0 state:0] 
[GIN] 2020/01/02 - 13:30:25 | 200 |    2.768882ms |  192.168.66.115 | POST     /getResult
[2020-01-02 13:30:25] 自開彩開獎  {202001020811 1 34 true} 
ConfigData  map[user:fa_db password:1qaz!QAZ database:FA_MEM charset:utf8 redisDB:3 redisPassword:"" ip:192.168.88.181 poolname:FA_MEM port:3306 redisIp:192.168.88.119 redisPort:6379]
SqlString  SELECT RTP,Amount,Bonus  FROM M_RtpSetting  WHERE Sid = 1   AND State = 1   AND LTG_Code = 1 AND Gid = 34
sqlResult   map[result: count:0 state:0]
[2020-01-02 13:30:25] rtpData ------->   map[result: count:0 state:0] 
[GIN] 2020/01/02 - 13:30:25 | 200 |    3.239428ms |  192.168.66.115 | POST     /getResult
[2020-01-02 13:30:26] 自開彩開獎  {202001020811 5 38 true} 
ConfigData  map[ip:192.168.88.181 poolname:FA_MEM port:3306 charset:utf8 redisPort:6379 user:fa_db password:1qaz!QAZ database:FA_MEM redisIp:192.168.88.119 redisPassword:"" redisDB:3]
SqlString  SELECT RTP,Amount,Bonus  FROM M_RtpSetting  WHERE Sid = 1   AND State = 1   AND LTG_Code = 5 AND Gid = 38
sqlResult   map[result: count:0 state:0]
[2020-01-02 13:30:26] rtpData ------->   map[count:0 state:0 result:] 
[GIN] 2020/01/02 - 13:30:26 | 200 |    2.520037ms |  192.168.66.115 | POST     /getResult
[2020-01-02 13:30:26] 自開彩開獎  {202001020271 4 41 true} 
ConfigData  map[password:1qaz!QAZ database:FA_MEM redisPassword:"" ip:192.168.88.181 user:fa_db charset:utf8 redisIp:192.168.88.119 redisPort:6379 redisDB:3 poolname:FA_MEM port:3306]
SqlString  SELECT RTP,Amount,Bonus  FROM M_RtpSetting  WHERE Sid = 1   AND State = 1   AND LTG_Code = 4 AND Gid = 41
sqlResult   map[count:0 state:0 result:]
[2020-01-02 13:30:26] rtpData ------->   map[result: count:0 state:0] 
[GIN] 2020/01/02 - 13:30:26 | 200 |    2.604195ms |  192.168.66.115 | POST     /getResult
[2020-01-02 13:30:29] 自開彩開獎  {202001020271 1 35 true} 
ConfigData  map[port:3306 user:fa_db password:1qaz!QAZ redisIp:192.168.88.119 redisPort:6379 ip:192.168.88.181 poolname:FA_MEM database:FA_MEM charset:utf8 redisPassword:"" redisDB:3]
SqlString  SELECT RTP,Amount,Bonus  FROM M_RtpSetting  WHERE Sid = 1   AND State = 1   AND LTG_Code = 1 AND Gid = 35
sqlResult   map[state:0 result: count:0]
[2020-01-02 13:30:29] rtpData ------->   map[result: count:0 state:0] 
[GIN] 2020/01/02 - 13:30:29 | 200 |    2.984629ms |  192.168.66.115 | POST     /getResult
[2020-01-02 13:30:30] 自開彩開獎  {202001020271 6 37 true} 
ConfigData  map[ip:192.168.88.181 port:3306 database:FA_MEM redisDB:3 redisPassword:"" poolname:FA_MEM user:fa_db password:1qaz!QAZ charset:utf8 redisIp:192.168.88.119 redisPort:6379]
SqlString  SELECT RTP,Amount,Bonus  FROM M_RtpSetting  WHERE Sid = 1   AND State = 1   AND LTG_Code = 6 AND Gid = 37
[2020-01-02 13:30:30] 自開彩開獎  {202001020811 6 36 true} 
ConfigData  map[password:1qaz!QAZ database:FA_MEM charset:utf8 redisIp:192.168.88.119 redisPort:6379 redisPassword:"" port:3306 poolname:FA_MEM user:fa_db redisDB:3 ip:192.168.88.181]
SqlString  SELECT RTP,Amount,Bonus  FROM M_RtpSetting  WHERE Sid = 1   AND State = 1   AND LTG_Code = 6 AND Gid = 36
sqlResult   map[result: count:0 state:0]
[2020-01-02 13:30:30] rtpData ------->   map[result: count:0 state:0] 
sqlResult   map[result: count:0 state:0]
[2020-01-02 13:30:30] rtpData ------->   map[count:0 state:0 result:] 
[GIN] 2020/01/02 - 13:30:30 | 200 |    2.847927ms |  192.168.66.115 | POST     /getResult
[GIN] 2020/01/02 - 13:30:30 | 200 |     3.02501ms |  192.168.66.115 | POST     /getResult
[2020-01-02 13:30:30] 自開彩開獎  {202001020163 5 39 true} 
ConfigData  map[port:3306 password:1qaz!QAZ database:FA_MEM redisIp:192.168.88.119 redisPort:6379 redisPassword:"" ip:192.168.88.181 poolname:FA_MEM user:fa_db charset:utf8 redisDB:3]
SqlString  SELECT RTP,Amount,Bonus  FROM M_RtpSetting  WHERE Sid = 1   AND State = 1   AND LTG_Code = 5 AND Gid = 39
sqlResult   map[result: count:0 state:0]
[2020-01-02 13:30:30] rtpData ------->   map[result: count:0 state:0] 
[GIN] 2020/01/02 - 13:30:30 | 200 |    2.385701ms |  192.168.66.115 | POST     /getResult
[2020-01-02 13:30:31] 自開彩開獎  {202001020811 4 40 true} 
ConfigData  map[user:fa_db database:FA_MEM charset:utf8 redisPort:6379 redisPassword:"" ip:192.168.88.181 poolname:FA_MEM redisIp:192.168.88.119 redisDB:3 port:3306 password:1qaz!QAZ]
SqlString  SELECT RTP,Amount,Bonus  FROM M_RtpSetting  WHERE Sid = 1   AND State = 1   AND LTG_Code = 4 AND Gid = 40
sqlResult   map[result: count:0 state:0]
[2020-01-02 13:30:31] rtpData ------->   map[result: count:0 state:0] 
[GIN] 2020/01/02 - 13:30:31 | 200 |    3.278021ms |  192.168.66.115 | POST     /getResult
[2020-01-02 13:30:31] 自開彩開獎  {202001020811 1 34 true} 
ConfigData  map[ip:192.168.88.181 database:FA_MEM charset:utf8 redisPort:6379 redisDB:3 poolname:FA_MEM port:3306 user:fa_db password:1qaz!QAZ redisIp:192.168.88.119 redisPassword:""]
SqlString  SELECT RTP,Amount,Bonus  FROM M_RtpSetting  WHERE Sid = 1   AND State = 1   AND LTG_Code = 1 AND Gid = 34
sqlResult   map[result: count:0 state:0]
[2020-01-02 13:30:31] rtpData ------->   map[result: count:0 state:0] 
[GIN] 2020/01/02 - 13:30:31 | 200 |    2.016611ms |  192.168.66.115 | POST     /getResult
[2020-01-02 13:30:32] 自開彩開獎  {202001020811 5 38 true} 
ConfigData  map[port:3306 password:1qaz!QAZ database:FA_MEM redisIp:192.168.88.119 ip:192.168.88.181 poolname:FA_MEM user:fa_db charset:utf8 redisPort:6379 redisPassword:"" redisDB:3]
SqlString  SELECT RTP,Amount,Bonus  FROM M_RtpSetting  WHERE Sid = 1   AND State = 1   AND LTG_Code = 5 AND Gid = 38
sqlResult   map[result: count:0 state:0]
[2020-01-02 13:30:32] rtpData ------->   map[state:0 result: count:0] 
[GIN] 2020/01/02 - 13:30:32 | 200 |    2.754516ms |  192.168.66.115 | POST     /getResult
[2020-01-02 13:30:32] 自開彩開獎  {202001020271 4 41 true} 
ConfigData  map[redisDB:3 ip:192.168.88.181 user:fa_db redisPassword:"" database:FA_MEM charset:utf8 redisIp:192.168.88.119 redisPort:6379 poolname:FA_MEM port:3306 password:1qaz!QAZ]
SqlString  SELECT RTP,Amount,Bonus  FROM M_RtpSetting  WHERE Sid = 1   AND State = 1   AND LTG_Code = 4 AND Gid = 41
sqlResult   map[result: count:0 state:0]
[2020-01-02 13:30:32] rtpData ------->   map[result: count:0 state:0] 
[GIN] 2020/01/02 - 13:30:32 | 200 |    2.768312ms |  192.168.66.115 | POST     /getResult
[2020-01-02 13:30:35] 自開彩開獎  {202001020271 1 35 true} 
ConfigData  map[redisPassword:"" poolname:FA_MEM user:fa_db database:FA_MEM charset:utf8 redisPort:6379 ip:192.168.88.181 port:3306 password:1qaz!QAZ redisIp:192.168.88.119 redisDB:3]
SqlString  SELECT RTP,Amount,Bonus  FROM M_RtpSetting  WHERE Sid = 1   AND State = 1   AND LTG_Code = 1 AND Gid = 35
sqlResult   map[result: count:0 state:0]
[2020-01-02 13:30:35] rtpData ------->   map[result: count:0 state:0] 
[GIN] 2020/01/02 - 13:30:35 | 200 |    2.374637ms |  192.168.66.115 | POST     /getResult
[2020-01-02 13:30:36] 自開彩開獎  {202001020811 6 36 true} 
[2020-01-02 13:30:36] 自開彩開獎  {202001020271 6 37 true} 
ConfigData  map[ip:192.168.88.181 poolname:FA_MEM port:3306 charset:utf8 redisIp:192.168.88.119 user:fa_db password:1qaz!QAZ database:FA_MEM redisPort:6379 redisPassword:"" redisDB:3]
SqlString  SELECT RTP,Amount,Bonus  FROM M_RtpSetting  WHERE Sid = 1   AND State = 1   AND LTG_Code = 6 AND Gid = 36
ConfigData  map[redisPassword:"" poolname:FA_MEM port:3306 user:fa_db database:FA_MEM redisIp:192.168.88.119 redisPort:6379 ip:192.168.88.181 password:1qaz!QAZ charset:utf8 redisDB:3]
SqlString  SELECT RTP,Amount,Bonus  FROM M_RtpSetting  WHERE Sid = 1   AND State = 1   AND LTG_Code = 6 AND Gid = 37
sqlResult   map[result: count:0 state:0]
[2020-01-02 13:30:36] rtpData ------->   map[result: count:0 state:0] 
sqlResult   map[state:0 result: count:0]
[2020-01-02 13:30:36] rtpData ------->   map[result: count:0 state:0] 
[GIN] 2020/01/02 - 13:30:36 | 200 |     2.36285ms |  192.168.66.115 | POST     /getResult
[GIN] 2020/01/02 - 13:30:36 | 200 |    2.490185ms |  192.168.66.115 | POST     /getResult
[2020-01-02 13:30:36] 自開彩開獎  {202001020163 5 39 true} 
ConfigData  map[port:3306 user:fa_db charset:utf8 redisIp:192.168.88.119 redisPassword:"" redisDB:3 ip:192.168.88.181 poolname:FA_MEM redisPort:6379 password:1qaz!QAZ database:FA_MEM]
SqlString  SELECT RTP,Amount,Bonus  FROM M_RtpSetting  WHERE Sid = 1   AND State = 1   AND LTG_Code = 5 AND Gid = 39
sqlResult   map[state:0 result: count:0]
[2020-01-02 13:30:36] rtpData ------->   map[result: count:0 state:0] 
[GIN] 2020/01/02 - 13:30:36 | 200 |    2.350678ms |  192.168.66.115 | POST     /getResult
[2020-01-02 13:30:37] 自開彩開獎  {202001020811 4 40 true} 
ConfigData  map[redisPassword:"" ip:192.168.88.181 poolname:FA_MEM user:fa_db database:FA_MEM charset:utf8 port:3306 password:1qaz!QAZ redisIp:192.168.88.119 redisPort:6379 redisDB:3]
SqlString  SELECT RTP,Amount,Bonus  FROM M_RtpSetting  WHERE Sid = 1   AND State = 1   AND LTG_Code = 4 AND Gid = 40
sqlResult   map[state:0 result: count:0]
[2020-01-02 13:30:37] rtpData ------->   map[result: count:0 state:0] 
[GIN] 2020/01/02 - 13:30:37 | 200 |    2.286191ms |  192.168.66.115 | POST     /getResult
[2020-01-02 13:30:37] 自開彩開獎  {202001020811 1 34 true} 
ConfigData  map[port:3306 password:1qaz!QAZ ip:192.168.88.181 user:fa_db database:FA_MEM charset:utf8 redisIp:192.168.88.119 redisPort:6379 redisPassword:"" redisDB:3 poolname:FA_MEM]
SqlString  SELECT RTP,Amount,Bonus  FROM M_RtpSetting  WHERE Sid = 1   AND State = 1   AND LTG_Code = 1 AND Gid = 34
sqlResult   map[result: count:0 state:0]
[2020-01-02 13:30:37] rtpData ------->   map[result: count:0 state:0] 
[GIN] 2020/01/02 - 13:30:37 | 200 |     3.54764ms |  192.168.66.115 | POST     /getResult
[2020-01-02 13:30:38] 自開彩開獎  {202001020811 5 38 true} 
ConfigData  map[ip:192.168.88.181 poolname:FA_MEM port:3306 charset:utf8 redisIp:192.168.88.119 redisPort:6379 user:fa_db password:1qaz!QAZ database:FA_MEM redisPassword:"" redisDB:3]
SqlString  SELECT RTP,Amount,Bonus  FROM M_RtpSetting  WHERE Sid = 1   AND State = 1   AND LTG_Code = 5 AND Gid = 38
sqlResult   map[count:0 state:0 result:]
[2020-01-02 13:30:38] rtpData ------->   map[result: count:0 state:0] 
[GIN] 2020/01/02 - 13:30:38 | 200 |     2.51732ms |  192.168.66.115 | POST     /getResult
[2020-01-02 13:30:38] 自開彩開獎  {202001020271 4 41 true} 
ConfigData  map[redisPort:6379 redisPassword:"" redisDB:3 user:fa_db password:1qaz!QAZ database:FA_MEM charset:utf8 redisIp:192.168.88.119 ip:192.168.88.181 poolname:FA_MEM port:3306]
SqlString  SELECT RTP,Amount,Bonus  FROM M_RtpSetting  WHERE Sid = 1   AND State = 1   AND LTG_Code = 4 AND Gid = 41
sqlResult   map[result: count:0 state:0]
[2020-01-02 13:30:38] rtpData ------->   map[state:0 result: count:0] 
[GIN] 2020/01/02 - 13:30:38 | 200 |    2.619575ms |  192.168.66.115 | POST     /getResult
[2020-01-02 13:30:41] 自開彩開獎  {202001020271 1 35 true} 
ConfigData  map[port:3306 password:1qaz!QAZ redisIp:192.168.88.119 redisPort:6379 redisPassword:"" redisDB:3 ip:192.168.88.181 user:fa_db database:FA_MEM charset:utf8 poolname:FA_MEM]
SqlString  SELECT RTP,Amount,Bonus  FROM M_RtpSetting  WHERE Sid = 1   AND State = 1   AND LTG_Code = 1 AND Gid = 35
sqlResult   map[result: count:0 state:0]
[2020-01-02 13:30:41] rtpData ------->   map[result: count:0 state:0] 
[GIN] 2020/01/02 - 13:30:41 | 200 |    2.546705ms |  192.168.66.115 | POST     /getResult
[2020-01-02 13:30:42] 自開彩開獎  {202001020811 6 36 true} 
ConfigData  map[ip:192.168.88.181 port:3306 user:fa_db charset:utf8 redisIp:192.168.88.119 redisPort:6379 redisPassword:"" redisDB:3 poolname:FA_MEM password:1qaz!QAZ database:FA_MEM]
SqlString  SELECT RTP,Amount,Bonus  FROM M_RtpSetting  WHERE Sid = 1   AND State = 1   AND LTG_Code = 6 AND Gid = 36
[2020-01-02 13:30:42] 自開彩開獎  {202001020271 6 37 true} 
ConfigData  map[redisDB:3 poolname:FA_MEM charset:utf8 redisPort:6379 redisPassword:"" database:FA_MEM redisIp:192.168.88.119 ip:192.168.88.181 port:3306 user:fa_db password:1qaz!QAZ]
SqlString  SELECT RTP,Amount,Bonus  FROM M_RtpSetting  WHERE Sid = 1   AND State = 1   AND LTG_Code = 6 AND Gid = 37
sqlResult   map[result: count:0 state:0]
[2020-01-02 13:30:42] rtpData ------->   map[state:0 result: count:0] 
sqlResult   map[result: count:0 state:0]
[2020-01-02 13:30:42] rtpData ------->   map[state:0 result: count:0] 
[GIN] 2020/01/02 - 13:30:42 | 200 |    2.104984ms |  192.168.66.115 | POST     /getResult
[GIN] 2020/01/02 - 13:30:42 | 200 |    2.252001ms |  192.168.66.115 | POST     /getResult
[2020-01-02 13:30:42] 自開彩開獎  {202001020163 5 39 true} 
ConfigData  map[poolname:FA_MEM user:fa_db password:1qaz!QAZ database:FA_MEM redisPassword:"" ip:192.168.88.181 port:3306 charset:utf8 redisIp:192.168.88.119 redisPort:6379 redisDB:3]
SqlString  SELECT RTP,Amount,Bonus  FROM M_RtpSetting  WHERE Sid = 1   AND State = 1   AND LTG_Code = 5 AND Gid = 39
sqlResult   map[state:0 result: count:0]
[2020-01-02 13:30:42] rtpData ------->   map[result: count:0 state:0] 
[GIN] 2020/01/02 - 13:30:42 | 200 |    2.681097ms |  192.168.66.115 | POST     /getResult
[2020-01-02 13:30:43] 自開彩開獎  {202001020811 4 40 true} 
ConfigData  map[redisPort:6379 database:FA_MEM poolname:FA_MEM port:3306 user:fa_db password:1qaz!QAZ charset:utf8 redisIp:192.168.88.119 redisPassword:"" ip:192.168.88.181 redisDB:3]
SqlString  SELECT RTP,Amount,Bonus  FROM M_RtpSetting  WHERE Sid = 1   AND State = 1   AND LTG_Code = 4 AND Gid = 40
sqlResult   map[result: count:0 state:0]
[2020-01-02 13:30:43] rtpData ------->   map[result: count:0 state:0] 
[GIN] 2020/01/02 - 13:30:43 | 200 |    2.867369ms |  192.168.66.115 | POST     /getResult
[2020-01-02 13:30:43] 自開彩開獎  {202001020811 1 34 true} 
ConfigData  map[ip:192.168.88.181 database:FA_MEM redisIp:192.168.88.119 redisPassword:"" poolname:FA_MEM port:3306 user:fa_db password:1qaz!QAZ charset:utf8 redisPort:6379 redisDB:3]
SqlString  SELECT RTP,Amount,Bonus  FROM M_RtpSetting  WHERE Sid = 1   AND State = 1   AND LTG_Code = 1 AND Gid = 34
sqlResult   map[result: count:0 state:0]
[2020-01-02 13:30:43] rtpData ------->   map[result: count:0 state:0] 
[GIN] 2020/01/02 - 13:30:43 | 200 |    2.241698ms |  192.168.66.115 | POST     /getResult
[2020-01-02 13:30:44] 自開彩開獎  {202001020811 5 38 true} 
ConfigData  map[redisPort:6379 poolname:FA_MEM charset:utf8 user:fa_db password:1qaz!QAZ database:FA_MEM redisIp:192.168.88.119 redisPassword:"" redisDB:3 ip:192.168.88.181 port:3306]
SqlString  SELECT RTP,Amount,Bonus  FROM M_RtpSetting  WHERE Sid = 1   AND State = 1   AND LTG_Code = 5 AND Gid = 38
sqlResult   map[count:0 state:0 result:]
[2020-01-02 13:30:44] rtpData ------->   map[result: count:0 state:0] 
[GIN] 2020/01/02 - 13:30:44 | 200 |    2.047394ms |  192.168.66.115 | POST     /getResult
[2020-01-02 13:30:44] 自開彩開獎  {202001020271 4 41 true} 
ConfigData  map[poolname:FA_MEM redisDB:3 user:fa_db password:1qaz!QAZ database:FA_MEM charset:utf8 redisIp:192.168.88.119 redisPort:6379 ip:192.168.88.181 port:3306 redisPassword:""]
SqlString  SELECT RTP,Amount,Bonus  FROM M_RtpSetting  WHERE Sid = 1   AND State = 1   AND LTG_Code = 4 AND Gid = 41
sqlResult   map[state:0 result: count:0]
[2020-01-02 13:30:44] rtpData ------->   map[result: count:0 state:0] 
[GIN] 2020/01/02 - 13:30:44 | 200 |    2.706843ms |  192.168.66.115 | POST     /getResult
[2020-01-02 13:30:47] 自開彩開獎  {202001020271 1 35 true} 
ConfigData  map[ip:192.168.88.181 poolname:FA_MEM port:3306 password:1qaz!QAZ charset:utf8 user:fa_db database:FA_MEM redisIp:192.168.88.119 redisPort:6379 redisPassword:"" redisDB:3]
SqlString  SELECT RTP,Amount,Bonus  FROM M_RtpSetting  WHERE Sid = 1   AND State = 1   AND LTG_Code = 1 AND Gid = 35
sqlResult   map[count:0 state:0 result:]
[2020-01-02 13:30:47] rtpData ------->   map[result: count:0 state:0] 
[GIN] 2020/01/02 - 13:30:47 | 200 |    2.228649ms |  192.168.66.115 | POST     /getResult
[2020-01-02 13:30:48] 自開彩開獎  {202001020811 6 36 true} 
ConfigData  map[redisDB:3 port:3306 password:1qaz!QAZ database:FA_MEM charset:utf8 redisPassword:"" ip:192.168.88.181 poolname:FA_MEM user:fa_db redisIp:192.168.88.119 redisPort:6379]
SqlString  SELECT RTP,Amount,Bonus  FROM M_RtpSetting  WHERE Sid = 1   AND State = 1   AND LTG_Code = 6 AND Gid = 36
sqlResult   map[result: count:0 state:0]
[2020-01-02 13:30:48] rtpData ------->   map[state:0 result: count:0] 
[GIN] 2020/01/02 - 13:30:48 | 200 |    2.506994ms |  192.168.66.115 | POST     /getResult
[2020-01-02 13:30:48] 自開彩開獎  {202001020271 6 37 true} 
ConfigData  map[user:fa_db password:1qaz!QAZ redisPort:6379 redisDB:3 port:3306 poolname:FA_MEM database:FA_MEM charset:utf8 redisIp:192.168.88.119 redisPassword:"" ip:192.168.88.181]
SqlString  SELECT RTP,Amount,Bonus  FROM M_RtpSetting  WHERE Sid = 1   AND State = 1   AND LTG_Code = 6 AND Gid = 37
sqlResult   map[result: count:0 state:0]
[2020-01-02 13:30:48] rtpData ------->   map[result: count:0 state:0] 
[GIN] 2020/01/02 - 13:30:48 | 200 |    1.592479ms |  192.168.66.115 | POST     /getResult
[2020-01-02 13:30:48] 自開彩開獎  {202001020163 5 39 true} 
ConfigData  map[redisDB:3 port:3306 charset:utf8 redisPort:6379 redisPassword:"" database:FA_MEM redisIp:192.168.88.119 ip:192.168.88.181 poolname:FA_MEM user:fa_db password:1qaz!QAZ]
SqlString  SELECT RTP,Amount,Bonus  FROM M_RtpSetting  WHERE Sid = 1   AND State = 1   AND LTG_Code = 5 AND Gid = 39
sqlResult   map[result: count:0 state:0]
[2020-01-02 13:30:48] rtpData ------->   map[count:0 state:0 result:] 
[GIN] 2020/01/02 - 13:30:48 | 200 |    2.306903ms |  192.168.66.115 | POST     /getResult
[2020-01-02 13:30:49] 自開彩開獎  {202001020811 4 40 true} 
ConfigData  map[redisIp:192.168.88.119 redisPort:6379 redisPassword:"" poolname:FA_MEM port:3306 password:1qaz!QAZ charset:utf8 redisDB:3 ip:192.168.88.181 user:fa_db database:FA_MEM]
SqlString  SELECT RTP,Amount,Bonus  FROM M_RtpSetting  WHERE Sid = 1   AND State = 1   AND LTG_Code = 4 AND Gid = 40
sqlResult   map[result: count:0 state:0]
[2020-01-02 13:30:49] rtpData ------->   map[state:0 result: count:0] 
[GIN] 2020/01/02 - 13:30:49 | 200 |    3.935659ms |  192.168.66.115 | POST     /getResult
[2020-01-02 13:30:49] 自開彩開獎  {202001020811 1 34 true} 
ConfigData  map[redisDB:3 ip:192.168.88.181 poolname:FA_MEM port:3306 charset:utf8 redisIp:192.168.88.119 user:fa_db password:1qaz!QAZ database:FA_MEM redisPort:6379 redisPassword:""]
SqlString  SELECT RTP,Amount,Bonus  FROM M_RtpSetting  WHERE Sid = 1   AND State = 1   AND LTG_Code = 1 AND Gid = 34
sqlResult   map[count:0 state:0 result:]
[2020-01-02 13:30:49] rtpData ------->   map[result: count:0 state:0] 
[GIN] 2020/01/02 - 13:30:49 | 200 |    2.321662ms |  192.168.66.115 | POST     /getResult
[2020-01-02 13:30:50] 自開彩開獎  {202001020811 5 38 true} 
ConfigData  map[user:fa_db password:1qaz!QAZ database:FA_MEM charset:utf8 redisPort:6379 poolname:FA_MEM port:3306 redisIp:192.168.88.119 redisPassword:"" redisDB:3 ip:192.168.88.181]
SqlString  SELECT RTP,Amount,Bonus  FROM M_RtpSetting  WHERE Sid = 1   AND State = 1   AND LTG_Code = 5 AND Gid = 38
sqlResult   map[result: count:0 state:0]
[2020-01-02 13:30:50] rtpData ------->   map[count:0 state:0 result:] 
[GIN] 2020/01/02 - 13:30:50 | 200 |    2.459424ms |  192.168.66.115 | POST     /getResult
[2020-01-02 13:30:50] 自開彩開獎  {202001020271 4 41 true} 
ConfigData  map[ip:192.168.88.181 poolname:FA_MEM port:3306 database:FA_MEM redisIp:192.168.88.119 redisDB:3 user:fa_db password:1qaz!QAZ charset:utf8 redisPort:6379 redisPassword:""]
SqlString  SELECT RTP,Amount,Bonus  FROM M_RtpSetting  WHERE Sid = 1   AND State = 1   AND LTG_Code = 4 AND Gid = 41
sqlResult   map[result: count:0 state:0]
[2020-01-02 13:30:50] rtpData ------->   map[count:0 state:0 result:] 
[GIN] 2020/01/02 - 13:30:50 | 200 |    2.377845ms |  192.168.66.115 | POST     /getResult
[2020-01-02 13:30:53] 自開彩開獎  {202001020271 1 35 true} 
ConfigData  map[port:3306 user:fa_db database:FA_MEM redisPassword:"" redisPort:6379 redisDB:3 ip:192.168.88.181 poolname:FA_MEM password:1qaz!QAZ charset:utf8 redisIp:192.168.88.119]
SqlString  SELECT RTP,Amount,Bonus  FROM M_RtpSetting  WHERE Sid = 1   AND State = 1   AND LTG_Code = 1 AND Gid = 35
sqlResult   map[result: count:0 state:0]
[2020-01-02 13:30:53] rtpData ------->   map[result: count:0 state:0] 
[GIN] 2020/01/02 - 13:30:53 | 200 |    2.732227ms |  192.168.66.115 | POST     /getResult
[2020-01-02 13:30:54] 自開彩開獎  {202001020811 6 36 true} 
ConfigData  map[redisPort:6379 redisDB:3 ip:192.168.88.181 poolname:FA_MEM user:fa_db database:FA_MEM charset:utf8 port:3306 password:1qaz!QAZ redisIp:192.168.88.119 redisPassword:""]
SqlString  SELECT RTP,Amount,Bonus  FROM M_RtpSetting  WHERE Sid = 1   AND State = 1   AND LTG_Code = 6 AND Gid = 36
sqlResult   map[result: count:0 state:0]
[2020-01-02 13:30:54] rtpData ------->   map[result: count:0 state:0] 
[GIN] 2020/01/02 - 13:30:54 | 200 |    2.180847ms |  192.168.66.115 | POST     /getResult
[2020-01-02 13:30:54] 自開彩開獎  {202001020271 6 37 true} 
ConfigData  map[user:fa_db password:1qaz!QAZ redisPort:6379 ip:192.168.88.181 poolname:FA_MEM charset:utf8 redisIp:192.168.88.119 redisPassword:"" redisDB:3 port:3306 database:FA_MEM]
SqlString  SELECT RTP,Amount,Bonus  FROM M_RtpSetting  WHERE Sid = 1   AND State = 1   AND LTG_Code = 6 AND Gid = 37
sqlResult   map[result: count:0 state:0]
[2020-01-02 13:30:54] rtpData ------->   map[result: count:0 state:0] 
[GIN] 2020/01/02 - 13:30:54 | 200 |    2.370908ms |  192.168.66.115 | POST     /getResult
[2020-01-02 13:30:54] 自開彩開獎  {202001020163 5 39 true} 
ConfigData  map[charset:utf8 redisPort:6379 ip:192.168.88.181 poolname:FA_MEM port:3306 user:fa_db password:1qaz!QAZ database:FA_MEM redisIp:192.168.88.119 redisPassword:"" redisDB:3]
SqlString  SELECT RTP,Amount,Bonus  FROM M_RtpSetting  WHERE Sid = 1   AND State = 1   AND LTG_Code = 5 AND Gid = 39
sqlResult   map[result: count:0 state:0]
[2020-01-02 13:30:54] rtpData ------->   map[state:0 result: count:0] 
[GIN] 2020/01/02 - 13:30:54 | 200 |    2.859358ms |  192.168.66.115 | POST     /getResult
[2020-01-02 13:30:55] 自開彩開獎  {202001020811 4 40 true} 
ConfigData  map[redisIp:192.168.88.119 redisDB:3 poolname:FA_MEM user:fa_db database:FA_MEM charset:utf8 redisPort:6379 redisPassword:"" ip:192.168.88.181 port:3306 password:1qaz!QAZ]
SqlString  SELECT RTP,Amount,Bonus  FROM M_RtpSetting  WHERE Sid = 1   AND State = 1   AND LTG_Code = 4 AND Gid = 40
sqlResult   map[result: count:0 state:0]
[2020-01-02 13:30:55] rtpData ------->   map[result: count:0 state:0] 
[GIN] 2020/01/02 - 13:30:55 | 200 |    2.817444ms |  192.168.66.115 | POST     /getResult
[2020-01-02 13:30:55] 自開彩開獎  {202001020811 1 34 true} 
ConfigData  map[database:FA_MEM charset:utf8 redisPort:6379 redisDB:3 ip:192.168.88.181 poolname:FA_MEM port:3306 password:1qaz!QAZ user:fa_db redisIp:192.168.88.119 redisPassword:""]
SqlString  SELECT RTP,Amount,Bonus  FROM M_RtpSetting  WHERE Sid = 1   AND State = 1   AND LTG_Code = 1 AND Gid = 34
sqlResult   map[count:0 state:0 result:]
[2020-01-02 13:30:55] rtpData ------->   map[count:0 state:0 result:] 
[GIN] 2020/01/02 - 13:30:55 | 200 |    2.490509ms |  192.168.66.115 | POST     /getResult
[2020-01-02 13:30:56] 自開彩開獎  {202001020811 5 38 true} 
ConfigData  map[password:1qaz!QAZ redisIp:192.168.88.119 redisPort:6379 poolname:FA_MEM port:3306 user:fa_db redisPassword:"" redisDB:3 ip:192.168.88.181 database:FA_MEM charset:utf8]
SqlString  SELECT RTP,Amount,Bonus  FROM M_RtpSetting  WHERE Sid = 1   AND State = 1   AND LTG_Code = 5 AND Gid = 38
sqlResult   map[result: count:0 state:0]
[2020-01-02 13:30:56] rtpData ------->   map[result: count:0 state:0] 
[GIN] 2020/01/02 - 13:30:56 | 200 |    2.510619ms |  192.168.66.115 | POST     /getResult
[2020-01-02 13:30:56] 自開彩開獎  {202001020271 4 41 true} 
ConfigData  map[port:3306 user:fa_db charset:utf8 redisPassword:"" ip:192.168.88.181 poolname:FA_MEM password:1qaz!QAZ database:FA_MEM redisIp:192.168.88.119 redisPort:6379 redisDB:3]
SqlString  SELECT RTP,Amount,Bonus  FROM M_RtpSetting  WHERE Sid = 1   AND State = 1   AND LTG_Code = 4 AND Gid = 41
sqlResult   map[count:0 state:0 result:]
[2020-01-02 13:30:56] rtpData ------->   map[result: count:0 state:0] 
[GIN] 2020/01/02 - 13:30:56 | 200 |    2.374748ms |  192.168.66.115 | POST     /getResult
[2020-01-02 13:30:59] 自開彩開獎  {202001020271 1 35 true} 
ConfigData  map[redisPort:6379 redisDB:3 ip:192.168.88.181 poolname:FA_MEM password:1qaz!QAZ charset:utf8 redisIp:192.168.88.119 redisPassword:"" port:3306 user:fa_db database:FA_MEM]
SqlString  SELECT RTP,Amount,Bonus  FROM M_RtpSetting  WHERE Sid = 1   AND State = 1   AND LTG_Code = 1 AND Gid = 35
sqlResult   map[count:0 state:0 result:]
[2020-01-02 13:30:59] rtpData ------->   map[result: count:0 state:0] 
[GIN] 2020/01/02 - 13:30:59 | 200 |    2.875315ms |  192.168.66.115 | POST     /getResult
[2020-01-02 13:31:00] 自開彩開獎  {202001020811 6 36 true} 
ConfigData  map[user:fa_db charset:utf8 redisPort:6379 redisPassword:"" ip:192.168.88.181 poolname:FA_MEM database:FA_MEM redisIp:192.168.88.119 redisDB:3 port:3306 password:1qaz!QAZ]
SqlString  SELECT RTP,Amount,Bonus  FROM M_RtpSetting  WHERE Sid = 1   AND State = 1   AND LTG_Code = 6 AND Gid = 36
[2020-01-02 13:31:00] 自開彩開獎  {202001020271 6 37 true} 
ConfigData  map[database:FA_MEM charset:utf8 redisPort:6379 redisPassword:"" redisDB:3 ip:192.168.88.181 poolname:FA_MEM password:1qaz!QAZ port:3306 user:fa_db redisIp:192.168.88.119]
SqlString  SELECT RTP,Amount,Bonus  FROM M_RtpSetting  WHERE Sid = 1   AND State = 1   AND LTG_Code = 6 AND Gid = 37
sqlResult   map[count:0 state:0 result:]
[2020-01-02 13:31:00] rtpData ------->   map[result: count:0 state:0] 
[GIN] 2020/01/02 - 13:31:00 | 200 |    3.177893ms |  192.168.66.115 | POST     /getResult
sqlResult   map[state:0 result: count:0]
[2020-01-02 13:31:00] rtpData ------->   map[result: count:0 state:0] 
[GIN] 2020/01/02 - 13:31:00 | 200 |    3.588526ms |  192.168.66.115 | POST     /getResult
[2020-01-02 13:31:00] 自開彩開獎  {202001020163 5 39 true} 
ConfigData  map[charset:utf8 ip:192.168.88.181 user:fa_db password:1qaz!QAZ database:FA_MEM redisIp:192.168.88.119 redisPort:6379 redisPassword:"" redisDB:3 poolname:FA_MEM port:3306]
SqlString  SELECT RTP,Amount,Bonus  FROM M_RtpSetting  WHERE Sid = 1   AND State = 1   AND LTG_Code = 5 AND Gid = 39
sqlResult   map[count:0 state:0 result:]
[2020-01-02 13:31:00] rtpData ------->   map[result: count:0 state:0] 
[GIN] 2020/01/02 - 13:31:00 | 200 |    2.686327ms |  192.168.66.115 | POST     /getResult
[2020-01-02 13:31:00] 自開彩開獎  {202001020812 2 26 true} 
ConfigData  map[poolname:FA_MEM user:fa_db charset:utf8 redisIp:192.168.88.119 redisPort:6379 ip:192.168.88.181 port:3306 password:1qaz!QAZ database:FA_MEM redisPassword:"" redisDB:3]
SqlString  SELECT RTP,Amount,Bonus  FROM M_RtpSetting  WHERE Sid = 1   AND State = 1   AND LTG_Code = 2 AND Gid = 26
sqlResult   map[result:0.9600 count:1 state:1 amount:1.0069588e+06 bonus:908100.71]
[2020-01-02 13:31:00] rtpData ------->   map[result:0.9600 count:1 state:1 amount:1.0069588e+06 bonus:908100.71] 
ConfigData  map[user:fa_db database:FA_MEM charset:utf8 redisPassword:"" poolname:FA_MEM port:3306 redisIp:192.168.88.119 redisPort:6379 redisDB:3 ip:192.168.88.181 password:1qaz!QAZ]
SELECT BO_No, BO_OrderNo , BO_User , BO_Issue  , BO_LotteryTypeGroup, BO_LotteryType, BO_Mode, BO_LotteryPlayGroup, BO_LotteryPlay , BO_LotteryContent, BO_Price, BO_RealPrice, BO_Unit, BO_Multiple , BO_BetCount  , BO_Winnings, BO_Winnings2, BO_Winnings3, BO_WinningLimit  , BO_Water , BO_BW_SourceUserId, BO_BW_BackWater, BO_BW_LimitBetCount, BO_BW_MaxAmount, BO_BW_AuditMultiple  , BO_Odds, BO_Odds2, BO_Odds3 , BO_Type, BO_Chase , BO_OpenResult, BO_OpenResult2, BO_DateDraw, BO_DateDraw2, BO_DateUpdate  FROM TS_BetOrder  WHERE BO_Cancel = 0   AND BO_CancelBackend = 0   AND BO_LotteryTypeGroup = 2 AND BO_LotteryType = 26 AND BO_Issue = 202001020812 AND BO_Collect = 0 ORDER BY BO_DateDraw ASC, BO_DateCreate ASC, BO_DateUpdate ASC, BO_No ASC ;
[2020-01-02 13:31:00] LottteryTypeGroup 2 
[2020-01-02 13:31:00] 有期號 但無注單 -------> map[amount:0 bonus:0 thisOpenResult:[5 5 2 6 2]] 
[GIN] 2020/01/02 - 13:31:00 | 200 |    4.875951ms |  192.168.66.115 | POST     /getResult
[2020-01-02 13:31:01] 自開彩開獎  {202001020811 4 40 true} 
ConfigData  map[user:fa_db charset:utf8 redisIp:192.168.88.119 redisPort:6379 redisDB:3 ip:192.168.88.181 poolname:FA_MEM port:3306 password:1qaz!QAZ database:FA_MEM redisPassword:""]
SqlString  SELECT RTP,Amount,Bonus  FROM M_RtpSetting  WHERE Sid = 1   AND State = 1   AND LTG_Code = 4 AND Gid = 40
sqlResult   map[state:0 result: count:0]
[2020-01-02 13:31:01] rtpData ------->   map[result: count:0 state:0] 
[GIN] 2020/01/02 - 13:31:01 | 200 |    3.673465ms |  192.168.66.115 | POST     /getResult
[2020-01-02 13:31:01] 自開彩開獎  {202001020811 1 34 true} 
ConfigData  map[ip:192.168.88.181 database:FA_MEM charset:utf8 redisIp:192.168.88.119 redisPassword:"" poolname:FA_MEM port:3306 user:fa_db password:1qaz!QAZ redisPort:6379 redisDB:3]
SqlString  SELECT RTP,Amount,Bonus  FROM M_RtpSetting  WHERE Sid = 1   AND State = 1   AND LTG_Code = 1 AND Gid = 34
sqlResult   map[result: count:0 state:0]
[2020-01-02 13:31:01] rtpData ------->   map[result: count:0 state:0] 
[GIN] 2020/01/02 - 13:31:01 | 200 |    2.398114ms |  192.168.66.115 | POST     /getResult
[2020-01-02 13:31:02] 自開彩開獎  {202001020811 5 38 true} 
ConfigData  map[database:FA_MEM redisIp:192.168.88.119 redisPassword:"" redisDB:3 port:3306 user:fa_db password:1qaz!QAZ redisPort:6379 ip:192.168.88.181 poolname:FA_MEM charset:utf8]
SqlString  SELECT RTP,Amount,Bonus  FROM M_RtpSetting  WHERE Sid = 1   AND State = 1   AND LTG_Code = 5 AND Gid = 38
sqlResult   map[result: count:0 state:0]
[2020-01-02 13:31:02] rtpData ------->   map[result: count:0 state:0] 
[GIN] 2020/01/02 - 13:31:02 | 200 |    2.648351ms |  192.168.66.115 | POST     /getResult
[2020-01-02 13:31:02] 自開彩開獎  {202001020271 4 41 true} 
ConfigData  map[password:1qaz!QAZ database:FA_MEM charset:utf8 redisIp:192.168.88.119 port:3306 user:fa_db redisPort:6379 redisPassword:"" redisDB:3 ip:192.168.88.181 poolname:FA_MEM]
SqlString  SELECT RTP,Amount,Bonus  FROM M_RtpSetting  WHERE Sid = 1   AND State = 1   AND LTG_Code = 4 AND Gid = 41
sqlResult   map[count:0 state:0 result:]
[2020-01-02 13:31:02] rtpData ------->   map[result: count:0 state:0] 
[GIN] 2020/01/02 - 13:31:02 | 200 |    2.147516ms |  192.168.66.115 | POST     /getResult
[2020-01-02 13:31:05] 自開彩開獎  {202001020271 1 35 true} 
ConfigData  map[user:fa_db password:1qaz!QAZ charset:utf8 redisIp:192.168.88.119 redisPort:6379 ip:192.168.88.181 poolname:FA_MEM port:3306 database:FA_MEM redisPassword:"" redisDB:3]
SqlString  SELECT RTP,Amount,Bonus  FROM M_RtpSetting  WHERE Sid = 1   AND State = 1   AND LTG_Code = 1 AND Gid = 35
sqlResult   map[result: count:0 state:0]
[2020-01-02 13:31:05] rtpData ------->   map[state:0 result: count:0] 
[GIN] 2020/01/02 - 13:31:05 | 200 |    2.788993ms |  192.168.66.115 | POST     /getResult
[2020-01-02 13:31:06] 自開彩開獎  {202001020812 6 36 true} 
ConfigData  map[user:fa_db password:1qaz!QAZ redisDB:3 redisIp:192.168.88.119 redisPort:6379 redisPassword:"" ip:192.168.88.181 poolname:FA_MEM port:3306 database:FA_MEM charset:utf8]
SqlString  SELECT RTP,Amount,Bonus  FROM M_RtpSetting  WHERE Sid = 1   AND State = 1   AND LTG_Code = 6 AND Gid = 36
sqlResult   map[result: count:0 state:0]
[2020-01-02 13:31:06] rtpData ------->   map[state:0 result: count:0] 
[GIN] 2020/01/02 - 13:31:06 | 200 |    2.935209ms |  192.168.66.115 | POST     /getResult
[2020-01-02 13:31:07] 自開彩開獎  {202001020812 4 40 true} 
ConfigData  map[poolname:FA_MEM user:fa_db redisIp:192.168.88.119 redisPassword:"" redisDB:3 ip:192.168.88.181 port:3306 password:1qaz!QAZ database:FA_MEM charset:utf8 redisPort:6379]
SqlString  SELECT RTP,Amount,Bonus  FROM M_RtpSetting  WHERE Sid = 1   AND State = 1   AND LTG_Code = 4 AND Gid = 40
sqlResult   map[result: count:0 state:0]
[2020-01-02 13:31:07] rtpData ------->   map[result: count:0 state:0] 
[GIN] 2020/01/02 - 13:31:07 | 200 |    2.740921ms |  192.168.66.115 | POST     /getResult
[2020-01-02 13:31:07] 自開彩開獎  {202001020812 1 34 true} 
ConfigData  map[ip:192.168.88.181 poolname:FA_MEM port:3306 user:fa_db redisIp:192.168.88.119 password:1qaz!QAZ database:FA_MEM charset:utf8 redisPort:6379 redisPassword:"" redisDB:3]
SqlString  SELECT RTP,Amount,Bonus  FROM M_RtpSetting  WHERE Sid = 1   AND State = 1   AND LTG_Code = 1 AND Gid = 34
sqlResult   map[result: count:0 state:0]
[2020-01-02 13:31:07] rtpData ------->   map[result: count:0 state:0] 
[GIN] 2020/01/02 - 13:31:07 | 200 |    2.653149ms |  192.168.66.115 | POST     /getResult
[2020-01-02 13:31:08] 自開彩開獎  {202001020812 5 38 true} 
ConfigData  map[redisIp:192.168.88.119 redisPort:6379 redisDB:3 poolname:FA_MEM user:fa_db password:1qaz!QAZ charset:utf8 redisPassword:"" ip:192.168.88.181 port:3306 database:FA_MEM]
SqlString  SELECT RTP,Amount,Bonus  FROM M_RtpSetting  WHERE Sid = 1   AND State = 1   AND LTG_Code = 5 AND Gid = 38
sqlResult   map[result: count:0 state:0]
[2020-01-02 13:31:08] rtpData ------->   map[result: count:0 state:0] 
[GIN] 2020/01/02 - 13:31:08 | 200 |     2.85553ms |  192.168.66.115 | POST     /getResult
[2020-01-02 13:31:08] 自開彩開獎  {202001020271 4 41 true} 
ConfigData  map[poolname:FA_MEM port:3306 user:fa_db password:1qaz!QAZ database:FA_MEM charset:utf8 redisPort:6379 ip:192.168.88.181 redisPassword:"" redisDB:3 redisIp:192.168.88.119]
SqlString  SELECT RTP,Amount,Bonus  FROM M_RtpSetting  WHERE Sid = 1   AND State = 1   AND LTG_Code = 4 AND Gid = 41
sqlResult   map[result: count:0 state:0]
[2020-01-02 13:31:08] rtpData ------->   map[result: count:0 state:0] 
[GIN] 2020/01/02 - 13:31:08 | 200 |    2.364979ms |  192.168.66.115 | POST     /getResult
[2020-01-02 13:31:11] 自開彩開獎  {202001020271 1 35 true} 
ConfigData  map[poolname:FA_MEM user:fa_db database:FA_MEM charset:utf8 redisDB:3 ip:192.168.88.181 port:3306 password:1qaz!QAZ redisIp:192.168.88.119 redisPort:6379 redisPassword:""]
SqlString  SELECT RTP,Amount,Bonus  FROM M_RtpSetting  WHERE Sid = 1   AND State = 1   AND LTG_Code = 1 AND Gid = 35
sqlResult   map[state:0 result: count:0]
[2020-01-02 13:31:11] rtpData ------->   map[count:0 state:0 result:] 
[GIN] 2020/01/02 - 13:31:11 | 200 |    3.036984ms |  192.168.66.115 | POST     /getResult
[2020-01-02 13:31:12] 自開彩開獎  {202001020812 6 36 true} 
ConfigData  map[redisDB:3 database:FA_MEM redisPort:6379 redisPassword:"" user:fa_db password:1qaz!QAZ charset:utf8 redisIp:192.168.88.119 ip:192.168.88.181 poolname:FA_MEM port:3306]
SqlString  SELECT RTP,Amount,Bonus  FROM M_RtpSetting  WHERE Sid = 1   AND State = 1   AND LTG_Code = 6 AND Gid = 36
sqlResult   map[result: count:0 state:0]
[2020-01-02 13:31:12] rtpData ------->   map[state:0 result: count:0] 
[GIN] 2020/01/02 - 13:31:12 | 200 |    3.144907ms |  192.168.66.115 | POST     /getResult
[2020-01-02 13:31:13] 自開彩開獎  {202001020812 4 40 true} 
ConfigData  map[charset:utf8 redisIp:192.168.88.119 redisPort:6379 ip:192.168.88.181 poolname:FA_MEM port:3306 user:fa_db password:1qaz!QAZ database:FA_MEM redisPassword:"" redisDB:3]
SqlString  SELECT RTP,Amount,Bonus  FROM M_RtpSetting  WHERE Sid = 1   AND State = 1   AND LTG_Code = 4 AND Gid = 40
sqlResult   map[count:0 state:0 result:]
[2020-01-02 13:31:13] rtpData ------->   map[result: count:0 state:0] 
[GIN] 2020/01/02 - 13:31:13 | 200 |    2.989199ms |  192.168.66.115 | POST     /getResult
[2020-01-02 13:31:13] 自開彩開獎  {202001020812 1 34 true} 
ConfigData  map[ip:192.168.88.181 user:fa_db database:FA_MEM redisDB:3 redisIp:192.168.88.119 redisPort:6379 redisPassword:"" poolname:FA_MEM port:3306 password:1qaz!QAZ charset:utf8]
SqlString  SELECT RTP,Amount,Bonus  FROM M_RtpSetting  WHERE Sid = 1   AND State = 1   AND LTG_Code = 1 AND Gid = 34
sqlResult   map[result: count:0 state:0]
[2020-01-02 13:31:13] rtpData ------->   map[state:0 result: count:0] 
[GIN] 2020/01/02 - 13:31:13 | 200 |    2.384043ms |  192.168.66.115 | POST     /getResult
[2020-01-02 13:31:14] 自開彩開獎  {202001020812 5 38 true} 
ConfigData  map[poolname:FA_MEM redisIp:192.168.88.119 redisPort:6379 redisDB:3 redisPassword:"" ip:192.168.88.181 port:3306 user:fa_db password:1qaz!QAZ database:FA_MEM charset:utf8]
SqlString  SELECT RTP,Amount,Bonus  FROM M_RtpSetting  WHERE Sid = 1   AND State = 1   AND LTG_Code = 5 AND Gid = 38
sqlResult   map[state:0 result: count:0]
[2020-01-02 13:31:14] rtpData ------->   map[result: count:0 state:0] 
[GIN] 2020/01/02 - 13:31:14 | 200 |    2.486945ms |  192.168.66.115 | POST     /getResult
[2020-01-02 13:31:14] 自開彩開獎  {202001020271 4 41 true} 
ConfigData  map[poolname:FA_MEM user:fa_db password:1qaz!QAZ charset:utf8 redisPassword:"" ip:192.168.88.181 port:3306 database:FA_MEM redisIp:192.168.88.119 redisPort:6379 redisDB:3]
SqlString  SELECT RTP,Amount,Bonus  FROM M_RtpSetting  WHERE Sid = 1   AND State = 1   AND LTG_Code = 4 AND Gid = 41
sqlResult   map[result: count:0 state:0]
[2020-01-02 13:31:14] rtpData ------->   map[count:0 state:0 result:] 
[GIN] 2020/01/02 - 13:31:14 | 200 |     2.74005ms |  192.168.66.115 | POST     /getResult
[2020-01-02 13:31:17] 自開彩開獎  {202001020271 1 35 true} 
ConfigData  map[password:1qaz!QAZ database:FA_MEM redisPassword:"" charset:utf8 redisIp:192.168.88.119 redisPort:6379 redisDB:3 ip:192.168.88.181 poolname:FA_MEM port:3306 user:fa_db]
SqlString  SELECT RTP,Amount,Bonus  FROM M_RtpSetting  WHERE Sid = 1   AND State = 1   AND LTG_Code = 1 AND Gid = 35
sqlResult   map[result: count:0 state:0]
[2020-01-02 13:31:17] rtpData ------->   map[result: count:0 state:0] 
[GIN] 2020/01/02 - 13:31:17 | 200 |    2.978493ms |  192.168.66.115 | POST     /getResult
[2020-01-02 13:31:18] 自開彩開獎  {202001020812 6 36 true} 
ConfigData  map[poolname:FA_MEM port:3306 password:1qaz!QAZ database:FA_MEM ip:192.168.88.181 charset:utf8 redisIp:192.168.88.119 redisPort:6379 redisPassword:"" redisDB:3 user:fa_db]
SqlString  SELECT RTP,Amount,Bonus  FROM M_RtpSetting  WHERE Sid = 1   AND State = 1   AND LTG_Code = 6 AND Gid = 36
sqlResult   map[result: count:0 state:0]
[2020-01-02 13:31:18] rtpData ------->   map[result: count:0 state:0] 
[GIN] 2020/01/02 - 13:31:18 | 200 |    2.421428ms |  192.168.66.115 | POST     /getResult
[2020-01-02 13:31:19] 自開彩開獎  {202001020812 4 40 true} 
ConfigData  map[ip:192.168.88.181 port:3306 charset:utf8 redisPassword:"" redisIp:192.168.88.119 redisPort:6379 redisDB:3 poolname:FA_MEM user:fa_db password:1qaz!QAZ database:FA_MEM]
SqlString  SELECT RTP,Amount,Bonus  FROM M_RtpSetting  WHERE Sid = 1   AND State = 1   AND LTG_Code = 4 AND Gid = 40
sqlResult   map[result: count:0 state:0]
[2020-01-02 13:31:19] rtpData ------->   map[result: count:0 state:0] 
[GIN] 2020/01/02 - 13:31:19 | 200 |    2.208167ms |  192.168.66.115 | POST     /getResult
[2020-01-02 13:31:19] 自開彩開獎  {202001020812 1 34 true} 
ConfigData  map[password:1qaz!QAZ database:FA_MEM charset:utf8 user:fa_db redisIp:192.168.88.119 redisPort:6379 redisPassword:"" redisDB:3 ip:192.168.88.181 poolname:FA_MEM port:3306]
SqlString  SELECT RTP,Amount,Bonus  FROM M_RtpSetting  WHERE Sid = 1   AND State = 1   AND LTG_Code = 1 AND Gid = 34
sqlResult   map[result: count:0 state:0]
[2020-01-02 13:31:19] rtpData ------->   map[result: count:0 state:0] 
[GIN] 2020/01/02 - 13:31:19 | 200 |    2.072291ms |  192.168.66.115 | POST     /getResult
[2020-01-02 13:31:20] 自開彩開獎  {202001020812 5 38 true} 
ConfigData  map[port:3306 redisIp:192.168.88.119 redisPassword:"" redisPort:6379 redisDB:3 ip:192.168.88.181 poolname:FA_MEM user:fa_db password:1qaz!QAZ database:FA_MEM charset:utf8]
SqlString  SELECT RTP,Amount,Bonus  FROM M_RtpSetting  WHERE Sid = 1   AND State = 1   AND LTG_Code = 5 AND Gid = 38
sqlResult   map[result: count:0 state:0]
[2020-01-02 13:31:20] rtpData ------->   map[state:0 result: count:0] 
[GIN] 2020/01/02 - 13:31:20 | 200 |     2.50758ms |  192.168.66.115 | POST     /getResult
[2020-01-02 13:31:20] 自開彩開獎  {202001020271 4 41 true} 
ConfigData  map[port:3306 database:FA_MEM redisPort:6379 charset:utf8 redisIp:192.168.88.119 redisPassword:"" redisDB:3 ip:192.168.88.181 poolname:FA_MEM user:fa_db password:1qaz!QAZ]
SqlString  SELECT RTP,Amount,Bonus  FROM M_RtpSetting  WHERE Sid = 1   AND State = 1   AND LTG_Code = 4 AND Gid = 41
sqlResult   map[state:0 result: count:0]
[2020-01-02 13:31:20] rtpData ------->   map[result: count:0 state:0] 
[GIN] 2020/01/02 - 13:31:20 | 200 |    2.246384ms |  192.168.66.115 | POST     /getResult
[2020-01-02 13:31:23] 自開彩開獎  {202001020271 1 35 true} 
ConfigData  map[ip:192.168.88.181 user:fa_db database:FA_MEM charset:utf8 redisIp:192.168.88.119 redisPassword:"" redisDB:3 poolname:FA_MEM port:3306 password:1qaz!QAZ redisPort:6379]
SqlString  SELECT RTP,Amount,Bonus  FROM M_RtpSetting  WHERE Sid = 1   AND State = 1   AND LTG_Code = 1 AND Gid = 35
sqlResult   map[result: count:0 state:0]
[2020-01-02 13:31:23] rtpData ------->   map[state:0 result: count:0] 
[GIN] 2020/01/02 - 13:31:23 | 200 |    2.825889ms |  192.168.66.115 | POST     /getResult
[2020-01-02 13:31:24] 自開彩開獎  {202001020812 6 36 true} 
ConfigData  map[ip:192.168.88.181 password:1qaz!QAZ database:FA_MEM redisIp:192.168.88.119 redisPassword:"" redisDB:3 poolname:FA_MEM port:3306 user:fa_db charset:utf8 redisPort:6379]
SqlString  SELECT RTP,Amount,Bonus  FROM M_RtpSetting  WHERE Sid = 1   AND State = 1   AND LTG_Code = 6 AND Gid = 36
sqlResult   map[result: count:0 state:0]
[2020-01-02 13:31:24] rtpData ------->   map[result: count:0 state:0] 
[GIN] 2020/01/02 - 13:31:24 | 200 |    2.146105ms |  192.168.66.115 | POST     /getResult
[2020-01-02 13:31:25] 自開彩開獎  {202001020812 4 40 true} 
ConfigData  map[redisDB:3 poolname:FA_MEM port:3306 user:fa_db password:1qaz!QAZ database:FA_MEM charset:utf8 redisPassword:"" ip:192.168.88.181 redisIp:192.168.88.119 redisPort:6379]
SqlString  SELECT RTP,Amount,Bonus  FROM M_RtpSetting  WHERE Sid = 1   AND State = 1   AND LTG_Code = 4 AND Gid = 40
sqlResult   map[result: count:0 state:0]
[2020-01-02 13:31:25] rtpData ------->   map[state:0 result: count:0] 
[GIN] 2020/01/02 - 13:31:25 | 200 |     8.77166ms |  192.168.66.115 | POST     /getResult
[2020-01-02 13:31:25] 自開彩開獎  {202001020812 1 34 true} 
ConfigData  map[redisIp:192.168.88.119 redisDB:3 ip:192.168.88.181 password:1qaz!QAZ database:FA_MEM charset:utf8 redisPassword:"" poolname:FA_MEM port:3306 user:fa_db redisPort:6379]
SqlString  SELECT RTP,Amount,Bonus  FROM M_RtpSetting  WHERE Sid = 1   AND State = 1   AND LTG_Code = 1 AND Gid = 34
sqlResult   map[count:0 state:0 result:]
[2020-01-02 13:31:25] rtpData ------->   map[state:0 result: count:0] 
[GIN] 2020/01/02 - 13:31:25 | 200 |    2.808266ms |  192.168.66.115 | POST     /getResult
[2020-01-02 13:31:26] 自開彩開獎  {202001020812 5 38 true} 
ConfigData  map[ip:192.168.88.181 poolname:FA_MEM user:fa_db password:1qaz!QAZ charset:utf8 redisDB:3 port:3306 database:FA_MEM redisIp:192.168.88.119 redisPort:6379 redisPassword:""]
SqlString  SELECT RTP,Amount,Bonus  FROM M_RtpSetting  WHERE Sid = 1   AND State = 1   AND LTG_Code = 5 AND Gid = 38
sqlResult   map[state:0 result: count:0]
[2020-01-02 13:31:26] rtpData ------->   map[result: count:0 state:0] 
[GIN] 2020/01/02 - 13:31:26 | 200 |    2.919333ms |  192.168.66.115 | POST     /getResult
[2020-01-02 13:31:26] 自開彩開獎  {202001020271 4 41 true} 
ConfigData  map[ip:192.168.88.181 user:fa_db password:1qaz!QAZ database:FA_MEM charset:utf8 redisPort:6379 poolname:FA_MEM port:3306 redisIp:192.168.88.119 redisPassword:"" redisDB:3]
SqlString  SELECT RTP,Amount,Bonus  FROM M_RtpSetting  WHERE Sid = 1   AND State = 1   AND LTG_Code = 4 AND Gid = 41
sqlResult   map[count:0 state:0 result:]
[2020-01-02 13:31:26] rtpData ------->   map[result: count:0 state:0] 
[GIN] 2020/01/02 - 13:31:26 | 200 |    2.036167ms |  192.168.66.115 | POST     /getResult
[2020-01-02 13:31:29] 自開彩開獎  {202001020271 1 35 true} 
ConfigData  map[charset:utf8 redisIp:192.168.88.119 redisPassword:"" ip:192.168.88.181 poolname:FA_MEM user:fa_db password:1qaz!QAZ database:FA_MEM redisDB:3 port:3306 redisPort:6379]
SqlString  SELECT RTP,Amount,Bonus  FROM M_RtpSetting  WHERE Sid = 1   AND State = 1   AND LTG_Code = 1 AND Gid = 35
sqlResult   map[result: count:0 state:0]
[2020-01-02 13:31:29] rtpData ------->   map[result: count:0 state:0] 
[GIN] 2020/01/02 - 13:31:29 | 200 |    2.310974ms |  192.168.66.115 | POST     /getResult
[2020-01-02 13:31:30] 自開彩開獎  {202001020812 6 36 true} 
ConfigData  map[poolname:FA_MEM charset:utf8 redisIp:192.168.88.119 password:1qaz!QAZ database:FA_MEM redisPort:6379 redisPassword:"" redisDB:3 ip:192.168.88.181 port:3306 user:fa_db]
SqlString  SELECT RTP,Amount,Bonus  FROM M_RtpSetting  WHERE Sid = 1   AND State = 1   AND LTG_Code = 6 AND Gid = 36
sqlResult   map[result: count:0 state:0]
[2020-01-02 13:31:30] rtpData ------->   map[count:0 state:0 result:] 
[GIN] 2020/01/02 - 13:31:30 | 200 |    2.543373ms |  192.168.66.115 | POST     /getResult
[2020-01-02 13:31:31] 自開彩開獎  {202001020812 4 40 true} 
ConfigData  map[password:1qaz!QAZ charset:utf8 database:FA_MEM redisIp:192.168.88.119 redisPort:6379 redisPassword:"" ip:192.168.88.181 poolname:FA_MEM port:3306 user:fa_db redisDB:3]
SqlString  SELECT RTP,Amount,Bonus  FROM M_RtpSetting  WHERE Sid = 1   AND State = 1   AND LTG_Code = 4 AND Gid = 40
sqlResult   map[result: count:0 state:0]
[2020-01-02 13:31:31] rtpData ------->   map[state:0 result: count:0] 
[GIN] 2020/01/02 - 13:31:31 | 200 |    3.047564ms |  192.168.66.115 | POST     /getResult
[2020-01-02 13:31:31] 自開彩開獎  {202001020812 1 34 true} 
ConfigData  map[ip:192.168.88.181 port:3306 password:1qaz!QAZ database:FA_MEM redisDB:3 redisPassword:"" poolname:FA_MEM user:fa_db charset:utf8 redisIp:192.168.88.119 redisPort:6379]
SqlString  SELECT RTP,Amount,Bonus  FROM M_RtpSetting  WHERE Sid = 1   AND State = 1   AND LTG_Code = 1 AND Gid = 34
sqlResult   map[result: count:0 state:0]
[2020-01-02 13:31:31] rtpData ------->   map[result: count:0 state:0] 
[GIN] 2020/01/02 - 13:31:31 | 200 |    2.409281ms |  192.168.66.115 | POST     /getResult
[2020-01-02 13:31:32] 自開彩開獎  {202001020812 5 38 true} 
ConfigData  map[redisIp:192.168.88.119 redisPassword:"" poolname:FA_MEM port:3306 password:1qaz!QAZ charset:utf8 redisDB:3 ip:192.168.88.181 user:fa_db database:FA_MEM redisPort:6379]
SqlString  SELECT RTP,Amount,Bonus  FROM M_RtpSetting  WHERE Sid = 1   AND State = 1   AND LTG_Code = 5 AND Gid = 38
sqlResult   map[result: count:0 state:0]
[2020-01-02 13:31:32] rtpData ------->   map[result: count:0 state:0] 
[GIN] 2020/01/02 - 13:31:32 | 200 |    2.875972ms |  192.168.66.115 | POST     /getResult
[2020-01-02 13:31:32] 自開彩開獎  {202001020271 4 41 true} 
ConfigData  map[ip:192.168.88.181 poolname:FA_MEM database:FA_MEM redisIp:192.168.88.119 redisPort:6379 redisDB:3 port:3306 user:fa_db password:1qaz!QAZ charset:utf8 redisPassword:""]
SqlString  SELECT RTP,Amount,Bonus  FROM M_RtpSetting  WHERE Sid = 1   AND State = 1   AND LTG_Code = 4 AND Gid = 41
sqlResult   map[result: count:0 state:0]
[2020-01-02 13:31:32] rtpData ------->   map[result: count:0 state:0] 
[GIN] 2020/01/02 - 13:31:32 | 200 |    2.653456ms |  192.168.66.115 | POST     /getResult
[2020-01-02 13:31:35] 自開彩開獎  {202001020271 1 35 true} 
ConfigData  map[poolname:FA_MEM port:3306 user:fa_db database:FA_MEM charset:utf8 redisPassword:"" redisDB:3 ip:192.168.88.181 password:1qaz!QAZ redisIp:192.168.88.119 redisPort:6379]
SqlString  SELECT RTP,Amount,Bonus  FROM M_RtpSetting  WHERE Sid = 1   AND State = 1   AND LTG_Code = 1 AND Gid = 35
sqlResult   map[result: count:0 state:0]
[2020-01-02 13:31:35] rtpData ------->   map[result: count:0 state:0] 
[GIN] 2020/01/02 - 13:31:35 | 200 |    2.699517ms |  192.168.66.115 | POST     /getResult
[2020-01-02 13:31:36] 自開彩開獎  {202001020812 6 36 true} 
ConfigData  map[poolname:FA_MEM redisIp:192.168.88.119 password:1qaz!QAZ database:FA_MEM charset:utf8 redisPort:6379 redisPassword:"" ip:192.168.88.181 port:3306 user:fa_db redisDB:3]
SqlString  SELECT RTP,Amount,Bonus  FROM M_RtpSetting  WHERE Sid = 1   AND State = 1   AND LTG_Code = 6 AND Gid = 36
sqlResult   map[result: count:0 state:0]
[2020-01-02 13:31:36] rtpData ------->   map[result: count:0 state:0] 
[GIN] 2020/01/02 - 13:31:36 | 200 |    2.073047ms |  192.168.66.115 | POST     /getResult
[2020-01-02 13:31:37] 自開彩開獎  {202001020812 4 40 true} 
ConfigData  map[port:3306 password:1qaz!QAZ charset:utf8 redisPassword:"" ip:192.168.88.181 poolname:FA_MEM user:fa_db database:FA_MEM redisIp:192.168.88.119 redisPort:6379 redisDB:3]
SqlString  SELECT RTP,Amount,Bonus  FROM M_RtpSetting  WHERE Sid = 1   AND State = 1   AND LTG_Code = 4 AND Gid = 40
sqlResult   map[result: count:0 state:0]
[2020-01-02 13:31:37] rtpData ------->   map[result: count:0 state:0] 
[GIN] 2020/01/02 - 13:31:37 | 200 |    2.216045ms |  192.168.66.115 | POST     /getResult
[2020-01-02 13:31:37] 自開彩開獎  {202001020812 1 34 true} 
ConfigData  map[poolname:FA_MEM port:3306 user:fa_db password:1qaz!QAZ database:FA_MEM redisPassword:"" redisDB:3 ip:192.168.88.181 charset:utf8 redisIp:192.168.88.119 redisPort:6379]
SqlString  SELECT RTP,Amount,Bonus  FROM M_RtpSetting  WHERE Sid = 1   AND State = 1   AND LTG_Code = 1 AND Gid = 34
sqlResult   map[result: count:0 state:0]
[2020-01-02 13:31:37] rtpData ------->   map[result: count:0 state:0] 
[GIN] 2020/01/02 - 13:31:37 | 200 |    2.431206ms |  192.168.66.115 | POST     /getResult
[2020-01-02 13:31:38] 自開彩開獎  {202001020812 5 38 true} 
ConfigData  map[user:fa_db password:1qaz!QAZ redisIp:192.168.88.119 redisPort:6379 ip:192.168.88.181 poolname:FA_MEM port:3306 database:FA_MEM charset:utf8 redisPassword:"" redisDB:3]
SqlString  SELECT RTP,Amount,Bonus  FROM M_RtpSetting  WHERE Sid = 1   AND State = 1   AND LTG_Code = 5 AND Gid = 38
sqlResult   map[result: count:0 state:0]
[2020-01-02 13:31:38] rtpData ------->   map[result: count:0 state:0] 
[GIN] 2020/01/02 - 13:31:38 | 200 |     2.15823ms |  192.168.66.115 | POST     /getResult
[2020-01-02 13:31:38] 自開彩開獎  {202001020271 4 41 true} 
ConfigData  map[port:3306 redisPort:6379 redisPassword:"" database:FA_MEM charset:utf8 redisIp:192.168.88.119 redisDB:3 ip:192.168.88.181 poolname:FA_MEM user:fa_db password:1qaz!QAZ]
SqlString  SELECT RTP,Amount,Bonus  FROM M_RtpSetting  WHERE Sid = 1   AND State = 1   AND LTG_Code = 4 AND Gid = 41
sqlResult   map[result: count:0 state:0]
[2020-01-02 13:31:38] rtpData ------->   map[result: count:0 state:0] 
[GIN] 2020/01/02 - 13:31:38 | 200 |    2.630278ms |  192.168.66.115 | POST     /getResult
[2020-01-02 13:31:41] 自開彩開獎  {202001020271 1 35 true} 
ConfigData  map[port:3306 user:fa_db password:1qaz!QAZ database:FA_MEM charset:utf8 redisPort:6379 ip:192.168.88.181 redisIp:192.168.88.119 redisPassword:"" redisDB:3 poolname:FA_MEM]
SqlString  SELECT RTP,Amount,Bonus  FROM M_RtpSetting  WHERE Sid = 1   AND State = 1   AND LTG_Code = 1 AND Gid = 35
sqlResult   map[state:0 result: count:0]
[2020-01-02 13:31:41] rtpData ------->   map[state:0 result: count:0] 
[GIN] 2020/01/02 - 13:31:41 | 200 |    2.640277ms |  192.168.66.115 | POST     /getResult
[2020-01-02 13:31:42] 自開彩開獎  {202001020812 6 36 true} 
ConfigData  map[port:3306 user:fa_db charset:utf8 redisIp:192.168.88.119 ip:192.168.88.181 poolname:FA_MEM redisPort:6379 redisPassword:"" redisDB:3 password:1qaz!QAZ database:FA_MEM]
SqlString  SELECT RTP,Amount,Bonus  FROM M_RtpSetting  WHERE Sid = 1   AND State = 1   AND LTG_Code = 6 AND Gid = 36
sqlResult   map[result: count:0 state:0]
[2020-01-02 13:31:42] rtpData ------->   map[result: count:0 state:0] 
[GIN] 2020/01/02 - 13:31:42 | 200 |    2.421426ms |  192.168.66.115 | POST     /getResult
[2020-01-02 13:31:43] 自開彩開獎  {202001020812 4 40 true} 
ConfigData  map[ip:192.168.88.181 poolname:FA_MEM port:3306 user:fa_db redisDB:3 password:1qaz!QAZ database:FA_MEM charset:utf8 redisIp:192.168.88.119 redisPort:6379 redisPassword:""]
SqlString  SELECT RTP,Amount,Bonus  FROM M_RtpSetting  WHERE Sid = 1   AND State = 1   AND LTG_Code = 4 AND Gid = 40
sqlResult   map[state:0 result: count:0]
[2020-01-02 13:31:43] rtpData ------->   map[count:0 state:0 result:] 
[GIN] 2020/01/02 - 13:31:43 | 200 |    2.129315ms |  192.168.66.115 | POST     /getResult
[2020-01-02 13:31:43] 自開彩開獎  {202001020812 1 34 true} 
ConfigData  map[redisPort:6379 redisPassword:"" ip:192.168.88.181 port:3306 user:fa_db password:1qaz!QAZ charset:utf8 redisIp:192.168.88.119 poolname:FA_MEM database:FA_MEM redisDB:3]
SqlString  SELECT RTP,Amount,Bonus  FROM M_RtpSetting  WHERE Sid = 1   AND State = 1   AND LTG_Code = 1 AND Gid = 34
sqlResult   map[count:0 state:0 result:]
[2020-01-02 13:31:43] rtpData ------->   map[result: count:0 state:0] 
[GIN] 2020/01/02 - 13:31:43 | 200 |    2.056915ms |  192.168.66.115 | POST     /getResult
[2020-01-02 13:31:44] 自開彩開獎  {202001020812 5 38 true} 
ConfigData  map[database:FA_MEM redisIp:192.168.88.119 redisPort:6379 redisDB:3 port:3306 user:fa_db password:1qaz!QAZ charset:utf8 redisPassword:"" ip:192.168.88.181 poolname:FA_MEM]
SqlString  SELECT RTP,Amount,Bonus  FROM M_RtpSetting  WHERE Sid = 1   AND State = 1   AND LTG_Code = 5 AND Gid = 38
sqlResult   map[result: count:0 state:0]
[2020-01-02 13:31:44] rtpData ------->   map[result: count:0 state:0] 
[GIN] 2020/01/02 - 13:31:44 | 200 |    3.258337ms |  192.168.66.115 | POST     /getResult
[2020-01-02 13:31:44] 自開彩開獎  {202001020271 4 41 true} 
ConfigData  map[password:1qaz!QAZ charset:utf8 redisIp:192.168.88.119 redisDB:3 poolname:FA_MEM port:3306 user:fa_db database:FA_MEM redisPort:6379 redisPassword:"" ip:192.168.88.181]
SqlString  SELECT RTP,Amount,Bonus  FROM M_RtpSetting  WHERE Sid = 1   AND State = 1   AND LTG_Code = 4 AND Gid = 41
sqlResult   map[result: count:0 state:0]
[2020-01-02 13:31:44] rtpData ------->   map[result: count:0 state:0] 
[GIN] 2020/01/02 - 13:31:44 | 200 |    2.875021ms |  192.168.66.115 | POST     /getResult
[2020-01-02 13:31:47] 自開彩開獎  {202001020271 1 35 true} 
ConfigData  map[ip:192.168.88.181 poolname:FA_MEM password:1qaz!QAZ redisDB:3 redisIp:192.168.88.119 redisPort:6379 redisPassword:"" port:3306 user:fa_db database:FA_MEM charset:utf8]
SqlString  SELECT RTP,Amount,Bonus  FROM M_RtpSetting  WHERE Sid = 1   AND State = 1   AND LTG_Code = 1 AND Gid = 35
sqlResult   map[result: count:0 state:0]
[2020-01-02 13:31:47] rtpData ------->   map[result: count:0 state:0] 
[GIN] 2020/01/02 - 13:31:47 | 200 |    2.609785ms |  192.168.66.115 | POST     /getResult
[2020-01-02 13:31:48] 自開彩開獎  {202001020812 6 36 true} 
ConfigData  map[password:1qaz!QAZ database:FA_MEM redisIp:192.168.88.119 port:3306 user:fa_db charset:utf8 redisPort:6379 redisPassword:"" redisDB:3 ip:192.168.88.181 poolname:FA_MEM]
SqlString  SELECT RTP,Amount,Bonus  FROM M_RtpSetting  WHERE Sid = 1   AND State = 1   AND LTG_Code = 6 AND Gid = 36
sqlResult   map[count:0 state:0 result:]
[2020-01-02 13:31:48] rtpData ------->   map[result: count:0 state:0] 
[GIN] 2020/01/02 - 13:31:48 | 200 |    2.450344ms |  192.168.66.115 | POST     /getResult
[2020-01-02 13:31:49] 自開彩開獎  {202001020812 4 40 true} 
ConfigData  map[user:fa_db database:FA_MEM redisIp:192.168.88.119 redisPort:6379 redisDB:3 ip:192.168.88.181 poolname:FA_MEM port:3306 password:1qaz!QAZ charset:utf8 redisPassword:""]
SqlString  SELECT RTP,Amount,Bonus  FROM M_RtpSetting  WHERE Sid = 1   AND State = 1   AND LTG_Code = 4 AND Gid = 40
sqlResult   map[result: count:0 state:0]
[2020-01-02 13:31:49] rtpData ------->   map[state:0 result: count:0] 
[GIN] 2020/01/02 - 13:31:49 | 200 |    2.348403ms |  192.168.66.115 | POST     /getResult
[2020-01-02 13:31:49] 自開彩開獎  {202001020812 1 34 true} 
ConfigData  map[ip:192.168.88.181 database:FA_MEM redisIp:192.168.88.119 redisDB:3 redisPort:6379 redisPassword:"" poolname:FA_MEM port:3306 user:fa_db password:1qaz!QAZ charset:utf8]
SqlString  SELECT RTP,Amount,Bonus  FROM M_RtpSetting  WHERE Sid = 1   AND State = 1   AND LTG_Code = 1 AND Gid = 34
sqlResult   map[state:0 result: count:0]
[2020-01-02 13:31:49] rtpData ------->   map[result: count:0 state:0] 
[GIN] 2020/01/02 - 13:31:49 | 200 |    2.499922ms |  192.168.66.115 | POST     /getResult
[2020-01-02 13:31:50] 自開彩開獎  {202001020812 5 38 true} 
ConfigData  map[redisPort:6379 redisPassword:"" redisDB:3 poolname:FA_MEM user:fa_db charset:utf8 database:FA_MEM redisIp:192.168.88.119 ip:192.168.88.181 port:3306 password:1qaz!QAZ]
SqlString  SELECT RTP,Amount,Bonus  FROM M_RtpSetting  WHERE Sid = 1   AND State = 1   AND LTG_Code = 5 AND Gid = 38
sqlResult   map[result: count:0 state:0]
[2020-01-02 13:31:50] rtpData ------->   map[count:0 state:0 result:] 
[GIN] 2020/01/02 - 13:31:50 | 200 |    2.548852ms |  192.168.66.115 | POST     /getResult
[2020-01-02 13:31:50] 自開彩開獎  {202001020271 4 41 true} 
ConfigData  map[port:3306 password:1qaz!QAZ database:FA_MEM redisPassword:"" redisPort:6379 redisDB:3 ip:192.168.88.181 poolname:FA_MEM user:fa_db charset:utf8 redisIp:192.168.88.119]
SqlString  SELECT RTP,Amount,Bonus  FROM M_RtpSetting  WHERE Sid = 1   AND State = 1   AND LTG_Code = 4 AND Gid = 41
sqlResult   map[count:0 state:0 result:]
[2020-01-02 13:31:50] rtpData ------->   map[result: count:0 state:0] 
[GIN] 2020/01/02 - 13:31:50 | 200 |    2.601511ms |  192.168.66.115 | POST     /getResult
[2020-01-02 13:31:53] 自開彩開獎  {202001020271 1 35 true} 
ConfigData  map[redisPassword:"" ip:192.168.88.181 poolname:FA_MEM port:3306 password:1qaz!QAZ charset:utf8 redisIp:192.168.88.119 redisPort:6379 user:fa_db database:FA_MEM redisDB:3]
SqlString  SELECT RTP,Amount,Bonus  FROM M_RtpSetting  WHERE Sid = 1   AND State = 1   AND LTG_Code = 1 AND Gid = 35
sqlResult   map[result: count:0 state:0]
[2020-01-02 13:31:53] rtpData ------->   map[count:0 state:0 result:] 
[GIN] 2020/01/02 - 13:31:53 | 200 |     3.06676ms |  192.168.66.115 | POST     /getResult
[2020-01-02 13:31:54] 自開彩開獎  {202001020812 6 36 true} 
ConfigData  map[port:3306 user:fa_db redisPassword:"" redisDB:3 redisPort:6379 ip:192.168.88.181 poolname:FA_MEM password:1qaz!QAZ database:FA_MEM charset:utf8 redisIp:192.168.88.119]
SqlString  SELECT RTP,Amount,Bonus  FROM M_RtpSetting  WHERE Sid = 1   AND State = 1   AND LTG_Code = 6 AND Gid = 36
sqlResult   map[count:0 state:0 result:]
[2020-01-02 13:31:54] rtpData ------->   map[result: count:0 state:0] 
[GIN] 2020/01/02 - 13:31:54 | 200 |    3.073645ms |  192.168.66.115 | POST     /getResult
[2020-01-02 13:31:55] 自開彩開獎  {202001020812 4 40 true} 
ConfigData  map[user:fa_db charset:utf8 redisPort:6379 redisPassword:"" redisDB:3 ip:192.168.88.181 poolname:FA_MEM port:3306 password:1qaz!QAZ database:FA_MEM redisIp:192.168.88.119]
SqlString  SELECT RTP,Amount,Bonus  FROM M_RtpSetting  WHERE Sid = 1   AND State = 1   AND LTG_Code = 4 AND Gid = 40
sqlResult   map[result: count:0 state:0]
[2020-01-02 13:31:55] rtpData ------->   map[result: count:0 state:0] 
[GIN] 2020/01/02 - 13:31:55 | 200 |    2.049924ms |  192.168.66.115 | POST     /getResult
[2020-01-02 13:31:55] 自開彩開獎  {202001020812 1 34 true} 
ConfigData  map[port:3306 user:fa_db password:1qaz!QAZ charset:utf8 redisPort:6379 redisPassword:"" ip:192.168.88.181 poolname:FA_MEM database:FA_MEM redisIp:192.168.88.119 redisDB:3]
SqlString  SELECT RTP,Amount,Bonus  FROM M_RtpSetting  WHERE Sid = 1   AND State = 1   AND LTG_Code = 1 AND Gid = 34
sqlResult   map[result: count:0 state:0]
[2020-01-02 13:31:55] rtpData ------->   map[result: count:0 state:0] 
[GIN] 2020/01/02 - 13:31:55 | 200 |    3.596031ms |  192.168.66.115 | POST     /getResult
[2020-01-02 13:31:56] 自開彩開獎  {202001020812 5 38 true} 
ConfigData  map[user:fa_db database:FA_MEM charset:utf8 redisPort:6379 redisPassword:"" redisDB:3 ip:192.168.88.181 poolname:FA_MEM port:3306 password:1qaz!QAZ redisIp:192.168.88.119]
SqlString  SELECT RTP,Amount,Bonus  FROM M_RtpSetting  WHERE Sid = 1   AND State = 1   AND LTG_Code = 5 AND Gid = 38
sqlResult   map[result: count:0 state:0]
[2020-01-02 13:31:56] rtpData ------->   map[result: count:0 state:0] 
[GIN] 2020/01/02 - 13:31:56 | 200 |    2.559556ms |  192.168.66.115 | POST     /getResult
[2020-01-02 13:31:56] 自開彩開獎  {202001020271 4 41 true} 
ConfigData  map[charset:utf8 poolname:FA_MEM port:3306 user:fa_db database:FA_MEM redisPassword:"" redisDB:3 ip:192.168.88.181 password:1qaz!QAZ redisIp:192.168.88.119 redisPort:6379]
SqlString  SELECT RTP,Amount,Bonus  FROM M_RtpSetting  WHERE Sid = 1   AND State = 1   AND LTG_Code = 4 AND Gid = 41
sqlResult   map[result: count:0 state:0]
[2020-01-02 13:31:56] rtpData ------->   map[result: count:0 state:0] 
[GIN] 2020/01/02 - 13:31:56 | 200 |    3.437783ms |  192.168.66.115 | POST     /getResult
[2020-01-02 13:31:59] 自開彩開獎  {202001020271 1 35 true} 
ConfigData  map[port:3306 user:fa_db database:FA_MEM redisPort:6379 redisPassword:"" redisDB:3 ip:192.168.88.181 poolname:FA_MEM password:1qaz!QAZ charset:utf8 redisIp:192.168.88.119]
SqlString  SELECT RTP,Amount,Bonus  FROM M_RtpSetting  WHERE Sid = 1   AND State = 1   AND LTG_Code = 1 AND Gid = 35
sqlResult   map[count:0 state:0 result:]
[2020-01-02 13:31:59] rtpData ------->   map[result: count:0 state:0] 
[GIN] 2020/01/02 - 13:31:59 | 200 |    2.452574ms |  192.168.66.115 | POST     /getResult
[2020-01-02 13:32:00] 自開彩開獎  {202001020812 6 36 true} 
ConfigData  map[charset:utf8 redisIp:192.168.88.119 redisPassword:"" redisDB:3 user:fa_db password:1qaz!QAZ database:FA_MEM redisPort:6379 ip:192.168.88.181 poolname:FA_MEM port:3306]
SqlString  SELECT RTP,Amount,Bonus  FROM M_RtpSetting  WHERE Sid = 1   AND State = 1   AND LTG_Code = 6 AND Gid = 36
sqlResult   map[result: count:0 state:0]
[2020-01-02 13:32:00] rtpData ------->   map[count:0 state:0 result:] 
[GIN] 2020/01/02 - 13:32:00 | 200 |    2.391952ms |  192.168.66.115 | POST     /getResult
[2020-01-02 13:32:00] 自開彩開獎  {202001020813 2 26 true} 
ConfigData  map[poolname:FA_MEM password:1qaz!QAZ database:FA_MEM redisPort:6379 redisDB:3 ip:192.168.88.181 port:3306 user:fa_db charset:utf8 redisIp:192.168.88.119 redisPassword:""]
SqlString  SELECT RTP,Amount,Bonus  FROM M_RtpSetting  WHERE Sid = 1   AND State = 1   AND LTG_Code = 2 AND Gid = 26
sqlResult   map[amount:1.0069588e+06 bonus:908100.71 result:0.9600 count:1 state:1]
[2020-01-02 13:32:00] rtpData ------->   map[bonus:908100.71 result:0.9600 count:1 state:1 amount:1.0069588e+06] 
ConfigData  map[port:3306 user:fa_db database:FA_MEM redisPort:6379 poolname:FA_MEM password:1qaz!QAZ charset:utf8 redisIp:192.168.88.119 redisPassword:"" redisDB:3 ip:192.168.88.181]
SELECT BO_No, BO_OrderNo , BO_User , BO_Issue  , BO_LotteryTypeGroup, BO_LotteryType, BO_Mode, BO_LotteryPlayGroup, BO_LotteryPlay , BO_LotteryContent, BO_Price, BO_RealPrice, BO_Unit, BO_Multiple , BO_BetCount  , BO_Winnings, BO_Winnings2, BO_Winnings3, BO_WinningLimit  , BO_Water , BO_BW_SourceUserId, BO_BW_BackWater, BO_BW_LimitBetCount, BO_BW_MaxAmount, BO_BW_AuditMultiple  , BO_Odds, BO_Odds2, BO_Odds3 , BO_Type, BO_Chase , BO_OpenResult, BO_OpenResult2, BO_DateDraw, BO_DateDraw2, BO_DateUpdate  FROM TS_BetOrder  WHERE BO_Cancel = 0   AND BO_CancelBackend = 0   AND BO_LotteryTypeGroup = 2 AND BO_LotteryType = 26 AND BO_Issue = 202001020813 AND BO_Collect = 0 ORDER BY BO_DateDraw ASC, BO_DateCreate ASC, BO_DateUpdate ASC, BO_No ASC ;
[2020-01-02 13:32:00] LottteryTypeGroup 2 
[2020-01-02 13:32:00] 有期號 但無注單 -------> map[amount:0 bonus:0 thisOpenResult:[9 7 6 6 5]] 
[GIN] 2020/01/02 - 13:32:00 | 200 |     4.99473ms |  192.168.66.115 | POST     /getResult
[2020-01-02 13:32:01] 自開彩開獎  {202001020812 4 40 true} 
ConfigData  map[ip:192.168.88.181 poolname:FA_MEM database:FA_MEM redisIp:192.168.88.119 redisPort:6379 port:3306 user:fa_db password:1qaz!QAZ charset:utf8 redisPassword:"" redisDB:3]
SqlString  SELECT RTP,Amount,Bonus  FROM M_RtpSetting  WHERE Sid = 1   AND State = 1   AND LTG_Code = 4 AND Gid = 40
sqlResult   map[result: count:0 state:0]
[2020-01-02 13:32:01] rtpData ------->   map[state:0 result: count:0] 
[GIN] 2020/01/02 - 13:32:01 | 200 |   15.682283ms |  192.168.66.115 | POST     /getResult
[2020-01-02 13:32:01] 自開彩開獎  {202001020812 1 34 true} 
ConfigData  map[poolname:FA_MEM port:3306 charset:utf8 redisPassword:"" ip:192.168.88.181 password:1qaz!QAZ database:FA_MEM redisIp:192.168.88.119 redisPort:6379 redisDB:3 user:fa_db]
SqlString  SELECT RTP,Amount,Bonus  FROM M_RtpSetting  WHERE Sid = 1   AND State = 1   AND LTG_Code = 1 AND Gid = 34
sqlResult   map[state:0 result: count:0]
[2020-01-02 13:32:01] rtpData ------->   map[result: count:0 state:0] 
[GIN] 2020/01/02 - 13:32:01 | 200 |    2.119498ms |  192.168.66.115 | POST     /getResult
[2020-01-02 13:32:02] 自開彩開獎  {202001020812 5 38 true} 
ConfigData  map[redisPassword:"" redisDB:3 poolname:FA_MEM database:FA_MEM charset:utf8 redisIp:192.168.88.119 redisPort:6379 ip:192.168.88.181 port:3306 user:fa_db password:1qaz!QAZ]
SqlString  SELECT RTP,Amount,Bonus  FROM M_RtpSetting  WHERE Sid = 1   AND State = 1   AND LTG_Code = 5 AND Gid = 38
sqlResult   map[result: count:0 state:0]
[2020-01-02 13:32:02] rtpData ------->   map[result: count:0 state:0] 
[GIN] 2020/01/02 - 13:32:02 | 200 |    3.265612ms |  192.168.66.115 | POST     /getResult
[2020-01-02 13:32:02] 自開彩開獎  {202001020271 4 41 true} 
ConfigData  map[redisPort:6379 charset:utf8 redisIp:192.168.88.119 ip:192.168.88.181 poolname:FA_MEM port:3306 user:fa_db password:1qaz!QAZ database:FA_MEM redisPassword:"" redisDB:3]
SqlString  SELECT RTP,Amount,Bonus  FROM M_RtpSetting  WHERE Sid = 1   AND State = 1   AND LTG_Code = 4 AND Gid = 41
sqlResult   map[result: count:0 state:0]
[2020-01-02 13:32:02] rtpData ------->   map[state:0 result: count:0] 
[GIN] 2020/01/02 - 13:32:02 | 200 |    3.392581ms |  192.168.66.115 | POST     /getResult
[2020-01-02 13:32:05] 自開彩開獎  {202001020271 1 35 true} 
ConfigData  map[ip:192.168.88.181 database:FA_MEM user:fa_db password:1qaz!QAZ charset:utf8 redisIp:192.168.88.119 redisPort:6379 redisPassword:"" poolname:FA_MEM port:3306 redisDB:3]
SqlString  SELECT RTP,Amount,Bonus  FROM M_RtpSetting  WHERE Sid = 1   AND State = 1   AND LTG_Code = 1 AND Gid = 35
sqlResult   map[result: count:0 state:0]
[2020-01-02 13:32:05] rtpData ------->   map[result: count:0 state:0] 
[GIN] 2020/01/02 - 13:32:05 | 200 |    3.068573ms |  192.168.66.115 | POST     /getResult
[2020-01-02 13:32:06] 自開彩開獎  {202001020813 6 36 true} 
ConfigData  map[poolname:FA_MEM port:3306 password:1qaz!QAZ database:FA_MEM redisPort:6379 redisPassword:"" redisDB:3 ip:192.168.88.181 charset:utf8 redisIp:192.168.88.119 user:fa_db]
SqlString  SELECT RTP,Amount,Bonus  FROM M_RtpSetting  WHERE Sid = 1   AND State = 1   AND LTG_Code = 6 AND Gid = 36
sqlResult   map[result: count:0 state:0]
[2020-01-02 13:32:06] rtpData ------->   map[result: count:0 state:0] 
[GIN] 2020/01/02 - 13:32:06 | 200 |    2.866545ms |  192.168.66.115 | POST     /getResult
[2020-01-02 13:32:07] 自開彩開獎  {202001020813 4 40 true} 
ConfigData  map[poolname:FA_MEM user:fa_db password:1qaz!QAZ redisPassword:"" ip:192.168.88.181 database:FA_MEM charset:utf8 redisIp:192.168.88.119 redisPort:6379 redisDB:3 port:3306]
SqlString  SELECT RTP,Amount,Bonus  FROM M_RtpSetting  WHERE Sid = 1   AND State = 1   AND LTG_Code = 4 AND Gid = 40
sqlResult   map[result: count:0 state:0]
[2020-01-02 13:32:07] rtpData ------->   map[result: count:0 state:0] 
[GIN] 2020/01/02 - 13:32:07 | 200 |    2.592677ms |  192.168.66.115 | POST     /getResult
[2020-01-02 13:32:07] 自開彩開獎  {202001020813 1 34 true} 
ConfigData  map[poolname:FA_MEM redisIp:192.168.88.119 redisPort:6379 redisDB:3 ip:192.168.88.181 port:3306 user:fa_db password:1qaz!QAZ database:FA_MEM charset:utf8 redisPassword:""]
SqlString  SELECT RTP,Amount,Bonus  FROM M_RtpSetting  WHERE Sid = 1   AND State = 1   AND LTG_Code = 1 AND Gid = 34
sqlResult   map[state:0 result: count:0]
[2020-01-02 13:32:07] rtpData ------->   map[count:0 state:0 result:] 
[GIN] 2020/01/02 - 13:32:07 | 200 |    2.075873ms |  192.168.66.115 | POST     /getResult
[2020-01-02 13:32:08] 自開彩開獎  {202001020813 5 38 true} 
ConfigData  map[password:1qaz!QAZ charset:utf8 redisPassword:"" redisDB:3 ip:192.168.88.181 port:3306 user:fa_db database:FA_MEM redisIp:192.168.88.119 redisPort:6379 poolname:FA_MEM]
SqlString  SELECT RTP,Amount,Bonus  FROM M_RtpSetting  WHERE Sid = 1   AND State = 1   AND LTG_Code = 5 AND Gid = 38
sqlResult   map[result: count:0 state:0]
[2020-01-02 13:32:08] rtpData ------->   map[result: count:0 state:0] 
[GIN] 2020/01/02 - 13:32:08 | 200 |    2.431696ms |  192.168.66.115 | POST     /getResult
[2020-01-02 13:32:08] 自開彩開獎  {202001020271 4 41 true} 
ConfigData  map[ip:192.168.88.181 poolname:FA_MEM user:fa_db charset:utf8 redisPort:6379 redisPassword:"" port:3306 password:1qaz!QAZ database:FA_MEM redisIp:192.168.88.119 redisDB:3]
SqlString  SELECT RTP,Amount,Bonus  FROM M_RtpSetting  WHERE Sid = 1   AND State = 1   AND LTG_Code = 4 AND Gid = 41
sqlResult   map[result: count:0 state:0]
[2020-01-02 13:32:08] rtpData ------->   map[result: count:0 state:0] 
[GIN] 2020/01/02 - 13:32:08 | 200 |    2.583633ms |  192.168.66.115 | POST     /getResult
[2020-01-02 13:32:11] 自開彩開獎  {202001020271 1 35 true} 
ConfigData  map[ip:192.168.88.181 poolname:FA_MEM user:fa_db password:1qaz!QAZ charset:utf8 redisDB:3 port:3306 database:FA_MEM redisIp:192.168.88.119 redisPort:6379 redisPassword:""]
SqlString  SELECT RTP,Amount,Bonus  FROM M_RtpSetting  WHERE Sid = 1   AND State = 1   AND LTG_Code = 1 AND Gid = 35
sqlResult   map[result: count:0 state:0]
[2020-01-02 13:32:11] rtpData ------->   map[result: count:0 state:0] 
[GIN] 2020/01/02 - 13:32:11 | 200 |    2.591055ms |  192.168.66.115 | POST     /getResult
[2020-01-02 13:32:12] 自開彩開獎  {202001020813 6 36 true} 
ConfigData  map[password:1qaz!QAZ charset:utf8 redisIp:192.168.88.119 redisPort:6379 redisPassword:"" ip:192.168.88.181 poolname:FA_MEM port:3306 user:fa_db database:FA_MEM redisDB:3]
SqlString  SELECT RTP,Amount,Bonus  FROM M_RtpSetting  WHERE Sid = 1   AND State = 1   AND LTG_Code = 6 AND Gid = 36
sqlResult   map[state:0 result: count:0]
[2020-01-02 13:32:12] rtpData ------->   map[count:0 state:0 result:] 
[GIN] 2020/01/02 - 13:32:12 | 200 |    2.655931ms |  192.168.66.115 | POST     /getResult
[2020-01-02 13:32:13] 自開彩開獎  {202001020813 4 40 true} 
ConfigData  map[database:FA_MEM charset:utf8 redisPort:6379 redisDB:3 poolname:FA_MEM port:3306 user:fa_db redisPassword:"" ip:192.168.88.181 password:1qaz!QAZ redisIp:192.168.88.119]
SqlString  SELECT RTP,Amount,Bonus  FROM M_RtpSetting  WHERE Sid = 1   AND State = 1   AND LTG_Code = 4 AND Gid = 40
sqlResult   map[count:0 state:0 result:]
[2020-01-02 13:32:13] rtpData ------->   map[result: count:0 state:0] 
[GIN] 2020/01/02 - 13:32:13 | 200 |    2.184682ms |  192.168.66.115 | POST     /getResult
[2020-01-02 13:32:13] 自開彩開獎  {202001020813 1 34 true} 
ConfigData  map[user:fa_db charset:utf8 redisIp:192.168.88.119 redisPort:6379 ip:192.168.88.181 port:3306 database:FA_MEM redisPassword:"" redisDB:3 poolname:FA_MEM password:1qaz!QAZ]
SqlString  SELECT RTP,Amount,Bonus  FROM M_RtpSetting  WHERE Sid = 1   AND State = 1   AND LTG_Code = 1 AND Gid = 34
sqlResult   map[result: count:0 state:0]
[2020-01-02 13:32:13] rtpData ------->   map[result: count:0 state:0] 
[GIN] 2020/01/02 - 13:32:13 | 200 |    2.428959ms |  192.168.66.115 | POST     /getResult
[2020-01-02 13:32:14] 自開彩開獎  {202001020813 5 38 true} 
ConfigData  map[database:FA_MEM charset:utf8 redisPort:6379 redisPassword:"" ip:192.168.88.181 poolname:FA_MEM port:3306 redisDB:3 user:fa_db password:1qaz!QAZ redisIp:192.168.88.119]
SqlString  SELECT RTP,Amount,Bonus  FROM M_RtpSetting  WHERE Sid = 1   AND State = 1   AND LTG_Code = 5 AND Gid = 38
sqlResult   map[result: count:0 state:0]
[2020-01-02 13:32:14] rtpData ------->   map[count:0 state:0 result:] 
[GIN] 2020/01/02 - 13:32:14 | 200 |    2.941099ms |  192.168.66.115 | POST     /getResult
[2020-01-02 13:32:14] 自開彩開獎  {202001020271 4 41 true} 
ConfigData  map[redisPassword:"" redisDB:3 ip:192.168.88.181 port:3306 database:FA_MEM redisPort:6379 redisIp:192.168.88.119 poolname:FA_MEM user:fa_db password:1qaz!QAZ charset:utf8]
SqlString  SELECT RTP,Amount,Bonus  FROM M_RtpSetting  WHERE Sid = 1   AND State = 1   AND LTG_Code = 4 AND Gid = 41
sqlResult   map[result: count:0 state:0]
[2020-01-02 13:32:14] rtpData ------->   map[result: count:0 state:0] 
[GIN] 2020/01/02 - 13:32:14 | 200 |    2.100668ms |  192.168.66.115 | POST     /getResult
[2020-01-02 13:32:17] 自開彩開獎  {202001020271 1 35 true} 
ConfigData  map[poolname:FA_MEM user:fa_db charset:utf8 redisPort:6379 redisIp:192.168.88.119 redisPassword:"" redisDB:3 ip:192.168.88.181 port:3306 password:1qaz!QAZ database:FA_MEM]
SqlString  SELECT RTP,Amount,Bonus  FROM M_RtpSetting  WHERE Sid = 1   AND State = 1   AND LTG_Code = 1 AND Gid = 35
sqlResult   map[state:0 result: count:0]
[2020-01-02 13:32:17] rtpData ------->   map[result: count:0 state:0] 
[GIN] 2020/01/02 - 13:32:17 | 200 |    2.648858ms |  192.168.66.115 | POST     /getResult
[2020-01-02 13:32:18] 自開彩開獎  {202001020813 6 36 true} 
ConfigData  map[port:3306 password:1qaz!QAZ redisIp:192.168.88.119 redisPort:6379 ip:192.168.88.181 poolname:FA_MEM user:fa_db database:FA_MEM charset:utf8 redisPassword:"" redisDB:3]
SqlString  SELECT RTP,Amount,Bonus  FROM M_RtpSetting  WHERE Sid = 1   AND State = 1   AND LTG_Code = 6 AND Gid = 36
sqlResult   map[state:0 result: count:0]
[2020-01-02 13:32:18] rtpData ------->   map[result: count:0 state:0] 
[GIN] 2020/01/02 - 13:32:18 | 200 |    2.333086ms |  192.168.66.115 | POST     /getResult
[2020-01-02 13:32:19] 自開彩開獎  {202001020813 4 40 true} 
ConfigData  map[ip:192.168.88.181 poolname:FA_MEM password:1qaz!QAZ database:FA_MEM charset:utf8 redisIp:192.168.88.119 redisPort:6379 port:3306 user:fa_db redisPassword:"" redisDB:3]
SqlString  SELECT RTP,Amount,Bonus  FROM M_RtpSetting  WHERE Sid = 1   AND State = 1   AND LTG_Code = 4 AND Gid = 40
sqlResult   map[result: count:0 state:0]
[2020-01-02 13:32:19] rtpData ------->   map[result: count:0 state:0] 
[GIN] 2020/01/02 - 13:32:19 | 200 |     2.04443ms |  192.168.66.115 | POST     /getResult
[2020-01-02 13:32:19] 自開彩開獎  {202001020813 1 34 true} 
ConfigData  map[database:FA_MEM redisIp:192.168.88.119 redisPassword:"" redisDB:3 password:1qaz!QAZ poolname:FA_MEM port:3306 user:fa_db charset:utf8 redisPort:6379 ip:192.168.88.181]
SqlString  SELECT RTP,Amount,Bonus  FROM M_RtpSetting  WHERE Sid = 1   AND State = 1   AND LTG_Code = 1 AND Gid = 34
sqlResult   map[result: count:0 state:0]
[2020-01-02 13:32:19] rtpData ------->   map[result: count:0 state:0] 
[GIN] 2020/01/02 - 13:32:19 | 200 |    2.071204ms |  192.168.66.115 | POST     /getResult
[2020-01-02 13:32:20] 自開彩開獎  {202001020813 5 38 true} 
ConfigData  map[database:FA_MEM charset:utf8 redisPort:6379 redisDB:3 ip:192.168.88.181 user:fa_db password:1qaz!QAZ redisPassword:"" poolname:FA_MEM port:3306 redisIp:192.168.88.119]
SqlString  SELECT RTP,Amount,Bonus  FROM M_RtpSetting  WHERE Sid = 1   AND State = 1   AND LTG_Code = 5 AND Gid = 38
sqlResult   map[result: count:0 state:0]
[2020-01-02 13:32:20] rtpData ------->   map[state:0 result: count:0] 
[GIN] 2020/01/02 - 13:32:20 | 200 |     2.89751ms |  192.168.66.115 | POST     /getResult
[2020-01-02 13:32:20] 自開彩開獎  {202001020271 4 41 true} 
ConfigData  map[port:3306 redisPort:6379 ip:192.168.88.181 poolname:FA_MEM database:FA_MEM charset:utf8 redisIp:192.168.88.119 redisPassword:"" redisDB:3 user:fa_db password:1qaz!QAZ]
SqlString  SELECT RTP,Amount,Bonus  FROM M_RtpSetting  WHERE Sid = 1   AND State = 1   AND LTG_Code = 4 AND Gid = 41
sqlResult   map[count:0 state:0 result:]
[2020-01-02 13:32:20] rtpData ------->   map[result: count:0 state:0] 
[GIN] 2020/01/02 - 13:32:20 | 200 |    2.364482ms |  192.168.66.115 | POST     /getResult
[2020-01-02 13:32:23] 自開彩開獎  {202001020271 1 35 true} 
ConfigData  map[redisDB:3 ip:192.168.88.181 poolname:FA_MEM port:3306 charset:utf8 redisIp:192.168.88.119 redisPassword:"" user:fa_db password:1qaz!QAZ database:FA_MEM redisPort:6379]
SqlString  SELECT RTP,Amount,Bonus  FROM M_RtpSetting  WHERE Sid = 1   AND State = 1   AND LTG_Code = 1 AND Gid = 35
sqlResult   map[count:0 state:0 result:]
[2020-01-02 13:32:23] rtpData ------->   map[result: count:0 state:0] 
[GIN] 2020/01/02 - 13:32:23 | 200 |    3.234827ms |  192.168.66.115 | POST     /getResult
[2020-01-02 13:32:24] 自開彩開獎  {202001020813 6 36 true} 
ConfigData  map[port:3306 password:1qaz!QAZ charset:utf8 redisIp:192.168.88.119 redisPassword:"" redisDB:3 ip:192.168.88.181 poolname:FA_MEM user:fa_db database:FA_MEM redisPort:6379]
SqlString  SELECT RTP,Amount,Bonus  FROM M_RtpSetting  WHERE Sid = 1   AND State = 1   AND LTG_Code = 6 AND Gid = 36
sqlResult   map[result: count:0 state:0]
[2020-01-02 13:32:24] rtpData ------->   map[result: count:0 state:0] 
[GIN] 2020/01/02 - 13:32:24 | 200 |    3.815254ms |  192.168.66.115 | POST     /getResult
[2020-01-02 13:32:25] 自開彩開獎  {202001020813 4 40 true} 
ConfigData  map[database:FA_MEM redisIp:192.168.88.119 redisDB:3 redisPort:6379 redisPassword:"" ip:192.168.88.181 poolname:FA_MEM port:3306 user:fa_db password:1qaz!QAZ charset:utf8]
SqlString  SELECT RTP,Amount,Bonus  FROM M_RtpSetting  WHERE Sid = 1   AND State = 1   AND LTG_Code = 4 AND Gid = 40
sqlResult   map[state:0 result: count:0]
[2020-01-02 13:32:25] rtpData ------->   map[result: count:0 state:0] 
[GIN] 2020/01/02 - 13:32:25 | 200 |    9.174598ms |  192.168.66.115 | POST     /getResult
[2020-01-02 13:32:25] 自開彩開獎  {202001020813 1 34 true} 
ConfigData  map[poolname:FA_MEM database:FA_MEM redisIp:192.168.88.119 redisPort:6379 ip:192.168.88.181 port:3306 user:fa_db password:1qaz!QAZ charset:utf8 redisPassword:"" redisDB:3]
SqlString  SELECT RTP,Amount,Bonus  FROM M_RtpSetting  WHERE Sid = 1   AND State = 1   AND LTG_Code = 1 AND Gid = 34
sqlResult   map[result: count:0 state:0]
[2020-01-02 13:32:25] rtpData ------->   map[result: count:0 state:0] 
[GIN] 2020/01/02 - 13:32:25 | 200 |    2.413666ms |  192.168.66.115 | POST     /getResult
[2020-01-02 13:32:26] 自開彩開獎  {202001020813 5 38 true} 
ConfigData  map[database:FA_MEM redisPort:6379 redisPassword:"" charset:utf8 redisIp:192.168.88.119 redisDB:3 ip:192.168.88.181 poolname:FA_MEM port:3306 user:fa_db password:1qaz!QAZ]
SqlString  SELECT RTP,Amount,Bonus  FROM M_RtpSetting  WHERE Sid = 1   AND State = 1   AND LTG_Code = 5 AND Gid = 38
sqlResult   map[result: count:0 state:0]
[2020-01-02 13:32:26] rtpData ------->   map[result: count:0 state:0] 
[GIN] 2020/01/02 - 13:32:26 | 200 |       2.311ms |  192.168.66.115 | POST     /getResult
[2020-01-02 13:32:26] 自開彩開獎  {202001020271 4 41 true} 
ConfigData  map[user:fa_db password:1qaz!QAZ database:FA_MEM redisPort:6379 redisPassword:"" redisDB:3 ip:192.168.88.181 poolname:FA_MEM redisIp:192.168.88.119 port:3306 charset:utf8]
SqlString  SELECT RTP,Amount,Bonus  FROM M_RtpSetting  WHERE Sid = 1   AND State = 1   AND LTG_Code = 4 AND Gid = 41
sqlResult   map[result: count:0 state:0]
[2020-01-02 13:32:26] rtpData ------->   map[result: count:0 state:0] 
[GIN] 2020/01/02 - 13:32:26 | 200 |    2.600055ms |  192.168.66.115 | POST     /getResult
[2020-01-02 13:32:29] 自開彩開獎  {202001020271 1 35 true} 
ConfigData  map[ip:192.168.88.181 port:3306 database:FA_MEM redisPort:6379 redisDB:3 poolname:FA_MEM user:fa_db password:1qaz!QAZ charset:utf8 redisIp:192.168.88.119 redisPassword:""]
SqlString  SELECT RTP,Amount,Bonus  FROM M_RtpSetting  WHERE Sid = 1   AND State = 1   AND LTG_Code = 1 AND Gid = 35
sqlResult   map[result: count:0 state:0]
[2020-01-02 13:32:29] rtpData ------->   map[state:0 result: count:0] 
[GIN] 2020/01/02 - 13:32:29 | 200 |    2.877446ms |  192.168.66.115 | POST     /getResult
[2020-01-02 13:32:30] 自開彩開獎  {202001020813 6 36 true} 
ConfigData  map[user:fa_db password:1qaz!QAZ database:FA_MEM redisPassword:"" port:3306 poolname:FA_MEM charset:utf8 redisIp:192.168.88.119 redisPort:6379 redisDB:3 ip:192.168.88.181]
SqlString  SELECT RTP,Amount,Bonus  FROM M_RtpSetting  WHERE Sid = 1   AND State = 1   AND LTG_Code = 6 AND Gid = 36
sqlResult   map[result: count:0 state:0]
[2020-01-02 13:32:30] rtpData ------->   map[state:0 result: count:0] 
[GIN] 2020/01/02 - 13:32:30 | 200 |    3.463675ms |  192.168.66.115 | POST     /getResult
[2020-01-02 13:32:31] 自開彩開獎  {202001020813 4 40 true} 
ConfigData  map[password:1qaz!QAZ database:FA_MEM redisDB:3 user:fa_db poolname:FA_MEM port:3306 charset:utf8 redisIp:192.168.88.119 redisPort:6379 redisPassword:"" ip:192.168.88.181]
SqlString  SELECT RTP,Amount,Bonus  FROM M_RtpSetting  WHERE Sid = 1   AND State = 1   AND LTG_Code = 4 AND Gid = 40
sqlResult   map[result: count:0 state:0]
[2020-01-02 13:32:31] rtpData ------->   map[result: count:0 state:0] 
[GIN] 2020/01/02 - 13:32:31 | 200 |    2.595839ms |  192.168.66.115 | POST     /getResult
[2020-01-02 13:32:31] 自開彩開獎  {202001020813 1 34 true} 
ConfigData  map[user:fa_db password:1qaz!QAZ database:FA_MEM redisIp:192.168.88.119 ip:192.168.88.181 poolname:FA_MEM port:3306 charset:utf8 redisPort:6379 redisPassword:"" redisDB:3]
SqlString  SELECT RTP,Amount,Bonus  FROM M_RtpSetting  WHERE Sid = 1   AND State = 1   AND LTG_Code = 1 AND Gid = 34
sqlResult   map[result: count:0 state:0]
[2020-01-02 13:32:31] rtpData ------->   map[result: count:0 state:0] 
[GIN] 2020/01/02 - 13:32:31 | 200 |    2.610479ms |  192.168.66.115 | POST     /getResult
[2020-01-02 13:32:32] 自開彩開獎  {202001020813 5 38 true} 
ConfigData  map[port:3306 redisPort:6379 redisPassword:"" redisDB:3 ip:192.168.88.181 user:fa_db password:1qaz!QAZ database:FA_MEM charset:utf8 redisIp:192.168.88.119 poolname:FA_MEM]
SqlString  SELECT RTP,Amount,Bonus  FROM M_RtpSetting  WHERE Sid = 1   AND State = 1   AND LTG_Code = 5 AND Gid = 38
sqlResult   map[result: count:0 state:0]
[2020-01-02 13:32:32] rtpData ------->   map[state:0 result: count:0] 
[GIN] 2020/01/02 - 13:32:32 | 200 |    2.355352ms |  192.168.66.115 | POST     /getResult
[2020-01-02 13:32:32] 自開彩開獎  {202001020271 4 41 true} 
ConfigData  map[password:1qaz!QAZ redisPort:6379 redisDB:3 port:3306 poolname:FA_MEM user:fa_db database:FA_MEM charset:utf8 redisIp:192.168.88.119 redisPassword:"" ip:192.168.88.181]
SqlString  SELECT RTP,Amount,Bonus  FROM M_RtpSetting  WHERE Sid = 1   AND State = 1   AND LTG_Code = 4 AND Gid = 41
sqlResult   map[state:0 result: count:0]
[2020-01-02 13:32:32] rtpData ------->   map[result: count:0 state:0] 
[GIN] 2020/01/02 - 13:32:32 | 200 |    2.822554ms |  192.168.66.115 | POST     /getResult
[2020-01-02 13:32:35] 自開彩開獎  {202001020271 1 35 true} 
ConfigData  map[redisIp:192.168.88.119 ip:192.168.88.181 poolname:FA_MEM database:FA_MEM charset:utf8 redisPort:6379 redisPassword:"" redisDB:3 port:3306 user:fa_db password:1qaz!QAZ]
SqlString  SELECT RTP,Amount,Bonus  FROM M_RtpSetting  WHERE Sid = 1   AND State = 1   AND LTG_Code = 1 AND Gid = 35
sqlResult   map[result: count:0 state:0]
[2020-01-02 13:32:35] rtpData ------->   map[result: count:0 state:0] 
[GIN] 2020/01/02 - 13:32:35 | 200 |    2.707093ms |  192.168.66.115 | POST     /getResult
[2020-01-02 13:32:36] 自開彩開獎  {202001020813 6 36 true} 
ConfigData  map[ip:192.168.88.181 poolname:FA_MEM user:fa_db database:FA_MEM redisPassword:"" redisDB:3 port:3306 password:1qaz!QAZ charset:utf8 redisIp:192.168.88.119 redisPort:6379]
SqlString  SELECT RTP,Amount,Bonus  FROM M_RtpSetting  WHERE Sid = 1   AND State = 1   AND LTG_Code = 6 AND Gid = 36
sqlResult   map[result: count:0 state:0]
[2020-01-02 13:32:36] rtpData ------->   map[result: count:0 state:0] 
[GIN] 2020/01/02 - 13:32:36 | 200 |    2.428251ms |  192.168.66.115 | POST     /getResult
[2020-01-02 13:32:37] 自開彩開獎  {202001020813 4 40 true} 
ConfigData  map[redisPassword:"" redisDB:3 ip:192.168.88.181 poolname:FA_MEM port:3306 user:fa_db password:1qaz!QAZ database:FA_MEM charset:utf8 redisIp:192.168.88.119 redisPort:6379]
SqlString  SELECT RTP,Amount,Bonus  FROM M_RtpSetting  WHERE Sid = 1   AND State = 1   AND LTG_Code = 4 AND Gid = 40
sqlResult   map[result: count:0 state:0]
[2020-01-02 13:32:37] rtpData ------->   map[result: count:0 state:0] 
[GIN] 2020/01/02 - 13:32:37 | 200 |    2.581869ms |  192.168.66.115 | POST     /getResult
[2020-01-02 13:32:37] 自開彩開獎  {202001020813 1 34 true} 
ConfigData  map[ip:192.168.88.181 poolname:FA_MEM user:fa_db redisIp:192.168.88.119 redisPassword:"" redisDB:3 port:3306 password:1qaz!QAZ database:FA_MEM charset:utf8 redisPort:6379]
SqlString  SELECT RTP,Amount,Bonus  FROM M_RtpSetting  WHERE Sid = 1   AND State = 1   AND LTG_Code = 1 AND Gid = 34
sqlResult   map[result: count:0 state:0]
[2020-01-02 13:32:37] rtpData ------->   map[result: count:0 state:0] 
[GIN] 2020/01/02 - 13:32:37 | 200 |    2.298062ms |  192.168.66.115 | POST     /getResult
[2020-01-02 13:32:38] 自開彩開獎  {202001020813 5 38 true} 
ConfigData  map[port:3306 password:1qaz!QAZ redisDB:3 redisPassword:"" ip:192.168.88.181 poolname:FA_MEM user:fa_db database:FA_MEM charset:utf8 redisIp:192.168.88.119 redisPort:6379]
SqlString  SELECT RTP,Amount,Bonus  FROM M_RtpSetting  WHERE Sid = 1   AND State = 1   AND LTG_Code = 5 AND Gid = 38
sqlResult   map[result: count:0 state:0]
[2020-01-02 13:32:38] rtpData ------->   map[state:0 result: count:0] 
[GIN] 2020/01/02 - 13:32:38 | 200 |    2.509905ms |  192.168.66.115 | POST     /getResult
[2020-01-02 13:32:38] 自開彩開獎  {202001020271 4 41 true} 
ConfigData  map[port:3306 password:1qaz!QAZ database:FA_MEM redisPort:6379 redisPassword:"" ip:192.168.88.181 poolname:FA_MEM redisIp:192.168.88.119 redisDB:3 user:fa_db charset:utf8]
SqlString  SELECT RTP,Amount,Bonus  FROM M_RtpSetting  WHERE Sid = 1   AND State = 1   AND LTG_Code = 4 AND Gid = 41
sqlResult   map[count:0 state:0 result:]
[2020-01-02 13:32:38] rtpData ------->   map[state:0 result: count:0] 
[GIN] 2020/01/02 - 13:32:38 | 200 |    2.642893ms |  192.168.66.115 | POST     /getResult
[2020-01-02 13:32:41] 自開彩開獎  {202001020271 1 35 true} 
ConfigData  map[port:3306 user:fa_db password:1qaz!QAZ database:FA_MEM charset:utf8 redisIp:192.168.88.119 redisDB:3 ip:192.168.88.181 poolname:FA_MEM redisPort:6379 redisPassword:""]
SqlString  SELECT RTP,Amount,Bonus  FROM M_RtpSetting  WHERE Sid = 1   AND State = 1   AND LTG_Code = 1 AND Gid = 35
sqlResult   map[state:0 result: count:0]
[2020-01-02 13:32:41] rtpData ------->   map[result: count:0 state:0] 
[GIN] 2020/01/02 - 13:32:41 | 200 |    2.842252ms |  192.168.66.115 | POST     /getResult
[2020-01-02 13:32:42] 自開彩開獎  {202001020813 6 36 true} 
ConfigData  map[ip:192.168.88.181 poolname:FA_MEM port:3306 password:1qaz!QAZ redisPassword:"" redisDB:3 user:fa_db database:FA_MEM charset:utf8 redisIp:192.168.88.119 redisPort:6379]
SqlString  SELECT RTP,Amount,Bonus  FROM M_RtpSetting  WHERE Sid = 1   AND State = 1   AND LTG_Code = 6 AND Gid = 36
sqlResult   map[result: count:0 state:0]
[2020-01-02 13:32:42] rtpData ------->   map[result: count:0 state:0] 
[GIN] 2020/01/02 - 13:32:42 | 200 |    2.676787ms |  192.168.66.115 | POST     /getResult
[2020-01-02 13:32:43] 自開彩開獎  {202001020813 4 40 true} 
ConfigData  map[password:1qaz!QAZ redisPassword:"" ip:192.168.88.181 port:3306 database:FA_MEM charset:utf8 redisIp:192.168.88.119 redisPort:6379 redisDB:3 poolname:FA_MEM user:fa_db]
SqlString  SELECT RTP,Amount,Bonus  FROM M_RtpSetting  WHERE Sid = 1   AND State = 1   AND LTG_Code = 4 AND Gid = 40
sqlResult   map[result: count:0 state:0]
[2020-01-02 13:32:43] rtpData ------->   map[result: count:0 state:0] 
[GIN] 2020/01/02 - 13:32:43 | 200 |    3.051524ms |  192.168.66.115 | POST     /getResult
[2020-01-02 13:32:43] 自開彩開獎  {202001020813 1 34 true} 
ConfigData  map[redisPort:6379 redisDB:3 poolname:FA_MEM user:fa_db password:1qaz!QAZ charset:utf8 redisIp:192.168.88.119 redisPassword:"" ip:192.168.88.181 port:3306 database:FA_MEM]
SqlString  SELECT RTP,Amount,Bonus  FROM M_RtpSetting  WHERE Sid = 1   AND State = 1   AND LTG_Code = 1 AND Gid = 34
sqlResult   map[result: count:0 state:0]
[2020-01-02 13:32:43] rtpData ------->   map[result: count:0 state:0] 
[GIN] 2020/01/02 - 13:32:43 | 200 |    2.681842ms |  192.168.66.115 | POST     /getResult
[2020-01-02 13:32:44] 自開彩開獎  {202001020813 5 38 true} 
ConfigData  map[ip:192.168.88.181 port:3306 password:1qaz!QAZ charset:utf8 redisPort:6379 redisPassword:"" redisDB:3 poolname:FA_MEM user:fa_db database:FA_MEM redisIp:192.168.88.119]
SqlString  SELECT RTP,Amount,Bonus  FROM M_RtpSetting  WHERE Sid = 1   AND State = 1   AND LTG_Code = 5 AND Gid = 38
sqlResult   map[result: count:0 state:0]
[2020-01-02 13:32:44] rtpData ------->   map[result: count:0 state:0] 
[GIN] 2020/01/02 - 13:32:44 | 200 |    2.462475ms |  192.168.66.115 | POST     /getResult
[2020-01-02 13:32:44] 自開彩開獎  {202001020271 4 41 true} 
ConfigData  map[redisIp:192.168.88.119 poolname:FA_MEM port:3306 user:fa_db password:1qaz!QAZ database:FA_MEM ip:192.168.88.181 charset:utf8 redisPort:6379 redisPassword:"" redisDB:3]
SqlString  SELECT RTP,Amount,Bonus  FROM M_RtpSetting  WHERE Sid = 1   AND State = 1   AND LTG_Code = 4 AND Gid = 41
sqlResult   map[state:0 result: count:0]
[2020-01-02 13:32:44] rtpData ------->   map[result: count:0 state:0] 
[GIN] 2020/01/02 - 13:32:44 | 200 |     2.38337ms |  192.168.66.115 | POST     /getResult
[2020-01-02 13:32:47] 自開彩開獎  {202001020271 1 35 true} 
ConfigData  map[ip:192.168.88.181 password:1qaz!QAZ redisIp:192.168.88.119 redisPort:6379 redisDB:3 poolname:FA_MEM port:3306 user:fa_db database:FA_MEM charset:utf8 redisPassword:""]
SqlString  SELECT RTP,Amount,Bonus  FROM M_RtpSetting  WHERE Sid = 1   AND State = 1   AND LTG_Code = 1 AND Gid = 35
sqlResult   map[result: count:0 state:0]
[2020-01-02 13:32:47] rtpData ------->   map[state:0 result: count:0] 
[GIN] 2020/01/02 - 13:32:47 | 200 |    3.274038ms |  192.168.66.115 | POST     /getResult
[2020-01-02 13:32:48] 自開彩開獎  {202001020813 6 36 true} 
ConfigData  map[ip:192.168.88.181 poolname:FA_MEM port:3306 user:fa_db password:1qaz!QAZ database:FA_MEM charset:utf8 redisIp:192.168.88.119 redisPassword:"" redisDB:3 redisPort:6379]
SqlString  SELECT RTP,Amount,Bonus  FROM M_RtpSetting  WHERE Sid = 1   AND State = 1   AND LTG_Code = 6 AND Gid = 36
sqlResult   map[result: count:0 state:0]
[2020-01-02 13:32:48] rtpData ------->   map[result: count:0 state:0] 
[GIN] 2020/01/02 - 13:32:48 | 200 |    2.934297ms |  192.168.66.115 | POST     /getResult
[2020-01-02 13:32:49] 自開彩開獎  {202001020813 4 40 true} 
ConfigData  map[password:1qaz!QAZ redisIp:192.168.88.119 redisPort:6379 redisDB:3 poolname:FA_MEM port:3306 database:FA_MEM charset:utf8 redisPassword:"" ip:192.168.88.181 user:fa_db]
SqlString  SELECT RTP,Amount,Bonus  FROM M_RtpSetting  WHERE Sid = 1   AND State = 1   AND LTG_Code = 4 AND Gid = 40
sqlResult   map[count:0 state:0 result:]
[2020-01-02 13:32:49] rtpData ------->   map[result: count:0 state:0] 
[GIN] 2020/01/02 - 13:32:49 | 200 |    3.260724ms |  192.168.66.115 | POST     /getResult
[2020-01-02 13:32:49] 自開彩開獎  {202001020813 1 34 true} 
ConfigData  map[port:3306 user:fa_db password:1qaz!QAZ redisPort:6379 redisPassword:"" ip:192.168.88.181 poolname:FA_MEM redisIp:192.168.88.119 redisDB:3 database:FA_MEM charset:utf8]
SqlString  SELECT RTP,Amount,Bonus  FROM M_RtpSetting  WHERE Sid = 1   AND State = 1   AND LTG_Code = 1 AND Gid = 34
sqlResult   map[result: count:0 state:0]
[2020-01-02 13:32:49] rtpData ------->   map[result: count:0 state:0] 
[GIN] 2020/01/02 - 13:32:49 | 200 |    2.305853ms |  192.168.66.115 | POST     /getResult
[2020-01-02 13:32:50] 自開彩開獎  {202001020813 5 38 true} 
ConfigData  map[poolname:FA_MEM port:3306 password:1qaz!QAZ redisPassword:"" redisDB:3 redisPort:6379 ip:192.168.88.181 user:fa_db database:FA_MEM charset:utf8 redisIp:192.168.88.119]
SqlString  SELECT RTP,Amount,Bonus  FROM M_RtpSetting  WHERE Sid = 1   AND State = 1   AND LTG_Code = 5 AND Gid = 38
sqlResult   map[result: count:0 state:0]
[2020-01-02 13:32:50] rtpData ------->   map[result: count:0 state:0] 
[GIN] 2020/01/02 - 13:32:50 | 200 |     2.98147ms |  192.168.66.115 | POST     /getResult
[2020-01-02 13:32:50] 自開彩開獎  {202001020271 4 41 true} 
ConfigData  map[redisPassword:"" redisDB:3 port:3306 charset:utf8 redisPort:6379 password:1qaz!QAZ database:FA_MEM redisIp:192.168.88.119 ip:192.168.88.181 poolname:FA_MEM user:fa_db]
SqlString  SELECT RTP,Amount,Bonus  FROM M_RtpSetting  WHERE Sid = 1   AND State = 1   AND LTG_Code = 4 AND Gid = 41
sqlResult   map[state:0 result: count:0]
[2020-01-02 13:32:51] rtpData ------->   map[result: count:0 state:0] 
[GIN] 2020/01/02 - 13:32:51 | 200 |    3.167141ms |  192.168.66.115 | POST     /getResult
[2020-01-02 13:32:53] 自開彩開獎  {202001020271 1 35 true} 
ConfigData  map[charset:utf8 redisIp:192.168.88.119 redisPassword:"" ip:192.168.88.181 poolname:FA_MEM port:3306 user:fa_db password:1qaz!QAZ redisDB:3 database:FA_MEM redisPort:6379]
SqlString  SELECT RTP,Amount,Bonus  FROM M_RtpSetting  WHERE Sid = 1   AND State = 1   AND LTG_Code = 1 AND Gid = 35
sqlResult   map[count:0 state:0 result:]
[2020-01-02 13:32:53] rtpData ------->   map[result: count:0 state:0] 
[GIN] 2020/01/02 - 13:32:53 | 200 |    2.344443ms |  192.168.66.115 | POST     /getResult
[2020-01-02 13:32:54] 自開彩開獎  {202001020813 6 36 true} 
ConfigData  map[user:fa_db password:1qaz!QAZ database:FA_MEM redisPassword:"" redisIp:192.168.88.119 redisPort:6379 redisDB:3 ip:192.168.88.181 poolname:FA_MEM port:3306 charset:utf8]
SqlString  SELECT RTP,Amount,Bonus  FROM M_RtpSetting  WHERE Sid = 1   AND State = 1   AND LTG_Code = 6 AND Gid = 36
sqlResult   map[count:0 state:0 result:]
[2020-01-02 13:32:54] rtpData ------->   map[count:0 state:0 result:] 
[GIN] 2020/01/02 - 13:32:54 | 200 |    2.078135ms |  192.168.66.115 | POST     /getResult
[2020-01-02 13:32:55] 自開彩開獎  {202001020813 4 40 true} 
ConfigData  map[port:3306 password:1qaz!QAZ charset:utf8 redisPort:6379 redisPassword:"" ip:192.168.88.181 poolname:FA_MEM user:fa_db database:FA_MEM redisIp:192.168.88.119 redisDB:3]
SqlString  SELECT RTP,Amount,Bonus  FROM M_RtpSetting  WHERE Sid = 1   AND State = 1   AND LTG_Code = 4 AND Gid = 40
sqlResult   map[result: count:0 state:0]
[2020-01-02 13:32:55] rtpData ------->   map[result: count:0 state:0] 
[GIN] 2020/01/02 - 13:32:55 | 200 |    6.008602ms |  192.168.66.115 | POST     /getResult
[2020-01-02 13:32:56] 自開彩開獎  {202001020813 1 34 true} 
ConfigData  map[ip:192.168.88.181 user:fa_db charset:utf8 redisPort:6379 redisIp:192.168.88.119 redisPassword:"" redisDB:3 poolname:FA_MEM port:3306 password:1qaz!QAZ database:FA_MEM]
SqlString  SELECT RTP,Amount,Bonus  FROM M_RtpSetting  WHERE Sid = 1   AND State = 1   AND LTG_Code = 1 AND Gid = 34
sqlResult   map[result: count:0 state:0]
[2020-01-02 13:32:56] rtpData ------->   map[result: count:0 state:0] 
[GIN] 2020/01/02 - 13:32:56 | 200 |    2.654543ms |  192.168.66.115 | POST     /getResult
[2020-01-02 13:32:56] 自開彩開獎  {202001020813 5 38 true} 
ConfigData  map[ip:192.168.88.181 port:3306 charset:utf8 redisIp:192.168.88.119 redisPort:6379 poolname:FA_MEM user:fa_db password:1qaz!QAZ database:FA_MEM redisPassword:"" redisDB:3]
SqlString  SELECT RTP,Amount,Bonus  FROM M_RtpSetting  WHERE Sid = 1   AND State = 1   AND LTG_Code = 5 AND Gid = 38
sqlResult   map[state:0 result: count:0]
[2020-01-02 13:32:56] rtpData ------->   map[result: count:0 state:0] 
[GIN] 2020/01/02 - 13:32:56 | 200 |    6.210746ms |  192.168.66.115 | POST     /getResult
[2020-01-02 13:32:57] 自開彩開獎  {202001020271 4 41 true} 
ConfigData  map[port:3306 redisPort:6379 redisPassword:"" redisDB:3 ip:192.168.88.181 poolname:FA_MEM user:fa_db password:1qaz!QAZ database:FA_MEM charset:utf8 redisIp:192.168.88.119]
SqlString  SELECT RTP,Amount,Bonus  FROM M_RtpSetting  WHERE Sid = 1   AND State = 1   AND LTG_Code = 4 AND Gid = 41
sqlResult   map[result: count:0 state:0]
[2020-01-02 13:32:57] rtpData ------->   map[result: count:0 state:0] 
[GIN] 2020/01/02 - 13:32:57 | 200 |    2.546737ms |  192.168.66.115 | POST     /getResult
[2020-01-02 13:32:59] 自開彩開獎  {202001020271 1 35 true} 
ConfigData  map[user:fa_db password:1qaz!QAZ charset:utf8 redisDB:3 redisIp:192.168.88.119 redisPort:6379 redisPassword:"" ip:192.168.88.181 poolname:FA_MEM port:3306 database:FA_MEM]
SqlString  SELECT RTP,Amount,Bonus  FROM M_RtpSetting  WHERE Sid = 1   AND State = 1   AND LTG_Code = 1 AND Gid = 35
sqlResult   map[result: count:0 state:0]
[2020-01-02 13:32:59] rtpData ------->   map[state:0 result: count:0] 
[GIN] 2020/01/02 - 13:32:59 | 200 |     2.32041ms |  192.168.66.115 | POST     /getResult
[2020-01-02 13:33:00] 自開彩開獎  {202001020272 6 37 true} 
[2020-01-02 13:33:00] 自開彩開獎  {202001020813 6 36 true} 
ConfigData  map[port:3306 database:FA_MEM redisIp:192.168.88.119 redisPort:6379 redisPassword:"" redisDB:3 ip:192.168.88.181 poolname:FA_MEM user:fa_db password:1qaz!QAZ charset:utf8]
SqlString  SELECT RTP,Amount,Bonus  FROM M_RtpSetting  WHERE Sid = 1   AND State = 1   AND LTG_Code = 6 AND Gid = 36
ConfigData  map[port:3306 redisIp:192.168.88.119 redisDB:3 ip:192.168.88.181 poolname:FA_MEM database:FA_MEM charset:utf8 redisPort:6379 redisPassword:"" user:fa_db password:1qaz!QAZ]
SqlString  SELECT RTP,Amount,Bonus  FROM M_RtpSetting  WHERE Sid = 1   AND State = 1   AND LTG_Code = 6 AND Gid = 37
sqlResult   map[result: count:0 state:0]
[2020-01-02 13:33:00] rtpData ------->   map[result: count:0 state:0] 
[GIN] 2020/01/02 - 13:33:00 | 200 |    2.275075ms |  192.168.66.115 | POST     /getResult
sqlResult   map[state:0 result: count:0]
[2020-01-02 13:33:00] rtpData ------->   map[result: count:0 state:0] 
[GIN] 2020/01/02 - 13:33:00 | 200 |    2.408484ms |  192.168.66.115 | POST     /getResult
[2020-01-02 13:33:01] 自開彩開獎  {20200102272 2 27 true} 
ConfigData  map[user:fa_db database:FA_MEM charset:utf8 redisPort:6379 redisPassword:"" port:3306 poolname:FA_MEM password:1qaz!QAZ redisIp:192.168.88.119 redisDB:3 ip:192.168.88.181]
SqlString  SELECT RTP,Amount,Bonus  FROM M_RtpSetting  WHERE Sid = 1   AND State = 1   AND LTG_Code = 2 AND Gid = 27
[2020-01-02 13:33:01] 自開彩開獎  {202001020814 2 26 true} 
ConfigData  map[ip:192.168.88.181 user:fa_db database:FA_MEM redisIp:192.168.88.119 redisPort:6379 redisDB:3 poolname:FA_MEM port:3306 password:1qaz!QAZ charset:utf8 redisPassword:""]
SqlString  SELECT RTP,Amount,Bonus  FROM M_RtpSetting  WHERE Sid = 1   AND State = 1   AND LTG_Code = 2 AND Gid = 26
sqlResult   map[amount:105208 bonus:58491.69 result:0.9600 count:1 state:1]
[2020-01-02 13:33:01] rtpData ------->   map[bonus:58491.69 result:0.9600 count:1 state:1 amount:105208] 
ConfigData  map[password:1qaz!QAZ charset:utf8 redisIp:192.168.88.119 redisPort:6379 redisDB:3 ip:192.168.88.181 poolname:FA_MEM port:3306 user:fa_db database:FA_MEM redisPassword:""]
SELECT BO_No, BO_OrderNo , BO_User , BO_Issue  , BO_LotteryTypeGroup, BO_LotteryType, BO_Mode, BO_LotteryPlayGroup, BO_LotteryPlay , BO_LotteryContent, BO_Price, BO_RealPrice, BO_Unit, BO_Multiple , BO_BetCount  , BO_Winnings, BO_Winnings2, BO_Winnings3, BO_WinningLimit  , BO_Water , BO_BW_SourceUserId, BO_BW_BackWater, BO_BW_LimitBetCount, BO_BW_MaxAmount, BO_BW_AuditMultiple  , BO_Odds, BO_Odds2, BO_Odds3 , BO_Type, BO_Chase , BO_OpenResult, BO_OpenResult2, BO_DateDraw, BO_DateDraw2, BO_DateUpdate  FROM TS_BetOrder  WHERE BO_Cancel = 0   AND BO_CancelBackend = 0   AND BO_LotteryTypeGroup = 2 AND BO_LotteryType = 27 AND BO_Issue = 20200102272 AND BO_Collect = 0 ORDER BY BO_DateDraw ASC, BO_DateCreate ASC, BO_DateUpdate ASC, BO_No ASC ;
sqlResult   map[result:0.9600 count:1 state:1 amount:1.0069588e+06 bonus:908100.71]
[2020-01-02 13:33:01] rtpData ------->   map[bonus:908100.71 result:0.9600 count:1 state:1 amount:1.0069588e+06] 
ConfigData  map[poolname:FA_MEM port:3306 password:1qaz!QAZ database:FA_MEM redisPort:6379 ip:192.168.88.181 user:fa_db charset:utf8 redisIp:192.168.88.119 redisPassword:"" redisDB:3]
SELECT BO_No, BO_OrderNo , BO_User , BO_Issue  , BO_LotteryTypeGroup, BO_LotteryType, BO_Mode, BO_LotteryPlayGroup, BO_LotteryPlay , BO_LotteryContent, BO_Price, BO_RealPrice, BO_Unit, BO_Multiple , BO_BetCount  , BO_Winnings, BO_Winnings2, BO_Winnings3, BO_WinningLimit  , BO_Water , BO_BW_SourceUserId, BO_BW_BackWater, BO_BW_LimitBetCount, BO_BW_MaxAmount, BO_BW_AuditMultiple  , BO_Odds, BO_Odds2, BO_Odds3 , BO_Type, BO_Chase , BO_OpenResult, BO_OpenResult2, BO_DateDraw, BO_DateDraw2, BO_DateUpdate  FROM TS_BetOrder  WHERE BO_Cancel = 0   AND BO_CancelBackend = 0   AND BO_LotteryTypeGroup = 2 AND BO_LotteryType = 26 AND BO_Issue = 202001020814 AND BO_Collect = 0 ORDER BY BO_DateDraw ASC, BO_DateCreate ASC, BO_DateUpdate ASC, BO_No ASC ;
[2020-01-02 13:33:01] LottteryTypeGroup 2 
[2020-01-02 13:33:01] 有期號 但無注單 -------> map[thisOpenResult:[2 7 2 5 4] amount:0 bonus:0] 
[GIN] 2020/01/02 - 13:33:01 | 200 |    4.885937ms |  192.168.66.115 | POST     /getResult
[2020-01-02 13:33:01] LottteryTypeGroup 2 
[2020-01-02 13:33:01] 有期號 但無注單 -------> map[amount:0 bonus:0 thisOpenResult:[7 5 1 5 6]] 
[GIN] 2020/01/02 - 13:33:01 | 200 |     5.19236ms |  192.168.66.115 | POST     /getResult
[2020-01-02 13:33:01] 自開彩開獎  {202001020813 4 40 true} 
ConfigData  map[ip:192.168.88.181 port:3306 user:fa_db password:1qaz!QAZ redisIp:192.168.88.119 redisPassword:"" poolname:FA_MEM database:FA_MEM charset:utf8 redisPort:6379 redisDB:3]
SqlString  SELECT RTP,Amount,Bonus  FROM M_RtpSetting  WHERE Sid = 1   AND State = 1   AND LTG_Code = 4 AND Gid = 40
sqlResult   map[result: count:0 state:0]
[2020-01-02 13:33:01] rtpData ------->   map[state:0 result: count:0] 
[GIN] 2020/01/02 - 13:33:01 | 200 |    2.325826ms |  192.168.66.115 | POST     /getResult
[2020-01-02 13:33:02] 自開彩開獎  {202001020813 1 34 true} 
ConfigData  map[ip:192.168.88.181 poolname:FA_MEM user:fa_db password:1qaz!QAZ charset:utf8 redisPort:6379 redisPassword:"" port:3306 database:FA_MEM redisIp:192.168.88.119 redisDB:3]
SqlString  SELECT RTP,Amount,Bonus  FROM M_RtpSetting  WHERE Sid = 1   AND State = 1   AND LTG_Code = 1 AND Gid = 34
sqlResult   map[result: count:0 state:0]
[2020-01-02 13:33:02] rtpData ------->   map[result: count:0 state:0] 
[GIN] 2020/01/02 - 13:33:02 | 200 |    2.331567ms |  192.168.66.115 | POST     /getResult
[2020-01-02 13:33:02] 自開彩開獎  {202001020813 5 38 true} 
ConfigData  map[user:fa_db password:1qaz!QAZ database:FA_MEM redisIp:192.168.88.119 redisPassword:"" ip:192.168.88.181 poolname:FA_MEM port:3306 charset:utf8 redisPort:6379 redisDB:3]
SqlString  SELECT RTP,Amount,Bonus  FROM M_RtpSetting  WHERE Sid = 1   AND State = 1   AND LTG_Code = 5 AND Gid = 38
sqlResult   map[result: count:0 state:0]
[2020-01-02 13:33:02] rtpData ------->   map[result: count:0 state:0] 
[GIN] 2020/01/02 - 13:33:02 | 200 |    1.956162ms |  192.168.66.115 | POST     /getResult
[2020-01-02 13:33:03] 自開彩開獎  {202001020271 4 41 true} 
ConfigData  map[database:FA_MEM redisDB:3 redisPort:6379 ip:192.168.88.181 poolname:FA_MEM port:3306 user:fa_db password:1qaz!QAZ charset:utf8 redisIp:192.168.88.119 redisPassword:""]
SqlString  SELECT RTP,Amount,Bonus  FROM M_RtpSetting  WHERE Sid = 1   AND State = 1   AND LTG_Code = 4 AND Gid = 41
sqlResult   map[result: count:0 state:0]
[2020-01-02 13:33:03] rtpData ------->   map[state:0 result: count:0] 
[GIN] 2020/01/02 - 13:33:03 | 200 |    3.482275ms |  192.168.66.115 | POST     /getResult
[2020-01-02 13:33:05] 自開彩開獎  {202001020271 1 35 true} 
ConfigData  map[ip:192.168.88.181 port:3306 charset:utf8 redisIp:192.168.88.119 redisPort:6379 poolname:FA_MEM user:fa_db password:1qaz!QAZ database:FA_MEM redisPassword:"" redisDB:3]
SqlString  SELECT RTP,Amount,Bonus  FROM M_RtpSetting  WHERE Sid = 1   AND State = 1   AND LTG_Code = 1 AND Gid = 35
sqlResult   map[result: count:0 state:0]
[2020-01-02 13:33:05] rtpData ------->   map[result: count:0 state:0] 
[GIN] 2020/01/02 - 13:33:05 | 200 |    3.179869ms |  192.168.66.115 | POST     /getResult
[2020-01-02 13:33:06] 自開彩開獎  {202001020814 6 36 true} 
ConfigData  map[user:fa_db password:1qaz!QAZ database:FA_MEM charset:utf8 redisPassword:"" redisDB:3 ip:192.168.88.181 poolname:FA_MEM port:3306 redisIp:192.168.88.119 redisPort:6379]
SqlString  SELECT RTP,Amount,Bonus  FROM M_RtpSetting  WHERE Sid = 1   AND State = 1   AND LTG_Code = 6 AND Gid = 36
[2020-01-02 13:33:06] 自開彩開獎  {202001020272 6 37 true} 
ConfigData  map[ip:192.168.88.181 port:3306 password:1qaz!QAZ database:FA_MEM charset:utf8 redisPort:6379 redisPassword:"" redisDB:3 poolname:FA_MEM user:fa_db redisIp:192.168.88.119]
SqlString  SELECT RTP,Amount,Bonus  FROM M_RtpSetting  WHERE Sid = 1   AND State = 1   AND LTG_Code = 6 AND Gid = 37
sqlResult   map[result: count:0 state:0]
[2020-01-02 13:33:06] rtpData ------->   map[state:0 result: count:0] 
sqlResult   map[result: count:0 state:0]
[2020-01-02 13:33:06] rtpData ------->   map[state:0 result: count:0] 
[GIN] 2020/01/02 - 13:33:06 | 200 |    2.542629ms |  192.168.66.115 | POST     /getResult
[GIN] 2020/01/02 - 13:33:06 | 200 |     2.48092ms |  192.168.66.115 | POST     /getResult
[2020-01-02 13:33:07] 自開彩開獎  {202001020814 4 40 true} 
ConfigData  map[port:3306 user:fa_db charset:utf8 redisPort:6379 ip:192.168.88.181 poolname:FA_MEM password:1qaz!QAZ database:FA_MEM redisIp:192.168.88.119 redisPassword:"" redisDB:3]
SqlString  SELECT RTP,Amount,Bonus  FROM M_RtpSetting  WHERE Sid = 1   AND State = 1   AND LTG_Code = 4 AND Gid = 40
sqlResult   map[result: count:0 state:0]
[2020-01-02 13:33:07] rtpData ------->   map[result: count:0 state:0] 
[GIN] 2020/01/02 - 13:33:07 | 200 |    2.490848ms |  192.168.66.115 | POST     /getResult
[2020-01-02 13:33:08] 自開彩開獎  {202001020814 1 34 true} 
ConfigData  map[user:fa_db password:1qaz!QAZ redisPort:6379 redisPassword:"" ip:192.168.88.181 poolname:FA_MEM port:3306 database:FA_MEM charset:utf8 redisIp:192.168.88.119 redisDB:3]
SqlString  SELECT RTP,Amount,Bonus  FROM M_RtpSetting  WHERE Sid = 1   AND State = 1   AND LTG_Code = 1 AND Gid = 34
sqlResult   map[result: count:0 state:0]
[2020-01-02 13:33:08] rtpData ------->   map[result: count:0 state:0] 
[GIN] 2020/01/02 - 13:33:08 | 200 |    1.993437ms |  192.168.66.115 | POST     /getResult
[2020-01-02 13:33:08] 自開彩開獎  {202001020814 5 38 true} 
ConfigData  map[redisIp:192.168.88.119 redisPort:6379 redisPassword:"" redisDB:3 port:3306 database:FA_MEM user:fa_db password:1qaz!QAZ charset:utf8 ip:192.168.88.181 poolname:FA_MEM]
SqlString  SELECT RTP,Amount,Bonus  FROM M_RtpSetting  WHERE Sid = 1   AND State = 1   AND LTG_Code = 5 AND Gid = 38
sqlResult   map[result: count:0 state:0]
[2020-01-02 13:33:08] rtpData ------->   map[result: count:0 state:0] 
[GIN] 2020/01/02 - 13:33:08 | 200 |    2.128565ms |  192.168.66.115 | POST     /getResult
[2020-01-02 13:33:09] 自開彩開獎  {202001020272 4 41 true} 
ConfigData  map[user:fa_db password:1qaz!QAZ database:FA_MEM redisIp:192.168.88.119 redisPassword:"" redisDB:3 ip:192.168.88.181 port:3306 redisPort:6379 poolname:FA_MEM charset:utf8]
SqlString  SELECT RTP,Amount,Bonus  FROM M_RtpSetting  WHERE Sid = 1   AND State = 1   AND LTG_Code = 4 AND Gid = 41
sqlResult   map[state:0 result: count:0]
[2020-01-02 13:33:09] rtpData ------->   map[result: count:0 state:0] 
[GIN] 2020/01/02 - 13:33:09 | 200 |    2.757566ms |  192.168.66.115 | POST     /getResult
[2020-01-02 13:33:11] 自開彩開獎  {202001020272 1 35 true} 
ConfigData  map[ip:192.168.88.181 user:fa_db charset:utf8 redisIp:192.168.88.119 redisPort:6379 redisDB:3 poolname:FA_MEM port:3306 password:1qaz!QAZ database:FA_MEM redisPassword:""]
SqlString  SELECT RTP,Amount,Bonus  FROM M_RtpSetting  WHERE Sid = 1   AND State = 1   AND LTG_Code = 1 AND Gid = 35
sqlResult   map[result: count:0 state:0]
[2020-01-02 13:33:11] rtpData ------->   map[result: count:0 state:0] 
[GIN] 2020/01/02 - 13:33:11 | 200 |    2.580562ms |  192.168.66.115 | POST     /getResult
[2020-01-02 13:33:12] 自開彩開獎  {202001020814 6 36 true} 
ConfigData  map[ip:192.168.88.181 port:3306 user:fa_db redisIp:192.168.88.119 poolname:FA_MEM password:1qaz!QAZ database:FA_MEM charset:utf8 redisPort:6379 redisPassword:"" redisDB:3]
SqlString  SELECT RTP,Amount,Bonus  FROM M_RtpSetting  WHERE Sid = 1   AND State = 1   AND LTG_Code = 6 AND Gid = 36
[2020-01-02 13:33:12] 自開彩開獎  {202001020272 6 37 true} 
ConfigData  map[ip:192.168.88.181 port:3306 charset:utf8 redisIp:192.168.88.119 redisPassword:"" poolname:FA_MEM user:fa_db password:1qaz!QAZ database:FA_MEM redisPort:6379 redisDB:3]
SqlString  SELECT RTP,Amount,Bonus  FROM M_RtpSetting  WHERE Sid = 1   AND State = 1   AND LTG_Code = 6 AND Gid = 37
sqlResult   map[state:0 result: count:0]
[2020-01-02 13:33:12] rtpData ------->   map[result: count:0 state:0] 
[GIN] 2020/01/02 - 13:33:12 | 200 |    2.594103ms |  192.168.66.115 | POST     /getResult
sqlResult   map[result: count:0 state:0]
[2020-01-02 13:33:12] rtpData ------->   map[result: count:0 state:0] 
[GIN] 2020/01/02 - 13:33:12 | 200 |    2.842921ms |  192.168.66.115 | POST     /getResult
[2020-01-02 13:33:13] 自開彩開獎  {202001020814 4 40 true} 
ConfigData  map[redisPort:6379 redisDB:3 ip:192.168.88.181 poolname:FA_MEM user:fa_db database:FA_MEM charset:utf8 redisIp:192.168.88.119 port:3306 password:1qaz!QAZ redisPassword:""]
SqlString  SELECT RTP,Amount,Bonus  FROM M_RtpSetting  WHERE Sid = 1   AND State = 1   AND LTG_Code = 4 AND Gid = 40
sqlResult   map[result: count:0 state:0]
[2020-01-02 13:33:13] rtpData ------->   map[result: count:0 state:0] 
[GIN] 2020/01/02 - 13:33:13 | 200 |    2.231901ms |  192.168.66.115 | POST     /getResult
[2020-01-02 13:33:14] 自開彩開獎  {202001020814 1 34 true} 
ConfigData  map[redisPort:6379 redisDB:3 ip:192.168.88.181 poolname:FA_MEM port:3306 user:fa_db password:1qaz!QAZ redisIp:192.168.88.119 database:FA_MEM charset:utf8 redisPassword:""]
SqlString  SELECT RTP,Amount,Bonus  FROM M_RtpSetting  WHERE Sid = 1   AND State = 1   AND LTG_Code = 1 AND Gid = 34
sqlResult   map[result: count:0 state:0]
[2020-01-02 13:33:14] rtpData ------->   map[result: count:0 state:0] 
[GIN] 2020/01/02 - 13:33:14 | 200 |    2.204549ms |  192.168.66.115 | POST     /getResult
[2020-01-02 13:33:14] 自開彩開獎  {202001020814 5 38 true} 
ConfigData  map[database:FA_MEM charset:utf8 redisIp:192.168.88.119 redisDB:3 ip:192.168.88.181 user:fa_db password:1qaz!QAZ redisPort:6379 redisPassword:"" poolname:FA_MEM port:3306]
SqlString  SELECT RTP,Amount,Bonus  FROM M_RtpSetting  WHERE Sid = 1   AND State = 1   AND LTG_Code = 5 AND Gid = 38
sqlResult   map[result: count:0 state:0]
[2020-01-02 13:33:14] rtpData ------->   map[result: count:0 state:0] 
[GIN] 2020/01/02 - 13:33:14 | 200 |    2.181522ms |  192.168.66.115 | POST     /getResult
[2020-01-02 13:33:15] 自開彩開獎  {202001020272 4 41 true} 
ConfigData  map[redisDB:3 ip:192.168.88.181 port:3306 database:FA_MEM charset:utf8 redisPassword:"" poolname:FA_MEM user:fa_db password:1qaz!QAZ redisIp:192.168.88.119 redisPort:6379]
SqlString  SELECT RTP,Amount,Bonus  FROM M_RtpSetting  WHERE Sid = 1   AND State = 1   AND LTG_Code = 4 AND Gid = 41
sqlResult   map[result: count:0 state:0]
[2020-01-02 13:33:15] rtpData ------->   map[result: count:0 state:0] 
[GIN] 2020/01/02 - 13:33:15 | 200 |    2.421643ms |  192.168.66.115 | POST     /getResult
[2020-01-02 13:33:17] 自開彩開獎  {202001020272 1 35 true} 
ConfigData  map[redisIp:192.168.88.119 redisPort:6379 ip:192.168.88.181 user:fa_db charset:utf8 database:FA_MEM redisPassword:"" redisDB:3 poolname:FA_MEM port:3306 password:1qaz!QAZ]
SqlString  SELECT RTP,Amount,Bonus  FROM M_RtpSetting  WHERE Sid = 1   AND State = 1   AND LTG_Code = 1 AND Gid = 35
sqlResult   map[count:0 state:0 result:]
[2020-01-02 13:33:17] rtpData ------->   map[state:0 result: count:0] 
[GIN] 2020/01/02 - 13:33:17 | 200 |    3.392524ms |  192.168.66.115 | POST     /getResult
[2020-01-02 13:33:18] 自開彩開獎  {202001020272 6 37 true} 
ConfigData  map[redisPassword:"" poolname:FA_MEM charset:utf8 redisPort:6379 password:1qaz!QAZ database:FA_MEM redisIp:192.168.88.119 redisDB:3 ip:192.168.88.181 port:3306 user:fa_db]
SqlString  SELECT RTP,Amount,Bonus  FROM M_RtpSetting  WHERE Sid = 1   AND State = 1   AND LTG_Code = 6 AND Gid = 37
[2020-01-02 13:33:18] 自開彩開獎  {202001020814 6 36 true} 
ConfigData  map[redisIp:192.168.88.119 redisPassword:"" redisDB:3 poolname:FA_MEM port:3306 password:1qaz!QAZ database:FA_MEM ip:192.168.88.181 user:fa_db charset:utf8 redisPort:6379]
SqlString  SELECT RTP,Amount,Bonus  FROM M_RtpSetting  WHERE Sid = 1   AND State = 1   AND LTG_Code = 6 AND Gid = 36
sqlResult   map[result: count:0 state:0]
[2020-01-02 13:33:18] rtpData ------->   map[result: count:0 state:0] 
[GIN] 2020/01/02 - 13:33:18 | 200 |    2.293352ms |  192.168.66.115 | POST     /getResult
sqlResult   map[result: count:0 state:0]
[2020-01-02 13:33:18] rtpData ------->   map[state:0 result: count:0] 
[GIN] 2020/01/02 - 13:33:18 | 200 |    2.365482ms |  192.168.66.115 | POST     /getResult
[2020-01-02 13:33:19] 自開彩開獎  {202001020814 4 40 true} 
ConfigData  map[charset:utf8 redisIp:192.168.88.119 redisPort:6379 redisPassword:"" port:3306 password:1qaz!QAZ user:fa_db database:FA_MEM redisDB:3 ip:192.168.88.181 poolname:FA_MEM]
SqlString  SELECT RTP,Amount,Bonus  FROM M_RtpSetting  WHERE Sid = 1   AND State = 1   AND LTG_Code = 4 AND Gid = 40
sqlResult   map[result: count:0 state:0]
[2020-01-02 13:33:19] rtpData ------->   map[result: count:0 state:0] 
[GIN] 2020/01/02 - 13:33:19 | 200 |     2.72128ms |  192.168.66.115 | POST     /getResult
[2020-01-02 13:33:20] 自開彩開獎  {202001020814 1 34 true} 
ConfigData  map[redisPassword:"" poolname:FA_MEM port:3306 database:FA_MEM charset:utf8 redisPort:6379 redisDB:3 ip:192.168.88.181 user:fa_db password:1qaz!QAZ redisIp:192.168.88.119]
SqlString  SELECT RTP,Amount,Bonus  FROM M_RtpSetting  WHERE Sid = 1   AND State = 1   AND LTG_Code = 1 AND Gid = 34
sqlResult   map[result: count:0 state:0]
[2020-01-02 13:33:20] rtpData ------->   map[state:0 result: count:0] 
[GIN] 2020/01/02 - 13:33:20 | 200 |    2.293933ms |  192.168.66.115 | POST     /getResult
[2020-01-02 13:33:20] 自開彩開獎  {202001020814 5 38 true} 
ConfigData  map[poolname:FA_MEM password:1qaz!QAZ database:FA_MEM redisIp:192.168.88.119 redisPassword:"" ip:192.168.88.181 port:3306 user:fa_db charset:utf8 redisPort:6379 redisDB:3]
SqlString  SELECT RTP,Amount,Bonus  FROM M_RtpSetting  WHERE Sid = 1   AND State = 1   AND LTG_Code = 5 AND Gid = 38
sqlResult   map[result: count:0 state:0]
[2020-01-02 13:33:20] rtpData ------->   map[result: count:0 state:0] 
[GIN] 2020/01/02 - 13:33:20 | 200 |    2.073605ms |  192.168.66.115 | POST     /getResult
[2020-01-02 13:33:21] 自開彩開獎  {202001020272 4 41 true} 
ConfigData  map[poolname:FA_MEM user:fa_db database:FA_MEM redisIp:192.168.88.119 redisPassword:"" redisDB:3 ip:192.168.88.181 port:3306 password:1qaz!QAZ charset:utf8 redisPort:6379]
SqlString  SELECT RTP,Amount,Bonus  FROM M_RtpSetting  WHERE Sid = 1   AND State = 1   AND LTG_Code = 4 AND Gid = 41
sqlResult   map[result: count:0 state:0]
[2020-01-02 13:33:21] rtpData ------->   map[count:0 state:0 result:] 
[GIN] 2020/01/02 - 13:33:21 | 200 |    2.415767ms |  192.168.66.115 | POST     /getResult
[2020-01-02 13:33:23] 自開彩開獎  {202001020272 1 35 true} 
ConfigData  map[port:3306 user:fa_db database:FA_MEM redisIp:192.168.88.119 redisPort:6379 redisDB:3 ip:192.168.88.181 poolname:FA_MEM password:1qaz!QAZ charset:utf8 redisPassword:""]
SqlString  SELECT RTP,Amount,Bonus  FROM M_RtpSetting  WHERE Sid = 1   AND State = 1   AND LTG_Code = 1 AND Gid = 35
sqlResult   map[result: count:0 state:0]
[2020-01-02 13:33:23] rtpData ------->   map[result: count:0 state:0] 
[GIN] 2020/01/02 - 13:33:23 | 200 |    2.724891ms |  192.168.66.115 | POST     /getResult
[2020-01-02 13:33:24] 自開彩開獎  {202001020272 6 37 true} 
ConfigData  map[redisDB:3 port:3306 password:1qaz!QAZ redisIp:192.168.88.119 redisPort:6379 charset:utf8 redisPassword:"" ip:192.168.88.181 poolname:FA_MEM user:fa_db database:FA_MEM]
SqlString  SELECT RTP,Amount,Bonus  FROM M_RtpSetting  WHERE Sid = 1   AND State = 1   AND LTG_Code = 6 AND Gid = 37
[2020-01-02 13:33:24] 自開彩開獎  {202001020814 6 36 true} 
ConfigData  map[port:3306 charset:utf8 redisPort:6379 redisPassword:"" redisDB:3 ip:192.168.88.181 poolname:FA_MEM user:fa_db password:1qaz!QAZ database:FA_MEM redisIp:192.168.88.119]
SqlString  SELECT RTP,Amount,Bonus  FROM M_RtpSetting  WHERE Sid = 1   AND State = 1   AND LTG_Code = 6 AND Gid = 36
sqlResult   map[result: count:0 state:0]
[2020-01-02 13:33:24] rtpData ------->   map[state:0 result: count:0] 
[GIN] 2020/01/02 - 13:33:24 | 200 |     2.51359ms |  192.168.66.115 | POST     /getResult
sqlResult   map[result: count:0 state:0]
[2020-01-02 13:33:24] rtpData ------->   map[count:0 state:0 result:] 
[GIN] 2020/01/02 - 13:33:24 | 200 |    2.527603ms |  192.168.66.115 | POST     /getResult
[2020-01-02 13:33:25] 自開彩開獎  {202001020814 4 40 true} 
ConfigData  map[ip:192.168.88.181 port:3306 user:fa_db redisPort:6379 redisDB:3 poolname:FA_MEM password:1qaz!QAZ database:FA_MEM charset:utf8 redisIp:192.168.88.119 redisPassword:""]
SqlString  SELECT RTP,Amount,Bonus  FROM M_RtpSetting  WHERE Sid = 1   AND State = 1   AND LTG_Code = 4 AND Gid = 40
sqlResult   map[result: count:0 state:0]
[2020-01-02 13:33:25] rtpData ------->   map[result: count:0 state:0] 
[GIN] 2020/01/02 - 13:33:25 | 200 |    2.448085ms |  192.168.66.115 | POST     /getResult
[2020-01-02 13:33:26] 自開彩開獎  {202001020814 1 34 true} 
ConfigData  map[port:3306 user:fa_db charset:utf8 redisIp:192.168.88.119 ip:192.168.88.181 poolname:FA_MEM password:1qaz!QAZ database:FA_MEM redisPort:6379 redisPassword:"" redisDB:3]
SqlString  SELECT RTP,Amount,Bonus  FROM M_RtpSetting  WHERE Sid = 1   AND State = 1   AND LTG_Code = 1 AND Gid = 34
sqlResult   map[result: count:0 state:0]
[2020-01-02 13:33:26] rtpData ------->   map[result: count:0 state:0] 
[GIN] 2020/01/02 - 13:33:26 | 200 |    2.364666ms |  192.168.66.115 | POST     /getResult
[2020-01-02 13:33:26] 自開彩開獎  {202001020814 5 38 true} 
ConfigData  map[poolname:FA_MEM user:fa_db redisDB:3 redisPassword:"" ip:192.168.88.181 port:3306 password:1qaz!QAZ database:FA_MEM charset:utf8 redisIp:192.168.88.119 redisPort:6379]
SqlString  SELECT RTP,Amount,Bonus  FROM M_RtpSetting  WHERE Sid = 1   AND State = 1   AND LTG_Code = 5 AND Gid = 38
sqlResult   map[result: count:0 state:0]
[2020-01-02 13:33:26] rtpData ------->   map[result: count:0 state:0] 
[GIN] 2020/01/02 - 13:33:26 | 200 |    2.187392ms |  192.168.66.115 | POST     /getResult
[2020-01-02 13:33:27] 自開彩開獎  {202001020272 4 41 true} 
ConfigData  map[port:3306 user:fa_db charset:utf8 redisPort:6379 redisPassword:"" redisDB:3 ip:192.168.88.181 poolname:FA_MEM password:1qaz!QAZ database:FA_MEM redisIp:192.168.88.119]
SqlString  SELECT RTP,Amount,Bonus  FROM M_RtpSetting  WHERE Sid = 1   AND State = 1   AND LTG_Code = 4 AND Gid = 41
sqlResult   map[count:0 state:0 result:]
[2020-01-02 13:33:27] rtpData ------->   map[state:0 result: count:0] 
[GIN] 2020/01/02 - 13:33:27 | 200 |     2.63361ms |  192.168.66.115 | POST     /getResult
[2020-01-02 13:33:29] 自開彩開獎  {202001020272 1 35 true} 
ConfigData  map[database:FA_MEM redisPassword:"" redisDB:3 redisIp:192.168.88.119 redisPort:6379 ip:192.168.88.181 poolname:FA_MEM port:3306 user:fa_db password:1qaz!QAZ charset:utf8]
SqlString  SELECT RTP,Amount,Bonus  FROM M_RtpSetting  WHERE Sid = 1   AND State = 1   AND LTG_Code = 1 AND Gid = 35
sqlResult   map[result: count:0 state:0]
[2020-01-02 13:33:29] rtpData ------->   map[result: count:0 state:0] 
[GIN] 2020/01/02 - 13:33:29 | 200 |    2.228126ms |  192.168.66.115 | POST     /getResult
[2020-01-02 13:33:30] 自開彩開獎  {202001020272 6 37 true} 
[2020-01-02 13:33:30] 自開彩開獎  {202001020814 6 36 true} 
ConfigData  map[port:3306 user:fa_db database:FA_MEM redisDB:3 redisPassword:"" ip:192.168.88.181 poolname:FA_MEM password:1qaz!QAZ charset:utf8 redisIp:192.168.88.119 redisPort:6379]
SqlString  SELECT RTP,Amount,Bonus  FROM M_RtpSetting  WHERE Sid = 1   AND State = 1   AND LTG_Code = 6 AND Gid = 37
ConfigData  map[redisPort:6379 redisPassword:"" poolname:FA_MEM port:3306 database:FA_MEM redisIp:192.168.88.119 redisDB:3 ip:192.168.88.181 user:fa_db password:1qaz!QAZ charset:utf8]
SqlString  SELECT RTP,Amount,Bonus  FROM M_RtpSetting  WHERE Sid = 1   AND State = 1   AND LTG_Code = 6 AND Gid = 36
sqlResult   map[result: count:0 state:0]
[2020-01-02 13:33:30] rtpData ------->   map[result: count:0 state:0] 
[GIN] 2020/01/02 - 13:33:30 | 200 |    3.296535ms |  192.168.66.115 | POST     /getResult
sqlResult   map[result: count:0 state:0]
[2020-01-02 13:33:30] rtpData ------->   map[result: count:0 state:0] 
[GIN] 2020/01/02 - 13:33:30 | 200 |    3.558643ms |  192.168.66.115 | POST     /getResult
[2020-01-02 13:33:31] 自開彩開獎  {202001020814 4 40 true} 
ConfigData  map[redisPort:6379 redisDB:3 poolname:FA_MEM charset:utf8 user:fa_db password:1qaz!QAZ database:FA_MEM redisIp:192.168.88.119 redisPassword:"" ip:192.168.88.181 port:3306]
SqlString  SELECT RTP,Amount,Bonus  FROM M_RtpSetting  WHERE Sid = 1   AND State = 1   AND LTG_Code = 4 AND Gid = 40
sqlResult   map[count:0 state:0 result:]
[2020-01-02 13:33:31] rtpData ------->   map[state:0 result: count:0] 
[GIN] 2020/01/02 - 13:33:31 | 200 |    2.367287ms |  192.168.66.115 | POST     /getResult
[2020-01-02 13:33:32] 自開彩開獎  {202001020814 1 34 true} 
ConfigData  map[ip:192.168.88.181 poolname:FA_MEM password:1qaz!QAZ redisIp:192.168.88.119 redisPort:6379 redisPassword:"" redisDB:3 port:3306 user:fa_db database:FA_MEM charset:utf8]
SqlString  SELECT RTP,Amount,Bonus  FROM M_RtpSetting  WHERE Sid = 1   AND State = 1   AND LTG_Code = 1 AND Gid = 34
sqlResult   map[result: count:0 state:0]
[2020-01-02 13:33:32] rtpData ------->   map[result: count:0 state:0] 
[GIN] 2020/01/02 - 13:33:32 | 200 |    2.581665ms |  192.168.66.115 | POST     /getResult
[2020-01-02 13:33:32] 自開彩開獎  {202001020814 5 38 true} 
ConfigData  map[charset:utf8 redisPassword:"" redisDB:3 ip:192.168.88.181 poolname:FA_MEM port:3306 user:fa_db password:1qaz!QAZ database:FA_MEM redisIp:192.168.88.119 redisPort:6379]
SqlString  SELECT RTP,Amount,Bonus  FROM M_RtpSetting  WHERE Sid = 1   AND State = 1   AND LTG_Code = 5 AND Gid = 38
sqlResult   map[result: count:0 state:0]
[2020-01-02 13:33:32] rtpData ------->   map[count:0 state:0 result:] 
[GIN] 2020/01/02 - 13:33:32 | 200 |    2.264383ms |  192.168.66.115 | POST     /getResult
[2020-01-02 13:33:33] 自開彩開獎  {202001020272 4 41 true} 
ConfigData  map[user:fa_db password:1qaz!QAZ redisPort:6379 redisPassword:"" ip:192.168.88.181 poolname:FA_MEM port:3306 redisDB:3 database:FA_MEM charset:utf8 redisIp:192.168.88.119]
SqlString  SELECT RTP,Amount,Bonus  FROM M_RtpSetting  WHERE Sid = 1   AND State = 1   AND LTG_Code = 4 AND Gid = 41
sqlResult   map[count:0 state:0 result:]
[2020-01-02 13:33:33] rtpData ------->   map[result: count:0 state:0] 
[GIN] 2020/01/02 - 13:33:33 | 200 |    2.817846ms |  192.168.66.115 | POST     /getResult
[2020-01-02 13:33:35] 自開彩開獎  {202001020272 1 35 true} 
ConfigData  map[ip:192.168.88.181 port:3306 password:1qaz!QAZ database:FA_MEM charset:utf8 redisPort:6379 poolname:FA_MEM user:fa_db redisIp:192.168.88.119 redisPassword:"" redisDB:3]
SqlString  SELECT RTP,Amount,Bonus  FROM M_RtpSetting  WHERE Sid = 1   AND State = 1   AND LTG_Code = 1 AND Gid = 35
sqlResult   map[state:0 result: count:0]
[2020-01-02 13:33:35] rtpData ------->   map[result: count:0 state:0] 
[GIN] 2020/01/02 - 13:33:35 | 200 |    2.415278ms |  192.168.66.115 | POST     /getResult
[2020-01-02 13:33:36] 自開彩開獎  {202001020814 6 36 true} 
ConfigData  map[ip:192.168.88.181 poolname:FA_MEM database:FA_MEM charset:utf8 redisIp:192.168.88.119 port:3306 user:fa_db password:1qaz!QAZ redisPort:6379 redisPassword:"" redisDB:3]
SqlString  SELECT RTP,Amount,Bonus  FROM M_RtpSetting  WHERE Sid = 1   AND State = 1   AND LTG_Code = 6 AND Gid = 36
[2020-01-02 13:33:36] 自開彩開獎  {202001020272 6 37 true} 
ConfigData  map[user:fa_db charset:utf8 redisPort:6379 redisPassword:"" redisDB:3 ip:192.168.88.181 poolname:FA_MEM port:3306 password:1qaz!QAZ database:FA_MEM redisIp:192.168.88.119]
SqlString  SELECT RTP,Amount,Bonus  FROM M_RtpSetting  WHERE Sid = 1   AND State = 1   AND LTG_Code = 6 AND Gid = 37
sqlResult   map[state:0 result: count:0]
[2020-01-02 13:33:36] rtpData ------->   map[result: count:0 state:0] 
sqlResult   map[result: count:0 state:0]
[2020-01-02 13:33:36] rtpData ------->   map[result: count:0 state:0] 
[GIN] 2020/01/02 - 13:33:36 | 200 |    2.758768ms |  192.168.66.115 | POST     /getResult
[GIN] 2020/01/02 - 13:33:36 | 200 |     2.57695ms |  192.168.66.115 | POST     /getResult
[2020-01-02 13:33:37] 自開彩開獎  {202001020814 4 40 true} 
ConfigData  map[poolname:FA_MEM port:3306 charset:utf8 redisPassword:"" redisDB:3 ip:192.168.88.181 user:fa_db password:1qaz!QAZ database:FA_MEM redisIp:192.168.88.119 redisPort:6379]
SqlString  SELECT RTP,Amount,Bonus  FROM M_RtpSetting  WHERE Sid = 1   AND State = 1   AND LTG_Code = 4 AND Gid = 40
sqlResult   map[result: count:0 state:0]
[2020-01-02 13:33:37] rtpData ------->   map[result: count:0 state:0] 
[GIN] 2020/01/02 - 13:33:37 | 200 |    2.267913ms |  192.168.66.115 | POST     /getResult
[2020-01-02 13:33:38] 自開彩開獎  {202001020814 1 34 true} 
ConfigData  map[redisIp:192.168.88.119 redisPort:6379 redisPassword:"" redisDB:3 ip:192.168.88.181 port:3306 password:1qaz!QAZ charset:utf8 poolname:FA_MEM user:fa_db database:FA_MEM]
SqlString  SELECT RTP,Amount,Bonus  FROM M_RtpSetting  WHERE Sid = 1   AND State = 1   AND LTG_Code = 1 AND Gid = 34
sqlResult   map[result: count:0 state:0]
[2020-01-02 13:33:38] rtpData ------->   map[result: count:0 state:0] 
[GIN] 2020/01/02 - 13:33:38 | 200 |    2.497964ms |  192.168.66.115 | POST     /getResult
[2020-01-02 13:33:38] 自開彩開獎  {202001020814 5 38 true} 
ConfigData  map[redisPassword:"" ip:192.168.88.181 port:3306 user:fa_db database:FA_MEM redisIp:192.168.88.119 poolname:FA_MEM password:1qaz!QAZ charset:utf8 redisPort:6379 redisDB:3]
SqlString  SELECT RTP,Amount,Bonus  FROM M_RtpSetting  WHERE Sid = 1   AND State = 1   AND LTG_Code = 5 AND Gid = 38
sqlResult   map[result: count:0 state:0]
[2020-01-02 13:33:38] rtpData ------->   map[result: count:0 state:0] 
[GIN] 2020/01/02 - 13:33:38 | 200 |    2.151089ms |  192.168.66.115 | POST     /getResult
[2020-01-02 13:33:39] 自開彩開獎  {202001020272 4 41 true} 
ConfigData  map[redisPort:6379 ip:192.168.88.181 charset:utf8 redisIp:192.168.88.119 password:1qaz!QAZ database:FA_MEM redisPassword:"" redisDB:3 poolname:FA_MEM port:3306 user:fa_db]
SqlString  SELECT RTP,Amount,Bonus  FROM M_RtpSetting  WHERE Sid = 1   AND State = 1   AND LTG_Code = 4 AND Gid = 41
sqlResult   map[result: count:0 state:0]
[2020-01-02 13:33:39] rtpData ------->   map[state:0 result: count:0] 
[GIN] 2020/01/02 - 13:33:39 | 200 |     2.44616ms |  192.168.66.115 | POST     /getResult
[2020-01-02 13:33:41] 自開彩開獎  {202001020272 1 35 true} 
ConfigData  map[password:1qaz!QAZ charset:utf8 redisPassword:"" ip:192.168.88.181 poolname:FA_MEM database:FA_MEM redisIp:192.168.88.119 redisPort:6379 redisDB:3 port:3306 user:fa_db]
SqlString  SELECT RTP,Amount,Bonus  FROM M_RtpSetting  WHERE Sid = 1   AND State = 1   AND LTG_Code = 1 AND Gid = 35
sqlResult   map[result: count:0 state:0]
[2020-01-02 13:33:41] rtpData ------->   map[state:0 result: count:0] 
[GIN] 2020/01/02 - 13:33:41 | 200 |    3.036597ms |  192.168.66.115 | POST     /getResult
[2020-01-02 13:33:42] 自開彩開獎  {202001020272 6 37 true} 
ConfigData  map[user:fa_db redisIp:192.168.88.119 redisDB:3 redisPort:6379 redisPassword:"" ip:192.168.88.181 poolname:FA_MEM port:3306 password:1qaz!QAZ database:FA_MEM charset:utf8]
SqlString  SELECT RTP,Amount,Bonus  FROM M_RtpSetting  WHERE Sid = 1   AND State = 1   AND LTG_Code = 6 AND Gid = 37
[2020-01-02 13:33:42] 自開彩開獎  {202001020814 6 36 true} 
ConfigData  map[poolname:FA_MEM database:FA_MEM charset:utf8 redisPort:6379 redisPassword:"" redisDB:3 ip:192.168.88.181 port:3306 user:fa_db password:1qaz!QAZ redisIp:192.168.88.119]
SqlString  SELECT RTP,Amount,Bonus  FROM M_RtpSetting  WHERE Sid = 1   AND State = 1   AND LTG_Code = 6 AND Gid = 36
sqlResult   map[result: count:0 state:0]
[2020-01-02 13:33:42] rtpData ------->   map[result: count:0 state:0] 
[GIN] 2020/01/02 - 13:33:42 | 200 |    2.707729ms |  192.168.66.115 | POST     /getResult
sqlResult   map[result: count:0 state:0]
[2020-01-02 13:33:42] rtpData ------->   map[count:0 state:0 result:] 
[GIN] 2020/01/02 - 13:33:42 | 200 |    2.865264ms |  192.168.66.115 | POST     /getResult
[2020-01-02 13:33:43] 自開彩開獎  {202001020814 4 40 true} 
ConfigData  map[password:1qaz!QAZ database:FA_MEM redisDB:3 ip:192.168.88.181 port:3306 charset:utf8 redisIp:192.168.88.119 redisPort:6379 redisPassword:"" poolname:FA_MEM user:fa_db]
SqlString  SELECT RTP,Amount,Bonus  FROM M_RtpSetting  WHERE Sid = 1   AND State = 1   AND LTG_Code = 4 AND Gid = 40
sqlResult   map[result: count:0 state:0]
[2020-01-02 13:33:43] rtpData ------->   map[result: count:0 state:0] 
[GIN] 2020/01/02 - 13:33:43 | 200 |    2.428257ms |  192.168.66.115 | POST     /getResult
[2020-01-02 13:33:44] 自開彩開獎  {202001020814 1 34 true} 
ConfigData  map[redisDB:3 redisIp:192.168.88.119 redisPort:6379 redisPassword:"" user:fa_db password:1qaz!QAZ database:FA_MEM charset:utf8 ip:192.168.88.181 poolname:FA_MEM port:3306]
SqlString  SELECT RTP,Amount,Bonus  FROM M_RtpSetting  WHERE Sid = 1   AND State = 1   AND LTG_Code = 1 AND Gid = 34
sqlResult   map[state:0 result: count:0]
[2020-01-02 13:33:44] rtpData ------->   map[result: count:0 state:0] 
[GIN] 2020/01/02 - 13:33:44 | 200 |    3.032114ms |  192.168.66.115 | POST     /getResult
[2020-01-02 13:33:44] 自開彩開獎  {202001020814 5 38 true} 
ConfigData  map[user:fa_db database:FA_MEM charset:utf8 redisIp:192.168.88.119 redisDB:3 ip:192.168.88.181 poolname:FA_MEM port:3306 password:1qaz!QAZ redisPort:6379 redisPassword:""]
SqlString  SELECT RTP,Amount,Bonus  FROM M_RtpSetting  WHERE Sid = 1   AND State = 1   AND LTG_Code = 5 AND Gid = 38
sqlResult   map[result: count:0 state:0]
[2020-01-02 13:33:44] rtpData ------->   map[count:0 state:0 result:] 
[GIN] 2020/01/02 - 13:33:44 | 200 |    2.262494ms |  192.168.66.115 | POST     /getResult
[2020-01-02 13:33:45] 自開彩開獎  {202001020272 4 41 true} 
ConfigData  map[redisIp:192.168.88.119 ip:192.168.88.181 port:3306 password:1qaz!QAZ charset:utf8 redisPassword:"" redisDB:3 poolname:FA_MEM user:fa_db database:FA_MEM redisPort:6379]
SqlString  SELECT RTP,Amount,Bonus  FROM M_RtpSetting  WHERE Sid = 1   AND State = 1   AND LTG_Code = 4 AND Gid = 41
sqlResult   map[result: count:0 state:0]
[2020-01-02 13:33:45] rtpData ------->   map[result: count:0 state:0] 
[GIN] 2020/01/02 - 13:33:45 | 200 |    3.451622ms |  192.168.66.115 | POST     /getResult
[2020-01-02 13:33:47] 自開彩開獎  {202001020272 1 35 true} 
ConfigData  map[password:1qaz!QAZ database:FA_MEM redisPort:6379 redisPassword:"" poolname:FA_MEM port:3306 charset:utf8 redisIp:192.168.88.119 redisDB:3 ip:192.168.88.181 user:fa_db]
SqlString  SELECT RTP,Amount,Bonus  FROM M_RtpSetting  WHERE Sid = 1   AND State = 1   AND LTG_Code = 1 AND Gid = 35
sqlResult   map[result: count:0 state:0]
[2020-01-02 13:33:47] rtpData ------->   map[result: count:0 state:0] 
[GIN] 2020/01/02 - 13:33:47 | 200 |    2.666371ms |  192.168.66.115 | POST     /getResult
[2020-01-02 13:33:48] 自開彩開獎  {202001020814 6 36 true} 
ConfigData  map[port:3306 password:1qaz!QAZ redisPort:6379 redisPassword:"" redisDB:3 ip:192.168.88.181 poolname:FA_MEM user:fa_db database:FA_MEM charset:utf8 redisIp:192.168.88.119]
SqlString  SELECT RTP,Amount,Bonus  FROM M_RtpSetting  WHERE Sid = 1   AND State = 1   AND LTG_Code = 6 AND Gid = 36
[2020-01-02 13:33:48] 自開彩開獎  {202001020272 6 37 true} 
ConfigData  map[port:3306 database:FA_MEM redisIp:192.168.88.119 redisPassword:"" ip:192.168.88.181 poolname:FA_MEM user:fa_db password:1qaz!QAZ charset:utf8 redisPort:6379 redisDB:3]
SqlString  SELECT RTP,Amount,Bonus  FROM M_RtpSetting  WHERE Sid = 1   AND State = 1   AND LTG_Code = 6 AND Gid = 37
sqlResult   map[result: count:0 state:0]
sqlResult   map[state:0 result: count:0]
[2020-01-02 13:33:48] rtpData ------->   map[count:0 state:0 result:] 
[GIN] 2020/01/02 - 13:33:48 | 200 |    2.765712ms |  192.168.66.115 | POST     /getResult
[2020-01-02 13:33:48] rtpData ------->   map[result: count:0 state:0] 
[GIN] 2020/01/02 - 13:33:48 | 200 |    2.565081ms |  192.168.66.115 | POST     /getResult
[2020-01-02 13:33:49] 自開彩開獎  {202001020814 4 40 true} 
ConfigData  map[ip:192.168.88.181 database:FA_MEM charset:utf8 redisPassword:"" redisDB:3 poolname:FA_MEM port:3306 user:fa_db password:1qaz!QAZ redisIp:192.168.88.119 redisPort:6379]
SqlString  SELECT RTP,Amount,Bonus  FROM M_RtpSetting  WHERE Sid = 1   AND State = 1   AND LTG_Code = 4 AND Gid = 40
sqlResult   map[result: count:0 state:0]
[2020-01-02 13:33:49] rtpData ------->   map[result: count:0 state:0] 
[GIN] 2020/01/02 - 13:33:49 | 200 |    2.499636ms |  192.168.66.115 | POST     /getResult
[2020-01-02 13:33:50] 自開彩開獎  {202001020814 1 34 true} 
ConfigData  map[ip:192.168.88.181 poolname:FA_MEM database:FA_MEM redisPort:6379 redisPassword:"" redisDB:3 port:3306 user:fa_db password:1qaz!QAZ charset:utf8 redisIp:192.168.88.119]
SqlString  SELECT RTP,Amount,Bonus  FROM M_RtpSetting  WHERE Sid = 1   AND State = 1   AND LTG_Code = 1 AND Gid = 34
sqlResult   map[result: count:0 state:0]
[2020-01-02 13:33:50] rtpData ------->   map[result: count:0 state:0] 
[GIN] 2020/01/02 - 13:33:50 | 200 |    3.107455ms |  192.168.66.115 | POST     /getResult
[2020-01-02 13:33:50] 自開彩開獎  {202001020814 5 38 true} 
ConfigData  map[redisPort:6379 redisPassword:"" ip:192.168.88.181 user:fa_db charset:utf8 database:FA_MEM redisIp:192.168.88.119 redisDB:3 poolname:FA_MEM port:3306 password:1qaz!QAZ]
SqlString  SELECT RTP,Amount,Bonus  FROM M_RtpSetting  WHERE Sid = 1   AND State = 1   AND LTG_Code = 5 AND Gid = 38
sqlResult   map[result: count:0 state:0]
[2020-01-02 13:33:50] rtpData ------->   map[result: count:0 state:0] 
[GIN] 2020/01/02 - 13:33:50 | 200 |    2.174749ms |  192.168.66.115 | POST     /getResult
[2020-01-02 13:33:51] 自開彩開獎  {202001020272 4 41 true} 
ConfigData  map[poolname:FA_MEM port:3306 database:FA_MEM redisPort:6379 ip:192.168.88.181 password:1qaz!QAZ charset:utf8 redisIp:192.168.88.119 redisPassword:"" redisDB:3 user:fa_db]
SqlString  SELECT RTP,Amount,Bonus  FROM M_RtpSetting  WHERE Sid = 1   AND State = 1   AND LTG_Code = 4 AND Gid = 41
sqlResult   map[result: count:0 state:0]
[2020-01-02 13:33:51] rtpData ------->   map[result: count:0 state:0] 
[GIN] 2020/01/02 - 13:33:51 | 200 |    2.551011ms |  192.168.66.115 | POST     /getResult
[2020-01-02 13:33:53] 自開彩開獎  {202001020272 1 35 true} 
ConfigData  map[port:3306 user:fa_db database:FA_MEM redisPassword:"" ip:192.168.88.181 poolname:FA_MEM redisIp:192.168.88.119 redisPort:6379 redisDB:3 password:1qaz!QAZ charset:utf8]
SqlString  SELECT RTP,Amount,Bonus  FROM M_RtpSetting  WHERE Sid = 1   AND State = 1   AND LTG_Code = 1 AND Gid = 35
sqlResult   map[result: count:0 state:0]
[2020-01-02 13:33:53] rtpData ------->   map[result: count:0 state:0] 
[GIN] 2020/01/02 - 13:33:53 | 200 |    2.209471ms |  192.168.66.115 | POST     /getResult
[2020-01-02 13:33:54] 自開彩開獎  {202001020814 6 36 true} 
ConfigData  map[password:1qaz!QAZ charset:utf8 redisIp:192.168.88.119 user:fa_db poolname:FA_MEM port:3306 database:FA_MEM redisPort:6379 redisPassword:"" redisDB:3 ip:192.168.88.181]
SqlString  SELECT RTP,Amount,Bonus  FROM M_RtpSetting  WHERE Sid = 1   AND State = 1   AND LTG_Code = 6 AND Gid = 36
[2020-01-02 13:33:54] 自開彩開獎  {202001020272 6 37 true} 
ConfigData  map[database:FA_MEM redisPassword:"" poolname:FA_MEM password:1qaz!QAZ user:fa_db charset:utf8 redisIp:192.168.88.119 redisPort:6379 redisDB:3 ip:192.168.88.181 port:3306]
SqlString  SELECT RTP,Amount,Bonus  FROM M_RtpSetting  WHERE Sid = 1   AND State = 1   AND LTG_Code = 6 AND Gid = 37
sqlResult   map[result: count:0 state:0]
[2020-01-02 13:33:54] rtpData ------->   map[state:0 result: count:0] 
[GIN] 2020/01/02 - 13:33:54 | 200 |    2.108139ms |  192.168.66.115 | POST     /getResult
sqlResult   map[result: count:0 state:0]
[2020-01-02 13:33:54] rtpData ------->   map[count:0 state:0 result:] 
[GIN] 2020/01/02 - 13:33:54 | 200 |    2.380668ms |  192.168.66.115 | POST     /getResult
[2020-01-02 13:33:55] 自開彩開獎  {202001020814 4 40 true} 
ConfigData  map[poolname:FA_MEM user:fa_db charset:utf8 redisIp:192.168.88.119 redisPort:6379 ip:192.168.88.181 port:3306 password:1qaz!QAZ database:FA_MEM redisPassword:"" redisDB:3]
SqlString  SELECT RTP,Amount,Bonus  FROM M_RtpSetting  WHERE Sid = 1   AND State = 1   AND LTG_Code = 4 AND Gid = 40
sqlResult   map[count:0 state:0 result:]
[2020-01-02 13:33:55] rtpData ------->   map[state:0 result: count:0] 
[GIN] 2020/01/02 - 13:33:55 | 200 |    2.204473ms |  192.168.66.115 | POST     /getResult
[2020-01-02 13:33:56] 自開彩開獎  {202001020814 1 34 true} 
ConfigData  map[user:fa_db password:1qaz!QAZ database:FA_MEM redisIp:192.168.88.119 ip:192.168.88.181 port:3306 redisPort:6379 redisPassword:"" redisDB:3 poolname:FA_MEM charset:utf8]
SqlString  SELECT RTP,Amount,Bonus  FROM M_RtpSetting  WHERE Sid = 1   AND State = 1   AND LTG_Code = 1 AND Gid = 34
sqlResult   map[result: count:0 state:0]
[2020-01-02 13:33:56] rtpData ------->   map[state:0 result: count:0] 
[GIN] 2020/01/02 - 13:33:56 | 200 |    2.867645ms |  192.168.66.115 | POST     /getResult
[2020-01-02 13:33:56] 自開彩開獎  {202001020814 5 38 true} 
ConfigData  map[redisDB:3 ip:192.168.88.181 poolname:FA_MEM port:3306 password:1qaz!QAZ database:FA_MEM redisIp:192.168.88.119 redisPassword:"" user:fa_db charset:utf8 redisPort:6379]
SqlString  SELECT RTP,Amount,Bonus  FROM M_RtpSetting  WHERE Sid = 1   AND State = 1   AND LTG_Code = 5 AND Gid = 38
sqlResult   map[result: count:0 state:0]
[2020-01-02 13:33:56] rtpData ------->   map[result: count:0 state:0] 
[GIN] 2020/01/02 - 13:33:56 | 200 |     2.11054ms |  192.168.66.115 | POST     /getResult
[2020-01-02 13:33:57] 自開彩開獎  {202001020272 4 41 true} 
ConfigData  map[poolname:FA_MEM redisPort:6379 redisPassword:"" ip:192.168.88.181 user:fa_db password:1qaz!QAZ database:FA_MEM charset:utf8 redisIp:192.168.88.119 redisDB:3 port:3306]
SqlString  SELECT RTP,Amount,Bonus  FROM M_RtpSetting  WHERE Sid = 1   AND State = 1   AND LTG_Code = 4 AND Gid = 41
sqlResult   map[result: count:0 state:0]
[2020-01-02 13:33:57] rtpData ------->   map[result: count:0 state:0] 
[GIN] 2020/01/02 - 13:33:57 | 200 |    2.368882ms |  192.168.66.115 | POST     /getResult
[2020-01-02 13:33:59] 自開彩開獎  {202001020272 1 35 true} 
ConfigData  map[redisIp:192.168.88.119 redisDB:3 ip:192.168.88.181 charset:utf8 user:fa_db password:1qaz!QAZ database:FA_MEM redisPort:6379 redisPassword:"" poolname:FA_MEM port:3306]
SqlString  SELECT RTP,Amount,Bonus  FROM M_RtpSetting  WHERE Sid = 1   AND State = 1   AND LTG_Code = 1 AND Gid = 35
sqlResult   map[result: count:0 state:0]
[2020-01-02 13:33:59] rtpData ------->   map[state:0 result: count:0] 
[GIN] 2020/01/02 - 13:33:59 | 200 |    2.594941ms |  192.168.66.115 | POST     /getResult
[2020-01-02 13:34:00] 自開彩開獎  {202001020814 6 36 true} 
ConfigData  map[port:3306 user:fa_db password:1qaz!QAZ redisIp:192.168.88.119 redisPort:6379 redisDB:3 ip:192.168.88.181 poolname:FA_MEM database:FA_MEM charset:utf8 redisPassword:""]
SqlString  SELECT RTP,Amount,Bonus  FROM M_RtpSetting  WHERE Sid = 1   AND State = 1   AND LTG_Code = 6 AND Gid = 36
[2020-01-02 13:34:00] 自開彩開獎  {202001020272 6 37 true} 
ConfigData  map[redisPassword:"" ip:192.168.88.181 poolname:FA_MEM port:3306 database:FA_MEM charset:utf8 redisIp:192.168.88.119 user:fa_db password:1qaz!QAZ redisPort:6379 redisDB:3]
SqlString  SELECT RTP,Amount,Bonus  FROM M_RtpSetting  WHERE Sid = 1   AND State = 1   AND LTG_Code = 6 AND Gid = 37
sqlResult   map[count:0 state:0 result:]
[2020-01-02 13:34:00] rtpData ------->   map[result: count:0 state:0] 
[GIN] 2020/01/02 - 13:34:00 | 200 |    2.790322ms |  192.168.66.115 | POST     /getResult
sqlResult   map[result: count:0 state:0]
[2020-01-02 13:34:00] rtpData ------->   map[result: count:0 state:0] 
[GIN] 2020/01/02 - 13:34:00 | 200 |    2.003048ms |  192.168.66.115 | POST     /getResult
[2020-01-02 13:34:01] 自開彩開獎  {202001020815 2 26 true} 
ConfigData  map[user:fa_db database:FA_MEM redisIp:192.168.88.119 redisDB:3 ip:192.168.88.181 port:3306 charset:utf8 redisPort:6379 redisPassword:"" poolname:FA_MEM password:1qaz!QAZ]
SqlString  SELECT RTP,Amount,Bonus  FROM M_RtpSetting  WHERE Sid = 1   AND State = 1   AND LTG_Code = 2 AND Gid = 26
sqlResult   map[amount:1.0069588e+06 bonus:908100.71 result:0.9600 count:1 state:1]
[2020-01-02 13:34:01] rtpData ------->   map[result:0.9600 count:1 state:1 amount:1.0069588e+06 bonus:908100.71] 
ConfigData  map[database:FA_MEM redisIp:192.168.88.119 redisPassword:"" redisDB:3 poolname:FA_MEM password:1qaz!QAZ user:fa_db charset:utf8 redisPort:6379 ip:192.168.88.181 port:3306]
SELECT BO_No, BO_OrderNo , BO_User , BO_Issue  , BO_LotteryTypeGroup, BO_LotteryType, BO_Mode, BO_LotteryPlayGroup, BO_LotteryPlay , BO_LotteryContent, BO_Price, BO_RealPrice, BO_Unit, BO_Multiple , BO_BetCount  , BO_Winnings, BO_Winnings2, BO_Winnings3, BO_WinningLimit  , BO_Water , BO_BW_SourceUserId, BO_BW_BackWater, BO_BW_LimitBetCount, BO_BW_MaxAmount, BO_BW_AuditMultiple  , BO_Odds, BO_Odds2, BO_Odds3 , BO_Type, BO_Chase , BO_OpenResult, BO_OpenResult2, BO_DateDraw, BO_DateDraw2, BO_DateUpdate  FROM TS_BetOrder  WHERE BO_Cancel = 0   AND BO_CancelBackend = 0   AND BO_LotteryTypeGroup = 2 AND BO_LotteryType = 26 AND BO_Issue = 202001020815 AND BO_Collect = 0 ORDER BY BO_DateDraw ASC, BO_DateCreate ASC, BO_DateUpdate ASC, BO_No ASC ;
[2020-01-02 13:34:01] LottteryTypeGroup 2 
[2020-01-02 13:34:01] 有期號 但無注單 -------> map[thisOpenResult:[2 1 0 0 1] amount:0 bonus:0] 
[GIN] 2020/01/02 - 13:34:01 | 200 |    4.840694ms |  192.168.66.115 | POST     /getResult
[2020-01-02 13:34:01] 自開彩開獎  {202001020814 4 40 true} 
ConfigData  map[redisPassword:"" redisDB:3 ip:192.168.88.181 port:3306 charset:utf8 redisPort:6379 redisIp:192.168.88.119 poolname:FA_MEM user:fa_db password:1qaz!QAZ database:FA_MEM]
SqlString  SELECT RTP,Amount,Bonus  FROM M_RtpSetting  WHERE Sid = 1   AND State = 1   AND LTG_Code = 4 AND Gid = 40
sqlResult   map[result: count:0 state:0]
[2020-01-02 13:34:01] rtpData ------->   map[state:0 result: count:0] 
[GIN] 2020/01/02 - 13:34:01 | 200 |    2.333914ms |  192.168.66.115 | POST     /getResult
[2020-01-02 13:34:02] 自開彩開獎  {202001020814 1 34 true} 
ConfigData  map[database:FA_MEM charset:utf8 redisPort:6379 redisPassword:"" redisDB:3 user:fa_db password:1qaz!QAZ port:3306 redisIp:192.168.88.119 ip:192.168.88.181 poolname:FA_MEM]
SqlString  SELECT RTP,Amount,Bonus  FROM M_RtpSetting  WHERE Sid = 1   AND State = 1   AND LTG_Code = 1 AND Gid = 34
sqlResult   map[result: count:0 state:0]
[2020-01-02 13:34:02] rtpData ------->   map[result: count:0 state:0] 
[GIN] 2020/01/02 - 13:34:02 | 200 |    2.703376ms |  192.168.66.115 | POST     /getResult
[2020-01-02 13:34:02] 自開彩開獎  {202001020814 5 38 true} 
ConfigData  map[user:fa_db redisIp:192.168.88.119 redisPassword:"" redisDB:3 ip:192.168.88.181 poolname:FA_MEM port:3306 password:1qaz!QAZ database:FA_MEM charset:utf8 redisPort:6379]
SqlString  SELECT RTP,Amount,Bonus  FROM M_RtpSetting  WHERE Sid = 1   AND State = 1   AND LTG_Code = 5 AND Gid = 38
sqlResult   map[result: count:0 state:0]
[2020-01-02 13:34:02] rtpData ------->   map[result: count:0 state:0] 
[GIN] 2020/01/02 - 13:34:02 | 200 |    2.334298ms |  192.168.66.115 | POST     /getResult
[2020-01-02 13:34:03] 自開彩開獎  {202001020272 4 41 true} 
ConfigData  map[ip:192.168.88.181 port:3306 password:1qaz!QAZ database:FA_MEM charset:utf8 redisIp:192.168.88.119 redisPassword:"" redisDB:3 poolname:FA_MEM user:fa_db redisPort:6379]
SqlString  SELECT RTP,Amount,Bonus  FROM M_RtpSetting  WHERE Sid = 1   AND State = 1   AND LTG_Code = 4 AND Gid = 41
sqlResult   map[result: count:0 state:0]
[2020-01-02 13:34:03] rtpData ------->   map[result: count:0 state:0] 
[GIN] 2020/01/02 - 13:34:03 | 200 |    2.938043ms |  192.168.66.115 | POST     /getResult
[2020-01-02 13:34:05] 自開彩開獎  {202001020272 1 35 true} 
ConfigData  map[redisPassword:"" redisDB:3 poolname:FA_MEM database:FA_MEM charset:utf8 redisIp:192.168.88.119 redisPort:6379 ip:192.168.88.181 port:3306 user:fa_db password:1qaz!QAZ]
SqlString  SELECT RTP,Amount,Bonus  FROM M_RtpSetting  WHERE Sid = 1   AND State = 1   AND LTG_Code = 1 AND Gid = 35
sqlResult   map[result: count:0 state:0]
[2020-01-02 13:34:05] rtpData ------->   map[count:0 state:0 result:] 
[GIN] 2020/01/02 - 13:34:05 | 200 |    2.449645ms |  192.168.66.115 | POST     /getResult
[2020-01-02 13:34:06] 自開彩開獎  {202001020815 6 36 true} 
ConfigData  map[redisDB:3 port:3306 user:fa_db password:1qaz!QAZ database:FA_MEM charset:utf8 redisIp:192.168.88.119 ip:192.168.88.181 poolname:FA_MEM redisPort:6379 redisPassword:""]
SqlString  SELECT RTP,Amount,Bonus  FROM M_RtpSetting  WHERE Sid = 1   AND State = 1   AND LTG_Code = 6 AND Gid = 36
sqlResult   map[state:0 result: count:0]
[2020-01-02 13:34:06] rtpData ------->   map[count:0 state:0 result:] 
[GIN] 2020/01/02 - 13:34:06 | 200 |    2.122399ms |  192.168.66.115 | POST     /getResult
[2020-01-02 13:34:07] 自開彩開獎  {202001020815 4 40 true} 
ConfigData  map[poolname:FA_MEM port:3306 database:FA_MEM charset:utf8 redisPort:6379 redisPassword:"" redisDB:3 ip:192.168.88.181 user:fa_db password:1qaz!QAZ redisIp:192.168.88.119]
SqlString  SELECT RTP,Amount,Bonus  FROM M_RtpSetting  WHERE Sid = 1   AND State = 1   AND LTG_Code = 4 AND Gid = 40
sqlResult   map[count:0 state:0 result:]
[2020-01-02 13:34:07] rtpData ------->   map[result: count:0 state:0] 
[GIN] 2020/01/02 - 13:34:07 | 200 |    2.381637ms |  192.168.66.115 | POST     /getResult
[2020-01-02 13:34:08] 自開彩開獎  {202001020815 1 34 true} 
ConfigData  map[password:1qaz!QAZ database:FA_MEM redisDB:3 redisPassword:"" ip:192.168.88.181 poolname:FA_MEM port:3306 user:fa_db charset:utf8 redisIp:192.168.88.119 redisPort:6379]
SqlString  SELECT RTP,Amount,Bonus  FROM M_RtpSetting  WHERE Sid = 1   AND State = 1   AND LTG_Code = 1 AND Gid = 34
sqlResult   map[state:0 result: count:0]
[2020-01-02 13:34:08] rtpData ------->   map[result: count:0 state:0] 
[GIN] 2020/01/02 - 13:34:08 | 200 |    2.293701ms |  192.168.66.115 | POST     /getResult
[2020-01-02 13:34:08] 自開彩開獎  {202001020815 5 38 true} 
ConfigData  map[user:fa_db charset:utf8 redisIp:192.168.88.119 redisDB:3 redisPassword:"" ip:192.168.88.181 poolname:FA_MEM port:3306 password:1qaz!QAZ database:FA_MEM redisPort:6379]
SqlString  SELECT RTP,Amount,Bonus  FROM M_RtpSetting  WHERE Sid = 1   AND State = 1   AND LTG_Code = 5 AND Gid = 38
sqlResult   map[result: count:0 state:0]
[2020-01-02 13:34:08] rtpData ------->   map[result: count:0 state:0] 
[GIN] 2020/01/02 - 13:34:08 | 200 |    2.260449ms |  192.168.66.115 | POST     /getResult
[2020-01-02 13:34:09] 自開彩開獎  {202001020272 4 41 true} 
ConfigData  map[redisDB:3 poolname:FA_MEM port:3306 password:1qaz!QAZ database:FA_MEM charset:utf8 redisPassword:"" ip:192.168.88.181 user:fa_db redisIp:192.168.88.119 redisPort:6379]
SqlString  SELECT RTP,Amount,Bonus  FROM M_RtpSetting  WHERE Sid = 1   AND State = 1   AND LTG_Code = 4 AND Gid = 41
sqlResult   map[state:0 result: count:0]
[2020-01-02 13:34:09] rtpData ------->   map[result: count:0 state:0] 
[GIN] 2020/01/02 - 13:34:09 | 200 |    2.495472ms |  192.168.66.115 | POST     /getResult
[2020-01-02 13:34:11] 自開彩開獎  {202001020272 1 35 true} 
ConfigData  map[redisPort:6379 redisPassword:"" user:fa_db password:1qaz!QAZ database:FA_MEM charset:utf8 redisIp:192.168.88.119 ip:192.168.88.181 poolname:FA_MEM port:3306 redisDB:3]
SqlString  SELECT RTP,Amount,Bonus  FROM M_RtpSetting  WHERE Sid = 1   AND State = 1   AND LTG_Code = 1 AND Gid = 35
sqlResult   map[result: count:0 state:0]
[2020-01-02 13:34:11] rtpData ------->   map[result: count:0 state:0] 
[GIN] 2020/01/02 - 13:34:11 | 200 |    2.035534ms |  192.168.66.115 | POST     /getResult
[2020-01-02 13:34:12] 自開彩開獎  {202001020815 6 36 true} 
ConfigData  map[redisDB:3 ip:192.168.88.181 port:3306 password:1qaz!QAZ redisIp:192.168.88.119 redisPort:6379 redisPassword:"" poolname:FA_MEM user:fa_db database:FA_MEM charset:utf8]
SqlString  SELECT RTP,Amount,Bonus  FROM M_RtpSetting  WHERE Sid = 1   AND State = 1   AND LTG_Code = 6 AND Gid = 36
sqlResult   map[result: count:0 state:0]
[2020-01-02 13:34:12] rtpData ------->   map[result: count:0 state:0] 
[GIN] 2020/01/02 - 13:34:12 | 200 |    2.156454ms |  192.168.66.115 | POST     /getResult
[2020-01-02 13:34:13] 自開彩開獎  {202001020815 4 40 true} 
ConfigData  map[redisDB:3 poolname:FA_MEM port:3306 database:FA_MEM redisPort:6379 redisIp:192.168.88.119 redisPassword:"" ip:192.168.88.181 user:fa_db password:1qaz!QAZ charset:utf8]
SqlString  SELECT RTP,Amount,Bonus  FROM M_RtpSetting  WHERE Sid = 1   AND State = 1   AND LTG_Code = 4 AND Gid = 40
sqlResult   map[result: count:0 state:0]
[2020-01-02 13:34:13] rtpData ------->   map[state:0 result: count:0] 
[GIN] 2020/01/02 - 13:34:13 | 200 |    2.769414ms |  192.168.66.115 | POST     /getResult
[2020-01-02 13:34:14] 自開彩開獎  {202001020815 1 34 true} 
ConfigData  map[port:3306 user:fa_db charset:utf8 redisDB:3 ip:192.168.88.181 poolname:FA_MEM password:1qaz!QAZ database:FA_MEM redisIp:192.168.88.119 redisPort:6379 redisPassword:""]
SqlString  SELECT RTP,Amount,Bonus  FROM M_RtpSetting  WHERE Sid = 1   AND State = 1   AND LTG_Code = 1 AND Gid = 34
sqlResult   map[count:0 state:0 result:]
[2020-01-02 13:34:14] rtpData ------->   map[result: count:0 state:0] 
[GIN] 2020/01/02 - 13:34:14 | 200 |    2.222924ms |  192.168.66.115 | POST     /getResult
[2020-01-02 13:34:14] 自開彩開獎  {202001020815 5 38 true} 
ConfigData  map[poolname:FA_MEM port:3306 database:FA_MEM redisIp:192.168.88.119 redisPort:6379 redisDB:3 ip:192.168.88.181 user:fa_db password:1qaz!QAZ charset:utf8 redisPassword:""]
SqlString  SELECT RTP,Amount,Bonus  FROM M_RtpSetting  WHERE Sid = 1   AND State = 1   AND LTG_Code = 5 AND Gid = 38
sqlResult   map[count:0 state:0 result:]
[2020-01-02 13:34:14] rtpData ------->   map[result: count:0 state:0] 
[GIN] 2020/01/02 - 13:34:14 | 200 |    1.941053ms |  192.168.66.115 | POST     /getResult
[2020-01-02 13:34:15] 自開彩開獎  {202001020272 4 41 true} 
ConfigData  map[poolname:FA_MEM database:FA_MEM redisPort:6379 redisPassword:"" redisDB:3 ip:192.168.88.181 user:fa_db password:1qaz!QAZ charset:utf8 redisIp:192.168.88.119 port:3306]
SqlString  SELECT RTP,Amount,Bonus  FROM M_RtpSetting  WHERE Sid = 1   AND State = 1   AND LTG_Code = 4 AND Gid = 41
sqlResult   map[state:0 result: count:0]
[2020-01-02 13:34:15] rtpData ------->   map[state:0 result: count:0] 
[GIN] 2020/01/02 - 13:34:15 | 200 |    2.141233ms |  192.168.66.115 | POST     /getResult
[2020-01-02 13:34:17] 自開彩開獎  {202001020272 1 35 true} 
ConfigData  map[port:3306 password:1qaz!QAZ charset:utf8 redisIp:192.168.88.119 redisPort:6379 redisPassword:"" ip:192.168.88.181 poolname:FA_MEM user:fa_db database:FA_MEM redisDB:3]
SqlString  SELECT RTP,Amount,Bonus  FROM M_RtpSetting  WHERE Sid = 1   AND State = 1   AND LTG_Code = 1 AND Gid = 35
sqlResult   map[result: count:0 state:0]
[2020-01-02 13:34:17] rtpData ------->   map[result: count:0 state:0] 
[GIN] 2020/01/02 - 13:34:17 | 200 |    1.949655ms |  192.168.66.115 | POST     /getResult
[2020-01-02 13:34:18] 自開彩開獎  {202001020815 6 36 true} 
ConfigData  map[redisPort:6379 redisDB:3 user:fa_db password:1qaz!QAZ redisIp:192.168.88.119 database:FA_MEM charset:utf8 redisPassword:"" ip:192.168.88.181 poolname:FA_MEM port:3306]
SqlString  SELECT RTP,Amount,Bonus  FROM M_RtpSetting  WHERE Sid = 1   AND State = 1   AND LTG_Code = 6 AND Gid = 36
sqlResult   map[result: count:0 state:0]
[2020-01-02 13:34:18] rtpData ------->   map[result: count:0 state:0] 
[GIN] 2020/01/02 - 13:34:18 | 200 |    2.564307ms |  192.168.66.115 | POST     /getResult
[2020-01-02 13:34:19] 自開彩開獎  {202001020815 4 40 true} 
ConfigData  map[user:fa_db redisIp:192.168.88.119 redisPort:6379 redisDB:3 ip:192.168.88.181 poolname:FA_MEM port:3306 password:1qaz!QAZ database:FA_MEM charset:utf8 redisPassword:""]
SqlString  SELECT RTP,Amount,Bonus  FROM M_RtpSetting  WHERE Sid = 1   AND State = 1   AND LTG_Code = 4 AND Gid = 40
sqlResult   map[result: count:0 state:0]
[2020-01-02 13:34:19] rtpData ------->   map[result: count:0 state:0] 
[GIN] 2020/01/02 - 13:34:19 | 200 |    2.778656ms |  192.168.66.115 | POST     /getResult
[2020-01-02 13:34:20] 自開彩開獎  {202001020815 1 34 true} 
ConfigData  map[user:fa_db password:1qaz!QAZ charset:utf8 redisPort:6379 redisDB:3 poolname:FA_MEM port:3306 redisIp:192.168.88.119 redisPassword:"" ip:192.168.88.181 database:FA_MEM]
SqlString  SELECT RTP,Amount,Bonus  FROM M_RtpSetting  WHERE Sid = 1   AND State = 1   AND LTG_Code = 1 AND Gid = 34
sqlResult   map[count:0 state:0 result:]
[2020-01-02 13:34:20] rtpData ------->   map[count:0 state:0 result:] 
[GIN] 2020/01/02 - 13:34:20 | 200 |    3.421579ms |  192.168.66.115 | POST     /getResult
[2020-01-02 13:34:20] 自開彩開獎  {202001020815 5 38 true} 
ConfigData  map[port:3306 user:fa_db database:FA_MEM redisPort:6379 redisPassword:"" redisDB:3 ip:192.168.88.181 poolname:FA_MEM password:1qaz!QAZ charset:utf8 redisIp:192.168.88.119]
SqlString  SELECT RTP,Amount,Bonus  FROM M_RtpSetting  WHERE Sid = 1   AND State = 1   AND LTG_Code = 5 AND Gid = 38
sqlResult   map[result: count:0 state:0]
[2020-01-02 13:34:20] rtpData ------->   map[result: count:0 state:0] 
[GIN] 2020/01/02 - 13:34:20 | 200 |    2.910068ms |  192.168.66.115 | POST     /getResult
[2020-01-02 13:34:21] 自開彩開獎  {202001020272 4 41 true} 
ConfigData  map[redisDB:3 ip:192.168.88.181 poolname:FA_MEM port:3306 database:FA_MEM charset:utf8 user:fa_db password:1qaz!QAZ redisIp:192.168.88.119 redisPort:6379 redisPassword:""]
SqlString  SELECT RTP,Amount,Bonus  FROM M_RtpSetting  WHERE Sid = 1   AND State = 1   AND LTG_Code = 4 AND Gid = 41
sqlResult   map[result: count:0 state:0]
[2020-01-02 13:34:21] rtpData ------->   map[result: count:0 state:0] 
[GIN] 2020/01/02 - 13:34:21 | 200 |    2.935141ms |  192.168.66.115 | POST     /getResult
[2020-01-02 13:34:23] 自開彩開獎  {202001020272 1 35 true} 
ConfigData  map[password:1qaz!QAZ charset:utf8 ip:192.168.88.181 poolname:FA_MEM port:3306 user:fa_db database:FA_MEM redisIp:192.168.88.119 redisPort:6379 redisPassword:"" redisDB:3]
SqlString  SELECT RTP,Amount,Bonus  FROM M_RtpSetting  WHERE Sid = 1   AND State = 1   AND LTG_Code = 1 AND Gid = 35
sqlResult   map[result: count:0 state:0]
[2020-01-02 13:34:23] rtpData ------->   map[count:0 state:0 result:] 
[GIN] 2020/01/02 - 13:34:23 | 200 |    2.733142ms |  192.168.66.115 | POST     /getResult
[2020-01-02 13:34:24] 自開彩開獎  {202001020815 6 36 true} 
ConfigData  map[charset:utf8 redisIp:192.168.88.119 redisPassword:"" password:1qaz!QAZ database:FA_MEM port:3306 user:fa_db redisPort:6379 redisDB:3 ip:192.168.88.181 poolname:FA_MEM]
SqlString  SELECT RTP,Amount,Bonus  FROM M_RtpSetting  WHERE Sid = 1   AND State = 1   AND LTG_Code = 6 AND Gid = 36
sqlResult   map[result: count:0 state:0]
[2020-01-02 13:34:24] rtpData ------->   map[result: count:0 state:0] 
[GIN] 2020/01/02 - 13:34:24 | 200 |    2.212719ms |  192.168.66.115 | POST     /getResult
[2020-01-02 13:34:25] 自開彩開獎  {202001020815 4 40 true} 
ConfigData  map[redisPort:6379 redisPassword:"" redisDB:3 database:FA_MEM poolname:FA_MEM port:3306 user:fa_db password:1qaz!QAZ charset:utf8 redisIp:192.168.88.119 ip:192.168.88.181]
SqlString  SELECT RTP,Amount,Bonus  FROM M_RtpSetting  WHERE Sid = 1   AND State = 1   AND LTG_Code = 4 AND Gid = 40
sqlResult   map[result: count:0 state:0]
[2020-01-02 13:34:25] rtpData ------->   map[result: count:0 state:0] 
[GIN] 2020/01/02 - 13:34:25 | 200 |     2.29972ms |  192.168.66.115 | POST     /getResult
[2020-01-02 13:34:26] 自開彩開獎  {202001020815 1 34 true} 
ConfigData  map[redisPassword:"" database:FA_MEM charset:utf8 redisPort:6379 user:fa_db password:1qaz!QAZ redisIp:192.168.88.119 redisDB:3 ip:192.168.88.181 poolname:FA_MEM port:3306]
SqlString  SELECT RTP,Amount,Bonus  FROM M_RtpSetting  WHERE Sid = 1   AND State = 1   AND LTG_Code = 1 AND Gid = 34
sqlResult   map[result: count:0 state:0]
[2020-01-02 13:34:26] rtpData ------->   map[result: count:0 state:0] 
[GIN] 2020/01/02 - 13:34:26 | 200 |    2.428057ms |  192.168.66.115 | POST     /getResult
[2020-01-02 13:34:26] 自開彩開獎  {202001020815 5 38 true} 
ConfigData  map[ip:192.168.88.181 poolname:FA_MEM port:3306 redisPassword:"" redisDB:3 user:fa_db password:1qaz!QAZ database:FA_MEM charset:utf8 redisIp:192.168.88.119 redisPort:6379]
SqlString  SELECT RTP,Amount,Bonus  FROM M_RtpSetting  WHERE Sid = 1   AND State = 1   AND LTG_Code = 5 AND Gid = 38
sqlResult   map[result: count:0 state:0]
[2020-01-02 13:34:26] rtpData ------->   map[count:0 state:0 result:] 
[GIN] 2020/01/02 - 13:34:26 | 200 |    2.403881ms |  192.168.66.115 | POST     /getResult
[2020-01-02 13:34:27] 自開彩開獎  {202001020272 4 41 true} 
ConfigData  map[user:fa_db redisIp:192.168.88.119 redisDB:3 port:3306 poolname:FA_MEM password:1qaz!QAZ database:FA_MEM charset:utf8 redisPort:6379 redisPassword:"" ip:192.168.88.181]
SqlString  SELECT RTP,Amount,Bonus  FROM M_RtpSetting  WHERE Sid = 1   AND State = 1   AND LTG_Code = 4 AND Gid = 41
sqlResult   map[result: count:0 state:0]
[2020-01-02 13:34:27] rtpData ------->   map[result: count:0 state:0] 
[GIN] 2020/01/02 - 13:34:27 | 200 |    2.301562ms |  192.168.66.115 | POST     /getResult
[2020-01-02 13:34:29] 自開彩開獎  {202001020272 1 35 true} 
ConfigData  map[poolname:FA_MEM user:fa_db password:1qaz!QAZ redisIp:192.168.88.119 redisPort:6379 redisDB:3 ip:192.168.88.181 port:3306 database:FA_MEM charset:utf8 redisPassword:""]
SqlString  SELECT RTP,Amount,Bonus  FROM M_RtpSetting  WHERE Sid = 1   AND State = 1   AND LTG_Code = 1 AND Gid = 35
sqlResult   map[result: count:0 state:0]
[2020-01-02 13:34:29] rtpData ------->   map[result: count:0 state:0] 
[GIN] 2020/01/02 - 13:34:29 | 200 |     2.08525ms |  192.168.66.115 | POST     /getResult
[2020-01-02 13:34:30] 自開彩開獎  {202001020815 6 36 true} 
ConfigData  map[ip:192.168.88.181 poolname:FA_MEM password:1qaz!QAZ redisIp:192.168.88.119 redisDB:3 port:3306 user:fa_db database:FA_MEM charset:utf8 redisPort:6379 redisPassword:""]
SqlString  SELECT RTP,Amount,Bonus  FROM M_RtpSetting  WHERE Sid = 1   AND State = 1   AND LTG_Code = 6 AND Gid = 36
sqlResult   map[result: count:0 state:0]
[2020-01-02 13:34:30] rtpData ------->   map[result: count:0 state:0] 
[GIN] 2020/01/02 - 13:34:30 | 200 |    1.760006ms |  192.168.66.115 | POST     /getResult
[2020-01-02 13:34:31] 自開彩開獎  {202001020815 4 40 true} 
ConfigData  map[redisIp:192.168.88.119 poolname:FA_MEM port:3306 password:1qaz!QAZ database:FA_MEM redisPassword:"" redisDB:3 ip:192.168.88.181 user:fa_db charset:utf8 redisPort:6379]
SqlString  SELECT RTP,Amount,Bonus  FROM M_RtpSetting  WHERE Sid = 1   AND State = 1   AND LTG_Code = 4 AND Gid = 40
sqlResult   map[result: count:0 state:0]
[2020-01-02 13:34:31] rtpData ------->   map[state:0 result: count:0] 
[GIN] 2020/01/02 - 13:34:31 | 200 |    2.339376ms |  192.168.66.115 | POST     /getResult
[2020-01-02 13:34:32] 自開彩開獎  {202001020815 1 34 true} 
ConfigData  map[ip:192.168.88.181 password:1qaz!QAZ database:FA_MEM charset:utf8 redisPassword:"" poolname:FA_MEM port:3306 user:fa_db redisIp:192.168.88.119 redisPort:6379 redisDB:3]
SqlString  SELECT RTP,Amount,Bonus  FROM M_RtpSetting  WHERE Sid = 1   AND State = 1   AND LTG_Code = 1 AND Gid = 34
sqlResult   map[result: count:0 state:0]
[2020-01-02 13:34:32] rtpData ------->   map[result: count:0 state:0] 
[GIN] 2020/01/02 - 13:34:32 | 200 |    2.741445ms |  192.168.66.115 | POST     /getResult
[2020-01-02 13:34:32] 自開彩開獎  {202001020815 5 38 true} 
ConfigData  map[redisPort:6379 redisPassword:"" ip:192.168.88.181 poolname:FA_MEM user:fa_db database:FA_MEM charset:utf8 redisIp:192.168.88.119 redisDB:3 port:3306 password:1qaz!QAZ]
SqlString  SELECT RTP,Amount,Bonus  FROM M_RtpSetting  WHERE Sid = 1   AND State = 1   AND LTG_Code = 5 AND Gid = 38
sqlResult   map[count:0 state:0 result:]
[2020-01-02 13:34:32] rtpData ------->   map[state:0 result: count:0] 
[GIN] 2020/01/02 - 13:34:32 | 200 |    2.859938ms |  192.168.66.115 | POST     /getResult
[2020-01-02 13:34:33] 自開彩開獎  {202001020272 4 41 true} 
ConfigData  map[port:3306 user:fa_db redisIp:192.168.88.119 redisPort:6379 redisPassword:"" ip:192.168.88.181 poolname:FA_MEM charset:utf8 redisDB:3 password:1qaz!QAZ database:FA_MEM]
SqlString  SELECT RTP,Amount,Bonus  FROM M_RtpSetting  WHERE Sid = 1   AND State = 1   AND LTG_Code = 4 AND Gid = 41
sqlResult   map[result: count:0 state:0]
[2020-01-02 13:34:33] rtpData ------->   map[result: count:0 state:0] 
[GIN] 2020/01/02 - 13:34:33 | 200 |     2.56122ms |  192.168.66.115 | POST     /getResult
[2020-01-02 13:34:35] 自開彩開獎  {202001020272 1 35 true} 
ConfigData  map[database:FA_MEM charset:utf8 redisPort:6379 redisPassword:"" redisDB:3 port:3306 user:fa_db password:1qaz!QAZ ip:192.168.88.181 poolname:FA_MEM redisIp:192.168.88.119]
SqlString  SELECT RTP,Amount,Bonus  FROM M_RtpSetting  WHERE Sid = 1   AND State = 1   AND LTG_Code = 1 AND Gid = 35
sqlResult   map[result: count:0 state:0]
[2020-01-02 13:34:35] rtpData ------->   map[state:0 result: count:0] 
[GIN] 2020/01/02 - 13:34:35 | 200 |    2.241717ms |  192.168.66.115 | POST     /getResult
[2020-01-02 13:34:36] 自開彩開獎  {202001020815 6 36 true} 
ConfigData  map[user:fa_db database:FA_MEM redisPassword:"" ip:192.168.88.181 port:3306 charset:utf8 redisIp:192.168.88.119 redisPort:6379 redisDB:3 poolname:FA_MEM password:1qaz!QAZ]
SqlString  SELECT RTP,Amount,Bonus  FROM M_RtpSetting  WHERE Sid = 1   AND State = 1   AND LTG_Code = 6 AND Gid = 36
sqlResult   map[state:0 result: count:0]
[2020-01-02 13:34:36] rtpData ------->   map[result: count:0 state:0] 
[GIN] 2020/01/02 - 13:34:36 | 200 |    1.865219ms |  192.168.66.115 | POST     /getResult
[2020-01-02 13:34:37] 自開彩開獎  {202001020815 4 40 true} 
ConfigData  map[ip:192.168.88.181 poolname:FA_MEM port:3306 redisIp:192.168.88.119 redisPort:6379 user:fa_db password:1qaz!QAZ database:FA_MEM charset:utf8 redisPassword:"" redisDB:3]
SqlString  SELECT RTP,Amount,Bonus  FROM M_RtpSetting  WHERE Sid = 1   AND State = 1   AND LTG_Code = 4 AND Gid = 40
sqlResult   map[count:0 state:0 result:]
[2020-01-02 13:34:37] rtpData ------->   map[result: count:0 state:0] 
[GIN] 2020/01/02 - 13:34:37 | 200 |    2.907907ms |  192.168.66.115 | POST     /getResult
[2020-01-02 13:34:38] 自開彩開獎  {202001020815 1 34 true} 
ConfigData  map[redisPassword:"" port:3306 user:fa_db password:1qaz!QAZ database:FA_MEM charset:utf8 redisIp:192.168.88.119 redisPort:6379 redisDB:3 ip:192.168.88.181 poolname:FA_MEM]
SqlString  SELECT RTP,Amount,Bonus  FROM M_RtpSetting  WHERE Sid = 1   AND State = 1   AND LTG_Code = 1 AND Gid = 34
sqlResult   map[result: count:0 state:0]
[2020-01-02 13:34:38] rtpData ------->   map[result: count:0 state:0] 
[GIN] 2020/01/02 - 13:34:38 | 200 |     2.06806ms |  192.168.66.115 | POST     /getResult
[2020-01-02 13:34:38] 自開彩開獎  {202001020815 5 38 true} 
ConfigData  map[user:fa_db password:1qaz!QAZ database:FA_MEM charset:utf8 redisIp:192.168.88.119 redisPort:6379 redisPassword:"" port:3306 redisDB:3 poolname:FA_MEM ip:192.168.88.181]
SqlString  SELECT RTP,Amount,Bonus  FROM M_RtpSetting  WHERE Sid = 1   AND State = 1   AND LTG_Code = 5 AND Gid = 38
sqlResult   map[result: count:0 state:0]
[2020-01-02 13:34:38] rtpData ------->   map[result: count:0 state:0] 
[GIN] 2020/01/02 - 13:34:38 | 200 |     2.22324ms |  192.168.66.115 | POST     /getResult
[2020-01-02 13:34:39] 自開彩開獎  {202001020272 4 41 true} 
ConfigData  map[charset:utf8 redisIp:192.168.88.119 redisPassword:"" password:1qaz!QAZ database:FA_MEM redisPort:6379 redisDB:3 ip:192.168.88.181 poolname:FA_MEM port:3306 user:fa_db]
SqlString  SELECT RTP,Amount,Bonus  FROM M_RtpSetting  WHERE Sid = 1   AND State = 1   AND LTG_Code = 4 AND Gid = 41
sqlResult   map[state:0 result: count:0]
[2020-01-02 13:34:39] rtpData ------->   map[result: count:0 state:0] 
[GIN] 2020/01/02 - 13:34:39 | 200 |    2.461014ms |  192.168.66.115 | POST     /getResult
[2020-01-02 13:34:41] 自開彩開獎  {202001020272 1 35 true} 
ConfigData  map[port:3306 charset:utf8 redisPort:6379 redisPassword:"" database:FA_MEM redisIp:192.168.88.119 redisDB:3 ip:192.168.88.181 poolname:FA_MEM user:fa_db password:1qaz!QAZ]
SqlString  SELECT RTP,Amount,Bonus  FROM M_RtpSetting  WHERE Sid = 1   AND State = 1   AND LTG_Code = 1 AND Gid = 35
sqlResult   map[result: count:0 state:0]
[2020-01-02 13:34:41] rtpData ------->   map[count:0 state:0 result:] 
[GIN] 2020/01/02 - 13:34:41 | 200 |    2.914912ms |  192.168.66.115 | POST     /getResult
[2020-01-02 13:34:42] 自開彩開獎  {202001020815 6 36 true} 
ConfigData  map[database:FA_MEM redisIp:192.168.88.119 redisDB:3 ip:192.168.88.181 user:fa_db password:1qaz!QAZ redisPort:6379 redisPassword:"" poolname:FA_MEM port:3306 charset:utf8]
SqlString  SELECT RTP,Amount,Bonus  FROM M_RtpSetting  WHERE Sid = 1   AND State = 1   AND LTG_Code = 6 AND Gid = 36
sqlResult   map[result: count:0 state:0]
[2020-01-02 13:34:42] rtpData ------->   map[result: count:0 state:0] 
[GIN] 2020/01/02 - 13:34:42 | 200 |    2.023007ms |  192.168.66.115 | POST     /getResult
[2020-01-02 13:34:43] 自開彩開獎  {202001020815 4 40 true} 
ConfigData  map[redisPort:6379 redisPassword:"" ip:192.168.88.181 poolname:FA_MEM port:3306 password:1qaz!QAZ database:FA_MEM redisIp:192.168.88.119 redisDB:3 user:fa_db charset:utf8]
SqlString  SELECT RTP,Amount,Bonus  FROM M_RtpSetting  WHERE Sid = 1   AND State = 1   AND LTG_Code = 4 AND Gid = 40
sqlResult   map[result: count:0 state:0]
[2020-01-02 13:34:43] rtpData ------->   map[count:0 state:0 result:] 
[GIN] 2020/01/02 - 13:34:43 | 200 |    3.077043ms |  192.168.66.115 | POST     /getResult
[2020-01-02 13:34:44] 自開彩開獎  {202001020815 1 34 true} 
ConfigData  map[ip:192.168.88.181 poolname:FA_MEM port:3306 password:1qaz!QAZ redisPort:6379 redisDB:3 user:fa_db database:FA_MEM charset:utf8 redisIp:192.168.88.119 redisPassword:""]
SqlString  SELECT RTP,Amount,Bonus  FROM M_RtpSetting  WHERE Sid = 1   AND State = 1   AND LTG_Code = 1 AND Gid = 34
sqlResult   map[result: count:0 state:0]
[2020-01-02 13:34:44] rtpData ------->   map[count:0 state:0 result:] 
[GIN] 2020/01/02 - 13:34:44 | 200 |    2.694877ms |  192.168.66.115 | POST     /getResult
[2020-01-02 13:34:44] 自開彩開獎  {202001020815 5 38 true} 
ConfigData  map[poolname:FA_MEM port:3306 database:FA_MEM charset:utf8 redisIp:192.168.88.119 ip:192.168.88.181 user:fa_db password:1qaz!QAZ redisPort:6379 redisPassword:"" redisDB:3]
SqlString  SELECT RTP,Amount,Bonus  FROM M_RtpSetting  WHERE Sid = 1   AND State = 1   AND LTG_Code = 5 AND Gid = 38
sqlResult   map[result: count:0 state:0]
[2020-01-02 13:34:44] rtpData ------->   map[state:0 result: count:0] 
[GIN] 2020/01/02 - 13:34:44 | 200 |    2.687725ms |  192.168.66.115 | POST     /getResult
[2020-01-02 13:34:45] 自開彩開獎  {202001020272 4 41 true} 
ConfigData  map[port:3306 user:fa_db database:FA_MEM redisPassword:"" redisDB:3 ip:192.168.88.181 poolname:FA_MEM password:1qaz!QAZ charset:utf8 redisIp:192.168.88.119 redisPort:6379]
SqlString  SELECT RTP,Amount,Bonus  FROM M_RtpSetting  WHERE Sid = 1   AND State = 1   AND LTG_Code = 4 AND Gid = 41
sqlResult   map[result: count:0 state:0]
[2020-01-02 13:34:45] rtpData ------->   map[result: count:0 state:0] 
[GIN] 2020/01/02 - 13:34:45 | 200 |    1.924802ms |  192.168.66.115 | POST     /getResult
[2020-01-02 13:34:47] 自開彩開獎  {202001020272 1 35 true} 
ConfigData  map[ip:192.168.88.181 poolname:FA_MEM user:fa_db database:FA_MEM charset:utf8 redisPort:6379 port:3306 password:1qaz!QAZ redisIp:192.168.88.119 redisPassword:"" redisDB:3]
SqlString  SELECT RTP,Amount,Bonus  FROM M_RtpSetting  WHERE Sid = 1   AND State = 1   AND LTG_Code = 1 AND Gid = 35
sqlResult   map[result: count:0 state:0]
[2020-01-02 13:34:47] rtpData ------->   map[result: count:0 state:0] 
[GIN] 2020/01/02 - 13:34:47 | 200 |    1.986176ms |  192.168.66.115 | POST     /getResult
[2020-01-02 13:34:48] 自開彩開獎  {202001020815 6 36 true} 
ConfigData  map[user:fa_db password:1qaz!QAZ redisPassword:"" ip:192.168.88.181 poolname:FA_MEM port:3306 redisPort:6379 redisDB:3 database:FA_MEM charset:utf8 redisIp:192.168.88.119]
SqlString  SELECT RTP,Amount,Bonus  FROM M_RtpSetting  WHERE Sid = 1   AND State = 1   AND LTG_Code = 6 AND Gid = 36
sqlResult   map[result: count:0 state:0]
[2020-01-02 13:34:48] rtpData ------->   map[state:0 result: count:0] 
[GIN] 2020/01/02 - 13:34:48 | 200 |    1.744946ms |  192.168.66.115 | POST     /getResult
[2020-01-02 13:34:49] 自開彩開獎  {202001020815 4 40 true} 
ConfigData  map[ip:192.168.88.181 poolname:FA_MEM user:fa_db charset:utf8 redisIp:192.168.88.119 redisPort:6379 redisDB:3 port:3306 password:1qaz!QAZ database:FA_MEM redisPassword:""]
SqlString  SELECT RTP,Amount,Bonus  FROM M_RtpSetting  WHERE Sid = 1   AND State = 1   AND LTG_Code = 4 AND Gid = 40
sqlResult   map[result: count:0 state:0]
[2020-01-02 13:34:49] rtpData ------->   map[result: count:0 state:0] 
[GIN] 2020/01/02 - 13:34:49 | 200 |    2.974129ms |  192.168.66.115 | POST     /getResult
[2020-01-02 13:34:50] 自開彩開獎  {202001020815 1 34 true} 
ConfigData  map[user:fa_db password:1qaz!QAZ redisIp:192.168.88.119 redisPort:6379 ip:192.168.88.181 poolname:FA_MEM charset:utf8 redisPassword:"" redisDB:3 port:3306 database:FA_MEM]
SqlString  SELECT RTP,Amount,Bonus  FROM M_RtpSetting  WHERE Sid = 1   AND State = 1   AND LTG_Code = 1 AND Gid = 34
sqlResult   map[result: count:0 state:0]
[2020-01-02 13:34:50] rtpData ------->   map[count:0 state:0 result:] 
[GIN] 2020/01/02 - 13:34:50 | 200 |    2.199077ms |  192.168.66.115 | POST     /getResult
[2020-01-02 13:34:50] 自開彩開獎  {202001020815 5 38 true} 
ConfigData  map[poolname:FA_MEM password:1qaz!QAZ redisIp:192.168.88.119 redisPort:6379 redisDB:3 ip:192.168.88.181 port:3306 user:fa_db database:FA_MEM charset:utf8 redisPassword:""]
SqlString  SELECT RTP,Amount,Bonus  FROM M_RtpSetting  WHERE Sid = 1   AND State = 1   AND LTG_Code = 5 AND Gid = 38
sqlResult   map[result: count:0 state:0]
[2020-01-02 13:34:50] rtpData ------->   map[result: count:0 state:0] 
[GIN] 2020/01/02 - 13:34:50 | 200 |    2.463551ms |  192.168.66.115 | POST     /getResult
[2020-01-02 13:34:51] 自開彩開獎  {202001020272 4 41 true} 
ConfigData  map[ip:192.168.88.181 password:1qaz!QAZ redisPort:6379 redisPassword:"" redisDB:3 redisIp:192.168.88.119 poolname:FA_MEM port:3306 user:fa_db database:FA_MEM charset:utf8]
SqlString  SELECT RTP,Amount,Bonus  FROM M_RtpSetting  WHERE Sid = 1   AND State = 1   AND LTG_Code = 4 AND Gid = 41
sqlResult   map[result: count:0 state:0]
[2020-01-02 13:34:51] rtpData ------->   map[count:0 state:0 result:] 
[GIN] 2020/01/02 - 13:34:51 | 200 |    2.283655ms |  192.168.66.115 | POST     /getResult
[2020-01-02 13:34:53] 自開彩開獎  {202001020272 1 35 true} 
ConfigData  map[database:FA_MEM charset:utf8 redisPort:6379 redisIp:192.168.88.119 redisPassword:"" redisDB:3 ip:192.168.88.181 poolname:FA_MEM port:3306 user:fa_db password:1qaz!QAZ]
SqlString  SELECT RTP,Amount,Bonus  FROM M_RtpSetting  WHERE Sid = 1   AND State = 1   AND LTG_Code = 1 AND Gid = 35
sqlResult   map[result: count:0 state:0]
[2020-01-02 13:34:53] rtpData ------->   map[result: count:0 state:0] 
[GIN] 2020/01/02 - 13:34:53 | 200 |    2.140658ms |  192.168.66.115 | POST     /getResult
[2020-01-02 13:34:54] 自開彩開獎  {202001020815 6 36 true} 
ConfigData  map[poolname:FA_MEM charset:utf8 redisIp:192.168.88.119 redisPassword:"" redisDB:3 redisPort:6379 ip:192.168.88.181 port:3306 user:fa_db password:1qaz!QAZ database:FA_MEM]
SqlString  SELECT RTP,Amount,Bonus  FROM M_RtpSetting  WHERE Sid = 1   AND State = 1   AND LTG_Code = 6 AND Gid = 36
sqlResult   map[count:0 state:0 result:]
[2020-01-02 13:34:54] rtpData ------->   map[result: count:0 state:0] 
[GIN] 2020/01/02 - 13:34:54 | 200 |    2.399883ms |  192.168.66.115 | POST     /getResult
[2020-01-02 13:34:55] 自開彩開獎  {202001020815 4 40 true} 
ConfigData  map[database:FA_MEM charset:utf8 redisIp:192.168.88.119 redisPort:6379 redisPassword:"" poolname:FA_MEM password:1qaz!QAZ user:fa_db redisDB:3 ip:192.168.88.181 port:3306]
SqlString  SELECT RTP,Amount,Bonus  FROM M_RtpSetting  WHERE Sid = 1   AND State = 1   AND LTG_Code = 4 AND Gid = 40
sqlResult   map[result: count:0 state:0]
[2020-01-02 13:34:55] rtpData ------->   map[result: count:0 state:0] 
[GIN] 2020/01/02 - 13:34:55 | 200 |    5.176131ms |  192.168.66.115 | POST     /getResult
[2020-01-02 13:34:56] 自開彩開獎  {202001020815 1 34 true} 
ConfigData  map[password:1qaz!QAZ database:FA_MEM redisIp:192.168.88.119 redisDB:3 redisPassword:"" ip:192.168.88.181 poolname:FA_MEM port:3306 user:fa_db charset:utf8 redisPort:6379]
SqlString  SELECT RTP,Amount,Bonus  FROM M_RtpSetting  WHERE Sid = 1   AND State = 1   AND LTG_Code = 1 AND Gid = 34
sqlResult   map[result: count:0 state:0]
[2020-01-02 13:34:56] rtpData ------->   map[count:0 state:0 result:] 
[GIN] 2020/01/02 - 13:34:56 | 200 |    2.083431ms |  192.168.66.115 | POST     /getResult
[2020-01-02 13:34:56] 自開彩開獎  {202001020815 5 38 true} 
ConfigData  map[ip:192.168.88.181 user:fa_db redisIp:192.168.88.119 redisPassword:"" redisDB:3 poolname:FA_MEM port:3306 password:1qaz!QAZ database:FA_MEM charset:utf8 redisPort:6379]
SqlString  SELECT RTP,Amount,Bonus  FROM M_RtpSetting  WHERE Sid = 1   AND State = 1   AND LTG_Code = 5 AND Gid = 38
sqlResult   map[result: count:0 state:0]
[2020-01-02 13:34:56] rtpData ------->   map[state:0 result: count:0] 
[GIN] 2020/01/02 - 13:34:56 | 200 |    3.143851ms |  192.168.66.115 | POST     /getResult
[2020-01-02 13:34:57] 自開彩開獎  {202001020272 4 41 true} 
ConfigData  map[user:fa_db database:FA_MEM redisIp:192.168.88.119 redisPort:6379 redisDB:3 ip:192.168.88.181 poolname:FA_MEM charset:utf8 redisPassword:"" port:3306 password:1qaz!QAZ]
SqlString  SELECT RTP,Amount,Bonus  FROM M_RtpSetting  WHERE Sid = 1   AND State = 1   AND LTG_Code = 4 AND Gid = 41
sqlResult   map[state:0 result: count:0]
[2020-01-02 13:34:57] rtpData ------->   map[result: count:0 state:0] 
[GIN] 2020/01/02 - 13:34:57 | 200 |    2.339329ms |  192.168.66.115 | POST     /getResult
[2020-01-02 13:34:59] 自開彩開獎  {202001020272 1 35 true} 
ConfigData  map[poolname:FA_MEM port:3306 user:fa_db password:1qaz!QAZ redisPort:6379 redisPassword:"" redisDB:3 ip:192.168.88.181 database:FA_MEM charset:utf8 redisIp:192.168.88.119]
SqlString  SELECT RTP,Amount,Bonus  FROM M_RtpSetting  WHERE Sid = 1   AND State = 1   AND LTG_Code = 1 AND Gid = 35
sqlResult   map[count:0 state:0 result:]
[2020-01-02 13:34:59] rtpData ------->   map[result: count:0 state:0] 
[GIN] 2020/01/02 - 13:34:59 | 200 |    3.525555ms |  192.168.66.115 | POST     /getResult
[2020-01-02 13:35:00] 自開彩開獎  {202001020815 6 36 true} 
ConfigData  map[ip:192.168.88.181 port:3306 password:1qaz!QAZ charset:utf8 redisPassword:"" redisDB:3 poolname:FA_MEM user:fa_db database:FA_MEM redisIp:192.168.88.119 redisPort:6379]
SqlString  SELECT RTP,Amount,Bonus  FROM M_RtpSetting  WHERE Sid = 1   AND State = 1   AND LTG_Code = 6 AND Gid = 36
sqlResult   map[result: count:0 state:0]
[2020-01-02 13:35:00] rtpData ------->   map[result: count:0 state:0] 
[GIN] 2020/01/02 - 13:35:00 | 200 |    2.227741ms |  192.168.66.115 | POST     /getResult
[2020-01-02 13:35:00] 自開彩開獎  {202001020164 5 39 true} 
ConfigData  map[ip:192.168.88.181 port:3306 password:1qaz!QAZ database:FA_MEM redisIp:192.168.88.119 redisDB:3 poolname:FA_MEM user:fa_db charset:utf8 redisPort:6379 redisPassword:""]
SqlString  SELECT RTP,Amount,Bonus  FROM M_RtpSetting  WHERE Sid = 1   AND State = 1   AND LTG_Code = 5 AND Gid = 39
sqlResult   map[result: count:0 state:0]
[2020-01-02 13:35:00] rtpData ------->   map[result: count:0 state:0] 
[GIN] 2020/01/02 - 13:35:00 | 200 |    3.077504ms |  192.168.66.115 | POST     /getResult
[2020-01-02 13:35:01] 自開彩開獎  {202001020816 2 26 true} 
ConfigData  map[password:1qaz!QAZ redisPort:6379 redisPassword:"" poolname:FA_MEM user:fa_db database:FA_MEM charset:utf8 redisIp:192.168.88.119 redisDB:3 ip:192.168.88.181 port:3306]
SqlString  SELECT RTP,Amount,Bonus  FROM M_RtpSetting  WHERE Sid = 1   AND State = 1   AND LTG_Code = 2 AND Gid = 26
[2020-01-02 13:35:01] 自開彩開獎  {20200102164 2 28 true} 
ConfigData  map[password:1qaz!QAZ redisIp:192.168.88.119 redisPort:6379 redisDB:3 poolname:FA_MEM user:fa_db database:FA_MEM charset:utf8 redisPassword:"" ip:192.168.88.181 port:3306]
SqlString  SELECT RTP,Amount,Bonus  FROM M_RtpSetting  WHERE Sid = 1   AND State = 1   AND LTG_Code = 2 AND Gid = 28
sqlResult   map[bonus:908100.71 result:0.9600 count:1 state:1 amount:1.0069588e+06]
sqlResult   map[result:0.9600 count:1 state:1 amount:234518 bonus:161148.41]
[2020-01-02 13:35:01] rtpData ------->   map[amount:1.0069588e+06 bonus:908100.71 result:0.9600 count:1 state:1] 
[2020-01-02 13:35:01] rtpData ------->   map[amount:234518 bonus:161148.41 result:0.9600 count:1 state:1] 
ConfigData  map[poolname:FA_MEM port:3306 redisPassword:"" redisPort:6379 redisDB:3 ip:192.168.88.181 user:fa_db password:1qaz!QAZ database:FA_MEM charset:utf8 redisIp:192.168.88.119]
ConfigData  map[poolname:FA_MEM database:FA_MEM redisIp:192.168.88.119 redisPort:6379 redisDB:3 ip:192.168.88.181 user:fa_db password:1qaz!QAZ charset:utf8 redisPassword:"" port:3306]
SELECT BO_No, BO_OrderNo , BO_User , BO_Issue  , BO_LotteryTypeGroup, BO_LotteryType, BO_Mode, BO_LotteryPlayGroup, BO_LotteryPlay , BO_LotteryContent, BO_Price, BO_RealPrice, BO_Unit, BO_Multiple , BO_BetCount  , BO_Winnings, BO_Winnings2, BO_Winnings3, BO_WinningLimit  , BO_Water , BO_BW_SourceUserId, BO_BW_BackWater, BO_BW_LimitBetCount, BO_BW_MaxAmount, BO_BW_AuditMultiple  , BO_Odds, BO_Odds2, BO_Odds3 , BO_Type, BO_Chase , BO_OpenResult, BO_OpenResult2, BO_DateDraw, BO_DateDraw2, BO_DateUpdate  FROM TS_BetOrder  WHERE BO_Cancel = 0   AND BO_CancelBackend = 0   AND BO_LotteryTypeGroup = 2 AND BO_LotteryType = 26 AND BO_Issue = 202001020816 AND BO_Collect = 0 ORDER BY BO_DateDraw ASC, BO_DateCreate ASC, BO_DateUpdate ASC, BO_No ASC ;
SELECT BO_No, BO_OrderNo , BO_User , BO_Issue  , BO_LotteryTypeGroup, BO_LotteryType, BO_Mode, BO_LotteryPlayGroup, BO_LotteryPlay , BO_LotteryContent, BO_Price, BO_RealPrice, BO_Unit, BO_Multiple , BO_BetCount  , BO_Winnings, BO_Winnings2, BO_Winnings3, BO_WinningLimit  , BO_Water , BO_BW_SourceUserId, BO_BW_BackWater, BO_BW_LimitBetCount, BO_BW_MaxAmount, BO_BW_AuditMultiple  , BO_Odds, BO_Odds2, BO_Odds3 , BO_Type, BO_Chase , BO_OpenResult, BO_OpenResult2, BO_DateDraw, BO_DateDraw2, BO_DateUpdate  FROM TS_BetOrder  WHERE BO_Cancel = 0   AND BO_CancelBackend = 0   AND BO_LotteryTypeGroup = 2 AND BO_LotteryType = 28 AND BO_Issue = 20200102164 AND BO_Collect = 0 ORDER BY BO_DateDraw ASC, BO_DateCreate ASC, BO_DateUpdate ASC, BO_No ASC ;
[2020-01-02 13:35:01] LottteryTypeGroup 2 
[2020-01-02 13:35:01] 有期號 但無注單 -------> map[bonus:0 thisOpenResult:[1 4 2 8 7] amount:0] 
[2020-01-02 13:35:01] LottteryTypeGroup 2 
[GIN] 2020/01/02 - 13:35:01 | 200 |    4.209502ms |  192.168.66.115 | POST     /getResult
[2020-01-02 13:35:01] 有期號 但無注單 -------> map[amount:0 bonus:0 thisOpenResult:[9 9 8 7 6]] 
[GIN] 2020/01/02 - 13:35:01 | 200 |     4.11376ms |  192.168.66.115 | POST     /getResult
[2020-01-02 13:35:01] 自開彩開獎  {202001020815 4 40 true} 
ConfigData  map[ip:192.168.88.181 poolname:FA_MEM user:fa_db database:FA_MEM redisPassword:"" port:3306 password:1qaz!QAZ charset:utf8 redisIp:192.168.88.119 redisPort:6379 redisDB:3]
SqlString  SELECT RTP,Amount,Bonus  FROM M_RtpSetting  WHERE Sid = 1   AND State = 1   AND LTG_Code = 4 AND Gid = 40
sqlResult   map[result: count:0 state:0]
[2020-01-02 13:35:01] rtpData ------->   map[result: count:0 state:0] 
[GIN] 2020/01/02 - 13:35:01 | 200 |    2.525268ms |  192.168.66.115 | POST     /getResult
[2020-01-02 13:35:02] 自開彩開獎  {202001020815 1 34 true} 
ConfigData  map[port:3306 user:fa_db password:1qaz!QAZ database:FA_MEM redisPassword:"" redisDB:3 ip:192.168.88.181 poolname:FA_MEM charset:utf8 redisIp:192.168.88.119 redisPort:6379]
SqlString  SELECT RTP,Amount,Bonus  FROM M_RtpSetting  WHERE Sid = 1   AND State = 1   AND LTG_Code = 1 AND Gid = 34
sqlResult   map[result: count:0 state:0]
[2020-01-02 13:35:02] rtpData ------->   map[result: count:0 state:0] 
[GIN] 2020/01/02 - 13:35:02 | 200 |    2.265578ms |  192.168.66.115 | POST     /getResult
[2020-01-02 13:35:02] 自開彩開獎  {202001020815 5 38 true} 
ConfigData  map[user:fa_db redisDB:3 password:1qaz!QAZ database:FA_MEM charset:utf8 redisIp:192.168.88.119 redisPort:6379 ip:192.168.88.181 poolname:FA_MEM port:3306 redisPassword:""]
SqlString  SELECT RTP,Amount,Bonus  FROM M_RtpSetting  WHERE Sid = 1   AND State = 1   AND LTG_Code = 5 AND Gid = 38
sqlResult   map[result: count:0 state:0]
[2020-01-02 13:35:02] rtpData ------->   map[result: count:0 state:0] 
[GIN] 2020/01/02 - 13:35:02 | 200 |    2.254372ms |  192.168.66.115 | POST     /getResult
[2020-01-02 13:35:03] 自開彩開獎  {202001020272 4 41 true} 
ConfigData  map[user:fa_db database:FA_MEM redisDB:3 port:3306 poolname:FA_MEM password:1qaz!QAZ charset:utf8 redisIp:192.168.88.119 redisPort:6379 redisPassword:"" ip:192.168.88.181]
SqlString  SELECT RTP,Amount,Bonus  FROM M_RtpSetting  WHERE Sid = 1   AND State = 1   AND LTG_Code = 4 AND Gid = 41
sqlResult   map[result: count:0 state:0]
[2020-01-02 13:35:03] rtpData ------->   map[result: count:0 state:0] 
[GIN] 2020/01/02 - 13:35:03 | 200 |    2.952935ms |  192.168.66.115 | POST     /getResult
[2020-01-02 13:35:05] 自開彩開獎  {202001020272 1 35 true} 
ConfigData  map[ip:192.168.88.181 poolname:FA_MEM port:3306 redisPort:6379 redisPassword:"" redisDB:3 user:fa_db password:1qaz!QAZ database:FA_MEM charset:utf8 redisIp:192.168.88.119]
SqlString  SELECT RTP,Amount,Bonus  FROM M_RtpSetting  WHERE Sid = 1   AND State = 1   AND LTG_Code = 1 AND Gid = 35
sqlResult   map[state:0 result: count:0]
[2020-01-02 13:35:05] rtpData ------->   map[count:0 state:0 result:] 
[GIN] 2020/01/02 - 13:35:05 | 200 |    8.670801ms |  192.168.66.115 | POST     /getResult
[2020-01-02 13:35:06] 自開彩開獎  {202001020816 6 36 true} 
ConfigData  map[database:FA_MEM redisPort:6379 redisPassword:"" redisDB:3 poolname:FA_MEM port:3306 user:fa_db redisIp:192.168.88.119 ip:192.168.88.181 password:1qaz!QAZ charset:utf8]
SqlString  SELECT RTP,Amount,Bonus  FROM M_RtpSetting  WHERE Sid = 1   AND State = 1   AND LTG_Code = 6 AND Gid = 36
sqlResult   map[result: count:0 state:0]
[2020-01-02 13:35:06] rtpData ------->   map[count:0 state:0 result:] 
[GIN] 2020/01/02 - 13:35:06 | 200 |    2.942235ms |  192.168.66.115 | POST     /getResult
[2020-01-02 13:35:06] 自開彩開獎  {202001020164 5 39 true} 
ConfigData  map[port:3306 user:fa_db redisPassword:"" poolname:FA_MEM password:1qaz!QAZ database:FA_MEM charset:utf8 redisIp:192.168.88.119 redisPort:6379 redisDB:3 ip:192.168.88.181]
SqlString  SELECT RTP,Amount,Bonus  FROM M_RtpSetting  WHERE Sid = 1   AND State = 1   AND LTG_Code = 5 AND Gid = 39
sqlResult   map[result: count:0 state:0]
[2020-01-02 13:35:06] rtpData ------->   map[result: count:0 state:0] 
[GIN] 2020/01/02 - 13:35:06 | 200 |     2.95611ms |  192.168.66.115 | POST     /getResult
[2020-01-02 13:35:07] 自開彩開獎  {202001020816 4 40 true} 
ConfigData  map[charset:utf8 redisPort:6379 redisPassword:"" redisDB:3 user:fa_db password:1qaz!QAZ port:3306 database:FA_MEM redisIp:192.168.88.119 ip:192.168.88.181 poolname:FA_MEM]
SqlString  SELECT RTP,Amount,Bonus  FROM M_RtpSetting  WHERE Sid = 1   AND State = 1   AND LTG_Code = 4 AND Gid = 40
sqlResult   map[result: count:0 state:0]
[2020-01-02 13:35:07] rtpData ------->   map[result: count:0 state:0] 
[GIN] 2020/01/02 - 13:35:07 | 200 |    3.145138ms |  192.168.66.115 | POST     /getResult
[2020-01-02 13:35:08] 自開彩開獎  {202001020816 1 34 true} 
ConfigData  map[ip:192.168.88.181 poolname:FA_MEM port:3306 charset:utf8 redisDB:3 user:fa_db password:1qaz!QAZ database:FA_MEM redisIp:192.168.88.119 redisPort:6379 redisPassword:""]
SqlString  SELECT RTP,Amount,Bonus  FROM M_RtpSetting  WHERE Sid = 1   AND State = 1   AND LTG_Code = 1 AND Gid = 34
sqlResult   map[result: count:0 state:0]
[2020-01-02 13:35:08] rtpData ------->   map[count:0 state:0 result:] 
[GIN] 2020/01/02 - 13:35:08 | 200 |    2.481131ms |  192.168.66.115 | POST     /getResult
[2020-01-02 13:35:08] 自開彩開獎  {202001020816 5 38 true} 
ConfigData  map[user:fa_db database:FA_MEM charset:utf8 redisPort:6379 redisPassword:"" ip:192.168.88.181 poolname:FA_MEM port:3306 password:1qaz!QAZ redisIp:192.168.88.119 redisDB:3]
SqlString  SELECT RTP,Amount,Bonus  FROM M_RtpSetting  WHERE Sid = 1   AND State = 1   AND LTG_Code = 5 AND Gid = 38
sqlResult   map[result: count:0 state:0]
[2020-01-02 13:35:08] rtpData ------->   map[result: count:0 state:0] 
[GIN] 2020/01/02 - 13:35:08 | 200 |    2.339078ms |  192.168.66.115 | POST     /getResult
[2020-01-02 13:35:09] 自開彩開獎  {202001020272 4 41 true} 
ConfigData  map[redisPassword:"" poolname:FA_MEM charset:utf8 redisPort:6379 password:1qaz!QAZ database:FA_MEM redisIp:192.168.88.119 redisDB:3 ip:192.168.88.181 port:3306 user:fa_db]
SqlString  SELECT RTP,Amount,Bonus  FROM M_RtpSetting  WHERE Sid = 1   AND State = 1   AND LTG_Code = 4 AND Gid = 41
sqlResult   map[result: count:0 state:0]
[2020-01-02 13:35:09] rtpData ------->   map[result: count:0 state:0] 
[GIN] 2020/01/02 - 13:35:09 | 200 |    2.496676ms |  192.168.66.115 | POST     /getResult
[2020-01-02 13:35:11] 自開彩開獎  {202001020272 1 35 true} 
ConfigData  map[redisIp:192.168.88.119 redisPort:6379 poolname:FA_MEM port:3306 password:1qaz!QAZ charset:utf8 redisDB:3 ip:192.168.88.181 user:fa_db database:FA_MEM redisPassword:""]
SqlString  SELECT RTP,Amount,Bonus  FROM M_RtpSetting  WHERE Sid = 1   AND State = 1   AND LTG_Code = 1 AND Gid = 35
sqlResult   map[result: count:0 state:0]
[2020-01-02 13:35:11] rtpData ------->   map[result: count:0 state:0] 
[GIN] 2020/01/02 - 13:35:11 | 200 |    2.902769ms |  192.168.66.115 | POST     /getResult
[2020-01-02 13:35:12] 自開彩開獎  {202001020816 6 36 true} 
ConfigData  map[poolname:FA_MEM port:3306 charset:utf8 redisPort:6379 redisPassword:"" ip:192.168.88.181 user:fa_db password:1qaz!QAZ database:FA_MEM redisIp:192.168.88.119 redisDB:3]
SqlString  SELECT RTP,Amount,Bonus  FROM M_RtpSetting  WHERE Sid = 1   AND State = 1   AND LTG_Code = 6 AND Gid = 36
sqlResult   map[result: count:0 state:0]
[2020-01-02 13:35:12] rtpData ------->   map[result: count:0 state:0] 
[GIN] 2020/01/02 - 13:35:12 | 200 |    2.512596ms |  192.168.66.115 | POST     /getResult
[2020-01-02 13:35:12] 自開彩開獎  {202001020164 5 39 true} 
ConfigData  map[port:3306 password:1qaz!QAZ database:FA_MEM redisIp:192.168.88.119 redisDB:3 ip:192.168.88.181 poolname:FA_MEM user:fa_db charset:utf8 redisPort:6379 redisPassword:""]
SqlString  SELECT RTP,Amount,Bonus  FROM M_RtpSetting  WHERE Sid = 1   AND State = 1   AND LTG_Code = 5 AND Gid = 39
sqlResult   map[result: count:0 state:0]
[2020-01-02 13:35:12] rtpData ------->   map[result: count:0 state:0] 
[GIN] 2020/01/02 - 13:35:12 | 200 |    2.052976ms |  192.168.66.115 | POST     /getResult
[2020-01-02 13:35:13] 自開彩開獎  {202001020816 4 40 true} 
ConfigData  map[password:1qaz!QAZ redisPort:6379 redisPassword:"" ip:192.168.88.181 poolname:FA_MEM port:3306 user:fa_db database:FA_MEM charset:utf8 redisIp:192.168.88.119 redisDB:3]
SqlString  SELECT RTP,Amount,Bonus  FROM M_RtpSetting  WHERE Sid = 1   AND State = 1   AND LTG_Code = 4 AND Gid = 40
sqlResult   map[state:0 result: count:0]
[2020-01-02 13:35:13] rtpData ------->   map[result: count:0 state:0] 
[GIN] 2020/01/02 - 13:35:13 | 200 |    2.871785ms |  192.168.66.115 | POST     /getResult
[2020-01-02 13:35:14] 自開彩開獎  {202001020816 1 34 true} 
ConfigData  map[user:fa_db password:1qaz!QAZ database:FA_MEM redisDB:3 port:3306 poolname:FA_MEM charset:utf8 redisIp:192.168.88.119 redisPort:6379 redisPassword:"" ip:192.168.88.181]
SqlString  SELECT RTP,Amount,Bonus  FROM M_RtpSetting  WHERE Sid = 1   AND State = 1   AND LTG_Code = 1 AND Gid = 34
sqlResult   map[count:0 state:0 result:]
[2020-01-02 13:35:14] rtpData ------->   map[count:0 state:0 result:] 
[GIN] 2020/01/02 - 13:35:14 | 200 |    2.002691ms |  192.168.66.115 | POST     /getResult
[2020-01-02 13:35:14] 自開彩開獎  {202001020816 5 38 true} 
ConfigData  map[charset:utf8 redisIp:192.168.88.119 redisDB:3 poolname:FA_MEM port:3306 user:fa_db password:1qaz!QAZ database:FA_MEM redisPort:6379 redisPassword:"" ip:192.168.88.181]
SqlString  SELECT RTP,Amount,Bonus  FROM M_RtpSetting  WHERE Sid = 1   AND State = 1   AND LTG_Code = 5 AND Gid = 38
sqlResult   map[result: count:0 state:0]
[2020-01-02 13:35:14] rtpData ------->   map[result: count:0 state:0] 
[GIN] 2020/01/02 - 13:35:14 | 200 |    3.187852ms |  192.168.66.115 | POST     /getResult
[2020-01-02 13:35:15] 自開彩開獎  {202001020272 4 41 true} 
ConfigData  map[port:3306 password:1qaz!QAZ ip:192.168.88.181 user:fa_db database:FA_MEM charset:utf8 redisIp:192.168.88.119 redisPort:6379 redisPassword:"" redisDB:3 poolname:FA_MEM]
SqlString  SELECT RTP,Amount,Bonus  FROM M_RtpSetting  WHERE Sid = 1   AND State = 1   AND LTG_Code = 4 AND Gid = 41
sqlResult   map[result: count:0 state:0]
[2020-01-02 13:35:15] rtpData ------->   map[result: count:0 state:0] 
[GIN] 2020/01/02 - 13:35:15 | 200 |    2.800588ms |  192.168.66.115 | POST     /getResult
[2020-01-02 13:35:17] 自開彩開獎  {202001020272 1 35 true} 
ConfigData  map[ip:192.168.88.181 password:1qaz!QAZ redisDB:3 charset:utf8 redisIp:192.168.88.119 redisPort:6379 redisPassword:"" poolname:FA_MEM port:3306 user:fa_db database:FA_MEM]
SqlString  SELECT RTP,Amount,Bonus  FROM M_RtpSetting  WHERE Sid = 1   AND State = 1   AND LTG_Code = 1 AND Gid = 35
sqlResult   map[result: count:0 state:0]
[2020-01-02 13:35:17] rtpData ------->   map[result: count:0 state:0] 
[GIN] 2020/01/02 - 13:35:17 | 200 |    1.851754ms |  192.168.66.115 | POST     /getResult
[2020-01-02 13:35:18] 自開彩開獎  {202001020816 6 36 true} 
ConfigData  map[charset:utf8 redisPort:6379 poolname:FA_MEM port:3306 user:fa_db redisIp:192.168.88.119 redisPassword:"" redisDB:3 ip:192.168.88.181 password:1qaz!QAZ database:FA_MEM]
SqlString  SELECT RTP,Amount,Bonus  FROM M_RtpSetting  WHERE Sid = 1   AND State = 1   AND LTG_Code = 6 AND Gid = 36
sqlResult   map[state:0 result: count:0]
[2020-01-02 13:35:18] rtpData ------->   map[result: count:0 state:0] 
[GIN] 2020/01/02 - 13:35:18 | 200 |    2.117061ms |  192.168.66.115 | POST     /getResult
[2020-01-02 13:35:18] 自開彩開獎  {202001020164 5 39 true} 
ConfigData  map[port:3306 user:fa_db database:FA_MEM redisIp:192.168.88.119 redisPort:6379 redisPassword:"" ip:192.168.88.181 poolname:FA_MEM password:1qaz!QAZ charset:utf8 redisDB:3]
SqlString  SELECT RTP,Amount,Bonus  FROM M_RtpSetting  WHERE Sid = 1   AND State = 1   AND LTG_Code = 5 AND Gid = 39
sqlResult   map[result: count:0 state:0]
[2020-01-02 13:35:18] rtpData ------->   map[result: count:0 state:0] 
[GIN] 2020/01/02 - 13:35:18 | 200 |    2.477452ms |  192.168.66.115 | POST     /getResult
[2020-01-02 13:35:19] 自開彩開獎  {202001020816 4 40 true} 
ConfigData  map[port:3306 password:1qaz!QAZ redisPort:6379 ip:192.168.88.181 poolname:FA_MEM charset:utf8 redisIp:192.168.88.119 redisPassword:"" redisDB:3 user:fa_db database:FA_MEM]
SqlString  SELECT RTP,Amount,Bonus  FROM M_RtpSetting  WHERE Sid = 1   AND State = 1   AND LTG_Code = 4 AND Gid = 40
sqlResult   map[count:0 state:0 result:]
[2020-01-02 13:35:19] rtpData ------->   map[result: count:0 state:0] 
[GIN] 2020/01/02 - 13:35:19 | 200 |    2.563026ms |  192.168.66.115 | POST     /getResult
[2020-01-02 13:35:20] 自開彩開獎  {202001020816 1 34 true} 
ConfigData  map[ip:192.168.88.181 database:FA_MEM charset:utf8 redisIp:192.168.88.119 redisDB:3 poolname:FA_MEM port:3306 user:fa_db password:1qaz!QAZ redisPort:6379 redisPassword:""]
SqlString  SELECT RTP,Amount,Bonus  FROM M_RtpSetting  WHERE Sid = 1   AND State = 1   AND LTG_Code = 1 AND Gid = 34
sqlResult   map[result: count:0 state:0]
[2020-01-02 13:35:20] rtpData ------->   map[result: count:0 state:0] 
[GIN] 2020/01/02 - 13:35:20 | 200 |    2.011147ms |  192.168.66.115 | POST     /getResult
[2020-01-02 13:35:20] 自開彩開獎  {202001020816 5 38 true} 
ConfigData  map[redisPassword:"" redisDB:3 port:3306 password:1qaz!QAZ redisPort:6379 database:FA_MEM charset:utf8 redisIp:192.168.88.119 ip:192.168.88.181 poolname:FA_MEM user:fa_db]
SqlString  SELECT RTP,Amount,Bonus  FROM M_RtpSetting  WHERE Sid = 1   AND State = 1   AND LTG_Code = 5 AND Gid = 38
sqlResult   map[state:0 result: count:0]
[2020-01-02 13:35:20] rtpData ------->   map[result: count:0 state:0] 
[GIN] 2020/01/02 - 13:35:20 | 200 |    2.365509ms |  192.168.66.115 | POST     /getResult
[2020-01-02 13:35:21] 自開彩開獎  {202001020272 4 41 true} 
ConfigData  map[poolname:FA_MEM port:3306 user:fa_db database:FA_MEM redisDB:3 ip:192.168.88.181 password:1qaz!QAZ charset:utf8 redisIp:192.168.88.119 redisPort:6379 redisPassword:""]
SqlString  SELECT RTP,Amount,Bonus  FROM M_RtpSetting  WHERE Sid = 1   AND State = 1   AND LTG_Code = 4 AND Gid = 41
sqlResult   map[state:0 result: count:0]
[2020-01-02 13:35:21] rtpData ------->   map[state:0 result: count:0] 
[GIN] 2020/01/02 - 13:35:21 | 200 |    2.053501ms |  192.168.66.115 | POST     /getResult
[2020-01-02 13:35:23] 自開彩開獎  {202001020272 1 35 true} 
ConfigData  map[poolname:FA_MEM password:1qaz!QAZ database:FA_MEM charset:utf8 redisPort:6379 redisDB:3 ip:192.168.88.181 port:3306 user:fa_db redisIp:192.168.88.119 redisPassword:""]
SqlString  SELECT RTP,Amount,Bonus  FROM M_RtpSetting  WHERE Sid = 1   AND State = 1   AND LTG_Code = 1 AND Gid = 35
sqlResult   map[result: count:0 state:0]
[2020-01-02 13:35:23] rtpData ------->   map[result: count:0 state:0] 
[GIN] 2020/01/02 - 13:35:23 | 200 |    2.285438ms |  192.168.66.115 | POST     /getResult
[2020-01-02 13:35:24] 自開彩開獎  {202001020816 6 36 true} 
ConfigData  map[redisPort:6379 ip:192.168.88.181 poolname:FA_MEM password:1qaz!QAZ database:FA_MEM charset:utf8 port:3306 user:fa_db redisIp:192.168.88.119 redisPassword:"" redisDB:3]
SqlString  SELECT RTP,Amount,Bonus  FROM M_RtpSetting  WHERE Sid = 1   AND State = 1   AND LTG_Code = 6 AND Gid = 36
sqlResult   map[state:0 result: count:0]
[2020-01-02 13:35:24] rtpData ------->   map[result: count:0 state:0] 
[GIN] 2020/01/02 - 13:35:24 | 200 |    2.152983ms |  192.168.66.115 | POST     /getResult
[2020-01-02 13:35:24] 自開彩開獎  {202001020164 5 39 true} 
ConfigData  map[redisDB:3 ip:192.168.88.181 port:3306 password:1qaz!QAZ database:FA_MEM redisIp:192.168.88.119 poolname:FA_MEM user:fa_db charset:utf8 redisPort:6379 redisPassword:""]
SqlString  SELECT RTP,Amount,Bonus  FROM M_RtpSetting  WHERE Sid = 1   AND State = 1   AND LTG_Code = 5 AND Gid = 39
sqlResult   map[result: count:0 state:0]
[2020-01-02 13:35:24] rtpData ------->   map[result: count:0 state:0] 
[GIN] 2020/01/02 - 13:35:24 | 200 |     2.17523ms |  192.168.66.115 | POST     /getResult
[2020-01-02 13:35:25] 自開彩開獎  {202001020816 4 40 true} 
ConfigData  map[charset:utf8 redisPassword:"" redisDB:3 poolname:FA_MEM user:fa_db password:1qaz!QAZ database:FA_MEM ip:192.168.88.181 port:3306 redisIp:192.168.88.119 redisPort:6379]
SqlString  SELECT RTP,Amount,Bonus  FROM M_RtpSetting  WHERE Sid = 1   AND State = 1   AND LTG_Code = 4 AND Gid = 40
sqlResult   map[count:0 state:0 result:]
[2020-01-02 13:35:25] rtpData ------->   map[state:0 result: count:0] 
[GIN] 2020/01/02 - 13:35:25 | 200 |    8.153627ms |  192.168.66.115 | POST     /getResult
[2020-01-02 13:35:26] 自開彩開獎  {202001020816 1 34 true} 
ConfigData  map[redisIp:192.168.88.119 redisPort:6379 redisPassword:"" redisDB:3 ip:192.168.88.181 port:3306 user:fa_db charset:utf8 poolname:FA_MEM password:1qaz!QAZ database:FA_MEM]
SqlString  SELECT RTP,Amount,Bonus  FROM M_RtpSetting  WHERE Sid = 1   AND State = 1   AND LTG_Code = 1 AND Gid = 34
sqlResult   map[result: count:0 state:0]
[2020-01-02 13:35:26] rtpData ------->   map[result: count:0 state:0] 
[GIN] 2020/01/02 - 13:35:26 | 200 |     2.03375ms |  192.168.66.115 | POST     /getResult
[2020-01-02 13:35:26] 自開彩開獎  {202001020816 5 38 true} 
ConfigData  map[port:3306 user:fa_db redisIp:192.168.88.119 redisPort:6379 redisPassword:"" ip:192.168.88.181 poolname:FA_MEM charset:utf8 redisDB:3 password:1qaz!QAZ database:FA_MEM]
SqlString  SELECT RTP,Amount,Bonus  FROM M_RtpSetting  WHERE Sid = 1   AND State = 1   AND LTG_Code = 5 AND Gid = 38
sqlResult   map[result: count:0 state:0]
[2020-01-02 13:35:26] rtpData ------->   map[result: count:0 state:0] 
[GIN] 2020/01/02 - 13:35:26 | 200 |    2.457943ms |  192.168.66.115 | POST     /getResult
[2020-01-02 13:35:27] 自開彩開獎  {202001020272 4 41 true} 
ConfigData  map[ip:192.168.88.181 database:FA_MEM redisPort:6379 redisPassword:"" redisDB:3 poolname:FA_MEM port:3306 user:fa_db password:1qaz!QAZ charset:utf8 redisIp:192.168.88.119]
SqlString  SELECT RTP,Amount,Bonus  FROM M_RtpSetting  WHERE Sid = 1   AND State = 1   AND LTG_Code = 4 AND Gid = 41
sqlResult   map[result: count:0 state:0]
[2020-01-02 13:35:27] rtpData ------->   map[result: count:0 state:0] 
[GIN] 2020/01/02 - 13:35:27 | 200 |    2.310109ms |  192.168.66.115 | POST     /getResult
[2020-01-02 13:35:29] 自開彩開獎  {202001020272 1 35 true} 
ConfigData  map[password:1qaz!QAZ redisPort:6379 redisPassword:"" redisDB:3 redisIp:192.168.88.119 ip:192.168.88.181 poolname:FA_MEM port:3306 user:fa_db database:FA_MEM charset:utf8]
SqlString  SELECT RTP,Amount,Bonus  FROM M_RtpSetting  WHERE Sid = 1   AND State = 1   AND LTG_Code = 1 AND Gid = 35
sqlResult   map[count:0 state:0 result:]
[2020-01-02 13:35:29] rtpData ------->   map[state:0 result: count:0] 
[GIN] 2020/01/02 - 13:35:29 | 200 |    3.091105ms |  192.168.66.115 | POST     /getResult
[2020-01-02 13:35:30] 自開彩開獎  {202001020816 6 36 true} 
ConfigData  map[redisPassword:"" ip:192.168.88.181 redisIp:192.168.88.119 redisPort:6379 password:1qaz!QAZ database:FA_MEM charset:utf8 redisDB:3 poolname:FA_MEM port:3306 user:fa_db]
SqlString  SELECT RTP,Amount,Bonus  FROM M_RtpSetting  WHERE Sid = 1   AND State = 1   AND LTG_Code = 6 AND Gid = 36
sqlResult   map[result: count:0 state:0]
[2020-01-02 13:35:30] rtpData ------->   map[result: count:0 state:0] 
[GIN] 2020/01/02 - 13:35:30 | 200 |    2.283328ms |  192.168.66.115 | POST     /getResult
[2020-01-02 13:35:30] 自開彩開獎  {202001020164 5 39 true} 
ConfigData  map[poolname:FA_MEM user:fa_db password:1qaz!QAZ redisPassword:"" redisDB:3 ip:192.168.88.181 port:3306 database:FA_MEM charset:utf8 redisIp:192.168.88.119 redisPort:6379]
SqlString  SELECT RTP,Amount,Bonus  FROM M_RtpSetting  WHERE Sid = 1   AND State = 1   AND LTG_Code = 5 AND Gid = 39
sqlResult   map[result: count:0 state:0]
[2020-01-02 13:35:30] rtpData ------->   map[result: count:0 state:0] 
[GIN] 2020/01/02 - 13:35:30 | 200 |    3.304997ms |  192.168.66.115 | POST     /getResult
[2020-01-02 13:35:31] 自開彩開獎  {202001020816 4 40 true} 
ConfigData  map[ip:192.168.88.181 poolname:FA_MEM password:1qaz!QAZ database:FA_MEM redisPort:6379 redisDB:3 port:3306 user:fa_db charset:utf8 redisIp:192.168.88.119 redisPassword:""]
SqlString  SELECT RTP,Amount,Bonus  FROM M_RtpSetting  WHERE Sid = 1   AND State = 1   AND LTG_Code = 4 AND Gid = 40
sqlResult   map[state:0 result: count:0]
[2020-01-02 13:35:31] rtpData ------->   map[result: count:0 state:0] 
[GIN] 2020/01/02 - 13:35:31 | 200 |    2.147868ms |  192.168.66.115 | POST     /getResult
[2020-01-02 13:35:32] 自開彩開獎  {202001020816 1 34 true} 
ConfigData  map[ip:192.168.88.181 poolname:FA_MEM password:1qaz!QAZ redisIp:192.168.88.119 redisPort:6379 redisDB:3 port:3306 user:fa_db database:FA_MEM charset:utf8 redisPassword:""]
SqlString  SELECT RTP,Amount,Bonus  FROM M_RtpSetting  WHERE Sid = 1   AND State = 1   AND LTG_Code = 1 AND Gid = 34
sqlResult   map[result: count:0 state:0]
[2020-01-02 13:35:32] rtpData ------->   map[state:0 result: count:0] 
[GIN] 2020/01/02 - 13:35:32 | 200 |    1.914355ms |  192.168.66.115 | POST     /getResult
[2020-01-02 13:35:32] 自開彩開獎  {202001020816 5 38 true} 
ConfigData  map[redisPassword:"" redisDB:3 poolname:FA_MEM charset:utf8 redisPort:6379 password:1qaz!QAZ database:FA_MEM redisIp:192.168.88.119 ip:192.168.88.181 port:3306 user:fa_db]
SqlString  SELECT RTP,Amount,Bonus  FROM M_RtpSetting  WHERE Sid = 1   AND State = 1   AND LTG_Code = 5 AND Gid = 38
sqlResult   map[result: count:0 state:0]
[2020-01-02 13:35:32] rtpData ------->   map[result: count:0 state:0] 
[GIN] 2020/01/02 - 13:35:32 | 200 |    2.474172ms |  192.168.66.115 | POST     /getResult
[2020-01-02 13:35:33] 自開彩開獎  {202001020272 4 41 true} 
ConfigData  map[database:FA_MEM charset:utf8 redisPort:6379 user:fa_db password:1qaz!QAZ port:3306 redisIp:192.168.88.119 redisPassword:"" redisDB:3 ip:192.168.88.181 poolname:FA_MEM]
SqlString  SELECT RTP,Amount,Bonus  FROM M_RtpSetting  WHERE Sid = 1   AND State = 1   AND LTG_Code = 4 AND Gid = 41
sqlResult   map[result: count:0 state:0]
[2020-01-02 13:35:33] rtpData ------->   map[result: count:0 state:0] 
[GIN] 2020/01/02 - 13:35:33 | 200 |    2.174311ms |  192.168.66.115 | POST     /getResult
[2020-01-02 13:35:35] 自開彩開獎  {202001020272 1 35 true} 
ConfigData  map[ip:192.168.88.181 poolname:FA_MEM port:3306 user:fa_db password:1qaz!QAZ database:FA_MEM charset:utf8 redisPassword:"" redisDB:3 redisIp:192.168.88.119 redisPort:6379]
SqlString  SELECT RTP,Amount,Bonus  FROM M_RtpSetting  WHERE Sid = 1   AND State = 1   AND LTG_Code = 1 AND Gid = 35
sqlResult   map[result: count:0 state:0]
[2020-01-02 13:35:35] rtpData ------->   map[result: count:0 state:0] 
[GIN] 2020/01/02 - 13:35:35 | 200 |     8.85957ms |  192.168.66.115 | POST     /getResult
[2020-01-02 13:35:36] 自開彩開獎  {202001020816 6 36 true} 
ConfigData  map[port:3306 redisPort:6379 ip:192.168.88.181 poolname:FA_MEM user:fa_db password:1qaz!QAZ database:FA_MEM charset:utf8 redisIp:192.168.88.119 redisPassword:"" redisDB:3]
SqlString  SELECT RTP,Amount,Bonus  FROM M_RtpSetting  WHERE Sid = 1   AND State = 1   AND LTG_Code = 6 AND Gid = 36
sqlResult   map[state:0 result: count:0]
[2020-01-02 13:35:36] rtpData ------->   map[result: count:0 state:0] 
[GIN] 2020/01/02 - 13:35:36 | 200 |    1.977305ms |  192.168.66.115 | POST     /getResult
[2020-01-02 13:35:36] 自開彩開獎  {202001020164 5 39 true} 
ConfigData  map[user:fa_db password:1qaz!QAZ database:FA_MEM redisIp:192.168.88.119 redisPassword:"" ip:192.168.88.181 poolname:FA_MEM redisPort:6379 redisDB:3 port:3306 charset:utf8]
SqlString  SELECT RTP,Amount,Bonus  FROM M_RtpSetting  WHERE Sid = 1   AND State = 1   AND LTG_Code = 5 AND Gid = 39
sqlResult   map[result: count:0 state:0]
[2020-01-02 13:35:36] rtpData ------->   map[state:0 result: count:0] 
[GIN] 2020/01/02 - 13:35:36 | 200 |    2.231178ms |  192.168.66.115 | POST     /getResult
[2020-01-02 13:35:37] 自開彩開獎  {202001020816 4 40 true} 
ConfigData  map[port:3306 user:fa_db charset:utf8 redisIp:192.168.88.119 redisPort:6379 redisPassword:"" redisDB:3 ip:192.168.88.181 password:1qaz!QAZ database:FA_MEM poolname:FA_MEM]
SqlString  SELECT RTP,Amount,Bonus  FROM M_RtpSetting  WHERE Sid = 1   AND State = 1   AND LTG_Code = 4 AND Gid = 40
sqlResult   map[state:0 result: count:0]
[2020-01-02 13:35:37] rtpData ------->   map[result: count:0 state:0] 
[GIN] 2020/01/02 - 13:35:37 | 200 |    2.302953ms |  192.168.66.115 | POST     /getResult
[2020-01-02 13:35:38] 自開彩開獎  {202001020816 1 34 true} 
ConfigData  map[ip:192.168.88.181 user:fa_db password:1qaz!QAZ redisPort:6379 poolname:FA_MEM port:3306 database:FA_MEM charset:utf8 redisIp:192.168.88.119 redisPassword:"" redisDB:3]
SqlString  SELECT RTP,Amount,Bonus  FROM M_RtpSetting  WHERE Sid = 1   AND State = 1   AND LTG_Code = 1 AND Gid = 34
sqlResult   map[result: count:0 state:0]
[2020-01-02 13:35:38] rtpData ------->   map[result: count:0 state:0] 
[GIN] 2020/01/02 - 13:35:38 | 200 |    2.199954ms |  192.168.66.115 | POST     /getResult
[2020-01-02 13:35:38] 自開彩開獎  {202001020816 5 38 true} 
ConfigData  map[ip:192.168.88.181 poolname:FA_MEM port:3306 user:fa_db charset:utf8 redisPort:6379 redisPassword:"" password:1qaz!QAZ database:FA_MEM redisIp:192.168.88.119 redisDB:3]
SqlString  SELECT RTP,Amount,Bonus  FROM M_RtpSetting  WHERE Sid = 1   AND State = 1   AND LTG_Code = 5 AND Gid = 38
sqlResult   map[result: count:0 state:0]
[2020-01-02 13:35:38] rtpData ------->   map[result: count:0 state:0] 
[GIN] 2020/01/02 - 13:35:38 | 200 |    2.655315ms |  192.168.66.115 | POST     /getResult
[2020-01-02 13:35:39] 自開彩開獎  {202001020272 4 41 true} 
ConfigData  map[redisPort:6379 redisPassword:"" redisDB:3 ip:192.168.88.181 user:fa_db charset:utf8 database:FA_MEM redisIp:192.168.88.119 poolname:FA_MEM port:3306 password:1qaz!QAZ]
SqlString  SELECT RTP,Amount,Bonus  FROM M_RtpSetting  WHERE Sid = 1   AND State = 1   AND LTG_Code = 4 AND Gid = 41
sqlResult   map[count:0 state:0 result:]
[2020-01-02 13:35:39] rtpData ------->   map[count:0 state:0 result:] 
[GIN] 2020/01/02 - 13:35:39 | 200 |    2.103878ms |  192.168.66.115 | POST     /getResult
[2020-01-02 13:35:41] 自開彩開獎  {202001020272 1 35 true} 
ConfigData  map[database:FA_MEM charset:utf8 redisIp:192.168.88.119 redisPort:6379 redisPassword:"" poolname:FA_MEM password:1qaz!QAZ user:fa_db redisDB:3 ip:192.168.88.181 port:3306]
SqlString  SELECT RTP,Amount,Bonus  FROM M_RtpSetting  WHERE Sid = 1   AND State = 1   AND LTG_Code = 1 AND Gid = 35
sqlResult   map[result: count:0 state:0]
[2020-01-02 13:35:41] rtpData ------->   map[result: count:0 state:0] 
[GIN] 2020/01/02 - 13:35:41 | 200 |   10.663292ms |  192.168.66.115 | POST     /getResult
[2020-01-02 13:35:42] 自開彩開獎  {202001020816 6 36 true} 
ConfigData  map[user:fa_db password:1qaz!QAZ database:FA_MEM charset:utf8 redisPort:6379 redisDB:3 ip:192.168.88.181 port:3306 redisIp:192.168.88.119 redisPassword:"" poolname:FA_MEM]
SqlString  SELECT RTP,Amount,Bonus  FROM M_RtpSetting  WHERE Sid = 1   AND State = 1   AND LTG_Code = 6 AND Gid = 36
sqlResult   map[result: count:0 state:0]
[2020-01-02 13:35:42] rtpData ------->   map[result: count:0 state:0] 
[GIN] 2020/01/02 - 13:35:42 | 200 |    2.129863ms |  192.168.66.115 | POST     /getResult
[2020-01-02 13:35:42] 自開彩開獎  {202001020164 5 39 true} 
ConfigData  map[poolname:FA_MEM port:3306 user:fa_db redisPort:6379 redisPassword:"" redisDB:3 ip:192.168.88.181 database:FA_MEM charset:utf8 redisIp:192.168.88.119 password:1qaz!QAZ]
SqlString  SELECT RTP,Amount,Bonus  FROM M_RtpSetting  WHERE Sid = 1   AND State = 1   AND LTG_Code = 5 AND Gid = 39
sqlResult   map[result: count:0 state:0]
[2020-01-02 13:35:42] rtpData ------->   map[result: count:0 state:0] 
[GIN] 2020/01/02 - 13:35:42 | 200 |    2.079117ms |  192.168.66.115 | POST     /getResult
[2020-01-02 13:35:43] 自開彩開獎  {202001020816 4 40 true} 
ConfigData  map[poolname:FA_MEM user:fa_db password:1qaz!QAZ charset:utf8 redisIp:192.168.88.119 redisPort:6379 ip:192.168.88.181 database:FA_MEM redisPassword:"" redisDB:3 port:3306]
SqlString  SELECT RTP,Amount,Bonus  FROM M_RtpSetting  WHERE Sid = 1   AND State = 1   AND LTG_Code = 4 AND Gid = 40
sqlResult   map[result: count:0 state:0]
[2020-01-02 13:35:43] rtpData ------->   map[state:0 result: count:0] 
[GIN] 2020/01/02 - 13:35:43 | 200 |    2.441167ms |  192.168.66.115 | POST     /getResult
[2020-01-02 13:35:44] 自開彩開獎  {202001020816 1 34 true} 
ConfigData  map[redisPassword:"" poolname:FA_MEM port:3306 password:1qaz!QAZ charset:utf8 redisIp:192.168.88.119 redisPort:6379 redisDB:3 ip:192.168.88.181 user:fa_db database:FA_MEM]
SqlString  SELECT RTP,Amount,Bonus  FROM M_RtpSetting  WHERE Sid = 1   AND State = 1   AND LTG_Code = 1 AND Gid = 34
sqlResult   map[state:0 result: count:0]
[2020-01-02 13:35:44] rtpData ------->   map[result: count:0 state:0] 
[GIN] 2020/01/02 - 13:35:44 | 200 |    2.124046ms |  192.168.66.115 | POST     /getResult
[2020-01-02 13:35:44] 自開彩開獎  {202001020816 5 38 true} 
ConfigData  map[redisDB:3 poolname:FA_MEM port:3306 user:fa_db redisPassword:"" redisIp:192.168.88.119 redisPort:6379 ip:192.168.88.181 password:1qaz!QAZ database:FA_MEM charset:utf8]
SqlString  SELECT RTP,Amount,Bonus  FROM M_RtpSetting  WHERE Sid = 1   AND State = 1   AND LTG_Code = 5 AND Gid = 38
sqlResult   map[count:0 state:0 result:]
[2020-01-02 13:35:44] rtpData ------->   map[result: count:0 state:0] 
[GIN] 2020/01/02 - 13:35:44 | 200 |    2.445851ms |  192.168.66.115 | POST     /getResult
[2020-01-02 13:35:45] 自開彩開獎  {202001020272 4 41 true} 
ConfigData  map[redisIp:192.168.88.119 redisPassword:"" ip:192.168.88.181 poolname:FA_MEM port:3306 user:fa_db database:FA_MEM password:1qaz!QAZ charset:utf8 redisPort:6379 redisDB:3]
SqlString  SELECT RTP,Amount,Bonus  FROM M_RtpSetting  WHERE Sid = 1   AND State = 1   AND LTG_Code = 4 AND Gid = 41
sqlResult   map[result: count:0 state:0]
[2020-01-02 13:35:45] rtpData ------->   map[result: count:0 state:0] 
[GIN] 2020/01/02 - 13:35:45 | 200 |    2.211648ms |  192.168.66.115 | POST     /getResult
[2020-01-02 13:35:47] 自開彩開獎  {202001020272 1 35 true} 
ConfigData  map[port:3306 password:1qaz!QAZ database:FA_MEM charset:utf8 redisIp:192.168.88.119 redisPort:6379 redisDB:3 ip:192.168.88.181 poolname:FA_MEM user:fa_db redisPassword:""]
SqlString  SELECT RTP,Amount,Bonus  FROM M_RtpSetting  WHERE Sid = 1   AND State = 1   AND LTG_Code = 1 AND Gid = 35
sqlResult   map[result: count:0 state:0]
[2020-01-02 13:35:47] rtpData ------->   map[state:0 result: count:0] 
[GIN] 2020/01/02 - 13:35:47 | 200 |     2.14609ms |  192.168.66.115 | POST     /getResult
[2020-01-02 13:35:48] 自開彩開獎  {202001020816 6 36 true} 
ConfigData  map[redisPort:6379 redisPassword:"" ip:192.168.88.181 poolname:FA_MEM user:fa_db password:1qaz!QAZ charset:utf8 port:3306 database:FA_MEM redisIp:192.168.88.119 redisDB:3]
SqlString  SELECT RTP,Amount,Bonus  FROM M_RtpSetting  WHERE Sid = 1   AND State = 1   AND LTG_Code = 6 AND Gid = 36
sqlResult   map[result: count:0 state:0]
[2020-01-02 13:35:48] rtpData ------->   map[result: count:0 state:0] 
[GIN] 2020/01/02 - 13:35:48 | 200 |    2.230979ms |  192.168.66.115 | POST     /getResult
[2020-01-02 13:35:48] 自開彩開獎  {202001020164 5 39 true} 
ConfigData  map[database:FA_MEM charset:utf8 redisPort:6379 redisDB:3 ip:192.168.88.181 port:3306 user:fa_db redisPassword:"" poolname:FA_MEM password:1qaz!QAZ redisIp:192.168.88.119]
SqlString  SELECT RTP,Amount,Bonus  FROM M_RtpSetting  WHERE Sid = 1   AND State = 1   AND LTG_Code = 5 AND Gid = 39
sqlResult   map[result: count:0 state:0]
[2020-01-02 13:35:48] rtpData ------->   map[result: count:0 state:0] 
[GIN] 2020/01/02 - 13:35:48 | 200 |    1.996744ms |  192.168.66.115 | POST     /getResult
[2020-01-02 13:35:49] 自開彩開獎  {202001020816 4 40 true} 
ConfigData  map[poolname:FA_MEM user:fa_db password:1qaz!QAZ redisPort:6379 redisPassword:"" redisDB:3 ip:192.168.88.181 port:3306 database:FA_MEM charset:utf8 redisIp:192.168.88.119]
SqlString  SELECT RTP,Amount,Bonus  FROM M_RtpSetting  WHERE Sid = 1   AND State = 1   AND LTG_Code = 4 AND Gid = 40
sqlResult   map[result: count:0 state:0]
[2020-01-02 13:35:49] rtpData ------->   map[result: count:0 state:0] 
[GIN] 2020/01/02 - 13:35:49 | 200 |    3.170871ms |  192.168.66.115 | POST     /getResult
[2020-01-02 13:35:50] 自開彩開獎  {202001020816 1 34 true} 
ConfigData  map[poolname:FA_MEM port:3306 user:fa_db password:1qaz!QAZ charset:utf8 redisIp:192.168.88.119 redisPort:6379 ip:192.168.88.181 redisDB:3 redisPassword:"" database:FA_MEM]
SqlString  SELECT RTP,Amount,Bonus  FROM M_RtpSetting  WHERE Sid = 1   AND State = 1   AND LTG_Code = 1 AND Gid = 34
sqlResult   map[result: count:0 state:0]
[2020-01-02 13:35:50] rtpData ------->   map[result: count:0 state:0] 
[GIN] 2020/01/02 - 13:35:50 | 200 |    1.956869ms |  192.168.66.115 | POST     /getResult
[2020-01-02 13:35:50] 自開彩開獎  {202001020816 5 38 true} 
ConfigData  map[password:1qaz!QAZ charset:utf8 redisPassword:"" ip:192.168.88.181 port:3306 database:FA_MEM redisIp:192.168.88.119 redisPort:6379 redisDB:3 poolname:FA_MEM user:fa_db]
SqlString  SELECT RTP,Amount,Bonus  FROM M_RtpSetting  WHERE Sid = 1   AND State = 1   AND LTG_Code = 5 AND Gid = 38
sqlResult   map[result: count:0 state:0]
[2020-01-02 13:35:50] rtpData ------->   map[result: count:0 state:0] 
[GIN] 2020/01/02 - 13:35:50 | 200 |     2.80868ms |  192.168.66.115 | POST     /getResult
[2020-01-02 13:35:51] 自開彩開獎  {202001020272 4 41 true} 
ConfigData  map[redisPassword:"" redisDB:3 ip:192.168.88.181 database:FA_MEM redisIp:192.168.88.119 redisPort:6379 charset:utf8 poolname:FA_MEM port:3306 user:fa_db password:1qaz!QAZ]
SqlString  SELECT RTP,Amount,Bonus  FROM M_RtpSetting  WHERE Sid = 1   AND State = 1   AND LTG_Code = 4 AND Gid = 41
sqlResult   map[result: count:0 state:0]
[2020-01-02 13:35:51] rtpData ------->   map[result: count:0 state:0] 
[GIN] 2020/01/02 - 13:35:51 | 200 |    2.039051ms |  192.168.66.115 | POST     /getResult
[2020-01-02 13:35:53] 自開彩開獎  {202001020272 1 35 true} 
ConfigData  map[database:FA_MEM charset:utf8 redisIp:192.168.88.119 redisPort:6379 redisPassword:"" poolname:FA_MEM port:3306 password:1qaz!QAZ ip:192.168.88.181 user:fa_db redisDB:3]
SqlString  SELECT RTP,Amount,Bonus  FROM M_RtpSetting  WHERE Sid = 1   AND State = 1   AND LTG_Code = 1 AND Gid = 35
sqlResult   map[state:0 result: count:0]
[2020-01-02 13:35:53] rtpData ------->   map[result: count:0 state:0] 
[GIN] 2020/01/02 - 13:35:53 | 200 |    2.491487ms |  192.168.66.115 | POST     /getResult
[2020-01-02 13:35:54] 自開彩開獎  {202001020816 6 36 true} 
ConfigData  map[port:3306 password:1qaz!QAZ database:FA_MEM redisPort:6379 redisPassword:"" redisDB:3 ip:192.168.88.181 poolname:FA_MEM user:fa_db charset:utf8 redisIp:192.168.88.119]
SqlString  SELECT RTP,Amount,Bonus  FROM M_RtpSetting  WHERE Sid = 1   AND State = 1   AND LTG_Code = 6 AND Gid = 36
sqlResult   map[result: count:0 state:0]
[2020-01-02 13:35:54] rtpData ------->   map[result: count:0 state:0] 
[GIN] 2020/01/02 - 13:35:54 | 200 |    3.085648ms |  192.168.66.115 | POST     /getResult
[2020-01-02 13:35:54] 自開彩開獎  {202001020164 5 39 true} 
ConfigData  map[redisPassword:"" redisDB:3 ip:192.168.88.181 poolname:FA_MEM charset:utf8 database:FA_MEM redisIp:192.168.88.119 redisPort:6379 port:3306 user:fa_db password:1qaz!QAZ]
SqlString  SELECT RTP,Amount,Bonus  FROM M_RtpSetting  WHERE Sid = 1   AND State = 1   AND LTG_Code = 5 AND Gid = 39
sqlResult   map[result: count:0 state:0]
[2020-01-02 13:35:54] rtpData ------->   map[result: count:0 state:0] 
[GIN] 2020/01/02 - 13:35:54 | 200 |    2.989582ms |  192.168.66.115 | POST     /getResult
[2020-01-02 13:35:55] 自開彩開獎  {202001020816 4 40 true} 
ConfigData  map[poolname:FA_MEM redisIp:192.168.88.119 redisPort:6379 ip:192.168.88.181 port:3306 user:fa_db password:1qaz!QAZ database:FA_MEM charset:utf8 redisPassword:"" redisDB:3]
SqlString  SELECT RTP,Amount,Bonus  FROM M_RtpSetting  WHERE Sid = 1   AND State = 1   AND LTG_Code = 4 AND Gid = 40
sqlResult   map[result: count:0 state:0]
[2020-01-02 13:35:55] rtpData ------->   map[result: count:0 state:0] 
[GIN] 2020/01/02 - 13:35:55 | 200 |    2.945097ms |  192.168.66.115 | POST     /getResult
[2020-01-02 13:35:56] 自開彩開獎  {202001020816 1 34 true} 
ConfigData  map[user:fa_db password:1qaz!QAZ charset:utf8 redisPort:6379 poolname:FA_MEM port:3306 redisIp:192.168.88.119 redisPassword:"" redisDB:3 ip:192.168.88.181 database:FA_MEM]
SqlString  SELECT RTP,Amount,Bonus  FROM M_RtpSetting  WHERE Sid = 1   AND State = 1   AND LTG_Code = 1 AND Gid = 34
sqlResult   map[state:0 result: count:0]
[2020-01-02 13:35:56] rtpData ------->   map[state:0 result: count:0] 
[GIN] 2020/01/02 - 13:35:56 | 200 |    3.813387ms |  192.168.66.115 | POST     /getResult
[2020-01-02 13:35:56] 自開彩開獎  {202001020816 5 38 true} 
ConfigData  map[redisPort:6379 redisPassword:"" redisDB:3 ip:192.168.88.181 port:3306 user:fa_db password:1qaz!QAZ charset:utf8 poolname:FA_MEM database:FA_MEM redisIp:192.168.88.119]
SqlString  SELECT RTP,Amount,Bonus  FROM M_RtpSetting  WHERE Sid = 1   AND State = 1   AND LTG_Code = 5 AND Gid = 38
sqlResult   map[result: count:0 state:0]
[2020-01-02 13:35:56] rtpData ------->   map[result: count:0 state:0] 
[GIN] 2020/01/02 - 13:35:56 | 200 |    2.613808ms |  192.168.66.115 | POST     /getResult
[2020-01-02 13:35:57] 自開彩開獎  {202001020272 4 41 true} 
ConfigData  map[charset:utf8 redisPort:6379 redisDB:3 ip:192.168.88.181 password:1qaz!QAZ user:fa_db database:FA_MEM redisIp:192.168.88.119 redisPassword:"" poolname:FA_MEM port:3306]
SqlString  SELECT RTP,Amount,Bonus  FROM M_RtpSetting  WHERE Sid = 1   AND State = 1   AND LTG_Code = 4 AND Gid = 41
sqlResult   map[result: count:0 state:0]
[2020-01-02 13:35:57] rtpData ------->   map[result: count:0 state:0] 
[GIN] 2020/01/02 - 13:35:57 | 200 |    2.031168ms |  192.168.66.115 | POST     /getResult
[2020-01-02 13:35:59] 自開彩開獎  {202001020272 1 35 true} 
ConfigData  map[port:3306 user:fa_db database:FA_MEM charset:utf8 redisIp:192.168.88.119 redisPort:6379 redisPassword:"" poolname:FA_MEM redisDB:3 password:1qaz!QAZ ip:192.168.88.181]
SqlString  SELECT RTP,Amount,Bonus  FROM M_RtpSetting  WHERE Sid = 1   AND State = 1   AND LTG_Code = 1 AND Gid = 35
sqlResult   map[count:0 state:0 result:]
[2020-01-02 13:35:59] rtpData ------->   map[result: count:0 state:0] 
[GIN] 2020/01/02 - 13:35:59 | 200 |     2.68432ms |  192.168.66.115 | POST     /getResult
[2020-01-02 13:36:00] 自開彩開獎  {202001020816 6 36 true} 
ConfigData  map[charset:utf8 redisIp:192.168.88.119 redisPort:6379 user:fa_db password:1qaz!QAZ port:3306 database:FA_MEM redisPassword:"" redisDB:3 ip:192.168.88.181 poolname:FA_MEM]
SqlString  SELECT RTP,Amount,Bonus  FROM M_RtpSetting  WHERE Sid = 1   AND State = 1   AND LTG_Code = 6 AND Gid = 36
[2020-01-02 13:36:00] 自開彩開獎  {202001020273 6 37 true} 
ConfigData  map[redisIp:192.168.88.119 redisPort:6379 redisPassword:"" ip:192.168.88.181 user:fa_db password:1qaz!QAZ charset:utf8 redisDB:3 poolname:FA_MEM port:3306 database:FA_MEM]
SqlString  SELECT RTP,Amount,Bonus  FROM M_RtpSetting  WHERE Sid = 1   AND State = 1   AND LTG_Code = 6 AND Gid = 37
sqlResult   map[state:0 result: count:0]
[2020-01-02 13:36:00] rtpData ------->   map[result: count:0 state:0] 
[GIN] 2020/01/02 - 13:36:00 | 200 |    2.119724ms |  192.168.66.115 | POST     /getResult
sqlResult   map[count:0 state:0 result:]
[2020-01-02 13:36:00] rtpData ------->   map[count:0 state:0 result:] 
[GIN] 2020/01/02 - 13:36:00 | 200 |    2.028739ms |  192.168.66.115 | POST     /getResult
[2020-01-02 13:36:00] 自開彩開獎  {202001020164 5 39 true} 
ConfigData  map[user:fa_db password:1qaz!QAZ database:FA_MEM redisIp:192.168.88.119 redisPassword:"" port:3306 poolname:FA_MEM charset:utf8 redisPort:6379 redisDB:3 ip:192.168.88.181]
SqlString  SELECT RTP,Amount,Bonus  FROM M_RtpSetting  WHERE Sid = 1   AND State = 1   AND LTG_Code = 5 AND Gid = 39
sqlResult   map[result: count:0 state:0]
[2020-01-02 13:36:00] rtpData ------->   map[result: count:0 state:0] 
[GIN] 2020/01/02 - 13:36:00 | 200 |    2.741907ms |  192.168.66.115 | POST     /getResult
[2020-01-02 13:36:01] 自開彩開獎  {202001020817 2 26 true} 
ConfigData  map[poolname:FA_MEM user:fa_db redisIp:192.168.88.119 redisDB:3 charset:utf8 redisPort:6379 redisPassword:"" ip:192.168.88.181 port:3306 password:1qaz!QAZ database:FA_MEM]
SqlString  SELECT RTP,Amount,Bonus  FROM M_RtpSetting  WHERE Sid = 1   AND State = 1   AND LTG_Code = 2 AND Gid = 26
[2020-01-02 13:36:01] 自開彩開獎  {20200102273 2 27 true} 
ConfigData  map[user:fa_db redisIp:192.168.88.119 redisPort:6379 ip:192.168.88.181 poolname:FA_MEM port:3306 password:1qaz!QAZ database:FA_MEM charset:utf8 redisPassword:"" redisDB:3]
SqlString  SELECT RTP,Amount,Bonus  FROM M_RtpSetting  WHERE Sid = 1   AND State = 1   AND LTG_Code = 2 AND Gid = 27
sqlResult   map[result:0.9600 count:1 state:1 amount:1.0069588e+06 bonus:908100.71]
[2020-01-02 13:36:01] rtpData ------->   map[state:1 amount:1.0069588e+06 bonus:908100.71 result:0.9600 count:1] 
ConfigData  map[charset:utf8 redisIp:192.168.88.119 redisPassword:"" redisDB:3 port:3306 password:1qaz!QAZ database:FA_MEM redisPort:6379 ip:192.168.88.181 poolname:FA_MEM user:fa_db]
SELECT BO_No, BO_OrderNo , BO_User , BO_Issue  , BO_LotteryTypeGroup, BO_LotteryType, BO_Mode, BO_LotteryPlayGroup, BO_LotteryPlay , BO_LotteryContent, BO_Price, BO_RealPrice, BO_Unit, BO_Multiple , BO_BetCount  , BO_Winnings, BO_Winnings2, BO_Winnings3, BO_WinningLimit  , BO_Water , BO_BW_SourceUserId, BO_BW_BackWater, BO_BW_LimitBetCount, BO_BW_MaxAmount, BO_BW_AuditMultiple  , BO_Odds, BO_Odds2, BO_Odds3 , BO_Type, BO_Chase , BO_OpenResult, BO_OpenResult2, BO_DateDraw, BO_DateDraw2, BO_DateUpdate  FROM TS_BetOrder  WHERE BO_Cancel = 0   AND BO_CancelBackend = 0   AND BO_LotteryTypeGroup = 2 AND BO_LotteryType = 26 AND BO_Issue = 202001020817 AND BO_Collect = 0 ORDER BY BO_DateDraw ASC, BO_DateCreate ASC, BO_DateUpdate ASC, BO_No ASC ;
sqlResult   map[count:1 state:1 amount:105208 bonus:58491.69 result:0.9600]
[2020-01-02 13:36:01] rtpData ------->   map[amount:105208 bonus:58491.69 result:0.9600 count:1 state:1] 
ConfigData  map[redisIp:192.168.88.119 poolname:FA_MEM user:fa_db password:1qaz!QAZ database:FA_MEM redisPassword:"" redisDB:3 ip:192.168.88.181 port:3306 charset:utf8 redisPort:6379]
SELECT BO_No, BO_OrderNo , BO_User , BO_Issue  , BO_LotteryTypeGroup, BO_LotteryType, BO_Mode, BO_LotteryPlayGroup, BO_LotteryPlay , BO_LotteryContent, BO_Price, BO_RealPrice, BO_Unit, BO_Multiple , BO_BetCount  , BO_Winnings, BO_Winnings2, BO_Winnings3, BO_WinningLimit  , BO_Water , BO_BW_SourceUserId, BO_BW_BackWater, BO_BW_LimitBetCount, BO_BW_MaxAmount, BO_BW_AuditMultiple  , BO_Odds, BO_Odds2, BO_Odds3 , BO_Type, BO_Chase , BO_OpenResult, BO_OpenResult2, BO_DateDraw, BO_DateDraw2, BO_DateUpdate  FROM TS_BetOrder  WHERE BO_Cancel = 0   AND BO_CancelBackend = 0   AND BO_LotteryTypeGroup = 2 AND BO_LotteryType = 27 AND BO_Issue = 20200102273 AND BO_Collect = 0 ORDER BY BO_DateDraw ASC, BO_DateCreate ASC, BO_DateUpdate ASC, BO_No ASC ;
[2020-01-02 13:36:01] LottteryTypeGroup 2 
[2020-01-02 13:36:01] 有期號 但無注單 -------> map[amount:0 bonus:0 thisOpenResult:[5 7 4 0 6]] 
[GIN] 2020/01/02 - 13:36:01 | 200 |    3.993399ms |  192.168.66.115 | POST     /getResult
[2020-01-02 13:36:01] LottteryTypeGroup 2 
[2020-01-02 13:36:01] 有期號 但無注單 -------> map[amount:0 bonus:0 thisOpenResult:[8 0 0 7 4]] 
[GIN] 2020/01/02 - 13:36:01 | 200 |    3.985443ms |  192.168.66.115 | POST     /getResult
[2020-01-02 13:36:01] 自開彩開獎  {202001020816 4 40 true} 
ConfigData  map[port:3306 password:1qaz!QAZ database:FA_MEM redisIp:192.168.88.119 redisPassword:"" redisDB:3 ip:192.168.88.181 poolname:FA_MEM user:fa_db charset:utf8 redisPort:6379]
SqlString  SELECT RTP,Amount,Bonus  FROM M_RtpSetting  WHERE Sid = 1   AND State = 1   AND LTG_Code = 4 AND Gid = 40
sqlResult   map[result: count:0 state:0]
[2020-01-02 13:36:01] rtpData ------->   map[state:0 result: count:0] 
[GIN] 2020/01/02 - 13:36:01 | 200 |    2.233002ms |  192.168.66.115 | POST     /getResult
[2020-01-02 13:36:02] 自開彩開獎  {202001020816 1 34 true} 
ConfigData  map[redisPort:6379 redisPassword:"" redisDB:3 port:3306 user:fa_db password:1qaz!QAZ database:FA_MEM ip:192.168.88.181 poolname:FA_MEM charset:utf8 redisIp:192.168.88.119]
SqlString  SELECT RTP,Amount,Bonus  FROM M_RtpSetting  WHERE Sid = 1   AND State = 1   AND LTG_Code = 1 AND Gid = 34
sqlResult   map[state:0 result: count:0]
[2020-01-02 13:36:02] rtpData ------->   map[result: count:0 state:0] 
[GIN] 2020/01/02 - 13:36:02 | 200 |    2.483967ms |  192.168.66.115 | POST     /getResult
[2020-01-02 13:36:02] 自開彩開獎  {202001020816 5 38 true} 
ConfigData  map[redisIp:192.168.88.119 poolname:FA_MEM port:3306 password:1qaz!QAZ database:FA_MEM charset:utf8 ip:192.168.88.181 user:fa_db redisPort:6379 redisPassword:"" redisDB:3]
SqlString  SELECT RTP,Amount,Bonus  FROM M_RtpSetting  WHERE Sid = 1   AND State = 1   AND LTG_Code = 5 AND Gid = 38
sqlResult   map[result: count:0 state:0]
[2020-01-02 13:36:02] rtpData ------->   map[state:0 result: count:0] 
[GIN] 2020/01/02 - 13:36:02 | 200 |    3.236381ms |  192.168.66.115 | POST     /getResult
[2020-01-02 13:36:03] 自開彩開獎  {202001020272 4 41 true} 
ConfigData  map[database:FA_MEM charset:utf8 redisIp:192.168.88.119 ip:192.168.88.181 poolname:FA_MEM port:3306 user:fa_db password:1qaz!QAZ redisPort:6379 redisDB:3 redisPassword:""]
SqlString  SELECT RTP,Amount,Bonus  FROM M_RtpSetting  WHERE Sid = 1   AND State = 1   AND LTG_Code = 4 AND Gid = 41
sqlResult   map[count:0 state:0 result:]
[2020-01-02 13:36:03] rtpData ------->   map[result: count:0 state:0] 
[GIN] 2020/01/02 - 13:36:03 | 200 |    2.894205ms |  192.168.66.115 | POST     /getResult
[2020-01-02 13:36:05] 自開彩開獎  {202001020272 1 35 true} 
ConfigData  map[redisPort:6379 redisPassword:"" redisDB:3 ip:192.168.88.181 poolname:FA_MEM port:3306 user:fa_db password:1qaz!QAZ database:FA_MEM charset:utf8 redisIp:192.168.88.119]
SqlString  SELECT RTP,Amount,Bonus  FROM M_RtpSetting  WHERE Sid = 1   AND State = 1   AND LTG_Code = 1 AND Gid = 35
sqlResult   map[state:0 result: count:0]
[2020-01-02 13:36:05] rtpData ------->   map[count:0 state:0 result:] 
[GIN] 2020/01/02 - 13:36:05 | 200 |    4.389733ms |  192.168.66.115 | POST     /getResult
[2020-01-02 13:36:06] 自開彩開獎  {202001020817 6 36 true} 
ConfigData  map[poolname:FA_MEM charset:utf8 redisPassword:"" redisDB:3 ip:192.168.88.181 user:fa_db password:1qaz!QAZ database:FA_MEM redisIp:192.168.88.119 redisPort:6379 port:3306]
SqlString  SELECT RTP,Amount,Bonus  FROM M_RtpSetting  WHERE Sid = 1   AND State = 1   AND LTG_Code = 6 AND Gid = 36
[2020-01-02 13:36:06] 自開彩開獎  {202001020273 6 37 true} 
ConfigData  map[port:3306 password:1qaz!QAZ charset:utf8 redisIp:192.168.88.119 redisPort:6379 redisDB:3 poolname:FA_MEM user:fa_db database:FA_MEM redisPassword:"" ip:192.168.88.181]
SqlString  SELECT RTP,Amount,Bonus  FROM M_RtpSetting  WHERE Sid = 1   AND State = 1   AND LTG_Code = 6 AND Gid = 37
sqlResult   map[result: count:0 state:0]
[2020-01-02 13:36:06] rtpData ------->   map[result: count:0 state:0] 
sqlResult   map[result: count:0 state:0]
[2020-01-02 13:36:06] rtpData ------->   map[result: count:0 state:0] 
[GIN] 2020/01/02 - 13:36:06 | 200 |     2.26908ms |  192.168.66.115 | POST     /getResult
[GIN] 2020/01/02 - 13:36:06 | 200 |    2.457755ms |  192.168.66.115 | POST     /getResult
[2020-01-02 13:36:07] 自開彩開獎  {202001020817 4 40 true} 
ConfigData  map[poolname:FA_MEM port:3306 user:fa_db redisIp:192.168.88.119 redisDB:3 ip:192.168.88.181 password:1qaz!QAZ database:FA_MEM charset:utf8 redisPort:6379 redisPassword:""]
SqlString  SELECT RTP,Amount,Bonus  FROM M_RtpSetting  WHERE Sid = 1   AND State = 1   AND LTG_Code = 4 AND Gid = 40
sqlResult   map[result: count:0 state:0]
[2020-01-02 13:36:07] rtpData ------->   map[result: count:0 state:0] 
[GIN] 2020/01/02 - 13:36:07 | 200 |    2.299155ms |  192.168.66.115 | POST     /getResult
[2020-01-02 13:36:08] 自開彩開獎  {202001020817 1 34 true} 
ConfigData  map[ip:192.168.88.181 poolname:FA_MEM port:3306 redisIp:192.168.88.119 redisDB:3 user:fa_db password:1qaz!QAZ database:FA_MEM charset:utf8 redisPort:6379 redisPassword:""]
SqlString  SELECT RTP,Amount,Bonus  FROM M_RtpSetting  WHERE Sid = 1   AND State = 1   AND LTG_Code = 1 AND Gid = 34
sqlResult   map[result: count:0 state:0]
[2020-01-02 13:36:08] rtpData ------->   map[result: count:0 state:0] 
[GIN] 2020/01/02 - 13:36:08 | 200 |    2.061449ms |  192.168.66.115 | POST     /getResult
[2020-01-02 13:36:08] 自開彩開獎  {202001020817 5 38 true} 
ConfigData  map[redisIp:192.168.88.119 user:fa_db poolname:FA_MEM port:3306 password:1qaz!QAZ database:FA_MEM charset:utf8 redisPort:6379 redisPassword:"" ip:192.168.88.181 redisDB:3]
SqlString  SELECT RTP,Amount,Bonus  FROM M_RtpSetting  WHERE Sid = 1   AND State = 1   AND LTG_Code = 5 AND Gid = 38
sqlResult   map[state:0 result: count:0]
[2020-01-02 13:36:08] rtpData ------->   map[result: count:0 state:0] 
[GIN] 2020/01/02 - 13:36:08 | 200 |    3.401967ms |  192.168.66.115 | POST     /getResult
[2020-01-02 13:36:09] 自開彩開獎  {202001020273 4 41 true} 
ConfigData  map[poolname:FA_MEM user:fa_db password:1qaz!QAZ charset:utf8 ip:192.168.88.181 port:3306 database:FA_MEM redisIp:192.168.88.119 redisPort:6379 redisPassword:"" redisDB:3]
SqlString  SELECT RTP,Amount,Bonus  FROM M_RtpSetting  WHERE Sid = 1   AND State = 1   AND LTG_Code = 4 AND Gid = 41
sqlResult   map[result: count:0 state:0]
[2020-01-02 13:36:09] rtpData ------->   map[result: count:0 state:0] 
[GIN] 2020/01/02 - 13:36:09 | 200 |    2.134881ms |  192.168.66.115 | POST     /getResult
[2020-01-02 13:36:11] 自開彩開獎  {202001020273 1 35 true} 
ConfigData  map[database:FA_MEM redisPort:6379 redisIp:192.168.88.119 redisPassword:"" ip:192.168.88.181 poolname:FA_MEM port:3306 user:fa_db password:1qaz!QAZ charset:utf8 redisDB:3]
SqlString  SELECT RTP,Amount,Bonus  FROM M_RtpSetting  WHERE Sid = 1   AND State = 1   AND LTG_Code = 1 AND Gid = 35
sqlResult   map[result: count:0 state:0]
[2020-01-02 13:36:11] rtpData ------->   map[result: count:0 state:0] 
[GIN] 2020/01/02 - 13:36:11 | 200 |    2.178522ms |  192.168.66.115 | POST     /getResult
[2020-01-02 13:36:12] 自開彩開獎  {202001020273 6 37 true} 
ConfigData  map[poolname:FA_MEM user:fa_db redisDB:3 ip:192.168.88.181 port:3306 password:1qaz!QAZ database:FA_MEM charset:utf8 redisIp:192.168.88.119 redisPort:6379 redisPassword:""]
SqlString  SELECT RTP,Amount,Bonus  FROM M_RtpSetting  WHERE Sid = 1   AND State = 1   AND LTG_Code = 6 AND Gid = 37
[2020-01-02 13:36:12] 自開彩開獎  {202001020817 6 36 true} 
ConfigData  map[poolname:FA_MEM redisIp:192.168.88.119 redisDB:3 ip:192.168.88.181 port:3306 user:fa_db password:1qaz!QAZ database:FA_MEM charset:utf8 redisPort:6379 redisPassword:""]
SqlString  SELECT RTP,Amount,Bonus  FROM M_RtpSetting  WHERE Sid = 1   AND State = 1   AND LTG_Code = 6 AND Gid = 36
sqlResult   map[result: count:0 state:0]
[2020-01-02 13:36:12] rtpData ------->   map[result: count:0 state:0] 
sqlResult   map[result: count:0 state:0]
[2020-01-02 13:36:12] rtpData ------->   map[result: count:0 state:0] 
[GIN] 2020/01/02 - 13:36:12 | 200 |    2.729553ms |  192.168.66.115 | POST     /getResult
[GIN] 2020/01/02 - 13:36:12 | 200 |    2.794612ms |  192.168.66.115 | POST     /getResult
[2020-01-02 13:36:13] 自開彩開獎  {202001020817 4 40 true} 
ConfigData  map[ip:192.168.88.181 poolname:FA_MEM redisPort:6379 redisDB:3 redisIp:192.168.88.119 redisPassword:"" port:3306 user:fa_db password:1qaz!QAZ database:FA_MEM charset:utf8]
SqlString  SELECT RTP,Amount,Bonus  FROM M_RtpSetting  WHERE Sid = 1   AND State = 1   AND LTG_Code = 4 AND Gid = 40
sqlResult   map[result: count:0 state:0]
[2020-01-02 13:36:13] rtpData ------->   map[state:0 result: count:0] 
[GIN] 2020/01/02 - 13:36:13 | 200 |    2.465383ms |  192.168.66.115 | POST     /getResult
[2020-01-02 13:36:14] 自開彩開獎  {202001020817 1 34 true} 
ConfigData  map[database:FA_MEM redisIp:192.168.88.119 redisPassword:"" ip:192.168.88.181 poolname:FA_MEM user:fa_db redisPort:6379 redisDB:3 port:3306 password:1qaz!QAZ charset:utf8]
SqlString  SELECT RTP,Amount,Bonus  FROM M_RtpSetting  WHERE Sid = 1   AND State = 1   AND LTG_Code = 1 AND Gid = 34
sqlResult   map[result: count:0 state:0]
[2020-01-02 13:36:14] rtpData ------->   map[count:0 state:0 result:] 
[GIN] 2020/01/02 - 13:36:14 | 200 |    2.258308ms |  192.168.66.115 | POST     /getResult
[2020-01-02 13:36:14] 自開彩開獎  {202001020817 5 38 true} 
ConfigData  map[ip:192.168.88.181 port:3306 database:FA_MEM redisPort:6379 redisPassword:"" redisDB:3 poolname:FA_MEM user:fa_db password:1qaz!QAZ charset:utf8 redisIp:192.168.88.119]
SqlString  SELECT RTP,Amount,Bonus  FROM M_RtpSetting  WHERE Sid = 1   AND State = 1   AND LTG_Code = 5 AND Gid = 38
sqlResult   map[result: count:0 state:0]
[2020-01-02 13:36:14] rtpData ------->   map[result: count:0 state:0] 
[GIN] 2020/01/02 - 13:36:14 | 200 |     2.68109ms |  192.168.66.115 | POST     /getResult
[2020-01-02 13:36:15] 自開彩開獎  {202001020273 4 41 true} 
ConfigData  map[ip:192.168.88.181 password:1qaz!QAZ redisPassword:"" redisDB:3 redisPort:6379 poolname:FA_MEM port:3306 user:fa_db database:FA_MEM charset:utf8 redisIp:192.168.88.119]
SqlString  SELECT RTP,Amount,Bonus  FROM M_RtpSetting  WHERE Sid = 1   AND State = 1   AND LTG_Code = 4 AND Gid = 41
sqlResult   map[result: count:0 state:0]
[2020-01-02 13:36:15] rtpData ------->   map[result: count:0 state:0] 
[GIN] 2020/01/02 - 13:36:15 | 200 |    2.275614ms |  192.168.66.115 | POST     /getResult
[2020-01-02 13:36:17] 自開彩開獎  {202001020273 1 35 true} 
ConfigData  map[password:1qaz!QAZ database:FA_MEM redisPort:6379 redisPassword:"" redisDB:3 port:3306 poolname:FA_MEM user:fa_db charset:utf8 redisIp:192.168.88.119 ip:192.168.88.181]
SqlString  SELECT RTP,Amount,Bonus  FROM M_RtpSetting  WHERE Sid = 1   AND State = 1   AND LTG_Code = 1 AND Gid = 35
sqlResult   map[result: count:0 state:0]
[2020-01-02 13:36:17] rtpData ------->   map[result: count:0 state:0] 
[GIN] 2020/01/02 - 13:36:17 | 200 |    2.312308ms |  192.168.66.115 | POST     /getResult
[2020-01-02 13:36:18] 自開彩開獎  {202001020273 6 37 true} 
ConfigData  map[password:1qaz!QAZ database:FA_MEM redisPort:6379 redisPassword:"" redisDB:3 ip:192.168.88.181 poolname:FA_MEM port:3306 user:fa_db charset:utf8 redisIp:192.168.88.119]
SqlString  SELECT RTP,Amount,Bonus  FROM M_RtpSetting  WHERE Sid = 1   AND State = 1   AND LTG_Code = 6 AND Gid = 37
[2020-01-02 13:36:18] 自開彩開獎  {202001020817 6 36 true} 
ConfigData  map[database:FA_MEM redisIp:192.168.88.119 redisPort:6379 redisDB:3 ip:192.168.88.181 poolname:FA_MEM port:3306 user:fa_db password:1qaz!QAZ charset:utf8 redisPassword:""]
SqlString  SELECT RTP,Amount,Bonus  FROM M_RtpSetting  WHERE Sid = 1   AND State = 1   AND LTG_Code = 6 AND Gid = 36
sqlResult   map[result: count:0 state:0]
[2020-01-02 13:36:18] rtpData ------->   map[result: count:0 state:0] 
sqlResult   map[state:0 result: count:0]
[2020-01-02 13:36:18] rtpData ------->   map[result: count:0 state:0] 
[GIN] 2020/01/02 - 13:36:18 | 200 |    2.529956ms |  192.168.66.115 | POST     /getResult
[GIN] 2020/01/02 - 13:36:18 | 200 |    2.405159ms |  192.168.66.115 | POST     /getResult
[2020-01-02 13:36:20] 自開彩開獎  {202001020817 4 40 true} 
ConfigData  map[redisPassword:"" redisDB:3 poolname:FA_MEM port:3306 password:1qaz!QAZ charset:utf8 redisIp:192.168.88.119 ip:192.168.88.181 user:fa_db database:FA_MEM redisPort:6379]
SqlString  SELECT RTP,Amount,Bonus  FROM M_RtpSetting  WHERE Sid = 1   AND State = 1   AND LTG_Code = 4 AND Gid = 40
sqlResult   map[result: count:0 state:0]
[2020-01-02 13:36:20] rtpData ------->   map[result: count:0 state:0] 
[GIN] 2020/01/02 - 13:36:20 | 200 |    2.730739ms |  192.168.66.115 | POST     /getResult
[2020-01-02 13:36:20] 自開彩開獎  {202001020817 1 34 true} 
ConfigData  map[ip:192.168.88.181 poolname:FA_MEM port:3306 user:fa_db database:FA_MEM redisIp:192.168.88.119 redisPort:6379 redisPassword:"" password:1qaz!QAZ charset:utf8 redisDB:3]
SqlString  SELECT RTP,Amount,Bonus  FROM M_RtpSetting  WHERE Sid = 1   AND State = 1   AND LTG_Code = 1 AND Gid = 34
sqlResult   map[result: count:0 state:0]
[2020-01-02 13:36:20] rtpData ------->   map[result: count:0 state:0] 
[GIN] 2020/01/02 - 13:36:20 | 200 |    2.380692ms |  192.168.66.115 | POST     /getResult
[2020-01-02 13:36:20] 自開彩開獎  {202001020817 5 38 true} 
ConfigData  map[password:1qaz!QAZ database:FA_MEM charset:utf8 ip:192.168.88.181 poolname:FA_MEM user:fa_db redisPassword:"" redisDB:3 port:3306 redisIp:192.168.88.119 redisPort:6379]
SqlString  SELECT RTP,Amount,Bonus  FROM M_RtpSetting  WHERE Sid = 1   AND State = 1   AND LTG_Code = 5 AND Gid = 38
sqlResult   map[result: count:0 state:0]
[2020-01-02 13:36:20] rtpData ------->   map[result: count:0 state:0] 
[GIN] 2020/01/02 - 13:36:20 | 200 |    2.922853ms |  192.168.66.115 | POST     /getResult
[2020-01-02 13:36:21] 自開彩開獎  {202001020273 4 41 true} 
ConfigData  map[ip:192.168.88.181 poolname:FA_MEM port:3306 user:fa_db password:1qaz!QAZ charset:utf8 database:FA_MEM redisIp:192.168.88.119 redisPort:6379 redisPassword:"" redisDB:3]
SqlString  SELECT RTP,Amount,Bonus  FROM M_RtpSetting  WHERE Sid = 1   AND State = 1   AND LTG_Code = 4 AND Gid = 41
sqlResult   map[count:0 state:0 result:]
[2020-01-02 13:36:21] rtpData ------->   map[result: count:0 state:0] 
[GIN] 2020/01/02 - 13:36:21 | 200 |    2.684977ms |  192.168.66.115 | POST     /getResult
[2020-01-02 13:36:23] 自開彩開獎  {202001020273 1 35 true} 
ConfigData  map[redisIp:192.168.88.119 redisPort:6379 redisDB:3 ip:192.168.88.181 database:FA_MEM user:fa_db password:1qaz!QAZ charset:utf8 redisPassword:"" poolname:FA_MEM port:3306]
SqlString  SELECT RTP,Amount,Bonus  FROM M_RtpSetting  WHERE Sid = 1   AND State = 1   AND LTG_Code = 1 AND Gid = 35
sqlResult   map[result: count:0 state:0]
[2020-01-02 13:36:23] rtpData ------->   map[state:0 result: count:0] 
[GIN] 2020/01/02 - 13:36:23 | 200 |    2.472336ms |  192.168.66.115 | POST     /getResult
[2020-01-02 13:36:24] 自開彩開獎  {202001020273 6 37 true} 
ConfigData  map[port:3306 password:1qaz!QAZ database:FA_MEM charset:utf8 redisPort:6379 redisPassword:"" ip:192.168.88.181 poolname:FA_MEM user:fa_db redisIp:192.168.88.119 redisDB:3]
SqlString  SELECT RTP,Amount,Bonus  FROM M_RtpSetting  WHERE Sid = 1   AND State = 1   AND LTG_Code = 6 AND Gid = 37
[2020-01-02 13:36:24] 自開彩開獎  {202001020817 6 36 true} 
ConfigData  map[redisDB:3 ip:192.168.88.181 redisIp:192.168.88.119 redisPort:6379 redisPassword:"" database:FA_MEM charset:utf8 poolname:FA_MEM port:3306 user:fa_db password:1qaz!QAZ]
SqlString  SELECT RTP,Amount,Bonus  FROM M_RtpSetting  WHERE Sid = 1   AND State = 1   AND LTG_Code = 6 AND Gid = 36
sqlResult   map[state:0 result: count:0]
[2020-01-02 13:36:24] rtpData ------->   map[result: count:0 state:0] 
[GIN] 2020/01/02 - 13:36:24 | 200 |    2.729546ms |  192.168.66.115 | POST     /getResult
sqlResult   map[result: count:0 state:0]
[2020-01-02 13:36:24] rtpData ------->   map[result: count:0 state:0] 
[GIN] 2020/01/02 - 13:36:24 | 200 |    2.685598ms |  192.168.66.115 | POST     /getResult
[2020-01-02 13:36:26] 自開彩開獎  {202001020817 4 40 true} 
ConfigData  map[ip:192.168.88.181 poolname:FA_MEM port:3306 user:fa_db password:1qaz!QAZ database:FA_MEM redisIp:192.168.88.119 redisPort:6379 redisPassword:"" redisDB:3 charset:utf8]
SqlString  SELECT RTP,Amount,Bonus  FROM M_RtpSetting  WHERE Sid = 1   AND State = 1   AND LTG_Code = 4 AND Gid = 40
sqlResult   map[result: count:0 state:0]
[2020-01-02 13:36:26] rtpData ------->   map[result: count:0 state:0] 
[GIN] 2020/01/02 - 13:36:26 | 200 |    2.565708ms |  192.168.66.115 | POST     /getResult
[2020-01-02 13:36:26] 自開彩開獎  {202001020817 1 34 true} 
ConfigData  map[user:fa_db password:1qaz!QAZ charset:utf8 redisDB:3 ip:192.168.88.181 poolname:FA_MEM redisIp:192.168.88.119 redisPort:6379 redisPassword:"" port:3306 database:FA_MEM]
SqlString  SELECT RTP,Amount,Bonus  FROM M_RtpSetting  WHERE Sid = 1   AND State = 1   AND LTG_Code = 1 AND Gid = 34
sqlResult   map[result: count:0 state:0]
[2020-01-02 13:36:26] rtpData ------->   map[result: count:0 state:0] 
[GIN] 2020/01/02 - 13:36:26 | 200 |    2.363234ms |  192.168.66.115 | POST     /getResult
[2020-01-02 13:36:26] 自開彩開獎  {202001020817 5 38 true} 
ConfigData  map[password:1qaz!QAZ redisIp:192.168.88.119 redisPort:6379 redisPassword:"" ip:192.168.88.181 poolname:FA_MEM port:3306 user:fa_db database:FA_MEM charset:utf8 redisDB:3]
SqlString  SELECT RTP,Amount,Bonus  FROM M_RtpSetting  WHERE Sid = 1   AND State = 1   AND LTG_Code = 5 AND Gid = 38
sqlResult   map[result: count:0 state:0]
[2020-01-02 13:36:26] rtpData ------->   map[result: count:0 state:0] 
[GIN] 2020/01/02 - 13:36:26 | 200 |    2.817335ms |  192.168.66.115 | POST     /getResult
[2020-01-02 13:36:27] 自開彩開獎  {202001020273 4 41 true} 
ConfigData  map[poolname:FA_MEM redisIp:192.168.88.119 redisPassword:"" password:1qaz!QAZ database:FA_MEM charset:utf8 redisPort:6379 redisDB:3 ip:192.168.88.181 port:3306 user:fa_db]
SqlString  SELECT RTP,Amount,Bonus  FROM M_RtpSetting  WHERE Sid = 1   AND State = 1   AND LTG_Code = 4 AND Gid = 41
sqlResult   map[result: count:0 state:0]
[2020-01-02 13:36:27] rtpData ------->   map[result: count:0 state:0] 
[GIN] 2020/01/02 - 13:36:27 | 200 |    2.892506ms |  192.168.66.115 | POST     /getResult
[2020-01-02 13:36:29] 自開彩開獎  {202001020273 1 35 true} 
ConfigData  map[redisPort:6379 redisDB:3 poolname:FA_MEM password:1qaz!QAZ redisIp:192.168.88.119 database:FA_MEM charset:utf8 redisPassword:"" ip:192.168.88.181 port:3306 user:fa_db]
SqlString  SELECT RTP,Amount,Bonus  FROM M_RtpSetting  WHERE Sid = 1   AND State = 1   AND LTG_Code = 1 AND Gid = 35
sqlResult   map[result: count:0 state:0]
[2020-01-02 13:36:29] rtpData ------->   map[result: count:0 state:0] 
[GIN] 2020/01/02 - 13:36:29 | 200 |     2.70963ms |  192.168.66.115 | POST     /getResult
[2020-01-02 13:36:30] 自開彩開獎  {202001020273 6 37 true} 
ConfigData  map[redisPassword:"" ip:192.168.88.181 port:3306 user:fa_db redisPort:6379 redisIp:192.168.88.119 redisDB:3 poolname:FA_MEM password:1qaz!QAZ database:FA_MEM charset:utf8]
SqlString  SELECT RTP,Amount,Bonus  FROM M_RtpSetting  WHERE Sid = 1   AND State = 1   AND LTG_Code = 6 AND Gid = 37
[2020-01-02 13:36:30] 自開彩開獎  {202001020817 6 36 true} 
ConfigData  map[user:fa_db password:1qaz!QAZ database:FA_MEM charset:utf8 redisIp:192.168.88.119 redisPassword:"" ip:192.168.88.181 poolname:FA_MEM port:3306 redisPort:6379 redisDB:3]
SqlString  SELECT RTP,Amount,Bonus  FROM M_RtpSetting  WHERE Sid = 1   AND State = 1   AND LTG_Code = 6 AND Gid = 36
sqlResult   map[result: count:0 state:0]
[2020-01-02 13:36:30] rtpData ------->   map[state:0 result: count:0] 
[GIN] 2020/01/02 - 13:36:30 | 200 |    2.666312ms |  192.168.66.115 | POST     /getResult
sqlResult   map[result: count:0 state:0]
[2020-01-02 13:36:30] rtpData ------->   map[result: count:0 state:0] 
[GIN] 2020/01/02 - 13:36:30 | 200 |     2.78326ms |  192.168.66.115 | POST     /getResult
[2020-01-02 13:36:32] 自開彩開獎  {202001020817 4 40 true} 
ConfigData  map[redisIp:192.168.88.119 redisPort:6379 ip:192.168.88.181 poolname:FA_MEM user:fa_db charset:utf8 redisDB:3 port:3306 password:1qaz!QAZ database:FA_MEM redisPassword:""]
SqlString  SELECT RTP,Amount,Bonus  FROM M_RtpSetting  WHERE Sid = 1   AND State = 1   AND LTG_Code = 4 AND Gid = 40
sqlResult   map[count:0 state:0 result:]
[2020-01-02 13:36:32] rtpData ------->   map[result: count:0 state:0] 
[GIN] 2020/01/02 - 13:36:32 | 200 |    2.590322ms |  192.168.66.115 | POST     /getResult
[2020-01-02 13:36:32] 自開彩開獎  {202001020817 1 34 true} 
ConfigData  map[redisIp:192.168.88.119 port:3306 user:fa_db password:1qaz!QAZ charset:utf8 redisPassword:"" redisDB:3 ip:192.168.88.181 poolname:FA_MEM database:FA_MEM redisPort:6379]
SqlString  SELECT RTP,Amount,Bonus  FROM M_RtpSetting  WHERE Sid = 1   AND State = 1   AND LTG_Code = 1 AND Gid = 34
sqlResult   map[result: count:0 state:0]
[2020-01-02 13:36:32] rtpData ------->   map[result: count:0 state:0] 
[GIN] 2020/01/02 - 13:36:32 | 200 |    2.341826ms |  192.168.66.115 | POST     /getResult
[2020-01-02 13:36:32] 自開彩開獎  {202001020817 5 38 true} 
ConfigData  map[redisIp:192.168.88.119 redisPort:6379 ip:192.168.88.181 poolname:FA_MEM user:fa_db password:1qaz!QAZ database:FA_MEM port:3306 charset:utf8 redisPassword:"" redisDB:3]
SqlString  SELECT RTP,Amount,Bonus  FROM M_RtpSetting  WHERE Sid = 1   AND State = 1   AND LTG_Code = 5 AND Gid = 38
sqlResult   map[result: count:0 state:0]
[2020-01-02 13:36:33] rtpData ------->   map[result: count:0 state:0] 
[GIN] 2020/01/02 - 13:36:33 | 200 |    1.981213ms |  192.168.66.115 | POST     /getResult
[2020-01-02 13:36:33] 自開彩開獎  {202001020273 4 41 true} 
ConfigData  map[redisPort:6379 user:fa_db password:1qaz!QAZ charset:utf8 database:FA_MEM redisIp:192.168.88.119 redisPassword:"" redisDB:3 ip:192.168.88.181 poolname:FA_MEM port:3306]
SqlString  SELECT RTP,Amount,Bonus  FROM M_RtpSetting  WHERE Sid = 1   AND State = 1   AND LTG_Code = 4 AND Gid = 41
sqlResult   map[result: count:0 state:0]
[2020-01-02 13:36:33] rtpData ------->   map[result: count:0 state:0] 
[GIN] 2020/01/02 - 13:36:33 | 200 |    2.564407ms |  192.168.66.115 | POST     /getResult
[2020-01-02 13:36:35] 自開彩開獎  {202001020273 1 35 true} 
ConfigData  map[ip:192.168.88.181 poolname:FA_MEM port:3306 user:fa_db database:FA_MEM redisIp:192.168.88.119 redisPassword:"" redisDB:3 password:1qaz!QAZ charset:utf8 redisPort:6379]
SqlString  SELECT RTP,Amount,Bonus  FROM M_RtpSetting  WHERE Sid = 1   AND State = 1   AND LTG_Code = 1 AND Gid = 35
sqlResult   map[count:0 state:0 result:]
[2020-01-02 13:36:35] rtpData ------->   map[state:0 result: count:0] 
[GIN] 2020/01/02 - 13:36:35 | 200 |    2.460921ms |  192.168.66.115 | POST     /getResult
[2020-01-02 13:36:36] 自開彩開獎  {202001020273 6 37 true} 
ConfigData  map[password:1qaz!QAZ redisIp:192.168.88.119 redisPort:6379 redisPassword:"" redisDB:3 poolname:FA_MEM port:3306 user:fa_db database:FA_MEM charset:utf8 ip:192.168.88.181]
SqlString  SELECT RTP,Amount,Bonus  FROM M_RtpSetting  WHERE Sid = 1   AND State = 1   AND LTG_Code = 6 AND Gid = 37
[2020-01-02 13:36:36] 自開彩開獎  {202001020817 6 36 true} 
ConfigData  map[poolname:FA_MEM port:3306 charset:utf8 redisPort:6379 redisPassword:"" redisDB:3 ip:192.168.88.181 user:fa_db password:1qaz!QAZ database:FA_MEM redisIp:192.168.88.119]
SqlString  SELECT RTP,Amount,Bonus  FROM M_RtpSetting  WHERE Sid = 1   AND State = 1   AND LTG_Code = 6 AND Gid = 36
sqlResult   map[result: count:0 state:0]
[2020-01-02 13:36:36] rtpData ------->   map[count:0 state:0 result:] 
[GIN] 2020/01/02 - 13:36:36 | 200 |    2.606496ms |  192.168.66.115 | POST     /getResult
sqlResult   map[result: count:0 state:0]
[2020-01-02 13:36:36] rtpData ------->   map[result: count:0 state:0] 
[GIN] 2020/01/02 - 13:36:36 | 200 |    8.036415ms |  192.168.66.115 | POST     /getResult
[2020-01-02 13:36:38] 自開彩開獎  {202001020817 4 40 true} 
ConfigData  map[user:fa_db password:1qaz!QAZ database:FA_MEM charset:utf8 redisIp:192.168.88.119 redisPort:6379 redisPassword:"" ip:192.168.88.181 port:3306 redisDB:3 poolname:FA_MEM]
SqlString  SELECT RTP,Amount,Bonus  FROM M_RtpSetting  WHERE Sid = 1   AND State = 1   AND LTG_Code = 4 AND Gid = 40
sqlResult   map[count:0 state:0 result:]
[2020-01-02 13:36:38] rtpData ------->   map[result: count:0 state:0] 
[GIN] 2020/01/02 - 13:36:38 | 200 |    2.960008ms |  192.168.66.115 | POST     /getResult
[2020-01-02 13:36:38] 自開彩開獎  {202001020817 1 34 true} 
ConfigData  map[database:FA_MEM redisPassword:"" redisDB:3 user:fa_db password:1qaz!QAZ charset:utf8 redisIp:192.168.88.119 redisPort:6379 ip:192.168.88.181 poolname:FA_MEM port:3306]
SqlString  SELECT RTP,Amount,Bonus  FROM M_RtpSetting  WHERE Sid = 1   AND State = 1   AND LTG_Code = 1 AND Gid = 34
sqlResult   map[result: count:0 state:0]
[2020-01-02 13:36:38] rtpData ------->   map[result: count:0 state:0] 
[GIN] 2020/01/02 - 13:36:38 | 200 |    2.551943ms |  192.168.66.115 | POST     /getResult
[2020-01-02 13:36:39] 自開彩開獎  {202001020817 5 38 true} 
ConfigData  map[password:1qaz!QAZ database:FA_MEM charset:utf8 redisIp:192.168.88.119 redisPassword:"" redisDB:3 ip:192.168.88.181 poolname:FA_MEM port:3306 user:fa_db redisPort:6379]
SqlString  SELECT RTP,Amount,Bonus  FROM M_RtpSetting  WHERE Sid = 1   AND State = 1   AND LTG_Code = 5 AND Gid = 38
sqlResult   map[state:0 result: count:0]
[2020-01-02 13:36:39] rtpData ------->   map[result: count:0 state:0] 
[GIN] 2020/01/02 - 13:36:39 | 200 |    2.579549ms |  192.168.66.115 | POST     /getResult
[2020-01-02 13:36:39] 自開彩開獎  {202001020273 4 41 true} 
ConfigData  map[redisDB:3 poolname:FA_MEM port:3306 password:1qaz!QAZ charset:utf8 redisPort:6379 ip:192.168.88.181 user:fa_db database:FA_MEM redisIp:192.168.88.119 redisPassword:""]
SqlString  SELECT RTP,Amount,Bonus  FROM M_RtpSetting  WHERE Sid = 1   AND State = 1   AND LTG_Code = 4 AND Gid = 41
sqlResult   map[result: count:0 state:0]
[2020-01-02 13:36:39] rtpData ------->   map[result: count:0 state:0] 
[GIN] 2020/01/02 - 13:36:39 | 200 |    2.428252ms |  192.168.66.115 | POST     /getResult
[2020-01-02 13:36:41] 自開彩開獎  {202001020273 1 35 true} 
ConfigData  map[charset:utf8 redisIp:192.168.88.119 redisPort:6379 redisPassword:"" poolname:FA_MEM password:1qaz!QAZ database:FA_MEM redisDB:3 ip:192.168.88.181 port:3306 user:fa_db]
SqlString  SELECT RTP,Amount,Bonus  FROM M_RtpSetting  WHERE Sid = 1   AND State = 1   AND LTG_Code = 1 AND Gid = 35
sqlResult   map[result: count:0 state:0]
[2020-01-02 13:36:41] rtpData ------->   map[state:0 result: count:0] 
[GIN] 2020/01/02 - 13:36:41 | 200 |    2.188591ms |  192.168.66.115 | POST     /getResult
